2026-01-21 12:40:24,726 - final_problem_set.kxor_instance_n12_k2_m92_ell2_eps0.25_kappa0.875_rho0.0 - INFO - Starting iterate_quantum for /Users/julian/CodingProjects/UniT3/QuarticSpeedupK-XOR/z_Daphne/data/final_problem_set/kxor_instance_n12_k2_m92_ell2_eps0.25_kappa0.875_rho0.0.npz
2026-01-21 12:40:24,728 - final_problem_set.kxor_instance_n12_k2_m92_ell2_eps0.25_kappa0.875_rho0.0 - INFO - Loaded instance (n=12, m=92, k=2)
2026-01-21 12:40:24,728 - final_problem_set.kxor_instance_n12_k2_m92_ell2_eps0.25_kappa0.875_rho0.0 - INFO - Starting step 'ComputeKikuchiStep' (version 0.1) on problem kxor_instance_n12_k2_m92_ell2_eps0.25_kappa0.875_rho0.0 (fields={'ell': 2, 'threshold': 0.0})
2026-01-21 12:40:24,736 - final_problem_set.kxor_instance_n12_k2_m92_ell2_eps0.25_kappa0.875_rho0.0 - INFO - Finished step 'ComputeKikuchiStep' in 0.008s (success: True, problem=kxor_instance_n12_k2_m92_ell2_eps0.25_kappa0.875_rho0.0)
2026-01-21 12:40:24,736 - final_problem_set.kxor_instance_n12_k2_m92_ell2_eps0.25_kappa0.875_rho0.0 - INFO - Starting step 'ClassicalEigenvaluesStep' (version 0.1) on problem kxor_instance_n12_k2_m92_ell2_eps0.25_kappa0.875_rho0.0 (fields={'ell': 2, 'threshold': 0.0, 'kikuchi_matrix': <Dictionary Of Keys sparse matrix of dtype 'int64'
	with 1000 stored elements and shape (66, 66)>, 'num_eigenvalues': 5})
2026-01-21 12:40:24,756 - final_problem_set.kxor_instance_n12_k2_m92_ell2_eps0.25_kappa0.875_rho0.0 - INFO - Finished step 'ClassicalEigenvaluesStep' in 0.020s (success: True, problem=kxor_instance_n12_k2_m92_ell2_eps0.25_kappa0.875_rho0.0)
2026-01-21 12:40:24,756 - final_problem_set.kxor_instance_n12_k2_m92_ell2_eps0.25_kappa0.875_rho0.0 - INFO - Starting step 'KeyExtractionStep' (version 0.1) on problem kxor_instance_n12_k2_m92_ell2_eps0.25_kappa0.875_rho0.0 (fields={'ell': 2, 'threshold': 0.0, 'kikuchi_matrix': <Dictionary Of Keys sparse matrix of dtype 'int64'
	with 1000 stored elements and shape (66, 66)>, 'num_eigenvalues': 5, 'eigenvalues': array([-7.87982946, -7.31994022, -7.15959515,  7.63300209,  8.34193909]), 'eigenvectors': array([[-0.22230047, -0.10117668,  0.18437668,  0.1181246 , -0.13866007],
       [ 0.20596641, -0.15996723,  0.12352398,  0.09793467, -0.16409829],
       [-0.05403925, -0.28643954,  0.12587302, -0.23533517, -0.0614906 ],
       [ 0.21940591, -0.03069122,  0.03677082,  0.02953926,  0.11117891],
       [-0.05281394, -0.03275252,  0.2624526 , -0.1819428 ,  0.16969922],
       [ 0.15256058,  0.18803788, -0.03350938, -0.15920878, -0.06771966],
       [-0.09832495,  0.02831386, -0.18812563, -0.02249242, -0.24730878],
       [ 0.17077847, -0.24726718,  0.13420423,  0.14610831, -0.16028772],
       [ 0.13774018,  0.22064224,  0.0632013 ,  0.04872015, -0.22020781],
       [-0.13425354,  0.20323031,  0.15832868, -0.01549917, -0.19461801],
       [ 0.1178005 , -0.13576382, -0.10856176, -0.19824791, -0.10565018],
       [ 0.15662777,  0.04849154, -0.13623269,  0.09632607, -0.12166434],
       [-0.01293197, -0.04746766,  0.01658534, -0.18663339, -0.05126305],
       [ 0.14268927,  0.07302594, -0.16310933,  0.00513403,  0.09094781],
       [-0.02101452, -0.0099545 ,  0.03874795, -0.18500208,  0.13756663],
       [ 0.08872799,  0.0349936 , -0.06425964, -0.12821897, -0.05182996],
       [-0.15571708, -0.04043561,  0.07543165,  0.00847665, -0.15299407],
       [ 0.1678946 ,  0.01102128, -0.13759684,  0.18037015, -0.15014083],
       [ 0.07643382,  0.04537336, -0.05947606,  0.08338078, -0.16997441],
       [-0.0362462 ,  0.03787784,  0.03370455,  0.0273653 , -0.21257515],
       [ 0.10744409,  0.02966862, -0.1175342 , -0.15314092, -0.10640121],
       [ 0.15760759,  0.14339998, -0.00152038, -0.19177541, -0.03247384],
       [-0.14665013,  0.15345736, -0.0135191 ,  0.03125083,  0.06646778],
       [ 0.09706048, -0.04215627, -0.18340127, -0.15000784,  0.15258303],
       [-0.23512496, -0.03652232, -0.08691319, -0.11874954, -0.05868321],
       [ 0.10298224, -0.13379591,  0.18764144, -0.01237471, -0.15267872],
       [-0.03757493,  0.23302645, -0.0018959 ,  0.16822204, -0.18235812],
       [-0.21377293, -0.06299608, -0.18365171,  0.05438405, -0.21234891],
       [ 0.00203154, -0.11647219, -0.22448208, -0.00093071, -0.15787391],
       [-0.05265611,  0.19189567,  0.16975367, -0.15888857, -0.09532014],
       [ 0.10704272,  0.22101655, -0.05067421,  0.04973561, -0.02932091],
       [ 0.02531192, -0.06283024,  0.02317598,  0.27179438,  0.04594479],
       [-0.04233024,  0.13333814, -0.11294792,  0.00407804,  0.00235419],
       [-0.06262345, -0.18592775,  0.05664677, -0.15086701,  0.03204405],
       [ 0.17282178,  0.11199463,  0.02986604, -0.20418628, -0.01364374],
       [-0.04245483,  0.12987933, -0.13306951, -0.24625736,  0.0120873 ],
       [-0.08559038,  0.01977817, -0.06280476, -0.17460058,  0.0215791 ],
       [ 0.11326555,  0.12315162,  0.04395999, -0.01685143,  0.02817729],
       [ 0.07470582,  0.02083711, -0.20131432, -0.03765173, -0.07979662],
       [-0.21664933, -0.11522171, -0.00204284,  0.02834885,  0.02748398],
       [ 0.151218  , -0.08616864,  0.15740014,  0.06307356,  0.03724807],
       [-0.11316385,  0.21310736, -0.00777995,  0.04762788,  0.04646241],
       [-0.17499086, -0.12943825, -0.09514137,  0.05783028,  0.04583984],
       [ 0.04425138, -0.15110205, -0.1971241 ,  0.06995938,  0.04817575],
       [-0.07681503,  0.11533496,  0.1488552 ,  0.03687006,  0.01861667],
       [ 0.01296929,  0.01286821, -0.12821127,  0.11122711,  0.10952887],
       [-0.05744703,  0.00206102,  0.1841472 , -0.01487086,  0.19723314],
       [ 0.08757241, -0.05710306, -0.16584831, -0.17642486,  0.12689764],
       [ 0.01777013,  0.06294406, -0.14318149, -0.09205638,  0.18653098],
       [-0.04489546,  0.03684035, -0.02183441, -0.01190236,  0.17704497],
       [ 0.04743154,  0.01788877, -0.06098204,  0.16281715,  0.14394089],
       [ 0.11295902,  0.10592792,  0.04908921, -0.09030012, -0.04305475],
       [-0.2417054 ,  0.0234863 , -0.09366684, -0.0949441 , -0.07649425],
       [-0.03189394, -0.15543845,  0.02586425, -0.14873286, -0.09947949],
       [ 0.12942   , -0.11801114, -0.00934228, -0.10680791, -0.0627512 ],
       [-0.16390938, -0.00911713,  0.06539055, -0.05251754, -0.01112827],
       [ 0.07926832, -0.19274121,  0.17604091,  0.0082381 , -0.13622405],
       [ 0.10446046,  0.12620417,  0.12809292, -0.0778157 , -0.16413665],
       [-0.07085231,  0.15982859,  0.10171219, -0.08440845, -0.14172845],
       [ 0.07394228, -0.14700163, -0.04370967, -0.15315652, -0.07310682],
       [-0.22601714,  0.00780425, -0.18788215,  0.06814385, -0.14351522],
       [-0.01647244, -0.08892549, -0.23455534,  0.00790509, -0.1365947 ],
       [-0.00784565,  0.17481043,  0.14924203, -0.13323346, -0.10566619],
       [ 0.12249948, -0.10817455, -0.00132447, -0.08846193, -0.20717886],
       [-0.15261354, -0.02626323,  0.01890522, -0.1905623 , -0.08926568],
       [-0.00622248, -0.05918431, -0.12345708, -0.15003147, -0.06792315]])})
2026-01-21 12:40:24,757 - final_problem_set.kxor_instance_n12_k2_m92_ell2_eps0.25_kappa0.875_rho0.0 - INFO - Running key extraction (n=12, m=92, ell=2, phase_qubits=11)
2026-01-21 12:40:24,758 - final_problem_set.kxor_instance_n12_k2_m92_ell2_eps0.25_kappa0.875_rho0.0 - INFO - Built voting matrix V (n=12, ell=2, dtype=complex128) in 0.001s
2026-01-21 12:40:31,789 - final_problem_set.kxor_instance_n12_k2_m92_ell2_eps0.25_kappa0.875_rho0.0 - INFO - Eval: adv=0.0870 (no ground-truth z available)
2026-01-21 12:40:31,790 - final_problem_set.kxor_instance_n12_k2_m92_ell2_eps0.25_kappa0.875_rho0.0 - INFO - Key extraction complete: x_hat=11
2026-01-21 12:40:31,822 - final_problem_set.kxor_instance_n12_k2_m92_ell2_eps0.25_kappa0.875_rho0.0 - INFO - Finished step 'KeyExtractionStep' in 7.064s (success: True, problem=kxor_instance_n12_k2_m92_ell2_eps0.25_kappa0.875_rho0.0)
2026-01-21 12:40:31,822 - final_problem_set.kxor_instance_n12_k2_m92_ell2_eps0.25_kappa0.875_rho0.0 - INFO - SUCCESS: len(z_hat)=12
2026-01-21 12:40:31,822 - final_problem_set.kxor_instance_n12_k2_m92_ell2_eps0.25_kappa0.875_rho0.0 - INFO - Metrics: adv=0.08695652173913043, ham_frac=None, corr=None
2026-01-21 12:40:31,822 - final_problem_set.kxor_instance_n12_k2_m92_ell2_eps0.25_kappa0.875_rho0.0 - INFO - z_hat (full): [ 1,  1,  1,  1, -1, -1,  1,  1,  1,  1,  1,  1]
