2026-01-21 12:59:54,586 - final_problem_set.kxor_instance_n15_k2_m106_ell2_eps0.3_kappa1.0_rho0.0 - INFO - Starting iterate_quantum for /Users/julian/CodingProjects/UniT3/QuarticSpeedupK-XOR/z_Daphne/data/final_problem_set/kxor_instance_n15_k2_m106_ell2_eps0.3_kappa1.0_rho0.0.npz
2026-01-21 12:59:54,587 - final_problem_set.kxor_instance_n15_k2_m106_ell2_eps0.3_kappa1.0_rho0.0 - INFO - Loaded instance (n=15, m=106, k=2)
2026-01-21 12:59:54,587 - final_problem_set.kxor_instance_n15_k2_m106_ell2_eps0.3_kappa1.0_rho0.0 - INFO - Starting step 'ComputeKikuchiStep' (version 0.1) on problem kxor_instance_n15_k2_m106_ell2_eps0.3_kappa1.0_rho0.0 (fields={'ell': 2, 'threshold': 0.0})
2026-01-21 12:59:54,597 - final_problem_set.kxor_instance_n15_k2_m106_ell2_eps0.3_kappa1.0_rho0.0 - INFO - Finished step 'ComputeKikuchiStep' in 0.009s (success: True, problem=kxor_instance_n15_k2_m106_ell2_eps0.3_kappa1.0_rho0.0)
2026-01-21 12:59:54,597 - final_problem_set.kxor_instance_n15_k2_m106_ell2_eps0.3_kappa1.0_rho0.0 - INFO - Starting step 'ClassicalEigenvaluesStep' (version 0.1) on problem kxor_instance_n15_k2_m106_ell2_eps0.3_kappa1.0_rho0.0 (fields={'ell': 2, 'threshold': 0.0, 'kikuchi_matrix': <Dictionary Of Keys sparse matrix of dtype 'int64'
	with 1820 stored elements and shape (105, 105)>, 'num_eigenvalues': 5})
2026-01-21 12:59:54,633 - final_problem_set.kxor_instance_n15_k2_m106_ell2_eps0.3_kappa1.0_rho0.0 - INFO - Finished step 'ClassicalEigenvaluesStep' in 0.036s (success: True, problem=kxor_instance_n15_k2_m106_ell2_eps0.3_kappa1.0_rho0.0)
2026-01-21 12:59:54,633 - final_problem_set.kxor_instance_n15_k2_m106_ell2_eps0.3_kappa1.0_rho0.0 - INFO - Starting step 'KeyExtractionStep' (version 0.1) on problem kxor_instance_n15_k2_m106_ell2_eps0.3_kappa1.0_rho0.0 (fields={'ell': 2, 'threshold': 0.0, 'kikuchi_matrix': <Dictionary Of Keys sparse matrix of dtype 'int64'
	with 1820 stored elements and shape (105, 105)>, 'num_eigenvalues': 5, 'eigenvalues': array([-9.61609774, -8.6936488 , -8.20502019, -7.97643148,  7.91275381]), 'eigenvectors': array([[-2.18632154e-01,  1.61711632e-01,  1.75592476e-02,  4.03871418e-02,  9.31817726e-02],
       [ 1.14235906e-01,  2.22315053e-02,  1.01861752e-01, -1.77360567e-01,  5.65036634e-02],
       [ 3.62836023e-02, -1.05227645e-01,  1.26853646e-01,  1.85510594e-01,  1.14261235e-02],
       [ 1.56083870e-01, -1.65972875e-01,  1.55672588e-02,  1.17331698e-01, -4.73253543e-03],
       [-1.84708299e-01,  2.18398573e-02,  8.74250340e-02,  1.15207795e-01,  1.04884628e-02],
       [-1.33433379e-01, -1.51727407e-02, -1.23413816e-01, -1.62339732e-01, -1.33205050e-02],
       [-1.42293550e-01, -1.32711615e-01, -9.98932150e-02,  1.66990797e-02,  5.44926561e-02],
       [-3.51020234e-02, -2.60164708e-01, -2.88061266e-02, -3.94484380e-02, -9.90456905e-03],
       [-9.83215129e-02,  9.64711520e-02,  3.27170173e-02,  1.42050120e-01, -4.48682490e-02],
       [-1.63430586e-01, -1.33674984e-01,  1.55665058e-01,  1.70430534e-02, -3.00124892e-02],
       [-2.16190925e-02, -2.04459155e-01,  1.33899954e-01, -1.48811204e-01,  1.71350309e-02],
       [ 1.56644582e-01, -6.79931211e-02,  8.24520978e-02,  8.91039220e-02,  7.18313651e-02],
       [ 2.28691448e-01,  5.09590820e-02,  1.45620904e-02,  4.11581093e-02,  1.19741732e-02],
       [ 4.58901730e-02,  7.84287686e-02,  2.48282475e-01, -5.37673343e-02, -5.08801850e-02],
       [-9.62847953e-02,  1.09132124e-02, -5.88322370e-02,  1.69838786e-01,  1.50422522e-02],
       [-6.15554487e-02,  1.42786637e-01, -9.80632929e-02, -1.26193411e-01, -1.03792671e-01],
       [-9.85313936e-02,  1.78820615e-01,  6.97757669e-02, -7.44566393e-02,  2.20477318e-01],
       [ 1.39319268e-01, -1.03891736e-01, -1.89718808e-01, -8.41083375e-02,  1.01992636e-01],
       [ 1.48602178e-01, -5.95697726e-02,  6.24244681e-02,  8.80574472e-02,  1.25727382e-01],
       [ 2.10741248e-01,  2.73252352e-02,  2.90436228e-02, -9.33790168e-02, -4.81614396e-02],
       [ 8.41292615e-02,  1.89919939e-01,  8.97957078e-03, -1.67430418e-02,  1.27047720e-01],
       [ 6.05537439e-02, -1.00598523e-01, -7.15748669e-02, -1.07595676e-01,  8.01778779e-02],
       [ 1.23370719e-01,  5.90373881e-02, -2.32370196e-01, -1.65306695e-02, -4.65387548e-03],
       [ 5.08110926e-02,  1.25739819e-01, -1.70568338e-01,  1.22736795e-01, -1.91554604e-01],
       [-1.53995537e-01,  1.47043458e-01,  1.11595934e-03, -3.73325704e-02, -1.35991119e-01],
       [-2.17935182e-01,  7.76954864e-02,  1.31370453e-01,  1.86639960e-02, -7.02560811e-02],
       [-1.19040810e-01, -4.39918494e-03, -2.41206680e-01,  1.10460369e-01,  1.58344651e-01],
       [ 4.08694018e-02, -4.50092160e-02,  6.85493282e-02,  5.40940672e-02,  1.08673680e-02],
       [ 9.07040988e-02, -5.91216807e-02,  4.50298278e-02, -5.38530605e-02,  1.10897942e-01],
       [-6.24427962e-02, -3.02029583e-02, -2.92774003e-02,  1.89915683e-01,  1.36132256e-01],
       [-8.89151454e-02, -2.10228479e-02, -9.16857465e-02,  2.18577971e-02,  1.59512354e-01],
       [-5.71224246e-02, -4.83973244e-02, -4.98326280e-02,  1.14331920e-01,  7.54429525e-02],
       [-3.21179780e-03, -9.42984197e-02, -5.85860673e-03,  2.55136927e-02,  1.23524301e-02],
       [-4.46325488e-02,  1.38861420e-02, -5.91831073e-03,  1.37753124e-01, -7.26959763e-02],
       [-4.69610499e-02, -7.65711922e-02,  1.57488329e-02,  1.48528686e-01, -6.11167777e-02],
       [ 1.77028769e-03, -8.60117327e-02,  1.50999478e-02,  8.30413015e-04, -1.64951868e-01],
       [ 1.08151445e-01, -1.30645205e-02,  9.24998068e-02, -8.27377866e-02,  8.67269660e-02],
       [ 7.94617311e-02,  4.40411354e-02,  6.38570186e-02, -1.77226176e-01, -6.10626950e-02],
       [ 3.47552689e-02,  2.44269070e-02,  8.16911556e-02, -3.49871392e-02,  7.68353249e-02],
       [ 1.95338638e-02, -7.52410238e-02,  8.03426771e-02,  7.75000675e-02,  5.57725730e-02],
       [-8.17144908e-02,  9.69237811e-02, -2.31201428e-02, -1.13507238e-01,  6.81287873e-02],
       [-7.30235059e-03,  4.12655147e-02, -8.98628706e-02, -1.15153192e-01,  8.49191611e-02],
       [-3.83723859e-02,  8.84846590e-03, -8.42116894e-02, -1.49259157e-01, -3.13645760e-02],
       [ 2.28319880e-05, -7.04317341e-02, -8.28078214e-03, -8.50422623e-02,  1.37610942e-02],
       [-3.64246963e-02,  8.56791847e-02, -4.69998257e-02, -2.59291331e-02,  8.55211308e-03],
       [-6.09227295e-02,  4.63445379e-03,  2.27303511e-02, -1.35888048e-01,  1.33730457e-02],
       [-9.94089595e-03, -5.70737590e-02,  6.82271529e-02, -8.52319650e-02, -1.14369359e-01],
       [ 3.10615549e-02, -8.10243954e-02,  1.02997299e-01,  1.30076039e-01, -3.29293813e-02],
       [ 5.28012593e-02, -7.41622657e-02,  8.97576693e-02,  2.11959865e-01, -5.72709034e-02],
       [ 3.02820364e-03, -8.75220701e-03,  1.05279791e-01,  5.19524363e-02,  7.99656990e-02],
       [-1.27850312e-01,  1.31419988e-01,  1.42012127e-01, -4.88577967e-02,  2.14503640e-02],
       [-7.84789036e-02,  5.61379617e-02, -5.45418780e-02, -1.11977661e-01, -3.58652073e-02],
       [-1.28731208e-01,  7.21099641e-03, -3.86394946e-02, -5.45936857e-02,  1.55254425e-01],
       [-4.52784192e-02, -1.27552868e-01, -1.22813416e-02, -4.40890195e-02, -5.41951386e-02],
       [-5.26367133e-02,  9.10714519e-02,  3.61839798e-02,  2.30648471e-02, -1.24495298e-01],
       [-1.02914861e-01,  6.24590556e-04,  1.71332345e-01, -9.09536387e-02, -8.16560630e-02],
       [-3.26005333e-02, -7.62976299e-02,  1.27077274e-01, -1.26901724e-01,  7.98165502e-02],
       [ 9.02584179e-02, -1.20315268e-01,  1.03129262e-02,  9.73175233e-02,  1.99887296e-01],
       [ 1.46650267e-01, -9.93410302e-02, -7.02219499e-02,  1.31667056e-01,  5.15301385e-02],
       [ 6.79851639e-02, -1.29603893e-02,  1.81325407e-01, -1.54091280e-02, -1.04671215e-01],
       [ 1.71229136e-01,  9.05716484e-03, -1.37281500e-02,  5.41308902e-02,  7.80436055e-02],
       [ 1.38191659e-01,  1.00330414e-01,  5.74743835e-03, -1.58456618e-01,  1.34156590e-01],
       [ 4.79731511e-02,  1.85429120e-01,  3.07221302e-02, -6.83919478e-02, -5.19982856e-02],
       [ 5.73753777e-02, -5.64468454e-02, -9.56548863e-02, -1.23049287e-01, -1.11901541e-01],
       [ 7.98335924e-02,  8.27237779e-02, -1.66334068e-01, -9.32652146e-02, -6.43659581e-02],
       [ 9.10321992e-03,  1.31369528e-01, -6.60442667e-02,  8.38364490e-02, -6.66343669e-02],
       [-1.43324525e-01,  5.12187086e-02,  5.85804776e-02, -1.34377886e-03,  1.73725585e-01],
       [-1.64588834e-01, -2.39036777e-02,  1.42520179e-01,  1.21792305e-01, -3.77054246e-02],
       [-8.36734847e-02, -7.02827473e-02, -1.74049676e-01,  1.15456032e-01, -1.46283427e-02],
       [ 1.00722977e-01,  1.02254640e-01,  1.02877989e-01,  1.20623533e-01,  1.52512895e-01],
       [ 1.44501214e-02,  1.45585851e-01,  1.01793583e-03,  5.85655372e-02, -7.11219024e-02],
       [ 8.56527279e-02, -5.02869142e-02,  2.08466772e-02, -2.90494026e-02, -1.55267083e-01],
       [ 1.19463095e-01,  9.54045850e-02, -6.06993058e-02,  1.02961624e-01, -7.67354377e-02],
       [ 1.51671383e-02,  1.16396001e-01, -1.06854987e-01,  1.02921452e-01, -2.69812552e-02],
       [-8.99714973e-02,  7.44731435e-03, -8.69754691e-02, -1.32932598e-01,  2.29240932e-01],
       [-1.69436668e-01, -7.05806494e-02, -7.63379391e-02, -2.02803262e-01, -1.09131482e-02],
       [-2.46436797e-02, -4.45963227e-02, -1.49088150e-01, -8.98105225e-03, -5.91072728e-02],
       [-2.06920191e-02,  1.29275241e-01,  2.93971597e-02,  3.51472081e-02,  5.90819606e-02],
       [ 9.62092634e-02,  4.97810840e-04, -6.33095945e-03, -1.36512916e-01, -1.10573124e-02],
       [ 8.15321591e-02,  1.17417123e-01, -1.38916525e-02, -6.71093796e-02, -3.14711571e-02],
       [-1.40152482e-02,  1.26978972e-01, -1.93893572e-02,  6.95337625e-02, -1.97393146e-01],
       [-1.17061560e-01, -6.97835801e-02, -7.20339047e-02, -4.14112628e-02, -7.16744331e-03],
       [-1.29097470e-01, -1.48431687e-01, -8.35450277e-02,  2.32243074e-02, -7.86320036e-02],
       [-1.25495561e-02, -7.47957101e-02, -1.10638403e-01, -5.15318414e-03,  1.35955631e-01],
       [ 3.90850029e-02,  9.38592835e-02, -5.17337540e-03, -4.39561578e-02, -2.84375903e-02],
       [ 7.78669165e-03,  1.02942152e-01,  7.19098467e-02, -3.56844006e-02, -2.74079555e-02],
       [-2.16621500e-02,  2.05638897e-02,  4.39692400e-02, -1.17850284e-02,  9.72395157e-02],
       [-4.40691329e-02, -1.75533080e-01, -2.13514068e-02, -6.55332051e-02,  5.34870606e-02],
       [-1.75839659e-03, -2.21090224e-01, -6.93234001e-02, -8.53030261e-03,  5.93355073e-02],
       [ 1.22953199e-02, -7.84775266e-02,  1.98092815e-02, -4.51503960e-02, -6.04273008e-02],
       [ 6.07569690e-02,  2.03950047e-02, -1.30109203e-01, -9.74910449e-02,  1.73418457e-02],
       [ 2.31045591e-02,  5.79089869e-02, -7.55781971e-02,  2.06517907e-02,  1.93099314e-01],
       [-9.49998105e-02,  1.06806090e-01,  9.60656548e-03,  6.42731864e-02,  2.68766880e-03],
       [-1.12784881e-01,  5.29993301e-02,  9.08582390e-02,  1.50913473e-01,  9.08455866e-02],
       [-5.65917322e-02,  5.60448445e-03, -1.02558039e-01,  8.58992806e-02, -1.19627247e-01],
       [-7.22363352e-03,  6.43096308e-02, -1.02342658e-02,  5.45736453e-02,  9.79942366e-02],
       [-1.27702109e-01, -7.13344259e-02,  1.19916797e-01, -6.98780750e-02, -1.52093115e-02],
       [-1.07074188e-01, -1.23779092e-01,  1.53266338e-01,  3.86526246e-02,  3.39476863e-02],
       [-6.20361369e-02, -1.05124470e-01, -9.28418944e-02,  5.70020364e-02, -6.84796834e-02],
       [-2.32575641e-02, -1.43033778e-01,  1.10908577e-01, -1.42180175e-01, -2.92331066e-01],
       [ 1.17785255e-02, -1.62264478e-01,  8.89166404e-02, -1.22607916e-01, -1.99541424e-02],
       [ 9.90150954e-03, -9.51037255e-02,  4.21033503e-04, -3.03531687e-02,  1.03751082e-01],
       [ 2.01392949e-01, -1.01061903e-03,  1.46978170e-02,  1.36659811e-01, -1.37326178e-01],
       [ 4.11201910e-02,  4.27949910e-02,  1.84898018e-01, -3.83238729e-02,  1.76098863e-01],
       [ 7.86929938e-02,  1.07482091e-01,  2.41459959e-01, -3.29383139e-02,  6.53709386e-02]])})
2026-01-21 12:59:54,634 - final_problem_set.kxor_instance_n15_k2_m106_ell2_eps0.3_kappa1.0_rho0.0 - INFO - Running key extraction (n=15, m=106, ell=2, phase_qubits=11)
2026-01-21 12:59:54,635 - final_problem_set.kxor_instance_n15_k2_m106_ell2_eps0.3_kappa1.0_rho0.0 - INFO - Built voting matrix V (n=15, ell=2, dtype=complex128) in 0.001s
2026-01-21 12:59:57,139 - final_problem_set.kxor_instance_n15_k2_m106_ell2_eps0.3_kappa1.0_rho0.0 - INFO - Eval: adv=0.2264 (no ground-truth z available)
2026-01-21 12:59:57,140 - final_problem_set.kxor_instance_n15_k2_m106_ell2_eps0.3_kappa1.0_rho0.0 - INFO - Key extraction complete: x_hat=7
2026-01-21 12:59:57,167 - final_problem_set.kxor_instance_n15_k2_m106_ell2_eps0.3_kappa1.0_rho0.0 - INFO - Finished step 'KeyExtractionStep' in 2.533s (success: True, problem=kxor_instance_n15_k2_m106_ell2_eps0.3_kappa1.0_rho0.0)
2026-01-21 12:59:57,167 - final_problem_set.kxor_instance_n15_k2_m106_ell2_eps0.3_kappa1.0_rho0.0 - INFO - SUCCESS: len(z_hat)=15
2026-01-21 12:59:57,167 - final_problem_set.kxor_instance_n15_k2_m106_ell2_eps0.3_kappa1.0_rho0.0 - INFO - Metrics: adv=0.22641509433962265, ham_frac=None, corr=None
2026-01-21 12:59:57,168 - final_problem_set.kxor_instance_n15_k2_m106_ell2_eps0.3_kappa1.0_rho0.0 - INFO - z_hat (full): [ 1,  1,  1,  1,  1,  1,  1,  1, -1, -1, -1, -1,  1, -1,  1]
