2026-01-21 13:00:04,693 - final_problem_set.kxor_instance_n15_k2_m106_ell2_eps0.3_kappa1.0_rho0.8 - INFO - Starting iterate_quantum for /Users/julian/CodingProjects/UniT3/QuarticSpeedupK-XOR/z_Daphne/data/final_problem_set/kxor_instance_n15_k2_m106_ell2_eps0.3_kappa1.0_rho0.8.npz
2026-01-21 13:00:04,694 - final_problem_set.kxor_instance_n15_k2_m106_ell2_eps0.3_kappa1.0_rho0.8 - INFO - Loaded instance (n=15, m=106, k=2)
2026-01-21 13:00:04,694 - final_problem_set.kxor_instance_n15_k2_m106_ell2_eps0.3_kappa1.0_rho0.8 - INFO - Starting step 'ComputeKikuchiStep' (version 0.1) on problem kxor_instance_n15_k2_m106_ell2_eps0.3_kappa1.0_rho0.8 (fields={'ell': 2, 'threshold': 0.0})
2026-01-21 13:00:04,704 - final_problem_set.kxor_instance_n15_k2_m106_ell2_eps0.3_kappa1.0_rho0.8 - INFO - Finished step 'ComputeKikuchiStep' in 0.009s (success: True, problem=kxor_instance_n15_k2_m106_ell2_eps0.3_kappa1.0_rho0.8)
2026-01-21 13:00:04,704 - final_problem_set.kxor_instance_n15_k2_m106_ell2_eps0.3_kappa1.0_rho0.8 - INFO - Starting step 'ClassicalEigenvaluesStep' (version 0.1) on problem kxor_instance_n15_k2_m106_ell2_eps0.3_kappa1.0_rho0.8 (fields={'ell': 2, 'threshold': 0.0, 'kikuchi_matrix': <Dictionary Of Keys sparse matrix of dtype 'int64'
	with 1820 stored elements and shape (105, 105)>, 'num_eigenvalues': 5})
2026-01-21 13:00:04,734 - final_problem_set.kxor_instance_n15_k2_m106_ell2_eps0.3_kappa1.0_rho0.8 - INFO - Finished step 'ClassicalEigenvaluesStep' in 0.030s (success: True, problem=kxor_instance_n15_k2_m106_ell2_eps0.3_kappa1.0_rho0.8)
2026-01-21 13:00:04,734 - final_problem_set.kxor_instance_n15_k2_m106_ell2_eps0.3_kappa1.0_rho0.8 - INFO - Starting step 'KeyExtractionStep' (version 0.1) on problem kxor_instance_n15_k2_m106_ell2_eps0.3_kappa1.0_rho0.8 (fields={'ell': 2, 'threshold': 0.0, 'kikuchi_matrix': <Dictionary Of Keys sparse matrix of dtype 'int64'
	with 1820 stored elements and shape (105, 105)>, 'num_eigenvalues': 5, 'eigenvalues': array([-8.06066149,  8.88647991,  9.4991237 ,  9.93167336, 13.80306575]), 'eigenvectors': array([[ 6.67237561e-02,  1.29509383e-01,  5.76872710e-02, -8.70172973e-02, -4.48786485e-02],
       [ 1.12646588e-02, -1.96003214e-01, -2.01146039e-02,  1.44220188e-02,  8.21331488e-02],
       [ 7.57853363e-02,  1.04386127e-01,  4.83771033e-02,  8.23902660e-02, -4.36939923e-02],
       [ 1.44954589e-02,  5.88558388e-02, -2.96563050e-02,  8.65258229e-02, -2.55567785e-02],
       [-6.66497430e-02, -1.43705076e-01,  5.60205399e-02,  1.55763419e-02,  4.24785021e-02],
       [ 8.03006173e-02,  1.92873459e-01, -3.40151277e-02,  4.31802117e-02, -6.01320905e-02],
       [ 2.77892401e-03, -1.96040343e-01, -2.23260917e-02, -1.55942176e-03,  6.72928207e-02],
       [-6.90945195e-02, -9.04241665e-02,  8.25358928e-02,  5.19151667e-02,  4.88766928e-02],
       [-8.32408609e-03, -1.81492755e-01,  7.79581309e-03,  4.99460279e-02,  7.35941935e-02],
       [ 8.11132630e-02,  1.91008023e-01,  5.49051356e-02,  2.57851833e-02, -6.16190933e-02],
       [ 2.32335739e-02,  2.45291869e-01, -6.02869798e-03, -1.88633081e-03, -7.57696099e-02],
       [-1.12008898e-01,  9.86159551e-02, -4.44110280e-02,  4.22728761e-02, -7.85294097e-02],
       [ 8.98793963e-02, -2.83587997e-01, -4.63048608e-03, -1.77565880e-03,  9.31132508e-02],
       [ 9.15915195e-02, -2.64015767e-01, -2.56892127e-02,  8.26646863e-03,  6.68415849e-02],
       [-1.98732308e-02,  5.66765521e-02, -1.37131764e-01,  1.68225240e-01,  7.19202071e-02],
       [-1.83099823e-03, -4.84250475e-02,  1.48138888e-01, -3.56144132e-03, -5.28159352e-02],
       [ 3.92809905e-02, -2.10905188e-02,  1.02445861e-02,  3.15683584e-02, -3.49839426e-02],
       [-9.76890222e-03, -4.87779878e-02,  1.54374628e-02,  1.28032363e-01,  5.53623461e-02],
       [-1.19878164e-01,  3.00980640e-02,  4.12958611e-02, -8.80801108e-02, -9.17101799e-02],
       [-5.41293027e-02,  2.39829306e-02, -1.09922477e-01,  1.31233166e-01,  6.52777125e-02],
       [ 7.54117130e-02,  4.79140506e-02,  2.21661556e-02,  1.55147135e-01,  4.96432174e-02],
       [-4.36313670e-02,  3.82452393e-02, -9.50282268e-02,  1.76498518e-01,  6.71930603e-02],
       [-1.27287776e-01, -2.25725775e-02,  1.65109625e-01, -1.12269548e-01, -6.17632497e-02],
       [ 1.12125285e-02, -1.75109956e-02,  1.31555887e-01, -2.01176312e-01, -9.59210847e-02],
       [ 5.12567403e-02, -1.24955283e-01,  5.79452590e-02, -9.80732940e-02, -7.74826940e-02],
       [-2.79972906e-02,  2.41817222e-02, -1.41603628e-01,  1.90673506e-01,  8.80552560e-02],
       [-1.62622005e-02, -3.11020955e-02, -1.48235826e-01,  1.77131781e-01,  7.69775391e-02],
       [-5.20398652e-02,  7.43682864e-02, -1.09315431e-01, -1.27415953e-01,  7.38407602e-02],
       [-2.90528414e-02,  3.78096110e-02,  4.83138981e-02, -1.52508200e-01,  5.19145648e-02],
       [ 3.61461950e-02,  5.62326440e-02, -1.19935921e-01, -5.91569914e-02, -9.87793232e-02],
       [ 9.47238899e-03,  1.30926893e-03,  7.53335904e-02, -7.48248353e-02,  1.41068249e-01],
       [ 1.30546840e-02, -8.37233116e-02,  8.55330894e-02, -3.00306877e-02, -1.34702429e-01],
       [ 6.73269243e-04, -9.99233556e-02, -1.31648952e-01, -1.03688611e-01, -7.74973724e-02],
       [ 2.66358271e-02, -1.12255492e-01,  2.25254124e-02, -1.02132638e-01, -1.22539150e-01],
       [ 9.03138732e-03,  5.27732481e-02, -1.68667586e-01, -1.37646683e-02,  1.18540859e-01],
       [-2.59696403e-02,  7.34171202e-02, -3.42420383e-02,  3.98203083e-02,  1.54801447e-01],
       [ 4.91009659e-02,  2.05642035e-01,  3.60967497e-02, -3.52805470e-02,  1.15963670e-01],
       [-3.23526874e-02, -9.47588724e-02,  4.93057914e-02, -3.23198213e-02, -1.64361879e-01],
       [-3.27071450e-02,  1.90715356e-02,  9.68164720e-02, -5.07591296e-02, -1.49546569e-01],
       [ 1.58849632e-01, -8.23912776e-03, -7.69267536e-03,  1.30031533e-01, -2.26287616e-02],
       [-9.25431987e-02, -3.44691049e-02,  2.60346058e-02, -8.07612792e-02,  5.95121557e-02],
       [-2.18207207e-01, -2.71213174e-04,  3.30409069e-02,  1.64438834e-01, -6.55070726e-02],
       [-1.26674619e-01,  4.10399302e-02, -1.18341273e-01, -1.30887847e-01,  7.18686510e-02],
       [ 1.10508139e-01,  7.88063295e-02,  4.38716456e-02, -3.90560587e-02,  5.79876821e-02],
       [-1.23623197e-01,  8.04036219e-02, -8.76598517e-02, -8.68604582e-02,  7.87965994e-02],
       [-2.09800039e-01, -2.00342843e-02,  1.42655193e-01,  1.41093213e-01, -6.19671110e-02],
       [ 7.75132724e-02, -4.52284282e-02,  1.05853463e-01,  1.72500782e-01, -9.44939725e-02],
       [-3.81132680e-02, -9.79874284e-02,  3.45119103e-02,  1.33526809e-01, -6.41022701e-02],
       [ 2.57586685e-02,  5.31793437e-02, -1.14885928e-01, -1.75944141e-01,  8.81827043e-02],
       [ 4.52438251e-02,  1.76317391e-03, -1.30754597e-01, -1.48171663e-01,  7.95982719e-02],
       [-1.49017966e-01, -2.18466298e-02,  6.96579980e-02, -8.59247983e-02,  2.87219098e-02],
       [-1.30274108e-01,  4.36100393e-03, -5.88929695e-02,  1.51446128e-01, -3.41406269e-02],
       [-1.11342112e-01,  7.77516847e-03,  3.40002521e-02, -1.37760931e-01,  4.05588223e-02],
       [ 4.48836716e-02,  3.49421646e-02,  8.04919265e-02, -6.12004086e-02,  3.03784563e-02],
       [-8.87082149e-02,  4.39554491e-02,  6.01658905e-02, -1.11068128e-01,  5.57483373e-02],
       [-1.19931076e-01,  2.06698365e-03, -2.60925534e-02,  1.43886155e-01, -3.60575566e-02],
       [ 9.24513804e-02, -1.09050174e-02, -7.26523049e-02,  1.84419122e-01, -5.51365774e-02],
       [-1.16510043e-01, -3.29186019e-02, -5.73501849e-02,  1.28200997e-01, -3.26137735e-02],
       [ 7.65891224e-02,  1.81088034e-02,  6.86433285e-02, -1.90485064e-01,  4.71594531e-02],
       [ 1.09094938e-01, -1.76497321e-02,  4.29812771e-02, -1.71893748e-01,  5.63979949e-02],
       [ 1.95910384e-01, -9.56487165e-02,  1.58624393e-01, -1.50909792e-02,  7.04111291e-02],
       [ 1.13531218e-01,  8.27975225e-02, -9.83971640e-02, -3.97776373e-02, -8.23753489e-02],
       [-8.99126952e-02,  1.16190255e-02, -1.47079310e-01, -7.30268304e-02, -4.61154631e-02],
       [ 1.11812862e-01,  5.82136153e-02, -1.42796132e-01, -9.61521874e-02, -8.52239113e-02],
       [ 1.95064548e-01, -9.61219863e-02,  3.63654848e-02,  3.76469153e-03,  8.87775647e-02],
       [-7.49831639e-02, -1.16375002e-01,  1.72819583e-01,  5.41513536e-02,  1.05847928e-01],
       [ 4.09288155e-02,  3.65572078e-03,  1.32668250e-01, -3.72374763e-03,  7.41604472e-02],
       [-2.59918165e-02,  1.09880126e-01, -1.61942090e-01, -4.55781925e-02, -1.00069204e-01],
       [-4.23080510e-02,  1.40099631e-01, -1.17985374e-01, -5.28071717e-02, -9.16583454e-02],
       [ 8.43108005e-02, -4.70504343e-02,  4.25044975e-02, -7.14883178e-02,  1.05573154e-01],
       [ 6.04795978e-02,  3.12495642e-02,  2.10952878e-01,  3.02594826e-02,  7.45934509e-02],
       [ 1.01168702e-01, -5.92459712e-03,  1.06597404e-01, -6.09042960e-03,  1.11161104e-01],
       [-2.19398041e-02,  8.46685688e-02,  4.73141058e-02,  1.48303544e-01, -1.34987476e-01],
       [-1.05138502e-01,  7.11580142e-02, -1.25145579e-01,  9.83861481e-02, -1.34330022e-01],
       [ 2.67546118e-01, -7.23967174e-02, -1.25993882e-01,  1.13278068e-01, -1.01208743e-01],
       [-1.90121556e-01, -6.70312156e-02,  1.19101120e-01, -1.09686554e-01,  1.44439474e-01],
       [-1.98866273e-01, -1.34619778e-01,  5.71700249e-02, -8.02681636e-02,  1.31114916e-01],
       [-2.09978334e-02, -7.21913605e-02, -1.18688566e-01, -9.42504520e-02, -7.94786425e-02],
       [ 7.81918537e-02, -6.37326964e-02,  2.80654264e-02, -8.54190430e-02, -1.21854719e-01],
       [ 7.67986988e-02, -4.89306908e-03, -1.45741607e-01, -3.85513559e-02,  1.01927073e-01],
       [-8.53160609e-02,  3.03756044e-03, -3.60098170e-02,  1.20881800e-02,  1.32427375e-01],
       [ 1.08300275e-01,  1.35103418e-01,  2.25534673e-02, -4.14760189e-02,  1.01630464e-01],
       [-7.50932277e-02, -1.47043687e-02,  5.06996930e-02, -1.87091111e-03, -1.41347907e-01],
       [-8.15294859e-02,  7.03992310e-02,  9.02178251e-02, -1.70540030e-02, -1.27291054e-01],
       [-3.21200199e-02, -7.75406835e-02, -1.46976583e-01, -1.20872065e-01, -6.57368363e-02],
       [ 5.34868194e-02,  6.75859787e-02,  4.71770581e-02,  6.65137104e-02,  9.18530811e-02],
       [ 4.52796375e-02,  7.22372387e-02,  1.82670239e-01,  1.11258378e-01,  8.51554463e-02],
       [-1.42020349e-01,  1.29433522e-01,  1.43782417e-01,  3.70357491e-02,  6.29944265e-02],
       [ 9.89937374e-02, -9.20198040e-02, -1.88834776e-01, -1.13076412e-01, -9.26466275e-02],
       [ 1.06075716e-01, -1.97299444e-02, -1.47128359e-01, -1.25624192e-01, -9.96201594e-02],
       [ 1.00142729e-01,  4.78595102e-02, -1.32271204e-01,  3.87711078e-02,  1.27214849e-01],
       [-8.60020154e-02,  5.25641067e-02,  2.61676120e-02,  1.04349822e-01,  1.38256335e-01],
       [ 9.22752827e-02,  1.80592549e-01,  6.59359930e-02,  1.09929306e-02,  1.06132124e-01],
       [-6.12621407e-02, -7.25630110e-02, -1.71515130e-02, -1.01454572e-01, -1.49457557e-01],
       [-7.59889042e-02,  2.70586096e-02,  3.25134253e-02, -1.11053520e-01, -1.35383758e-01],
       [-9.74754340e-02,  1.63714160e-02,  1.46936154e-01,  4.18131879e-02, -1.36338821e-01],
       [ 2.57497179e-01, -1.17444845e-01,  4.51108415e-02,  7.58529348e-02, -1.05579168e-01],
       [-1.85299832e-01, -1.04725143e-02, -1.68760234e-01, -5.30859229e-02,  1.43684694e-01],
       [-1.94830817e-01, -8.97732715e-02, -1.93496983e-01, -3.39240270e-02,  1.27207242e-01],
       [-5.50770078e-02, -1.65819218e-01, -8.50290050e-02,  6.03877491e-02, -1.28975702e-01],
       [ 3.66294632e-02, -3.88370666e-03,  1.49179400e-02,  9.49832167e-03,  1.85060314e-01],
       [ 4.60333001e-02, -1.15995935e-01, -4.98249871e-02,  3.44183242e-02,  1.66179554e-01],
       [ 5.58465936e-02,  2.16379273e-01,  8.65613079e-02, -7.52273716e-02,  1.53666126e-01],
       [ 2.27162010e-02,  1.00399900e-01,  2.72668974e-02, -5.26364097e-02,  1.59717206e-01],
       [-2.42445647e-02,  1.18846183e-01,  7.15781271e-02, -2.52445816e-02, -1.72793607e-01]])})
2026-01-21 13:00:04,735 - final_problem_set.kxor_instance_n15_k2_m106_ell2_eps0.3_kappa1.0_rho0.8 - INFO - Running key extraction (n=15, m=106, ell=2, phase_qubits=11)
2026-01-21 13:00:04,736 - final_problem_set.kxor_instance_n15_k2_m106_ell2_eps0.3_kappa1.0_rho0.8 - INFO - Built voting matrix V (n=15, ell=2, dtype=complex128) in 0.001s
2026-01-21 13:00:07,416 - final_problem_set.kxor_instance_n15_k2_m106_ell2_eps0.3_kappa1.0_rho0.8 - INFO - Eval: adv=-0.0755, hamming=6/15 (0.400), corr=0.200
2026-01-21 13:00:07,417 - final_problem_set.kxor_instance_n15_k2_m106_ell2_eps0.3_kappa1.0_rho0.8 - INFO - Key extraction complete: x_hat=4
2026-01-21 13:00:07,441 - final_problem_set.kxor_instance_n15_k2_m106_ell2_eps0.3_kappa1.0_rho0.8 - INFO - Finished step 'KeyExtractionStep' in 2.706s (success: True, problem=kxor_instance_n15_k2_m106_ell2_eps0.3_kappa1.0_rho0.8)
2026-01-21 13:00:07,441 - final_problem_set.kxor_instance_n15_k2_m106_ell2_eps0.3_kappa1.0_rho0.8 - INFO - SUCCESS: len(z_hat)=15
2026-01-21 13:00:07,441 - final_problem_set.kxor_instance_n15_k2_m106_ell2_eps0.3_kappa1.0_rho0.8 - INFO - Metrics: adv=-0.07547169811320754, ham_frac=0.4, corr=0.2
2026-01-21 13:00:07,442 - final_problem_set.kxor_instance_n15_k2_m106_ell2_eps0.3_kappa1.0_rho0.8 - INFO - z_hat (full): [ 1,  1,  1, -1,  1,  1, -1,  1, -1, -1, -1, -1,  1,  1,  1]
