2026-01-21 13:06:40,484 - final_problem_set.kxor_instance_n16_k2_m116_ell2_eps0.3_kappa1.0_rho0.4 - INFO - Starting iterate_quantum for /Users/julian/CodingProjects/UniT3/QuarticSpeedupK-XOR/z_Daphne/data/final_problem_set/kxor_instance_n16_k2_m116_ell2_eps0.3_kappa1.0_rho0.4.npz
2026-01-21 13:06:40,486 - final_problem_set.kxor_instance_n16_k2_m116_ell2_eps0.3_kappa1.0_rho0.4 - INFO - Loaded instance (n=16, m=116, k=2)
2026-01-21 13:06:40,486 - final_problem_set.kxor_instance_n16_k2_m116_ell2_eps0.3_kappa1.0_rho0.4 - INFO - Starting step 'ComputeKikuchiStep' (version 0.1) on problem kxor_instance_n16_k2_m116_ell2_eps0.3_kappa1.0_rho0.4 (fields={'ell': 2, 'threshold': 0.0})
2026-01-21 13:06:40,497 - final_problem_set.kxor_instance_n16_k2_m116_ell2_eps0.3_kappa1.0_rho0.4 - INFO - Finished step 'ComputeKikuchiStep' in 0.011s (success: True, problem=kxor_instance_n16_k2_m116_ell2_eps0.3_kappa1.0_rho0.4)
2026-01-21 13:06:40,497 - final_problem_set.kxor_instance_n16_k2_m116_ell2_eps0.3_kappa1.0_rho0.4 - INFO - Starting step 'ClassicalEigenvaluesStep' (version 0.1) on problem kxor_instance_n16_k2_m116_ell2_eps0.3_kappa1.0_rho0.4 (fields={'ell': 2, 'threshold': 0.0, 'kikuchi_matrix': <Dictionary Of Keys sparse matrix of dtype 'int64'
	with 1932 stored elements and shape (120, 120)>, 'num_eigenvalues': 5})
2026-01-21 13:06:40,551 - final_problem_set.kxor_instance_n16_k2_m116_ell2_eps0.3_kappa1.0_rho0.4 - INFO - Finished step 'ClassicalEigenvaluesStep' in 0.054s (success: True, problem=kxor_instance_n16_k2_m116_ell2_eps0.3_kappa1.0_rho0.4)
2026-01-21 13:06:40,551 - final_problem_set.kxor_instance_n16_k2_m116_ell2_eps0.3_kappa1.0_rho0.4 - INFO - Starting step 'KeyExtractionStep' (version 0.1) on problem kxor_instance_n16_k2_m116_ell2_eps0.3_kappa1.0_rho0.4 (fields={'ell': 2, 'threshold': 0.0, 'kikuchi_matrix': <Dictionary Of Keys sparse matrix of dtype 'int64'
	with 1932 stored elements and shape (120, 120)>, 'num_eigenvalues': 5, 'eigenvalues': array([-9.00658194, -8.73072234,  7.62983906,  7.9188388 ,  8.59306573]), 'eigenvectors': array([[ 1.61355132e-01, -7.49221302e-02, -2.17562491e-02,  1.43855890e-01,  8.51131782e-02],
       [-8.45649659e-02,  1.96757048e-02,  1.00244719e-02, -8.05215067e-03, -1.48834021e-01],
       [ 1.13693434e-01, -4.78801349e-02,  4.05892164e-02, -7.25109988e-02,  7.48031271e-02],
       [-6.28004933e-02, -2.25585076e-02, -7.45414110e-03, -1.01237716e-01,  2.88527511e-02],
       [ 1.99752744e-03, -1.21172871e-02,  3.03645502e-03, -3.37357414e-02,  1.58796977e-01],
       [ 7.57570352e-02, -8.70888567e-02, -1.82319913e-02,  8.34671250e-02, -1.08691477e-01],
       [-2.51555936e-02, -1.42885783e-03, -1.78505627e-02, -2.26695525e-02, -1.42270545e-01],
       [ 3.48280097e-03, -6.70605812e-02,  2.51538066e-02, -7.43958300e-02,  5.92096388e-02],
       [-5.43895310e-02, -1.42830443e-02, -9.45500111e-02,  1.59800879e-01, -1.01373271e-01],
       [-1.44779303e-01,  7.02376003e-02,  9.90054585e-02, -1.03767587e-03,  7.33992208e-02],
       [-4.25503245e-02,  3.33273130e-03,  3.90375954e-02, -1.14796415e-01,  5.21757182e-02],
       [-4.57811941e-02, -3.03792149e-02,  6.48795281e-02,  6.60732175e-02,  1.78654655e-01],
       [-1.09795859e-01,  2.24251151e-02, -8.09190227e-02,  1.14712603e-01, -3.54371969e-02],
       [ 2.45107861e-02, -4.38959245e-02,  8.75247715e-03, -6.15072343e-02, -1.71430981e-01],
       [ 1.18252329e-01, -5.73016666e-02,  2.31572063e-02, -6.97549896e-02, -1.07667668e-01],
       [ 9.50894491e-02, -1.30011341e-01, -7.62124042e-02, -2.39287068e-01, -3.44645462e-02],
       [-7.73495168e-02,  1.78777973e-01, -3.76652698e-02,  7.11999107e-02,  7.11233359e-02],
       [ 2.02434081e-01, -6.12183478e-03, -1.65050673e-01,  2.80020283e-02,  3.49345651e-02],
       [-3.87021707e-02,  1.58828051e-01, -8.56976737e-02,  2.19272492e-01,  3.77557275e-02],
       [ 2.93542960e-02,  1.76182747e-01,  1.66639833e-01, -1.28113520e-01, -7.26107022e-02],
       [ 1.07628909e-01,  2.43746401e-02, -1.40325342e-01, -1.61898266e-01, -3.99955527e-02],
       [ 1.66457439e-01,  1.40106343e-01,  3.54686030e-03,  5.33967895e-02,  3.89281890e-02],
       [ 1.37020315e-01,  1.16565350e-01,  3.08219624e-02, -4.84431318e-03, -7.78603696e-02],
       [ 7.08241475e-02, -1.37487739e-01,  1.55628080e-01, -1.77124255e-02,  5.11933552e-02],
       [ 5.20752230e-02, -7.97025645e-02, -1.28195447e-01,  1.49801107e-02,  5.27530829e-02],
       [ 2.42476861e-01,  5.25883211e-02,  1.34197912e-01,  1.03894663e-01,  1.85311026e-02],
       [ 1.60471447e-01, -2.18354361e-01,  3.60179811e-02,  5.14556240e-02, -6.37872945e-02],
       [ 6.22323123e-02,  8.92242973e-02, -6.73446612e-02, -1.78670614e-01, -8.59534088e-03],
       [-3.99191535e-02,  2.49200546e-01, -2.03129325e-02, -1.37311597e-01, -3.26395538e-03],
       [ 8.75978855e-02, -1.40644393e-01,  2.24123984e-02,  3.91514449e-02, -1.29026048e-01],
       [-1.29868744e-01, -9.31938047e-03,  1.53075962e-01,  5.67020234e-02, -7.54112854e-02],
       [ 2.00682145e-02, -8.14818791e-02,  6.24182374e-02, -1.25643103e-01, -1.42717421e-01],
       [ 9.58917045e-03, -1.53457720e-01, -1.29197662e-01,  1.32916888e-02,  1.76467875e-01],
       [-7.59481683e-02, -6.60472074e-03,  1.18485928e-01,  8.89002632e-02,  9.33094368e-02],
       [-8.96448774e-02, -1.14641097e-01,  7.32215645e-03,  4.56436726e-02, -7.31738472e-02],
       [-9.94826547e-02, -5.65139227e-02, -1.16122929e-02, -1.37122958e-01,  1.39673556e-01],
       [-9.43765866e-02,  1.25129634e-01, -1.84621225e-01,  2.46398769e-02, -7.57387517e-02],
       [-4.29613960e-02,  4.19903065e-02,  9.89344493e-02,  7.95895084e-02, -1.03399334e-01],
       [-1.38654512e-01, -4.49185876e-02, -1.60882850e-01, -1.17983239e-01, -8.50314236e-02],
       [-1.10796092e-01,  1.22290313e-01,  6.24798529e-04, -1.39422776e-01,  1.08441967e-01],
       [-2.64279640e-02, -6.72097617e-02,  6.60576250e-02,  1.57179544e-01,  8.22717163e-02],
       [ 5.64158697e-02, -1.49974786e-01,  3.00756220e-02,  1.47718022e-01,  5.47767786e-02],
       [ 1.53510345e-01, -8.87937007e-03,  3.50005196e-02, -7.95744246e-02,  1.22452557e-02],
       [-1.60443855e-02,  9.00286420e-02,  4.74684793e-03, -7.36826455e-02,  1.28717873e-01],
       [ 2.08628579e-02,  1.50708869e-01, -4.61785282e-02,  8.03773021e-02, -6.74056914e-02],
       [ 8.01486965e-02,  1.61551536e-02,  8.25118602e-04,  1.90999494e-02, -1.22574757e-01],
       [ 1.25702606e-01,  1.28901707e-01,  2.92077713e-02, -5.74151723e-02,  4.18623769e-02],
       [ 1.12679845e-01,  6.50989148e-02, -7.81883447e-02,  1.07539557e-01, -6.09597081e-02],
       [ 5.30572930e-02, -1.23334672e-01,  4.08359799e-02,  6.31158110e-03,  5.29531231e-02],
       [ 2.85258154e-02, -3.77852582e-02,  4.01657888e-02, -6.34035133e-02,  2.28095741e-02],
       [ 1.97509832e-01,  1.46213835e-02, -9.34025010e-03,  1.79799442e-02,  1.25759172e-01],
       [ 1.32188741e-01, -1.99292222e-01, -7.69510115e-02,  7.68210884e-02, -1.10489617e-02],
       [ 4.43329139e-02,  8.85110121e-02,  3.16374419e-02, -2.76476269e-03, -1.37411074e-01],
       [-2.57445681e-02,  1.81721181e-01,  3.55783643e-02, -3.34832040e-03, -7.68833871e-02],
       [ 1.12598033e-02, -1.39605119e-02, -1.12064290e-01, -1.12177173e-01,  1.09297599e-02],
       [ 1.00341492e-01, -3.79889129e-02, -5.12708998e-03,  9.58684128e-02,  1.33332767e-02],
       [-2.96068879e-02, -1.65312711e-02,  1.06741921e-01,  2.45528006e-02, -9.69008167e-02],
       [ 1.11675117e-02, -4.92340625e-02,  2.17601866e-02, -6.20498201e-02,  1.50137464e-02],
       [-4.25596143e-02, -1.74207048e-02, -9.71862537e-02,  6.87513603e-02, -1.28516495e-02],
       [-1.49872716e-01, -4.31158902e-03,  2.69983917e-02, -7.50334750e-04,  6.18504478e-02],
       [-5.26066843e-02, -1.33368482e-03,  7.17545786e-02, -7.79875287e-02, -2.93358042e-02],
       [-6.25391077e-02, -3.53618591e-02, -1.05659441e-01,  1.42629394e-02,  9.78929015e-02],
       [-1.51543530e-01, -3.08704191e-02, -1.34524147e-01,  3.54409855e-02, -8.78679230e-03],
       [ 3.12867261e-02, -3.10710834e-02,  1.85976880e-01,  2.64436851e-02, -7.92352932e-02],
       [ 1.56502474e-01, -8.29168656e-03,  1.39789492e-01,  2.09940734e-02, -4.45671712e-02],
       [-1.02208843e-02,  8.42601841e-02,  1.29318878e-01,  5.26262375e-02, -1.13835850e-01],
       [ 1.19495508e-02, -6.39501248e-03, -5.94824013e-02, -1.30826799e-01, -1.94383059e-01],
       [ 8.99352091e-03,  5.59594694e-02,  1.57725607e-02, -6.05000639e-02,  8.31514525e-02],
       [ 3.19252820e-02, -2.05988400e-02, -1.00109690e-01,  1.75101370e-01, -1.27435103e-01],
       [ 2.43982236e-02, -1.11386666e-01,  2.10586972e-01,  1.83313470e-04,  1.58170881e-01],
       [ 4.75692927e-03, -1.42966510e-02, -4.55241939e-02, -1.35643726e-01,  4.71811333e-02],
       [ 2.21068710e-02, -1.25150726e-02,  8.10215434e-02,  1.71591538e-01,  1.79070908e-01],
       [-6.13691556e-03, -7.00855172e-02, -1.20359529e-01,  1.65519099e-01, -1.10496038e-01],
       [-1.05595855e-02,  4.95862761e-02,  8.60721639e-02, -1.71493006e-01, -1.34075691e-01],
       [-6.64674638e-03,  6.80063125e-02,  8.33022750e-02, -1.52348632e-01, -7.71869155e-02],
       [ 5.96752529e-02,  9.74802224e-03, -4.65100808e-02,  2.79466265e-02,  1.90990943e-01],
       [ 1.11295542e-01,  8.30129655e-02, -3.79227887e-02,  5.88640335e-02, -5.25111674e-02],
       [ 8.49236863e-02,  4.91360841e-02,  1.38385450e-01, -1.56654035e-01,  8.47130238e-02],
       [-3.05116561e-02, -1.22426151e-01, -1.10465926e-01,  1.68333812e-02, -1.22245662e-01],
       [ 8.01735143e-04, -8.22285549e-02, -4.77146609e-02,  1.08035321e-01, -8.71832890e-03],
       [ 1.45169011e-01, -3.82268842e-03,  5.29482750e-02, -7.31853398e-02, -1.92044367e-01],
       [ 1.82555888e-02, -1.86404713e-01,  1.74020804e-01, -1.12683024e-01,  3.41019809e-02],
       [ 5.26502048e-02,  7.68773439e-02, -1.66981879e-01,  6.00598974e-02,  1.75300988e-01],
       [ 6.18035922e-02,  2.22080529e-01, -1.38877579e-01,  5.84739619e-02,  1.02519389e-01],
       [ 1.10276867e-02, -1.09350103e-02,  1.60851676e-02,  3.32406906e-02, -5.45802527e-02],
       [-1.60771655e-02, -1.60179827e-02, -4.13868428e-02, -9.96462542e-02,  1.25246879e-01],
       [-8.13777110e-02, -3.21173481e-02, -1.00635720e-01,  4.60941496e-02, -2.64434605e-02],
       [-2.96547441e-02, -2.95242968e-03,  5.02928604e-02,  4.91199332e-02, -1.19337577e-01],
       [-2.40133673e-02, -9.44224698e-03, -1.58576000e-01, -6.83802988e-02, -6.35697320e-02],
       [-9.10859037e-02, -2.22185151e-02, -6.77201782e-02, -1.09578271e-01,  7.90554224e-02],
       [ 2.13805557e-02, -3.92812096e-03,  1.42305850e-01,  1.08044742e-01,  8.37507107e-02],
       [ 8.88670403e-02,  8.19794062e-03,  1.05269390e-01,  1.33864564e-01,  7.52406266e-02],
       [ 1.34982108e-02,  1.44441916e-02, -3.20524514e-02,  6.97802764e-02, -3.31818615e-02],
       [-1.37232789e-01, -1.21672245e-01,  2.31192424e-02, -1.06727105e-02,  2.75124601e-02],
       [-3.49265951e-02, -5.01654815e-02,  3.04281358e-02, -5.67477539e-02,  2.50640694e-02],
       [ 3.48253808e-02, -3.07277888e-02,  2.41466803e-02,  9.99193897e-03,  7.09766658e-02],
       [-1.12168403e-01, -1.74450917e-01, -4.72401873e-02,  4.50176936e-02, -1.58317378e-02],
       [ 4.53123986e-02,  2.90195429e-02,  1.96461820e-02,  2.98744997e-02, -6.36807252e-02],
       [ 1.54026286e-01,  1.58393459e-01, -5.86416872e-03, -1.32731003e-02, -5.51335417e-02],
       [-1.10974711e-01, -8.36589125e-02,  4.23466056e-02,  3.07314923e-04, -4.67504520e-02],
       [-3.56821256e-02, -4.60145345e-03, -8.92964103e-02,  7.17109127e-02, -1.76893736e-02],
       [-4.15231892e-02, -2.40935558e-02,  9.61230665e-02,  3.30605025e-02, -1.15766560e-01],
       [-1.60336099e-01, -5.30208441e-02,  5.44493776e-02, -3.46727709e-02,  8.34970836e-03],
       [ 1.72244303e-02,  2.10411115e-02, -3.52583003e-02, -1.01580028e-01,  1.38164192e-01],
       [ 1.30192175e-01,  3.43278431e-02, -4.95404472e-03, -5.71174148e-02,  1.03775414e-01],
       [-3.73214993e-02,  5.79758550e-02,  1.41855739e-02,  8.39047301e-03,  6.75057251e-02],
       [-2.20731929e-01, -2.12712483e-02,  7.68146885e-02, -4.26932936e-02,  2.88142260e-02],
       [-1.26092571e-01,  1.59579340e-01,  1.01310414e-01,  4.09774074e-03, -1.03435768e-02],
       [-5.00822585e-02, -8.41711660e-02, -2.03139333e-01,  3.41165648e-02, -7.40740181e-02],
       [ 2.19403605e-02, -1.73835279e-01, -1.45992673e-01,  1.74576087e-03, -6.20555596e-02],
       [-6.62149786e-02, -1.50066714e-03, -9.88801922e-02,  2.26666232e-03,  1.13659827e-01],
       [-6.18221624e-02,  6.23263972e-02, -1.29941541e-01,  3.74468303e-02,  6.69108144e-04],
       [-8.33131936e-03, -3.07990673e-02,  1.35054064e-01,  5.46589477e-02, -1.05715958e-01],
       [ 2.89883514e-02, -3.45556993e-02,  8.81919769e-02,  2.68129502e-02, -6.27323520e-02],
       [-1.88912079e-01, -6.64706726e-02,  1.30921184e-01,  8.91261143e-02, -8.34376698e-02],
       [ 4.66104733e-02, -1.52451908e-02, -1.81413686e-01, -1.19891024e-01, -6.71512692e-02],
       [ 2.10112393e-01, -2.51007141e-03, -1.10008322e-01, -9.69298868e-02, -5.29452220e-02],
       [-1.07427625e-02, -1.39510332e-01, -1.03982379e-02, -1.05700332e-01,  1.15942941e-01],
       [ 7.88336243e-02, -2.06933375e-01, -1.53073377e-02, -1.17356221e-01,  7.47869691e-02],
       [ 5.62420178e-02,  1.10270549e-01,  4.68445866e-02,  1.91120974e-01,  5.48411881e-02]])})
2026-01-21 13:06:40,552 - final_problem_set.kxor_instance_n16_k2_m116_ell2_eps0.3_kappa1.0_rho0.4 - INFO - Running key extraction (n=16, m=116, ell=2, phase_qubits=11)
2026-01-21 13:06:40,554 - final_problem_set.kxor_instance_n16_k2_m116_ell2_eps0.3_kappa1.0_rho0.4 - INFO - Built voting matrix V (n=16, ell=2, dtype=complex128) in 0.001s
2026-01-21 13:06:43,014 - final_problem_set.kxor_instance_n16_k2_m116_ell2_eps0.3_kappa1.0_rho0.4 - INFO - Eval: adv=0.2414, hamming=3/16 (0.188), corr=0.625
2026-01-21 13:06:43,014 - final_problem_set.kxor_instance_n16_k2_m116_ell2_eps0.3_kappa1.0_rho0.4 - INFO - Key extraction complete: x_hat=8
2026-01-21 13:06:43,041 - final_problem_set.kxor_instance_n16_k2_m116_ell2_eps0.3_kappa1.0_rho0.4 - INFO - Finished step 'KeyExtractionStep' in 2.489s (success: True, problem=kxor_instance_n16_k2_m116_ell2_eps0.3_kappa1.0_rho0.4)
2026-01-21 13:06:43,041 - final_problem_set.kxor_instance_n16_k2_m116_ell2_eps0.3_kappa1.0_rho0.4 - INFO - SUCCESS: len(z_hat)=16
2026-01-21 13:06:43,041 - final_problem_set.kxor_instance_n16_k2_m116_ell2_eps0.3_kappa1.0_rho0.4 - INFO - Metrics: adv=0.2413793103448276, ham_frac=0.1875, corr=0.625
2026-01-21 13:06:43,041 - final_problem_set.kxor_instance_n16_k2_m116_ell2_eps0.3_kappa1.0_rho0.4 - INFO - z_hat (full): [-1, -1,  1, -1, -1, -1,  1,  1,  1, -1, -1, -1, -1, -1,  1, -1]
