2026-01-20 11:01:08,891 - final_problem_set.kxor_instance_n21_k2_m239_ell2_eps0.2_kappa0.75_rho0.4 - INFO - Starting iteration for /Users/julian/CodingProjects/UniT3/QuarticSpeedupK-XOR/z_Daphne/data/final_problem_set/kxor_instance_n21_k2_m239_ell2_eps0.2_kappa0.75_rho0.4.npz
2026-01-20 11:01:08,892 - final_problem_set.kxor_instance_n21_k2_m239_ell2_eps0.2_kappa0.75_rho0.4 - INFO - Loaded instance (n=21, m=239, k=2)
2026-01-20 11:01:08,892 - final_problem_set.kxor_instance_n21_k2_m239_ell2_eps0.2_kappa0.75_rho0.4 - INFO - Starting step 'ComputeKikuchiStep' (version 0.1) on problem kxor_instance_n21_k2_m239_ell2_eps0.2_kappa0.75_rho0.4 (fields={'ell': 2, 'threshold': 0.0})
2026-01-20 11:01:08,923 - final_problem_set.kxor_instance_n21_k2_m239_ell2_eps0.2_kappa0.75_rho0.4 - INFO - Finished step 'ComputeKikuchiStep' in 0.031s (success: True, problem=kxor_instance_n21_k2_m239_ell2_eps0.2_kappa0.75_rho0.4)
2026-01-20 11:01:08,924 - final_problem_set.kxor_instance_n21_k2_m239_ell2_eps0.2_kappa0.75_rho0.4 - INFO - Starting step 'ClassicalEigenvaluesStep' (version 0.1) on problem kxor_instance_n21_k2_m239_ell2_eps0.2_kappa0.75_rho0.4 (fields={'ell': 2, 'threshold': 0.0, 'kikuchi_matrix': <Dictionary Of Keys sparse matrix of dtype 'int64'
	with 5358 stored elements and shape (210, 210)>, 'num_eigenvalues': 5})
2026-01-20 11:01:09,057 - final_problem_set.kxor_instance_n21_k2_m239_ell2_eps0.2_kappa0.75_rho0.4 - INFO - Finished step 'ClassicalEigenvaluesStep' in 0.134s (success: True, problem=kxor_instance_n21_k2_m239_ell2_eps0.2_kappa0.75_rho0.4)
2026-01-20 11:01:09,058 - final_problem_set.kxor_instance_n21_k2_m239_ell2_eps0.2_kappa0.75_rho0.4 - INFO - Starting step 'KeyExtractionStep' (version 0.1) on problem kxor_instance_n21_k2_m239_ell2_eps0.2_kappa0.75_rho0.4 (fields={'ell': 2, 'threshold': 0.0, 'kikuchi_matrix': <Dictionary Of Keys sparse matrix of dtype 'int64'
	with 5358 stored elements and shape (210, 210)>, 'num_eigenvalues': 5, 'eigenvalues': array([-11.0274618 , -10.7667744 , -10.38269751,  10.94368098,  11.50429972]), 'eigenvectors': array([[ 3.31078242e-02,  6.86025778e-02, -9.83752663e-02,  8.25309569e-02, -5.48199781e-02],
       [-4.07261247e-02,  1.25285312e-01,  4.45067164e-02, -6.80180300e-02,  7.63917272e-02],
       [ 1.09473354e-01, -5.42751409e-02, -5.72633201e-02,  8.76895456e-02, -3.06217449e-02],
       [ 5.72851334e-02,  6.42830449e-02, -8.09865472e-03, -5.29454020e-02, -5.31205696e-02],
       [ 3.98045528e-02, -1.00745589e-01, -5.80106583e-03,  2.41402091e-02, -1.14157328e-01],
       [ 1.47106156e-01,  8.24014337e-03, -1.11647713e-01, -5.46938171e-02,  9.71775471e-02],
       [ 4.89462023e-03,  5.38595253e-02,  5.94656214e-02, -8.33751965e-02, -2.97037972e-02],
       [-5.01966866e-02,  6.85779583e-02, -6.24534184e-02,  3.77595273e-02, -7.05670870e-02],
       [ 6.36744285e-02, -7.66317687e-02, -3.73260834e-02,  1.02448648e-01, -7.72844509e-02],
       [-1.29852398e-01, -8.85275166e-02,  4.15970546e-02, -5.25784609e-02,  5.38553366e-02],
       [-8.38968790e-02,  2.09877235e-02,  7.06845057e-02, -1.64023401e-02, -3.30688575e-02],
       [-1.08881916e-01,  2.31001529e-02,  1.11404698e-01,  4.00804398e-02,  1.70899782e-02],
       [-8.72284984e-02,  2.67183245e-02,  5.80590536e-02, -4.09835834e-02,  2.65319129e-03],
       [-1.18872523e-01,  4.18898261e-03,  7.98263146e-02,  4.81550241e-02, -5.89792275e-02],
       [-2.13134942e-02, -8.93150337e-02, -8.32430894e-02, -1.08783231e-01,  7.29720762e-02],
       [ 1.13396869e-01, -1.95575445e-02, -1.32282110e-01, -4.32392708e-02,  8.49287578e-02],
       [ 5.38546358e-02, -1.94176533e-02,  7.08893816e-02, -6.80836465e-02,  5.55347628e-02],
       [-2.90304878e-03, -1.00002859e-01,  1.97743623e-02, -5.47176192e-02, -4.73927852e-02],
       [-9.58460859e-02, -9.46826416e-02,  1.04443642e-01, -2.11840236e-02,  6.32000958e-02],
       [-9.08206332e-02,  2.53874485e-03,  1.36668886e-01,  5.04048690e-02,  4.24865927e-02],
       [ 3.55508651e-02, -3.42370539e-02, -4.57803923e-02, -5.15612832e-02,  7.39260747e-02],
       [-8.22946129e-02, -4.23836338e-02,  5.39449407e-02,  9.73977084e-02, -3.06864388e-02],
       [-1.78879583e-02, -5.84643198e-02,  2.01168475e-02, -5.69088651e-02, -4.45893854e-02],
       [-2.70433006e-02,  1.79765612e-02,  2.52400355e-02,  2.13407081e-02, -9.84946991e-02],
       [-4.36080239e-02, -8.87056070e-02,  8.65104231e-02, -4.26593066e-02,  8.07709909e-02],
       [ 4.53974661e-03, -1.02691222e-02, -4.43686562e-02, -9.29018458e-02, -2.42129713e-02],
       [ 3.79119586e-02, -6.61927243e-03,  2.20975591e-02,  1.30402298e-02, -6.90081317e-02],
       [-3.96195993e-02, -1.29070395e-02,  1.01383642e-02,  1.05760125e-01, -8.61800396e-02],
       [ 4.68223560e-02,  1.22151798e-01, -6.34435204e-02, -6.75261273e-02,  7.05900371e-02],
       [ 1.81335480e-02,  2.71599486e-02, -1.40887253e-02, -1.37003275e-02, -3.77956667e-02],
       [ 6.62621107e-02,  7.69961536e-02, -8.52990871e-02,  6.53857542e-02,  3.87995224e-03],
       [ 5.55032113e-02,  4.44380825e-02, -3.72567540e-02, -1.80874457e-02, -5.79404797e-03],
       [ 5.00457953e-02,  7.27825559e-02, -7.04034468e-02,  3.80107269e-02, -6.05065388e-02],
       [-1.49926530e-02,  4.84922065e-02,  5.55978687e-03, -6.87791322e-02,  5.07537030e-02],
       [-4.38055695e-02, -7.83613596e-02,  8.47020586e-02, -2.26391373e-02,  5.88857395e-02],
       [-1.74080733e-02, -6.81695957e-03, -2.74246332e-02, -1.07587914e-01,  7.42859865e-02],
       [-2.65698123e-02,  4.64270643e-02, -2.39943812e-02, -6.06246178e-02, -3.99454730e-02],
       [ 1.19227411e-03,  9.12551053e-02, -6.12777269e-02, -5.60245176e-02,  7.93903342e-02],
       [ 1.89784983e-02,  6.05562121e-02, -5.85096981e-02,  5.43131690e-02,  3.76904247e-02],
       [ 1.34673358e-02, -1.43537849e-01, -2.44840153e-02, -1.58194335e-01,  7.83156769e-02],
       [ 3.20153434e-02, -2.41450572e-02,  4.24115820e-02,  1.33727061e-01,  6.56202036e-02],
       [-2.50216335e-02, -7.63761785e-02, -2.68883503e-02,  7.97659481e-02,  2.11984747e-01],
       [ 5.56830559e-02, -1.59117771e-01, -2.42027991e-02, -1.69480335e-02, -1.51948312e-01],
       [ 2.00346249e-02,  5.09157968e-02,  4.80801932e-02,  1.76843022e-01,  2.94005234e-02],
       [-1.15775028e-03,  4.51166561e-02, -2.47931599e-02,  5.82666089e-02,  1.05287044e-01],
       [-1.66393928e-02, -1.29415237e-01, -5.16444959e-02, -5.33169095e-02,  1.15832780e-01],
       [-1.14907035e-01,  8.23771295e-02, -5.26949144e-02,  1.03679733e-02, -1.00902568e-01],
       [-2.38422000e-02,  8.78897079e-02,  4.58213096e-02,  6.64593685e-02,  6.52744218e-02],
       [-4.96698111e-02,  1.91392315e-01,  6.16873109e-02, -9.95767143e-02, -7.32738411e-03],
       [-3.55860500e-02,  1.09063407e-01,  2.35086040e-02,  3.23940566e-02,  6.40202306e-03],
       [-3.55095237e-02,  1.26141908e-01,  9.35537763e-03,  1.41561281e-02,  8.32824743e-02],
       [-4.30843353e-02, -4.86597108e-02, -9.36427007e-02,  7.06282566e-02, -1.05955856e-01],
       [ 2.66342120e-02, -1.77323667e-01, -5.77927883e-02, -6.18058227e-03, -1.23432676e-01],
       [ 2.32927152e-02, -5.40286160e-03,  4.54950103e-02,  8.96318987e-02, -1.20927648e-01],
       [-4.77211788e-02, -3.60200505e-02, -1.69366984e-02,  1.32684015e-01,  8.62730073e-02],
       [-1.08498341e-01,  6.81635273e-02,  2.64402651e-02,  9.01637754e-03, -1.16624200e-01],
       [-3.66386793e-02,  1.32597648e-01,  6.36434290e-02, -1.16239608e-01, -8.98603411e-02],
       [-3.09879798e-02, -2.65293997e-02, -7.39557192e-02,  1.43342136e-02, -3.51419074e-02],
       [-2.33013688e-03,  1.24247890e-01, -4.61029357e-02,  1.14435221e-01, -6.54586728e-02],
       [-1.28124244e-01,  7.63997676e-02, -7.07055844e-02, -1.23921863e-01,  4.06763512e-02],
       [ 9.07674654e-03, -8.23048852e-02, -8.06180856e-02, -2.38754616e-02, -2.79179756e-02],
       [-2.67230323e-03, -7.49506474e-02,  1.24339476e-01,  1.14726024e-01, -7.63540179e-02],
       [-3.21649235e-02,  1.00133121e-01, -3.26842540e-02,  1.62819342e-01, -5.81540499e-02],
       [ 1.31260290e-01,  1.44740317e-02,  1.21082632e-01, -1.25182577e-01,  5.53373025e-02],
       [ 7.92874193e-02, -4.37148483e-02,  1.66656753e-02,  3.26317075e-02, -3.06251970e-02],
       [ 9.84123443e-02, -9.21235398e-02,  3.19615810e-02,  4.94164099e-03,  1.42983567e-02],
       [ 6.75439313e-02, -5.56364963e-02,  2.78486533e-02, -4.25478551e-02,  1.55870829e-02],
       [ 1.00491464e-01, -8.16930885e-02,  7.68379099e-02,  1.07982809e-01, -6.29447571e-02],
       [ 2.52496602e-02,  6.46591818e-02,  1.45425797e-01, -1.22285783e-01,  3.52110664e-02],
       [-1.26839833e-01,  9.84301295e-02, -1.84136692e-02, -7.26858170e-02,  2.43065158e-02],
       [-1.57368861e-02,  1.13772120e-02, -1.17937525e-01, -8.58896094e-02,  1.75802194e-02],
       [ 5.05732978e-02,  7.77726679e-02, -2.64269198e-02, -5.38866448e-03, -2.05017382e-02],
       [ 1.74385776e-01,  5.10725004e-02,  1.46376433e-03, -6.59682368e-02,  2.42026902e-02],
       [ 1.36481688e-01, -6.30324328e-02, -6.51511459e-02,  8.30206135e-03,  1.50105750e-02],
       [-1.62980194e-02,  2.05070017e-02, -6.33890775e-02, -1.06701535e-01, -3.77601498e-02],
       [-2.54287098e-02, -6.19066631e-02, -6.29587100e-02,  1.06665264e-01,  5.38999510e-02],
       [ 2.64487552e-02, -2.23999419e-03, -1.09100779e-02, -5.44313145e-02,  6.95142629e-03],
       [ 1.25761150e-04, -2.52976287e-02,  7.77632347e-02, -1.27918874e-01, -5.96855654e-02],
       [-2.31601961e-02, -9.95753654e-03, -6.40955834e-02, -1.05096697e-01, -6.62910722e-02],
       [ 8.43685910e-03,  5.64041802e-02,  3.37951593e-02,  9.34366366e-02,  4.83079558e-02],
       [ 2.91326714e-02,  3.47429329e-02,  4.57208008e-02, -5.18943403e-02, -1.07795448e-02],
       [ 4.70630863e-02,  5.73632362e-02,  6.43874328e-02,  5.37777220e-02,  1.96494056e-02],
       [ 3.07914087e-02,  3.00054586e-02,  4.50421143e-02,  1.19212945e-02,  9.95895383e-03],
       [ 2.22236560e-02,  4.03054415e-02,  5.38175630e-02, -8.70399120e-02, -4.24486448e-02],
       [-2.17695621e-02,  1.09348699e-02,  1.20432373e-02,  7.84389871e-02,  8.06474035e-02],
       [-6.50917258e-02, -6.78518537e-02, -6.09126956e-02,  6.59596360e-02,  4.54585849e-02],
       [ 9.01795642e-03,  9.96237700e-03, -5.32090112e-02,  3.41143812e-02,  4.50027919e-02],
       [-8.49095686e-04,  3.21738725e-02, -4.74789501e-02, -4.14788034e-02, -2.76121714e-03],
       [ 3.87765907e-02,  1.06234393e-01, -5.59161941e-03,  4.29516693e-02,  2.20629100e-02],
       [ 5.57292617e-02,  6.63219217e-02,  1.27050955e-02,  4.68479220e-02,  1.65796943e-02],
       [-2.63213523e-02,  1.14830721e-01, -4.74268253e-02,  4.86247762e-02,  1.54270413e-01],
       [-9.50205451e-03, -3.66867327e-02, -4.40364968e-02, -1.40137235e-01, -9.80157928e-03],
       [-9.37703006e-03, -2.99501280e-02,  4.19830879e-02, -8.17381142e-02, -1.40493265e-01],
       [ 1.83077422e-02,  7.85017509e-02,  1.10862226e-02,  4.34310471e-03, -1.68886171e-01],
       [ 7.80024734e-02, -6.44482767e-02,  1.12937206e-01,  1.71072534e-02,  1.03332755e-01],
       [ 1.63881394e-02, -5.26692222e-02, -8.33655511e-03, -4.84458490e-02, -3.81485699e-02],
       [ 1.61426348e-02, -1.21514793e-01,  3.11994153e-02,  1.13403153e-01,  5.98351486e-02],
       [ 2.71783997e-02, -9.35382727e-02,  2.50792241e-02, -2.83836327e-02,  9.93939781e-03],
       [ 1.69071976e-02, -9.34056420e-02,  4.75144473e-02, -3.52802336e-02, -1.07845080e-01],
       [ 2.89351243e-02,  4.08766733e-02,  9.04317361e-02, -1.85469302e-02,  1.68037862e-01],
       [-1.58465533e-02,  1.29208177e-01, -1.84391269e-02,  2.33406996e-02,  1.06022951e-01],
       [-1.65091204e-02, -1.21296912e-03, -4.97180451e-02, -5.31749169e-02,  9.10839517e-02],
       [ 5.03832469e-02,  3.42937719e-02,  1.19373153e-02, -8.78721832e-02, -1.13953431e-02],
       [ 8.49093492e-02, -4.52641207e-02,  2.38118673e-02,  1.94794933e-03,  8.07793716e-02],
       [ 4.48710824e-02, -1.09595452e-01, -3.79733926e-02,  8.24960715e-02,  3.31567776e-02],
       [ 2.05953490e-02, -6.91529831e-02, -1.07054814e-01,  1.49275156e-01,  3.44352115e-02],
       [ 3.33406537e-02, -8.18952816e-02,  1.64628212e-01,  5.84904525e-02,  1.54343112e-01],
       [-5.26661314e-02,  7.71351035e-02, -4.34229207e-02, -4.45262815e-02,  1.41587503e-01],
       [ 1.46436577e-01,  9.77568975e-02,  9.62822379e-02,  1.27240545e-02, -1.09637252e-01],
       [ 8.92911742e-02, -1.07912405e-02,  2.06067698e-02,  4.99138742e-02,  5.83846522e-02],
       [ 1.48713749e-01, -2.75394679e-02,  7.30001563e-03, -9.10434414e-02, -2.48935564e-02],
       [ 1.36672419e-01, -3.67239603e-02,  3.96142888e-02,  2.68186180e-02, -3.20732002e-02],
       [ 1.14349595e-01, -8.40556542e-03,  4.25929871e-02,  1.47322438e-02,  1.37446425e-01],
       [-8.39018739e-03,  1.03397595e-01,  1.35563218e-01,  5.21616153e-02, -1.25699069e-01],
       [-1.79005975e-01,  2.50083286e-02,  1.45261158e-02, -5.44126271e-03, -1.05491486e-01],
       [-2.70498104e-02,  1.82431359e-02, -1.55723926e-01,  7.64269777e-02, -9.91430718e-02],
       [ 1.28857377e-02,  1.23329987e-01, -6.46029078e-02,  1.02032997e-01,  4.88276013e-02],
       [ 1.44494605e-01,  1.27557218e-01, -4.19213802e-02,  1.23956074e-02, -8.21009581e-02],
       [ 1.38948600e-01,  2.90753821e-03, -9.32570809e-02, -8.87394811e-02, -4.51191524e-02],
       [-1.29035737e-03,  2.71977944e-02,  1.83354667e-02, -1.42096014e-01, -1.56610391e-02],
       [-9.53706582e-03, -5.71460242e-02, -6.30652756e-02, -1.58050639e-01, -3.65818398e-02],
       [-5.24009582e-02,  2.04736096e-02,  5.20033483e-02,  1.24837832e-01,  2.31546608e-02],
       [-7.91005616e-03,  4.50575089e-02,  6.90247332e-02, -4.89051839e-02, -1.46043891e-03],
       [-1.92983041e-03,  7.24651457e-02,  1.02950209e-01,  3.11815484e-02,  9.11390932e-03],
       [-9.48167679e-03,  4.96568182e-02,  5.84356697e-02,  2.52252392e-02, -9.67107437e-04],
       [-1.58619085e-02,  5.52144752e-02,  8.43204646e-02, -1.19896209e-01, -1.50817857e-02],
       [-2.63619299e-02, -2.79478249e-02, -2.02910079e-02,  1.23573965e-01,  4.58579753e-02],
       [-1.51128923e-04, -8.63444943e-02, -1.21685334e-01,  9.21494865e-02,  2.54816200e-02],
       [ 2.08282874e-02, -4.77192367e-03, -2.91457601e-03,  7.75741176e-02,  3.10893920e-02],
       [-2.03438800e-02, -2.85704120e-02, -1.81891212e-02, -3.41205936e-02,  5.56091242e-03],
       [-3.09986102e-02,  2.35100793e-02,  6.90250043e-02,  7.75974025e-02,  1.52375883e-02],
       [ 1.73977731e-03,  6.17259209e-02,  7.81689782e-02,  2.87248860e-02,  7.04213559e-03],
       [-4.13739392e-03, -3.04699402e-02,  5.13642777e-02,  7.36081530e-03, -1.11242716e-01],
       [-3.29258023e-02,  6.98329904e-02, -1.57073581e-01,  1.08015895e-02,  7.97850506e-02],
       [-1.96078220e-02,  2.61391730e-02, -6.30061440e-02, -6.26327726e-02, -4.91296356e-02],
       [-1.36840856e-02,  7.50870389e-02, -1.27541346e-01,  9.03216886e-02,  8.79957702e-03],
       [-8.89695697e-03,  4.72454918e-02, -7.67491336e-02, -2.56967735e-02, -2.41762382e-02],
       [-2.45062631e-02,  7.33628593e-02, -1.45038608e-01, -3.38194453e-02, -5.62209267e-02],
       [-1.51181140e-02, -6.12627353e-03, -6.57855504e-02, -2.12113490e-02,  9.22269069e-02],
       [ 4.24628589e-02, -8.49884947e-02,  1.37916976e-01,  3.28955493e-02,  1.18766979e-01],
       [-4.57888068e-03, -3.05800678e-03,  4.95395847e-02, -5.30306236e-02,  1.18692781e-01],
       [-2.56439135e-02, -5.43680839e-03, -1.97738174e-03, -1.01877755e-01, -5.18744140e-02],
       [-6.98809227e-02,  3.03637997e-02, -1.00520471e-01,  1.87903372e-02,  1.29145447e-01],
       [-5.17143477e-02,  6.00643586e-02, -6.39692510e-02,  9.61698829e-02,  5.88743232e-02],
       [ 9.68802580e-02, -2.94700182e-03,  1.07875948e-01, -5.33461689e-02,  8.37829529e-02],
       [ 2.63399054e-02, -3.06911581e-02,  8.49885743e-03, -4.11710649e-02, -4.78493678e-02],
       [ 4.84768046e-02, -7.91109789e-02,  1.56512767e-02,  7.38417370e-02,  4.29711323e-02],
       [ 4.10897233e-02, -5.33710215e-02,  2.31471218e-02, -4.99819862e-02,  2.10041046e-04],
       [ 3.99247056e-02, -6.84964989e-02,  3.81021022e-02,  3.24085836e-02, -7.75541600e-02],
       [ 2.41752506e-02,  4.74214264e-02,  8.97681068e-02, -1.24670827e-01,  1.11485626e-01],
       [-5.95072933e-02,  1.09986296e-01, -7.31807075e-04, -4.07982098e-02,  1.26615010e-01],
       [-1.08340723e-02, -8.01741799e-03, -6.39702343e-02, -1.02829242e-01,  8.49264056e-02],
       [ 3.26979307e-02,  4.69469745e-02,  5.75111356e-03, -9.71857942e-02, -7.41282697e-02],
       [ 9.89217169e-02,  9.62678956e-03,  2.44933565e-02, -2.78644938e-02,  8.93040650e-02],
       [ 5.29033616e-02, -6.82844037e-02, -2.22838336e-02,  7.89501172e-02,  8.38788463e-02],
       [-9.98482307e-02, -4.57163825e-02, -6.66522655e-02,  3.93627737e-02,  3.44063490e-02],
       [-1.41434374e-01, -7.47705502e-02, -8.22548616e-02, -6.40051256e-02, -3.50649055e-02],
       [-9.13746348e-02, -2.54925080e-02, -6.00497069e-02,  3.91467413e-02, -4.50588162e-03],
       [-1.19326184e-01, -5.97254196e-02, -8.71913495e-02, -9.53609741e-03,  5.89589393e-02],
       [ 3.96095688e-02, -4.31860298e-02, -7.14434633e-02,  9.58790275e-02, -1.10458330e-01],
       [ 1.96902342e-01,  9.85590210e-02,  7.59294656e-02,  1.99697751e-02, -9.85935543e-02],
       [ 9.65397926e-03, -3.90630551e-02,  1.27369067e-01,  6.57546120e-02, -6.61274372e-02],
       [ 2.19773417e-02, -8.30413877e-02,  9.26899439e-02,  7.99463569e-02,  3.61450976e-02],
       [-9.51614486e-02, -1.60127853e-01,  2.05919579e-02,  8.86379795e-03, -7.71878874e-02],
       [-1.59067080e-01, -1.01490508e-01,  2.68438050e-02, -6.51905572e-02, -4.88342391e-02],
       [-9.14973863e-02,  2.75888674e-02,  8.88417156e-03,  3.84659778e-02,  2.28018766e-02],
       [-6.16602831e-02,  2.28088855e-02, -1.31177906e-02, -4.58381804e-03,  5.08340869e-03],
       [-7.12938176e-02,  1.27318675e-02, -1.90115969e-02, -4.04872407e-02, -3.55821262e-02],
       [-1.05589263e-02, -5.39198771e-02, -7.94079401e-02,  1.02757089e-02,  7.40435084e-02],
       [ 7.34200330e-02, -3.08590995e-02, -1.26937343e-02,  2.64330950e-02,  5.60582412e-02],
       [ 1.56994434e-02,  2.52184453e-03,  6.76713787e-02, -3.44944165e-03,  4.27204804e-02],
       [-1.25082123e-02, -5.23282840e-02,  1.13536620e-02, -3.71770278e-02, -9.92975477e-03],
       [-7.12726666e-02, -3.25291370e-02, -7.67147018e-03,  2.25652751e-02,  2.50314879e-02],
       [-5.59372047e-02,  1.92466620e-02,  3.29241776e-02,  2.69242297e-02,  2.04559326e-02],
       [-8.38330164e-02,  4.21092914e-02, -4.26589920e-03, -2.40642845e-02,  1.09088322e-02],
       [-1.27157844e-01,  4.12881188e-02, -2.23554827e-02,  7.57557223e-02,  2.18422516e-02],
       [-2.34102230e-02, -9.21344073e-02, -1.44639964e-01, -8.33483577e-02, -1.08836151e-03],
       [ 1.43145938e-01, -6.09408530e-02, -4.92035709e-02, -6.20729816e-02, -1.93128803e-02],
       [ 4.20267952e-02, -2.32058211e-02,  1.37056391e-01, -3.22410825e-02, -4.26566497e-02],
       [-3.11339240e-02, -1.13826568e-01,  4.00598702e-02,  3.99493377e-02,  2.16615643e-02],
       [-1.44385592e-01, -9.76840385e-02,  4.41778027e-02, -4.29454189e-02, -4.53856334e-02],
       [-1.59881193e-01,  3.56030568e-02,  1.34328843e-01, -3.47171819e-02, -1.30909328e-02],
       [-8.26969770e-02,  3.64663028e-02, -3.11686598e-02, -2.57483596e-02, -2.05264443e-02],
       [-1.64621833e-02, -4.35446600e-02, -8.81184049e-02,  2.46465391e-02,  1.29434535e-02],
       [ 1.16419368e-01, -5.54435828e-02, -6.88026975e-03,  1.38389264e-02, -1.64238850e-02],
       [ 1.59662798e-02, -1.72966510e-02,  8.58744884e-02,  4.40898901e-02, -2.01693672e-02],
       [-2.01694174e-02, -5.83608083e-02,  2.18654903e-02,  1.60905385e-02,  1.06165484e-02],
       [-1.01204373e-01, -4.00606191e-02,  4.63430261e-03,  3.10173563e-02, -3.29118126e-02],
       [-9.39028733e-02,  2.21342356e-02,  4.24708093e-02, -1.67251191e-02, -1.01133117e-02],
       [ 3.05090488e-03, -8.24939014e-02, -1.11559002e-01, -4.40631668e-02,  8.04106024e-02],
       [ 1.24254332e-01, -2.82417361e-02,  4.12742919e-03,  5.11035568e-03,  1.05223394e-01],
       [ 2.12036798e-02, -1.80486877e-02,  1.27448015e-01, -6.20241263e-02,  8.21949146e-02],
       [-2.26334723e-02, -9.72986891e-02,  5.56728977e-02, -8.19783582e-02, -4.55909669e-02],
       [-1.32578897e-01, -1.01687949e-01,  3.20314213e-02, -7.85942683e-03,  9.14759580e-02],
       [-1.22085027e-01,  5.07769328e-03,  7.40999241e-02,  7.40487367e-02,  5.54616920e-02],
       [ 2.52112577e-02,  1.28311176e-01,  1.64170066e-01,  2.13488971e-02, -8.37054278e-02],
       [-6.87788349e-03, -1.11512941e-02,  3.19631585e-02,  1.06370336e-01, -8.85398564e-02],
       [ 2.78445774e-02,  1.24832513e-03,  5.13291359e-02,  8.41426333e-02,  6.82804004e-02],
       [ 2.27049028e-02, -6.42942853e-02, -6.01678873e-02,  6.37828752e-02, -1.22064433e-01],
       [-2.54095310e-02, -9.47349318e-02, -7.58344922e-02, -8.29284670e-02, -5.28091355e-02],
       [-6.01866212e-02,  2.06487636e-02, -1.42500386e-01,  4.72341086e-02, -5.99725111e-02],
       [ 3.74369481e-02,  1.26662431e-01, -4.93625429e-02,  6.01418903e-02,  2.35550096e-02],
       [ 1.51322595e-01,  1.09367732e-01, -5.48423594e-02,  1.64999025e-02, -6.18299956e-02],
       [ 1.23524444e-01, -3.16596150e-02, -1.29419004e-01, -5.73356534e-02, -2.66487617e-02],
       [ 5.94909097e-03, -5.64246663e-03, -1.06629187e-02,  4.43827763e-02,  2.87825358e-02],
       [ 3.71531607e-02, -2.63913362e-02,  9.63952574e-02,  3.41568211e-02, -3.81997151e-02],
       [ 4.24837408e-02, -8.42272365e-03,  8.26239298e-02, -3.96790684e-02, -3.53569650e-02],
       [ 4.06761865e-02, -7.98742864e-02,  5.66546287e-02,  4.49778868e-02,  1.78377314e-02],
       [-1.79683841e-03, -9.99819956e-02,  1.31358468e-02,  2.45810491e-02, -2.39437750e-03],
       [-9.87441424e-02, -9.13815227e-02,  7.93241552e-02, -4.29974177e-02, -3.30297182e-02]])})
2026-01-20 11:01:09,059 - final_problem_set.kxor_instance_n21_k2_m239_ell2_eps0.2_kappa0.75_rho0.4 - INFO - Running key extraction (n=21, m=239, ell=2, phase_qubits=13)
2026-01-20 11:01:09,062 - final_problem_set.kxor_instance_n21_k2_m239_ell2_eps0.2_kappa0.75_rho0.4 - INFO - Built voting matrix V (n=21, ell=2, dtype=complex128) in 0.003s
2026-01-20 11:01:09,063 - final_problem_set.kxor_instance_n21_k2_m239_ell2_eps0.2_kappa0.75_rho0.4 - INFO - Eval: adv=0.1967, hamming=6/21 (0.286), corr=0.429
2026-01-20 11:01:09,063 - final_problem_set.kxor_instance_n21_k2_m239_ell2_eps0.2_kappa0.75_rho0.4 - INFO - Key extraction complete: x_hat=5
2026-01-20 11:01:09,063 - final_problem_set.kxor_instance_n21_k2_m239_ell2_eps0.2_kappa0.75_rho0.4 - INFO - Finished step 'KeyExtractionStep' in 0.003s (success: True, problem=kxor_instance_n21_k2_m239_ell2_eps0.2_kappa0.75_rho0.4)
2026-01-20 11:01:09,063 - final_problem_set.kxor_instance_n21_k2_m239_ell2_eps0.2_kappa0.75_rho0.4 - INFO - SUCCESS: len(z_hat)=21
2026-01-20 11:01:09,063 - final_problem_set.kxor_instance_n21_k2_m239_ell2_eps0.2_kappa0.75_rho0.4 - INFO - Metrics: adv=0.19665271966527198, ham_frac=0.2857142857142857, corr=0.42857142857142855
2026-01-20 11:01:09,063 - final_problem_set.kxor_instance_n21_k2_m239_ell2_eps0.2_kappa0.75_rho0.4 - INFO - z_hat (full): [-1, -1,  1, -1, -1, -1,  1, -1, -1, -1,  1, -1,  1,  1, -1,  1,  1,  1, -1,  1,  1]
