2026-01-20 11:02:14,135 - final_problem_set.kxor_instance_n30_k2_m235_ell2_eps0.15_kappa1.0_rho0.8 - INFO - Starting iteration for /Users/julian/CodingProjects/UniT3/QuarticSpeedupK-XOR/z_Daphne/data/final_problem_set/kxor_instance_n30_k2_m235_ell2_eps0.15_kappa1.0_rho0.8.npz
2026-01-20 11:02:14,136 - final_problem_set.kxor_instance_n30_k2_m235_ell2_eps0.15_kappa1.0_rho0.8 - INFO - Loaded instance (n=30, m=235, k=2)
2026-01-20 11:02:14,136 - final_problem_set.kxor_instance_n30_k2_m235_ell2_eps0.15_kappa1.0_rho0.8 - INFO - Starting step 'ComputeKikuchiStep' (version 0.1) on problem kxor_instance_n30_k2_m235_ell2_eps0.15_kappa1.0_rho0.8 (fields={'ell': 2, 'threshold': 0.0})
2026-01-20 11:02:14,201 - final_problem_set.kxor_instance_n30_k2_m235_ell2_eps0.15_kappa1.0_rho0.8 - INFO - Finished step 'ComputeKikuchiStep' in 0.065s (success: True, problem=kxor_instance_n30_k2_m235_ell2_eps0.15_kappa1.0_rho0.8)
2026-01-20 11:02:14,201 - final_problem_set.kxor_instance_n30_k2_m235_ell2_eps0.15_kappa1.0_rho0.8 - INFO - Starting step 'ClassicalEigenvaluesStep' (version 0.1) on problem kxor_instance_n30_k2_m235_ell2_eps0.15_kappa1.0_rho0.8 (fields={'ell': 2, 'threshold': 0.0, 'kikuchi_matrix': <Dictionary Of Keys sparse matrix of dtype 'int64'
	with 9912 stored elements and shape (435, 435)>, 'num_eigenvalues': 5})
2026-01-20 11:02:14,428 - final_problem_set.kxor_instance_n30_k2_m235_ell2_eps0.15_kappa1.0_rho0.8 - INFO - Finished step 'ClassicalEigenvaluesStep' in 0.227s (success: True, problem=kxor_instance_n30_k2_m235_ell2_eps0.15_kappa1.0_rho0.8)
2026-01-20 11:02:14,428 - final_problem_set.kxor_instance_n30_k2_m235_ell2_eps0.15_kappa1.0_rho0.8 - INFO - Starting step 'KeyExtractionStep' (version 0.1) on problem kxor_instance_n30_k2_m235_ell2_eps0.15_kappa1.0_rho0.8 (fields={'ell': 2, 'threshold': 0.0, 'kikuchi_matrix': <Dictionary Of Keys sparse matrix of dtype 'int64'
	with 9912 stored elements and shape (435, 435)>, 'num_eigenvalues': 5, 'eigenvalues': array([13.29450373, 13.46503147, 14.00157049, 14.70221304, 20.46771865]), 'eigenvectors': array([[-9.80604560e-02,  2.76469689e-02,  9.02716957e-02, -1.02137509e-02,  8.66570166e-02],
       [ 4.32615174e-03,  3.59748602e-02,  6.44615061e-03, -9.56173983e-02,  6.46493986e-02],
       [-3.62966192e-02, -8.11952723e-02, -2.02863460e-02,  4.36421375e-02, -5.88080460e-02],
       [ 2.37447610e-02, -3.88056046e-03, -6.09140080e-02,  5.99245781e-02, -6.09042944e-02],
       [ 2.02857144e-02, -9.33692714e-02, -7.30430449e-02, -1.93957709e-02, -2.40389680e-02],
       [-2.43365245e-02,  5.82567288e-02,  7.66271612e-02,  4.06055408e-02,  5.45309108e-02],
       [ 7.39208016e-03,  5.38532436e-02, -6.04474814e-02,  2.47556051e-03,  5.78853340e-02],
       [ 1.25759832e-02, -4.52515990e-02, -3.14603197e-02,  4.58154184e-02, -7.35361132e-02],
       [-2.49418051e-02,  1.28818141e-02,  3.83306757e-02, -8.01645070e-03,  6.70978805e-02],
       [-4.28980343e-02, -6.74992707e-02,  7.19203445e-02,  1.80540191e-02, -5.62865912e-02],
       [-4.86456064e-02,  3.76793391e-02,  6.41954559e-02,  6.55638176e-02,  7.31117442e-02],
       [ 4.17222393e-02, -7.99481838e-02, -5.56926277e-02, -5.00589829e-02, -9.00461339e-02],
       [ 3.84737788e-02,  2.05265992e-02, -3.23575571e-02, -1.90901810e-02, -6.58806336e-02],
       [-7.01057535e-02,  4.65305236e-02,  1.17153892e-01, -7.64516642e-03,  8.34039594e-02],
       [-9.95777050e-02,  1.06576638e-01, -1.94755414e-02,  6.87807094e-02,  6.61812663e-02],
       [ 2.06299204e-02, -1.23066552e-01, -5.70199494e-02,  8.18297295e-02, -4.51854648e-02],
       [ 1.62812483e-01, -1.01912791e-02,  9.34327442e-03,  2.35036159e-02, -3.68555934e-02],
       [-7.46001477e-02, -1.45025461e-02,  1.93432538e-02,  2.66115750e-02,  5.98461025e-02],
       [ 1.08426516e-01, -6.84181603e-02,  2.85278426e-02,  2.29292278e-02, -3.10577870e-02],
       [-3.91973057e-02,  3.62174012e-02,  7.30638639e-02, -7.70333745e-03,  8.77352295e-02],
       [ 3.97778269e-02, -3.43654846e-02,  1.09001167e-03, -4.71990659e-02, -5.55629592e-02],
       [-3.93105044e-02,  3.50453532e-02,  9.83309708e-02, -3.62449939e-02,  6.44296507e-02],
       [-4.34876767e-02,  4.89144649e-02, -1.00271750e-01, -3.29017191e-02,  3.50697075e-02],
       [ 6.08430409e-02,  8.23300717e-03, -3.77697826e-02,  6.76108545e-02, -5.38825917e-02],
       [-4.40250785e-02, -1.03464401e-01, -4.24327120e-02, -7.22627220e-02, -3.88938723e-02],
       [ 2.37063978e-02,  7.97722894e-02, -6.44690943e-02, -2.79802669e-02, -4.49110988e-02],
       [ 2.13175034e-02, -6.63968351e-02, -4.97266187e-02,  6.14426262e-02, -5.88099263e-02],
       [-4.50136948e-02,  2.90303826e-02,  1.30058140e-02, -1.58576548e-02,  7.58008251e-02],
       [ 2.21932129e-02, -7.01744814e-02, -1.15925405e-02, -8.05193717e-02, -7.06674767e-02],
       [-1.25716130e-02,  3.69720871e-02,  1.98017341e-03,  1.05528364e-01, -7.00412974e-02],
       [ 4.52276744e-02,  1.21225428e-02,  9.73197455e-03, -4.30884433e-02,  5.76390867e-02],
       [-6.82150641e-03, -5.30957916e-02,  4.00609525e-02, -5.55404387e-02,  5.33658765e-02],
       [-2.49199600e-02,  7.38460490e-02,  7.79795105e-02,  1.90778643e-02,  2.85372731e-02],
       [ 1.62525336e-02, -4.10255078e-04, -6.63207512e-02, -4.22234154e-02, -5.43003101e-02],
       [-1.79369796e-02,  1.44545626e-02,  6.91068176e-02,  5.02153392e-04, -5.77648227e-02],
       [ 3.90934880e-03, -3.37401300e-02,  1.24193898e-02, -4.07100152e-02,  6.53180884e-02],
       [ 1.64811477e-02,  6.61678501e-02, -2.96918351e-02,  1.20959159e-02, -7.38703130e-02],
       [ 5.39673618e-02, -2.43001403e-03, -8.07328832e-02, -1.66840319e-02,  4.95600654e-02],
       [ 4.08868246e-02,  4.68557370e-02, -5.57214550e-02, -7.15898878e-02, -7.89600636e-02],
       [-2.52275498e-02, -2.48639399e-02,  3.83974609e-02,  5.03336278e-02,  9.01464729e-02],
       [-1.91666060e-02, -8.07959691e-02,  1.34056654e-02,  1.66796950e-02,  5.85786066e-02],
       [ 5.36829390e-02,  4.13854101e-02, -9.90537569e-02,  7.97130435e-03, -8.21862723e-02],
       [ 8.77439255e-02, -3.46184406e-02,  2.76322107e-02, -6.99172997e-02, -6.52482172e-02],
       [-1.60234596e-02,  8.06862423e-02,  5.19247922e-02, -8.33061575e-02,  4.54676537e-02],
       [-1.53431177e-01, -2.17344717e-02, -1.48157976e-02, -2.31540304e-02,  3.64643887e-02],
       [ 5.99374147e-02,  7.99718802e-02, -6.40357818e-03, -2.82133706e-02, -5.79840162e-02],
       [-1.01214038e-01,  3.47119455e-02, -3.19694642e-02, -2.41540520e-02,  3.09913928e-02],
       [ 2.18744759e-02,  5.78944823e-02, -5.26503615e-02,  7.85734523e-03, -8.54310245e-02],
       [-2.99283535e-02, -2.39042995e-02, -1.05981210e-02,  4.69852522e-02,  5.39057970e-02],
       [ 2.68217103e-02,  2.70438006e-02, -8.18676211e-02,  3.62836816e-02, -6.26386097e-02],
       [ 3.58265540e-02, -6.76401401e-03,  1.03755777e-01,  3.38466371e-02, -3.42644188e-02],
       [-4.10780865e-02, -5.83291246e-02,  1.98756310e-02, -6.18734998e-02,  4.71710321e-02],
       [ 4.89030889e-02,  5.68579332e-02,  3.63481632e-02,  7.30528460e-02,  3.83077340e-02],
       [-1.47510039e-03, -1.12453655e-01,  3.77672847e-02,  2.57628265e-02,  3.42106679e-02],
       [-1.63284380e-02,  5.19045963e-03,  4.65306889e-02, -7.11674333e-02,  6.50248734e-02],
       [ 3.73277312e-02,  6.13441405e-02, -9.17582970e-04,  1.72861145e-02, -8.21737030e-02],
       [-9.98080160e-03, -1.68775445e-02, -1.00176514e-03,  8.09825783e-02,  7.17020250e-02],
       [ 8.30930030e-02,  1.99258809e-02, -2.42183909e-02, -9.22420181e-02,  4.52041404e-02],
       [ 3.34402887e-02, -3.47381655e-02,  1.80145405e-03, -9.83930195e-02,  4.23691110e-02],
       [ 6.85667025e-03,  6.52282920e-02,  3.83812033e-02, -1.66562304e-02,  2.36918358e-02],
       [-4.86871705e-02, -1.22237799e-02, -2.00909955e-02,  4.01391753e-02, -5.37699909e-02],
       [-5.06594692e-02, -3.38428626e-03,  7.86368574e-02,  4.83780258e-02, -4.17177033e-02],
       [ 5.17549095e-02, -1.47309998e-02, -2.65389007e-02, -9.92796939e-02,  5.10219960e-02],
       [-4.46845287e-02,  3.15261037e-02,  2.07596559e-02,  7.80074903e-02, -5.22101210e-02],
       [ 6.70228217e-02,  1.19483536e-02, -8.03748322e-02, -5.11098099e-02,  3.58836863e-02],
       [-4.43935532e-02,  1.91219568e-02,  1.04332974e-02,  3.29856658e-02, -6.64748279e-02],
       [ 7.11131694e-02,  2.53359484e-03, -3.34174850e-02, -6.63309111e-02,  8.15043365e-02],
       [ 3.81808462e-02, -6.07507378e-02, -2.75605856e-02, -5.74249207e-02,  5.25360899e-02],
       [-3.25525620e-02,  1.91338442e-02, -2.24278126e-02,  1.01366168e-01, -6.76165829e-02],
       [ 1.89913962e-02, -5.22564861e-02,  7.92122165e-02,  2.14111888e-02, -6.42286608e-02],
       [ 1.91765567e-02,  6.47950457e-02,  1.40429328e-02, -1.05790164e-01,  3.50491172e-02],
       [-9.90284454e-02, -1.25802167e-02, -3.75627531e-02, -6.51932220e-02,  3.30981740e-02],
       [-1.93452280e-03,  4.86857098e-02,  3.45254495e-02,  4.26282057e-02, -4.73865597e-02],
       [-5.85442847e-02,  3.34615725e-02, -4.62839898e-02, -4.93349175e-02,  2.49631067e-02],
       [-5.95511850e-02,  3.03190469e-02,  1.32453502e-02,  1.03745004e-01, -6.93183702e-02],
       [ 2.52800685e-02, -7.76826399e-03, -4.86489799e-02, -2.80604428e-02,  4.98438152e-02],
       [-3.63048608e-02,  1.56932692e-02, -2.74114066e-02,  1.08718926e-01, -5.43280887e-02],
       [ 1.11539098e-02, -1.42458339e-02,  9.20718454e-02,  4.79989023e-02, -2.40923745e-02],
       [ 1.36784517e-03, -3.89831602e-02, -9.08239288e-03, -9.74357881e-02,  3.76535122e-02],
       [ 7.72019934e-02,  5.78590475e-02,  3.01842026e-03,  1.57513467e-02,  3.36689049e-02],
       [ 3.14383796e-02, -9.13590018e-02,  1.06558571e-02, -2.70163539e-02,  3.25410914e-02],
       [ 3.55285326e-02,  1.09503564e-02, -2.96244439e-03, -1.08062778e-01,  4.50727493e-02],
       [-3.75193263e-02,  2.73091495e-02,  4.42286396e-02,  9.37339125e-02, -6.05580689e-02],
       [ 5.76459267e-02,  7.53574718e-03, -5.00365499e-02, -1.56038114e-02,  5.87378245e-02],
       [-6.00376608e-02,  3.87865597e-03, -9.16014895e-03,  6.45886202e-02, -4.03351921e-02],
       [-1.64545974e-02, -6.94108909e-02, -3.71487971e-02, -7.09088858e-04, -1.95801926e-02],
       [ 5.05043218e-02,  3.53000310e-02,  1.98099454e-02,  1.70134705e-03,  3.67371701e-02],
       [ 7.46930151e-02,  2.86511180e-02, -6.62723021e-02, -2.11775209e-02,  3.84399717e-02],
       [-6.92824273e-02, -1.93542938e-02,  1.40106022e-02,  4.94305935e-02, -4.28199166e-02],
       [ 7.43796118e-02,  6.25521117e-03, -1.05608522e-02, -3.79026235e-02,  4.87340428e-02],
       [-7.37074045e-02, -2.65725351e-02,  6.13596890e-02,  2.37650471e-02, -2.97147255e-02],
       [ 6.80273094e-02,  2.43904533e-02,  1.86032224e-03,  1.29111887e-02,  5.38172296e-02],
       [-9.03429964e-02, -4.73655515e-02,  1.42830661e-02,  9.19243140e-03, -6.05099879e-02],
       [-5.94807459e-02,  1.85896181e-02,  1.51206541e-02,  1.49236438e-02, -4.36189083e-02],
       [ 6.02333742e-02,  2.70756373e-02,  2.82801513e-02, -4.20005077e-02,  5.58616271e-02],
       [ 1.24401035e-02,  7.49140205e-02, -4.94694338e-02,  2.05000970e-02,  4.87176519e-02],
       [-3.34628165e-02, -7.63366861e-02, -1.77988196e-02,  6.83784511e-02, -3.04386758e-02],
       [ 6.89960101e-02, -1.39317162e-02,  2.73219219e-02,  3.74723280e-02, -3.04031418e-02],
       [ 2.67370054e-02, -1.30550599e-02, -2.06895715e-02, -5.51657404e-03,  3.96058065e-02],
       [ 3.72343782e-02, -4.25984278e-02,  3.39963825e-02,  2.61891675e-02, -2.08885733e-02],
       [ 9.58278033e-02,  1.92884962e-02,  1.06769888e-03, -4.60880594e-02,  6.37924022e-02],
       [-4.51127308e-02, -2.38368533e-02,  3.04992570e-02, -7.76887833e-03, -4.08805011e-02],
       [ 5.92525530e-02,  2.27289651e-02,  3.36137479e-02, -5.55730101e-02,  4.66861792e-02],
       [ 1.92958223e-03,  2.30335009e-02, -7.39099374e-02, -2.90955124e-02,  2.04991629e-02],
       [-1.98133203e-02,  9.41870011e-03,  1.97197595e-03,  5.80264112e-02, -3.24205244e-02],
       [-7.75399195e-02, -6.39170390e-02, -7.71097499e-03, -3.15641407e-02, -2.59723034e-02],
       [-4.49240461e-02,  5.77075403e-02, -1.34421357e-02,  6.57618712e-04, -2.73702291e-02],
       [-5.55429378e-02, -3.87985568e-02, -4.03629537e-03,  6.33954541e-02, -3.96720370e-02],
       [ 5.98206605e-02,  1.61326867e-02, -2.67470511e-02, -4.04153373e-02,  5.00198846e-02],
       [-7.74916774e-02, -4.11564554e-02,  3.22320086e-02, -2.37314893e-02, -4.80008807e-02],
       [ 2.68443458e-03, -4.58613042e-02, -5.18971390e-02,  3.92379161e-03, -2.01430030e-02],
       [ 2.06839732e-02, -1.17987903e-02,  5.14863722e-02, -8.56980715e-03,  4.28030517e-02],
       [ 3.79130619e-02, -1.76641734e-02, -4.50531636e-02, -3.10666363e-02,  4.00668195e-02],
       [-3.58297191e-02,  3.95301316e-02, -1.21537221e-02,  7.33068139e-02, -4.86250094e-02],
       [ 2.28440769e-02, -4.95975036e-02,  1.89790591e-02, -4.63030749e-02,  4.65348958e-02],
       [-5.17642265e-02,  7.19872998e-03,  4.93792609e-02,  3.34153304e-02, -3.17840690e-02],
       [ 1.56536405e-02, -4.43703286e-02,  3.88484749e-02,  3.29003374e-04,  5.67868689e-02],
       [-3.48290422e-02,  3.38417460e-02, -2.92619296e-02,  2.12469481e-02, -7.00971232e-02],
       [-1.56907299e-02,  6.36587703e-02, -1.09697785e-02,  2.50435771e-02, -4.13366104e-02],
       [ 6.58256489e-03, -4.28369696e-02,  6.57555986e-02, -5.72220729e-02,  5.67064285e-02],
       [-3.26234529e-02,  1.60407409e-02, -2.09855533e-02,  8.98430017e-03,  5.14922952e-02],
       [-6.92242539e-03, -4.15671867e-02, -3.52122596e-02,  7.95035522e-02, -3.10805484e-02],
       [ 9.66308379e-02,  2.53181530e-02,  9.37941125e-03,  4.38519448e-02, -2.87202306e-02],
       [-1.05071604e-02, -5.43175082e-02,  3.29811960e-03, -1.48950272e-02,  3.74932380e-02],
       [ 5.71436644e-02, -1.89034294e-02,  2.25412063e-02,  3.43962978e-02, -2.15233213e-02],
       [ 2.91698778e-02, -5.68456145e-02,  3.80579313e-02, -5.97501349e-02,  6.02615856e-02],
       [-6.20767482e-03,  2.83802397e-02,  6.41053579e-03,  1.41508878e-03, -4.26691392e-02],
       [ 1.17896569e-02, -3.23492384e-02,  5.44893433e-02, -6.36363350e-02,  4.31313775e-02],
       [-1.31174486e-02, -5.24484340e-04, -6.91006323e-02, -4.09898153e-02,  2.35442164e-02],
       [ 8.91172804e-03,  5.44910369e-02, -1.79645928e-02,  7.88013806e-02, -3.51121595e-02],
       [-5.54530032e-02, -3.45290680e-02, -2.52447270e-02, -2.91439589e-02, -2.79107174e-02],
       [-1.72397891e-02,  8.83960356e-02, -2.90539042e-02,  7.38769377e-03, -2.61863527e-02],
       [-1.89715503e-02,  8.96540236e-03, -3.16891116e-02,  8.50219539e-02, -4.29810444e-02],
       [ 1.40754279e-02, -5.74290947e-02,  3.05812343e-03, -6.21600560e-02,  5.82612304e-02],
       [-3.58824450e-02,  2.26171058e-02,  2.42814518e-03, -1.56155776e-02, -5.50880968e-02],
       [-5.35294634e-03,  6.60824235e-02,  6.11865025e-02,  2.96842506e-02,  1.94897896e-02],
       [ 8.04770434e-03,  5.93791133e-02,  1.22923588e-02,  1.32373500e-02,  2.00755231e-02],
       [-1.68421645e-03, -6.79725481e-02, -4.90846555e-02, -3.16003539e-03, -2.43435584e-02],
       [-2.58442568e-03,  6.05985102e-02,  5.36186064e-02,  1.50019676e-02,  2.42513389e-02],
       [-1.79834669e-02, -5.47291171e-02, -3.00886470e-03, -4.37308651e-03, -1.75091287e-02],
       [-1.11434694e-02,  7.29503114e-02,  6.82944125e-02,  4.18284591e-02,  2.58256412e-02],
       [ 6.48501700e-03, -1.02441354e-01, -7.64769074e-02, -4.26995765e-02, -3.22989564e-02],
       [ 7.28484338e-03, -4.21716914e-02, -4.71790940e-02, -2.29203745e-02, -2.23952478e-02],
       [-1.53469548e-02,  8.43652798e-02,  8.13213525e-02,  2.01958234e-02,  2.54081943e-02],
       [-2.41840515e-02,  7.93433635e-02,  3.61987058e-02,  3.26542452e-02,  2.05740024e-02],
       [ 3.87151131e-03, -6.93294500e-02, -4.21734914e-02,  1.11383734e-02, -1.48832850e-02],
       [ 5.33653092e-02, -3.60202555e-02, -2.01123136e-02, -1.71074595e-03, -1.33947673e-02],
       [-1.89909586e-02,  3.91593761e-02,  3.89910927e-02,  2.18188822e-02,  1.94835898e-02],
       [ 3.27883138e-02, -4.33018045e-02, -6.97785610e-03,  9.09452989e-04, -1.01372421e-02],
       [-5.47898711e-03,  8.53016769e-02,  8.10626273e-02,  2.15649800e-02,  3.22837458e-02],
       [ 9.48258511e-03, -5.66845581e-02, -3.55285068e-02, -3.10487048e-02, -2.00668291e-02],
       [-9.25111628e-03,  6.43667754e-02,  7.22854441e-02,  5.18224562e-03,  2.27852140e-02],
       [-1.26355706e-02,  4.40628309e-02, -1.68050244e-02, -4.66676316e-03,  1.25172715e-02],
       [ 1.62390004e-02, -3.71478631e-02, -4.16180591e-02,  9.36862017e-03, -1.85407240e-02],
       [-1.36252791e-02, -5.25332630e-02, -3.24349621e-02, -2.72491904e-02, -1.13764625e-02],
       [ 3.17482411e-03, -5.59067017e-03, -4.19888390e-02, -1.87710587e-02, -1.38830842e-02],
       [ 2.33989089e-03, -7.16561674e-02, -5.23078662e-02,  5.26691807e-03, -2.11378573e-02],
       [-1.00496448e-02,  7.24478972e-02,  5.13643448e-02,  1.53251701e-02,  2.87287331e-02],
       [ 1.49316661e-03, -7.52773838e-02, -4.46015099e-02, -4.24969117e-02, -2.34976026e-02],
       [-3.82162122e-02, -2.09625109e-02,  3.43126409e-02, -3.34554304e-02, -4.08949192e-02],
       [ 3.30324078e-02,  1.17694551e-02,  3.16071997e-02,  9.90371438e-03,  5.03228411e-02],
       [-2.28837056e-02,  8.47773861e-03, -4.08939035e-02, -3.44880035e-02, -5.12421472e-02],
       [ 5.81825547e-02,  2.48805894e-02, -4.36987352e-02,  1.64192766e-02,  3.59087667e-02],
       [-3.85922208e-03, -7.51301843e-03, -5.23542768e-02, -8.46144932e-02, -4.85103329e-02],
       [ 1.80576913e-02,  2.87311611e-02,  5.05686157e-02,  8.64712796e-02,  5.94951088e-02],
       [ 1.08994311e-02, -3.04697510e-02,  3.00876293e-02,  5.10847652e-02,  4.45471928e-02],
       [ 1.84769062e-03, -1.26083132e-02, -9.17938563e-02, -4.28683903e-02, -5.73343561e-02],
       [ 4.18378794e-02, -6.09977792e-02,  2.98721337e-03, -9.47519671e-02, -4.79225104e-02],
       [ 9.55641615e-03,  8.60978865e-02,  5.54863082e-02, -3.48979363e-02,  3.57265413e-02],
       [-1.00686148e-01,  3.68848886e-03,  1.97316745e-03,  8.61205214e-03,  2.88054394e-02],
       [ 1.87048660e-02,  2.74414651e-02, -2.01288903e-02, -5.44229747e-02, -4.10051890e-02],
       [-6.09412605e-02,  4.22465451e-02, -1.44918951e-02,  1.58902084e-03,  2.24131875e-02],
       [-2.32012657e-02, -4.49979237e-03, -6.26052758e-02, -4.55722802e-02, -5.99446346e-02],
       [-3.71546021e-05,  1.10233227e-02,  9.13549328e-03,  7.23057666e-02,  4.03664888e-02],
       [-8.49977695e-03, -1.28852334e-02, -8.56095822e-02, -1.23229582e-02, -4.81205729e-02],
       [ 1.27769739e-02, -2.34217263e-02,  6.55300774e-02,  4.00937193e-03, -2.46760393e-02],
       [-1.18034442e-02, -1.91479690e-02,  3.34549390e-02, -1.63499884e-02,  3.74200676e-02],
       [ 4.50104807e-02,  5.38252300e-02,  2.95121826e-02,  6.43846881e-02,  2.36869188e-02],
       [ 1.17128120e-02, -6.66166468e-02,  4.27008232e-02,  4.26144396e-02,  2.71345872e-02],
       [ 1.91917235e-02,  3.82321225e-02,  5.08923535e-02, -1.26709471e-02,  4.57622348e-02],
       [-8.92770797e-03, -8.49434274e-04, -2.26433128e-02, -3.36007710e-02, -5.28691176e-02],
       [ 2.19167324e-02,  2.69375710e-02,  1.69888280e-02,  9.77932160e-02,  4.80790886e-02],
       [ 5.60926719e-02,  2.52739463e-04, -8.21776501e-02, -2.24136550e-02,  4.76790406e-02],
       [-4.04082524e-02,  1.24510526e-02,  6.82566948e-02, -6.90402521e-04, -4.34368441e-02],
       [ 6.18078087e-02,  1.20302848e-02, -9.55563222e-02, -5.05489647e-03,  2.88629587e-02],
       [-4.00806913e-02,  2.28575152e-03,  7.07914900e-02, -5.09248724e-02, -5.22730930e-02],
       [ 5.71863782e-02,  1.64290092e-02, -9.82055699e-02,  3.52200874e-02,  5.81884054e-02],
       [ 3.19460973e-02, -3.19016940e-02, -6.69908831e-02,  1.54331498e-02,  3.85442257e-02],
       [-3.44399688e-02, -8.15598243e-04,  4.55209398e-02, -2.58315775e-03, -6.66180636e-02],
       [ 3.87089880e-03, -3.90750737e-02,  9.62049428e-02, -4.25969481e-02, -4.22130285e-02],
       [ 2.51695341e-02,  7.35893549e-02, -2.73220953e-02, -5.06354252e-02,  3.38002082e-02],
       [-7.66844514e-02, -4.28967006e-03, -6.04022271e-02, -1.28790152e-02,  2.82278132e-02],
       [-7.92007684e-03,  3.32321353e-02,  7.06997399e-02, -2.07463860e-02, -3.85255584e-02],
       [-4.19224302e-02,  3.19326772e-02, -5.73778125e-02, -1.26722005e-02,  2.00539867e-02],
       [-5.41782443e-02,  6.60130152e-03,  8.42608319e-02, -3.55591897e-03, -5.62968319e-02],
       [ 2.47589891e-02,  2.58037020e-03, -8.44940601e-02,  3.37923507e-02,  3.82432928e-02],
       [-3.50843929e-02, -3.14467275e-03,  3.16151024e-02,  1.99368911e-02, -4.76241058e-02],
       [ 3.02222268e-03, -1.28472895e-02,  9.07564059e-02,  1.59797783e-02, -1.91105175e-02],
       [ 9.02771649e-03, -2.49534268e-02, -5.48624558e-02, -3.65550876e-02,  3.57997470e-02],
       [ 6.31361892e-02,  4.86105418e-02, -2.38576270e-02,  4.66929133e-02,  2.47452484e-02],
       [ 2.74129106e-02, -6.80266415e-02, -2.27008605e-02,  2.07621237e-02,  2.64365949e-02],
       [ 3.39731711e-02,  2.56216801e-02, -4.65518906e-02, -3.13076764e-02,  3.89318930e-02],
       [-3.94283863e-02,  7.74145850e-03,  1.08722376e-01,  3.17489994e-03, -5.25182740e-02],
       [ 4.57842524e-02,  1.30622903e-02, -8.40411648e-02,  4.69080255e-02,  4.18975538e-02],
       [ 4.40146116e-02, -3.81635892e-02, -9.25778834e-03, -4.14794116e-02,  6.04344748e-02],
       [-6.74034897e-02, -8.00047012e-03,  7.87002414e-02,  2.57367761e-02, -3.65683916e-02],
       [ 3.20302182e-02, -2.09551719e-02,  7.11099625e-03,  2.32355777e-02,  6.68099265e-02],
       [-5.71932087e-02,  2.90420189e-04,  1.40298771e-02, -3.88954788e-03, -8.25720431e-02],
       [-3.32813081e-02,  6.34421400e-02,  1.69760912e-02,  1.33171502e-02, -5.42290310e-02],
       [ 2.00295850e-02, -1.87368236e-02,  4.22712817e-02, -4.41019407e-02,  6.91533484e-02],
       [-2.69135169e-02,  4.76254104e-02, -5.92654713e-02,  2.98432723e-02,  6.03177685e-02],
       [-1.41327179e-02, -7.16761394e-02, -2.44566007e-02,  8.29277767e-02, -3.76091032e-02],
       [ 1.07227857e-01,  1.12402946e-02,  3.04621935e-02,  3.83839922e-02, -3.42890996e-02],
       [-4.77777705e-03, -4.77149992e-02, -2.04817629e-02, -2.19286139e-03,  4.43963290e-02],
       [ 6.29559831e-02, -3.56835304e-02,  4.13857636e-02,  3.23728184e-02, -2.58674932e-02],
       [ 5.01710713e-02, -3.13208423e-02,  3.66777728e-03, -4.45586687e-02,  7.20982043e-02],
       [-1.68133379e-02,  9.69222034e-03,  3.61462774e-02, -1.56594811e-02, -4.97232713e-02],
       [ 2.85388879e-02, -1.39937595e-02,  4.41785955e-02, -6.39028926e-02,  5.72712728e-02],
       [-1.06697212e-02,  1.27552021e-02, -9.85744896e-02, -3.80967623e-02,  2.76512775e-02],
       [ 3.76058320e-03,  3.84184401e-02,  1.60941913e-03,  6.57782266e-02, -3.84903209e-02],
       [-7.21437472e-02, -5.59481001e-02, -1.21141899e-02, -4.29660317e-02, -3.31477435e-02],
       [-2.89908247e-02,  9.63219472e-02, -1.72022590e-02, -2.85344084e-03, -3.28547667e-02],
       [-3.47186673e-02, -1.54568768e-02, -8.90266808e-03,  8.41232608e-02, -5.31848924e-02],
       [ 2.63531197e-02, -2.89837401e-02, -3.06163084e-02, -4.23622672e-02,  6.24651323e-02],
       [-4.37543404e-02, -4.22630535e-03,  3.25705610e-02, -3.09111535e-02, -5.47147633e-02],
       [ 7.11485323e-02, -3.37040369e-03, -8.21144620e-02, -1.32072124e-02,  4.21070136e-02],
       [-1.62127236e-02,  4.54164091e-02, -1.78370261e-02, -5.58135935e-02, -6.62909615e-02],
       [ 3.36736322e-02, -2.95671764e-02,  7.96572313e-04,  3.76075071e-02,  7.58466797e-02],
       [ 1.74463369e-02, -8.07061657e-02, -6.62657509e-03,  1.35120725e-02,  5.36406796e-02],
       [-4.91384000e-03,  4.24995833e-02, -5.22145946e-02,  9.87322864e-03, -6.92490457e-02],
       [ 4.20470149e-02, -2.51742715e-02,  4.99463662e-02, -5.89672865e-02, -6.03149582e-02],
       [ 1.21571955e-02,  6.41393463e-02,  3.25121562e-02, -7.44221489e-02,  4.27991397e-02],
       [-1.19482339e-01, -2.74520525e-02, -2.57032490e-02, -2.20825567e-02,  3.49695746e-02],
       [ 1.57690026e-02,  6.26585353e-02,  1.44248580e-02, -1.86435809e-02, -4.45649384e-02],
       [-7.01108245e-02,  2.85829915e-02, -3.81838004e-02, -2.05393037e-02,  2.62282271e-02],
       [-3.68391159e-02,  6.69492522e-02, -1.97277915e-02,  1.03339612e-02, -7.94285046e-02],
       [ 5.81841219e-03, -3.05969495e-02, -2.89544561e-02,  3.95337608e-02,  5.10453917e-02],
       [-1.54939680e-02,  3.55374031e-02, -5.51201284e-02,  3.64588009e-02, -5.88493207e-02],
       [ 1.49976953e-02, -4.51067475e-03,  9.73633613e-02,  2.68177128e-02, -2.85672017e-02],
       [-1.08019526e-02, -6.24454148e-02,  4.99103369e-03, -5.79066373e-02,  4.56440370e-02],
       [ 6.65076636e-02,  4.59995634e-02,  1.76046171e-02,  5.89953488e-02,  3.30884127e-02],
       [ 1.54710756e-02, -9.96913892e-02,  2.36712726e-02,  1.98316128e-02,  3.07008892e-02],
       [ 2.18493613e-02,  1.48702813e-04,  1.64245103e-02, -5.30235335e-02,  4.89911316e-02],
       [-1.53034615e-02,  5.31601579e-02,  2.34316112e-02,  1.56038976e-02, -6.37355778e-02],
       [ 3.14149494e-02, -1.43696446e-02, -2.30447380e-02,  5.68121580e-02,  5.44096598e-02],
       [ 7.08005880e-02,  6.66065937e-03, -8.07032677e-02,  2.87325978e-02,  4.68300497e-02],
       [-9.74783549e-02, -2.62921819e-02,  1.13167712e-01, -1.75290807e-02, -5.68037040e-02],
       [-5.97110203e-02,  2.42576993e-02,  7.85504692e-02, -2.34289901e-03, -3.66041495e-02],
       [ 6.77449722e-02,  1.27913436e-02, -6.43945837e-02, -1.49163982e-02,  5.42139138e-02],
       [ 2.61956753e-02,  4.02712010e-02, -9.72856655e-02,  2.21975319e-02,  3.74333509e-02],
       [-3.80125330e-02, -6.95538292e-02,  3.33617836e-02,  5.20794752e-02, -2.88332579e-02],
       [ 4.65756396e-02, -4.27999331e-03,  6.07908633e-02,  1.97957034e-02, -2.44692500e-02],
       [ 3.28022190e-02, -2.23026552e-02, -7.57419603e-02,  7.81257027e-03,  3.32040020e-02],
       [ 2.31054817e-02, -3.08334258e-02,  5.56705779e-02,  1.77665937e-02, -1.75492277e-02],
       [ 9.33028502e-02,  3.71045143e-03, -9.76915528e-02, -1.52820913e-02,  5.48345612e-02],
       [-4.38872553e-02, -8.66788444e-03,  7.71474455e-02, -1.55409976e-02, -3.15168275e-02],
       [ 5.93132202e-02,  1.20355786e-02, -4.39342225e-02, -3.17600183e-02,  4.11957571e-02],
       [ 6.81703574e-03,  1.29002770e-02, -8.10376578e-02, -1.78976308e-02,  1.61826995e-02],
       [-2.77111186e-02,  1.44114980e-02,  5.65372445e-02,  3.97286863e-02, -2.96904245e-02],
       [-6.31291928e-02, -4.01591263e-02,  2.64290531e-02, -3.05075506e-02, -2.07290624e-02],
       [-4.43765714e-02,  5.65407614e-02,  3.18806415e-02, -9.72551913e-03, -2.31530267e-02],
       [-5.95697190e-02, -3.19883889e-02,  5.98276435e-02,  4.47519910e-02, -3.80166439e-02],
       [ 6.27554625e-02,  5.39296795e-03, -1.00655076e-01, -1.45575392e-02,  4.23634108e-02],
       [-7.58065246e-02, -1.91542131e-02,  9.65552655e-02, -3.25285255e-02, -4.02584615e-02],
       [ 1.09567194e-02, -8.60138978e-03,  2.26171322e-02,  1.26721545e-01,  8.00517802e-02],
       [ 3.25975181e-03, -6.39498536e-02,  6.71446504e-03,  6.66677101e-02,  5.38502988e-02],
       [ 1.73480149e-02,  2.43545223e-02, -8.22759561e-02, -6.73619902e-02, -7.65769067e-02],
       [ 5.82340061e-02, -3.91123090e-02,  3.30447366e-02, -1.16772900e-01, -5.81860390e-02],
       [ 3.10763169e-03,  8.88891931e-02,  5.07253901e-02, -3.58117173e-02,  4.89723998e-02],
       [-1.40754881e-01, -1.88763664e-02, -1.59679812e-02,  1.69077672e-02,  3.82467044e-02],
       [ 2.92316294e-02,  5.82029904e-02,  2.20206505e-03, -6.62862933e-02, -4.81298478e-02],
       [-8.29065674e-02,  3.98026103e-02, -3.27487968e-02,  4.46506583e-03,  2.89387721e-02],
       [-1.41749655e-02,  4.09225529e-02, -3.96719897e-02, -7.27255119e-02, -8.01202909e-02],
       [-9.83240551e-03, -1.77546550e-02, -1.57929206e-02,  1.00922788e-01,  5.32384623e-02],
       [ 1.96292497e-03,  1.80073002e-02, -8.01511344e-02, -2.70815492e-02, -6.48911512e-02],
       [ 2.03116455e-02, -1.27728640e-02,  1.01160452e-01,  3.57362674e-04, -3.20535346e-02],
       [-2.42969773e-02, -5.24158895e-02,  1.82301595e-02, -1.14231977e-02,  5.05738945e-02],
       [ 5.71632850e-02,  5.56411330e-02,  2.50675302e-02,  8.59503293e-02,  3.03400272e-02],
       [ 7.64346365e-03, -1.00167040e-01,  3.33912184e-02,  5.25867164e-02,  3.23912436e-02],
       [ 1.39384213e-02,  2.01539196e-02,  3.60441975e-02, -5.44393216e-03,  6.05258801e-02],
       [ 7.40998443e-04,  3.71137978e-02,  9.47040373e-03, -5.40400557e-02, -6.98430164e-02],
       [ 1.71439165e-02, -1.12486528e-03, -1.04940789e-02,  1.20168614e-01,  5.73401665e-02],
       [-1.79700804e-02,  6.31458368e-02,  8.59354640e-03, -6.22615886e-02, -6.61878831e-02],
       [-1.36582486e-03, -1.52171132e-03,  7.91438727e-02,  5.47190515e-02,  9.58882706e-02],
       [-5.95573865e-02,  7.33039735e-02, -6.09141766e-02,  1.23656389e-01,  7.15289593e-02],
       [-1.66579340e-02, -1.30623948e-01, -4.54231143e-02,  6.36960581e-02, -5.90959472e-02],
       [ 1.64670412e-01,  6.84685428e-03,  3.38291761e-02, -5.42737767e-03, -4.75532015e-02],
       [-2.66288132e-02, -6.04731118e-02, -1.96251250e-02,  7.57831322e-02,  6.59176997e-02],
       [ 9.71737265e-02, -6.03988074e-02,  5.11237297e-02,  3.92910528e-03, -3.63016811e-02],
       [ 4.13301536e-02, -1.96315266e-02,  2.34179288e-02,  5.69009475e-02,  9.89579626e-02],
       [-1.94058091e-03, -1.36316042e-04,  3.59514662e-02, -9.15496917e-02, -5.94471764e-02],
       [ 1.71795177e-02,  3.12412281e-03,  7.81346280e-02,  8.54382607e-03,  8.06454502e-02],
       [-1.96487743e-02,  2.81366330e-02, -1.34662376e-01, -1.25147729e-02,  3.89496474e-02],
       [ 1.70708631e-02,  4.60281121e-02, -4.95660405e-03,  3.35707785e-02, -6.23579550e-02],
       [-7.96028280e-02, -8.13966058e-02, -2.35346594e-02, -9.81349798e-02, -3.73467447e-02],
       [-2.14365743e-02,  1.21383193e-01, -3.42619775e-02, -6.26938569e-02, -4.45405725e-02],
       [-3.18607638e-02, -4.82705947e-02, -2.54781960e-02,  2.93494103e-02, -7.45321922e-02],
       [ 1.61568336e-02, -1.89286871e-02, -3.53708253e-02,  3.78614855e-02,  8.53200343e-02],
       [-3.61502401e-02, -2.13280499e-02,  3.15454849e-02, -1.28517705e-01, -7.07893124e-02],
       [-6.79930203e-03, -7.87318010e-02,  4.57643486e-02,  1.99069779e-02,  6.83317603e-02],
       [-4.46718425e-02, -5.88577406e-03, -4.99604489e-02,  7.49026444e-02,  5.18827856e-02],
       [-5.53603158e-03, -3.81599158e-02, -2.38574739e-02,  5.08178322e-02, -3.87321930e-02],
       [ 1.10200748e-01,  3.97068001e-02,  2.57261779e-02,  5.78992526e-03, -3.11879304e-02],
       [-1.84643664e-02, -7.61757272e-02, -1.75781659e-02,  3.30571968e-02,  3.97724036e-02],
       [ 6.46739332e-02, -1.30154909e-02,  3.64217974e-02,  8.62730696e-03, -2.33103690e-02],
       [ 2.21039799e-02, -9.54292837e-02,  5.57463048e-03,  2.10347814e-02,  6.98697047e-02],
       [ 1.57489810e-03,  4.29379115e-02,  2.84735801e-02, -4.90192450e-02, -4.04718630e-02],
       [ 5.38014913e-03, -5.73768137e-02,  4.18891144e-02, -9.12261634e-03,  5.24933210e-02],
       [-1.52416650e-02, -1.08279904e-02, -9.02604597e-02, -1.44358165e-02,  2.55134303e-02],
       [ 1.36781413e-02,  7.50976165e-02,  2.72128902e-03,  3.47383148e-02, -3.99005780e-02],
       [-5.35419295e-02, -2.39826187e-02, -1.11810419e-02, -6.48460860e-02, -2.88851977e-02],
       [-1.12486461e-02,  9.84441363e-02, -1.59144629e-02, -2.74590173e-02, -2.62632920e-02],
       [-1.29096652e-02,  2.31547068e-02, -9.70197242e-03,  2.97386881e-02, -4.56601622e-02],
       [ 5.51178502e-03, -7.57054734e-02, -2.94882792e-02,  9.60298789e-03,  5.59711664e-02],
       [-2.28891419e-02,  4.53572564e-02,  2.96117728e-02, -7.89594199e-02, -5.24004893e-02],
       [ 8.46290381e-02, -5.98084288e-02,  2.62330781e-03, -7.88858002e-02, -7.48436575e-02],
       [-8.37104942e-03,  9.75962265e-02,  8.13865162e-02, -8.98567846e-02,  5.15514209e-02],
       [-1.57704774e-01, -1.56682096e-02, -3.34857307e-03, -2.44083240e-02,  3.94910708e-02],
       [ 4.34622595e-02,  6.01733650e-02, -2.32993458e-02, -2.66517500e-02, -5.47928533e-02],
       [-1.00787515e-01,  4.72483496e-02, -2.18840301e-02, -2.42446213e-02,  3.25604156e-02],
       [-1.69996360e-03,  4.54292424e-02, -1.05486961e-01,  8.66387697e-03, -9.81668509e-02],
       [-2.18165790e-02, -1.52650436e-02,  1.73390892e-02,  5.46497751e-02,  6.47783900e-02],
       [ 1.18456410e-02,  1.57318240e-02, -1.15166924e-01,  3.90131438e-02, -6.68390138e-02],
       [ 3.19536135e-02, -1.84253177e-02,  9.61220098e-02,  3.29027237e-02, -3.67425956e-02],
       [-3.80096171e-02, -5.72099394e-02,  5.12207633e-02, -6.97104014e-02,  5.58391080e-02],
       [ 6.21958875e-02,  7.24667139e-02,  5.28463975e-02,  7.55093276e-02,  3.94129138e-02],
       [ 5.91460207e-03, -1.11375343e-01,  5.39951313e-02,  2.65609696e-02,  3.63199685e-02],
       [ 2.94738632e-03,  2.10707934e-02,  6.59893320e-02, -6.65150186e-02,  6.13861785e-02],
       [ 2.01908590e-02,  4.86281817e-02, -4.25362777e-02,  1.94370299e-02, -9.32785239e-02],
       [ 1.00628659e-02,  6.12421962e-03,  2.30052504e-02,  7.87701559e-02,  6.95332065e-02],
       [-3.38403114e-02,  1.24145789e-01, -4.57588489e-03, -2.55425755e-02,  4.29586257e-02],
       [-1.30682088e-01,  1.46380170e-02, -4.18096550e-02,  1.42607199e-02,  3.03945423e-02],
       [ 6.05955890e-02,  8.02537342e-03,  4.41451622e-02, -6.53169634e-02, -4.33389647e-02],
       [-7.79097696e-02,  5.11765020e-02, -4.45121255e-02,  6.98026965e-04,  2.20430951e-02],
       [ 5.83403553e-02, -4.68684384e-02,  4.83931048e-02, -8.28439096e-02, -7.80544797e-02],
       [-4.44642105e-02,  3.04571016e-02, -5.77275207e-02,  8.40017403e-02,  4.29713794e-02],
       [ 5.50860944e-02, -4.82313111e-02, -5.21408917e-03, -3.48501147e-02, -5.91199174e-02],
       [ 3.05394869e-02, -3.18584554e-02,  1.00535941e-01,  3.84706413e-03, -2.45970819e-02],
       [-5.91219478e-02,  4.25871742e-03, -3.47949682e-02, -2.46125453e-03,  4.56353085e-02],
       [ 2.47828901e-02,  7.11620899e-02, -1.57758807e-03,  7.81021142e-02,  2.66490063e-02],
       [-2.35665092e-02, -6.00580902e-02, -3.19254101e-03,  6.17528715e-02,  3.31557331e-02],
       [-3.74772030e-02,  7.69716534e-02, -2.72901394e-02,  4.90381571e-03,  5.54496581e-02],
       [ 6.18131316e-02, -3.89148369e-02,  8.45793205e-02, -6.34819893e-02, -6.72913452e-02],
       [-3.24242831e-02,  5.20584058e-02, -6.12980339e-02,  1.11654353e-01,  5.12217095e-02],
       [ 8.22645308e-02, -4.21313974e-02, -3.87375098e-04,  5.49434336e-02, -2.38402355e-02],
       [-2.15688125e-02,  3.98091049e-02,  1.81873599e-02, -4.31469314e-02,  3.78912041e-02],
       [ 4.79586855e-02, -5.06973982e-02,  1.43483286e-02,  3.38004531e-02, -1.63384414e-02],
       [ 1.49802184e-02,  9.66307442e-02,  5.44953490e-02, -9.48125627e-02,  5.44105307e-02],
       [ 5.54184877e-04, -7.31732345e-02, -6.28442040e-03,  3.04860182e-02, -3.61500951e-02],
       [ 2.66272619e-03,  6.83232500e-02,  5.73052896e-02, -8.00839200e-02,  3.58273951e-02],
       [-1.54192183e-02,  5.08954937e-02, -5.05814409e-02, -4.72521861e-02,  1.94813068e-02],
       [ 1.64997343e-02, -3.38979253e-02, -2.59197477e-02,  8.66943270e-02, -2.96074858e-02],
       [-4.10604044e-02, -8.93470947e-02, -2.79575060e-02, -6.03949339e-03, -2.33842147e-02],
       [-9.10235559e-03,  1.26725429e-02, -4.06487352e-02,  2.89375860e-02, -2.60101916e-02],
       [-6.97373684e-03, -7.53838419e-02, -3.39726739e-02,  8.47592891e-02, -3.26147754e-02],
       [ 1.27162858e-03,  8.12632132e-02,  1.78976959e-02, -8.68279932e-02,  4.76733216e-02],
       [-1.74736104e-02, -9.87916811e-02, -1.45958010e-02,  2.18869429e-02, -4.41126314e-02],
       [-1.13465183e-01, -3.50134492e-02, -2.64261663e-02, -4.89401769e-04,  2.76681857e-02],
       [ 7.47726547e-02, -1.59320723e-02,  2.45773671e-02,  1.69218899e-02, -1.31664458e-02],
       [-1.58746885e-01, -2.69665076e-02, -2.29740138e-02, -2.59147467e-02,  4.58988683e-02],
       [ 1.05586514e-01,  1.10274759e-02,  3.56970057e-02, -1.02202944e-02, -2.81526571e-02],
       [-1.20350841e-01, -1.11376609e-02,  6.36325320e-03, -3.53649665e-02,  3.28869881e-02],
       [-5.12230765e-02,  5.05502386e-03, -5.65870949e-02, -2.14420988e-02,  1.48393406e-02],
       [ 9.01264473e-02,  2.24251341e-02,  1.38521190e-02,  3.87961177e-02, -2.30215166e-02],
       [ 4.06954161e-02, -3.28362074e-02,  2.98308079e-03, -2.85585480e-02, -2.08924735e-02],
       [ 6.58487739e-02,  5.64783761e-02, -2.29018489e-04, -3.90998141e-03, -1.93558358e-02],
       [ 1.04370482e-01, -5.17918034e-03,  1.26728573e-02,  4.94629943e-02, -3.12595941e-02],
       [-1.33405383e-01, -2.02989432e-02, -3.78601975e-02, -2.42113546e-02,  3.58319505e-02],
       [ 1.13786759e-01,  3.14130976e-03,  3.85494705e-02, -2.29786459e-02, -3.48009793e-02],
       [-6.24908945e-02,  1.56267755e-02, -3.06352428e-02, -8.10679023e-03,  1.88012631e-02],
       [ 2.47686013e-02,  8.53780171e-02,  4.46598827e-03, -3.16179769e-02, -6.44364409e-02],
       [-2.91118858e-02, -4.65795139e-02, -3.37511805e-02,  5.67238863e-02,  4.05928138e-02],
       [ 2.81767285e-02,  4.99020670e-02, -3.08282306e-02,  2.79301844e-04, -4.82195164e-02],
       [ 2.51439422e-02,  9.60787542e-03,  8.31847520e-02,  9.98168043e-03, -2.28229799e-02],
       [-3.26560225e-02, -5.81470344e-02, -6.66229319e-03, -2.07106126e-02,  3.37986189e-02],
       [ 3.08004284e-02,  2.09059253e-02,  7.44908389e-03,  6.01764916e-02,  2.55052200e-02],
       [-6.82705197e-03, -9.86879431e-02,  9.35359587e-03,  3.28088489e-02,  2.55528397e-02],
       [-1.54239894e-02, -1.88542762e-02,  1.73121716e-03, -2.33074854e-02,  4.41209339e-02],
       [ 3.29347373e-02,  7.34154027e-02,  3.79034728e-02, -2.06142366e-02, -5.55830100e-02],
       [-1.08410554e-02, -3.77767573e-02, -3.06927000e-02,  6.82910853e-02,  4.29760261e-02],
       [-9.42439845e-02,  4.22486490e-02, -4.27213901e-02, -2.51616267e-02,  3.49466269e-02],
       [ 6.37742129e-02, -3.14176488e-02,  4.22523533e-02, -1.56563053e-03, -2.21315391e-02],
       [-7.38427987e-02,  3.45938108e-02, -1.46377601e-02, -2.95226797e-02,  2.52768969e-02],
       [-3.14556027e-02,  1.98372438e-02, -4.54230831e-02, -1.68822324e-02,  1.05134018e-02],
       [ 6.17976376e-02, -1.34238702e-02,  2.53646181e-02,  3.55277791e-02, -1.90991881e-02],
       [ 1.68901847e-02, -4.57855507e-02,  1.14282576e-02, -1.49112527e-02, -1.40091084e-02],
       [ 3.83236105e-02,  1.51414695e-02,  1.00156147e-02,  1.12253035e-03, -1.48908386e-02],
       [ 6.01323156e-02, -3.90890597e-02,  2.65755221e-02,  3.07177529e-02, -2.06107631e-02],
       [-8.45934611e-02,  3.61035924e-02, -5.47568153e-02, -2.49500512e-02,  3.01176115e-02],
       [ 6.42607054e-02, -4.49675179e-02,  4.64101985e-02, -9.16536021e-03, -2.57442552e-02],
       [ 3.99755906e-03, -2.24533040e-02, -2.44014968e-02,  5.30167527e-02,  5.97012391e-02],
       [-1.53605247e-02,  2.62992515e-02, -8.09386595e-02,  3.94600340e-02, -6.92893298e-02],
       [ 1.99385799e-02, -1.17240965e-02,  1.21591138e-01,  3.42132438e-02, -3.76970448e-02],
       [-1.66692934e-02, -6.24302869e-02,  1.40132691e-02, -6.65593054e-02,  5.24314753e-02],
       [ 8.43420186e-02,  6.81724342e-02,  3.17939236e-02,  7.98088863e-02,  4.17487210e-02],
       [ 1.93750366e-02, -1.25401152e-01,  3.81525266e-02,  2.87720436e-02,  3.82863540e-02],
       [ 2.72469500e-02,  1.20909181e-02,  3.64689093e-02, -6.95586448e-02,  6.49161527e-02],
       [-2.02693108e-02,  6.09114813e-02,  1.73506453e-02,  1.74346936e-02, -8.87852983e-02],
       [ 3.83585575e-02, -8.28701703e-03, -1.55679254e-02,  8.25909824e-02,  7.19544618e-02],
       [-5.41853089e-03, -7.06211116e-03,  1.85021221e-02,  1.83408843e-02,  4.93537915e-02],
       [-1.80963922e-02,  1.15627027e-02, -9.26106371e-02, -2.54182142e-03,  2.34776474e-02],
       [ 2.17162473e-02,  3.37163140e-02,  1.94781910e-02,  9.69207982e-03, -3.73949937e-02],
       [-4.23081730e-02, -4.48196470e-02, -1.43153457e-03, -7.28033901e-02, -2.60112353e-02],
       [-3.41230511e-03,  7.89963585e-02, -4.88939128e-03, -4.65773519e-02, -2.76759433e-02],
       [-5.43597572e-03, -2.26685490e-02,  1.25589601e-02,  7.96302423e-03, -5.01862395e-02],
       [-6.78448458e-03, -1.99813133e-02, -4.94383494e-02,  3.89052895e-02,  5.06925849e-02],
       [-7.30138535e-03, -1.61439269e-03,  4.22514071e-02, -8.86097979e-02, -4.36302258e-02],
       [ 1.98776224e-02, -1.48096699e-02,  7.01542625e-02,  3.93984718e-02, -2.83187340e-02],
       [-1.83827041e-02, -3.69802743e-02,  3.66755853e-02, -6.73462720e-02,  3.82444512e-02],
       [ 5.14785348e-02,  5.41933434e-02,  3.87469675e-02,  4.54017960e-02,  2.95027769e-02],
       [ 8.86034934e-03, -8.16576101e-02,  4.64071711e-02,  6.82235246e-03,  2.88507053e-02],
       [ 1.06368098e-02,  1.39937126e-02,  5.56248593e-02, -7.16790410e-02,  4.68423678e-02],
       [-1.93064139e-03,  2.74191607e-02, -3.56060168e-02,  4.13773245e-02, -6.28115450e-02],
       [ 1.98703750e-02,  6.27478168e-03,  3.06679794e-02,  3.82466081e-02,  5.96496895e-02],
       [-2.43376110e-02, -4.62184873e-03, -6.80243335e-02, -4.00837887e-02,  2.04517222e-02],
       [ 1.44115909e-02,  3.58008359e-02, -4.19056921e-02,  1.31731137e-02,  1.53466076e-02],
       [-5.69052022e-03, -3.36080806e-02, -4.39240553e-02, -3.62089224e-03,  1.62024023e-02],
       [-1.51602185e-02,  2.62751410e-02, -7.57091589e-02, -4.44058584e-02,  2.49174478e-02],
       [ 2.36696836e-02, -9.83108835e-03,  1.21413831e-01,  3.09923529e-02, -3.15696910e-02],
       [-8.90407859e-03,  2.11866979e-02, -1.06879462e-01,  5.09223466e-03,  2.79344249e-02],
       [-2.98146030e-02, -2.43852236e-02, -1.27700506e-02, -1.92577288e-02, -2.56422437e-02],
       [ 2.65895172e-03,  8.79141129e-02, -1.83442320e-02,  1.25017263e-02, -2.40398043e-02],
       [ 1.31953888e-02,  1.82026488e-02, -1.68234546e-02,  8.77115237e-02, -3.91270020e-02],
       [-2.25055034e-02, -5.43787633e-02, -1.13252833e-02, -5.87272034e-02,  4.54419255e-02],
       [ 5.71890470e-03,  3.12981455e-02,  1.87111725e-02, -4.11287316e-03, -4.87896757e-02],
       [-3.62102492e-02,  1.53528378e-02, -2.15407025e-02, -4.74843722e-02, -1.73960692e-02],
       [-5.86559863e-02, -7.11663681e-02, -2.43292622e-02, -2.75170690e-02, -2.98366675e-02],
       [ 6.67382993e-02,  5.72113510e-02,  1.09558783e-03,  6.62208982e-02,  4.06121648e-02],
       [-5.97914912e-02, -5.74821676e-02, -6.56283038e-03, -8.17571495e-02, -2.73088711e-02],
       [-1.47315774e-02,  6.34636197e-02, -3.23417789e-02,  1.13620603e-02, -2.96480211e-02],
       [ 1.08086434e-02, -1.19355704e-01,  1.39625655e-02,  2.08600803e-02,  3.87558903e-02],
       [-2.00217999e-02,  8.62300978e-02, -8.91997871e-03, -6.26661983e-02, -3.20529273e-02],
       [ 1.27664886e-02,  7.49863410e-03, -4.05769801e-03, -7.13431496e-02,  6.21222537e-02],
       [-3.09866302e-02, -4.06899405e-02,  5.88750681e-03, -9.03416684e-03, -5.45030909e-02],
       [ 2.03126990e-02, -7.53253239e-03, -5.14874764e-02,  6.33752814e-02,  6.21392371e-02]])})
2026-01-20 11:02:14,431 - final_problem_set.kxor_instance_n30_k2_m235_ell2_eps0.15_kappa1.0_rho0.8 - INFO - Running key extraction (n=30, m=235, ell=2, phase_qubits=13)
2026-01-20 11:02:14,441 - final_problem_set.kxor_instance_n30_k2_m235_ell2_eps0.15_kappa1.0_rho0.8 - INFO - Built voting matrix V (n=30, ell=2, dtype=complex128) in 0.009s
2026-01-20 11:02:14,442 - final_problem_set.kxor_instance_n30_k2_m235_ell2_eps0.15_kappa1.0_rho0.8 - INFO - Eval: adv=0.8383, hamming=0/30 (0.000), corr=1.000
2026-01-20 11:02:14,442 - final_problem_set.kxor_instance_n30_k2_m235_ell2_eps0.15_kappa1.0_rho0.8 - INFO - Key extraction complete: x_hat=12
2026-01-20 11:02:14,442 - final_problem_set.kxor_instance_n30_k2_m235_ell2_eps0.15_kappa1.0_rho0.8 - INFO - Finished step 'KeyExtractionStep' in 0.010s (success: True, problem=kxor_instance_n30_k2_m235_ell2_eps0.15_kappa1.0_rho0.8)
2026-01-20 11:02:14,442 - final_problem_set.kxor_instance_n30_k2_m235_ell2_eps0.15_kappa1.0_rho0.8 - INFO - SUCCESS: len(z_hat)=30
2026-01-20 11:02:14,442 - final_problem_set.kxor_instance_n30_k2_m235_ell2_eps0.15_kappa1.0_rho0.8 - INFO - Metrics: adv=0.8382978723404255, ham_frac=0.0, corr=1.0
2026-01-20 11:02:14,442 - final_problem_set.kxor_instance_n30_k2_m235_ell2_eps0.15_kappa1.0_rho0.8 - INFO - z_hat (full): [ 1, -1, -1,  1,  1,  1, -1, -1,  1, -1,  1, -1,  1,  1, -1, -1,  1,  1, -1,  1, -1,  1, -1, -1,  1,  1,  1,  1, -1,  1]
