2026-01-20 11:01:12,537 - final_problem_set.kxor_instance_n22_k2_m177_ell2_eps0.3_kappa1.0_rho0.0 - INFO - Starting iteration for /Users/julian/CodingProjects/UniT3/QuarticSpeedupK-XOR/z_Daphne/data/final_problem_set/kxor_instance_n22_k2_m177_ell2_eps0.3_kappa1.0_rho0.0.npz
2026-01-20 11:01:12,538 - final_problem_set.kxor_instance_n22_k2_m177_ell2_eps0.3_kappa1.0_rho0.0 - INFO - Loaded instance (n=22, m=177, k=2)
2026-01-20 11:01:12,538 - final_problem_set.kxor_instance_n22_k2_m177_ell2_eps0.3_kappa1.0_rho0.0 - INFO - Starting step 'ComputeKikuchiStep' (version 0.1) on problem kxor_instance_n22_k2_m177_ell2_eps0.3_kappa1.0_rho0.0 (fields={'ell': 2, 'threshold': 0.0})
2026-01-20 11:01:12,562 - final_problem_set.kxor_instance_n22_k2_m177_ell2_eps0.3_kappa1.0_rho0.0 - INFO - Finished step 'ComputeKikuchiStep' in 0.025s (success: True, problem=kxor_instance_n22_k2_m177_ell2_eps0.3_kappa1.0_rho0.0)
2026-01-20 11:01:12,562 - final_problem_set.kxor_instance_n22_k2_m177_ell2_eps0.3_kappa1.0_rho0.0 - INFO - Starting step 'ClassicalEigenvaluesStep' (version 0.1) on problem kxor_instance_n22_k2_m177_ell2_eps0.3_kappa1.0_rho0.0 (fields={'ell': 2, 'threshold': 0.0, 'kikuchi_matrix': <Dictionary Of Keys sparse matrix of dtype 'int64'
	with 5000 stored elements and shape (231, 231)>, 'num_eigenvalues': 5})
2026-01-20 11:01:12,683 - final_problem_set.kxor_instance_n22_k2_m177_ell2_eps0.3_kappa1.0_rho0.0 - INFO - Finished step 'ClassicalEigenvaluesStep' in 0.120s (success: True, problem=kxor_instance_n22_k2_m177_ell2_eps0.3_kappa1.0_rho0.0)
2026-01-20 11:01:12,683 - final_problem_set.kxor_instance_n22_k2_m177_ell2_eps0.3_kappa1.0_rho0.0 - INFO - Starting step 'KeyExtractionStep' (version 0.1) on problem kxor_instance_n22_k2_m177_ell2_eps0.3_kappa1.0_rho0.0 (fields={'ell': 2, 'threshold': 0.0, 'kikuchi_matrix': <Dictionary Of Keys sparse matrix of dtype 'int64'
	with 5000 stored elements and shape (231, 231)>, 'num_eigenvalues': 5, 'eigenvalues': array([-12.3433494 , -11.26688406, -10.23937038,   9.69210005,  10.06825009]), 'eigenvectors': array([[ 1.94701826e-02, -1.15382486e-01,  3.00849920e-02,  3.35667680e-03, -1.12585289e-01],
       [-9.90606995e-03, -7.01487241e-02,  1.28399412e-01,  1.29786786e-01,  1.02637819e-01],
       [-6.13598409e-02, -1.03107456e-01,  2.80467360e-02,  9.30886757e-03, -4.84063178e-02],
       [ 1.18353534e-02, -9.33932189e-02,  2.27454486e-02, -6.64081632e-02,  8.23326553e-02],
       [-5.76519287e-02,  7.36788407e-03, -3.35608260e-02, -1.56885399e-02, -4.23873002e-02],
       [ 9.04282833e-02,  5.96676627e-02,  9.21877868e-02,  1.38421749e-01,  1.21328609e-01],
       [-6.40166662e-02,  7.19277376e-02,  1.87155074e-02, -1.23479100e-02, -9.64704907e-02],
       [-8.49758532e-02,  4.47157142e-03, -4.49632318e-03,  3.06967904e-02,  1.22490422e-01],
       [ 1.07648843e-01,  6.11338144e-02,  4.32150932e-02,  8.42168043e-02,  4.52657229e-02],
       [ 5.31812958e-02,  3.27327532e-02, -3.16910857e-02,  3.72922906e-02,  1.92821517e-02],
       [-6.56982832e-02, -5.65485632e-02, -7.90633335e-02,  1.69857481e-01,  7.84732445e-02],
       [ 8.36961673e-02,  9.67610025e-02,  1.18408015e-01, -1.60736332e-01,  8.84666804e-02],
       [ 9.83647857e-02,  5.36548860e-02,  5.87289631e-02, -1.70573004e-01,  9.15556044e-02],
       [ 6.17825477e-02, -1.20869183e-03, -8.29177415e-02,  1.09836155e-01,  1.39317177e-01],
       [ 8.14534335e-02,  5.99386948e-02, -6.38513933e-03,  6.55498342e-02, -6.75641333e-02],
       [ 8.23010787e-02,  1.29620470e-01,  6.89380530e-02,  7.68957680e-02, -3.26327329e-02],
       [-6.66121649e-02,  2.04581559e-02, -1.03710524e-02,  7.41249355e-03,  7.08257068e-02],
       [ 8.28708988e-02,  2.11965363e-02,  1.15153263e-01,  9.72708449e-02, -6.94130018e-02],
       [-1.03398903e-01, -6.49264434e-02, -9.71203092e-02,  6.45955192e-02,  1.19507058e-01],
       [-1.02552479e-01, -6.44880788e-02, -2.89577284e-02, -2.45650193e-02,  7.54718050e-02],
       [ 6.69076770e-03, -7.88836778e-02, -6.44360050e-02, -1.35649881e-01,  1.72969946e-02],
       [ 4.88256060e-03, -6.92928327e-03, -2.34908538e-02,  1.02261028e-01,  1.36150620e-01],
       [ 1.91748309e-02, -5.39327688e-02, -4.70689981e-03, -2.16527212e-03, -8.23418543e-02],
       [-2.25989617e-04,  1.11981455e-02,  1.74753896e-03, -8.17291067e-02,  5.30652414e-02],
       [ 1.79975899e-03, -5.83303448e-02,  9.10122210e-03, -1.08695056e-02, -4.14556019e-02],
       [-2.68544271e-02,  1.22593168e-01, -5.23939259e-02,  1.23835825e-01,  1.60077595e-01],
       [ 8.76192674e-03, -5.28927686e-02,  1.34657350e-02,  6.47719805e-03, -8.20065116e-02],
       [ 1.03732380e-02, -8.72365425e-02,  2.11717405e-02,  1.87209808e-02,  1.24555496e-01],
       [-3.16219490e-02,  1.35261348e-01, -2.86287693e-02,  5.46046274e-02,  5.45391131e-02],
       [-1.10381513e-02,  5.02518634e-02,  2.25133543e-03,  5.68400838e-03, -1.71357688e-02],
       [ 1.72284701e-02, -7.59630205e-02,  2.26020161e-02,  1.47449093e-01,  1.12598006e-01],
       [-3.88537608e-02,  1.34974530e-01, -5.87761873e-02, -1.54681913e-01,  2.81553890e-02],
       [-9.23293194e-03,  1.33294282e-01, -3.61695238e-02, -1.65752407e-01,  2.00841310e-02],
       [-4.16216773e-03,  5.14208757e-02,  4.36890188e-03,  1.01173367e-01,  1.91658805e-01],
       [-2.12146458e-02,  1.09042942e-01, -2.44113172e-02,  7.89161060e-02, -5.85741034e-02],
       [-3.75945392e-02,  9.34386944e-02, -4.13287618e-02,  4.75615585e-02, -2.33264649e-02],
       [ 8.21685111e-03, -7.97297533e-02,  2.78764622e-02,  2.69637108e-02,  1.02008372e-01],
       [-1.22020204e-02,  1.14248499e-01, -1.94340242e-02,  1.04225090e-01, -7.24751411e-02],
       [ 3.98629661e-02, -1.62679301e-01,  6.33465368e-02,  2.57230756e-02,  1.08622649e-01],
       [ 4.36516681e-02, -1.46800728e-01,  3.52586770e-02, -5.86304038e-02,  2.58399679e-02],
       [ 1.87130693e-03, -1.08056422e-02,  1.43482457e-02, -1.36933564e-01, -3.75462591e-02],
       [-2.37184676e-04, -3.97438836e-02,  6.42678416e-02, -4.38686639e-02,  1.16360958e-02],
       [-3.08855249e-03, -8.85820775e-03,  6.14233655e-03, -9.47694660e-05, -1.26467820e-01],
       [-1.17162712e-02, -3.15343285e-02,  7.20333681e-02,  3.24998539e-02,  2.10476789e-02],
       [ 2.16744516e-02,  8.51646262e-02, -1.49151514e-01, -1.45176266e-01, -1.82262318e-02],
       [-5.56023098e-03, -2.16967865e-02,  7.30685755e-02,  8.93996602e-02,  6.96968234e-02],
       [-1.35444530e-02, -4.50919725e-02,  1.14857683e-01, -5.56904284e-02, -4.64429602e-02],
       [ 6.45651422e-03,  8.48695145e-02, -1.38795571e-01, -7.47952042e-02, -1.14429252e-02],
       [ 2.05386151e-03,  2.98464315e-02, -5.05425128e-02, -5.66018728e-02, -4.48524910e-02],
       [-1.47794265e-02, -5.50971696e-02,  7.59090320e-02, -1.38313858e-01,  1.21731162e-02],
       [ 2.22014257e-02,  1.05564640e-01, -1.35921829e-01,  8.06420119e-02, -1.11559045e-01],
       [ 1.95679614e-02,  8.36129885e-02, -1.66294852e-01,  1.08823033e-01, -1.23114290e-01],
       [ 3.92435086e-03,  2.65244386e-02, -5.39666559e-02, -1.35625010e-01, -2.84815310e-02],
       [-2.06043181e-03,  6.66416477e-02, -1.17876124e-01, -1.13741909e-02,  9.97430452e-02],
       [ 1.51816663e-02,  8.35876274e-02, -1.28286175e-01, -7.19580392e-02,  1.86129419e-02],
       [-7.26178148e-03, -4.74528296e-02,  1.00683263e-01, -2.19101927e-03,  8.86174954e-03],
       [ 2.95835129e-02,  6.62214502e-02, -1.09889189e-01, -7.56656092e-02,  8.80372613e-02],
       [-3.23083540e-02, -1.05502080e-01,  1.72792032e-01, -1.35761956e-01, -6.04510883e-02],
       [-5.08250372e-03, -9.52326599e-02,  1.61003190e-01, -6.26386955e-02, -1.29942488e-01],
       [-1.07142711e-03, -1.98675396e-02,  4.41439101e-03,  7.41178490e-02, -8.81807747e-02],
       [ 1.04702940e-03, -5.37639980e-02, -3.42272320e-03,  2.05692239e-02,  3.81889846e-02],
       [-4.14372013e-02, -1.54085242e-02,  3.01876870e-02,  1.08872356e-02, -4.82814803e-03],
       [ 8.28887079e-02,  8.20278789e-02, -4.87081597e-02, -5.25054233e-02, -4.29551830e-03],
       [-3.94999123e-02,  2.99254752e-02,  6.54066766e-02,  1.87454484e-02, -3.96241087e-02],
       [-5.23784577e-02, -2.18487139e-02,  6.04186678e-02, -3.11582916e-02,  1.31467344e-02],
       [ 6.21797866e-02,  7.17818977e-02, -7.07813588e-02, -5.03305059e-04,  7.33089991e-03],
       [ 2.86688120e-02,  2.73566139e-02, -4.72718903e-02,  1.26045834e-02,  2.79573954e-02],
       [-4.41758933e-02, -5.69824713e-02,  1.37678128e-02, -3.32132532e-02, -7.27826454e-03],
       [ 6.38403401e-02,  1.00788232e-01, -3.31162385e-02,  8.71789907e-03,  4.52524057e-02],
       [ 8.82604626e-02,  8.19862430e-02, -6.80573330e-02,  2.30839539e-02,  5.25431129e-02],
       [ 3.57524547e-02,  7.82184726e-03, -8.33454456e-02, -5.18699462e-02,  5.41779197e-03],
       [ 5.12233092e-02,  6.71094698e-02, -7.08097617e-02, -1.83804295e-02, -2.74666197e-02],
       [ 5.69052564e-02,  9.71235930e-02, -4.35293054e-02,  1.74616524e-02, -3.33303764e-03],
       [-5.30683462e-02, -1.51502500e-02,  6.45131404e-02, -3.88000296e-02, -1.18038902e-02],
       [ 6.48466486e-02,  5.18508700e-02, -2.15483006e-02, -9.51773213e-03, -1.52602474e-02],
       [-1.03496004e-01, -9.97272059e-02,  5.98998433e-02, -1.08039179e-02,  5.49992559e-02],
       [-8.15184658e-02, -8.71691016e-02,  9.78105052e-02,  1.81275088e-02,  5.25931921e-02],
       [-1.87187967e-04, -6.01478659e-02, -3.92643862e-02,  2.73380777e-02,  4.43418108e-02],
       [ 2.29055648e-03, -5.40025815e-02,  6.97269733e-04, -1.44497888e-02,  3.21425076e-02],
       [-1.37840171e-02,  1.07718823e-01, -3.39094825e-02,  4.73734554e-03, -1.20419099e-01],
       [-8.06085170e-03, -3.55604673e-02,  1.96358719e-02, -6.58033595e-02,  8.78007407e-02],
       [ 3.41594830e-03, -7.53933130e-02,  1.44627976e-02,  3.72929244e-02, -9.92596395e-02],
       [ 1.36903658e-02,  1.15137628e-01, -2.15905096e-02, -4.10398429e-03, -4.64694166e-02],
       [ 2.52325081e-04,  4.55897778e-02, -7.58218210e-04,  1.55958642e-02,  2.74558579e-03],
       [ 2.92529721e-03, -6.73502925e-02,  3.93758760e-03, -1.87119753e-02, -9.90725260e-02],
       [-3.85418856e-03,  1.23083318e-01, -2.18227072e-02,  7.88745781e-02, -1.25214896e-02],
       [-1.84485544e-02,  1.19787588e-01, -1.93137910e-02,  6.29858133e-02, -5.56116213e-03],
       [ 2.23857961e-03,  4.42267247e-02, -5.24253399e-03,  2.64063428e-02, -1.49601231e-01],
       [ 4.16961051e-04,  9.95358336e-02, -2.62897255e-02, -3.05389454e-02,  1.57570651e-02],
       [-1.56144120e-02,  8.52242671e-02, -2.02009186e-02, -2.38667316e-02,  1.70086019e-02],
       [-8.19222546e-04, -7.11380353e-02,  2.31490028e-02,  1.18298087e-02, -8.01707102e-02],
       [ 3.10481877e-03,  9.73448901e-02,  6.81857972e-03, -2.63939549e-02,  1.84538902e-02],
       [ 4.18917010e-03, -1.35433494e-01,  2.88790935e-02,  5.99588683e-02, -1.15950991e-01],
       [-5.83901545e-03, -1.23435597e-01,  3.79497239e-02,  5.40105794e-02, -7.79594859e-03],
       [ 5.86747163e-03, -1.66083905e-02, -2.95555537e-03,  5.90903347e-02,  3.71825073e-02],
       [ 6.26974981e-02, -4.11151879e-02,  2.94854766e-02,  2.46110592e-02,  2.12119673e-02],
       [-2.91567586e-02,  7.16331097e-02,  3.27388280e-02, -4.92416881e-03, -2.94292650e-02],
       [-3.84812713e-02,  4.49382388e-02,  1.48316451e-02,  2.89985473e-03,  2.02097272e-02],
       [ 7.49420780e-02, -4.80281671e-02, -8.66041308e-03,  2.26033555e-02,  1.12948270e-02],
       [ 2.71542958e-02, -1.18632202e-02, -3.03301867e-02,  1.58475542e-02,  1.07874214e-02],
       [-4.07649713e-02,  1.79332304e-02, -2.27897800e-02,  3.84352809e-02,  1.08544672e-02],
       [ 7.92372003e-02, -2.05407054e-02,  6.01775359e-02, -3.48942701e-02,  2.97264337e-02],
       [ 5.46750737e-02, -4.26741315e-02,  3.62539659e-03, -3.81270193e-02,  2.95946629e-02],
       [ 2.48504689e-02, -3.45239259e-02, -6.25355824e-02,  2.15694624e-02,  3.03013230e-02],
       [ 6.09761103e-02, -2.57782589e-02, -2.16620549e-02,  1.44614565e-02, -2.75552431e-02],
       [ 6.19266045e-02,  1.31993393e-03,  1.85387008e-02,  2.21162969e-02, -5.16001225e-03],
       [-4.23544749e-02,  5.63020888e-02,  9.31853515e-03, -5.39309030e-03,  8.64947182e-03],
       [ 5.09069772e-02, -4.75889813e-02,  3.12859669e-02,  2.27524135e-02, -2.21362980e-02],
       [-8.04083525e-02,  5.69315785e-02, -3.03003846e-02,  2.21610192e-02,  3.78364764e-02],
       [-8.18626850e-02,  5.06626653e-02,  1.31656333e-02, -2.44388824e-04,  3.34181716e-02],
       [-7.47023836e-03, -4.00695060e-02, -4.46626817e-02, -2.44323362e-02,  1.71135140e-02],
       [ 5.00600036e-02, -1.05903993e-01, -3.75061102e-02,  7.07572296e-02,  7.91595490e-02],
       [ 7.47612439e-02, -4.45534404e-02, -2.05668351e-02, -4.43136259e-02, -4.48974861e-02],
       [-1.20160678e-01,  3.26994929e-03, -2.16876379e-02, -9.18048038e-02, -1.77261695e-02],
       [-5.90173665e-02, -5.37061871e-03,  5.08047201e-02, -8.55849837e-02, -5.65290809e-02],
       [ 6.16055291e-02,  7.91620092e-03,  5.94370661e-02, -1.02023695e-01,  1.18626057e-02],
       [-9.85734409e-02, -4.21426224e-02, -1.19172427e-01,  6.97870298e-02, -1.11580453e-01],
       [-1.05902060e-01,  4.63532441e-03, -3.89518001e-02,  6.62354955e-02, -1.23949797e-01],
       [-6.08230671e-02,  3.52978161e-02,  1.14462562e-01, -8.50870873e-02, -2.49816538e-02],
       [-1.06652609e-01, -3.03181834e-02,  3.19482933e-02, -1.20244220e-02,  9.46361093e-02],
       [-7.36225870e-02, -6.19492271e-02, -3.41678563e-02, -7.99975957e-02,  1.29492821e-02],
       [ 6.26754981e-02, -4.93072141e-02, -2.75765082e-03,  3.78090693e-02,  1.70605663e-02],
       [-1.03699861e-01,  4.12145137e-02, -1.36459243e-01, -3.96955570e-02,  8.21054937e-02],
       [ 1.01056064e-01, -1.14091400e-02,  7.78442174e-02, -1.26733917e-01, -7.70282680e-02],
       [ 1.00116039e-01, -5.71183524e-04,  2.72175069e-03, -6.31625315e-02, -1.36520262e-01],
       [ 1.70132910e-02,  9.24654108e-02,  8.95753440e-02,  2.49004594e-02, -9.18049303e-02],
       [-3.17612976e-02,  8.37987725e-02,  5.59513598e-02,  1.24415515e-02,  6.67356959e-02],
       [ 4.65360403e-02, -1.10357969e-01, -5.98072743e-02,  5.73600800e-02,  3.91119157e-02],
       [ 2.55320634e-02, -4.73169299e-02, -6.00049343e-02,  2.54550879e-02,  1.50549852e-02],
       [-3.73953094e-02,  6.80013165e-02,  2.27833191e-02,  1.03917720e-01,  4.57170063e-02],
       [ 7.47410561e-02, -9.85233161e-02, -6.41442247e-04, -9.84782071e-02,  5.19787235e-02],
       [ 6.10817427e-02, -1.22092041e-01, -7.26964194e-02, -1.08397476e-01,  6.22610733e-02],
       [ 1.46477796e-02, -5.70772660e-02, -8.48405234e-02,  6.19773835e-02,  9.74756930e-02],
       [ 5.15581321e-02, -8.06955400e-02, -7.14533065e-02,  5.48965459e-02, -7.19568494e-02],
       [ 5.45512799e-02, -6.93165577e-02, -4.99843130e-02,  4.36536021e-02, -1.80627156e-02],
       [-2.79042564e-02,  7.56893532e-02,  3.24576767e-02,  8.40013476e-03,  3.38541682e-02],
       [ 5.49752189e-02, -1.19624849e-01, -1.57596131e-02,  6.85471443e-02, -7.17427167e-02],
       [-5.43685730e-02,  1.32476211e-01,  5.21976788e-02,  3.50563650e-02,  7.31316936e-02],
       [-4.75151180e-02,  1.15902268e-01,  6.54351663e-02, -2.55902548e-02,  6.58402046e-02],
       [-1.87166286e-02, -1.62727691e-02, -2.67998765e-02, -8.42054253e-02,  2.14260023e-02],
       [ 1.00349228e-01, -6.00129395e-02, -5.99059113e-02, -4.70182121e-02, -2.99642282e-02],
       [ 4.25398915e-02, -1.93070085e-02, -6.71768050e-02, -3.37224303e-02, -3.31206725e-02],
       [-5.87069416e-02,  2.46926575e-02, -2.11870447e-03, -7.84192277e-02, -2.05235220e-02],
       [ 1.07843245e-01, -2.41664413e-02,  2.60015313e-02,  7.43619983e-02, -8.14433906e-02],
       [ 7.93027747e-02, -5.20626963e-02, -4.24544767e-02,  7.78210549e-02, -8.66861320e-02],
       [ 2.80458078e-02, -3.76684964e-02, -9.35901621e-02, -3.76322225e-02, -6.64381749e-02],
       [ 7.05486837e-02, -2.43297053e-02, -6.18664358e-02, -3.87589637e-02,  8.68678940e-02],
       [ 8.14611956e-02,  4.81584047e-03, -3.14272508e-02, -4.89535166e-02,  1.48675000e-02],
       [-5.28253274e-02,  6.71779774e-02,  3.99522683e-02,  9.37837251e-03, -1.40094045e-02],
       [ 8.81652716e-02, -7.57877554e-02,  2.32354269e-02, -5.93333329e-02,  7.27565802e-02],
       [-1.08013609e-01,  6.81429290e-02,  2.39273222e-02, -4.67198563e-02, -9.02725926e-02],
       [-1.05315657e-01,  5.84837653e-02,  8.23012792e-02, -3.60213033e-04, -9.87385409e-02],
       [-1.71605840e-02, -5.10446201e-02, -5.35834340e-02,  4.69459419e-02, -5.74899684e-02],
       [-5.88562148e-02, -2.71539997e-03,  7.40007706e-02, -2.60257642e-02, -1.63833271e-02],
       [ 6.81980536e-02,  1.36977561e-02,  3.07733833e-02, -7.35290025e-02, -5.22532859e-03],
       [-1.09361203e-01, -4.31144921e-02, -6.80000263e-02,  4.44829765e-02, -4.03812113e-02],
       [-1.52133047e-01,  1.11794857e-02,  2.09753444e-02,  5.90768594e-02, -4.26289121e-02],
       [-6.08557344e-02,  4.19255526e-02,  1.36668897e-01, -9.44553240e-02, -2.28756918e-02],
       [-9.92745287e-02, -1.65159005e-02,  6.29783252e-02, -5.03756063e-03,  3.31586896e-02],
       [-1.06790989e-01, -8.12224592e-02, -4.62921821e-04, -3.03508461e-02,  8.39992179e-03],
       [ 8.34392485e-02, -6.65488782e-02, -3.50810402e-02, -9.85842600e-03, -4.00008055e-03],
       [-1.03318732e-01,  3.92611593e-02, -6.21127139e-02, -2.65449726e-02,  3.15060603e-02],
       [ 1.28693104e-01, -6.24396563e-03,  1.76950123e-02, -7.21176538e-02, -2.51660734e-02],
       [ 1.14128153e-01,  4.66192994e-05, -4.64850238e-02, -3.01040162e-02, -4.96778767e-02],
       [ 1.06733637e-02,  9.69713388e-02,  8.05061227e-02,  4.42400396e-02, -2.74180621e-02],
       [ 3.06816821e-02,  9.62179474e-03, -2.12074471e-02, -6.65794055e-02, -4.80516709e-02],
       [-6.67318680e-02, -3.06809947e-02,  2.60365225e-02,  4.95343819e-02,  1.39286307e-02],
       [-6.61906832e-02, -2.79296570e-03,  7.56532295e-02,  6.64665097e-02,  2.09759464e-02],
       [-2.16424422e-02,  1.53243853e-02,  6.64469303e-02, -9.09227662e-02, -6.53959667e-02],
       [-5.23223670e-02, -1.26412058e-02,  7.62526963e-02, -1.41912015e-02,  5.16817077e-03],
       [-5.01529266e-02, -3.75465800e-02,  4.64485951e-02, -1.48357744e-02,  3.34091940e-03],
       [ 4.51874332e-02, -2.70966356e-02, -6.07630650e-02, -2.60767221e-02, -3.43959820e-02],
       [-5.53293526e-02,  8.69039487e-03,  2.87679114e-02, -2.85479824e-02,  8.65263010e-03],
       [ 7.35418098e-02,  5.72324344e-03, -6.24666351e-02, -4.31662653e-02, -2.29682308e-02],
       [ 5.69303124e-02,  4.59131682e-03, -7.90208953e-02,  5.05367335e-03,  1.37873389e-02],
       [ 7.40992380e-03,  4.24392266e-02,  2.88693891e-02,  6.10958089e-02,  3.74224874e-02],
       [ 7.49964741e-02,  4.82070482e-02,  1.06142105e-01,  4.53683265e-02, -8.70490364e-02],
       [ 8.37051923e-02,  9.96071895e-03,  4.84135888e-02,  5.28810439e-02, -9.91665615e-02],
       [ 3.53051807e-02, -1.96026267e-02, -5.92834023e-02, -1.19946949e-01,  8.09193271e-03],
       [ 7.44432904e-02,  2.82190677e-02,  5.34442911e-03,  3.32217559e-03,  7.50827587e-02],
       [ 5.17645966e-02,  4.93666890e-02,  4.62146020e-02, -4.70367907e-02,  6.18860261e-03],
       [-6.24137445e-02,  3.35578055e-02, -1.48583701e-02,  1.57744332e-02,  2.62067805e-02],
       [ 5.69765834e-02, -4.01618085e-03,  7.76275889e-02, -2.06906120e-02,  6.44993300e-02],
       [-8.16325884e-02, -1.20993342e-02, -7.89623064e-02, -1.58443585e-01, -3.49940421e-02],
       [-8.37075933e-02, -1.49618278e-02, -2.75698764e-02, -7.92341777e-02, -1.09663055e-01],
       [-4.08908898e-03, -6.12702506e-02, -5.33270098e-02,  1.74053665e-02, -7.56277169e-02],
       [-1.61456693e-01, -5.56357892e-02, -1.25828024e-01,  3.34375063e-02,  1.11909371e-02],
       [-8.44827220e-02,  9.80682080e-03,  8.18455336e-02,  1.05201632e-01, -1.31921200e-01],
       [-1.03584125e-01, -5.92482807e-02, -7.37425859e-03, -5.55102421e-02,  1.41820887e-02],
       [-8.68265619e-02, -1.17814184e-01, -8.71842526e-02,  2.01494339e-02,  1.44683646e-02],
       [ 7.83861980e-02, -3.88066929e-02,  2.20636824e-02, -8.86541097e-03, -7.47076246e-02],
       [-1.00931306e-01, -1.07445083e-03, -1.63088764e-01, -2.87388096e-02,  2.41503051e-02],
       [ 1.22118261e-01,  4.92455888e-02,  1.43703163e-01,  1.38607747e-01, -8.03821209e-02],
       [ 1.13290274e-01,  5.23028072e-02,  5.72251266e-02,  9.92329225e-02,  3.17940903e-03],
       [-4.13193036e-03,  9.88470185e-02,  7.44344459e-02,  3.19133076e-02,  3.45734627e-02],
       [-4.46419587e-02,  3.86372872e-02,  1.32427179e-01,  9.83618572e-02, -1.53432957e-01],
       [-1.06445127e-01, -2.06314324e-02,  4.96118012e-02, -4.63787700e-02,  1.34318139e-02],
       [-1.05286321e-01, -7.26182245e-02, -1.81157874e-02,  2.46630244e-02,  1.67063867e-02],
       [ 7.23718888e-02, -5.87152254e-02, -2.04414406e-02, -1.46651038e-02, -8.88970170e-02],
       [-1.12151222e-01,  4.12967171e-02, -9.13473252e-02, -2.79855988e-02,  2.21355626e-02],
       [ 1.37351430e-01, -1.48931276e-02,  4.28199581e-02,  1.51529234e-01, -9.01921039e-02],
       [ 1.57265325e-01, -7.03035754e-03, -4.72597502e-02,  1.10684214e-01,  1.35078179e-02],
       [ 6.12949813e-03,  9.86638246e-02,  9.66471028e-02,  3.86405861e-02,  4.61730784e-02],
       [-4.05577054e-02,  1.91163631e-02,  1.02629701e-01, -3.84153638e-02,  1.10039469e-01],
       [-5.58532183e-02,  2.40916040e-03,  1.09508410e-01, -7.99997489e-02,  2.24279724e-02],
       [ 3.01217431e-02, -3.52319873e-02, -7.52298364e-02,  3.40386599e-02,  1.07687694e-02],
       [-5.87716891e-02,  4.99938787e-02,  8.41450678e-02, -6.54498854e-02,  1.03830074e-01],
       [ 6.33143672e-02, -4.30692300e-02, -1.40207084e-01, -1.13865128e-01, -9.20881954e-02],
       [ 6.70900726e-02, -3.96873219e-02, -1.57705127e-01, -4.72873716e-02, -1.62486636e-01],
       [ 1.19106331e-02,  3.25771630e-02,  2.03992561e-02,  5.20923988e-02, -1.09213781e-01],
       [-9.84212087e-02, -9.46292518e-02,  4.37851715e-02,  1.34106773e-02, -1.38381185e-02],
       [ 5.66879049e-02, -3.28150473e-02, -4.73880579e-02, -1.52400429e-02,  5.74356604e-02],
       [-1.17918825e-01,  1.65642627e-02, -2.76433011e-02,  1.62331329e-02, -1.51999581e-02],
       [ 1.33756252e-01,  2.76898160e-02, -3.66033646e-02, -6.01345862e-02,  9.34973505e-02],
       [ 1.19285784e-01,  3.16423581e-02, -1.03758470e-01, -5.17063073e-02,  1.60568711e-02],
       [ 3.42780095e-04,  7.27668717e-02,  6.73640464e-02, -5.24989438e-02, -2.44644362e-02],
       [ 8.03820780e-02,  2.27697374e-03, -1.83127336e-02, -1.23347982e-02,  9.76313179e-03],
       [-9.52485419e-02, -3.91435518e-02, -1.05710624e-01,  8.28786439e-03, -1.25909720e-02],
       [ 9.57397566e-02,  8.24206161e-02,  4.47086199e-02, -5.66534867e-02,  3.23086856e-02],
       [ 9.44220192e-02,  8.06841242e-02, -1.84701180e-02, -3.39991904e-02,  1.38382213e-02],
       [ 5.58822485e-03,  9.76219855e-02,  7.68659652e-02,  2.05423364e-02,  1.03311287e-02],
       [ 7.87848991e-02, -8.48477019e-02,  3.65751405e-02, -1.15050536e-02,  5.12985751e-02],
       [-9.02491256e-02,  7.65023865e-02, -1.37250759e-03, -1.51117086e-02, -3.47252381e-02],
       [-7.57566897e-02,  5.90916447e-02,  4.63503636e-02, -9.85967951e-03, -8.62213364e-02],
       [-1.11247770e-02, -4.34069529e-02, -4.45910724e-02, -2.70230261e-02, -7.72708690e-02],
       [ 1.10784533e-01, -5.00220477e-02,  1.37791043e-01, -8.17640759e-02,  1.04305770e-01],
       [ 1.27030739e-01, -4.64174210e-02,  7.26004934e-02, -5.34526399e-02,  2.17336445e-02],
       [ 5.17960591e-03,  8.32071875e-02,  8.06930940e-02, -3.37712434e-02, -8.67576783e-03],
       [-1.25175047e-01,  4.81551363e-03, -8.53081882e-04,  8.62164649e-03, -1.07537228e-01],
       [-1.38783998e-02, -1.14999953e-01, -1.01489952e-01,  1.11981985e-01, -4.65126766e-02],
       [-2.35805043e-02, -1.07730150e-01, -7.77436119e-02,  8.71466668e-02,  5.14764843e-02]])})
2026-01-20 11:01:12,685 - final_problem_set.kxor_instance_n22_k2_m177_ell2_eps0.3_kappa1.0_rho0.0 - INFO - Running key extraction (n=22, m=177, ell=2, phase_qubits=12)
2026-01-20 11:01:12,688 - final_problem_set.kxor_instance_n22_k2_m177_ell2_eps0.3_kappa1.0_rho0.0 - INFO - Built voting matrix V (n=22, ell=2, dtype=complex128) in 0.003s
2026-01-20 11:01:12,689 - final_problem_set.kxor_instance_n22_k2_m177_ell2_eps0.3_kappa1.0_rho0.0 - INFO - Eval: adv=0.2316 (no ground-truth z available)
2026-01-20 11:01:12,689 - final_problem_set.kxor_instance_n22_k2_m177_ell2_eps0.3_kappa1.0_rho0.0 - INFO - Key extraction complete: x_hat=0
2026-01-20 11:01:12,689 - final_problem_set.kxor_instance_n22_k2_m177_ell2_eps0.3_kappa1.0_rho0.0 - INFO - Finished step 'KeyExtractionStep' in 0.004s (success: True, problem=kxor_instance_n22_k2_m177_ell2_eps0.3_kappa1.0_rho0.0)
2026-01-20 11:01:12,689 - final_problem_set.kxor_instance_n22_k2_m177_ell2_eps0.3_kappa1.0_rho0.0 - INFO - SUCCESS: len(z_hat)=22
2026-01-20 11:01:12,689 - final_problem_set.kxor_instance_n22_k2_m177_ell2_eps0.3_kappa1.0_rho0.0 - INFO - Metrics: adv=0.23163841807909605, ham_frac=None, corr=None
2026-01-20 11:01:12,689 - final_problem_set.kxor_instance_n22_k2_m177_ell2_eps0.3_kappa1.0_rho0.0 - INFO - z_hat (full): [-1, -1,  1, -1,  1, -1,  1, -1,  1,  1,  1,  1,  1,  1,  1, -1, -1,  1, -1,  1,  1,  1]
