2026-01-20 11:01:12,808 - final_problem_set.kxor_instance_n22_k2_m177_ell2_eps0.3_kappa1.0_rho0.4 - INFO - Starting iteration for /Users/julian/CodingProjects/UniT3/QuarticSpeedupK-XOR/z_Daphne/data/final_problem_set/kxor_instance_n22_k2_m177_ell2_eps0.3_kappa1.0_rho0.4.npz
2026-01-20 11:01:12,809 - final_problem_set.kxor_instance_n22_k2_m177_ell2_eps0.3_kappa1.0_rho0.4 - INFO - Loaded instance (n=22, m=177, k=2)
2026-01-20 11:01:12,809 - final_problem_set.kxor_instance_n22_k2_m177_ell2_eps0.3_kappa1.0_rho0.4 - INFO - Starting step 'ComputeKikuchiStep' (version 0.1) on problem kxor_instance_n22_k2_m177_ell2_eps0.3_kappa1.0_rho0.4 (fields={'ell': 2, 'threshold': 0.0})
2026-01-20 11:01:12,834 - final_problem_set.kxor_instance_n22_k2_m177_ell2_eps0.3_kappa1.0_rho0.4 - INFO - Finished step 'ComputeKikuchiStep' in 0.025s (success: True, problem=kxor_instance_n22_k2_m177_ell2_eps0.3_kappa1.0_rho0.4)
2026-01-20 11:01:12,834 - final_problem_set.kxor_instance_n22_k2_m177_ell2_eps0.3_kappa1.0_rho0.4 - INFO - Starting step 'ClassicalEigenvaluesStep' (version 0.1) on problem kxor_instance_n22_k2_m177_ell2_eps0.3_kappa1.0_rho0.4 (fields={'ell': 2, 'threshold': 0.0, 'kikuchi_matrix': <Dictionary Of Keys sparse matrix of dtype 'int64'
	with 4960 stored elements and shape (231, 231)>, 'num_eigenvalues': 5})
2026-01-20 11:01:12,930 - final_problem_set.kxor_instance_n22_k2_m177_ell2_eps0.3_kappa1.0_rho0.4 - INFO - Finished step 'ClassicalEigenvaluesStep' in 0.097s (success: True, problem=kxor_instance_n22_k2_m177_ell2_eps0.3_kappa1.0_rho0.4)
2026-01-20 11:01:12,930 - final_problem_set.kxor_instance_n22_k2_m177_ell2_eps0.3_kappa1.0_rho0.4 - INFO - Starting step 'KeyExtractionStep' (version 0.1) on problem kxor_instance_n22_k2_m177_ell2_eps0.3_kappa1.0_rho0.4 (fields={'ell': 2, 'threshold': 0.0, 'kikuchi_matrix': <Dictionary Of Keys sparse matrix of dtype 'int64'
	with 4960 stored elements and shape (231, 231)>, 'num_eigenvalues': 5, 'eigenvalues': array([-10.3014213 , -10.06937999,  10.02257474,  10.42468268,  11.72719499]), 'eigenvectors': array([[ 1.62809831e-02, -2.96298013e-02, -1.46921656e-02, -5.22074845e-02, -3.96346231e-02],
       [-1.03597604e-02,  2.94636331e-02, -1.00753581e-01,  2.12409223e-03, -9.64937874e-02],
       [ 1.40232693e-02, -5.63786539e-02, -3.61203871e-02,  4.88490500e-02,  1.11456370e-01],
       [-5.00341344e-03, -3.30379254e-02, -1.44920826e-02,  1.40362946e-03, -1.39578649e-01],
       [-1.02022751e-02,  3.12042981e-02, -1.13988971e-01,  3.00982922e-02,  6.07725351e-02],
       [-9.62640345e-03,  3.41802234e-02, -7.34068932e-03, -1.04764621e-01,  7.88827187e-02],
       [ 6.50790165e-03,  5.88239157e-03, -4.13197372e-02, -1.78009727e-02,  1.44852309e-01],
       [ 2.88880454e-02, -6.07701407e-02,  1.29039296e-02, -4.78925771e-02,  5.40306081e-02],
       [-5.33750388e-03,  7.15854208e-02, -1.11179097e-01, -4.30252114e-02, -1.04170607e-01],
       [ 2.42367262e-02,  9.23382238e-03, -1.31181098e-01,  2.70370477e-02, -1.03491704e-01],
       [-4.15446595e-03,  2.15438296e-03, -7.28706873e-02,  4.53167106e-02,  1.98149565e-02],
       [-2.32559026e-02,  5.42080084e-02, -5.41069114e-02,  1.53452518e-01,  3.98014861e-03],
       [ 5.68867602e-03, -5.64898479e-02, -1.71665084e-02,  8.10853195e-02, -7.75502657e-02],
       [-1.54019903e-02,  8.11345785e-02,  8.93880391e-02, -5.21950581e-02,  1.21855117e-01],
       [-1.92003981e-02,  5.84509462e-02,  1.07642047e-01, -7.49319012e-03, -4.35523401e-03],
       [ 3.05538417e-03,  2.25215307e-02, -3.89306465e-02, -9.16616288e-02, -5.86137567e-02],
       [ 8.03058481e-03, -3.91972299e-02, -2.73179977e-04, -4.85531390e-02, -1.26090861e-01],
       [-1.73770911e-02, -3.22026281e-03, -7.59868723e-02, -3.69110268e-02,  1.43105347e-03],
       [-1.08430921e-02, -4.15950856e-02,  2.24211668e-02, -1.21247697e-01,  2.63740548e-02],
       [-6.29431071e-03, -3.74103090e-02, -1.29955605e-01, -7.52461742e-02,  3.21759803e-02],
       [ 1.33009920e-02, -6.30142324e-02,  2.53257725e-02,  3.49793433e-02,  1.05543802e-01],
       [ 6.66591512e-02,  3.78752151e-02,  1.01653394e-02,  5.09637158e-02,  2.93286757e-02],
       [-9.70608833e-02, -5.67831081e-02,  1.72301440e-02, -5.67931656e-02, -3.69414048e-02],
       [-3.44201001e-02,  1.14348177e-02, -1.85892338e-02,  7.50345233e-02,  6.50323943e-02],
       [ 7.85802609e-02,  3.47702668e-02,  3.34708919e-02, -2.68276394e-02, -1.24303658e-02],
       [ 7.59181025e-02,  3.29339888e-02,  1.10477063e-02, -1.46124331e-03, -3.30293253e-02],
       [ 7.88043274e-03, -2.64073970e-02,  2.70255274e-02, -5.16856826e-02, -4.55184331e-02],
       [-9.92441093e-02, -7.61468833e-02, -1.74354539e-03, -1.03631739e-02, -1.53789281e-02],
       [ 1.18435224e-01,  5.16122736e-02,  5.38905196e-03,  6.26367515e-02,  2.90361134e-02],
       [-4.27491010e-02, -1.07013188e-01,  4.62268338e-02,  4.91132441e-02,  4.50258567e-02],
       [-6.32176678e-03,  3.03717922e-03,  3.11744888e-02, -1.42563625e-02, -2.99042122e-03],
       [ 1.19819735e-01,  8.59951362e-02,  2.48964221e-02, -4.42220285e-02,  1.40712129e-03],
       [-7.65799265e-02, -7.08443701e-03,  1.08897971e-03,  9.01082583e-03,  2.42332812e-02],
       [ 1.21679950e-01,  3.20153001e-02, -2.28146332e-02, -4.69920551e-02, -4.73650474e-02],
       [ 1.02975299e-01,  6.34843942e-02, -1.91441856e-02, -1.85999147e-03,  1.05579658e-03],
       [ 2.59980627e-02, -6.22220533e-02,  2.76452788e-03,  5.51498302e-02,  1.66030204e-02],
       [-5.52345208e-02, -3.96716432e-03,  3.48950391e-03,  5.65038655e-02,  2.88483641e-02],
       [ 2.66236377e-02,  8.25655920e-02,  2.46740065e-02,  1.09381910e-02,  1.84983100e-04],
       [-3.77858226e-02,  5.81030446e-02, -5.22640535e-03,  2.27149746e-02, -1.17258739e-02],
       [-8.18636242e-02,  3.32174583e-02,  3.50335255e-02,  7.61669712e-03, -1.85170093e-02],
       [-1.02957920e-01, -2.40891476e-02, -5.45940779e-03, -4.65662787e-02, -2.82195893e-02],
       [ 1.00287739e-01,  2.51008484e-02,  7.80268627e-03, -6.06646021e-02, -1.14208939e-01],
       [ 3.14330661e-02, -1.69507297e-02,  4.81436522e-02,  1.24400688e-02,  1.43347464e-01],
       [-5.53332188e-02, -1.06444450e-02,  1.06841297e-01, -3.21210070e-02, -5.40622725e-02],
       [-6.78780901e-02, -8.42208710e-03, -1.07437952e-02,  9.99070016e-02, -8.00486636e-02],
       [-1.14991387e-02,  2.31411450e-02,  9.03478772e-03,  4.14504678e-03, -1.46346164e-01],
       [ 1.13998256e-01,  4.84631865e-02, -2.09724372e-02,  4.44366051e-02, -5.26603206e-02],
       [-1.45024370e-01, -1.07908661e-02,  1.30379422e-01,  5.16258470e-02,  9.91000192e-02],
       [ 5.44010089e-02,  8.85707852e-02,  1.55741561e-01, -1.69476095e-02,  1.00451067e-01],
       [-9.80104200e-04, -8.91492297e-03,  8.48570410e-02, -4.57403184e-02, -1.21985517e-02],
       [-1.16919614e-01, -4.56006384e-02,  5.37893975e-02, -1.55009954e-01, -5.66264903e-03],
       [ 7.46394648e-02, -2.08668000e-02,  3.44977030e-02, -7.41650437e-02,  7.63045021e-02],
       [-1.06016176e-01, -5.20762310e-03, -1.27352971e-01,  4.21284416e-02, -1.24541581e-01],
       [-8.96656100e-02, -1.93010931e-02, -8.90577779e-02,  7.49887671e-03,  1.43766741e-02],
       [-1.17961644e-02,  5.47664295e-02,  6.46137768e-02,  1.05400340e-01,  6.79046498e-02],
       [ 4.87645998e-02, -1.24984042e-02,  3.23554511e-02,  6.19806379e-02,  1.27034790e-01],
       [-3.50084987e-02, -7.15780459e-02,  8.01050291e-02,  3.89127063e-02, -4.40251365e-04],
       [ 3.29942188e-02, -6.95053398e-02, -2.39567283e-02,  1.16121502e-01, -2.28863639e-02],
       [ 6.12396318e-02, -3.63386688e-02,  1.08240462e-01,  7.79934131e-02, -4.91091562e-02],
       [ 1.01257847e-01, -9.89761666e-04, -4.95508301e-02, -4.19082311e-02, -1.01155396e-01],
       [-5.45836336e-02,  3.98350084e-02,  9.23540251e-02, -5.96208276e-02, -1.02657640e-01],
       [ 1.10334263e-01,  8.43827411e-03, -1.15557387e-01,  3.02749183e-02,  2.78836605e-02],
       [ 6.74991383e-02, -2.22628393e-03, -5.45080278e-02, -4.24115871e-02,  4.45132076e-02],
       [-8.88454267e-03, -4.35046743e-02, -1.05036109e-01,  3.47883589e-02,  8.18789250e-02],
       [-8.33151199e-02, -4.40271436e-02, -4.85337673e-02, -6.77264530e-03,  6.12837503e-02],
       [ 8.61837626e-02, -4.61843264e-03, -7.82276419e-04, -1.23399285e-01, -1.34560487e-01],
       [-6.96611747e-02, -1.53741563e-01, -8.71526792e-03, -3.78322062e-02, -1.22517016e-01],
       [-2.30091805e-02,  9.64118494e-04, -3.82454808e-02,  3.03298546e-02, -1.10162438e-02],
       [ 8.03344919e-02,  3.96067023e-02, -1.76289152e-02,  1.06121447e-01, -1.22132581e-02],
       [-5.44355052e-02,  4.20840471e-02,  4.95463506e-02,  2.64909862e-02, -6.96059192e-02],
       [ 8.41945120e-02, -3.59051911e-02, -4.85232342e-02,  2.09463944e-02,  1.20535357e-01],
       [ 8.99396905e-02,  2.49823438e-02,  7.74368604e-02,  1.38543884e-02,  1.79820811e-02],
       [ 2.88834912e-02, -1.11847226e-01,  6.06563397e-03, -8.74634363e-02, -5.05310410e-02],
       [-1.99068950e-02,  3.96993826e-02,  8.09701158e-02, -6.01039000e-02, -7.97640093e-02],
       [ 1.23307274e-02,  9.97730917e-02, -5.55033301e-02, -2.85029435e-02, -7.95317752e-03],
       [-1.75819527e-02,  1.08421372e-01, -1.27850183e-02, -8.12983029e-02,  1.83696777e-02],
       [-8.76151397e-02,  1.02681496e-01, -1.23705394e-01, -5.30274758e-02,  1.00327612e-02],
       [-1.45968044e-01,  4.07647924e-02, -4.72519855e-02,  5.19383739e-02,  6.51617721e-02],
       [ 3.66142250e-02, -2.13254089e-02,  1.68829257e-01, -3.84675426e-02, -5.78324507e-02],
       [ 4.75235109e-02, -3.07959418e-02,  5.01805762e-02,  1.21253862e-01, -7.75654722e-02],
       [-9.31263661e-03, -1.43288097e-02,  1.21056386e-01,  3.55773589e-03, -1.43667994e-01],
       [-7.50875400e-02,  3.78017862e-02,  3.13861233e-02,  5.22204761e-02, -7.98603417e-02],
       [ 5.47641928e-02, -5.42596527e-02,  5.40429258e-02,  8.43383367e-02,  1.53826153e-01],
       [-5.67118940e-02, -5.05639842e-02,  7.22492168e-02, -2.55604761e-02,  1.48651452e-01],
       [-6.67468856e-03, -6.60481729e-03,  9.19523444e-02, -6.55784174e-02,  4.79068842e-03],
       [ 9.08693147e-02, -2.48130698e-02,  5.26961079e-02, -1.98567880e-01,  1.96494241e-02],
       [-3.85760287e-02,  5.85884272e-02, -3.78704596e-02, -9.14233616e-02,  1.00081775e-01],
       [ 4.55786043e-02, -6.36649117e-02, -1.78932683e-02,  6.70596404e-02, -2.00434748e-01],
       [ 7.00560218e-02, -4.31756908e-02, -1.25452339e-01,  2.23519637e-04, -1.02652808e-02],
       [-1.02891936e-02, -5.09500102e-02,  1.40964817e-02,  1.34100704e-01,  9.17531756e-02],
       [-2.84937575e-02,  5.48188532e-02, -7.88255504e-02,  6.24383126e-02,  1.33518955e-01],
       [ 3.74637194e-02,  3.52388400e-02,  8.88762617e-02,  4.71880139e-02,  2.33747367e-02],
       [ 6.02852947e-03,  6.03005143e-02, -1.31048040e-02,  1.54185864e-01, -3.98479575e-02],
       [-4.52546028e-03,  5.05388603e-02,  1.62320268e-01,  1.00080811e-01, -2.51276285e-02],
       [-3.65741983e-02,  5.25171226e-02,  3.84478395e-02, -4.18699413e-02, -1.08086774e-01],
       [-4.58938883e-02, -3.09112342e-03, -9.52245311e-02, -2.70478915e-02,  3.33884946e-02],
       [-1.65115293e-02,  2.34096374e-02, -1.30407594e-01,  2.61461980e-02,  3.28934601e-02],
       [ 1.27945751e-01,  3.50676882e-02, -5.01859406e-02, -6.27123224e-04,  2.83096054e-02],
       [-1.34625519e-01,  5.53038260e-03,  1.08666473e-01, -6.36808094e-02, -6.39283406e-02],
       [ 5.35945471e-02,  8.45884084e-02,  9.13614000e-02, -1.94010659e-02, -7.55642801e-02],
       [-1.83366367e-02, -3.44827484e-03, -1.34818202e-02,  1.67908426e-02, -7.85062071e-03],
       [-1.14932551e-01, -2.46572748e-02, -1.54401048e-02,  5.77628921e-02, -1.11789742e-02],
       [ 7.03384660e-02, -2.68001998e-02,  6.92958707e-02,  6.21606589e-03, -3.33647887e-02],
       [-1.28586855e-01,  2.20272689e-02, -1.38810890e-01,  1.04814085e-02,  7.63739284e-02],
       [-8.64513691e-02, -6.96968957e-03,  1.18412176e-02,  7.64296520e-03,  1.15516368e-02],
       [-1.31127277e-02,  6.36952744e-02,  6.10718950e-02, -5.43004252e-02, -2.31593723e-02],
       [ 5.19135934e-02, -2.40902834e-02,  1.08028626e-01, -3.19298026e-02, -3.17272008e-02],
       [-4.68851719e-02, -6.71829487e-02, -8.52056628e-03, -1.39167302e-02, -8.86128304e-03],
       [ 2.26927901e-02, -6.43365622e-02, -2.67648164e-02, -3.86379832e-02,  1.09205652e-02],
       [ 5.51097296e-02, -4.85674874e-02, -5.51007648e-02, -2.39580558e-02,  5.53654404e-03],
       [ 8.62751228e-02, -1.07725046e-02, -9.55810418e-02,  2.28092194e-02,  3.58250764e-02],
       [-1.10602547e-02,  2.90922076e-02, -6.05411728e-02, -8.95277849e-02,  6.63832116e-02],
       [ 9.42036173e-02,  2.97529589e-02, -2.15204372e-02, -6.43553276e-02,  4.00020374e-02],
       [-9.94622014e-02,  1.55057041e-02, -2.36639742e-02,  7.42947642e-02, -9.28306099e-02],
       [ 4.40738750e-02,  9.52903738e-02, -1.71168023e-02,  1.30037206e-01, -8.20810102e-02],
       [-1.17021263e-02,  1.41450721e-04, -2.77321047e-02,  3.66316273e-02, -5.30794513e-03],
       [-6.86009269e-02, -1.01515651e-02, -2.30477308e-02,  7.39698008e-02,  4.59138380e-03],
       [ 4.92303494e-02, -2.94000265e-02,  2.34228918e-02,  9.64922190e-02, -4.71567509e-02],
       [-1.09818678e-01,  4.61766089e-02, -2.17516483e-02, -1.28147882e-01,  7.62505613e-02],
       [-6.96529572e-02, -8.79188212e-03,  6.85608763e-02, -6.62861752e-03,  4.94403900e-03],
       [-1.77952033e-02,  7.46841214e-02,  1.93928433e-03, -6.33934700e-03, -5.34975588e-02],
       [ 2.45058066e-02, -2.14730137e-02,  7.32864641e-02,  7.30836369e-02, -8.84426134e-02],
       [-2.64364778e-02, -5.91806409e-02, -4.06888657e-02, -2.03953864e-02, -3.76326095e-03],
       [ 1.59348472e-02, -6.32650183e-02,  1.94284301e-03, -6.23289966e-02,  5.94206846e-03],
       [ 5.70582162e-02, -6.56696366e-02, -7.92104750e-02, -4.56909290e-02,  5.29726713e-03],
       [ 7.97177296e-02, -1.95730672e-02, -3.80090700e-02, -6.50393685e-02,  5.17704212e-02],
       [ 1.22090609e-02, -5.18114781e-02, -3.93409570e-02, -4.38158745e-02,  6.63584400e-02],
       [ 1.92164908e-02,  4.96512282e-02,  7.98774304e-03, -4.86366494e-02, -1.41619052e-01],
       [ 2.08269589e-02, -1.35614182e-02, -1.18972648e-02,  3.76294453e-02, -1.61668063e-01],
       [ 1.08096429e-02,  3.02944980e-03, -5.45966535e-02,  5.45240743e-02, -1.86990213e-02],
       [-5.72273950e-03,  4.98336566e-02, -5.16002841e-02,  1.48645421e-01, -1.26891462e-02],
       [-4.18383965e-04, -4.38832714e-02,  3.93818012e-02,  6.77986999e-02, -7.21818167e-02],
       [ 1.20036425e-02,  4.47788392e-02, -4.84943516e-02, -6.89973766e-02,  1.77240927e-01],
       [-1.22506141e-02,  4.87434126e-02,  9.43995151e-02, -1.41522389e-03,  1.66005614e-02],
       [ 3.74962831e-03,  8.10959894e-03,  1.07569794e-02, -8.31512639e-02, -6.12514111e-02],
       [-1.44646734e-03, -3.40087399e-02,  1.01032182e-01, -3.05859261e-02, -1.11519998e-01],
       [-6.84706117e-03,  8.02289715e-03, -6.80712370e-02, -2.89863364e-02, -1.40060408e-02],
       [-9.00437502e-03, -1.15705283e-02,  1.50135162e-02, -1.14324750e-01,  1.87017070e-02],
       [-1.17223278e-02, -1.47425888e-02, -1.27480166e-01, -7.22603167e-02,  1.27378818e-02],
       [ 7.99031206e-03, -4.34859104e-02, -7.90277818e-02,  2.46907188e-02,  1.12610078e-01],
       [ 1.54830435e-01,  3.50708143e-02, -2.23617623e-02,  2.55042113e-02, -5.42159665e-02],
       [-6.06333458e-02, -1.78845776e-01, -1.59975662e-02,  5.25445289e-02, -4.63763504e-02],
       [-3.21120238e-02, -6.39434989e-03, -3.88934876e-02,  2.68374593e-02,  7.02817654e-03],
       [ 1.25444684e-01,  9.84496364e-02, -2.60318501e-02,  6.32864755e-02,  7.48909241e-03],
       [-7.18229196e-02,  1.75362105e-02,  3.98261767e-03,  4.42992384e-02, -2.65962845e-02],
       [ 1.21617851e-01, -3.18335712e-03,  7.82335091e-03, -6.60674465e-02,  5.76867180e-02],
       [ 1.00856941e-01,  6.31508964e-02,  3.85645455e-02, -4.08695552e-03, -8.97843163e-04],
       [ 3.59275572e-02, -1.16596847e-01, -8.27135071e-03, -1.97848141e-02, -3.21527524e-02],
       [-2.34352143e-02,  2.26670706e-02,  2.10067881e-02,  1.92756731e-02, -5.15181312e-02],
       [ 6.01410913e-03,  1.15394883e-01, -2.89962968e-02, -8.83131305e-03, -7.93824649e-04],
       [-3.98326083e-02,  1.11091390e-01,  1.22273356e-02, -5.68432418e-02,  9.94365531e-03],
       [-1.38292951e-01,  9.80145314e-02, -4.59277200e-02, -3.37201307e-02,  1.70140479e-02],
       [-1.43397782e-01,  4.84151683e-03, -2.16666705e-02, -2.01809703e-02,  5.75594117e-02],
       [ 1.00255027e-01,  1.79435465e-01,  1.70171602e-01,  3.69234388e-02,  1.08042310e-01],
       [ 1.19167920e-02, -8.31754673e-05,  9.95451823e-02, -5.14754546e-02, -1.01215461e-02],
       [-1.26807057e-01, -2.30847240e-02,  8.09015411e-02, -1.59926755e-01,  4.59652648e-03],
       [ 6.74555256e-02, -6.45863848e-02,  3.12012461e-02, -4.92097601e-02,  7.04567576e-02],
       [-1.28873913e-01,  7.23450196e-02, -1.52246443e-01, -9.24993676e-03, -1.43211496e-01],
       [-1.22138036e-01, -2.33453725e-03, -9.39416643e-02,  1.83543977e-02,  1.55185068e-02],
       [-3.26386964e-02,  1.51585167e-01,  5.32863296e-02,  1.22387430e-01,  6.00604408e-02],
       [ 5.02488695e-02, -6.98336720e-02,  3.68937598e-02,  1.25587568e-01,  1.34377705e-01],
       [-4.22025735e-02, -1.20450979e-01,  8.91495959e-02,  3.70191464e-02,  1.55412504e-03],
       [ 5.78658209e-03, -1.33119538e-01, -6.09991513e-02,  1.13924796e-01, -4.14907524e-02],
       [ 9.09958826e-02, -1.34280324e-01,  1.07845443e-01,  6.03525021e-02, -5.58214233e-02],
       [ 1.74773920e-01, -7.22169906e-02, -5.61681647e-02, -9.88181462e-02, -1.13083562e-01],
       [ 4.26941608e-03,  1.36171844e-02,  9.12020581e-02, -5.09916139e-02, -1.72088441e-02],
       [ 6.04018138e-02,  1.64029480e-01,  3.44895277e-02, -1.65897128e-01, -1.74943044e-02],
       [-6.32642224e-02, -1.09246187e-01,  2.79343195e-02, -8.68190536e-02,  6.85395657e-02],
       [ 1.20884575e-01,  1.60809607e-01, -1.58669541e-01,  7.82444220e-02, -1.29692696e-01],
       [ 5.74020332e-02,  1.62537441e-01, -1.13001241e-01,  6.04314792e-03,  8.34093764e-03],
       [ 4.53242168e-02, -6.10155374e-03,  1.10523504e-01,  1.05271726e-01,  8.75576741e-02],
       [-3.81463938e-02, -8.26676228e-02,  4.14178988e-02,  3.61319019e-02,  1.20824633e-01],
       [-3.65629530e-03,  5.90039802e-02,  7.94724641e-02,  4.41101637e-02, -5.02662514e-03],
       [-5.38160360e-02, -1.67024538e-02, -5.32852230e-02,  1.40004992e-01, -3.87875418e-02],
       [-1.01942026e-01, -5.40993419e-02,  1.13261695e-01,  1.00145678e-01, -5.41494959e-02],
       [-9.78606060e-02, -1.34915734e-01, -4.91804027e-02, -1.75122770e-02, -9.03787837e-02],
       [-2.36462766e-03, -1.91266508e-02, -8.48046644e-04, -2.74320955e-03, -6.99676106e-03],
       [-4.67245180e-03, -5.87677209e-03,  4.45032488e-02, -3.11056785e-02, -2.50545438e-04],
       [ 3.46736692e-02, -9.12467820e-03, -8.16915353e-02,  4.52739477e-02,  2.51829062e-02],
       [-4.45988711e-03, -7.75786942e-03, -1.79397556e-02,  3.89501587e-03,  7.38375625e-03],
       [ 4.08829814e-03,  1.36105674e-05,  4.30268939e-02, -2.01771427e-02, -2.99771432e-03],
       [-1.03521272e-02,  2.07716750e-03,  7.51753454e-02, -5.02257430e-02, -3.54912612e-03],
       [ 1.12082897e-02, -1.07260141e-02,  4.98270284e-03,  4.37912839e-03, -7.86077793e-03],
       [-1.01597082e-02, -1.87181882e-02, -3.17902412e-03,  6.88582627e-03, -5.06576718e-04],
       [-6.66956024e-04, -2.58109352e-03,  6.33625063e-03,  1.38373171e-02, -5.84443751e-03],
       [-6.72182731e-03, -2.28393473e-03, -6.13053457e-02,  3.75704433e-02,  8.21800560e-04],
       [ 6.51153449e-02, -1.99251332e-02,  3.30497396e-02, -7.87569735e-02, -5.58460617e-03],
       [-1.30480150e-01,  5.48700163e-03, -4.93565795e-02,  1.66532157e-01,  2.31449681e-02],
       [-9.14425352e-02, -4.88023284e-02, -1.29643429e-02,  1.13663087e-02,  3.59622078e-03],
       [-3.51573185e-02,  1.14084580e-01,  3.88637885e-02, -6.49812980e-02,  8.14915281e-03],
       [ 3.76546790e-02, -2.02933259e-02,  3.85855464e-02, -1.43660737e-01,  1.04431059e-02],
       [-9.57517949e-03, -1.06155796e-01,  6.76562903e-04,  1.62574143e-04, -9.66197141e-03],
       [ 3.98092743e-02, -1.06738812e-01, -7.66945737e-03,  1.45020528e-02,  5.92726503e-03],
       [ 1.20542798e-01, -9.43393377e-02, -4.18112164e-03,  2.78524966e-02, -2.63225914e-03],
       [ 1.69199011e-01, -5.23675459e-03, -2.74533971e-02,  1.28997315e-01, -1.30629867e-03],
       [ 7.49656293e-02, -1.02378039e-01, -2.02972226e-02,  1.20975514e-01, -9.40841822e-02],
       [ 5.54324202e-02, -2.89430831e-02, -5.91248954e-02,  1.61319080e-02, -2.81575007e-03],
       [ 1.03759018e-02, -1.08063961e-01,  1.62554589e-02,  1.80741541e-02,  4.48951258e-02],
       [-1.73348030e-02,  6.26673303e-02, -3.24842116e-02, -3.72471685e-02,  7.59149674e-02],
       [ 2.47875446e-02,  6.53772596e-02,  4.20625105e-02,  7.79872082e-03,  6.15459600e-03],
       [-3.06673834e-03,  9.24869001e-02, -1.78573415e-02,  6.96892193e-02, -1.37235014e-02],
       [-5.68760463e-02,  1.27962809e-01,  7.16096718e-02,  5.58410297e-02, -2.06103034e-02],
       [-9.25184484e-02,  8.74509662e-02,  2.30350769e-02,  4.31390904e-02, -6.82976044e-02],
       [-1.35072971e-01,  3.66137112e-02,  1.36244708e-01, -6.75244830e-03, -4.07600449e-03],
       [ 5.81891772e-03,  1.21238081e-01, -5.39891377e-02, -9.08645233e-02, -7.56310534e-02],
       [ 3.13852140e-02, -8.05164872e-02,  2.50367559e-03, -4.12962038e-03, -1.57718128e-01],
       [-3.43174390e-02, -1.13370795e-01, -8.32086903e-02, -5.43231456e-02,  1.58923666e-02],
       [ 1.16827805e-03, -1.39033682e-01,  1.03507989e-02, -1.31748445e-01,  1.46322851e-02],
       [ 6.80869548e-02, -1.29644672e-01, -1.68187673e-01, -8.98697476e-02,  3.46828198e-02],
       [ 1.27880582e-01, -7.82444926e-02,  2.15550664e-02,  2.58070579e-04,  1.15018850e-01],
       [-3.46442959e-02,  1.17274702e-01, -5.44786379e-02, -5.43276305e-03, -3.81600420e-03],
       [ 3.06843336e-02, -3.00487067e-02, -8.51663299e-02, -1.73294244e-02, -2.01118795e-02],
       [-2.15636922e-02, -1.06432774e-01, -1.69048311e-02, -2.76455060e-03,  4.89464546e-03],
       [ 3.33086124e-02, -1.06957383e-01,  3.29646284e-02, -8.11836454e-03,  1.74572771e-03],
       [ 1.15511994e-01, -1.14581660e-01,  1.61566166e-02, -3.33228298e-03,  1.05997483e-02],
       [ 1.45655175e-01, -2.95375346e-02,  8.16161183e-02,  8.34325273e-03,  7.85744382e-03],
       [ 5.47569166e-03, -6.53980211e-02,  1.56657135e-02,  1.07886828e-01,  5.62597252e-02],
       [-2.28395538e-02,  1.08922416e-03,  4.18413035e-02,  9.49599361e-03, -6.70884452e-04],
       [-1.99746068e-02, -6.45857862e-02, -1.26547937e-02,  4.83074975e-02, -1.35386960e-02],
       [-1.91915201e-02, -6.75457522e-02,  7.54203861e-02,  1.51676014e-02, -1.65855201e-02],
       [-7.00957585e-03, -1.02425240e-01, -2.68430387e-02, -1.18069846e-01, -6.98487681e-02],
       [ 5.07121062e-03,  4.94440923e-02,  6.59660779e-02,  3.42562606e-02,  9.70019677e-03],
       [ 2.48168405e-03,  8.36616189e-02,  2.69092442e-04,  1.08490145e-01, -3.38250143e-02],
       [-3.96852483e-02,  9.47570745e-02,  1.36106905e-01,  7.23807306e-02, -2.88753936e-02],
       [-4.32208350e-02,  5.68757643e-02,  3.39018803e-02, -5.68664641e-02, -8.33623238e-02],
       [ 2.63711699e-02,  5.50882717e-03, -1.16697783e-02, -3.66820024e-03,  1.16802530e-03],
       [ 6.34976604e-02,  4.04040681e-02,  3.29243019e-03, -4.43986619e-03, -5.79707681e-03],
       [ 5.85423617e-02,  9.35947915e-02, -6.17350002e-02, -3.84481006e-02, -5.50381637e-03],
       [ 1.85726962e-02,  1.06254659e-01, -3.20467431e-02, -2.97865917e-02, -3.96379365e-03],
       [-6.44338150e-03,  1.16250365e-01,  2.19259991e-03, -8.98646222e-02,  3.22064360e-02],
       [-6.35866062e-02,  1.07375558e-01, -1.20601941e-01, -6.32499443e-02,  3.04142299e-02]])})
2026-01-20 11:01:12,933 - final_problem_set.kxor_instance_n22_k2_m177_ell2_eps0.3_kappa1.0_rho0.4 - INFO - Running key extraction (n=22, m=177, ell=2, phase_qubits=12)
2026-01-20 11:01:12,936 - final_problem_set.kxor_instance_n22_k2_m177_ell2_eps0.3_kappa1.0_rho0.4 - INFO - Built voting matrix V (n=22, ell=2, dtype=complex128) in 0.003s
2026-01-20 11:01:12,937 - final_problem_set.kxor_instance_n22_k2_m177_ell2_eps0.3_kappa1.0_rho0.4 - INFO - Eval: adv=0.2994, hamming=4/22 (0.182), corr=0.636
2026-01-20 11:01:12,937 - final_problem_set.kxor_instance_n22_k2_m177_ell2_eps0.3_kappa1.0_rho0.4 - INFO - Key extraction complete: x_hat=4
2026-01-20 11:01:12,937 - final_problem_set.kxor_instance_n22_k2_m177_ell2_eps0.3_kappa1.0_rho0.4 - INFO - Finished step 'KeyExtractionStep' in 0.004s (success: True, problem=kxor_instance_n22_k2_m177_ell2_eps0.3_kappa1.0_rho0.4)
2026-01-20 11:01:12,937 - final_problem_set.kxor_instance_n22_k2_m177_ell2_eps0.3_kappa1.0_rho0.4 - INFO - SUCCESS: len(z_hat)=22
2026-01-20 11:01:12,937 - final_problem_set.kxor_instance_n22_k2_m177_ell2_eps0.3_kappa1.0_rho0.4 - INFO - Metrics: adv=0.2994350282485876, ham_frac=0.18181818181818182, corr=0.6363636363636364
2026-01-20 11:01:12,937 - final_problem_set.kxor_instance_n22_k2_m177_ell2_eps0.3_kappa1.0_rho0.4 - INFO - z_hat (full): [ 1, -1, -1,  1, -1,  1,  1,  1,  1, -1, -1,  1, -1, -1,  1,  1, -1, -1, -1,  1,  1,  1]
