2026-01-20 11:00:55,500 - final_problem_set.kxor_instance_n20_k2_m169_ell2_eps0.15_kappa0.875_rho0.0 - INFO - Starting iteration for /Users/julian/CodingProjects/UniT3/QuarticSpeedupK-XOR/z_Daphne/data/final_problem_set/kxor_instance_n20_k2_m169_ell2_eps0.15_kappa0.875_rho0.0.npz
2026-01-20 11:00:55,502 - final_problem_set.kxor_instance_n20_k2_m169_ell2_eps0.15_kappa0.875_rho0.0 - INFO - Loaded instance (n=20, m=169, k=2)
2026-01-20 11:00:55,502 - final_problem_set.kxor_instance_n20_k2_m169_ell2_eps0.15_kappa0.875_rho0.0 - INFO - Starting step 'ComputeKikuchiStep' (version 0.1) on problem kxor_instance_n20_k2_m169_ell2_eps0.15_kappa0.875_rho0.0 (fields={'ell': 2, 'threshold': 0.0})
2026-01-20 11:00:55,523 - final_problem_set.kxor_instance_n20_k2_m169_ell2_eps0.15_kappa0.875_rho0.0 - INFO - Finished step 'ComputeKikuchiStep' in 0.021s (success: True, problem=kxor_instance_n20_k2_m169_ell2_eps0.15_kappa0.875_rho0.0)
2026-01-20 11:00:55,524 - final_problem_set.kxor_instance_n20_k2_m169_ell2_eps0.15_kappa0.875_rho0.0 - INFO - Starting step 'ClassicalEigenvaluesStep' (version 0.1) on problem kxor_instance_n20_k2_m169_ell2_eps0.15_kappa0.875_rho0.0 (fields={'ell': 2, 'threshold': 0.0, 'kikuchi_matrix': <Dictionary Of Keys sparse matrix of dtype 'int64'
	with 3960 stored elements and shape (190, 190)>, 'num_eigenvalues': 5})
2026-01-20 11:00:55,599 - final_problem_set.kxor_instance_n20_k2_m169_ell2_eps0.15_kappa0.875_rho0.0 - INFO - Finished step 'ClassicalEigenvaluesStep' in 0.075s (success: True, problem=kxor_instance_n20_k2_m169_ell2_eps0.15_kappa0.875_rho0.0)
2026-01-20 11:00:55,599 - final_problem_set.kxor_instance_n20_k2_m169_ell2_eps0.15_kappa0.875_rho0.0 - INFO - Starting step 'KeyExtractionStep' (version 0.1) on problem kxor_instance_n20_k2_m169_ell2_eps0.15_kappa0.875_rho0.0 (fields={'ell': 2, 'threshold': 0.0, 'kikuchi_matrix': <Dictionary Of Keys sparse matrix of dtype 'int64'
	with 3960 stored elements and shape (190, 190)>, 'num_eigenvalues': 5, 'eigenvalues': array([-10.76334609, -10.23109533,  10.08323702,  10.95319311,  11.26696038]), 'eigenvectors': array([[ 1.68274827e-02, -1.38702359e-01,  4.18109100e-03,  1.29102038e-01, -2.69947347e-02],
       [ 1.18866145e-01,  1.08484015e-02, -8.61019937e-02,  6.32476615e-02,  1.56123420e-01],
       [ 1.91536749e-01,  4.94869924e-02,  2.52073905e-02, -2.69865429e-02, -7.37297040e-02],
       [ 2.86283784e-02,  4.20545238e-02, -6.45587376e-02,  5.86929542e-02,  8.94747724e-02],
       [-7.87427751e-02, -1.42115855e-01,  4.89135981e-02,  6.84841268e-02, -1.17215715e-01],
       [-5.03930298e-02, -1.07969737e-01, -3.57317511e-02,  1.21645949e-01,  8.56624857e-02],
       [-1.39121667e-01,  1.03249793e-01, -1.76891946e-02, -7.49396176e-02,  9.63946325e-03],
       [-1.83125614e-01,  4.81490329e-02,  1.75013949e-02,  1.43838400e-01, -8.26880751e-02],
       [-1.16131511e-01, -9.11666163e-02, -8.56011274e-02, -4.71418502e-02,  1.55474148e-01],
       [-1.11550955e-01, -4.36412170e-02, -1.96166650e-02, -2.18762367e-02,  4.66486086e-02],
       [-8.44057122e-02, -6.93595791e-02,  1.77343625e-02,  7.55442413e-02, -3.69394935e-02],
       [ 1.47862265e-01, -1.17905368e-01,  6.15031207e-02, -1.11137775e-02, -1.01095742e-01],
       [ 6.41047335e-02, -4.96786210e-03, -3.30212276e-02,  5.79266477e-02,  4.48344496e-02],
       [-6.91240664e-02, -2.05313582e-01,  1.62677210e-02, -1.23133940e-01, -6.52154115e-02],
       [ 1.30762483e-01,  5.99787325e-02, -6.64733550e-02,  1.23499817e-01,  1.17385185e-01],
       [-1.75118555e-02,  3.91316646e-02, -7.59259716e-02, -5.60526529e-02,  1.44270106e-01],
       [ 1.33223183e-01, -2.14682268e-02,  3.09530391e-02, -1.40974566e-01, -8.37865690e-02],
       [-6.55081259e-02,  1.99816483e-01,  7.27158160e-02, -2.72807996e-02, -1.32152119e-01],
       [ 9.13915230e-02,  1.07145275e-01,  2.82882176e-02,  9.83170873e-02, -2.84664479e-02],
       [-3.58391269e-02, -8.59866821e-02, -4.09097287e-02, -1.42106441e-01,  4.19928305e-02],
       [-4.95113945e-02, -1.00649628e-01, -1.69164308e-02,  7.40249876e-02, -2.16349421e-02],
       [-4.93687720e-04, -3.77288867e-02, -4.43189599e-02, -7.64613547e-02,  1.99035621e-02],
       [-2.01253320e-02,  1.16218846e-01,  1.52652709e-01,  4.87262234e-02,  3.91826919e-02],
       [-2.05301969e-02,  9.47240435e-02,  5.69794647e-02, -7.62611615e-02,  5.78313903e-02],
       [ 6.37292970e-02,  2.25410001e-02, -1.25376544e-01,  4.13673788e-02, -4.90296347e-02],
       [ 7.51185803e-02,  7.41653259e-02,  1.57957217e-01,  2.03920852e-03,  5.54927730e-02],
       [-6.14982086e-03,  1.15430856e-01, -1.32742955e-01, -5.41653821e-02, -2.45567204e-02],
       [ 2.43133881e-02,  7.42124485e-02, -4.48306826e-02, -2.12129319e-02, -7.58659870e-03],
       [ 1.32187953e-03,  7.96213774e-02,  1.14386206e-01,  7.82027152e-03,  3.90652178e-02],
       [-7.55446132e-02, -6.16378959e-03,  8.61694100e-02,  8.43551069e-02, -7.56146918e-03],
       [-1.88829881e-02, -3.53137940e-02,  2.20623416e-02, -6.47082088e-02,  3.25556756e-02],
       [-4.03773819e-02,  1.17553103e-01, -1.06334489e-01,  7.90073051e-02, -6.11789966e-02],
       [-1.71841876e-02, -1.01107714e-01,  3.79345745e-02, -1.13513817e-01,  7.40517426e-02],
       [ 2.45873015e-02, -8.95633129e-03, -1.49089675e-01, -5.16173804e-02, -3.40805697e-02],
       [-4.43063193e-02, -5.70295903e-02, -8.56776027e-02,  7.79836810e-02, -6.39334006e-02],
       [ 5.50977630e-02, -4.90173616e-02,  7.39725423e-02,  8.11950554e-02,  2.69696849e-03],
       [-7.23210111e-03, -1.16127298e-01,  1.32938477e-01, -2.13549220e-02,  4.20031547e-02],
       [ 8.27572780e-02, -2.92834181e-02, -4.67044706e-02,  3.76310387e-02,  9.66913132e-02],
       [ 3.80222128e-02,  1.22410291e-02,  4.57752504e-02, -8.48509239e-02, -1.19545747e-01],
       [-7.98021654e-02, -4.80536310e-02, -6.10147771e-02, -7.85428503e-02,  1.57355391e-01],
       [-4.75509079e-02, -2.70240628e-02,  1.75969183e-02, -1.31988676e-01, -8.87549312e-02],
       [-6.36190529e-02,  1.06794981e-01, -4.46737780e-03,  1.01801009e-01,  1.86944729e-03],
       [-9.19682370e-02,  9.69430101e-02, -5.01173434e-02, -1.71841110e-01,  1.10813054e-01],
       [-9.77458855e-02, -1.81922750e-03,  3.63925295e-02,  5.11876755e-02, -1.48852914e-01],
       [-5.33290457e-02,  7.55315870e-03,  2.21296225e-03,  3.19149115e-02, -3.94767292e-02],
       [-7.98331265e-02, -1.37316806e-02, -5.92810990e-02, -8.61655635e-02,  6.54300661e-02],
       [ 4.20947460e-02, -9.31199414e-02, -6.93330657e-02,  1.53150811e-02,  1.29597637e-01],
       [ 5.40147407e-02, -2.96918712e-02,  1.25237744e-02, -6.87798372e-02, -4.71168911e-02],
       [-9.96397415e-02, -1.05423757e-01,  5.50276467e-03,  1.48053077e-01,  6.90186763e-02],
       [ 1.05022641e-01, -1.85641684e-02,  3.52153904e-02, -1.48881484e-01, -1.33806897e-01],
       [ 6.60182443e-03,  2.27374376e-02,  4.88737393e-02,  6.34684407e-02, -1.55094684e-01],
       [ 5.58282582e-02, -4.72639058e-02, -1.08113284e-02,  1.58042917e-01,  8.64425401e-02],
       [ 5.72275772e-03,  1.26620228e-01, -6.63982421e-02,  4.13434172e-02,  1.60431520e-01],
       [ 6.31327665e-02,  1.27455671e-02,  6.15024038e-03, -1.33026276e-01,  1.19175063e-02],
       [ 7.44065663e-02,  2.71218712e-02, -5.35568722e-02,  5.17024977e-02,  8.03208719e-02],
       [-1.00422110e-01, -5.41899872e-02, -1.30841787e-03,  3.23377551e-02, -7.69170542e-02],
       [-6.60214809e-02, -3.39233699e-02, -3.65076465e-02,  7.18100205e-02,  5.67178726e-02],
       [-6.99419158e-02,  8.87120706e-02,  1.81628974e-03, -3.97538300e-02,  5.00278225e-03],
       [-1.17907465e-01,  7.72152446e-02, -3.47834167e-02,  8.42409765e-02, -5.66312018e-02],
       [-1.46321394e-01, -1.72709733e-02, -2.31856016e-02, -2.33556735e-02,  9.52672874e-02],
       [-8.78151963e-02,  1.36383354e-02,  5.58387198e-03, -1.28592206e-02,  2.35269092e-02],
       [-7.82755346e-02, -2.22825699e-02, -3.18149155e-03,  4.14306044e-02, -3.26786427e-02],
       [ 4.46569031e-02, -9.64233521e-02,  4.89248967e-02, -1.46103933e-02, -9.34195525e-02],
       [ 6.76672984e-02, -1.65227447e-02, -3.06532780e-02,  4.07671444e-02,  3.13317574e-02],
       [-1.17265389e-01, -9.53151523e-02,  1.18633682e-02, -6.19469286e-02, -3.50509901e-02],
       [ 1.00470546e-01, -4.85498073e-03, -5.85520369e-02,  7.59661553e-02,  7.77166744e-02],
       [-3.18723170e-03,  2.50773495e-02, -2.79586818e-02, -2.57233897e-02,  9.83704694e-02],
       [ 8.18729220e-02, -5.88877707e-02,  3.24491621e-02, -8.01620074e-02, -5.26257632e-02],
       [ 3.66331502e-03,  1.36547678e-01,  4.19576598e-02, -2.15784359e-02, -9.31509479e-02],
       [ 8.65124626e-02,  2.62383532e-02, -5.23084681e-04,  5.64248536e-02, -1.83041525e-02],
       [-3.01369242e-02, -5.50917844e-02, -4.49587566e-02, -3.43768733e-02,  8.52426725e-02],
       [-1.54644849e-02, -4.36082438e-02,  8.24378358e-03, -1.01136632e-01, -5.75511298e-02],
       [-4.78681969e-02,  2.75993496e-02, -1.19782846e-02,  6.84734291e-02,  4.76306336e-03],
       [-5.03877885e-02, -7.35208385e-03, -7.77579838e-02, -8.59547216e-02,  6.56444129e-02],
       [-2.90051407e-02, -3.58965900e-02,  2.25462774e-02,  1.44064158e-02, -7.74338195e-02],
       [-3.16905685e-02, -2.53915029e-02,  1.91575016e-02,  5.83293732e-03, -3.77765253e-02],
       [-3.88470237e-02, -2.93161446e-02, -3.64383804e-02, -4.85394922e-02,  3.02253128e-02],
       [ 4.94786970e-02, -2.73660039e-02, -2.98973778e-02,  1.75910203e-02,  5.91901809e-02],
       [ 1.88277770e-02,  4.54789355e-03,  2.52544442e-03, -5.41058161e-02, -3.78641370e-02],
       [-2.59608791e-02, -7.97249386e-02, -1.59633821e-02,  1.19598297e-01,  5.35211731e-02],
       [ 5.69355224e-02,  3.30868259e-02,  5.04244718e-03, -9.82897623e-02, -7.44399371e-02],
       [-4.20773918e-03,  1.29376051e-02,  2.08732535e-02,  2.35483990e-02, -7.94023059e-02],
       [ 4.46928320e-02,  9.08720591e-04, -4.57888127e-03,  1.16147042e-01,  5.34491466e-02],
       [-1.14904723e-02,  5.96862437e-02, -1.58122221e-02,  3.23034866e-02,  6.53641389e-02],
       [ 3.55408518e-02,  4.75992142e-02, -1.00353233e-02, -7.45357544e-02,  1.20833210e-02],
       [ 2.38204030e-02,  9.28795292e-02,  6.23675443e-02, -9.25827695e-03,  1.20013667e-01],
       [ 1.13812923e-01, -3.74319818e-02, -9.07464586e-02, -1.54537792e-02, -4.48532748e-02],
       [ 1.53420975e-01,  1.10207095e-02,  1.68910303e-01,  6.72006460e-02,  1.90211301e-03],
       [ 7.61790784e-02,  1.08845308e-01, -1.37314878e-01, -6.00332875e-02,  5.55340585e-02],
       [ 6.29090669e-02,  4.12247506e-02, -2.65865519e-02, -1.87342769e-02,  1.97315517e-02],
       [ 5.41964072e-02,  8.52400306e-02,  1.36517466e-01,  4.59044133e-02,  5.34776170e-03],
       [-1.06444886e-01,  5.74552197e-02,  1.14227033e-01,  6.72662608e-02, -8.72916503e-02],
       [-5.46806817e-02, -1.92650839e-02,  2.01201729e-02, -1.99785951e-02,  6.97060699e-02],
       [ 2.22721452e-02,  1.54753302e-01, -9.53240012e-02, -7.23666350e-03, -1.15243976e-01],
       [-9.07357106e-02, -8.94736137e-02,  4.16749236e-02, -3.66498976e-02,  1.58759211e-01],
       [ 1.57977257e-02, -2.88299947e-02, -1.54485700e-01, -6.55941605e-02,  4.87463081e-02],
       [-8.90091229e-02, -1.27191152e-02, -8.88336978e-02, -2.30708383e-03, -1.22423574e-01],
       [ 6.24900054e-02, -1.18212199e-01,  9.19833188e-02,  4.55958369e-02, -7.47321241e-02],
       [-5.06781362e-02, -9.46177714e-02,  1.07173651e-01,  3.42327438e-02,  2.90483493e-02],
       [ 7.26897771e-02, -3.07647981e-02, -7.84789881e-02,  7.99705409e-02, -2.46687687e-02],
       [ 8.88348390e-02,  1.20330690e-03,  9.21576383e-02, -9.24569885e-02,  1.05475160e-01],
       [ 3.77478919e-02,  6.75048372e-02, -4.35296363e-02, -1.93045544e-02, -1.22641331e-01],
       [ 4.46804815e-02,  3.23572965e-02, -1.53285019e-02, -2.66245640e-03, -3.99487736e-02],
       [ 3.29187521e-02,  5.46489461e-02,  5.76762169e-02, -4.59029804e-02,  5.88586398e-02],
       [-6.40758859e-02,  4.44571583e-02,  2.30699133e-02,  5.85673429e-02,  7.34839733e-02],
       [-3.70118413e-02, -1.53388078e-02,  3.60544202e-02, -8.97768036e-02, -1.95294338e-02],
       [ 1.40612651e-02,  1.01460450e-01, -8.51610380e-02,  1.31557466e-01,  1.27107904e-02],
       [-4.52972478e-02, -4.82222038e-02,  6.53279407e-02, -1.59512975e-01, -4.44373883e-02],
       [ 1.13977407e-02, -6.70746665e-04, -9.01854923e-02,  7.72510987e-04, -1.17707097e-01],
       [-6.23581280e-02, -2.31115616e-03, -6.56732598e-02,  1.29284875e-01,  1.61224163e-02],
       [ 4.07425100e-02, -9.18170541e-02,  1.90101143e-02,  7.42704446e-02,  9.43906581e-02],
       [-3.31218666e-02, -6.40097461e-02,  6.24873561e-02, -7.07969874e-02,  3.98395474e-02],
       [ 5.60509154e-02, -1.34540185e-01, -1.19917899e-01,  3.10743659e-02, -4.56154233e-02],
       [ 1.21534916e-01, -9.43928016e-02,  7.94326926e-02,  2.76367415e-02,  4.67373795e-02],
       [ 7.40629717e-02, -7.56952396e-02,  1.57477764e-02,  1.15477487e-02,  1.08235709e-02],
       [ 6.98124348e-02, -4.06006503e-02, -7.28208053e-02,  1.17033022e-02, -2.34407884e-02],
       [-4.25284720e-03,  9.14164464e-02, -4.61833853e-02, -5.81878970e-02, -1.12787339e-02],
       [-3.49983006e-02,  3.90719208e-02, -4.10807688e-02,  6.26426056e-02, -1.37721178e-02],
       [ 1.37308912e-01, -1.70082909e-03,  7.72213549e-02, -6.16400832e-02,  2.86531144e-02],
       [-8.78771613e-02,  9.40576039e-02, -7.25224672e-02,  1.11311915e-01, -2.57090630e-02],
       [-8.09700949e-03, -3.79953864e-02,  6.73908953e-02,  2.42667467e-02,  5.19991469e-02],
       [-4.74071721e-02,  8.49195250e-02,  7.79836324e-02, -6.78327513e-02,  2.67066733e-02],
       [-4.20417529e-02, -7.95710941e-02, -2.48339944e-02, -5.62351540e-02, -2.90579137e-02],
       [-8.65903168e-02,  6.08517926e-02, -8.65645895e-02,  2.81344710e-02, -3.28726688e-02],
       [ 1.47400422e-01, -5.25068305e-02, -1.74808449e-01, -7.76152692e-02,  1.90150961e-02],
       [ 8.06483666e-02, -3.82259070e-02, -3.41586390e-02, -2.88605270e-02,  9.44170356e-03],
       [ 1.27152791e-01, -3.20874932e-02,  1.25793633e-01,  2.02902826e-02,  2.34949714e-02],
       [-2.80374855e-02,  1.24177647e-01,  1.05610776e-01,  1.00993644e-01, -5.22711368e-02],
       [-5.23824162e-02,  3.34098853e-02,  7.06579380e-03, -6.76287042e-02,  5.80190095e-02],
       [ 1.72009443e-01,  6.49679815e-02, -1.48543088e-01,  8.72531454e-02, -1.06314653e-01],
       [-1.21798039e-01,  6.37973097e-02,  3.70952160e-02, -1.26255145e-01,  1.38544331e-01],
       [-1.56677794e-02, -1.95402518e-02, -1.94978461e-01, -7.79014335e-02,  8.37311791e-03],
       [-8.34734775e-02,  1.04521794e-01, -1.17715889e-01,  8.68649182e-02, -1.13058180e-01],
       [-4.54301121e-02, -1.38443349e-01,  1.40439076e-01,  9.82677095e-02, -5.12376033e-02],
       [-1.11510459e-01,  1.64560173e-02,  1.35354285e-01, -7.57534206e-03,  4.10673591e-02],
       [ 9.11646871e-02,  2.29875658e-02,  2.69035524e-02,  2.63858650e-02, -2.54233110e-02],
       [ 8.68722370e-02,  5.63355656e-02, -1.47213079e-01, -4.66833145e-02,  9.55912317e-03],
       [-1.03915565e-01,  1.09063554e-01, -1.09603331e-01, -4.82658244e-02,  9.47390319e-02],
       [-6.87326017e-02,  2.59280614e-03, -2.51255478e-02,  5.94928935e-03, -6.87837278e-02],
       [ 6.78066107e-02,  1.49199786e-01,  1.20527002e-01,  2.26286363e-02,  1.07343021e-01],
       [-1.03521035e-01, -3.09166055e-02, -5.73083539e-02,  1.19931061e-02, -1.48236831e-01],
       [ 2.12691536e-02, -2.16287783e-02,  1.37594839e-01,  5.66099716e-02, -5.78711065e-02],
       [-1.12992627e-01,  3.05296091e-02,  8.58691566e-02,  2.68136003e-02,  1.16694128e-01],
       [ 3.83037925e-02, -1.75510240e-01, -7.48504623e-02, -2.92576081e-02,  7.77269548e-02],
       [-1.08132735e-01, -1.00986197e-01, -8.34731915e-02, -4.86211519e-02, -3.04519916e-02],
       [ 8.01135690e-02,  2.28719100e-02, -5.79421706e-02, -1.74091050e-02,  6.95661819e-03],
       [-4.69327315e-02,  6.39953524e-02, -5.06678264e-02, -2.04313567e-02,  4.58907096e-02],
       [-3.95571930e-02,  9.29616832e-03, -1.44584448e-02,  1.02577305e-02, -1.83148203e-02],
       [ 7.27970717e-02,  7.09068287e-02,  4.94436092e-02, -6.27977343e-03,  3.14549501e-02],
       [-8.97643662e-02, -9.10683753e-03, -1.35117618e-02,  5.30734887e-03, -5.34003601e-02],
       [-2.75418081e-03, -1.11284573e-02,  4.33279551e-02,  2.43392760e-02, -2.68362930e-02],
       [-5.32942564e-02,  2.95603136e-02,  1.55486890e-02,  1.90985101e-02,  4.02824424e-02],
       [ 3.97171867e-03, -9.69762234e-02, -3.54829483e-02, -1.30333275e-02,  3.86189062e-02],
       [-6.35377697e-02, -3.32548307e-02, -2.14124431e-02, -2.10498568e-02, -7.90875612e-03],
       [-7.04328184e-02,  5.65654641e-02,  5.58363831e-02,  5.46790945e-02, -1.71255784e-02],
       [-4.19807036e-02,  4.38128941e-04, -4.86019429e-03, -3.07521346e-02,  3.52766554e-02],
       [ 4.58755939e-02,  9.77233238e-02, -6.25622686e-02,  3.11461486e-02, -5.95869928e-02],
       [-6.60435839e-02, -3.18476868e-02,  1.34201236e-02, -5.69628597e-02,  7.97330063e-02],
       [ 1.60091500e-02, -2.04838933e-02, -1.42793441e-01, -5.20774900e-02,  4.21491287e-04],
       [-7.47706636e-02,  1.04318252e-02, -7.58662948e-02,  4.39544210e-02, -6.26378089e-02],
       [ 3.22886967e-02, -9.93734988e-02,  6.73418993e-02,  5.49574602e-02, -1.52576212e-02],
       [-6.29331943e-02, -6.16714524e-02,  1.14333762e-01, -2.65874406e-03,  2.49443925e-02],
       [ 3.31899900e-02, -5.02074609e-02, -1.22568223e-02,  2.99930729e-02,  5.16625993e-02],
       [-1.31573706e-01,  3.05017084e-02, -9.65396475e-03, -9.64223926e-02, -8.37321233e-02],
       [ 6.77027703e-02, -9.93815915e-02, -1.86807611e-03,  5.25897168e-02,  1.05318185e-01],
       [ 1.20887006e-02,  1.93945262e-02, -1.11107758e-01, -6.32896406e-02,  8.96935363e-02],
       [ 2.96685598e-02, -9.23836978e-02, -2.83521983e-02, -8.18153831e-02, -7.93032079e-02],
       [ 5.75910282e-02,  5.43512234e-02,  7.11204858e-02, -5.42094246e-04, -8.18258219e-02],
       [ 8.08843022e-02, -7.33587075e-02,  4.88572733e-02,  7.26872345e-02,  1.67309234e-03],
       [-5.83864239e-02, -3.92920489e-02, -3.87898044e-02,  9.74617226e-02,  7.94774854e-03],
       [ 6.96013211e-02, -9.93110167e-03,  2.34081377e-02, -8.60204068e-02, -2.68812392e-02],
       [ 7.50379784e-05,  1.55032142e-02, -2.53266730e-02,  1.10136021e-02, -7.38827790e-02],
       [ 4.68100601e-02, -3.09062509e-02, -4.36825848e-02,  1.04729006e-01,  1.55740334e-02],
       [ 2.36587302e-04,  6.02564703e-02, -3.96542541e-04,  4.20629591e-02,  6.18711857e-02],
       [ 4.97754468e-02,  8.38518105e-03,  3.63399494e-02, -6.25152408e-02,  2.08270786e-02],
       [-8.65787535e-02, -1.29711094e-01, -8.77006685e-02,  1.98913163e-01,  3.06060600e-02],
       [ 2.69897079e-02,  6.65837353e-03,  8.86298411e-02,  2.65638575e-02,  1.23171739e-01],
       [-1.02543809e-01, -3.80966670e-02,  9.16185617e-02, -1.36731662e-01, -2.37805356e-03],
       [ 8.61543712e-02, -1.15042134e-01, -3.69303072e-02, -7.96050219e-02, -8.37820410e-02],
       [-5.70978503e-02, -1.58518727e-01, -1.09905838e-01,  7.33464038e-02, -4.88475961e-02],
       [-1.38343687e-02,  2.41249384e-02, -5.03772590e-02,  1.88422082e-02, -1.65756517e-01],
       [ 8.27096264e-02, -3.86558836e-02, -7.35334418e-02,  1.81788928e-01,  3.60729750e-02],
       [-1.60702146e-02,  1.49128139e-01, -5.43317756e-04,  8.67536824e-02,  1.33271335e-01],
       [ 9.20659029e-02,  5.83906092e-02,  7.55123144e-02, -1.20202430e-01,  4.68961504e-02],
       [ 4.24309446e-03,  2.05054973e-02,  9.98192368e-02,  1.76990991e-02,  1.25343385e-01],
       [-1.44667391e-02, -5.98627569e-03, -7.67739027e-02, -3.73978424e-02,  7.72931397e-02],
       [-4.05791527e-03,  2.33076899e-02, -1.31988618e-01, -4.74526461e-02, -3.23156289e-02],
       [ 1.46553633e-02,  9.47120007e-02, -4.45238591e-02, -7.69202400e-02, -8.52047155e-02],
       [ 6.81653233e-02, -9.62907780e-03, -8.05102951e-02,  6.71383330e-02, -4.52672954e-02],
       [-3.38570593e-02,  1.20950792e-01,  7.76780859e-02,  6.43398714e-02,  4.42721190e-04]])})
2026-01-20 11:00:55,601 - final_problem_set.kxor_instance_n20_k2_m169_ell2_eps0.15_kappa0.875_rho0.0 - INFO - Running key extraction (n=20, m=169, ell=2, phase_qubits=12)
2026-01-20 11:00:55,604 - final_problem_set.kxor_instance_n20_k2_m169_ell2_eps0.15_kappa0.875_rho0.0 - INFO - Built voting matrix V (n=20, ell=2, dtype=complex128) in 0.003s
2026-01-20 11:00:55,604 - final_problem_set.kxor_instance_n20_k2_m169_ell2_eps0.15_kappa0.875_rho0.0 - INFO - Eval: adv=0.1953 (no ground-truth z available)
2026-01-20 11:00:55,604 - final_problem_set.kxor_instance_n20_k2_m169_ell2_eps0.15_kappa0.875_rho0.0 - INFO - Key extraction complete: x_hat=2
2026-01-20 11:00:55,604 - final_problem_set.kxor_instance_n20_k2_m169_ell2_eps0.15_kappa0.875_rho0.0 - INFO - Finished step 'KeyExtractionStep' in 0.003s (success: True, problem=kxor_instance_n20_k2_m169_ell2_eps0.15_kappa0.875_rho0.0)
2026-01-20 11:00:55,604 - final_problem_set.kxor_instance_n20_k2_m169_ell2_eps0.15_kappa0.875_rho0.0 - INFO - SUCCESS: len(z_hat)=20
2026-01-20 11:00:55,604 - final_problem_set.kxor_instance_n20_k2_m169_ell2_eps0.15_kappa0.875_rho0.0 - INFO - Metrics: adv=0.1952662721893491, ham_frac=None, corr=None
2026-01-20 11:00:55,604 - final_problem_set.kxor_instance_n20_k2_m169_ell2_eps0.15_kappa0.875_rho0.0 - INFO - z_hat (full): [ 1,  1, -1,  1, -1,  1, -1,  1,  1, -1, -1,  1,  1, -1,  1, -1, -1,  1,  1,  1]
