2026-01-20 11:00:52,619 - final_problem_set.kxor_instance_n19_k2_m218_ell2_eps0.25_kappa0.75_rho0.6 - INFO - Starting iteration for /Users/julian/CodingProjects/UniT3/QuarticSpeedupK-XOR/z_Daphne/data/final_problem_set/kxor_instance_n19_k2_m218_ell2_eps0.25_kappa0.75_rho0.6.npz
2026-01-20 11:00:52,619 - final_problem_set.kxor_instance_n19_k2_m218_ell2_eps0.25_kappa0.75_rho0.6 - INFO - Loaded instance (n=19, m=218, k=2)
2026-01-20 11:00:52,619 - final_problem_set.kxor_instance_n19_k2_m218_ell2_eps0.25_kappa0.75_rho0.6 - INFO - Starting step 'ComputeKikuchiStep' (version 0.1) on problem kxor_instance_n19_k2_m218_ell2_eps0.25_kappa0.75_rho0.6 (fields={'ell': 2, 'threshold': 0.0})
2026-01-20 11:00:52,645 - final_problem_set.kxor_instance_n19_k2_m218_ell2_eps0.25_kappa0.75_rho0.6 - INFO - Finished step 'ComputeKikuchiStep' in 0.025s (success: True, problem=kxor_instance_n19_k2_m218_ell2_eps0.25_kappa0.75_rho0.6)
2026-01-20 11:00:52,645 - final_problem_set.kxor_instance_n19_k2_m218_ell2_eps0.25_kappa0.75_rho0.6 - INFO - Starting step 'ClassicalEigenvaluesStep' (version 0.1) on problem kxor_instance_n19_k2_m218_ell2_eps0.25_kappa0.75_rho0.6 (fields={'ell': 2, 'threshold': 0.0, 'kikuchi_matrix': <Dictionary Of Keys sparse matrix of dtype 'int64'
	with 4284 stored elements and shape (171, 171)>, 'num_eigenvalues': 5})
2026-01-20 11:00:52,731 - final_problem_set.kxor_instance_n19_k2_m218_ell2_eps0.25_kappa0.75_rho0.6 - INFO - Finished step 'ClassicalEigenvaluesStep' in 0.087s (success: True, problem=kxor_instance_n19_k2_m218_ell2_eps0.25_kappa0.75_rho0.6)
2026-01-20 11:00:52,731 - final_problem_set.kxor_instance_n19_k2_m218_ell2_eps0.25_kappa0.75_rho0.6 - INFO - Starting step 'KeyExtractionStep' (version 0.1) on problem kxor_instance_n19_k2_m218_ell2_eps0.25_kappa0.75_rho0.6 (fields={'ell': 2, 'threshold': 0.0, 'kikuchi_matrix': <Dictionary Of Keys sparse matrix of dtype 'int64'
	with 4284 stored elements and shape (171, 171)>, 'num_eigenvalues': 5, 'eigenvalues': array([-10.27169278,  10.368883  ,  11.52823925,  12.4481252 ,  15.83408915]), 'eigenvectors': array([[ 0.05186458, -0.11192012,  0.05351691, -0.00157484,  0.09426734],
       [ 0.04225211,  0.04351652,  0.01853105,  0.18900603,  0.09808227],
       [ 0.01067896,  0.13752171,  0.01304978, -0.15752178, -0.07777807],
       [-0.01568924,  0.09234605, -0.05843597,  0.12262622,  0.09755959],
       [ 0.03286472, -0.11719384, -0.10553345,  0.05485364,  0.12347088],
       [-0.06054987,  0.11605294,  0.16796199,  0.03527919, -0.0749531 ],
       [-0.03017271, -0.02712336, -0.11510822,  0.14153923,  0.10587079],
       [-0.02969122,  0.18589689,  0.00791286,  0.0801327 , -0.09040998],
       [ 0.08429815, -0.04336339, -0.07848841,  0.06226156,  0.08079194],
       [-0.10342689,  0.11189402, -0.0236017 , -0.04069053, -0.11614194],
       [-0.1661622 , -0.09603969, -0.00981806,  0.06977307,  0.11292031],
       [ 0.06232549, -0.05926792,  0.06808224,  0.11263365, -0.06869938],
       [-0.12107587, -0.00992163, -0.11737521, -0.07737829, -0.0815673 ],
       [ 0.16573677,  0.06252723,  0.08149043, -0.14889697, -0.10225893],
       [-0.00385791,  0.00838906,  0.10326754, -0.03986453,  0.10129693],
       [-0.08373337, -0.03769067,  0.03332303, -0.12416248, -0.07951071],
       [-0.13286152,  0.06616536,  0.01009622, -0.02750843,  0.11822128],
       [ 0.14162446,  0.07056918, -0.17208867,  0.05528591,  0.07159601],
       [-0.02203139, -0.02097637,  0.13556595,  0.02433175,  0.08677918],
       [-0.00055926,  0.12505456, -0.08639795, -0.01529977, -0.06594133],
       [ 0.00872367,  0.0318415 ,  0.05467692, -0.02560363,  0.07758362],
       [-0.03368697, -0.07074767,  0.03657359, -0.07586493,  0.07765687],
       [ 0.04347729,  0.05994095,  0.05062633,  0.09332277, -0.05097093],
       [ 0.0182492 , -0.05147271,  0.03517144, -0.02740678,  0.08713472],
       [ 0.00589499,  0.07581925, -0.03154159,  0.0912164 , -0.0397991 ],
       [ 0.00316952, -0.04038524,  0.02733195, -0.03392802,  0.05269553],
       [ 0.00726957,  0.08420644, -0.10551201,  0.07318644, -0.07657679],
       [ 0.02232175, -0.06673404,  0.07569197, -0.05257476,  0.07083682],
       [-0.00986927, -0.05861486,  0.0171123 ,  0.10708546, -0.02809868],
       [ 0.06967626,  0.02057026, -0.11778065,  0.01722788, -0.05236833],
       [-0.02893216,  0.06644033, -0.05293354,  0.02300262, -0.07876786],
       [ 0.02940143,  0.01729733,  0.09033062, -0.07379174,  0.04289657],
       [ 0.04971631,  0.00922187, -0.05287259, -0.00062197, -0.0572109 ],
       [ 0.03266929,  0.03512959,  0.05816206, -0.08080059,  0.05309002],
       [-0.01606321,  0.03140408, -0.04927638, -0.04494573,  0.06142985],
       [-0.0100797 ,  0.03064997, -0.0726027 , -0.14812521, -0.06912206],
       [-0.01877729,  0.16354429,  0.03446348,  0.12225387,  0.08287455],
       [ 0.03520338,  0.01481278,  0.0139303 ,  0.07971784,  0.12247041],
       [-0.01173555,  0.02059829,  0.09765037,  0.00283308, -0.08624028],
       [ 0.00964427,  0.08635699,  0.00035633,  0.14243068,  0.09578172],
       [ 0.01848676,  0.08877125, -0.06647998,  0.04765706, -0.0862821 ],
       [-0.07519319,  0.02993179,  0.00461483,  0.06662511,  0.07301487],
       [ 0.07852923,  0.00360083, -0.10869747, -0.05565974, -0.09846168],
       [ 0.03653798,  0.01306001,  0.08392681,  0.07965064,  0.09768343],
       [-0.06150287, -0.10261597,  0.01238957,  0.08540106, -0.05876843],
       [ 0.01337191, -0.06000247, -0.15747604, -0.07899613, -0.06248133],
       [-0.01884893, -0.05870491, -0.02870122, -0.14958648, -0.09445045],
       [-0.00390831,  0.04877102,  0.13741501, -0.03188098,  0.07023279],
       [-0.01887934, -0.10048687, -0.05009346, -0.11878797, -0.0654143 ],
       [ 0.03117533,  0.10503626,  0.07985626, -0.01521736,  0.0840615 ],
       [-0.08788318,  0.14494453, -0.09376712,  0.07417316,  0.07252302],
       [ 0.00827453, -0.01026412, -0.01265107, -0.11886588, -0.07910411],
       [-0.02754084,  0.14813016,  0.0172102 , -0.06352904, -0.08921856],
       [ 0.01966551, -0.15349423, -0.1089224 , -0.00322917,  0.06642108],
       [ 0.01126814,  0.08610889,  0.024281  , -0.12189904, -0.08032987],
       [-0.00269128, -0.15412488,  0.02670527, -0.04576261,  0.0580377 ],
       [ 0.00760063,  0.09386057,  0.01612161, -0.06610529, -0.06617889],
       [-0.00169714, -0.13601656,  0.07072818,  0.04962212,  0.07954188],
       [ 0.02942292,  0.12858994, -0.04495485, -0.07059494, -0.08006725],
       [-0.00219465,  0.01276923, -0.02451098, -0.07188647,  0.05017546],
       [ 0.03285089, -0.04408127,  0.1395473 ,  0.08090831,  0.06192717],
       [-0.03121681, -0.10618006, -0.00116851,  0.12546551,  0.07504023],
       [ 0.01136812,  0.03053697, -0.11660433,  0.01812716, -0.06439354],
       [ 0.02673685, -0.01424924,  0.0201643 ,  0.09963505,  0.05694021],
       [-0.00380654,  0.00834132, -0.06572168,  0.00482183, -0.08420306],
       [-0.00800739, -0.00788936,  0.10046535, -0.0602836 , -0.05963356],
       [-0.02893827,  0.07496449, -0.05864768,  0.01050396,  0.10372001],
       [ 0.03026216, -0.01674185,  0.13013584,  0.04968294, -0.07112975],
       [ 0.01071056,  0.13237002, -0.06526341,  0.08008034,  0.09130691],
       [-0.00577974,  0.02927182, -0.00524661,  0.086479  , -0.08148416],
       [ 0.05304155,  0.08756375, -0.05257951,  0.03326329,  0.07643659],
       [-0.05157348, -0.06701306, -0.03932858, -0.00553503, -0.10558194],
       [-0.00896275,  0.07887346,  0.01219039,  0.03135146,  0.10715398],
       [ 0.03702919, -0.08755375,  0.03665655,  0.11158998, -0.04269849],
       [ 0.0262547 , -0.10246273, -0.09885124, -0.04139472, -0.06645079],
       [ 0.00189427, -0.09932929,  0.03933411, -0.08582018, -0.08774048],
       [ 0.02069723,  0.08611851,  0.08819128, -0.05910431,  0.06674252],
       [ 0.02589758, -0.12577083,  0.00552755, -0.07957281, -0.06778337],
       [-0.00861744,  0.17154177,  0.02649567, -0.05400302,  0.08535622],
       [ 0.04037514,  0.13543407, -0.11309071,  0.02405355,  0.05833878],
       [-0.0716382 ,  0.08042319,  0.15121208,  0.09778088, -0.06398722],
       [-0.00245198, -0.03915599, -0.10545296,  0.01239039,  0.11220811],
       [ 0.02307773,  0.12038391,  0.01126269,  0.12958552, -0.06668256],
       [-0.13401336, -0.03997325, -0.07417479, -0.01822974,  0.08256223],
       [ 0.13460861,  0.08685528, -0.01099839,  0.06445525, -0.11052391],
       [ 0.06106262, -0.09294192, -0.02315737, -0.04461862,  0.12495014],
       [-0.09855826, -0.08646493,  0.05889212,  0.15272066, -0.0467087 ],
       [-0.03154871,  0.00759024, -0.10337894,  0.00805918, -0.10001584],
       [-0.02244497,  0.06624401,  0.07996313, -0.02350596, -0.11068882],
       [-0.03573295,  0.04129588,  0.08427962, -0.10380711,  0.07456661],
       [-0.05345519, -0.01371076,  0.05508543, -0.03994085, -0.10348331],
       [ 0.0452425 ,  0.08089541,  0.00806937, -0.10598776,  0.08882355],
       [-0.14003901,  0.05775527, -0.15845588, -0.01905666,  0.07125132],
       [ 0.00311541,  0.06618309,  0.15385877,  0.05307842, -0.06876751],
       [-0.030579  , -0.07784427, -0.05724103, -0.1017708 ,  0.03811463],
       [ 0.12718917,  0.04319789,  0.1069001 ,  0.04939165, -0.04950489],
       [-0.13099839, -0.07220153, -0.08939677, -0.08781775,  0.0675235 ],
       [-0.06311662,  0.07428291,  0.10592009,  0.07454019, -0.06971528],
       [ 0.09766484,  0.05410659, -0.04909626, -0.09778129,  0.02264507],
       [ 0.00190226, -0.02023661, -0.01557645, -0.05333856,  0.06345983],
       [ 0.03927376, -0.08325553, -0.14286803, -0.04503918,  0.06972311],
       [ 0.0298774 , -0.02273707,  0.01266686,  0.10164019, -0.05127939],
       [ 0.02831217, -0.02264386, -0.11966974, -0.02076449,  0.06580729],
       [-0.08337689, -0.04307778,  0.06773258,  0.11222183, -0.05848151],
       [ 0.1459901 , -0.00416574,  0.13923694,  0.04577273, -0.04171849],
       [-0.01355979,  0.12351152,  0.0147251 ,  0.09589673, -0.08293116],
       [ 0.03929342, -0.00071554, -0.07937574,  0.0359733 ,  0.07385617],
       [-0.04252195,  0.04737367, -0.00438426, -0.00687734, -0.1194648 ],
       [-0.02307584, -0.033932  , -0.02854122,  0.03749699,  0.11983936],
       [ 0.0222244 , -0.08296357,  0.05501518,  0.12479791, -0.05369181],
       [-0.00394217, -0.04327581, -0.09169976, -0.04539114, -0.07706904],
       [ 0.03309904, -0.00305112,  0.08841026, -0.10130177, -0.09907172],
       [ 0.00301918,  0.06123117,  0.08199111, -0.06742944,  0.09302112],
       [-0.00274275, -0.07562878,  0.05051648, -0.10444442, -0.08461623],
       [-0.05518587,  0.09644407,  0.00775804, -0.05807335,  0.08960754],
       [ 0.03813242,  0.09471575, -0.15868782,  0.03148309,  0.06539403],
       [-0.00027448,  0.09250208,  0.00607533,  0.08142803, -0.05531281],
       [-0.00758124, -0.1091249 ,  0.03583261, -0.11091274,  0.05987864],
       [-0.02376569,  0.1112345 , -0.02371942,  0.10527037, -0.06272463],
       [ 0.00676681,  0.04384474, -0.02458531, -0.09393622,  0.01991699],
       [-0.04667358, -0.06351075,  0.08013322, -0.06574624,  0.05585749],
       [ 0.0382192 , -0.13686675, -0.00070258, -0.08690564,  0.081517  ],
       [-0.01907036,  0.00064731, -0.05275856,  0.09201552, -0.03656286],
       [-0.03555847, -0.06390819,  0.00987072, -0.05125442,  0.06160564],
       [-0.02178407,  0.00460415, -0.02377079,  0.10825935, -0.046762  ],
       [ 0.02056584,  0.02523249,  0.06320012,  0.07738993, -0.05226559],
       [-0.02452062,  0.06418084, -0.01635348,  0.02866545, -0.09376007],
       [ 0.0856518 , -0.03585187, -0.01438327, -0.00696076,  0.07527336],
       [ 0.02403248, -0.0591872 ,  0.03400522,  0.09116171, -0.03394726],
       [ 0.18294489, -0.01512571, -0.07388735, -0.01482634, -0.06185683],
       [-0.13393148,  0.02263328,  0.06992225, -0.04898984, -0.08539122],
       [ 0.05598313,  0.0350523 ,  0.06465025, -0.06994338,  0.06443955],
       [ 0.16430334, -0.027442  ,  0.0353253 , -0.04197785, -0.05513985],
       [ 0.10749223,  0.05468688,  0.00498233, -0.05690115,  0.06039594],
       [-0.01018547,  0.06840022, -0.1428155 ,  0.00629359,  0.05811346],
       [-0.1047555 ,  0.07994617, -0.07446344,  0.03849977, -0.10040591],
       [-0.00674706,  0.08358495, -0.03190255, -0.124353  ,  0.040852  ],
       [-0.20386623, -0.01213945,  0.14356011, -0.00338733,  0.06955599],
       [ 0.14166194, -0.06676872,  0.03048135,  0.01469317,  0.10498391],
       [-0.0643889 , -0.02883012, -0.11469275,  0.08797272, -0.06021541],
       [-0.17291172,  0.01054244,  0.05263089,  0.03097601,  0.08865455],
       [-0.12501243, -0.06102518, -0.06487925,  0.09457399, -0.08123834],
       [ 0.04102542, -0.05992941,  0.08847224,  0.02538061, -0.085579  ],
       [ 0.07764183, -0.08014573,  0.03102476,  0.12817595, -0.04717532],
       [-0.14202444, -0.00493676, -0.13214198, -0.01515108, -0.07283152],
       [ 0.11298863,  0.07362231,  0.00154782, -0.05496945, -0.12700425],
       [-0.03805168,  0.03241515,  0.10763824, -0.08211845,  0.06530761],
       [-0.10325815, -0.02171143, -0.02421973, -0.04653742, -0.07523628],
       [-0.16546441,  0.0690056 ,  0.05731888, -0.09110299,  0.08695697],
       [ 0.13393573,  0.0603624 , -0.10255814, -0.00454445,  0.07313279],
       [ 0.13727432,  0.07292747,  0.00337778, -0.08607507,  0.03678248],
       [-0.11146795,  0.07263041, -0.04909379, -0.1188492 ,  0.05436658],
       [ 0.03623271, -0.0809592 ,  0.00384558,  0.09192937, -0.02106128],
       [ 0.12536103,  0.0636196 , -0.02993397, -0.07674022,  0.04080179],
       [ 0.10797837, -0.09857919,  0.02190657,  0.10768565, -0.02446693],
       [-0.02134471, -0.06124357,  0.04807367,  0.08371181, -0.02959652],
       [ 0.1228574 ,  0.02593162,  0.10812462,  0.05365918,  0.07506449],
       [ 0.02149178, -0.03309856, -0.12014881,  0.0420421 , -0.04685174],
       [-0.02482726,  0.08150525,  0.12297199,  0.07092233,  0.06296019],
       [-0.1595356 , -0.07596413, -0.09792096,  0.03921097, -0.0599085 ],
       [ 0.21648773, -0.10977404,  0.00455375, -0.01486092, -0.06432492],
       [ 0.01764235, -0.03509395, -0.09914977,  0.05882474, -0.08275334],
       [ 0.07297621,  0.04812804, -0.02062106,  0.09613676,  0.07636876],
       [ 0.14699044, -0.09522699, -0.01936618,  0.04904953, -0.10574811],
       [-0.17362584, -0.0759604 ,  0.14073669, -0.03373013, -0.06686119],
       [ 0.0312099 , -0.05829223, -0.0926943 ,  0.02966732, -0.06040605],
       [-0.03447991,  0.09214513,  0.07719691, -0.09541383,  0.0454607 ],
       [ 0.06409715,  0.0889309 ,  0.00212054, -0.0597013 ,  0.05557937],
       [-0.1027361 , -0.08442481, -0.03252195,  0.01680144, -0.06618604],
       [ 0.19603717, -0.08456338,  0.09710152, -0.03487858, -0.05048477],
       [ 0.16924402,  0.11578536, -0.05577176, -0.05211577,  0.05921821]])})
2026-01-20 11:00:52,733 - final_problem_set.kxor_instance_n19_k2_m218_ell2_eps0.25_kappa0.75_rho0.6 - INFO - Running key extraction (n=19, m=218, ell=2, phase_qubits=13)
2026-01-20 11:00:52,735 - final_problem_set.kxor_instance_n19_k2_m218_ell2_eps0.25_kappa0.75_rho0.6 - INFO - Built voting matrix V (n=19, ell=2, dtype=complex128) in 0.002s
2026-01-20 11:00:52,735 - final_problem_set.kxor_instance_n19_k2_m218_ell2_eps0.25_kappa0.75_rho0.6 - INFO - Eval: adv=0.5963, hamming=0/19 (0.000), corr=1.000
2026-01-20 11:00:52,735 - final_problem_set.kxor_instance_n19_k2_m218_ell2_eps0.25_kappa0.75_rho0.6 - INFO - Key extraction complete: x_hat=5
2026-01-20 11:00:52,735 - final_problem_set.kxor_instance_n19_k2_m218_ell2_eps0.25_kappa0.75_rho0.6 - INFO - Finished step 'KeyExtractionStep' in 0.002s (success: True, problem=kxor_instance_n19_k2_m218_ell2_eps0.25_kappa0.75_rho0.6)
2026-01-20 11:00:52,735 - final_problem_set.kxor_instance_n19_k2_m218_ell2_eps0.25_kappa0.75_rho0.6 - INFO - SUCCESS: len(z_hat)=19
2026-01-20 11:00:52,735 - final_problem_set.kxor_instance_n19_k2_m218_ell2_eps0.25_kappa0.75_rho0.6 - INFO - Metrics: adv=0.5963302752293578, ham_frac=0.0, corr=1.0
2026-01-20 11:00:52,735 - final_problem_set.kxor_instance_n19_k2_m218_ell2_eps0.25_kappa0.75_rho0.6 - INFO - z_hat (full): [ 1,  1,  1, -1,  1,  1, -1,  1, -1,  1, -1,  1, -1, -1, -1,  1, -1,  1,  1]
