2026-01-20 11:00:35,401 - final_problem_set.kxor_instance_n16_k2_m142_ell2_eps0.3_kappa0.875_rho0.6 - INFO - Starting iteration for /Users/julian/CodingProjects/UniT3/QuarticSpeedupK-XOR/z_Daphne/data/final_problem_set/kxor_instance_n16_k2_m142_ell2_eps0.3_kappa0.875_rho0.6.npz
2026-01-20 11:00:35,402 - final_problem_set.kxor_instance_n16_k2_m142_ell2_eps0.3_kappa0.875_rho0.6 - INFO - Loaded instance (n=16, m=142, k=2)
2026-01-20 11:00:35,402 - final_problem_set.kxor_instance_n16_k2_m142_ell2_eps0.3_kappa0.875_rho0.6 - INFO - Starting step 'ComputeKikuchiStep' (version 0.1) on problem kxor_instance_n16_k2_m142_ell2_eps0.3_kappa0.875_rho0.6 (fields={'ell': 2, 'threshold': 0.0})
2026-01-20 11:00:35,416 - final_problem_set.kxor_instance_n16_k2_m142_ell2_eps0.3_kappa0.875_rho0.6 - INFO - Finished step 'ComputeKikuchiStep' in 0.014s (success: True, problem=kxor_instance_n16_k2_m142_ell2_eps0.3_kappa0.875_rho0.6)
2026-01-20 11:00:35,416 - final_problem_set.kxor_instance_n16_k2_m142_ell2_eps0.3_kappa0.875_rho0.6 - INFO - Starting step 'ClassicalEigenvaluesStep' (version 0.1) on problem kxor_instance_n16_k2_m142_ell2_eps0.3_kappa0.875_rho0.6 (fields={'ell': 2, 'threshold': 0.0, 'kikuchi_matrix': <Dictionary Of Keys sparse matrix of dtype 'int64'
	with 2408 stored elements and shape (120, 120)>, 'num_eigenvalues': 5})
2026-01-20 11:00:35,448 - final_problem_set.kxor_instance_n16_k2_m142_ell2_eps0.3_kappa0.875_rho0.6 - INFO - Finished step 'ClassicalEigenvaluesStep' in 0.031s (success: True, problem=kxor_instance_n16_k2_m142_ell2_eps0.3_kappa0.875_rho0.6)
2026-01-20 11:00:35,448 - final_problem_set.kxor_instance_n16_k2_m142_ell2_eps0.3_kappa0.875_rho0.6 - INFO - Starting step 'KeyExtractionStep' (version 0.1) on problem kxor_instance_n16_k2_m142_ell2_eps0.3_kappa0.875_rho0.6 (fields={'ell': 2, 'threshold': 0.0, 'kikuchi_matrix': <Dictionary Of Keys sparse matrix of dtype 'int64'
	with 2408 stored elements and shape (120, 120)>, 'num_eigenvalues': 5, 'eigenvalues': array([-10.54195486,   9.59403615,   9.89077953,  10.87821387,  14.02782523]), 'eigenvectors': array([[-0.02912172, -0.01547434, -0.16363752, -0.10011816, -0.0745923 ],
       [-0.01999955,  0.03004013, -0.00092208,  0.10473896, -0.1075336 ],
       [-0.03735738, -0.09426748, -0.10715319,  0.08907712,  0.12234942],
       [ 0.01003665,  0.05466912, -0.10494419, -0.1749484 ,  0.10208893],
       [ 0.02472315, -0.07543265,  0.00769791,  0.0264194 , -0.1733506 ],
       [-0.01766967, -0.10488628,  0.09643236, -0.09150143, -0.11926233],
       [-0.02931669,  0.10694975, -0.06679581,  0.03565066, -0.14649296],
       [-0.00948779,  0.07282538,  0.0364419 ,  0.00753863, -0.13978971],
       [ 0.04064442,  0.20411863, -0.16579071,  0.03687448,  0.08083038],
       [-0.04461873, -0.01618037, -0.12645765, -0.0474555 ,  0.15009513],
       [ 0.0166579 , -0.00681899, -0.09596623,  0.1257881 , -0.13823708],
       [ 0.04588182, -0.0336782 ,  0.05533235,  0.02906226,  0.17269758],
       [ 0.03779557,  0.03070193,  0.01233753, -0.22172047, -0.07684489],
       [-0.05604233,  0.16504519,  0.13908555, -0.08731741,  0.0852558 ],
       [-0.01374648,  0.16312317,  0.08736081,  0.08004638,  0.1104143 ],
       [-0.11018201, -0.03615445,  0.12684159,  0.01708469,  0.0586694 ],
       [-0.11560315,  0.02303858, -0.08287169, -0.09796943, -0.05250657],
       [ 0.0124101 , -0.02156053, -0.05885106,  0.02035826, -0.06076801],
       [ 0.08890496,  0.01225662,  0.16175902,  0.09263437,  0.07195094],
       [-0.1010877 ,  0.04041128,  0.07685151,  0.10884386,  0.05453408],
       [-0.16648998, -0.05730811,  0.17998723,  0.07274454,  0.06553204],
       [-0.05937562, -0.03510016,  0.12696309,  0.07789515,  0.06609909],
       [ 0.20339309, -0.09880914, -0.00697095, -0.07158587, -0.044194  ],
       [-0.1776105 ,  0.0177112 , -0.10061735, -0.07215608, -0.07831377],
       [ 0.10220639, -0.00952076,  0.13951606,  0.02852807,  0.05293916],
       [ 0.15125359,  0.02580561, -0.17391961, -0.10298666, -0.06711255],
       [ 0.18192573, -0.00741643,  0.05642016,  0.10806618,  0.02496156],
       [-0.16207596, -0.04939758, -0.11126842, -0.01629747, -0.03550578],
       [-0.05874749, -0.03863574, -0.12048389, -0.08812166, -0.04229489],
       [-0.08942811,  0.13110543,  0.06815785,  0.00794911, -0.08691127],
       [ 0.02783544,  0.00423585,  0.05005441,  0.14727091, -0.05794694],
       [ 0.06456053, -0.0275895 ,  0.01413303, -0.1046176 ,  0.10027685],
       [-0.07218862,  0.01674099, -0.05929016, -0.00697155,  0.08537648],
       [-0.12996274, -0.12217319,  0.0525697 , -0.0916711 ,  0.08099149],
       [-0.03389995, -0.11988036, -0.01100971, -0.08085009,  0.09139127],
       [ 0.12307361, -0.10900183,  0.11591715,  0.03103724, -0.0661984 ],
       [-0.1037477 ,  0.07390085,  0.05895654,  0.10482299, -0.0883963 ],
       [ 0.06579647, -0.04662048,  0.06725434, -0.12257045,  0.06979338],
       [ 0.09319954,  0.0991981 , -0.05067839,  0.06760256, -0.10092327],
       [ 0.13102528, -0.05509342, -0.00922747,  0.09911875,  0.05338947],
       [-0.12920015, -0.07977855, -0.10220285,  0.10447961, -0.05672379],
       [-0.02953054, -0.0639913 , -0.06358245,  0.00957904, -0.070324  ],
       [ 0.01561944, -0.06894262, -0.14226804, -0.06594968,  0.08215517],
       [ 0.06012853,  0.10498676,  0.10265267, -0.08436049, -0.1338987 ],
       [-0.06355508,  0.01958126,  0.10384006, -0.11295833, -0.07899185],
       [-0.09899245,  0.16872172,  0.0328259 , -0.04949017, -0.09688797],
       [-0.04354969,  0.13761933,  0.08806101, -0.0585025 , -0.08745268],
       [ 0.13017793,  0.07448481, -0.13298252,  0.06142738,  0.05993887],
       [-0.13136218, -0.13591773, -0.1538222 ,  0.05184856,  0.09718868],
       [ 0.08545333,  0.10738063,  0.00631101,  0.01474848, -0.09756065],
       [ 0.08843884, -0.12329105, -0.03824445,  0.09176755,  0.10146003],
       [ 0.15564112,  0.03832907,  0.02129188, -0.15415575, -0.03878143],
       [-0.10030011,  0.04674737,  0.05008832, -0.00584014,  0.07967032],
       [-0.03081182,  0.02830043,  0.00996251,  0.13627892,  0.09575906],
       [-0.00945298, -0.05576384,  0.08807291,  0.17298876, -0.09875553],
       [ 0.00526954, -0.08402416,  0.1285106 ,  0.05665375, -0.08199471],
       [ 0.01281279,  0.07124559,  0.04079941,  0.16645333, -0.09086668],
       [ 0.01055212,  0.04176946,  0.09008078,  0.12451027, -0.07918889],
       [-0.05242747,  0.12274969, -0.12696996, -0.04238794,  0.04969875],
       [ 0.01569855, -0.00271964, -0.13730709, -0.16585694,  0.08213213],
       [-0.01364046, -0.00431087,  0.01044678,  0.16171021, -0.06688301],
       [-0.02340425, -0.01538539, -0.05429216, -0.13174015,  0.10327456],
       [-0.03129816,  0.01150503,  0.05618687, -0.0607924 , -0.05986014],
       [ 0.00759106,  0.09995129,  0.04536531, -0.11333609,  0.0506586 ],
       [ 0.01662946,  0.14488712,  0.00094206, -0.06309166,  0.08467939],
       [ 0.04863408,  0.09715292, -0.08174689,  0.07916756,  0.1144119 ],
       [ 0.07449486, -0.10597409,  0.07902915, -0.04210572,  0.14011307],
       [ 0.03941586, -0.08084678, -0.02502655, -0.01750724,  0.15049966],
       [-0.10097319, -0.19792831,  0.1518386 , -0.02997185, -0.08223606],
       [ 0.10051243,  0.02094179,  0.10503688,  0.05431731, -0.14415413],
       [-0.07276668,  0.00492878,  0.09758159, -0.11608615,  0.11527051],
       [-0.07172601,  0.03532348, -0.06262836, -0.01567221, -0.14714899],
       [-0.104684  , -0.03877117, -0.00768853,  0.2074103 ,  0.07592313],
       [ 0.08351871, -0.17982888, -0.15065127,  0.09666561, -0.09013449],
       [ 0.03929391, -0.1588698 , -0.09627377, -0.06565101, -0.10305598],
       [-0.05386236, -0.03149499, -0.02104338,  0.06696763,  0.12380419],
       [-0.02368109, -0.00047855, -0.09110239,  0.0740572 ,  0.10522076],
       [ 0.13690039, -0.1405338 ,  0.12249635, -0.05428691, -0.04935672],
       [-0.06789046, -0.03841906,  0.14194547, -0.05688687, -0.10023321],
       [ 0.05290694,  0.05142697,  0.00318561, -0.00826877,  0.09938665],
       [ 0.09378956, -0.03005395,  0.03375273, -0.09292472, -0.10186478],
       [ 0.07711184, -0.01914989, -0.02090728,  0.15116332,  0.04029741],
       [-0.08459848, -0.1468536 , -0.05293711,  0.00997684, -0.06949541],
       [-0.0430705 , -0.1189055 , -0.00993511, -0.09724946, -0.06948244],
       [-0.05295036, -0.16967974,  0.03432664, -0.02834386,  0.10319238],
       [ 0.16603016, -0.09160793,  0.1031391 , -0.01627971, -0.09457405],
       [-0.11155408,  0.15688682,  0.02917824,  0.06029478, -0.12126001],
       [ 0.0887878 , -0.10811443,  0.12098407, -0.10158051,  0.09117608],
       [ 0.13986366,  0.15153302, -0.10808042, -0.00053797, -0.11420762],
       [ 0.12546264, -0.05022598,  0.01657515,  0.16268087,  0.05541648],
       [-0.11387178, -0.06446908, -0.14136929,  0.07505005, -0.06912731],
       [-0.07427998, -0.04072907, -0.13692558, -0.05839528, -0.10256738],
       [ 0.06933105, -0.10501753,  0.14065983, -0.03085201, -0.07788792],
       [-0.03737768,  0.12488767,  0.10817593,  0.03250121, -0.11322976],
       [ 0.02366326, -0.08482472,  0.05411526, -0.08010494,  0.09265085],
       [ 0.05234135,  0.11832852, -0.02277951, -0.01781542, -0.11234676],
       [ 0.03909996, -0.04034723, -0.01157872,  0.15290741,  0.05059841],
       [-0.05739802, -0.06986267, -0.10152217,  0.06287429, -0.07640641],
       [-0.02322352, -0.05698209, -0.06366369, -0.06725611, -0.10157082],
       [ 0.16875131,  0.14455942, -0.17605099,  0.01770227,  0.07199162],
       [-0.13938513, -0.13174982,  0.06699557,  0.02561743, -0.07423511],
       [-0.13888583,  0.1410308 , -0.1140735 ,  0.05348324,  0.09536627],
       [-0.19538292, -0.02618171,  0.04689211, -0.09657811, -0.03503544],
       [ 0.17174395,  0.14063722, -0.00763219, -0.01522157,  0.04650003],
       [ 0.06193485,  0.15579145, -0.05381942,  0.05025529,  0.0529531 ],
       [ 0.09135601,  0.05943292, -0.00603955,  0.13654948, -0.11478404],
       [ 0.10942114, -0.09472954, -0.0439318 , -0.00882328,  0.1298776 ],
       [ 0.11657011,  0.06638372,  0.07006735, -0.18113233, -0.07306442],
       [-0.11347089,  0.12058248,  0.06876725, -0.11124145,  0.09586242],
       [-0.07171008,  0.1071672 ,  0.01248203,  0.05139368,  0.11045143],
       [-0.08400855,  0.06101638, -0.11385984,  0.06606795, -0.1002644 ],
       [-0.09102109, -0.03360176,  0.04409705,  0.10632861,  0.06225867],
       [ 0.12074264, -0.0902708 , -0.12222612,  0.09029141, -0.05319026],
       [ 0.04133532, -0.10079861, -0.13300476,  0.01019652, -0.08633932],
       [-0.13087014,  0.03875775, -0.01415991, -0.17852386, -0.05126511],
       [ 0.11029432,  0.09910209,  0.13460978, -0.05196675,  0.07436095],
       [ 0.04428521,  0.08003529,  0.11040004,  0.08578925,  0.09336624],
       [ 0.13808531, -0.04177081, -0.06014046, -0.07667106, -0.0422445 ],
       [ 0.09618731,  0.00481467, -0.02501829, -0.14224631, -0.03764225],
       [-0.08276264,  0.14061473,  0.1148185 , -0.01784137,  0.04980485]])})
2026-01-20 11:00:35,449 - final_problem_set.kxor_instance_n16_k2_m142_ell2_eps0.3_kappa0.875_rho0.6 - INFO - Running key extraction (n=16, m=142, ell=2, phase_qubits=12)
2026-01-20 11:00:35,450 - final_problem_set.kxor_instance_n16_k2_m142_ell2_eps0.3_kappa0.875_rho0.6 - INFO - Built voting matrix V (n=16, ell=2, dtype=complex128) in 0.001s
2026-01-20 11:00:35,450 - final_problem_set.kxor_instance_n16_k2_m142_ell2_eps0.3_kappa0.875_rho0.6 - INFO - Eval: adv=0.5493, hamming=0/16 (0.000), corr=1.000
2026-01-20 11:00:35,450 - final_problem_set.kxor_instance_n16_k2_m142_ell2_eps0.3_kappa0.875_rho0.6 - INFO - Key extraction complete: x_hat=0
2026-01-20 11:00:35,450 - final_problem_set.kxor_instance_n16_k2_m142_ell2_eps0.3_kappa0.875_rho0.6 - INFO - Finished step 'KeyExtractionStep' in 0.002s (success: True, problem=kxor_instance_n16_k2_m142_ell2_eps0.3_kappa0.875_rho0.6)
2026-01-20 11:00:35,450 - final_problem_set.kxor_instance_n16_k2_m142_ell2_eps0.3_kappa0.875_rho0.6 - INFO - SUCCESS: len(z_hat)=16
2026-01-20 11:00:35,450 - final_problem_set.kxor_instance_n16_k2_m142_ell2_eps0.3_kappa0.875_rho0.6 - INFO - Metrics: adv=0.5492957746478874, ham_frac=0.0, corr=1.0
2026-01-20 11:00:35,450 - final_problem_set.kxor_instance_n16_k2_m142_ell2_eps0.3_kappa0.875_rho0.6 - INFO - z_hat (full): [-1,  1,  1, -1, -1,  1,  1,  1,  1, -1, -1,  1, -1,  1, -1, -1]
