2026-01-20 11:00:33,226 - final_problem_set.kxor_instance_n15_k2_m130_ell2_eps0.3_kappa0.875_rho0.8 - INFO - Starting iteration for /Users/julian/CodingProjects/UniT3/QuarticSpeedupK-XOR/z_Daphne/data/final_problem_set/kxor_instance_n15_k2_m130_ell2_eps0.3_kappa0.875_rho0.8.npz
2026-01-20 11:00:33,226 - final_problem_set.kxor_instance_n15_k2_m130_ell2_eps0.3_kappa0.875_rho0.8 - INFO - Loaded instance (n=15, m=130, k=2)
2026-01-20 11:00:33,226 - final_problem_set.kxor_instance_n15_k2_m130_ell2_eps0.3_kappa0.875_rho0.8 - INFO - Starting step 'ComputeKikuchiStep' (version 0.1) on problem kxor_instance_n15_k2_m130_ell2_eps0.3_kappa0.875_rho0.8 (fields={'ell': 2, 'threshold': 0.0})
2026-01-20 11:00:33,238 - final_problem_set.kxor_instance_n15_k2_m130_ell2_eps0.3_kappa0.875_rho0.8 - INFO - Finished step 'ComputeKikuchiStep' in 0.011s (success: True, problem=kxor_instance_n15_k2_m130_ell2_eps0.3_kappa0.875_rho0.8)
2026-01-20 11:00:33,238 - final_problem_set.kxor_instance_n15_k2_m130_ell2_eps0.3_kappa0.875_rho0.8 - INFO - Starting step 'ClassicalEigenvaluesStep' (version 0.1) on problem kxor_instance_n15_k2_m130_ell2_eps0.3_kappa0.875_rho0.8 (fields={'ell': 2, 'threshold': 0.0, 'kikuchi_matrix': <Dictionary Of Keys sparse matrix of dtype 'int64'
	with 1976 stored elements and shape (105, 105)>, 'num_eigenvalues': 5})
2026-01-20 11:00:33,266 - final_problem_set.kxor_instance_n15_k2_m130_ell2_eps0.3_kappa0.875_rho0.8 - INFO - Finished step 'ClassicalEigenvaluesStep' in 0.028s (success: True, problem=kxor_instance_n15_k2_m130_ell2_eps0.3_kappa0.875_rho0.8)
2026-01-20 11:00:33,266 - final_problem_set.kxor_instance_n15_k2_m130_ell2_eps0.3_kappa0.875_rho0.8 - INFO - Starting step 'KeyExtractionStep' (version 0.1) on problem kxor_instance_n15_k2_m130_ell2_eps0.3_kappa0.875_rho0.8 (fields={'ell': 2, 'threshold': 0.0, 'kikuchi_matrix': <Dictionary Of Keys sparse matrix of dtype 'int64'
	with 1976 stored elements and shape (105, 105)>, 'num_eigenvalues': 5, 'eigenvalues': array([ 8.49381475,  8.73892613, 10.14837332, 10.8006234 , 15.19272689]), 'eigenvectors': array([[ 9.86112776e-02,  1.08160560e-01,  7.80777355e-02, -6.51742182e-02, -9.59549725e-02],
       [ 2.23695254e-01, -8.49812564e-02,  2.20268802e-02, -7.71687436e-02, -1.15008755e-01],
       [ 1.67771518e-01, -7.87449236e-02, -1.04121930e-01,  8.05724546e-02, -6.68749503e-02],
       [-2.19000778e-01,  3.60013777e-04,  4.57941411e-03,  7.33275612e-02,  1.04442615e-01],
       [-2.23185509e-01,  1.34958277e-02, -5.65717994e-02,  8.61425628e-02,  1.07203989e-01],
       [ 1.69536011e-01, -1.03826991e-01, -6.42016281e-02, -5.99082561e-02, -9.52649548e-02],
       [ 2.06568962e-01,  7.80201724e-02, -6.03996854e-02, -6.45599527e-02, -1.08772877e-01],
       [-1.63789395e-01,  2.19500132e-02, -2.69286145e-02,  3.26667309e-02,  1.15863774e-01],
       [ 1.95888882e-01,  6.48560060e-02,  1.06886786e-01,  1.15757456e-02, -8.13674124e-02],
       [ 7.96546555e-02, -1.14703940e-01,  1.39014187e-01, -6.42024359e-02, -5.56718137e-02],
       [ 1.60891482e-01,  3.85111466e-02, -2.67815808e-02, -1.27628287e-01, -7.95709995e-02],
       [ 6.74429845e-02, -4.97656842e-02, -2.36245700e-02, -1.81741234e-01, -5.75746465e-02],
       [ 6.82373037e-02, -1.04637462e-01,  8.87231314e-02,  9.21050344e-02, -8.90005209e-02],
       [ 2.29640778e-01, -5.96071805e-02, -3.59749673e-03,  1.04337612e-03, -8.63587513e-02],
       [ 1.35738987e-01, -1.16589285e-01, -7.35910438e-02,  2.18673073e-02,  1.24569121e-01],
       [ 4.90424465e-02, -6.45267900e-02,  9.22302100e-02, -1.31130537e-01,  7.73332103e-02],
       [-1.02689640e-01,  1.75997507e-01,  4.10309772e-02, -1.91023334e-02, -1.10451325e-01],
       [-9.58587305e-02,  1.67494383e-01,  1.12057814e-01, -3.68320429e-02, -1.13112979e-01],
       [ 1.40985786e-01, -5.89873090e-02,  3.88306445e-02,  1.71374290e-02,  1.14008552e-01],
       [ 1.17105405e-01, -2.22422679e-01,  1.54478125e-02,  2.65040753e-03,  1.01950209e-01],
       [-1.59111723e-01,  1.47360181e-01,  6.34553456e-02,  1.88495553e-02, -1.06216336e-01],
       [-5.00079119e-03, -1.84740031e-01, -1.42418144e-01, -4.63347931e-02,  8.06006504e-02],
       [ 6.13079751e-02,  2.82107662e-02, -1.92511809e-01,  6.03437179e-02,  6.55741658e-02],
       [ 7.59360210e-02, -1.61267369e-01, -1.12698285e-02,  9.22751782e-02,  8.60652406e-02],
       [ 1.40686859e-01, -3.94586204e-02, -1.51393098e-02,  1.61984580e-01,  6.47703272e-02],
       [ 1.58264807e-01, -2.59789414e-02, -8.87813252e-02, -1.15997660e-01,  7.46000651e-02],
       [ 6.64858208e-03, -9.96132937e-02, -3.35958995e-02, -5.16842025e-02,  1.03679731e-01],
       [-2.92437763e-02,  1.01669783e-01,  1.61993125e-01, -1.46810584e-01,  8.29908926e-02],
       [-1.22320023e-02, -3.58388010e-02, -3.73161189e-02, -2.73253814e-02, -1.52036338e-01],
       [-1.58213308e-03, -5.85703342e-02,  5.59033840e-02, -4.79012865e-02, -1.58344850e-01],
       [ 5.59238441e-02,  1.82268221e-01,  1.30844718e-01,  2.70072586e-02,  1.33036274e-01],
       [ 5.58656968e-02, -7.42817358e-02,  1.20185339e-01,  1.19069983e-02,  1.57345825e-01],
       [-1.03143583e-01, -5.67188210e-02,  4.10727652e-03,  2.58666329e-02, -1.47616176e-01],
       [-9.80387463e-02, -8.23372281e-02, -1.57312917e-01, -7.74827000e-02,  1.30286321e-01],
       [ 3.47688705e-03,  1.91134994e-01, -1.98403579e-01,  6.23599524e-02,  7.88895183e-02],
       [ 1.29185412e-02, -1.99336039e-02,  6.71827605e-02,  1.30070692e-01,  1.16899718e-01],
       [ 1.05063704e-01,  1.04072407e-01,  5.28186441e-02,  2.04126306e-01,  7.65272455e-02],
       [ 1.44073527e-01,  1.28863437e-01, -8.73377121e-02, -1.59672602e-01,  1.01239399e-01],
       [-9.62854888e-02,  1.05546511e-01,  2.78104136e-02, -6.04543566e-02,  1.25260991e-01],
       [ 3.51845947e-02, -4.28817724e-02, -1.55963490e-01,  1.35987193e-01, -7.43445418e-02],
       [ 4.95340470e-02, -6.33173190e-02, -1.28847493e-01,  1.38107582e-01, -9.24551308e-02],
       [-1.30909244e-02,  9.09392600e-02,  1.71693911e-01, -1.06811805e-01,  6.20208342e-02],
       [-5.95704719e-03, -1.39451430e-02,  1.71350924e-01, -1.26083497e-01,  6.73350584e-02],
       [-1.00535512e-04, -4.21895589e-02, -1.27828823e-01,  1.50165033e-01, -7.04837015e-02],
       [-9.05805754e-02, -2.67257214e-02,  3.11437481e-02, -1.60831448e-01,  6.53715718e-02],
       [-3.77380280e-02,  1.54559408e-01, -2.09767470e-02, -5.68116350e-02,  5.44365001e-02],
       [-2.69225085e-02,  1.41297311e-02,  1.60977413e-01, -5.12649982e-02,  6.83828029e-02],
       [ 3.93412599e-02,  1.06994383e-01,  1.28120563e-01,  2.81633142e-02,  5.06618164e-02],
       [ 3.53293737e-02,  4.82891900e-02,  3.64066025e-02, -1.58938971e-01,  4.84077962e-02],
       [-7.26368010e-02,  5.46300278e-02,  1.14865439e-01, -1.35911410e-01,  5.89075632e-02],
       [-2.31501085e-02, -5.03097292e-02, -2.02238920e-02,  4.24830828e-02,  1.43086686e-01],
       [-2.45000804e-02, -7.17896135e-02, -1.38733288e-01, -2.12085262e-02, -1.22124267e-01],
       [-1.45717686e-02,  1.49672279e-01, -1.19975271e-01, -8.75937015e-03, -1.23627597e-01],
       [ 7.25335525e-02, -4.21252474e-02,  2.18303247e-02, -2.31422784e-02,  1.32086101e-01],
       [ 9.09685310e-02,  1.34536344e-01,  1.08774893e-01,  6.63201396e-02, -1.04337486e-01],
       [-2.74553089e-04, -1.33647228e-01,  1.71563161e-01, -6.20600349e-02, -8.40786339e-02],
       [ 1.76681586e-02,  1.08841967e-01, -9.12899578e-02, -1.32144788e-01, -1.15429638e-01],
       [-7.22964989e-02, -4.44069913e-02, -5.56116412e-02, -1.86750889e-01, -6.97262448e-02],
       [-1.34573793e-01, -6.42391594e-02,  6.36163462e-02,  1.60251388e-01, -1.03281157e-01],
       [ 1.14308288e-01, -1.80697327e-02, -5.42238413e-02,  6.23831858e-02, -1.25069896e-01],
       [-2.09018236e-02, -1.11319619e-01, -7.92683806e-02, -4.26451477e-02, -1.44669487e-01],
       [-9.98155929e-03,  1.35680486e-01, -4.83904305e-02, -2.43258888e-02, -1.33025353e-01],
       [ 7.45007410e-02, -2.96684424e-02, -6.34416342e-02, -7.95948951e-03,  1.55521799e-01],
       [ 9.65567826e-02,  1.32409405e-01,  1.67072820e-01,  5.08543390e-02, -1.04635301e-01],
       [ 2.64648889e-04, -1.29616100e-01,  2.03902835e-01, -6.88502122e-02, -7.39915624e-02],
       [ 1.66574083e-02,  8.30098302e-02, -1.61859823e-02, -1.33639061e-01, -1.10675732e-01],
       [-7.51261171e-02, -5.13827801e-02, -1.52906742e-02, -1.97402615e-01, -7.24271277e-02],
       [-1.20205912e-01, -7.81213547e-02,  1.05323456e-01,  1.39215135e-01, -9.74442007e-02],
       [ 1.11713112e-01, -3.77756551e-02,  1.20406547e-02,  4.25644832e-02, -1.17038142e-01],
       [ 4.99328076e-02, -1.59848501e-02,  1.78533945e-01,  7.22074408e-03,  1.12043858e-01],
       [-9.74697923e-02, -8.58287476e-02, -9.87955426e-02,  1.91730531e-02, -1.18570540e-01],
       [-6.96482933e-02, -2.88016225e-02, -3.41718882e-02, -6.82942628e-02,  1.18972267e-01],
       [ 1.46730240e-02,  2.06958752e-01, -1.00938471e-01,  5.30824976e-02,  7.83242902e-02],
       [ 1.96950381e-02,  2.43451994e-02,  1.35271230e-01,  9.82368258e-02,  9.35414288e-02],
       [ 8.41459910e-02,  1.17261751e-01,  9.39717093e-02,  1.56561506e-01,  6.11072284e-02],
       [ 1.34027151e-01,  1.21323792e-01, -6.66812948e-03, -1.22294938e-01,  8.61736117e-02],
       [-6.08762605e-02,  1.12409198e-01,  1.03553866e-01, -4.40818089e-02,  1.00739563e-01],
       [-1.00061130e-01,  1.23055175e-01, -7.98505299e-02,  3.53177547e-02, -1.22355721e-01],
       [-6.10613181e-02, -1.87540773e-01, -5.38648525e-02, -6.69716951e-02,  9.69674613e-02],
       [ 2.01522191e-02,  6.23508128e-02, -1.19035021e-01,  5.43181210e-02,  9.03708313e-02],
       [-1.69430731e-04, -1.41720736e-01,  1.19016176e-01,  9.39542570e-02,  9.61929058e-02],
       [ 7.39450937e-02,  1.12659360e-02,  7.80740897e-02,  1.60518827e-01,  6.58664061e-02],
       [ 1.64814139e-01, -1.80730701e-02, -1.00371473e-02, -1.53103266e-01,  9.60576973e-02],
       [-6.29136987e-02, -5.88745276e-02,  9.22642484e-02, -5.85240518e-02,  1.04235229e-01],
       [ 4.38408400e-02,  1.15653206e-01,  1.22039011e-01,  9.46328386e-02, -1.00564225e-01],
       [-2.82069767e-02, -1.33344901e-01,  1.67160084e-01, -3.70562860e-02, -7.33333880e-02],
       [-5.70739249e-02,  6.83125917e-02, -4.69915685e-02, -7.65080266e-02, -1.04496007e-01],
       [-1.44308735e-01, -6.15719609e-02, -3.67465236e-02, -1.61304878e-01, -7.98447976e-02],
       [-1.52023664e-01, -5.88148126e-02,  7.21297538e-02,  1.63254397e-01, -8.64069206e-02],
       [ 3.84047235e-02, -3.27946714e-02, -1.83636649e-02,  1.00939579e-01, -1.22575483e-01],
       [-3.62497680e-02,  4.50096493e-02, -1.77135692e-01,  9.47693080e-03,  5.50013302e-02],
       [-7.57832172e-02, -1.59338946e-01, -6.90475674e-02,  2.89132579e-02,  9.37914873e-02],
       [ 1.65588244e-02, -3.46539461e-02, -6.10951004e-02,  1.08682855e-01,  7.21322232e-02],
       [ 1.24901262e-02, -8.96845161e-03, -1.18302261e-01, -1.52376938e-01,  6.65720533e-02],
       [-1.32398745e-01, -5.83074308e-02, -8.09484224e-02, -1.04116516e-01,  8.53110250e-02],
       [ 8.24808391e-03,  6.80002118e-02, -1.20371214e-01,  1.04604581e-01,  6.52132779e-02],
       [ 4.92927657e-02,  7.73797782e-02, -7.27921884e-02,  1.10007616e-01,  4.07658324e-02],
       [ 3.92550665e-02,  1.40819845e-01, -1.35888125e-01, -3.69442501e-02,  4.92673177e-02],
       [-5.95761040e-02,  1.59592685e-01, -1.32306777e-01,  5.99687914e-03,  6.92040965e-02],
       [ 4.26315919e-02,  1.24058872e-02,  5.39477215e-02,  1.81219251e-01,  4.97746219e-02],
       [ 1.25738331e-01,  2.04778542e-02, -2.57504260e-02, -5.26597203e-02,  9.24805788e-02],
       [-8.70049040e-02, -2.04908536e-02,  7.21839205e-02,  3.87294088e-02,  9.91863146e-02],
       [ 1.77062731e-01,  1.11018402e-01, -1.96992435e-02,  3.40207290e-02,  6.52033740e-02],
       [ 9.73396980e-03,  9.13510604e-02,  5.24611814e-02,  1.14997286e-01,  6.87656110e-02],
       [ 3.34798901e-02,  7.65030324e-02, -4.95179068e-02, -1.54078669e-01,  7.32785630e-02]])})
2026-01-20 11:00:33,267 - final_problem_set.kxor_instance_n15_k2_m130_ell2_eps0.3_kappa0.875_rho0.8 - INFO - Running key extraction (n=15, m=130, ell=2, phase_qubits=11)
2026-01-20 11:00:33,268 - final_problem_set.kxor_instance_n15_k2_m130_ell2_eps0.3_kappa0.875_rho0.8 - INFO - Built voting matrix V (n=15, ell=2, dtype=complex128) in 0.001s
2026-01-20 11:00:33,268 - final_problem_set.kxor_instance_n15_k2_m130_ell2_eps0.3_kappa0.875_rho0.8 - INFO - Eval: adv=0.8154, hamming=0/15 (0.000), corr=1.000
2026-01-20 11:00:33,268 - final_problem_set.kxor_instance_n15_k2_m130_ell2_eps0.3_kappa0.875_rho0.8 - INFO - Key extraction complete: x_hat=2
2026-01-20 11:00:33,268 - final_problem_set.kxor_instance_n15_k2_m130_ell2_eps0.3_kappa0.875_rho0.8 - INFO - Finished step 'KeyExtractionStep' in 0.001s (success: True, problem=kxor_instance_n15_k2_m130_ell2_eps0.3_kappa0.875_rho0.8)
2026-01-20 11:00:33,268 - final_problem_set.kxor_instance_n15_k2_m130_ell2_eps0.3_kappa0.875_rho0.8 - INFO - SUCCESS: len(z_hat)=15
2026-01-20 11:00:33,268 - final_problem_set.kxor_instance_n15_k2_m130_ell2_eps0.3_kappa0.875_rho0.8 - INFO - Metrics: adv=0.8153846153846154, ham_frac=0.0, corr=1.0
2026-01-20 11:00:33,268 - final_problem_set.kxor_instance_n15_k2_m130_ell2_eps0.3_kappa0.875_rho0.8 - INFO - z_hat (full): [ 1, -1, -1, -1,  1,  1, -1, -1,  1, -1, -1, -1, -1, -1, -1]
