2026-01-20 11:01:04,522 - final_problem_set.kxor_instance_n21_k2_m181_ell2_eps0.15_kappa0.875_rho0.0 - INFO - Starting iteration for /Users/julian/CodingProjects/UniT3/QuarticSpeedupK-XOR/z_Daphne/data/final_problem_set/kxor_instance_n21_k2_m181_ell2_eps0.15_kappa0.875_rho0.0.npz
2026-01-20 11:01:04,524 - final_problem_set.kxor_instance_n21_k2_m181_ell2_eps0.15_kappa0.875_rho0.0 - INFO - Loaded instance (n=21, m=181, k=2)
2026-01-20 11:01:04,524 - final_problem_set.kxor_instance_n21_k2_m181_ell2_eps0.15_kappa0.875_rho0.0 - INFO - Starting step 'ComputeKikuchiStep' (version 0.1) on problem kxor_instance_n21_k2_m181_ell2_eps0.15_kappa0.875_rho0.0 (fields={'ell': 2, 'threshold': 0.0})
2026-01-20 11:01:04,549 - final_problem_set.kxor_instance_n21_k2_m181_ell2_eps0.15_kappa0.875_rho0.0 - INFO - Finished step 'ComputeKikuchiStep' in 0.025s (success: True, problem=kxor_instance_n21_k2_m181_ell2_eps0.15_kappa0.875_rho0.0)
2026-01-20 11:01:04,549 - final_problem_set.kxor_instance_n21_k2_m181_ell2_eps0.15_kappa0.875_rho0.0 - INFO - Starting step 'ClassicalEigenvaluesStep' (version 0.1) on problem kxor_instance_n21_k2_m181_ell2_eps0.15_kappa0.875_rho0.0 (fields={'ell': 2, 'threshold': 0.0, 'kikuchi_matrix': <Dictionary Of Keys sparse matrix of dtype 'int64'
	with 4332 stored elements and shape (210, 210)>, 'num_eigenvalues': 5})
2026-01-20 11:01:04,647 - final_problem_set.kxor_instance_n21_k2_m181_ell2_eps0.15_kappa0.875_rho0.0 - INFO - Finished step 'ClassicalEigenvaluesStep' in 0.098s (success: True, problem=kxor_instance_n21_k2_m181_ell2_eps0.15_kappa0.875_rho0.0)
2026-01-20 11:01:04,647 - final_problem_set.kxor_instance_n21_k2_m181_ell2_eps0.15_kappa0.875_rho0.0 - INFO - Starting step 'KeyExtractionStep' (version 0.1) on problem kxor_instance_n21_k2_m181_ell2_eps0.15_kappa0.875_rho0.0 (fields={'ell': 2, 'threshold': 0.0, 'kikuchi_matrix': <Dictionary Of Keys sparse matrix of dtype 'int64'
	with 4332 stored elements and shape (210, 210)>, 'num_eigenvalues': 5, 'eigenvalues': array([-11.34565563, -10.33368794,  -9.95062492,   9.41578204,   9.96028567]), 'eigenvectors': array([[ 2.12919634e-02,  3.02391663e-02,  6.41080057e-02, -1.37882866e-01,  2.34085000e-02],
       [ 9.19178481e-02,  1.82371397e-01,  5.32572044e-02, -1.38774606e-01,  4.77307369e-02],
       [-8.58378524e-02, -1.78092193e-01, -6.54230324e-02, -2.07280783e-01,  3.63050215e-02],
       [ 1.15085438e-01,  1.41129950e-01,  1.08863328e-02,  7.96511079e-02, -1.62572302e-02],
       [ 8.41195176e-02,  1.49038491e-01,  2.81268422e-02,  5.18801504e-02,  1.01138010e-02],
       [-2.28527866e-02,  3.03733240e-02,  9.31027259e-02, -7.22922476e-02,  7.53627904e-02],
       [-3.50324259e-02, -9.28674269e-02, -6.97664448e-02,  1.01555275e-01,  1.83552136e-02],
       [ 1.59419922e-02, -4.29180927e-02, -2.42102434e-02, -1.77757601e-01,  4.98286508e-02],
       [ 3.97981975e-02,  1.13515268e-02,  3.12172514e-03, -1.46353480e-01,  7.96807302e-03],
       [-1.65410362e-02,  1.55829789e-02, -9.42159570e-02,  7.30164382e-03, -9.59951066e-02],
       [-6.52520566e-02, -1.61180324e-01,  7.90170380e-03,  1.79761592e-01, -3.38676177e-02],
       [-1.82823371e-02,  2.58186937e-02, -2.70978467e-02, -4.96855201e-02, -8.25854880e-02],
       [ 1.83167091e-02,  3.58404092e-02,  1.34256734e-02, -5.89806197e-02,  2.02904815e-02],
       [ 3.43991224e-02,  5.88374315e-02, -2.40999112e-02, -6.63179323e-02,  5.23151640e-02],
       [ 1.39351356e-02,  3.15530251e-02,  9.57522192e-02,  3.20497684e-02, -1.09429661e-02],
       [ 3.89511542e-02,  6.90555233e-02,  5.26057541e-02,  1.28861486e-01, -8.04405599e-03],
       [ 8.53816257e-02,  2.07128116e-01,  8.70856742e-02, -3.88121502e-02, -9.52700898e-02],
       [ 3.07935074e-02, -3.04555143e-02,  1.76122905e-02, -2.32131539e-02, -8.66002728e-02],
       [ 7.99686850e-02,  5.16014315e-02,  5.54536267e-03,  4.11736367e-02, -4.79075190e-02],
       [ 1.01910969e-01,  1.38865102e-01, -4.71328927e-02,  5.35435169e-02,  8.62157425e-02],
       [ 6.44301152e-02,  2.02374980e-03,  1.17057270e-01,  1.59454905e-01, -1.02030644e-01],
       [-5.11463364e-02,  4.93720022e-03, -1.22515916e-01,  1.19664794e-01, -3.01906810e-02],
       [ 6.98458284e-02, -2.09951636e-02,  9.09722884e-02, -7.65458547e-02,  2.75349303e-02],
       [ 6.20117502e-02,  8.60649894e-03,  8.16285217e-02, -8.23227845e-02,  1.45592093e-02],
       [-1.19525961e-02,  2.00806336e-02,  5.20570293e-02,  5.83824953e-02, -1.00668245e-01],
       [-2.36121509e-02, -8.09253274e-03, -6.93564738e-02, -8.91908141e-02, -1.38685984e-02],
       [ 3.97529760e-03, -2.93447898e-02, -1.15815544e-03,  1.30550995e-01, -6.44025336e-02],
       [ 2.18913553e-02, -2.50585467e-02,  2.63798136e-02,  1.37079170e-01, -2.49638438e-02],
       [-5.65310637e-03,  3.27876406e-02, -5.43210238e-02,  3.46808390e-02,  9.36204958e-02],
       [-5.03058582e-02, -2.80547215e-02, -5.71910435e-02, -1.82449595e-01,  5.94968358e-02],
       [-8.96476260e-03,  1.97482526e-02, -5.36252796e-03,  4.08223747e-02,  1.16323341e-01],
       [ 1.31143715e-02,  2.15853377e-03,  2.69100827e-02,  9.44247213e-02, -5.15454337e-02],
       [ 2.74498735e-02,  2.93310037e-03,  1.92957089e-02,  3.69783290e-02, -5.26156951e-02],
       [ 9.75359458e-03, -3.94656330e-03,  5.54551954e-02, -1.62758948e-02,  9.26130501e-03],
       [ 2.14782129e-02,  6.86062260e-05,  4.87526700e-02, -1.15040685e-01,  2.47766863e-02],
       [ 6.47219753e-02,  7.86618038e-03,  1.44901034e-01,  4.56196878e-02,  1.19977540e-01],
       [ 1.13452798e-02, -3.83956154e-02,  1.66027232e-02,  8.81825570e-03,  1.23941887e-01],
       [ 3.76593731e-02, -1.63464882e-02,  4.34927605e-02, -1.85002004e-02,  5.62678594e-02],
       [ 5.65366597e-02, -7.49874215e-03,  4.88418569e-02, -1.04198336e-01, -8.61708843e-02],
       [-1.95032914e-01, -7.41704406e-03, -5.14629377e-02,  1.48822780e-01, -1.13926923e-01],
       [ 1.80318792e-01, -5.43977962e-02, -4.95318419e-02, -4.28330353e-02,  3.66884858e-02],
       [ 1.48642614e-01,  2.73307229e-02, -1.93432113e-02, -1.82397645e-02, -1.41861188e-02],
       [-6.61786888e-03,  8.51198934e-02,  1.97871777e-01,  5.10336954e-02, -1.67598558e-01],
       [-9.68193987e-02, -3.11428677e-02, -9.50076194e-02, -7.72555236e-02, -6.37039421e-03],
       [ 1.63698857e-02, -1.13727552e-01, -3.69236716e-02,  1.09156557e-01, -1.15063912e-01],
       [ 5.79875812e-02, -9.51149109e-02, -1.57843188e-02,  1.14357469e-01, -5.85942197e-02],
       [-3.28503626e-02,  1.42951822e-01, -1.54407205e-01,  3.43145045e-02,  1.47103938e-01],
       [-1.67956630e-01, -1.37781066e-01,  9.94981737e-02, -1.45753484e-01,  1.18822520e-01],
       [-4.49167486e-02,  1.09532779e-01, -3.04588144e-02,  1.16327091e-01,  9.79105355e-02],
       [ 7.62288659e-02,  2.78170417e-02,  2.50264391e-02,  4.48959099e-02, -3.89597911e-02],
       [ 6.11358345e-02,  1.87576741e-02, -8.35617659e-02,  8.29339170e-02, -1.38957812e-01],
       [ 2.77730265e-02, -2.77770323e-02,  1.62793251e-01, -4.24331843e-02,  2.33600034e-02],
       [ 9.33728488e-02, -7.31614776e-03,  5.18562331e-02, -9.33762241e-02,  4.51340905e-02],
       [ 2.18119677e-01,  5.04053168e-02,  9.20884553e-02,  9.78972286e-02,  1.22539440e-01],
       [ 2.82282390e-02, -1.65521723e-01,  1.33279482e-02,  5.77932261e-02,  1.20277598e-01],
       [ 9.69504317e-02, -9.64171261e-02, -3.03163296e-02, -2.46395533e-02,  9.24019758e-02],
       [ 1.48314105e-01, -1.30817415e-02, -1.21881737e-01, -1.02887249e-01, -1.27543356e-01],
       [-1.82997930e-01,  6.56406709e-02,  2.37842777e-02, -7.07353078e-02,  3.25549566e-02],
       [-1.86090427e-01, -1.83813023e-02, -8.74665608e-03, -3.99289262e-02,  1.56487401e-02],
       [ 2.39357891e-02, -8.61407961e-02, -1.94951927e-01,  2.95776638e-02, -9.11321389e-02],
       [ 8.20285567e-02,  2.45112884e-02,  9.66133780e-02, -4.59212631e-02, -1.07200555e-02],
       [ 1.03217628e-02,  1.16869230e-01,  4.62458006e-02,  1.04839565e-01, -7.61214604e-02],
       [-4.71879348e-02,  9.44333427e-02,  1.27429549e-02,  8.00493409e-02, -2.10010448e-02],
       [ 1.11434513e-02, -1.40882672e-01,  1.51363227e-01,  5.78410230e-02,  9.13805044e-02],
       [ 1.61220076e-01,  1.22302603e-01, -7.63505016e-02, -1.20850767e-01,  5.01261445e-02],
       [ 5.38296843e-02, -1.17706949e-01,  3.86523995e-02,  6.43960935e-02,  1.25438157e-01],
       [-5.74252880e-02, -2.36477073e-02, -3.00160265e-02,  1.08746689e-01, -5.99726203e-02],
       [-6.63533653e-02, -1.64255350e-02,  7.87741368e-02,  3.91271634e-02, -5.60649877e-02],
       [-4.59339343e-02,  3.01567868e-02, -1.85118530e-01, -5.84827837e-02,  1.21421205e-02],
       [-1.11507451e-01,  1.44102519e-02, -7.27917428e-02, -1.24592783e-01,  2.92603983e-02],
       [-2.20740639e-01, -3.51217968e-02, -1.27046032e-01,  7.95623409e-02,  1.27889491e-01],
       [-2.30442224e-02,  1.66821429e-01, -1.13231257e-02,  3.10670361e-03,  1.47569919e-01],
       [-1.25159722e-01,  1.13857923e-01,  1.37126467e-02, -3.19086434e-02,  7.29863351e-02],
       [-1.53130095e-01,  2.37560158e-02,  1.05044198e-01, -1.47805979e-01, -8.92772994e-02],
       [ 1.29831092e-01, -2.57677653e-02, -5.77549356e-02,  5.23049785e-03,  4.61853235e-03],
       [ 2.07007103e-02,  6.49760668e-02,  1.65529658e-01, -2.62580195e-02,  7.81109910e-02],
       [-9.35662933e-02,  1.23239887e-02, -5.03299012e-02,  2.91230538e-02,  1.24363584e-02],
       [-1.60280534e-02, -9.21510481e-02, -2.69052640e-02, -4.68042054e-02,  3.04746187e-02],
       [ 3.27835902e-02, -8.72406597e-02, -2.29254273e-02, -4.00348808e-02,  1.46111633e-02],
       [-1.76370071e-02,  1.31550590e-01, -1.31485665e-01, -1.25012392e-02, -5.25089597e-02],
       [-1.39304867e-01, -6.34591375e-02,  1.28167567e-01,  4.90167354e-02, -2.64786331e-02],
       [-2.64926456e-02,  1.12876728e-01, -2.49238000e-02, -5.16585950e-02, -5.70492177e-02],
       [ 6.42991213e-02,  8.18102938e-04,  2.42182983e-03, -3.08782756e-02,  1.77199445e-02],
       [ 7.66495881e-02, -8.19508787e-03, -1.10248907e-01, -3.93616005e-02,  4.74375354e-02],
       [ 4.73707447e-02, -4.21303285e-02,  1.37595824e-01,  3.10974205e-02, -1.22868971e-02],
       [ 1.24450571e-01, -5.94443698e-02,  1.23095795e-02,  3.51287689e-02, -8.61771014e-03],
       [ 2.06952600e-01, -3.89431028e-02,  9.90122028e-03, -4.30047392e-02, -6.36955633e-02],
       [ 3.86895340e-02, -1.70430895e-01, -1.04240463e-03, -1.38431986e-02, -6.15357656e-02],
       [ 7.76958030e-02, -1.14537727e-01, -4.59706299e-02,  1.90869870e-02, -4.52591205e-02],
       [ 1.25406107e-01, -6.62167786e-02, -1.48807362e-01,  5.19586716e-02,  5.79484153e-02],
       [ 1.88361706e-03,  6.54694887e-02,  1.40470273e-01, -1.42833165e-02,  1.93323567e-02],
       [-5.92234801e-02, -1.86074467e-02, -5.11848310e-02,  1.99180541e-03,  5.86625030e-03],
       [ 1.05754452e-02, -7.86328363e-02, -2.90314277e-02, -3.64375915e-02,  5.27740081e-03],
       [ 4.08199140e-02, -5.98815430e-02, -1.46500665e-02, -3.77319646e-03, -4.53180333e-03],
       [-3.58791360e-02,  1.02132810e-01, -1.06075969e-01, -4.35068926e-03, -3.29133694e-02],
       [-1.04330744e-01, -9.00050496e-02,  8.21346173e-02,  8.18372746e-03,  3.33885455e-03],
       [-1.32495753e-03,  8.66013943e-02, -2.33984124e-02, -3.30749813e-02, -1.05051007e-02],
       [ 5.00753866e-02,  1.65037629e-02,  3.03790055e-03, -1.00861574e-02, -1.10836141e-02],
       [ 6.81030441e-02,  2.06409086e-02, -7.70828756e-02, -3.67801803e-02,  2.32225694e-02],
       [ 2.56823918e-02, -1.26395882e-02,  1.14367303e-01,  3.63734961e-02, -4.58758580e-03],
       [ 8.11460430e-02, -7.24830024e-03,  2.46076395e-02,  2.75899200e-02,  7.09137789e-03],
       [ 1.51273980e-01,  4.20168642e-02,  2.44243504e-02, -3.94136266e-02, -1.72467643e-02],
       [ 5.67203405e-02, -1.24137557e-01, -2.48501409e-03, -2.72081420e-03, -1.09984235e-02],
       [ 6.96924880e-02, -6.11109899e-02, -3.23510139e-02,  2.55557198e-02, -1.77620452e-02],
       [ 1.30430805e-01, -8.01607227e-03, -1.26096160e-01,  2.45515750e-02,  3.23039528e-02],
       [ 1.61805524e-02, -3.81821750e-02, -7.52937437e-02, -3.09223823e-02,  3.09943801e-02],
       [ 7.72566640e-03, -8.27510543e-03,  6.05298491e-03,  4.31731381e-02, -1.57246792e-01],
       [ 3.06748027e-03,  1.07246024e-02,  5.75993944e-02,  3.39750440e-02, -5.78903676e-02],
       [ 1.15415628e-02, -8.08005894e-03, -4.04302790e-02,  4.15882405e-02,  9.42554267e-02],
       [-5.68254711e-03, -8.22460021e-02, -1.19288312e-01, -3.86726417e-02,  1.13199614e-01],
       [ 3.63134257e-03, -4.22834664e-03, -1.14168015e-02,  5.09615297e-02,  7.73445231e-02],
       [-9.21823893e-03,  1.74930909e-02,  3.67690827e-02,  3.92643099e-02, -7.62130078e-02],
       [-8.72883851e-04,  3.01136024e-02,  6.61254831e-02,  9.13777078e-03, -7.11001933e-02],
       [-1.38235045e-02,  1.61565647e-02,  4.86223329e-02, -2.89895630e-02,  2.04410946e-02],
       [-1.32855319e-02,  4.17417691e-02,  8.26107843e-02, -5.46905523e-02,  8.15986469e-02],
       [-3.50259117e-02,  8.99083876e-02,  1.96261416e-01,  5.82458562e-02,  8.37803318e-02],
       [ 2.96771791e-03,  8.41260031e-03,  3.44501158e-02,  2.67907268e-02,  1.20506815e-01],
       [ 1.51236321e-02,  3.65471875e-02,  9.16507560e-02, -1.22412101e-03,  9.37374098e-02],
       [ 1.98795803e-02,  6.40608799e-02,  1.15002745e-01, -8.00297911e-02, -5.34446467e-02],
       [-9.21451374e-03,  4.75016638e-02,  8.61412046e-03, -5.69182657e-02, -1.92480849e-02],
       [-3.29677911e-02,  3.69719119e-02, -2.17667242e-02, -3.08285517e-02, -1.30284369e-02],
       [ 9.95691384e-03, -5.35653681e-02,  6.08755943e-02, -1.09772307e-02, -3.51376942e-02],
       [ 6.49429955e-02,  6.69164142e-02,  1.85117472e-02,  6.19134652e-02,  1.71380724e-02],
       [ 4.32750710e-03, -4.93083584e-02,  5.00162004e-03, -3.37502594e-02, -3.76263111e-02],
       [-1.85745334e-02, -1.51145512e-02, -2.18613952e-02, -4.96576967e-02, -3.82342830e-03],
       [-3.99166248e-02, -1.81926161e-02,  1.78202933e-03, -3.88263724e-02,  1.53073785e-02],
       [-1.47059873e-02,  3.39618352e-03, -9.95924383e-02,  4.29038284e-02, -3.86839555e-04],
       [-3.85315127e-02, -7.21196081e-03, -5.39050089e-02,  6.55828528e-02,  1.79399242e-02],
       [-7.05897865e-02, -3.57198065e-02, -1.06004811e-01, -3.53292114e-02, -4.12597120e-02],
       [-2.84947256e-02,  6.31367950e-02, -1.50324387e-02,  1.41550893e-03, -3.46311613e-02],
       [-5.66988747e-02,  3.63921466e-02, -2.59408486e-02,  3.14920757e-02, -9.97349802e-03],
       [-8.09938892e-02, -3.85590236e-03, -1.85290793e-04,  5.89113331e-02,  4.35971163e-02],
       [-1.11260935e-02, -3.44192071e-02, -6.69473395e-03,  1.05791426e-01, -4.77564555e-02],
       [ 8.91824245e-03,  3.05667715e-02, -6.17577373e-03,  5.34432700e-02,  1.32778261e-01],
       [-1.85419734e-02,  5.62754174e-02,  5.06946921e-02, -1.28167144e-01,  9.04551514e-02],
       [-4.72229207e-03,  8.86927524e-03, -5.12141456e-03,  9.51317336e-02,  1.28711281e-01],
       [ 6.14261030e-03, -2.46351668e-02, -8.84490296e-03,  8.60747791e-02, -6.20028934e-02],
       [ 1.26935156e-03, -3.81542946e-02, -2.02547387e-02,  5.94487589e-02, -1.05920468e-01],
       [ 4.70289130e-03, -3.46543962e-02,  2.40729475e-03, -5.51980188e-02,  2.71031290e-02],
       [ 1.60616960e-02, -4.83801072e-02, -1.68168850e-02, -1.19052011e-01,  4.77944725e-02],
       [ 1.89241940e-02, -1.23234298e-01, -3.71169919e-02,  9.76541489e-02,  1.40896541e-01],
       [-7.40369975e-03, -2.50292918e-02, -1.78258453e-03,  4.18281426e-02,  1.37616022e-01],
       [-5.80864771e-03, -4.94904585e-02, -1.10452181e-02, -1.72617077e-02,  8.30938960e-02],
       [-2.64565056e-03, -7.93481348e-02, -3.25112352e-02, -1.37465593e-01, -1.14708212e-01],
       [-1.57430254e-03,  4.91461251e-02, -4.19613926e-02,  2.05488990e-02,  7.97798545e-02],
       [-6.08994352e-02,  1.95968585e-02,  5.89439799e-02, -8.25652060e-02,  1.91068176e-02],
       [-1.04536525e-02,  3.73362902e-02, -1.15952365e-02,  6.03421074e-02,  7.64183867e-02],
       [ 2.27400991e-02, -1.48794478e-02,  1.43930882e-04,  7.02115037e-02, -2.48121043e-02],
       [ 2.16953150e-02, -2.95724389e-02, -3.39836463e-02,  5.51962792e-02, -4.68940247e-02],
       [ 1.14158349e-02, -3.30232710e-02,  4.64590421e-02, -6.29159862e-02,  1.23883674e-02],
       [ 4.11010033e-02, -4.64687244e-02,  2.56366499e-03, -9.46106003e-02,  8.15895766e-03],
       [ 7.52148613e-02, -9.15567688e-02,  7.39560104e-03,  6.41882165e-02,  8.27883767e-02],
       [ 4.60389773e-03, -6.80089756e-02, -1.16541197e-04,  4.57317704e-03,  9.14643412e-02],
       [ 2.31126822e-02, -7.65688961e-02, -1.46627331e-02, -4.59843877e-02,  5.14058687e-02],
       [ 4.35550327e-02, -7.74739812e-02, -5.60919334e-02, -9.30871909e-02, -7.31081799e-02],
       [ 4.57887645e-02, -5.72816780e-02,  7.04612544e-02, -4.41834125e-02, -1.17479705e-01],
       [ 5.92744091e-03, -3.01613107e-02,  5.41177117e-03, -2.63341113e-02, -5.17097365e-02],
       [-9.38273876e-03,  2.42673008e-02, -3.00474845e-02, -8.22009926e-04,  6.91895287e-02],
       [-1.53067503e-02,  4.80985483e-02, -4.02167008e-02,  2.57729132e-02,  5.76110370e-02],
       [ 1.24052526e-03,  3.67112320e-02, -5.87337785e-02,  1.24993502e-04, -2.04625709e-02],
       [-2.08894778e-02,  5.93622367e-02, -6.08840500e-02, -1.98904442e-02, -8.29896149e-02],
       [-2.07310600e-02,  1.48817602e-01, -1.57866497e-01, -2.64600041e-02, -4.74195952e-02],
       [-1.58195808e-03,  5.42845397e-02, -1.96493713e-02, -1.48032940e-02, -6.98308421e-02],
       [-1.84245453e-02,  9.72058251e-02, -6.72694862e-02, -3.45135617e-02, -7.57660910e-02],
       [-3.58943441e-02,  1.20580513e-01, -6.99307788e-02,  3.74468463e-02,  1.64835892e-02],
       [ 1.63903011e-02, -7.60140588e-02,  1.31626628e-02, -9.72023543e-02, -1.26921406e-01],
       [-3.69976356e-02, -3.73810846e-02,  7.21987028e-03, -8.96221383e-02,  5.28667256e-02],
       [-6.42659078e-02, -5.53333109e-02,  1.03536844e-01, -7.27326439e-02,  8.70829498e-02],
       [-5.04771671e-02, -3.08633198e-02, -8.14751680e-02,  8.97098779e-02, -3.02245604e-02],
       [-6.74370248e-02, -2.64632689e-02, -2.16231922e-03,  1.10689955e-01, -2.55558933e-02],
       [-1.52520440e-01, -1.48386878e-01,  5.24300082e-02, -1.00935401e-01, -1.29593584e-01],
       [-5.47757929e-02,  7.73275201e-02,  2.68344606e-02, -1.31091905e-02, -1.60278673e-01],
       [-9.07482542e-02,  8.62564519e-03,  7.78901375e-02,  5.30651982e-02, -9.41471256e-02],
       [-1.08048093e-01, -6.41354799e-02,  1.45428402e-01,  1.24665806e-01,  1.15600694e-01],
       [-4.85373294e-03,  2.40047229e-02,  1.13625387e-03,  5.32199186e-02,  4.52976584e-02],
       [-2.08355275e-02,  3.45643960e-02, -1.15206292e-02,  2.57140584e-02,  7.79290291e-02],
       [-1.62144487e-03,  2.43201939e-02, -1.36773168e-02, -8.25759292e-03, -2.61132824e-02],
       [-7.37470974e-03,  4.33481420e-02, -7.93799924e-04, -6.87072713e-02, -7.98368895e-02],
       [-9.98824216e-03,  1.29364785e-01, -1.67258931e-02, -2.81456564e-02, -1.56402570e-02],
       [-2.12763744e-02,  2.22992897e-02, -7.26262191e-05, -3.57659840e-02, -3.02971614e-02],
       [-8.10944659e-03,  5.28974735e-02, -1.30254921e-02, -3.38836116e-02, -5.98423094e-02],
       [-3.21342905e-02,  9.47745743e-02,  1.78661955e-03, -3.50134976e-03,  1.21618579e-02],
       [ 2.58800025e-02,  1.37848107e-02, -9.03312272e-03,  5.03562794e-02, -5.93463086e-02],
       [ 1.36512497e-02, -1.87868047e-03,  3.45784127e-02, -2.33625100e-02,  1.59265470e-02],
       [ 1.84231696e-02,  8.70002650e-03,  1.28401360e-02, -4.87625372e-02,  2.10571083e-02],
       [ 4.06312451e-02,  2.36556420e-02,  2.07322179e-02,  3.52233757e-02,  5.31855729e-02],
       [ 1.76312546e-02, -1.99267579e-02,  1.00451685e-02,  2.04786064e-02,  4.95991373e-02],
       [ 4.49343899e-02, -2.09480521e-02,  5.51760269e-04, -2.60267720e-02,  5.73288161e-02],
       [ 4.15927029e-02,  1.53415394e-02,  1.46711526e-03, -3.43818714e-02, -5.96367416e-02],
       [ 1.88133551e-02, -7.24284061e-03,  4.38372508e-02, -1.49909935e-02,  1.53433055e-02],
       [ 4.15261142e-02,  5.70995615e-03, -1.29886696e-02, -6.32787496e-02,  5.78613900e-02],
       [ 9.99459026e-02,  3.58346928e-02, -6.10333096e-02,  3.31024182e-02,  7.81576156e-02],
       [ 7.99467995e-03, -4.89243843e-02, -3.14201559e-03,  5.20305538e-03,  8.66874764e-02],
       [ 4.43685390e-02, -2.80064355e-02, -5.87342761e-02, -3.10625569e-03,  6.79144736e-02],
       [ 5.89409037e-02,  9.74739845e-03, -1.15704010e-01, -6.61610487e-02, -4.28092152e-02],
       [ 1.72905262e-02, -9.98920632e-03,  7.29374237e-02,  3.92985954e-02, -1.17688163e-02],
       [ 2.67097600e-02, -2.25086756e-02,  1.80328039e-01, -4.86698700e-03, -3.06082016e-02],
       [ 1.25522314e-02, -4.98737958e-02,  3.03725212e-02, -6.53926604e-03, -2.92286429e-02],
       [ 2.66688403e-02, -3.95471267e-02,  7.03647047e-02,  2.33462980e-03, -1.56622607e-02],
       [ 5.57870952e-02, -3.14427993e-02,  7.14300008e-02,  2.02894309e-02,  1.67391746e-02],
       [ 9.01915451e-02, -4.54973138e-03,  7.29385075e-02, -5.02440320e-02, -9.12861608e-02],
       [ 2.55335563e-02, -5.72259766e-02,  4.99020857e-03, -9.05410995e-03, -9.62564236e-02],
       [ 6.42578850e-02, -5.34719001e-02,  3.74050489e-03,  4.05063952e-02, -5.17874940e-02],
       [ 8.68194322e-02, -2.44272227e-02, -1.91063097e-02,  7.44011402e-02,  8.28032655e-02],
       [ 7.68783984e-02, -1.71760486e-01,  3.74594065e-02, -3.21616330e-02, -4.20881225e-02],
       [ 1.36598674e-01, -9.77293044e-02,  6.07855912e-03, -4.05120901e-02, -7.35916422e-02],
       [ 1.80283256e-01, -2.12523364e-03, -8.61082526e-02,  1.15824456e-02,  1.19047453e-02],
       [ 1.84138782e-02, -1.06284333e-01, -6.43210797e-04, -3.17114298e-02, -8.16433501e-02],
       [ 1.95666638e-02, -1.21284013e-01,  2.17153596e-03,  1.64293733e-02,  3.24863982e-02],
       [ 6.95313408e-02, -8.51623346e-02, -7.50037232e-02,  5.51565400e-02,  4.74172648e-02]])})
2026-01-20 11:01:04,649 - final_problem_set.kxor_instance_n21_k2_m181_ell2_eps0.15_kappa0.875_rho0.0 - INFO - Running key extraction (n=21, m=181, ell=2, phase_qubits=12)
2026-01-20 11:01:04,652 - final_problem_set.kxor_instance_n21_k2_m181_ell2_eps0.15_kappa0.875_rho0.0 - INFO - Built voting matrix V (n=21, ell=2, dtype=complex128) in 0.003s
2026-01-20 11:01:04,653 - final_problem_set.kxor_instance_n21_k2_m181_ell2_eps0.15_kappa0.875_rho0.0 - INFO - Eval: adv=0.2376 (no ground-truth z available)
2026-01-20 11:01:04,653 - final_problem_set.kxor_instance_n21_k2_m181_ell2_eps0.15_kappa0.875_rho0.0 - INFO - Key extraction complete: x_hat=2
2026-01-20 11:01:04,653 - final_problem_set.kxor_instance_n21_k2_m181_ell2_eps0.15_kappa0.875_rho0.0 - INFO - Finished step 'KeyExtractionStep' in 0.004s (success: True, problem=kxor_instance_n21_k2_m181_ell2_eps0.15_kappa0.875_rho0.0)
2026-01-20 11:01:04,653 - final_problem_set.kxor_instance_n21_k2_m181_ell2_eps0.15_kappa0.875_rho0.0 - INFO - SUCCESS: len(z_hat)=21
2026-01-20 11:01:04,653 - final_problem_set.kxor_instance_n21_k2_m181_ell2_eps0.15_kappa0.875_rho0.0 - INFO - Metrics: adv=0.23756906077348067, ham_frac=None, corr=None
2026-01-20 11:01:04,653 - final_problem_set.kxor_instance_n21_k2_m181_ell2_eps0.15_kappa0.875_rho0.0 - INFO - z_hat (full): [-1,  1,  1,  1, -1, -1,  1, -1,  1,  1, -1, -1, -1,  1,  1, -1, -1, -1, -1, -1,  1]
