2026-01-20 11:02:07,971 - final_problem_set.kxor_instance_n29_k2_m235_ell2_eps0.2_kappa1.0_rho0.4 - INFO - Starting iteration for /Users/julian/CodingProjects/UniT3/QuarticSpeedupK-XOR/z_Daphne/data/final_problem_set/kxor_instance_n29_k2_m235_ell2_eps0.2_kappa1.0_rho0.4.npz
2026-01-20 11:02:07,973 - final_problem_set.kxor_instance_n29_k2_m235_ell2_eps0.2_kappa1.0_rho0.4 - INFO - Loaded instance (n=29, m=235, k=2)
2026-01-20 11:02:07,973 - final_problem_set.kxor_instance_n29_k2_m235_ell2_eps0.2_kappa1.0_rho0.4 - INFO - Starting step 'ComputeKikuchiStep' (version 0.1) on problem kxor_instance_n29_k2_m235_ell2_eps0.2_kappa1.0_rho0.4 (fields={'ell': 2, 'threshold': 0.0})
2026-01-20 11:02:08,020 - final_problem_set.kxor_instance_n29_k2_m235_ell2_eps0.2_kappa1.0_rho0.4 - INFO - Finished step 'ComputeKikuchiStep' in 0.047s (success: True, problem=kxor_instance_n29_k2_m235_ell2_eps0.2_kappa1.0_rho0.4)
2026-01-20 11:02:08,020 - final_problem_set.kxor_instance_n29_k2_m235_ell2_eps0.2_kappa1.0_rho0.4 - INFO - Starting step 'ClassicalEigenvaluesStep' (version 0.1) on problem kxor_instance_n29_k2_m235_ell2_eps0.2_kappa1.0_rho0.4 (fields={'ell': 2, 'threshold': 0.0, 'kikuchi_matrix': <Dictionary Of Keys sparse matrix of dtype 'int64'
	with 9072 stored elements and shape (406, 406)>, 'num_eigenvalues': 5})
2026-01-20 11:02:08,266 - final_problem_set.kxor_instance_n29_k2_m235_ell2_eps0.2_kappa1.0_rho0.4 - INFO - Finished step 'ClassicalEigenvaluesStep' in 0.246s (success: True, problem=kxor_instance_n29_k2_m235_ell2_eps0.2_kappa1.0_rho0.4)
2026-01-20 11:02:08,267 - final_problem_set.kxor_instance_n29_k2_m235_ell2_eps0.2_kappa1.0_rho0.4 - INFO - Starting step 'KeyExtractionStep' (version 0.1) on problem kxor_instance_n29_k2_m235_ell2_eps0.2_kappa1.0_rho0.4 (fields={'ell': 2, 'threshold': 0.0, 'kikuchi_matrix': <Dictionary Of Keys sparse matrix of dtype 'int64'
	with 9072 stored elements and shape (406, 406)>, 'num_eigenvalues': 5, 'eigenvalues': array([11.01168254, 11.62667175, 11.91212296, 13.00601151, 14.84488349]), 'eigenvectors': array([[-2.97840666e-02, -2.33235756e-03, -6.35617971e-02,  2.37745829e-02, -5.41385910e-02],
       [ 3.07868816e-02,  1.22394036e-02,  5.39486279e-02, -7.92325911e-03,  2.42165595e-02],
       [-5.60820878e-03, -7.71147780e-03,  2.83779805e-02, -3.94893177e-02, -4.52600213e-02],
       [-4.65461682e-02,  1.76678708e-02,  3.07587013e-02,  8.35424837e-02, -1.91372907e-02],
       [-4.99782622e-02,  1.95068326e-02, -2.55655726e-02,  2.90129921e-02,  8.67034409e-02],
       [-8.97464294e-03,  5.91591207e-02, -3.76908341e-03, -2.53279553e-02,  6.35268352e-02],
       [-2.44743932e-02, -6.65880830e-02, -2.34048601e-02,  4.30055996e-02,  3.39972403e-02],
       [-4.18194235e-02,  4.21649794e-02, -2.83417722e-02,  1.96600066e-02,  5.12146213e-02],
       [-1.42673704e-02, -5.99485631e-02,  4.93391608e-02,  2.05181438e-02, -7.64417319e-02],
       [-4.48438149e-02,  1.22995033e-02,  1.20405568e-01,  2.03511564e-02,  6.92921724e-02],
       [ 2.72190296e-02, -7.42736967e-02, -4.83495397e-02, -5.60981952e-02, -3.85572365e-02],
       [-2.44390094e-02, -6.83272881e-03,  3.61872252e-02, -1.99996441e-02,  2.09397910e-02],
       [-4.69868615e-02, -7.78030014e-03, -1.69018709e-02,  6.70682196e-02,  6.23308025e-03],
       [ 3.73050199e-03, -2.38865612e-02, -8.30721425e-02,  3.59813949e-02, -9.21908664e-02],
       [-7.46613317e-04,  3.16155200e-02,  1.28322932e-02,  2.51732552e-02, -6.61474463e-02],
       [-8.57965642e-03, -3.68089308e-02,  6.17696266e-02, -1.16883947e-02, -8.28504035e-03],
       [ 6.74301171e-03, -9.09871755e-02, -1.04181085e-03, -9.22172604e-03, -1.85112422e-02],
       [-1.07139133e-02, -5.09559441e-02,  1.83366653e-02, -1.03944459e-02,  7.89953373e-02],
       [-6.50707886e-03, -4.93749445e-02,  1.81390265e-02,  6.55149682e-02,  3.01722260e-02],
       [ 7.93787263e-03,  5.65564372e-02,  5.05020332e-02, -1.81205141e-02,  7.61427837e-02],
       [-2.04374505e-02, -7.79658594e-04, -4.18142780e-02,  8.80108671e-02, -4.51174296e-02],
       [ 5.11445401e-02, -2.89583434e-02,  2.47570489e-02, -3.72967216e-02,  5.56388780e-02],
       [-1.32502218e-04,  5.38669476e-02,  2.24497995e-02, -9.07235576e-02,  7.06882892e-02],
       [ 1.22192943e-02,  2.30602660e-02, -4.82948119e-03, -5.99098711e-02,  8.36108815e-02],
       [ 2.38786721e-02, -9.28751269e-05, -9.64839765e-02,  1.62102530e-02, -4.42396268e-03],
       [-6.61670521e-02, -1.34350110e-03,  1.40057080e-02,  7.26899466e-02,  6.47775100e-02],
       [-4.96941806e-04,  4.43283156e-02,  2.17199029e-02, -4.79353890e-02,  7.93917807e-02],
       [-2.97679924e-02, -9.67454923e-02,  1.96744192e-02, -2.49389927e-02, -7.45247904e-03],
       [-2.50126127e-02, -2.87163374e-03, -3.87010492e-02,  1.96264462e-03, -1.39696437e-02],
       [ 3.37442241e-02, -1.06122701e-02, -8.39112625e-03,  3.97586144e-02,  3.64852189e-02],
       [ 4.33159677e-02, -2.41193510e-02, -3.10799418e-03, -6.86203452e-02,  1.90598788e-02],
       [-2.51219201e-02,  2.08105699e-02, -1.46375163e-02, -3.29944909e-02, -7.24154669e-02],
       [-2.93614175e-02, -1.85705260e-02, -2.18069066e-02,  1.47973491e-02, -4.55961761e-02],
       [ 1.85003208e-03,  6.35605923e-02,  9.78116963e-03, -3.94228653e-02, -2.39431951e-02],
       [-1.35733463e-02, -1.96331576e-02, -3.46287071e-03, -2.20748748e-02, -5.57345402e-02],
       [ 6.57110542e-02,  1.61154903e-02, -1.18803939e-03, -1.02290935e-02,  6.48534461e-02],
       [ 3.96264682e-03,  1.83021329e-02, -9.08526854e-02, -1.93074903e-02, -4.42828798e-02],
       [ 9.52839664e-03,  4.49026071e-02,  4.50606733e-02,  4.95782744e-02,  2.95871276e-02],
       [ 6.57070662e-03,  1.15847942e-02, -3.43385006e-02,  1.67311935e-02, -1.75416543e-02],
       [ 2.21022777e-02,  1.28357244e-02,  1.66737323e-02, -5.58661414e-02, -3.43004834e-03],
       [ 4.59658725e-02, -2.44196388e-02,  9.50850449e-02, -2.14791800e-02,  6.65827663e-02],
       [ 4.49396089e-02, -5.30962765e-02,  2.67615673e-02, -1.67995828e-02,  5.60744227e-02],
       [ 1.86305838e-02,  2.66477592e-02, -3.96030144e-02,  8.64124503e-03,  8.74946050e-03],
       [ 6.82449976e-03,  6.72953884e-02,  2.48534799e-03,  8.23099932e-03,  1.37534691e-02],
       [-4.07106353e-02,  8.48589194e-02, -5.09282157e-02,  6.61895190e-04, -7.13587432e-02],
       [-5.77468995e-03,  5.21139835e-02, -1.48880053e-02, -5.89884513e-02, -1.85941904e-02],
       [-4.30645289e-02, -7.47009911e-03, -5.70967286e-02,  9.09592059e-03, -5.18554225e-02],
       [ 2.75902265e-02, -1.51228556e-02,  5.08353504e-02, -6.81162641e-02,  3.53561300e-02],
       [-5.12475394e-02,  3.68503434e-02, -3.56960159e-02,  2.11560953e-02, -3.96157481e-02],
       [-5.09347657e-02, -1.91778483e-02, -6.32150586e-02,  8.47816210e-02, -6.78585352e-02],
       [-6.76634780e-02,  1.84278199e-02, -4.10937202e-02,  5.01562235e-02, -8.00926310e-02],
       [-2.20798205e-02, -7.56178013e-04,  7.73418066e-02, -1.84323301e-02,  4.39458398e-03],
       [ 6.08857141e-03,  3.10332022e-02, -2.61781600e-02, -6.77628362e-02, -4.91869998e-02],
       [-4.46758180e-02, -4.92234951e-03, -5.01492959e-02,  3.46361616e-02, -6.52136958e-02],
       [ 3.28277249e-02,  7.21533342e-02, -1.43546598e-02,  2.03794498e-02,  6.00970804e-03],
       [-2.85603778e-02,  7.61421954e-05, -1.17668693e-02, -1.80730633e-02, -1.61614368e-02],
       [-2.57658536e-02,  6.38592698e-04, -1.15404930e-02,  2.84086024e-02, -1.04079031e-02],
       [ 4.33523984e-02,  3.57743245e-03,  3.89931262e-02,  1.73137895e-02,  3.51502189e-02],
       [ 3.01619622e-02,  3.17607214e-02,  3.36277073e-02, -5.29921641e-03,  2.72484240e-02],
       [ 1.41736598e-02, -2.65526378e-02,  6.50522539e-03,  1.95566694e-02,  1.14615786e-02],
       [ 2.59740528e-02,  1.76680321e-02,  2.52598761e-02,  1.05232550e-02,  2.54396385e-02],
       [-5.45028327e-02, -2.31761751e-02, -3.14216643e-02,  2.08562382e-03, -3.15002136e-02],
       [ 1.57347334e-02,  1.32909974e-03,  6.51216885e-02,  1.26813118e-02,  2.07952674e-02],
       [-7.15340171e-03, -1.77168413e-02, -2.62515499e-02, -1.72276022e-02, -1.13812120e-02],
       [ 2.15469599e-03, -1.78035592e-03,  2.05008152e-02, -5.02961188e-03,  6.85573851e-03],
       [ 1.81083582e-03, -1.24820599e-02, -7.35670938e-03,  2.42217444e-02,  1.43569056e-03],
       [-4.63579369e-02, -1.04790750e-02, -7.55423861e-02,  3.19467197e-03, -2.74753794e-02],
       [-5.10051103e-02,  1.50344028e-02, -4.32069206e-02,  4.39961414e-03, -2.96289224e-02],
       [-1.34326811e-02, -1.29689978e-02,  1.32642180e-02, -3.41647369e-03, -4.61618196e-03],
       [-5.34144973e-03, -3.60788129e-02, -6.78829438e-03, -2.67685861e-03, -7.53837305e-03],
       [ 5.08147518e-02, -2.36477579e-02,  5.97845902e-02,  5.86669314e-03,  3.20630053e-02],
       [ 1.61335908e-02, -2.32767560e-02,  1.46927242e-02,  2.74704028e-02,  7.16170066e-03],
       [ 4.04473062e-02,  1.83537975e-02,  5.69670324e-02, -1.95166638e-03,  2.63965301e-02],
       [-1.04833481e-02, -1.21982041e-02, -3.79597169e-02,  2.02290033e-02, -1.49810965e-02],
       [ 3.11461371e-02, -1.41814952e-03,  3.71010756e-02, -4.74756830e-03,  1.73895856e-02],
       [ 4.13453239e-02,  3.24105379e-02,  6.41100824e-02, -3.37224517e-02,  3.33663384e-02],
       [ 5.70307709e-02,  1.50372651e-02,  5.85925800e-02, -1.80693622e-02,  3.95182890e-02],
       [ 1.17094148e-02, -2.38204132e-03, -3.62831365e-02,  6.96210181e-03, -9.64142642e-04],
       [ 2.28116131e-02, -8.53820855e-03,  3.16832112e-02,  3.21977268e-02,  2.21503706e-02],
       [ 4.28029417e-02,  2.57704157e-02,  5.72794451e-02, -1.58838634e-02,  3.64749032e-02],
       [-1.45740033e-02, -2.98336562e-02,  5.58063022e-03, -5.96886080e-03, -3.40835071e-03],
       [-7.46960070e-02, -3.10597924e-03, -5.19184311e-02, -2.10984558e-02,  1.96795840e-02],
       [-9.49692174e-02,  1.43419517e-02,  5.61443815e-02, -8.04793978e-02, -4.44214159e-02],
       [-7.90588461e-03, -1.82722102e-02,  4.38344442e-02, -3.58510195e-02, -3.99071160e-02],
       [-6.73504138e-02,  4.02774056e-02,  2.31389398e-02, -4.09896197e-02, -1.12017804e-02],
       [-4.83349992e-02, -9.88798769e-03,  3.62702242e-02, -4.08445410e-02, -2.70263875e-02],
       [ 3.43267859e-02,  8.47125681e-03, -6.16977832e-02,  4.93403944e-02,  4.13065400e-02],
       [-7.54369605e-02,  1.14524609e-02, -1.96568246e-02, -6.94102442e-02, -4.34398908e-02],
       [ 9.05502624e-02,  1.93639733e-02,  1.51311994e-02,  5.12277127e-02,  2.00066776e-02],
       [ 1.17687917e-02,  4.51268415e-03, -9.68805296e-04, -5.43588251e-03, -1.56325642e-02],
       [-7.65147920e-02,  1.67581660e-02, -6.39162725e-04, -3.80912457e-02,  2.19458169e-03],
       [ 3.75937174e-02, -8.36959553e-03, -2.70732683e-02,  7.31113597e-02,  7.29209960e-02],
       [ 2.89695981e-02, -3.26931075e-02, -6.55895807e-02,  5.36785731e-02,  4.92874349e-02],
       [ 2.40538964e-02,  1.84805138e-02, -3.58743818e-02,  6.77155632e-03,  4.62004705e-03],
       [ 2.24479028e-02,  4.16520440e-02, -6.03633154e-03,  1.37121629e-02,  9.45281776e-03],
       [-6.25442478e-02,  4.37386624e-02,  5.14853254e-02, -7.35229515e-02, -5.27260154e-02],
       [-9.06101696e-02,  3.46690458e-02, -5.72474845e-03, -5.03465036e-02, -1.07512302e-02],
       [-5.51434153e-02, -1.23846859e-02,  2.76780403e-02, -5.72026723e-02, -5.07235059e-02],
       [-7.05156499e-02,  3.19630288e-03, -2.39254991e-02, -5.62445709e-03,  3.49492988e-02],
       [-7.75074170e-03,  1.53672186e-02,  2.81092531e-02, -3.05416299e-02, -3.07932659e-02],
       [ 5.56672735e-02, -3.42370983e-02,  6.63334859e-02, -5.08054521e-03, -6.81325921e-02],
       [ 1.96224608e-02, -1.23168277e-03,  7.15777116e-02, -5.07318456e-02, -5.38285989e-02],
       [-2.35266572e-02,  3.65114544e-03,  3.82103308e-02,  3.21842115e-03,  1.38519873e-02],
       [-1.04957407e-01,  2.15740521e-02,  1.45019328e-02, -7.21639897e-02, -2.76376503e-02],
       [-4.20960846e-03, -1.33455763e-02,  5.12628550e-02, -4.29272694e-02, -5.26235086e-02],
       [ 5.41423129e-02,  4.14613781e-02, -8.13922530e-03,  1.61850297e-02,  1.44672126e-03],
       [ 7.89018750e-02,  2.59641909e-02,  1.00601336e-01,  6.58746883e-02, -3.80622946e-02],
       [-3.48399582e-02,  1.34131630e-02,  5.48640197e-02,  6.94145080e-02, -2.05127447e-02],
       [ 8.39188176e-02,  3.65624986e-02,  4.53684192e-02,  8.00998946e-03, -1.31482379e-02],
       [ 5.31314683e-02,  1.57138943e-03,  7.65956537e-02,  4.18187764e-02, -2.27853952e-02],
       [ 2.13028343e-02, -1.37576800e-02, -9.67973496e-02, -8.61387736e-02,  2.30767186e-02],
       [ 4.38810126e-02,  2.28919118e-02, -2.67322391e-02,  5.87396899e-02, -3.41395304e-02],
       [-5.94913794e-02,  3.06372553e-02,  5.58212013e-04, -1.30370360e-02,  2.50600613e-02],
       [-1.81088308e-02,  1.66162096e-02, -6.82609849e-04,  2.73839711e-02, -7.44303100e-03],
       [ 1.20042303e-01, -7.59107966e-03,  9.98539929e-03, -2.21231717e-02, -9.46544425e-03],
       [ 5.76889078e-02, -4.32727654e-02, -2.82616287e-02, -1.30504697e-01,  3.57995863e-02],
       [ 1.25463230e-02, -4.37670019e-02, -6.52170731e-02, -9.04077533e-02,  1.73401290e-02],
       [-1.42177828e-02,  1.17913426e-02, -4.26972138e-02,  3.93895012e-04,  1.23959088e-03],
       [-8.79070696e-03,  2.92449258e-02, -1.13400624e-02, -6.22947978e-03,  8.46765949e-03],
       [ 3.56796698e-02,  4.97475644e-02,  6.17316530e-02,  9.60020081e-02, -2.60056714e-02],
       [ 1.10916459e-01,  1.87805640e-02,  9.10833516e-03,  2.83403322e-03, -1.87999326e-02],
       [-2.72695297e-02,  1.17071371e-02,  3.13634829e-02,  8.74021643e-02, -2.72570560e-02],
       [ 1.13688468e-01, -3.49742202e-02, -1.57206565e-02, -6.94055872e-02,  8.14453495e-03],
       [-5.34372887e-02,  3.77966300e-02,  3.35938156e-02,  6.93209479e-02, -1.46737618e-02],
       [-1.49111435e-01,  3.90075971e-02,  5.51681523e-02,  1.11627446e-01, -1.20084256e-02],
       [-7.42430766e-02,  4.08200676e-02,  7.61898163e-02,  1.09629559e-01, -1.62973570e-02],
       [ 4.90719887e-02, -1.21458223e-02,  5.21039218e-02, -2.74721348e-02,  2.17997282e-03],
       [ 1.46592060e-01,  1.39241469e-02,  4.21769400e-02,  2.48740047e-02, -3.40369944e-02],
       [-5.06235428e-02,  2.92799702e-02,  5.26580154e-02,  9.09666086e-02, -2.01566697e-02],
       [-1.63625982e-02,  4.54106272e-02, -1.31257232e-02,  5.18698565e-03,  4.15217261e-03],
       [-4.26698882e-02,  3.55125091e-02, -5.94238879e-02,  2.15003633e-02,  7.12764689e-02],
       [ 4.96199523e-02, -7.88916861e-02, -3.37991058e-02,  5.78901234e-02,  1.93737816e-02],
       [ 2.64904877e-03,  3.17999379e-02, -6.50757908e-02,  5.38183175e-02,  5.27989495e-02],
       [ 1.32614471e-03, -3.11614035e-02,  1.13996074e-01, -4.13538177e-02, -8.19335453e-02],
       [ 3.14657686e-02, -1.43202382e-02,  7.94834320e-02,  9.09612490e-02,  8.77115883e-02],
       [-8.97460888e-02, -6.47442466e-02, -4.99138834e-02, -9.04601761e-02, -4.32537838e-02],
       [-5.11565311e-02, -9.07023461e-03,  2.10592245e-02, -1.19356945e-02,  2.27601337e-02],
       [ 5.49923690e-02, -1.32475746e-02,  5.30382772e-03,  6.87439038e-02, -6.41932736e-03],
       [ 2.56007450e-02,  1.44994513e-02, -5.80798692e-04, -6.46048654e-02, -1.41601909e-01],
       [ 3.04395211e-02,  5.52954402e-02,  8.85056384e-02, -3.65052655e-02, -8.37454057e-02],
       [-2.19094021e-02, -4.10179697e-02,  7.59864518e-02, -1.30780529e-02, -7.05948525e-03],
       [-1.53416653e-02, -9.14461540e-02,  1.07515013e-02, -2.26801802e-02, -1.99693756e-02],
       [ 1.31300073e-02, -8.26345400e-02, -6.21660637e-02,  6.67665787e-02,  9.78545845e-02],
       [ 1.28958404e-01, -7.10042970e-02,  1.61695970e-02,  1.01237288e-01,  3.04413429e-02],
       [ 2.00899398e-02,  3.32642095e-02, -2.13371466e-02,  5.79571232e-02,  9.89690413e-02],
       [ 1.08949989e-01,  1.37429161e-02,  2.45884933e-02,  5.45077635e-02, -6.74179329e-02],
       [ 2.47696858e-02, -5.20190798e-02, -3.84057371e-02,  1.63562218e-02,  7.01852674e-02],
       [-1.59201978e-01,  4.86062645e-02, -8.75199110e-02, -3.97378816e-02,  1.13439807e-01],
       [-8.29673421e-02, -3.29094368e-03, -1.13509761e-01,  1.43631875e-02,  1.06171385e-01],
       [ 6.13148788e-02, -3.08391987e-03, -9.44878886e-02,  5.63075794e-04, -2.73381956e-02],
       [ 7.09288650e-02, -2.69236907e-02, -8.01538619e-03,  1.16140928e-01,  5.99663514e-02],
       [-5.19844767e-02,  1.99821653e-02, -6.46278669e-02,  2.04981316e-02,  9.37290298e-02],
       [-8.24578639e-02, -1.01135733e-01,  2.16912796e-02, -3.50124416e-02, -5.38596844e-03],
       [-2.24149006e-02, -6.27620179e-02, -3.89284682e-02,  3.66802019e-02,  2.89591858e-02],
       [-3.83367430e-02,  5.78841639e-02, -5.24751505e-02,  1.75027267e-02,  5.24756294e-02],
       [-1.11992296e-02, -6.71379472e-02,  7.38657461e-02,  1.31880001e-02, -6.00110002e-02],
       [-3.23961170e-02,  3.91821451e-02,  7.12512470e-02,  2.27129293e-02,  6.80336601e-02],
       [ 1.08738850e-02, -9.72464309e-02, -3.80213315e-02, -4.94675546e-02, -3.66783785e-02],
       [-2.51946152e-02,  1.16931042e-02,  1.75313851e-02, -1.94655625e-02,  2.39510747e-02],
       [-3.73485794e-02, -1.17503391e-02, -1.21126066e-02,  5.39019771e-02,  6.07969843e-03],
       [-1.73158067e-03, -6.04410502e-02, -1.46887694e-02,  2.50344464e-02, -8.87762774e-02],
       [-5.16430452e-05,  1.55040460e-02,  6.57928462e-02,  2.45653527e-02, -7.21519070e-02],
       [-7.95322590e-03, -3.27903671e-02,  5.93164371e-02, -9.84375225e-03, -5.69463107e-03],
       [ 3.11150481e-03, -8.53149590e-02, -3.47724384e-04, -1.11984513e-02, -9.05839781e-03],
       [-8.14592782e-03, -3.99677782e-02, -4.62957498e-02, -6.88228246e-03,  9.79405497e-02],
       [ 3.36397154e-03, -4.42090717e-02,  3.57762292e-03,  5.69450922e-02,  3.10450654e-02],
       [ 1.41606381e-02,  8.06325026e-02,  1.20398986e-03, -1.03449417e-02,  7.22827496e-02],
       [-4.67995830e-03, -1.83743769e-02, -3.22844433e-03,  6.27751760e-02, -3.60206067e-02],
       [ 4.67014544e-02, -9.06151947e-03, -1.60618581e-02, -2.60024160e-02,  5.36231295e-02],
       [-4.79367057e-03,  8.31139237e-02, -3.21224709e-02, -7.29389477e-02,  6.71131367e-02],
       [ 6.19526982e-03,  4.84388579e-02, -6.03195847e-02, -4.57034100e-02,  7.71645057e-02],
       [ 2.13919797e-02, -1.48349269e-02, -8.27306451e-02,  1.49049154e-02, -1.16789734e-02],
       [-6.02758927e-02,  1.07390280e-02, -1.34978606e-02,  5.76914066e-02,  5.55957766e-02],
       [ 7.04739633e-04,  7.10851073e-02, -3.12136387e-02, -3.58718612e-02,  7.21240512e-02],
       [-3.31639429e-02, -9.03735793e-02,  1.33579390e-02, -2.17263284e-02, -5.24690771e-03],
       [ 3.10830990e-02, -4.07645554e-02, -3.31300407e-02,  3.96671854e-02,  1.64222958e-02],
       [-2.17852693e-03,  7.24158746e-02,  5.94793252e-02, -5.18189999e-02, -3.11695970e-02],
       [ 4.44145682e-02, -7.39073685e-02,  9.09608125e-03,  5.89511546e-02,  2.69112882e-02],
       [-9.29138474e-02,  2.75025614e-02, -1.08595121e-02, -4.76442725e-02, -1.62257387e-02],
       [-2.20065745e-02, -2.68966809e-02, -1.01622913e-03,  8.48043312e-03,  8.68867045e-03],
       [ 7.72717380e-02, -1.97660495e-03,  8.73818375e-03,  2.02474848e-02, -4.87395388e-03],
       [ 1.64012103e-02,  1.25201022e-01,  1.84844567e-02, -7.35955166e-02, -5.64040574e-02],
       [ 2.38746943e-02,  8.08023665e-02,  4.09555455e-02, -4.94623221e-02, -2.48118671e-02],
       [-1.20355627e-02, -7.38722029e-03,  2.09992805e-02, -3.65965919e-03, -2.31983170e-03],
       [-1.96500384e-02, -1.79187147e-03,  9.52443063e-03, -1.31303103e-02, -8.62456996e-03],
       [ 5.48093158e-03, -8.76543584e-02, -3.64726281e-02,  5.96218495e-02,  2.36817211e-02],
       [ 7.75964151e-02, -2.79365437e-02,  7.91215242e-03,  3.34638454e-02,  4.72979495e-03],
       [ 1.38291069e-02, -7.35796809e-02, -2.69481237e-02,  5.73459736e-02,  3.41065877e-02],
       [ 9.70093657e-02,  6.16405638e-02,  2.85433953e-02, -8.09120347e-03, -2.59972307e-02],
       [-2.74581709e-02, -5.88953677e-02, -2.82315268e-02,  3.35454785e-02,  1.89975848e-02],
       [-1.15694983e-01, -8.47121871e-02, -5.85029207e-02,  3.04722107e-02,  4.50925670e-02],
       [-6.32180265e-02, -1.02626809e-01, -6.90630293e-02,  5.21480396e-02,  3.91565774e-02],
       [ 3.43140572e-02,  1.60372526e-02, -2.45156039e-02, -6.09316232e-03, -1.09510031e-02],
       [ 8.73295991e-02, -5.72990970e-02, -8.01775379e-03,  5.15716669e-02,  1.47013697e-02],
       [-3.78571195e-02, -8.21085628e-02, -4.63743052e-02,  4.63316036e-02,  3.52588793e-02],
       [-5.64037214e-02, -1.73897895e-02,  9.36101647e-03, -1.59107274e-02, -1.45559447e-03],
       [ 1.75228755e-02, -5.27907577e-02,  8.50987130e-02, -2.78946658e-02, -5.35995944e-02],
       [ 1.31625658e-02,  3.01373287e-02,  4.71997355e-02,  5.71720021e-02,  6.05522699e-02],
       [-5.21087931e-02, -6.45364356e-02, -3.15435366e-02, -6.06629507e-02, -3.24237804e-02],
       [-3.58529841e-02,  3.81388172e-03,  7.03217305e-03, -1.88509785e-03,  1.72324214e-02],
       [ 4.25718292e-02, -7.99221032e-03, -6.91277672e-04,  4.38981608e-02,  1.30394875e-03],
       [ 3.20586432e-02, -5.43714259e-02,  6.59381447e-03, -4.23431030e-02, -1.05147608e-01],
       [ 2.91141117e-02,  3.11662917e-03,  8.40912948e-02, -2.65462593e-02, -6.26445541e-02],
       [-1.09202193e-02, -2.60150188e-02,  5.17728210e-02, -1.02084083e-02, -3.55521410e-03],
       [-5.86087434e-03, -5.91550646e-02,  2.09701836e-03, -1.23413405e-02, -9.68856347e-03],
       [-1.64299606e-03, -5.66875949e-03, -5.83747588e-02,  4.08071154e-02,  6.46431484e-02],
       [ 8.03615187e-02, -2.97945551e-02,  1.14746326e-02,  5.86644121e-02,  2.23270999e-02],
       [-1.41950329e-04,  6.34544902e-02, -2.27455703e-02,  3.87043806e-02,  6.55492711e-02],
       [ 7.71854529e-02, -1.99695575e-02,  2.40396842e-02,  3.21737999e-02, -4.38511998e-02],
       [ 7.84363824e-03, -3.19799581e-03, -3.49028153e-02,  9.55123751e-03,  4.59422632e-02],
       [-1.24088124e-01,  6.64982581e-02, -7.17029124e-02, -9.81972516e-03,  6.67691268e-02],
       [-6.82443841e-02,  4.68050865e-02, -1.03513802e-01,  1.10432516e-02,  7.39196618e-02],
       [ 3.94238142e-02, -1.05491836e-02, -6.35963954e-02,  3.58405084e-04, -1.58468969e-02],
       [ 3.74368685e-02,  1.30214680e-02, -1.12074768e-02,  6.82854119e-02,  4.31324352e-02],
       [-4.71308873e-02,  4.93187450e-02, -5.47795398e-02,  1.78923686e-02,  5.86911954e-02],
       [-4.89395289e-02, -6.52183037e-02,  1.28501896e-02, -2.16085506e-02, -1.71498759e-03],
       [-2.27478465e-02, -3.66566272e-02, -5.89482569e-02, -4.75880832e-02, -9.63634406e-02],
       [ 3.06702779e-02,  9.86929160e-02,  3.39976205e-02,  7.23403757e-02,  4.81805220e-02],
       [ 2.04506160e-02, -2.85670712e-03, -8.90111880e-03,  1.84881855e-02, -2.62848955e-02],
       [ 2.05001028e-02,  1.11126700e-02,  4.60238845e-03, -7.47764128e-02, -5.50342787e-03],
       [ 5.60617896e-02,  5.26757016e-02, -3.52604853e-02, -1.39572176e-02,  1.17584131e-01],
       [ 2.37947137e-02, -2.02701423e-02, -1.15787402e-01, -1.39445959e-02,  7.48851421e-02],
       [ 9.96299952e-03,  3.95103939e-02, -8.05267919e-02,  1.18881347e-02,  4.47858752e-03],
       [ 5.95776652e-03,  1.02962603e-01, -1.08034795e-02,  1.45637493e-02,  1.85764937e-02],
       [-3.89420559e-02,  4.66612611e-02,  1.06399094e-01, -8.39968273e-03, -1.04189395e-01],
       [-4.51666891e-02,  5.36772668e-02, -2.16644925e-03, -8.06978413e-02, -3.74480928e-02],
       [-5.04783329e-02, -7.06633152e-02,  3.85878345e-02, -1.06255630e-03, -8.15161061e-02],
       [ 1.53830556e-02,  1.53775483e-02, -3.59458132e-02, -8.56839533e-02,  5.48615307e-02],
       [-7.40422932e-02,  1.85760508e-02,  5.83383729e-02,  2.78426363e-02, -6.44539883e-02],
       [ 3.18330926e-03, -8.40699656e-02,  1.02588459e-01,  8.60570963e-02, -8.29385671e-02],
       [-2.62376926e-02, -4.56465604e-02,  1.40803923e-01,  4.75288702e-02, -9.19825416e-02],
       [-1.60811995e-02,  1.89916762e-02,  8.89831510e-02, -1.59110156e-02,  2.33567786e-02],
       [-2.77975662e-04, -6.80554388e-03,  3.99724310e-02, -9.36559302e-02, -7.34184896e-02],
       [-2.66559660e-02, -6.99397364e-02,  9.60408468e-02,  3.40428827e-02, -9.07422580e-02],
       [ 4.18213091e-02,  9.90983200e-02, -8.85501714e-03,  2.99814043e-02,  1.17626542e-04],
       [-4.52696431e-02, -4.97360784e-02, -6.03303422e-02, -7.17764928e-02, -2.82761714e-02],
       [-3.73654592e-02, -9.46941193e-03,  4.47622869e-02, -8.20578965e-03,  1.84870027e-02],
       [ 4.53000046e-02, -1.86732204e-02, -3.28289512e-02,  5.85685260e-02, -1.39622664e-03],
       [ 5.31455606e-02,  1.11874947e-02, -1.72854067e-01, -4.51014284e-02, -8.72826568e-02],
       [ 9.04617326e-03,  6.35520330e-02, -8.78206046e-02, -3.45814928e-02, -8.52853785e-02],
       [-2.95032248e-02, -3.18134806e-02,  2.70164106e-02, -1.89990705e-02, -1.55859133e-02],
       [-8.90547208e-03, -8.00734634e-02, -2.15548692e-03, -1.36947387e-02, -1.23716465e-02],
       [ 7.16381482e-03, -7.61710324e-02,  1.17191203e-01,  5.46644756e-02,  8.01370341e-02],
       [ 7.03745437e-02, -5.93573951e-02,  2.01723765e-02,  7.43559504e-02,  1.40226057e-02],
       [-3.22702186e-03,  2.08998635e-02,  1.10863715e-01,  3.90083706e-02,  6.57307414e-02],
       [ 9.36122159e-02,  1.24122892e-03, -8.72694839e-02,  4.53076585e-02, -4.66182711e-02],
       [ 1.19716106e-02, -4.25483932e-02,  8.99243293e-02,  1.27179593e-02,  5.66067114e-02],
       [-1.12834672e-01,  4.34856679e-02,  1.40394087e-01, -3.54649679e-02,  9.67441345e-02],
       [-4.19038535e-02, -4.61193246e-03,  1.21767214e-01,  1.00860014e-02,  1.09975387e-01],
       [ 6.99411724e-02, -3.39830110e-03, -7.76450355e-02,  1.68165938e-02, -1.56470790e-03],
       [ 3.74696874e-02, -2.57958083e-02,  5.40409165e-02,  9.66915503e-02,  4.74116572e-02],
       [-3.97689137e-02,  1.61060692e-02,  1.10364613e-01,  1.63798983e-02,  7.54929886e-02],
       [-6.60317847e-02, -8.31347008e-02,  1.40190755e-02, -2.71109753e-02, -8.35278874e-03],
       [ 2.77886220e-02, -2.03813287e-02, -2.58302228e-02, -9.81449245e-03, -1.28259534e-02],
       [-8.82064244e-02,  2.29810819e-02,  9.29724979e-03, -3.48397098e-02,  2.78140740e-03],
       [-1.17510779e-02,  1.06836597e-01,  7.62017126e-02,  9.77465787e-02,  5.17947794e-02],
       [ 2.79553284e-02,  4.23076345e-02,  3.49522905e-02,  7.73133654e-02,  5.59229011e-02],
       [ 2.75142434e-02,  2.40309142e-02, -1.56474613e-02,  1.09219167e-02,  6.54247292e-03],
       [ 1.08896508e-02,  6.21809201e-02,  8.72657766e-03,  1.43192712e-02,  5.76870114e-03],
       [-7.25253493e-02, -2.75487580e-02, -5.86726895e-02, -9.95538096e-02, -6.00123063e-02],
       [-1.23330864e-01,  2.80413533e-02, -1.64945883e-02, -6.06471571e-02, -8.59587180e-03],
       [-1.29501742e-02, -8.25274048e-02, -5.12779292e-02, -7.10231306e-02, -3.75642473e-02],
       [-8.22337668e-02,  7.04360342e-02,  4.83088140e-02,  2.91655682e-03,  3.40915645e-02],
       [-1.74155942e-02, -3.33863097e-02, -4.33266052e-02, -4.28351928e-02, -3.69460301e-02],
       [ 1.15137215e-01, -1.38725388e-01, -6.05982592e-02, -3.79431356e-02, -6.01246111e-02],
       [ 2.55972466e-02, -1.09044415e-01, -5.58844148e-02, -6.69948200e-02, -6.66563829e-02],
       [-5.92824025e-02,  1.99922190e-02,  3.71961127e-02,  5.46509605e-03,  5.03033162e-03],
       [-1.14653416e-01, -2.41526591e-02, -3.43646134e-02, -8.05594935e-02, -2.39798478e-02],
       [ 1.81384494e-02, -1.04926680e-01, -5.53405373e-02, -6.11699120e-02, -4.92336536e-02],
       [ 4.00319433e-02,  3.78974698e-02, -8.60506014e-03,  1.14730820e-02,  9.46157240e-04],
       [-2.37490531e-02, -1.30738841e-03, -6.13427966e-03,  1.62262597e-02,  1.82410346e-03],
       [ 3.37125742e-02,  1.88467100e-02, -6.34413178e-02,  2.89403147e-02, -3.39621071e-02],
       [ 2.40047264e-02,  3.28467154e-02, -2.23800840e-02,  2.24422737e-02, -2.40398772e-02],
       [ 2.31723199e-03, -1.02453031e-02,  1.58403766e-02, -3.99621057e-03, -2.55609538e-03],
       [ 9.00427812e-03, -2.95233079e-02, -1.84016802e-03, -7.14309064e-04, -5.32688880e-03],
       [-3.13456904e-02, -4.32799110e-02,  3.47726344e-02, -1.90761589e-02,  2.77123702e-02],
       [-6.37528568e-03, -2.39202336e-02,  1.33482976e-02,  1.73130321e-02,  1.01367099e-02],
       [-2.27011343e-02, -4.65514988e-04,  3.85354309e-02, -1.73203858e-02,  2.42695556e-02],
       [ 3.82651230e-03,  1.12632828e-02, -2.61624138e-02,  3.17223426e-02, -1.40296732e-02],
       [ 3.47347448e-03, -2.34900164e-02,  2.38592370e-02, -1.90744186e-02,  1.77444289e-02],
       [-2.55284232e-02, -7.50608063e-03,  3.65403240e-02, -3.16999308e-02,  2.12852450e-02],
       [-2.30528741e-02, -1.57325472e-02,  2.87123625e-02, -3.65630560e-02,  3.02559855e-02],
       [ 1.13813255e-02,  3.70484078e-03, -3.47984300e-02,  6.43415494e-03, -2.47454656e-03],
       [-4.70979549e-02, -1.08895400e-02,  2.00011225e-02,  1.07876005e-02,  2.12927229e-02],
       [-2.29180735e-02, -5.78944314e-03,  3.24282998e-02, -2.72294219e-02,  2.44832011e-02],
       [-4.47618084e-03, -3.10080733e-02,  4.94887089e-03, -6.41100017e-03, -2.60974895e-03],
       [ 4.69084972e-02,  2.01518236e-02,  3.17147639e-02, -1.06000999e-01, -8.25940703e-03],
       [ 4.49349361e-02, -7.71708065e-03,  2.55436887e-03, -8.09268645e-02,  6.93584851e-04],
       [-5.63495276e-03, -1.01429074e-03, -6.11788427e-03, -3.48691535e-03, -2.05564907e-03],
       [-1.64156446e-02,  9.10377793e-03,  6.99234716e-03, -8.76682410e-03, -3.14156545e-03],
       [ 1.04231443e-02, -6.74948582e-03, -1.27801953e-02,  8.75887289e-02,  3.73892541e-04],
       [ 1.10223758e-01, -1.13300413e-02, -1.40023946e-03,  2.73917875e-02, -6.49894323e-03],
       [-9.63692768e-03, -1.55604647e-02, -2.12335636e-02,  7.55612607e-02,  6.63619643e-03],
       [ 1.01492055e-01,  9.01520847e-03,  1.67379273e-02, -3.16838709e-02, -1.24394740e-02],
       [-1.32858814e-02, -1.76067161e-02, -1.04410570e-02,  5.07158448e-02,  9.23631523e-03],
       [-1.42312410e-01,  3.33856253e-03, -2.47355471e-02,  6.60937531e-02,  2.11375507e-02],
       [-8.78953711e-02, -1.05077381e-02, -1.84006197e-02,  8.85787164e-02,  1.20520473e-02],
       [ 3.66674419e-02,  7.48571635e-04,  1.59277125e-02, -1.20748179e-02, -3.63430949e-03],
       [ 1.01646439e-01, -1.37284300e-02, -5.39428352e-03,  4.38043454e-02, -9.52961143e-03],
       [-4.60740394e-02, -8.44599169e-03, -2.16221418e-02,  6.94165460e-02,  1.48362330e-02],
       [-3.52902847e-02,  6.76511182e-03, -3.39826209e-04, -7.22140950e-03,  3.08387579e-04],
       [ 2.59676628e-02, -9.60179172e-02,  1.10908581e-02, -2.94100159e-02,  1.11683109e-01],
       [ 2.80294134e-02,  5.49736771e-02, -8.43028740e-02,  1.87006494e-02,  1.73498721e-02],
       [-6.76439133e-05,  1.42354066e-01,  6.08924050e-03,  1.85227804e-02,  2.70937022e-02],
       [-8.57660787e-03,  1.32825516e-01, -5.97571092e-02, -7.50095004e-04, -1.30142491e-01],
       [ 1.08933962e-03,  9.18994926e-02, -1.81570789e-02, -1.10903524e-01, -3.26497807e-02],
       [-3.11803544e-02, -4.58441097e-02, -9.27668488e-02,  1.01270586e-02, -1.03215058e-01],
       [ 8.41728879e-03, -1.57900798e-02,  7.21406079e-02, -1.22401817e-01,  6.23945706e-02],
       [-8.16052355e-02,  7.19599863e-02, -6.22657833e-02,  4.48230120e-02, -8.84953911e-02],
       [-8.03564911e-03, -5.64647181e-02, -7.67317261e-02,  1.39656711e-01, -1.19821185e-01],
       [-4.53467469e-02,  1.02794448e-02, -3.85008811e-02,  9.10919222e-02, -1.56080312e-01],
       [-5.31496911e-02,  3.70574184e-03,  1.40195210e-01, -2.79974925e-02,  9.31692052e-04],
       [ 7.22885158e-02,  3.16309062e-02, -2.61953704e-02, -1.24464284e-01, -8.79293275e-02],
       [-1.58666827e-02, -3.18178744e-02, -6.25240493e-02,  5.58898170e-02, -1.17244014e-01],
       [ 6.47871238e-02,  1.49512813e-01, -1.69061307e-02,  3.84480343e-02,  1.86707210e-02],
       [ 7.72178942e-03,  3.76903971e-02, -7.98007840e-02,  1.24662680e-02,  7.16756235e-03],
       [ 6.65704069e-03,  7.32313842e-02, -2.13745138e-02,  1.17668828e-02,  2.85313799e-02],
       [ 3.96865545e-03,  1.32412371e-01,  4.99701852e-02,  3.79493785e-03, -8.41971239e-02],
       [-1.56806295e-02,  7.20888183e-02, -9.60950553e-03, -8.09807201e-02, -3.25450384e-02],
       [-3.61728822e-02,  2.66751085e-02,  1.16676247e-02,  9.47234490e-03, -8.88598586e-02],
       [ 1.71242393e-02, -7.80283847e-02, -1.23723580e-02, -1.06257994e-01,  5.99525240e-02],
       [-6.02831422e-02,  9.51840402e-02,  2.93511727e-02,  3.75710196e-02, -6.24170748e-02],
       [ 6.44631568e-03,  3.86501516e-02,  6.08091421e-02,  1.03509355e-01, -8.49049536e-02],
       [-9.68476036e-03,  7.87384704e-02,  9.68710510e-02,  6.15017769e-02, -9.22801588e-02],
       [-2.00569501e-02, -1.53265336e-02,  1.06467995e-01, -2.05181416e-02,  1.51793588e-02],
       [ 3.59670614e-02,  5.72334140e-02,  2.34445333e-02, -9.21122730e-02, -7.16962848e-02],
       [-8.92663296e-03,  4.85840881e-02,  5.96947034e-02,  4.77349363e-02, -9.32782501e-02],
       [ 5.03894453e-02,  1.03500882e-01, -2.50462225e-02,  3.37289765e-02,  8.51401054e-03],
       [ 5.24743743e-03,  8.64632962e-03, -7.82480833e-03,  3.56688717e-03,  2.05748192e-03],
       [-2.42238358e-02, -3.85026553e-02,  8.27358177e-02, -1.46463319e-02, -1.20324346e-02],
       [-3.17834155e-02, -6.81476482e-03,  9.15887793e-03, -7.47077310e-03, -6.31313152e-03],
       [-2.04484348e-02, -4.07424073e-02,  6.36750182e-02, -1.50341824e-02, -9.97258158e-03],
       [-2.75754893e-03,  2.27289149e-02, -4.72717445e-02,  3.12895686e-03,  6.05685994e-03],
       [-1.63083763e-02, -2.35718761e-02,  5.28494091e-02, -5.89346973e-03, -6.73570144e-03],
       [ 1.57459123e-02, -4.25717086e-02,  9.04432090e-02, -2.19789566e-02, -3.71048439e-03],
       [-5.09765106e-03, -4.95186903e-02,  1.03365977e-01, -1.32796112e-02, -8.17411726e-03],
       [-1.40293521e-03,  7.21066126e-03,  4.64136110e-03,  4.10683572e-03,  3.61193668e-03],
       [-3.32602735e-02, -2.70713153e-02,  3.89445809e-02, -1.30644803e-02, -9.35980482e-03],
       [-1.05721579e-02, -4.18426974e-02,  7.79540750e-02, -1.29417549e-02, -9.01254090e-03],
       [ 7.81401401e-03,  7.64373230e-03, -2.82206513e-03,  2.95528357e-03, -2.07528304e-04],
       [-1.74153458e-02, -7.36538853e-02,  1.18513815e-02, -2.01851280e-02, -3.26199240e-02],
       [-3.04029757e-02, -6.31219748e-03,  9.23374449e-04, -1.57483874e-02, -7.99423293e-03],
       [-3.96428041e-03, -1.04416962e-01, -5.18059614e-04, -1.51130962e-02, -1.70959375e-02],
       [-1.80901167e-02,  7.17856530e-02,  3.57375448e-03, -1.83555321e-03,  9.51993663e-03],
       [-9.86500559e-03, -5.85266203e-02,  1.63984097e-03, -7.98997713e-03, -1.40144776e-02],
       [ 2.82812238e-02, -1.28375820e-01,  2.24606090e-03, -5.87716008e-03, -1.89295390e-02],
       [ 4.51550245e-03, -1.23548874e-01,  1.17875794e-02, -1.17569070e-02, -2.43015690e-02],
       [-1.47405330e-02,  2.30920752e-02,  1.43602866e-02, -6.44191855e-04,  2.46827941e-03],
       [-2.31368362e-02, -5.66292848e-02,  2.61718306e-03, -2.20657485e-02, -1.43295378e-02],
       [ 5.08283599e-03, -1.03604983e-01,  2.26937563e-03, -1.56993795e-02, -1.10499028e-02],
       [ 9.34637831e-03,  1.87174174e-02, -1.58625960e-03,  3.83155836e-03,  2.46556779e-04],
       [ 4.65850074e-02, -6.79990218e-02,  2.12398668e-02,  9.30292195e-02,  2.30500715e-02],
       [ 4.03547346e-02, -4.48643753e-02,  2.08730898e-02,  1.34122180e-02,  9.35971543e-02],
       [ 4.57458555e-02,  8.23823806e-02, -1.53025810e-02,  9.36671860e-02, -6.62798337e-02],
       [ 3.90188165e-02, -9.83399116e-02, -1.23668365e-04, -1.82749165e-02,  6.32380591e-02],
       [-5.36817027e-02, -6.65662211e-02, -2.72012356e-02, -1.02239914e-01,  1.18004645e-01],
       [-1.46712702e-02, -1.07919370e-01, -6.31980332e-02, -3.92511968e-02,  1.15351961e-01],
       [ 4.36452597e-02,  1.97652382e-02, -1.22743818e-01,  2.16118679e-02, -1.55765800e-02],
       [ 9.13114528e-03, -6.59037531e-02,  6.84647262e-04,  1.11024513e-01,  6.82026880e-02],
       [-9.64559704e-03, -7.22682368e-02, -2.18368150e-02, -2.55702629e-02,  1.06685871e-01],
       [-7.99612962e-02, -1.09288165e-01,  2.77681523e-02, -3.87828186e-02, -1.08302609e-02],
       [ 4.02380212e-02, -5.63499834e-02,  1.79117528e-02,  8.32283444e-02,  2.91847754e-02],
       [ 9.57767236e-02,  4.19060991e-02, -1.17168036e-02, -1.64007141e-02, -2.74547185e-02],
       [-2.09001034e-02, -4.48457403e-02,  1.36161249e-02,  4.92449175e-02,  2.11401223e-02],
       [-9.11900256e-02, -4.95114414e-02,  1.24881132e-02,  4.55890890e-02,  5.50212522e-02],
       [-1.99806917e-02, -7.85291588e-02,  3.83300160e-03,  7.92803683e-02,  5.45636259e-02],
       [ 4.64932745e-02,  9.31650280e-03, -1.75172091e-02, -5.95038740e-03, -4.08459959e-03],
       [ 1.38901182e-01, -5.20936901e-02,  1.43984366e-02,  7.36960067e-02,  8.45525356e-03],
       [-1.37733758e-02, -5.78881582e-02,  1.22762901e-02,  7.26826895e-02,  3.70593996e-02],
       [-6.36994025e-02, -1.62888432e-02,  3.68729944e-03, -1.59267073e-02, -3.07252203e-03],
       [-5.92590131e-03, -2.10912836e-02, -4.68967610e-02,  8.60030798e-02, -5.35327218e-02],
       [ 6.89451915e-02, -1.84392226e-02,  2.75154453e-02, -2.41868895e-02,  6.31051360e-02],
       [-9.22352311e-03,  8.53788458e-02,  3.16504783e-02, -8.41236229e-02,  8.66870814e-02],
       [ 4.33084552e-02,  5.12020238e-02, -3.03012265e-03, -4.99645424e-02,  1.12579375e-01],
       [ 4.00454123e-02, -1.03905659e-02, -1.06631442e-01,  1.98426318e-02, -9.23680988e-03],
       [ 5.29377815e-03,  3.99776731e-03,  1.58311457e-02,  9.95812587e-02,  7.03213541e-02],
       [ 2.05717623e-02,  6.07381006e-02,  2.29740638e-02, -2.59562175e-02,  8.10696129e-02],
       [-4.24617417e-02, -9.67963453e-02,  2.39446209e-02, -2.91304367e-02, -1.22932182e-03],
       [-3.50399788e-02,  3.19538566e-02, -1.87339712e-02,  6.34612829e-02, -3.18462769e-02],
       [-1.09363008e-01, -3.11365324e-04, -3.07013216e-02,  1.30008182e-01, -4.23909464e-02],
       [-5.16048856e-02,  2.09042343e-02, -8.12777174e-03,  1.19151828e-01, -5.37968532e-02],
       [ 1.34832187e-02, -1.82477066e-03,  8.31884336e-02, -2.70336884e-02,  3.26341933e-03],
       [ 1.66956508e-01,  1.40345537e-02, -7.17361028e-03,  1.21221794e-03, -5.30044919e-02],
       [-2.85755484e-02, -5.25809184e-03, -2.54958313e-02,  1.02943040e-01, -5.07025640e-02],
       [ 6.84181650e-03,  7.69483467e-02, -9.69822472e-03,  5.21784142e-03,  8.21227776e-03],
       [ 8.64091778e-02, -2.74907419e-02, -2.65355575e-04, -9.85462575e-02,  6.79374044e-02],
       [ 7.58196517e-02, -5.62593949e-02, -2.26568289e-02, -5.52358197e-02,  6.58555475e-02],
       [ 2.46347577e-03,  9.19506901e-03, -8.45807971e-02,  1.97748204e-02, -1.02289982e-02],
       [-3.35396549e-04, -5.25947996e-02,  6.85691821e-03,  5.98806452e-02,  5.76668762e-02],
       [ 5.48822557e-02, -3.09949203e-02,  1.88153281e-03, -4.10441238e-02,  5.72454451e-02],
       [-3.53836571e-02, -7.09786011e-02,  1.70650620e-02, -1.84836645e-02, -6.16147892e-03],
       [ 5.52715804e-02,  4.13035470e-02, -5.97833010e-02, -1.54059137e-01,  9.80849633e-02],
       [ 2.55594495e-03, -2.34873600e-03, -1.39813900e-01,  2.39938951e-02, -6.61487593e-03],
       [-1.97562551e-01,  2.58645273e-02, -1.13420426e-02,  3.57555249e-02,  1.01736050e-01],
       [ 1.71210950e-02,  6.40074050e-02, -1.18489806e-02, -1.15602582e-01,  8.42751723e-02],
       [-3.65150129e-03, -1.35311573e-01,  2.58856884e-02, -2.70732470e-02, -8.47506444e-03],
       [ 5.41439071e-03,  2.06611197e-04, -1.42092612e-01,  3.32389952e-02, -2.11006755e-02],
       [-1.09249335e-01, -2.19462500e-02, -2.86722852e-02,  8.41254040e-02,  9.69515953e-02],
       [ 2.45710660e-02,  2.64715103e-02, -5.22793312e-02, -7.95178416e-02,  9.94006066e-02],
       [-4.23921104e-02, -1.38708138e-01,  3.03468143e-02, -3.38885050e-02, -9.04488914e-03],
       [ 7.67831890e-02, -1.36182977e-03, -5.75067152e-02, -4.13410615e-03, -1.28718192e-02],
       [ 2.17001665e-02, -6.34893733e-03, -1.19244514e-01,  2.53898366e-02, -1.23310231e-02],
       [-5.76973969e-03,  2.32117286e-02, -1.38129797e-03,  3.83163345e-03,  3.98141963e-03],
       [-7.19068180e-02,  1.56783254e-04, -5.76220673e-03,  7.63283857e-02,  7.89712919e-02],
       [-8.93888209e-02, -6.21517458e-02,  1.15934302e-02, -2.76304920e-02, -5.30884539e-03],
       [-3.84082366e-02, -1.15209270e-01,  2.40867364e-02, -2.92359335e-02, -7.42533272e-03]])})
2026-01-20 11:02:08,270 - final_problem_set.kxor_instance_n29_k2_m235_ell2_eps0.2_kappa1.0_rho0.4 - INFO - Running key extraction (n=29, m=235, ell=2, phase_qubits=13)
2026-01-20 11:02:08,278 - final_problem_set.kxor_instance_n29_k2_m235_ell2_eps0.2_kappa1.0_rho0.4 - INFO - Built voting matrix V (n=29, ell=2, dtype=complex128) in 0.007s
2026-01-20 11:02:08,279 - final_problem_set.kxor_instance_n29_k2_m235_ell2_eps0.2_kappa1.0_rho0.4 - INFO - Eval: adv=0.4128, hamming=3/29 (0.103), corr=0.793
2026-01-20 11:02:08,279 - final_problem_set.kxor_instance_n29_k2_m235_ell2_eps0.2_kappa1.0_rho0.4 - INFO - Key extraction complete: x_hat=14
2026-01-20 11:02:08,279 - final_problem_set.kxor_instance_n29_k2_m235_ell2_eps0.2_kappa1.0_rho0.4 - INFO - Finished step 'KeyExtractionStep' in 0.009s (success: True, problem=kxor_instance_n29_k2_m235_ell2_eps0.2_kappa1.0_rho0.4)
2026-01-20 11:02:08,279 - final_problem_set.kxor_instance_n29_k2_m235_ell2_eps0.2_kappa1.0_rho0.4 - INFO - SUCCESS: len(z_hat)=29
2026-01-20 11:02:08,279 - final_problem_set.kxor_instance_n29_k2_m235_ell2_eps0.2_kappa1.0_rho0.4 - INFO - Metrics: adv=0.4127659574468085, ham_frac=0.10344827586206896, corr=0.7931034482758621
2026-01-20 11:02:08,279 - final_problem_set.kxor_instance_n29_k2_m235_ell2_eps0.2_kappa1.0_rho0.4 - INFO - z_hat (full): [ 1, -1,  1, -1, -1,  1,  1,  1,  1, -1,  1, -1,  1,  1, -1, -1, -1, -1,  1,  1,  1, -1,  1,  1,  1, -1,  1,  1, -1]
