2026-01-20 11:01:42,995 - final_problem_set.kxor_instance_n25_k2_m247_ell2_eps0.25_kappa0.875_rho0.2 - INFO - Starting iteration for /Users/julian/CodingProjects/UniT3/QuarticSpeedupK-XOR/z_Daphne/data/final_problem_set/kxor_instance_n25_k2_m247_ell2_eps0.25_kappa0.875_rho0.2.npz
2026-01-20 11:01:42,996 - final_problem_set.kxor_instance_n25_k2_m247_ell2_eps0.25_kappa0.875_rho0.2 - INFO - Loaded instance (n=25, m=247, k=2)
2026-01-20 11:01:42,996 - final_problem_set.kxor_instance_n25_k2_m247_ell2_eps0.25_kappa0.875_rho0.2 - INFO - Starting step 'ComputeKikuchiStep' (version 0.1) on problem kxor_instance_n25_k2_m247_ell2_eps0.25_kappa0.875_rho0.2 (fields={'ell': 2, 'threshold': 0.0})
2026-01-20 11:01:43,037 - final_problem_set.kxor_instance_n25_k2_m247_ell2_eps0.25_kappa0.875_rho0.2 - INFO - Finished step 'ComputeKikuchiStep' in 0.041s (success: True, problem=kxor_instance_n25_k2_m247_ell2_eps0.25_kappa0.875_rho0.2)
2026-01-20 11:01:43,037 - final_problem_set.kxor_instance_n25_k2_m247_ell2_eps0.25_kappa0.875_rho0.2 - INFO - Starting step 'ClassicalEigenvaluesStep' (version 0.1) on problem kxor_instance_n25_k2_m247_ell2_eps0.25_kappa0.875_rho0.2 (fields={'ell': 2, 'threshold': 0.0, 'kikuchi_matrix': <Dictionary Of Keys sparse matrix of dtype 'int64'
	with 7590 stored elements and shape (300, 300)>, 'num_eigenvalues': 5})
2026-01-20 11:01:43,241 - final_problem_set.kxor_instance_n25_k2_m247_ell2_eps0.25_kappa0.875_rho0.2 - INFO - Finished step 'ClassicalEigenvaluesStep' in 0.204s (success: True, problem=kxor_instance_n25_k2_m247_ell2_eps0.25_kappa0.875_rho0.2)
2026-01-20 11:01:43,241 - final_problem_set.kxor_instance_n25_k2_m247_ell2_eps0.25_kappa0.875_rho0.2 - INFO - Starting step 'KeyExtractionStep' (version 0.1) on problem kxor_instance_n25_k2_m247_ell2_eps0.25_kappa0.875_rho0.2 (fields={'ell': 2, 'threshold': 0.0, 'kikuchi_matrix': <Dictionary Of Keys sparse matrix of dtype 'int64'
	with 7590 stored elements and shape (300, 300)>, 'num_eigenvalues': 5, 'eigenvalues': array([-11.90504616, -11.22958593,  10.80398287,  11.24984   ,  12.35105288]), 'eigenvectors': array([[ 9.31291701e-02,  2.64143510e-02,  3.52716618e-02,  5.40234427e-02, -3.46322835e-02],
       [ 7.76417133e-02, -3.05549854e-02,  9.18246175e-02, -1.06710600e-02, -4.51888773e-02],
       [-8.80026384e-02, -1.42638049e-01, -9.16223341e-02,  1.50548610e-01,  5.07445740e-02],
       [-1.06045597e-01, -4.77245425e-02,  4.32364845e-02, -9.50425308e-02, -3.59448542e-02],
       [-4.28850073e-02, -2.39984969e-02, -4.94449876e-02, -6.82319198e-02, -3.89202783e-03],
       [ 7.22550507e-02,  1.77776176e-03, -3.40694990e-02,  4.97432922e-02,  5.83446629e-02],
       [-9.72367809e-02,  3.70124729e-02,  1.28678519e-02,  1.70925295e-02,  2.26159300e-04],
       [-1.46146008e-02, -1.21527011e-01, -5.87720131e-02,  6.20189489e-02,  4.52841753e-02],
       [ 9.86103039e-02,  6.16379970e-02, -2.36530268e-02,  3.54633878e-02,  1.72687831e-02],
       [ 5.28228904e-02, -8.36910744e-02,  7.12963672e-02, -3.57612799e-02, -6.51617329e-02],
       [-6.71497947e-02, -1.34982233e-02,  8.16858095e-02, -5.46335140e-02, -8.59234285e-02],
       [ 3.29751996e-02, -5.18941305e-02,  2.02744923e-02, -6.31000447e-03, -5.89258063e-02],
       [-8.44366270e-02, -3.58783672e-02,  5.83619987e-02,  2.54642342e-02, -1.02308056e-02],
       [-4.71999760e-02, -1.06482757e-01,  9.35131652e-03, -2.04319829e-02,  5.07509094e-02],
       [ 6.20931700e-03, -8.17812792e-02, -3.28540786e-02,  1.40324117e-01,  5.99773923e-02],
       [-8.43958149e-02,  8.40742029e-03,  9.62026927e-02, -6.00471097e-02, -4.60633540e-02],
       [ 3.94577369e-03,  6.72034650e-02,  8.29523702e-02, -1.68561686e-01, -5.82267268e-02],
       [-1.10349263e-01,  1.21965886e-03,  6.72772987e-02, -6.79501634e-02, -2.19406592e-02],
       [ 4.34221772e-02,  7.62741099e-02, -4.46046830e-02,  2.83074997e-02,  5.10396897e-02],
       [-1.07230584e-01,  4.90009682e-02, -8.59540457e-02,  1.87691975e-01,  8.53425819e-02],
       [-8.33389875e-02, -9.54997096e-02,  1.86953666e-02, -8.73823225e-02, -4.48369360e-02],
       [ 8.40961137e-02, -1.03023856e-01,  1.15496505e-02, -3.40735223e-02,  2.82000535e-02],
       [-3.90763135e-02,  8.08695102e-02, -8.06626039e-02,  1.27792233e-01,  5.08050216e-02],
       [-8.10344281e-03, -4.06251248e-02, -1.57271717e-02, -1.18317126e-01, -1.78678679e-02],
       [ 8.05368785e-02, -4.55159911e-02,  2.92687449e-02,  4.43786856e-02, -9.79488216e-03],
       [-9.48589377e-02, -9.97561943e-02, -5.29600432e-02, -1.15555943e-01,  6.32172461e-02],
       [-1.37799269e-01, -2.46395591e-02,  7.49985329e-03,  6.76685127e-02, -3.41194676e-02],
       [-4.64344861e-02, -2.20141301e-02, -7.53090082e-03,  1.68161263e-02, -1.04325529e-02],
       [ 4.67062232e-02, -3.63043647e-03, -2.27606266e-02, -6.44650335e-02,  1.01007409e-02],
       [-6.35542247e-02,  4.09950340e-02, -4.08560567e-03, -7.05073642e-03,  1.45098176e-03],
       [-3.21605712e-02, -1.04260793e-01, -7.00428395e-04, -6.12832596e-02,  1.69196755e-02],
       [ 1.39903384e-01,  3.71807940e-02, -1.56774478e-02, -2.49669703e-02,  5.36655602e-03],
       [ 2.18857104e-02, -7.78929555e-02,  1.54426705e-02,  6.67993146e-02, -1.10500482e-02],
       [-5.29316483e-02,  5.14955411e-03,  3.43273670e-02,  9.20490551e-02, -1.72338814e-02],
       [ 4.86862473e-02, -5.85509779e-02,  3.10989052e-03,  5.00306988e-02, -8.00380951e-03],
       [-6.64956499e-02, -1.76096138e-02,  1.68216818e-03,  7.30655026e-03, -1.91422142e-03],
       [-7.20294493e-02, -9.98865193e-02, -6.23649162e-03, -2.69461838e-02, -4.57507727e-03],
       [-2.32929072e-02, -7.58246767e-02, -5.46723677e-03, -9.68613275e-02,  2.88228263e-02],
       [-7.90660005e-02,  1.96296904e-02,  2.09642805e-02,  7.53760925e-02, -1.89233214e-02],
       [ 9.31572860e-03,  5.04416700e-02,  1.77354795e-02,  1.06730666e-01, -5.51081323e-02],
       [-1.23243129e-01,  1.89130200e-02,  3.18045860e-02,  5.92555440e-02, -2.56804249e-02],
       [ 3.55932649e-02,  5.16665804e-02, -2.13903833e-02, -5.84015449e-02,  1.58564685e-02],
       [-6.74436176e-02,  4.57437121e-02, -1.62303280e-02, -1.50530892e-01,  6.38208653e-02],
       [-1.21766095e-01, -8.24641096e-02,  1.37585295e-02,  7.41716060e-02, -3.27253737e-02],
       [ 6.40092416e-02, -9.61138232e-02,  9.17202378e-04, -2.14765203e-02, -3.90415337e-03],
       [-4.35958109e-02,  8.27262438e-02, -3.00503368e-02, -1.19089386e-01,  3.39851419e-02],
       [ 2.38052602e-03, -3.67306718e-02, -1.11424691e-02,  4.73364693e-02, -2.60423329e-02],
       [-7.89728004e-02, -6.04229451e-02, -1.34146041e-01, -4.42027280e-02,  7.68081495e-02],
       [-8.09240769e-02,  3.47226628e-02,  4.60601572e-02,  6.51435842e-03, -5.22739850e-02],
       [-3.86638027e-02,  8.06127408e-03, -2.55456335e-02, -1.64738396e-02, -1.70847087e-02],
       [ 5.80442059e-02, -3.87505978e-02, -6.01231908e-02, -4.27992123e-02,  4.86161898e-02],
       [-7.40973171e-02,  9.36130469e-02,  6.46947554e-03, -7.93228285e-03, -2.64166676e-03],
       [-2.84023942e-02, -8.18185743e-02, -3.32657514e-02, -7.71627796e-03,  4.59347298e-02],
       [ 7.90325969e-02, -1.41672717e-02, -2.88815183e-02,  5.18939363e-03,  1.69375604e-02],
       [ 3.36244449e-02, -9.86914527e-02,  7.05445755e-02,  3.98476449e-02, -4.24740119e-02],
       [-4.17958264e-02,  2.38548590e-02,  1.10015932e-01,  6.30414193e-02, -6.58675473e-02],
       [ 2.70834495e-02, -6.41548530e-02,  2.11815588e-02,  4.18969468e-02, -4.25644072e-02],
       [-7.40129351e-02,  2.61424345e-02,  4.41853625e-02,  2.54506106e-02, -1.19019396e-03],
       [-5.12246554e-02, -6.17472470e-02, -5.97398126e-03, -4.49283014e-02,  2.68375502e-02],
       [-2.48093404e-03, -6.13335361e-02, -3.76289528e-02,  1.21234459e-03,  8.18699671e-02],
       [-5.70892398e-02,  4.73802761e-02,  1.07129458e-01,  3.93523826e-02, -4.61462389e-02],
       [ 1.26786002e-02,  3.56050616e-02,  9.77375973e-02,  1.25706504e-02, -8.89227727e-02],
       [-7.37934861e-02,  6.14888319e-02,  8.10301916e-02,  1.75428999e-02, -3.68089014e-02],
       [ 3.58226088e-02,  3.24023830e-02, -5.25311762e-02, -4.17496819e-02,  3.86499574e-02],
       [-6.27085184e-02,  8.54078406e-02, -1.12955433e-01, -3.87355918e-02,  1.29849801e-01],
       [-8.19719000e-02, -2.75320521e-02,  3.78392450e-02,  1.60354174e-02, -6.56785151e-02],
       [ 4.39878252e-02, -1.09815490e-01, -8.62079887e-05, -4.34869407e-02,  1.43576239e-02],
       [-8.31606145e-03,  6.47115470e-02, -1.30119781e-01, -3.18568391e-02,  9.29259084e-02],
       [-9.24752338e-03, -2.23089632e-02, -9.74347903e-03, -2.47301231e-02, -4.50909686e-02],
       [ 7.85861540e-02,  1.26601331e-01,  8.96077697e-03,  8.33181055e-02,  8.16874558e-02],
       [ 2.59455546e-02,  1.12861192e-02,  1.39897687e-01,  8.03719912e-02,  6.82555158e-03],
       [-6.26721512e-02, -2.33203921e-02, -1.09258018e-02,  9.44712543e-03, -9.73291503e-02],
       [ 1.19801345e-01,  5.33547010e-02, -4.81841831e-02,  1.22426518e-02,  9.87693804e-03],
       [-1.49747475e-02,  7.19460763e-02,  4.52432247e-02, -4.66791216e-02, -1.07940048e-01],
       [-5.80010825e-02, -1.17636774e-01,  3.18610399e-02, -5.21058444e-02, -3.83798462e-02],
       [-6.21696524e-02,  3.71287229e-02, -5.75707835e-02, -3.28482107e-02,  1.20870128e-01],
       [ 5.59548934e-02,  5.79444819e-02, -2.94770670e-02, -3.87040157e-02,  1.39737589e-01],
       [-3.10301853e-02, -1.68496297e-02,  4.61185434e-02, -6.30520359e-02,  1.01303606e-01],
       [ 6.78480859e-02,  8.37923723e-02, -1.14057521e-01, -6.73245135e-02,  1.92369587e-02],
       [ 1.98509030e-02,  8.21932537e-02, -7.44443395e-02,  8.98713515e-02, -8.54121442e-02],
       [-2.78933519e-02,  2.90567524e-02, -7.07110714e-02, -1.48296460e-01, -1.48235556e-01],
       [ 7.96138300e-02,  6.01363374e-02, -1.41464211e-01,  1.21478266e-02,  9.74808674e-02],
       [-1.81987769e-04, -9.30097936e-02, -6.69806873e-03,  1.38000498e-01,  1.26869376e-01],
       [ 9.74319658e-02,  8.14676299e-02, -9.62911588e-02,  5.54248236e-02,  5.20682797e-02],
       [-2.61109216e-02, -6.27656996e-02,  9.03580205e-03,  4.13962826e-02, -8.80824126e-02],
       [ 1.24462954e-01,  5.03481069e-02, -2.02182040e-02, -1.24713580e-01, -1.71804190e-01],
       [ 4.53420297e-02,  1.32586283e-01,  6.77309005e-02,  7.08031539e-02,  9.51152987e-02],
       [-7.80995557e-02,  2.72529380e-02, -6.68589839e-02,  1.10813774e-01, -3.59137485e-02],
       [ 3.07966655e-02, -2.67075264e-02,  4.33561671e-02, -9.75886796e-02, -1.23587974e-01],
       [ 1.19835683e-02,  3.51390941e-02,  1.12473542e-01,  1.41341056e-01,  5.32395637e-02],
       [ 4.84133132e-02,  1.45672113e-02, -7.44538215e-02, -3.96823302e-02, -6.84785111e-03],
       [-7.95993362e-02,  1.30999877e-02,  3.97327309e-02,  2.86885573e-03,  7.43799083e-02],
       [ 1.42847335e-01, -5.10391721e-02,  2.75872016e-02,  3.14961974e-03,  9.07129355e-03],
       [ 1.43543921e-02,  1.39269852e-01, -1.13529613e-02,  1.20752908e-02,  3.70644255e-02],
       [-1.05913500e-01, -5.94902521e-02, -1.25735649e-02,  4.01573308e-02,  3.02610730e-02],
       [-7.31651969e-02,  1.07480327e-01, -6.31141016e-03,  1.80406101e-02, -6.60659817e-02],
       [ 8.45824476e-02,  1.06656171e-02, -3.31531053e-02,  1.44121203e-02, -8.95093869e-02],
       [-3.52238958e-02,  6.14072058e-02, -4.10979229e-02,  4.15733300e-02, -3.62423204e-02],
       [ 1.06214660e-01,  3.36139477e-02,  4.94709872e-02,  3.32112997e-02, -1.08111776e-02],
       [ 5.77337142e-02,  1.23808835e-01,  6.62887642e-02, -5.72673233e-02,  4.20835587e-02],
       [-2.45177548e-02,  8.30659730e-02,  4.12731230e-02,  4.80956787e-02,  4.75131165e-02],
       [ 1.17277581e-01, -1.63556585e-02,  5.01388898e-02, -2.40337269e-02, -6.94635539e-02],
       [-3.61915555e-03, -8.10690159e-02, -1.69623605e-02, -6.10925682e-02, -5.32000362e-02],
       [ 1.26869896e-01, -1.42993072e-02,  4.33100465e-02, -5.42804515e-02, -4.67512779e-02],
       [-5.52245880e-02, -8.36275196e-02,  2.20164666e-02, -1.36805301e-02,  5.62644324e-02],
       [ 1.33423864e-01, -6.18567380e-02,  3.97335479e-02,  5.71751251e-02,  7.57700525e-02],
       [ 8.95082975e-02,  1.01091725e-01, -5.51722991e-02, -3.85538925e-02, -4.55180353e-02],
       [-9.55987244e-02,  1.25169099e-01,  5.71815522e-02, -5.92624771e-02,  2.04292207e-02],
       [ 3.65476353e-02, -9.41866620e-02,  5.47835028e-03,  6.43623225e-02,  7.83384744e-02],
       [ 2.70762665e-02,  5.21083328e-02, -5.31771494e-02, -5.01931037e-02, -1.27262322e-02],
       [-1.67112931e-02, -6.52328473e-03,  7.87079550e-02,  3.27745971e-02,  1.32494822e-02],
       [ 2.67282456e-02,  1.94071196e-02,  9.27641819e-03, -6.84949968e-04,  9.89515101e-04],
       [ 2.67841719e-03,  2.57372741e-02,  4.24519137e-02,  2.30470790e-02,  1.38985138e-02],
       [-4.43433992e-02, -1.36286912e-02,  1.78808064e-02,  2.12568337e-02,  4.58817102e-03],
       [-1.09883969e-02,  5.44373332e-03, -6.64091351e-02, -2.77734241e-02, -1.48020304e-02],
       [ 3.10208471e-02,  3.24241166e-03, -1.25528590e-01, -4.23885590e-02, -2.01129824e-02],
       [-2.49721837e-02,  1.54524612e-02, -7.52688217e-02,  2.22823512e-03, -1.36344470e-02],
       [ 2.24221506e-02,  1.88402801e-02,  6.81762137e-03,  5.23368509e-03, -4.90852868e-03],
       [ 1.56342763e-02,  1.41934304e-02,  4.77181744e-02, -4.22324691e-03,  1.23918013e-02],
       [ 1.05134059e-03,  9.19991313e-03,  8.88752475e-02,  4.85143419e-02,  9.44092980e-03],
       [ 4.12723344e-02,  3.87921511e-03, -5.85044015e-02, -4.64547030e-02, -1.58905667e-02],
       [-1.06950954e-02, -2.16380921e-02, -1.21352629e-01, -7.22667282e-02, -9.50149688e-03],
       [ 2.89104815e-02,  1.37413747e-02, -4.24965785e-02, -5.02823030e-02, -8.83160275e-03],
       [-1.87611751e-02, -1.37331556e-02,  6.72935339e-02,  1.99079470e-02,  1.47820513e-02],
       [ 3.71284664e-02,  8.90780597e-03,  1.69852042e-01,  8.61413396e-02,  1.66621597e-02],
       [ 4.28511129e-02,  2.27511177e-02, -9.50082901e-02, -4.19510419e-02, -8.47568766e-03],
       [-2.00043286e-02,  1.25141687e-02,  4.60610800e-02, -1.46369214e-02,  6.71857868e-03],
       [ 1.04366895e-02, -2.07954292e-02,  1.17860966e-01,  7.48603192e-02,  1.22520772e-02],
       [ 3.31630949e-03,  1.89608150e-02, -4.80598862e-02, -3.08523834e-02, -7.96808855e-04],
       [-3.36773650e-02,  1.40276766e-02, -1.80406541e-02,  4.65695466e-03,  4.04999807e-04],
       [-2.32082254e-02, -4.71835994e-02, -6.14947301e-03,  2.29643972e-02, -5.85409708e-02],
       [ 1.02628360e-01, -3.64329244e-04,  1.38792039e-02, -1.82234849e-02, -2.14275850e-02],
       [ 7.79351099e-03, -3.29160789e-02, -6.92730682e-04, -4.51046768e-02,  5.67489614e-02],
       [-4.88275193e-02,  1.49035230e-02,  1.90926954e-02, -6.09069271e-02,  7.58189072e-02],
       [ 3.93798220e-02, -4.05895265e-02,  4.97387787e-02, -6.21244874e-02,  4.80066135e-02],
       [-3.79408214e-02, -6.36686888e-03, -5.05207735e-02, -3.87401831e-02,  1.36964891e-02],
       [-4.14554481e-02, -3.01721234e-02, -4.57553019e-02,  5.60545631e-02, -2.59140467e-02],
       [-1.37427426e-02, -2.95977134e-02, -7.78500481e-02, -7.84222035e-03, -8.80811174e-02],
       [-7.07927750e-02,  2.67453289e-02, -4.59845749e-02, -2.82243787e-02,  5.84131399e-02],
       [ 1.58351238e-02,  2.71924414e-02,  5.05757314e-02,  1.40355844e-02,  1.15602369e-01],
       [-7.22276743e-02,  2.25255999e-02, -4.26591969e-02, -3.11838731e-03,  4.86258657e-02],
       [ 2.95788282e-02,  1.84452929e-02, -1.23992962e-02,  5.70068762e-02, -5.80418458e-02],
       [-3.94500970e-02,  2.30286417e-02, -6.85217902e-02,  2.76390936e-02, -1.15771428e-01],
       [-8.63667277e-02, -1.98971274e-02,  6.48299638e-02, -9.89207592e-03,  7.11041281e-02],
       [ 3.55498719e-02, -4.98804512e-02, -4.31582362e-02,  6.73469188e-02, -9.91764405e-03],
       [-2.83111274e-02,  4.94409426e-02, -1.60692844e-02,  1.24143756e-02, -9.32929974e-02],
       [-6.26942559e-03, -2.49440555e-02,  7.66355724e-02,  3.51188345e-02,  4.13293862e-02],
       [ 4.85574049e-02,  7.85338731e-02, -2.00751824e-02, -6.85309149e-03, -1.32067755e-02],
       [-1.48200345e-01,  3.61293517e-02, -2.09003677e-03, -8.35072842e-04,  8.91134344e-04],
       [ 3.19513790e-03,  5.79418241e-02,  1.14860847e-02, -1.10976061e-02,  8.95071123e-03],
       [ 6.15187282e-02, -4.43534922e-02,  3.52777345e-02, -1.09090210e-02,  6.77652694e-03],
       [-5.69370842e-02,  8.50846510e-02,  2.93810529e-02, -4.47759550e-03,  1.26679032e-02],
       [ 6.17830409e-02, -1.25926247e-02, -8.57090019e-03, -5.49530286e-03,  1.48939612e-03],
       [ 7.64655356e-02,  5.43295365e-02, -1.47928100e-02,  7.10515789e-03, -6.11631469e-03],
       [ 3.37228763e-02,  6.06147041e-02, -4.33615764e-02, -1.21844459e-02, -1.86776892e-02],
       [ 8.36192933e-02, -5.98449010e-02,  1.03619636e-02, -4.90058934e-03,  1.65695877e-03],
       [-2.89612502e-02, -2.08197151e-02,  4.68098934e-02,  4.73557352e-03,  1.30238134e-02],
       [ 9.13254356e-02, -5.83667191e-02,  2.16156682e-02,  1.51741517e-04, -3.27941984e-03],
       [-4.49959906e-02, -1.99607174e-02, -2.33538670e-02,  1.58483122e-04,  1.42717311e-03],
       [ 4.38514355e-02, -6.76602290e-02, -6.99831739e-02, -7.31176516e-03, -2.48793654e-02],
       [ 1.48778112e-01,  1.46205795e-02,  4.93484770e-02,  9.60261213e-03,  1.13706191e-02],
       [-3.38588291e-02,  8.49055036e-02, -8.74570619e-03,  7.28805821e-03, -4.47677179e-03],
       [ 2.78475265e-02, -8.54292695e-02, -3.66670466e-02, -3.02214912e-03, -7.16709128e-03],
       [-2.67850594e-03,  3.73469192e-02,  1.98287384e-02,  5.56729175e-03,  9.39960078e-03],
       [ 8.55185805e-03, -1.14699813e-01,  1.56396669e-02, -2.02072585e-02, -2.44769191e-02],
       [-2.88984326e-02, -1.38761700e-02, -1.54289896e-03, -2.99436312e-02,  5.15774615e-02],
       [ 1.84328728e-02,  6.99211836e-02, -7.12371946e-03, -5.38808004e-02,  9.26862991e-02],
       [-1.83652547e-03, -4.68156451e-02,  1.47891768e-02, -4.66901092e-02,  2.31843943e-02],
       [ 1.05558417e-02,  7.26979219e-02, -2.36036578e-02, -1.91714825e-02,  9.46994950e-03],
       [-8.04842176e-03,  4.87352021e-02, -4.12893808e-02,  6.27207366e-02, -2.77045185e-02],
       [-2.65399903e-02,  1.14958064e-02,  1.06807787e-03,  1.35856609e-03, -3.37625250e-02],
       [ 2.75043736e-02,  8.27989112e-02, -5.24520308e-02, -1.22419579e-04,  6.57168165e-02],
       [ 8.71778494e-03, -4.27124494e-02, -2.29646483e-02,  1.78549327e-02,  6.45381966e-02],
       [ 3.38482150e-02,  1.10053011e-01, -4.61456914e-02,  2.38538851e-02,  4.43890725e-02],
       [-7.46404326e-04, -4.28759938e-02, -4.08225885e-04,  2.03721969e-02, -4.18912223e-02],
       [ 5.79560578e-02,  8.02409168e-02,  2.24045681e-02,  6.77513013e-03, -7.18519416e-02],
       [-1.17745725e-02,  1.04364854e-01, -8.33568490e-04, -1.20740593e-03,  3.21451064e-02],
       [-3.55172428e-02, -3.38141561e-02, -3.74392629e-02,  5.03355018e-02, -1.47736904e-02],
       [ 1.39749186e-02,  1.39729868e-02,  3.31324392e-02, -1.02585290e-02, -7.88343760e-02],
       [ 7.45950429e-03,  6.42506402e-03,  2.19817114e-02,  2.18874995e-02,  1.15225833e-02],
       [ 7.97739729e-02, -9.29569872e-02, -2.37694286e-02,  1.32926345e-02,  2.75594717e-02],
       [-7.92607435e-02, -2.29449015e-02, -2.78124605e-02,  2.10740575e-02,  4.12340265e-02],
       [ 2.67134495e-02, -3.71849218e-02, -2.86139780e-03,  6.49954533e-03,  2.62571458e-02],
       [-9.02073773e-02, -3.36894884e-02, -2.21926734e-02, -8.57951780e-03,  4.72846155e-03],
       [-4.41909731e-02, -1.14825963e-01, -3.70124873e-03,  8.97281492e-03, -1.83889275e-02],
       [ 3.23169144e-02, -6.95209448e-02,  1.64021316e-02, -4.34126760e-02, -3.21121453e-02],
       [-1.07667982e-01, -2.07940889e-03, -3.83179841e-02,  2.26625303e-02,  2.47697811e-02],
       [ 3.27677764e-03,  8.39413541e-02, -2.72298027e-02,  6.16476881e-02,  4.48174810e-02],
       [-1.21188368e-01, -4.14847822e-03, -3.69506767e-02,  2.73705563e-02,  2.21769690e-02],
       [ 3.97539771e-02,  6.93363162e-02,  1.65045106e-02, -3.04525785e-03, -3.11466915e-02],
       [-1.64776959e-01,  4.54299700e-02,  1.88946686e-02, -7.32645089e-02, -7.09665631e-02],
       [-6.98303740e-02, -1.06908020e-01, -1.02228407e-03,  3.42767236e-02,  3.52910218e-02],
       [ 8.83238153e-02, -1.01535221e-01, -1.25709620e-02,  1.54979088e-02, -1.25452432e-02],
       [-2.16275374e-02,  7.59679600e-02,  3.14985335e-02, -3.97098477e-02, -3.23407709e-02],
       [-1.83932163e-02, -3.87628562e-02,  7.51637232e-03,  4.02313331e-02,  1.80118201e-02],
       [-2.55217565e-02,  6.04003256e-02,  2.09594595e-02,  8.18172471e-02, -7.96203545e-02],
       [ 2.99378580e-02, -6.12978613e-02, -3.91073550e-02,  7.39652225e-02, -4.67977020e-02],
       [-2.46590118e-02,  4.79388517e-02,  5.04915773e-02,  3.21186686e-02, -1.83810570e-04],
       [-4.19827163e-02,  1.30146419e-02,  4.49141157e-02, -6.35627586e-02,  2.54682831e-02],
       [-2.81801393e-02, -1.30384088e-02,  4.81808764e-02, -2.13709463e-02,  8.83962996e-02],
       [-3.09457962e-02,  7.05557505e-02,  7.45089366e-02,  3.92146464e-02, -6.23521267e-02],
       [ 1.87004685e-02, -1.42601763e-02,  3.89374208e-03,  2.90669671e-02, -9.67249001e-02],
       [-3.91034440e-02,  9.28888514e-02,  7.37460479e-02,  1.36031379e-02, -5.82191671e-02],
       [ 2.35108244e-02, -2.62517546e-02, -9.73551187e-03, -6.82195891e-02,  6.32013758e-02],
       [-3.83953990e-03,  7.56663426e-02,  1.33082813e-02, -6.59250448e-02,  1.33796898e-01],
       [-8.20678666e-02,  6.07845347e-02, -3.83451243e-02,  3.45089993e-02, -8.23293966e-02],
       [ 1.89754130e-03, -4.72605621e-02,  3.98624844e-02, -6.22141681e-02,  1.03985414e-02],
       [-8.45541916e-03,  4.40571931e-02, -3.77231667e-02, -3.98703622e-02,  1.03043097e-01],
       [ 4.62749767e-03, -1.23819897e-02, -6.30444014e-02, -1.70029192e-02, -4.51459820e-02],
       [-2.49562673e-02,  3.22572014e-02, -5.53572090e-02,  8.65038562e-02, -5.80132867e-02],
       [ 5.63791822e-02,  4.99482938e-03,  8.75709704e-02,  6.02335697e-02, -1.27140139e-02],
       [ 3.71058844e-02,  5.51198907e-02,  7.12534199e-02, -8.52354878e-02,  3.47109044e-02],
       [ 5.39665175e-03,  4.89312334e-02,  9.79972067e-02, -1.22788757e-02,  1.22241246e-01],
       [ 5.21623743e-02, -1.80339963e-02,  1.13849125e-01,  6.73437383e-02, -9.89561718e-02],
       [-4.62640392e-03, -3.69574358e-02, -3.36366637e-02,  2.21518883e-02, -1.28653410e-01],
       [ 7.91385888e-02, -2.31934101e-02,  8.61755699e-02,  1.95174902e-02, -7.37648300e-02],
       [-2.62880161e-02, -3.53402273e-02,  2.01404857e-03, -9.60524635e-02,  8.52417783e-02],
       [ 5.46054903e-02, -4.28093365e-02,  6.04396149e-02, -7.32166310e-02,  1.60870721e-01],
       [ 6.91146638e-02,  5.04136069e-02, -7.58921886e-02,  3.18320785e-02, -9.65042808e-02],
       [-4.76258620e-02,  7.73327330e-02,  6.39495942e-02, -8.65031077e-02,  6.50665292e-03],
       [ 1.69311212e-02, -4.89626839e-02, -1.27703837e-02, -4.40619676e-02,  1.21608589e-01],
       [-1.58432406e-03,  2.14738027e-02, -1.26567332e-01, -3.17247155e-02, -6.67501826e-02],
       [-3.89790882e-02,  3.62553295e-02,  2.46026548e-02,  2.67780724e-02, -1.04843671e-02],
       [-2.25534444e-02, -2.36971634e-02,  5.09663425e-02, -5.49048833e-02,  1.18072649e-02],
       [ 9.66965293e-03, -2.83970797e-02,  6.51205313e-02, -6.12031698e-02,  3.91278078e-02],
       [-3.70577643e-02,  5.92871528e-02,  1.20085273e-02,  5.94522788e-02, -6.64058613e-02],
       [-1.43803146e-03,  1.34725510e-02, -6.56235877e-02,  7.05033453e-02, -6.81920765e-02],
       [-6.03757892e-02,  8.52902604e-02,  1.80857152e-02,  3.02754056e-02, -5.36918213e-02],
       [ 1.71789765e-02,  1.08407910e-02,  3.30449655e-02, -6.65729132e-02,  4.23125343e-02],
       [-5.87651387e-02,  1.05561774e-01,  7.96671166e-02, -1.10854844e-01,  6.92209328e-02],
       [-2.57622265e-02,  2.20050910e-02, -4.49249274e-02,  4.90820660e-02, -3.25485515e-02],
       [ 3.45875141e-02, -7.26838592e-02,  4.49074481e-02, -4.34194721e-02,  2.08394845e-03],
       [-9.26448225e-03,  3.62562045e-02,  4.50960463e-02, -7.06703864e-02,  8.68858318e-02],
       [-6.47798017e-03, -4.56841483e-03, -8.03510449e-02,  2.30300459e-02, -2.12601318e-02],
       [ 4.52418140e-02,  7.30186386e-02, -1.48524754e-02, -2.09037726e-02,  5.15922217e-03],
       [ 6.36770999e-03,  5.50990245e-02, -3.93359302e-02, -3.39285899e-02,  2.30486883e-02],
       [ 9.04492127e-02, -7.15830038e-03,  5.49365026e-02,  3.84033233e-02, -1.87154669e-03],
       [-6.68802090e-03, -3.77820664e-02,  8.33310036e-02,  6.22570405e-02, -1.23310216e-02],
       [ 9.79173753e-02,  1.94041753e-03,  5.44284453e-02,  3.10855490e-02, -7.88984476e-03],
       [-3.16186103e-02, -4.64618955e-02, -4.62371097e-02, -3.30671293e-02,  9.32605188e-03],
       [ 8.07210052e-02, -2.66857495e-02, -1.02187489e-01, -7.41523192e-02,  2.71761664e-02],
       [ 8.28549695e-02,  5.72253177e-02,  4.05299590e-02,  3.44879088e-02, -2.10143469e-02],
       [-5.61585614e-02,  6.34002200e-02, -1.64174884e-02, -1.47158253e-02,  2.61394344e-03],
       [ 3.15666660e-02, -5.82188056e-02, -8.92513633e-02, -5.68890434e-02,  1.71954058e-02],
       [ 5.94355604e-03,  2.70175089e-02,  1.99044484e-02,  1.64435807e-02, -1.26955931e-02],
       [-1.98618168e-02,  2.72245961e-02, -9.37235109e-02,  7.84902281e-02, -4.38274993e-02],
       [ 5.73226851e-02,  6.37942709e-02,  1.51247612e-02, -6.66876645e-02,  4.55606214e-02],
       [ 8.64022844e-05, -6.04635986e-02,  9.78901639e-02, -9.22869283e-02,  6.45800883e-02],
       [ 6.91311568e-02,  8.68436157e-02,  7.27849542e-03, -4.25582302e-02,  3.94227248e-02],
       [-1.80001189e-02, -5.24708502e-02, -3.71385969e-02,  6.01385480e-02, -2.77212747e-02],
       [ 8.04005337e-02,  5.67185020e-02, -1.31171996e-01,  1.33080540e-01, -7.42400025e-02],
       [ 2.85206390e-02,  1.08553793e-01,  6.49127363e-02, -6.24100170e-02,  3.59147639e-02],
       [-5.62412407e-02,  3.72785179e-03, -3.93108458e-02,  3.59342742e-02,  3.20810843e-03],
       [ 2.26785573e-02, -1.40987565e-02, -7.41731694e-02,  9.07584670e-02, -6.34570005e-02],
       [ 7.38274161e-03,  2.32964449e-02,  7.61901947e-02, -3.55436816e-02,  2.77106148e-02],
       [ 5.87022099e-03,  5.51598480e-02, -2.14788485e-02,  4.18354254e-02,  1.00194048e-01],
       [ 1.11810253e-02, -3.45654449e-02,  6.69309599e-02,  8.18034367e-02,  7.90131023e-02],
       [ 8.25360101e-04,  7.16897304e-02, -2.05520248e-02,  7.40416183e-02,  6.60184043e-02],
       [ 3.90362101e-03, -3.13476564e-02, -5.56346948e-02,  1.36615909e-02, -7.54057340e-02],
       [ 3.35785593e-02,  5.87551035e-02, -1.13855536e-01, -7.18616466e-02, -1.01618319e-01],
       [-3.25999395e-02,  5.93920483e-02,  7.20217840e-02,  3.56842759e-02,  4.54350674e-02],
       [-1.63688734e-02, -1.87394701e-02, -9.77098835e-02,  7.48323871e-02, -2.69805156e-02],
       [-2.32643505e-03,  1.06126666e-02, -5.97856129e-02, -7.62772230e-02, -9.48603136e-02],
       [ 9.35833255e-03,  9.17933337e-03,  7.47189928e-02,  5.65488532e-02,  1.14814908e-02],
       [-1.57789584e-02, -3.86790354e-02,  9.76576777e-02, -4.11381492e-02, -1.09564298e-01],
       [ 1.01170238e-01, -4.35555676e-02,  1.11881636e-01, -7.07663054e-03, -4.62248745e-02],
       [-4.36746070e-02, -3.70924816e-02, -6.19364640e-02, -5.13752138e-02,  6.84641019e-02],
       [ 7.10741607e-02, -6.02736677e-02, -1.04029059e-01,  9.32078788e-03,  1.30922646e-01],
       [ 8.92685138e-02,  3.13439491e-02,  2.82972807e-02, -9.02855531e-03, -9.03305818e-02],
       [-4.73958685e-02,  8.32367438e-02,  7.15721483e-03, -7.74570828e-02,  2.45277858e-02],
       [ 1.74544631e-02, -6.35623750e-02, -1.11956526e-01,  5.60255290e-03,  8.81901280e-02],
       [-3.55443802e-03,  3.36524803e-02, -2.53709586e-02, -6.73866430e-02, -5.01912230e-02],
       [-2.68536503e-02, -5.38574743e-02,  7.32399038e-02, -7.98414142e-02, -6.56302098e-02],
       [ 1.89966868e-04,  4.81153300e-02,  2.29833130e-02, -2.39892948e-02,  9.00555688e-02],
       [-2.97752413e-02, -1.79214305e-02,  5.90426099e-02,  9.84930766e-02,  1.25325822e-01],
       [ 6.47368424e-03, -7.35893171e-02, -6.90557482e-02, -5.05323949e-02, -6.35752984e-02],
       [ 2.71095757e-02, -1.27097204e-02,  9.33154349e-02, -9.23806371e-02,  3.63054168e-02],
       [-1.04705671e-02,  8.60478969e-03, -6.54634569e-04,  9.64901335e-02,  1.07056015e-01],
       [-3.14598351e-03, -4.23154389e-03, -9.38393591e-02, -8.94576647e-02, -2.11406265e-02],
       [-6.65263214e-02, -4.72474195e-02, -3.53725374e-02, -1.09165385e-02,  3.73626084e-02],
       [ 9.43709817e-02, -6.84941412e-02, -8.20437619e-02,  6.48043509e-02,  7.81726219e-02],
       [ 1.26232663e-01,  5.22500448e-02,  1.28432056e-02, -3.98715984e-02, -4.60620977e-02],
       [-5.46044506e-02,  1.06859916e-01,  7.80398091e-03, -5.13482256e-02,  1.83885350e-02],
       [ 1.82148681e-02, -8.69368715e-02, -8.31471492e-02,  4.59891568e-02,  5.24954500e-02],
       [ 1.11089505e-02,  4.41588544e-02, -2.38260051e-02, -7.66771354e-02, -2.43914578e-02],
       [-5.55693738e-02, -2.61301013e-02, -4.21265353e-02,  6.23377012e-02, -1.11992104e-01],
       [-4.38477314e-02, -1.05998894e-01,  3.82696696e-02, -2.01631445e-02,  4.87282971e-02],
       [ 4.15161124e-02, -2.11501876e-02, -3.53787072e-02,  5.62195266e-02, -9.95252819e-03],
       [-1.88763371e-02,  2.00241020e-02,  5.77785379e-03,  4.02210200e-02, -9.02251511e-02],
       [-2.82751468e-03, -1.62262513e-02,  6.94984573e-02,  2.19475313e-02,  3.39287741e-02],
       [ 1.37481424e-01, -1.61792506e-03,  9.90366928e-02,  3.56298869e-02,  7.56758731e-02],
       [-3.51343310e-02,  9.86524837e-02, -1.02866331e-01,  1.38946476e-01, -2.21612603e-02],
       [ 2.81319979e-02, -9.80575351e-02, -2.79380631e-02, -7.51008550e-02, -1.39311813e-01],
       [-3.46055478e-03,  4.30257252e-02,  1.36092789e-01,  1.01598831e-01,  2.61671406e-02],
       [-9.52719338e-02,  7.19142589e-02,  6.89858962e-02, -6.23030036e-02,  1.65999610e-02],
       [ 3.46644140e-02, -5.78667041e-02,  5.94886400e-02,  4.67508889e-02,  8.52294345e-02],
       [ 1.42899355e-02,  3.87295012e-02, -9.07812609e-02, -5.48774697e-02, -1.16901960e-02],
       [-5.01266727e-03,  5.11924131e-02, -6.67755210e-02,  1.00000098e-01, -2.53968113e-02],
       [-1.34150426e-03, -1.67209403e-02,  6.67845550e-02, -3.95144227e-02,  1.56431716e-02],
       [ 2.88015091e-03, -1.71457427e-04,  9.66058471e-02,  1.03439354e-01,  3.93552260e-02]])})
2026-01-20 11:01:43,244 - final_problem_set.kxor_instance_n25_k2_m247_ell2_eps0.25_kappa0.875_rho0.2 - INFO - Running key extraction (n=25, m=247, ell=2, phase_qubits=13)
2026-01-20 11:01:43,248 - final_problem_set.kxor_instance_n25_k2_m247_ell2_eps0.25_kappa0.875_rho0.2 - INFO - Built voting matrix V (n=25, ell=2, dtype=complex128) in 0.005s
2026-01-20 11:01:43,249 - final_problem_set.kxor_instance_n25_k2_m247_ell2_eps0.25_kappa0.875_rho0.2 - INFO - Eval: adv=0.2551, hamming=7/25 (0.280), corr=0.440
2026-01-20 11:01:43,249 - final_problem_set.kxor_instance_n25_k2_m247_ell2_eps0.25_kappa0.875_rho0.2 - INFO - Key extraction complete: x_hat=20
2026-01-20 11:01:43,249 - final_problem_set.kxor_instance_n25_k2_m247_ell2_eps0.25_kappa0.875_rho0.2 - INFO - Finished step 'KeyExtractionStep' in 0.006s (success: True, problem=kxor_instance_n25_k2_m247_ell2_eps0.25_kappa0.875_rho0.2)
2026-01-20 11:01:43,249 - final_problem_set.kxor_instance_n25_k2_m247_ell2_eps0.25_kappa0.875_rho0.2 - INFO - SUCCESS: len(z_hat)=25
2026-01-20 11:01:43,249 - final_problem_set.kxor_instance_n25_k2_m247_ell2_eps0.25_kappa0.875_rho0.2 - INFO - Metrics: adv=0.2550607287449393, ham_frac=0.28, corr=0.44
2026-01-20 11:01:43,249 - final_problem_set.kxor_instance_n25_k2_m247_ell2_eps0.25_kappa0.875_rho0.2 - INFO - z_hat (full): [ 1,  1,  1, -1,  1,  1, -1, -1, -1, -1,  1,  1,  1,  1, -1, -1,  1,  1,  1, -1, -1,  1, -1, -1,  1]
