2026-01-20 11:02:14,769 - final_problem_set.kxor_instance_n30_k2_m245_ell2_eps0.2_kappa1.0_rho0.0 - INFO - Starting iteration for /Users/julian/CodingProjects/UniT3/QuarticSpeedupK-XOR/z_Daphne/data/final_problem_set/kxor_instance_n30_k2_m245_ell2_eps0.2_kappa1.0_rho0.0.npz
2026-01-20 11:02:14,770 - final_problem_set.kxor_instance_n30_k2_m245_ell2_eps0.2_kappa1.0_rho0.0 - INFO - Loaded instance (n=30, m=245, k=2)
2026-01-20 11:02:14,770 - final_problem_set.kxor_instance_n30_k2_m245_ell2_eps0.2_kappa1.0_rho0.0 - INFO - Starting step 'ComputeKikuchiStep' (version 0.1) on problem kxor_instance_n30_k2_m245_ell2_eps0.2_kappa1.0_rho0.0 (fields={'ell': 2, 'threshold': 0.0})
2026-01-20 11:02:14,840 - final_problem_set.kxor_instance_n30_k2_m245_ell2_eps0.2_kappa1.0_rho0.0 - INFO - Finished step 'ComputeKikuchiStep' in 0.070s (success: True, problem=kxor_instance_n30_k2_m245_ell2_eps0.2_kappa1.0_rho0.0)
2026-01-20 11:02:14,840 - final_problem_set.kxor_instance_n30_k2_m245_ell2_eps0.2_kappa1.0_rho0.0 - INFO - Starting step 'ClassicalEigenvaluesStep' (version 0.1) on problem kxor_instance_n30_k2_m245_ell2_eps0.2_kappa1.0_rho0.0 (fields={'ell': 2, 'threshold': 0.0, 'kikuchi_matrix': <Dictionary Of Keys sparse matrix of dtype 'int64'
	with 10472 stored elements and shape (435, 435)>, 'num_eigenvalues': 5})
2026-01-20 11:02:15,132 - final_problem_set.kxor_instance_n30_k2_m245_ell2_eps0.2_kappa1.0_rho0.0 - INFO - Finished step 'ClassicalEigenvaluesStep' in 0.292s (success: True, problem=kxor_instance_n30_k2_m245_ell2_eps0.2_kappa1.0_rho0.0)
2026-01-20 11:02:15,132 - final_problem_set.kxor_instance_n30_k2_m245_ell2_eps0.2_kappa1.0_rho0.0 - INFO - Starting step 'KeyExtractionStep' (version 0.1) on problem kxor_instance_n30_k2_m245_ell2_eps0.2_kappa1.0_rho0.0 (fields={'ell': 2, 'threshold': 0.0, 'kikuchi_matrix': <Dictionary Of Keys sparse matrix of dtype 'int64'
	with 10472 stored elements and shape (435, 435)>, 'num_eigenvalues': 5, 'eigenvalues': array([-11.60360431,  11.57563883,  11.90124839,  12.30033761,  14.10824258]), 'eigenvectors': array([[-3.57622001e-02,  9.47620086e-03,  5.92087719e-03, -1.21542279e-02, -1.08536526e-02],
       [ 2.15889241e-02,  1.68068115e-02,  4.06010581e-02,  1.21921574e-02,  1.15290482e-02],
       [ 2.08300937e-02, -1.11365358e-02,  1.23181293e-02,  3.41355793e-02, -3.81530745e-02],
       [ 2.37412775e-02, -3.41412039e-03, -1.57241659e-02, -2.46457389e-02, -9.59437338e-04],
       [-4.52660968e-03, -4.38132267e-03,  3.54384202e-02,  1.52111994e-02, -8.85975036e-03],
       [-4.80555137e-02,  5.67719659e-03,  2.34854467e-02, -2.77267099e-02,  1.15971790e-02],
       [ 1.65069877e-03, -2.28463725e-04,  1.29702680e-02, -4.20087269e-02,  2.15310413e-02],
       [ 2.45317670e-02, -2.49106919e-02,  2.52863175e-02,  2.45665621e-02, -5.81190466e-03],
       [ 5.16970362e-02,  5.28089115e-03,  1.12133888e-02, -3.73258733e-02,  2.85327194e-02],
       [ 1.97387514e-02, -2.28157030e-02,  1.47269198e-02, -2.16041616e-02,  3.37645992e-02],
       [ 3.81720635e-02, -1.84753427e-02, -1.16308606e-02, -8.61615600e-03, -9.63967164e-03],
       [-3.09464934e-02, -2.43352466e-02, -4.36047286e-03, -4.45277371e-03,  6.05360501e-03],
       [-5.33379998e-03, -6.38961515e-03,  6.70713213e-03, -1.92767431e-02,  6.76877379e-03],
       [-5.49593615e-02, -1.37034987e-02,  5.72449758e-03,  2.70169989e-02, -2.83731564e-02],
       [ 1.06856341e-02, -2.42597512e-02,  3.54941356e-03, -4.08354341e-03,  5.70412336e-03],
       [ 2.87403391e-02, -2.14553962e-03,  1.04314850e-02,  6.66902558e-03,  2.02901118e-03],
       [-2.16941413e-02,  4.00702764e-03, -9.03000429e-03,  4.25156523e-02, -3.10832139e-02],
       [ 5.30696292e-02, -1.25527243e-02,  8.25528291e-03, -4.25600086e-02,  1.89342659e-02],
       [ 3.07451840e-02,  1.29727646e-02, -1.60038130e-02, -1.38489784e-04, -2.42295743e-02],
       [-7.42382494e-03,  2.64992686e-02, -6.24904238e-03,  3.24914459e-02, -2.05749575e-03],
       [ 6.19185523e-02,  1.73739016e-02,  1.70643906e-03,  3.42157757e-02, -3.56860747e-02],
       [ 5.20980583e-03, -9.81925806e-03,  2.95826491e-02, -2.67227709e-02,  6.56394276e-03],
       [-3.89110065e-02,  1.67883889e-02, -1.30759520e-02, -1.57929019e-02,  6.54936145e-03],
       [-2.80271563e-02,  3.81945065e-03, -5.44279239e-03,  2.53245303e-02, -3.36322238e-02],
       [ 7.98541333e-03, -1.49987342e-03, -6.80574561e-04,  9.62120096e-03, -3.19280113e-02],
       [-5.15197268e-03,  2.64170531e-03, -1.36319955e-02,  4.97234865e-02, -2.73011358e-02],
       [-4.67082973e-02, -3.88211762e-02,  3.90310475e-03, -2.55828688e-02,  2.62601439e-02],
       [-5.74319380e-02,  1.65052095e-02,  2.03426941e-02, -4.69420053e-02,  1.93927165e-02],
       [-3.25447448e-02, -1.10097770e-02,  1.01583185e-02,  2.44308051e-02, -1.22013816e-02],
       [-2.34827699e-02,  3.74717469e-03,  1.87757749e-02,  3.53704879e-02,  8.96469138e-03],
       [ 2.32806097e-02,  2.96149329e-02,  5.42773862e-02, -8.52101233e-02, -2.38799653e-02],
       [-1.00396248e-02, -6.15371095e-03, -1.13256399e-02, -1.04270370e-02,  5.41842174e-03],
       [ 2.64899893e-02,  5.88343774e-03,  3.58294697e-02, -1.58343788e-02, -2.25254154e-03],
       [ 9.61851707e-03, -1.24695223e-03,  6.37714874e-03,  2.80757620e-02,  2.24421132e-02],
       [-7.49799088e-02, -1.98409149e-02, -1.45307077e-02,  5.32064754e-02,  3.32873088e-02],
       [-3.71610350e-02, -6.28994884e-03,  2.07764415e-02, -2.64893176e-03, -9.52263548e-03],
       [ 1.75131937e-03, -1.79202988e-02, -2.49875469e-02,  6.53992596e-02,  2.81299415e-02],
       [ 2.10647912e-02, -3.23038255e-02, -3.46525372e-02,  8.21953024e-02,  1.93369820e-02],
       [-4.16757561e-02, -1.59275446e-03,  1.16836113e-02, -4.23857930e-02, -9.87814724e-03],
       [ 1.21895605e-02, -2.16732284e-02, -1.35261381e-02,  1.41472043e-02,  1.96291393e-04],
       [-2.23545366e-02, -9.39921718e-03,  4.41874211e-03,  4.94807529e-04,  5.26842104e-03],
       [-1.21788118e-02,  1.37011685e-02,  5.03770549e-02, -7.57499387e-02, -2.54631761e-02],
       [-5.91875860e-02, -1.59338148e-02, -8.79205299e-04,  3.48818169e-03, -2.29304891e-03],
       [ 6.46910410e-03, -2.85207994e-03,  7.36757276e-03,  8.37108159e-03, -2.08606821e-03],
       [-1.64063684e-02,  2.67375933e-02,  3.43442571e-02, -7.13358358e-02, -2.99769288e-02],
       [ 4.84802707e-03, -2.63866427e-02, -7.16425344e-03,  2.52820818e-02,  1.95562817e-02],
       [-5.52589906e-03,  2.19637277e-02,  2.80640102e-02, -6.14140317e-02, -1.11834619e-02],
       [-1.36723570e-02,  2.60307261e-02, -2.37361269e-03,  8.14681968e-03, -9.88442929e-03],
       [-3.34272777e-02,  3.33147780e-02,  3.79221581e-02, -7.63335449e-02, -1.62742759e-02],
       [ 4.09939517e-02, -1.54529029e-02,  2.97387875e-02, -7.09781053e-03,  1.07644219e-02],
       [ 1.83291215e-02, -2.38863031e-03, -2.17201035e-02,  1.45798670e-02,  9.48575011e-03],
       [-2.44356277e-02,  2.70010784e-02,  3.77491707e-02, -8.39444606e-02, -2.15767326e-02],
       [ 3.39688186e-02,  1.99572361e-02,  3.13294306e-02, -6.37084390e-02, -9.90990968e-03],
       [ 5.93833814e-02,  3.17174879e-02,  3.64622036e-02, -8.42276712e-02, -3.89364260e-02],
       [ 1.74178214e-02, -2.99510120e-02, -2.86039367e-02,  5.38303063e-02,  1.14734921e-02],
       [ 2.47071558e-02, -3.85998435e-03,  2.68673089e-03,  3.01683441e-02,  3.04039240e-02],
       [-1.00103767e-02,  4.56792278e-03,  2.34595902e-02, -2.74908769e-02, -1.43639880e-02],
       [-7.36263497e-04,  8.63660289e-02,  1.07313836e-01,  8.51681798e-02,  4.18100464e-02],
       [ 3.01928606e-02, -8.37332947e-03, -4.87393563e-03,  1.15889725e-02, -5.42092526e-03],
       [-2.75855728e-02,  2.47856917e-02, -1.05180915e-02,  1.55588039e-02,  7.53167751e-03],
       [-4.39863109e-02, -3.69360456e-02, -7.32292270e-02, -3.50262637e-02, -1.84082547e-02],
       [ 6.30627957e-02, -6.55619047e-02, -1.27621318e-01, -6.17489977e-02, -3.75362216e-02],
       [ 6.23561640e-02,  5.39211710e-02,  4.26728153e-03,  1.27702189e-03,  9.15206701e-03],
       [ 4.22266710e-02, -6.98428622e-02, -1.21543175e-01, -7.32608098e-02, -3.71460657e-02],
       [ 8.90985186e-04, -3.68735139e-02, -1.27904617e-01, -9.22676572e-02, -3.74621691e-02],
       [ 5.64468647e-02,  4.27234465e-02,  4.20987564e-02,  3.37722438e-02,  1.11040725e-02],
       [-3.53616583e-02,  1.93735796e-02, -1.55745381e-02, -1.37556738e-02, -5.42813972e-03],
       [ 1.52139250e-02,  9.53119808e-04, -2.39400418e-02, -4.16123444e-03, -9.14794718e-03],
       [-3.34896521e-02,  7.57564237e-02,  8.83026792e-02,  7.28186573e-02,  3.29734215e-02],
       [ 5.60113679e-02,  2.55208470e-02, -2.13880255e-02, -9.07334351e-03, -5.33792293e-03],
       [ 2.81025144e-02,  9.49281139e-03, -6.53649795e-04, -5.99801359e-03, -4.09576971e-04],
       [-6.64565125e-03,  6.35037076e-02,  1.27151572e-01,  7.96428242e-02,  4.14321107e-02],
       [ 4.58830544e-02, -2.19012523e-02, -8.74521763e-02, -3.01340433e-02, -2.92271836e-02],
       [ 2.40221388e-02,  2.97549311e-02,  8.77624718e-02,  6.23311288e-02,  2.49268123e-02],
       [ 7.69537966e-03, -2.15737178e-02,  4.53337105e-02, -6.66517085e-03,  1.25497260e-02],
       [ 9.75350462e-02,  4.77240849e-02,  1.18748234e-01,  8.60529918e-02,  4.26114015e-02],
       [-2.70667159e-02,  6.03947956e-03, -5.35221600e-02,  3.65764860e-03, -1.01672188e-02],
       [-5.02423241e-02, -4.24401430e-02, -1.43562370e-02, -1.18521672e-02, -9.00183597e-03],
       [-8.38323287e-03,  5.93696608e-02,  1.16766010e-01,  8.24995078e-02,  3.12321810e-02],
       [-3.27513284e-02,  4.90065113e-02,  8.53672101e-02,  6.83384177e-02,  2.64031604e-02],
       [-5.49256153e-02,  8.26697516e-02,  1.63117382e-01,  9.04151945e-02,  5.00777642e-02],
       [-6.96274781e-02,  9.64901704e-03, -1.03492164e-01, -6.67831161e-02, -3.63038978e-02],
       [-5.95224064e-02, -6.01420330e-02, -9.34341655e-02, -4.42680743e-02, -2.63083492e-02],
       [-1.59390874e-02,  5.59237684e-02,  4.25549563e-02,  3.13646317e-02,  1.89264124e-02],
       [-4.07246719e-03, -3.28942863e-03, -5.64329429e-02, -8.45863413e-02,  9.56406749e-03],
       [-1.14796012e-02, -1.58381225e-03,  1.18021308e-01,  1.47125438e-02, -6.95097997e-03],
       [ 1.65384899e-02,  8.76841314e-02,  2.68728281e-02, -2.73923418e-02,  8.53300526e-02],
       [ 3.63184395e-02,  7.58819987e-02, -2.88148587e-02, -4.02919105e-02,  1.23721670e-01],
       [ 7.36336987e-03, -8.48740198e-02,  7.24873920e-02,  6.55224607e-02, -1.52175433e-02],
       [-2.36957056e-02,  6.52570040e-02, -4.78611723e-02,  5.98575137e-03,  1.10829242e-01],
       [-1.88391293e-02, -4.06128803e-02, -7.27255285e-02,  9.01523590e-02,  1.21477541e-01],
       [ 9.85475980e-03, -7.78893765e-02, -1.10142767e-02, -7.40308161e-02, -3.20141487e-02],
       [ 6.87711709e-03, -8.94851288e-02, -4.29580437e-02,  1.69276560e-02,  1.77051106e-02],
       [ 1.42312423e-02, -1.84609409e-02,  1.85265336e-02, -4.40716671e-02,  1.92440612e-02],
       [ 2.79527674e-02, -5.94016308e-02,  8.70298211e-02, -3.57681421e-02, -8.22115516e-02],
       [ 2.16482604e-02, -9.41483164e-02, -5.59053340e-03,  6.79279089e-04,  1.06529285e-02],
       [-1.10445631e-02, -1.56838710e-02,  4.88513559e-02,  3.11702719e-02, -9.41644873e-03],
       [ 1.54787303e-02, -2.86085008e-02,  6.61836461e-02, -6.27880567e-03, -1.14374045e-01],
       [-2.42460596e-02, -1.18674576e-02, -1.51013150e-02, -6.57398956e-02,  7.47787287e-02],
       [-1.49219534e-02,  3.32375896e-02,  3.02900856e-02, -1.04457766e-01, -7.05590532e-02],
       [ 9.06266951e-03,  7.72509884e-02, -1.41568737e-03,  9.79082581e-02, -3.31462299e-02],
       [ 4.90032387e-03,  2.34954893e-02,  9.60980189e-02, -3.77097638e-02, -1.03445690e-01],
       [-2.34543883e-02, -9.39387328e-03,  9.33676275e-02, -7.99676395e-02,  3.95749102e-02],
       [ 1.58851918e-03,  4.93341297e-02, -4.73794312e-02, -2.38917580e-02,  1.58330497e-02],
       [ 1.88111501e-02, -2.55694849e-02,  8.05856181e-02, -6.62383333e-02, -1.09367671e-01],
       [-2.76544335e-02, -9.97249980e-03,  7.01513966e-02, -8.57863127e-02, -7.74284792e-02],
       [-2.83617471e-02, -6.43788484e-02,  7.54345644e-02,  8.45499582e-03, -1.52468607e-01],
       [ 9.02160196e-03, -1.18612945e-01, -8.95771147e-02,  3.75133480e-02,  9.55112978e-02],
       [ 1.32224642e-02,  1.22626793e-01,  2.30266688e-02, -7.53037438e-02,  9.68571854e-02],
       [ 1.54123250e-02, -6.27536373e-02,  6.10922670e-02,  2.41656146e-02, -4.44754520e-02],
       [-1.64136900e-02, -9.18283609e-04, -1.94663697e-02, -2.16623879e-02,  3.98227471e-03],
       [-3.29635202e-02,  5.12681852e-03,  2.12796115e-02,  4.39444227e-02, -1.42067355e-03],
       [ 4.89789333e-02,  6.36236095e-03,  4.77616991e-02,  8.01323594e-02, -3.07928487e-03],
       [ 2.29849280e-02,  4.26543157e-03, -1.91588901e-02, -2.15781252e-02,  2.33669032e-04],
       [ 2.80431443e-02,  8.75718350e-03,  4.90407074e-02,  7.59976417e-02, -7.61314413e-03],
       [-3.08370047e-03,  2.88029249e-02,  4.69138351e-02,  6.57223586e-02, -1.98947138e-02],
       [ 5.93089558e-02,  3.32226565e-03, -1.07552233e-02, -1.94473366e-02,  1.29378922e-03],
       [-2.57125675e-02,  1.10836984e-02,  9.74508276e-03,  1.02230830e-02, -4.64120120e-03],
       [ 9.41859306e-03, -1.76628429e-03,  6.64597343e-03,  1.79899902e-02,  1.13594632e-03],
       [-2.03209971e-02, -2.45276628e-03, -4.43214642e-02, -6.92462379e-02,  5.49233180e-03],
       [ 5.05446324e-02,  9.87793582e-03,  4.43237618e-03,  6.51985877e-03, -4.21694031e-03],
       [ 5.46125006e-03, -3.59899607e-03, -6.40956306e-03, -2.84178926e-04,  6.14213904e-04],
       [-2.67409837e-03, -1.19355358e-02, -5.27427359e-02, -8.46320729e-02,  6.97312834e-03],
       [ 2.23350905e-02,  2.38053674e-03,  3.47844207e-02,  5.52688882e-02,  8.57679669e-04],
       [ 1.87102068e-02, -1.17446953e-02, -2.84068811e-02, -4.33553524e-02,  8.01113052e-03],
       [ 5.01660931e-04, -4.44298162e-03, -1.45888538e-02, -2.18377452e-02, -4.66027147e-03],
       [ 4.05408233e-02, -5.83679451e-03, -4.93306645e-02, -8.27284567e-02,  3.68580538e-03],
       [-2.78469632e-02, -2.42210324e-03,  7.09224590e-03,  2.22086113e-02,  5.85460103e-04],
       [-4.16024287e-02, -2.03416654e-03,  1.68430565e-02,  2.19140255e-02,  1.89090905e-04],
       [ 2.82534509e-03, -1.14472435e-02, -5.03419549e-02, -7.47519768e-02,  1.24006493e-02],
       [-1.50288607e-02, -7.39145133e-03, -4.20245258e-02, -4.75868007e-02,  1.65192861e-02],
       [-5.55045755e-02, -1.08854167e-02, -6.63074489e-02, -9.80084581e-02, -7.63393308e-03],
       [-4.92475866e-02,  2.07408830e-02,  4.38053421e-02,  5.79418160e-02, -9.02309741e-03],
       [-5.50735335e-02, -3.19971429e-03,  3.36983616e-02,  6.56006139e-02,  4.56286035e-04],
       [-5.47764483e-03, -2.02503872e-03, -2.62021964e-02, -4.00467798e-02, -1.16981775e-03],
       [ 4.17737369e-02,  2.64310234e-02, -5.67326146e-02, -2.31468254e-02,  1.81360613e-02],
       [-2.34088075e-02,  2.28907766e-02, -1.12700116e-01, -3.28121427e-02,  2.23873214e-02],
       [-2.06054911e-02, -8.47084513e-03,  2.69683860e-02,  1.84509302e-02, -3.34435520e-03],
       [-4.85380301e-02,  1.79364194e-02, -1.16801500e-01, -2.17293428e-02,  2.31565913e-02],
       [-8.99042647e-03, -1.48180522e-03, -1.28435141e-01, -3.11119049e-03,  1.82730006e-02],
       [-6.33769115e-02, -2.00257592e-02,  3.72323491e-02, -1.66915229e-02, -7.80747178e-03],
       [ 2.92661524e-02, -1.31378377e-02, -2.26859762e-02, -1.33077619e-03,  1.09200473e-03],
       [ 2.86176755e-03, -3.43492862e-03, -1.07124023e-02, -1.49856418e-02,  2.56734323e-03],
       [ 4.53717282e-02, -5.64481725e-03,  9.80471092e-02,  1.05131909e-02, -1.03883633e-02],
       [-2.34357318e-02, -1.79785254e-02, -1.66128590e-02, -3.04842877e-03, -1.38161960e-03],
       [-1.96838215e-02, -1.27311832e-03,  1.26538385e-02,  7.60919797e-03, -3.99061038e-03],
       [ 1.37313660e-02, -5.46396938e-03,  1.27903575e-01,  2.25556599e-02, -2.26848119e-02],
       [-4.34771248e-02,  1.68055451e-03, -7.41890741e-02, -3.24306811e-02,  1.47891021e-02],
       [-2.52602086e-02,  1.26340821e-02,  8.68870544e-02, -2.33508205e-02, -1.67722548e-02],
       [ 5.94315664e-03,  1.10497776e-02,  2.92816379e-02,  2.79196219e-02, -1.03464971e-02],
       [-4.41994281e-02, -6.14775882e-03,  1.22798338e-01,  1.90405952e-02, -8.29098378e-03],
       [ 1.20460224e-02,  1.77310895e-03, -1.18117715e-02, -2.75023993e-02,  8.87965306e-03],
       [ 4.43330451e-02,  2.19548680e-03, -2.99173395e-02, -1.04158009e-02,  4.47956169e-03],
       [ 1.41790351e-02, -1.15209934e-02,  1.20921625e-01,  1.57583265e-02, -1.04553129e-02],
       [ 1.85019349e-04, -7.27976261e-04,  9.49568714e-02, -1.33157729e-03, -8.78839663e-03],
       [ 2.28947815e-02, -2.00143490e-02,  1.56671244e-01,  3.76695173e-02, -3.95091938e-02],
       [ 5.33926509e-02, -2.23094987e-02, -1.10298212e-01, -1.02658573e-02,  1.69230538e-02],
       [ 6.28407185e-02,  3.02245665e-02, -7.28258964e-02, -3.95947245e-02,  1.93989937e-02],
       [ 2.10029288e-02, -1.38472392e-02,  5.78246765e-02,  1.74127014e-02, -8.36770563e-03],
       [-1.08674669e-01, -3.66775179e-02, -6.73805197e-02,  5.12718790e-02, -3.93026718e-02],
       [-7.64877970e-02,  6.12975553e-02, -3.95697532e-02, -3.70828793e-02,  1.26790955e-02],
       [-4.22976637e-02, -4.94760616e-02, -6.13344078e-02,  3.33818088e-02, -4.72789629e-02],
       [ 2.02796503e-02, -1.30057853e-02, -7.67468400e-02,  1.56552272e-02, -5.53440882e-02],
       [-9.91301153e-02,  5.69152797e-02,  3.77275898e-02,  2.70520780e-02,  2.26943474e-02],
       [ 4.75998200e-02,  3.43301086e-02, -4.59980119e-03,  9.71007532e-03, -1.00215636e-02],
       [-2.91700870e-02,  1.06667980e-02, -1.72543974e-02,  2.61151280e-02, -1.56042622e-02],
       [ 2.51135964e-02,  7.63878024e-02,  2.85329130e-02, -1.68980444e-02,  6.01000565e-02],
       [-1.00606215e-01,  4.27545796e-02, -1.66818140e-02,  9.76550940e-03, -1.07200767e-02],
       [-1.65460077e-02,  2.78958220e-03, -1.49865577e-02, -1.44415623e-02, -6.53331642e-03],
       [-5.56480778e-03,  4.10400148e-02,  6.38023024e-02, -3.98950152e-02,  5.19417247e-02],
       [-4.27168016e-02,  1.28365726e-03, -4.90118256e-02,  6.06186033e-02, -4.02497552e-02],
       [-2.42621253e-02,  1.56082700e-02,  7.60113998e-02,  2.40773965e-02,  5.33893655e-02],
       [-1.23201737e-02, -4.82699449e-02,  2.79613897e-02, -5.66870690e-02,  5.41320587e-03],
       [-9.71267553e-02,  1.69820795e-02,  5.32131367e-02, -3.34435495e-02,  8.00161369e-02],
       [ 5.96114972e-02,  2.31953161e-02, -6.37507197e-02,  4.02423750e-02, -1.09297757e-02],
       [ 5.34564241e-02, -5.32406031e-02,  1.08883577e-02,  2.32839079e-02, -1.50103485e-02],
       [-1.15482767e-02,  4.50084700e-02,  5.91744126e-02, -2.18778270e-02,  5.75269472e-02],
       [ 5.41165113e-02,  5.05346812e-02,  4.33897304e-02,  9.75781751e-03,  6.64566941e-02],
       [ 8.94490695e-02,  5.07454976e-02,  8.85905725e-02, -5.34370638e-02,  6.01465120e-02],
       [ 7.97073941e-02,  3.39969353e-02, -5.84226524e-02,  2.86972194e-02, -5.05532369e-02],
       [ 1.01377467e-01, -4.23566884e-02, -5.36823501e-02,  4.76030460e-02, -2.94610895e-02],
       [ 7.44112629e-03,  3.78953696e-02, -1.73513056e-03, -2.41805251e-02,  2.37290808e-02],
       [ 5.79167423e-02,  8.60402085e-02, -8.10506627e-02, -5.92903907e-02,  1.66945750e-02],
       [ 1.15179888e-01, -4.81712354e-02, -3.58626928e-02,  5.38977960e-02, -9.32134934e-02],
       [ 3.30741835e-02,  3.51952720e-02, -4.61630134e-02,  4.15188178e-03, -1.02776277e-01],
       [ 1.02256643e-01,  7.40123417e-02,  3.56358374e-02,  5.15059913e-02,  3.34871538e-02],
       [-7.29001295e-02,  7.55029893e-02,  1.35143755e-02,  5.96957562e-03, -1.77307127e-02],
       [-4.63201278e-03,  1.35380562e-02, -2.73884529e-02,  5.53976514e-02, -2.74636044e-02],
       [-1.11326617e-01,  8.28221183e-02, -1.64618811e-02, -3.06660278e-02,  1.01916029e-01],
       [ 5.98779316e-02,  8.00602618e-02, -1.66225882e-02,  1.65815739e-02, -1.80370700e-02],
       [ 5.73196608e-02,  6.37435613e-03, -3.49544130e-02, -2.78284568e-02, -3.30772395e-03],
       [-4.40121602e-02,  2.43930760e-02,  3.01433628e-02, -6.49021631e-02,  1.01039338e-01],
       [ 1.13602156e-01,  1.93481847e-02, -3.08213102e-02,  8.99030204e-02, -6.20089580e-02],
       [ 6.97168875e-02, -1.58997614e-02,  5.58868747e-02,  4.30947956e-02,  8.58085914e-02],
       [-1.60167379e-02, -8.31936135e-02,  2.07687457e-02, -9.10841430e-02,  1.08948137e-02],
       [ 1.37965033e-01, -1.16253665e-02,  4.51854465e-03, -4.33395187e-02,  1.12189305e-01],
       [-1.02535483e-02,  3.18089151e-02, -9.57663633e-02,  6.67140218e-02, -1.96932031e-02],
       [-1.00325495e-01, -6.62997134e-02,  4.01370931e-02,  3.77658209e-02, -2.67154866e-02],
       [-4.90893819e-02,  2.50433707e-02,  2.07766265e-02, -1.66385057e-02,  1.03735261e-01],
       [ 4.84019303e-03,  3.55347088e-02,  7.70722602e-03,  2.15409441e-02,  1.09139348e-01],
       [-5.09597832e-02,  4.80888863e-02,  5.61342935e-02, -9.87071652e-02,  1.30028017e-01],
       [-1.21040646e-01,  1.03531708e-01, -1.82319686e-02,  3.42990154e-02, -9.08080857e-02],
       [-1.35429877e-01, -7.73585499e-02, -6.24380325e-02,  9.61724364e-02, -6.54713224e-02],
       [-6.15230921e-02,  5.94383325e-02, -3.10610708e-02, -5.36627690e-02,  4.59148230e-02],
       [ 6.07609526e-02,  7.99680346e-02, -7.52985432e-02, -5.96916176e-02,  1.43545186e-02],
       [ 1.11027537e-02,  5.48091167e-02, -8.28130296e-02, -3.95900991e-02,  3.70895575e-02],
       [ 9.70913017e-02, -4.71753143e-02,  1.67067817e-02,  4.33303498e-03, -6.74419937e-03],
       [-4.43584576e-02, -9.60423529e-03, -2.12914059e-02, -9.45988558e-03,  7.43712734e-03],
       [ 9.27538072e-03,  1.05891125e-02, -1.05322447e-02, -2.04377055e-02,  4.05164286e-03],
       [-6.01130438e-02, -8.08132275e-02,  6.84310337e-02,  5.28514071e-02, -2.02023704e-02],
       [ 7.31581575e-02, -1.88763744e-02, -9.91046157e-03, -5.26104904e-03,  6.14326160e-03],
       [ 2.30948445e-02, -3.43823679e-04,  1.03156445e-02,  7.45820133e-03,  1.68486898e-03],
       [-1.77707302e-02, -8.48570703e-02,  8.39105685e-02,  6.56807971e-02, -2.53500336e-02],
       [ 5.37499864e-02,  5.01428968e-02, -5.30857870e-02, -4.80386114e-02,  1.17163912e-02],
       [ 4.09769037e-02, -4.36083329e-02,  4.76464755e-02,  1.35605880e-02, -2.44598851e-02],
       [-8.50824100e-03, -2.33790430e-03,  2.72843091e-02,  3.57064516e-02, -3.56658471e-03],
       [ 9.16215081e-02, -6.96894177e-02,  9.48228866e-02,  6.29748356e-02, -3.28167187e-02],
       [-3.13460462e-02,  2.14679383e-02, -7.89009343e-03, -2.93456774e-02,  1.32018089e-03],
       [-8.55248447e-02,  2.62804851e-02, -1.64162703e-02, -1.94323881e-02,  1.70333791e-03],
       [-1.46694856e-02, -8.31702893e-02,  8.18522772e-02,  5.40793614e-02, -2.72580381e-02],
       [-7.43555532e-03, -5.77961371e-02,  5.35920659e-02,  4.07513786e-02, -1.80349714e-02],
       [-7.20204303e-02, -1.17057687e-01,  1.05487344e-01,  8.66507154e-02, -3.01570388e-02],
       [-8.70680190e-02,  2.78527438e-02, -7.19468343e-02, -4.40803777e-02,  2.38571283e-02],
       [-9.95436064e-02,  8.67300386e-02, -5.36518343e-02, -6.10912487e-02,  1.17241256e-02],
       [-2.92022253e-02, -4.75517221e-02,  4.34245076e-02,  3.66866674e-02, -8.73965261e-03],
       [-1.74381109e-02,  2.41592628e-02, -1.87618000e-02, -3.82866009e-02, -1.00924086e-01],
       [ 6.06424993e-02,  7.11373958e-02,  2.79835338e-02,  6.45541680e-02,  2.98235744e-02],
       [-2.66725243e-02,  7.33356711e-02,  2.12658143e-02, -3.58191162e-03, -1.86910895e-02],
       [ 3.76121183e-02,  1.88340882e-02, -2.23169562e-02,  4.51914479e-02, -2.42319496e-02],
       [ 5.74471020e-04,  7.87627362e-02, -3.73772839e-02,  1.28750187e-02,  9.59646673e-02],
       [ 9.68725758e-02,  8.05356029e-02, -8.76253638e-03,  7.55339393e-03, -1.20666757e-02],
       [ 7.21897802e-03,  5.03153972e-03, -3.53345329e-02, -2.90625784e-02, -1.03885308e-02],
       [ 1.18382593e-02,  3.60044699e-02,  1.00211048e-02, -2.51839678e-02,  1.12558981e-01],
       [ 9.26366915e-03,  1.45158742e-02, -2.78977200e-02,  8.61876565e-02, -8.23630725e-02],
       [ 2.34498211e-02, -1.11287530e-02,  3.23701354e-02,  7.75546548e-02,  8.01065715e-02],
       [ 1.96309598e-02, -7.85056289e-02,  2.18338091e-02, -9.43153244e-02,  2.23661698e-02],
       [ 1.05147530e-01, -1.42822835e-02, -2.42046144e-02,  1.07716101e-03,  1.22157218e-01],
       [-5.47785611e-02,  2.92902112e-02, -9.98437387e-02,  7.20198825e-02, -2.24948850e-02],
       [-4.97033486e-02, -6.14638238e-02,  4.27328576e-02,  2.62001611e-02, -2.49749096e-02],
       [ 2.08175939e-02,  3.53033163e-02, -3.94266122e-03,  3.00305442e-02,  1.11544542e-01],
       [-5.26471985e-02,  2.92552373e-02, -1.20067017e-02,  5.04034639e-02,  8.16406226e-02],
       [-9.95133205e-02,  5.19654100e-02,  2.45117837e-02, -3.90808817e-02,  1.24804687e-01],
       [-4.07000799e-02,  8.82114978e-02,  4.31126172e-03,  2.94543806e-04, -7.99529556e-02],
       [-4.99658441e-02, -8.23006026e-02, -5.66239114e-02,  7.53676060e-02, -7.28134524e-02],
       [-4.90949567e-03,  5.77552901e-02, -4.08566613e-02, -3.14392564e-02,  4.76118414e-02],
       [ 6.65583803e-03,  4.04229152e-02,  2.17107415e-02,  9.54650703e-02,  4.07681942e-02],
       [ 5.50894923e-03,  7.67338855e-02,  2.49113132e-02, -6.05578408e-03, -3.76540318e-03],
       [ 9.21555239e-03,  3.94008886e-02, -2.86676533e-02,  3.46796636e-02, -2.60032607e-02],
       [ 2.52074813e-02, -1.09818005e-02, -5.08459954e-02,  7.85896958e-02,  9.87669803e-02],
       [ 2.35662307e-02,  7.39538888e-02, -8.15212257e-03,  1.08197177e-02,  1.78804757e-04],
       [-1.41053617e-02,  1.14812638e-02, -3.38564858e-02, -3.28902094e-02, -2.54237755e-04],
       [ 1.92073489e-02, -5.88258184e-02,  5.31144113e-03,  3.82042714e-02,  1.04883974e-01],
       [-1.84328094e-02,  8.48280307e-02, -3.31560620e-02,  4.15730787e-02, -8.28662899e-02],
       [-1.03059704e-02, -6.90117968e-02,  1.66278948e-02,  1.16499415e-01,  6.64877588e-02],
       [ 1.13935919e-02, -1.02159959e-01,  3.26973644e-02, -8.52012429e-02,  2.87151984e-02],
       [-1.61896681e-02, -1.05173957e-01, -2.82983524e-02,  6.82390913e-02,  1.04167788e-01],
       [-2.01481272e-02,  6.11103126e-02, -1.24324338e-01,  6.18001654e-02, -4.14962256e-02],
       [ 1.05117195e-02, -2.84608823e-02,  5.17370991e-02,  5.77467201e-03, -3.20791553e-02],
       [ 2.62072876e-02, -5.46774386e-02, -1.06545468e-02,  8.83892976e-02,  9.60007110e-02],
       [-1.74331601e-02, -3.52020614e-02, -2.59845462e-02,  1.03772700e-01,  7.80442244e-02],
       [-2.02059904e-02, -7.37051314e-02,  2.85178150e-02,  4.11027231e-02,  1.48531403e-01],
       [ 8.53146777e-03,  1.41393407e-01,  1.06547029e-02, -4.27434714e-02, -7.04021372e-02],
       [ 8.07734557e-03, -1.42171792e-02, -7.79011134e-02,  3.98290700e-02, -9.63038038e-02],
       [ 1.84114933e-02,  1.32126397e-02, -4.37485011e-02, -1.00729220e-03,  5.40040287e-02],
       [-5.08910315e-02, -2.20017059e-02, -7.84690805e-03,  2.26731036e-02,  6.87963619e-03],
       [ 3.58459519e-02,  9.35887702e-03,  2.06800489e-02, -5.32968969e-03,  9.44829216e-03],
       [-5.39423907e-02, -7.25499722e-02, -9.64614674e-03, -6.00023442e-02, -2.61744656e-02],
       [ 1.08400431e-01, -2.99843133e-02,  6.02376173e-03,  6.73707515e-03,  6.94126405e-03],
       [ 4.42673356e-02, -4.33397296e-03,  1.20554013e-02,  6.74594035e-03,  5.27203473e-04],
       [-2.12228046e-02, -7.72754986e-02, -2.94264566e-02, -6.80717230e-02, -4.79596048e-02],
       [ 7.20601054e-02,  3.15280646e-02,  3.03621345e-02,  1.71698572e-02,  2.86689299e-02],
       [ 6.74707257e-02, -2.58713793e-02, -1.58976598e-02, -6.23986532e-02, -2.08774721e-02],
       [ 1.50342413e-02,  1.99664089e-02, -1.83537479e-02,  1.68835341e-02, -8.50457969e-03],
       [ 1.73467660e-01, -4.97040013e-02, -1.37691322e-02, -8.15284586e-02, -3.90411882e-02],
       [-3.65940770e-02,  1.04572851e-02,  5.27397179e-02, -1.13164967e-02,  1.31364780e-02],
       [-7.26594835e-02,  4.51909183e-02, -5.97064536e-03,  8.41425531e-03,  6.98985510e-03],
       [-1.16581973e-02, -6.64273190e-02, -1.47106403e-02, -9.31308051e-02, -3.85419110e-02],
       [-4.27007879e-02, -5.00932224e-02, -7.64053764e-03, -8.10480756e-02, -3.07889542e-02],
       [-8.68458442e-02, -9.03124411e-02, -3.74467942e-02, -7.82533970e-02, -3.78575165e-02],
       [-7.83392829e-02, -1.00499117e-02,  8.75707304e-03,  6.95177913e-02,  3.60876779e-02],
       [-1.00693940e-01,  9.85899812e-02,  5.41356825e-02,  1.76275720e-02,  3.31857730e-02],
       [-4.63087806e-02, -5.40421253e-02, -1.47318889e-04, -2.23728661e-02, -1.48633635e-02],
       [-2.10126358e-02,  1.76547669e-02, -1.53030637e-03,  6.71644860e-03, -5.77927222e-03],
       [ 1.91860337e-02, -6.87195736e-02, -3.27963614e-02,  1.47265088e-02,  1.62256761e-02],
       [-6.94157073e-02,  1.40723905e-02,  2.32901640e-03,  1.67181467e-03,  1.91107961e-03],
       [-1.48672257e-02,  2.59631671e-03, -5.86115525e-03, -5.89748384e-03,  1.14818772e-03],
       [ 8.22844970e-04, -8.68324019e-02, -2.60879705e-02,  3.13150692e-03,  1.74675731e-02],
       [-2.68623826e-02,  6.01697009e-02,  9.72433588e-03,  9.21744518e-03, -1.35698184e-02],
       [-2.55986839e-02, -6.47637757e-02, -1.97682503e-02,  2.49515436e-02,  8.50549434e-03],
       [-1.00496685e-02, -2.47449591e-02,  1.28428564e-03, -1.08850579e-02,  7.08593196e-03],
       [-8.59140495e-02, -9.39454078e-02, -3.18106575e-02,  1.11765877e-02,  1.27431945e-02],
       [ 3.62906069e-02,  2.51001886e-02, -1.69451362e-02,  1.34255428e-02, -8.64799324e-03],
       [ 4.67291069e-02,  1.74699206e-02,  1.65008882e-02,  8.47450613e-04, -6.78049019e-03],
       [-3.47101122e-03, -8.36502459e-02, -2.49574562e-02,  6.63249159e-03,  5.48577545e-03],
       [ 2.99256511e-02, -6.54346225e-02, -2.80718045e-02,  1.81760664e-02,  9.45232257e-03],
       [ 6.39797026e-02, -1.07745847e-01, -2.80097588e-02,  4.65438442e-03,  2.51644223e-02],
       [ 4.70953294e-02,  7.43958397e-02,  2.41703869e-02, -7.05007217e-03, -6.83554272e-03],
       [ 4.76855533e-02,  4.85075197e-02, -1.73359501e-03,  1.90107600e-02, -2.14803769e-02],
       [ 1.31980425e-02, -3.24154639e-02, -1.82375534e-02, -2.15111710e-03,  9.77399919e-03],
       [-3.34484725e-02, -2.12221019e-02,  2.13918401e-02, -3.83868935e-02,  1.06244397e-02],
       [ 7.67269911e-03,  1.45681795e-02, -2.56291999e-03,  2.88544245e-03, -9.94442611e-04],
       [ 1.47201770e-02, -5.31918069e-04, -6.38976033e-03, -7.47722000e-03,  1.64031730e-03],
       [-1.42355722e-02, -3.21216775e-02,  2.19632461e-02, -4.78070335e-02,  2.06135767e-02],
       [ 3.31914760e-02,  1.21723876e-02, -9.70742055e-03,  2.83260880e-02, -8.63906890e-03],
       [ 1.62099421e-02, -2.46176578e-02,  2.57822772e-02, -1.70078573e-02,  1.56454565e-02],
       [-9.60112037e-03, -1.37233060e-02,  4.32670603e-03, -2.31521426e-02,  2.98283912e-03],
       [ 2.09064136e-02, -2.14907006e-02,  2.69248292e-02, -4.48742457e-02,  1.27541459e-02],
       [-2.18604053e-03,  5.94732296e-03, -8.05036711e-03,  1.36066845e-02, -5.32213624e-03],
       [-2.66521835e-02,  1.87904930e-03,  3.20138557e-03,  1.51957415e-02, -3.01251113e-03],
       [-2.18587098e-02, -2.66244538e-02,  2.13908111e-02, -3.37003795e-02,  3.17083630e-02],
       [ 9.36373951e-03, -2.08254150e-02,  1.64016202e-02, -2.33607815e-02,  1.66840463e-02],
       [-3.26557655e-03, -2.86147970e-02,  2.95431214e-02, -5.87838940e-02,  2.44893286e-02],
       [-3.52228965e-02,  3.88321984e-02, -1.56627517e-02,  3.23637311e-02, -1.93088795e-02],
       [-3.33747093e-02,  1.66501277e-02, -1.18396792e-02,  3.13250342e-02, -9.64924370e-03],
       [-1.59843031e-02, -3.86830283e-03,  3.83780063e-03, -2.47448873e-02,  6.41550035e-03],
       [-9.36572975e-02, -7.54676344e-02, -3.37984598e-03,  1.00455805e-04,  1.09622012e-02],
       [ 2.83586481e-03, -1.18730486e-02,  3.34035972e-02,  2.63520362e-02, -2.93261150e-03],
       [-2.19866723e-02, -3.97780411e-02,  4.59835210e-02, -1.13177819e-02, -8.63937219e-02],
       [ 4.66667915e-04,  2.39702953e-03, -1.70621701e-02, -5.76888171e-02,  7.34238131e-02],
       [-1.23442281e-02,  1.28668974e-02,  1.94806746e-02, -8.55603421e-02, -5.59628157e-02],
       [-2.27562937e-02,  6.32514151e-02, -6.77565534e-03,  8.26354734e-02, -2.42104827e-02],
       [-7.12078195e-02,  2.32016751e-05,  7.27385396e-02, -3.49906586e-02, -8.68667210e-02],
       [ 5.74553901e-02, -3.05613543e-03,  7.57858800e-02, -6.46159516e-02,  3.70373542e-02],
       [ 3.15471847e-02,  4.36644764e-02, -3.83715100e-02, -1.82068033e-02,  1.12528513e-02],
       [-3.13237743e-02, -4.64897782e-02,  6.77484735e-02, -6.73186954e-02, -9.95450032e-02],
       [ 5.33530622e-02, -2.59105509e-02,  5.60567987e-02, -7.57888802e-02, -6.83317876e-02],
       [ 9.37311306e-02, -6.84482088e-02,  4.88314769e-02, -1.90068634e-03, -1.06708210e-01],
       [ 3.49016831e-02, -8.28195562e-02, -6.73351011e-02,  3.36329493e-02,  8.05712862e-02],
       [ 3.47918723e-02,  9.99753280e-02,  2.50655890e-02, -5.32510428e-02,  6.82540141e-02],
       [-9.64191781e-03, -6.26759404e-02,  5.40033372e-02,  1.42095270e-02, -3.74449053e-02],
       [ 5.03569936e-02, -9.32212698e-05, -3.93729474e-03, -4.30609518e-03,  1.42998486e-03],
       [-2.99881869e-02, -8.81933761e-02,  6.58671754e-03, -8.35162663e-03,  1.27558879e-02],
       [ 9.51015680e-02,  5.49728597e-02, -8.14061170e-03,  9.28443195e-03, -8.57920193e-03],
       [ 6.48595906e-02, -5.79574122e-02,  5.46230821e-03,  4.84104888e-03,  5.05223949e-03],
       [-2.99164264e-03, -1.91549100e-02,  4.99557807e-03, -1.01584009e-02,  5.04457564e-03],
       [ 1.35562767e-01, -8.41620580e-02,  6.46944916e-03, -5.78989940e-03,  2.49386623e-03],
       [-1.96977018e-02,  2.05713635e-02, -1.36596458e-02,  5.22925209e-03, -5.92185483e-03],
       [-9.12657559e-02,  2.44913487e-02,  7.73819619e-03,  1.58097381e-03, -6.46030594e-03],
       [-3.33677460e-02, -8.56945939e-02,  6.38943931e-03, -2.40186424e-03,  9.28289736e-03],
       [-1.23476508e-02, -6.45027442e-02,  5.59881527e-04,  2.09379978e-03,  2.33038795e-03],
       [-5.70620199e-02, -1.09454446e-01,  1.39366203e-02, -1.24787904e-02,  2.56612673e-02],
       [-9.94469261e-02,  5.04714768e-02, -5.18362751e-03,  6.38643507e-03, -1.43514369e-04],
       [-1.33289390e-01,  6.37746348e-02, -1.48570616e-02,  1.20461317e-02, -1.52749570e-02],
       [-5.42847260e-02, -4.06685250e-02, -2.14888085e-03, -5.78047660e-03,  7.54638085e-03],
       [ 6.34969350e-03, -1.32886836e-02,  3.66761962e-02,  3.29104534e-02,  3.60192391e-04],
       [ 2.21707261e-03,  4.40286667e-03, -2.43382908e-02, -2.29065982e-02,  1.97903193e-03],
       [ 8.64269382e-03, -1.18768151e-02,  2.26823207e-02,  1.94061696e-02, -2.36480818e-03],
       [ 5.98265373e-03,  3.14807347e-04,  9.92748565e-03,  6.27559159e-03,  1.66580115e-03],
       [ 2.59033865e-02, -2.61322805e-03,  4.44217949e-02,  3.20973619e-02, -1.06942710e-02],
       [-3.39933113e-02,  1.34633570e-03, -5.78981694e-03, -9.16927995e-03, -3.15725021e-03],
       [-2.51474127e-02,  5.20254510e-03, -9.76450877e-03, -7.31481709e-03,  2.83734353e-04],
       [ 1.57674706e-02, -1.29015900e-02,  3.57751292e-02,  3.24218883e-02, -1.45319904e-03],
       [-2.55814694e-02, -1.19380094e-02,  2.46803541e-02,  3.25107538e-02,  4.17418337e-04],
       [-5.28545968e-02, -1.12103462e-02,  4.53514165e-02,  3.76801183e-02,  4.22767854e-03],
       [-2.67287250e-02,  1.11303274e-02, -2.74331710e-02, -2.83355806e-02, -1.41891552e-03],
       [-3.40979588e-02,  4.46352424e-03, -2.41036998e-02, -2.26641679e-02, -3.50656754e-03],
       [ 2.44457446e-03,  2.15948233e-03,  1.66788106e-02,  1.11286864e-02, -4.56559074e-05],
       [ 1.36111218e-02, -4.22237935e-02,  1.68343478e-02, -8.74523919e-02,  7.74177297e-02],
       [ 6.82556855e-03,  3.53338235e-02, -2.25728289e-02, -7.50386337e-02, -7.08523663e-02],
       [-9.53011044e-03,  9.01818520e-02, -2.23183424e-02,  1.04593305e-01, -2.03462005e-02],
       [-1.57305975e-02,  6.04210826e-02,  4.22392837e-02,  5.68686140e-05, -1.24998285e-01],
       [ 2.78218883e-02, -3.45747222e-02,  1.07256191e-01, -7.98952665e-02,  3.35498536e-02],
       [ 1.16112522e-03,  4.86175922e-02, -4.74622408e-02, -2.57261538e-02,  1.54254788e-02],
       [-1.70845651e-02,  3.06314922e-03,  2.07543903e-02, -3.12104301e-02, -1.20156787e-01],
       [ 2.63787226e-02, -3.06714707e-03,  2.95263576e-02, -6.24642069e-02, -1.00110962e-01],
       [ 3.19646377e-02, -9.53444437e-03, -1.07553804e-02,  4.64456931e-02, -1.27559106e-01],
       [-1.38896312e-03, -1.17621134e-01, -1.89852564e-02, -1.94957966e-03,  8.23187086e-02],
       [-3.73833746e-03,  6.07482214e-02,  5.54862732e-02, -8.24887980e-02,  7.56605331e-02],
       [-1.11882632e-02, -4.25136899e-02,  4.92505234e-02,  3.55470242e-02, -4.93336841e-02],
       [ 2.16519134e-02, -5.13673938e-02,  3.59281817e-02,  3.53688782e-03,  5.74063047e-02],
       [ 1.80898574e-02, -5.09899444e-02,  9.05316820e-03, -6.09707532e-02,  6.49663112e-03],
       [ 8.35808472e-02, -5.63332490e-02,  2.62902213e-03, -6.49263291e-02,  6.91697276e-02],
       [-5.72924001e-02,  1.98347554e-02, -5.85109091e-02,  4.63155839e-02, -1.35226349e-02],
       [-5.00452644e-02, -2.37804143e-02,  3.05538918e-02,  3.40716745e-02, -1.72277230e-02],
       [ 2.45188769e-02, -4.17604214e-02,  1.49098823e-02, -5.21482653e-02,  7.98384752e-02],
       [-4.79842308e-02, -2.45577270e-02,  4.04083355e-03, -1.77491587e-02,  6.88750913e-02],
       [-1.00489755e-01, -3.35689269e-02,  2.78731790e-02, -1.04803249e-01,  8.14978789e-02],
       [-4.19644061e-02,  9.28937307e-02, -8.88595190e-03,  4.71447972e-02, -5.67288050e-02],
       [-5.09721477e-02, -1.43022851e-02, -3.51862983e-02,  8.68433270e-02, -4.78518067e-02],
       [-7.07419483e-04,  1.10865161e-02, -2.15777274e-02, -5.41098133e-02,  3.01824707e-02],
       [ 6.35286047e-03,  6.44890527e-02, -2.99496297e-02,  4.83178104e-02, -1.90591214e-02],
       [ 6.59542726e-02,  8.56527685e-02,  1.13472904e-02, -1.08791367e-01, -7.70735264e-02],
       [-4.07279603e-02, -2.64322445e-02,  9.42809465e-02, -3.55160254e-02,  3.04414827e-02],
       [-4.02080654e-02,  1.99621968e-02, -2.94375904e-02,  6.06993848e-03,  1.56454046e-02],
       [ 7.45853879e-03,  4.58528031e-02, -1.57879255e-03, -1.28385682e-01, -7.84209764e-02],
       [-3.33598235e-02,  3.44699334e-02,  1.48894950e-02, -1.20904204e-01, -5.72843971e-02],
       [-5.76695581e-02,  4.10373616e-02, -3.72774449e-02, -8.77575574e-02, -8.84983891e-02],
       [-5.46077431e-02, -9.68967709e-02, -2.92307552e-03,  7.40047071e-02,  4.98254687e-02],
       [-4.21472447e-02,  2.68331407e-02,  8.11965788e-02,  6.80102385e-03,  7.50418995e-02],
       [ 5.89085673e-04, -1.15684272e-02,  1.95290257e-02, -2.29085468e-02, -3.69649961e-02],
       [ 4.16290673e-03,  9.66514736e-02, -1.43604437e-02,  9.46567561e-02, -2.80571340e-02],
       [ 7.93922947e-03, -2.02530037e-02,  1.97663196e-02, -2.33940602e-02,  2.43552091e-03],
       [-1.44271105e-02, -8.64818238e-03, -1.17260415e-02, -2.95875816e-02,  4.92345923e-03],
       [-1.00968364e-02,  9.25344345e-02, -2.01542447e-02,  8.46124614e-02, -3.50163644e-02],
       [ 1.52528540e-02,  6.45204349e-02, -9.39073138e-03,  5.37650232e-02, -3.48234261e-02],
       [ 5.78722891e-03,  1.08378938e-01, -2.81667489e-02,  1.19753972e-01, -1.27086334e-02],
       [-2.16620226e-02, -7.14103019e-02,  1.81339910e-02, -6.94865947e-02,  1.65570696e-02],
       [-1.81176599e-02, -5.59393101e-02,  2.12693928e-02, -8.16361941e-02,  1.06268825e-02],
       [-8.07468433e-03,  3.48085061e-02,  4.25217772e-03,  5.18229259e-02, -8.04511969e-03],
       [-8.07691654e-02, -3.75811306e-02,  1.03046164e-01, -7.68157907e-02,  3.90122185e-02],
       [-1.05700985e-01,  2.83480024e-02, -6.60126800e-02, -1.99601966e-02,  3.32642664e-02],
       [ 2.50001988e-03,  4.87380660e-02,  4.79670369e-02, -5.54152747e-02, -1.03200073e-01],
       [-4.04821915e-02,  3.49949752e-02,  5.22927439e-02, -7.87662165e-02, -7.97281387e-02],
       [-1.28333890e-01,  4.78660474e-02,  3.07853902e-02,  1.05719716e-02, -1.39248313e-01],
       [-1.42261237e-01, -1.68653965e-01, -5.45884220e-02,  2.72009051e-02,  8.90013763e-02],
       [-1.75376301e-01,  4.49975217e-02,  4.40537452e-02, -7.61176800e-02,  9.53575541e-02],
       [-2.74562966e-02, -3.02046525e-02,  5.19841365e-02,  2.50968103e-02, -4.31158353e-02],
       [ 4.74058569e-02, -1.23005231e-02, -7.12266443e-03,  2.49905486e-02, -8.18984874e-03],
       [ 3.10412110e-02, -3.49957947e-02,  1.10322496e-01, -7.27783475e-02,  3.70817832e-02],
       [-2.78811906e-03, -1.77181938e-02,  8.32942638e-02, -5.61240611e-02,  2.92610495e-02],
       [ 1.85784957e-02, -3.29680701e-02,  1.36719863e-01, -1.00059751e-01,  3.82263270e-02],
       [ 5.33534175e-02,  4.95559906e-02, -9.30761913e-02,  5.88973390e-02, -2.73721188e-02],
       [ 7.50114710e-02,  2.00750122e-02, -6.13051117e-02,  5.17522472e-02, -1.28021108e-02],
       [ 3.85522526e-02, -8.07102753e-05,  3.17556380e-02, -4.38253529e-02,  1.47186042e-02],
       [-3.61853059e-03,  4.95689262e-02, -5.42108725e-02, -1.18418104e-02,  2.98186516e-02],
       [ 4.26542320e-02,  3.06118171e-02, -4.15984209e-02, -7.79235160e-04,  2.18542322e-02],
       [ 7.20951645e-02,  6.97922548e-02, -6.17205410e-02, -3.39674651e-02,  2.08867873e-02],
       [ 5.95686961e-02,  9.90548599e-03,  5.30937091e-02,  1.31181498e-02, -2.62677779e-02],
       [ 9.02585829e-02, -6.46170758e-02,  2.07386565e-02,  3.73873212e-02, -1.44668067e-02],
       [ 2.44694533e-02,  3.60351499e-02, -2.84955315e-02, -1.85332889e-02,  8.06375917e-03],
       [ 2.49456673e-02, -3.58982597e-03,  3.69621268e-02, -9.28181710e-02, -7.78965828e-02],
       [ 3.66783734e-02, -1.03615461e-02,  7.58381470e-03, -2.42285822e-02, -1.37759554e-01],
       [-8.96282116e-03, -1.20086903e-01, -2.89674262e-02,  4.07377260e-02,  7.83663735e-02],
       [-3.24953920e-03,  7.53310261e-02,  5.39720256e-02, -5.42275158e-02,  9.53510007e-02],
       [-1.69835532e-02, -4.78643685e-02,  5.29736352e-02,  8.41344504e-03, -5.18302407e-02],
       [ 8.87715232e-03, -1.81118484e-02,  2.39180732e-02, -6.61855685e-02, -1.26400471e-01],
       [ 4.40124549e-02, -8.32825636e-02, -3.72746688e-02,  5.77384010e-02,  6.07030390e-02],
       [ 6.11104259e-02,  6.63945910e-02,  3.78745461e-02, -1.76522556e-02,  8.22031667e-02],
       [ 3.36424773e-02, -3.84852623e-02,  4.41269506e-02, -1.09381692e-02, -4.41050194e-02],
       [ 9.07424860e-02, -1.44608708e-01, -1.16565503e-02, -5.22679933e-03,  1.03716452e-01],
       [ 1.15754292e-01,  9.46576950e-02,  7.91816877e-02, -1.10516812e-01,  8.85284982e-02],
       [ 5.74586751e-02, -5.89844573e-02,  5.33847703e-02,  4.31452415e-02, -4.72491457e-02],
       [ 8.48458748e-02,  5.12121102e-02, -4.69708337e-02,  6.32898105e-02, -8.29967332e-02],
       [ 3.57415641e-02, -3.90931500e-02, -5.33404260e-02, -1.84328302e-02,  4.80546201e-02],
       [ 2.29151079e-02,  6.12035098e-02, -9.12765579e-03, -4.71229909e-02,  2.81013070e-02]])})
2026-01-20 11:02:15,136 - final_problem_set.kxor_instance_n30_k2_m245_ell2_eps0.2_kappa1.0_rho0.0 - INFO - Running key extraction (n=30, m=245, ell=2, phase_qubits=13)
2026-01-20 11:02:15,144 - final_problem_set.kxor_instance_n30_k2_m245_ell2_eps0.2_kappa1.0_rho0.0 - INFO - Built voting matrix V (n=30, ell=2, dtype=complex128) in 0.008s
2026-01-20 11:02:15,146 - final_problem_set.kxor_instance_n30_k2_m245_ell2_eps0.2_kappa1.0_rho0.0 - INFO - Eval: adv=0.2735 (no ground-truth z available)
2026-01-20 11:02:15,146 - final_problem_set.kxor_instance_n30_k2_m245_ell2_eps0.2_kappa1.0_rho0.0 - INFO - Key extraction complete: x_hat=26
2026-01-20 11:02:15,146 - final_problem_set.kxor_instance_n30_k2_m245_ell2_eps0.2_kappa1.0_rho0.0 - INFO - Finished step 'KeyExtractionStep' in 0.010s (success: True, problem=kxor_instance_n30_k2_m245_ell2_eps0.2_kappa1.0_rho0.0)
2026-01-20 11:02:15,146 - final_problem_set.kxor_instance_n30_k2_m245_ell2_eps0.2_kappa1.0_rho0.0 - INFO - SUCCESS: len(z_hat)=30
2026-01-20 11:02:15,146 - final_problem_set.kxor_instance_n30_k2_m245_ell2_eps0.2_kappa1.0_rho0.0 - INFO - Metrics: adv=0.27346938775510204, ham_frac=None, corr=None
2026-01-20 11:02:15,146 - final_problem_set.kxor_instance_n30_k2_m245_ell2_eps0.2_kappa1.0_rho0.0 - INFO - z_hat (full): [ 1,  1, -1,  1, -1,  1, -1, -1,  1, -1, -1,  1, -1, -1,  1, -1,  1,  1, -1,  1,  1,  1, -1, -1,  1,  1,  1, -1, -1,  1]
