2026-01-20 11:00:52,947 - final_problem_set.kxor_instance_n19_k4_m231_ell4_eps0.3_kappa1.0_rho0.0 - INFO - Starting iteration for /Users/julian/CodingProjects/UniT3/QuarticSpeedupK-XOR/z_Daphne/data/final_problem_set/kxor_instance_n19_k4_m231_ell4_eps0.3_kappa1.0_rho0.0.npz
2026-01-20 11:00:52,948 - final_problem_set.kxor_instance_n19_k4_m231_ell4_eps0.3_kappa1.0_rho0.0 - INFO - Loaded instance (n=19, m=231, k=4)
2026-01-20 11:00:52,948 - final_problem_set.kxor_instance_n19_k4_m231_ell4_eps0.3_kappa1.0_rho0.0 - INFO - Starting step 'ComputeKikuchiStep' (version 0.1) on problem kxor_instance_n19_k4_m231_ell4_eps0.3_kappa1.0_rho0.0 (fields={'ell': 2, 'threshold': 0.0})
2026-01-20 11:00:52,959 - final_problem_set.kxor_instance_n19_k4_m231_ell4_eps0.3_kappa1.0_rho0.0 - INFO - Finished step 'ComputeKikuchiStep' in 0.011s (success: True, problem=kxor_instance_n19_k4_m231_ell4_eps0.3_kappa1.0_rho0.0)
2026-01-20 11:00:52,959 - final_problem_set.kxor_instance_n19_k4_m231_ell4_eps0.3_kappa1.0_rho0.0 - INFO - Starting step 'ClassicalEigenvaluesStep' (version 0.1) on problem kxor_instance_n19_k4_m231_ell4_eps0.3_kappa1.0_rho0.0 (fields={'ell': 2, 'threshold': 0.0, 'kikuchi_matrix': <Dictionary Of Keys sparse matrix of dtype 'int64'
	with 1320 stored elements and shape (171, 171)>, 'num_eigenvalues': 5})
2026-01-20 11:00:52,996 - final_problem_set.kxor_instance_n19_k4_m231_ell4_eps0.3_kappa1.0_rho0.0 - INFO - Finished step 'ClassicalEigenvaluesStep' in 0.037s (success: True, problem=kxor_instance_n19_k4_m231_ell4_eps0.3_kappa1.0_rho0.0)
2026-01-20 11:00:52,996 - final_problem_set.kxor_instance_n19_k4_m231_ell4_eps0.3_kappa1.0_rho0.0 - INFO - Starting step 'KeyExtractionStep' (version 0.1) on problem kxor_instance_n19_k4_m231_ell4_eps0.3_kappa1.0_rho0.0 (fields={'ell': 2, 'threshold': 0.0, 'kikuchi_matrix': <Dictionary Of Keys sparse matrix of dtype 'int64'
	with 1320 stored elements and shape (171, 171)>, 'num_eigenvalues': 5, 'eigenvalues': array([-5.51529691, -5.32527764,  5.23426104,  5.42839499,  5.9814789 ]), 'eigenvectors': array([[ 1.94653742e-01,  8.25929193e-02,  3.73200205e-02,  4.53259031e-02,  5.73111665e-02],
       [-8.85517218e-02, -1.00347102e-01,  1.13187086e-01, -4.38122391e-02, -1.63554477e-01],
       [ 3.25646546e-02, -3.94297997e-02, -1.91076961e-02, -7.24903731e-02,  5.27168682e-02],
       [ 2.50516746e-02,  2.66673473e-02, -3.58599361e-02,  3.09990688e-02, -3.02466574e-02],
       [ 2.49160625e-01,  1.22575168e-01,  9.48517820e-03,  1.91278109e-01,  2.37316940e-01],
       [ 5.42837979e-02,  6.20705298e-02, -5.06971198e-02, -1.30356542e-01, -3.58812477e-02],
       [ 4.33864740e-02,  6.76393733e-02, -8.72468071e-02, -3.23014236e-02, -2.50458981e-03],
       [ 2.52979290e-01, -5.95143988e-03, -1.05181805e-01, -9.50772863e-02,  8.75430549e-03],
       [-1.17025241e-01, -4.01852326e-02, -2.79502247e-02, -1.34328874e-01, -2.86132144e-02],
       [-5.15185903e-02, -2.07862601e-02,  1.20069740e-01, -1.02257015e-02,  2.67361195e-02],
       [ 3.65851940e-02, -1.07330348e-02, -1.13760715e-01, -6.15223668e-02, -4.96744937e-03],
       [ 6.39573075e-02, -1.14672982e-01, -2.55597992e-01, -5.90858755e-02,  1.83472792e-01],
       [-1.61555838e-01, -4.16756929e-02,  2.91826036e-02, -2.36994349e-02,  5.27496795e-02],
       [ 5.44869632e-02,  9.93386639e-02,  6.43270468e-02, -5.71891378e-02,  4.08817936e-02],
       [-4.31243671e-02,  1.53801459e-01,  8.24167860e-02,  1.76341506e-03,  3.68095514e-02],
       [-1.09886757e-01, -5.54999654e-02, -5.82749302e-02, -1.07858215e-02, -3.10696714e-03],
       [ 8.03093772e-02, -9.48790930e-02,  1.82633327e-02,  8.23762127e-03,  1.66912702e-01],
       [-4.48366099e-02,  5.13978608e-02,  4.22977160e-03,  7.98322255e-02, -6.94744576e-02],
       [-3.69314194e-02, -2.25558295e-02, -5.73824014e-02,  8.74123016e-02, -3.55473748e-02],
       [-1.39584121e-02, -5.63443061e-02, -3.45290385e-02,  2.93652654e-02,  6.82293592e-02],
       [-6.02758858e-02,  2.42495136e-02,  1.13598806e-01, -3.09801048e-02, -2.26757607e-02],
       [-4.26143537e-02,  8.47872107e-02, -1.18772765e-01, -5.51268695e-02,  1.55730644e-01],
       [ 2.99639279e-02, -7.22418644e-02, -3.05152604e-02,  9.13937290e-03,  2.14624160e-02],
       [-9.44081448e-03, -2.75317145e-03,  3.70825631e-02, -2.90393583e-02, -1.07118678e-03],
       [-2.88546351e-03, -4.89614987e-02,  1.46850454e-01,  9.52772240e-02,  2.87965890e-02],
       [-6.49990895e-03,  9.47365457e-02, -6.51115832e-02, -1.03101193e-01,  6.13521962e-02],
       [ 2.88520107e-02, -1.41565521e-02, -3.25102620e-02,  7.47219615e-03,  2.25625965e-02],
       [ 2.17529013e-02, -5.89551082e-02, -3.42953058e-02,  1.02877178e-01, -1.06229547e-02],
       [-1.57471893e-01,  6.62571462e-02,  2.32703616e-02,  7.71387859e-02,  1.64219263e-01],
       [ 2.23092972e-02,  8.23588391e-03,  1.96199837e-01, -1.57659949e-02,  6.77671228e-02],
       [ 1.55643729e-01, -2.23151706e-02,  1.68545018e-02,  7.70456501e-02,  1.16105064e-01],
       [-2.03268345e-02, -1.58728415e-02, -2.22382007e-02,  7.95258172e-02,  7.87683050e-02],
       [ 8.83028828e-02, -2.38137907e-02, -1.54202899e-02, -3.58750848e-02, -2.22995101e-02],
       [-1.34009147e-01,  3.68194769e-02, -7.65605553e-02,  3.21729296e-02,  1.56594933e-01],
       [-3.29462569e-02, -1.44360337e-02,  4.34357201e-02, -5.54765161e-02,  3.27360877e-02],
       [-1.13596867e-02, -2.87290254e-02,  2.91162212e-02,  7.60450126e-04, -2.48256245e-02],
       [-1.92760981e-02, -2.65699494e-01, -9.02642611e-03, -1.08428388e-01, -8.22818732e-02],
       [ 4.65867847e-02,  1.11685119e-02, -1.90007807e-01,  3.59916039e-03, -3.25163714e-02],
       [-6.01929713e-02,  3.56206091e-02,  5.22299550e-03,  2.57951611e-02,  3.53692097e-02],
       [ 7.61627363e-02, -1.19889401e-02,  5.49097665e-02,  2.01683002e-01, -6.12443989e-02],
       [-9.10314167e-03,  1.19207195e-01,  3.71516228e-02, -4.94027419e-02, -2.12098696e-03],
       [-1.33913303e-01, -1.97093754e-02, -6.57840894e-02, -1.09563961e-01, -2.16139265e-02],
       [-1.09694228e-01,  5.22801083e-02,  5.78274324e-02,  9.13063399e-02, -5.70777213e-02],
       [-1.58736903e-02, -3.45407561e-02, -2.79150010e-02,  1.02405590e-01,  1.04507335e-02],
       [-1.43432250e-03,  7.16899011e-02, -1.96595836e-02,  1.44907343e-01, -6.31422592e-02],
       [-7.25135794e-03, -8.58588208e-03, -6.69160090e-03, -4.36357776e-02,  3.30246293e-02],
       [-2.53557957e-02, -5.37813938e-02, -9.26335688e-02,  6.32796444e-02, -3.38457262e-02],
       [-9.52522205e-03, -3.43095516e-02, -6.05777073e-02, -5.46302392e-02,  6.46592380e-02],
       [ 1.09364920e-01,  1.87684291e-02, -6.39304170e-02, -8.95592365e-02,  1.02050843e-01],
       [-1.10750620e-01, -2.41331497e-03, -1.09777223e-03, -6.84598132e-02, -4.36359474e-02],
       [-1.67216890e-02,  4.48663287e-02, -6.73449560e-02, -2.09076573e-02, -5.64301745e-02],
       [-1.27733376e-01,  4.82615221e-03, -9.05416698e-02, -3.94000177e-02, -8.95895458e-02],
       [-2.02581718e-01,  8.11765268e-02, -9.65487590e-02, -1.07371440e-01,  6.50544189e-03],
       [-7.76637725e-03, -5.60126842e-03,  8.61142029e-02, -9.14408194e-02,  3.18137198e-02],
       [ 5.93960952e-02,  3.02970431e-02,  7.62148294e-02,  3.88840380e-03, -1.43310351e-01],
       [-6.19612754e-02, -6.64521406e-02,  3.77349514e-02,  3.61425564e-02,  7.26523015e-02],
       [ 3.88677675e-02, -9.79811639e-02, -4.05350010e-04, -7.68693759e-02,  1.33860023e-02],
       [-1.83487158e-02,  4.60358771e-02,  5.26791457e-02, -1.46571817e-02,  6.33936160e-03],
       [ 1.10782993e-01,  7.67492816e-02,  6.01230132e-02,  1.02609374e-01,  7.76291742e-02],
       [-1.23498629e-01, -6.37391603e-02, -4.30025402e-02,  1.36292664e-01,  2.25487937e-01],
       [-5.58411491e-02,  1.05845138e-01, -5.81726628e-04, -1.42407950e-01, -2.30702696e-02],
       [ 3.37912096e-02, -1.83930657e-01,  7.45040321e-02,  4.43073204e-02,  1.81324500e-01],
       [ 1.04591630e-01,  6.65265937e-02, -2.08331152e-02, -1.24948910e-01, -5.67827018e-02],
       [-1.47010789e-02, -3.93284916e-02, -4.28701004e-02, -2.51275795e-02,  1.89067391e-02],
       [-3.93896691e-02,  8.51714035e-02, -2.23580538e-01, -8.44541281e-03, -1.49398210e-02],
       [ 4.68885703e-02, -7.38316715e-02,  1.92196866e-01, -2.16029421e-01,  1.79127665e-01],
       [ 4.72084771e-02, -2.97240555e-02,  1.27301253e-03,  4.51216293e-02, -4.99784279e-02],
       [ 5.14592446e-03, -3.36816015e-02,  3.14509011e-02, -1.49854354e-01,  4.16013207e-02],
       [-5.98963526e-02,  1.10208742e-01,  3.08969226e-02,  1.34737013e-02,  5.69974195e-02],
       [-5.37348418e-04, -2.20153447e-03, -7.28164808e-04, -1.02269920e-02,  8.93180335e-03],
       [ 3.15483871e-02,  3.16289649e-02,  2.80123976e-03, -7.57099065e-02,  9.40620195e-03],
       [ 1.29069551e-01, -4.11591756e-03, -1.07664047e-02,  4.75987625e-02,  6.48813693e-03],
       [ 1.30201655e-02,  4.63261517e-03, -9.75388046e-03, -7.98994742e-03, -4.07326087e-02],
       [ 5.64987831e-02, -2.87622604e-01, -9.76539570e-02,  1.40722763e-02, -1.85226015e-01],
       [ 4.84492904e-02, -3.23851428e-02,  3.14105564e-02, -7.11535208e-02,  2.10646489e-02],
       [-7.97766659e-02,  7.41945652e-02,  2.12967823e-01,  4.40644491e-02, -2.96896659e-01],
       [ 3.85598226e-02, -1.83138223e-02,  1.87977979e-01, -2.17549574e-01,  6.06467688e-02],
       [-2.19098959e-02,  2.56128526e-02, -1.31288931e-01,  9.61847314e-05, -7.92315063e-03],
       [ 3.64916265e-02, -1.88782579e-01,  4.74488692e-02, -4.75998639e-02, -9.46880166e-02],
       [-4.16316520e-02, -1.11615303e-01, -3.68978627e-02, -2.76148131e-01,  1.80575210e-03],
       [-4.24392920e-02, -3.26488369e-02, -4.67954981e-02, -7.07886802e-02,  2.03479821e-02],
       [-1.96543626e-02, -3.06396115e-02, -8.86321024e-03, -1.16291690e-01, -2.21748638e-02],
       [ 2.36224995e-02,  1.07354523e-03,  4.04994397e-02,  3.88462309e-02,  3.32084726e-02],
       [-7.54972300e-03,  1.13233399e-02,  1.06921851e-01, -7.96306547e-02,  3.07668908e-02],
       [-2.85928844e-02,  1.01288658e-01,  2.57455542e-02, -5.64145777e-02, -1.68102583e-02],
       [ 1.08014673e-01,  3.08948809e-03,  4.48115427e-02, -1.31215411e-02, -3.47101125e-02],
       [-9.16098838e-02, -4.83856739e-02, -1.12626050e-03,  3.07995960e-02, -1.43062441e-04],
       [-7.51156033e-02,  1.12710052e-01,  5.41871456e-02, -1.14800696e-01,  3.63230119e-02],
       [-1.96644924e-02,  4.86002433e-02, -1.06087650e-01, -2.64438636e-02,  5.17881069e-02],
       [ 2.38529075e-02, -1.60722850e-01,  6.75430199e-03,  2.83551428e-02, -7.63700567e-02],
       [-1.37482305e-02,  1.67424429e-02, -2.21162558e-02, -2.80704817e-04, -6.16584076e-02],
       [-6.62492483e-02, -5.58049471e-02,  3.78695201e-02,  8.42848975e-02, -4.55616085e-03],
       [-9.08295638e-03, -2.03613084e-01,  4.17762423e-02,  1.98937659e-02,  2.37638549e-02],
       [-2.68101923e-01, -1.60231940e-01, -5.27593832e-02,  1.17058048e-01,  1.59411374e-01],
       [-8.97707051e-02,  1.00087875e-04, -1.23770409e-01, -2.65065875e-02,  1.25976748e-02],
       [ 4.24283907e-02,  6.23208897e-02, -2.51659847e-02,  1.08824123e-02, -1.62573900e-02],
       [-5.22267060e-03,  9.04850209e-02, -7.73524170e-02,  9.72828020e-02,  3.05679301e-02],
       [-1.10237673e-01,  3.67298849e-03, -8.13605064e-02, -4.15315255e-02, -8.65165964e-02],
       [-5.72216165e-03, -8.46378353e-02,  7.58178398e-02, -3.50400767e-02,  4.15912968e-02],
       [-1.42838499e-03,  6.18297059e-03, -2.93889776e-03, -2.28975644e-02, -1.45342883e-02],
       [ 6.55056749e-02, -1.01043946e-02, -7.03177752e-02,  1.58379850e-01, -3.13988476e-02],
       [-3.66607060e-02,  2.94116095e-02, -1.43751858e-01, -1.57240294e-02,  7.82871234e-02],
       [ 1.64079964e-02,  1.14778827e-02,  4.57062853e-02, -6.40888406e-02,  1.77379792e-03],
       [-1.59792549e-02,  3.01966894e-02, -7.22557537e-02, -1.56122508e-01,  2.10472814e-01],
       [ 5.75045618e-02, -1.74158887e-01, -1.79198906e-01, -7.37699805e-02, -1.02403862e-01],
       [-1.77224321e-02, -1.82277651e-01, -7.96149259e-02, -3.16417278e-02,  6.46215028e-02],
       [-2.62477135e-02,  2.55983489e-02, -8.82693789e-03, -4.69917963e-02,  2.43772704e-02],
       [-6.33501160e-02,  5.24444237e-02,  3.12206767e-02,  1.72626253e-02,  5.67447846e-02],
       [-5.52226084e-03,  3.29342414e-02,  1.75511342e-01, -5.05869466e-02,  9.15374759e-02],
       [-4.87828463e-02, -2.66213256e-02,  6.38779466e-02,  1.02446141e-01,  2.04048401e-02],
       [-5.70007254e-02,  1.67795599e-03,  3.62437535e-02, -5.20468316e-02, -6.40372239e-02],
       [ 2.49649643e-02, -2.03504370e-02, -3.49576129e-02,  4.30845269e-03,  6.85752111e-03],
       [ 2.27419132e-02, -6.89221402e-04, -5.27250189e-02,  7.07355932e-03, -2.00218406e-02],
       [-1.02469224e-02,  5.85553543e-03,  4.23096001e-03,  1.05128094e-02, -2.57196027e-02],
       [ 4.58192102e-02,  1.48975433e-02, -6.00665419e-02, -4.69299896e-02, -7.38302333e-02],
       [-7.70524043e-02, -1.04635392e-01,  1.68855896e-02,  1.17351419e-01,  3.92728944e-02],
       [-6.28380207e-02,  1.46117368e-01,  5.98562526e-02, -5.25165560e-02,  1.63993184e-01],
       [-4.59086044e-02, -1.52508456e-03,  1.00911197e-02,  2.37880627e-02, -5.62545696e-04],
       [ 1.04144710e-01, -9.28087708e-03, -9.62091047e-02, -4.41530940e-02, -8.77953992e-02],
       [-1.73684278e-01,  4.80518354e-02,  1.69327088e-02, -1.89128769e-02, -9.62535432e-02],
       [ 9.22863444e-04, -9.35885838e-03,  1.19384943e-01, -6.04983020e-02, -3.78012744e-02],
       [-1.27417245e-02,  9.13822506e-02, -6.88144570e-02, -4.12974130e-02, -1.04903751e-02],
       [ 2.49227980e-03,  5.56243056e-02, -3.37249740e-02,  6.16329681e-02, -1.15336792e-02],
       [ 1.91824538e-02, -8.06294126e-02,  7.81686901e-02,  5.00822605e-02,  1.13901843e-02],
       [-5.50389766e-02,  7.08096340e-02, -2.53032016e-04,  5.08588693e-03, -1.85259996e-02],
       [-4.16923757e-02, -9.41906053e-04, -7.85487734e-03,  4.26994077e-02, -8.42797580e-03],
       [ 1.22219631e-02,  6.77134101e-02,  1.81932146e-02,  1.08337021e-01,  6.29725350e-02],
       [ 3.17567095e-02, -1.14663520e-02, -1.84899045e-02,  8.42323151e-02,  4.39477103e-02],
       [ 1.48974855e-02,  1.04805161e-02,  8.11975085e-02, -1.36163256e-01,  4.56834983e-02],
       [ 4.27479527e-02, -7.87248695e-02,  1.33269239e-02,  7.14516727e-02, -1.59897696e-01],
       [-2.09459498e-02,  5.49294180e-02, -2.89602541e-02,  5.96954724e-02,  3.41335525e-03],
       [ 2.52021681e-02,  1.37878479e-01, -4.39882221e-02, -5.09250933e-02, -5.58357947e-02],
       [-3.78421319e-03, -2.71301162e-02, -1.52557321e-02, -2.63336853e-02, -5.74829901e-02],
       [-8.64634467e-02,  1.58544100e-02, -1.75785644e-02,  2.63715565e-02,  8.22820768e-03],
       [ 1.57415983e-01,  1.91882195e-02,  1.65450063e-01,  2.63028249e-02,  5.26116539e-02],
       [-4.89233460e-02, -8.13918053e-02, -4.77667142e-02, -8.44937473e-02,  1.64706528e-02],
       [ 3.53962285e-02,  4.57724602e-02,  3.45324424e-02, -2.56619465e-02,  4.20269159e-02],
       [-5.99177167e-02, -1.04429724e-01,  2.54968990e-02,  8.64159795e-02, -3.89253383e-02],
       [ 7.16597273e-02, -3.25022083e-02, -2.53843987e-02,  6.67235196e-02, -5.41540425e-02],
       [ 3.96000664e-02,  6.83761322e-02, -2.81965558e-02,  2.87221116e-02,  9.82214772e-02],
       [ 5.69808350e-02, -3.05486668e-01,  1.74226114e-01, -5.13492642e-02,  1.94956147e-01],
       [ 1.57691623e-02,  1.36359418e-03,  2.38681806e-02,  1.80157159e-02, -1.95278718e-02],
       [ 9.84930005e-02, -1.32305528e-02, -6.16323091e-02, -3.03504637e-02,  1.31954119e-02],
       [-1.90213753e-02,  3.37779254e-02,  1.46872424e-02,  5.60985441e-02,  6.69453183e-03],
       [ 1.13561467e-01, -2.75266205e-02, -1.42011742e-01, -2.25126855e-02, -6.14891090e-02],
       [-2.59010951e-04, -2.69754231e-02, -2.48841189e-02,  5.04208983e-02,  3.96592955e-02],
       [ 1.50887357e-02, -7.17275905e-03,  9.82469872e-03, -1.62868640e-02, -1.52615131e-02],
       [-1.25501884e-02, -3.67338462e-02,  9.33638304e-03, -4.47324108e-02,  2.88647177e-03],
       [ 3.42659186e-02,  5.42528538e-02, -1.28937483e-01,  1.97668228e-02,  1.36029754e-01],
       [-8.32913796e-02, -3.48619642e-02,  3.25046381e-02,  1.49961346e-02, -3.13265008e-02],
       [ 1.77877517e-01, -4.74494252e-02, -2.25640166e-02, -2.71633432e-02,  7.34733395e-02],
       [-6.65870500e-02, -6.45317100e-02, -5.72603911e-02,  5.96413986e-02,  6.86676769e-02],
       [-5.55527382e-02,  9.54100832e-03, -3.57039005e-02, -9.92726253e-02,  6.78020415e-02],
       [ 8.99730236e-02,  2.60178026e-02,  8.19047359e-02,  1.69239618e-02, -2.17301595e-02],
       [-5.73437622e-02, -1.25271014e-02,  3.92030899e-02, -6.01110910e-02,  2.16320822e-02],
       [-7.69454631e-02, -4.06264778e-02,  7.87642299e-02, -8.80854166e-02,  6.13417660e-03],
       [-1.93549076e-02, -4.86607796e-02, -1.09319221e-01,  1.35759892e-01, -3.76379542e-02],
       [-3.89050412e-03,  3.31791456e-02, -7.19644638e-02, -8.50833466e-02,  5.36307699e-02],
       [ 2.81159628e-02,  2.17293492e-02,  9.58360505e-02,  3.92631103e-02, -9.39413752e-02],
       [ 5.66933079e-02, -4.49350351e-02, -1.13916981e-02,  1.94391132e-02, -2.97956586e-02],
       [ 2.33863787e-01,  3.51185299e-02, -7.63113874e-02, -1.59479874e-01, -1.06596002e-01],
       [ 3.97622192e-02, -1.66018852e-01, -3.33221066e-02,  2.88566817e-02,  6.89940604e-02],
       [-7.23871244e-02,  3.93908461e-02, -2.85658151e-02, -1.08310251e-01,  1.43767895e-02],
       [ 3.29376464e-03, -5.45492430e-03, -4.14519270e-03,  2.90775270e-02, -1.45233638e-04],
       [ 2.14865794e-02, -3.50699266e-02, -1.08544702e-01,  7.56671824e-03, -4.70072133e-03],
       [-4.44652502e-02,  4.74295237e-02, -3.49513672e-02, -5.27240689e-02,  1.05076029e-03],
       [ 7.03070287e-04, -4.86167666e-02, -3.84420702e-02,  8.21595488e-03, -4.63799236e-02],
       [ 7.33242885e-03,  9.91180056e-02, -3.71080394e-02, -4.24681873e-03, -4.00268182e-02],
       [ 1.23923890e-01,  3.36885058e-02, -1.28118557e-02, -7.52266910e-02, -6.12940881e-02],
       [ 6.32044376e-02,  2.59036806e-02,  8.44869647e-02, -6.72804674e-02, -5.91816356e-02],
       [ 1.82915735e-02, -4.24347876e-03,  1.81367168e-02, -2.07749042e-02,  1.35801870e-02]])})
2026-01-20 11:00:52,998 - final_problem_set.kxor_instance_n19_k4_m231_ell4_eps0.3_kappa1.0_rho0.0 - INFO - Running key extraction (n=19, m=231, ell=2, phase_qubits=13)
2026-01-20 11:00:53,000 - final_problem_set.kxor_instance_n19_k4_m231_ell4_eps0.3_kappa1.0_rho0.0 - INFO - Built voting matrix V (n=19, ell=2, dtype=complex128) in 0.002s
2026-01-20 11:00:53,000 - final_problem_set.kxor_instance_n19_k4_m231_ell4_eps0.3_kappa1.0_rho0.0 - INFO - Eval: adv=0.0649 (no ground-truth z available)
2026-01-20 11:00:53,000 - final_problem_set.kxor_instance_n19_k4_m231_ell4_eps0.3_kappa1.0_rho0.0 - INFO - Key extraction complete: x_hat=12
2026-01-20 11:00:53,000 - final_problem_set.kxor_instance_n19_k4_m231_ell4_eps0.3_kappa1.0_rho0.0 - INFO - Finished step 'KeyExtractionStep' in 0.002s (success: True, problem=kxor_instance_n19_k4_m231_ell4_eps0.3_kappa1.0_rho0.0)
2026-01-20 11:00:53,000 - final_problem_set.kxor_instance_n19_k4_m231_ell4_eps0.3_kappa1.0_rho0.0 - INFO - SUCCESS: len(z_hat)=19
2026-01-20 11:00:53,000 - final_problem_set.kxor_instance_n19_k4_m231_ell4_eps0.3_kappa1.0_rho0.0 - INFO - Metrics: adv=0.06493506493506493, ham_frac=None, corr=None
2026-01-20 11:00:53,000 - final_problem_set.kxor_instance_n19_k4_m231_ell4_eps0.3_kappa1.0_rho0.0 - INFO - z_hat (full): [ 1,  1, -1,  1, -1,  1,  1, -1, -1,  1,  1,  1,  1,  1,  1,  1, -1,  1,  1]
