2026-01-20 11:01:35,224 - final_problem_set.kxor_instance_n24_k4_m245_ell6_eps0.2_kappa1.0_rho0.0 - INFO - Starting iteration for /Users/julian/CodingProjects/UniT3/QuarticSpeedupK-XOR/z_Daphne/data/final_problem_set/kxor_instance_n24_k4_m245_ell6_eps0.2_kappa1.0_rho0.0.npz
2026-01-20 11:01:35,226 - final_problem_set.kxor_instance_n24_k4_m245_ell6_eps0.2_kappa1.0_rho0.0 - INFO - Loaded instance (n=24, m=245, k=4)
2026-01-20 11:01:35,226 - final_problem_set.kxor_instance_n24_k4_m245_ell6_eps0.2_kappa1.0_rho0.0 - INFO - Starting step 'ComputeKikuchiStep' (version 0.1) on problem kxor_instance_n24_k4_m245_ell6_eps0.2_kappa1.0_rho0.0 (fields={'ell': 2, 'threshold': 0.0})
2026-01-20 11:01:35,243 - final_problem_set.kxor_instance_n24_k4_m245_ell6_eps0.2_kappa1.0_rho0.0 - INFO - Finished step 'ComputeKikuchiStep' in 0.016s (success: True, problem=kxor_instance_n24_k4_m245_ell6_eps0.2_kappa1.0_rho0.0)
2026-01-20 11:01:35,243 - final_problem_set.kxor_instance_n24_k4_m245_ell6_eps0.2_kappa1.0_rho0.0 - INFO - Starting step 'ClassicalEigenvaluesStep' (version 0.1) on problem kxor_instance_n24_k4_m245_ell6_eps0.2_kappa1.0_rho0.0 (fields={'ell': 2, 'threshold': 0.0, 'kikuchi_matrix': <Dictionary Of Keys sparse matrix of dtype 'int64'
	with 1452 stored elements and shape (276, 276)>, 'num_eigenvalues': 5})
2026-01-20 11:01:35,284 - final_problem_set.kxor_instance_n24_k4_m245_ell6_eps0.2_kappa1.0_rho0.0 - INFO - Finished step 'ClassicalEigenvaluesStep' in 0.041s (success: True, problem=kxor_instance_n24_k4_m245_ell6_eps0.2_kappa1.0_rho0.0)
2026-01-20 11:01:35,284 - final_problem_set.kxor_instance_n24_k4_m245_ell6_eps0.2_kappa1.0_rho0.0 - INFO - Starting step 'KeyExtractionStep' (version 0.1) on problem kxor_instance_n24_k4_m245_ell6_eps0.2_kappa1.0_rho0.0 (fields={'ell': 2, 'threshold': 0.0, 'kikuchi_matrix': <Dictionary Of Keys sparse matrix of dtype 'int64'
	with 1452 stored elements and shape (276, 276)>, 'num_eigenvalues': 5, 'eigenvalues': array([-5.15930914, -4.74428514, -4.68028205,  4.74252548,  4.92377079]), 'eigenvectors': array([[-1.97604342e-02, -1.55259056e-02,  2.31754510e-02, -1.60747856e-02, -6.95423787e-02],
       [-8.16644554e-03,  1.85424602e-02, -4.92109200e-03, -6.49327077e-03,  1.51159777e-03],
       [ 1.81118463e-02,  2.22229419e-02,  1.91480532e-02, -9.81939083e-03,  4.39357009e-02],
       [ 1.55020338e-02, -3.65441807e-02, -1.11585534e-02, -3.86156432e-02,  2.17426086e-02],
       [ 8.25483328e-03, -7.12239515e-03,  2.19247915e-02, -3.92035784e-02, -6.76267101e-03],
       [ 6.37799273e-03, -5.48602585e-02,  4.60115906e-02, -4.00419682e-02,  6.12021032e-03],
       [ 3.84103649e-02, -1.34244578e-02, -8.38667851e-02, -5.23137421e-02, -1.34311635e-02],
       [-3.22741774e-02, -3.83357970e-02, -2.84333297e-02,  1.34301922e-02, -2.42668569e-02],
       [-6.17810551e-02,  2.49519084e-02,  9.21503220e-02, -6.59977850e-02, -3.37389842e-02],
       [-1.10347890e-02,  4.04274470e-02,  4.89825704e-02, -1.13022931e-02, -4.43390231e-02],
       [ 9.28734666e-03,  1.24619487e-02,  1.14283773e-02,  1.86803066e-02, -1.54632653e-02],
       [ 2.13206264e-01, -8.23938496e-02, -1.71217146e-02,  1.55093825e-01,  1.18092470e-01],
       [-6.04423776e-02, -3.35957994e-02, -9.70104437e-02,  7.56336652e-02, -1.07488668e-01],
       [-8.93979374e-02,  7.23053350e-02, -2.73544498e-02, -1.08361087e-02,  1.11534598e-01],
       [ 1.10933019e-01,  4.57633429e-03,  1.70883463e-01, -5.88369399e-02,  2.07979115e-01],
       [ 4.22984857e-02, -6.91389020e-02, -5.55980469e-02,  3.69997637e-02,  4.37783276e-02],
       [ 4.67428592e-02,  5.75197375e-02,  3.52223040e-02,  2.16712490e-02,  1.46956473e-02],
       [-2.92752716e-03, -2.22337146e-02,  1.88260167e-02,  2.21516957e-02,  2.41535636e-02],
       [-2.02223579e-03,  1.74469603e-02,  2.69350580e-02, -5.68411414e-03,  1.34097738e-02],
       [-9.46012404e-02,  2.73149149e-02, -9.58137881e-02,  3.44068913e-02, -9.52117489e-02],
       [ 1.32343837e-01, -6.37048454e-02,  1.22308689e-01, -2.41107456e-01,  9.23305979e-02],
       [-2.47169796e-02,  9.06670030e-02, -4.34797974e-02,  5.91725206e-02, -4.68323815e-02],
       [-8.86488653e-02, -9.76988820e-02, -1.94952355e-01,  6.54702531e-02, -1.04102118e-01],
       [-6.67711186e-03,  2.53492916e-02, -3.07181571e-02,  2.44268310e-02,  2.16503911e-02],
       [-2.00158768e-02, -2.51891537e-02, -4.78755416e-02, -1.50605251e-02,  1.96277186e-04],
       [ 7.81664888e-03,  8.47060234e-03,  1.60121094e-02,  2.16721350e-02, -1.44315347e-02],
       [-2.32214704e-03, -3.52371709e-04,  2.10044022e-03, -1.84969603e-03,  1.12962667e-03],
       [ 6.13171588e-03, -8.54094019e-02, -1.89410535e-03, -1.94074977e-02,  2.10797235e-02],
       [ 2.55091124e-02, -6.99403212e-03, -3.82450159e-02, -5.55403088e-03, -2.48341600e-02],
       [-6.19383164e-02,  7.95339833e-02, -4.63031131e-02,  8.44432974e-03, -3.75227065e-02],
       [ 6.01233346e-02,  5.50585816e-02,  9.60356401e-02, -5.29270309e-02,  1.80140364e-01],
       [-8.46034060e-03, -1.00198284e-02, -1.08586070e-02, -4.39886461e-03, -5.77416297e-03],
       [-1.85845928e-02, -4.06703281e-02,  2.94419147e-03, -8.18205459e-03, -2.40395334e-02],
       [-1.06213613e-01, -1.13613116e-01,  3.51545537e-02,  1.90761302e-01,  5.28938811e-02],
       [ 3.20791904e-02,  3.51877076e-02, -7.43192118e-03,  1.90580836e-02,  3.78983186e-02],
       [-2.95999631e-02,  1.23760120e-02, -7.42706515e-02, -2.87641246e-02,  3.46338204e-02],
       [ 6.98783512e-02, -1.01806332e-01, -2.98003677e-02,  8.12706210e-03, -4.97961946e-03],
       [-2.22220191e-02,  3.93211702e-04, -5.16700165e-02,  5.62902867e-02,  3.37849849e-02],
       [-1.20063303e-01, -8.79438529e-02,  9.89457434e-02,  1.44974630e-01,  6.63318291e-02],
       [-3.26594367e-02, -8.51029633e-03, -3.72967336e-02, -3.24095084e-02,  1.28834184e-02],
       [-5.82484789e-02, -4.28895807e-02,  8.01887684e-02,  4.90318583e-04,  3.80481635e-02],
       [ 2.65242887e-02, -2.41430986e-02, -1.84855803e-02,  7.22208097e-03, -2.76148127e-02],
       [-1.53115251e-02, -2.67343799e-02,  2.91427086e-03,  1.21407594e-02, -9.51006411e-03],
       [-1.09980140e-01,  5.23045759e-02,  3.70818877e-02, -8.57078041e-02, -5.69700929e-02],
       [-1.55178819e-03,  2.75282887e-02, -1.67862923e-02, -9.36243191e-03,  1.12955967e-04],
       [ 3.73236470e-02, -4.96698412e-02,  3.08129911e-02, -4.22941974e-02, -5.61765051e-03],
       [ 2.72916497e-02,  3.26427698e-02, -7.13595521e-02,  6.87850355e-02,  1.67846194e-02],
       [-7.58728573e-03, -6.61919340e-03, -1.26995230e-01,  1.01061871e-01, -1.23717635e-01],
       [-8.14517674e-02,  4.65361514e-02,  7.94093424e-02, -8.07118451e-02, -4.35716601e-02],
       [ 2.44094748e-02,  1.78037606e-02,  2.82446107e-02,  1.06213399e-02, -2.36929647e-03],
       [-3.85788969e-02,  4.06936317e-02, -6.82452224e-02,  1.01807397e-02, -3.77080491e-03],
       [-8.39085397e-03,  2.37850004e-02,  3.14478299e-02,  1.92384452e-02, -1.14046576e-02],
       [-5.85029675e-02,  3.45709855e-03,  3.36953065e-02, -4.63575920e-04,  7.79314751e-03],
       [-2.39145893e-02, -1.11337757e-01, -1.41017775e-01, -4.27418404e-02,  3.57535594e-02],
       [-5.12213912e-03, -4.00903766e-02, -3.39997547e-02,  1.69848162e-02, -1.65416392e-02],
       [ 4.35305003e-02,  1.74628601e-01, -4.35268493e-02,  1.42051234e-02,  1.90171743e-01],
       [ 5.96815270e-02,  1.55825698e-01, -3.19441473e-02,  2.69887424e-02,  1.67490289e-01],
       [ 9.72110026e-02, -7.22217372e-02,  4.09990824e-02, -4.68607583e-03,  1.77030556e-01],
       [-1.74773948e-02, -5.99408177e-02, -2.05803274e-02,  2.42374480e-02, -2.91570748e-02],
       [-7.25438953e-02, -3.64592695e-03,  5.09532262e-02,  3.23420359e-02, -1.87500725e-02],
       [ 4.33697325e-02,  1.35021829e-01, -3.17838397e-02, -6.00790851e-02, -2.67479323e-02],
       [ 3.66672266e-03, -1.57621146e-02,  2.89560270e-02,  6.11999778e-03,  1.92510826e-02],
       [ 1.60623211e-02,  4.04300867e-02,  4.39280158e-02,  2.84699228e-02,  1.69581005e-02],
       [ 7.16361892e-02, -1.28434263e-01,  1.23765199e-01, -1.50114189e-01,  2.37911575e-02],
       [ 1.15705405e-02, -9.26211744e-03,  1.30521156e-02,  6.83754181e-03,  2.66980704e-02],
       [-2.99610278e-02,  2.02622553e-02,  5.31313653e-02, -3.96260653e-02,  4.73949419e-02],
       [ 3.90743393e-02, -6.51821293e-03,  5.36588600e-02, -2.55775640e-02, -1.46941293e-02],
       [ 1.27237966e-02,  4.91483016e-03, -2.99967525e-03, -2.35009563e-02,  2.58732914e-02],
       [ 1.97420209e-03, -1.93155821e-02, -4.65536621e-02,  3.61580107e-02, -5.61348489e-02],
       [-1.40695976e-02,  1.04844560e-02,  2.29621307e-02, -5.28000798e-02, -9.69461827e-03],
       [-1.96951581e-02,  3.97158068e-02,  3.87356990e-02, -2.01844845e-02,  5.02415905e-03],
       [ 6.83276727e-02,  3.74436341e-02,  1.05636535e-02,  3.28499384e-02, -5.51654140e-02],
       [ 1.12198692e-03,  2.72980428e-03, -3.45013172e-03,  1.35360841e-02, -1.23655930e-02],
       [-1.37864800e-01, -1.35171885e-02,  1.46917055e-01, -2.21892985e-01, -7.46266004e-02],
       [ 1.25585751e-01, -1.84227037e-02, -1.63190691e-01,  2.47846952e-02,  9.66462880e-02],
       [-1.21903417e-03,  3.13577490e-03, -9.33186792e-03, -3.96141190e-02,  4.22965275e-02],
       [ 6.47063435e-03, -7.28917001e-03, -1.18769484e-02,  4.55965877e-02, -4.23635361e-03],
       [ 3.01680328e-02,  2.11099185e-02, -5.85141945e-02, -3.41843334e-02, -1.57282829e-02],
       [ 2.10684452e-02, -1.01655115e-02, -1.68812975e-02,  5.76124231e-03,  4.86153096e-02],
       [ 4.54659899e-02, -2.25494025e-02,  1.17809023e-01, -6.21984107e-02,  2.46704306e-02],
       [ 3.20256376e-02,  2.06030276e-02, -5.37819239e-02,  6.38671787e-02,  1.32155217e-02],
       [ 6.37925299e-02,  3.50469575e-02,  4.70356625e-02,  1.64913660e-01, -1.80721033e-02],
       [-2.41953596e-01, -3.01583555e-01,  2.28505316e-02, -1.42171122e-01, -2.00372666e-01],
       [ 3.12350259e-02, -3.40105243e-02,  3.53544854e-02, -4.31916541e-03,  2.52443899e-02],
       [ 2.37433458e-02, -1.40144277e-01,  7.69631259e-02, -3.05267908e-02,  5.01068405e-02],
       [-6.75954835e-02, -5.18326724e-02, -1.23585936e-01,  6.92542493e-02, -1.09572664e-01],
       [-4.52518486e-02, -3.59957098e-02, -3.49826416e-02, -3.37344718e-02,  2.48791677e-03],
       [-6.98534332e-03,  5.20210111e-02,  7.41933457e-03,  5.64633515e-02,  1.42204396e-02],
       [ 1.20607606e-02,  6.78855606e-03,  9.73702173e-03, -4.10946291e-02,  1.30673079e-02],
       [-1.44387994e-02,  7.34769661e-02, -4.60827708e-02,  7.96086240e-02, -1.47813081e-02],
       [ 1.13036237e-01,  1.17875900e-01, -4.84069571e-02, -6.56286438e-02, -1.18786778e-01],
       [ 1.26687576e-03,  4.15607535e-02,  6.30249089e-02,  3.42375828e-02, -1.27215686e-02],
       [-1.20970186e-01, -1.72581975e-01, -6.19798091e-03,  5.76698395e-02,  2.78041410e-01],
       [ 3.24043663e-02, -5.36884770e-03,  1.02194932e-02, -2.88675205e-03, -9.02259836e-03],
       [-4.91311557e-03,  9.18880702e-02,  3.22463821e-02, -5.69352380e-02,  9.22446117e-03],
       [ 5.82358692e-02,  1.32986912e-01,  5.30227986e-02, -6.61653294e-02, -4.54805728e-02],
       [ 6.90542388e-03,  2.70687133e-02,  2.85406912e-02, -9.43170747e-03,  4.44920424e-03],
       [-4.16808113e-04, -7.08996440e-02, -9.81142032e-02, -7.28569923e-02,  4.59489261e-02],
       [ 4.50127669e-03, -3.35125753e-02,  6.98745056e-02,  3.97534012e-03, -2.48584784e-02],
       [ 9.87405457e-03, -3.88842485e-02,  4.45920259e-02,  3.34656580e-02, -3.12094251e-02],
       [ 3.50585110e-03, -8.34583649e-03,  1.48098701e-03,  1.89984796e-03, -2.29560059e-02],
       [-8.21476802e-02, -5.92990463e-04,  4.50965966e-02,  8.76823202e-02, -2.82354922e-03],
       [ 2.28590435e-02, -4.41007313e-02,  4.63090992e-02,  4.56586179e-02, -7.64635200e-02],
       [-3.79078652e-02,  1.43856598e-02, -3.22451672e-02, -5.88425912e-02,  1.58407600e-02],
       [-1.32505287e-02,  4.90677859e-03, -2.90911682e-02, -1.33490445e-02, -3.08293845e-02],
       [ 3.11108971e-02, -3.09213273e-02,  1.63516941e-02, -2.04464420e-03, -4.86048070e-03],
       [-2.34469737e-02, -3.63768134e-02, -1.32427508e-03, -1.21601539e-02, -5.64692025e-02],
       [ 7.36718281e-03,  4.45636050e-02,  5.37451953e-02, -1.85444695e-02,  3.14656925e-02],
       [-6.02527180e-02,  1.53229362e-02,  2.04934149e-02,  1.18669517e-02,  1.39264500e-02],
       [ 2.23577562e-02,  1.88597263e-02,  3.50327805e-02,  3.59927417e-02, -2.22723898e-03],
       [ 1.65445089e-02,  1.93828301e-02,  1.76843987e-02,  2.01592747e-02, -2.33262462e-03],
       [ 3.87230763e-03, -3.80020477e-02, -2.61673975e-02, -8.75132367e-03,  2.98971929e-02],
       [-3.17185561e-02,  5.43143783e-02, -4.75138597e-02,  3.62681490e-02,  8.31875288e-02],
       [-4.65780323e-02, -8.67709911e-03,  2.06108903e-02,  2.25662873e-02,  1.00658023e-02],
       [-7.16113266e-02, -1.58962436e-01,  1.30429770e-02,  2.89668252e-02,  7.25891631e-02],
       [ 1.80579610e-03, -2.39377144e-02,  2.58168545e-03,  1.32047383e-02,  3.57516855e-04],
       [-2.18440249e-02,  9.97597071e-03, -4.23486243e-02,  1.91053000e-02,  7.91887483e-02],
       [ 7.31471182e-03,  5.80797314e-02, -1.39407748e-02,  1.27796495e-02,  9.74975908e-02],
       [-1.15964280e-02, -1.80811421e-02,  2.57721298e-03, -5.50930908e-04, -2.70728394e-02],
       [ 8.42610265e-03,  3.28692953e-02, -1.43930009e-02, -1.35999772e-03, -1.85858811e-02],
       [ 2.56383025e-02,  9.16904503e-03,  5.09668584e-02,  2.23100540e-02,  3.31748112e-04],
       [ 9.48357452e-03, -1.30760780e-02, -4.62258924e-03, -3.11133531e-02,  2.49679859e-06],
       [-3.57851423e-02, -4.35475737e-03,  4.26612037e-02,  3.72091229e-02,  1.32070430e-02],
       [ 4.25440292e-03,  3.37538551e-02, -2.72537141e-02, -7.50636500e-03, -3.85934125e-02],
       [ 3.97902594e-02, -3.41541136e-03,  1.52416490e-02,  3.31056078e-02,  1.09361389e-02],
       [-1.78811940e-02, -8.95121642e-02,  2.16288537e-02, -2.03257906e-02, -4.39801371e-02],
       [-5.73676177e-03,  2.64965381e-02, -6.79790507e-02, -4.58066443e-02, -2.88543864e-02],
       [ 2.05376034e-02,  1.13212618e-01,  1.55846139e-02,  5.60321845e-02,  8.78662154e-02],
       [-1.76463990e-02, -1.49809791e-02,  1.48962963e-03,  1.50405181e-03,  5.73274131e-03],
       [ 1.04151901e-01,  7.62347005e-02,  1.41639829e-01, -8.06819573e-02,  6.40678342e-03],
       [-5.77956697e-02,  4.09104390e-02, -3.49361646e-02, -6.61000564e-02, -1.23056478e-01],
       [-1.19806744e-02, -1.67175186e-03,  9.83065267e-03,  8.77223055e-03, -5.56202279e-03],
       [-2.76305820e-02, -6.13994376e-02, -1.64589116e-02,  2.06336193e-02, -1.27867376e-02],
       [-1.98836331e-03, -2.96042543e-03, -2.87591237e-02, -1.22039386e-02,  2.80730235e-02],
       [-6.46371649e-02, -1.10470205e-02,  5.46637405e-02,  2.60831548e-02,  1.76700543e-02],
       [ 1.02175190e-02, -7.24986048e-02, -4.56652322e-02, -2.11976602e-02,  4.26133046e-03],
       [-5.66429985e-03, -3.78266831e-03, -2.46304569e-02, -1.71659665e-02, -1.00370436e-02],
       [ 6.74332661e-03,  1.13110937e-02, -4.95905585e-03, -3.83426720e-02, -2.10433875e-02],
       [ 2.10321539e-02,  5.31622432e-03,  5.01835949e-03, -8.28891081e-03,  2.01677159e-02],
       [ 6.57415323e-03,  1.21701998e-02,  2.46771504e-02,  1.74708068e-02, -2.74390272e-02],
       [ 4.09636150e-04, -4.53526467e-02, -4.79088845e-02, -4.16896773e-02,  3.08892659e-02],
       [-4.49173616e-04,  3.12272820e-02, -1.22719575e-02,  2.79393644e-02,  2.41021179e-02],
       [ 3.29932668e-02,  4.30617466e-02,  2.60339721e-02,  9.75908425e-03,  2.84697913e-03],
       [-2.30154690e-03, -2.36027113e-02,  2.69435599e-03, -9.74810814e-03,  9.72196818e-03],
       [-3.26158589e-03, -8.03385280e-03, -8.03125491e-03,  8.65635676e-04,  1.03085143e-03],
       [-4.01837113e-02,  1.22219501e-02, -1.29236844e-02, -6.46043230e-03,  4.41357964e-02],
       [-1.13910999e-03, -3.49402901e-02, -4.22532189e-02, -2.85460624e-02,  3.73681577e-02],
       [ 2.09373692e-03, -2.71228198e-02,  1.28014482e-03,  2.85072133e-02, -7.48074533e-03],
       [ 1.65133777e-02, -8.75952421e-03, -6.25299930e-02,  2.00914664e-03,  2.07308014e-02],
       [ 7.33752792e-03,  2.68808351e-03,  3.85028851e-02,  5.28946887e-03,  9.77057643e-03],
       [-5.86170907e-03,  3.57293691e-02, -1.13486793e-03,  4.53961293e-03,  1.45875101e-02],
       [ 2.43801310e-02,  5.92350789e-02,  8.51288277e-02,  3.84783760e-02,  4.40209101e-02],
       [-1.53785992e-02,  1.98972086e-02, -2.57113237e-03, -6.20011444e-03,  1.35912400e-02],
       [ 1.97768081e-02, -5.70078562e-02,  5.55958343e-02, -1.48316133e-02,  3.55909544e-02],
       [-7.63926160e-02,  2.94382637e-02, -7.20009895e-02, -7.79483377e-02,  8.74232790e-03],
       [ 5.22639577e-03,  2.16048602e-03, -7.16107448e-03, -1.64268963e-02,  1.20178043e-02],
       [ 9.66925128e-03, -1.26561591e-02,  1.14841901e-03,  1.68346466e-03, -3.11121856e-02],
       [ 2.56428023e-02, -2.23745288e-02,  3.05167522e-02, -1.63717761e-02,  3.25552237e-02],
       [-4.20735117e-02,  7.07658391e-02,  1.85401120e-02,  4.53648040e-02,  7.68983860e-02],
       [-1.12459244e-02, -1.37688067e-02, -7.82514819e-03,  1.65997248e-02,  2.28942565e-03],
       [ 1.84626612e-01,  2.06602106e-02, -1.99666466e-01,  1.76465213e-01,  6.50284527e-02],
       [ 2.63355764e-02,  3.52102915e-02,  2.41318018e-02, -3.45548661e-03, -3.84148894e-02],
       [-6.07861394e-03,  6.57789020e-02, -6.54761341e-02,  9.36524170e-02, -1.78877231e-02],
       [ 5.88062817e-03,  1.00320918e-02, -6.22816099e-02,  1.01128158e-02,  8.18669404e-03],
       [-3.91802113e-02, -4.68249976e-02, -1.28403498e-03,  9.02787830e-03,  4.64734693e-02],
       [ 1.28855292e-02, -2.43078866e-02,  1.65178038e-02, -1.08532617e-02,  1.48848244e-02],
       [ 2.71286018e-02, -7.56739773e-03,  2.85059251e-02, -2.71995342e-02, -6.13776262e-03],
       [-2.04939571e-02, -1.75391317e-02,  2.16389000e-02, -3.23083866e-02,  5.49365601e-02],
       [-1.17126273e-02, -1.70839375e-02,  7.43929005e-03, -1.98827250e-03, -1.38466975e-02],
       [-4.08357876e-03,  2.14268562e-03,  3.60689747e-03,  1.21480472e-03,  9.87359317e-03],
       [ 6.67693471e-02, -8.62826700e-02,  9.13971703e-03, -3.95786647e-03,  6.31938972e-02],
       [-4.78842696e-02, -1.50585168e-03, -3.42475097e-02, -8.41498903e-02,  2.46742588e-02],
       [ 3.76715884e-02,  3.97589058e-02, -6.28026274e-02, -4.63501344e-03, -9.06520749e-02],
       [ 1.85218392e-03, -4.35545096e-02,  8.80747676e-02,  1.01985938e-01,  5.01641355e-02],
       [ 5.52486054e-03,  1.46379434e-02,  1.44928510e-02, -1.55028960e-02,  7.87177100e-03],
       [-1.97988605e-02, -7.72591812e-02, -1.04447080e-01, -1.11833078e-02, -4.59693124e-02],
       [ 1.97107576e-03, -1.62204326e-02,  5.41230564e-03,  2.13813126e-02, -2.10512441e-02],
       [ 8.00649529e-03,  2.80577375e-03,  5.79993861e-02,  1.45109374e-01,  2.82184351e-02],
       [ 1.33048356e-02,  1.34831391e-01, -8.84910939e-03,  4.06341573e-02,  1.07240901e-01],
       [ 1.18835700e-01, -4.57971170e-02, -1.28667635e-01, -1.20744841e-02,  2.66101190e-02],
       [-1.06163106e-02,  6.85101075e-03,  2.19313659e-02, -2.09455231e-02,  1.42164398e-02],
       [-5.78303334e-03,  1.28506549e-02, -1.33871019e-02,  7.94305630e-04, -1.44340098e-02],
       [-2.69656195e-02, -1.24701710e-01, -9.86852181e-02, -5.95180788e-02,  6.83681544e-02],
       [-3.33032242e-02, -2.08345905e-02, -7.76651570e-02, -3.55430802e-02,  7.21153677e-02],
       [ 2.69321832e-02, -1.47571307e-04,  2.52006535e-02,  5.80860463e-02, -3.23658819e-02],
       [ 3.18834687e-03, -1.29257347e-02,  1.02870033e-02,  1.09552259e-02, -5.27195337e-03],
       [ 3.25985933e-02, -5.43188119e-02,  5.78115353e-02,  8.73470560e-02, -3.19566490e-02],
       [-4.25562480e-03,  3.85769026e-03, -2.02117352e-03, -4.08635704e-03,  9.04793333e-03],
       [ 2.24217891e-02, -1.65236782e-02,  3.16199286e-02, -7.69732586e-03, -1.66759840e-02],
       [ 5.92515351e-02,  5.97392205e-02,  9.16497725e-02,  3.91719753e-02, -1.71460603e-02],
       [-2.17841253e-02, -8.23141611e-03,  9.44708421e-03, -3.03099825e-02, -5.25908934e-03],
       [ 4.07144003e-02, -8.61409921e-02, -6.11065020e-02,  3.43882239e-02, -4.74087295e-02],
       [-1.73968221e-02, -9.75027242e-02, -2.82486927e-02,  1.13706022e-02, -6.62951464e-02],
       [ 1.25736006e-02, -8.11536115e-03,  2.89390768e-03, -2.54463342e-02,  3.72625320e-03],
       [-8.29849808e-03, -1.24672379e-02, -6.83727728e-02,  2.13604049e-02,  9.31507656e-02],
       [ 3.50002411e-01, -8.73498903e-02, -2.62454663e-01, -2.07112931e-01, -1.87837802e-01],
       [-8.35164177e-03,  1.80705812e-02, -4.15829917e-02,  6.84803436e-02,  1.47328765e-02],
       [-6.15678960e-02, -2.22530932e-02, -5.45224018e-02, -5.83599118e-02,  3.49019263e-03],
       [ 8.73485332e-02,  1.08764940e-01,  2.79433821e-02, -1.09024829e-02, -6.15582523e-02],
       [-5.62137959e-02, -1.13637576e-02, -2.84933306e-02,  9.25508496e-02,  1.31942828e-02],
       [-5.42034405e-03,  3.03386332e-02,  4.08848421e-02, -8.70737553e-02, -1.41683950e-02],
       [ 1.03877520e-02, -2.09420236e-02,  8.86682143e-03,  1.07924316e-02, -1.27944103e-02],
       [ 1.85665117e-02,  1.70231623e-02, -5.81954105e-02,  3.21476267e-03,  3.53277068e-02],
       [-2.39188481e-01, -3.84368281e-02,  9.30146483e-02, -9.34851084e-02, -6.19272961e-02],
       [ 3.95674860e-02,  2.64017078e-02, -1.56590008e-02, -3.87016986e-02, -1.65200256e-02],
       [-9.84819144e-03, -1.02442350e-02,  2.22558991e-02, -4.58310381e-02,  9.04933099e-03],
       [-6.59134288e-03, -2.51545684e-03,  1.12395612e-01,  8.04171384e-03,  7.97352873e-03],
       [ 1.16745930e-02,  4.72818137e-02,  9.13331964e-03,  5.39526823e-02, -9.31489299e-03],
       [ 1.18013214e-03,  1.78163492e-02, -1.12265915e-02,  5.48869185e-03, -6.93099615e-02],
       [-4.13543538e-02,  6.63072474e-02, -3.32506463e-02,  2.34125690e-02, -2.58427716e-02],
       [ 3.14652202e-02, -2.79488817e-02, -6.66394564e-04,  1.15832441e-02, -3.05784233e-02],
       [-2.40813439e-02,  2.56807774e-02, -2.52735794e-02,  4.11546009e-02, -7.19386002e-03],
       [-2.77518503e-04,  2.36998731e-02,  2.61766536e-02,  1.95538521e-02,  3.34998761e-03],
       [-1.93480454e-01, -3.42405711e-02, -2.78438599e-01, -2.52574026e-01,  3.04826473e-01],
       [ 5.09263416e-02, -6.43086357e-02,  1.10545943e-02, -2.02963521e-02, -2.38728170e-02],
       [-5.24443025e-02,  4.35579698e-02, -3.04133794e-02, -4.37408355e-02, -1.94415794e-02],
       [ 1.57356525e-02, -4.32382352e-02,  7.34287337e-03,  1.78383871e-02, -1.00618998e-02],
       [ 8.50245805e-02, -1.95907512e-02, -1.03402869e-01, -1.21942848e-01, -4.09738637e-02],
       [-1.65054346e-03,  3.85315527e-02,  2.34687572e-02, -1.17906017e-02,  2.21642345e-02],
       [ 1.76693093e-02,  5.95204860e-03,  1.04465165e-02, -4.44179495e-02,  3.23277220e-04],
       [ 6.43798163e-02, -1.12226808e-02, -1.94909922e-02, -3.47937486e-02, -2.43080188e-02],
       [-9.51039075e-03,  8.35532157e-03,  1.26580467e-02,  1.87406210e-02,  7.44877795e-03],
       [-5.54298013e-02,  9.14383262e-03,  9.32692284e-02,  8.72290670e-02, -2.11308791e-02],
       [ 6.32345586e-02, -4.54482658e-03,  2.86077880e-02, -3.79550321e-02, -1.43343266e-02],
       [ 1.50011484e-01, -2.27871702e-01,  1.37625544e-01,  1.20751429e-01, -9.28115360e-02],
       [ 3.76557985e-03,  2.81478253e-02, -2.04279201e-02, -2.01312482e-02,  2.08179001e-02],
       [ 1.87876556e-02, -6.24133712e-02,  4.64746813e-02,  3.61154725e-02, -1.49854746e-02],
       [-3.17371486e-03, -5.42021788e-03,  8.01512181e-03, -2.14812601e-03,  6.76795502e-03],
       [ 3.36936765e-03,  1.32523071e-03,  2.42798424e-02, -1.25071995e-02,  1.51161289e-02],
       [ 2.15807204e-02,  1.44906874e-02,  8.40282199e-02, -2.13940039e-02,  1.46625732e-04],
       [ 7.75379614e-02,  5.99929907e-03, -6.20626773e-02, -3.04469264e-02, -4.61569976e-02],
       [ 7.78863355e-04, -2.16634708e-02, -1.02185477e-02, -7.38193301e-03, -1.84000107e-02],
       [-2.74642184e-02,  1.30241318e-02, -9.87213682e-03,  2.41143479e-02,  3.94720204e-02],
       [-6.73686319e-03, -5.64945347e-03,  2.30311046e-02, -3.25015210e-02,  2.22273643e-02],
       [ 2.06019305e-02, -3.54312329e-02, -2.93454106e-02,  6.16513158e-02,  2.84636585e-02],
       [ 2.31742554e-03, -1.48151130e-01,  5.74362223e-02,  1.32503148e-01,  1.18673304e-01],
       [-2.20463416e-02,  1.49321699e-02, -3.70905309e-02,  6.03886947e-03, -1.80447650e-03],
       [-1.17981439e-02,  4.68941650e-02,  1.43410088e-03, -1.26888850e-02,  5.06018631e-03],
       [ 5.12825166e-03,  1.19462525e-02, -4.53381790e-02,  6.41218246e-03,  3.56132849e-02],
       [ 3.83042376e-02,  6.86421953e-02,  1.28603044e-02,  8.96695775e-02, -7.08521235e-04],
       [-2.17419131e-01,  1.60797931e-01, -8.89009689e-02,  1.99358513e-01,  9.26698766e-02],
       [ 2.12032931e-02,  6.88376309e-02, -5.55785457e-02, -2.10103093e-02, -5.13699453e-02],
       [-8.87405917e-02,  3.48083286e-02,  1.05236471e-01,  1.02202735e-01, -2.01791845e-01],
       [ 1.39624817e-01, -2.40377505e-02, -4.99593792e-02,  1.42604909e-01,  4.90891853e-02],
       [ 5.94037799e-02, -1.02433200e-01,  4.60288373e-02,  5.76123341e-02, -8.10482787e-02],
       [ 2.88905627e-02,  1.68268543e-02,  4.03185824e-02,  5.28284580e-02, -3.32196352e-02],
       [-1.30188409e-03, -2.52074053e-02, -1.23405541e-01, -2.86159928e-02, -1.85557725e-02],
       [-1.74050785e-02,  1.04994150e-01, -6.53101974e-02,  4.86379072e-02, -4.17919537e-02],
       [ 3.35018850e-02,  6.05319090e-03, -1.97937209e-02,  6.32627020e-02, -2.12835423e-02],
       [ 3.98740253e-02, -9.21997365e-02,  3.68730916e-02, -2.98864825e-02,  7.38649228e-02],
       [-6.02364602e-03,  1.47589789e-02,  1.58067711e-02, -1.55543777e-03, -2.56314237e-02],
       [ 1.00466808e-01, -7.38721153e-02,  7.02910046e-02, -4.62446483e-02, -5.88424900e-02],
       [-9.44559913e-02, -8.90142744e-02,  2.98083161e-02,  7.37908698e-02,  9.36386533e-02],
       [ 1.62225801e-02, -1.59017024e-01, -3.48934033e-02, -4.81224301e-02,  5.10018704e-02],
       [ 1.63277901e-01, -4.23641884e-02, -9.70819521e-02,  3.13462360e-02, -4.45308313e-03],
       [ 7.86894013e-02,  1.29074208e-01,  6.46801479e-02, -5.34399672e-02, -7.73099759e-02],
       [ 9.92656666e-04,  1.35499790e-01,  3.00429834e-02, -2.58483954e-02, -4.65811663e-02],
       [-9.06060368e-02, -6.04395058e-03, -4.06138928e-02,  1.56900556e-01, -4.83952874e-02],
       [-7.25620904e-02,  5.51002860e-02, -1.06444141e-01,  8.96315069e-02, -1.29308312e-01],
       [-1.59511793e-02, -2.19867951e-02,  6.87967181e-02,  1.34550532e-02, -6.92146440e-02],
       [ 6.44529709e-04, -3.52569766e-02,  5.49368673e-03,  3.18702246e-02, -1.37789045e-02],
       [ 5.78627098e-03, -2.48025963e-02,  4.86324790e-02,  2.38276184e-02, -1.21934352e-02],
       [-1.25794886e-01,  1.49365219e-01, -1.35073772e-01, -2.04539175e-01,  3.55338738e-02],
       [-7.31615391e-03, -6.65138247e-02, -4.68148498e-02,  7.05406465e-02, -4.02473328e-02],
       [-2.52420786e-02, -3.74222001e-03, -3.62610625e-02, -2.47423677e-04,  1.39110851e-02],
       [ 4.46476915e-02, -6.34622660e-02,  2.81814066e-02, -1.20549302e-02, -2.60866728e-02],
       [-2.53905389e-02,  1.62788377e-02, -1.50692146e-02,  3.12502773e-04,  1.85397067e-02],
       [ 1.15130727e-01,  1.46522104e-01,  9.13657927e-02, -1.53562997e-02, -1.55137929e-01],
       [-1.98894115e-02, -1.17152931e-02, -9.21242420e-02,  6.97236428e-02, -9.44505443e-02],
       [-2.04408797e-03,  1.15291859e-02, -4.51428661e-03, -8.72800007e-04,  1.90529608e-02],
       [-6.60762184e-03, -6.30047251e-02,  4.36252286e-03,  3.43670987e-02, -6.70315860e-02],
       [-3.23847214e-02,  6.89612342e-03,  2.01661138e-02,  8.16602738e-03, -6.89558480e-03],
       [-2.02573314e-02,  1.12431186e-01,  7.16186015e-02, -8.50809275e-02,  8.83813251e-02],
       [ 1.73139362e-02,  1.23266314e-02,  2.66895420e-02, -1.74062408e-02,  9.98423451e-03],
       [-2.98150317e-02, -2.91223399e-03,  2.96728373e-02,  8.26874614e-02,  1.00915533e-02],
       [-1.41606758e-01,  1.15410440e-01,  1.88642833e-02, -1.84251657e-02, -1.01230374e-01]])})
2026-01-20 11:01:35,286 - final_problem_set.kxor_instance_n24_k4_m245_ell6_eps0.2_kappa1.0_rho0.0 - INFO - Running key extraction (n=24, m=245, ell=2, phase_qubits=13)
2026-01-20 11:01:35,290 - final_problem_set.kxor_instance_n24_k4_m245_ell6_eps0.2_kappa1.0_rho0.0 - INFO - Built voting matrix V (n=24, ell=2, dtype=complex128) in 0.004s
2026-01-20 11:01:35,291 - final_problem_set.kxor_instance_n24_k4_m245_ell6_eps0.2_kappa1.0_rho0.0 - INFO - Eval: adv=0.1837 (no ground-truth z available)
2026-01-20 11:01:35,291 - final_problem_set.kxor_instance_n24_k4_m245_ell6_eps0.2_kappa1.0_rho0.0 - INFO - Key extraction complete: x_hat=20
2026-01-20 11:01:35,291 - final_problem_set.kxor_instance_n24_k4_m245_ell6_eps0.2_kappa1.0_rho0.0 - INFO - Finished step 'KeyExtractionStep' in 0.005s (success: True, problem=kxor_instance_n24_k4_m245_ell6_eps0.2_kappa1.0_rho0.0)
2026-01-20 11:01:35,291 - final_problem_set.kxor_instance_n24_k4_m245_ell6_eps0.2_kappa1.0_rho0.0 - INFO - SUCCESS: len(z_hat)=24
2026-01-20 11:01:35,291 - final_problem_set.kxor_instance_n24_k4_m245_ell6_eps0.2_kappa1.0_rho0.0 - INFO - Metrics: adv=0.1836734693877551, ham_frac=None, corr=None
2026-01-20 11:01:35,291 - final_problem_set.kxor_instance_n24_k4_m245_ell6_eps0.2_kappa1.0_rho0.0 - INFO - z_hat (full): [-1, -1, -1, -1,  1, -1,  1,  1,  1, -1,  1,  1, -1,  1, -1, -1, -1,  1,  1,  1,  1, -1, -1,  1]
