2026-01-20 11:01:20,664 - final_problem_set.kxor_instance_n23_k2_m181_ell2_eps0.25_kappa1.0_rho0.0 - INFO - Starting iteration for /Users/julian/CodingProjects/UniT3/QuarticSpeedupK-XOR/z_Daphne/data/final_problem_set/kxor_instance_n23_k2_m181_ell2_eps0.25_kappa1.0_rho0.0.npz
2026-01-20 11:01:20,665 - final_problem_set.kxor_instance_n23_k2_m181_ell2_eps0.25_kappa1.0_rho0.0 - INFO - Loaded instance (n=23, m=181, k=2)
2026-01-20 11:01:20,665 - final_problem_set.kxor_instance_n23_k2_m181_ell2_eps0.25_kappa1.0_rho0.0 - INFO - Starting step 'ComputeKikuchiStep' (version 0.1) on problem kxor_instance_n23_k2_m181_ell2_eps0.25_kappa1.0_rho0.0 (fields={'ell': 2, 'threshold': 0.0})
2026-01-20 11:01:20,693 - final_problem_set.kxor_instance_n23_k2_m181_ell2_eps0.25_kappa1.0_rho0.0 - INFO - Finished step 'ComputeKikuchiStep' in 0.028s (success: True, problem=kxor_instance_n23_k2_m181_ell2_eps0.25_kappa1.0_rho0.0)
2026-01-20 11:01:20,693 - final_problem_set.kxor_instance_n23_k2_m181_ell2_eps0.25_kappa1.0_rho0.0 - INFO - Starting step 'ClassicalEigenvaluesStep' (version 0.1) on problem kxor_instance_n23_k2_m181_ell2_eps0.25_kappa1.0_rho0.0 (fields={'ell': 2, 'threshold': 0.0, 'kikuchi_matrix': <Dictionary Of Keys sparse matrix of dtype 'int64'
	with 5502 stored elements and shape (253, 253)>, 'num_eigenvalues': 5})
2026-01-20 11:01:20,785 - final_problem_set.kxor_instance_n23_k2_m181_ell2_eps0.25_kappa1.0_rho0.0 - INFO - Finished step 'ClassicalEigenvaluesStep' in 0.092s (success: True, problem=kxor_instance_n23_k2_m181_ell2_eps0.25_kappa1.0_rho0.0)
2026-01-20 11:01:20,785 - final_problem_set.kxor_instance_n23_k2_m181_ell2_eps0.25_kappa1.0_rho0.0 - INFO - Starting step 'KeyExtractionStep' (version 0.1) on problem kxor_instance_n23_k2_m181_ell2_eps0.25_kappa1.0_rho0.0 (fields={'ell': 2, 'threshold': 0.0, 'kikuchi_matrix': <Dictionary Of Keys sparse matrix of dtype 'int64'
	with 5502 stored elements and shape (253, 253)>, 'num_eigenvalues': 5, 'eigenvalues': array([-12.65892182, -11.11201065, -10.9129002 ,  10.50439875,  11.40309228]), 'eigenvectors': array([[ 2.18994425e-02, -4.98400766e-02, -5.91702990e-02,  6.36187559e-02,  1.39992445e-01],
       [-6.12852038e-03, -1.20034307e-02,  5.23694032e-02, -3.49553910e-02, -2.15430069e-02],
       [ 2.39991522e-02, -5.35978821e-02, -1.25185696e-01, -2.94026680e-02, -1.69965131e-01],
       [-2.63696962e-03,  2.02905625e-02, -2.66189378e-02, -9.01624440e-02,  9.30165048e-02],
       [ 3.48635318e-02, -3.37762473e-02, -1.14925582e-01,  4.56891424e-02, -6.73108231e-02],
       [-4.79353497e-03, -2.52722065e-02,  1.04537619e-02, -2.34006110e-02, -1.51169903e-01],
       [-1.34804240e-02,  1.51920596e-02,  7.26037582e-02,  7.49707961e-02, -5.12314610e-03],
       [-2.30463313e-02,  2.71459818e-02,  6.53691103e-02, -1.19240632e-01,  9.93275006e-02],
       [-1.29936830e-02,  4.16035089e-02,  1.01779607e-01,  1.55309345e-01,  5.16452081e-02],
       [-1.11681947e-02,  3.69282779e-02,  7.05754276e-02, -1.08364301e-01, -1.44289210e-01],
       [-3.54639858e-02,  5.31391243e-02,  1.47610685e-01, -1.42630503e-01,  8.37022813e-02],
       [ 4.09321580e-02, -5.54042526e-02, -9.35008253e-02, -1.43697215e-01,  9.16593209e-02],
       [-1.50294436e-02,  3.17545150e-02,  5.18333192e-02,  3.60482327e-03,  2.89719145e-03],
       [ 3.45543551e-02, -6.49744084e-02, -6.43977283e-02, -1.29260222e-01,  3.40644561e-02],
       [ 2.17397071e-02, -2.60920199e-02, -4.86850264e-02, -9.03096846e-02, -1.11025743e-01],
       [-6.34754620e-03,  1.95641683e-02, -1.90414153e-02, -1.12234297e-01,  1.41150618e-01],
       [-1.47206081e-02,  3.08822805e-02,  7.88896522e-02, -1.76183381e-01, -2.52848396e-02],
       [-3.19730034e-03,  2.46013802e-02,  2.85609576e-02,  1.05022834e-01, -1.11615810e-01],
       [ 2.49159548e-03,  3.47332272e-04, -3.82507877e-02, -8.68790899e-03, -7.82175442e-02],
       [-8.94488909e-03,  3.41358689e-02,  5.67180519e-02, -6.28044789e-02, -8.77901010e-02],
       [-1.72348939e-02, -1.49022860e-02,  2.80339619e-02,  5.72748831e-02, -9.38113708e-02],
       [-2.62143712e-02,  3.52520537e-02,  4.55312038e-02, -2.05633554e-03, -1.81987146e-01],
       [-4.37471350e-02, -4.75271929e-02,  1.02449352e-03, -2.13305607e-02,  1.88737111e-03],
       [ 1.03283702e-01, -1.04177140e-01,  4.92426907e-02, -9.78012211e-02, -8.04048538e-02],
       [ 1.61171344e-02,  3.94536293e-02, -4.66400765e-02,  4.54479772e-03,  5.83564566e-02],
       [ 1.02701597e-01, -5.17433447e-02,  8.49604258e-02, -3.00468477e-03, -2.53349957e-02],
       [-2.80873229e-02, -7.47155674e-02, -8.53029146e-02, -7.96045602e-02, -6.44735870e-02],
       [-6.45337766e-02,  3.01596386e-02, -3.12553187e-02,  3.70779105e-02, -3.28967929e-04],
       [-7.77382541e-02,  2.63351470e-02, -8.97291911e-02,  1.18394771e-02,  9.67362607e-02],
       [-9.77946775e-02,  7.14062490e-02, -3.58323187e-02,  7.14618885e-02,  1.66213121e-03],
       [-4.94950657e-02,  7.64772032e-02,  5.27285285e-02, -1.03176030e-01, -4.59441893e-02],
       [-1.31516755e-01,  9.23441706e-02, -2.36393266e-02, -1.73246502e-02,  6.24397984e-02],
       [ 8.82802797e-02, -8.27271298e-02,  7.90937131e-02, -3.59589999e-03,  1.06925642e-01],
       [-4.83909154e-02,  6.93939484e-02, -1.63577469e-02, -5.56603637e-04,  1.05667532e-02],
       [ 7.05751228e-02, -9.10306590e-02,  7.90106324e-02, -2.60505326e-02,  6.20207765e-02],
       [ 5.25784716e-02, -3.03768510e-02,  3.39140295e-02, -6.90209682e-02, -2.80970653e-02],
       [-3.10520672e-03,  4.22626602e-02, -6.54173635e-02,  4.57171715e-02,  1.07307824e-01],
       [-8.44776139e-02,  5.23411356e-02, -4.09454338e-02, -7.55601109e-02,  2.88552939e-02],
       [-2.77018495e-02,  4.81692138e-02, -2.26905711e-02, -2.79296013e-02, -9.43480890e-02],
       [ 3.21540989e-02,  1.63932441e-03, -7.35415017e-02, -7.22177331e-02, -6.64758272e-02],
       [-5.43643273e-02,  1.08713686e-01,  1.49341205e-02, -5.97485640e-02, -1.89614146e-02],
       [-4.63455572e-02, -5.37394293e-02, -8.90317576e-02, -2.79697074e-02, -7.53173912e-02],
       [-5.92720201e-02,  6.19717606e-02, -7.47029970e-02, -8.20282371e-02, -6.74507452e-02],
       [-5.13011584e-02, -1.28077272e-01,  5.84056655e-02,  1.63974979e-02, -2.95237618e-03],
       [ 6.89905100e-03, -3.34963103e-02,  3.80901358e-02, -5.43096522e-03, -1.80306266e-02],
       [-5.44306781e-02, -1.48330232e-01,  4.46688672e-02,  5.68257337e-03,  7.11793129e-03],
       [ 6.87872655e-03,  5.76780975e-02,  1.59880620e-02,  3.72314298e-02,  1.66217618e-02],
       [ 2.67724584e-02,  8.15153548e-02, -3.85637403e-02, -3.33592492e-03, -1.11407105e-02],
       [ 4.31615813e-02,  1.01989993e-01, -1.34812009e-02, -2.14272936e-02, -1.54664965e-02],
       [ 4.26590281e-02,  1.15295372e-01, -5.56968577e-02, -1.60704515e-02,  8.41994674e-03],
       [ 2.27438044e-02,  4.39917269e-02, -5.93640708e-02,  2.39300530e-02, -6.07854969e-03],
       [ 4.66967581e-02,  1.48073362e-01, -6.74254832e-02, -1.68044382e-02, -1.03817844e-02],
       [-6.10900224e-02, -1.12616370e-01,  2.44968933e-02, -7.38837142e-03, -2.80702860e-02],
       [ 3.35822803e-02,  4.73947845e-02, -3.44860108e-02,  2.62181221e-03, -3.12294363e-03],
       [-5.18675128e-02, -6.50781121e-02, -4.50618085e-03, -1.84342858e-03, -1.76919771e-02],
       [-3.36075441e-02, -5.88639979e-02,  1.27063325e-02,  1.10137399e-02, -3.05825418e-03],
       [ 1.51853598e-02, -1.52066138e-02,  3.87470417e-02, -1.69085508e-02, -3.52890557e-02],
       [ 4.45145003e-02,  1.01798892e-01, -4.90867044e-02,  2.79814605e-04, -1.04096931e-02],
       [ 1.38287310e-02,  2.47607984e-02, -8.09308464e-03,  3.49675458e-02,  6.70765572e-03],
       [-5.19693383e-03, -4.79116537e-02,  6.41376049e-02,  1.03824757e-02,  1.47309691e-02],
       [ 2.72705947e-02,  3.12946066e-02, -4.30149642e-02,  1.19886158e-02,  4.15733429e-03],
       [ 2.32550322e-02,  7.33175469e-02,  3.78453247e-03,  1.47284309e-02,  1.32697074e-02],
       [ 3.58482903e-02,  6.76246562e-02,  1.93873369e-03,  3.03271179e-02, -1.39410386e-02],
       [ 7.05560129e-03,  1.01027249e-01, -1.09263418e-01,  1.42574491e-02, -8.84430430e-02],
       [ 1.62163547e-01,  3.76078828e-02, -6.84974907e-03,  9.35562147e-03,  6.47953751e-02],
       [-4.60962622e-02, -1.58628678e-01, -8.82621257e-02,  1.10414791e-01,  1.32145838e-01],
       [-7.87325076e-02, -2.29035375e-02,  2.94891313e-02, -6.74694825e-02, -1.81723703e-03],
       [-1.33304357e-01, -3.86756792e-02, -4.12543940e-02,  2.45896013e-02, -1.27154769e-01],
       [-1.75588082e-01,  1.54724685e-02,  8.32551801e-02, -1.26053134e-01, -2.58447584e-02],
       [-6.48346034e-02,  6.77399975e-02,  1.36044220e-01,  1.18493050e-01,  8.17739428e-02],
       [-1.72955818e-01,  8.78449800e-03,  1.13008798e-01,  5.55549958e-02, -9.80559214e-02],
       [ 1.46790495e-01, -4.16808080e-02,  1.66581062e-02,  4.84603661e-02, -1.11415729e-01],
       [-6.58349024e-02,  5.52328606e-02,  2.98809880e-02, -6.45904773e-03, -1.62217722e-02],
       [ 1.21306021e-01, -9.64525291e-02,  6.41475240e-02,  6.98367772e-02, -5.80907720e-02],
       [ 1.08423037e-01, -1.34812238e-02,  1.26312023e-03,  8.97339875e-02,  5.04263885e-02],
       [-4.05944678e-02,  9.56387524e-02, -1.15018229e-01, -1.25236310e-02, -1.40293674e-01],
       [-1.23015742e-01, -5.74558638e-03,  4.39628346e-02,  1.21372900e-01, -3.26378652e-02],
       [-4.73028937e-02,  5.55664516e-02, -2.80811168e-03, -8.35158920e-03,  1.37185591e-01],
       [ 4.69899083e-02,  5.18189753e-02, -1.77080867e-01,  4.76892216e-02,  6.39238601e-02],
       [-7.10962414e-02,  1.20515565e-01,  8.02072892e-02,  7.33344512e-02,  3.86237110e-02],
       [-7.94309731e-02, -1.38488610e-01, -8.17961477e-02,  4.24869718e-03,  1.05917082e-01],
       [-7.86798365e-02,  2.71906863e-02, -4.40019022e-02,  8.23410304e-02,  1.33924568e-01],
       [-7.87195851e-03,  9.20824078e-02, -1.06960592e-01,  1.87679912e-02, -2.24606007e-02],
       [ 5.21521542e-03, -2.43255700e-02,  2.42033399e-02,  1.87323138e-02, -7.49933784e-02],
       [ 3.10355790e-03, -5.75944546e-02,  6.35592387e-02,  2.93140824e-02, -6.26558507e-03],
       [-4.64867599e-03, -6.72175388e-02,  6.55889797e-02, -8.03436055e-02,  5.79787363e-02],
       [ 2.48111770e-03, -9.00890521e-02,  9.26611170e-02,  4.65810525e-02,  3.28867963e-02],
       [-2.70972213e-04, -4.21165861e-02,  4.18309539e-02, -2.71537101e-02, -6.62585199e-02],
       [ 1.41792640e-02, -1.08805327e-01,  9.91024444e-02, -5.59553895e-02,  3.11080029e-02],
       [ 1.62645827e-02,  8.43130484e-02, -8.02422752e-02, -6.15855205e-02,  3.76692565e-02],
       [-7.76049293e-03, -4.30056800e-02,  4.55031289e-02,  5.58479096e-03, -2.63933193e-03],
       [ 1.74525740e-02,  5.21412860e-02, -4.95901497e-02, -5.56397429e-02,  1.87821937e-02],
       [ 4.85375465e-03,  4.18158003e-02, -3.79115663e-02, -2.40062437e-02, -5.03440121e-02],
       [-1.03792503e-02,  2.86006333e-03, -3.09861122e-03, -6.97098462e-02,  6.45544990e-02],
       [-4.54183981e-03, -7.56890819e-02,  7.80322937e-02, -7.99685641e-02, -4.72511314e-03],
       [ 3.89411807e-04, -2.35145805e-02,  2.12609621e-02,  7.80482959e-02, -6.45948590e-02],
       [-7.16823718e-03,  2.76113332e-02, -2.27543325e-02,  8.12995480e-03, -3.47789862e-02],
       [-2.35928475e-03, -4.20649343e-02,  4.67195120e-02, -2.35916838e-02, -2.91250554e-02],
       [-8.90859175e-04, -3.96303037e-02,  4.05571849e-02,  4.60952101e-02, -4.85325893e-02],
       [-5.27477884e-03, -4.70995195e-02,  4.16649232e-02,  3.36553210e-02, -9.79077556e-02],
       [-1.49534887e-02, -1.45270496e-01, -8.58549821e-02, -1.17543283e-02,  3.61521581e-02],
       [-8.15893947e-02, -5.90682192e-02,  6.73803853e-03, -1.82702977e-02,  2.02779311e-03],
       [-9.84215529e-02, -7.75254239e-02, -6.81952555e-02,  5.50833270e-02, -4.67456277e-02],
       [-1.43306145e-01, -6.05778547e-02,  2.06682483e-02, -3.51624503e-02, -9.65900804e-03],
       [-8.31972919e-02,  2.19191804e-02,  1.09270859e-01,  2.49938851e-02,  3.20424465e-02],
       [-1.68794746e-01, -8.89286068e-02,  4.49843615e-02,  4.75056356e-02, -2.65958120e-02],
       [ 1.37020726e-01,  3.46002787e-02,  6.44283777e-02,  3.12028152e-02, -4.03447282e-02],
       [-8.13637957e-02,  1.63490998e-02,  8.85663195e-03, -3.85196882e-03,  1.00976096e-03],
       [ 1.37724972e-01, -3.46840140e-02,  1.13009339e-01,  4.13449644e-02, -2.61557331e-02],
       [ 9.16721507e-02,  3.32876416e-02,  3.57262832e-02,  2.05266694e-02,  2.52556118e-02],
       [-2.36188730e-02,  8.36137439e-02, -1.24541457e-01,  3.92677965e-02, -5.41204289e-02],
       [-1.27723724e-01, -7.12029850e-02,  3.02929333e-03,  5.03346320e-02, -3.68055525e-03],
       [-4.14130331e-02,  2.60183726e-02, -2.23848860e-02, -4.42705794e-02,  4.42943956e-02],
       [ 2.92988861e-02,  7.45790845e-02, -1.51715902e-01,  6.44709916e-03,  3.14985217e-02],
       [-9.40734924e-02,  7.35283117e-02,  4.93566116e-02,  2.01855330e-02,  1.47034572e-02],
       [-5.15762881e-02, -1.40191024e-01, -8.67184077e-02, -1.80991968e-02,  2.98453890e-02],
       [-7.20039961e-02, -9.60389910e-03, -6.70344754e-02, -1.94884541e-02,  4.28433486e-02],
       [ 1.60827941e-02,  8.18336037e-02,  4.15123590e-02, -4.28549186e-02,  1.52019074e-02],
       [ 8.50957127e-03,  9.51681908e-02,  5.93240334e-02,  2.44305668e-02, -1.01730868e-01],
       [ 1.69922144e-02,  1.35925419e-01,  7.30076802e-02, -1.01106090e-01, -1.80921876e-02],
       [ 2.41104986e-02,  6.87507743e-02,  9.51254520e-03,  1.10742470e-01,  7.85649262e-02],
       [ 4.03005048e-02,  1.84740628e-01,  8.22541850e-02,  5.75305658e-02, -7.39795060e-02],
       [-3.15512409e-02, -1.36805019e-01, -9.35661056e-02,  4.41746908e-02, -1.09642413e-01],
       [ 2.23569850e-02,  6.28358148e-02,  3.45263968e-02, -3.92725164e-03, -1.52928089e-02],
       [-3.55841624e-02, -9.73459955e-02, -9.20646871e-02,  5.73186036e-02, -6.07360280e-02],
       [-1.97323975e-02, -7.18665589e-02, -4.88166951e-02,  1.01459353e-01,  6.45632332e-02],
       [ 2.90544470e-03, -8.47168960e-03,  3.61253297e-02, -6.62321945e-03, -1.19388260e-01],
       [ 2.18486615e-02,  1.14083965e-01,  5.90808478e-02,  1.21309739e-01, -1.60335365e-02],
       [ 5.39663197e-03,  3.54619039e-02,  2.48921802e-02, -1.26694600e-02,  1.14873322e-01],
       [-6.53595053e-04, -4.82642607e-02,  2.19510494e-02,  5.80077914e-02,  7.44390279e-02],
       [ 2.75198033e-02,  6.16179075e-02,  3.49108891e-02,  6.07062678e-02,  3.25001905e-02],
       [ 2.78508340e-03,  5.20166043e-02,  3.61821507e-02,  6.92550083e-03,  1.03488312e-01],
       [ 1.93660390e-02,  8.02967229e-02,  6.39238872e-02,  7.46666733e-02,  1.15616412e-01],
       [ 7.19656374e-02,  5.15209133e-02,  2.19195431e-02,  4.74222758e-02, -1.00051300e-03],
       [ 8.92600030e-02,  3.98042532e-02, -4.69179058e-02,  3.52596471e-03,  4.11273353e-03],
       [ 4.03263159e-02, -1.27004554e-02, -7.81209485e-02, -2.85803147e-02, -4.27536667e-03],
       [ 8.74688331e-02,  4.89885891e-02, -5.57975368e-02,  2.23236969e-02,  7.11635356e-04],
       [-9.06820325e-02, -2.01305159e-02, -1.41873401e-02,  4.33294402e-02, -1.07085110e-02],
       [ 4.37905998e-02, -9.39870863e-03, -1.81072872e-02, -1.30997041e-03,  7.78498315e-04],
       [-7.69717765e-02,  2.09671296e-02, -4.41851414e-02,  2.75115636e-02, -5.79853476e-03],
       [-5.36775459e-02, -1.64051420e-02, -5.47264922e-03, -2.98879125e-02, -1.48856163e-03],
       [ 2.26765917e-02, -4.27963494e-02,  6.74546047e-02,  7.10907079e-02, -2.29941752e-02],
       [ 6.31660848e-02,  3.50636618e-02, -2.47407396e-02,  3.29973445e-03, -3.01906946e-03],
       [ 2.29135223e-02, -1.46542873e-02,  2.42298820e-03, -4.52017926e-02, -2.05837990e-03],
       [-1.88647066e-02, -4.72779972e-02,  9.99275569e-02, -3.31255432e-02,  1.04117928e-02],
       [ 3.93245378e-02, -3.56172998e-02, -3.76829269e-02, -9.51096428e-03,  5.61534404e-03],
       [ 3.97066295e-02,  8.38704869e-02,  3.99620387e-02, -3.28042624e-02, -7.95604823e-04],
       [ 5.47178695e-02,  1.09675456e-02,  3.16207353e-02, -6.36956904e-02, -1.56678725e-02],
       [ 9.70530466e-02,  4.64548316e-02,  2.86324307e-02,  8.39236688e-02,  4.72079438e-02],
       [ 6.24766196e-02, -7.11280270e-03, -5.21840810e-02, -4.52424739e-02, -9.73487522e-02],
       [ 1.37366702e-01,  7.99757514e-02,  1.36192660e-02, -1.07711553e-01,  4.50094900e-02],
       [-9.35827539e-02, -3.30967705e-02, -7.73281001e-02, -1.19398854e-01,  5.65336583e-02],
       [ 5.67510066e-02, -6.71888151e-03,  1.47192061e-02,  4.51685793e-03, -1.11712976e-03],
       [-8.73477770e-02,  1.25861772e-02, -9.14124165e-02, -9.19749237e-02,  2.00435173e-02],
       [-6.15460206e-02, -2.80533018e-02, -4.31992423e-02, -3.87498243e-02, -7.74583533e-02],
       [ 7.12447980e-03, -5.77405718e-02,  8.46532129e-02, -1.25933089e-01,  9.89591311e-02],
       [ 8.66257535e-02,  5.18722362e-02,  3.31512230e-02, -1.22197214e-01, -2.00625753e-02],
       [ 2.27058617e-02, -1.72075015e-02,  2.02657327e-02,  9.75316119e-02, -6.65402978e-02],
       [-1.96373380e-02, -5.01848888e-02,  8.85896322e-02,  2.48812016e-02, -6.05107377e-02],
       [ 7.72568138e-02, -4.49251534e-02, -8.87555755e-03, -2.32734336e-02, -5.93923292e-02],
       [ 3.31575949e-02,  9.25702554e-02,  6.80837152e-02,  5.85704409e-02, -5.74779042e-02],
       [ 4.97954626e-02,  1.38253219e-02,  5.67130745e-02,  4.14709864e-02, -1.18374858e-01],
       [ 6.42023898e-02, -4.58085721e-02, -1.16657113e-01, -7.31410767e-02, -5.16391653e-04],
       [ 1.58910533e-01,  2.91808734e-02, -1.04556042e-01,  3.81077795e-02,  3.30032635e-02],
       [-1.50846732e-01,  1.06056506e-02, -4.65776984e-03,  6.52232732e-02,  5.72686708e-02],
       [ 8.03529356e-02, -3.85175943e-02, -3.81198731e-02, -6.43963933e-03,  7.50292286e-03],
       [-1.32733502e-01,  6.87002568e-02, -4.78092955e-02,  3.22983137e-02,  3.73480288e-02],
       [-8.54630066e-02, -7.36681539e-03, -4.10108617e-03, -6.31673539e-02, -2.04576215e-03],
       [ 9.81800658e-03, -7.74073602e-02,  1.11537858e-01,  1.07520616e-01,  6.51543555e-02],
       [ 1.06043764e-01,  2.60032595e-02, -4.20240782e-02, -2.98065257e-03,  1.83507881e-02],
       [ 2.30030344e-02, -3.61690299e-02,  7.99516961e-03, -9.95402072e-02, -3.79224160e-02],
       [-1.11338802e-02, -5.14964523e-02,  1.27277040e-01, -7.64692418e-02, -2.94304352e-02],
       [ 7.20054577e-02, -8.65983525e-02, -6.92784810e-02, -3.18350734e-02, -5.76726890e-03],
       [ 6.55222312e-02,  1.26563621e-01,  6.03591611e-02, -6.91511865e-02, -3.14508623e-02],
       [ 9.11239870e-02, -1.26295428e-02,  3.13648236e-02, -1.29550537e-01, -1.46353491e-02],
       [ 6.16565362e-02, -5.74269704e-02, -1.42949654e-01,  5.05321887e-04, -6.44064144e-02],
       [-7.56794353e-02,  6.28140084e-02,  8.81651793e-02, -2.35494724e-02, -1.04079810e-01],
       [ 3.25828321e-02, -3.96900933e-02, -5.21213041e-02,  1.51836018e-02, -3.07265465e-03],
       [-4.86836459e-02,  6.99741727e-02,  5.44250858e-02,  5.70578478e-03, -6.80763186e-02],
       [-3.67041627e-02,  2.07746240e-02,  3.96355637e-02,  7.29629234e-02,  2.60193411e-02],
       [ 1.70735156e-02, -4.90000537e-02,  2.44807371e-02, -8.19063188e-02, -1.38530546e-01],
       [ 6.80861497e-02, -3.15990224e-02, -1.06396358e-01,  4.93899698e-02, -3.20229127e-02],
       [ 1.80696396e-02, -3.73608421e-02, -2.38151954e-02,  6.01784656e-02,  9.95640153e-02],
       [-1.22684392e-02, -1.34776771e-02,  6.48042083e-02,  5.89905683e-02,  5.71806354e-02],
       [ 2.77055430e-02, -8.43195919e-02, -8.94291346e-02,  6.28222630e-02,  2.39840094e-02],
       [ 4.35107136e-02,  5.58824704e-02, -9.71582909e-03,  4.03056097e-02,  6.63454277e-02],
       [ 4.21769913e-02, -4.15292838e-02, -3.81187216e-02,  1.13126450e-01,  7.08322226e-02],
       [-1.61140670e-01,  2.86601246e-03,  1.50149418e-02, -9.46428156e-02,  3.77654002e-02],
       [ 9.02097059e-02, -4.28867757e-02, -6.02353226e-02,  2.16011476e-03, -3.34374486e-03],
       [-1.33502530e-01,  7.39794045e-02, -4.38521498e-02, -6.66383766e-02,  1.67438592e-02],
       [-8.63878012e-02, -1.04235178e-02,  3.26619623e-04,  4.04177727e-04, -5.93418070e-02],
       [ 4.70029415e-02, -9.16210719e-02,  1.08891372e-01, -1.00915848e-01,  5.62761971e-02],
       [ 1.45007226e-01,  4.43585736e-02, -8.58318944e-02, -7.73708876e-02, -1.58276375e-02],
       [ 3.65076678e-02, -4.51370007e-02,  6.15230488e-03,  8.85230340e-02, -3.85104585e-02],
       [-1.59352923e-02, -6.50277672e-02,  1.61000918e-01,  4.36534560e-02, -4.72894303e-02],
       [ 7.63607721e-02, -1.13231462e-01, -9.77414535e-02, -1.54691111e-02, -3.02756751e-02],
       [ 8.36032215e-02,  1.70510145e-01,  6.40991659e-02,  7.17520696e-02, -4.21966519e-02],
       [ 8.12722342e-02, -7.23237304e-03,  3.11449366e-02,  7.14049730e-02, -7.76631023e-02],
       [-5.68301805e-02,  4.63424263e-02,  2.48002390e-03,  1.70016415e-02, -7.21965445e-03],
       [ 1.17673534e-01, -8.55351382e-02,  1.07727307e-01, -1.02463401e-01,  6.50510108e-03],
       [ 8.03904345e-02, -5.81840029e-03,  4.12353033e-02, -2.20677301e-02, -7.99555710e-02],
       [-1.10020535e-02,  7.60438078e-02, -9.97594487e-02, -1.16834163e-01,  6.50050557e-02],
       [-1.02610035e-01, -7.03111204e-03, -1.42014415e-02, -1.04173367e-01, -2.19277227e-02],
       [-3.69608339e-02,  4.46157574e-02, -2.33043480e-02,  1.28243291e-01, -7.41782769e-02],
       [ 2.33991924e-02,  4.54334465e-02, -1.27978823e-01,  2.50256306e-02, -3.73637067e-02],
       [-8.56950894e-02,  1.12756645e-01,  3.76027873e-02, -2.39323058e-02, -4.91810145e-02],
       [-5.66973451e-02, -1.19491207e-01, -9.84411300e-02,  7.82804723e-02, -5.72420700e-02],
       [-5.95993859e-02,  2.09138284e-02, -6.32435580e-02,  7.35694864e-02, -1.52830585e-01],
       [-5.91113433e-02,  7.26288463e-02, -2.27045916e-02,  6.20172219e-03, -1.82496427e-03],
       [-4.12710088e-02,  2.30119886e-02,  8.08480954e-04,  4.07399092e-03, -5.35375229e-03],
       [ 1.03035391e-02, -4.51017473e-02,  4.76785707e-02,  7.90397397e-03,  3.35936050e-03],
       [ 4.77876621e-02, -2.44834647e-02, -2.02596510e-02,  5.03435652e-03, -9.22250329e-03],
       [ 2.02382760e-02, -3.22320421e-02,  1.57849454e-03,  1.59385676e-04,  2.30459526e-04],
       [-1.62780089e-02, -1.64010554e-02,  6.87781744e-02, -3.83874061e-04, -1.39338552e-04],
       [ 3.97551234e-02, -7.54884038e-02, -4.00581084e-02,  7.05781595e-05, -4.27205229e-03],
       [ 2.92596279e-02,  4.54428269e-02,  2.84727076e-02, -9.95865993e-04,  9.12519730e-03],
       [ 3.61431653e-02, -3.25467592e-02,  1.27882570e-02,  3.84655796e-03, -1.11659989e-02],
       [ 5.62497089e-02, -2.30427684e-02,  3.94569432e-02,  3.20320704e-03, -4.84498795e-02],
       [-1.10603391e-02,  5.36345126e-02, -7.16115854e-02, -1.05992042e-01,  2.30382490e-02],
       [-1.07944718e-01,  4.75238911e-02, -5.02368548e-02, -7.31584012e-02, -2.18876764e-02],
       [-3.49210270e-02,  5.36346696e-02, -2.98163195e-02,  1.05458988e-01, -3.22435720e-02],
       [ 3.94990164e-02,  7.57540877e-03, -7.95520913e-02,  4.61939361e-02, -2.14235711e-02],
       [-5.66850994e-02,  1.05073572e-01,  1.48466552e-02,  2.28270727e-03, -3.07906317e-02],
       [-5.79553762e-02, -7.25810038e-02, -1.02103011e-01,  7.05848896e-02, -2.77243727e-02],
       [-5.19904884e-02,  4.14897525e-02, -6.69392278e-02,  7.93126725e-02, -8.80538990e-02],
       [-9.56830654e-03,  3.59012915e-02, -5.06178947e-02, -6.82678545e-02, -9.67964343e-02],
       [-6.25832218e-02, -5.91662112e-03, -6.18667351e-03,  4.36792005e-02, -2.87253959e-02],
       [-2.54034400e-02,  2.04649463e-02, -1.78701355e-02,  4.34568191e-02,  8.81350816e-02],
       [ 1.52917150e-02,  2.24505375e-02, -5.49185481e-02,  5.91538787e-02,  4.26164178e-02],
       [-4.73146125e-02,  5.02369443e-02,  2.26924951e-02,  5.09376315e-02,  1.65587709e-02],
       [-3.02734863e-02, -5.79008795e-02, -4.22284384e-02,  3.36676146e-02,  5.28574577e-02],
       [-3.69985986e-02,  4.25337764e-03, -2.89819883e-02,  8.60008883e-02,  5.64890800e-02],
       [ 1.40521332e-02, -6.13218312e-02,  9.15964141e-02, -1.58330781e-01, -1.32746056e-02],
       [ 3.15377955e-03, -2.23297276e-02,  2.66962923e-02,  1.02086313e-01, -1.00276667e-01],
       [-5.25614540e-03,  1.88220083e-02, -1.17592087e-02, -6.16748209e-03, -5.82360012e-02],
       [ 1.48445675e-02, -3.65437317e-02,  5.26473884e-02, -6.26059570e-02, -4.53346524e-02],
       [ 6.01345731e-03, -2.27355916e-02,  5.80440338e-02,  6.62080316e-02, -9.26168092e-02],
       [ 1.17851253e-02, -4.56423882e-02,  5.91930833e-02,  1.74437867e-02, -1.79618159e-01],
       [ 2.39307805e-02, -2.45526579e-02,  8.17641663e-03,  1.15092430e-01,  2.18475165e-02],
       [-1.45066874e-02, -4.40880401e-02,  1.09725804e-01,  7.35601545e-02, -3.62921035e-03],
       [ 6.69446861e-02, -6.64307299e-02, -5.50158930e-02,  2.85950670e-02, -1.83774440e-02],
       [ 4.12893622e-02,  9.76008205e-02,  5.28959861e-02,  7.81234545e-02,  9.43209267e-03],
       [ 6.71483452e-02,  4.13720597e-04,  3.24838698e-02,  1.32352004e-01, -2.36632534e-02],
       [-1.47873254e-03, -4.66076310e-03,  2.92081501e-02, -1.84319782e-02,  7.07676160e-02],
       [ 1.97461926e-02, -5.06562621e-02, -9.57207068e-03,  4.08051847e-02,  5.28837741e-02],
       [ 1.90366460e-02,  2.73884287e-02,  3.39015917e-02, -5.01373327e-02,  6.06627185e-02],
       [ 2.57864231e-02, -3.09466818e-02,  2.69418990e-02, -1.83814461e-02,  1.15989646e-01],
       [-1.67434615e-02, -4.32807249e-04,  7.97687157e-02,  4.54615444e-02,  2.78855467e-02],
       [-1.16263906e-02, -5.25195552e-02,  4.77630479e-02, -5.07399205e-03,  5.09755885e-02],
       [-1.84303216e-02, -2.23878746e-02,  6.34617303e-02,  4.57661465e-02,  9.82695776e-02],
       [ 5.03409860e-02,  3.51879069e-02,  2.25128281e-02,  3.05650769e-02,  3.84769392e-02],
       [ 4.74357919e-02, -6.46815837e-02, -5.62153753e-03,  7.86371772e-02,  4.89357107e-02],
       [ 2.97426633e-02,  6.64136926e-02,  6.45613515e-02, -5.01120092e-03,  1.03834401e-01]])})
2026-01-20 11:01:20,788 - final_problem_set.kxor_instance_n23_k2_m181_ell2_eps0.25_kappa1.0_rho0.0 - INFO - Running key extraction (n=23, m=181, ell=2, phase_qubits=13)
2026-01-20 11:01:20,791 - final_problem_set.kxor_instance_n23_k2_m181_ell2_eps0.25_kappa1.0_rho0.0 - INFO - Built voting matrix V (n=23, ell=2, dtype=complex128) in 0.004s
2026-01-20 11:01:20,792 - final_problem_set.kxor_instance_n23_k2_m181_ell2_eps0.25_kappa1.0_rho0.0 - INFO - Eval: adv=0.2376 (no ground-truth z available)
2026-01-20 11:01:20,792 - final_problem_set.kxor_instance_n23_k2_m181_ell2_eps0.25_kappa1.0_rho0.0 - INFO - Key extraction complete: x_hat=0
2026-01-20 11:01:20,792 - final_problem_set.kxor_instance_n23_k2_m181_ell2_eps0.25_kappa1.0_rho0.0 - INFO - Finished step 'KeyExtractionStep' in 0.005s (success: True, problem=kxor_instance_n23_k2_m181_ell2_eps0.25_kappa1.0_rho0.0)
2026-01-20 11:01:20,792 - final_problem_set.kxor_instance_n23_k2_m181_ell2_eps0.25_kappa1.0_rho0.0 - INFO - SUCCESS: len(z_hat)=23
2026-01-20 11:01:20,792 - final_problem_set.kxor_instance_n23_k2_m181_ell2_eps0.25_kappa1.0_rho0.0 - INFO - Metrics: adv=0.23756906077348067, ham_frac=None, corr=None
2026-01-20 11:01:20,792 - final_problem_set.kxor_instance_n23_k2_m181_ell2_eps0.25_kappa1.0_rho0.0 - INFO - z_hat (full): [ 1,  1, -1, -1,  1, -1, -1, -1,  1,  1, -1,  1,  1,  1,  1, -1,  1,  1, -1, -1, -1, -1, -1]
