2026-01-20 11:00:32,482 - final_problem_set.kxor_instance_n15_k2_m102_ell2_eps0.25_kappa1.0_rho1.0 - INFO - Starting iteration for /Users/julian/CodingProjects/UniT3/QuarticSpeedupK-XOR/z_Daphne/data/final_problem_set/kxor_instance_n15_k2_m102_ell2_eps0.25_kappa1.0_rho1.0.npz
2026-01-20 11:00:32,482 - final_problem_set.kxor_instance_n15_k2_m102_ell2_eps0.25_kappa1.0_rho1.0 - INFO - Loaded instance (n=15, m=102, k=2)
2026-01-20 11:00:32,483 - final_problem_set.kxor_instance_n15_k2_m102_ell2_eps0.25_kappa1.0_rho1.0 - INFO - Starting step 'ComputeKikuchiStep' (version 0.1) on problem kxor_instance_n15_k2_m102_ell2_eps0.25_kappa1.0_rho1.0 (fields={'ell': 2, 'threshold': 0.0})
2026-01-20 11:00:32,491 - final_problem_set.kxor_instance_n15_k2_m102_ell2_eps0.25_kappa1.0_rho1.0 - INFO - Finished step 'ComputeKikuchiStep' in 0.009s (success: True, problem=kxor_instance_n15_k2_m102_ell2_eps0.25_kappa1.0_rho1.0)
2026-01-20 11:00:32,491 - final_problem_set.kxor_instance_n15_k2_m102_ell2_eps0.25_kappa1.0_rho1.0 - INFO - Starting step 'ClassicalEigenvaluesStep' (version 0.1) on problem kxor_instance_n15_k2_m102_ell2_eps0.25_kappa1.0_rho1.0 (fields={'ell': 2, 'threshold': 0.0, 'kikuchi_matrix': <Dictionary Of Keys sparse matrix of dtype 'int64'
	with 1742 stored elements and shape (105, 105)>, 'num_eigenvalues': 5})
2026-01-20 11:00:32,516 - final_problem_set.kxor_instance_n15_k2_m102_ell2_eps0.25_kappa1.0_rho1.0 - INFO - Finished step 'ClassicalEigenvaluesStep' in 0.025s (success: True, problem=kxor_instance_n15_k2_m102_ell2_eps0.25_kappa1.0_rho1.0)
2026-01-20 11:00:32,516 - final_problem_set.kxor_instance_n15_k2_m102_ell2_eps0.25_kappa1.0_rho1.0 - INFO - Starting step 'KeyExtractionStep' (version 0.1) on problem kxor_instance_n15_k2_m102_ell2_eps0.25_kappa1.0_rho1.0 (fields={'ell': 2, 'threshold': 0.0, 'kikuchi_matrix': <Dictionary Of Keys sparse matrix of dtype 'int64'
	with 1742 stored elements and shape (105, 105)>, 'num_eigenvalues': 5, 'eigenvalues': array([ 8.72765755,  9.27165575,  9.5451476 , 10.57032522, 17.22591221]), 'eigenvectors': array([[-0.03542135,  0.12415439, -0.18672279,  0.02325598,  0.08276696],
       [-0.06550469, -0.1536251 ,  0.04795681,  0.01804396, -0.11305161],
       [ 0.05710594,  0.05507574,  0.08486849,  0.05332832,  0.12632107],
       [-0.05993551, -0.08307761, -0.01587927,  0.06423064, -0.12999711],
       [ 0.1271349 , -0.15504511, -0.03699477, -0.0952469 , -0.08957299],
       [-0.1144082 , -0.03918401,  0.07060304, -0.15064197,  0.07924529],
       [-0.05902374,  0.00118057, -0.05656273,  0.04459137, -0.11687791],
       [-0.07371533,  0.00028169,  0.03786746,  0.02288184, -0.115521  ],
       [-0.07207113, -0.18030893, -0.06728017,  0.13694646, -0.06964235],
       [ 0.09398813, -0.0257255 ,  0.08747247,  0.0871858 ,  0.10547565],
       [-0.15606947, -0.12456549, -0.03233521,  0.01027896, -0.11881145],
       [-0.03578383, -0.08595514, -0.14002043, -0.12133073, -0.07228287],
       [ 0.05166311, -0.06814821, -0.03805893, -0.01292022, -0.12809297],
       [-0.06383363,  0.11345477,  0.11290851, -0.07448449,  0.10187958],
       [ 0.02613428, -0.08400045,  0.24322353, -0.02561833, -0.07417275],
       [-0.04322842,  0.01714645, -0.197023  ,  0.07990976,  0.08444438],
       [ 0.04746782, -0.04337819,  0.2485599 , -0.00406854, -0.0859187 ],
       [ 0.12411191, -0.08984458,  0.13676103, -0.08740768, -0.06016553],
       [-0.12928571, -0.03353302, -0.10945399, -0.07690895,  0.05390757],
       [ 0.04016254,  0.01972758,  0.21826326, -0.00983768, -0.08667052],
       [ 0.02656781,  0.00788483,  0.24325702, -0.02570055, -0.07531964],
       [-0.00329752, -0.13547074,  0.09908376,  0.07725208, -0.05303275],
       [-0.00221747, -0.03288739, -0.15193342,  0.09547177,  0.07009018],
       [-0.02076339, -0.07079869,  0.21123667, -0.03380575, -0.07975304],
       [ 0.01688449, -0.06059535,  0.05276627, -0.11514293, -0.05402768],
       [ 0.10618955, -0.03200919,  0.2282997 , -0.05132534, -0.08465042],
       [-0.12211491,  0.07845218, -0.13828941, -0.02256314,  0.07697825],
       [-0.06126668, -0.0216472 ,  0.05597598, -0.05290398, -0.11643484],
       [ 0.07308112,  0.05022724, -0.13297076, -0.06206544,  0.13047603],
       [-0.12091497,  0.13843797, -0.04994994,  0.10083923,  0.09053791],
       [ 0.11174936,  0.0590205 ,  0.02133951,  0.15327976, -0.08109846],
       [ 0.06991744, -0.0299866 , -0.07950842, -0.04263536,  0.11812788],
       [ 0.08642251, -0.03037381, -0.16573448, -0.01867096,  0.1145952 ],
       [ 0.07821621,  0.17198079,  0.00062664, -0.14032949,  0.07155733],
       [-0.10864166,  0.05214734,  0.03744505, -0.09538383, -0.10615217],
       [ 0.17202495,  0.09849639, -0.09782055, -0.00596628,  0.11997927],
       [ 0.0540112 ,  0.08922515,  0.06668424,  0.13875101,  0.08111888],
       [-0.03961619,  0.03684568, -0.10592159,  0.01859829,  0.12938299],
       [ 0.06514151, -0.11059304,  0.00054928,  0.08507366, -0.11403774],
       [-0.04827392,  0.07738265, -0.00955683, -0.01593824, -0.13284398],
       [ 0.13813377, -0.06080243, -0.02982963, -0.14566427, -0.09021256],
       [-0.1262086 , -0.14294431,  0.07236023, -0.10468711,  0.08182728],
       [-0.04501969,  0.14403952, -0.05006477, -0.02769696, -0.1182442 ],
       [-0.06063013,  0.1419088 ,  0.04683998, -0.0494201 , -0.11671697],
       [-0.08485324, -0.12245508, -0.08305398,  0.10683616, -0.0818287 ],
       [ 0.06685346, -0.13527592,  0.06489081,  0.13190088,  0.0947056 ],
       [-0.14950934,  0.01242411, -0.02623387, -0.06115103, -0.12126335],
       [-0.02816303, -0.0162938 , -0.13477212, -0.15904131, -0.07234837],
       [ 0.06774172,  0.09033691, -0.02917222, -0.09377907, -0.12941312],
       [-0.07482848, -0.00114695,  0.11580677, -0.01723353,  0.10512645],
       [-0.17747304,  0.09916357, -0.01180907,  0.0885056 ,  0.11448223],
       [ 0.12386379,  0.12641446, -0.02788509,  0.18210691, -0.08087767],
       [ 0.067521  , -0.13780299, -0.01684752, -0.09505881,  0.13262834],
       [ 0.0842404 , -0.13417512, -0.12109744, -0.0682099 ,  0.13001837],
       [ 0.0903145 ,  0.14479791,  0.03837794, -0.18214438,  0.07982482],
       [-0.08745705,  0.13822154, -0.02895962, -0.06275478, -0.11022448],
       [ 0.1839409 ,  0.00872823, -0.03888749, -0.05622505,  0.13609595],
       [ 0.04070632,  0.03325199,  0.13158303,  0.12600082,  0.0935137 ],
       [-0.07081117, -0.0697555 , -0.04098963, -0.02720041,  0.14716888],
       [ 0.08057557, -0.02287085, -0.06666842,  0.12136251, -0.11742471],
       [ 0.22195274,  0.01795891, -0.04280355,  0.03779273, -0.06534346],
       [-0.15720366,  0.01972848,  0.02387709,  0.09298783,  0.10281869],
       [-0.13745172,  0.01908388, -0.05694348,  0.10952013,  0.10083207],
       [-0.05715167,  0.18323986,  0.05086418, -0.03846842,  0.06373961],
       [ 0.07927205, -0.00073861, -0.03460971, -0.14632241, -0.07583372],
       [-0.06378665,  0.13832136,  0.00495112,  0.12202315,  0.10454986],
       [-0.06466344,  0.08018095,  0.08660318,  0.14801148,  0.05525854],
       [-0.23138943,  0.0745306 ,  0.00660527,  0.13487851,  0.09887351],
       [ 0.2010198 , -0.11015035, -0.07027292, -0.04300061, -0.08201329],
       [ 0.10487936,  0.1510569 , -0.04892498,  0.15603111, -0.07325546],
       [ 0.09716362,  0.14835032,  0.00290135,  0.14322717, -0.07289605],
       [ 0.02600096, -0.02379816, -0.04559675,  0.15098135, -0.04564373],
       [-0.07594863, -0.16234463,  0.074377  , -0.05820276,  0.0679585 ],
       [ 0.04431713,  0.09244591, -0.04097215,  0.15251593, -0.08514232],
       [ 0.07606933,  0.04245407, -0.11823634,  0.00170799, -0.05365237],
       [ 0.19010965,  0.12841444, -0.04357863,  0.13514702, -0.08067892],
       [-0.15165867, -0.06451058,  0.07733761, -0.14933013,  0.06447297],
       [ 0.07677194, -0.19225431, -0.06835946, -0.04601014,  0.11667754],
       [ 0.09847843,  0.0855843 ,  0.06427731, -0.17433791,  0.08101052],
       [-0.07780931,  0.1815023 , -0.05848175, -0.06614481, -0.0982892 ],
       [ 0.16833797, -0.07000768,  0.00695068, -0.03741426,  0.12298558],
       [ 0.03759655, -0.02651733,  0.1481553 ,  0.12300481,  0.08330614],
       [-0.05800562, -0.14821854,  0.00853202, -0.00756567,  0.13173887],
       [ 0.0646892 ,  0.04422686, -0.09652096,  0.09718831, -0.10563936],
       [ 0.10573331,  0.08509749, -0.00200054, -0.15805044,  0.08041598],
       [-0.09081467,  0.17692978,  0.02069234, -0.08318686, -0.09615984],
       [ 0.18078419, -0.0682106 , -0.08812181, -0.01417634,  0.12055407],
       [ 0.05071278, -0.02557273,  0.07385022,  0.13699154,  0.08162371],
       [-0.03652639, -0.14476916, -0.09531067,  0.01681607,  0.12907528],
       [ 0.05745966,  0.05399384, -0.01116666,  0.08898182, -0.11552232],
       [-0.09970693, -0.05631304, -0.08148237,  0.06080528, -0.06908904],
       [ 0.13481658,  0.15627419,  0.04740101, -0.14028103,  0.07379675],
       [ 0.05079342,  0.12250472,  0.11976875, -0.00276241,  0.05215619],
       [ 0.01651139,  0.14739692,  0.05644799, -0.14458236,  0.09070567],
       [-0.00803208, -0.13934723, -0.08266665,  0.14893221, -0.06346112],
       [-0.16132616,  0.07824667, -0.03843308, -0.09260933, -0.10083447],
       [-0.04505398,  0.02410343, -0.11440776, -0.14842946, -0.0596429 ],
       [ 0.00447168,  0.14627391, -0.04207492, -0.12171224, -0.10721273],
       [-0.02960566, -0.06854967,  0.1277735 ,  0.02500049,  0.09599832],
       [ 0.08555778,  0.06075865,  0.11960965,  0.1364069 ,  0.07647164],
       [ 0.06515389, -0.00361222, -0.0172841 ,  0.03249193,  0.14921785],
       [-0.01741797, -0.06571608, -0.07940078,  0.06943302, -0.10916852],
       [-0.02328133,  0.02290932,  0.12998443,  0.15976015,  0.08081904],
       [ 0.04748982, -0.06309674, -0.18054697, -0.07793865, -0.0725964 ],
       [ 0.17719214, -0.0125035 , -0.08845175,  0.05209902, -0.11654414]])})
2026-01-20 11:00:32,517 - final_problem_set.kxor_instance_n15_k2_m102_ell2_eps0.25_kappa1.0_rho1.0 - INFO - Running key extraction (n=15, m=102, ell=2, phase_qubits=11)
2026-01-20 11:00:32,518 - final_problem_set.kxor_instance_n15_k2_m102_ell2_eps0.25_kappa1.0_rho1.0 - INFO - Built voting matrix V (n=15, ell=2, dtype=complex128) in 0.001s
2026-01-20 11:00:32,518 - final_problem_set.kxor_instance_n15_k2_m102_ell2_eps0.25_kappa1.0_rho1.0 - INFO - Eval: adv=1.0000, hamming=0/15 (0.000), corr=1.000
2026-01-20 11:00:32,518 - final_problem_set.kxor_instance_n15_k2_m102_ell2_eps0.25_kappa1.0_rho1.0 - INFO - Key extraction complete: x_hat=4
2026-01-20 11:00:32,518 - final_problem_set.kxor_instance_n15_k2_m102_ell2_eps0.25_kappa1.0_rho1.0 - INFO - Finished step 'KeyExtractionStep' in 0.001s (success: True, problem=kxor_instance_n15_k2_m102_ell2_eps0.25_kappa1.0_rho1.0)
2026-01-20 11:00:32,518 - final_problem_set.kxor_instance_n15_k2_m102_ell2_eps0.25_kappa1.0_rho1.0 - INFO - SUCCESS: len(z_hat)=15
2026-01-20 11:00:32,518 - final_problem_set.kxor_instance_n15_k2_m102_ell2_eps0.25_kappa1.0_rho1.0 - INFO - Metrics: adv=1.0, ham_frac=0.0, corr=1.0
2026-01-20 11:00:32,518 - final_problem_set.kxor_instance_n15_k2_m102_ell2_eps0.25_kappa1.0_rho1.0 - INFO - z_hat (full): [ 1,  1, -1,  1, -1, -1,  1, -1, -1, -1,  1, -1, -1, -1,  1]
