2026-01-20 11:00:46,157 - final_problem_set.kxor_instance_n18_k2_m249_ell2_eps0.15_kappa0.625_rho0.8 - INFO - Starting iteration for /Users/julian/CodingProjects/UniT3/QuarticSpeedupK-XOR/z_Daphne/data/final_problem_set/kxor_instance_n18_k2_m249_ell2_eps0.15_kappa0.625_rho0.8.npz
2026-01-20 11:00:46,158 - final_problem_set.kxor_instance_n18_k2_m249_ell2_eps0.15_kappa0.625_rho0.8 - INFO - Loaded instance (n=18, m=249, k=2)
2026-01-20 11:00:46,158 - final_problem_set.kxor_instance_n18_k2_m249_ell2_eps0.15_kappa0.625_rho0.8 - INFO - Starting step 'ComputeKikuchiStep' (version 0.1) on problem kxor_instance_n18_k2_m249_ell2_eps0.15_kappa0.625_rho0.8 (fields={'ell': 2, 'threshold': 0.0})
2026-01-20 11:00:46,185 - final_problem_set.kxor_instance_n18_k2_m249_ell2_eps0.15_kappa0.625_rho0.8 - INFO - Finished step 'ComputeKikuchiStep' in 0.027s (success: True, problem=kxor_instance_n18_k2_m249_ell2_eps0.15_kappa0.625_rho0.8)
2026-01-20 11:00:46,185 - final_problem_set.kxor_instance_n18_k2_m249_ell2_eps0.15_kappa0.625_rho0.8 - INFO - Starting step 'ClassicalEigenvaluesStep' (version 0.1) on problem kxor_instance_n18_k2_m249_ell2_eps0.15_kappa0.625_rho0.8 (fields={'ell': 2, 'threshold': 0.0, 'kikuchi_matrix': <Dictionary Of Keys sparse matrix of dtype 'int64'
	with 3968 stored elements and shape (153, 153)>, 'num_eigenvalues': 5})
2026-01-20 11:00:46,250 - final_problem_set.kxor_instance_n18_k2_m249_ell2_eps0.15_kappa0.625_rho0.8 - INFO - Finished step 'ClassicalEigenvaluesStep' in 0.065s (success: True, problem=kxor_instance_n18_k2_m249_ell2_eps0.15_kappa0.625_rho0.8)
2026-01-20 11:00:46,250 - final_problem_set.kxor_instance_n18_k2_m249_ell2_eps0.15_kappa0.625_rho0.8 - INFO - Starting step 'KeyExtractionStep' (version 0.1) on problem kxor_instance_n18_k2_m249_ell2_eps0.15_kappa0.625_rho0.8 (fields={'ell': 2, 'threshold': 0.0, 'kikuchi_matrix': <Dictionary Of Keys sparse matrix of dtype 'int64'
	with 3968 stored elements and shape (153, 153)>, 'num_eigenvalues': 5, 'eigenvalues': array([11.79648122, 12.02911298, 12.68028618, 13.4741781 , 20.72935133]), 'eigenvectors': array([[ 6.24399233e-02,  1.20899007e-01,  9.89505798e-02,  9.89852092e-02, -8.86795347e-02],
       [-1.34604578e-01, -7.65471767e-02,  1.15237994e-02, -8.52380687e-02,  7.93458611e-02],
       [-3.22327088e-02,  3.96595348e-02,  1.56164646e-01, -5.01651077e-02, -7.55072801e-02],
       [-4.92270783e-02, -9.77091886e-02, -8.92078244e-03, -3.48283751e-02,  8.67996895e-02],
       [-8.19839597e-02,  5.04407260e-02,  1.41230094e-01, -3.04821284e-02, -8.29347872e-02],
       [ 4.01426794e-02, -2.17068406e-01, -5.26858233e-02,  4.67266149e-03,  8.29656279e-02],
       [ 4.08686486e-02,  4.91115043e-02, -8.06131213e-02, -1.70277391e-01,  5.77152466e-02],
       [ 1.54455099e-01,  4.27773478e-02,  1.35306364e-01, -3.44705189e-02, -6.10646925e-02],
       [ 1.38827367e-02, -4.31314083e-02, -5.52243180e-02, -1.35061735e-02,  1.06620624e-01],
       [-3.99168068e-03,  1.06337531e-01,  1.53350898e-01,  9.35639185e-02, -1.05687701e-01],
       [ 2.04374771e-02, -6.10820978e-02,  8.26575730e-02,  8.72226975e-02,  7.93621216e-02],
       [ 8.62110246e-03, -1.13749833e-01, -7.18004058e-02, -1.18233723e-01,  8.60132857e-02],
       [-1.83666301e-02,  6.98209188e-02,  5.75837800e-02,  4.92990335e-02, -9.81278056e-02],
       [-9.16725737e-03, -1.45819103e-01, -9.92156274e-02, -6.41178450e-02,  1.09048053e-01],
       [ 1.59904752e-03,  1.25348228e-01, -3.11960015e-02,  8.40488009e-02, -7.84947969e-02],
       [ 9.14221642e-02, -1.01509572e-01, -3.27754320e-02, -8.51173453e-02,  9.62441798e-02],
       [ 5.56624639e-02, -9.57540325e-02,  4.30973105e-02,  3.55555740e-02, -9.80719221e-02],
       [ 1.67900198e-01,  3.00401102e-02, -4.78945665e-02,  7.96969834e-02, -7.54991411e-02],
       [-8.22900860e-03,  2.22772522e-03, -1.15431807e-01,  5.01812604e-02,  7.34506739e-02],
       [ 9.42065080e-02,  4.36619971e-02, -3.16660088e-02,  3.18716496e-02, -8.30235945e-02],
       [ 3.52931749e-02, -3.89960917e-03, -1.09131184e-01,  3.33333551e-02,  8.73573200e-02],
       [ 1.04292829e-02,  1.54948962e-01,  1.18032153e-02, -7.55636549e-03, -8.24690418e-02],
       [-8.81203091e-03, -7.57263384e-02,  4.86472997e-02,  1.60281103e-01, -5.60637615e-02],
       [-1.74786182e-01, -1.12695856e-02, -1.02727902e-01,  3.52862588e-02,  5.89724506e-02],
       [ 5.29139090e-02, -2.52628601e-02,  8.49128359e-04,  9.95205970e-03, -1.10826189e-01],
       [-5.77896957e-02, -3.88968459e-02, -9.27075045e-02, -8.47046406e-02,  1.03106359e-01],
       [ 2.10233606e-02,  5.37271103e-03, -1.11603555e-01, -8.32869065e-02, -7.07630018e-02],
       [ 4.12858141e-02,  5.63694610e-02,  2.72277497e-02,  1.10816361e-01, -8.38343622e-02],
       [-4.07053320e-02, -1.22985038e-02, -1.02264667e-02, -4.97751568e-02,  1.02872122e-01],
       [ 7.38217392e-02,  6.94793199e-02,  4.07995538e-02,  5.77643449e-02, -1.05665811e-01],
       [-4.63794325e-02, -7.44532731e-02,  6.64830988e-02, -7.83064947e-02,  7.47788321e-02],
       [-3.02254049e-02,  4.03439025e-02, -1.37299888e-02,  7.75704681e-02, -9.22040994e-02],
       [-8.49271159e-02,  1.23444037e-01,  8.20280330e-03, -2.21391113e-02,  8.06030491e-02],
       [ 9.15953927e-02, -2.74586164e-02,  3.62629426e-02, -4.93244899e-02, -7.38116563e-02],
       [-1.46469850e-01, -1.36888475e-02,  1.07392637e-01, -3.24711503e-02,  7.01646894e-02],
       [ 5.03658028e-02, -2.68326523e-02,  8.31602411e-03, -3.17719831e-02, -8.14658311e-02],
       [-8.02361431e-02, -1.06633006e-01,  7.04912794e-02,  3.02362289e-03,  7.17383321e-02],
       [-3.88077208e-02,  7.62614024e-02,  1.81193383e-02, -1.36706386e-01,  4.87577672e-02],
       [ 1.96332401e-01, -6.58908456e-03,  3.75116695e-02, -3.11099907e-02, -5.13970609e-02],
       [-1.16611921e-01,  4.11014536e-02,  9.07488218e-02, -1.16500257e-02,  8.14497051e-02],
       [ 1.57346094e-01,  2.02869770e-03, -3.13129103e-02,  8.24037673e-02, -9.86931242e-02],
       [-6.05073752e-02,  1.41660317e-02,  1.42910966e-01,  6.39695205e-02,  5.46961691e-02],
       [-1.08514660e-01, -2.26754022e-02,  6.80096539e-02, -9.68959916e-02,  7.35582530e-02],
       [ 1.12969866e-01, -1.62965646e-02, -8.43882452e-02,  4.01841036e-02, -8.10909229e-02],
       [-1.57634263e-01, -2.62988216e-02,  7.72606513e-02, -5.25277414e-02,  9.19603291e-02],
       [ 1.16643919e-01,  4.89271294e-02, -1.48570195e-01,  8.19921602e-02, -6.80183400e-02],
       [-5.74846771e-02, -9.12670892e-03,  1.22694658e-01, -7.97823252e-02,  8.66950030e-02],
       [ 1.36782449e-01, -1.23556688e-01, -8.16616581e-02,  2.19718070e-02, -6.93925854e-02],
       [ 4.80353660e-03, -1.40024978e-02,  5.11562698e-02, -1.02910056e-01, -7.39004999e-02],
       [ 9.00124446e-02,  4.10538897e-02, -1.34968485e-01,  1.24264707e-01,  6.09522369e-02],
       [-5.70954150e-02,  7.16985600e-02,  7.49417945e-02, -1.17413316e-01, -6.59970934e-02],
       [-6.67233124e-02, -1.07276328e-01,  1.01789223e-01,  5.44625830e-02, -5.16504405e-02],
       [-9.59787907e-02,  1.90306993e-02, -1.19221996e-01,  1.01259056e-01,  4.61078414e-02],
       [-4.65204063e-02, -6.90341615e-02,  7.92863800e-02, -1.21025827e-01, -7.61314488e-02],
       [ 5.45776993e-02,  3.48671729e-02, -1.61497016e-01,  8.47105681e-02,  8.43725688e-02],
       [-3.20431148e-02, -2.79110268e-02, -3.48715686e-02, -1.42433064e-01, -5.20275107e-02],
       [-5.03071098e-02, -8.37218093e-03,  1.05345190e-01, -3.16486153e-02, -7.78138934e-02],
       [ 4.99401873e-02,  4.68876840e-02, -8.77144237e-02,  9.43484345e-02,  7.69619471e-02],
       [-3.87003178e-02, -1.25728346e-02,  1.25135750e-01, -1.06554245e-01, -8.72532858e-02],
       [ 4.33101072e-02, -1.97990383e-02, -1.66619176e-02,  5.27179261e-02,  7.29693524e-02],
       [-1.28536797e-01, -2.77949332e-02,  7.57790683e-02, -7.35899375e-02, -8.27881020e-02],
       [-3.94951076e-04,  1.39477853e-01, -5.72720736e-02,  8.72004907e-02,  6.55073554e-02],
       [-4.14903941e-02, -1.25896689e-02,  2.44799186e-02, -8.98659103e-02, -8.09291583e-02],
       [-2.78325674e-03, -1.48414690e-01,  6.86520516e-02,  6.79517787e-02,  8.27078352e-02],
       [ 1.43690159e-02,  9.94300618e-02,  1.38592152e-02, -1.38536409e-01,  6.21529517e-02],
       [ 1.77713334e-01,  5.09710761e-03,  4.91260382e-02, -7.86779299e-02, -5.99630229e-02],
       [-2.83968412e-02,  3.58603859e-02,  8.15830892e-02,  5.00932849e-02,  8.85595320e-02],
       [ 4.17921644e-02,  1.34407327e-02, -1.24378541e-02,  1.04594940e-02, -9.89489448e-02],
       [-6.96294603e-03,  3.19168772e-03,  1.44322349e-01,  1.12077890e-01,  5.86481854e-02],
       [-2.65708501e-02, -3.18106633e-02,  5.44649967e-02, -5.34242652e-02,  8.00837672e-02],
       [ 2.07911391e-02, -8.15902770e-03, -7.52022202e-02, -1.59154280e-02, -8.86493452e-02],
       [-5.68404588e-02, -4.31972329e-02,  6.07930460e-02,  1.47169847e-02,  1.00620060e-01],
       [ 3.86431946e-02,  6.37658610e-02, -1.43535314e-01,  3.22167428e-02, -7.52173804e-02],
       [ 4.26364948e-02, -1.79784155e-02,  9.85174512e-02, -1.79911988e-02,  8.65691991e-02],
       [ 7.04702169e-02, -1.33034771e-01, -7.33504365e-02, -2.41562140e-02, -7.44668459e-02],
       [-1.05432992e-01,  8.65195884e-02,  5.50189449e-02, -1.08787996e-01, -7.29277674e-02],
       [-1.04686339e-01, -1.15774419e-01,  8.93791855e-02,  7.60712077e-02, -5.62350683e-02],
       [-8.04708837e-02,  1.92216885e-02, -1.16650269e-01,  9.88218332e-02,  5.22575486e-02],
       [-1.00641188e-01, -7.40780251e-02,  5.27443101e-02, -1.09690591e-01, -8.30444860e-02],
       [ 1.14173523e-01,  3.40512523e-02, -1.42113066e-01,  6.49837329e-02,  9.29412499e-02],
       [-6.57518508e-02, -2.97308608e-02, -6.11153825e-02, -1.42498688e-01, -5.67487923e-02],
       [-9.28159413e-02, -5.57729419e-03,  7.43241786e-02, -1.13463888e-02, -7.85936922e-02],
       [ 1.06802495e-01,  4.91605979e-02, -6.15395176e-02,  7.98495329e-02,  8.45038995e-02],
       [-9.83834481e-02, -8.24790591e-03,  9.97043942e-02, -8.89309351e-02, -9.60417503e-02],
       [ 9.54309372e-02, -2.45926443e-02,  1.21874589e-02,  3.56122163e-02,  7.97798952e-02],
       [-1.70211301e-01, -2.43030618e-02,  4.50073537e-02, -5.13626509e-02, -8.33762195e-02],
       [ 3.70381975e-02,  1.55520604e-01, -3.59892730e-02,  7.60639622e-02,  7.23011391e-02],
       [ 9.03944588e-02, -9.57024420e-04, -2.47421860e-02, -1.03862695e-01,  6.27869728e-02],
       [ 1.18889759e-01,  8.53774583e-02,  7.41669632e-02, -1.04153735e-01, -5.86197982e-02],
       [ 5.55108542e-02, -8.12404242e-02,  3.54308018e-02,  8.91626728e-02,  8.65835541e-02],
       [-6.12005470e-02,  1.52862787e-01,  3.96716385e-02, -3.67747974e-02, -9.71526198e-02],
       [ 3.70917877e-02, -6.13607125e-02,  1.15654139e-01,  1.32896601e-01,  5.74222238e-02],
       [ 6.21223300e-02, -1.66272345e-01,  1.17792429e-02, -1.68799670e-02,  8.58843982e-02],
       [-6.44903500e-02,  1.10299121e-01, -2.93052036e-02, -5.56718376e-02, -8.73085223e-02],
       [ 4.64137364e-02, -1.85330600e-01,  5.57993116e-03,  6.04375062e-02,  9.75220294e-02],
       [-3.74303488e-02,  1.45027153e-01, -8.53868655e-02, -6.53291397e-03, -6.93923996e-02],
       [ 1.29126320e-01, -1.35416422e-01,  5.00813830e-02,  2.33818002e-02,  8.56417014e-02],
       [-3.42709733e-05, -3.72825313e-02, -4.79408240e-02, -7.49126379e-02, -8.71682154e-02],
       [ 7.73984393e-02, -8.80997507e-02,  9.99805325e-02,  5.77976861e-02, -4.46852613e-02],
       [ 5.95239225e-02,  1.35535125e-01, -1.86798225e-02, -1.18570118e-01,  6.16593036e-02],
       [-5.69154933e-02, -1.17166110e-01,  7.87742977e-02,  1.80317956e-01, -6.52534285e-02],
       [ 6.21588176e-02,  9.74887885e-02,  7.22989646e-02, -2.65399412e-02,  5.01878875e-02],
       [ 4.85596587e-02,  8.11182007e-02, -2.97630430e-02, -1.67747838e-01,  5.30288946e-02],
       [-6.57168940e-02, -1.16527298e-01,  2.13700067e-02,  1.39880296e-01, -6.07740319e-02],
       [ 5.38222626e-02,  1.05493574e-01, -4.54971940e-02, -1.66670803e-01,  6.87698741e-02],
       [-4.25382847e-02, -5.20830068e-02, -3.72849085e-02,  1.51383686e-01, -5.13477457e-02],
       [ 1.03512127e-01,  9.67102606e-02, -3.48656006e-03, -1.58407697e-01,  5.85240147e-02],
       [-1.30907664e-02, -1.79029627e-01,  1.04867377e-02,  1.06392902e-01, -5.10895369e-02],
       [ 1.45277120e-01, -3.77060778e-02,  7.58037383e-02, -9.24462352e-02, -6.25645326e-02],
       [-1.70240338e-01,  1.05640253e-02, -1.41443370e-01,  5.95517839e-02,  6.88065783e-02],
       [ 9.71567123e-02, -9.91263371e-03, -2.28057969e-02, -1.29142632e-01, -4.63900381e-02],
       [ 1.44473305e-01,  6.49336710e-03,  9.52061917e-02, -1.71889444e-02, -6.32963011e-02],
       [-1.55406294e-01,  2.52891812e-02, -8.78954231e-02,  7.76024267e-02,  6.84453641e-02],
       [ 1.83140616e-01,  7.28087079e-03,  1.12663762e-01, -7.97514724e-02, -7.04109634e-02],
       [-1.31950485e-01, -2.96603020e-02, -1.94914033e-02,  3.42768859e-02,  5.61124609e-02],
       [ 9.75646139e-02, -4.30714450e-03,  7.09802706e-02, -5.28899153e-02, -7.44257489e-02],
       [-1.47236000e-01,  9.79014131e-02, -5.64692961e-02,  6.42431876e-02,  5.32152349e-02],
       [-3.35025500e-02, -6.87946468e-02,  2.98940450e-02, -2.14031468e-02, -1.11451605e-01],
       [ 3.20043280e-02,  5.51904130e-02,  1.42270951e-01,  1.39555217e-01,  6.39063332e-02],
       [ 3.60013523e-02,  3.29604420e-02,  2.89035035e-02, -3.57685049e-02,  9.99887561e-02],
       [-4.43031650e-02, -8.23344951e-02, -4.68326260e-02, -4.73443949e-02, -9.84918164e-02],
       [ 1.65807246e-02,  3.89252145e-02,  2.39267873e-02,  4.94095870e-02,  1.13554606e-01],
       [-1.80728699e-02,  5.36797389e-03, -1.11955463e-01,  8.76724666e-03, -8.07252794e-02],
       [ 1.16751979e-01,  5.33537216e-02,  7.19853039e-02,  1.04210863e-02,  9.87992259e-02],
       [ 2.43922029e-02, -2.03625095e-01, -5.54822533e-02, -5.26702107e-02, -8.24375716e-02],
       [-4.06962236e-02, -2.85206248e-02, -1.13645410e-01, -1.27687300e-01, -9.00660009e-02],
       [-2.54917155e-02,  2.73786639e-02,  6.10408227e-02,  1.09826707e-01, -1.00410339e-01],
       [ 4.06735912e-02,  3.21182352e-02, -4.08026045e-02, -2.29904143e-02,  1.11694340e-01],
       [-9.23195776e-03,  3.30953786e-02,  8.64306720e-02,  3.47913585e-02, -1.26522109e-01],
       [ 1.40766219e-02, -5.65035339e-02,  5.57317527e-02, -6.98028515e-02,  8.91196876e-02],
       [-1.27264757e-01,  3.83000213e-03,  1.31342625e-02,  6.38666397e-02, -1.09365666e-01],
       [-3.68141116e-02,  1.89370060e-01, -1.22747308e-02, -1.53509781e-03,  9.44089285e-02],
       [ 3.65568558e-02,  2.40400246e-03,  1.29363654e-01,  6.25636932e-02,  6.85566328e-02],
       [-3.91075556e-02, -3.49212494e-02, -1.39437652e-01, -1.17080769e-01, -6.67468637e-02],
       [ 2.19442447e-02,  7.00061833e-03,  1.45771724e-01,  1.35867166e-01,  7.64154003e-02],
       [-2.10515352e-02,  1.52822631e-02, -1.54420939e-01, -6.68621479e-02, -5.45738259e-02],
       [ 8.33272914e-02,  1.89457875e-02,  1.54392983e-01,  9.38035635e-02,  6.63281668e-02],
       [ 4.10130691e-03, -1.12866878e-01, -1.24279411e-01, -1.05825830e-01, -5.52030776e-02],
       [-3.94290642e-02,  1.49431344e-03, -1.84598264e-02,  6.75226458e-02, -9.16468751e-02],
       [ 1.35164813e-02, -5.94318186e-02, -9.20760480e-03, -8.44677784e-02,  1.03121584e-01],
       [-1.40511415e-02,  6.60089341e-02, -8.70405348e-02,  9.59152950e-02, -7.24510732e-02],
       [ 1.03993516e-01, -3.01278259e-02,  4.33003011e-02, -1.00491490e-01,  8.88317504e-02],
       [ 2.92180015e-02, -1.47590529e-01, -3.21052999e-02,  4.82596962e-02, -8.40765889e-02],
       [-2.77849340e-02,  9.69635422e-04, -1.50362807e-02, -5.39823593e-03, -1.24071096e-01],
       [ 2.55827768e-02, -3.07254853e-02,  1.07398084e-01, -3.93953507e-02,  8.06429235e-02],
       [-1.44439535e-01, -2.34507467e-02, -7.41801822e-02,  3.20577066e-02, -1.06894211e-01],
       [-1.97141404e-02,  1.80856154e-01,  4.74527325e-02,  2.14539793e-02,  8.42019216e-02],
       [ 4.89226456e-05,  8.30540408e-02, -1.00906819e-01,  5.01063288e-02, -9.11506678e-02],
       [ 1.10060862e-01, -3.62856322e-02,  4.27412749e-02, -3.79491227e-02,  1.11448405e-01],
       [ 5.61174328e-02, -1.81816257e-01, -3.35448081e-02, -2.27941075e-02, -1.05082596e-01],
       [-7.93343716e-02,  5.29229746e-02, -1.26100644e-01,  6.80413830e-02, -7.73564932e-02],
       [-2.87216076e-02,  8.61893115e-02,  9.98453276e-02, -1.95246849e-02,  6.89959903e-02],
       [-3.87926747e-02, -1.58715940e-01, -6.82382195e-02,  7.06106227e-03, -8.40417274e-02]])})
2026-01-20 11:00:46,251 - final_problem_set.kxor_instance_n18_k2_m249_ell2_eps0.15_kappa0.625_rho0.8 - INFO - Running key extraction (n=18, m=249, ell=2, phase_qubits=13)
2026-01-20 11:00:46,253 - final_problem_set.kxor_instance_n18_k2_m249_ell2_eps0.15_kappa0.625_rho0.8 - INFO - Built voting matrix V (n=18, ell=2, dtype=complex128) in 0.002s
2026-01-20 11:00:46,253 - final_problem_set.kxor_instance_n18_k2_m249_ell2_eps0.15_kappa0.625_rho0.8 - INFO - Eval: adv=0.7189, hamming=0/18 (0.000), corr=1.000
2026-01-20 11:00:46,253 - final_problem_set.kxor_instance_n18_k2_m249_ell2_eps0.15_kappa0.625_rho0.8 - INFO - Key extraction complete: x_hat=14
2026-01-20 11:00:46,253 - final_problem_set.kxor_instance_n18_k2_m249_ell2_eps0.15_kappa0.625_rho0.8 - INFO - Finished step 'KeyExtractionStep' in 0.002s (success: True, problem=kxor_instance_n18_k2_m249_ell2_eps0.15_kappa0.625_rho0.8)
2026-01-20 11:00:46,253 - final_problem_set.kxor_instance_n18_k2_m249_ell2_eps0.15_kappa0.625_rho0.8 - INFO - SUCCESS: len(z_hat)=18
2026-01-20 11:00:46,253 - final_problem_set.kxor_instance_n18_k2_m249_ell2_eps0.15_kappa0.625_rho0.8 - INFO - Metrics: adv=0.7188755020080321, ham_frac=0.0, corr=1.0
2026-01-20 11:00:46,253 - final_problem_set.kxor_instance_n18_k2_m249_ell2_eps0.15_kappa0.625_rho0.8 - INFO - z_hat (full): [-1,  1, -1,  1, -1,  1, -1, -1,  1, -1,  1, -1, -1,  1, -1,  1, -1,  1]
