2026-01-20 11:01:07,068 - final_problem_set.kxor_instance_n21_k2_m204_ell2_eps0.3_kappa0.875_rho0.2 - INFO - Starting iteration for /Users/julian/CodingProjects/UniT3/QuarticSpeedupK-XOR/z_Daphne/data/final_problem_set/kxor_instance_n21_k2_m204_ell2_eps0.3_kappa0.875_rho0.2.npz
2026-01-20 11:01:07,069 - final_problem_set.kxor_instance_n21_k2_m204_ell2_eps0.3_kappa0.875_rho0.2 - INFO - Loaded instance (n=21, m=204, k=2)
2026-01-20 11:01:07,069 - final_problem_set.kxor_instance_n21_k2_m204_ell2_eps0.3_kappa0.875_rho0.2 - INFO - Starting step 'ComputeKikuchiStep' (version 0.1) on problem kxor_instance_n21_k2_m204_ell2_eps0.3_kappa0.875_rho0.2 (fields={'ell': 2, 'threshold': 0.0})
2026-01-20 11:01:07,096 - final_problem_set.kxor_instance_n21_k2_m204_ell2_eps0.3_kappa0.875_rho0.2 - INFO - Finished step 'ComputeKikuchiStep' in 0.027s (success: True, problem=kxor_instance_n21_k2_m204_ell2_eps0.3_kappa0.875_rho0.2)
2026-01-20 11:01:07,096 - final_problem_set.kxor_instance_n21_k2_m204_ell2_eps0.3_kappa0.875_rho0.2 - INFO - Starting step 'ClassicalEigenvaluesStep' (version 0.1) on problem kxor_instance_n21_k2_m204_ell2_eps0.3_kappa0.875_rho0.2 (fields={'ell': 2, 'threshold': 0.0, 'kikuchi_matrix': <Dictionary Of Keys sparse matrix of dtype 'int64'
	with 5092 stored elements and shape (210, 210)>, 'num_eigenvalues': 5})
2026-01-20 11:01:07,201 - final_problem_set.kxor_instance_n21_k2_m204_ell2_eps0.3_kappa0.875_rho0.2 - INFO - Finished step 'ClassicalEigenvaluesStep' in 0.105s (success: True, problem=kxor_instance_n21_k2_m204_ell2_eps0.3_kappa0.875_rho0.2)
2026-01-20 11:01:07,201 - final_problem_set.kxor_instance_n21_k2_m204_ell2_eps0.3_kappa0.875_rho0.2 - INFO - Starting step 'KeyExtractionStep' (version 0.1) on problem kxor_instance_n21_k2_m204_ell2_eps0.3_kappa0.875_rho0.2 (fields={'ell': 2, 'threshold': 0.0, 'kikuchi_matrix': <Dictionary Of Keys sparse matrix of dtype 'int64'
	with 5092 stored elements and shape (210, 210)>, 'num_eigenvalues': 5, 'eigenvalues': array([-11.59620578, -11.17638527,  10.64974142,  11.03781623,  11.73440357]), 'eigenvectors': array([[ 5.95807267e-02,  1.19368891e-01,  2.06462473e-02,  4.72116223e-02,  2.41110736e-02],
       [-1.16071834e-03,  1.43983991e-02, -2.36220295e-02,  1.14006800e-01,  1.58154759e-02],
       [ 9.64959551e-02,  4.70479671e-02,  3.08053233e-02, -5.41567030e-03, -1.01783113e-02],
       [ 7.00660021e-02,  6.25018884e-02, -1.23862876e-02, -1.03374303e-01,  9.15914859e-03],
       [ 4.32452021e-02, -1.04418309e-02, -5.22031131e-02,  1.16116645e-01,  1.50017824e-02],
       [-4.44782526e-02, -8.69167658e-02, -8.08352039e-03,  4.04167965e-02,  4.09568393e-02],
       [ 2.55408172e-02,  5.79714061e-02, -1.49435831e-02,  1.17777695e-01,  3.74841786e-02],
       [ 1.59737253e-03, -1.03372357e-02, -4.37473644e-02,  2.34632241e-02,  1.85129257e-02],
       [-2.26424609e-02, -1.08144785e-03,  6.90842359e-02,  2.37051614e-02,  2.45224045e-03],
       [ 3.59071573e-02, -1.82180313e-02,  5.24059555e-02,  4.50248724e-02,  2.59512654e-02],
       [-3.83437984e-02, -4.25660947e-02,  1.12627362e-02,  7.76583560e-03,  2.77980968e-02],
       [ 4.42438488e-02,  9.28078474e-02, -5.43962864e-02, -2.83035268e-02, -2.15864257e-02],
       [-1.10477499e-02,  4.91827550e-02,  6.32968238e-02,  5.26596571e-02,  2.29948202e-02],
       [ 1.92918513e-02, -6.43761038e-02,  2.46972907e-03,  1.20855929e-01,  2.18337820e-02],
       [-4.93453209e-02,  8.09375347e-03, -3.05719924e-02,  1.33945308e-01,  3.61335361e-02],
       [ 6.60130144e-02,  9.42876367e-02,  2.34246320e-02,  1.60376179e-01,  4.67136621e-02],
       [-1.94965566e-02, -5.35115031e-02,  3.03307856e-02,  7.39462419e-02,  1.61202371e-02],
       [-1.02199847e-02,  2.81869101e-02, -2.20908485e-02, -6.86520124e-02, -2.52173636e-02],
       [ 5.42739256e-04,  4.29270991e-02,  9.28042571e-03,  8.67970930e-02, -1.27335933e-02],
       [ 4.77894519e-02,  6.99451805e-02, -1.41581100e-03, -9.89968376e-02,  4.46181500e-03],
       [ 3.28155931e-02,  5.23859618e-02,  3.34920269e-02,  6.10681362e-02, -6.82319259e-02],
       [ 1.52860008e-01, -5.52132297e-02, -3.98864162e-02, -5.90890094e-03, -1.95551686e-02],
       [ 9.52000257e-02,  1.81145702e-02,  2.95000755e-02, -2.55359490e-02,  7.83643169e-02],
       [ 6.30333856e-02, -8.94746847e-02,  2.92654463e-02,  5.74785512e-02, -6.19096109e-02],
       [-1.45111625e-01, -9.50454312e-02,  3.57504935e-02,  8.32907609e-02, -1.27228150e-02],
       [ 1.27944612e-01,  1.06302038e-01,  1.59357577e-02,  9.47044720e-02, -6.01701048e-02],
       [-4.28420269e-02, -6.35528264e-02,  5.62044326e-02,  5.50157423e-02,  6.28812686e-03],
       [-1.00718890e-01,  6.45489864e-03, -5.18940695e-02,  1.18558808e-02, -2.35751087e-02],
       [ 1.14979325e-01, -8.62155815e-02, -1.09026595e-02,  4.11189726e-02, -2.94255768e-02],
       [-9.50022698e-02, -5.64965002e-02,  1.14463539e-02,  6.63637004e-02,  8.32050668e-03],
       [ 9.64775085e-02,  9.68953064e-02,  2.29782810e-02, -4.03884189e-02,  1.92009651e-02],
       [ 4.49874320e-02,  1.79754959e-01, -3.21433932e-02,  4.68942557e-02, -3.52952123e-02],
       [ 2.40462424e-02, -1.52371176e-01, -1.06344876e-03,  6.48949924e-02, -6.23745540e-02],
       [-7.90274128e-02,  1.02204053e-01,  3.28500156e-02,  9.18030743e-02, -7.33465485e-02],
       [ 7.70078572e-02,  4.90530770e-02,  7.85539357e-03,  1.22677342e-01, -9.27212381e-02],
       [-6.13302870e-02, -8.44513699e-02, -1.57304773e-02,  3.31633195e-02, -4.15617298e-02],
       [-1.30683407e-02,  6.22081078e-02,  2.64581695e-03, -4.51492947e-02,  3.30907721e-02],
       [-3.25183939e-02,  6.43495792e-02, -3.00295751e-02, -2.40557835e-03, -8.95942868e-02],
       [ 8.26887300e-02,  3.95388456e-02,  1.25861163e-02, -2.12609861e-02,  6.74305368e-02],
       [ 5.04538197e-02,  1.23828684e-02, -6.07233568e-02, -2.08258579e-02, -2.58086927e-02],
       [ 3.58584830e-02,  2.56830702e-02, -1.20559735e-01,  1.06790130e-01,  1.29796836e-01],
       [ 2.06481870e-02, -1.35349192e-02,  1.48680219e-01, -2.78950341e-02, -6.29536371e-02],
       [-1.56123813e-02, -3.16808546e-02,  2.21191493e-02,  1.27019715e-01, -3.13177077e-02],
       [ 1.46733306e-02,  2.46324911e-02,  1.18646190e-01,  2.72989496e-02, -8.95872921e-02],
       [ 9.28922579e-04, -2.64074132e-03,  6.48080926e-02,  7.10752903e-02,  2.98578369e-02],
       [-1.13035261e-02,  5.88711359e-03, -6.70473538e-02, -3.88652814e-04, -7.16434697e-02],
       [ 1.64190192e-02, -1.69087886e-02, -2.02858532e-02,  6.53071225e-02, -7.49331593e-02],
       [-2.60126109e-02, -2.01912911e-02, -4.29608323e-02,  1.18784465e-01, -5.41360284e-03],
       [ 2.99057213e-02,  4.86299812e-02,  6.08121047e-02, -6.98089978e-02,  4.63731614e-02],
       [-5.60950364e-03,  3.12886331e-02, -4.87704903e-02,  5.06018860e-02, -8.77205982e-02],
       [ 3.25309339e-03, -3.26905846e-02,  1.06780319e-01, -1.06853922e-02, -8.92182325e-02],
       [-2.74793756e-02,  7.08274789e-03,  1.38981492e-01,  1.51653543e-02, -7.85118542e-02],
       [ 4.42123025e-02,  4.29672320e-02,  1.08981215e-01,  3.17007771e-02, -1.22434128e-01],
       [-1.15212600e-02, -2.24152804e-02,  2.83335513e-02, -9.02035042e-03, -8.25132235e-02],
       [-2.73333962e-03,  1.91733234e-02, -5.81674339e-02, -2.93337683e-02,  9.40591321e-02],
       [ 1.06615121e-03,  2.94715109e-02,  8.88679813e-02, -9.41141024e-02, -8.98558950e-02],
       [ 2.31201041e-02,  2.98886599e-02, -1.10426785e-01,  7.79599218e-02,  8.51070385e-02],
       [ 1.29153970e-01, -1.15080487e-01,  1.00400596e-01,  9.03601437e-04,  1.02771655e-02],
       [ 2.61265376e-02, -9.72954693e-02, -4.55117718e-02, -2.10218249e-02, -2.33567418e-02],
       [-2.09174252e-01,  9.41936619e-02, -1.18310237e-02, -2.30382307e-02, -3.46045543e-02],
       [ 1.88723259e-01, -2.56647595e-02, -6.35717848e-02, -2.74094655e-02, -3.31695666e-02],
       [-7.91718917e-02, -2.40020123e-02,  1.89522511e-02, -1.01671189e-02, -9.34006601e-03],
       [-8.69498175e-02,  4.27127564e-02, -3.16966614e-02, -1.46657102e-03, -4.71211413e-03],
       [ 6.84546314e-02, -1.22755585e-01, -5.52001606e-02, -4.23228108e-03, -1.86244163e-02],
       [-1.11435637e-01,  3.59801893e-02,  1.08558497e-02, -1.46613809e-02, -2.25335109e-02],
       [ 1.73185016e-01, -7.50638471e-02,  2.61043496e-02,  9.96083252e-03,  1.25411515e-02],
       [ 1.30546607e-01,  1.00916310e-01, -4.78657397e-02, -1.31536425e-02, -1.95779289e-02],
       [-5.81799152e-02, -1.20646094e-01, -7.68727415e-02, -2.01357979e-02, -3.42539467e-02],
       [-3.70238202e-02,  1.25746600e-01, -8.09857302e-02, -2.83715763e-02, -3.25942281e-02],
       [ 1.32653786e-01, -9.14459554e-02, -1.07532594e-01, -2.53615678e-02, -5.42738085e-02],
       [-1.22262986e-01, -1.75636704e-02, -5.76961916e-02, -1.25601575e-02, -1.44213709e-02],
       [ 4.00465556e-02,  4.57194235e-02,  6.32590948e-02,  8.35447540e-03,  2.59758428e-02],
       [ 2.29409728e-02,  3.11742519e-02, -8.69209975e-02,  2.69945018e-03, -3.31756090e-03],
       [ 1.18898700e-01, -8.06692973e-02,  8.08767805e-02,  1.93498652e-03,  8.20719194e-03],
       [ 3.90157734e-02, -8.36105148e-02, -1.15857494e-01,  9.59874083e-02,  9.91882566e-02],
       [-1.50680282e-01,  6.25859158e-03, -5.35131234e-02, -8.41111540e-02,  1.02770709e-01],
       [ 1.15192531e-01,  2.83373190e-02, -4.73039508e-02,  5.32953069e-02,  1.35151212e-01],
       [-3.70420273e-02, -4.52220417e-02, -1.49598442e-01, -3.33114919e-02,  2.75959938e-02],
       [-9.21592917e-02,  4.16212221e-02,  1.78851784e-01,  1.77019687e-03,  4.09914893e-02],
       [ 8.11424613e-02, -1.08057799e-01,  1.09031220e-01, -2.02182044e-02,  1.06098068e-01],
       [-8.28748684e-02, -1.46674476e-03,  2.36707738e-02, -9.11498404e-02,  4.83841129e-02],
       [ 1.15134892e-01,  8.17906466e-03, -1.32984826e-01,  1.88910765e-02, -8.23237871e-02],
       [ 6.54264495e-02,  1.23582077e-01,  1.66383821e-01, -3.97899196e-03,  1.07093755e-01],
       [-1.16311315e-02, -1.31846875e-01, -1.62516263e-02,  8.78435435e-02,  1.27132800e-01],
       [-5.66210962e-02,  1.11555880e-01, -1.07220361e-01,  7.99323888e-02,  1.67886636e-01],
       [ 9.47521669e-02, -1.56743081e-02,  2.28081084e-02,  8.10528830e-02,  1.97647704e-01],
       [-7.20899148e-02, -4.77069562e-02,  8.38704505e-02,  6.74535669e-02,  9.65290390e-02],
       [ 1.40894780e-02,  5.49073767e-02, -4.31905111e-02, -8.97951779e-03, -9.70167632e-02],
       [-8.42762135e-03,  5.65965857e-02,  3.38826548e-02,  1.47849394e-01,  9.86648530e-02],
       [ 1.14176202e-01, -2.52986889e-02,  1.78452655e-03, -1.27699670e-01, -8.79006197e-02],
       [-8.30135582e-02,  1.06205885e-01,  3.77704324e-02,  1.26721291e-01, -4.63483097e-02],
       [ 7.47262783e-02, -5.55645826e-02,  1.04360693e-01,  1.18668734e-02, -7.60255945e-02],
       [-2.58542963e-02,  6.51010987e-04,  6.22964515e-02,  6.18977393e-02,  1.82624956e-02],
       [-2.39169538e-02,  2.96485710e-02, -7.52625559e-02,  1.10599022e-03, -5.89505983e-02],
       [ 1.48830802e-02, -3.65739810e-02, -5.79309354e-03,  6.30776668e-02, -8.63477345e-02],
       [-3.89132961e-02,  5.14344706e-02, -4.32188630e-02,  1.14616428e-01, -1.61278914e-02],
       [ 8.64378523e-02, -8.60821007e-02,  4.89252601e-02, -5.80267913e-02,  5.71193552e-02],
       [ 6.10670449e-02, -5.24692728e-03, -4.26717126e-02,  4.94523352e-02, -9.25648921e-02],
       [-3.56609597e-02, -6.80085181e-03,  1.25927612e-01, -2.31966300e-02, -9.68007725e-02],
       [ 1.04473012e-03,  4.06291118e-02,  1.51575852e-01,  3.13649634e-03, -8.47481163e-02],
       [ 4.85126115e-02, -9.43034458e-02,  1.28775488e-01,  2.72728090e-02, -1.40388316e-01],
       [-4.12364871e-02,  3.56042529e-02,  1.66094080e-02, -1.07560509e-02, -6.68089493e-02],
       [ 2.40294482e-02,  7.18132301e-03, -4.88644875e-02, -3.04015264e-02,  8.43819953e-02],
       [ 1.53418483e-02, -5.91047837e-03,  9.89300827e-02, -1.03002518e-01, -8.31710369e-02],
       [ 4.50735468e-02, -7.47123593e-02, -1.10705675e-01,  7.84769136e-02,  7.12763255e-02],
       [-1.34283451e-01, -6.37250715e-02,  2.71721138e-02,  1.61651497e-01, -1.99685535e-02],
       [ 3.32079908e-02,  4.72257274e-02, -4.18676491e-03,  7.45181820e-02,  4.32647527e-02],
       [ 8.46598911e-02, -4.26676303e-02,  1.55680865e-02,  4.05029595e-02, -3.21524225e-02],
       [-9.72116418e-02,  1.27222719e-01,  3.54736125e-02,  7.04271312e-02, -3.47426354e-03],
       [ 1.51396241e-01,  3.59700178e-02, -5.82150925e-03,  5.62108984e-02,  3.80787884e-02],
       [-1.59707375e-01, -8.05761583e-02, -1.11985561e-02, -9.05794172e-02, -9.79176499e-03],
       [-4.32451754e-02, -1.62766766e-01,  4.32124588e-02,  7.42488743e-02, -1.85404969e-02],
       [-6.88384896e-03,  1.85454356e-01,  4.38537352e-02,  1.47832956e-01, -4.09843799e-02],
       [ 1.14401270e-01, -1.24915317e-01,  2.08617034e-02,  1.59075213e-01, -1.57599290e-02],
       [-1.58998749e-01, -4.69218121e-02,  6.26858028e-02,  1.95274331e-01, -1.85530779e-02],
       [ 7.56958786e-02,  7.57723666e-02,  3.53652364e-02,  9.26492673e-02, -3.78859112e-02],
       [-1.48445895e-02, -8.94731598e-02, -4.56309779e-02, -7.50477397e-02,  1.66734046e-02],
       [-9.19973173e-03, -1.00143783e-01,  3.54230943e-02,  6.72117401e-02, -8.98265943e-02],
       [-1.34869102e-01, -2.69378471e-02, -5.06935599e-02, -7.64484982e-02,  8.15607852e-02],
       [-4.26534467e-03, -2.19151143e-02,  7.88941871e-02,  7.71420352e-02,  3.38655807e-02],
       [-5.62227809e-02,  2.47139381e-02, -8.75171870e-02,  8.08816728e-03, -5.42485240e-02],
       [ 6.98986405e-02, -7.14118904e-02, -2.67463885e-02,  1.04274791e-01, -8.08362429e-02],
       [-8.64263333e-02, -3.12250918e-02, -3.72341245e-02,  1.25613997e-01,  1.46725769e-02],
       [ 1.22388555e-01,  8.78177914e-02,  6.58369297e-02, -7.39395394e-02,  3.44134491e-02],
       [ 1.20189819e-02,  9.56969653e-02, -6.01185611e-02,  8.73461711e-02, -9.14258407e-02],
       [ 1.47332621e-02, -1.13652315e-01,  6.09526422e-02,  3.86341483e-02, -9.64740071e-02],
       [-7.82157472e-02,  6.25805464e-02,  9.63626604e-02,  7.29156117e-02, -9.19925655e-02],
       [ 1.51948056e-01,  7.82607798e-02,  5.69343952e-02,  1.02012858e-01, -1.24063410e-01],
       [-4.99398490e-02, -5.49554512e-02, -4.87288035e-03,  1.42252329e-02, -7.65657109e-02],
       [-3.55293807e-03,  5.57507101e-02, -1.50639473e-02, -7.53199660e-02,  8.35868236e-02],
       [ 4.33008590e-04,  7.35629059e-02,  4.21341493e-02, -7.37671627e-02, -1.30973909e-01],
       [ 1.22899681e-01,  5.20052518e-02, -7.18637503e-02,  5.08152765e-02,  1.18307893e-01],
       [ 7.57083954e-03, -4.50057063e-03,  6.09271507e-02,  1.79444803e-02, -1.66243662e-02],
       [-2.43030140e-02,  2.57370490e-03,  6.92102519e-02,  5.86856777e-02,  5.65688510e-03],
       [ 2.65395550e-02,  2.28558125e-02, -2.47521096e-02,  4.44699514e-02,  2.93014186e-02],
       [-5.47465680e-02, -7.26268256e-02, -4.47541612e-02, -3.82431232e-02, -7.60678146e-03],
       [ 1.35954374e-02, -1.85014268e-02,  8.11564372e-02,  6.16678952e-02, -1.51640950e-03],
       [-1.46475549e-02,  2.32915792e-02,  1.10216924e-01,  7.76145397e-02,  1.58744592e-02],
       [ 3.13086391e-02, -8.98242260e-04,  7.63925725e-02,  8.79711989e-02,  4.31847580e-02],
       [-5.30983561e-02, -5.73326217e-02,  1.43470691e-01,  1.24223593e-01,  3.08968314e-02],
       [-1.04325337e-03,  1.16290099e-02,  8.18030279e-02,  5.10016435e-02, -1.79929328e-03],
       [ 7.15933817e-04, -1.59092752e-02, -7.91439961e-02, -6.59925607e-02, -3.48223223e-03],
       [-6.91824790e-04, -3.17862598e-02,  1.24656131e-01,  2.61426186e-02, -1.55817552e-02],
       [-4.62500422e-02, -4.59552985e-02, -1.19951430e-01, -3.93579936e-02,  1.22336219e-02],
       [-2.30478612e-02,  3.55006784e-02, -5.89467640e-02,  7.94001381e-03, -2.78976804e-02],
       [ 6.09463122e-02, -2.01989890e-02,  3.43809930e-02,  2.16613195e-02, -8.21072354e-03],
       [-1.12106191e-01,  1.52815883e-02,  3.34943312e-02,  2.71784898e-03,  1.66604560e-02],
       [-3.33435577e-02, -8.95545311e-03, -7.86648268e-02, -2.00296052e-05, -2.07409333e-02],
       [ 1.54872620e-02,  3.57718499e-02, -1.17598466e-01,  2.91083232e-03, -5.02516790e-02],
       [ 3.05044638e-02, -2.74695300e-02, -8.19987253e-02,  2.00737383e-02, -8.52297064e-02],
       [-9.91548536e-02,  1.76679164e-02, -1.49899368e-01,  7.38362254e-03, -7.75244988e-02],
       [ 3.97919872e-02, -6.22751919e-03, -9.93821966e-02, -1.21586872e-02, -3.23134371e-02],
       [-1.46308865e-02, -1.94068672e-02,  8.90440056e-02, -1.19637003e-02,  3.19505086e-02],
       [-2.41663544e-02, -2.28823185e-02, -1.54098280e-01, -1.83733693e-02, -5.24791271e-02],
       [-7.76544742e-02,  1.90683333e-02,  1.37498267e-01,  1.56312861e-02,  4.93284851e-02],
       [-6.44252890e-02,  6.37243454e-02,  2.82509872e-02,  5.58532137e-02,  1.80634200e-02],
       [ 1.00899681e-01, -1.09818996e-01,  2.64160787e-02, -4.28908792e-02,  8.86845481e-03],
       [ 5.45173066e-02, -4.20084594e-03, -4.61274749e-02,  2.94264912e-02, -2.41826431e-02],
       [-3.70574371e-02, -2.50577339e-02, -5.37490893e-02,  7.30084243e-02, -8.70686006e-02],
       [-1.63738821e-02,  5.35403782e-02, -3.29453238e-02,  8.85812711e-02, -7.17638281e-02],
       [ 1.06657989e-01, -1.03121699e-01, -6.30693900e-02,  8.97709317e-02, -7.02634824e-02],
       [-5.97257763e-02,  2.95354899e-02, -5.23422841e-02,  3.08194911e-02, -4.95119223e-02],
       [ 2.60993750e-02,  2.03192704e-02,  3.48192062e-02, -3.10834216e-02,  3.03965377e-02],
       [ 2.65928449e-02,  1.56705541e-04, -9.43534397e-02,  2.07982262e-02, -8.83112204e-02],
       [ 7.87147905e-02, -8.83932341e-02,  7.27686125e-02, -1.82437817e-02,  8.74866229e-02],
       [-1.05014100e-01, -4.45266650e-02, -2.91480191e-02, -4.49929757e-02, -2.22517709e-02],
       [-4.31391842e-02, -7.90607964e-02,  4.38173714e-02,  5.25850414e-02,  1.13097476e-02],
       [ 4.54273459e-03,  9.34320764e-02, -2.39337808e-02,  1.26999330e-01, -3.76560049e-03],
       [ 4.41832639e-02, -6.21462308e-02, -4.67953377e-02,  1.45708036e-01,  9.66657661e-03],
       [-8.38535176e-02, -2.64378591e-02, -1.41379323e-02,  1.57736432e-01,  2.92685539e-02],
       [ 6.03159442e-02,  4.34255116e-02,  1.01651256e-02,  7.21407581e-02, -3.82149610e-03],
       [-2.37145039e-03, -3.91158585e-02, -6.93836333e-03, -7.16512728e-02, -8.82418852e-03],
       [ 1.45149161e-03, -4.87652853e-02, -2.45309581e-02,  7.67244835e-02, -4.57665034e-02],
       [-7.64057953e-02, -1.55844325e-02,  1.85253491e-02, -8.10675443e-02,  3.94760076e-02],
       [ 4.13246511e-02,  1.70445898e-01,  3.31813285e-02, -3.60234907e-02,  1.19333914e-02],
       [ 1.76033515e-02, -1.80405024e-01,  8.52674158e-02, -6.88869552e-02,  4.92268737e-02],
       [-8.68766841e-02,  1.15265900e-01,  7.08287275e-02, -9.90697168e-02,  4.75355979e-02],
       [ 1.06741481e-01,  5.14728046e-02,  9.62140475e-02, -9.44713280e-02,  3.80590667e-02],
       [-9.40395646e-02, -1.12539270e-01,  4.84934625e-02, -2.49348423e-02,  2.62848546e-02],
       [-1.49774617e-02,  6.91711425e-02, -5.51782756e-02,  5.55529270e-02, -2.79968649e-02],
       [-3.30531129e-02,  6.90944770e-02,  1.07648094e-01, -3.03696656e-02,  6.21304726e-02],
       [ 9.38931500e-02,  2.93219581e-02, -9.17053352e-02,  1.90288966e-02, -6.67387465e-02],
       [ 3.88315382e-02, -7.35635735e-02, -9.34058506e-02,  5.33789045e-02, -8.16683505e-02],
       [-6.64531570e-02, -5.58501698e-03, -5.13053300e-02,  8.75147654e-02, -1.06374633e-01],
       [ 6.98861758e-02,  1.67347504e-01, -1.07717070e-01,  7.02359197e-02, -8.47043190e-02],
       [-7.57541888e-03, -7.16062542e-02, -7.41556588e-02,  1.88138628e-02, -4.90375985e-02],
       [-1.85006899e-02,  2.95960597e-02,  5.82625371e-02, -3.03191531e-02,  4.05599395e-02],
       [-1.59511329e-02,  6.43622935e-02, -1.43712901e-01, -3.06875062e-03, -9.94638483e-02],
       [ 5.52552283e-02,  1.28542135e-01,  1.17126199e-01, -3.49966549e-03,  9.13911649e-02],
       [ 3.74783515e-02,  2.05101327e-02,  1.01975207e-01,  3.24280896e-02, -1.11498788e-01],
       [ 5.30056608e-03, -1.49127221e-01,  3.31122339e-02,  4.63406236e-02, -1.44927027e-01],
       [-1.74250480e-02,  6.73724850e-02, -2.74351456e-02, -1.33623966e-02, -1.05047084e-01],
       [ 2.95962999e-02, -2.18332121e-02,  7.92386771e-04, -4.02272812e-02,  8.89222365e-02],
       [ 2.37855278e-02, -3.85738275e-02,  1.16460721e-02, -9.65941576e-02, -1.13797372e-01],
       [-9.22281112e-04, -1.28863538e-01, -4.81434232e-02,  8.74560778e-02,  1.17602075e-01],
       [-5.92776035e-02,  1.09775718e-01,  1.00877748e-01,  9.41603388e-02, -1.40763318e-01],
       [ 5.66941884e-02, -2.84936277e-02,  2.12302159e-02,  1.76445689e-02, -1.01900140e-01],
       [-1.80789718e-02, -7.12081693e-03, -3.36297550e-02, -5.39881551e-02,  8.55386112e-02],
       [-1.87100876e-02,  2.70932455e-03,  7.82408880e-02, -8.26671949e-02, -1.25872626e-01],
       [-5.59604945e-02,  9.48743503e-02, -1.19392782e-01,  6.67065500e-02,  1.29520573e-01],
       [-7.22763444e-02, -7.13608318e-02, -4.05047792e-02,  1.03815250e-02, -1.02782955e-01],
       [-4.37588625e-03,  6.31606902e-02,  8.56380491e-03, -6.18066402e-02,  9.12068425e-02],
       [-2.12608719e-02,  6.22574901e-02, -2.40037146e-02, -9.81172826e-02, -1.86113330e-01],
       [ 8.13284370e-02,  6.74479115e-03, -2.22482679e-02,  6.83028060e-02,  1.58349690e-01],
       [ 5.24727595e-03, -3.64491671e-02,  3.88054622e-02, -1.64791979e-02,  6.01139896e-02],
       [ 2.04176693e-03, -5.42131400e-02, -6.75915438e-02, -7.08636695e-02, -8.94305980e-02],
       [-8.10559062e-02, -6.46885020e-02,  4.25245773e-02,  4.52072828e-02,  6.71660450e-02],
       [-2.22567742e-02,  1.24838209e-02,  4.25942661e-02,  3.00318207e-02,  1.04096479e-01],
       [ 5.29812490e-04,  5.56580607e-02, -1.46084288e-02, -1.70500576e-02, -9.25014316e-02],
       [-1.35533599e-02,  5.02346058e-02, -4.34551998e-03,  1.27566201e-01,  7.59391316e-02]])})
2026-01-20 11:01:07,203 - final_problem_set.kxor_instance_n21_k2_m204_ell2_eps0.3_kappa0.875_rho0.2 - INFO - Running key extraction (n=21, m=204, ell=2, phase_qubits=13)
2026-01-20 11:01:07,205 - final_problem_set.kxor_instance_n21_k2_m204_ell2_eps0.3_kappa0.875_rho0.2 - INFO - Built voting matrix V (n=21, ell=2, dtype=complex128) in 0.003s
2026-01-20 11:01:07,206 - final_problem_set.kxor_instance_n21_k2_m204_ell2_eps0.3_kappa0.875_rho0.2 - INFO - Eval: adv=0.1667, hamming=10/21 (0.476), corr=0.048
2026-01-20 11:01:07,206 - final_problem_set.kxor_instance_n21_k2_m204_ell2_eps0.3_kappa0.875_rho0.2 - INFO - Key extraction complete: x_hat=16
2026-01-20 11:01:07,206 - final_problem_set.kxor_instance_n21_k2_m204_ell2_eps0.3_kappa0.875_rho0.2 - INFO - Finished step 'KeyExtractionStep' in 0.003s (success: True, problem=kxor_instance_n21_k2_m204_ell2_eps0.3_kappa0.875_rho0.2)
2026-01-20 11:01:07,206 - final_problem_set.kxor_instance_n21_k2_m204_ell2_eps0.3_kappa0.875_rho0.2 - INFO - SUCCESS: len(z_hat)=21
2026-01-20 11:01:07,206 - final_problem_set.kxor_instance_n21_k2_m204_ell2_eps0.3_kappa0.875_rho0.2 - INFO - Metrics: adv=0.16666666666666666, ham_frac=0.47619047619047616, corr=0.047619047619047616
2026-01-20 11:01:07,206 - final_problem_set.kxor_instance_n21_k2_m204_ell2_eps0.3_kappa0.875_rho0.2 - INFO - z_hat (full): [-1,  1,  1,  1, -1,  1,  1,  1, -1,  1,  1,  1, -1,  1,  1,  1,  1,  1, -1,  1, -1]
