2026-01-20 11:01:46,729 - final_problem_set.kxor_instance_n26_k2_m212_ell2_eps0.25_kappa1.0_rho0.2 - INFO - Starting iteration for /Users/julian/CodingProjects/UniT3/QuarticSpeedupK-XOR/z_Daphne/data/final_problem_set/kxor_instance_n26_k2_m212_ell2_eps0.25_kappa1.0_rho0.2.npz
2026-01-20 11:01:46,731 - final_problem_set.kxor_instance_n26_k2_m212_ell2_eps0.25_kappa1.0_rho0.2 - INFO - Loaded instance (n=26, m=212, k=2)
2026-01-20 11:01:46,731 - final_problem_set.kxor_instance_n26_k2_m212_ell2_eps0.25_kappa1.0_rho0.2 - INFO - Starting step 'ComputeKikuchiStep' (version 0.1) on problem kxor_instance_n26_k2_m212_ell2_eps0.25_kappa1.0_rho0.2 (fields={'ell': 2, 'threshold': 0.0})
2026-01-20 11:01:46,767 - final_problem_set.kxor_instance_n26_k2_m212_ell2_eps0.25_kappa1.0_rho0.2 - INFO - Finished step 'ComputeKikuchiStep' in 0.037s (success: True, problem=kxor_instance_n26_k2_m212_ell2_eps0.25_kappa1.0_rho0.2)
2026-01-20 11:01:46,767 - final_problem_set.kxor_instance_n26_k2_m212_ell2_eps0.25_kappa1.0_rho0.2 - INFO - Starting step 'ClassicalEigenvaluesStep' (version 0.1) on problem kxor_instance_n26_k2_m212_ell2_eps0.25_kappa1.0_rho0.2 (fields={'ell': 2, 'threshold': 0.0, 'kikuchi_matrix': <Dictionary Of Keys sparse matrix of dtype 'int64'
	with 7392 stored elements and shape (325, 325)>, 'num_eigenvalues': 5})
2026-01-20 11:01:47,036 - final_problem_set.kxor_instance_n26_k2_m212_ell2_eps0.25_kappa1.0_rho0.2 - INFO - Finished step 'ClassicalEigenvaluesStep' in 0.269s (success: True, problem=kxor_instance_n26_k2_m212_ell2_eps0.25_kappa1.0_rho0.2)
2026-01-20 11:01:47,036 - final_problem_set.kxor_instance_n26_k2_m212_ell2_eps0.25_kappa1.0_rho0.2 - INFO - Starting step 'KeyExtractionStep' (version 0.1) on problem kxor_instance_n26_k2_m212_ell2_eps0.25_kappa1.0_rho0.2 (fields={'ell': 2, 'threshold': 0.0, 'kikuchi_matrix': <Dictionary Of Keys sparse matrix of dtype 'int64'
	with 7392 stored elements and shape (325, 325)>, 'num_eigenvalues': 5, 'eigenvalues': array([-10.97292297, -10.5506797 , -10.28581425,  10.32473544,  11.04408877]), 'eigenvectors': array([[-1.44845982e-02, -1.12616479e-02, -1.20045676e-03,  4.69813895e-03,  8.31123779e-03],
       [-3.43114325e-02,  1.72563546e-02,  6.90324313e-03,  8.72434562e-02, -5.24982232e-02],
       [ 1.69790919e-02,  1.55451221e-02,  5.62828866e-03,  8.24105491e-02, -3.10394582e-02],
       [-9.46130170e-03, -5.46017026e-04, -5.80007136e-02, -6.93821901e-02,  4.45795185e-02],
       [ 1.49091662e-02,  3.30422492e-02,  6.75282950e-02, -9.40244124e-02,  4.53016787e-02],
       [-3.23044059e-06,  1.19788607e-02, -1.72984987e-02, -7.55164848e-02,  2.63495082e-02],
       [ 1.57080343e-02,  2.12419173e-02,  2.57409877e-02,  2.67205889e-02, -2.15498722e-02],
       [ 7.94016334e-03,  3.82888561e-03, -2.36413547e-02, -4.51008989e-02,  1.70068490e-02],
       [-2.25015338e-02, -1.66133800e-02, -5.28532448e-02,  2.33861112e-03, -1.17263911e-02],
       [ 3.05170165e-03, -3.08354925e-02, -2.78108731e-03,  5.17645948e-03, -1.27595623e-02],
       [-2.65439422e-02, -2.33002041e-02,  3.66933815e-02, -3.75626765e-02,  4.26390284e-03],
       [ 4.21354508e-04,  3.23427001e-02, -1.87467563e-03, -6.82980020e-04,  1.07190893e-03],
       [ 3.21410248e-02, -1.10271030e-02,  2.13317620e-03,  6.33917892e-03, -9.62108864e-03],
       [-4.27706144e-02, -1.07720350e-02, -1.53071989e-02, -5.32538112e-02,  2.25610390e-02],
       [ 2.79066046e-03,  7.83838660e-04, -3.17081205e-02, -4.00291512e-03, -1.31420302e-02],
       [ 2.64408848e-02, -2.43718944e-02,  6.33105052e-03, -1.27727893e-01,  6.62929625e-02],
       [ 2.26515371e-03, -3.03869877e-02, -3.65325102e-02,  5.48845244e-02, -2.11714274e-02],
       [-1.99949352e-02, -4.42333817e-02, -6.35594448e-02,  7.31946374e-02, -2.33684282e-02],
       [ 1.63846573e-02, -2.92817642e-02, -4.64906893e-02, -5.22582322e-02, -7.56565936e-04],
       [ 3.95240929e-02,  2.47006679e-02,  7.93335984e-02,  6.15036597e-02, -3.31436280e-02],
       [-1.83582626e-02, -1.09770100e-02, -4.65895230e-02, -1.01936296e-02,  4.61803685e-04],
       [ 6.26565567e-03, -1.67926808e-02, -9.27233798e-03,  9.71109051e-02, -2.75886132e-02],
       [-2.29417885e-02,  1.89880397e-02,  6.79344328e-04, -1.87818770e-02,  9.26776899e-03],
       [-8.79471920e-03, -2.43910968e-03,  9.10360062e-03, -8.73628859e-02,  2.77683694e-02],
       [ 4.92262788e-03,  1.45403972e-02,  1.66862820e-02,  1.76469667e-04, -9.81806175e-03],
       [ 7.64624623e-02, -7.97897301e-02, -4.02801936e-02,  7.66785577e-02, -2.94757220e-02],
       [-7.86163734e-02,  3.33729635e-04,  4.60375315e-02,  6.01262741e-02, -3.74816511e-03],
       [-1.19949696e-02, -2.32934183e-02,  1.20967921e-01, -6.10424649e-02,  2.19519117e-02],
       [-7.62965609e-02, -1.70348145e-02, -8.06394183e-02, -7.61836977e-02,  2.44172520e-02],
       [ 1.07310840e-02, -3.87042840e-02,  4.07652141e-02, -6.58464118e-02,  6.98407589e-03],
       [-8.21917520e-02,  4.58860574e-03, -1.64702511e-02,  3.20709209e-02, -1.87230631e-02],
       [-8.46953545e-03,  3.21457595e-03,  3.77035151e-02, -2.93440030e-02,  7.10591217e-03],
       [ 8.43700210e-02, -2.64624357e-03,  6.06746961e-02,  8.34372704e-03, -3.23810302e-03],
       [ 1.27686851e-02,  6.80106452e-02, -1.93838572e-02,  5.94565916e-03, -9.17960040e-03],
       [ 7.74311227e-02,  1.34587224e-02, -8.88123379e-02, -2.29490765e-02, -2.60342817e-03],
       [-4.79153248e-02, -6.37752234e-02,  6.76287964e-02, -1.18096319e-02, -5.64924069e-03],
       [-7.19897749e-02,  6.31580015e-02,  1.24674173e-02, -8.38365796e-04, -9.72992417e-03],
       [ 9.98637237e-02, -3.52808493e-02, -1.84408005e-02, -5.45372425e-02, -3.19088528e-04],
       [ 2.56556378e-03, -9.25474224e-03,  5.82585508e-02,  7.04148141e-03, -6.92780574e-03],
       [-3.91547459e-02,  9.22200010e-02, -2.48129473e-02, -1.07440920e-01,  4.07122476e-02],
       [ 1.23662680e-02,  5.24670774e-02,  5.33894951e-02,  4.59857994e-02, -1.19062860e-02],
       [ 1.19720608e-01,  5.10820258e-02,  2.72175672e-02,  5.92140150e-02, -5.31902856e-03],
       [-3.24699204e-02,  6.81120123e-02,  1.02577844e-01, -4.96625258e-02, -1.21155624e-02],
       [-1.22349839e-01,  2.38859767e-02, -1.06112375e-01,  4.78047132e-02, -2.09644626e-02],
       [ 6.29917633e-02, -1.23679076e-02,  6.52670366e-02, -3.50409963e-03, -8.77342008e-04],
       [ 2.40759217e-02,  5.78707321e-02, -3.58834834e-03,  8.45476635e-02, -1.92015096e-02],
       [ 3.11562372e-02, -7.41846118e-02,  9.29781605e-03, -1.92403029e-02,  3.18437731e-03],
       [ 6.14422508e-02,  4.72479184e-03, -6.88540790e-02, -7.61176558e-02,  7.13347935e-03],
       [-9.60538088e-02, -3.54754432e-02,  6.08968566e-02,  1.57796950e-02, -6.19847628e-03],
       [-1.01317874e-01,  7.63866879e-02,  6.40238632e-02, -8.71166155e-03, -1.07966325e-01],
       [-4.08725292e-02, -2.56675375e-03,  1.32992280e-01,  5.73250673e-02,  4.41915726e-02],
       [-7.77089818e-02,  8.10470527e-02, -5.36317109e-02,  3.34444099e-02,  4.89196860e-02],
       [ 3.70608590e-03, -3.58316772e-02,  4.35540871e-02,  2.17131351e-02,  1.18405330e-01],
       [-7.97730921e-02,  8.80194505e-02,  3.20230420e-03, -6.14898813e-02,  9.32883780e-03],
       [-1.55745987e-03,  2.80510082e-03,  3.48286955e-02,  6.04549991e-03,  4.05519589e-02],
       [ 6.60193824e-02, -7.29693041e-02,  4.13925779e-02, -4.94784970e-02, -1.85140106e-02],
       [ 3.41713688e-02,  1.59207272e-02, -4.37283069e-02, -2.42989098e-02,  6.57370845e-03],
       [ 9.35113953e-02, -5.43211523e-02, -1.04789285e-01, -9.43247645e-02,  7.86803331e-02],
       [-8.00349562e-02,  1.53961492e-02,  8.73144599e-02,  6.28070698e-02,  8.02700490e-02],
       [-2.22043907e-02,  5.33311360e-02, -9.08266623e-03,  5.60353742e-02,  4.46689488e-02],
       [ 6.62738168e-02, -9.00082593e-02, -1.02584195e-02,  5.27031210e-02,  1.07530282e-01],
       [ 1.09655439e-02, -3.51921900e-02,  4.24439100e-02, -1.32393100e-01, -1.71424183e-02],
       [-2.68017121e-03,  7.30865570e-02, -5.18467282e-02,  9.50970202e-02,  1.21245230e-01],
       [ 1.84398991e-02, -2.83960254e-03,  2.00199670e-02, -8.76334696e-03, -5.27905378e-02],
       [ 1.25720364e-01, -8.25553231e-02, -1.34927677e-02, -2.49059297e-02, -1.03514195e-01],
       [-2.30529267e-02,  2.54068665e-02,  5.77691739e-02, -7.86563617e-03,  1.67256338e-01],
       [-7.38382063e-02,  1.10391107e-01, -7.58518086e-02, -6.33121380e-02, -3.06956757e-02],
       [ 4.11309670e-02, -6.00655466e-02,  5.19820539e-02, -5.70798425e-02, -4.54771946e-03],
       [ 5.39968144e-02, -4.37902215e-03, -3.79383002e-02, -4.23065370e-02, -9.61392808e-02],
       [-5.85464662e-03, -3.92516915e-02,  3.71450076e-02,  5.52977659e-02,  3.27885100e-02],
       [ 6.12899525e-02, -2.19000621e-02, -6.25734989e-02,  3.25197380e-02,  1.09910645e-01],
       [-1.26817522e-01,  6.08199073e-02,  8.98437181e-02, -1.19964292e-01, -3.27219871e-02],
       [-1.73542503e-03,  2.33440380e-02, -1.27614391e-01, -2.23992820e-02,  6.33120391e-02],
       [ 7.42366149e-02,  3.66039062e-02,  6.84980897e-02, -4.35188305e-02,  8.60704713e-02],
       [-1.48830198e-02,  3.98269163e-02, -4.81161557e-02, -6.72842950e-02,  9.90180751e-02],
       [ 1.10994692e-01,  2.18500026e-02,  5.60036356e-03, -3.12066308e-02, -2.43049292e-02],
       [ 9.82283251e-03,  4.16296889e-03, -4.35307108e-02, -1.71639553e-02,  3.32778498e-02],
       [-9.42200693e-02, -1.88421092e-02, -4.68675232e-02, -3.01136945e-02, -1.64768199e-02],
       [-2.22203845e-03, -7.83950121e-02,  2.78861149e-02, -2.55036392e-02, -1.42968292e-02],
       [-9.15789038e-02, -3.64933228e-02,  1.28395504e-01, -1.22682547e-01,  5.25447845e-02],
       [ 3.23326754e-02,  6.86884098e-02, -7.47155520e-02,  2.55979376e-02,  3.04663305e-02],
       [ 9.50639754e-02, -5.66630844e-02, -3.46605471e-02,  4.71463959e-02,  3.20479951e-02],
       [-1.36687631e-01,  2.48076993e-02,  5.64923228e-02, -1.25868546e-02,  8.12369605e-02],
       [-7.76268680e-03,  6.76260782e-03, -6.26921796e-02, -1.23558802e-01, -3.91885942e-02],
       [ 6.83083548e-02, -9.62975888e-02,  2.21528895e-02, -4.57625301e-02,  1.20773504e-01],
       [-9.89797813e-03, -6.39614167e-02, -5.39641203e-02,  4.28867346e-02, -6.41552442e-02],
       [-1.04396812e-01, -6.69764531e-02, -1.11091840e-03,  3.99473147e-02, -7.65503317e-02],
       [ 3.27222724e-02, -7.35908649e-02, -1.14066609e-01, -6.76176078e-02,  9.58462024e-02],
       [ 1.51270379e-01,  7.26603851e-03,  8.83574295e-02, -1.88089090e-02, -7.64746970e-02],
       [-7.06303033e-02, -3.65402800e-03, -5.34006999e-02, -5.42731038e-02, -5.65682583e-03],
       [-1.35674856e-02, -7.76542863e-02, -1.99895078e-03,  5.25339254e-02, -1.34619650e-01],
       [-5.04993683e-02,  7.13837595e-02,  8.37990862e-03,  4.96588644e-02,  4.82861691e-02],
       [-5.32262358e-02, -1.42454640e-02,  8.14847340e-02, -5.48554028e-02,  1.16101858e-01],
       [ 7.51683411e-02,  4.96529217e-02, -6.94215527e-02, -8.47562167e-02, -4.44262748e-02],
       [ 5.02360130e-02,  6.03866891e-02, -3.29458623e-02, -1.31123250e-02, -3.93478766e-02],
       [-2.92570826e-02, -1.08251483e-02, -1.27471991e-02,  1.46384466e-02, -6.02789796e-02],
       [ 4.46015311e-02,  3.78306950e-02, -1.10832828e-01,  4.39032438e-02, -4.27000561e-04],
       [ 2.31926826e-03,  2.74506981e-03,  2.87732701e-03, -3.97197677e-03, -3.96244863e-02],
       [-5.50928481e-02, -3.97891049e-02,  5.14964821e-02,  2.75456688e-02,  3.83191861e-03],
       [ 1.76604902e-02, -1.36146532e-02,  1.14342826e-02,  2.92206461e-02,  4.13046296e-04],
       [ 1.50587245e-02, -9.09595882e-03,  1.33037169e-01,  8.98067904e-02, -4.70163791e-02],
       [-3.19832579e-02,  8.20881383e-03, -1.23836228e-01, -1.60025925e-02, -3.84629624e-02],
       [ 5.54909457e-02,  2.74369014e-02, -7.28926902e-02, -4.86657830e-02, -4.23088127e-02],
       [-5.46220257e-02, -3.67852315e-02,  1.63528768e-01, -1.24099067e-02, -6.63111410e-02],
       [-1.84189906e-02, -1.20366929e-02, -2.72515718e-02,  1.20639985e-01,  2.61075277e-02],
       [ 4.73033760e-02,  2.64834167e-03, -5.94493870e-02, -2.64542373e-02, -7.04517538e-02],
       [-2.00300752e-02, -3.29573464e-02, -3.36170543e-02, -9.84023583e-03,  4.48874811e-02],
       [-3.97506201e-02, -6.06560662e-02,  1.16612031e-01, -5.57314072e-03,  7.87280657e-02],
       [-1.55098664e-02, -2.02170698e-02, -9.13066910e-02,  4.60408719e-02, -1.14623161e-01],
       [ 1.07350632e-01,  6.24626795e-02, -5.27821920e-02,  6.73037337e-02,  4.83293159e-02],
       [-5.68487599e-02, -4.13707178e-02,  8.44236152e-03,  5.04337413e-02,  9.39281941e-04],
       [ 1.76529206e-02, -1.38098384e-03,  1.62451143e-02,  1.35000012e-02,  9.62910687e-02],
       [-3.33036918e-02, -8.34795853e-03,  1.74073609e-02, -6.30396419e-02, -4.48892178e-02],
       [ 7.22946082e-03, -3.19240520e-03,  8.06674974e-02,  4.96451664e-04, -7.88727422e-02],
       [-1.74040095e-02,  8.62319647e-03, -1.41795650e-01,  7.93334998e-02,  2.66240125e-02],
       [ 9.46552072e-03,  5.22146447e-02, -2.11260108e-02,  3.31727756e-02, -9.73165101e-02],
       [ 5.52461277e-02,  3.16520792e-02,  1.02382357e-01,  4.80533672e-02, -5.08619350e-03],
       [ 2.23628125e-02,  9.34013186e-03, -4.49291503e-02,  1.99952664e-02, -3.94764916e-02],
       [-3.49543345e-02, -2.12690331e-02, -8.20729525e-02,  4.18137087e-02,  1.68965659e-02],
       [-8.90967311e-03, -8.84464096e-02,  8.21679970e-03,  2.92492377e-02, -3.06773757e-03],
       [-1.04072840e-01, -7.63930968e-02, -3.58527934e-02,  1.23868659e-01, -6.44462371e-02],
       [ 5.34880105e-02,  1.00263069e-01,  5.58053410e-02, -3.43570751e-02, -6.77696353e-02],
       [ 5.83274242e-02, -7.28500155e-02,  2.66617976e-02, -4.85592837e-02, -4.29717770e-02],
       [-9.69082066e-02,  2.70821440e-02, -9.23109389e-02, -1.11729135e-02, -1.05887785e-01],
       [ 1.26878507e-02,  1.00569702e-02, -1.85389281e-02,  1.36219415e-01,  3.08627711e-02],
       [ 3.53584535e-02, -1.16060085e-01,  7.41410433e-02, -8.07762503e-04, -1.02307346e-01],
       [ 1.66859835e-02, -4.76366858e-02, -6.26536908e-03, -3.08671207e-02,  6.28523878e-02],
       [-5.11458382e-02, -7.65546630e-02, -9.28248444e-02, -3.19072399e-02,  1.07053240e-01],
       [ 6.98005529e-02, -5.54442431e-02, -1.22949548e-02,  6.50762469e-02, -1.46002942e-01],
       [ 4.20920418e-02, -5.12089070e-03,  9.71407313e-02,  3.45097006e-02,  3.85734902e-02],
       [-1.28619538e-02,  9.68277387e-03, -3.26732435e-02,  5.82301263e-02,  7.52508210e-03],
       [-1.09544524e-02, -1.21523383e-01, -4.49786924e-02, -2.21379422e-02,  9.32804349e-02],
       [-2.77113473e-02,  8.92186320e-02,  2.27063632e-02, -5.19672835e-02, -3.39575092e-02],
       [-5.83244374e-02, -4.16660814e-02, -1.89190053e-02,  2.74383007e-02, -1.16571219e-01],
       [ 8.46947886e-02,  1.08012033e-01,  9.36851268e-02,  1.04245362e-01,  3.45429199e-02],
       [ 6.77357334e-03,  5.23861921e-02, -2.82416125e-02,  2.88788362e-02,  4.17535683e-02],
       [-3.94056424e-03,  3.83945893e-03,  1.31478870e-03,  2.88432764e-02, -6.64068141e-02],
       [-2.27990513e-03, -4.78243440e-02,  3.78347784e-02,  2.93231490e-02,  1.26827492e-02],
       [ 7.36907674e-03, -5.96027355e-04, -2.09334556e-03,  2.39436597e-02,  2.59144423e-02],
       [ 3.07607442e-02, -3.05149018e-02,  2.19878193e-02,  1.06933821e-01, -4.43456667e-02],
       [-1.83868967e-02,  2.04470572e-02, -1.66781122e-02, -2.22867525e-02, -2.78584950e-02],
       [-1.72966240e-03,  3.37721613e-02, -3.74421884e-02, -5.08522591e-02, -2.55223334e-02],
       [ 1.86008712e-02, -6.48927919e-02,  6.12393327e-02,  3.83932475e-03, -6.49709697e-02],
       [-8.81417427e-03, -1.39328251e-02,  7.23309066e-03,  1.26270050e-01,  4.19884668e-02],
       [ 5.29023668e-03,  2.09901355e-02, -2.56012338e-02,  3.35488117e-02, -1.42083165e-01],
       [-5.93030423e-03, -1.39401616e-02, -3.29467302e-03, -3.44193396e-02,  6.91288023e-02],
       [ 9.02670726e-03, -6.12493266e-02,  5.11468654e-02, -4.10317586e-02,  9.48733265e-02],
       [-2.17447699e-02,  2.13608762e-03, -3.40539743e-02,  5.63198947e-02, -8.48750066e-02],
       [ 1.43053212e-02,  7.52561692e-02, -4.79510192e-02,  2.77808760e-02,  9.45331198e-02],
       [-6.19902819e-03, -3.17174733e-02,  2.01068149e-02,  6.16642723e-02, -5.12923882e-03],
       [ 4.29918363e-03, -7.45871557e-03,  1.53401927e-04, -3.35610037e-02,  1.42709128e-01],
       [-5.09166818e-03, -1.76873417e-02,  1.31561085e-02, -5.32969711e-02, -5.39447347e-02],
       [ 1.46756265e-02, -1.68431014e-02,  2.54236452e-02,  3.36825172e-02, -9.57636952e-02],
       [-2.33597118e-02,  3.85196441e-02, -4.83495909e-02,  8.88816572e-02,  3.67749993e-02],
       [ 1.77864617e-02, -9.20896784e-05, -5.01823594e-02,  2.10671033e-02,  3.74129747e-03],
       [-7.63209771e-02, -1.48561670e-02, -9.71665957e-02, -1.91074605e-02, -4.51364898e-03],
       [-1.79916350e-02, -9.42260866e-02,  3.47406282e-03, -1.44561638e-02,  1.07864684e-02],
       [-1.07914211e-01, -4.13105553e-02,  3.60692218e-02, -2.81467639e-02,  2.67238277e-02],
       [ 6.24682184e-02,  9.22954768e-02, -1.60978505e-03,  1.17318988e-02,  3.15350614e-02],
       [ 7.68094192e-02, -7.41706638e-02,  7.48100976e-03,  1.96654454e-02,  2.24077193e-02],
       [-1.29080754e-01,  3.57430393e-02, -4.82839786e-02,  3.49820270e-02,  3.78343836e-02],
       [ 2.55919995e-03,  1.14558686e-02, -4.82062830e-02, -5.71022720e-02, -2.49191662e-03],
       [ 3.97120011e-02, -1.20360333e-01,  3.26818019e-02,  7.57399579e-02,  4.80810548e-03],
       [ 6.47667634e-04, -6.87845604e-02, -5.44502107e-02, -2.40070734e-02, -1.01701982e-02],
       [-1.18155085e-01, -9.07869506e-02, -1.01616372e-01, -3.62887148e-02, -3.00945705e-02],
       [ 6.85902190e-02, -7.95282836e-02, -8.50622700e-02,  1.00261949e-02,  6.43650839e-02],
       [ 9.21247230e-02, -5.10280085e-03,  1.29884727e-01, -6.21106710e-02,  6.15365442e-03],
       [-4.80101438e-02,  5.78014021e-03, -7.54839710e-02, -1.78304689e-02, -3.65169062e-03],
       [-1.82865997e-02, -8.94772884e-02, -1.20712406e-02, -5.24367116e-02, -1.31081044e-02],
       [-3.11978725e-02,  9.53710208e-02,  1.20893353e-03,  3.54127978e-02,  8.65235465e-03],
       [-7.47942355e-02, -2.55620795e-02,  3.33318605e-02,  4.24409055e-02,  3.69616436e-02],
       [ 1.18816311e-01,  7.95394618e-02,  1.64947982e-02, -4.60934813e-02, -8.04942042e-03],
       [-2.07195421e-02, -9.18031669e-03,  4.42133384e-02,  1.95893281e-02,  1.24427155e-02],
       [-6.43744003e-03, -7.36466593e-03,  8.23664809e-03,  1.23835270e-02,  1.45389765e-03],
       [-1.35520949e-03,  2.69324608e-03,  2.43350981e-02,  4.89321270e-02, -3.07101879e-02],
       [ 1.14169955e-02,  9.04303846e-03, -3.73332462e-02, -2.21370589e-02, -2.64695126e-02],
       [ 3.72946782e-03, -1.66391594e-03, -2.56372715e-02, -1.74685936e-02, -1.68345238e-02],
       [-1.02068595e-02, -8.65543692e-04,  5.40120752e-02, -3.55979834e-03, -4.93249059e-02],
       [-8.00347633e-03, -3.26845067e-03,  1.14949167e-02,  5.47101867e-02,  1.29872459e-02],
       [-5.90240845e-03, -1.74545347e-02, -9.98523665e-03,  1.16917658e-02, -4.74726600e-02],
       [-9.76348149e-03, -6.78564214e-03,  1.18888227e-02, -1.62032219e-02,  2.60666402e-02],
       [-3.79825356e-02, -2.98838707e-02,  6.69241539e-02, -1.37371429e-02,  3.05681553e-02],
       [-7.14101101e-03, -5.95318462e-03, -6.14733524e-03,  2.84283490e-02, -6.01391592e-02],
       [ 2.30577669e-02,  1.03652162e-02, -7.02584637e-02, -4.88011088e-04,  1.83259538e-02],
       [-1.50488842e-02, -5.21439126e-03,  2.47193113e-02,  2.35639757e-02,  4.86520680e-03],
       [-1.26151927e-02, -8.80922460e-03,  2.05827486e-02, -2.18889535e-02,  5.53273773e-02],
       [ 2.55419858e-03,  4.66258509e-03,  3.53954317e-03, -1.51868844e-02, -1.63109320e-02],
       [-1.16394347e-02, -9.04950781e-03,  3.14164591e-02,  1.99492453e-02, -6.15902465e-02],
       [ 2.63998498e-02,  1.98626877e-02, -6.39844216e-02,  4.75390970e-02,  2.01664887e-02],
       [ 1.36270784e-02,  7.76765675e-02, -1.54554387e-02, -9.71125066e-03, -1.81304577e-03],
       [ 1.07629615e-01,  4.90082210e-02,  9.44553684e-03,  4.03256235e-03,  1.39979301e-02],
       [-6.87660694e-02, -1.00812530e-01, -3.64000173e-02,  3.79577134e-03,  3.30387424e-03],
       [-4.93758920e-02,  6.89159593e-02, -2.66265159e-02,  8.07809040e-03,  9.48793091e-03],
       [ 8.16904677e-02, -2.72413340e-02,  6.81307292e-02,  2.22853710e-02,  4.74195119e-03],
       [-7.57560915e-03, -1.81850278e-02,  3.34203076e-02, -2.25773671e-02, -6.18895034e-03],
       [-3.07604695e-02,  1.07427114e-01, -6.34335066e-02,  5.85080471e-02,  2.34226163e-02],
       [-1.11154592e-02,  5.26577747e-02,  1.86058149e-02, -2.22369333e-02, -1.45413204e-02],
       [ 6.44897686e-02,  5.16551575e-02,  7.52164269e-02, -2.84281755e-02, -2.27201005e-02],
       [-6.15515664e-02,  6.15935209e-02,  1.84541060e-02,  1.97060484e-02,  2.30573920e-02],
       [-4.53857230e-02,  1.95434516e-02, -9.14617010e-02, -3.73633930e-02, -2.03021413e-02],
       [ 1.48197199e-02, -1.61861682e-02,  3.74585739e-02, -5.81598622e-03,  1.47721745e-03],
       [ 2.35046578e-02,  7.48048838e-02,  9.13673591e-03, -4.78482931e-02, -4.22567286e-02],
       [ 2.09639661e-02, -8.20389334e-02,  1.46764507e-03,  2.20690783e-02,  1.16206176e-02],
       [ 6.19885809e-02,  1.71908538e-02,  2.63376224e-03,  3.80543981e-02,  2.24043138e-02],
       [-9.20412408e-02, -5.93942160e-02, -5.71528980e-02, -1.25121549e-02, -6.03131975e-03],
       [-3.91310106e-03,  7.34005904e-02, -8.95017025e-03,  1.21470104e-02,  1.39681769e-02],
       [ 1.80290377e-02, -6.98349969e-02, -2.76542276e-03,  1.63780857e-02,  1.52969616e-02],
       [-3.27967066e-02, -1.98798914e-02,  3.92078860e-02,  7.30317864e-03,  1.26143815e-02],
       [ 2.88888294e-02,  7.49774807e-02, -4.35115214e-02,  2.18192349e-02,  2.25712622e-02],
       [ 2.12180503e-03,  2.03966084e-02,  2.80893174e-03, -1.24990367e-02, -1.08846357e-03],
       [-3.29066409e-02,  5.26397298e-03,  1.79508273e-02,  4.53534544e-02,  2.30487345e-04],
       [-4.70857618e-04,  3.56566353e-02,  1.24911333e-02, -1.47399205e-02, -6.96517977e-03],
       [-7.41717219e-03,  1.12897565e-01, -2.53904866e-02, -2.06081962e-02, -2.21639988e-02],
       [-7.99296397e-03,  1.52551265e-02,  4.24232239e-02,  1.97029279e-02,  3.64948722e-02],
       [-3.72204039e-02, -1.06323425e-01,  1.97521709e-02, -2.16675759e-02,  3.24133375e-03],
       [ 1.44034389e-02,  4.94210512e-02, -1.41724031e-02, -5.19925801e-03, -1.02434140e-03],
       [-1.82075282e-02,  5.88779358e-02,  2.23022117e-02, -3.51960297e-02, -9.02672679e-03],
       [ 2.59451867e-02, -1.01994704e-02, -2.81298982e-02,  9.22499528e-03,  4.06465582e-03],
       [-3.47414587e-03,  4.07851054e-02, -2.19898959e-02,  2.84082228e-02,  2.24138818e-02],
       [ 1.51282050e-02, -1.00765832e-01,  1.43028695e-02, -1.75758195e-02, -5.01923176e-03],
       [-2.82538161e-02, -7.67509365e-02,  9.82899966e-02, -2.95415212e-03, -1.17336681e-02],
       [-9.38425972e-02,  3.43086431e-02,  6.41623878e-02, -2.43232726e-02, -1.00638077e-02],
       [ 1.21442058e-01,  1.23328809e-02, -9.96337144e-02,  8.05277446e-02, -5.39601756e-02],
       [ 2.53011673e-02,  5.59103872e-03,  3.98455946e-02,  4.41864956e-02,  2.95759874e-02],
       [-7.27455535e-02,  8.58674773e-02,  1.38797208e-02,  1.70583150e-01, -9.32851508e-02],
       [ 2.05464129e-02,  7.64681208e-02,  5.68234396e-02, -8.12625715e-02,  3.65650630e-02],
       [ 1.34273992e-01,  1.21263879e-01, -5.63934179e-02, -1.07812187e-01,  5.49469207e-02],
       [-1.94125731e-02,  7.62340715e-02,  1.36080176e-01,  9.24404080e-02, -3.78346910e-02],
       [-1.72791696e-01, -5.33528068e-02, -3.96131553e-02, -5.67115484e-02,  5.46922862e-02],
       [ 8.57683197e-02,  2.89700341e-02,  3.53670845e-02,  3.41723905e-02,  1.59444721e-04],
       [ 1.27996973e-02,  6.64220183e-02, -8.31684077e-04, -1.25602912e-01,  6.42004049e-02],
       [ 4.49391640e-02, -6.25003054e-02,  2.32850331e-04,  6.35051104e-03, -3.35619221e-02],
       [ 5.30702736e-02,  2.26500599e-02, -1.13645230e-01,  1.23957636e-01, -6.25138831e-02],
       [-8.11283875e-02, -6.81855729e-02,  1.28695173e-01,  1.81986225e-02,  2.52422132e-02],
       [ 8.26114898e-02,  5.41040513e-03, -6.44931577e-02, -1.96339007e-02, -7.32187833e-03],
       [-9.14848400e-02, -6.67004747e-02,  7.31216630e-02, -1.73324551e-02, -1.44334730e-02],
       [-1.04266187e-02, -2.29420554e-02, -4.08122135e-02,  4.08280639e-02,  2.32253407e-02],
       [ 7.27783576e-02, -3.79444994e-02, -2.34629061e-02, -4.58692897e-02, -6.22392117e-02],
       [-7.25754306e-03, -7.11987480e-02, -6.73979264e-02,  2.10910592e-02,  2.92102540e-02],
       [-4.95733858e-02, -1.41960619e-01, -7.22707037e-03,  2.62034212e-02,  3.64472676e-02],
       [ 1.47732877e-02, -4.64307822e-02, -1.57164162e-01, -2.39162180e-02, -1.01156653e-02],
       [ 1.25306956e-01,  1.25326103e-01,  7.18566573e-02,  5.39302714e-02,  5.99126224e-02],
       [-5.73413768e-02, -6.42525061e-02, -3.51688068e-02,  1.44739784e-02, -5.67768644e-04],
       [ 1.61275555e-02, -8.43894014e-02, -3.00354547e-02,  5.20576199e-02,  7.33662359e-02],
       [-5.29335078e-02,  2.73669303e-02,  3.63487006e-02, -3.84167536e-02, -2.87342154e-02],
       [-1.65853256e-02, -4.19259319e-02,  8.02851484e-02, -3.60884770e-02, -4.69736397e-02],
       [ 1.29183930e-02,  1.00515980e-01, -6.26298337e-02,  2.10761053e-02,  1.65370515e-02],
       [-5.59388325e-02,  7.94098593e-02,  1.01386130e-03, -4.15805744e-02, -1.47332364e-02],
       [-4.02020383e-03,  3.51626069e-02, -3.09152874e-02,  8.46107927e-03,  9.87398958e-03],
       [-3.60243016e-03, -6.57876900e-02,  4.59342408e-02, -8.06329607e-02, -7.23041520e-02],
       [-1.09519948e-02, -2.88577080e-04, -1.34242680e-03,  3.22997287e-02,  2.38868171e-02],
       [-1.07791273e-01,  6.69922039e-02,  1.52083531e-02,  4.24775618e-02,  1.83730120e-02],
       [ 2.93025608e-02, -2.49889255e-02, -2.20431828e-02, -4.69270170e-02, -2.58713444e-03],
       [ 4.95089160e-02, -1.04413246e-01,  4.15466248e-02,  2.60517731e-02,  2.97340421e-02],
       [-2.79581615e-02,  5.92650187e-02, -3.21921908e-02,  5.78992872e-04,  1.63083422e-03],
       [-5.09326274e-02, -8.43395406e-03,  2.48296906e-02,  6.24337411e-02,  2.90148935e-02],
       [ 1.12961159e-02,  4.65563182e-02, -2.75415419e-02, -1.11765202e-02, -4.18620562e-03],
       [-6.07492546e-02,  1.05812606e-02,  3.54552749e-02, -5.87601888e-02, -1.52554538e-02],
       [ 1.21679624e-01, -3.56017424e-02, -5.28695553e-02,  1.67378851e-02,  9.19761010e-03],
       [ 9.15178563e-03, -2.72525691e-02,  6.28873248e-02,  1.07037581e-01,  3.22426540e-02],
       [-2.64275158e-02,  1.18936547e-01, -6.47694443e-02, -3.15983718e-02, -1.28368191e-01],
       [ 1.29867622e-02,  4.44781422e-02,  4.20133327e-02,  8.70258382e-04,  6.34911553e-02],
       [ 1.46582935e-01,  8.80389752e-03,  1.64025530e-02,  9.25417877e-03,  6.41545478e-02],
       [-4.42131823e-02,  6.40204644e-02,  9.96623142e-02,  1.52783784e-02, -6.41045095e-02],
       [-1.13495567e-01,  6.72854465e-02, -1.25666396e-01,  6.00614622e-02,  9.36440599e-02],
       [ 6.02870887e-02, -4.48824676e-02,  7.24518619e-02,  4.29200603e-02,  1.54057116e-03],
       [ 6.55867034e-02,  6.77209875e-02, -1.32371765e-02,  2.31750023e-02,  1.49031053e-01],
       [ 1.44864446e-02, -9.53096847e-02,  2.64554880e-02, -5.75673191e-02, -4.24434518e-02],
       [ 1.02130777e-01,  1.83398385e-04, -8.66757029e-02, -1.19660680e-02, -7.96430724e-02],
       [-1.61402608e-01, -2.75052247e-02,  7.37456358e-02,  7.78517755e-02,  3.04337373e-02],
       [ 3.43034941e-03,  3.35273856e-02, -2.81872391e-02,  2.12489462e-01,  4.67093450e-02],
       [-1.04572682e-02,  6.64535146e-03, -6.76723941e-03, -8.61611111e-02, -1.79594001e-02],
       [-3.12684407e-03, -4.58029326e-03,  6.01702866e-02, -1.13785883e-01, -2.95832858e-02],
       [-1.96658635e-02,  1.74521957e-02, -3.65125658e-02,  1.05503812e-01,  4.58261271e-02],
       [ 1.72531403e-02,  2.70770757e-02, -2.72986699e-02, -8.60486876e-02, -1.18003049e-02],
       [-9.92005894e-03, -1.93396408e-02,  1.45806761e-02, -1.45840508e-03, -2.69915062e-04],
       [ 6.91174324e-04,  1.67052876e-02,  1.26135276e-02, -1.59734127e-01, -3.73195955e-02],
       [ 5.93807593e-03, -2.17091543e-02, -5.39276709e-03,  3.58115625e-02,  6.81208304e-03],
       [ 1.11012640e-02, -4.30090767e-03,  3.85043695e-02,  1.44108607e-01,  3.95196903e-02],
       [-8.69858858e-03,  2.35009784e-03, -7.73062673e-02, -4.22077610e-02, -6.68516208e-03],
       [-5.51739448e-03,  2.45557022e-02, -1.12848590e-02, -1.96125151e-02,  7.23992016e-02],
       [-9.10833248e-02,  1.27243043e-01, -6.31806976e-02, -1.42893626e-02,  1.23424659e-01],
       [ 2.11941177e-02, -2.15036543e-02,  6.05831314e-03,  6.75341824e-02, -1.90427223e-01],
       [ 1.50929275e-02, -1.57307522e-01,  8.86561489e-02,  7.99930841e-02,  7.69982106e-02],
       [-1.27183201e-02,  8.25575797e-02, -5.83141004e-02,  8.72559456e-02,  4.21204641e-03],
       [-4.74502136e-02,  2.84364560e-02,  2.33700671e-02,  6.73300418e-03,  1.66725807e-01],
       [ 2.43013857e-02,  4.64757367e-02, -5.00553010e-02, -9.88669337e-02, -7.37047353e-02],
       [-5.61403831e-02,  4.47688525e-02,  5.93058230e-03,  6.07399996e-03, -1.80382812e-01],
       [ 1.05797289e-01, -9.39256604e-02, -4.93202612e-04,  1.60436878e-01,  5.11890528e-02],
       [-1.42615276e-02,  9.44738699e-02,  5.01477631e-02,  2.32755822e-02, -5.59870810e-02],
       [-2.32497190e-02,  1.10911679e-02, -1.05819996e-02, -3.53929837e-02,  7.04261662e-02],
       [ 1.69490575e-02, -6.29554379e-02, -3.64125308e-03, -1.38366794e-02, -3.33850828e-02],
       [-1.12295232e-02,  2.43077402e-02, -6.37476976e-03, -3.82599389e-02, -7.71305188e-05],
       [-1.07662271e-02,  7.44486052e-02,  3.75921096e-02,  2.18606714e-02, -6.22270564e-02],
       [ 4.65160592e-03, -2.64990355e-02, -2.40417794e-02,  3.37821899e-02,  3.30152610e-02],
       [ 8.44074957e-03,  4.39940569e-02,  3.21811019e-02, -2.61257610e-02,  7.60603321e-02],
       [-4.99512802e-03, -9.93574343e-02, -7.76418764e-02, -6.55242273e-02, -2.01781989e-02],
       [-8.64201506e-02,  8.02082691e-02,  1.03816180e-01, -4.33259960e-02,  7.76399707e-02],
       [-1.16091036e-01, -5.31611549e-02, -1.23986097e-01, -2.22777576e-02, -6.48152551e-02],
       [ 4.25712347e-02,  1.07868245e-02,  4.94803080e-02, -4.64575419e-02, -8.31798102e-03],
       [ 6.53747265e-03,  1.47111658e-01,  4.26906322e-02,  2.66017875e-02, -1.22169149e-01],
       [ 6.29369918e-02, -1.03182084e-01, -3.03117336e-02,  4.66514696e-02,  3.81624334e-02],
       [ 6.32849303e-02,  4.35335181e-02, -4.07159456e-02, -2.23854338e-02,  9.05678919e-02],
       [-9.07208851e-02, -1.35695497e-01, -2.57609887e-02, -8.42112109e-02, -2.89217987e-02],
       [ 9.82843941e-02, -8.84891600e-02,  5.54766983e-03,  3.79563881e-03,  1.18548016e-01],
       [-5.25256364e-02,  3.46484105e-02, -2.05060706e-02,  5.01948927e-02,  2.11081490e-03],
       [-1.97977870e-02,  4.56123392e-02,  5.15214916e-02, -4.85906415e-02,  1.43020815e-01],
       [-1.33783542e-02, -1.82824905e-03, -3.54018658e-02, -4.34603601e-02, -4.63311866e-02],
       [-1.89703816e-02,  4.18741024e-02,  7.70632370e-02,  4.84744792e-02, -1.02496479e-01],
       [ 4.09068047e-02, -9.90436278e-02, -1.47635036e-01,  7.04794342e-02,  3.46857371e-02],
       [-1.37089092e-02,  4.14953945e-02, -5.25295141e-02, -3.37426838e-02, -3.34177034e-03],
       [-5.21576184e-02, -1.16917338e-01, -1.10583167e-02, -3.85519804e-02, -5.85463908e-02],
       [-7.38745619e-03,  1.28116203e-01, -5.46202878e-03,  3.57305137e-02,  2.16165941e-02],
       [-1.06220964e-01, -2.79027356e-02, -1.80830770e-02,  3.85476996e-02,  9.25856159e-02],
       [ 1.76664840e-01,  8.58041210e-02,  1.04594239e-01, -8.71099963e-02, -2.34911327e-02],
       [ 2.12001150e-02,  6.03296283e-02,  1.19678188e-02, -7.04240264e-02, -5.20116766e-03],
       [ 5.10066477e-03, -6.49908891e-02,  4.22452901e-03,  1.31250703e-02,  3.51274739e-03],
       [ 4.88785488e-02,  1.44339642e-02,  1.96418007e-02,  6.33182948e-02,  3.24824112e-03],
       [-8.01805069e-02, -4.37940444e-02, -6.16765864e-02, -1.02032163e-02, -8.16115551e-04],
       [ 4.12745020e-02, -2.06155185e-02, -3.19578150e-02,  6.23930876e-02,  4.77220405e-02],
       [ 4.12756581e-04,  2.59812875e-02, -3.98257734e-03, -1.72945299e-02,  1.36605751e-01],
       [ 1.39786031e-02, -8.11933307e-02, -2.63837700e-02, -1.24291291e-01, -3.66690005e-02],
       [ 3.79699451e-02, -2.47757298e-02, -9.67749267e-03, -6.08561818e-02, -5.03705863e-02],
       [-7.96986348e-02,  6.08978541e-02,  2.93075876e-02,  4.14671466e-02,  1.13826418e-02],
       [-3.59590177e-02, -1.72283695e-02,  7.38219674e-02,  1.10252993e-01,  4.85205824e-02]])})
2026-01-20 11:01:47,039 - final_problem_set.kxor_instance_n26_k2_m212_ell2_eps0.25_kappa1.0_rho0.2 - INFO - Running key extraction (n=26, m=212, ell=2, phase_qubits=13)
2026-01-20 11:01:47,044 - final_problem_set.kxor_instance_n26_k2_m212_ell2_eps0.25_kappa1.0_rho0.2 - INFO - Built voting matrix V (n=26, ell=2, dtype=complex128) in 0.005s
2026-01-20 11:01:47,045 - final_problem_set.kxor_instance_n26_k2_m212_ell2_eps0.25_kappa1.0_rho0.2 - INFO - Eval: adv=0.2925, hamming=6/26 (0.231), corr=0.538
2026-01-20 11:01:47,045 - final_problem_set.kxor_instance_n26_k2_m212_ell2_eps0.25_kappa1.0_rho0.2 - INFO - Key extraction complete: x_hat=16
2026-01-20 11:01:47,045 - final_problem_set.kxor_instance_n26_k2_m212_ell2_eps0.25_kappa1.0_rho0.2 - INFO - Finished step 'KeyExtractionStep' in 0.006s (success: True, problem=kxor_instance_n26_k2_m212_ell2_eps0.25_kappa1.0_rho0.2)
2026-01-20 11:01:47,045 - final_problem_set.kxor_instance_n26_k2_m212_ell2_eps0.25_kappa1.0_rho0.2 - INFO - SUCCESS: len(z_hat)=26
2026-01-20 11:01:47,045 - final_problem_set.kxor_instance_n26_k2_m212_ell2_eps0.25_kappa1.0_rho0.2 - INFO - Metrics: adv=0.29245283018867924, ham_frac=0.23076923076923078, corr=0.5384615384615384
2026-01-20 11:01:47,045 - final_problem_set.kxor_instance_n26_k2_m212_ell2_eps0.25_kappa1.0_rho0.2 - INFO - z_hat (full): [ 1,  1,  1,  1, -1, -1, -1,  1, -1,  1,  1, -1, -1, -1, -1,  1, -1,  1,  1, -1,  1,  1,  1, -1, -1,  1]
