2026-01-20 11:01:29,775 - final_problem_set.kxor_instance_n24_k2_m199_ell2_eps0.3_kappa1.0_rho0.4 - INFO - Starting iteration for /Users/julian/CodingProjects/UniT3/QuarticSpeedupK-XOR/z_Daphne/data/final_problem_set/kxor_instance_n24_k2_m199_ell2_eps0.3_kappa1.0_rho0.4.npz
2026-01-20 11:01:29,776 - final_problem_set.kxor_instance_n24_k2_m199_ell2_eps0.3_kappa1.0_rho0.4 - INFO - Loaded instance (n=24, m=199, k=2)
2026-01-20 11:01:29,776 - final_problem_set.kxor_instance_n24_k2_m199_ell2_eps0.3_kappa1.0_rho0.4 - INFO - Starting step 'ComputeKikuchiStep' (version 0.1) on problem kxor_instance_n24_k2_m199_ell2_eps0.3_kappa1.0_rho0.4 (fields={'ell': 2, 'threshold': 0.0})
2026-01-20 11:01:29,807 - final_problem_set.kxor_instance_n24_k2_m199_ell2_eps0.3_kappa1.0_rho0.4 - INFO - Finished step 'ComputeKikuchiStep' in 0.031s (success: True, problem=kxor_instance_n24_k2_m199_ell2_eps0.3_kappa1.0_rho0.4)
2026-01-20 11:01:29,807 - final_problem_set.kxor_instance_n24_k2_m199_ell2_eps0.3_kappa1.0_rho0.4 - INFO - Starting step 'ClassicalEigenvaluesStep' (version 0.1) on problem kxor_instance_n24_k2_m199_ell2_eps0.3_kappa1.0_rho0.4 (fields={'ell': 2, 'threshold': 0.0, 'kikuchi_matrix': <Dictionary Of Keys sparse matrix of dtype 'int64'
	with 5808 stored elements and shape (276, 276)>, 'num_eigenvalues': 5})
2026-01-20 11:01:29,945 - final_problem_set.kxor_instance_n24_k2_m199_ell2_eps0.3_kappa1.0_rho0.4 - INFO - Finished step 'ClassicalEigenvaluesStep' in 0.139s (success: True, problem=kxor_instance_n24_k2_m199_ell2_eps0.3_kappa1.0_rho0.4)
2026-01-20 11:01:29,946 - final_problem_set.kxor_instance_n24_k2_m199_ell2_eps0.3_kappa1.0_rho0.4 - INFO - Starting step 'KeyExtractionStep' (version 0.1) on problem kxor_instance_n24_k2_m199_ell2_eps0.3_kappa1.0_rho0.4 (fields={'ell': 2, 'threshold': 0.0, 'kikuchi_matrix': <Dictionary Of Keys sparse matrix of dtype 'int64'
	with 5808 stored elements and shape (276, 276)>, 'num_eigenvalues': 5, 'eigenvalues': array([-10.77948241, -10.25035261,  10.25660015,  11.03196741,  11.45205313]), 'eigenvectors': array([[ 1.94515025e-03,  7.52939985e-02,  1.51561442e-01,  3.23731049e-02,  5.73825849e-02],
       [-1.10752396e-01, -8.76043357e-02, -7.78718107e-02,  1.46628026e-01,  4.88599928e-02],
       [-7.00975877e-02, -5.36033586e-02, -6.51987737e-02, -1.50273303e-01, -1.03140248e-01],
       [ 3.99526176e-04, -8.05615570e-03, -9.24050073e-02, -7.54899309e-02, -6.51210889e-02],
       [ 5.62232290e-02, -1.16368080e-04,  4.06642602e-02,  7.78968882e-02,  4.30963386e-02],
       [-1.06787928e-01, -4.72775842e-02,  1.09464384e-01, -3.39920603e-03,  2.50089624e-02],
       [ 2.38859250e-02,  6.45461291e-02, -1.38489294e-01,  9.67372170e-02, -8.83559758e-04],
       [-5.09601226e-02, -1.06271169e-02,  1.01327426e-03,  1.83126643e-02,  4.52223276e-03],
       [-2.25031753e-02, -3.42274401e-02, -3.34964989e-02, -7.03197104e-02, -5.14307856e-02],
       [-4.98509847e-02, -4.68001934e-02, -5.02683759e-03, -2.32397928e-02, -1.52823239e-02],
       [ 9.21051397e-03, -3.84776673e-02, -1.18241586e-01,  5.26558474e-02, -2.50794781e-03],
       [-1.76094875e-02,  5.47148432e-02,  2.13349355e-01, -2.40375140e-02,  4.65967178e-02],
       [-8.46395760e-02, -1.90992552e-02,  1.59483249e-01, -9.07581158e-02,  9.83435881e-03],
       [-9.50771452e-02,  3.09503457e-03, -8.38889410e-02, -1.58580336e-01, -1.13739538e-01],
       [ 4.00879422e-03, -8.53776558e-03, -9.79712379e-02,  2.79694115e-02, -8.37235095e-03],
       [ 1.17523516e-02, -7.25165151e-02,  1.58266292e-01, -3.09622995e-02,  2.65051866e-02],
       [-4.56426356e-02, -5.06367329e-02,  9.94458245e-02,  1.14420306e-01,  9.56201224e-02],
       [ 8.90655022e-02,  6.39513865e-02, -2.46920899e-02, -4.53181555e-02, -3.47307534e-02],
       [-6.68718510e-03, -8.07528456e-02,  7.77887016e-02, -9.06304661e-02, -2.47690820e-02],
       [-6.38040680e-02,  8.45587460e-03, -9.07658056e-02,  8.69959035e-02,  1.91688630e-02],
       [-7.06939705e-02, -5.91689314e-02, -3.23021720e-02,  9.78888989e-02,  3.96177924e-02],
       [ 2.14807919e-03,  3.21077840e-02, -4.96228365e-02, -1.09340727e-01, -8.35745003e-02],
       [-7.95273029e-02,  3.76537335e-02, -7.08367900e-02,  8.08107679e-02,  2.49515440e-02],
       [ 3.51259833e-02, -7.56912242e-02, -9.85443415e-02,  1.31758985e-01,  1.74190916e-02],
       [ 1.88024663e-02, -6.84461273e-02, -4.83723366e-02, -1.66800483e-01, -5.46417255e-02],
       [ 2.15455431e-02,  3.71644050e-02, -5.53345686e-02, -8.70202319e-02, -4.11278803e-02],
       [-4.67011107e-03,  6.61659808e-02,  3.32753993e-02,  9.00161753e-02,  2.21028050e-02],
       [ 1.08940891e-02, -1.34615034e-01,  1.03698889e-01,  1.20775408e-02,  3.32504829e-02],
       [-2.25445772e-02, -1.44026560e-02, -1.10929379e-01,  8.33195348e-02, -3.41524937e-02],
       [-3.58746397e-03, -8.65117073e-02, -8.10177935e-03,  1.62310702e-02,  3.97730249e-03],
       [-1.93765643e-03, -3.44770568e-02, -4.61311532e-02, -8.31464761e-02, -2.45255643e-02],
       [ 1.77196069e-02, -3.08662824e-02,  4.87261215e-03, -2.70158245e-02, -9.15377821e-03],
       [-6.75891479e-03,  2.96888475e-03, -1.10674536e-01,  3.17021885e-02, -1.71327006e-02],
       [-1.08505067e-02, -3.23613487e-02,  1.36106334e-01, -2.13799123e-03,  5.29188171e-02],
       [-1.60089163e-02, -1.50332851e-01,  1.46926454e-01, -8.17133048e-02,  4.02647921e-02],
       [-2.28931485e-02, -1.36241732e-01, -4.26544912e-02, -1.55760573e-01, -6.33931401e-02],
       [ 6.14993057e-04,  4.19039156e-03, -1.18890793e-01,  1.60572728e-02, -2.46181134e-02],
       [ 1.34416313e-02,  2.54760467e-02,  1.39152043e-01, -1.35550222e-02,  3.81785015e-02],
       [-8.07244605e-04, -7.70910843e-02,  1.10753971e-01,  1.53764746e-01,  5.04734037e-02],
       [-2.27346427e-02,  6.92384424e-02, -1.75574708e-02, -5.31225532e-02, -1.19391330e-02],
       [ 2.23890346e-02,  3.75215452e-02,  2.15748405e-02, -9.09130270e-02,  4.78020455e-03],
       [-1.23271495e-02, -1.05175156e-01, -1.06975871e-01,  7.44083265e-02, -1.14383616e-04],
       [ 2.17230767e-02, -5.20299329e-02, -1.27087841e-02,  1.02172146e-01,  6.49399088e-03],
       [ 5.96091354e-03,  2.17747800e-02, -5.12225397e-02, -1.25199969e-01, -4.05475561e-02],
       [ 2.44752803e-03, -6.46216785e-02, -3.61511525e-02,  8.03386534e-02, -1.29836418e-02],
       [ 7.71776202e-02,  6.55754602e-02, -9.88173315e-03, -1.15246353e-01,  1.22816311e-01],
       [-8.13207314e-02, -1.02810029e-02,  4.41962557e-02, -1.11663140e-01,  5.74059986e-02],
       [-8.21006912e-02, -3.65207515e-03,  1.09777679e-02,  6.08091849e-02, -4.69915957e-02],
       [ 1.30899669e-01,  7.83998298e-02, -4.95254486e-02,  7.71713599e-02,  2.19565599e-02],
       [ 2.71867107e-02, -7.16351361e-02,  6.42525746e-02, -2.60960869e-02, -1.17630112e-01],
       [ 1.12887481e-01,  3.86926388e-02, -3.62532570e-02,  3.78494900e-02, -3.41786837e-03],
       [ 5.68878204e-02,  5.93871888e-02, -3.43280161e-02, -6.13430764e-02,  7.09611063e-02],
       [ 2.82995961e-02,  4.70483881e-02,  5.27048672e-03, -1.27886177e-02,  1.39394314e-02],
       [ 9.49546697e-03,  6.36180698e-02,  3.48797781e-02, -1.85653811e-02, -4.31559915e-02],
       [ 3.50933359e-02, -6.81503226e-02, -7.93001079e-02,  8.81644551e-02,  7.03628999e-02],
       [ 1.96950132e-01,  4.92809353e-02, -4.69440897e-02,  1.73477311e-02,  1.16608498e-01],
       [ 1.91194207e-01,  2.29088881e-02,  2.56353277e-03, -1.30670880e-01,  1.26248583e-01],
       [-2.63332097e-02, -1.98034516e-03,  1.01854314e-02, -4.17481677e-02, -6.49527126e-02],
       [-5.24960537e-02,  8.15867797e-02, -3.35060173e-02,  7.92699832e-02,  6.35955224e-02],
       [ 1.22354402e-01,  9.95883051e-02,  2.53041691e-02,  1.40122577e-01, -1.17638588e-01],
       [-6.93742675e-02, -7.05568945e-02, -8.15143175e-03, -3.46340375e-02,  7.33357735e-02],
       [-6.90569128e-02,  1.03743363e-01, -8.81045544e-02, -1.56063996e-02,  8.71045617e-02],
       [ 1.63119291e-01,  8.25107620e-03,  1.03771336e-02,  7.53989156e-03, -6.93793580e-02],
       [ 5.64919048e-02,  8.33477909e-02,  5.73439296e-02,  4.36775871e-02, -9.24550326e-02],
       [-3.54720344e-02, -5.07765903e-02, -2.61737019e-02, -1.14793016e-01,  1.13435824e-01],
       [ 6.48494586e-02, -3.04344999e-02,  9.91611308e-02,  4.08841409e-03, -1.32005261e-01],
       [-3.93217326e-02,  9.13186405e-03,  3.58834481e-02,  1.37828159e-01, -2.54425025e-02],
       [-6.16062661e-02, -2.05086174e-03, -4.05582032e-02, -9.61069202e-02,  4.38724581e-02],
       [ 1.05159597e-01,  4.14508187e-02, -1.86616134e-02, -6.13612389e-02, -5.71664577e-02],
       [ 9.95096067e-03, -6.57935112e-02,  2.03338553e-02, -5.06969354e-03,  1.59591536e-01],
       [ 8.70952451e-02,  1.21095847e-02,  3.74019973e-03, -5.50659608e-02,  5.74755913e-03],
       [ 4.32537353e-02,  4.24334082e-02,  4.38485506e-02,  6.04178628e-02, -3.49656464e-02],
       [ 3.53032256e-02,  4.12287454e-02,  2.37631565e-03,  2.60998750e-02, -1.80913666e-02],
       [ 8.28481288e-04,  3.40015106e-02,  5.42513544e-03, -1.36221665e-02,  7.04562089e-02],
       [ 2.98560021e-02, -5.88927562e-02, -4.52613292e-02, -8.39461502e-02, -1.13644932e-01],
       [ 1.49462407e-01,  1.27737629e-02, -3.57788189e-02,  1.73450436e-02, -1.65814359e-01],
       [ 1.58312990e-01, -1.68217947e-02,  6.88389664e-02,  1.78756447e-01, -8.11168373e-02],
       [-8.94058977e-03, -8.02395215e-04,  4.93771960e-02,  3.23723831e-02,  8.75259795e-02],
       [-3.10805180e-02,  7.27307256e-02, -6.24626649e-02, -7.20186903e-02, -1.12936041e-01],
       [ 7.20318574e-02,  5.72528917e-02, -7.81451412e-02, -1.48059627e-01,  5.83978293e-02],
       [-6.37304136e-02, -4.49990823e-02,  1.06896291e-02,  2.60799101e-02, -4.18137667e-02],
       [-3.69696449e-02,  8.31157532e-02,  4.30508900e-02,  4.51171715e-02, -9.67637507e-02],
       [ 9.02686748e-02, -1.73339363e-03,  1.84192698e-02, -4.22896284e-02,  8.89617180e-02],
       [ 4.34625113e-02,  4.94574760e-02, -3.57954619e-02, -6.31490139e-02,  7.72310416e-02],
       [-1.87516185e-02, -3.16501452e-02,  6.27164159e-02,  1.24932888e-01, -5.99555406e-02],
       [ 7.46321069e-02, -3.93651640e-02, -3.13493325e-02, -1.97973034e-02,  1.16162535e-01],
       [ 1.64260195e-02, -2.02694363e-02, -3.06751157e-02, -8.73373632e-02,  1.65807902e-02],
       [-6.78901625e-02,  2.85290647e-02, -4.37445933e-02, -2.75033778e-02, -3.62988372e-02],
       [ 4.33688188e-02,  2.26826768e-02,  7.01257736e-02, -4.56439375e-02,  9.02598630e-02],
       [-3.78175748e-03,  1.72358005e-02,  1.04540124e-02, -3.10068340e-02, -1.64096099e-04],
       [ 1.13221091e-03, -1.14009897e-03,  4.53918492e-02,  7.56634612e-02, -1.73222036e-02],
       [-3.69481650e-02, -5.70869869e-03, -5.42849854e-03,  2.18649385e-02, -4.82972146e-03],
       [ 8.33685492e-03, -1.94338127e-02,  4.32401740e-02, -2.83570061e-02,  4.12195420e-02],
       [ 2.68210372e-03,  2.10596954e-02, -9.02501141e-02, -3.42851958e-02, -7.40680318e-02],
       [ 2.66514146e-03,  2.73689274e-02, -1.08205897e-01,  4.27608836e-02, -8.63061486e-02],
       [ 2.66072834e-03,  2.54423131e-02,  4.41618534e-02,  1.53580969e-01, -2.39360122e-02],
       [-4.09989106e-03, -5.00480774e-03,  8.58083088e-02,  1.43723693e-02,  4.74148779e-02],
       [-1.21307234e-02, -3.02312495e-02, -8.73248094e-02, -1.74165395e-02, -6.83795046e-02],
       [ 2.47011974e-04,  5.24631655e-03, -7.72477121e-02, -1.47975997e-01,  1.66294124e-02],
       [ 5.59935439e-02, -3.27054141e-04,  6.73992509e-03,  4.07623219e-02, -1.82377405e-02],
       [-3.55510731e-02, -2.27976430e-02,  8.18493576e-03,  7.30276779e-02, -5.39275929e-02],
       [ 4.16903983e-03,  3.20442088e-02,  5.94544481e-02, -5.61215298e-02,  4.65858733e-02],
       [-5.05699406e-02,  3.94590098e-03, -1.57907436e-02, -8.58977179e-02,  4.50231916e-02],
       [-1.12037684e-02,  1.26067352e-02,  5.66325551e-02,  1.30860099e-01, -2.41957050e-02],
       [-3.76586998e-02,  4.81062912e-02,  1.55439733e-02, -4.46934159e-02,  5.75238665e-02],
       [-1.10155177e-01,  4.34450564e-02,  2.04506935e-02,  4.17014566e-02,  2.10666781e-02],
       [ 1.26581045e-02,  5.37338693e-02, -2.15726507e-02,  6.49539469e-03, -5.84440813e-02],
       [-6.16919198e-02,  3.60974124e-02,  6.09586689e-03,  2.86770091e-02, -1.01200513e-03],
       [-2.79279922e-02, -4.64981951e-03, -2.93284107e-02, -4.03627354e-02,  2.05254247e-02],
       [-3.93700005e-02, -1.10309422e-02, -2.20503871e-03, -1.07244332e-02,  9.30456017e-03],
       [-3.24548087e-03, -3.01688375e-02,  1.36551588e-02,  1.01271108e-02, -3.24956042e-02],
       [-1.13740927e-02,  5.10671542e-02, -4.22037566e-04,  4.16313152e-02,  4.72362842e-02],
       [-1.07130995e-01,  8.15026475e-02,  1.12122650e-02, -7.64965508e-03,  7.00558222e-02],
       [-1.01089689e-01,  8.79376032e-02, -4.61196818e-02, -1.14001418e-01,  4.40989129e-02],
       [-3.76891448e-04,  6.97828491e-03, -1.90138088e-02, -1.02396192e-02, -4.18323783e-02],
       [ 1.14200317e-02, -7.10111910e-02,  3.11550122e-02,  3.54541989e-02,  4.59049188e-02],
       [-5.21231278e-02, -1.97908189e-03,  3.50823766e-02,  7.48287331e-02, -3.07030349e-02],
       [ 7.54202473e-02,  2.71805341e-03, -3.59252093e-03, -2.35969802e-02,  2.46869302e-02],
       [ 7.80407088e-03, -8.52204423e-02, -2.54332174e-02, -1.91487147e-02,  4.22600634e-02],
       [-5.97587616e-02,  5.05232888e-02, -2.08133351e-03,  2.80480349e-02, -3.89820541e-02],
       [-5.12811820e-02, -1.30470717e-02,  1.55709669e-02,  3.40333650e-02, -3.13693771e-02],
       [ 1.49764019e-02,  1.79087202e-02, -4.11402010e-02, -7.90184578e-02,  3.41869653e-02],
       [-5.98135661e-02,  7.19988521e-02,  2.21752532e-02,  1.17796106e-02, -5.67574440e-02],
       [-1.10015909e-02, -1.22584951e-01, -1.06860632e-01,  5.59836351e-02,  2.72158776e-03],
       [ 1.22399873e-01, -2.26269827e-02,  1.80848906e-03,  8.67364861e-03,  6.71357730e-03],
       [ 6.10951732e-02,  4.45920307e-02, -1.95088425e-02, -3.44757964e-02, -2.49125024e-02],
       [ 6.96508463e-02,  5.36245011e-02, -3.85936734e-03, -1.03069808e-02, -7.40298966e-03],
       [ 1.18315964e-03,  7.59765817e-02, -6.62191302e-02,  2.69410298e-02, -1.86420083e-03],
       [ 3.07627917e-02, -1.16358477e-01,  1.33160240e-01, -1.93778198e-02,  2.29889483e-02],
       [ 1.93152217e-01, -6.01353809e-02,  1.29108964e-01, -5.75762694e-02, -1.96013783e-03],
       [ 1.87519270e-01, -8.87542205e-02, -3.14635788e-02, -6.21607956e-02, -6.24095079e-02],
       [-3.83476512e-02,  3.54666642e-03, -6.20179456e-02,  1.29201121e-02, -3.67625865e-03],
       [-3.43261777e-02,  1.45476528e-01,  1.11461106e-01, -2.43446456e-02,  1.48343998e-02],
       [ 1.35093967e-01,  6.35223694e-02,  5.43525942e-02,  5.83407188e-02,  5.25399198e-02],
       [-1.12614508e-01, -5.00775193e-02, -1.06347348e-02, -1.81091184e-02, -2.14754301e-02],
       [-3.05326367e-02,  1.76070570e-01,  5.20557293e-02, -4.91545538e-02, -1.35454641e-02],
       [ 1.38914860e-01, -7.44457295e-02, -5.08943281e-02,  4.07749174e-02,  8.73008826e-03],
       [ 8.72061001e-02,  6.29826046e-02, -1.42985451e-02,  5.20527521e-02,  1.76710193e-02],
       [-3.06792171e-02, -5.18975330e-02, -3.21960064e-02, -5.63332259e-02, -4.34015455e-02],
       [ 8.32632235e-02, -9.97671095e-02, -5.04179995e-02,  3.90943013e-02,  1.28392511e-02],
       [-3.46870590e-02, -6.90064532e-02, -2.51748715e-02,  2.34883918e-02, -1.19871981e-02],
       [-1.44993441e-02, -3.45336323e-02,  1.62153631e-03,  8.07868709e-04,  7.85728086e-02],
       [ 1.43251123e-02, -2.94509182e-02, -9.66463752e-03,  6.12230441e-03,  3.36109344e-02],
       [-4.25748022e-03,  8.47079358e-03,  9.96506686e-02, -3.55697017e-02, -4.42833685e-02],
       [-1.81841113e-02, -1.25011615e-02, -1.35880768e-01,  6.72618543e-02,  2.33744717e-02],
       [-7.19564631e-02, -1.25301513e-01, -1.14802887e-01,  5.12807778e-02,  8.57491366e-02],
       [-7.38308459e-02, -1.05354470e-01,  4.03429990e-02, -9.08399933e-03,  1.59732844e-01],
       [ 4.32667009e-03,  1.81063619e-03,  7.89660503e-02, -4.35067075e-02, -4.62392329e-02],
       [ 3.72370319e-02,  2.10123573e-02, -9.84910612e-02,  6.37017403e-02,  3.19063238e-02],
       [-2.54360592e-02, -7.21890153e-02, -4.84273886e-02,  2.08958587e-02, -1.37090210e-01],
       [-1.68238597e-02,  5.79699727e-02,  1.41748712e-02,  3.27483451e-03,  5.83636921e-02],
       [ 5.52596252e-02,  2.30937116e-02, -8.84819285e-02,  4.11553149e-02,  8.26186234e-02],
       [-4.88669614e-02, -9.02009472e-02,  7.60712871e-02, -3.29193847e-02, -8.03167025e-02],
       [ 2.04722902e-02, -4.79894489e-02,  4.31679623e-02, -2.09292607e-02, -8.19263482e-02],
       [ 1.40616695e-02,  1.75731934e-02,  1.68086017e-02, -1.08035127e-02,  1.27543402e-01],
       [-1.31788847e-02, -6.20474758e-02,  1.01226801e-01, -5.21203929e-02, -9.98550690e-02],
       [ 2.84348517e-02,  1.69915975e-02, -8.72571926e-03, -2.99259314e-02,  7.05926853e-03],
       [ 5.63594296e-02,  2.66635238e-02,  3.76285600e-03, -5.39544005e-03, -1.11105022e-03],
       [-6.23353561e-03,  5.11193481e-02, -2.75610435e-02,  4.79388045e-03, -7.16162516e-03],
       [ 4.06512964e-04, -5.76617521e-02,  3.91074250e-02, -3.64735322e-04,  1.59318260e-02],
       [ 8.37963286e-02, -5.23812270e-02,  4.42344886e-02, -2.67649728e-02,  8.67079356e-03],
       [ 7.48547514e-02, -5.71476180e-02,  8.01778712e-03, -4.06298003e-02,  8.59978659e-04],
       [-9.86162811e-03,  4.67923690e-03, -2.35279331e-02,  1.60103559e-03, -5.52525611e-03],
       [-1.12791175e-03,  8.40497648e-02,  2.82247588e-02, -3.52326758e-03,  8.13767882e-03],
       [ 6.96825768e-02,  1.99016612e-02,  1.67148296e-02,  5.30841022e-02, -5.73854816e-03],
       [-9.41027989e-02, -2.38973187e-02, -3.73000782e-03, -1.57885221e-02,  3.21651659e-03],
       [ 1.59902512e-02,  1.03286618e-01,  4.12586446e-03, -2.54111412e-02,  1.00300250e-02],
       [ 7.16049010e-02, -6.63794316e-02, -2.93619969e-02,  1.80171927e-02, -3.89042026e-03],
       [ 8.30795251e-02,  2.87886402e-02,  4.48103856e-04,  3.35495508e-02, -9.92674237e-03],
       [-2.28210697e-03, -2.75397693e-02, -6.99399065e-03, -5.44618776e-02,  1.19136033e-02],
       [ 5.33989498e-02, -6.08315744e-02,  1.56255306e-03,  2.16527245e-02, -1.81000966e-02],
       [ 2.40720978e-02,  2.83646030e-02,  9.13600570e-03,  1.32245787e-02, -1.11239806e-02],
       [-3.85551450e-03,  1.73897610e-02, -6.58505535e-04, -1.02659161e-02,  3.59771644e-02],
       [ 1.04379810e-02, -2.71643310e-02, -4.24622043e-02, -4.09918592e-02, -5.59730985e-02],
       [ 3.20856297e-02,  3.58478176e-02,  7.63083741e-03,  3.35241764e-03, -9.04418562e-02],
       [ 4.60301454e-02,  1.43390876e-02,  6.24942070e-02,  9.47283283e-02, -4.29371699e-02],
       [-5.36123328e-03,  3.66158018e-03,  8.14971180e-03,  1.37714217e-02,  4.65607452e-02],
       [-9.97068056e-04,  3.47552990e-02, -2.61730720e-02, -3.71204367e-02, -5.76875749e-02],
       [ 1.98262807e-02,  3.22201139e-02, -4.48878665e-02, -5.60073932e-02,  2.34398992e-02],
       [-4.90553844e-02, -4.36647612e-02,  1.37556889e-02,  1.33405034e-02, -2.18714093e-02],
       [ 6.21927401e-03,  3.77369087e-02,  1.31651254e-02,  1.52551587e-02, -4.30399549e-02],
       [ 3.20732463e-02,  6.82572033e-03, -1.47216486e-02, -2.66290187e-02,  5.24700129e-02],
       [ 3.45752200e-02,  3.15300522e-02, -1.45543264e-02, -2.29048910e-02,  3.08131380e-02],
       [-6.04971796e-03, -1.99094861e-02,  3.29200967e-02,  4.65850900e-02, -2.21110188e-02],
       [ 3.61298989e-02, -6.86770283e-03, -1.04179700e-02, -3.58933655e-03,  5.10291231e-02],
       [ 3.18860996e-04,  1.89694261e-02, -3.57421150e-03, -3.48996644e-03,  1.07632656e-02],
       [ 2.16160731e-02, -2.52989131e-02,  6.97633717e-03, -1.28316765e-02, -1.78085623e-02],
       [ 9.91111777e-02,  3.99398382e-02, -8.47667775e-03, -1.65199119e-03, -2.33136242e-02],
       [ 9.79457565e-02,  2.49353576e-02,  3.52076237e-03,  2.97371571e-02, -1.90646864e-02],
       [-9.16612132e-03, -2.91530852e-03,  1.60269668e-02,  2.42497107e-03,  1.03239688e-02],
       [-2.70042790e-02,  3.28619941e-02, -5.00427576e-03, -9.78475657e-03, -1.70408482e-02],
       [ 4.72095144e-02,  4.19904146e-02,  5.38159463e-04, -1.38910294e-02,  1.25986634e-02],
       [-3.03516618e-02, -3.78829991e-02, -2.53015319e-03,  3.59053817e-03, -8.23561352e-03],
       [-3.85930752e-02,  3.68078658e-02,  1.18792682e-02,  3.06545238e-03, -1.74168886e-02],
       [ 7.35863639e-02,  1.72967606e-02,  8.22255196e-03, -9.57863153e-03,  1.37292594e-02],
       [ 2.28016478e-02,  4.03433577e-02, -1.04350366e-02, -1.29275157e-02,  1.99909329e-02],
       [-1.84238357e-02, -3.08456138e-02,  1.24548505e-02,  3.30120565e-02, -2.00671828e-02],
       [ 3.90810784e-02, -3.41539067e-03, -7.15843430e-03, -3.34761192e-03,  2.24047820e-02],
       [-3.72642937e-04,  2.25564253e-02, -7.31765723e-02,  3.03810417e-02,  1.05622125e-02],
       [-7.74582209e-03,  8.29605419e-02, -9.04081579e-02,  2.30631038e-02,  4.10569761e-02],
       [-2.08381367e-02,  1.00042395e-01,  3.16841748e-02,  1.44952133e-03,  6.45284489e-02],
       [ 1.89247549e-03,  2.99954806e-03,  5.93877270e-02, -2.45520067e-02, -2.01540085e-02],
       [ 2.79779146e-03, -8.24219388e-03, -9.40126519e-02,  4.04280467e-02,  1.75324216e-02],
       [-9.64345076e-03,  3.39083882e-02, -2.39259837e-03,  3.79638662e-02, -6.63166468e-02],
       [ 5.80653269e-03, -4.20157635e-02, -1.66411312e-02,  1.58639780e-04,  3.46682913e-02],
       [ 1.33435960e-02, -1.92122154e-02, -4.19971906e-02,  5.57711518e-03,  2.73787872e-02],
       [-3.38016340e-03,  4.30458207e-02,  3.68057328e-02, -1.97213143e-02, -2.68318185e-02],
       [ 2.74937441e-03,  2.49618425e-02,  3.67042118e-02, -3.72730851e-03, -4.00169874e-02],
       [ 5.82026737e-03, -2.05596749e-02,  1.03329652e-02, -1.43870237e-02,  5.69913537e-02],
       [ 7.21131984e-03,  3.61956094e-02,  5.65077531e-02, -6.20890076e-03, -3.52315589e-02],
       [ 2.60129658e-02, -1.39839954e-01,  1.33519541e-01, -6.15888999e-02, -1.43504382e-02],
       [-5.48245992e-03, -1.00468096e-01, -4.46443929e-02, -7.15288818e-02, -1.26463108e-01],
       [ 1.30042114e-03, -2.14360267e-03, -1.18713897e-01,  3.15304185e-02,  3.59802254e-03],
       [ 6.07615562e-03,  2.86391044e-02,  1.46740439e-01, -3.50509011e-02,  8.39224067e-03],
       [ 2.63902222e-02, -5.32021814e-02,  6.99303089e-02,  5.45100936e-02,  1.00727096e-01],
       [-2.38869178e-02,  5.62088201e-02,  2.56257471e-03, -2.68512826e-02, -4.05911577e-02],
       [ 1.27360485e-02,  3.90375308e-02,  4.37561863e-02, -5.11057505e-02, -3.39603445e-02],
       [ 1.14135821e-02, -9.24650808e-02, -9.65323552e-02,  5.82612461e-02,  3.70467411e-02],
       [ 2.82671535e-02, -4.19339626e-02, -3.61656958e-02,  6.29288282e-02,  4.88452421e-02],
       [ 3.26987622e-03,  8.24647742e-03, -5.29342801e-02, -6.26402051e-02, -9.07092438e-02],
       [ 2.82498172e-03, -6.28448521e-02, -6.77390748e-02,  5.13874916e-02,  3.46811762e-02],
       [ 1.35073370e-01, -1.45494165e-01, -3.88756263e-02,  3.92276490e-02, -1.84811325e-01],
       [-2.99834625e-02,  1.72992219e-02, -6.10772302e-02,  3.66633607e-02,  3.16152982e-02],
       [ 7.51049869e-03,  1.49573145e-01,  1.09229373e-01, -5.90805448e-02, -2.81496833e-02],
       [ 9.45986971e-02,  2.75368870e-02,  7.18726181e-02, -2.78578844e-02,  1.35020546e-01],
       [-1.76896486e-01, -2.43574092e-02, -8.80712344e-03, -2.48007227e-03, -6.55990199e-02],
       [ 3.79479018e-02,  1.76981580e-01,  7.90791258e-02, -2.32579365e-02, -7.50529118e-02],
       [ 1.02382777e-01, -1.20399421e-01, -6.01863719e-02,  1.98678315e-02,  7.13429068e-02],
       [ 1.46220316e-01,  3.95356281e-02, -5.85673085e-02,  1.55254896e-02,  9.64746502e-02],
       [-1.41952242e-02, -4.66584190e-02, -2.29187711e-02,  2.37456762e-02, -1.36388040e-01],
       [ 9.91632722e-02, -1.35672214e-01, -8.69829907e-02,  3.31016464e-02,  8.60587155e-02],
       [-1.61178854e-02,  5.88300599e-03,  5.89550905e-02,  3.10134950e-02,  9.76008933e-02],
       [ 4.10018212e-03,  1.53440762e-01, -6.93280729e-02, -6.91016191e-02, -1.25721913e-01],
       [ 1.04290568e-01,  8.71568714e-03, -9.61358508e-02, -1.75414717e-01,  5.56447472e-02],
       [-1.50177500e-01, -1.32994779e-02,  1.37640728e-02,  3.05226026e-02, -4.19744644e-02],
       [ 4.13351321e-02,  1.66633356e-01,  3.39046690e-02,  4.63306109e-02, -8.90676622e-02],
       [ 9.95331034e-02, -1.33866200e-01,  3.13756837e-02, -4.89367105e-02,  9.54422905e-02],
       [ 1.44607638e-01,  1.82463848e-02, -4.56458241e-02, -9.78889210e-02,  9.00356420e-02],
       [-3.86184819e-03, -5.34673698e-02,  7.44553550e-02,  1.50259683e-01, -6.03031468e-02],
       [ 8.87226924e-02, -1.39554647e-01, -2.01820534e-02, -2.19484881e-02,  1.09735952e-01],
       [ 2.77704878e-03, -2.01835240e-03, -6.55283245e-02,  2.23767129e-02,  7.76269581e-03],
       [-5.29204401e-03,  6.17983788e-04, -5.50545672e-02, -1.45294816e-02, -8.09560489e-02],
       [ 1.13049296e-02, -4.07080029e-03,  2.14436198e-02,  8.60354170e-03,  3.03279661e-02],
       [-7.99401909e-03, -6.47263296e-03, -7.22725025e-02,  3.36914124e-02,  5.31811398e-02],
       [-1.70083371e-03, -6.57469807e-03,  1.57398165e-02, -2.59449080e-02, -2.90759839e-02],
       [-1.15577877e-02, -3.25333803e-04,  2.77719651e-02, -2.64715143e-02, -5.41766422e-02],
       [-1.79283425e-03, -1.67961666e-03,  3.35292845e-02,  1.83615805e-02,  7.48797876e-02],
       [-2.19673352e-02,  3.29154284e-03,  6.17200225e-02, -3.50598159e-02, -5.04834071e-02],
       [-9.95115382e-03,  7.87437110e-02,  8.34025597e-02,  5.15975741e-02,  1.06271418e-01],
       [ 3.79673627e-02, -7.65256581e-02, -1.90566710e-02, -2.15525615e-02, -4.30955629e-02],
       [-2.32428664e-02, -3.90913033e-02,  8.94483482e-02, -6.51339844e-02, -5.39493157e-02],
       [ 2.21575648e-03,  1.13339859e-01, -5.87290044e-02,  5.15926816e-02,  3.62118622e-02],
       [-3.44091807e-02,  5.73506033e-02, -3.08953532e-02,  5.87462545e-02,  5.62753457e-02],
       [-4.88182789e-03, -2.00462955e-02, -6.50308302e-02, -5.89138647e-02, -9.25145903e-02],
       [-9.30817617e-03,  7.23589629e-02, -1.02546144e-01,  6.67543828e-02,  6.24353788e-02],
       [-1.08219388e-01, -8.25996858e-02, -4.71946285e-03, -1.86450248e-02,  2.80002723e-02],
       [ 6.36878290e-03,  8.26649109e-02,  1.42506322e-03, -3.42805518e-02,  6.42130689e-02],
       [ 6.10650346e-02,  5.64180123e-04, -1.32186291e-04,  7.70140371e-02, -9.54728223e-02],
       [ 7.55872095e-02,  6.45711423e-02,  2.76951807e-02,  7.26579808e-02, -6.54726590e-02],
       [-1.33164177e-02, -4.99378574e-02, -6.93388252e-02, -1.14249461e-01,  3.66634098e-02],
       [ 9.17324288e-02, -3.25653611e-02, -1.59727481e-02,  1.59862488e-02, -7.69099874e-02],
       [ 4.79378218e-02, -8.63971525e-02,  1.99664336e-02, -2.32995758e-03, -4.36739931e-02],
       [-1.23609716e-01,  1.64587321e-03,  1.62388403e-03, -1.34555403e-02,  4.46177812e-02],
       [-4.49590461e-02, -4.93154543e-02, -1.48107438e-02, -1.60017214e-02,  4.55204055e-02],
       [ 2.42410896e-02,  4.34088424e-02,  1.79513762e-02,  3.00073605e-02, -3.53846157e-02],
       [-6.75377324e-02,  3.51154856e-02, -7.60939935e-03,  1.01557044e-02,  4.42292523e-02],
       [ 2.65603702e-02,  1.20873316e-01, -8.00232589e-02,  3.18853783e-03,  7.42926911e-02],
       [-4.69596376e-02,  6.61381015e-02, -4.26089250e-02, -3.44061232e-03,  5.17450790e-02],
       [-1.50791758e-02, -1.49435171e-02,  2.55299578e-02,  3.66514892e-02, -6.92089352e-02],
       [-9.72170318e-03,  1.23538196e-01, -3.73857892e-02,  1.51660972e-02,  5.04142491e-02],
       [ 9.81703146e-02,  1.33588030e-02,  4.12958140e-02,  1.10872291e-02, -6.67598645e-02],
       [-9.46851465e-03, -2.63371646e-02,  6.73258800e-04, -5.08124193e-02,  8.31893752e-02],
       [ 8.61964498e-02, -1.22718487e-01,  7.77925910e-02, -9.15238225e-03, -8.03748747e-02],
       [-2.66239298e-02, -3.89098213e-02, -2.38127612e-02, -5.02856764e-02,  5.55434547e-02],
       [ 5.87444569e-02, -9.89043013e-03,  5.01952332e-02, -8.33943828e-03, -7.12654352e-02],
       [-2.04197012e-02,  2.08943096e-03, -1.18559254e-02, -1.16638231e-02,  7.50245427e-02]])})
2026-01-20 11:01:29,948 - final_problem_set.kxor_instance_n24_k2_m199_ell2_eps0.3_kappa1.0_rho0.4 - INFO - Running key extraction (n=24, m=199, ell=2, phase_qubits=13)
2026-01-20 11:01:29,952 - final_problem_set.kxor_instance_n24_k2_m199_ell2_eps0.3_kappa1.0_rho0.4 - INFO - Built voting matrix V (n=24, ell=2, dtype=complex128) in 0.004s
2026-01-20 11:01:29,953 - final_problem_set.kxor_instance_n24_k2_m199_ell2_eps0.3_kappa1.0_rho0.4 - INFO - Eval: adv=0.3568, hamming=4/24 (0.167), corr=0.667
2026-01-20 11:01:29,953 - final_problem_set.kxor_instance_n24_k2_m199_ell2_eps0.3_kappa1.0_rho0.4 - INFO - Key extraction complete: x_hat=14
2026-01-20 11:01:29,953 - final_problem_set.kxor_instance_n24_k2_m199_ell2_eps0.3_kappa1.0_rho0.4 - INFO - Finished step 'KeyExtractionStep' in 0.005s (success: True, problem=kxor_instance_n24_k2_m199_ell2_eps0.3_kappa1.0_rho0.4)
2026-01-20 11:01:29,953 - final_problem_set.kxor_instance_n24_k2_m199_ell2_eps0.3_kappa1.0_rho0.4 - INFO - SUCCESS: len(z_hat)=24
2026-01-20 11:01:29,953 - final_problem_set.kxor_instance_n24_k2_m199_ell2_eps0.3_kappa1.0_rho0.4 - INFO - Metrics: adv=0.35678391959798994, ham_frac=0.16666666666666666, corr=0.6666666666666666
2026-01-20 11:01:29,953 - final_problem_set.kxor_instance_n24_k2_m199_ell2_eps0.3_kappa1.0_rho0.4 - INFO - z_hat (full): [ 1,  1, -1,  1,  1, -1,  1, -1, -1,  1,  1, -1,  1,  1,  1, -1,  1, -1,  1,  1, -1, -1,  1, -1]
