2026-01-20 11:00:59,087 - final_problem_set.kxor_instance_n20_k2_m215_ell2_eps0.15_kappa0.75_rho1.0 - INFO - Starting iteration for /Users/julian/CodingProjects/UniT3/QuarticSpeedupK-XOR/z_Daphne/data/final_problem_set/kxor_instance_n20_k2_m215_ell2_eps0.15_kappa0.75_rho1.0.npz
2026-01-20 11:00:59,088 - final_problem_set.kxor_instance_n20_k2_m215_ell2_eps0.15_kappa0.75_rho1.0 - INFO - Loaded instance (n=20, m=215, k=2)
2026-01-20 11:00:59,088 - final_problem_set.kxor_instance_n20_k2_m215_ell2_eps0.15_kappa0.75_rho1.0 - INFO - Starting step 'ComputeKikuchiStep' (version 0.1) on problem kxor_instance_n20_k2_m215_ell2_eps0.15_kappa0.75_rho1.0 (fields={'ell': 2, 'threshold': 0.0})
2026-01-20 11:00:59,114 - final_problem_set.kxor_instance_n20_k2_m215_ell2_eps0.15_kappa0.75_rho1.0 - INFO - Finished step 'ComputeKikuchiStep' in 0.026s (success: True, problem=kxor_instance_n20_k2_m215_ell2_eps0.15_kappa0.75_rho1.0)
2026-01-20 11:00:59,114 - final_problem_set.kxor_instance_n20_k2_m215_ell2_eps0.15_kappa0.75_rho1.0 - INFO - Starting step 'ClassicalEigenvaluesStep' (version 0.1) on problem kxor_instance_n20_k2_m215_ell2_eps0.15_kappa0.75_rho1.0 (fields={'ell': 2, 'threshold': 0.0, 'kikuchi_matrix': <Dictionary Of Keys sparse matrix of dtype 'int64'
	with 4536 stored elements and shape (190, 190)>, 'num_eigenvalues': 5})
2026-01-20 11:00:59,203 - final_problem_set.kxor_instance_n20_k2_m215_ell2_eps0.15_kappa0.75_rho1.0 - INFO - Finished step 'ClassicalEigenvaluesStep' in 0.089s (success: True, problem=kxor_instance_n20_k2_m215_ell2_eps0.15_kappa0.75_rho1.0)
2026-01-20 11:00:59,203 - final_problem_set.kxor_instance_n20_k2_m215_ell2_eps0.15_kappa0.75_rho1.0 - INFO - Starting step 'KeyExtractionStep' (version 0.1) on problem kxor_instance_n20_k2_m215_ell2_eps0.15_kappa0.75_rho1.0 (fields={'ell': 2, 'threshold': 0.0, 'kikuchi_matrix': <Dictionary Of Keys sparse matrix of dtype 'int64'
	with 4536 stored elements and shape (190, 190)>, 'num_eigenvalues': 5, 'eigenvalues': array([12.47726806, 13.17855348, 13.69622352, 14.21976836, 24.18332749]), 'eigenvectors': array([[ 1.43181672e-03,  9.29039643e-02,  1.44458965e-02,  8.81495166e-02,  7.14003482e-02],
       [ 1.25155374e-02, -8.02842762e-02, -8.96692850e-02,  6.71593976e-02,  6.31785560e-02],
       [-9.24973090e-02, -1.45448267e-02, -5.58003614e-02,  1.21709516e-01,  7.67485994e-02],
       [ 5.47474425e-02, -2.15976426e-02, -4.66297957e-02, -8.74899036e-02, -6.39138842e-02],
       [-3.16485360e-02, -3.06096298e-02,  6.67788314e-02, -1.48048523e-01, -5.60012534e-02],
       [ 1.01893014e-02, -2.29443165e-02, -8.08074878e-02,  1.22441288e-01,  5.78523414e-02],
       [ 1.87564786e-02,  1.11316858e-02, -7.23520441e-02, -1.34513039e-01, -4.79411418e-02],
       [-6.45259548e-02, -7.67070419e-02, -1.37300801e-02,  7.57367217e-02,  8.28406343e-02],
       [-8.11696946e-02, -4.79867561e-02, -1.92083148e-03,  5.67292707e-02,  7.42892613e-02],
       [ 4.78582767e-02, -3.26449194e-02,  8.54983764e-02, -6.35325950e-02, -6.79197377e-02],
       [ 1.16534366e-02, -4.69457387e-02,  3.17011353e-02,  1.18826075e-01,  7.70153113e-02],
       [ 6.95572785e-02, -3.86211331e-02,  5.89578539e-02, -4.22506295e-02, -7.86825799e-02],
       [ 5.40007695e-02, -3.31895672e-02,  1.25599156e-02, -7.99506631e-02, -7.68233005e-02],
       [ 1.31669644e-01,  4.34152199e-02,  1.71255430e-02, -9.21723113e-02, -6.79712220e-02],
       [-1.06050438e-01,  9.37278783e-02, -7.78879556e-02,  9.23322778e-02,  6.20151714e-02],
       [ 3.62213975e-02, -3.22197781e-03,  1.07179033e-03, -1.74393784e-02,  6.52709101e-02],
       [-1.09299289e-01,  3.13236632e-02, -1.71098895e-03,  3.81998755e-02,  7.11736471e-02],
       [-9.55133078e-02, -6.68362294e-02, -1.36687125e-02,  1.29970892e-01,  6.59320507e-02],
       [ 7.49392737e-02,  5.80031149e-02,  9.65913385e-02, -2.44740827e-02, -6.31194974e-02],
       [ 1.33412427e-01,  1.17251551e-02, -3.25229686e-02, -1.88875936e-02,  7.34771600e-02],
       [ 3.21545682e-02,  1.17750404e-01,  2.86512718e-02,  2.16037622e-02,  9.00266242e-02],
       [-3.86968387e-02, -1.19834015e-01, -1.21783920e-01, -4.66786902e-03, -6.84286535e-02],
       [-1.23632937e-01, -1.15079769e-01,  1.49287482e-02, -8.53702687e-02, -6.10712768e-02],
       [ 1.05357038e-01,  6.19614191e-02, -2.79059062e-02,  5.20345209e-02,  6.34468901e-02],
       [-4.88627559e-02, -5.62630251e-02, -1.29361189e-01, -8.11577136e-02, -5.16485571e-02],
       [ 7.43625687e-02,  5.11961071e-02,  8.23890134e-02, -4.25432665e-02,  8.89306401e-02],
       [ 3.44840253e-02,  6.19485599e-02,  8.19047128e-02, -4.68969311e-02,  7.96116529e-02],
       [-6.06963182e-02, -1.37520243e-01,  1.78563499e-02,  2.68437292e-02, -7.32760502e-02],
       [ 1.25606603e-01,  6.48390417e-02,  1.07663948e-01,  1.14452344e-02,  7.68778218e-02],
       [-5.61795216e-02, -1.46395081e-01, -2.57716956e-02,  6.28057901e-02, -7.78967843e-02],
       [-6.77100418e-02, -1.54591610e-01, -7.27979115e-02,  2.56833882e-02, -8.14743931e-02],
       [ 3.21230724e-02, -5.49021090e-02, -5.75749205e-02, -1.61854480e-03, -7.34062472e-02],
       [-1.44904852e-02,  1.93846364e-01, -1.66779949e-02,  1.29901663e-02,  6.65952413e-02],
       [ 1.30221805e-01,  8.41189721e-02,  6.50904136e-02, -1.02255365e-01,  6.34892198e-02],
       [ 2.51199729e-03,  1.27580854e-01,  7.10768690e-02, -5.61778142e-02,  7.00011065e-02],
       [ 2.86840876e-03,  3.28484501e-02,  6.71652885e-02,  5.32874309e-02,  7.73654950e-02],
       [-2.88049209e-02, -3.71540798e-02,  3.02579657e-02,  6.70569396e-02, -6.80337389e-02],
       [ 4.38013044e-02, -1.06300954e-01, -1.10462226e-01,  5.79512302e-03,  7.90765157e-02],
       [-6.09034625e-02,  5.68026966e-02, -9.85316299e-03,  3.77074045e-03, -7.07736750e-02],
       [-1.28202920e-01,  3.18197264e-02,  1.05198197e-01, -7.32279591e-02, -5.78507774e-02],
       [ 1.09392688e-01, -8.56139450e-02, -1.21219155e-01,  4.11862478e-02,  5.94474008e-02],
       [-7.08219030e-02,  7.53963784e-02, -4.83473593e-02, -7.80273246e-02, -5.37364859e-02],
       [ 7.85345458e-02, -1.57890345e-01, -6.22502169e-02, -4.29816013e-02,  7.80619516e-02],
       [ 4.94831847e-02, -1.35064354e-01, -4.91225301e-02, -5.34657430e-02,  7.51263471e-02],
       [-6.97064376e-02,  4.33326675e-02,  1.31508086e-01,  3.43855324e-02, -6.91566728e-02],
       [ 1.36741550e-01, -1.26734393e-01, -1.82629698e-02,  2.24090024e-03,  7.36197126e-02],
       [-6.73981927e-02,  4.83676241e-02,  1.00580420e-01,  6.80609400e-02, -7.42966062e-02],
       [-9.21115064e-02,  5.65362897e-02,  6.74034132e-02,  3.86876372e-02, -8.42671408e-02],
       [ 1.51363056e-02,  1.22235465e-01,  6.07168807e-02,  6.03631959e-03, -6.90751887e-02],
       [ 1.18534106e-04,  3.16430853e-02, -1.35160313e-01,  3.27503293e-03,  6.89524458e-02],
       [ 1.35540769e-01, -6.78350407e-02, -3.50862184e-02, -1.03200093e-01,  6.08321918e-02],
       [ 1.85287184e-02, -5.31536716e-02, -5.19270872e-02, -7.07474913e-02,  7.23202826e-02],
       [ 1.92588404e-02, -1.64677926e-01, -6.11025118e-02,  4.13437280e-02,  7.26937106e-02],
       [-3.18530901e-02,  1.15918589e-01,  1.24120379e-01,  6.15820577e-02, -5.94653415e-02],
       [ 4.67369077e-02, -2.88142322e-02, -7.36423502e-02, -3.26150294e-02, -8.04510737e-02],
       [-6.66272755e-02, -3.96982601e-02,  8.08561877e-02, -1.26868752e-01, -7.09462202e-02],
       [ 3.82319027e-02, -2.91921151e-02, -1.00558930e-01,  8.68139741e-02,  7.29412570e-02],
       [ 1.11761698e-02,  1.56368852e-02, -1.08794701e-01, -1.29889874e-01, -6.54600267e-02],
       [-4.23368116e-02, -8.93303909e-02, -5.60087846e-03, -1.02182354e-02,  9.67045357e-02],
       [-7.40375051e-02, -6.49692140e-02,  8.68649025e-03, -2.54646858e-02,  9.28703409e-02],
       [ 3.12276051e-02, -4.16302153e-02,  1.03620446e-01,  4.88412392e-03, -8.52555824e-02],
       [ 4.35117128e-02, -5.50404708e-02,  4.68018412e-02,  4.68992663e-02,  9.03923511e-02],
       [ 4.76437423e-02, -4.24293983e-02,  5.83911058e-02,  4.46239449e-02, -9.18811952e-02],
       [ 3.65969252e-02, -4.37813934e-02,  4.09839118e-03, -2.45954907e-03, -9.66402798e-02],
       [ 1.44275382e-01,  5.91811524e-02,  1.16928752e-02, -3.28740519e-02, -8.52100400e-02],
       [-1.12010733e-01,  1.22866392e-01, -9.42460905e-02,  4.19686262e-02,  7.83157000e-02],
       [ 7.27450773e-02, -5.41368313e-03,  8.89566268e-03, -1.06739766e-01,  8.10923547e-02],
       [-9.65468159e-02,  3.48208840e-02,  6.37499534e-03, -4.12011468e-02,  8.24271526e-02],
       [-9.83276911e-02, -8.97848042e-02, -7.85768659e-03,  8.69045264e-02,  8.32605259e-02],
       [ 7.03368083e-02,  7.61085330e-02,  1.16510647e-01,  5.11267578e-02, -7.94703312e-02],
       [ 7.84552307e-02,  6.85913643e-02,  2.15486350e-02,  1.01900840e-01,  6.31670389e-02],
       [-5.42764978e-02, -8.10664031e-03, -9.40410821e-03, -6.77263266e-02, -6.47478591e-02],
       [ 5.55058866e-03,  1.27469066e-02,  1.49434071e-01,  8.59457216e-02,  4.91963567e-02],
       [ 1.36278340e-02,  2.66009362e-02, -1.17674461e-01,  2.15904206e-02, -7.94375268e-02],
       [ 4.09404377e-02,  1.11042954e-02, -1.23738521e-01,  3.18898057e-02, -7.55446835e-02],
       [-7.29717921e-03,  7.95390435e-02,  2.50385169e-02, -1.59046799e-02,  7.54133206e-02],
       [-5.19212087e-02,  4.70072735e-03, -1.47031873e-01, -2.55827086e-02, -7.38766278e-02],
       [-1.96779616e-02,  7.36188338e-02,  6.95446484e-02, -4.65161713e-02,  7.55681142e-02],
       [-1.00707652e-02,  7.62847143e-02,  1.15946329e-01, -1.08371390e-02,  7.81299146e-02],
       [-1.10454405e-01, -1.22453669e-02,  1.07873652e-01,  1.41740217e-02,  7.50280867e-02],
       [ 7.37761618e-02, -1.32468950e-01, -2.06604206e-02, -2.39033889e-02, -6.51022408e-02],
       [-6.71063347e-02, -2.75198259e-02, -9.78203366e-02,  8.77857440e-02, -6.13991945e-02],
       [ 7.16537511e-02, -7.17115109e-02, -1.21375330e-01,  4.83725341e-02, -7.23423230e-02],
       [ 6.02438590e-02,  3.28420902e-02, -9.64671823e-02, -5.74939774e-02, -6.91368339e-02],
       [-3.81065712e-02, -2.59942901e-02,  8.27993943e-03, -5.19789617e-02,  6.56767272e-02],
       [-1.13641913e-01, -1.69924973e-02,  9.56462523e-02, -1.20173481e-01, -5.27516799e-02],
       [ 6.57683189e-02,  1.99896423e-02,  4.70973370e-02,  1.31315513e-01,  4.43871912e-02],
       [-1.07258777e-01,  1.29938959e-02,  4.51109997e-02, -8.51222706e-02, -7.67724901e-02],
       [-7.51254176e-02, -3.00599898e-03,  3.20887476e-02, -7.00973882e-02, -7.38098244e-02],
       [ 8.72466239e-02,  7.19996703e-02, -1.02679326e-01,  7.17208880e-02,  6.18446823e-02],
       [-1.43173234e-01, -1.10231549e-02,  5.20440459e-03, -1.11316739e-01, -6.62820053e-02],
       [ 8.63126994e-02,  7.69920037e-02, -7.59419421e-02,  5.29908210e-02,  6.76980843e-02],
       [ 1.10998208e-01,  9.16005014e-02, -4.40391389e-02,  9.40395345e-02,  7.58893656e-02],
       [ 6.05131995e-03,  1.91745551e-03, -4.69224638e-02,  1.06546099e-01,  6.67551167e-02],
       [-2.02877198e-02, -1.23207978e-01,  9.35950592e-02, -9.72066274e-02, -5.70707423e-02],
       [-1.62279419e-01, -4.03449914e-02,  2.44609620e-02,  3.83682885e-03, -5.99139203e-02],
       [-4.11822220e-02, -7.48664793e-02,  3.06312163e-02, -4.83431122e-02, -6.53260638e-02],
       [-3.69253164e-02,  1.70038214e-02,  3.84474431e-02, -1.31233391e-01, -6.11381744e-02],
       [ 5.70895649e-02, -1.15878075e-02, -1.12987323e-01,  3.45427949e-02,  5.86137520e-02],
       [-5.88936364e-02,  2.30259807e-02, -4.33540875e-02, -1.25297598e-01, -4.85964172e-02],
       [ 7.12888241e-02, -7.65648568e-02, -5.89386484e-02,  4.05429601e-02,  7.29519597e-02],
       [ 4.58929113e-02, -6.88520844e-02, -4.83009038e-02,  2.75365962e-02,  7.50024878e-02],
       [-7.19968155e-02, -2.02942586e-02,  1.34679833e-01, -3.96160958e-02, -6.81521242e-02],
       [ 1.19989737e-01, -5.39177219e-02, -1.76768360e-02,  7.61863049e-02,  6.75451981e-02],
       [-6.66749054e-02, -1.95960067e-02,  1.03419500e-01, -1.08590658e-02, -7.45200125e-02],
       [-7.51893728e-02, -1.54094094e-02,  5.78417880e-02, -4.85945543e-02, -7.21985480e-02],
       [ 2.14734677e-02,  6.25662826e-02,  6.07967430e-02, -7.03571163e-02, -6.85761687e-02],
       [-2.09712553e-03,  7.44420343e-02, -1.09196067e-01,  6.60909168e-02,  5.88563769e-02],
       [ 1.41477483e-01, -1.52510325e-02, -3.86888308e-02, -4.01577459e-02,  6.10959195e-02],
       [ 1.46115151e-02,  1.33991862e-02, -4.74426225e-02,  8.96333373e-03,  6.70613906e-02],
       [ 1.34672263e-02, -7.54771467e-02, -5.07364897e-02,  1.01336187e-01,  6.27170754e-02],
       [-3.04613144e-02,  5.90680465e-02,  1.14578201e-01, -3.86515621e-04, -5.56035015e-02],
       [-1.99888655e-02,  5.33595222e-02, -1.34519668e-01, -7.96471761e-02, -6.00381268e-02],
       [ 3.38449673e-03,  4.85575565e-02, -1.50531849e-01, -6.85933546e-02, -6.18404335e-02],
       [ 2.00958789e-02,  2.57146855e-02,  6.20027954e-02,  7.56405246e-02,  5.75258024e-02],
       [-6.02974757e-02,  3.56663924e-02, -1.50033881e-01, -1.03837812e-01, -5.50970226e-02],
       [ 1.21189980e-02,  2.52553379e-02,  1.03860426e-01,  5.51866841e-02,  6.21259413e-02],
       [ 1.88011267e-02,  2.05655296e-02,  1.33857785e-01,  8.65291836e-02,  5.97138488e-02],
       [-4.49844538e-02, -3.57307415e-02,  1.11783471e-01,  9.10126103e-02,  5.27998998e-02],
       [ 3.94479158e-02, -7.97508554e-02, -5.64493119e-02, -1.01035765e-01, -5.28296269e-02],
       [-8.12677480e-02,  7.89936297e-03, -1.21582474e-01, -3.74370620e-03, -5.05260747e-02],
       [ 2.74893446e-02, -2.21272953e-02, -1.32880116e-01, -4.95932045e-02, -5.54404805e-02],
       [ 1.92446989e-02,  5.15161682e-02, -1.10383254e-01, -1.19112184e-01, -5.13922377e-02],
       [-3.00993681e-03, -4.83107797e-02,  4.35367847e-02,  3.72444969e-02,  5.01910866e-02],
       [-3.14168064e-02, -1.29221965e-01,  6.58676528e-02, -8.69418578e-02,  9.10114901e-02],
       [-6.40897114e-03,  1.58343697e-02,  5.23252428e-02,  5.90280806e-02, -8.46429399e-02],
       [ 8.40010336e-02, -1.17533122e-01,  9.79504948e-02, -1.56199533e-02,  8.87501755e-02],
       [ 5.55007718e-03,  2.05473727e-02,  1.59634124e-03,  1.04769250e-01, -9.06018968e-02],
       [-5.56696500e-03,  2.41856041e-02, -5.35474510e-02,  6.29635830e-02, -9.49930077e-02],
       [ 1.04388909e-01,  1.15688249e-01, -3.89329084e-02,  2.57821653e-02, -8.41986070e-02],
       [-8.51566632e-02,  7.40775821e-02, -5.21856119e-02, -1.13784963e-02,  8.43610262e-02],
       [ 9.82509549e-02, -5.42446879e-02,  5.47091852e-02, -1.44992556e-01,  7.31909149e-02],
       [-6.02265956e-02, -2.20453837e-02,  5.50744162e-02, -9.64089644e-02,  8.12282364e-02],
       [-5.77984680e-02, -1.45358084e-01,  4.03751407e-02,  3.05505116e-02,  8.23564873e-02],
       [ 2.94987630e-02,  1.14130412e-01,  5.94395778e-02,  9.38950376e-02, -7.22448229e-02],
       [ 2.79204755e-02,  2.34880247e-04,  4.14157325e-02,  7.83760898e-02, -8.68481197e-02],
       [ 4.83896304e-02, -9.64943668e-02,  1.06998122e-01, -2.66540190e-02,  8.51503513e-02],
       [ 3.89402963e-02,  2.10071869e-03, -1.05109092e-02,  1.13382085e-01, -8.66098619e-02],
       [ 2.92340811e-02,  5.21695148e-03, -6.47734619e-02,  7.45463483e-02, -9.11353073e-02],
       [ 1.27557505e-01,  9.36879714e-02, -5.02624366e-02,  3.68924637e-02, -8.01206890e-02],
       [-1.12316769e-01,  8.80785167e-02, -3.88628234e-02, -2.45009696e-02,  8.06658506e-02],
       [ 6.64510301e-02, -3.85419807e-02,  6.08826214e-02, -1.48508827e-01,  7.00477278e-02],
       [-8.71369446e-02, -5.74114380e-03,  6.31253262e-02, -1.03702429e-01,  7.76911053e-02],
       [-8.29582002e-02, -1.23470786e-01,  5.14553020e-02,  1.69356491e-02,  7.95269090e-02],
       [ 5.28653837e-02,  9.58567569e-02,  4.80237535e-02,  1.00998383e-01, -6.99068688e-02],
       [-8.62317685e-02, -5.99237090e-03,  5.43086794e-03,  8.40325305e-03, -8.53694883e-02],
       [-3.77537794e-03,  8.89041129e-02, -9.31128662e-02, -8.40007075e-02,  7.90779519e-02],
       [ 1.18688750e-02,  9.40699126e-02, -5.14043172e-02, -4.75670578e-02,  8.36903366e-02],
       [-9.73315461e-02, -7.34796189e-04, -5.72618832e-02, -1.94092773e-02,  7.98673949e-02],
       [ 6.19829818e-02, -1.47504544e-01,  1.17238464e-01,  4.07214806e-03, -6.78741328e-02],
       [-8.76224898e-02, -3.91122472e-02,  2.59930580e-02,  1.19875559e-01, -6.50271458e-02],
       [ 4.82311855e-02, -7.49658977e-02,  3.53902057e-02,  7.70713346e-02, -7.16061916e-02],
       [ 4.77290582e-02,  2.70155390e-02,  4.64004606e-02, -3.04974676e-02, -7.37105419e-02],
       [-2.29238653e-02, -1.54194210e-02, -1.23663277e-01, -7.65006199e-02,  6.39606193e-02],
       [-7.98425625e-02, -3.85805250e-03, -4.95660836e-02,  5.09298980e-02, -9.13356180e-02],
       [-8.57094822e-02, -1.83656289e-03, -9.74132106e-02,  2.74833817e-03, -8.91796631e-02],
       [ 2.67761418e-02,  8.61420540e-02, -7.77470151e-02, -2.41955680e-02, -7.87491470e-02],
       [-6.99643514e-03,  9.15933528e-02, -4.65945532e-03,  3.87075880e-02,  7.89653239e-02],
       [ 1.51175212e-01, -3.34311504e-02,  8.50831424e-02, -9.39474175e-02,  6.91133714e-02],
       [ 1.21171868e-02,  7.33247692e-04,  9.12498453e-02, -4.16909658e-02,  7.61198070e-02],
       [ 1.33831318e-02, -1.12978380e-01,  7.86669361e-02,  7.36864391e-02,  7.69224538e-02],
       [-4.01128208e-02,  9.99432977e-02,  1.88585591e-02,  5.18074930e-02, -7.39277731e-02],
       [-1.17673226e-03,  9.99885213e-02, -2.32126182e-03, -9.18773507e-02,  8.99637472e-02],
       [-1.05505960e-01, -3.21995600e-03, -7.61826963e-03, -5.25188781e-02,  8.00820767e-02],
       [ 7.74090745e-02, -1.59184890e-01,  8.67744761e-02,  3.50491890e-02, -7.30678983e-02],
       [-8.54307192e-02, -4.02335337e-02, -1.17254598e-02,  1.60121694e-01, -6.91793854e-02],
       [ 6.30024217e-02, -7.97165464e-02, -7.93068721e-03,  1.17629969e-01, -7.67527500e-02],
       [ 7.13196556e-02,  3.51441888e-02,  6.13006104e-03,  4.58416068e-04, -8.52490855e-02],
       [-3.34034308e-02, -1.86599549e-02, -9.47111357e-02, -1.12118165e-01,  6.86348065e-02],
       [-1.12552445e-01, -4.34762939e-03,  4.42363547e-02, -1.71191710e-02,  9.03453310e-02],
       [ 7.18058426e-02, -1.68661884e-01,  4.66562289e-02, -6.09329424e-04, -7.68624071e-02],
       [-1.00969501e-01, -4.07680536e-02, -5.19039745e-02,  1.34183652e-01, -7.27692816e-02],
       [ 5.87406500e-02, -8.43611586e-02, -5.57473741e-02,  8.35743236e-02, -8.07808498e-02],
       [ 6.25856245e-02,  3.62157308e-02, -4.73105471e-02, -4.44596988e-02, -8.87874900e-02],
       [-2.61938388e-02, -2.26335591e-02, -5.90905185e-02, -8.47702735e-02,  7.27103486e-02],
       [ 1.49504276e-01, -7.22068614e-02,  4.75259799e-02, -2.45765548e-02, -6.89732649e-02],
       [-2.55814971e-03,  4.01375964e-02, -4.71275531e-02,  1.06700021e-01, -7.04412040e-02],
       [ 1.39466584e-01,  6.23263010e-03, -4.06828820e-02,  4.94723148e-02, -7.16037659e-02],
       [ 1.38950748e-01,  1.09681678e-01, -2.76439785e-02, -6.05343991e-02, -7.26823436e-02],
       [-1.00958483e-01, -8.76105120e-02, -5.74105555e-02, -5.27934861e-02,  6.44911279e-02],
       [ 2.18603838e-02,  1.11719368e-01, -2.99516101e-02, -8.62105228e-02,  6.52195678e-02],
       [-1.12666115e-01,  1.40121893e-01, -3.22286289e-02, -3.24570066e-02,  6.65449855e-02],
       [-1.29384558e-01,  5.23837130e-02, -4.66445501e-02,  7.44315747e-02,  7.26239995e-02],
       [ 7.98346048e-02, -4.70414421e-02,  1.13587331e-01,  3.83114709e-02, -5.97292058e-02],
       [ 3.41486328e-02,  3.13447279e-02,  5.17109666e-02, -1.45680947e-01,  6.26398002e-02],
       [ 4.25628889e-02, -6.72007587e-02,  4.85093797e-02, -5.70275987e-02,  6.97464530e-02],
       [-4.82934586e-02,  4.13408995e-02,  3.30563453e-02,  1.34833189e-01, -5.61870720e-02],
       [-1.02611571e-01, -2.98759602e-02,  4.39304578e-02, -1.02877864e-03,  7.11618975e-02],
       [ 7.79329201e-02,  2.20331604e-02,  4.80003228e-02,  1.15610513e-01, -6.66795242e-02],
       [ 6.87927564e-02,  1.09717979e-01,  5.40270502e-02,  1.09326789e-02, -6.38448009e-02]])})
2026-01-20 11:00:59,205 - final_problem_set.kxor_instance_n20_k2_m215_ell2_eps0.15_kappa0.75_rho1.0 - INFO - Running key extraction (n=20, m=215, ell=2, phase_qubits=13)
2026-01-20 11:00:59,207 - final_problem_set.kxor_instance_n20_k2_m215_ell2_eps0.15_kappa0.75_rho1.0 - INFO - Built voting matrix V (n=20, ell=2, dtype=complex128) in 0.002s
2026-01-20 11:00:59,207 - final_problem_set.kxor_instance_n20_k2_m215_ell2_eps0.15_kappa0.75_rho1.0 - INFO - Eval: adv=1.0000, hamming=0/20 (0.000), corr=1.000
2026-01-20 11:00:59,207 - final_problem_set.kxor_instance_n20_k2_m215_ell2_eps0.15_kappa0.75_rho1.0 - INFO - Key extraction complete: x_hat=3
2026-01-20 11:00:59,207 - final_problem_set.kxor_instance_n20_k2_m215_ell2_eps0.15_kappa0.75_rho1.0 - INFO - Finished step 'KeyExtractionStep' in 0.003s (success: True, problem=kxor_instance_n20_k2_m215_ell2_eps0.15_kappa0.75_rho1.0)
2026-01-20 11:00:59,207 - final_problem_set.kxor_instance_n20_k2_m215_ell2_eps0.15_kappa0.75_rho1.0 - INFO - SUCCESS: len(z_hat)=20
2026-01-20 11:00:59,207 - final_problem_set.kxor_instance_n20_k2_m215_ell2_eps0.15_kappa0.75_rho1.0 - INFO - Metrics: adv=1.0, ham_frac=0.0, corr=1.0
2026-01-20 11:00:59,207 - final_problem_set.kxor_instance_n20_k2_m215_ell2_eps0.15_kappa0.75_rho1.0 - INFO - z_hat (full): [ 1,  1,  1,  1, -1, -1,  1, -1,  1,  1, -1,  1, -1, -1, -1,  1,  1,  1,  1, -1]
