2026-01-20 11:01:06,698 - final_problem_set.kxor_instance_n21_k2_m196_ell2_eps0.25_kappa0.875_rho0.8 - INFO - Starting iteration for /Users/julian/CodingProjects/UniT3/QuarticSpeedupK-XOR/z_Daphne/data/final_problem_set/kxor_instance_n21_k2_m196_ell2_eps0.25_kappa0.875_rho0.8.npz
2026-01-20 11:01:06,699 - final_problem_set.kxor_instance_n21_k2_m196_ell2_eps0.25_kappa0.875_rho0.8 - INFO - Loaded instance (n=21, m=196, k=2)
2026-01-20 11:01:06,699 - final_problem_set.kxor_instance_n21_k2_m196_ell2_eps0.25_kappa0.875_rho0.8 - INFO - Starting step 'ComputeKikuchiStep' (version 0.1) on problem kxor_instance_n21_k2_m196_ell2_eps0.25_kappa0.875_rho0.8 (fields={'ell': 2, 'threshold': 0.0})
2026-01-20 11:01:06,726 - final_problem_set.kxor_instance_n21_k2_m196_ell2_eps0.25_kappa0.875_rho0.8 - INFO - Finished step 'ComputeKikuchiStep' in 0.027s (success: True, problem=kxor_instance_n21_k2_m196_ell2_eps0.25_kappa0.875_rho0.8)
2026-01-20 11:01:06,726 - final_problem_set.kxor_instance_n21_k2_m196_ell2_eps0.25_kappa0.875_rho0.8 - INFO - Starting step 'ClassicalEigenvaluesStep' (version 0.1) on problem kxor_instance_n21_k2_m196_ell2_eps0.25_kappa0.875_rho0.8 (fields={'ell': 2, 'threshold': 0.0, 'kikuchi_matrix': <Dictionary Of Keys sparse matrix of dtype 'int64'
	with 4978 stored elements and shape (210, 210)>, 'num_eigenvalues': 5})
2026-01-20 11:01:06,819 - final_problem_set.kxor_instance_n21_k2_m196_ell2_eps0.25_kappa0.875_rho0.8 - INFO - Finished step 'ClassicalEigenvaluesStep' in 0.093s (success: True, problem=kxor_instance_n21_k2_m196_ell2_eps0.25_kappa0.875_rho0.8)
2026-01-20 11:01:06,819 - final_problem_set.kxor_instance_n21_k2_m196_ell2_eps0.25_kappa0.875_rho0.8 - INFO - Starting step 'KeyExtractionStep' (version 0.1) on problem kxor_instance_n21_k2_m196_ell2_eps0.25_kappa0.875_rho0.8 (fields={'ell': 2, 'threshold': 0.0, 'kikuchi_matrix': <Dictionary Of Keys sparse matrix of dtype 'int64'
	with 4978 stored elements and shape (210, 210)>, 'num_eigenvalues': 5, 'eigenvalues': array([12.12204962, 12.56575005, 13.30388398, 14.51298196, 21.27605739]), 'eigenvectors': array([[-0.02742285,  0.06686915,  0.11497555, -0.00717258,  0.07227959],
       [ 0.08954674, -0.03637375,  0.08976252, -0.05129315,  0.05775003],
       [-0.00465164, -0.01840219, -0.08795683,  0.08145026, -0.06393561],
       [ 0.03190771,  0.13355218,  0.04344362, -0.05576453,  0.06365574],
       [-0.06124746, -0.10313636, -0.03588988,  0.01694947, -0.05673854],
       [ 0.00743406,  0.10141808,  0.10649386, -0.02212087,  0.06645158],
       [-0.10775524, -0.08814081,  0.03326237,  0.03177128, -0.06878027],
       [-0.00832861, -0.01866884,  0.02236321, -0.04178502,  0.06831513],
       [ 0.0658771 ,  0.05210152,  0.11373857, -0.06082314,  0.06917772],
       [-0.06858179, -0.0315431 ,  0.00983881,  0.12103793, -0.0260845 ],
       [ 0.09427135, -0.01063602,  0.01716366,  0.0285426 ,  0.05648448],
       [-0.0680507 , -0.11804062, -0.10141072,  0.02952195, -0.07572575],
       [ 0.01241496, -0.0770564 , -0.10711949,  0.09488092, -0.05836856],
       [-0.00615362, -0.12321605, -0.04780313,  0.05272778, -0.08150592],
       [ 0.07812319,  0.03436558,  0.00294421, -0.06741283,  0.07094868],
       [ 0.07069945,  0.05858211,  0.11300903, -0.01497459,  0.07019219],
       [ 0.00891858,  0.11219048, -0.01568853,  0.04878574,  0.04414236],
       [-0.03721699,  0.03922839, -0.05072088, -0.09728243,  0.04126914],
       [ 0.12614256,  0.08567461,  0.08197012, -0.0375233 ,  0.06258636],
       [ 0.04512319,  0.06314285,  0.09913283,  0.00935496,  0.07504692],
       [-0.01805364, -0.12884383,  0.07599642,  0.02024597,  0.06943826],
       [ 0.13213456,  0.07660927, -0.07305196,  0.01217135, -0.07756556],
       [-0.090118  ,  0.07806475,  0.01387408,  0.01930105,  0.07681163],
       [ 0.04026957, -0.04386928, -0.00877472, -0.06074366, -0.06797832],
       [-0.13439406,  0.02411688,  0.09011486,  0.06770595,  0.07906643],
       [ 0.01738357, -0.00538624,  0.08218979, -0.05987413, -0.08210561],
       [-0.13714368, -0.10730006, -0.0150275 ,  0.03964294,  0.0727628 ],
       [-0.0660071 , -0.04058685,  0.10186236,  0.02327149,  0.08472966],
       [-0.02119662, -0.0071249 ,  0.01210755,  0.12361383, -0.04197435],
       [-0.00056875, -0.08462484, -0.01598758,  0.10310779,  0.06068388],
       [ 0.0816771 , -0.02699663, -0.07725955, -0.07919967, -0.09166449],
       [ 0.13920514, -0.00911252, -0.10185255,  0.0407097 , -0.07210074],
       [ 0.15251635, -0.01908591, -0.0079412 , -0.05211236, -0.08993444],
       [-0.06130407, -0.06585397, -0.03731849,  0.01831288,  0.08569687],
       [-0.0612334 , -0.03360827,  0.09592528,  0.0850872 ,  0.08345082],
       [-0.08606495,  0.06549695, -0.04654828,  0.1232347 ,  0.0508652 ],
       [-0.13544047, -0.01227463, -0.08539209, -0.0641979 ,  0.04983831],
       [ 0.02533022,  0.01398006,  0.07364988,  0.04915339,  0.08296897],
       [-0.09629842, -0.03058324,  0.06404083,  0.10760101,  0.08111663],
       [-0.01407793,  0.14670216, -0.05917543,  0.05349348, -0.06130876],
       [ 0.04479727, -0.03358187,  0.01370242, -0.03705536,  0.06739964],
       [-0.06548236,  0.04422251, -0.00958253, -0.00560504, -0.05541351],
       [ 0.01253146, -0.08612461,  0.08359103,  0.00422091,  0.07116986],
       [-0.10927511,  0.09141733,  0.0627914 ,  0.00675584, -0.06505291],
       [ 0.00221696, -0.16446885, -0.00630083, -0.01409732,  0.05886499],
       [ 0.07376455, -0.1325637 ,  0.07853597, -0.03407284,  0.06678297],
       [-0.08160082,  0.03280179,  0.01290666,  0.11779685, -0.02858988],
       [ 0.0792194 , -0.1320831 , -0.00693751,  0.04319938,  0.04880803],
       [-0.07495375,  0.09347612, -0.0613773 , -0.00132043, -0.07445924],
       [ 0.00438557,  0.07448011, -0.07755399,  0.07191371, -0.05709653],
       [-0.0145172 ,  0.10104155, -0.00868911,  0.01796611, -0.07939226],
       [ 0.07105943, -0.13060067, -0.02247138, -0.03361545,  0.06179668],
       [ 0.08493415, -0.1432795 ,  0.08844918,  0.01476573,  0.07294102],
       [ 0.01247642, -0.01677442, -0.03511418,  0.06815571,  0.04544515],
       [-0.02988707, -0.06218728, -0.06629512, -0.07972164,  0.03893359],
       [ 0.12390832, -0.08025589,  0.04975091, -0.0147613 ,  0.06034611],
       [ 0.04385744, -0.12270044,  0.05201567,  0.03060284,  0.06592279],
       [ 0.07236421, -0.03186823, -0.01045087,  0.08483129, -0.08722651],
       [-0.01773417,  0.00175313,  0.00456954, -0.02479079,  0.07129612],
       [ 0.09964671,  0.03028948, -0.07839172,  0.02932394, -0.07788751],
       [ 0.01858744, -0.04575731, -0.08209251, -0.03941882,  0.0801714 ],
       [ 0.10115939,  0.14350984,  0.0163973 ,  0.04410173, -0.07048316],
       [ 0.02986143,  0.09161858, -0.08517489,  0.07384267, -0.08017715],
       [ 0.05024415, -0.00044868, -0.02219136, -0.14161255,  0.03049436],
       [-0.01922414,  0.13407158,  0.01651963, -0.0305204 , -0.06420926],
       [-0.04254135, -0.03304306,  0.06429041, -0.037425  ,  0.08986146],
       [-0.10027099, -0.02945682,  0.08775292, -0.11279083,  0.06740242],
       [-0.1061178 , -0.03559725,  0.00304874, -0.05868094,  0.08704071],
       [ 0.01536526,  0.09760388,  0.03455422,  0.06954399, -0.07436438],
       [ 0.02707415,  0.09033944, -0.08441106,  0.0197886 , -0.08127246],
       [ 0.06276791, -0.02662732,  0.04666476, -0.05531158, -0.05126932],
       [ 0.09116484,  0.02677066,  0.07940489,  0.10222396, -0.04267791],
       [-0.05846065,  0.04101422, -0.06170041,  0.05241185, -0.08026664],
       [ 0.07086828,  0.0955706 , -0.06230221, -0.00621678, -0.08780167],
       [-0.01796057, -0.12262836,  0.04242239, -0.00625195, -0.06398506],
       [-0.05885292,  0.12548824,  0.01967722,  0.00207604,  0.07752562],
       [-0.04785676, -0.09531839,  0.12053727,  0.00542757, -0.07040958],
       [-0.06621876, -0.0123684 , -0.06591903, -0.01788651,  0.07141774],
       [ 0.00910362,  0.07490734,  0.03193545, -0.04836813,  0.0877384 ],
       [-0.05577612, -0.03558478,  0.0349225 ,  0.13261451, -0.03161579],
       [ 0.05147859, -0.000977  , -0.06590143,  0.05617818,  0.06316427],
       [-0.00159626, -0.1443401 ,  0.00250752,  0.00056991, -0.08777798],
       [ 0.06903573, -0.09297184, -0.0362265 ,  0.08906585, -0.0681576 ],
       [ 0.06390259, -0.13272194,  0.06132055,  0.0218876 , -0.08526751],
       [ 0.01788887,  0.04673563, -0.09935522, -0.04705166,  0.08107942],
       [ 0.01641886,  0.08505299,  0.02434095,  0.01591118,  0.08880053],
       [-0.03514157,  0.13224192, -0.08487151,  0.0746752 ,  0.04854657],
       [-0.07686902,  0.03489051, -0.10311701, -0.08799393,  0.04170419],
       [ 0.08573063,  0.10494608, -0.00018963, -0.01613082,  0.07229896],
       [-0.0197326 ,  0.07690031, -0.00574368,  0.03718275,  0.07857815],
       [ 0.01439397, -0.09651146, -0.01892237, -0.04928376, -0.07413564],
       [ 0.07942747,  0.06016378, -0.10859345,  0.03321619,  0.06237105],
       [ 0.02882996,  0.03496568,  0.06974963, -0.02585785, -0.06699796],
       [-0.05566694, -0.0400503 , -0.02527137, -0.00651615, -0.07850535],
       [ 0.06781625,  0.03759771, -0.03717191, -0.10883314,  0.03108393],
       [-0.07751224,  0.02253437,  0.05893861, -0.08584507, -0.05499753],
       [ 0.0493661 ,  0.09675248, -0.00587358,  0.04931501,  0.07654219],
       [-0.03229832,  0.07789473,  0.03534845, -0.0482324 ,  0.06647788],
       [-0.01161858,  0.08928797, -0.05581102,  0.02684985,  0.07489916],
       [-0.04909985, -0.01624109,  0.07895618, -0.00071101, -0.06528646],
       [-0.05555671, -0.04179112, -0.01471805, -0.05884295, -0.07153801],
       [ 0.00646605, -0.08399986,  0.06488264, -0.08599392, -0.03919816],
       [ 0.05279095, -0.02946814,  0.10164867,  0.0617544 , -0.04127225],
       [-0.1267723 , -0.08242317,  0.00028503, -0.02751211, -0.06862775],
       [-0.02425294, -0.04608503,  0.00638414, -0.08680378, -0.07577274],
       [-0.01938551, -0.05901436,  0.07393021, -0.0388235 , -0.08319998],
       [-0.12394663, -0.07177098, -0.00731075,  0.02545444,  0.08049177],
       [-0.03016649,  0.01114899,  0.10809848,  0.00383456,  0.08498809],
       [-0.04566081, -0.03178964,  0.01561991,  0.12969637, -0.03782653],
       [ 0.02424417, -0.0511702 , -0.00931137,  0.08788124,  0.06167168],
       [ 0.0393533 , -0.08696864, -0.08609058, -0.05538086, -0.09200235],
       [ 0.10760057, -0.05224531, -0.10590077,  0.05544948, -0.071717  ],
       [ 0.11364497, -0.07821254, -0.01685855, -0.02910816, -0.0913331 ],
       [-0.02249082, -0.0110021 , -0.02906547, -0.00277807,  0.08678086],
       [-0.02548894,  0.01892104,  0.10413476,  0.0651715 ,  0.08467342],
       [-0.0527867 ,  0.09101158, -0.04248375,  0.10047669,  0.04718178],
       [-0.11519093,  0.01836364, -0.08195064, -0.07540116,  0.05040156],
       [ 0.0641426 ,  0.06909283,  0.08112106,  0.02831572,  0.08255671],
       [-0.06137367,  0.01895738,  0.07355793,  0.08664009,  0.08241959],
       [-0.00375321,  0.07157817,  0.13810228, -0.01465599, -0.06794058],
       [-0.08925432,  0.00661857,  0.06571653,  0.00716919, -0.08069181],
       [ 0.07964656,  0.01960294, -0.05982755, -0.11971459,  0.0307811 ],
       [-0.09583271,  0.05503833,  0.11373122, -0.07515788, -0.05507094],
       [ 0.09323271,  0.0550103 , -0.10558573,  0.03982898,  0.08599671],
       [-0.00246498,  0.04414224, -0.05009847, -0.07131331,  0.0796678 ],
       [ 0.0221829 ,  0.04863393, -0.1542835 ,  0.01637664,  0.08376775],
       [-0.08389312,  0.0243416 ,  0.15929223,  0.01135382, -0.07161188],
       [-0.107831  ,  0.00114052,  0.0795949 , -0.05663977, -0.08613968],
       [-0.00714044, -0.0712735 ,  0.1149766 , -0.08535335, -0.04245496],
       [ 0.04144181, -0.00505172,  0.13606351,  0.07100803, -0.04063849],
       [-0.15219093, -0.03798924,  0.07903437, -0.01270318, -0.07063114],
       [-0.05571945, -0.00085263,  0.09417356, -0.06928867, -0.07731272],
       [-0.04342343, -0.12609121, -0.00191724, -0.01947601,  0.07817617],
       [-0.03644766,  0.02830721,  0.04665436,  0.12551094, -0.03326112],
       [ 0.00843397, -0.13119251, -0.0726639 ,  0.06435171,  0.05448027],
       [ 0.06008445,  0.08173689,  0.03674326, -0.03021693, -0.09248237],
       [ 0.12318465,  0.07390985, -0.01487289,  0.07460501, -0.07174392],
       [ 0.11803261,  0.07989134,  0.08785331, -0.00451484, -0.08277822],
       [-0.03111914, -0.12699288, -0.10583078, -0.02004864,  0.07056548],
       [-0.03936048, -0.12153971, -0.0090034 ,  0.03593688,  0.078203  ],
       [-0.07093417,  0.00301701, -0.09597054,  0.08679607,  0.04743429],
       [-0.09499714, -0.04724108, -0.10800493, -0.07333122,  0.03982741],
       [ 0.0454734 , -0.08530462, -0.02763693,  0.00294064,  0.08177957],
       [-0.07381993, -0.11520847, -0.03204782,  0.05617173,  0.07570943],
       [-0.07548605, -0.00575213,  0.01887869,  0.14804256, -0.03409083],
       [ 0.08734481, -0.11116605, -0.00128599,  0.06185769,  0.06929333],
       [-0.04479274, -0.01420106, -0.09576201, -0.00166594, -0.09687091],
       [ 0.04981522, -0.00033426, -0.11162637,  0.0989109 , -0.07482233],
       [ 0.03828706, -0.00842269, -0.0269342 ,  0.02749214, -0.10429098],
       [ 0.05915145, -0.08219453, -0.02386146, -0.05225281,  0.08979367],
       [ 0.05533974, -0.05344051,  0.11456771,  0.01733336,  0.08903309],
       [-0.01458756,  0.06024352, -0.03729871,  0.08410162,  0.05620144],
       [-0.07191676, -0.01909397, -0.0797278 , -0.10730879,  0.05238457],
       [ 0.12820056, -0.00046762,  0.07851422, -0.01873402,  0.08008662],
       [ 0.01307007, -0.04764207,  0.08257701,  0.04173551,  0.0864138 ],
       [-0.07548355,  0.02340692,  0.04076545,  0.07481871, -0.02963438],
       [ 0.08746493,  0.03868904, -0.02756788, -0.15304961,  0.04314871],
       [ 0.04059827,  0.01839603, -0.01145554, -0.13645497,  0.02807808],
       [ 0.05503132,  0.03571659, -0.05171137, -0.15811758,  0.04081963],
       [-0.07554305, -0.00392509,  0.04993898,  0.13352166, -0.03044038],
       [-0.08554472, -0.0064408 ,  0.01422914,  0.13462359, -0.04018047],
       [-0.02862452, -0.04923621,  0.05343089,  0.0468301 , -0.02472526],
       [-0.01169905, -0.00706271,  0.04583941,  0.09291016, -0.01660215],
       [-0.11069659, -0.02191663,  0.02165704,  0.13134049, -0.03378973],
       [-0.06804501, -0.00253154,  0.02313294,  0.11630303, -0.04366877],
       [-0.09145739,  0.06150089,  0.03296735, -0.11343633, -0.07522829],
       [ 0.00085886,  0.06131639, -0.01228225, -0.00230397, -0.06503677],
       [-0.02232841,  0.06468342,  0.08464668, -0.08891095, -0.0739758 ],
       [ 0.06780331, -0.10113919, -0.08763523,  0.04795976,  0.05814146],
       [ 0.08358652, -0.09434096, -0.01172427,  0.10422104,  0.06282089],
       [ 0.01126788,  0.00786056, -0.069543  ,  0.10235142,  0.0349108 ],
       [-0.03061144, -0.04711439, -0.10276841, -0.02589898,  0.03803643],
       [ 0.12288298, -0.05144985, -0.02110568,  0.06784497,  0.05758599],
       [ 0.05117818, -0.08750638, -0.02857607,  0.11450833,  0.0604991 ],
       [-0.06652394,  0.07503663,  0.1085603 , -0.07280836,  0.08936777],
       [-0.04536699,  0.08921607, -0.01221123,  0.03080216,  0.10392026],
       [-0.05733262,  0.0121437 ,  0.06288584,  0.00470569, -0.09824493],
       [-0.05458235, -0.01929663, -0.08887208, -0.07609741, -0.09686909],
       [ 0.02017039, -0.10100969,  0.06322049, -0.11737767, -0.0533981 ],
       [ 0.08547181, -0.02288813,  0.1085961 ,  0.08964039, -0.05770024],
       [-0.13749572, -0.07097469, -0.05630497, -0.0273724 , -0.08646214],
       [-0.00601252, -0.02175341, -0.0555427 , -0.1012754 , -0.09417383],
       [-0.11874952,  0.05700541,  0.04025   , -0.08598723,  0.08076116],
       [ 0.03325213,  0.01677557,  0.00405228,  0.09095605, -0.07024839],
       [ 0.05150307, -0.00347462, -0.12817784,  0.05277985, -0.08267007],
       [ 0.06853851, -0.08406166,  0.02318135, -0.03153079, -0.04832229],
       [ 0.09058881, -0.0074546 ,  0.06043998,  0.10606992, -0.03887478],
       [-0.02907969, -0.04173976, -0.07920743,  0.06848732, -0.06773257],
       [ 0.07780216, -0.00489353, -0.08371435,  0.02651464, -0.07530951],
       [ 0.01778379,  0.01795411,  0.11243414,  0.02673   , -0.0862186 ],
       [ 0.02834013, -0.01429423, -0.01718022, -0.04595371, -0.09608173],
       [ 0.06118491, -0.09526685,  0.09378914, -0.10078721, -0.05176345],
       [ 0.10807313, -0.0132786 ,  0.12771213,  0.09348282, -0.04836963],
       [-0.06604365, -0.06103381,  0.00515493, -0.00403853, -0.0863209 ],
       [ 0.08100927, -0.01517937,  0.0165182 , -0.0809197 , -0.10104563],
       [ 0.05628066, -0.06883485, -0.02863211,  0.00870561,  0.08323757],
       [-0.01312849,  0.04005211, -0.09811629,  0.06805759,  0.04603047],
       [-0.05421502, -0.02038117, -0.12290144, -0.08785807,  0.04139564],
       [ 0.12281701, -0.01800975, -0.04305617, -0.02262012,  0.07387906],
       [ 0.01835371, -0.07271034, -0.05909617,  0.03643406,  0.08810353],
       [-0.01157429,  0.06563194, -0.04282082,  0.12634819,  0.05382874],
       [-0.07130276, -0.01843469, -0.08353595, -0.07317233,  0.05821425],
       [ 0.13510566,  0.00709716,  0.07590232,  0.03881689,  0.08044875],
       [ 0.01851882, -0.04067664,  0.0775452 ,  0.10764065,  0.08711327],
       [-0.06828279,  0.03941974, -0.10048322, -0.0040705 ,  0.02918759],
       [ 0.04148965,  0.09003889, -0.04751567,  0.08931661,  0.04865615],
       [-0.03422003,  0.06117077, -0.0567236 ,  0.12389724,  0.04804724],
       [-0.01327949,  0.00808038, -0.08604461, -0.08352713,  0.04681055],
       [-0.09376403, -0.01748526, -0.09913052, -0.05599651,  0.05200052],
       [ 0.09300763,  0.00980115,  0.04653479,  0.06035612,  0.07762593]])})
2026-01-20 11:01:06,821 - final_problem_set.kxor_instance_n21_k2_m196_ell2_eps0.25_kappa0.875_rho0.8 - INFO - Running key extraction (n=21, m=196, ell=2, phase_qubits=13)
2026-01-20 11:01:06,823 - final_problem_set.kxor_instance_n21_k2_m196_ell2_eps0.25_kappa0.875_rho0.8 - INFO - Built voting matrix V (n=21, ell=2, dtype=complex128) in 0.003s
2026-01-20 11:01:06,824 - final_problem_set.kxor_instance_n21_k2_m196_ell2_eps0.25_kappa0.875_rho0.8 - INFO - Eval: adv=0.8061, hamming=0/21 (0.000), corr=1.000
2026-01-20 11:01:06,824 - final_problem_set.kxor_instance_n21_k2_m196_ell2_eps0.25_kappa0.875_rho0.8 - INFO - Key extraction complete: x_hat=12
2026-01-20 11:01:06,824 - final_problem_set.kxor_instance_n21_k2_m196_ell2_eps0.25_kappa0.875_rho0.8 - INFO - Finished step 'KeyExtractionStep' in 0.003s (success: True, problem=kxor_instance_n21_k2_m196_ell2_eps0.25_kappa0.875_rho0.8)
2026-01-20 11:01:06,824 - final_problem_set.kxor_instance_n21_k2_m196_ell2_eps0.25_kappa0.875_rho0.8 - INFO - SUCCESS: len(z_hat)=21
2026-01-20 11:01:06,824 - final_problem_set.kxor_instance_n21_k2_m196_ell2_eps0.25_kappa0.875_rho0.8 - INFO - Metrics: adv=0.8061224489795918, ham_frac=0.0, corr=1.0
2026-01-20 11:01:06,824 - final_problem_set.kxor_instance_n21_k2_m196_ell2_eps0.25_kappa0.875_rho0.8 - INFO - z_hat (full): [-1, -1, -1,  1, -1,  1, -1,  1, -1, -1,  1, -1,  1,  1,  1, -1, -1, -1, -1, -1, -1]
