2026-01-20 11:00:42,141 - final_problem_set.kxor_instance_n18_k2_m136_ell2_eps0.3_kappa1.0_rho0.8 - INFO - Starting iteration for /Users/julian/CodingProjects/UniT3/QuarticSpeedupK-XOR/z_Daphne/data/final_problem_set/kxor_instance_n18_k2_m136_ell2_eps0.3_kappa1.0_rho0.8.npz
2026-01-20 11:00:42,142 - final_problem_set.kxor_instance_n18_k2_m136_ell2_eps0.3_kappa1.0_rho0.8 - INFO - Loaded instance (n=18, m=136, k=2)
2026-01-20 11:00:42,142 - final_problem_set.kxor_instance_n18_k2_m136_ell2_eps0.3_kappa1.0_rho0.8 - INFO - Starting step 'ComputeKikuchiStep' (version 0.1) on problem kxor_instance_n18_k2_m136_ell2_eps0.3_kappa1.0_rho0.8 (fields={'ell': 2, 'threshold': 0.0})
2026-01-20 11:00:42,157 - final_problem_set.kxor_instance_n18_k2_m136_ell2_eps0.3_kappa1.0_rho0.8 - INFO - Finished step 'ComputeKikuchiStep' in 0.015s (success: True, problem=kxor_instance_n18_k2_m136_ell2_eps0.3_kappa1.0_rho0.8)
2026-01-20 11:00:42,157 - final_problem_set.kxor_instance_n18_k2_m136_ell2_eps0.3_kappa1.0_rho0.8 - INFO - Starting step 'ClassicalEigenvaluesStep' (version 0.1) on problem kxor_instance_n18_k2_m136_ell2_eps0.3_kappa1.0_rho0.8 (fields={'ell': 2, 'threshold': 0.0, 'kikuchi_matrix': <Dictionary Of Keys sparse matrix of dtype 'int64'
	with 2912 stored elements and shape (153, 153)>, 'num_eigenvalues': 5})
2026-01-20 11:00:42,200 - final_problem_set.kxor_instance_n18_k2_m136_ell2_eps0.3_kappa1.0_rho0.8 - INFO - Finished step 'ClassicalEigenvaluesStep' in 0.043s (success: True, problem=kxor_instance_n18_k2_m136_ell2_eps0.3_kappa1.0_rho0.8)
2026-01-20 11:00:42,200 - final_problem_set.kxor_instance_n18_k2_m136_ell2_eps0.3_kappa1.0_rho0.8 - INFO - Starting step 'KeyExtractionStep' (version 0.1) on problem kxor_instance_n18_k2_m136_ell2_eps0.3_kappa1.0_rho0.8 (fields={'ell': 2, 'threshold': 0.0, 'kikuchi_matrix': <Dictionary Of Keys sparse matrix of dtype 'int64'
	with 2912 stored elements and shape (153, 153)>, 'num_eigenvalues': 5, 'eigenvalues': array([ 9.84862887, 10.41611726, 10.47473409, 11.33709088, 16.44603324]), 'eigenvectors': array([[ 0.15930017, -0.02485152,  0.05501167,  0.09850706,  0.10746947],
       [-0.05675028,  0.15256114, -0.02507842,  0.00607421, -0.06549663],
       [ 0.13215182,  0.01534648,  0.04357036,  0.01673646,  0.11568247],
       [ 0.08217927, -0.00437529, -0.01313186,  0.06127221,  0.07285003],
       [-0.0638662 , -0.04288461, -0.05354651,  0.05504911, -0.10389536],
       [-0.06746617, -0.00197816, -0.02713471, -0.07663494, -0.09171166],
       [ 0.02636262, -0.0725254 ,  0.14491885,  0.08267515,  0.079182  ],
       [-0.14230667, -0.03184635, -0.14437012, -0.03086218, -0.07773529],
       [-0.14512255, -0.02839214, -0.05708673,  0.00789288, -0.10922284],
       [ 0.06385475,  0.00247254,  0.07488562,  0.0767828 ,  0.08904137],
       [ 0.09809287, -0.08217707, -0.02924143, -0.03564921, -0.09862969],
       [ 0.06883854,  0.08074939, -0.10529953,  0.12886241, -0.01287894],
       [-0.11152527,  0.05881261,  0.11866865,  0.07354882, -0.0631935 ],
       [-0.07652576,  0.03543194, -0.02954383,  0.07649185, -0.10342057],
       [ 0.21229824, -0.09619788,  0.06056378,  0.01980741,  0.09760769],
       [ 0.07532359,  0.09949254,  0.07415072, -0.05079353,  0.07553108],
       [-0.01805192, -0.05719224, -0.00547699,  0.14557191,  0.0694091 ],
       [-0.02662411,  0.20744937,  0.0199653 , -0.02498819, -0.08652061],
       [ 0.06465115,  0.03090307, -0.04752754,  0.06429006,  0.13615142],
       [ 0.05419638, -0.0041748 , -0.07331569,  0.09941972,  0.0886793 ],
       [ 0.00836322, -0.05626631,  0.02161942,  0.02412986, -0.11259419],
       [-0.01041919, -0.0050998 ,  0.0436405 , -0.12328221, -0.10615177],
       [-0.02558667, -0.09271163,  0.12107554,  0.12746426,  0.09441957],
       [-0.11479667, -0.0520437 , -0.12081391, -0.06651412, -0.09399312],
       [-0.08666646, -0.04871812,  0.02458705, -0.03379337, -0.13001372],
       [ 0.01017361,  0.0115381 ,  0.02093972,  0.12245448,  0.10625953],
       [ 0.17459714, -0.09716863,  0.04571316, -0.07073847, -0.10734225],
       [ 0.08711809,  0.1060731 , -0.11895944,  0.13340998, -0.0225157 ],
       [-0.07616694,  0.07024386,  0.20253793,  0.05964535, -0.07380685],
       [-0.00142218,  0.03312324,  0.04921766,  0.04789492, -0.1120561 ],
       [ 0.14324484, -0.10119831, -0.01162066,  0.05628153,  0.10583735],
       [ 0.06475313,  0.15589095,  0.03916491, -0.02524959,  0.11125129],
       [-0.07596032, -0.06893755, -0.0596088 ,  0.17407611,  0.07061314],
       [ 0.00237776,  0.17879546,  0.02613563,  0.04385036, -0.09173396],
       [-0.00457849,  0.10811497,  0.03793326, -0.00961375, -0.05230813],
       [-0.03747389, -0.12468719, -0.00833741, -0.0792622 ,  0.07546044],
       [-0.02897355, -0.15459238, -0.03096235,  0.01363106,  0.07295901],
       [ 0.03178493,  0.15888224, -0.05214877, -0.01648647, -0.05619363],
       [ 0.04977649, -0.10863497,  0.07180604, -0.01914534,  0.06499812],
       [ 0.01497738, -0.15739693, -0.00956843, -0.05873186,  0.08737382],
       [ 0.02656142,  0.14750466, -0.00771571, -0.01269025, -0.07155469],
       [-0.13002641, -0.08368167, -0.02715088, -0.02030329,  0.06579465],
       [-0.05467639, -0.04532165,  0.06575788, -0.08363319,  0.00480623],
       [ 0.0144425 , -0.10310264, -0.08866004, -0.0602883 ,  0.03893635],
       [-0.02648535, -0.14882124, -0.01884666, -0.07396796,  0.06508467],
       [-0.04768764,  0.18353024,  0.00352614,  0.02181975, -0.06412784],
       [-0.00062651,  0.0461206 , -0.0253849 ,  0.07527292, -0.06077054],
       [ 0.05761769,  0.12742383,  0.0381734 , -0.06001897, -0.04580919],
       [ 0.03728611,  0.03024396, -0.09745256,  0.0411851 ,  0.10335821],
       [ 0.03483192, -0.0930395 ,  0.0352542 ,  0.10981195, -0.11065273],
       [ 0.01906184, -0.04944721,  0.06357372, -0.04352184, -0.11316471],
       [-0.05978838, -0.06683891,  0.12660674,  0.0649467 ,  0.11454444],
       [-0.09311893, -0.08344716, -0.11316791,  0.00605021, -0.09825841],
       [-0.05198037, -0.09734472,  0.04120359,  0.07136581, -0.13126374],
       [-0.02436931,  0.05704935,  0.00668924,  0.04787356,  0.12415146],
       [ 0.19584172, -0.12018079,  0.05521541,  0.00787135, -0.099496  ],
       [ 0.10300387,  0.10559793, -0.13034768,  0.1618252 , -0.0141541 ],
       [-0.0535986 ,  0.04083121,  0.20152637,  0.11374326, -0.06492792],
       [ 0.02584641, -0.00505918,  0.06014105,  0.1327362 , -0.11024462],
       [ 0.11514146, -0.05876894, -0.02120862, -0.02866536,  0.1133871 ],
       [ 0.02664343,  0.16294574,  0.02409779, -0.101936  ,  0.09156116],
       [-0.103265  , -0.04296492, -0.0710387 ,  0.13319383,  0.07902894],
       [ 0.01134479, -0.0449998 ,  0.06425041,  0.02070335, -0.08430005],
       [-0.00225355, -0.00755557,  0.07144248, -0.07632328, -0.0730772 ],
       [-0.01644589, -0.04971161,  0.03476793,  0.07952803,  0.06439225],
       [-0.07934606, -0.04233059, -0.03911178, -0.0470866 , -0.07307685],
       [-0.05506596, -0.0422239 ,  0.07649728, -0.01937179, -0.09885035],
       [ 0.00248397,  0.00995945, -0.03615078,  0.08766349,  0.0791162 ],
       [ 0.09899854, -0.05450123,  0.06320295, -0.03630291, -0.06571466],
       [ 0.06040031,  0.06202174, -0.06550582,  0.09368763, -0.01359276],
       [-0.03497012,  0.03422084,  0.13934068,  0.0419888 , -0.04639768],
       [ 0.00452345,  0.01630223,  0.08330945,  0.03665677, -0.08333241],
       [ 0.09750137, -0.05985618, -0.05663609,  0.03932419,  0.08295537],
       [ 0.02411612,  0.08296915, -0.01341102, -0.02115241,  0.06261516],
       [-0.05052412, -0.03858189, -0.0753121 ,  0.12440054,  0.05487556],
       [-0.06001545,  0.06284855, -0.0380939 , -0.02502059,  0.09335203],
       [ 0.0953219 ,  0.03203619, -0.11512168,  0.00702179, -0.09436565],
       [ 0.03571094,  0.08384867,  0.09831115, -0.05673942,  0.08052074],
       [-0.01064893,  0.10168123, -0.01535628, -0.12432597,  0.10536367],
       [ 0.07212478, -0.06983877, -0.02088679,  0.02675264, -0.10203881],
       [-0.1876921 ,  0.10879579, -0.0335032 , -0.05060234,  0.07799112],
       [-0.07510505, -0.09027388,  0.10681323, -0.11962163,  0.00516046],
       [ 0.02192693, -0.01902761, -0.14918629, -0.11772351,  0.05267468],
       [-0.05710936,  0.0251576 , -0.03253576, -0.15352348,  0.08726973],
       [-0.04954008,  0.02251408,  0.00384173,  0.09352104, -0.10169848],
       [ 0.00707422, -0.14030022, -0.02923383,  0.12173171, -0.07253382],
       [ 0.12942612,  0.01402968,  0.05465892, -0.06513514, -0.07268262],
       [ 0.07236606,  0.06514275, -0.09409333, -0.1127704 , -0.08741513],
       [ 0.04976273,  0.06717764,  0.09318513,  0.06071127,  0.08866867],
       [ 0.0044501 ,  0.07229497, -0.05058415,  0.02014928,  0.11979752],
       [ 0.04206833, -0.0256435 ,  0.00137   , -0.09211919, -0.08826435],
       [-0.16872845,  0.08236641, -0.04809859,  0.04131004,  0.08021199],
       [-0.08847754, -0.08392411,  0.09491756, -0.1182661 ,  0.01398916],
       [ 0.01932049, -0.04287377, -0.18471214, -0.05781651,  0.06109877],
       [-0.06217734, -0.00945508, -0.07003707, -0.04945845,  0.10191325],
       [-0.0564344 ,  0.05987458,  0.02894567, -0.04078631, -0.09231545],
       [ 0.0062006 , -0.13522382, -0.01221457,  0.03165912, -0.08442146],
       [ 0.08938683,  0.04476726,  0.05690276, -0.13756134, -0.05955962],
       [-0.00879317,  0.01651085, -0.17652072, -0.05851729, -0.07001289],
       [ 0.03547736,  0.04916535, -0.13622936, -0.03823916, -0.10817555],
       [-0.05881489, -0.05227173,  0.12187683,  0.09608453,  0.07691803],
       [ 0.16613197, -0.00523424, -0.0723376 , -0.05020136, -0.07378785],
       [ 0.07125474,  0.06470525, -0.07763125,  0.11022398, -0.00816094],
       [ 0.00390358,  0.10402176,  0.06352799,  0.03798501, -0.06336727],
       [ 0.08352877,  0.09564231, -0.08987509,  0.02640921, -0.09236795],
       [ 0.02095442, -0.12683168,  0.10064162,  0.05248925,  0.08111306],
       [-0.03520604,  0.04165512,  0.13249445, -0.01360471,  0.0760214 ],
       [-0.08731463, -0.08037817,  0.02966861,  0.13021071,  0.05309913],
       [ 0.10513569,  0.08935182,  0.12009543, -0.02572081,  0.09255855],
       [-0.04498647, -0.06657259, -0.1412022 , -0.05926119, -0.08618466],
       [-0.09347757,  0.11863877,  0.08002469,  0.0157743 ,  0.07963435],
       [-0.06188001, -0.07116286,  0.09925417, -0.11539124,  0.00978279],
       [ 0.10059543, -0.01456574, -0.06603757, -0.08198229,  0.0600388 ],
       [ 0.04898093,  0.02657508,  0.08941991, -0.08619534,  0.08796002],
       [-0.14178871,  0.01748943, -0.10333008,  0.00346124, -0.07909658],
       [-0.05943184, -0.12322283, -0.10884288,  0.05305183, -0.06492286],
       [ 0.03028763,  0.0062572 , -0.04244079, -0.11675989, -0.06251688],
       [ 0.00307058, -0.05887392, -0.02249916, -0.02152112, -0.106758  ],
       [-0.16789376,  0.12416755, -0.03914407, -0.02379449,  0.09508285],
       [-0.09229767, -0.09827085,  0.12757626, -0.15688049,  0.01237778],
       [ 0.06239174, -0.03027973, -0.17828047, -0.11778136,  0.06164406],
       [-0.0017356 ,  0.01847457, -0.03698836, -0.14531464,  0.10383885],
       [-0.1293753 ,  0.0394241 ,  0.00215259,  0.04976502, -0.10711314],
       [-0.04257676, -0.1587326 , -0.03622541,  0.11299484, -0.08436765],
       [ 0.08792095,  0.02652626,  0.0645634 , -0.11648093, -0.08525161],
       [ 0.16542696, -0.08099012,  0.00473129, -0.04138784, -0.07945639],
       [ 0.08747424,  0.08004463, -0.09933686,  0.12065116, -0.01301651],
       [-0.01552196,  0.04333486,  0.1441106 ,  0.05516587, -0.06279663],
       [ 0.06443382,  0.00964708,  0.00614297,  0.04788457, -0.10090592],
       [ 0.0537113 , -0.05504259,  0.02390118,  0.03976029,  0.09002263],
       [-0.00903334,  0.11561105,  0.05364263, -0.02794566,  0.07586333],
       [-0.08470588, -0.03687858, -0.02604176,  0.13435837,  0.05992751],
       [-0.08954436, -0.06789676,  0.0825533 , -0.10569563,  0.00899068],
       [-0.07819394, -0.00021823, -0.15833251, -0.0718592 ,  0.05265048],
       [-0.18146885,  0.04823291, -0.05392496, -0.06787308,  0.0790633 ],
       [ 0.11199373, -0.01325124,  0.03422161,  0.00529688, -0.09893385],
       [ 0.10746032, -0.13916041, -0.01152555,  0.04922617, -0.06320733],
       [ 0.16062748, -0.00932837,  0.05258852, -0.0891419 , -0.05466695],
       [-0.04253851, -0.05032823,  0.05356842, -0.07765501,  0.00529103],
       [-0.07304657, -0.07759233,  0.10732   , -0.11456791,  0.00411259],
       [ 0.07275611,  0.08240441, -0.10334461,  0.12874855, -0.01089001],
       [ 0.06100413,  0.06065494, -0.0895661 ,  0.11236029, -0.00613629],
       [ 0.08032355,  0.06487179, -0.05509002,  0.06304694, -0.01201624],
       [ 0.02001923, -0.04663857, -0.15222938, -0.11870957,  0.04931262],
       [-0.07710855,  0.07636255,  0.13712977,  0.08220749, -0.05366917],
       [-0.04684802, -0.03192111,  0.09959011,  0.11806278, -0.04766025],
       [ 0.03785724,  0.06971585,  0.14305997, -0.01396026, -0.04422005],
       [-0.04656348,  0.07995495,  0.02177097,  0.09726046, -0.09029388],
       [-0.00112589, -0.08693173, -0.01604657,  0.13702929, -0.07260997],
       [ 0.12265778,  0.06849141,  0.07464179, -0.04968792, -0.07202026],
       [ 0.09355447,  0.05958285,  0.04269455, -0.08821028,  0.08469852],
       [-0.03167593, -0.10856665, -0.05063152,  0.1171077 ,  0.06855928],
       [-0.07273902,  0.05302985, -0.01081783,  0.05187578,  0.06668639]])})
2026-01-20 11:00:42,201 - final_problem_set.kxor_instance_n18_k2_m136_ell2_eps0.3_kappa1.0_rho0.8 - INFO - Running key extraction (n=18, m=136, ell=2, phase_qubits=12)
2026-01-20 11:00:42,202 - final_problem_set.kxor_instance_n18_k2_m136_ell2_eps0.3_kappa1.0_rho0.8 - INFO - Built voting matrix V (n=18, ell=2, dtype=complex128) in 0.002s
2026-01-20 11:00:42,203 - final_problem_set.kxor_instance_n18_k2_m136_ell2_eps0.3_kappa1.0_rho0.8 - INFO - Eval: adv=0.7794, hamming=0/18 (0.000), corr=1.000
2026-01-20 11:00:42,203 - final_problem_set.kxor_instance_n18_k2_m136_ell2_eps0.3_kappa1.0_rho0.8 - INFO - Key extraction complete: x_hat=3
2026-01-20 11:00:42,203 - final_problem_set.kxor_instance_n18_k2_m136_ell2_eps0.3_kappa1.0_rho0.8 - INFO - Finished step 'KeyExtractionStep' in 0.002s (success: True, problem=kxor_instance_n18_k2_m136_ell2_eps0.3_kappa1.0_rho0.8)
2026-01-20 11:00:42,203 - final_problem_set.kxor_instance_n18_k2_m136_ell2_eps0.3_kappa1.0_rho0.8 - INFO - SUCCESS: len(z_hat)=18
2026-01-20 11:00:42,203 - final_problem_set.kxor_instance_n18_k2_m136_ell2_eps0.3_kappa1.0_rho0.8 - INFO - Metrics: adv=0.7794117647058824, ham_frac=0.0, corr=1.0
2026-01-20 11:00:42,203 - final_problem_set.kxor_instance_n18_k2_m136_ell2_eps0.3_kappa1.0_rho0.8 - INFO - z_hat (full): [ 1,  1, -1,  1,  1, -1, -1,  1, -1, -1,  1, -1, -1, -1, -1,  1,  1,  1]
