2026-01-20 11:00:31,013 - final_problem_set.kxor_instance_n13_k2_m84_ell2_eps0.25_kappa1.0_rho1.0 - INFO - Starting iteration for /Users/julian/CodingProjects/UniT3/QuarticSpeedupK-XOR/z_Daphne/data/final_problem_set/kxor_instance_n13_k2_m84_ell2_eps0.25_kappa1.0_rho1.0.npz
2026-01-20 11:00:31,014 - final_problem_set.kxor_instance_n13_k2_m84_ell2_eps0.25_kappa1.0_rho1.0 - INFO - Loaded instance (n=13, m=84, k=2)
2026-01-20 11:00:31,014 - final_problem_set.kxor_instance_n13_k2_m84_ell2_eps0.25_kappa1.0_rho1.0 - INFO - Starting step 'ComputeKikuchiStep' (version 0.1) on problem kxor_instance_n13_k2_m84_ell2_eps0.25_kappa1.0_rho1.0 (fields={'ell': 2, 'threshold': 0.0})
2026-01-20 11:00:31,020 - final_problem_set.kxor_instance_n13_k2_m84_ell2_eps0.25_kappa1.0_rho1.0 - INFO - Finished step 'ComputeKikuchiStep' in 0.006s (success: True, problem=kxor_instance_n13_k2_m84_ell2_eps0.25_kappa1.0_rho1.0)
2026-01-20 11:00:31,020 - final_problem_set.kxor_instance_n13_k2_m84_ell2_eps0.25_kappa1.0_rho1.0 - INFO - Starting step 'ClassicalEigenvaluesStep' (version 0.1) on problem kxor_instance_n13_k2_m84_ell2_eps0.25_kappa1.0_rho1.0 (fields={'ell': 2, 'threshold': 0.0, 'kikuchi_matrix': <Dictionary Of Keys sparse matrix of dtype 'int64'
	with 1122 stored elements and shape (78, 78)>, 'num_eigenvalues': 5})
2026-01-20 11:00:31,037 - final_problem_set.kxor_instance_n13_k2_m84_ell2_eps0.25_kappa1.0_rho1.0 - INFO - Finished step 'ClassicalEigenvaluesStep' in 0.017s (success: True, problem=kxor_instance_n13_k2_m84_ell2_eps0.25_kappa1.0_rho1.0)
2026-01-20 11:00:31,037 - final_problem_set.kxor_instance_n13_k2_m84_ell2_eps0.25_kappa1.0_rho1.0 - INFO - Starting step 'KeyExtractionStep' (version 0.1) on problem kxor_instance_n13_k2_m84_ell2_eps0.25_kappa1.0_rho1.0 (fields={'ell': 2, 'threshold': 0.0, 'kikuchi_matrix': <Dictionary Of Keys sparse matrix of dtype 'int64'
	with 1122 stored elements and shape (78, 78)>, 'num_eigenvalues': 5, 'eigenvalues': array([ 7.13332138,  7.38477953,  7.70687114,  8.49946031, 14.63454104]), 'eigenvectors': array([[ 1.14413978e-02,  5.09163065e-02,  1.34952434e-01,  1.63785569e-01, -1.04800403e-01],
       [-2.74670022e-02, -8.57434557e-02, -1.22862458e-01,  5.15175049e-02, -1.15870304e-01],
       [ 1.10700539e-01,  1.48015752e-02,  7.26735356e-04,  9.48093219e-02, -1.36120133e-01],
       [ 1.45194530e-01,  3.60275956e-03,  3.51026828e-02, -1.62577682e-01,  1.16235099e-01],
       [ 3.12262058e-02, -1.10849296e-01,  1.61621023e-01,  8.66854725e-02, -1.15739936e-01],
       [ 1.05115076e-01,  7.19117774e-02, -9.45694376e-02,  1.45883716e-01,  9.99801827e-02],
       [-2.40264340e-01,  1.34362252e-01,  5.41525848e-02, -6.16622269e-02,  1.18610624e-01],
       [-1.44235126e-02, -5.85186702e-03, -6.95732461e-02, -6.25050505e-02,  1.35381860e-01],
       [-5.71160015e-02, -1.17353501e-01,  6.38304448e-02, -1.24511395e-01,  1.15041047e-01],
       [ 5.33972979e-02, -5.36658916e-02, -6.45669909e-02, -4.35862535e-02, -1.14045869e-01],
       [-1.45198285e-01,  2.38513585e-02, -1.34823353e-01,  8.32110129e-03,  1.25690622e-01],
       [-6.98626027e-02, -2.12095484e-01, -2.69648264e-02,  1.13558528e-01,  1.01907526e-01],
       [-1.02132730e-01, -1.69809227e-02, -2.60006226e-02,  1.34338489e-01, -1.16796090e-01],
       [ 2.42076688e-02,  9.33532033e-02,  1.11212408e-01,  1.68325191e-01, -1.21915023e-01],
       [ 1.55447412e-01, -5.20982329e-02, -4.93312743e-02, -1.79244064e-01,  9.30520485e-02],
       [-2.78624913e-02, -2.30886636e-02,  2.27253449e-01,  1.43115829e-01, -1.00975594e-01],
       [ 1.59981402e-01,  2.94234357e-03, -1.62960783e-01,  6.92636647e-02,  9.15370347e-02],
       [-1.46211141e-01,  4.98494112e-02, -4.56889199e-02, -1.33230861e-01,  1.07901664e-01],
       [ 5.89163791e-02, -8.54509616e-02, -1.69424543e-01, -1.39509318e-01,  1.19619289e-01],
       [ 6.45997819e-03, -1.61844803e-01, -3.68004651e-02, -1.77357603e-01,  1.02023733e-01],
       [-1.60582083e-02,  1.78121675e-02,  3.41999160e-02,  3.38825931e-02, -1.15376471e-01],
       [-5.53672718e-02, -5.79106200e-02, -2.19359627e-01, -7.27920995e-02,  1.12790897e-01],
       [-1.60061042e-04, -2.53020857e-01, -1.10784401e-01,  3.84888894e-02,  9.19940665e-02],
       [-3.10395930e-02, -6.20682451e-02, -2.04816744e-01,  2.89469260e-02, -1.32575968e-01],
       [ 2.12437197e-01,  5.71006291e-02,  1.74248808e-01, -9.02531237e-02,  1.00697895e-01],
       [-9.31455754e-02, -2.02036045e-01, -1.38323964e-02,  4.33659345e-02, -1.26095963e-01],
       [ 1.60716581e-01,  1.04164848e-01,  4.44895870e-02,  1.60260899e-01,  8.71031998e-02],
       [-8.77610084e-02,  1.63140504e-01,  1.94997317e-01, -1.81926769e-03,  1.02835890e-01],
       [ 1.14632960e-01,  6.94259113e-02,  1.37221166e-01, -2.64898359e-03,  1.30873870e-01],
       [ 5.74462724e-02, -5.27720505e-02,  2.25692492e-01, -6.65920141e-02,  1.09097729e-01],
       [-4.57520965e-02, -9.94396506e-02, -2.20258297e-01, -8.70257030e-02, -1.07034498e-01],
       [-2.26261868e-02,  1.10482055e-01,  6.62801259e-02,  6.75913629e-02,  1.37819780e-01],
       [ 2.90872508e-02, -1.43891926e-01,  1.40328576e-01,  1.51971503e-01,  9.80535702e-02],
       [ 1.42439185e-01, -2.87072544e-02,  8.85053780e-02, -1.36456447e-01,  1.19968552e-01],
       [ 3.99787453e-02, -9.25436311e-02,  1.35950057e-01,  7.16610667e-02, -1.33392037e-01],
       [ 1.19750214e-01,  5.83170270e-02, -5.33584907e-02,  1.89275989e-01,  1.16128428e-01],
       [-2.34353642e-01,  1.00085941e-01,  1.09555553e-01, -3.41677697e-02,  1.22313605e-01],
       [-2.37806132e-02, -5.71907729e-02, -1.29774024e-02, -4.79255731e-02,  1.73333350e-01],
       [-6.75709704e-02, -1.70071218e-01,  1.31847104e-01, -1.17519670e-01,  1.30770159e-01],
       [ 6.14491708e-02, -3.24688724e-02, -1.31149756e-01, -7.68673092e-02, -1.27252499e-01],
       [-1.67870345e-01, -7.48164603e-03, -9.54281189e-02,  3.69570161e-02,  1.44875208e-01],
       [-6.48749640e-02, -2.38965597e-01,  1.97469917e-02,  1.41750111e-01,  1.04735571e-01],
       [ 1.65043409e-01,  8.13650608e-02, -6.28057138e-02, -1.19692147e-01,  1.02954116e-01],
       [-2.72505283e-01, -4.76312381e-02,  1.68489339e-02, -8.81852643e-02, -8.91423231e-02],
       [-7.56196155e-03, -1.01553437e-01, -1.27595275e-01,  1.02138532e-01, -1.04941979e-01],
       [-2.20968844e-01,  2.09279387e-02, -3.05121876e-02,  1.07987650e-01, -1.19520059e-01],
       [-1.40330881e-01,  1.08868377e-01, -1.26594637e-01,  1.49534951e-01, -9.99202471e-02],
       [ 1.42232889e-01,  3.02129692e-02,  1.23630163e-01, -7.72620010e-03,  1.01465104e-01],
       [-1.07657381e-01, -7.19333570e-03,  4.52087874e-02,  5.06999100e-02, -1.26469750e-01],
       [-1.26106398e-01,  1.98523880e-01, -4.46000162e-02, -5.95715732e-02, -9.07094281e-02],
       [ 1.29214625e-01,  1.23884293e-01, -1.48640549e-01,  1.37339309e-01,  8.70255455e-02],
       [-1.41158385e-01,  1.89295447e-01, -5.03040280e-02, -3.79588236e-02,  1.04779085e-01],
       [ 4.62218726e-02,  9.22859235e-02, -1.93150780e-01, -4.65306816e-02,  1.29358704e-01],
       [-1.86476469e-03, -3.34251765e-02, -5.91150984e-02, -1.24969436e-01,  1.25044822e-01],
       [-1.46651727e-04, -1.66086605e-01,  5.27250813e-02, -6.32433131e-02, -1.22489307e-01],
       [-7.65611735e-02,  1.13823525e-01, -2.45840388e-01,  2.07549341e-02,  1.19625498e-01],
       [-2.18454286e-02, -1.26573669e-01, -1.26274964e-01,  1.18160301e-01,  9.97726141e-02],
       [ 1.06780621e-02, -1.47865155e-01, -4.09081531e-03, -1.68037778e-01, -8.86403111e-02],
       [-1.66909164e-01, -5.89682674e-02,  8.92956775e-02, -1.85541272e-01, -9.90212145e-02],
       [-1.31223044e-01,  4.44229786e-02, -1.02688822e-02, -1.18767270e-01, -9.89650529e-02],
       [ 1.01626613e-01,  9.14722159e-02,  4.66779552e-03,  2.05866209e-01,  8.29601581e-02],
       [-6.70388764e-02, -7.95639543e-02,  1.28452234e-01, -2.08860388e-01, -9.17873364e-02],
       [-6.43875714e-02,  7.77971924e-02,  3.46300681e-02, -1.99238384e-01, -6.61804716e-02],
       [ 1.51972281e-01, -1.07287159e-01, -5.06092509e-02,  6.73674404e-03, -1.21838999e-01],
       [ 1.62519185e-01,  1.17063893e-02, -1.43574744e-01,  7.02029068e-02, -1.03969640e-01],
       [-1.53192240e-01,  1.34629244e-01,  1.45139750e-01,  7.83444004e-02,  1.01143088e-01],
       [ 2.52120036e-01, -1.23551234e-01,  1.50522111e-02, -4.97977123e-02, -1.13140308e-01],
       [ 1.66445217e-01,  9.78996422e-02, -6.64579941e-02, -1.40691813e-01, -9.04819657e-02],
       [-2.20913869e-02,  1.56756206e-01, -6.10027796e-02,  8.78634733e-02, -1.28730568e-01],
       [ 2.58753410e-02,  4.41819225e-02,  7.85355690e-02,  1.13024857e-01,  1.43082548e-01],
       [ 6.95126514e-02, -3.33827666e-04,  1.60415928e-01, -6.31704806e-02, -1.42377318e-01],
       [ 6.10521289e-03,  2.26503370e-01,  2.31275854e-02, -1.54148333e-01, -1.03076131e-01],
       [-2.56921548e-02, -9.10990307e-02,  2.01788670e-01,  2.24217372e-02,  1.21494886e-01],
       [ 1.24265682e-01,  1.40704484e-01,  1.23829535e-02,  2.31003764e-02, -1.37485078e-01],
       [ 3.03461422e-02,  2.67300420e-01, -6.52380504e-02, -8.38742948e-02, -8.87218806e-02],
       [-9.33418999e-02,  7.04703826e-02, -2.23118924e-03,  1.44562695e-01,  1.17864254e-01],
       [-3.23324387e-02, -1.36333220e-01,  7.14152651e-02,  1.82152684e-01,  8.46509787e-02],
       [ 9.60548416e-02,  1.85111416e-01,  7.30610395e-02, -1.78674785e-01, -9.41053440e-02]])})
2026-01-20 11:00:31,038 - final_problem_set.kxor_instance_n13_k2_m84_ell2_eps0.25_kappa1.0_rho1.0 - INFO - Running key extraction (n=13, m=84, ell=2, phase_qubits=11)
2026-01-20 11:00:31,038 - final_problem_set.kxor_instance_n13_k2_m84_ell2_eps0.25_kappa1.0_rho1.0 - INFO - Built voting matrix V (n=13, ell=2, dtype=complex128) in 0.001s
2026-01-20 11:00:31,039 - final_problem_set.kxor_instance_n13_k2_m84_ell2_eps0.25_kappa1.0_rho1.0 - INFO - Eval: adv=1.0000, hamming=0/13 (0.000), corr=1.000
2026-01-20 11:00:31,039 - final_problem_set.kxor_instance_n13_k2_m84_ell2_eps0.25_kappa1.0_rho1.0 - INFO - Key extraction complete: x_hat=3
2026-01-20 11:00:31,039 - final_problem_set.kxor_instance_n13_k2_m84_ell2_eps0.25_kappa1.0_rho1.0 - INFO - Finished step 'KeyExtractionStep' in 0.001s (success: True, problem=kxor_instance_n13_k2_m84_ell2_eps0.25_kappa1.0_rho1.0)
2026-01-20 11:00:31,039 - final_problem_set.kxor_instance_n13_k2_m84_ell2_eps0.25_kappa1.0_rho1.0 - INFO - SUCCESS: len(z_hat)=13
2026-01-20 11:00:31,039 - final_problem_set.kxor_instance_n13_k2_m84_ell2_eps0.25_kappa1.0_rho1.0 - INFO - Metrics: adv=1.0, ham_frac=0.0, corr=1.0
2026-01-20 11:00:31,039 - final_problem_set.kxor_instance_n13_k2_m84_ell2_eps0.25_kappa1.0_rho1.0 - INFO - z_hat (full): [-1, -1, -1, -1,  1, -1,  1,  1,  1,  1, -1,  1,  1]
