2026-01-20 11:00:36,996 - final_problem_set.kxor_instance_n17_k2_m116_ell2_eps0.2_kappa1.0_rho0.8 - INFO - Starting iteration for /Users/julian/CodingProjects/UniT3/QuarticSpeedupK-XOR/z_Daphne/data/final_problem_set/kxor_instance_n17_k2_m116_ell2_eps0.2_kappa1.0_rho0.8.npz
2026-01-20 11:00:36,997 - final_problem_set.kxor_instance_n17_k2_m116_ell2_eps0.2_kappa1.0_rho0.8 - INFO - Loaded instance (n=17, m=116, k=2)
2026-01-20 11:00:36,997 - final_problem_set.kxor_instance_n17_k2_m116_ell2_eps0.2_kappa1.0_rho0.8 - INFO - Starting step 'ComputeKikuchiStep' (version 0.1) on problem kxor_instance_n17_k2_m116_ell2_eps0.2_kappa1.0_rho0.8 (fields={'ell': 2, 'threshold': 0.0})
2026-01-20 11:00:37,009 - final_problem_set.kxor_instance_n17_k2_m116_ell2_eps0.2_kappa1.0_rho0.8 - INFO - Finished step 'ComputeKikuchiStep' in 0.012s (success: True, problem=kxor_instance_n17_k2_m116_ell2_eps0.2_kappa1.0_rho0.8)
2026-01-20 11:00:37,009 - final_problem_set.kxor_instance_n17_k2_m116_ell2_eps0.2_kappa1.0_rho0.8 - INFO - Starting step 'ClassicalEigenvaluesStep' (version 0.1) on problem kxor_instance_n17_k2_m116_ell2_eps0.2_kappa1.0_rho0.8 (fields={'ell': 2, 'threshold': 0.0, 'kikuchi_matrix': <Dictionary Of Keys sparse matrix of dtype 'int64'
	with 2490 stored elements and shape (136, 136)>, 'num_eigenvalues': 5})
2026-01-20 11:00:37,046 - final_problem_set.kxor_instance_n17_k2_m116_ell2_eps0.2_kappa1.0_rho0.8 - INFO - Finished step 'ClassicalEigenvaluesStep' in 0.037s (success: True, problem=kxor_instance_n17_k2_m116_ell2_eps0.2_kappa1.0_rho0.8)
2026-01-20 11:00:37,046 - final_problem_set.kxor_instance_n17_k2_m116_ell2_eps0.2_kappa1.0_rho0.8 - INFO - Starting step 'KeyExtractionStep' (version 0.1) on problem kxor_instance_n17_k2_m116_ell2_eps0.2_kappa1.0_rho0.8 (fields={'ell': 2, 'threshold': 0.0, 'kikuchi_matrix': <Dictionary Of Keys sparse matrix of dtype 'int64'
	with 2490 stored elements and shape (136, 136)>, 'num_eigenvalues': 5, 'eigenvalues': array([ 8.95302957,  9.13126017,  9.73637437, 10.20360475, 13.9130202 ]), 'eigenvectors': array([[ 0.02381766, -0.14647319, -0.01489495,  0.05263114, -0.10610254],
       [-0.10696864,  0.06018805,  0.02815645, -0.10843692,  0.0725794 ],
       [ 0.05069097, -0.04832736,  0.09411191, -0.05788417,  0.07922947],
       [ 0.01321196,  0.00872873,  0.14334415,  0.07496538, -0.02700766],
       [-0.0372547 , -0.03132069, -0.03807923, -0.08554025, -0.07853488],
       [-0.05201167,  0.0112622 , -0.04960215, -0.04198568,  0.09530494],
       [ 0.02362258,  0.07096603,  0.03417664, -0.08601477,  0.06541613],
       [-0.03776019,  0.11788102, -0.06442957, -0.04526986,  0.09468622],
       [ 0.03799972, -0.07615408, -0.02636845, -0.06259382,  0.0807494 ],
       [ 0.09279055,  0.14384056, -0.05340181,  0.04562579, -0.04476087],
       [-0.09075398, -0.01066021,  0.03257653,  0.07432202, -0.09285824],
       [-0.00722431, -0.01832423, -0.06337264,  0.1443567 , -0.06633063],
       [ 0.04048237, -0.00849673,  0.02827654,  0.1278502 , -0.07414349],
       [ 0.047415  , -0.05707608, -0.07529193,  0.02219182, -0.06918486],
       [-0.162175  ,  0.05482237,  0.02036738,  0.03008676,  0.07212392],
       [ 0.04360362, -0.05256907, -0.03585973,  0.06790766, -0.09867521],
       [ 0.11316119, -0.14427214, -0.03672779,  0.05378545, -0.10963149],
       [-0.11899206,  0.00469675, -0.12364165, -0.03363686, -0.1152887 ],
       [-0.00925405,  0.00443804, -0.21756096, -0.05604662,  0.04001818],
       [ 0.0890261 ,  0.05162328,  0.02926441,  0.20983688,  0.08373955],
       [ 0.02151449, -0.06365842,  0.10736457, -0.10142849, -0.13180822],
       [-0.08392834, -0.16634892, -0.04664311,  0.02723308, -0.09603594],
       [-0.00524178, -0.18702504,  0.0987509 , -0.07263465, -0.1122503 ],
       [-0.09733837,  0.04788571,  0.06134637, -0.04149342, -0.11768235],
       [-0.11217319, -0.15975001,  0.07208225,  0.01365384,  0.0811608 ],
       [ 0.15122767,  0.0639965 , -0.05395729,  0.04163917,  0.11401016],
       [ 0.04871413,  0.09413765,  0.10335984, -0.11981624,  0.10531512],
       [-0.01662775,  0.09363018, -0.06704679, -0.07583425,  0.13107588],
       [-0.01845416,  0.09583117,  0.0859303 ,  0.05281231,  0.0820984 ],
       [ 0.15846685, -0.08172256, -0.00526835, -0.13476779, -0.0844342 ],
       [ 0.00370878,  0.14652704,  0.03740946,  0.06744585,  0.14140659],
       [-0.01216228, -0.03782806,  0.11975415, -0.06051291,  0.09211991],
       [ 0.04216651,  0.01353929,  0.16300627,  0.08617312, -0.03029545],
       [ 0.03270441, -0.04109835, -0.0635335 , -0.10911902, -0.09950303],
       [-0.16985264,  0.01731728, -0.05351903, -0.04083083,  0.12528759],
       [-0.03484399,  0.09161975,  0.0566116 , -0.09880963,  0.07663807],
       [-0.11726441,  0.11824822, -0.04313878, -0.04544982,  0.10003028],
       [-0.03335822, -0.07448514, -0.02016234, -0.0652996 ,  0.09725157],
       [ 0.12214757,  0.14248707, -0.05596689,  0.0369524 , -0.04992469],
       [-0.00770791, -0.02079499,  0.01919528,  0.07770115, -0.11160513],
       [ 0.05327374, -0.03661677, -0.08570394,  0.16289013, -0.07437961],
       [ 0.1235817 , -0.02148838,  0.01993593,  0.14724482, -0.08804212],
       [ 0.08529406, -0.0574993 , -0.08401311,  0.01632377, -0.06789157],
       [-0.20378351,  0.05423716,  0.03187545,  0.03588976,  0.07392335],
       [ 0.16529274, -0.08367212, -0.07456115,  0.07727831, -0.13123755],
       [-0.03069272,  0.06096911,  0.1160012 ,  0.04929486, -0.0348994 ],
       [-0.10027687,  0.05055437, -0.08409436, -0.12092241, -0.06898953],
       [ 0.07427765, -0.13836579,  0.03283205,  0.04722759,  0.11455899],
       [ 0.10810574, -0.00685086,  0.10681216, -0.03766745,  0.07217268],
       [ 0.08818622, -0.02083935,  0.02536856,  0.03417708,  0.10606053],
       [ 0.10351   , -0.13885973,  0.03263489, -0.00159193,  0.07201741],
       [ 0.05050516,  0.16605134, -0.07530745,  0.00831202, -0.04190593],
       [-0.1674247 ,  0.09126373, -0.04776556, -0.00116675, -0.08543235],
       [-0.09029489,  0.05386121, -0.13458095,  0.09234236, -0.07118323],
       [-0.05934882,  0.09406129, -0.04357755,  0.06621202, -0.08644389],
       [-0.02608646,  0.01971925, -0.11366169, -0.02131803, -0.06301208],
       [-0.06448313, -0.0472494 ,  0.08346186,  0.08668805,  0.08041888],
       [-0.10459363,  0.09590052, -0.15830707, -0.02132939, -0.12087173],
       [ 0.01696787, -0.02752103, -0.13621491,  0.03585083,  0.03070579],
       [ 0.02019616,  0.02786802,  0.19620092,  0.05017672, -0.02540847],
       [-0.01643051, -0.00438816,  0.1449914 ,  0.07224352, -0.03145217],
       [ 0.01439078,  0.01678847,  0.18538703,  0.04719411, -0.02453209],
       [-0.0030477 ,  0.03498996,  0.1401391 ,  0.04206835, -0.02101317],
       [-0.03704972, -0.06885214, -0.0685371 , -0.03344874,  0.01859175],
       [ 0.00695222, -0.02858861, -0.1695937 , -0.05489371,  0.0254923 ],
       [ 0.00446484, -0.0246838 , -0.13457014, -0.10484918,  0.03242931],
       [-0.01021223, -0.02561712, -0.16232364, -0.07522004,  0.02251588],
       [-0.01368527, -0.01392529, -0.11283831, -0.02862828,  0.02870372],
       [ 0.05745188,  0.01780378,  0.13995204,  0.00297579, -0.02760007],
       [-0.02076497, -0.02896794, -0.22525585, -0.06448454,  0.05235406],
       [-0.05297101,  0.04437605,  0.04660083, -0.22494228, -0.07798489],
       [-0.11233444, -0.06657019, -0.0616252 , -0.10774851, -0.07727064],
       [-0.05891602, -0.03162305,  0.04483557, -0.19438153, -0.074953  ],
       [-0.08868784,  0.07799849,  0.02240467, -0.13978442, -0.06688569],
       [-0.04317528, -0.13834796,  0.05669304,  0.07248018,  0.04676767],
       [ 0.13321581, -0.02719401, -0.01116539,  0.16738943,  0.07196135],
       [ 0.10017295,  0.00786545,  0.11915943,  0.04542698,  0.09511172],
       [ 0.05010243, -0.0277153 , -0.02435696,  0.10721273,  0.10178375],
       [ 0.02299802,  0.01784881,  0.06724673,  0.1173391 ,  0.05776349],
       [ 0.04699371,  0.00467068, -0.007556  , -0.1784252 , -0.05220173],
       [ 0.08456584, -0.00542767,  0.04975251,  0.21745963,  0.09214967],
       [ 0.04888131,  0.05434195, -0.03576141, -0.01434637,  0.11321832],
       [-0.04496545,  0.03258981, -0.18317229,  0.09932842,  0.10891679],
       [ 0.04599837, -0.14758882, -0.11262915,  0.05036903,  0.09518951],
       [ 0.11515554,  0.21397924, -0.03086368, -0.0010043 , -0.0580046 ],
       [-0.0982222 ,  0.07435924,  0.13225611, -0.05892162, -0.11010507],
       [-0.01133459,  0.04053051, -0.0160499 ,  0.12194339, -0.13328327],
       [ 0.05697935,  0.0612921 ,  0.12810412,  0.04896895, -0.11265897],
       [ 0.05889152, -0.00137368, -0.01421359, -0.07476855, -0.09845073],
       [-0.17897528, -0.0105428 , -0.06448346,  0.14945797,  0.07982338],
       [ 0.0439887 ,  0.04217427,  0.08584563, -0.08886643, -0.13821958],
       [ 0.06863037,  0.16514302, -0.03822824, -0.02437067,  0.09942023],
       [ 0.10044098, -0.03310405, -0.00630182, -0.04063292,  0.0768397 ],
       [ 0.05654025,  0.12683778, -0.07792014,  0.04151589, -0.05466278],
       [-0.18642617, -0.05762535,  0.00497476,  0.0527511 , -0.09370304],
       [-0.07388068, -0.04960602, -0.09147256,  0.13725961, -0.06651469],
       [-0.04128333, -0.05494954,  0.01141903,  0.13479467, -0.08964517],
       [-0.02005463, -0.08644421, -0.09892637,  0.0083285 , -0.06815161],
       [-0.09241526,  0.08163105,  0.04455115,  0.05030224,  0.07641625],
       [-0.06797664, -0.10057836, -0.07522741,  0.04426582, -0.10521392],
       [ 0.06309242, -0.0600118 , -0.1331822 ,  0.0451848 ,  0.10154235],
       [ 0.11822503,  0.1625547 ,  0.00074815, -0.01346444, -0.07066916],
       [-0.1068212 , -0.0387315 ,  0.12613876, -0.04142751, -0.10007404],
       [-0.0317602 , -0.08970298, -0.0157046 ,  0.11689072, -0.10837152],
       [ 0.03118408, -0.0513019 ,  0.12451618,  0.05297399, -0.10203021],
       [ 0.03413423, -0.09382377, -0.01142971, -0.05804908, -0.08597648],
       [-0.15459725,  0.05722707, -0.06038665,  0.12703912,  0.07367121],
       [ 0.02357304, -0.10851199,  0.08411604, -0.06528719, -0.12603287],
       [ 0.05699847,  0.18157734, -0.02842381,  0.01252144, -0.04239599],
       [-0.14745391,  0.1203768 ,  0.07714197, -0.0057609 , -0.08350285],
       [-0.09573116,  0.10266326, -0.03240625,  0.12005564, -0.08831312],
       [-0.04346437,  0.12135298,  0.07670825,  0.06644997, -0.08528885],
       [-0.02137466,  0.05776485, -0.02494513, -0.0279725 , -0.07536384],
       [-0.08266131, -0.0760919 , -0.0407905 ,  0.10020199,  0.07835718],
       [-0.08411031,  0.14799767,  0.03930797, -0.02649432, -0.1233296 ],
       [-0.04537605, -0.20058358,  0.02686289, -0.00590149,  0.05896943],
       [-0.07056606, -0.14767137,  0.07110895, -0.05527212,  0.04556299],
       [-0.11496553, -0.19669294,  0.02465317, -0.05614301,  0.05256007],
       [-0.08234899, -0.11372139,  0.07327381,  0.00996108,  0.0430627 ],
       [ 0.11670291,  0.11375581, -0.04190292, -0.02978705, -0.04103173],
       [-0.12049292, -0.22314137,  0.07817168, -0.00750597,  0.06325567],
       [ 0.13936146, -0.01462559,  0.03841698, -0.12794552,  0.08965986],
       [ 0.10911669, -0.0529245 , -0.10454379, -0.09455767,  0.10849733],
       [ 0.0604053 ,  0.01293508,  0.0360192 ,  0.03764073,  0.08436978],
       [ 0.0610589 ,  0.01425973,  0.04574441, -0.12831891, -0.0967708 ],
       [ 0.14674907, -0.02896773, -0.03683113,  0.02782217,  0.12387114],
       [ 0.01482981, -0.01566481,  0.0248098 , -0.19309114,  0.08096798],
       [-0.00303592,  0.03517859,  0.11583552, -0.0509015 ,  0.06416328],
       [ 0.13019182, -0.03204257, -0.09317119,  0.01782815, -0.09177456],
       [ 0.03098641,  0.02043963,  0.13278769, -0.14126859,  0.11072733],
       [-0.05249852,  0.01928249,  0.03203474, -0.03318303,  0.08451716],
       [ 0.18904832, -0.00410601,  0.03351559, -0.03464569, -0.08809719],
       [-0.04309619, -0.01758882, -0.04033891, -0.09149284,  0.12421763],
       [ 0.10772494, -0.03057858, -0.05491262, -0.07673988, -0.05562833],
       [-0.04705118,  0.05859706,  0.12906449,  0.05521361,  0.10449512],
       [ 0.19245249, -0.03517799, -0.02584946, -0.13435577, -0.09278672]])})
2026-01-20 11:00:37,047 - final_problem_set.kxor_instance_n17_k2_m116_ell2_eps0.2_kappa1.0_rho0.8 - INFO - Running key extraction (n=17, m=116, ell=2, phase_qubits=11)
2026-01-20 11:00:37,048 - final_problem_set.kxor_instance_n17_k2_m116_ell2_eps0.2_kappa1.0_rho0.8 - INFO - Built voting matrix V (n=17, ell=2, dtype=complex128) in 0.001s
2026-01-20 11:00:37,049 - final_problem_set.kxor_instance_n17_k2_m116_ell2_eps0.2_kappa1.0_rho0.8 - INFO - Eval: adv=0.7414, hamming=0/17 (0.000), corr=1.000
2026-01-20 11:00:37,049 - final_problem_set.kxor_instance_n17_k2_m116_ell2_eps0.2_kappa1.0_rho0.8 - INFO - Key extraction complete: x_hat=16
2026-01-20 11:00:37,049 - final_problem_set.kxor_instance_n17_k2_m116_ell2_eps0.2_kappa1.0_rho0.8 - INFO - Finished step 'KeyExtractionStep' in 0.002s (success: True, problem=kxor_instance_n17_k2_m116_ell2_eps0.2_kappa1.0_rho0.8)
2026-01-20 11:00:37,049 - final_problem_set.kxor_instance_n17_k2_m116_ell2_eps0.2_kappa1.0_rho0.8 - INFO - SUCCESS: len(z_hat)=17
2026-01-20 11:00:37,049 - final_problem_set.kxor_instance_n17_k2_m116_ell2_eps0.2_kappa1.0_rho0.8 - INFO - Metrics: adv=0.7413793103448276, ham_frac=0.0, corr=1.0
2026-01-20 11:00:37,049 - final_problem_set.kxor_instance_n17_k2_m116_ell2_eps0.2_kappa1.0_rho0.8 - INFO - z_hat (full): [-1,  1, -1, -1,  1,  1, -1, -1, -1, -1,  1,  1,  1,  1,  1, -1,  1]
