2026-01-20 11:00:36,626 - final_problem_set.kxor_instance_n16_k2_m222_ell2_eps0.2_kappa0.625_rho0.8 - INFO - Starting iteration for /Users/julian/CodingProjects/UniT3/QuarticSpeedupK-XOR/z_Daphne/data/final_problem_set/kxor_instance_n16_k2_m222_ell2_eps0.2_kappa0.625_rho0.8.npz
2026-01-20 11:00:36,627 - final_problem_set.kxor_instance_n16_k2_m222_ell2_eps0.2_kappa0.625_rho0.8 - INFO - Loaded instance (n=16, m=222, k=2)
2026-01-20 11:00:36,627 - final_problem_set.kxor_instance_n16_k2_m222_ell2_eps0.2_kappa0.625_rho0.8 - INFO - Starting step 'ComputeKikuchiStep' (version 0.1) on problem kxor_instance_n16_k2_m222_ell2_eps0.2_kappa0.625_rho0.8 (fields={'ell': 2, 'threshold': 0.0})
2026-01-20 11:00:36,647 - final_problem_set.kxor_instance_n16_k2_m222_ell2_eps0.2_kappa0.625_rho0.8 - INFO - Finished step 'ComputeKikuchiStep' in 0.020s (success: True, problem=kxor_instance_n16_k2_m222_ell2_eps0.2_kappa0.625_rho0.8)
2026-01-20 11:00:36,647 - final_problem_set.kxor_instance_n16_k2_m222_ell2_eps0.2_kappa0.625_rho0.8 - INFO - Starting step 'ClassicalEigenvaluesStep' (version 0.1) on problem kxor_instance_n16_k2_m222_ell2_eps0.2_kappa0.625_rho0.8 (fields={'ell': 2, 'threshold': 0.0, 'kikuchi_matrix': <Dictionary Of Keys sparse matrix of dtype 'int64'
	with 2744 stored elements and shape (120, 120)>, 'num_eigenvalues': 5})
2026-01-20 11:00:36,697 - final_problem_set.kxor_instance_n16_k2_m222_ell2_eps0.2_kappa0.625_rho0.8 - INFO - Finished step 'ClassicalEigenvaluesStep' in 0.049s (success: True, problem=kxor_instance_n16_k2_m222_ell2_eps0.2_kappa0.625_rho0.8)
2026-01-20 11:00:36,697 - final_problem_set.kxor_instance_n16_k2_m222_ell2_eps0.2_kappa0.625_rho0.8 - INFO - Starting step 'KeyExtractionStep' (version 0.1) on problem kxor_instance_n16_k2_m222_ell2_eps0.2_kappa0.625_rho0.8 (fields={'ell': 2, 'threshold': 0.0, 'kikuchi_matrix': <Dictionary Of Keys sparse matrix of dtype 'int64'
	with 2744 stored elements and shape (120, 120)>, 'num_eigenvalues': 5, 'eigenvalues': array([10.16270787, 11.2561353 , 11.80078834, 13.53789533, 21.16226784]), 'eigenvectors': array([[ 0.08800597, -0.09318767,  0.07375349,  0.14800988,  0.07460541],
       [ 0.07845571, -0.16304012,  0.00099226,  0.13138819,  0.0823537 ],
       [ 0.05314883, -0.11639954, -0.03715545,  0.16866858,  0.07259564],
       [ 0.08237601, -0.01062612,  0.00466855,  0.07243223,  0.08428966],
       [ 0.16060199, -0.15194726,  0.03261067,  0.0961966 ,  0.07590145],
       [ 0.06986707, -0.12712007,  0.05867915,  0.16370242,  0.08601226],
       [-0.14807285,  0.04908748, -0.05051325, -0.0815548 , -0.07651919],
       [ 0.00070901, -0.17712344,  0.03604938,  0.14519351,  0.07858675],
       [-0.00844581,  0.1173914 , -0.01890963, -0.1177352 , -0.08883194],
       [ 0.01767848,  0.01864694, -0.00247725,  0.17259858,  0.05712525],
       [-0.04803036, -0.13592127,  0.02889425,  0.14011758,  0.07962225],
       [ 0.00800746, -0.08865927,  0.18468433,  0.02780283,  0.05606479],
       [ 0.05877658, -0.16426008, -0.01644579,  0.11547069,  0.07726765],
       [-0.0034179 , -0.12510906,  0.06302038,  0.15755635,  0.07473511],
       [-0.00663061,  0.13980109,  0.07197902,  0.0352177 , -0.05462917],
       [-0.08968227,  0.0108531 , -0.02611018, -0.02201139, -0.10825662],
       [-0.06157335, -0.02649624,  0.03051569, -0.09292178, -0.09750679],
       [-0.06843518, -0.15009661, -0.02440904,  0.04095826, -0.0928373 ],
       [-0.20031766,  0.01893657, -0.06205372,  0.00747791, -0.09835136],
       [-0.07624538, -0.0514058 , -0.10074538, -0.05648515, -0.11346639],
       [ 0.15101837,  0.10640813,  0.07570097, -0.02299947,  0.09076506],
       [ 0.01365183,  0.03333155, -0.06956794, -0.04692562, -0.10525927],
       [-0.00391195,  0.06965792,  0.05090404, -0.00274927,  0.11518794],
       [-0.0076605 , -0.16303184, -0.0125222 , -0.13198049, -0.07538243],
       [ 0.08171163, -0.02084448, -0.06019124, -0.04112476, -0.10489668],
       [ 0.00799917, -0.01433439, -0.22690008,  0.05801741, -0.06539414],
       [-0.07296638,  0.0342627 , -0.00031398, -0.01432914, -0.1098292 ],
       [ 0.02402652, -0.02467346, -0.10325694, -0.07235758, -0.09986232],
       [-0.00628947, -0.03848241, -0.07003297, -0.13491427,  0.06496017],
       [-0.04248159,  0.04723561,  0.14445672, -0.05864569, -0.1056168 ],
       [-0.05285431, -0.09633788,  0.06679148,  0.08833046, -0.10045797],
       [-0.19673627,  0.10036407,  0.03104988,  0.05506165, -0.10608753],
       [-0.05443197,  0.03763733,  0.01343913, -0.00623861, -0.12442779],
       [ 0.14529193,  0.04951028, -0.00634032, -0.06693355,  0.09838315],
       [ 0.04369345,  0.12337097,  0.03533632, -0.00250765, -0.11457862],
       [-0.0309231 , -0.01791182, -0.06247681, -0.05265698,  0.11518982],
       [ 0.00781607, -0.13348164,  0.082166  , -0.1225578 , -0.09031831],
       [ 0.11972293,  0.06169939,  0.0452832 ,  0.00364607, -0.11421227],
       [ 0.02131495,  0.04574333, -0.20387877,  0.10519389, -0.07759335],
       [-0.04298677,  0.11376471,  0.1056702 ,  0.03304994, -0.10864175],
       [ 0.05526051,  0.05378469, -0.00776462, -0.0327608 , -0.10939816],
       [-0.02516441, -0.08433899, -0.12692619, -0.16600471,  0.0618852 ],
       [-0.03289037, -0.11868187,  0.11214116,  0.01155783, -0.09167721],
       [-0.16026778,  0.05167628,  0.08482047, -0.02381134, -0.09707203],
       [-0.02645153, -0.01009493,  0.0770751 , -0.09357842, -0.1119283 ],
       [ 0.1331521 ,  0.08654426, -0.066606  ,  0.00756103,  0.09734247],
       [ 0.06112111,  0.07169902,  0.09202733, -0.08111155, -0.10300978],
       [-0.04687194,  0.02270523, -0.11751045,  0.032742  ,  0.10460206],
       [ 0.0188707 , -0.13287277,  0.10236661, -0.15297179, -0.07318115],
       [ 0.12804193,  0.0178259 ,  0.1003737 , -0.07516308, -0.10265501],
       [ 0.03549492,  0.00924738, -0.14817085,  0.03596062, -0.07742429],
       [-0.02015106,  0.06227247,  0.15591082, -0.04662558, -0.09862951],
       [ 0.06712219,  0.01066893,  0.04818553, -0.10391628, -0.09842136],
       [-0.03179608, -0.05880742, -0.17115682, -0.11051583,  0.06332174],
       [-0.15585779, -0.07514379,  0.02378862,  0.10194163, -0.09051708],
       [-0.03895387, -0.1596187 ,  0.00723773,  0.0656034 , -0.10618677],
       [ 0.10757671,  0.18122518, -0.00373314, -0.10753912,  0.08243076],
       [ 0.0484316 , -0.07886727,  0.0277787 ,  0.06800851, -0.10674952],
       [-0.0313488 ,  0.15968732, -0.04724342, -0.10823494,  0.09713451],
       [ 0.01137567, -0.22171057,  0.05367682, -0.05004351, -0.07240038],
       [ 0.10084161, -0.12117182,  0.03279811,  0.06646844, -0.09782731],
       [ 0.02661222, -0.06964296, -0.15774051,  0.11576044, -0.06078121],
       [-0.03061744, -0.07058429,  0.08235317,  0.08759586, -0.09385541],
       [ 0.05930693, -0.13490213, -0.01244296,  0.03643899, -0.10193848],
       [-0.02784916,  0.01855564, -0.10382684, -0.16941222,  0.0522157 ],
       [-0.1935501 ,  0.04425233, -0.03524984,  0.026801  , -0.11273508],
       [ 0.23416762,  0.03473074,  0.02861153, -0.0819302 ,  0.0886222 ],
       [-0.09330343,  0.11775385, -0.01180727,  0.02711944, -0.10410775],
       [ 0.10468521, -0.02599307, -0.01200109, -0.07528428,  0.10442874],
       [-0.10272136, -0.11354293,  0.03398094, -0.08622042, -0.0831783 ],
       [-0.02626972,  0.0736347 , -0.00321482,  0.03588948, -0.1126696 ],
       [-0.0486587 ,  0.04004292, -0.19218156,  0.10152828, -0.06440155],
       [-0.16124438,  0.11120376,  0.05088853,  0.0575988 , -0.09905731],
       [-0.08756063,  0.06518033, -0.05439061, -0.00176391, -0.107977  ],
       [ 0.03645832, -0.08096015, -0.09239684, -0.16176991,  0.05622832],
       [ 0.13866546,  0.10795223,  0.0553408 , -0.04353349,  0.10380596],
       [ 0.0677454 ,  0.06405009, -0.04019549, -0.03710678, -0.12099803],
       [-0.0540386 ,  0.04886877,  0.01065415, -0.02191086,  0.12181337],
       [ 0.02462281, -0.17817323,  0.01605717, -0.1447025 , -0.08681795],
       [ 0.14939939, -0.00146658, -0.02912079, -0.03022323, -0.12055411],
       [ 0.03637523, -0.00234146, -0.24607097,  0.08082355, -0.0748694 ],
       [-0.0263357 ,  0.0578491 ,  0.04034646,  0.0031735 , -0.11604432],
       [ 0.07727619, -0.00707191, -0.08285884, -0.06844122, -0.11473599],
       [-0.0381912 , -0.05842019, -0.1059523 , -0.16905636,  0.07380559],
       [ 0.05585844,  0.02807866,  0.03615482, -0.04574526,  0.10447877],
       [-0.060074  , -0.11215347, -0.01030437,  0.08619105, -0.09567092],
       [ 0.05321475,  0.1866521 , -0.01341734,  0.06101212,  0.07092946],
       [-0.0167434 ,  0.0841809 ,  0.02665689, -0.05119409,  0.10400887],
       [ 0.02309548,  0.04200053,  0.18625012, -0.10206345,  0.05886211],
       [ 0.11610137,  0.02811563, -0.0262944 , -0.06778257,  0.0919701 ],
       [ 0.03932339,  0.07529163,  0.06271794, -0.01559977,  0.09188379],
       [-0.01307998,  0.00372045,  0.07342173,  0.15601118, -0.05225592],
       [-0.13745554, -0.04204137, -0.01278958, -0.02264627,  0.11237479],
       [ 0.08446963, -0.1041868 ,  0.0326573 , -0.12788893, -0.08122524],
       [ 0.22183755,  0.08477465, -0.00318417, -0.0244647 , -0.11046515],
       [ 0.08045272,  0.04522015, -0.21226801,  0.07651481, -0.06996285],
       [ 0.06084072,  0.13387112,  0.05750738,  0.00564401, -0.10692073],
       [ 0.15337179,  0.07704673, -0.05289452, -0.05832776, -0.10566296],
       [-0.07403167, -0.09104294, -0.10402468, -0.14800734,  0.06214868],
       [-0.07586891,  0.17381268, -0.05120455,  0.09313655,  0.08214034],
       [-0.21074013,  0.01699408, -0.02242281, -0.02857711,  0.11185762],
       [-0.07595213,  0.01138067,  0.19731261, -0.10714778,  0.06957048],
       [-0.05010711, -0.0378799 , -0.08273622, -0.05610014,  0.10669302],
       [-0.14398233,  0.02038974,  0.02795278,  0.00804766,  0.10725563],
       [ 0.07082154,  0.04015941,  0.11548096,  0.17418585, -0.06022632],
       [ 0.13604415, -0.14327494,  0.03886558, -0.12298066, -0.08029029],
       [ 0.06118201, -0.11657643, -0.15323934, -0.02049088, -0.05972976],
       [ 0.02452537, -0.10758614,  0.09665068, -0.10749472, -0.08450353],
       [ 0.08764714, -0.1387787 ,  0.0009488 , -0.14122144, -0.07603415],
       [-0.05736033,  0.05982025, -0.12363326, -0.0462609 ,  0.05473537],
       [ 0.12014001,  0.0128535 , -0.20577387,  0.07933841, -0.06974216],
       [ 0.13018462,  0.07741146,  0.06646493,  0.01121383, -0.10658849],
       [ 0.22456985,  0.01833538, -0.04284525, -0.0519481 , -0.10525661],
       [-0.10759853, -0.06339001, -0.10790835, -0.14993274,  0.06187077],
       [ 0.03444717,  0.05689092, -0.17285289,  0.10272624, -0.07261034],
       [ 0.08296368,  0.00873518, -0.22251869,  0.05434986, -0.06671974],
       [-0.05067327, -0.04692454,  0.05342534, -0.1533621 ,  0.04059135],
       [ 0.0703662 ,  0.06921938,  0.01675961, -0.02244317, -0.1021906 ],
       [-0.03331963, -0.08748602, -0.12825508, -0.15609401,  0.05746852],
       [-0.09490031, -0.06391233, -0.081619  , -0.13111995,  0.06562117]])})
2026-01-20 11:00:36,698 - final_problem_set.kxor_instance_n16_k2_m222_ell2_eps0.2_kappa0.625_rho0.8 - INFO - Running key extraction (n=16, m=222, ell=2, phase_qubits=12)
2026-01-20 11:00:36,699 - final_problem_set.kxor_instance_n16_k2_m222_ell2_eps0.2_kappa0.625_rho0.8 - INFO - Built voting matrix V (n=16, ell=2, dtype=complex128) in 0.001s
2026-01-20 11:00:36,699 - final_problem_set.kxor_instance_n16_k2_m222_ell2_eps0.2_kappa0.625_rho0.8 - INFO - Eval: adv=0.8919, hamming=0/16 (0.000), corr=1.000
2026-01-20 11:00:36,699 - final_problem_set.kxor_instance_n16_k2_m222_ell2_eps0.2_kappa0.625_rho0.8 - INFO - Key extraction complete: x_hat=6
2026-01-20 11:00:36,699 - final_problem_set.kxor_instance_n16_k2_m222_ell2_eps0.2_kappa0.625_rho0.8 - INFO - Finished step 'KeyExtractionStep' in 0.002s (success: True, problem=kxor_instance_n16_k2_m222_ell2_eps0.2_kappa0.625_rho0.8)
2026-01-20 11:00:36,699 - final_problem_set.kxor_instance_n16_k2_m222_ell2_eps0.2_kappa0.625_rho0.8 - INFO - SUCCESS: len(z_hat)=16
2026-01-20 11:00:36,699 - final_problem_set.kxor_instance_n16_k2_m222_ell2_eps0.2_kappa0.625_rho0.8 - INFO - Metrics: adv=0.8918918918918919, ham_frac=0.0, corr=1.0
2026-01-20 11:00:36,699 - final_problem_set.kxor_instance_n16_k2_m222_ell2_eps0.2_kappa0.625_rho0.8 - INFO - z_hat (full): [ 1, -1, -1, -1, -1, -1, -1,  1, -1,  1, -1, -1, -1, -1, -1,  1]
