2026-01-20 11:01:20,533 - final_problem_set.kxor_instance_n23_k2_m174_ell2_eps0.2_kappa1.0_rho1.0 - INFO - Starting iteration for /Users/julian/CodingProjects/UniT3/QuarticSpeedupK-XOR/z_Daphne/data/final_problem_set/kxor_instance_n23_k2_m174_ell2_eps0.2_kappa1.0_rho1.0.npz
2026-01-20 11:01:20,534 - final_problem_set.kxor_instance_n23_k2_m174_ell2_eps0.2_kappa1.0_rho1.0 - INFO - Loaded instance (n=23, m=174, k=2)
2026-01-20 11:01:20,534 - final_problem_set.kxor_instance_n23_k2_m174_ell2_eps0.2_kappa1.0_rho1.0 - INFO - Starting step 'ComputeKikuchiStep' (version 0.1) on problem kxor_instance_n23_k2_m174_ell2_eps0.2_kappa1.0_rho1.0 (fields={'ell': 2, 'threshold': 0.0})
2026-01-20 11:01:20,561 - final_problem_set.kxor_instance_n23_k2_m174_ell2_eps0.2_kappa1.0_rho1.0 - INFO - Finished step 'ComputeKikuchiStep' in 0.027s (success: True, problem=kxor_instance_n23_k2_m174_ell2_eps0.2_kappa1.0_rho1.0)
2026-01-20 11:01:20,561 - final_problem_set.kxor_instance_n23_k2_m174_ell2_eps0.2_kappa1.0_rho1.0 - INFO - Starting step 'ClassicalEigenvaluesStep' (version 0.1) on problem kxor_instance_n23_k2_m174_ell2_eps0.2_kappa1.0_rho1.0 (fields={'ell': 2, 'threshold': 0.0, 'kikuchi_matrix': <Dictionary Of Keys sparse matrix of dtype 'int64'
	with 5166 stored elements and shape (253, 253)>, 'num_eigenvalues': 5})
2026-01-20 11:01:20,657 - final_problem_set.kxor_instance_n23_k2_m174_ell2_eps0.2_kappa1.0_rho1.0 - INFO - Finished step 'ClassicalEigenvaluesStep' in 0.096s (success: True, problem=kxor_instance_n23_k2_m174_ell2_eps0.2_kappa1.0_rho1.0)
2026-01-20 11:01:20,657 - final_problem_set.kxor_instance_n23_k2_m174_ell2_eps0.2_kappa1.0_rho1.0 - INFO - Starting step 'KeyExtractionStep' (version 0.1) on problem kxor_instance_n23_k2_m174_ell2_eps0.2_kappa1.0_rho1.0 (fields={'ell': 2, 'threshold': 0.0, 'kikuchi_matrix': <Dictionary Of Keys sparse matrix of dtype 'int64'
	with 5166 stored elements and shape (253, 253)>, 'num_eigenvalues': 5, 'eigenvalues': array([12.27139705, 12.69174173, 13.1866516 , 13.75303004, 21.36152623]), 'eigenvectors': array([[-3.19500216e-02,  5.71043875e-02,  9.85654764e-03,  6.36325328e-02,  6.50659011e-02],
       [ 4.48630426e-02, -8.67285098e-02, -5.14633744e-03, -1.19827895e-02, -5.85861377e-02],
       [ 5.72043837e-02, -2.73868440e-02, -2.83616906e-03, -4.37093405e-02, -7.11998080e-02],
       [ 3.41250895e-03,  6.47823798e-02,  1.84302674e-02,  8.53140597e-02,  6.58726113e-02],
       [-2.07026941e-03,  5.88621064e-02,  9.72830559e-02, -3.17086148e-03,  5.93307669e-02],
       [-8.11421339e-02,  8.41575964e-03, -5.01581939e-02, -7.64065195e-03, -6.16107743e-02],
       [ 1.30400967e-02, -5.64176129e-02, -5.74467249e-02, -8.38718319e-02, -7.76404955e-02],
       [-3.82682243e-02, -2.19472132e-02, -7.71508336e-02, -1.68791353e-02,  4.38752981e-02],
       [ 8.66650928e-02, -2.30602502e-03, -4.69651510e-02,  3.48248514e-02,  4.93364659e-02],
       [ 5.06772496e-02, -2.86052336e-03, -2.09526350e-02, -5.46678409e-02,  5.08324309e-02],
       [-2.26108518e-02, -1.09523956e-02, -3.18445456e-02, -4.96507400e-02, -7.53759108e-02],
       [ 2.68116405e-02,  5.03536704e-02,  7.89970749e-02, -3.21474122e-02,  5.86727007e-02],
       [-3.20319836e-03,  8.96986506e-03, -1.34567954e-02, -1.03419919e-01, -6.20580398e-02],
       [-3.24858663e-02, -3.78221365e-02, -7.21927178e-02, -6.41702136e-02, -8.77510620e-02],
       [-9.79262805e-03,  1.12926174e-02,  5.95039680e-02,  4.05523670e-02,  5.05311701e-02],
       [ 2.81550717e-02,  2.59696124e-03, -1.06038612e-01, -2.14910278e-02, -6.23772943e-02],
       [-1.91441333e-02,  1.32509644e-03, -5.16428777e-02,  4.63195701e-02, -5.83489320e-02],
       [ 8.99085484e-02,  1.09588221e-01, -1.17648009e-02, -2.22392862e-02, -3.26226671e-02],
       [-3.78020250e-02, -7.47692008e-03, -3.34531178e-02, -9.66942432e-02, -4.07432156e-02],
       [ 1.60455688e-02, -4.70316510e-02,  6.84506397e-02,  8.42097532e-02,  5.18664278e-02],
       [ 6.60897314e-02, -6.70017283e-02, -7.31254181e-02, -2.09317403e-02, -6.08132467e-02],
       [-1.55044218e-02, -5.01899460e-02,  8.20985196e-02, -4.04447182e-02,  4.86754059e-02],
       [-8.63516905e-02,  1.24635899e-01, -7.58434738e-02,  2.98292364e-03,  6.87279629e-02],
       [-1.08725512e-01,  5.64521731e-02, -1.01261112e-01,  3.92955520e-02,  8.30628536e-02],
       [ 3.36772611e-02, -9.07781994e-02,  6.70446804e-02, -8.08816561e-02, -7.24943669e-02],
       [ 4.36193950e-02, -1.05253517e-01, -3.74163636e-02,  1.78067858e-02, -7.78628100e-02],
       [ 6.42094379e-02,  1.19410272e-02, -2.75743525e-02, -1.53130046e-03,  7.49849902e-02],
       [-5.77645307e-02,  8.46992414e-02, -4.31292194e-02,  7.94317922e-02,  8.63451478e-02],
       [ 6.38622246e-02,  1.30218804e-02,  1.41761734e-01,  2.76518584e-02, -4.72608344e-02],
       [-7.22148198e-02, -1.51424256e-02,  1.27014565e-01, -3.18935112e-02, -5.73645956e-02],
       [-3.01618791e-02, -1.74836958e-02,  1.00716554e-01,  7.36438107e-02, -6.10607950e-02],
       [-1.88664609e-02,  3.56397562e-02, -6.57199331e-02,  4.58008911e-02,  8.40293720e-02],
       [ 4.90516129e-03, -8.49789990e-02, -8.35357072e-03,  4.92690441e-02, -7.14419152e-02],
       [-2.79109563e-02,  5.97306367e-03, -6.88074612e-02,  1.03423046e-01,  6.78924044e-02],
       [-1.55564958e-02,  7.85866324e-02, -4.91981853e-02,  6.36852804e-02,  1.06611729e-01],
       [ 4.13502001e-02, -2.87520765e-02, -5.48311175e-04, -4.32961078e-02, -6.06212741e-02],
       [-8.37101867e-02,  1.83889155e-02,  4.61722015e-02,  1.76771857e-02,  8.18460120e-02],
       [-1.39144268e-02,  2.21700963e-02, -2.31373651e-02, -6.69920101e-02,  7.09799469e-02],
       [-1.29442412e-01, -1.22992958e-01, -2.97311357e-02,  2.31543300e-02,  3.94504645e-02],
       [ 2.28174324e-02,  2.45603575e-02, -1.87009099e-02,  1.23653247e-01,  5.25918070e-02],
       [ 1.33812430e-02,  4.68678470e-02, -1.14257134e-02, -1.09523406e-01, -6.82829602e-02],
       [-1.04642374e-01,  9.19526127e-02, -9.68588817e-04,  1.03376182e-02,  6.73534157e-02],
       [ 5.04994922e-02,  4.28792126e-02, -2.97048163e-02,  5.74423464e-02, -5.92590024e-02],
       [ 1.19497674e-01, -1.00092400e-01,  8.95319050e-02,  2.24150220e-02, -7.42179536e-02],
       [-4.95502733e-02,  1.20884624e-01, -6.28424218e-02,  2.07747067e-02,  6.46930169e-02],
       [-5.19698429e-02,  1.18622428e-01,  2.32205187e-02, -6.08284345e-02,  6.32859836e-02],
       [-3.93175495e-02, -5.86690996e-02,  3.11903924e-02,  5.39101260e-02, -7.20805884e-02],
       [ 7.54684632e-02, -1.25128510e-01,  4.30400825e-02, -9.64577185e-03, -7.72484325e-02],
       [-6.79914571e-02,  1.45217529e-02, -1.20930027e-01, -5.16105441e-02,  4.14494552e-02],
       [ 4.79883482e-02,  4.83702238e-02, -1.12537570e-01, -1.10538654e-02,  5.18555506e-02],
       [ 1.13968758e-02,  4.19965627e-02, -7.82575140e-02, -9.37383081e-02,  4.97510619e-02],
       [ 4.04993745e-02, -8.16985432e-02,  5.97713780e-02,  1.81265201e-02, -7.51774207e-02],
       [-2.07721501e-02,  9.98153170e-02,  3.95965689e-03, -7.98156054e-02,  5.81153248e-02],
       [ 4.85549920e-02, -5.20779196e-02,  7.18001897e-02, -4.97152119e-02, -6.69475894e-02],
       [ 4.48420319e-02, -1.45336249e-01,  5.07167915e-02,  1.93608621e-02, -1.03304600e-01],
       [-6.16772653e-02,  6.98893090e-02, -3.36857828e-03, -3.12555563e-03,  5.89680547e-02],
       [ 9.55178267e-02, -6.23190124e-02, -3.41746078e-02,  4.01559075e-02, -7.18967552e-02],
       [ 3.19861274e-02, -5.95836451e-02,  2.29644778e-02,  1.03868067e-01, -6.21958586e-02],
       [ 1.24909502e-01,  8.49418757e-02,  2.73366117e-02,  5.60838181e-03, -3.52587332e-02],
       [-5.59463458e-03, -5.37311658e-02,  1.85451283e-02, -7.20627491e-02, -4.78314773e-02],
       [-3.04775853e-02, -6.13104463e-04,  7.94776682e-03,  4.93049038e-02,  6.24967727e-02],
       [ 1.08177793e-01, -1.15499017e-01,  7.10069680e-03,  3.35541550e-02, -5.94835222e-02],
       [-6.06218941e-02, -4.34844671e-03,  2.31063894e-02, -8.86147189e-02,  5.20398607e-02],
       [-6.37909210e-02,  5.97403622e-02, -8.34175538e-02,  5.91360648e-02,  7.88949029e-02],
       [-7.77749299e-02,  7.03219721e-02,  2.90990750e-02, -5.02141025e-02,  8.45582978e-02],
       [-4.60362403e-02,  3.09146696e-02,  4.46489217e-02,  3.17984750e-02, -8.78850276e-02],
       [ 9.62080197e-02, -4.42592938e-02,  5.87153877e-02, -5.19789422e-02, -9.34937019e-02],
       [-8.18283935e-02, -3.46249227e-02, -1.54874479e-01, -4.40705727e-02,  4.99869998e-02],
       [ 5.71507127e-02, -1.62024735e-02, -1.44666540e-01,  1.21377379e-02,  6.24751779e-02],
       [ 1.55591368e-02, -1.42742943e-02, -1.02055594e-01, -9.46421375e-02,  6.02780404e-02],
       [ 5.03625602e-02,  8.23344796e-03,  8.32924310e-02, -1.58771339e-02, -9.19314845e-02],
       [-3.32030169e-02,  5.14118900e-02, -2.08828076e-04, -8.02771582e-02,  7.71925838e-02],
       [ 5.22376574e-02,  2.97562459e-02,  8.37474635e-02, -8.56129502e-02, -7.40424776e-02],
       [ 5.80701904e-02, -2.26844106e-02,  6.75832998e-02, -2.55239108e-02, -1.15906699e-01],
       [-6.65335293e-02, -7.86806590e-04, -6.75627204e-03,  2.37166793e-02,  6.58784142e-02],
       [ 1.21082145e-01,  2.45663728e-02, -3.74018028e-02,  1.32807750e-02, -8.80986125e-02],
       [ 3.37719002e-02,  1.44329848e-02,  2.69971188e-02,  9.07753353e-02, -7.04119427e-02],
       [ 1.36209513e-01,  1.46251461e-01,  2.83725320e-02, -8.81513945e-03, -3.78974944e-02],
       [-4.28462070e-03,  3.63067440e-03,  2.82572105e-02, -1.12266266e-01, -5.74053651e-02],
       [-3.82361000e-02, -8.94765308e-02,  2.62988454e-03,  9.01429063e-02,  7.45494400e-02],
       [ 1.39389668e-01, -6.48683600e-02,  9.90999152e-03,  1.51765440e-02, -7.30182435e-02],
       [-7.44757622e-02, -7.68677272e-02,  2.49128051e-02, -8.31846613e-02,  6.36119013e-02],
       [-2.66202700e-03, -9.00549754e-02, -4.11367869e-02, -3.25276616e-03, -6.69376605e-02],
       [ 1.10645357e-01,  1.65855642e-02, -1.51365966e-02,  2.05588992e-02,  7.56126916e-02],
       [-1.16473483e-02,  8.21200637e-02, -2.66378321e-02,  9.34891937e-02,  7.91049110e-02],
       [ 4.39775931e-02,  5.82505705e-03,  1.37661922e-01,  1.22344632e-02, -4.83694280e-02],
       [-8.82847029e-02, -1.17739664e-02,  9.78382268e-02, -3.59779859e-02, -4.91309197e-02],
       [-6.00913481e-02, -1.89460734e-02,  8.50037590e-02,  5.40157259e-02, -5.73897536e-02],
       [ 2.42731560e-02,  3.80759135e-02, -4.82241719e-02,  6.27447961e-02,  7.82088235e-02],
       [-3.52321069e-02, -8.31077299e-02, -1.75986324e-02,  2.66201735e-02, -6.67619962e-02],
       [ 5.24440918e-03,  1.00382113e-02, -5.12452717e-02,  1.09777537e-01,  6.31788341e-02],
       [ 4.17076438e-02,  7.90694952e-02, -2.78309278e-02,  8.69057453e-02,  9.87328551e-02],
       [ 1.06008167e-02, -3.68864907e-02, -1.00233812e-02, -6.45637183e-02, -6.21741519e-02],
       [-2.96574110e-02,  1.87927687e-02,  4.79752029e-02,  3.40942286e-02,  6.98539339e-02],
       [ 2.67688576e-02,  2.26826356e-02, -1.38625423e-02, -4.39949253e-02,  6.58423300e-02],
       [-1.00814807e-01, -1.12094251e-01, -2.40783703e-02,  3.10102385e-02,  3.66484332e-02],
       [ 4.36513621e-02,  2.01107733e-02, -4.75340832e-03,  1.13997591e-01,  4.45624403e-02],
       [-2.50023965e-02,  3.95800809e-02, -2.23342603e-02, -1.18884821e-01, -6.37183966e-02],
       [-7.15101885e-02,  1.00443433e-01,  6.53450234e-03,  3.13009457e-02,  6.74133993e-02],
       [ 1.40448274e-02,  3.73795095e-02, -3.51388917e-02,  3.76756106e-02, -5.54284383e-02],
       [ 8.72247534e-02,  1.84876931e-02,  7.69752114e-02, -6.47137615e-02,  6.70945153e-02],
       [-1.19119630e-02,  8.51437564e-02,  8.52907238e-02, -1.12763349e-02,  7.85404123e-02],
       [ 4.77838271e-02,  6.89690840e-04,  6.91359320e-02,  7.42073791e-02, -4.85484434e-02],
       [-9.26278198e-02, -1.95015749e-02,  3.00580458e-02,  2.83358748e-02, -5.32352812e-02],
       [-4.97440257e-02, -2.20695341e-02,  6.14710989e-03,  1.20244936e-01, -5.46404967e-02],
       [ 2.30437779e-02,  4.75872858e-02,  6.52971521e-02, -4.30824303e-02,  8.36876882e-02],
       [-2.54459353e-02, -6.98865565e-02, -9.21844769e-02,  9.43443450e-02, -5.78421644e-02],
       [ 4.02582574e-03,  1.62241462e-02,  4.07064399e-02,  3.14068857e-02,  6.85870391e-02],
       [ 3.57105474e-02,  8.14061264e-02,  1.15126650e-01, -4.73887479e-02,  9.63986654e-02],
       [ 1.46689057e-02, -4.00531841e-02, -9.59614291e-02,  1.94644441e-02, -6.08962347e-02],
       [-2.69734610e-02,  2.06140201e-02,  1.32695294e-01, -5.08927527e-02,  6.57177061e-02],
       [ 1.53666039e-02,  2.21288722e-02,  6.34502167e-02, -1.07355594e-01,  5.71740380e-02],
       [-9.92823039e-02, -1.05289414e-01,  2.47311295e-02, -1.52653471e-02,  3.61803194e-02],
       [ 4.81519854e-02,  2.71904776e-02,  6.42951289e-02,  5.90068988e-02,  4.87005230e-02],
       [-2.31702317e-02,  3.54650415e-02, -1.12771350e-01, -3.22025627e-02, -6.25323367e-02],
       [-6.29959054e-02,  8.74196733e-02,  8.52441693e-02, -4.86047042e-02,  6.02923625e-02],
       [ 1.46754052e-02,  3.18881199e-02, -9.08993211e-02,  8.99973963e-02, -4.78090854e-02],
       [-1.12823843e-01,  4.50884605e-03, -2.27194612e-02, -7.57181582e-03, -8.97001628e-02],
       [ 1.75546508e-02, -5.77215381e-02, -1.09771737e-01, -6.36377901e-02,  4.90671351e-02],
       [ 1.47512260e-01, -3.74225154e-02, -6.95991940e-02, -1.18243724e-02,  4.98324986e-02],
       [ 1.08817498e-01, -3.70491876e-02, -4.80910368e-02, -9.91084985e-02,  5.17138722e-02],
       [-1.29652834e-01,  4.79368817e-02,  4.46279265e-03,  2.40692307e-02, -7.93857254e-02],
       [ 1.03588877e-01,  6.47522744e-03,  5.08239878e-02, -8.62428961e-02,  6.06957543e-02],
       [-9.08296395e-02,  5.78207132e-02,  1.65560433e-02, -4.21554341e-02, -6.53976422e-02],
       [-1.80436425e-01,  3.85071922e-02, -3.29065290e-02,  2.65785611e-02, -9.93858186e-02],
       [ 7.53886436e-02, -3.42288289e-02,  4.39835008e-02, -7.12086578e-03,  6.23002305e-02],
       [-7.33196672e-02,  6.40689776e-02, -9.67668589e-02,  4.48291345e-02, -7.56367678e-02],
       [-9.42627834e-02,  4.48508456e-02, -2.20684323e-02,  9.78649517e-02, -6.01906575e-02],
       [ 5.11387918e-02,  1.51297171e-01,  3.71095820e-03,  9.96055149e-03, -3.71907197e-02],
       [-1.21453390e-01,  2.97683162e-02, -2.14733513e-02, -7.08419377e-02, -5.01217724e-02],
       [ 1.00222346e-01, -1.00832073e-01,  5.48218546e-02,  4.15647957e-02,  5.92964160e-02],
       [-2.23391432e-02, -2.37666844e-02, -4.62224709e-02,  4.46764441e-02, -6.95166083e-02],
       [ 4.37241043e-02, -8.60704865e-02,  6.07764792e-02, -8.35620364e-02,  4.97110525e-02],
       [-6.48444135e-02, -2.21407107e-02, -1.39646432e-01, -2.41455817e-02,  5.79750500e-02],
       [ 9.79560383e-02, -1.80743778e-03, -9.47016560e-02,  3.27814090e-02,  5.89680561e-02],
       [ 5.65745034e-02,  3.80286552e-03, -7.02157050e-02, -7.55951148e-02,  6.79428801e-02],
       [-1.25766189e-02, -2.28214821e-02,  1.96427175e-02, -6.25559254e-02, -1.01124211e-01],
       [ 2.60631115e-02,  7.51586668e-02,  5.66777969e-02, -4.56893289e-02,  7.86818141e-02],
       [ 6.69899939e-03,  9.11064427e-03,  2.94353748e-02, -1.15944568e-01, -7.44234221e-02],
       [-2.69795162e-02, -5.92261210e-02, -2.24347416e-02, -7.88679721e-02, -1.16900492e-01],
       [-2.46354208e-02,  1.96022150e-02,  4.12748452e-02,  5.32380081e-02,  6.77704258e-02],
       [ 5.08371630e-02,  9.71467232e-04, -9.44888930e-02, -2.39676931e-02, -8.21769914e-02],
       [-1.47064781e-02, -2.17287075e-03, -1.82023277e-02,  6.34882054e-02, -7.16114444e-02],
       [ 1.28788540e-01,  1.43707369e-01,  9.79874894e-03, -2.75228647e-02, -4.31701753e-02],
       [-4.39132024e-02, -1.11819292e-02, -1.60171671e-02, -1.26309108e-01, -5.29535555e-02],
       [ 1.44555498e-02, -6.39510124e-02,  5.57374326e-02,  1.12314649e-01,  6.95090799e-02],
       [ 9.08812187e-02, -8.53876769e-02, -4.09258157e-02, -1.75586385e-02, -7.33906966e-02],
       [-2.85876876e-02, -6.28345694e-02,  7.04158363e-02, -5.58568277e-02,  6.51086991e-02],
       [-2.05134372e-02,  3.28241580e-02,  1.23504635e-01,  2.33220193e-02, -3.26552725e-02],
       [ 7.28079955e-04,  3.30143953e-02,  1.07552826e-01,  7.64328838e-02, -3.31732051e-02],
       [-3.56197704e-02, -4.81771115e-02, -1.36583732e-01, -4.36458318e-02,  5.03999137e-02],
       [ 2.37173881e-02,  8.45604659e-03,  7.58023098e-02,  8.52810849e-02, -4.33812456e-02],
       [-3.79627097e-02, -5.57683007e-02, -1.33401349e-01,  7.22279094e-03,  4.59929029e-02],
       [-4.07696353e-02, -4.75554680e-02, -1.69075408e-01, -5.43780832e-02,  7.16732487e-02],
       [ 4.51862582e-02,  3.53308280e-02,  7.85935336e-02,  2.59836834e-02, -4.08294671e-02],
       [-7.13900506e-02, -5.41022934e-02, -6.83668594e-02, -5.59661626e-02,  5.05193158e-02],
       [-2.56971002e-02, -3.78049951e-02, -8.48478315e-02, -8.15956782e-02,  3.94372922e-02],
       [-7.35228232e-02, -9.13042476e-02, -5.06439292e-02, -1.36366943e-02,  2.18189008e-02],
       [ 2.87736703e-04, -3.03348598e-02, -7.57074878e-02,  3.09995057e-02,  3.34808216e-02],
       [ 2.38064474e-02,  8.57809046e-02,  7.43174588e-02, -9.31518369e-03, -4.30593574e-02],
       [-8.98611066e-02,  7.67966751e-04, -8.82490037e-02, -5.34253318e-02,  4.52686640e-02],
       [ 4.55477519e-02,  6.86855462e-02,  4.71783849e-02,  7.82889533e-02, -3.54277993e-02],
       [-9.42078868e-02,  2.30500042e-02,  9.47399540e-02,  5.17257294e-02, -3.78288570e-02],
       [ 1.15495936e-01, -3.03138027e-02, -1.05061909e-01,  1.40300367e-02,  5.68470274e-02],
       [-1.05557730e-01, -1.07296617e-02,  4.38387754e-02,  4.60737508e-02, -4.85259410e-02],
       [ 8.18744823e-02, -3.80723845e-02, -9.44527982e-02,  5.18551151e-02,  4.60314465e-02],
       [ 1.58812258e-01, -2.22240506e-02, -1.14031446e-01,  1.98847793e-02,  7.11469359e-02],
       [-7.27880041e-02,  2.18127223e-02,  5.05300988e-02, -2.05466928e-02, -4.57423769e-02],
       [ 7.40786472e-02, -4.38574969e-02, -2.62297472e-02, -5.70896207e-03,  5.55861033e-02],
       [ 9.79664522e-02, -3.21707231e-02, -6.38877191e-02, -5.63277069e-02,  4.75671456e-02],
       [-2.69480721e-02, -1.08168801e-01, -4.70109229e-02,  7.54942662e-03,  2.69772219e-02],
       [ 9.88406070e-02, -2.01147025e-02, -4.96638519e-02,  7.00964518e-02,  3.54039598e-02],
       [-9.92647991e-02,  7.84289008e-02,  4.04078024e-02, -5.87906893e-02, -4.62431085e-02],
       [ 3.44020656e-02,  2.29453986e-02, -5.70554740e-02, -7.60163032e-03,  5.06939456e-02],
       [-5.47339916e-02,  6.68058766e-02,  1.89299404e-02,  4.83289379e-02, -4.01083729e-02],
       [ 8.19353559e-02, -3.30040653e-02, -8.52855809e-02, -9.61818750e-02,  6.44172606e-02],
       [-5.84949831e-02, -8.16164447e-03,  2.02697786e-02,  1.16687647e-01, -4.55385677e-02],
       [ 5.61400991e-02, -4.35013658e-02, -8.34307908e-02, -2.82861373e-02,  5.38179626e-02],
       [ 1.02996469e-01, -2.01747140e-02, -7.87272490e-02, -1.16857140e-01,  7.54602926e-02],
       [-3.83080608e-02,  2.06333147e-02,  2.78591062e-02,  6.18456024e-02, -4.76551932e-02],
       [ 2.99800067e-02, -4.14591287e-02, -1.00902631e-03, -1.03435579e-01,  5.81345088e-02],
       [ 5.19834738e-02, -2.50794101e-02, -3.69722613e-02, -1.21598304e-01,  4.43253481e-02],
       [-4.66955282e-02, -1.09931741e-01, -3.42493821e-02, -3.74688566e-02,  2.78904808e-02],
       [ 7.74335008e-02, -2.00702258e-02, -3.44772097e-02,  8.64263745e-03,  3.91339915e-02],
       [-6.70744043e-02,  8.23010717e-02,  1.79106043e-02,  2.35120952e-02, -4.99734702e-02],
       [-4.24937625e-03,  2.36587514e-02, -3.29499114e-02, -9.64249848e-02,  5.22259912e-02],
       [-1.94940052e-02,  5.76195197e-02,  3.72412219e-04,  1.04217434e-01, -3.79432232e-02],
       [ 5.04656401e-02,  2.79200716e-02,  3.06573183e-02, -6.98386272e-02,  6.98646372e-02],
       [-2.78999090e-02,  5.33593244e-02,  5.75959578e-02, -9.75104938e-02, -8.00728824e-02],
       [-7.88380630e-02,  9.47834788e-03,  1.48274489e-02, -3.10252984e-02, -1.14659637e-01],
       [ 4.53141458e-03, -1.54914339e-02,  1.90415427e-02,  2.76222785e-02,  6.49215511e-02],
       [ 1.42273201e-02,  4.21481209e-02, -6.80529758e-02,  7.66164833e-03, -8.05425769e-02],
       [-4.79198027e-02,  3.64134051e-02,  2.45781808e-03,  9.17848334e-02, -7.53199740e-02],
       [ 1.03005669e-01,  1.61083285e-01,  2.19470693e-02, -1.22332566e-02, -4.17361584e-02],
       [-6.47424800e-02,  1.59096896e-02, -1.01662275e-04, -1.05756715e-01, -5.21599955e-02],
       [ 4.19868437e-02, -9.71825960e-02,  3.24573985e-02,  8.49550661e-02,  6.74847715e-02],
       [ 6.26411974e-02, -5.00110288e-02, -1.90830805e-02,  8.23837358e-03, -7.91877709e-02],
       [-3.71726032e-03, -8.48868115e-02,  4.82115743e-02, -7.50396880e-02,  5.74303508e-02],
       [ 3.47369726e-02,  4.70003512e-03,  1.36380334e-02,  4.16966179e-04,  6.36859817e-02],
       [ 7.45968324e-02,  5.91448842e-02,  7.23208199e-02, -8.55942548e-02,  8.76424422e-02],
       [-1.12794214e-02, -2.34026586e-02, -6.05136562e-02,  3.94315056e-02, -5.14249914e-02],
       [ 3.03858894e-03,  9.70511498e-03,  1.02647979e-01, -7.58627422e-02,  6.10326312e-02],
       [ 3.56746476e-02,  1.17192027e-02,  4.26529768e-02, -1.20109575e-01,  5.23880444e-02],
       [-7.48855245e-02, -1.02952145e-01,  1.22221004e-02, -2.99185463e-02,  3.32564615e-02],
       [ 6.64929905e-02,  1.89086732e-02,  4.29055311e-02,  3.40546900e-02,  4.52540811e-02],
       [-4.83644772e-02,  4.21146945e-02, -8.22229630e-02, -2.39727878e-03, -5.71388212e-02],
       [-3.16353161e-02,  7.06931751e-02,  6.00013644e-02, -7.08836623e-02,  5.59105663e-02],
       [-5.17724286e-03,  3.75796805e-02, -7.81007588e-02,  1.11979156e-01, -4.65079477e-02],
       [-4.17717409e-02,  3.91756436e-02,  3.18616771e-02, -1.19154281e-01, -9.21818860e-02],
       [-6.14963047e-03, -3.42962635e-02,  4.24792746e-03,  8.31248375e-02,  5.82952402e-02],
       [ 2.56773839e-02,  6.22166090e-02, -4.76155278e-02, -6.28836057e-02, -7.13096543e-02],
       [-2.66220652e-02,  5.15201689e-02,  1.43600265e-02,  1.62303590e-02, -6.21653648e-02],
       [ 8.55716215e-02,  1.29272583e-01,  1.97082045e-02, -3.19226454e-02, -3.08927610e-02],
       [-4.20133216e-02,  2.41294184e-02,  8.50575623e-03, -1.20124461e-01, -4.17942045e-02],
       [ 2.18373970e-02, -9.13737987e-02,  1.54093217e-02,  1.17498029e-01,  5.46836323e-02],
       [ 5.59031961e-02, -1.76975867e-02, -3.79562129e-03, -4.84171412e-02, -5.91521310e-02],
       [-1.01338159e-02, -9.38127458e-02,  3.15057030e-02, -1.45710310e-02,  5.22901046e-02],
       [ 1.37031280e-02, -1.13299496e-03,  5.71764188e-02,  3.90402668e-02,  8.21650423e-02],
       [ 7.28066737e-03,  3.31791795e-02, -1.28380958e-01,  4.73980766e-03, -1.00449832e-01],
       [-6.24680900e-02,  2.35264142e-02, -3.00645595e-02,  1.07603668e-01, -8.68519211e-02],
       [ 1.28768782e-01,  1.97968543e-01,  7.58853632e-03, -1.67809651e-02, -5.38275234e-02],
       [-9.10640304e-02,  4.99216666e-03, -2.44107593e-02, -1.39221783e-01, -6.43718754e-02],
       [ 6.42700179e-02, -1.08297878e-01,  7.68709576e-02,  1.13494239e-01,  8.42261599e-02],
       [ 6.81263014e-02, -8.47097786e-02, -5.87278499e-02,  8.10820273e-03, -9.14473276e-02],
       [ 8.34477668e-03, -1.02244651e-01,  9.60528489e-02, -9.60596335e-02,  7.91259346e-02],
       [-4.35314092e-02, -2.81847749e-02,  1.03556890e-01,  6.70172976e-03,  6.26777905e-02],
       [ 7.81326863e-03, -2.33207767e-02,  4.16939410e-02, -5.68793418e-02,  5.47590354e-02],
       [-9.01140195e-02, -1.14616271e-01,  7.23548690e-03,  1.43402804e-02,  3.05940863e-02],
       [ 3.09695294e-02, -9.15252787e-03,  3.06755357e-02,  9.01896031e-02,  4.09810713e-02],
       [-7.27577798e-03,  6.47011033e-02, -5.91579212e-02, -6.78321180e-02, -4.86870905e-02],
       [-7.48234429e-02,  4.07963231e-02,  6.06649902e-02,  5.16655583e-03,  5.70303089e-02],
       [ 2.04499744e-02,  5.77657289e-02, -6.50187516e-02,  4.53220190e-02, -4.24730871e-02],
       [ 4.80716997e-03,  4.19423925e-02, -7.23849388e-02,  8.92743654e-02, -6.03874438e-02],
       [ 1.07353580e-01,  1.35787726e-01, -1.78154690e-02, -5.38768948e-04, -3.34430368e-02],
       [-2.62481158e-02,  2.71525202e-02, -6.93402756e-02, -8.21984626e-02, -4.98925417e-02],
       [-8.71652616e-04, -9.51871996e-02,  1.06528698e-01,  5.45826868e-02,  5.92879634e-02],
       [ 9.49848821e-02, -2.58869175e-02, -9.49433614e-02,  2.43273043e-02, -6.36391760e-02],
       [-3.05833906e-02, -8.21637930e-02,  9.85901709e-02, -7.52628118e-02,  4.96541765e-02],
       [ 7.44817051e-02,  1.26477840e-01,  1.03766536e-03,  3.44330662e-02, -3.18880925e-02],
       [-6.07010307e-02,  2.33797092e-02, -2.07410435e-02, -2.17456910e-02, -4.47410082e-02],
       [ 4.19186863e-02, -9.40792391e-02,  5.47448663e-02, -1.17398938e-02,  5.67643528e-02],
       [ 4.47281251e-02, -2.82495634e-02, -3.87075099e-02,  9.36828559e-02, -5.93691566e-02],
       [-1.93954577e-03, -6.72610857e-02,  5.08115887e-02, -1.06978769e-01,  4.29891364e-02],
       [ 4.56345810e-02,  9.29939620e-02,  1.68952551e-03, -4.68584964e-02, -2.45886447e-02],
       [-7.05666758e-02, -1.35377226e-01,  8.05564248e-03,  3.06976840e-02,  2.83866635e-02],
       [ 1.27596999e-01,  9.69147899e-02, -6.65812078e-03,  2.04183786e-03, -3.34604125e-02],
       [-6.96742250e-02, -1.13693400e-01,  1.41756393e-02, -2.43723352e-02,  2.43476788e-02],
       [ 4.85820225e-02, -4.98636658e-02,  3.46211162e-02,  1.09761366e-01,  3.78762892e-02],
       [ 6.66759082e-03, -3.12171456e-02, -3.56522325e-02, -7.57642484e-02, -4.63135904e-02],
       [ 2.60087634e-02, -5.60527308e-02,  4.95303645e-02,  1.66893065e-02,  3.75173738e-02],
       [-4.32579179e-02, -2.86663765e-02,  7.54510599e-02,  5.45391215e-02,  5.96115986e-02],
       [-5.40923844e-03,  1.20039221e-01, -8.36037917e-02,  1.18286478e-02, -4.67362920e-02],
       [-5.75106657e-02, -2.77144620e-02,  6.53587027e-02, -7.16786431e-02,  4.63510186e-02]])})
2026-01-20 11:01:20,659 - final_problem_set.kxor_instance_n23_k2_m174_ell2_eps0.2_kappa1.0_rho1.0 - INFO - Running key extraction (n=23, m=174, ell=2, phase_qubits=12)
2026-01-20 11:01:20,663 - final_problem_set.kxor_instance_n23_k2_m174_ell2_eps0.2_kappa1.0_rho1.0 - INFO - Built voting matrix V (n=23, ell=2, dtype=complex128) in 0.004s
2026-01-20 11:01:20,664 - final_problem_set.kxor_instance_n23_k2_m174_ell2_eps0.2_kappa1.0_rho1.0 - INFO - Eval: adv=1.0000, hamming=0/23 (0.000), corr=1.000
2026-01-20 11:01:20,664 - final_problem_set.kxor_instance_n23_k2_m174_ell2_eps0.2_kappa1.0_rho1.0 - INFO - Key extraction complete: x_hat=14
2026-01-20 11:01:20,664 - final_problem_set.kxor_instance_n23_k2_m174_ell2_eps0.2_kappa1.0_rho1.0 - INFO - Finished step 'KeyExtractionStep' in 0.005s (success: True, problem=kxor_instance_n23_k2_m174_ell2_eps0.2_kappa1.0_rho1.0)
2026-01-20 11:01:20,664 - final_problem_set.kxor_instance_n23_k2_m174_ell2_eps0.2_kappa1.0_rho1.0 - INFO - SUCCESS: len(z_hat)=23
2026-01-20 11:01:20,664 - final_problem_set.kxor_instance_n23_k2_m174_ell2_eps0.2_kappa1.0_rho1.0 - INFO - Metrics: adv=1.0, ham_frac=0.0, corr=1.0
2026-01-20 11:01:20,664 - final_problem_set.kxor_instance_n23_k2_m174_ell2_eps0.2_kappa1.0_rho1.0 - INFO - z_hat (full): [ 1, -1,  1,  1, -1, -1,  1,  1, -1, -1, -1,  1, -1,  1,  1, -1,  1,  1,  1,  1, -1,  1, -1]
