2026-01-20 11:01:51,317 - final_problem_set.kxor_instance_n26_k2_m249_ell2_eps0.2_kappa0.875_rho0.6 - INFO - Starting iteration for /Users/julian/CodingProjects/UniT3/QuarticSpeedupK-XOR/z_Daphne/data/final_problem_set/kxor_instance_n26_k2_m249_ell2_eps0.2_kappa0.875_rho0.6.npz
2026-01-20 11:01:51,318 - final_problem_set.kxor_instance_n26_k2_m249_ell2_eps0.2_kappa0.875_rho0.6 - INFO - Loaded instance (n=26, m=249, k=2)
2026-01-20 11:01:51,318 - final_problem_set.kxor_instance_n26_k2_m249_ell2_eps0.2_kappa0.875_rho0.6 - INFO - Starting step 'ComputeKikuchiStep' (version 0.1) on problem kxor_instance_n26_k2_m249_ell2_eps0.2_kappa0.875_rho0.6 (fields={'ell': 2, 'threshold': 0.0})
2026-01-20 11:01:51,361 - final_problem_set.kxor_instance_n26_k2_m249_ell2_eps0.2_kappa0.875_rho0.6 - INFO - Finished step 'ComputeKikuchiStep' in 0.043s (success: True, problem=kxor_instance_n26_k2_m249_ell2_eps0.2_kappa0.875_rho0.6)
2026-01-20 11:01:51,361 - final_problem_set.kxor_instance_n26_k2_m249_ell2_eps0.2_kappa0.875_rho0.6 - INFO - Starting step 'ClassicalEigenvaluesStep' (version 0.1) on problem kxor_instance_n26_k2_m249_ell2_eps0.2_kappa0.875_rho0.6 (fields={'ell': 2, 'threshold': 0.0, 'kikuchi_matrix': <Dictionary Of Keys sparse matrix of dtype 'int64'
	with 8544 stored elements and shape (325, 325)>, 'num_eigenvalues': 5})
2026-01-20 11:01:51,524 - final_problem_set.kxor_instance_n26_k2_m249_ell2_eps0.2_kappa0.875_rho0.6 - INFO - Finished step 'ClassicalEigenvaluesStep' in 0.163s (success: True, problem=kxor_instance_n26_k2_m249_ell2_eps0.2_kappa0.875_rho0.6)
2026-01-20 11:01:51,524 - final_problem_set.kxor_instance_n26_k2_m249_ell2_eps0.2_kappa0.875_rho0.6 - INFO - Starting step 'KeyExtractionStep' (version 0.1) on problem kxor_instance_n26_k2_m249_ell2_eps0.2_kappa0.875_rho0.6 (fields={'ell': 2, 'threshold': 0.0, 'kikuchi_matrix': <Dictionary Of Keys sparse matrix of dtype 'int64'
	with 8544 stored elements and shape (325, 325)>, 'num_eigenvalues': 5, 'eigenvalues': array([12.80413114, 13.23798094, 13.68869256, 14.45190582, 19.36743691]), 'eigenvectors': array([[-1.22052477e-02, -1.89623732e-03,  1.00673218e-01, -1.87770265e-02,  6.47544792e-02],
       [ 6.10464349e-02, -7.58596363e-02, -9.82159711e-03, -4.69193841e-02,  3.86531834e-02],
       [-9.89269550e-02, -3.44634307e-02, -8.78218308e-02,  5.03859274e-02, -5.97785038e-02],
       [-4.30837295e-02, -3.52461538e-02, -1.56895153e-02,  5.03926497e-02, -5.20573995e-02],
       [ 3.49165756e-02,  2.46558094e-02, -1.13073920e-03, -3.41634059e-02,  5.47538212e-02],
       [-2.35131268e-03,  4.84782075e-02,  2.39646181e-02, -5.04067862e-02,  2.39213820e-02],
       [-2.90018268e-03,  2.36153449e-02,  6.68032027e-02,  6.51293131e-02,  3.12239120e-02],
       [ 5.27104113e-02,  4.07215293e-02,  9.51218320e-02, -7.76280346e-04,  3.39701621e-02],
       [-1.05686209e-02, -6.76573916e-02, -8.44309475e-02,  9.92165729e-02, -5.92283309e-02],
       [-1.33477925e-01, -4.80281018e-02, -4.68376933e-02,  6.50633198e-02, -6.88879315e-02],
       [-1.31121499e-01, -3.80484474e-02, -6.18689826e-02,  6.56607663e-02, -6.51213694e-02],
       [ 1.24555077e-01,  5.00419018e-04,  9.00743233e-02, -5.19432909e-02,  8.25492143e-02],
       [ 2.85091455e-02, -1.49817689e-02,  9.18658678e-02, -2.75282239e-02,  4.84573451e-02],
       [ 1.30758767e-01,  3.35939357e-02,  2.10487937e-02,  2.53183064e-02,  5.51430436e-02],
       [ 1.09783991e-01,  2.07919418e-02,  2.30728481e-03, -1.07103341e-01,  6.16365432e-02],
       [-5.53089993e-03, -4.90998097e-02,  2.72807292e-02, -8.96965366e-02,  5.42255196e-02],
       [-7.47048238e-02,  3.44626998e-02,  1.38575907e-02,  8.09582139e-03, -5.83848641e-02],
       [ 1.04493574e-01,  1.04985849e-02,  1.23732663e-02, -5.07178516e-02,  5.29757884e-02],
       [ 9.52473410e-02, -3.70677065e-02,  8.19396882e-02, -6.17144996e-02,  5.36436925e-02],
       [-3.20809871e-02, -6.33235948e-02, -3.89273243e-02, -3.55682052e-02, -3.26965608e-02],
       [ 1.00231795e-01, -3.11301565e-02,  6.91292863e-02, -6.86297090e-02,  7.88905215e-02],
       [ 6.07601228e-02, -4.12312878e-02,  7.99399271e-02,  4.42595991e-02,  5.00623405e-02],
       [-7.19361430e-02, -9.76500663e-02, -6.02793951e-03,  3.41792590e-02, -4.74665903e-02],
       [-2.26825556e-02,  7.33932058e-03, -9.12478966e-02,  8.32222897e-02, -2.89722799e-02],
       [ 1.16260779e-01, -1.51329214e-02,  6.55003000e-02, -7.34394004e-04,  5.01642729e-02],
       [ 5.81602490e-02,  9.69852864e-02,  2.37761658e-02, -4.15070073e-03, -4.12925381e-02],
       [-7.94254439e-02,  1.28681137e-02,  6.71560842e-02,  2.27688296e-02,  6.52899865e-02],
       [-1.01777669e-01,  1.62595329e-02, -6.84938297e-03,  1.12007346e-02,  5.36827113e-02],
       [ 1.08721449e-01, -2.13815173e-03,  2.57279228e-02, -3.08302157e-02, -5.23762802e-02],
       [ 7.16004687e-02, -4.14540390e-02, -2.40514347e-02,  2.24259350e-02, -2.94207450e-02],
       [ 7.24442331e-02, -9.70742825e-03, -4.33583696e-02, -8.91538019e-02, -2.69408954e-02],
       [ 3.06695149e-02, -2.58492184e-02, -8.52472711e-02, -3.50080916e-02, -3.77115629e-02],
       [-1.43588690e-01,  3.99435364e-02,  5.35508824e-02, -2.00343150e-02,  5.88700716e-02],
       [-9.69626570e-02,  2.74470752e-02,  2.16129690e-02,  2.89922265e-02,  9.22860442e-02],
       [-7.90550235e-02,  1.15230964e-02,  4.14666977e-02,  2.20408435e-02,  8.04401532e-02],
       [ 1.37751646e-01,  3.52403072e-02, -5.46593664e-02, -5.39412840e-02, -8.69920038e-02],
       [ 9.89821124e-02,  3.79530031e-02, -7.43280761e-02, -2.86095894e-02, -4.98908663e-02],
       [ 3.86136467e-02, -1.14915862e-02,  5.26019547e-03, -8.07679924e-02, -5.40480244e-02],
       [ 8.85851755e-02,  5.29470155e-03,  2.49846454e-02,  2.22124388e-02, -6.81804161e-02],
       [ 1.43917417e-01,  6.51937789e-02, -3.67051873e-03,  1.76681322e-02, -5.13584210e-02],
       [-1.03203561e-01, -4.97716306e-02, -3.94861826e-02,  5.94596137e-02,  5.42384522e-02],
       [ 5.59039005e-02,  1.26893141e-02,  7.74355809e-03, -1.41375324e-02, -6.41736583e-02],
       [ 6.89704464e-02,  7.59109856e-02, -7.86776980e-02, -6.90568686e-03, -6.53491652e-02],
       [-6.46985030e-02,  4.95310226e-02,  1.41290928e-02,  6.96383680e-02,  3.05450259e-02],
       [ 1.28974667e-01,  5.45245148e-02, -3.42654635e-02, -2.86504118e-02, -7.29150217e-02],
       [ 7.02089819e-02,  5.38259996e-02, -4.82426769e-02, -8.64853431e-02, -4.41619095e-02],
       [-7.93556849e-02,  7.99541693e-02, -2.02630170e-02,  2.78834410e-02,  5.22182456e-02],
       [-4.19271536e-02, -2.04534673e-02,  8.88527392e-02, -5.07529817e-02,  3.23932596e-02],
       [ 2.69483692e-02,  4.71405287e-02, -5.87825208e-02, -6.34926091e-02, -6.08571508e-02],
       [ 2.77278582e-02, -8.80053462e-02, -2.93751553e-02, -2.86014003e-02,  5.29845904e-02],
       [-1.08692815e-02, -6.00947410e-02, -6.40888574e-02, -2.27059421e-02,  3.63451985e-02],
       [ 2.01915979e-02,  6.71503772e-02,  7.58501448e-02,  8.14592464e-03, -3.63018217e-02],
       [ 1.70584230e-02,  4.94897330e-03,  1.57966506e-02,  3.54718037e-02, -2.03201491e-02],
       [ 2.55503998e-02,  3.79878030e-02,  5.65876013e-03, -5.41695285e-02, -2.23185234e-02],
       [-1.25770216e-02,  3.58524809e-02, -1.70943896e-02, -2.84339609e-03, -2.84923636e-02],
       [-5.24219235e-02, -4.98153461e-02, -2.77580259e-02, -6.57233615e-02,  4.81851411e-02],
       [ 4.15947201e-02, -9.01397343e-02, -8.17802177e-02, -2.96722361e-02,  5.49937033e-02],
       [ 4.45217490e-02, -9.53293516e-02, -6.87079501e-02, -3.16432100e-02,  5.27888067e-02],
       [-1.90560161e-02,  1.43703456e-01,  7.10154805e-02,  1.26902627e-02, -5.59886019e-02],
       [ 2.06788265e-02,  9.95983027e-02,  8.08565903e-03,  1.05084483e-02, -3.66279787e-02],
       [-5.22139420e-02,  7.80062525e-02,  8.26193981e-02, -3.93290123e-02, -4.03622565e-02],
       [-2.19979917e-02,  8.01328544e-02,  8.05021158e-02,  4.71721734e-02, -3.96847091e-02],
       [ 3.73568252e-02,  9.62265788e-02,  4.88464060e-02,  3.89805303e-02, -3.11662562e-02],
       [ 4.42405444e-03, -9.16832773e-02, -7.52987246e-02,  9.92594094e-03,  3.21793082e-02],
       [-2.81848977e-02,  7.82223230e-02,  6.22046589e-02,  2.19236354e-02, -3.57830824e-02],
       [-2.59553973e-02,  1.15081601e-01,  2.71152715e-02,  2.91235712e-02, -3.82563584e-02],
       [-1.12490948e-02, -8.94383107e-03, -2.38546230e-02,  3.17776009e-02,  2.12793630e-02],
       [-7.57581970e-03,  1.33033641e-01,  6.37513114e-02,  2.22322292e-02, -4.72906991e-02],
       [-2.81407960e-03,  1.10542926e-01,  2.01821778e-02, -4.20838427e-02, -3.38226501e-02],
       [ 7.18949986e-03, -1.37094780e-02, -7.15064784e-02, -1.03078858e-02,  3.44875097e-02],
       [-2.54111199e-03, -5.60620269e-02,  2.75255215e-02, -5.98485589e-02,  2.39525132e-02],
       [-4.56153840e-02,  9.92315242e-02,  3.09595772e-02, -1.18692955e-02, -3.64530159e-02],
       [ 1.24248688e-02, -6.51331586e-02,  1.46382735e-02,  2.25173093e-02, -6.79247125e-02],
       [-2.65796281e-02,  4.42837775e-02, -3.28837221e-02,  2.56532089e-03,  6.53044436e-02],
       [-2.97366141e-02,  6.28457189e-02,  1.71495233e-02, -4.39573884e-02,  2.96243259e-02],
       [-4.09299098e-02,  3.69664373e-02,  6.32977665e-02,  1.00421085e-01,  3.78576119e-02],
       [ 3.67669014e-02,  6.20926274e-02,  1.08945554e-01,  2.60683577e-02,  4.44594950e-02],
       [ 5.83336057e-02, -8.71512335e-02, -6.27090319e-02,  6.34628204e-02, -6.69228016e-02],
       [-6.73556445e-02, -7.77310662e-02, -2.06557386e-02,  1.88788403e-02, -8.63754030e-02],
       [-7.23400784e-02, -6.41982867e-02, -3.84687858e-02,  2.13022152e-02, -8.06261820e-02],
       [ 3.75857780e-02,  2.27018205e-02,  6.35464248e-02,  7.45861654e-03,  1.00440311e-01],
       [-2.07595813e-02, -8.15890422e-03,  9.65021740e-02,  3.95918639e-03,  6.42554056e-02],
       [ 8.22873375e-02,  6.10320649e-02, -4.80039381e-03,  7.19747652e-02,  6.41170842e-02],
       [ 4.21339756e-02,  3.55422863e-02, -3.09536735e-02, -6.73375134e-02,  7.02247283e-02],
       [-8.04174291e-02, -5.13228091e-02,  6.43703806e-03, -6.92004703e-02,  7.02594481e-02],
       [-4.30159546e-03,  2.08346033e-02,  4.45394055e-02, -3.00892449e-02, -5.92115510e-02],
       [ 6.97993626e-02,  3.03874252e-02, -1.39463229e-02, -2.36874166e-02,  7.07224115e-02],
       [ 5.74436199e-02, -4.47477903e-02,  8.70310138e-02, -3.48757355e-02,  7.33450458e-02],
       [ 6.62169169e-03, -8.41458908e-02, -2.12534182e-02, -6.65391764e-02, -3.56366872e-02],
       [ 1.60393764e-02, -1.28748406e-02,  3.71707306e-02, -1.89815482e-02,  8.64223310e-02],
       [ 1.12277409e-02, -3.13855369e-02,  6.06853794e-02,  8.07730894e-02,  5.36309969e-02],
       [-2.04817758e-02, -1.33495115e-01,  2.27545319e-02, -1.63227895e-03, -5.80651579e-02],
       [-3.78066352e-03,  7.47611284e-03, -9.89920632e-02,  8.16471259e-02, -3.62002116e-02],
       [ 8.87020871e-02, -9.57298867e-03,  5.86717041e-02,  3.85822420e-02,  6.42262962e-02],
       [-5.44042357e-02,  3.59109277e-02, -7.93938284e-02, -3.69697750e-03,  4.83227635e-02],
       [-3.58351121e-02,  5.33655599e-02, -8.35143630e-03, -3.90638021e-02,  2.41523797e-02],
       [-5.63364378e-02,  2.92203129e-02,  1.30811173e-02,  8.00662879e-02,  3.20104812e-02],
       [-2.80549282e-03,  6.33599777e-02,  4.54197483e-02,  1.45176747e-02,  4.38090371e-02],
       [ 8.46023397e-02, -7.63574487e-02,  1.35086744e-02,  6.21542479e-02, -5.62757543e-02],
       [ 3.89180543e-03, -7.96513492e-02,  7.87530091e-02,  3.11272330e-02, -7.99764813e-02],
       [-1.34687197e-03, -5.73562541e-02,  5.28059405e-02,  3.01836087e-02, -6.87025075e-02],
       [-4.47649705e-02,  3.03909472e-02, -6.03233014e-02, -6.03338418e-03,  9.35386198e-02],
       [-5.08997829e-02, -2.12497890e-03,  1.26641543e-02, -2.63206117e-03,  5.00884831e-02],
       [ 1.70677814e-02,  4.39210233e-02, -6.64376487e-02,  4.68421828e-02,  5.16877122e-02],
       [-1.51978907e-02,  4.13289099e-02, -1.01419028e-01, -7.02469231e-02,  6.20185110e-02],
       [-1.00652102e-01, -3.06921234e-02, -6.26973993e-02, -5.95914707e-02,  5.36809717e-02],
       [ 4.10826894e-02,  8.17968456e-03,  1.02336116e-01, -2.10436743e-02, -5.32988354e-02],
       [ 6.57831963e-03,  2.67351801e-02, -6.73174320e-02, -2.41037745e-02,  5.29919244e-02],
       [-2.54363306e-03, -2.87141514e-02, -6.28103979e-03, -4.36619208e-02,  6.83710811e-02],
       [ 3.07535709e-02, -6.76935619e-02,  1.45143828e-02, -5.10162067e-02, -2.93904952e-02],
       [-4.73496329e-02,  1.55366983e-03, -5.85250401e-02, -2.65449562e-02,  7.20677728e-02],
       [-3.13048992e-02, -2.03739348e-02, -5.31067290e-03,  6.62718004e-02,  5.01908827e-02],
       [ 2.14144711e-02, -9.54954527e-02,  6.66899766e-02,  5.92171845e-03, -4.28047946e-02],
       [ 1.99845362e-02, -4.96647028e-03, -5.12072836e-02,  7.80951321e-02, -3.47938583e-02],
       [ 3.21925613e-02, -8.19266110e-04, -1.31207472e-02,  2.62812385e-02,  5.84893572e-02],
       [ 4.14260893e-02, -5.08704329e-02,  1.85949454e-02,  3.07285229e-02, -2.58867301e-02],
       [ 5.88200353e-02, -2.16977863e-02,  1.27990032e-03, -8.56616013e-02, -2.97552339e-02],
       [ 1.08169366e-02, -4.09284442e-02, -2.93160799e-02, -2.50661150e-02, -3.78027785e-02],
       [-9.05073733e-02,  5.87710113e-02, -2.73458712e-02, -3.60378121e-02,  5.30600358e-02],
       [-2.06644229e-02,  4.75519346e-02, -8.60418767e-02,  3.40703916e-03,  6.72272493e-02],
       [-9.73641708e-03,  4.42927976e-02, -7.98570083e-02, -1.60301353e-03,  7.22547400e-02],
       [ 6.06119776e-02, -5.44339351e-03,  8.64909705e-02, -3.18260093e-02, -8.91409362e-02],
       [ 6.70358235e-02,  1.57851587e-02,  4.07625392e-03, -1.53202636e-02, -5.25382778e-02],
       [-4.80963816e-03, -3.40294201e-02,  9.00766542e-02, -7.01406442e-02, -5.24629461e-02],
       [ 2.42859813e-02, -2.22078792e-02,  1.02700374e-01,  3.29206185e-02, -5.46317454e-02],
       [ 9.32906970e-02,  3.71127030e-02,  6.28039020e-02,  3.02041986e-02, -4.58677942e-02],
       [-4.39553466e-02, -1.88472804e-02, -9.77234874e-02,  3.74018747e-02,  4.48628797e-02],
       [ 5.55310427e-03, -1.23427416e-02,  7.55918588e-02,  4.76326707e-03, -4.91764031e-02],
       [ 1.40491611e-02,  4.12646263e-02,  2.38481287e-02,  1.36140092e-02, -6.06662522e-02],
       [-3.44653797e-02,  4.95986373e-02, -2.07927940e-02,  5.26640236e-02,  2.51239720e-02],
       [ 6.57713721e-02,  2.24927964e-02,  8.46075217e-02, -3.75020848e-03, -7.59824861e-02],
       [ 4.11127541e-02,  3.37460554e-02,  2.12069448e-02, -7.80215790e-02, -4.77342646e-02],
       [-3.30454040e-02,  9.00115233e-02, -8.67473817e-02,  1.30110122e-02,  4.45523782e-02],
       [-3.00315530e-02, -4.96017180e-03,  3.76657718e-02, -6.53729269e-02,  3.66047214e-02],
       [-1.68078595e-02,  1.26252708e-02,  2.88405955e-02, -3.97707776e-02, -5.18396035e-02],
       [ 3.64917095e-02, -3.21397002e-02, -2.31666643e-02, -2.55172450e-02, -1.62719338e-02],
       [ 1.45345295e-02, -4.80886292e-02, -3.71521856e-02,  1.33168501e-02, -1.95421819e-02],
       [-4.96809672e-02,  6.63846305e-02,  1.46002698e-02, -5.65875965e-02,  2.49929099e-02],
       [-2.34175726e-02,  8.66193758e-02, -4.89129892e-03, -5.82639401e-02,  3.79160168e-02],
       [-1.96910014e-02,  7.82105268e-02,  4.30519381e-03, -5.76173144e-02,  3.64835872e-02],
       [ 5.06154475e-02, -7.25002026e-02, -1.37435190e-02,  5.31096756e-02, -4.69188977e-02],
       [ 4.58333389e-02, -2.89287462e-02, -3.23684920e-02,  2.89420044e-02, -2.68453997e-02],
       [ 7.51775315e-03, -6.06234205e-02,  1.04784115e-02,  3.83378043e-03, -2.95079326e-02],
       [ 2.22534768e-02, -6.20836612e-02,  2.35218058e-02,  7.11410262e-02, -3.06178471e-02],
       [ 5.24285256e-02, -2.18356105e-02,  3.44479928e-03,  5.14901294e-02, -2.40723658e-02],
       [-3.38404820e-02,  2.73326860e-02, -2.55817678e-02, -1.79461877e-02,  2.75883987e-02],
       [ 1.28677812e-02, -4.86802083e-02,  1.27505477e-02,  4.53334725e-02, -2.89895611e-02],
       [ 1.93825562e-02, -2.65462797e-02, -2.39951666e-02,  5.17332600e-02, -3.10177820e-02],
       [-2.15552627e-02,  4.24566583e-02,  5.67180407e-03,  8.09076134e-03,  1.45502356e-02],
       [ 4.85505807e-02, -4.65249264e-02, -5.47199018e-03,  5.69272869e-02, -3.96252016e-02],
       [ 3.45807193e-02, -1.39026951e-02, -2.52187394e-02, -1.30309187e-02, -2.83225055e-02],
       [-2.21325918e-02,  8.17688740e-02, -1.59557933e-02, -3.14107248e-02,  2.31976047e-02],
       [-1.99152995e-02,  2.05168989e-02,  3.62164873e-02, -5.40024692e-02,  1.55402712e-02],
       [ 3.64274611e-03, -3.38727744e-02, -1.90380560e-02,  1.70322311e-02, -2.99008584e-02],
       [ 1.71545516e-02, -2.43171605e-02, -5.24626115e-02, -5.86289836e-02, -1.78854402e-02],
       [-8.13349223e-02,  4.87770681e-02,  5.46537951e-02,  6.85528398e-02,  3.54661636e-02],
       [-4.31347687e-02,  4.00386751e-02,  3.73293760e-02,  1.18859928e-01,  4.41570569e-02],
       [-3.79818935e-02,  3.43769269e-02,  4.69101237e-02,  1.11429498e-01,  4.22701214e-02],
       [ 6.58448405e-02, -1.63670200e-02, -5.53821298e-02, -1.43268248e-01, -4.14857882e-02],
       [ 4.82544633e-02, -3.89733983e-03, -4.97754389e-02, -7.92591018e-02, -2.55609313e-02],
       [ 2.22002947e-02, -2.02745238e-02, -1.45682783e-02, -1.01845217e-01, -2.60470833e-02],
       [ 4.20333146e-02, -2.22767573e-02, -1.35790476e-03, -7.32262443e-02, -4.14457189e-02],
       [ 7.26488242e-02,  1.43549353e-02, -1.93011679e-02, -6.07311316e-02, -2.85338092e-02],
       [-4.82997974e-02, -7.21801061e-03, -5.66939168e-03,  9.93688683e-02,  2.84511636e-02],
       [ 2.20578282e-02, -1.53387350e-02, -1.02766374e-02, -8.55531556e-02, -3.68797550e-02],
       [ 3.42668477e-02,  1.46278116e-02, -6.17161333e-02, -8.46855618e-02, -3.38801068e-02],
       [-2.63292072e-02,  2.71804681e-02,  1.39352707e-02,  6.16237150e-02,  1.43300441e-02],
       [ 7.13928201e-02,  1.05736088e-02, -4.52615347e-02, -1.22229214e-01, -4.85754610e-02],
       [ 3.40890956e-02,  6.43408729e-03, -3.59000774e-02, -9.47161559e-02, -2.17822160e-02],
       [-3.41728799e-02,  4.67178904e-02,  7.21214657e-03,  7.09824936e-02,  2.49255094e-02],
       [-2.88592382e-02,  1.57137610e-03,  7.21016425e-02,  1.87156609e-02,  2.20759868e-02],
       [ 1.55384370e-02, -2.05702937e-03, -3.91705904e-02, -9.38000379e-02, -2.70996395e-02],
       [-2.22721771e-02,  6.64141158e-02,  8.72937848e-02, -6.24062476e-03,  3.91502730e-02],
       [ 4.04221036e-02,  6.48833182e-02,  8.40744814e-02,  2.63526271e-02,  4.83390170e-02],
       [ 5.34696176e-02,  6.86784743e-02,  9.56934746e-02,  2.30562947e-02,  5.15904299e-02],
       [-3.00586238e-02, -4.45178909e-02, -1.18740561e-01, -4.42987103e-02, -5.56906574e-02],
       [ 6.61037588e-03, -1.41736649e-02, -1.01328675e-01, -2.64804573e-02, -3.63527887e-02],
       [-5.43349195e-02, -5.38701194e-02, -4.88540390e-02, -6.48837647e-02, -3.78103706e-02],
       [-3.25862737e-02, -4.61710311e-02, -4.20790693e-02,  1.03330705e-02, -4.54087106e-02],
       [ 4.54808185e-02,  1.40748986e-02, -5.43702192e-02,  1.28893870e-02, -4.05865298e-02],
       [ 7.90224988e-03,  3.56712128e-03,  2.46624471e-02,  4.43116224e-02,  3.77346105e-02],
       [-4.10301234e-02, -3.61986234e-02, -4.50629812e-02, -1.54592796e-02, -4.10593817e-02],
       [-3.44451965e-02,  3.40632793e-03, -1.05285491e-01, -1.16481443e-02, -4.11290553e-02],
       [-4.65954631e-05,  4.61791075e-02,  3.19431130e-02,  4.33483332e-02,  1.81348628e-02],
       [-1.74541883e-02, -1.72069807e-02, -9.78106723e-02, -2.73478716e-02, -5.62973083e-02],
       [-1.39671024e-02,  2.68258093e-03, -8.18871947e-02, -6.88152417e-02, -3.28368901e-02],
       [ 1.80334873e-02,  8.94158957e-02,  3.14412593e-02,  2.12914049e-02,  3.32840298e-02],
       [ 3.82605521e-03,  6.84003773e-03,  8.08928365e-02, -2.75885394e-02,  2.14061270e-02],
       [-4.90612512e-02, -1.66293304e-02, -7.98256944e-02, -4.26433499e-02, -3.59237743e-02],
       [ 6.01863086e-02, -1.09463091e-01, -1.53918657e-02,  7.97625537e-02, -7.73869094e-02],
       [ 4.80688093e-02, -9.72220435e-02, -3.17917744e-02,  8.07430513e-02, -7.49775302e-02],
       [-1.18751182e-01,  7.68805938e-02,  5.45189647e-02, -7.21854422e-02,  1.01092068e-01],
       [-8.94822062e-02,  1.80150820e-02,  7.51661666e-02, -3.72054879e-02,  5.45229012e-02],
       [-2.58522704e-02,  9.47852443e-02, -7.87525925e-03,  2.00420996e-02,  6.78080228e-02],
       [-5.48039099e-02,  6.60890158e-02, -2.76305600e-02, -1.09795557e-01,  6.22479504e-02],
       [-1.28917440e-01, -1.07071898e-02, -4.24546184e-04, -9.01629262e-02,  5.20818789e-02],
       [ 8.69104089e-02, -1.28875266e-02,  4.49890418e-02,  1.40765426e-02, -6.01362342e-02],
       [-3.27627252e-02,  5.67096053e-02, -1.22275267e-02, -7.21611894e-02,  6.46553616e-02],
       [-4.24503297e-02,  2.23158799e-03,  6.46996055e-02, -7.66284670e-02,  6.33272252e-02],
       [ 5.76163389e-02, -8.36064149e-02, -1.69494410e-02, -3.46311216e-02, -3.31211415e-02],
       [-1.15877308e-01,  3.46134023e-02,  2.88959161e-02, -8.61607637e-02,  8.64238238e-02],
       [-7.27477384e-02, -1.14604245e-03,  5.80130057e-02,  3.96776180e-02,  5.81695983e-02],
       [ 5.14325181e-02, -1.26888230e-01,  2.12110997e-02,  3.58511508e-02, -4.78644657e-02],
       [ 3.32395964e-02, -1.06585987e-02, -8.32757043e-02,  9.59444617e-02, -3.14041732e-02],
       [-7.20601351e-03,  2.94992405e-02,  6.27607383e-02, -1.35375208e-02,  7.08339834e-02],
       [-1.02902763e-01, -7.98459530e-02,  3.62845117e-02,  3.11285375e-02, -9.37796372e-02],
       [ 6.22786550e-02,  3.35332894e-02, -2.73921240e-02,  6.59867263e-03,  1.16821085e-01],
       [-1.34112833e-02, -3.38192993e-03,  5.08295482e-02,  4.05032939e-03,  7.86686819e-02],
       [ 9.49639864e-02,  6.00430311e-02, -6.59008563e-02,  7.86233602e-02,  7.00310416e-02],
       [ 6.31771351e-02,  4.79651385e-02, -9.79194685e-02, -8.12809943e-02,  7.77902637e-02],
       [-7.27685509e-02, -4.43719467e-02, -5.01796688e-02, -6.97669793e-02,  6.91905251e-02],
       [-1.54855063e-02,  2.12553214e-02,  1.02257671e-01, -3.65193066e-02, -6.64376920e-02],
       [ 8.54764417e-02,  3.17109583e-02, -6.96282869e-02, -2.75781520e-02,  7.33231665e-02],
       [ 7.63210280e-02, -3.84895223e-02,  2.60084056e-02, -3.99574183e-02,  7.84064161e-02],
       [ 1.15153465e-02, -8.17784716e-02,  3.86355454e-03, -7.34984386e-02, -3.66250414e-02],
       [ 3.75001845e-02, -8.23314139e-03, -4.51917645e-02, -2.76641066e-02,  1.11221711e-01],
       [ 2.38993057e-02, -3.71338044e-02,  2.32473270e-02,  1.02828469e-01,  7.15972253e-02],
       [-2.64300609e-02, -1.36778621e-01,  7.24917122e-02,  3.10775972e-03, -5.87703874e-02],
       [-1.42579598e-02, -4.29508845e-03, -8.88566368e-02,  1.04281091e-01, -4.86937374e-02],
       [ 1.29303309e-01, -5.80479627e-03,  9.60155238e-03,  4.69245992e-02,  8.04122776e-02],
       [ 7.20779293e-02,  1.73842711e-02,  1.24729977e-03, -1.52382392e-04,  1.11407861e-01],
       [-4.70787259e-03, -1.22163394e-02,  6.66857196e-02,  5.96491949e-05,  7.26497656e-02],
       [ 9.55309048e-02,  4.87015158e-02, -4.61834764e-02,  7.12528458e-02,  6.49051375e-02],
       [ 6.74680558e-02,  3.54030898e-02, -7.86070309e-02, -8.34156008e-02,  7.51444954e-02],
       [-6.43041121e-02, -5.39262503e-02, -4.00518690e-02, -7.76873070e-02,  7.25301236e-02],
       [-2.74891111e-02,  2.83927998e-02,  9.69556512e-02, -3.32754483e-02, -7.13360449e-02],
       [ 1.02255791e-01,  2.73790731e-02, -6.02890377e-02, -3.31213599e-02,  7.83385674e-02],
       [ 7.71091902e-02, -4.49458677e-02,  4.18017303e-02, -4.33509664e-02,  7.44900497e-02],
       [-2.24307105e-03, -8.79967407e-02, -1.69098966e-03, -7.18353858e-02, -4.08214421e-02],
       [ 4.26993226e-02, -2.01791505e-02, -1.57366401e-02, -2.84794772e-02,  9.64126270e-02],
       [ 3.16880324e-02, -4.28403094e-02,  3.67946456e-02,  9.54709403e-02,  6.75787196e-02],
       [-3.27997310e-02, -1.25816250e-01,  5.66861115e-02,  5.51356681e-03, -5.70874793e-02],
       [-2.05990654e-02,  5.68328384e-04, -9.82314966e-02,  1.02954717e-01, -4.54715338e-02],
       [ 1.17040467e-01, -1.51113013e-02,  2.52457042e-02,  3.89682817e-02,  7.08454896e-02],
       [ 4.93579817e-02,  5.95217722e-02, -8.57281689e-02, -2.66706821e-02, -7.98293605e-02],
       [-8.23348920e-02, -1.45742396e-02,  5.20960987e-02, -1.16544954e-01, -7.92581490e-02],
       [-3.21285835e-02,  5.64794825e-03,  8.50642635e-02,  6.60715453e-02, -9.45324866e-02],
       [ 1.19944328e-01,  1.03735199e-01,  3.16533132e-02,  5.86486668e-02, -7.89666742e-02],
       [-1.42935394e-02, -7.52230716e-02, -9.87136804e-02,  6.79040113e-02,  7.67136590e-02],
       [-7.19341764e-02,  2.10367069e-02,  6.00288613e-02,  2.91195988e-03, -9.74502512e-02],
       [-5.01052175e-02,  1.08594577e-01, -6.84708638e-02,  1.81147213e-02, -9.00602050e-02],
       [-2.69841790e-02,  7.79542870e-02,  4.79965547e-03,  1.03408841e-01,  4.91232753e-02],
       [ 1.10545389e-02,  9.10867101e-02,  2.65451165e-03, -1.03981207e-02, -1.15850746e-01],
       [ 1.61863331e-03,  9.26293083e-02, -5.00054277e-02, -1.33256449e-01, -7.13067296e-02],
       [ 2.22424532e-03,  1.23197746e-01, -6.62435716e-02,  1.81854909e-02,  7.21585174e-02],
       [-5.25318303e-03, -3.38642722e-02,  1.31265143e-01, -1.04863534e-01,  5.65062230e-02],
       [-1.13162349e-01,  7.50791434e-02, -4.37602786e-02, -8.45564401e-02, -9.26321650e-02],
       [-1.76030987e-02,  5.51780075e-03, -1.76958187e-02, -7.79115326e-02, -5.77540566e-02],
       [ 2.13764341e-02,  2.68506824e-02, -2.76944096e-03,  4.19248878e-02, -6.40223269e-02],
       [ 1.05038696e-01,  8.40836834e-02, -2.56268268e-02,  3.66321850e-02, -5.03324085e-02],
       [-4.38342329e-02, -6.54345204e-02, -1.41241823e-02,  4.12449316e-02,  5.23041087e-02],
       [ 1.61966988e-03,  3.02965888e-02, -1.52837991e-02,  4.40827701e-03, -5.79499856e-02],
       [ 1.32643259e-02,  7.65866274e-02, -8.35726124e-02,  9.05099290e-03, -5.35290510e-02],
       [-3.19496259e-02,  3.78945745e-02,  2.88907099e-02,  5.76978252e-02,  2.89339246e-02],
       [ 5.34852778e-02,  7.45082602e-02, -6.31261106e-02, -5.34765983e-03, -6.87866548e-02],
       [ 2.79785318e-02,  6.18522747e-02, -6.30109976e-02, -7.10215465e-02, -4.17005461e-02],
       [-2.54182413e-02,  5.81703122e-02,  2.60944217e-03,  1.25441914e-02,  4.89477963e-02],
       [-2.67261596e-02, -3.11984220e-02,  1.02980312e-01, -5.97660365e-02,  3.11870342e-02],
       [-1.86159705e-02,  5.04052324e-02, -6.55429549e-02, -4.06336511e-02, -5.08363980e-02],
       [-6.40723816e-02, -2.68516148e-02,  9.10132826e-02, -2.48429431e-02, -5.77200928e-02],
       [ 3.74015349e-02,  4.33930221e-02,  6.83814267e-02, -1.93579415e-02, -5.80892857e-02],
       [ 2.88079461e-02, -1.84180398e-02, -9.25426157e-02,  8.46561542e-02,  4.56781784e-02],
       [-9.46991484e-02, -2.05131549e-02,  7.65356346e-02, -5.61314686e-02, -5.74886506e-02],
       [-7.52654802e-02,  3.21857042e-02,  1.19131500e-03, -4.56316115e-02, -5.70594846e-02],
       [ 1.00802244e-02,  6.41291252e-02, -1.68387967e-02,  8.70446141e-02,  2.76498148e-02],
       [-5.58556305e-02,  1.16389267e-02,  5.44719225e-02, -8.07776313e-02, -7.00236976e-02],
       [-3.60806921e-02,  2.48589255e-02,  3.10411577e-03, -1.14356126e-01, -4.26646026e-02],
       [ 3.37676746e-02,  8.97774710e-02, -6.41158404e-02,  5.33135927e-02,  4.24568217e-02],
       [ 3.40511596e-02,  4.85977242e-03,  5.64116391e-02, -2.51724689e-02,  3.97657654e-02],
       [-1.05124034e-01,  1.10988945e-02,  1.37787301e-02, -9.38984618e-02, -5.06635796e-02],
       [ 6.23327471e-02,  4.92266313e-02,  7.19612223e-02,  9.24027512e-02, -5.38796605e-02],
       [ 2.39898261e-03, -3.45487248e-02, -1.28677955e-01, -8.57624422e-03,  5.79509013e-02],
       [-5.90491187e-02, -7.56879955e-03,  9.19598111e-02,  6.34145944e-02, -6.01675401e-02],
       [-5.86296184e-02,  5.50830639e-02,  2.18032695e-02,  8.80895839e-02, -6.88602858e-02],
       [-1.26830268e-02,  6.85240662e-02, -3.59467932e-02,  3.68378278e-02,  3.82073542e-02],
       [-1.19755248e-02,  3.14908331e-02,  8.58540486e-02,  7.92934067e-02, -8.12031255e-02],
       [-9.34117150e-03,  5.53968340e-02,  2.43203816e-02, -4.67045918e-02, -6.36161335e-02],
       [ 1.05638470e-02,  9.57937515e-02, -8.78857009e-02, -3.49811351e-02,  4.74244503e-02],
       [ 9.57604527e-03, -8.50871947e-03,  4.92101222e-02, -1.15027432e-01,  3.83429059e-02],
       [-9.43368570e-02,  2.93474654e-02,  3.11069652e-02,  7.30025048e-03, -6.72594281e-02],
       [-7.59308183e-02, -7.83620810e-02, -7.27076488e-02, -7.97492812e-03,  4.56447750e-02],
       [ 4.59287717e-02,  5.95592066e-02,  5.95310229e-02,  6.05167343e-02, -5.60832918e-02],
       [ 5.08064075e-02,  1.01921506e-01, -7.29596376e-03,  6.26948880e-02, -5.23506867e-02],
       [-7.19288230e-02,  1.43096858e-02, -1.36771030e-02,  2.92893572e-02,  3.19741125e-02],
       [ 1.12747206e-01,  1.07923165e-01,  3.81281282e-02,  6.58335850e-02, -6.78558248e-02],
       [ 7.70338894e-02,  1.02562209e-01, -7.43747882e-03, -3.49652529e-02, -4.88941123e-02],
       [-6.84637300e-02,  3.11827968e-02, -6.61744593e-02, -3.64016975e-02,  4.68943869e-02],
       [-3.99806828e-02, -3.93132165e-02,  5.44798940e-02, -8.51681241e-02,  2.92879926e-02],
       [ 2.01262788e-02,  9.19322575e-02, -3.92961707e-04,  8.50282312e-03, -5.79337357e-02],
       [ 2.30950000e-02, -3.46469197e-02, -8.98554684e-02,  1.96905396e-02,  5.02156471e-02],
       [ 1.86164600e-02, -1.00530586e-01, -3.24321650e-02,  1.59428245e-02,  5.82615466e-02],
       [ 2.78129494e-02, -3.01728273e-02,  3.16323083e-02, -7.03312641e-02, -2.62258947e-02],
       [-2.59331544e-02, -8.38535497e-02, -9.24309953e-02,  3.84468695e-02,  6.60480595e-02],
       [-1.53653714e-02, -7.01497794e-02, -2.44351424e-02,  8.89976796e-02,  4.03076151e-02],
       [ 1.52382935e-02, -4.81216992e-02,  1.01389374e-01, -3.51121075e-02, -4.54100330e-02],
       [ 1.21403776e-02,  4.23633753e-02, -3.13465040e-02,  4.62716502e-02, -3.71445392e-02],
       [ 5.28614773e-02, -7.16130035e-02, -4.23292499e-02,  7.17062940e-02,  5.40352969e-02],
       [-7.40175037e-02,  5.97499481e-02,  7.23656982e-03,  3.96071590e-02, -6.58521192e-02],
       [-2.32430010e-03,  5.02080381e-02, -1.10363516e-02,  4.96424974e-02,  2.71849969e-02],
       [-4.55880594e-02,  4.47616577e-02,  6.39966497e-02,  2.84664945e-02, -8.23899832e-02],
       [-2.30988386e-02,  4.52688927e-02,  2.89772046e-03, -6.37475477e-02, -4.88027233e-02],
       [ 3.00536563e-02,  7.86101088e-02, -6.81678765e-02, -4.22686750e-03,  4.56301153e-02],
       [ 9.67368038e-03, -1.33284391e-02,  5.03478751e-02, -7.50910582e-02,  3.34824939e-02],
       [-9.29040273e-02,  2.68823720e-02,  1.36238876e-02, -2.60596784e-02, -5.49078050e-02],
       [-4.45520394e-03,  2.76706689e-02,  2.44921547e-02,  5.19088473e-02,  3.42604461e-02],
       [-2.85467526e-02,  1.17039135e-01, -4.38599125e-02,  3.65589639e-02, -7.79771378e-02],
       [-1.78769136e-02,  1.09556129e-01, -7.01196233e-02, -6.67670472e-02, -5.32582292e-02],
       [ 3.17603752e-02,  4.73138635e-02, -1.58391712e-02, -2.00896872e-02,  5.92340161e-02],
       [ 8.11277841e-03, -3.88570790e-02,  9.42736869e-02, -7.97332745e-02,  3.25453057e-02],
       [-8.37244094e-02,  8.33153459e-02, -5.77177584e-02, -2.00267990e-02, -5.72968539e-02],
       [-3.05896996e-02,  5.74401851e-02, -2.01327871e-03,  7.54838590e-02,  3.81032249e-02],
       [-1.58112851e-02,  2.72360781e-02,  1.31180968e-02,  7.57224543e-02,  2.21583687e-02],
       [ 1.42331276e-02, -7.36991424e-02,  1.65575562e-02, -4.78359889e-02, -2.30345327e-02],
       [ 1.46925875e-02, -2.55298116e-02, -4.17346313e-02,  3.68473852e-04, -1.93094942e-02],
       [ 1.78910458e-02,  3.88785126e-02,  1.48197603e-02,  7.51279665e-02,  2.97582107e-02],
       [ 1.39974440e-02,  9.87029640e-02, -3.40039191e-02, -9.69107441e-02, -6.10357963e-02],
       [-1.20565880e-02,  8.42161412e-02, -7.08736953e-02, -1.10680888e-03,  6.95976742e-02],
       [-8.51736930e-03, -3.60673296e-02,  9.76371492e-02, -9.76629906e-02,  4.20453749e-02],
       [-8.05875842e-02,  9.39877606e-02, -2.69357859e-02, -5.03661807e-02, -8.09642286e-02],
       [-5.70012854e-03,  3.85709765e-02, -1.66656910e-02,  7.84190183e-02,  4.79127967e-02],
       [-8.29337890e-03, -4.47040751e-02,  8.68594150e-02, -9.19446746e-03,  3.09442470e-02],
       [-4.25655189e-02,  6.95058613e-02, -4.35183800e-02, -9.71594864e-02, -4.40434281e-02],
       [ 3.15898900e-04, -4.33049660e-02, -3.93561962e-02,  5.86512623e-02, -3.14582958e-02],
       [ 5.87340500e-02,  6.14946131e-02, -2.27552075e-02,  3.87713933e-02,  5.15167491e-02],
       [ 2.63367075e-02, -3.25152948e-02,  9.18273245e-02, -4.39880247e-02,  3.61779430e-02]])})
2026-01-20 11:01:51,527 - final_problem_set.kxor_instance_n26_k2_m249_ell2_eps0.2_kappa0.875_rho0.6 - INFO - Running key extraction (n=26, m=249, ell=2, phase_qubits=13)
2026-01-20 11:01:51,532 - final_problem_set.kxor_instance_n26_k2_m249_ell2_eps0.2_kappa0.875_rho0.6 - INFO - Built voting matrix V (n=26, ell=2, dtype=complex128) in 0.005s
2026-01-20 11:01:51,532 - final_problem_set.kxor_instance_n26_k2_m249_ell2_eps0.2_kappa0.875_rho0.6 - INFO - Eval: adv=0.6948, hamming=0/26 (0.000), corr=1.000
2026-01-20 11:01:51,532 - final_problem_set.kxor_instance_n26_k2_m249_ell2_eps0.2_kappa0.875_rho0.6 - INFO - Key extraction complete: x_hat=12
2026-01-20 11:01:51,532 - final_problem_set.kxor_instance_n26_k2_m249_ell2_eps0.2_kappa0.875_rho0.6 - INFO - Finished step 'KeyExtractionStep' in 0.006s (success: True, problem=kxor_instance_n26_k2_m249_ell2_eps0.2_kappa0.875_rho0.6)
2026-01-20 11:01:51,532 - final_problem_set.kxor_instance_n26_k2_m249_ell2_eps0.2_kappa0.875_rho0.6 - INFO - SUCCESS: len(z_hat)=26
2026-01-20 11:01:51,532 - final_problem_set.kxor_instance_n26_k2_m249_ell2_eps0.2_kappa0.875_rho0.6 - INFO - Metrics: adv=0.6947791164658634, ham_frac=0.0, corr=1.0
2026-01-20 11:01:51,532 - final_problem_set.kxor_instance_n26_k2_m249_ell2_eps0.2_kappa0.875_rho0.6 - INFO - z_hat (full): [ 1, -1, -1,  1,  1, -1, -1, -1, -1,  1,  1,  1, -1, -1, -1, -1, -1,  1, -1, -1,  1, -1, -1,  1,  1, -1]
