2026-01-20 11:01:42,565 - final_problem_set.kxor_instance_n25_k2_m237_ell2_eps0.2_kappa0.875_rho1.0 - INFO - Starting iteration for /Users/julian/CodingProjects/UniT3/QuarticSpeedupK-XOR/z_Daphne/data/final_problem_set/kxor_instance_n25_k2_m237_ell2_eps0.2_kappa0.875_rho1.0.npz
2026-01-20 11:01:42,566 - final_problem_set.kxor_instance_n25_k2_m237_ell2_eps0.2_kappa0.875_rho1.0 - INFO - Loaded instance (n=25, m=237, k=2)
2026-01-20 11:01:42,566 - final_problem_set.kxor_instance_n25_k2_m237_ell2_eps0.2_kappa0.875_rho1.0 - INFO - Starting step 'ComputeKikuchiStep' (version 0.1) on problem kxor_instance_n25_k2_m237_ell2_eps0.2_kappa0.875_rho1.0 (fields={'ell': 2, 'threshold': 0.0})
2026-01-20 11:01:42,605 - final_problem_set.kxor_instance_n25_k2_m237_ell2_eps0.2_kappa0.875_rho1.0 - INFO - Finished step 'ComputeKikuchiStep' in 0.039s (success: True, problem=kxor_instance_n25_k2_m237_ell2_eps0.2_kappa0.875_rho1.0)
2026-01-20 11:01:42,605 - final_problem_set.kxor_instance_n25_k2_m237_ell2_eps0.2_kappa0.875_rho1.0 - INFO - Starting step 'ClassicalEigenvaluesStep' (version 0.1) on problem kxor_instance_n25_k2_m237_ell2_eps0.2_kappa0.875_rho1.0 (fields={'ell': 2, 'threshold': 0.0, 'kikuchi_matrix': <Dictionary Of Keys sparse matrix of dtype 'int64'
	with 7452 stored elements and shape (300, 300)>, 'num_eigenvalues': 5})
2026-01-20 11:01:42,758 - final_problem_set.kxor_instance_n25_k2_m237_ell2_eps0.2_kappa0.875_rho1.0 - INFO - Finished step 'ClassicalEigenvaluesStep' in 0.154s (success: True, problem=kxor_instance_n25_k2_m237_ell2_eps0.2_kappa0.875_rho1.0)
2026-01-20 11:01:42,759 - final_problem_set.kxor_instance_n25_k2_m237_ell2_eps0.2_kappa0.875_rho1.0 - INFO - Starting step 'KeyExtractionStep' (version 0.1) on problem kxor_instance_n25_k2_m237_ell2_eps0.2_kappa0.875_rho1.0 (fields={'ell': 2, 'threshold': 0.0, 'kikuchi_matrix': <Dictionary Of Keys sparse matrix of dtype 'int64'
	with 7452 stored elements and shape (300, 300)>, 'num_eigenvalues': 5, 'eigenvalues': array([14.34906751, 14.61319725, 15.42486685, 15.8392739 , 25.52827493]), 'eigenvectors': array([[ 1.09556430e-02,  1.56718759e-02,  7.31161175e-02, -5.85799212e-02, -4.56748630e-02],
       [ 2.94651262e-03,  4.25233048e-02,  3.97970886e-02,  8.91288823e-02,  5.44671100e-02],
       [ 5.02775606e-02,  4.33257718e-02, -4.15682156e-02,  3.23409436e-02,  5.76822707e-02],
       [-5.21742821e-02, -6.93897021e-02, -4.99760768e-02, -6.15734841e-03, -4.71905358e-02],
       [ 6.37667016e-02,  4.76594418e-03,  2.14938929e-02,  1.00757052e-01,  5.67753119e-02],
       [ 5.16118974e-02,  3.19430539e-02, -2.11025474e-02,  4.90134108e-02,  6.89965780e-02],
       [-4.85844061e-02, -7.87708934e-02, -5.52441816e-02, -9.81298277e-02, -5.31509083e-02],
       [-2.38818046e-02, -3.82462578e-02,  1.01533434e-02, -1.20667257e-01, -4.54633821e-02],
       [-1.29422605e-01, -5.97280241e-02, -9.08556217e-04, -6.81661522e-02, -5.50859314e-02],
       [ 1.10039421e-02,  3.84401606e-02, -2.83222052e-02, -9.84493005e-02, -5.12739494e-02],
       [ 3.62243429e-02, -1.02502460e-01,  5.80069331e-03,  1.59812582e-02, -3.81370737e-02],
       [-6.68778526e-02, -5.09922270e-02, -3.71559658e-02, -6.43404250e-02, -5.52186477e-02],
       [-5.96632778e-02, -1.00094427e-01,  3.28750997e-02, -6.45537323e-02, -6.04449713e-02],
       [ 3.28142607e-02,  6.79188293e-02, -2.68184491e-02,  8.71988585e-02,  6.72099844e-02],
       [-7.88068124e-02, -2.97602593e-02,  7.26562443e-02, -7.99918271e-02, -4.27197726e-02],
       [-8.76565834e-02, -6.36863699e-03, -2.53876547e-03, -1.44778307e-02, -4.97794377e-02],
       [-8.30859395e-02, -7.27615753e-02,  1.23816996e-02, -5.36445267e-02, -4.42894478e-02],
       [ 1.97605467e-02,  7.20900472e-02,  3.10016440e-03,  1.08354556e-01,  5.39182469e-02],
       [ 4.64220669e-02, -8.28815063e-02,  1.69416168e-02, -8.42392024e-02, -6.17780333e-02],
       [ 3.36065931e-02,  4.34619414e-03,  7.52410795e-02,  7.72078016e-02,  4.31458501e-02],
       [-3.68580801e-03,  8.76292052e-02, -2.17111649e-02,  1.09886887e-01,  3.54985236e-02],
       [-2.77353745e-02, -1.02547094e-01, -4.22357113e-02, -5.45945437e-02, -6.35339051e-02],
       [-3.36126166e-02, -7.62245177e-02,  5.34501312e-02, -3.90284684e-02, -6.22599527e-02],
       [-3.75097276e-02, -9.43087329e-02, -4.02625234e-02, -4.09469841e-02, -5.45412850e-02],
       [-8.90626731e-02, -8.72461310e-02, -4.59105433e-02,  1.67249280e-02,  5.26664113e-02],
       [-3.93286723e-02, -7.98702561e-02, -1.05767336e-01, -3.70000458e-02,  4.70629835e-02],
       [ 2.60469117e-02,  4.27105172e-02,  2.22693852e-02,  5.40757627e-02, -4.27517649e-02],
       [-2.90859300e-02, -1.17048174e-01, -6.43462455e-02,  2.10223876e-02,  5.10032311e-02],
       [-5.36846555e-02, -1.08958957e-01, -1.07147134e-01, -3.57040895e-02,  5.58078806e-02],
       [ 3.68394064e-02,  4.63028899e-02,  2.88963514e-02, -2.62606634e-02, -5.23488945e-02],
       [ 4.89970388e-02,  6.74571347e-02,  8.33555896e-02, -6.30970741e-02, -4.38564024e-02],
       [-3.20948654e-02,  6.83146683e-02,  8.08922646e-02,  7.18852521e-03, -4.98880216e-02],
       [ 7.68932292e-02,  1.29866126e-01,  4.50190242e-02, -2.17276422e-02, -4.26660789e-02],
       [ 8.84848826e-02, -6.75154518e-03,  5.88079689e-02,  6.16016492e-02, -3.32583824e-02],
       [ 2.47823042e-02,  8.22718681e-02,  4.87248857e-02,  1.12698271e-02, -5.33632298e-02],
       [ 3.85369884e-02,  4.27412023e-02,  1.18275938e-01,  1.48894106e-02, -5.40054076e-02],
       [-7.20448678e-02, -8.71613860e-02, -1.22246166e-01, -4.82568505e-03,  5.93182078e-02],
       [-9.60733320e-03,  5.88850957e-02,  1.23135860e-01, -2.51291420e-02, -3.77366846e-02],
       [-1.55263154e-03,  1.01976749e-01,  6.88482216e-02,  4.90742446e-02, -4.36709116e-02],
       [-1.38395028e-02,  3.04502393e-02,  8.07316711e-02,  3.30853184e-03, -4.22179107e-02],
       [-6.07441872e-02, -5.06271377e-02, -7.60682954e-02,  3.23128484e-02,  4.87864561e-02],
       [ 1.17321864e-01,  5.64787438e-02,  9.51137406e-02, -2.92749684e-05, -5.09149020e-02],
       [-3.62471887e-02, -9.15694848e-02,  5.09093921e-03,  1.60417426e-02,  3.96144607e-02],
       [-6.04035251e-02,  5.70856857e-03, -7.97257399e-02,  6.69635157e-02,  3.51173131e-02],
       [ 7.36741040e-02,  5.28028079e-02,  5.43674428e-02,  3.22459941e-02, -5.71276190e-02],
       [ 5.66677138e-02,  6.47490325e-02,  1.22126095e-01,  3.55096558e-02, -5.05798892e-02],
       [ 5.30408403e-02,  3.50977203e-02,  4.38930495e-02,  3.32810388e-02, -5.25212410e-02],
       [ 3.47340856e-02,  3.65201293e-02, -7.13595967e-04,  2.52190154e-02, -6.16884789e-02],
       [-1.59989252e-02,  6.93109099e-03,  8.85554721e-02, -4.23282692e-02,  5.04347904e-02],
       [ 1.91156945e-02,  8.00122106e-02, -7.09063917e-02, -5.52208908e-02, -6.54509074e-02],
       [ 5.06436571e-02,  6.08774608e-02, -3.12488087e-02,  1.84803155e-02, -7.35463482e-02],
       [-3.19807786e-02,  1.51814637e-02,  1.20861509e-01,  6.22537090e-02,  6.58579841e-02],
       [-4.25546627e-02, -1.93282754e-02,  2.20113006e-02,  9.33328624e-02,  5.31157320e-02],
       [ 5.89328950e-02, -1.50224739e-02,  4.90231041e-02,  1.90718643e-02,  6.45824614e-02],
       [-8.84573044e-02, -1.09186056e-01,  6.93271656e-02,  5.02465696e-02,  5.48574145e-02],
       [-1.05033308e-01,  5.78094288e-02,  2.47609330e-02, -6.09728011e-02,  4.32514135e-02],
       [-1.42527619e-02, -2.29980518e-02,  8.90477502e-02,  1.27661505e-02,  6.37908499e-02],
       [-3.52199609e-02,  3.01695799e-02,  1.19015564e-02,  7.66289079e-03,  7.55387686e-02],
       [ 7.48844076e-02,  2.48262940e-02, -2.58271864e-02, -2.40209040e-02, -7.78644320e-02],
       [ 2.71909387e-02, -2.94823080e-02, -5.49366536e-02,  5.48612423e-02,  5.32418611e-02],
       [ 1.53636491e-02, -6.78809326e-02,  4.53320368e-02, -3.96146935e-02,  5.68655451e-02],
       [ 3.11457862e-02,  2.34117641e-02,  2.35722545e-02,  1.72742598e-02,  5.51995617e-02],
       [ 7.33089062e-02, -5.35308634e-03, -5.46359389e-02, -7.53959602e-02, -6.75319489e-02],
       [-1.39835690e-01,  9.45053681e-04,  3.17882847e-02,  2.60901155e-02,  6.61409086e-02],
       [ 2.68675746e-02,  5.30773983e-02, -1.11084371e-01, -3.67447456e-02, -4.58502408e-02],
       [ 5.85316627e-02, -5.59959547e-02, -1.59441177e-03, -9.50693335e-02, -4.22105353e-02],
       [-6.89493708e-02,  1.55892064e-02,  9.32606592e-02, -7.20841604e-03,  6.82618893e-02],
       [-6.64507676e-02, -9.25169970e-03, -9.57537545e-03, -2.39476413e-02,  7.18213808e-02],
       [-4.53524192e-02,  2.80823731e-02,  9.20510292e-02, -1.19214382e-02,  6.23405211e-02],
       [ 2.64048953e-02,  3.63107447e-03,  1.82777525e-02, -1.06143126e-01,  5.27512579e-02],
       [-3.68026798e-02,  9.38586932e-02,  2.35366833e-02,  1.89136208e-02, -6.93333641e-02],
       [-8.65074497e-03,  6.32016770e-02,  7.08111103e-02,  9.99334935e-02, -7.06512836e-02],
       [ 2.32991498e-02,  1.08774136e-02,  2.27632813e-02, -1.40087480e-02,  6.59140824e-02],
       [-3.48463548e-03, -2.71489512e-02, -5.58687899e-02,  4.04512449e-02,  5.61411958e-02],
       [ 9.54936035e-02, -1.59230837e-02, -4.09956094e-02, -4.80398974e-02,  5.81007380e-02],
       [-4.93209652e-02, -1.25516009e-01, -8.87850265e-03, -1.09925385e-02,  5.82862259e-02],
       [-6.52250552e-02,  5.43119718e-02, -3.76761758e-02, -1.09279975e-01,  4.14573795e-02],
       [ 3.50846410e-02, -2.66512987e-02, -1.59059206e-03, -5.70253727e-02,  6.20432606e-02],
       [ 2.38621136e-02,  2.43300034e-02, -8.80757818e-02, -6.84144319e-02,  6.74464228e-02],
       [ 8.39318433e-03,  2.69714066e-02,  8.59828432e-02,  6.35772328e-02, -7.53330383e-02],
       [ 6.36710601e-02, -2.54965696e-02, -1.16606883e-01, -1.46252360e-03,  4.81167424e-02],
       [ 5.34086099e-02, -6.33821268e-02, -3.22592300e-02, -9.21198196e-02,  5.09830340e-02],
       [ 7.51132924e-02,  2.10006918e-02, -5.42867839e-02, -4.55849203e-02,  5.32823511e-02],
       [ 1.65949541e-02, -1.25566309e-03,  4.49517518e-02, -2.19296370e-05, -6.61356844e-02],
       [-8.35365693e-02, -1.61717877e-03, -6.30826630e-02, -4.72798333e-02,  6.46512006e-02],
       [-8.86013982e-03,  6.55252097e-02, -5.02490508e-02,  1.56393496e-02, -4.94839191e-02],
       [ 2.82547020e-02, -5.75029713e-02,  6.19535389e-02, -5.22101730e-02, -4.47183499e-02],
       [-1.21130444e-02,  9.96427452e-03, -5.55875925e-03, -8.44936203e-02,  6.63982836e-02],
       [-3.90951841e-03, -9.39957724e-03, -9.88395123e-02, -9.33969884e-02,  6.38824140e-02],
       [ 3.78492487e-03,  2.51896177e-02,  2.25417443e-03, -8.04806569e-02,  6.06654215e-02],
       [ 3.92358120e-02, -2.92020188e-02,  7.39460698e-02, -3.73425569e-02,  5.27787099e-02],
       [ 2.18671920e-02, -1.00158111e-02,  4.68603858e-02, -1.05346919e-01,  5.84208490e-02],
       [-2.67065476e-02, -4.14685305e-02, -1.01839691e-01,  3.18895395e-02, -4.97572245e-02],
       [-9.43208231e-03, -1.31801074e-02, -3.76206690e-02, -1.38347745e-02, -4.66157283e-02],
       [-1.01188387e-01, -2.22041589e-02, -5.40476117e-02,  6.57505524e-02, -5.10741452e-02],
       [ 3.09222316e-02,  6.69523979e-02, -7.80120824e-02,  2.97212306e-02, -4.77726937e-02],
       [ 4.14484938e-02, -6.06851379e-02, -2.65565339e-02,  9.09227621e-02, -3.19649945e-02],
       [-4.16784251e-02, -1.39842336e-02, -8.72883065e-02,  6.86282470e-02, -5.10090286e-02],
       [-3.90571594e-02, -6.48940250e-02, -2.93682794e-02,  8.69004270e-02, -6.02915165e-02],
       [ 7.15062545e-03,  2.30136004e-02,  4.29006217e-02, -8.50894556e-02,  6.68423673e-02],
       [-6.85825040e-02, -6.18917077e-03,  3.00166220e-02,  2.16647168e-02, -4.31447127e-02],
       [-5.41077799e-02,  2.13365929e-02, -4.61723646e-02,  9.22360514e-02, -4.22475634e-02],
       [-6.41463824e-02, -4.25907053e-02, -3.00488153e-02,  4.94310005e-02, -4.11664997e-02],
       [-5.77719338e-04,  4.04461660e-02,  6.11596741e-02, -2.32938698e-02,  5.45082766e-02],
       [ 6.43463202e-02, -3.68668891e-02, -4.62298767e-02,  6.59206773e-02, -5.70774679e-02],
       [ 1.58679869e-02, -2.34054426e-02,  1.10724626e-01, -2.89508137e-02,  3.94453622e-02],
       [-1.45968932e-02,  7.41758024e-02,  1.45903056e-02,  2.70541043e-02,  3.73930919e-02],
       [-5.08078027e-03, -4.49402306e-02, -9.04836051e-02,  9.08483934e-02, -5.42283340e-02],
       [-9.72956359e-03, -2.71451124e-02, -1.35591862e-02,  9.71107848e-02, -5.32253549e-02],
       [-1.66730273e-02, -5.26255496e-02, -8.75799913e-02,  8.48735613e-02, -4.96013670e-02],
       [-3.09437473e-02,  1.18320388e-01, -4.63531883e-03,  8.25173683e-03, -7.67571726e-02],
       [ 3.86068210e-02, -3.15100317e-02,  8.97224274e-02,  6.77854515e-02,  6.44220978e-02],
       [ 1.08949025e-02, -5.75397810e-02,  3.29733533e-03,  1.05147392e-01,  5.50721750e-02],
       [ 1.21951306e-01, -5.84238577e-02,  2.24247529e-02,  2.48924271e-02,  6.23569201e-02],
       [-3.10218950e-02, -1.52135858e-01,  5.08774983e-02,  6.00895803e-02,  5.68213688e-02],
       [-5.91390238e-02,  2.65816714e-02,  8.98371135e-03, -5.72424624e-02,  4.59287929e-02],
       [ 6.52903521e-02, -8.15254161e-02,  7.43545436e-02,  2.47914753e-02,  7.09182368e-02],
       [ 5.45102136e-02, -2.76405145e-02, -1.73693572e-02,  1.99451702e-02,  7.89541588e-02],
       [-1.35178614e-02,  8.60078731e-02,  4.61856777e-03, -3.77623867e-02, -8.16037960e-02],
       [ 8.07556821e-02, -6.16117186e-02, -7.26431800e-02,  5.88371349e-02,  5.13516806e-02],
       [ 7.61178030e-02, -1.03214354e-01,  2.18640746e-02, -3.13692392e-02,  5.56423926e-02],
       [ 9.43472207e-02, -1.91537036e-02,  2.27071506e-03,  2.62878488e-02,  5.71525074e-02],
       [-2.38767536e-03,  4.10220700e-02, -2.67712991e-02, -7.99672198e-02, -6.57767796e-02],
       [-8.02311350e-02, -5.43474451e-02,  7.18318728e-03,  4.08841394e-02,  7.45505037e-02],
       [-2.18009209e-02,  8.89398928e-02, -1.00091694e-01, -4.45768524e-02, -4.81331763e-02],
       [ 1.74375118e-02, -2.61962771e-02,  1.35746331e-02, -1.14405062e-01, -4.72788392e-02],
       [ 6.22634686e-03, -3.69223565e-02,  7.05482178e-02,  9.51825387e-04,  7.18977987e-02],
       [ 1.69142718e-02, -6.59525321e-02, -3.76503274e-02, -1.41005788e-02,  7.49610257e-02],
       [ 2.41930909e-02, -2.00475363e-02,  7.89063348e-02, -4.34901045e-03,  6.97841370e-02],
       [ 1.79384515e-02, -7.75048896e-03,  5.91837029e-02, -5.16992068e-03,  7.83501253e-02],
       [-1.12841455e-02, -4.83586476e-02, -4.07224304e-02,  5.75996068e-02,  6.65603626e-02],
       [ 1.10068696e-01, -3.73685291e-02, -2.04155230e-02, -4.80412937e-02,  6.98949509e-02],
       [-6.07754647e-02, -1.50961537e-01,  1.69229379e-02, -5.61217517e-04,  6.45293938e-02],
       [-7.95197122e-02,  5.09603997e-02, -2.08960485e-02, -1.11416793e-01,  4.58941227e-02],
       [ 3.98606126e-02, -5.78708299e-02,  3.11511542e-02, -6.46140746e-02,  7.99818077e-02],
       [ 2.11949576e-02,  6.50667430e-03, -7.28113004e-02, -6.99087741e-02,  8.16809762e-02],
       [ 2.10067953e-02,  5.73702337e-02,  6.59498985e-02,  6.16801648e-02, -9.03786425e-02],
       [ 6.98668902e-02, -4.54559290e-02, -1.19135657e-01,  7.92800674e-03,  5.69617303e-02],
       [ 6.01675667e-02, -9.12038816e-02, -1.49485335e-02, -1.01650230e-01,  6.07079788e-02],
       [ 7.49546296e-02,  8.38600458e-03, -3.54516474e-02, -3.70895928e-02,  5.87237468e-02],
       [ 2.84025010e-02,  1.93685659e-02,  2.08613353e-02, -1.07332331e-02, -7.96559431e-02],
       [-1.11337695e-01, -2.25066216e-02, -4.39496150e-02, -4.36947649e-02,  7.72684821e-02],
       [-3.14933803e-03,  8.21329624e-02, -8.06305893e-02,  6.68481134e-03, -5.45006583e-02],
       [ 4.04712806e-02, -5.30471076e-02,  5.27530978e-02, -7.09306236e-02, -5.37382511e-02],
       [-2.64120774e-02, -1.01445096e-02,  2.96457415e-02, -9.88581636e-02,  8.53600921e-02],
       [-1.37912015e-02, -3.41464705e-02, -8.84770382e-02, -1.00078509e-01,  7.69188061e-02],
       [-3.10578634e-03,  1.14350562e-02,  3.30304770e-02, -8.45476262e-02,  7.25727256e-02],
       [-3.34527851e-03, -2.10031908e-02, -4.45727471e-02, -1.13850580e-01, -5.59897846e-02],
       [-1.03805825e-01, -2.91831484e-02, -5.95116799e-02, -2.78136293e-02, -5.89920584e-02],
       [ 3.89330188e-02,  6.93045875e-02, -8.51581591e-02, -6.07053217e-02, -5.43718532e-02],
       [ 6.22880660e-02, -9.02756591e-02, -3.84936135e-02,  5.12726236e-02, -4.30065798e-02],
       [-4.18670317e-02, -2.35845873e-02, -1.05890200e-01, -2.47631877e-02, -6.24090865e-02],
       [-3.57875820e-02, -8.67827421e-02, -3.55451931e-02, -2.28299073e-02, -7.43766062e-02],
       [-1.37039359e-03,  3.41395452e-02,  5.02668698e-02,  3.95776983e-02,  7.72134847e-02],
       [-7.47053950e-02, -1.04186720e-02,  3.75823998e-02, -6.53491343e-02, -5.28437199e-02],
       [-6.81304581e-02,  2.36664957e-02, -6.26151218e-02,  2.79172173e-02, -5.64505546e-02],
       [-7.13916398e-02, -5.62396248e-02, -3.34480536e-02, -2.39767646e-02, -5.02275628e-02],
       [-8.35980285e-03,  4.96285418e-02,  6.57906075e-02,  7.85533425e-02,  6.11817819e-02],
       [ 7.81273609e-02, -4.86200021e-02, -5.16686436e-02, -3.88355310e-02, -6.55607011e-02],
       [ 1.04886832e-02, -2.19179002e-02,  1.23073449e-01,  4.59370122e-02,  4.54325850e-02],
       [-2.24181029e-02,  8.30300095e-02,  1.39410688e-02,  1.01863346e-01,  4.14582025e-02],
       [ 6.27650928e-03, -6.54518739e-02, -1.11642525e-01, -6.54378932e-03, -6.68159802e-02],
       [-3.14827409e-03, -4.58271091e-02, -1.31842310e-02,  8.98984488e-03, -7.11772189e-02],
       [-9.92418765e-03, -7.16773360e-02, -1.08834625e-01,  4.41540897e-04, -6.14110378e-02],
       [-6.70740715e-02,  5.39343951e-03,  1.25735346e-02, -6.89041172e-02, -5.07108629e-02],
       [ 4.75797070e-02,  8.43392126e-02, -1.02949802e-02, -9.23359382e-02, -4.65863709e-02],
       [ 6.83934253e-02, -5.38369824e-02,  1.56063412e-02,  9.45049204e-03, -3.71817583e-02],
       [-1.84561568e-02,  1.45854049e-02, -2.38611058e-02, -7.68019057e-02, -5.76551131e-02],
       [-3.37141081e-03, -2.63151488e-02,  4.88720892e-02, -7.29193137e-02, -5.93603337e-02],
       [-3.02781544e-02, -1.46773783e-02, -5.15063977e-02,  1.02696754e-01,  7.07051271e-02],
       [-3.94961311e-02,  1.81739493e-02,  8.21188465e-02, -8.45391835e-02, -4.15097438e-02],
       [-3.91068303e-02,  5.15099535e-02,  1.14063586e-02, -2.13541457e-02, -4.85715944e-02],
       [-4.85329055e-02, -2.39872256e-02,  2.64596434e-02, -6.62383475e-02, -4.61037445e-02],
       [-2.57795386e-02,  9.51505654e-03, -1.01232019e-02,  1.12372622e-01,  5.21243748e-02],
       [ 8.48523718e-02, -7.46218244e-03,  3.01527670e-02, -8.42276570e-02, -5.61845937e-02],
       [-3.37748238e-03, -3.85426137e-02,  5.59213774e-02,  7.25856917e-02,  3.96259330e-02],
       [-3.09040698e-02,  4.71550135e-02, -3.05478381e-02,  1.12579132e-01,  3.48975863e-02],
       [ 3.04343123e-02, -2.41197003e-02, -2.38883686e-02, -6.28127874e-02, -6.20515550e-02],
       [ 1.93489658e-02,  1.32977989e-03,  6.13377398e-02, -4.61783153e-02, -5.66803004e-02],
       [ 1.23725817e-02, -3.36259937e-02, -2.80428280e-02, -5.10397774e-02, -5.67003500e-02],
       [-3.61571810e-02,  1.00853111e-01, -3.09228014e-02, -2.83331036e-02, -5.66472862e-02],
       [ 2.34581831e-03, -6.81284022e-02,  8.24387435e-03,  7.74020018e-02, -4.14227253e-02],
       [-1.23260432e-01,  5.71699150e-03, -4.03042626e-02,  1.36681390e-02, -6.04810968e-02],
       [-1.20621552e-01, -4.45131617e-02,  3.85569504e-02,  2.10598308e-02, -6.57396442e-02],
       [ 1.08793231e-01, -1.03306065e-03, -3.66151469e-02, -1.02016052e-02,  7.96373912e-02],
       [-1.24908277e-01,  9.68326482e-03,  8.22498557e-02, -2.78042361e-02, -4.69318131e-02],
       [-1.23487186e-01,  4.37479061e-02, -2.04409374e-03,  5.54157538e-02, -4.99801430e-02],
       [-1.32269604e-01, -3.44896620e-02,  1.52163804e-02,  6.90122544e-03, -4.86402433e-02],
       [ 7.14798590e-02,  2.07619029e-02,  1.19669041e-03,  3.83967182e-02,  5.93909401e-02],
       [-8.45844182e-03, -2.12512943e-02,  2.00807447e-02,  3.22713284e-03, -6.80018122e-02],
       [ 7.81316218e-02, -4.48611295e-02,  8.25654057e-02,  1.82456492e-02,  4.71765870e-02],
       [ 3.62243367e-02,  6.95713740e-02, -2.83650772e-02,  7.94077694e-02,  4.34623430e-02],
       [-8.32662827e-02, -3.30075557e-02, -3.96041634e-02,  3.66896806e-02, -6.48095061e-02],
       [-9.63139041e-02, -1.29530566e-02,  5.98248055e-02,  5.37666779e-02, -6.73447841e-02],
       [-8.85538182e-02, -4.35963162e-02, -4.38367591e-02,  3.65705215e-02, -5.88088625e-02],
       [ 1.03551238e-01,  8.51904980e-03, -1.67736180e-02,  4.61390633e-02, -3.86868502e-02],
       [ 2.76267117e-02,  1.05036151e-01, -6.64214155e-02, -2.34090798e-02, -5.60894297e-02],
       [ 4.77168252e-02,  7.60315495e-02,  1.83039743e-03, -2.26693804e-02, -6.67562661e-02],
       [-8.27264127e-02, -1.27303488e-01,  9.81720291e-03,  3.86396520e-02,  6.81981126e-02],
       [-1.33046567e-02,  9.73418925e-02,  5.75959375e-02, -6.07635178e-02, -4.69318370e-02],
       [-5.05530886e-04,  1.22083941e-01, -2.72500863e-02,  2.18196086e-02, -4.69229501e-02],
       [-1.57725226e-02,  5.50813213e-02, -1.06344208e-02, -2.68670762e-02, -4.85375301e-02],
       [-6.98206620e-02, -7.78632317e-02,  3.30572679e-02,  7.09662612e-02,  5.52858601e-02],
       [ 1.34820960e-01,  8.76121684e-02, -1.80267891e-02, -3.50144721e-02, -5.80779705e-02],
       [-3.42520724e-02, -1.03368148e-01,  8.94802871e-02,  3.97476753e-02,  4.04874204e-02],
       [-6.65822540e-02, -9.71968910e-03, -4.94302162e-03,  1.00242168e-01,  3.97157495e-02],
       [ 8.48659133e-02,  8.58397751e-02, -7.89669642e-02, -4.42517535e-03, -6.46898343e-02],
       [ 7.31901248e-02,  1.05894925e-01,  1.92430796e-02,  7.05410439e-03, -6.29533688e-02],
       [ 6.06381461e-02,  6.35656314e-02, -7.92084260e-02, -3.35866597e-04, -5.92053315e-02],
       [ 5.40730604e-02, -6.55939704e-02, -2.42037860e-02,  8.59393077e-02, -4.39885611e-02],
       [ 6.56374418e-02, -1.00151780e-01,  3.17463802e-02,  9.08177624e-02, -4.39751256e-02],
       [-9.72096242e-02,  8.06278307e-02, -2.72234710e-02, -9.42570676e-02,  4.90833978e-02],
       [ 1.49856759e-02, -4.75812200e-02,  6.72585295e-02,  3.67451180e-02, -3.43249160e-02],
       [ 2.62644789e-02, -2.35195495e-02,  4.03102377e-03,  1.03404888e-01, -3.60430277e-02],
       [ 1.33345452e-02, -8.12426331e-02,  1.62787355e-02,  6.32185887e-02, -3.46174213e-02],
       [-8.91694448e-02,  8.47189462e-02, -4.93904675e-03, -4.32911524e-02,  4.35295923e-02],
       [ 1.26808011e-01, -7.92713194e-02,  1.75014919e-02,  7.40458373e-02, -4.17203945e-02],
       [-5.38245941e-02,  1.97236137e-02,  5.14132467e-02, -4.16621800e-02,  3.25395551e-02],
       [-7.14835576e-02,  9.47673861e-02, -2.39453437e-02,  5.28951981e-03,  2.94097116e-02],
       [ 8.51569487e-02, -8.82817461e-02, -1.78007277e-02,  9.76588294e-02, -4.28711596e-02],
       [ 7.74123819e-02, -7.36759393e-02,  4.01823253e-02,  1.01987801e-01, -4.14016472e-02],
       [ 6.77377394e-02, -8.93932965e-02, -1.97944148e-02,  9.09462183e-02, -3.93211858e-02],
       [-5.06494697e-02, -3.76717366e-02, -8.93727834e-03,  2.82878951e-02, -7.06091205e-02],
       [ 1.90395465e-02, -1.33223018e-02,  2.11896585e-02, -1.62368341e-02,  7.88135233e-02],
       [-9.40296468e-02,  2.26646766e-02,  5.89274840e-02, -2.96277794e-02, -5.43646295e-02],
       [-7.54217326e-02,  5.46157347e-02, -3.87760241e-02,  6.34767461e-02, -5.31992260e-02],
       [-9.68195992e-02, -3.10063819e-02, -2.01281708e-02,  1.21666647e-02, -5.53532317e-02],
       [ 5.94863777e-03,  1.38848386e-02,  4.60295934e-02,  3.76902231e-02,  6.35019406e-02],
       [ 7.34787098e-02, -1.33711759e-02, -3.10362643e-02,  9.35855837e-03, -7.24059963e-02],
       [ 2.47589148e-02, -4.99276032e-02,  1.11567840e-01,  1.43309664e-02,  4.73241381e-02],
       [-1.29961485e-02,  6.72015055e-02,  1.12342501e-03,  8.18886329e-02,  4.60079296e-02],
       [-1.06176359e-02, -2.52930581e-02, -9.04066448e-02,  4.33797414e-02, -6.83106923e-02],
       [-1.89936468e-02, -1.49815011e-03,  1.14644632e-02,  5.53401232e-02, -6.73812868e-02],
       [-2.75326151e-02, -4.20189906e-02, -9.88396507e-02,  5.03205927e-02, -6.70701054e-02],
       [ 1.27491638e-03,  5.35969512e-02, -8.84121712e-02, -2.52044664e-02,  8.63746356e-02],
       [-8.76604957e-02, -2.34949392e-02,  1.39626503e-01, -2.52005110e-02, -5.82829776e-02],
       [-7.15731270e-02,  1.79022864e-02,  2.98607287e-02,  7.53129750e-02, -5.83767817e-02],
       [-8.52588356e-02, -7.55020156e-02,  4.93909199e-02,  1.67689243e-02, -5.66276130e-02],
       [-7.81213937e-03,  6.72805669e-02, -3.62073307e-02,  3.45472823e-02,  6.95597504e-02],
       [ 9.66817304e-02, -7.71081980e-02,  6.89403194e-02,  1.68502013e-02, -7.86367234e-02],
       [ 1.73367329e-02, -1.73282663e-02,  6.56228721e-02,  1.24509531e-02,  5.64247302e-02],
       [-2.58194997e-02,  1.03143547e-01, -5.67955731e-02,  8.02924957e-02,  4.69035483e-02],
       [ 3.77605554e-03, -8.79316410e-02, -5.14684624e-03,  5.53995021e-02, -7.61076257e-02],
       [-6.05958417e-03, -5.97188302e-02,  1.05299459e-01,  6.77659952e-02, -7.27216698e-02],
       [-1.30701018e-02, -9.54683302e-02, -1.30965566e-02,  5.59115454e-02, -6.91788041e-02],
       [ 6.16023710e-02, -1.99659365e-02, -1.34142906e-01,  4.04596582e-02,  6.03451226e-02],
       [ 5.07088742e-02, -6.40862518e-02, -2.35609322e-02, -7.42209958e-02,  6.53461634e-02],
       [ 6.64024106e-02,  3.99355772e-02, -4.51752280e-02, -6.69893397e-03,  6.26356157e-02],
       [ 5.22330196e-02, -2.54031226e-02,  3.38631888e-02, -6.06660329e-02, -8.36414489e-02],
       [-1.39660264e-01,  1.96925297e-02, -5.68506054e-02,  1.68988357e-04,  8.16213840e-02],
       [ 1.36581247e-02,  6.35236605e-02, -8.15697928e-02, -2.60521961e-02, -6.23058870e-02],
       [ 5.31257586e-02, -8.11310017e-02,  5.61289864e-02, -1.01901384e-01, -5.16232564e-02],
       [-4.71491305e-02,  3.83320793e-02,  1.93610670e-02, -4.62654406e-02,  8.49983786e-02],
       [-3.54300204e-02,  8.07984247e-03, -1.05567547e-01, -5.95042282e-02,  8.15727441e-02],
       [-2.54250616e-02,  5.81259946e-02,  2.77084439e-02, -5.29535042e-02,  8.32537611e-02],
       [-9.97575856e-02,  5.30642069e-02,  7.80253936e-02,  1.53411710e-02, -4.45556832e-02],
       [-9.20718250e-02, -1.50021065e-02,  7.95606803e-02, -2.48018749e-02, -3.96371077e-02],
       [ 4.53977617e-02,  3.97442566e-03, -9.20974644e-02,  7.56266555e-02,  5.32243767e-02],
       [ 1.39876424e-02, -1.34578945e-03,  1.14364377e-01, -4.18374564e-02, -5.58104817e-02],
       [ 4.96516156e-02, -4.87999052e-02, -1.00786281e-03,  4.55191796e-02,  3.99276901e-02],
       [ 1.21387048e-02,  4.07502571e-02, -7.65792418e-02,  8.23277018e-02,  3.32577161e-02],
       [-5.32752142e-02, -1.55085451e-02,  6.62052331e-02, -1.19629795e-02, -5.85507295e-02],
       [-5.48186755e-02,  5.46947220e-03,  1.33686982e-01, -2.71057994e-03, -5.18008065e-02],
       [-6.19233856e-02, -2.62794249e-02,  5.45983151e-02, -6.09810503e-03, -5.35669198e-02],
       [-1.04759901e-01,  1.16421390e-02,  1.21288499e-02,  5.07827327e-02, -4.60590667e-02],
       [ 3.46328782e-02, -3.30782649e-02,  5.18654394e-03, -1.68208987e-02,  5.71508840e-02],
       [ 3.07652392e-02,  3.89471421e-02,  1.32074030e-02,  6.22574114e-02, -6.05407171e-02],
       [ 4.45983081e-02, -7.96062954e-02,  7.62962151e-02, -2.57067971e-02,  4.24565257e-02],
       [ 9.14937470e-03,  2.51369086e-02, -2.38901777e-02,  3.48997827e-02,  3.92415176e-02],
       [-4.01061921e-02,  2.83041872e-02, -4.46350696e-02,  9.74038219e-02, -6.14794720e-02],
       [-4.41893262e-02,  4.44539820e-02,  4.37056121e-02,  9.53940416e-02, -5.56485176e-02],
       [-4.63411810e-02,  1.16612102e-02, -4.19539815e-02,  8.30316093e-02, -5.26443436e-02],
       [ 4.93428692e-02,  5.62748689e-02, -1.50086982e-02,  3.92825619e-02,  5.50346983e-02],
       [ 6.77499789e-03, -5.20706818e-02,  3.11882075e-02,  7.09724805e-05, -5.39919530e-02],
       [ 4.64387394e-02, -1.09162944e-02,  5.27662262e-02,  1.56267534e-02,  3.83796605e-02],
       [ 1.72455407e-02,  8.18060462e-02, -3.53210176e-02,  6.83986739e-02,  3.65662579e-02],
       [-5.78677811e-02, -7.23043586e-02, -1.94542950e-02,  3.28654510e-02, -5.95079735e-02],
       [-5.87383933e-02, -4.46315786e-02,  5.99901346e-02,  3.72783756e-02, -5.34863313e-02],
       [-6.57724382e-02, -7.82099387e-02, -2.29851197e-02,  3.46220862e-02, -5.41127824e-02],
       [-1.15332216e-01,  4.09132612e-02, -1.41299712e-02,  5.12956543e-02,  6.61882932e-02],
       [ 1.59548664e-02,  2.97936865e-02, -8.93722502e-02, -6.12048870e-02, -4.99579274e-02],
       [ 4.51353037e-02, -7.73722082e-02,  2.56039799e-02, -1.08892540e-01, -4.17036037e-02],
       [-4.64064618e-02,  5.62262191e-02,  4.65904451e-02,  1.99319761e-02,  6.80134436e-02],
       [-3.41086660e-02,  3.26961531e-02, -5.32083693e-02,  4.69175954e-03,  6.68988340e-02],
       [-2.58897218e-02,  6.37246404e-02,  5.01204852e-02,  1.09232973e-02,  6.24594610e-02],
       [-7.60505888e-02, -3.60575115e-02,  7.77110291e-02,  2.66384406e-02,  5.26839416e-02],
       [-9.12709284e-02,  8.21962665e-02, -4.16901274e-02,  8.75704308e-02,  4.41035364e-02],
       [ 1.25874698e-01, -5.41870039e-02, -2.69731326e-02,  3.14843603e-02, -7.20520735e-02],
       [ 1.11844842e-01, -2.98183165e-02,  7.69468025e-02,  4.45221986e-02, -6.96289062e-02],
       [ 9.58312353e-02, -6.51063967e-02, -3.14583003e-02,  3.43255502e-02, -6.57940630e-02],
       [ 2.40941654e-02, -2.12157913e-02, -3.64327892e-02, -8.10089518e-02, -3.41543666e-02],
       [-1.26788441e-02, -2.62764827e-02,  1.18339747e-01,  4.47098322e-04,  5.05534277e-02],
       [-8.77577337e-03, -4.51516525e-02,  4.71992937e-02, -1.27996823e-02,  5.38045934e-02],
       [ 7.03605269e-04, -1.33557012e-02,  1.13214856e-01, -2.79488205e-03,  4.62122640e-02],
       [-5.28686541e-02,  1.05537552e-01, -4.40587454e-04,  7.27590355e-02,  4.95177378e-02],
       [-4.58803899e-02,  8.43720877e-02, -7.36181197e-02,  5.94621298e-02,  4.81333433e-02],
       [-3.59396500e-02,  1.04475515e-01,  4.30385455e-03,  6.06460615e-02,  4.51561856e-02],
       [ 3.39193069e-02, -4.45766975e-02,  1.58316631e-02,  8.42742470e-02, -7.22178210e-02],
       [ 2.25202548e-02, -7.93064600e-02, -9.21016512e-02,  6.96748875e-02, -6.68710787e-02],
       [ 1.58884705e-02, -6.39136729e-02,  7.83952787e-03,  9.01065219e-02, -7.07170976e-02]])})
2026-01-20 11:01:42,761 - final_problem_set.kxor_instance_n25_k2_m237_ell2_eps0.2_kappa0.875_rho1.0 - INFO - Running key extraction (n=25, m=237, ell=2, phase_qubits=13)
2026-01-20 11:01:42,765 - final_problem_set.kxor_instance_n25_k2_m237_ell2_eps0.2_kappa0.875_rho1.0 - INFO - Built voting matrix V (n=25, ell=2, dtype=complex128) in 0.004s
2026-01-20 11:01:42,766 - final_problem_set.kxor_instance_n25_k2_m237_ell2_eps0.2_kappa0.875_rho1.0 - INFO - Eval: adv=1.0000, hamming=0/25 (0.000), corr=1.000
2026-01-20 11:01:42,766 - final_problem_set.kxor_instance_n25_k2_m237_ell2_eps0.2_kappa0.875_rho1.0 - INFO - Key extraction complete: x_hat=14
2026-01-20 11:01:42,766 - final_problem_set.kxor_instance_n25_k2_m237_ell2_eps0.2_kappa0.875_rho1.0 - INFO - Finished step 'KeyExtractionStep' in 0.005s (success: True, problem=kxor_instance_n25_k2_m237_ell2_eps0.2_kappa0.875_rho1.0)
2026-01-20 11:01:42,766 - final_problem_set.kxor_instance_n25_k2_m237_ell2_eps0.2_kappa0.875_rho1.0 - INFO - SUCCESS: len(z_hat)=25
2026-01-20 11:01:42,766 - final_problem_set.kxor_instance_n25_k2_m237_ell2_eps0.2_kappa0.875_rho1.0 - INFO - Metrics: adv=1.0, ham_frac=0.0, corr=1.0
2026-01-20 11:01:42,766 - final_problem_set.kxor_instance_n25_k2_m237_ell2_eps0.2_kappa0.875_rho1.0 - INFO - z_hat (full): [ 1,  1, -1, -1,  1, -1, -1,  1,  1,  1,  1,  1,  1,  1, -1,  1,  1,  1, -1,  1, -1, -1,  1,  1,  1]
