2026-01-20 11:01:31,298 - final_problem_set.kxor_instance_n24_k2_m215_ell2_eps0.15_kappa0.875_rho1.0 - INFO - Starting iteration for /Users/julian/CodingProjects/UniT3/QuarticSpeedupK-XOR/z_Daphne/data/final_problem_set/kxor_instance_n24_k2_m215_ell2_eps0.15_kappa0.875_rho1.0.npz
2026-01-20 11:01:31,299 - final_problem_set.kxor_instance_n24_k2_m215_ell2_eps0.15_kappa0.875_rho1.0 - INFO - Loaded instance (n=24, m=215, k=2)
2026-01-20 11:01:31,299 - final_problem_set.kxor_instance_n24_k2_m215_ell2_eps0.15_kappa0.875_rho1.0 - INFO - Starting step 'ComputeKikuchiStep' (version 0.1) on problem kxor_instance_n24_k2_m215_ell2_eps0.15_kappa0.875_rho1.0 (fields={'ell': 2, 'threshold': 0.0})
2026-01-20 11:01:31,332 - final_problem_set.kxor_instance_n24_k2_m215_ell2_eps0.15_kappa0.875_rho1.0 - INFO - Finished step 'ComputeKikuchiStep' in 0.033s (success: True, problem=kxor_instance_n24_k2_m215_ell2_eps0.15_kappa0.875_rho1.0)
2026-01-20 11:01:31,332 - final_problem_set.kxor_instance_n24_k2_m215_ell2_eps0.15_kappa0.875_rho1.0 - INFO - Starting step 'ClassicalEigenvaluesStep' (version 0.1) on problem kxor_instance_n24_k2_m215_ell2_eps0.15_kappa0.875_rho1.0 (fields={'ell': 2, 'threshold': 0.0, 'kikuchi_matrix': <Dictionary Of Keys sparse matrix of dtype 'int64'
	with 6864 stored elements and shape (276, 276)>, 'num_eigenvalues': 5})
2026-01-20 11:01:31,458 - final_problem_set.kxor_instance_n24_k2_m215_ell2_eps0.15_kappa0.875_rho1.0 - INFO - Finished step 'ClassicalEigenvaluesStep' in 0.125s (success: True, problem=kxor_instance_n24_k2_m215_ell2_eps0.15_kappa0.875_rho1.0)
2026-01-20 11:01:31,458 - final_problem_set.kxor_instance_n24_k2_m215_ell2_eps0.15_kappa0.875_rho1.0 - INFO - Starting step 'KeyExtractionStep' (version 0.1) on problem kxor_instance_n24_k2_m215_ell2_eps0.15_kappa0.875_rho1.0 (fields={'ell': 2, 'threshold': 0.0, 'kikuchi_matrix': <Dictionary Of Keys sparse matrix of dtype 'int64'
	with 6864 stored elements and shape (276, 276)>, 'num_eigenvalues': 5, 'eigenvalues': array([14.22541661, 14.71176626, 15.18564293, 16.31723721, 25.62725732]), 'eigenvectors': array([[ 9.77195800e-03,  2.66112425e-02, -1.18831249e-01,  7.93468556e-02, -5.25227646e-02],
       [-7.31404083e-02,  4.54731627e-04, -8.91461130e-02, -3.45076079e-02, -6.52975936e-02],
       [-1.39349367e-02,  8.70606716e-02, -1.70088875e-02,  9.61254718e-02, -4.82385067e-02],
       [ 8.57988321e-02, -5.15345699e-02,  1.20733503e-02,  6.53090611e-02,  6.10170591e-02],
       [ 2.43854655e-02, -8.71061120e-02,  1.09406085e-02, -9.92673799e-03,  8.28262348e-02],
       [-4.18411823e-02,  1.60616334e-02, -5.60405571e-02,  1.03065333e-01, -7.05487945e-02],
       [ 2.28700917e-02, -1.33605259e-01,  2.65096908e-02,  1.91564892e-02, -5.08809574e-02],
       [-2.37709204e-03,  4.67911275e-02,  1.02441100e-01,  3.31883711e-03,  6.90576562e-02],
       [-1.23460768e-02, -2.68910739e-02,  6.83455690e-02, -8.88265881e-02,  6.91088367e-02],
       [ 1.38433129e-01,  4.55005693e-02, -2.06381713e-02, -2.46121003e-02,  5.48906387e-02],
       [-2.70834203e-02, -8.50889011e-03, -3.03282373e-02,  1.46695883e-02, -7.64071092e-02],
       [-2.79997639e-02,  4.07728919e-02, -6.38374568e-02,  1.07240891e-02, -7.89131620e-02],
       [ 3.36261177e-02,  8.37370813e-02,  6.80986115e-02, -6.42002827e-02,  7.26784880e-02],
       [-3.01253629e-02, -2.10345902e-02,  3.84202925e-02,  9.06458166e-02, -5.17915959e-02],
       [-5.76838101e-03,  5.80069658e-02, -4.51133531e-02, -4.99178680e-02, -6.11165642e-02],
       [ 8.50645159e-02, -8.50573089e-02, -3.27379868e-02, -5.93287101e-02,  7.03625894e-02],
       [ 6.43011099e-03, -8.64417741e-03, -4.70888635e-02,  9.09029010e-02, -8.68741192e-02],
       [ 2.92473257e-02,  2.49984069e-02, -1.27477086e-02, -5.22416020e-02, -5.55131233e-02],
       [-1.24222851e-01, -5.91332848e-03, -3.58968664e-02, -8.18787039e-03,  5.52992369e-02],
       [-4.14038760e-02, -2.00493377e-02, -5.51283249e-02, -1.40483997e-02, -7.23164659e-02],
       [-5.40835791e-02, -2.90950187e-02, -1.30031746e-01,  3.46078668e-02, -6.58112545e-02],
       [ 9.02635905e-03, -3.19988429e-03,  5.18153202e-04, -4.08059205e-02,  8.51100211e-02],
       [-6.77068815e-02, -1.23164111e-02,  2.23139768e-02,  6.34015125e-02, -6.89069784e-02],
       [-9.67136489e-03,  1.96043611e-02, -1.30039003e-01,  5.95601985e-04, -4.98612332e-02],
       [ 2.04814067e-02,  6.95959664e-02, -5.09996002e-02,  8.48423955e-02, -3.43842948e-02],
       [ 1.92334981e-02, -5.28517636e-02,  6.21026871e-02,  2.31590312e-02,  4.42941229e-02],
       [-3.66633656e-02, -7.28588252e-02,  7.62645601e-02, -3.81935042e-02,  5.56501060e-02],
       [ 1.92102060e-02,  2.97757238e-02, -9.77278517e-02,  9.91204950e-02, -5.01638175e-02],
       [ 5.15953986e-02, -8.12246742e-02, -2.32325063e-02,  3.40526666e-02, -3.67697779e-02],
       [-4.81713499e-02,  1.12043522e-02,  1.29587684e-01, -2.47616289e-02,  4.93798672e-02],
       [-5.32434245e-02, -3.60791821e-02,  1.04271725e-01, -8.74638864e-02,  4.86230027e-02],
       [ 6.89130639e-02,  1.96278416e-02,  3.46387881e-02, -4.41161264e-02,  4.25024301e-02],
       [ 3.70263550e-02,  1.44180331e-02, -9.47850144e-02,  4.40452372e-02, -5.86667566e-02],
       [ 3.48056716e-02,  4.91394222e-02, -1.13188799e-01,  3.96181944e-02, -5.58305291e-02],
       [-2.35462573e-02,  3.26071587e-02,  9.85188412e-02, -6.77256815e-02,  4.84447178e-02],
       [ 1.32365137e-02, -8.61641740e-04, -1.77061194e-02,  9.30230603e-02, -3.99812281e-02],
       [ 4.12253115e-02,  6.24768317e-02, -9.29256342e-02, -1.20303453e-02, -4.69378803e-02],
       [ 1.24609716e-02, -7.80592901e-02,  3.64958715e-02, -7.07451381e-02,  5.08447798e-02],
       [ 6.35607792e-02,  1.76704207e-02, -1.07855027e-01,  9.79237095e-02, -6.10378311e-02],
       [ 5.97529798e-02,  3.32848685e-02, -5.65413903e-02, -1.57346216e-02, -3.98051196e-02],
       [-1.28330109e-01, -1.79997686e-02,  2.17988693e-02, -2.78117457e-02,  3.97427115e-02],
       [ 2.21262859e-02,  4.94171268e-03, -1.02439554e-01,  1.82043718e-02, -5.20993676e-02],
       [ 6.23420366e-03, -6.21500958e-04, -1.44691377e-01,  4.92589678e-02, -4.67914933e-02],
       [-5.80519167e-02, -2.66469603e-02,  7.70722512e-02, -6.74666772e-02,  6.52387781e-02],
       [-2.93477058e-03,  8.78183657e-03, -4.52066390e-02,  7.94553960e-02, -5.25582081e-02],
       [-3.25041955e-02,  7.62735621e-02, -3.37466837e-02,  2.24865822e-02, -4.69982110e-02],
       [ 7.90271406e-02, -2.84661789e-02,  2.02941682e-02,  1.19162416e-01,  4.80879072e-02],
       [ 4.16229572e-02, -5.22193758e-02,  2.92529577e-02,  9.05546973e-02,  6.71056515e-02],
       [-6.61374581e-02,  8.00743253e-03, -7.41886269e-02, -2.44304403e-03, -6.76916961e-02],
       [ 4.62047473e-03, -1.21883651e-01,  1.23616795e-02, -5.24974716e-02, -4.46028388e-02],
       [ 1.70786056e-02,  4.78439993e-02,  1.02611283e-01,  8.97699762e-02,  5.95140201e-02],
       [ 1.04947386e-02, -1.60368540e-02,  7.77437337e-02,  1.34016933e-02,  6.15602095e-02],
       [ 1.32808332e-01,  4.68881855e-02, -6.12226575e-03,  4.71978275e-02,  4.77476095e-02],
       [-4.60952400e-02, -1.96693057e-02, -4.46592810e-02, -8.71678786e-02, -6.65231639e-02],
       [-4.78431038e-02,  2.08071698e-02, -7.43655457e-02, -9.11935097e-02, -6.79133689e-02],
       [ 4.69887115e-02,  7.35665136e-02,  6.90206588e-02,  3.82964529e-02,  6.01937416e-02],
       [-4.90288858e-02, -2.64098219e-02,  2.13357672e-02,  1.09920299e-02, -5.01209139e-02],
       [-2.20180754e-02,  3.64294203e-02, -5.13376717e-02, -1.15004054e-01, -5.18073497e-02],
       [ 9.66766029e-02, -6.26420519e-02, -1.16321418e-02,  4.12100539e-02,  6.24132634e-02],
       [-2.16760563e-02, -2.09481249e-02, -6.84696952e-02, -3.94675851e-02, -8.26127141e-02],
       [ 9.54125126e-03,  9.47142871e-03, -1.86745131e-02, -1.03732432e-01, -4.39731801e-02],
       [-8.96621478e-02,  6.11823056e-03, -1.77697898e-02,  6.60578639e-02,  4.82947060e-02],
       [-5.05050962e-02, -2.70112577e-02, -5.76984929e-02, -9.65074248e-02, -5.85963759e-02],
       [-6.45135606e-02, -3.16267378e-02, -1.27393272e-01, -5.49438931e-02, -5.73712903e-02],
       [ 3.59359793e-02,  1.07589663e-02,  2.13785527e-02,  8.24514901e-02,  7.93411872e-02],
       [-9.00351123e-02, -2.19517489e-02,  3.18216947e-03, -3.68335716e-02, -6.46786741e-02],
       [ 3.61427047e-02, -9.87541811e-02, -1.91362285e-02,  2.60966859e-03,  4.05300263e-02],
       [-9.81145412e-03, -1.29705823e-01, -2.75261369e-02, -5.97584505e-02,  5.00299340e-02],
       [-3.42868364e-03,  8.50460105e-02, -2.32407502e-03,  1.12573993e-01, -4.56581122e-02],
       [ 3.17103911e-02, -3.25710941e-02,  4.20677768e-02,  4.74066977e-02, -3.35528401e-02],
       [-2.52331736e-02, -4.71887367e-02,  4.00350794e-02, -4.73328974e-02,  4.92581003e-02],
       [-2.71282342e-02, -8.72805379e-02,  1.16356204e-02, -1.02256769e-01,  4.45382308e-02],
       [ 8.00565036e-02, -2.89472877e-02, -3.93070420e-02, -5.87314452e-02,  3.85007417e-02],
       [ 8.44131897e-03,  8.19882518e-02,  1.56964501e-02,  6.59294130e-02, -5.36334932e-02],
       [ 8.43443960e-03,  1.21192057e-01, -6.59147866e-03,  6.40685674e-02, -5.54433109e-02],
       [-5.28423175e-04, -2.38704913e-02,  9.66777858e-03, -9.18377292e-02,  4.82429912e-02],
       [-3.89434935e-03,  4.38667992e-02,  5.22675201e-02,  1.01508652e-01, -3.57946089e-02],
       [ 1.71228166e-02,  1.11490998e-01, -5.01421912e-03,  8.95982318e-03, -4.33136522e-02],
       [ 2.62042106e-02, -1.15145569e-01, -4.72268672e-02, -7.84723611e-02,  4.24070530e-02],
       [ 3.08897410e-02,  8.92552761e-02,  1.10264606e-02,  1.17837199e-01, -5.57324514e-02],
       [ 3.78862506e-02,  7.63957093e-02,  1.65119155e-02,  2.56276426e-03, -3.67365030e-02],
       [-9.92861277e-02, -6.36259414e-02, -5.06160315e-02, -4.30680845e-02,  3.61893708e-02],
       [-3.03580090e-03,  6.61416004e-02, -3.25920576e-03,  3.93526223e-02, -4.80132877e-02],
       [-1.84112099e-02,  5.67965056e-02, -6.20262219e-02,  7.28867522e-02, -4.73942462e-02],
       [-2.11175370e-02, -9.34979973e-02, -3.82515188e-02, -8.59987370e-02,  5.47844260e-02],
       [-1.93077472e-02,  6.44295993e-02,  4.42461312e-02,  8.74843399e-02, -4.45264062e-02],
       [-4.82228287e-02,  8.85911486e-02,  4.41564275e-02, -1.09447677e-01, -5.69488562e-02],
       [ 7.09253498e-02, -5.48815872e-02, -6.31478661e-03,  3.45808992e-02,  5.90299363e-02],
       [ 5.46192304e-03,  7.34423424e-02, -5.81900501e-02,  6.67892659e-02,  3.83045657e-02],
       [-2.90456507e-02,  6.28200603e-04, -2.77553561e-02, -1.06237451e-01, -5.20474041e-02],
       [-2.26428332e-02,  6.14756440e-02, -6.95346634e-03, -4.32762861e-02, -5.74696724e-02],
       [-1.22776928e-01, -1.00246512e-02,  5.02318703e-02, -6.36500727e-02, -4.13245328e-02],
       [ 5.38959768e-02, -2.99643288e-02, -3.08595646e-02,  1.07760227e-01,  5.69371487e-02],
       [ 5.60751265e-02, -6.38492334e-02, -7.61647281e-03,  1.12230063e-01,  5.88506782e-02],
       [-5.89419883e-02, -2.64640718e-02,  1.20782436e-03, -6.71773311e-02, -5.62692290e-02],
       [ 5.16413196e-02, -1.17175134e-02, -7.01586932e-02,  1.41728920e-02,  4.35018585e-02],
       [ 3.05517553e-02, -6.39165821e-02, -7.08097677e-03,  1.22254283e-01,  4.43494595e-02],
       [-8.28422591e-02,  8.54160349e-02,  6.65952863e-02, -6.04618339e-02, -4.96655627e-02],
       [ 3.54278093e-02, -4.08866697e-02, -2.88550282e-02,  7.44029547e-02,  7.18206981e-02],
       [ 1.98675444e-03, -3.53519813e-02, -2.76240204e-02,  1.08678018e-01,  3.76939538e-02],
       [ 6.67904552e-02,  2.88041273e-02,  6.65968509e-02, -7.93806419e-02, -4.13516824e-02],
       [ 5.60533478e-02, -1.77595547e-02, -1.16441904e-02,  1.10990066e-01,  5.01815294e-02],
       [ 7.71592356e-02, -1.28075185e-02,  5.95952766e-02,  8.26015273e-02,  5.43364786e-02],
       [-4.53938231e-02,  4.36166959e-02,  5.79235523e-02, -1.02215586e-01, -6.34115150e-02],
       [ 8.99040783e-02, -2.56267245e-02, -7.20070925e-02,  6.33829162e-02,  5.58972774e-02],
       [ 6.63182626e-03, -9.10870168e-02, -1.60266547e-02, -4.91788713e-02,  7.93620077e-02],
       [-5.03651748e-02,  9.09414992e-02, -8.16989752e-02,  2.81663004e-02,  5.23538267e-02],
       [ 4.35425372e-02,  1.38676462e-02, -4.10197956e-02, -7.06852242e-02, -7.67908054e-02],
       [ 4.84058465e-02,  8.81877830e-02, -3.65220756e-03,  3.16782878e-02, -7.25711532e-02],
       [-1.15193094e-01, -4.63575175e-03,  7.38872683e-02, -2.03553588e-02, -5.66252220e-02],
       [-1.26363223e-02, -5.66273925e-02, -4.54990315e-02,  5.29390055e-02,  7.85751223e-02],
       [-1.16903307e-02, -1.07338508e-01, -1.33395382e-02,  5.67418465e-02,  8.05592363e-02],
       [ 4.48754018e-03, -2.03660777e-02,  6.63023775e-03, -3.81035249e-04, -7.65191767e-02],
       [ 6.99328904e-03, -2.88549399e-02, -1.00202732e-01, -5.23525289e-02,  5.82810619e-02],
       [-2.36438105e-02, -1.04508044e-01, -1.02395521e-02,  1.00965719e-01,  6.19110515e-02],
       [-4.30455890e-02,  1.32556603e-01,  9.82942907e-02, -7.41122960e-04, -6.72109015e-02],
       [-5.37733682e-02, -7.00400310e-02, -4.21825019e-02, -1.43787653e-02,  9.05990128e-02],
       [-5.34666471e-02, -6.01122366e-02, -3.84364181e-02,  9.33001926e-02,  5.20293644e-02],
       [ 1.42022113e-01,  4.49228848e-02,  8.68836977e-02, -3.63375542e-02, -5.21645387e-02],
       [ 1.55520724e-03, -3.75244130e-02, -1.67581243e-02,  7.28208077e-02,  6.94934406e-02],
       [ 2.45327067e-02, -3.29925882e-02,  7.78579823e-02,  2.52650207e-02,  7.44749805e-02],
       [ 3.56109506e-02,  7.64987547e-02,  8.75414589e-02, -3.31656688e-02, -8.72764295e-02],
       [ 3.43553373e-02, -4.58520925e-02, -9.40427194e-02, -6.20200210e-03,  7.09026886e-02],
       [ 3.19625231e-02, -1.22589178e-01,  4.20236443e-02,  4.33256169e-02, -4.84981472e-02],
       [-1.70938249e-02,  4.13377212e-02,  8.68344767e-02, -3.20258377e-02,  7.11814321e-02],
       [-2.52517900e-02, -3.08078446e-02,  4.51655225e-02, -1.16004326e-01,  6.59876427e-02],
       [ 1.34826797e-01,  4.16282939e-02, -3.71353155e-02, -5.48025975e-02,  5.63594379e-02],
       [-1.00818635e-02, -1.89621729e-03, -6.60805640e-03,  5.07718906e-02, -7.29793643e-02],
       [-1.04518747e-02,  4.70501420e-02, -3.65248017e-02,  4.70327331e-02, -7.50730771e-02],
       [ 1.68518784e-02,  6.67287617e-02,  3.81170782e-02, -8.68584961e-02,  6.52436903e-02],
       [-1.92413609e-02, -1.60447332e-02,  5.18637003e-02,  1.09021824e-01, -4.90078421e-02],
       [ 6.70186842e-03,  6.68896502e-02, -3.00728155e-02, -1.99672606e-02, -6.31606163e-02],
       [ 6.01505210e-02, -7.84753499e-02, -4.91478633e-02, -8.12058571e-02,  6.27268022e-02],
       [ 2.43894521e-02, -3.55894872e-04, -1.72578158e-02,  1.27973228e-01, -8.19851876e-02],
       [ 3.99581984e-02,  3.09009662e-02,  4.40664608e-03, -2.51421839e-02, -5.37410355e-02],
       [-1.31347457e-01, -1.18448579e-02, -5.25907137e-02, -3.44751376e-02,  5.30135841e-02],
       [-2.21732808e-02, -1.07300785e-02, -2.78506184e-02,  1.84532368e-02, -6.51061748e-02],
       [-4.09454686e-02, -2.14305459e-02, -1.05760521e-01,  6.35402393e-02, -6.34973637e-02],
       [-8.90991254e-03, -1.07904760e-02, -2.59778580e-02, -7.95661712e-02,  8.12108657e-02],
       [-5.01451302e-02, -5.58644402e-03,  4.22206428e-02,  9.21812608e-02, -6.49737642e-02],
       [-5.24047786e-02,  1.44988101e-01, -1.00731792e-02,  2.80426003e-02,  4.33091135e-02],
       [-6.64562823e-02,  1.12319255e-01, -3.07190556e-02, -3.37399083e-02,  4.76749718e-02],
       [ 4.14190550e-02,  1.17495867e-01, -6.60464804e-02,  6.29680792e-03,  3.47202628e-02],
       [ 4.01110931e-02, -1.38046208e-01,  6.08960753e-02, -2.04740496e-02, -4.75147049e-02],
       [ 4.66592628e-02, -1.20875096e-01,  4.57077612e-02, -2.84258350e-02, -5.37387101e-02],
       [-3.42666688e-02,  1.60693080e-01, -3.26752212e-02, -8.65260780e-03,  4.29987307e-02],
       [ 2.13917350e-02, -1.09624723e-01,  8.27811233e-02,  4.04279377e-02, -3.51790439e-02],
       [ 4.43940689e-02, -7.56207665e-02,  3.74775243e-02, -6.06771946e-02, -4.16176997e-02],
       [-3.63147106e-03,  7.05137413e-02, -9.80150192e-02, -8.99345455e-03,  4.50330711e-02],
       [ 6.97226013e-02, -1.58428790e-01,  6.41384268e-02,  2.07311379e-02, -5.41852758e-02],
       [ 5.93329173e-02, -7.88677502e-02,  5.06402098e-02, -5.69851835e-02, -3.47297482e-02],
       [-1.04122951e-01,  8.19453486e-02, -7.20851326e-02,  1.60987282e-02,  3.24464898e-02],
       [ 2.86267562e-02, -1.26505773e-01,  4.03611739e-02, -3.43125373e-02, -4.22576255e-02],
       [ 1.85830469e-02, -1.44966448e-01, -1.65116075e-02, -4.24285707e-03, -4.54453175e-02],
       [-5.82240735e-02,  1.45525701e-01, -8.88046280e-02,  7.73452368e-03,  5.25223431e-02],
       [ 1.31696377e-02, -1.22975408e-01,  8.39677338e-02,  1.18754141e-02, -4.30676266e-02],
       [ 6.43317262e-02, -2.57494806e-02, -8.84341414e-02,  1.67379935e-02, -6.46297742e-02],
       [-9.50487651e-02, -9.05426290e-02, -1.60813134e-03, -3.01979175e-02, -5.45772019e-02],
       [-3.44615574e-02,  6.52517486e-02,  5.66156348e-02,  5.88469123e-02,  7.06334708e-02],
       [-3.94806332e-02,  2.53200295e-02,  9.64444562e-02,  7.07929875e-02,  7.79389342e-02],
       [ 2.14809074e-02, -1.19122108e-01, -8.00092121e-02, -1.03962600e-02, -6.33189694e-02],
       [-9.78346597e-03,  6.50678786e-02, -1.63684422e-02, -3.78785777e-02,  5.26330473e-02],
       [-4.01232074e-02, -6.56622225e-03,  6.23237424e-02,  9.90158000e-02,  5.57681499e-02],
       [-2.41866343e-02,  2.28939079e-02,  4.83271880e-03, -1.25499984e-02, -6.66802538e-02],
       [-7.43038927e-02,  7.31092717e-02,  7.65876583e-02,  1.76473136e-03,  8.11491372e-02],
       [-6.29903204e-02,  1.63215116e-02,  2.56746495e-02,  9.12238210e-02,  4.73165489e-02],
       [ 1.56822245e-01, -3.74679229e-02,  1.16156211e-02, -4.62348155e-02, -5.11020366e-02],
       [-1.80770736e-02,  6.62370897e-02,  6.96384870e-02,  7.40190090e-02,  6.22204987e-02],
       [-1.83727248e-04,  7.45944979e-02,  1.42760119e-01,  3.02569741e-02,  6.10529091e-02],
       [ 5.60271122e-02, -6.12939015e-02, -3.27457254e-02, -4.26239898e-02, -7.82189940e-02],
       [ 1.39857652e-02,  6.88766900e-02,  4.47269120e-03,  6.11385233e-03,  6.91689311e-02],
       [-8.70947720e-02, -3.29241961e-02,  2.43019054e-02,  4.43251248e-02, -5.46483344e-02],
       [-4.89191563e-02, -8.98624347e-03,  2.43353080e-02, -4.03070649e-02,  7.64949954e-02],
       [-5.06390387e-02, -6.23319464e-02,  5.84776718e-02, -3.59126130e-02,  7.89596342e-02],
       [ 3.13895685e-02, -5.36951310e-02, -4.91703108e-02,  7.40770657e-02, -6.35751540e-02],
       [-1.34352320e-02,  8.81439509e-03, -3.97842452e-02, -9.80952310e-02,  4.78838798e-02],
       [-5.36048537e-02, -7.33213956e-02,  4.34426225e-02,  2.94772907e-02,  6.09417530e-02],
       [-1.31807053e-02,  8.46525132e-02,  3.36735125e-02,  6.90868903e-02, -6.18340174e-02],
       [-8.45755518e-02, -1.16127979e-02,  3.56424387e-02, -1.09755394e-01,  8.04322656e-02],
       [-7.74209366e-02, -3.73441818e-02,  7.16427751e-03,  3.20841895e-02,  5.17861879e-02],
       [ 1.50992841e-01,  1.57274486e-02,  3.57595242e-02,  1.95536452e-02, -4.81072719e-02],
       [-3.04846782e-02,  1.76135019e-03,  4.50843691e-02, -8.81838735e-03,  6.83897247e-02],
       [-8.21633263e-03,  1.04067832e-02,  1.15321395e-01, -5.11044830e-02,  6.22278867e-02],
       [ 6.78722290e-02,  2.14972967e-02,  5.64221724e-03,  6.28663565e-02, -7.86619637e-02],
       [ 1.57405717e-03, -3.39303226e-03, -2.99611474e-02, -8.81369288e-02,  6.90615122e-02],
       [ 1.28626235e-01,  6.90886025e-02, -6.47361263e-02,  1.96413617e-02,  5.97939803e-02],
       [ 1.32474968e-01,  3.12386324e-02, -4.14483965e-02,  2.37517703e-02,  6.19489667e-02],
       [-1.08519107e-01, -9.79439497e-02,  2.72153741e-02,  1.65873779e-02, -5.01348089e-02],
       [ 8.40675220e-02,  4.87363123e-02, -7.76288179e-02, -4.56348485e-02,  3.80223134e-02],
       [ 8.89554929e-02,  5.93131984e-03, -3.35458899e-02,  6.28241365e-02,  4.74669340e-02],
       [-1.36456415e-01,  5.01030013e-03,  8.82976560e-02,  1.51512459e-02, -4.83699998e-02],
       [ 1.17848159e-01,  7.57515487e-02, -6.45803676e-02, -3.73744809e-02,  6.89054527e-02],
       [ 4.91428723e-02,  2.29735980e-02, -5.00356304e-02,  5.89916462e-02,  4.00550009e-02],
       [ 1.70374891e-02, -3.62188861e-02,  8.58449404e-02, -1.56915104e-02, -4.08287999e-02],
       [ 1.25018850e-01,  6.89477863e-02, -3.92688774e-02,  3.78055631e-02,  5.32888949e-02],
       [ 1.25620758e-01,  6.76412384e-02,  2.27568725e-02, -1.02070108e-03,  4.96726975e-02],
       [-1.18434494e-01, -6.01140913e-02,  8.87931357e-02, -2.25849360e-03, -6.17203167e-02],
       [ 1.34405644e-01,  5.57923826e-02, -8.56350649e-02, -1.92109942e-02,  5.01473323e-02],
       [ 7.37413945e-03,  1.68729748e-02, -8.33783958e-03, -5.34191152e-02, -7.95272969e-02],
       [ 1.80254728e-03,  1.08203062e-01,  1.49642397e-02, -5.03749298e-03,  7.54612970e-02],
       [-1.17504286e-02, -4.02432359e-02,  8.30160614e-02,  5.57354789e-02, -5.75949791e-02],
       [ 2.19945510e-02,  4.22103639e-02, -3.33259460e-03, -1.07089496e-01, -6.55469738e-02],
       [ 4.93006250e-02, -5.99595933e-02, -8.06134634e-02, -3.13934315e-03,  6.74044769e-02],
       [ 4.64675326e-02, -3.22209172e-02,  1.58966068e-02,  2.15196042e-02, -8.86777017e-02],
       [ 5.42036340e-02,  6.96520063e-03,  2.84591179e-02, -9.95206112e-02, -5.59310693e-02],
       [-1.39769541e-01,  8.00864110e-03, -7.21917568e-02,  3.41433963e-02,  5.22580318e-02],
       [-7.15820478e-03, -3.62285586e-02, -1.22672779e-03, -6.78064052e-02, -6.76836577e-02],
       [-2.68375096e-02, -4.81700939e-02, -8.87402273e-02, -1.77293597e-02, -6.82928294e-02],
       [-2.83643269e-02,  2.09950103e-02, -6.33050809e-02,  2.78653792e-02,  8.65725976e-02],
       [-4.03798800e-02, -3.17206672e-02,  7.39976008e-02,  9.89443999e-03, -6.99449234e-02],
       [ 1.49412727e-03,  5.62780550e-02,  4.30539839e-02, -9.05552035e-04,  7.26840234e-02],
       [-1.17225869e-02, -6.65900426e-04,  6.06239010e-02,  5.36861483e-02, -5.95495966e-02],
       [ 2.02488842e-02,  7.66467981e-02, -2.96874499e-02, -1.02258188e-01, -6.30137917e-02],
       [ 5.12907559e-02, -1.05135304e-01, -5.48640381e-02, -6.03306138e-04,  6.96421870e-02],
       [ 4.93601844e-02,  2.57071332e-02, -2.19938538e-02,  1.60809588e-02, -9.20136506e-02],
       [ 5.11915330e-02,  3.78425879e-02,  5.26261293e-03, -9.50306825e-02, -5.32392558e-02],
       [-1.44419486e-01, -2.14608029e-02, -5.38929036e-02,  3.62037296e-02,  5.40040331e-02],
       [-6.58338459e-03,  2.86185151e-03, -3.04894848e-02, -7.38174494e-02, -7.05124643e-02],
       [-2.76808874e-02, -5.97291840e-03, -1.19036948e-01, -2.22329095e-02, -6.97773967e-02],
       [-3.36950548e-02, -3.79937675e-02, -3.11946608e-02,  3.61334290e-02,  9.60050705e-02],
       [-4.19425180e-02,  1.19039421e-02,  4.65889546e-02,  6.75707891e-03, -7.18349074e-02],
       [ 1.25920571e-02,  7.40843481e-02, -4.29815184e-02, -7.68423687e-02,  4.74818581e-02],
       [-1.30779961e-02,  2.16046221e-02,  3.41205488e-02,  5.53445374e-02,  6.04239723e-02],
       [-5.53130971e-02, -6.36068918e-03,  4.42797299e-02,  4.62814231e-02, -6.53425787e-02],
       [-3.21102885e-02,  1.09658043e-01,  2.64331573e-02, -7.29613947e-02,  7.98111063e-02],
       [-4.05707417e-02,  3.40554842e-02, -7.54581965e-04,  5.16317342e-02,  4.70412890e-02],
       [ 1.29571290e-01, -5.95194871e-02,  4.28276353e-02,  5.67648515e-04, -5.07351921e-02],
       [ 1.45828635e-02,  1.05002825e-01,  3.62589591e-02,  2.23353134e-02,  6.66168292e-02],
       [ 2.94125293e-02,  1.01436897e-01,  1.06392889e-01, -2.39109965e-02,  6.08883328e-02],
       [ 1.73103979e-02, -9.55225695e-02,  1.46686563e-02,  2.79644183e-02, -7.82187233e-02],
       [ 4.08144038e-02,  8.73423512e-02, -3.16283362e-02, -5.08724923e-02,  6.31994315e-02],
       [ 1.34039893e-03,  1.76965176e-02,  4.74999675e-02, -2.23183522e-03, -4.65151733e-02],
       [ 4.17700251e-02, -2.63358415e-02, -1.02071089e-01, -7.20467349e-02,  4.56600297e-02],
       [ 1.22181227e-02, -3.92119330e-02,  8.08089291e-02,  1.11027852e-01, -6.00071439e-02],
       [ 2.57663773e-02, -2.07778140e-03,  6.19622457e-02, -7.68915565e-03, -3.91194869e-02],
       [-8.05633148e-02,  1.41878952e-02, -8.66880271e-02, -3.16619772e-02,  3.61328468e-02],
       [-2.06792449e-02, -4.31252988e-02,  5.63744125e-02,  2.88050031e-02, -5.17557661e-02],
       [-3.39787376e-02, -4.98636567e-02, -9.78297409e-03,  6.56446305e-02, -5.04995454e-02],
       [-2.36590042e-03,  2.99290823e-02, -1.07615953e-01, -7.53647822e-02,  5.83237872e-02],
       [-3.45424540e-02, -3.20956904e-02,  1.00617386e-01,  8.03767929e-02, -4.75627931e-02],
       [ 2.53045409e-02, -1.00272893e-01, -4.15090882e-02,  5.02484539e-02,  5.41238332e-02],
       [ 6.14809380e-02,  5.36358014e-02, -1.57318328e-02, -5.83825175e-02, -7.67209005e-02],
       [ 4.47038905e-02,  4.26286638e-02,  5.34440280e-03, -1.05457238e-01, -4.05115191e-02],
       [-1.15231470e-01, -3.18703148e-02, -3.99128244e-02,  6.51568947e-02,  4.16576725e-02],
       [ 8.13296475e-03,  2.54593464e-02, -1.95579211e-02, -1.04810830e-01, -5.42637551e-02],
       [-6.33076867e-03,  1.95109304e-02, -8.68151735e-02, -6.70416733e-02, -5.44578122e-02],
       [-3.76338972e-02, -5.47101395e-02, -2.06909822e-02,  9.04638848e-02,  6.85490264e-02],
       [-2.11744820e-02,  3.46294232e-02,  4.21013530e-02, -5.18507222e-02, -6.05255078e-02],
       [ 2.44605207e-02, -7.26360196e-02, -8.36974746e-02, -6.77682703e-02,  7.69049961e-02],
       [-7.56984676e-03, -6.96212929e-02, -6.78757443e-02,  5.30882346e-02,  4.87373449e-02],
       [ 8.94419653e-02,  5.44786671e-02,  1.11869985e-01, -1.78810860e-04, -4.81483304e-02],
       [ 6.08328077e-02, -4.73536615e-02, -5.60878094e-02,  2.23665435e-02,  6.38864675e-02],
       [ 8.07895797e-02, -3.83926625e-02,  2.82230581e-02, -2.48301981e-02,  6.40318919e-02],
       [-3.53409917e-02,  7.79194757e-02,  1.19898062e-01,  2.47239512e-02, -7.42517678e-02],
       [ 7.91775508e-02, -4.91833112e-02, -1.14324929e-01, -4.58367148e-02,  6.01552115e-02],
       [ 9.36420096e-02,  1.33721950e-02,  2.36118666e-02, -5.94824172e-02, -6.50705959e-02],
       [-1.87929772e-01,  6.41255718e-03, -7.60350907e-02, -8.64325689e-03,  5.94446310e-02],
       [ 2.55232635e-02, -3.99865067e-02, -1.32076552e-02, -1.37637970e-02, -7.90414317e-02],
       [ 1.24729521e-03, -5.32733875e-02, -1.13234598e-01,  4.45833850e-02, -7.79430710e-02],
       [-7.80485197e-02,  2.02320960e-02, -6.02771487e-02, -5.34707303e-02,  9.88273148e-02],
       [-1.08533949e-02, -3.34858046e-02,  7.47804276e-02,  7.97005954e-02, -7.95199340e-02],
       [-1.15428347e-01, -1.01435665e-02, -5.19257211e-02,  6.00593786e-02,  3.50210286e-02],
       [ 3.92676892e-02, -2.77556563e-03,  8.70404395e-03, -1.05532381e-01, -4.91741004e-02],
       [ 2.46827205e-02, -7.45834014e-03, -5.53098020e-02, -6.96105481e-02, -4.96839837e-02],
       [-6.83175868e-02, -1.84845314e-02, -5.11800294e-02,  8.59593943e-02,  5.78112602e-02],
       [ 1.59928432e-02,  5.76775334e-03,  5.69659176e-02, -4.95354746e-02, -4.76453553e-02],
       [-1.23953220e-01,  1.71567564e-02, -5.19867493e-02,  5.25736350e-02,  4.96749651e-02],
       [-1.09773367e-01,  2.57751368e-02,  1.33049035e-02,  1.59306617e-02,  4.98957906e-02],
       [ 1.67634176e-01, -7.36660137e-05,  1.01910689e-01, -2.14079229e-02, -5.72876560e-02],
       [-1.01817413e-01,  1.04531098e-02, -1.09382823e-01, -5.71771035e-03,  5.06669071e-02],
       [-3.46998920e-02, -5.12330066e-02, -9.67724681e-02, -3.80771194e-02, -6.02731806e-02],
       [-9.88429595e-03,  3.05171222e-02, -2.92576254e-02,  5.44995517e-02,  7.68733869e-02],
       [-4.82052153e-02, -3.67635307e-02,  4.39008821e-02, -1.59646074e-02, -6.23872078e-02],
       [ 1.10868215e-02,  4.55037190e-02,  7.39583537e-02, -1.66802545e-03,  8.17265692e-02],
       [-7.14662409e-02, -5.08088273e-02, -3.85763509e-02,  3.26473712e-02, -6.61246493e-02],
       [ 2.50611582e-02,  2.39928593e-02, -1.26690002e-01, -3.64229488e-02,  8.30275387e-02]])})
2026-01-20 11:01:31,460 - final_problem_set.kxor_instance_n24_k2_m215_ell2_eps0.15_kappa0.875_rho1.0 - INFO - Running key extraction (n=24, m=215, ell=2, phase_qubits=13)
2026-01-20 11:01:31,464 - final_problem_set.kxor_instance_n24_k2_m215_ell2_eps0.15_kappa0.875_rho1.0 - INFO - Built voting matrix V (n=24, ell=2, dtype=complex128) in 0.004s
2026-01-20 11:01:31,465 - final_problem_set.kxor_instance_n24_k2_m215_ell2_eps0.15_kappa0.875_rho1.0 - INFO - Eval: adv=1.0000, hamming=0/24 (0.000), corr=1.000
2026-01-20 11:01:31,465 - final_problem_set.kxor_instance_n24_k2_m215_ell2_eps0.15_kappa0.875_rho1.0 - INFO - Key extraction complete: x_hat=17
2026-01-20 11:01:31,465 - final_problem_set.kxor_instance_n24_k2_m215_ell2_eps0.15_kappa0.875_rho1.0 - INFO - Finished step 'KeyExtractionStep' in 0.005s (success: True, problem=kxor_instance_n24_k2_m215_ell2_eps0.15_kappa0.875_rho1.0)
2026-01-20 11:01:31,465 - final_problem_set.kxor_instance_n24_k2_m215_ell2_eps0.15_kappa0.875_rho1.0 - INFO - SUCCESS: len(z_hat)=24
2026-01-20 11:01:31,465 - final_problem_set.kxor_instance_n24_k2_m215_ell2_eps0.15_kappa0.875_rho1.0 - INFO - Metrics: adv=1.0, ham_frac=0.0, corr=1.0
2026-01-20 11:01:31,465 - final_problem_set.kxor_instance_n24_k2_m215_ell2_eps0.15_kappa0.875_rho1.0 - INFO - z_hat (full): [-1, -1, -1, -1,  1,  1, -1, -1,  1,  1,  1, -1, -1,  1, -1, -1,  1, -1, -1,  1, -1, -1,  1, -1]
