2026-01-20 11:01:26,615 - final_problem_set.kxor_instance_n24_k2_m176_ell2_eps0.15_kappa1.0_rho0.0 - INFO - Starting iteration for /Users/julian/CodingProjects/UniT3/QuarticSpeedupK-XOR/z_Daphne/data/final_problem_set/kxor_instance_n24_k2_m176_ell2_eps0.15_kappa1.0_rho0.0.npz
2026-01-20 11:01:26,616 - final_problem_set.kxor_instance_n24_k2_m176_ell2_eps0.15_kappa1.0_rho0.0 - INFO - Loaded instance (n=24, m=176, k=2)
2026-01-20 11:01:26,616 - final_problem_set.kxor_instance_n24_k2_m176_ell2_eps0.15_kappa1.0_rho0.0 - INFO - Starting step 'ComputeKikuchiStep' (version 0.1) on problem kxor_instance_n24_k2_m176_ell2_eps0.15_kappa1.0_rho0.0 (fields={'ell': 2, 'threshold': 0.0})
2026-01-20 11:01:26,643 - final_problem_set.kxor_instance_n24_k2_m176_ell2_eps0.15_kappa1.0_rho0.0 - INFO - Finished step 'ComputeKikuchiStep' in 0.027s (success: True, problem=kxor_instance_n24_k2_m176_ell2_eps0.15_kappa1.0_rho0.0)
2026-01-20 11:01:26,643 - final_problem_set.kxor_instance_n24_k2_m176_ell2_eps0.15_kappa1.0_rho0.0 - INFO - Starting step 'ClassicalEigenvaluesStep' (version 0.1) on problem kxor_instance_n24_k2_m176_ell2_eps0.15_kappa1.0_rho0.0 (fields={'ell': 2, 'threshold': 0.0, 'kikuchi_matrix': <Dictionary Of Keys sparse matrix of dtype 'int64'
	with 5896 stored elements and shape (276, 276)>, 'num_eigenvalues': 5})
2026-01-20 11:01:26,800 - final_problem_set.kxor_instance_n24_k2_m176_ell2_eps0.15_kappa1.0_rho0.0 - INFO - Finished step 'ClassicalEigenvaluesStep' in 0.157s (success: True, problem=kxor_instance_n24_k2_m176_ell2_eps0.15_kappa1.0_rho0.0)
2026-01-20 11:01:26,800 - final_problem_set.kxor_instance_n24_k2_m176_ell2_eps0.15_kappa1.0_rho0.0 - INFO - Starting step 'KeyExtractionStep' (version 0.1) on problem kxor_instance_n24_k2_m176_ell2_eps0.15_kappa1.0_rho0.0 (fields={'ell': 2, 'threshold': 0.0, 'kikuchi_matrix': <Dictionary Of Keys sparse matrix of dtype 'int64'
	with 5896 stored elements and shape (276, 276)>, 'num_eigenvalues': 5, 'eigenvalues': array([-11.27981899, -10.79783069,  10.26021227,  10.41350032,  11.51712749]), 'eigenvectors': array([[ 5.95952091e-02, -4.00264771e-02,  1.95527691e-02,  1.96179998e-02, -6.79353056e-03],
       [-5.03436838e-02,  6.95997105e-02,  5.95455243e-03,  8.06764618e-03,  4.68397050e-03],
       [ 1.58221029e-02, -1.30698660e-01, -9.34132689e-03, -1.42192639e-02, -3.69408141e-03],
       [-5.25174395e-02,  3.91370488e-02, -9.04674119e-03, -1.03134710e-02, -3.31685573e-03],
       [ 1.19980198e-01,  3.13099706e-02,  2.84259657e-03,  4.38649752e-03, -4.72048648e-03],
       [ 9.46252970e-02,  1.14969689e-01,  5.10807095e-03,  2.94573639e-03,  1.05845714e-02],
       [ 6.05539352e-02,  9.08954507e-02,  6.67147105e-03,  2.00569999e-03, -4.39163570e-03],
       [ 9.66326802e-02,  6.51265658e-02, -2.16790843e-02, -1.89013678e-02, -5.20103991e-03],
       [-5.21261346e-02,  1.19274605e-01,  1.55604997e-02,  4.61328190e-03,  1.42873464e-03],
       [-3.04507935e-02, -1.39470759e-02, -1.93971069e-03, -7.89007762e-03, -9.19096373e-04],
       [ 1.14708712e-01,  1.38960266e-02,  6.79501031e-03,  1.37513186e-02,  1.15023072e-02],
       [-8.49380575e-02,  1.61149163e-02, -2.36654751e-03, -1.97915760e-04, -3.12902952e-03],
       [ 1.26016899e-01,  3.24358729e-02, -1.37191998e-03, -1.13873878e-02, -3.45821787e-03],
       [ 3.54959118e-02,  1.26721004e-01, -1.60154002e-02, -1.95567022e-02, -1.81806775e-02],
       [-4.59037888e-02,  1.18152072e-01,  1.51305837e-02,  2.44891782e-02, -1.10906803e-03],
       [ 7.40397759e-02,  1.65033438e-02, -2.97254606e-03,  8.20083828e-03, -2.94654832e-03],
       [ 7.40210217e-02,  5.54782473e-02, -3.30466636e-03, -5.04266273e-03, -7.93779973e-04],
       [-1.08586107e-01, -1.00870098e-01, -1.48848756e-03, -4.20144394e-04, -1.15015565e-02],
       [ 1.16395012e-01,  1.30623152e-02, -1.62658064e-02, -1.15928264e-02,  1.21446036e-02],
       [ 1.00473671e-01,  4.24675424e-02,  1.19893424e-02,  1.27764478e-02, -8.91409994e-03],
       [ 4.09737507e-02, -6.59447125e-02, -6.76535269e-03, -4.34930070e-03,  1.46824922e-02],
       [ 6.78696508e-02, -7.84794327e-02,  3.15446195e-02,  3.10291018e-02, -1.61388125e-02],
       [ 1.12865186e-01,  1.01106191e-01, -7.79852352e-04, -4.83397765e-03,  1.46837488e-03],
       [-1.48437661e-02,  3.19684377e-02, -6.55241932e-03, -8.82528152e-03, -2.78582443e-02],
       [-4.77717043e-03, -3.88111242e-02, -4.99894907e-02,  5.02932694e-02, -2.33995691e-02],
       [-1.98141531e-02,  3.62831513e-02,  4.04440761e-02,  1.31573391e-02,  1.91281398e-02],
       [ 5.13699263e-02, -4.69920111e-02,  3.92336032e-02, -7.26012644e-02,  5.84321636e-02],
       [ 5.99467513e-02, -2.11702463e-02, -8.65340148e-02,  1.11266148e-01, -7.86732859e-02],
       [ 3.44842412e-02, -6.34405003e-03, -8.26944126e-02, -2.68336265e-02,  1.06066771e-03],
       [ 4.24223340e-02, -3.29547090e-02, -2.32011365e-02,  9.47258235e-02, -2.81390628e-02],
       [-8.48005891e-03,  4.43206567e-02,  5.28416730e-02, -4.13222378e-02,  2.98295767e-02],
       [-1.42730335e-02,  7.38694180e-03, -3.56370550e-02,  1.00457260e-01, -4.65860339e-02],
       [ 5.66253182e-02, -5.49355181e-02,  9.26782059e-03, -1.68538031e-01,  7.86162140e-02],
       [-4.67772680e-02,  5.86041896e-02, -3.60462218e-02,  1.13316192e-03, -2.56604718e-03],
       [ 5.46214187e-02, -5.37631944e-02,  6.12917512e-02,  1.00603079e-01, -5.92411764e-02],
       [ 2.08729180e-02,  1.67836546e-02, -4.20092637e-02,  1.40907129e-01, -8.78292282e-02],
       [-1.20905830e-02,  4.19073432e-02,  1.89979919e-02, -1.44201675e-01,  4.96129760e-02],
       [ 3.77413153e-02, -3.83466968e-02, -6.93066960e-02, -9.80231063e-02,  3.34094258e-02],
       [ 2.86334667e-02, -2.02678364e-02,  7.33842892e-02, -7.35463406e-02,  8.21953020e-02],
       [-5.30000460e-02,  4.16672443e-02,  3.96913003e-02, -3.04472994e-02,  2.52044150e-02],
       [ 4.66561776e-02, -5.56741410e-02, -2.52349400e-03,  1.09352458e-01, -5.21097592e-02],
       [ 4.76653187e-02, -3.74110097e-02,  3.16204810e-02, -1.57713136e-01,  9.37667484e-02],
       [ 1.00651700e-02, -2.91173044e-02,  2.29871048e-02,  1.49826550e-01, -9.83216582e-02],
       [ 2.03821962e-02, -5.24432266e-02, -6.14312697e-03, -1.16513813e-01,  3.72423952e-02],
       [ 6.77177548e-02, -3.92598373e-02,  4.65167908e-02,  1.33753963e-02,  1.33342681e-03],
       [ 1.30487472e-02,  1.83100423e-02, -2.08763938e-03,  3.46762800e-02,  2.05159563e-02],
       [ 1.01888129e-02, -2.58175089e-02,  1.33547454e-03, -2.02520824e-02,  1.04293847e-02],
       [-2.78668919e-02,  6.30283333e-02,  1.25123411e-03, -8.41383002e-02,  4.84461087e-03],
       [-4.81193454e-02,  5.65482337e-02, -1.84428361e-02,  1.16780594e-01, -1.25599091e-04],
       [-3.06963291e-02,  2.67780555e-02, -2.07029705e-02, -4.83472259e-03,  1.04208534e-03],
       [-4.84791453e-02,  4.80400807e-02,  5.20757846e-03,  5.00112383e-02,  3.36027554e-02],
       [-6.09043944e-03, -2.32199653e-02,  1.16711634e-02, -3.69942550e-02, -7.45806248e-03],
       [ 1.53377901e-02, -1.08257690e-02, -6.33805518e-03,  8.65139028e-02,  1.52989906e-02],
       [-2.11750294e-02,  6.80741096e-02,  8.71028843e-03, -1.37285532e-01, -1.86017222e-02],
       [ 3.09594637e-02, -5.44090544e-02,  2.66648613e-03, -1.18634170e-02,  1.06444646e-02],
       [-2.53093693e-02,  6.73781119e-02,  2.26769447e-02,  9.31205143e-02, -3.27926232e-03],
       [-1.96483126e-02,  6.44181262e-03, -6.64403709e-03,  1.32319182e-01,  1.02078159e-02],
       [-4.01867297e-03, -3.08417321e-02,  4.12007966e-03, -1.10082949e-01, -2.99291742e-02],
       [-2.96592875e-02,  5.45838931e-02, -1.64796485e-02, -7.09297770e-02, -7.15411523e-03],
       [-3.90038729e-02,  3.81915052e-02,  2.23291514e-02, -9.78059513e-02,  1.31628377e-02],
       [ 5.68576401e-02, -6.48041023e-02,  7.75659046e-03, -3.18881608e-02,  1.26301064e-03],
       [-4.18720644e-02,  8.09327773e-02, -2.46736186e-03,  9.36669527e-02,  4.38123200e-03],
       [-3.04702701e-02,  5.08965083e-02,  3.57534487e-03, -1.50588175e-01, -2.17631720e-03],
       [-3.93112408e-04,  1.42731853e-02,  1.66652138e-02,  1.38325998e-01, -1.82210802e-02],
       [-1.33735970e-02,  3.76793307e-02, -7.22709504e-03, -8.56998823e-02, -2.02333341e-02],
       [-6.01755083e-02,  7.40810156e-02,  9.84883660e-03,  5.72887516e-03, -3.31754803e-04],
       [ 1.37870613e-02,  2.14512884e-02, -2.50789568e-02, -2.30692417e-02, -5.03418195e-04],
       [-1.01078222e-02, -9.66996241e-02, -5.22294366e-02,  2.05240384e-02, -4.11946903e-02],
       [ 2.80430817e-02, -1.11836705e-01,  1.08940120e-01, -4.10843735e-02,  5.62291994e-02],
       [ 1.26506582e-02, -6.92732944e-02,  5.90000304e-02,  5.85345966e-03, -1.13498420e-02],
       [ 1.61147687e-02, -8.34133945e-02,  7.70462008e-02, -5.88870005e-02,  2.16822779e-02],
       [ 1.86382654e-02, -6.13459676e-03, -7.00839357e-02,  2.62842162e-02, -1.95943251e-02],
       [-5.75162371e-03,  1.59346352e-02,  7.81992938e-02, -4.31129588e-02,  4.17942881e-02],
       [-1.93267616e-03, -1.08964829e-01, -8.11642167e-02,  6.71303865e-02, -8.01039641e-02],
       [ 3.66691580e-03,  6.60984459e-02,  3.47532780e-02, -1.37094879e-02, -3.14266848e-03],
       [ 3.66513274e-03, -1.12451184e-01, -1.10015395e-02, -1.86607364e-02,  5.63265721e-02],
       [ 1.02247368e-02, -4.29226385e-02,  9.05063439e-02, -5.79505648e-02,  5.07145447e-02],
       [ 1.82770381e-02,  1.51342510e-04, -9.85644877e-02,  7.21522809e-02, -6.28254882e-02],
       [-1.26644355e-03, -8.10739860e-02,  2.52893588e-02,  3.00314299e-02, -4.76754617e-02],
       [ 4.69666946e-03, -6.64754128e-02, -9.65383192e-02,  1.18065572e-02, -6.25088110e-02],
       [-2.05525121e-02,  1.29783611e-01, -6.33644176e-02,  1.19423700e-02, -3.40786389e-02],
       [-1.37970494e-02, -1.10106580e-01,  4.87927236e-02, -4.35684022e-02,  7.42377437e-02],
       [ 6.70645252e-03, -8.48263914e-02, -1.06456383e-01,  5.05264239e-02, -8.25845395e-02],
       [-1.30962829e-02, -1.65179514e-03,  3.58171271e-02, -1.63391981e-02,  1.10410986e-01],
       [-1.14755531e-02, -1.24431498e-02, -5.28113776e-02,  4.46867178e-02, -5.44060744e-02],
       [ 2.84193398e-02, -1.28343591e-01, -4.58164250e-02,  1.07646283e-02,  1.18653168e-02],
       [-2.98281307e-02,  3.95932962e-02,  2.67601140e-02,  5.24939900e-02, -1.16645912e-02],
       [-5.99947871e-02,  2.00800705e-02, -2.57815931e-02, -7.06532949e-02,  1.65544794e-02],
       [-2.71173055e-02,  1.43928947e-02,  1.96736181e-02,  1.95511867e-02,  6.65615954e-03],
       [-3.36293074e-02,  2.90536607e-02, -5.53368272e-02, -4.74338528e-02, -1.09544374e-02],
       [ 7.49926647e-04, -3.08148434e-02,  1.42644675e-02,  2.56228656e-02, -1.54499251e-03],
       [ 7.81362429e-03, -5.07533288e-04, -3.62367829e-02, -6.05493421e-02, -2.36713983e-03],
       [-5.43946035e-02,  5.78163752e-02,  6.08285457e-02,  1.07633735e-01,  2.15567929e-02],
       [ 1.83533852e-02, -2.91839667e-02, -3.78226360e-03,  7.75329437e-03, -4.55650250e-03],
       [-4.47459441e-02,  4.84486266e-02, -5.28524928e-02, -8.27559091e-02, -3.22575159e-03],
       [-1.72558288e-02, -3.04681138e-03, -6.00847357e-02, -9.70914833e-02,  1.72023028e-03],
       [ 5.54502009e-03, -2.59266004e-02,  7.22240010e-02,  8.09713342e-02,  2.44473870e-02],
       [-3.21137397e-02,  3.48158938e-02,  4.50450944e-02,  6.39470608e-02,  1.31276125e-02],
       [-2.81783704e-02,  2.00004547e-02,  2.72995770e-02,  7.39892884e-02, -1.18263393e-02],
       [ 4.98806920e-02, -3.84438740e-02,  1.77988843e-02,  2.11835079e-02,  2.38193722e-04],
       [-3.62799276e-02,  4.90613564e-02, -4.27197754e-02, -7.68864186e-02, -1.43116537e-02],
       [-2.59442764e-02,  3.03871932e-02,  7.63557225e-02,  1.06574848e-01, -1.23505806e-02],
       [ 1.31865096e-03,  2.01208149e-02, -6.66863330e-02, -1.20455090e-01,  7.10792316e-04],
       [-8.65972543e-03,  2.64914166e-02,  6.49739793e-02,  7.31864086e-02,  1.53150960e-02],
       [-6.13622662e-02,  4.11412107e-02, -9.25160380e-03, -1.19978402e-02, -7.43083768e-03],
       [ 1.00262619e-01,  4.96037664e-02, -5.87340485e-02, -7.00372959e-02, -6.11767130e-02],
       [ 5.74370319e-02,  4.69519326e-02, -5.05297326e-02, -6.41244884e-03,  8.47625071e-03],
       [ 9.99910112e-02,  1.87833206e-02, -5.00630846e-02,  3.30993698e-02, -7.15844429e-02],
       [-1.99394803e-02,  9.97724196e-02,  5.54994342e-02,  9.17433226e-03,  3.37524488e-02],
       [-2.69286053e-02, -2.14072541e-03, -3.84752283e-02, -3.86394631e-02, -6.32456840e-02],
       [ 9.30895318e-02, -2.49720339e-02,  2.25295440e-02,  6.23520457e-02,  1.05674986e-01],
       [-8.52989797e-02,  3.59559245e-02, -5.05307303e-02,  3.16388891e-02, -1.21609108e-02],
       [ 9.62436710e-02, -1.56876570e-02,  2.77531923e-02, -6.61005251e-02, -4.66889343e-02],
       [ 2.76114174e-02,  7.01936929e-02, -4.08386324e-02, -6.64467932e-02, -7.00045225e-02],
       [-2.46986697e-02,  9.60661787e-02,  3.58021528e-02,  2.10418425e-02,  1.00534119e-01],
       [ 8.19549440e-02, -1.22418840e-02, -4.00702144e-02,  2.69103137e-02,  4.97052918e-02],
       [ 7.29204435e-02,  1.41447425e-02,  4.82080135e-02,  1.10998985e-01,  4.95795601e-02],
       [-1.29297817e-01, -4.12243136e-02,  4.06869662e-02,  2.02634419e-02,  3.17716128e-02],
       [ 1.03341740e-01, -2.66231629e-02, -8.25848696e-03, -4.04092042e-02, -6.31616593e-02],
       [ 8.83604206e-02, -2.02449795e-03,  4.11977411e-02,  9.29453239e-02,  9.08792772e-02],
       [ 1.24205828e-02, -5.60699535e-02,  9.81926373e-05, -1.07036447e-01, -7.60491984e-02],
       [ 4.40752106e-02, -7.45851091e-02,  1.33822558e-02,  6.13789142e-03,  8.28597394e-02],
       [ 1.37189305e-01,  3.97289815e-02,  3.52362321e-02, -3.57385192e-03, -8.94445922e-03],
       [ 5.79670465e-02,  1.15917446e-01,  9.00549238e-02,  1.45949892e-03, -1.64915894e-02],
       [ 9.17414089e-02,  9.08162151e-02,  1.12199212e-01, -6.26633690e-02,  9.87361271e-02],
       [-5.02648240e-02,  1.05123550e-01, -8.92302479e-02,  6.65877682e-03, -3.43679417e-02],
       [-2.07447177e-02, -7.86681585e-03,  7.02417520e-02,  2.73513683e-02,  7.27909119e-02],
       [ 1.05214585e-01,  4.13326182e-02, -6.39022128e-02, -5.12906560e-02, -1.15961436e-01],
       [-9.53136823e-02, -1.31084937e-02,  8.39156233e-02, -4.64617635e-02,  1.53870833e-02],
       [ 1.01372331e-01,  5.63110031e-02, -4.16657259e-02,  1.09524259e-01,  8.91004898e-02],
       [ 2.15027292e-02,  1.16528371e-01,  1.02690661e-01,  7.99192034e-02,  1.11764493e-01],
       [-4.58463847e-02,  1.11136325e-01, -9.76103581e-02, -2.86545800e-03, -1.36692787e-01],
       [ 8.30579017e-02,  4.40753260e-02,  5.69772386e-02, -3.69551152e-02, -7.79292332e-02],
       [ 6.61234624e-02,  6.17093069e-02, -7.80497331e-02, -1.09923815e-01, -5.81387421e-02],
       [-1.11133866e-01, -1.44032377e-01, -6.86161605e-02, -6.52134714e-03, -3.69952569e-02],
       [ 1.28608402e-01,  4.95530090e-02,  2.89654567e-02,  4.19736541e-02,  9.75845189e-02],
       [ 8.38560834e-02,  5.55384361e-02, -8.47284110e-02, -8.75830548e-02, -1.16666259e-01],
       [ 4.56094207e-02, -4.88881244e-02,  1.12564949e-03,  1.30349854e-01,  1.10551432e-01],
       [ 6.38003073e-02, -7.10085541e-02, -4.96666377e-02,  8.34105900e-03, -1.17746382e-01],
       [ 1.04551544e-01,  1.28104279e-01, -4.76822238e-02,  1.23468776e-02,  1.45450991e-02],
       [ 4.05724414e-02,  5.36174718e-02,  1.16019082e-01,  8.88562163e-03, -9.41592615e-03],
       [-2.48792603e-02,  6.64543561e-02, -4.90794357e-02,  4.42659893e-03,  6.93703371e-03],
       [-5.86166232e-03, -4.41895155e-03,  8.11303285e-02,  1.62764775e-02, -1.33161707e-02],
       [ 8.00118894e-02,  5.56614907e-02, -1.28215244e-01, -3.77964658e-02,  4.59443318e-03],
       [-5.07415806e-02, -1.84772922e-02,  1.47949581e-02, -4.85311817e-03, -7.97939050e-03],
       [ 6.09592454e-02,  5.67662028e-02,  4.81755733e-02,  3.78677458e-02,  7.51494898e-03],
       [ 1.81437505e-02,  8.02788682e-02,  1.16950957e-01,  1.62209653e-02, -1.30004552e-02],
       [-3.46309524e-02,  5.23903029e-02, -1.44183398e-01, -4.77360376e-02,  1.29417626e-02],
       [ 6.36192866e-02,  5.02212001e-02, -4.32611428e-02, -3.79333887e-02, -7.15852568e-03],
       [ 3.88645804e-02,  4.46672085e-02, -6.50675306e-02,  1.09076342e-02,  1.20726245e-02],
       [-6.32667813e-02, -1.06435028e-01, -3.93764632e-02, -8.07795615e-03,  3.69377961e-03],
       [ 8.57002033e-02,  5.39821796e-02,  8.79193353e-02,  2.81404032e-02,  3.30181257e-03],
       [ 5.04109737e-02,  5.33370850e-02, -1.31691956e-01, -2.94682557e-02,  5.33162660e-03],
       [ 1.74657145e-02, -4.61749240e-02,  8.22001377e-02,  5.31246757e-02,  1.15188317e-02],
       [ 4.18262052e-02, -3.10554916e-02, -1.06408681e-01, -3.27350762e-02, -9.03412723e-03],
       [ 8.21398311e-02,  1.20368230e-01, -7.46949537e-03,  1.92974526e-02,  9.97723204e-03],
       [-3.01815980e-02,  8.98224633e-02, -7.85431508e-02,  4.25860253e-02, -3.68180037e-02],
       [-8.87677430e-03, -4.90322598e-03,  4.56628658e-02, -6.60087192e-02,  5.54993483e-02],
       [ 1.18176924e-01,  1.06436326e-02, -1.04412432e-02,  1.26998732e-01, -1.07918074e-01],
       [-5.52886611e-02,  9.73011205e-03,  5.91060412e-02, -1.38620771e-02,  2.81544457e-04],
       [ 1.03107986e-01,  1.80837477e-02, -8.16336425e-02, -5.01219922e-02,  7.29390323e-02],
       [ 2.60231857e-02,  8.25830026e-02,  4.60435272e-02, -9.25845243e-02,  7.53029749e-02],
       [-4.47026351e-02,  7.62125627e-02, -2.79572872e-02,  1.22329205e-01, -7.28298865e-02],
       [ 7.83228171e-02,  1.69027546e-02,  9.53479384e-02,  6.70222607e-02, -5.73538884e-02],
       [ 5.40667160e-02,  3.52110738e-02, -8.63551520e-02,  1.88186337e-02, -9.38583098e-02],
       [-7.40482292e-02, -5.99637817e-02, -6.44620412e-02,  3.08527523e-02, -4.95719356e-02],
       [ 1.13347797e-01,  9.81546092e-03, -1.08162273e-02, -8.01906155e-02,  9.34430941e-02],
       [ 6.25629657e-02,  2.20728458e-02, -3.98594612e-02,  9.71790064e-02, -1.06415373e-01],
       [ 2.28579667e-02, -5.02922595e-02, -4.71546023e-02, -6.25736353e-02,  1.52856515e-01],
       [ 3.88184183e-02, -5.67885996e-02,  1.40299637e-02,  9.84486774e-02, -7.11601341e-02],
       [ 9.47831915e-02,  6.67181083e-02, -6.10657200e-02, -1.40413264e-02,  1.31680283e-02],
       [ 1.03803264e-02, -1.83705236e-02, -6.85108963e-02,  1.53119237e-02, -3.73253448e-02],
       [-1.76110195e-02,  1.08056406e-01,  7.53082006e-02, -1.48095834e-02,  4.62839672e-02],
       [ 1.50330977e-02, -7.10164819e-02, -2.83808222e-02,  1.76242012e-02, -1.81976093e-03],
       [-1.80257075e-02,  1.11666851e-01,  2.12083723e-03, -1.94692881e-02, -4.41965468e-02],
       [-1.70940074e-02,  3.46632650e-02, -7.80059078e-02,  1.04208313e-02, -4.09245114e-02],
       [-5.99804458e-03, -1.32527485e-02,  9.45414054e-02, -4.22350057e-02,  6.95620532e-02],
       [-2.65905747e-02,  8.56165623e-02, -1.32623870e-02, -8.08911733e-03,  4.24527785e-02],
       [-2.86801519e-02,  6.74197508e-02,  7.71606753e-02,  1.58827184e-02,  3.34889775e-02],
       [ 4.37777834e-02, -1.24958895e-01,  5.30856729e-02, -6.00687848e-03,  2.39782359e-02],
       [-3.06694863e-02,  1.20596643e-01, -4.89515546e-02,  5.57290340e-03, -4.67708115e-02],
       [-2.10611834e-02,  8.50238493e-02,  9.45641883e-02, -5.49912733e-04,  6.55604325e-02],
       [ 8.57594042e-03,  9.93158327e-03, -4.40732272e-02, -2.25655074e-02, -6.43865469e-02],
       [-1.23606550e-03,  2.89364755e-02,  6.00258274e-02, -1.55977568e-02,  4.80190387e-02],
       [-5.22623729e-02,  1.35449090e-01,  2.39679309e-02, -6.29734243e-03, -6.52841504e-03],
       [-4.50029300e-02,  2.37559940e-03, -1.16442275e-02,  1.72906003e-03, -8.28528245e-02],
       [ 1.60057736e-02,  1.42453975e-03,  6.47502968e-02, -3.29003059e-02,  7.68351913e-03],
       [-2.95729469e-02, -1.82719880e-03, -6.11873891e-02,  4.17631849e-02,  6.45607853e-02],
       [-7.94915638e-03, -1.89377767e-02,  4.81460102e-02,  2.24157166e-02,  8.62112189e-02],
       [ 1.64996930e-02, -1.37493724e-02, -2.65057912e-02,  2.67613117e-02, -7.80225984e-02],
       [-3.04638385e-02, -5.51051755e-03,  6.68228401e-02, -6.92109997e-04, -4.57283327e-02],
       [-1.41328807e-02, -7.22312632e-03, -5.52255624e-02, -7.81786320e-02, -6.75899759e-02],
       [ 2.39873442e-02,  1.84281748e-02, -4.33262748e-02, -4.06322561e-03, -3.56777022e-02],
       [-3.75364994e-02, -4.57621411e-03, -1.14599305e-02,  2.22047300e-03,  7.87980294e-02],
       [-1.60705106e-02, -5.87863563e-03, -2.74525624e-02, -3.31109151e-02, -1.07627441e-01],
       [-6.34364690e-03,  1.25874611e-02, -3.92470734e-02,  6.70308304e-02,  1.09520517e-01],
       [-1.41285722e-02,  9.21868016e-03,  8.41419590e-03,  4.38787812e-02, -8.66853503e-02],
       [-3.48500749e-02, -1.87939090e-02, -4.84996439e-02, -7.80695802e-04,  6.61282765e-03],
       [-9.98075344e-02,  5.35919685e-02, -9.13230411e-02,  4.97764266e-02, -1.89727718e-02],
       [ 1.05536074e-01, -2.72274161e-02,  1.23464927e-01, -4.37744945e-02, -7.40925863e-02],
       [ 3.05841849e-02,  7.71519616e-02,  1.70333161e-03, -2.24536164e-02, -1.14768005e-01],
       [-1.89401024e-02,  1.10405159e-01, -4.19845392e-02, -6.81828527e-02,  1.25699213e-01],
       [ 8.37609451e-02, -2.90914764e-02, -1.39852770e-01, -2.20583279e-02,  6.80841608e-02],
       [ 9.75993344e-02,  7.94263222e-03,  3.99940276e-02,  1.09845891e-01,  7.99405946e-02],
       [-1.44351175e-01, -2.98027679e-02,  3.86529926e-02,  1.74521506e-03,  5.37910541e-02],
       [ 1.14975971e-01, -4.97571439e-02,  6.41151976e-02,  1.15806767e-02, -9.40309037e-02],
       [ 1.01252648e-01, -1.21317388e-02, -4.44303261e-02,  3.45793625e-02,  1.59718155e-01],
       [ 2.13710408e-02, -5.69206351e-02,  1.08045763e-01, -7.26251915e-02, -1.26786046e-01],
       [ 5.09262980e-02, -9.29058747e-02, -8.06404647e-02, -8.72609956e-02,  1.29059574e-01],
       [ 1.27156305e-01,  1.55346662e-02,  6.87964839e-02,  7.70097857e-03,  3.59124029e-03],
       [-9.16703892e-02,  4.35477143e-02,  3.90579733e-02, -2.68902173e-02,  2.08709680e-02],
       [-2.76507240e-02, -4.29402170e-02,  8.58210169e-02, -4.82437081e-02,  1.27781016e-02],
       [ 2.56566435e-02, -7.03578063e-02, -9.47394792e-02,  4.24041832e-02, -1.73622157e-02],
       [-6.81907252e-02,  3.29633877e-02, -3.00952920e-02,  2.00959773e-02, -1.58933727e-02],
       [-5.70926619e-02,  5.75704064e-03, -7.41322752e-02,  4.15392781e-02, -1.82546020e-02],
       [ 7.74100581e-02, -1.33814739e-02, -3.57798262e-02,  1.37335439e-02, -1.21691123e-02],
       [-9.80655532e-02,  5.53407832e-02,  6.33351497e-02, -3.46425400e-02,  2.16134548e-02],
       [-5.51547805e-02,  2.00759936e-02, -1.01747332e-01,  4.68498914e-02, -3.74847952e-02],
       [-1.42265984e-02,  4.06437784e-02,  7.72687512e-02, -4.89312578e-02,  3.88952431e-02],
       [-2.87781436e-02,  5.09669303e-02, -5.90117786e-02,  3.62015050e-02, -2.41985930e-02],
       [-1.05586168e-01,  1.02584426e-02, -9.00037327e-03, -5.99595131e-04,  6.34776046e-03],
       [ 4.28724476e-02,  8.62257921e-02, -8.87669520e-02,  6.59107621e-02,  6.57951355e-02],
       [-3.19098447e-02,  1.09675391e-01,  1.40044706e-01,  1.05119494e-03, -8.82428992e-02],
       [ 8.34667120e-02, -1.31438175e-02,  9.21154730e-02,  2.14301290e-03, -3.04318669e-02],
       [ 8.52858410e-02,  1.61279752e-02,  4.03416589e-02, -1.36720012e-01, -5.21223295e-02],
       [-1.17331935e-01, -3.99618038e-02,  2.12541271e-02, -2.68541107e-02, -3.64592821e-02],
       [ 1.36046419e-01, -3.71841100e-02, -1.09860946e-01,  2.97166460e-02,  5.96102122e-02],
       [ 8.12282378e-02, -1.08594409e-03,  1.19766889e-01, -7.94574793e-02, -7.80700872e-02],
       [ 3.22368583e-02, -6.50014306e-02, -1.15647569e-01,  9.10560426e-02,  6.09977435e-02],
       [ 5.84923928e-02, -8.87079221e-02,  1.30216113e-01,  2.58570204e-02, -7.59195499e-02],
       [ 1.45487401e-01,  4.28906165e-02, -3.17008209e-02, -1.51136177e-02, -3.38978820e-03],
       [-1.76160484e-02,  2.71076105e-02, -1.70022800e-02,  3.01118322e-02, -1.20156159e-01],
       [ 2.54594671e-02,  5.85435186e-02,  1.05166187e-01, -1.23842860e-02, -7.69120217e-02],
       [ 1.61199398e-02,  5.11590709e-02, -6.20631119e-02, -1.22473736e-01, -7.24095965e-02],
       [-2.11559500e-02, -1.00740272e-01, -6.31725764e-02, -1.96440336e-02, -6.55019309e-02],
       [ 3.67636902e-02,  7.90473300e-02, -2.97492369e-02,  2.43542198e-02,  1.13366675e-01],
       [ 2.39894987e-02,  6.20605312e-02, -2.06359526e-02, -6.94740320e-02, -1.25520836e-01],
       [ 1.53620404e-02, -1.46429895e-02, -6.46560837e-02,  1.35484131e-01,  1.48638144e-01],
       [ 1.68759792e-02, -1.35696932e-02,  2.87920982e-02,  4.07986639e-02, -1.27537372e-01],
       [ 1.85588691e-02,  1.09131003e-01, -6.55556113e-02,  5.03708166e-03,  2.00913963e-02],
       [-1.71292379e-02,  7.99554904e-02, -1.41050071e-01, -3.89869059e-02,  5.80091058e-02],
       [-3.00078245e-02,  5.84852283e-02,  5.72337394e-02,  6.66057377e-02,  1.12066898e-01],
       [ 6.11024639e-02, -1.05269676e-01,  4.94987203e-02,  1.44310627e-03,  4.36885645e-02],
       [-2.75598726e-02,  1.15766936e-01,  6.27910127e-02,  4.54240542e-02, -1.09909642e-01],
       [-2.74207717e-02,  7.83450548e-02, -1.84482435e-02, -2.50218473e-02,  1.40739176e-01],
       [ 6.38363615e-03,  9.55287927e-03,  1.16002684e-01, -1.53641483e-02, -1.60637262e-01],
       [-4.08359597e-03,  3.10246645e-02, -6.06328948e-02, -9.86673010e-02,  1.01045599e-01],
       [-5.21096197e-02,  1.28172705e-01,  8.12466873e-02,  9.85416062e-03, -3.83231006e-03],
       [ 4.51025239e-02,  1.50332793e-02, -5.18698443e-02,  8.25769640e-02,  6.18750413e-02],
       [-9.38465605e-02, -2.98159377e-02, -2.20105477e-02,  5.49193045e-03,  2.52484181e-02],
       [ 7.05676424e-02, -2.63542591e-02,  1.01964690e-01,  1.63925569e-02, -4.25917667e-02],
       [ 7.72021972e-02, -5.89735585e-04, -1.39833948e-01,  1.11920642e-02,  8.24601753e-02],
       [ 2.11681899e-02, -4.19629071e-02,  1.20143439e-01, -9.69031123e-03, -5.62310730e-02],
       [ 3.06155102e-02, -6.44998025e-02, -1.35672750e-01, -6.63997768e-02,  5.42571182e-02],
       [ 8.17329663e-02,  1.85062055e-02,  2.19897847e-02,  1.70256343e-02,  7.72468603e-03],
       [-6.39394194e-02, -4.92701939e-02,  3.94544378e-02,  1.38369335e-02,  2.63133862e-02],
       [ 6.53787391e-02,  1.46334470e-02, -8.65536475e-03, -7.69205596e-02, -6.62169119e-02],
       [ 7.23969429e-02,  2.24766210e-02,  4.72970953e-02,  1.44056755e-01,  8.37000412e-02],
       [ 2.18280227e-02, -3.85176885e-02,  1.15935791e-02, -1.78826272e-01, -6.90573692e-02],
       [ 2.54165120e-02, -4.16743808e-02,  2.70860338e-02,  4.51675800e-02,  1.10699231e-01],
       [ 7.84510261e-02,  6.18032138e-02,  4.12229200e-02, -1.20475781e-02, -1.00888826e-02],
       [-1.40805982e-01, -2.60646318e-02, -1.99096423e-02, -1.14546614e-03, -3.17455688e-02],
       [-8.40943561e-02, -3.93366763e-02,  4.95007765e-02,  7.67627406e-03,  4.17855714e-02],
       [-4.81309528e-02,  5.93129876e-02, -1.53215334e-02, -1.21273804e-02, -3.26912946e-02],
       [-6.09563403e-02,  8.29957028e-02,  3.45973641e-02, -1.33719175e-02,  4.00477443e-02],
       [-1.16746191e-01, -1.07903830e-01,  2.17449803e-02,  1.31601310e-03,  2.33543041e-03],
       [ 1.16695820e-01, -1.49377295e-02,  6.13609717e-02, -3.11894527e-02, -1.21665744e-01],
       [ 3.32192720e-02, -7.01154235e-02, -9.04427642e-02,  4.20405324e-02,  7.99532755e-02],
       [ 3.54914824e-02, -8.86232132e-02,  6.14164831e-02,  4.97408747e-02, -8.04815516e-02],
       [ 1.26670021e-01,  1.68276350e-02, -5.21784426e-02, -1.21838279e-02, -1.12859418e-03],
       [ 1.79483173e-02, -4.62996917e-02,  9.65664748e-02, -1.30148094e-01, -1.33137778e-01],
       [ 4.92590183e-02, -6.37556502e-02, -4.49665207e-02, -4.26432754e-02,  1.19712985e-01],
       [ 1.15168401e-01,  4.75856993e-02,  7.50897017e-02,  3.17367186e-03, -7.99686566e-03],
       [ 4.01874751e-03, -1.27764526e-02,  9.72952962e-02,  2.64114927e-02, -1.16377852e-01],
       [ 5.58332184e-02, -5.98472638e-02, -4.14104967e-02, -2.48728967e-02, -1.30327317e-02],
       [ 5.22202154e-02, -9.91100639e-02,  5.63436223e-02,  6.66245290e-03,  8.59567153e-03]])})
2026-01-20 11:01:26,803 - final_problem_set.kxor_instance_n24_k2_m176_ell2_eps0.15_kappa1.0_rho0.0 - INFO - Running key extraction (n=24, m=176, ell=2, phase_qubits=13)
2026-01-20 11:01:26,807 - final_problem_set.kxor_instance_n24_k2_m176_ell2_eps0.15_kappa1.0_rho0.0 - INFO - Built voting matrix V (n=24, ell=2, dtype=complex128) in 0.004s
2026-01-20 11:01:26,808 - final_problem_set.kxor_instance_n24_k2_m176_ell2_eps0.15_kappa1.0_rho0.0 - INFO - Eval: adv=0.3182 (no ground-truth z available)
2026-01-20 11:01:26,808 - final_problem_set.kxor_instance_n24_k2_m176_ell2_eps0.15_kappa1.0_rho0.0 - INFO - Key extraction complete: x_hat=20
2026-01-20 11:01:26,808 - final_problem_set.kxor_instance_n24_k2_m176_ell2_eps0.15_kappa1.0_rho0.0 - INFO - Finished step 'KeyExtractionStep' in 0.005s (success: True, problem=kxor_instance_n24_k2_m176_ell2_eps0.15_kappa1.0_rho0.0)
2026-01-20 11:01:26,808 - final_problem_set.kxor_instance_n24_k2_m176_ell2_eps0.15_kappa1.0_rho0.0 - INFO - SUCCESS: len(z_hat)=24
2026-01-20 11:01:26,808 - final_problem_set.kxor_instance_n24_k2_m176_ell2_eps0.15_kappa1.0_rho0.0 - INFO - Metrics: adv=0.3181818181818182, ham_frac=None, corr=None
2026-01-20 11:01:26,808 - final_problem_set.kxor_instance_n24_k2_m176_ell2_eps0.15_kappa1.0_rho0.0 - INFO - z_hat (full): [-1,  1, -1, -1,  1,  1, -1,  1, -1,  1, -1,  1, -1, -1, -1,  1,  1,  1,  1, -1,  1, -1,  1, -1]
