2026-01-20 11:01:08,711 - final_problem_set.kxor_instance_n21_k2_m239_ell2_eps0.2_kappa0.75_rho0.2 - INFO - Starting iteration for /Users/julian/CodingProjects/UniT3/QuarticSpeedupK-XOR/z_Daphne/data/final_problem_set/kxor_instance_n21_k2_m239_ell2_eps0.2_kappa0.75_rho0.2.npz
2026-01-20 11:01:08,712 - final_problem_set.kxor_instance_n21_k2_m239_ell2_eps0.2_kappa0.75_rho0.2 - INFO - Loaded instance (n=21, m=239, k=2)
2026-01-20 11:01:08,712 - final_problem_set.kxor_instance_n21_k2_m239_ell2_eps0.2_kappa0.75_rho0.2 - INFO - Starting step 'ComputeKikuchiStep' (version 0.1) on problem kxor_instance_n21_k2_m239_ell2_eps0.2_kappa0.75_rho0.2 (fields={'ell': 2, 'threshold': 0.0})
2026-01-20 11:01:08,744 - final_problem_set.kxor_instance_n21_k2_m239_ell2_eps0.2_kappa0.75_rho0.2 - INFO - Finished step 'ComputeKikuchiStep' in 0.033s (success: True, problem=kxor_instance_n21_k2_m239_ell2_eps0.2_kappa0.75_rho0.2)
2026-01-20 11:01:08,744 - final_problem_set.kxor_instance_n21_k2_m239_ell2_eps0.2_kappa0.75_rho0.2 - INFO - Starting step 'ClassicalEigenvaluesStep' (version 0.1) on problem kxor_instance_n21_k2_m239_ell2_eps0.2_kappa0.75_rho0.2 (fields={'ell': 2, 'threshold': 0.0, 'kikuchi_matrix': <Dictionary Of Keys sparse matrix of dtype 'int64'
	with 5852 stored elements and shape (210, 210)>, 'num_eigenvalues': 5})
2026-01-20 11:01:08,884 - final_problem_set.kxor_instance_n21_k2_m239_ell2_eps0.2_kappa0.75_rho0.2 - INFO - Finished step 'ClassicalEigenvaluesStep' in 0.140s (success: True, problem=kxor_instance_n21_k2_m239_ell2_eps0.2_kappa0.75_rho0.2)
2026-01-20 11:01:08,885 - final_problem_set.kxor_instance_n21_k2_m239_ell2_eps0.2_kappa0.75_rho0.2 - INFO - Starting step 'KeyExtractionStep' (version 0.1) on problem kxor_instance_n21_k2_m239_ell2_eps0.2_kappa0.75_rho0.2 (fields={'ell': 2, 'threshold': 0.0, 'kikuchi_matrix': <Dictionary Of Keys sparse matrix of dtype 'int64'
	with 5852 stored elements and shape (210, 210)>, 'num_eigenvalues': 5, 'eigenvalues': array([-11.71888271, -11.03406607,  11.351156  ,  11.99749025,  12.90383918]), 'eigenvectors': array([[-3.25785873e-02, -3.55184459e-02,  2.10248674e-02, -8.41133891e-02,  4.91274409e-02],
       [ 1.08428378e-01, -5.55948489e-02, -1.16086533e-01, -1.85059265e-02, -7.94676432e-02],
       [-6.01263391e-03,  9.98760605e-02,  7.70884585e-02, -1.02405220e-01,  1.03208153e-01],
       [ 5.90761546e-02,  1.76736411e-02, -9.79962329e-02,  4.04858901e-02, -6.30373396e-02],
       [ 7.09816772e-02, -1.22162196e-01, -5.96056650e-04,  1.78916815e-02,  1.39746812e-02],
       [ 7.45801847e-02,  7.60669407e-02,  2.07756641e-02,  8.57552489e-02, -4.83775686e-02],
       [-6.74309776e-02,  8.96352288e-02, -2.31971283e-02, -6.84729394e-02,  7.01270231e-02],
       [ 2.52919812e-03,  2.76515933e-02, -1.61752978e-02, -3.10985807e-02, -4.24842084e-02],
       [ 2.87307020e-02,  4.89166291e-02,  6.75524533e-02,  1.44191225e-03,  1.69351931e-02],
       [-2.66415142e-02,  6.00841949e-02,  1.24727445e-02, -8.71546326e-02, -1.00096418e-02],
       [ 1.03590842e-01, -3.55867312e-02,  8.21492211e-02, -1.34847069e-01,  7.10535724e-02],
       [ 8.99513134e-02,  2.20988393e-02, -5.01699811e-02,  8.90632860e-02, -4.59192503e-02],
       [-9.17837564e-02,  4.16640688e-02, -6.13416624e-02,  8.10135559e-02, -6.35857636e-02],
       [-9.18140120e-02, -9.30526733e-03, -4.58746820e-02, -1.33754379e-01,  3.92455633e-02],
       [-4.48951146e-02,  1.03001081e-01, -7.46473613e-02, -2.67531394e-02, -2.18810859e-02],
       [-1.24336669e-01,  5.34383993e-02, -2.55451606e-02,  1.08002079e-01, -7.91674870e-02],
       [ 6.40338201e-02, -4.05239488e-02, -5.74335139e-02,  1.48999848e-02, -6.75732651e-02],
       [-1.34153438e-01, -1.54534703e-02,  1.91116057e-02, -6.97497461e-03, -3.12813044e-02],
       [-9.38361819e-02,  4.91949446e-02, -7.36508809e-02,  4.25277815e-02, -2.08946647e-02],
       [ 9.07600379e-02, -1.82853780e-02, -6.67441976e-02, -3.73544902e-02,  2.60248445e-02],
       [ 1.71976145e-03,  6.03449612e-02, -2.33788081e-03, -6.56020508e-02, -8.78513119e-02],
       [-2.62499670e-02, -2.56977489e-03, -4.11595278e-02, -4.01586752e-02,  9.96085124e-02],
       [-4.02050823e-03,  4.95461184e-02, -2.17627711e-03,  5.05499023e-03, -9.12464220e-02],
       [ 4.50309264e-02,  3.76056531e-02, -1.99565272e-02,  8.51502290e-03,  2.14258761e-02],
       [-3.63271726e-02,  1.90357387e-02,  6.58655182e-02,  4.59466851e-02, -4.90392189e-02],
       [-3.19241151e-02, -4.91616002e-02, -1.05073812e-01, -1.03958274e-02,  8.82105543e-02],
       [ 6.58153255e-04,  1.66114613e-02,  4.48762550e-02, -7.41793899e-02, -3.46304646e-02],
       [-3.00985469e-02,  1.12163022e-03,  5.47684696e-02, -2.11602579e-03,  2.02169868e-02],
       [-2.64164426e-02, -3.90577207e-02,  5.36520564e-02, -1.24776824e-01, -4.37056039e-03],
       [-1.32884183e-02,  3.51421629e-02, -1.60805212e-02, -9.32887842e-02,  1.09248426e-01],
       [-2.71043639e-02,  1.91874962e-02, -2.05110721e-03,  9.53514679e-02, -1.05720140e-01],
       [-8.97567615e-03, -7.05603340e-02,  3.12238814e-02,  4.42362937e-02, -8.47339798e-02],
       [ 2.27468913e-02, -5.12222842e-02, -6.96383271e-02, -9.34115978e-02,  3.82949615e-02],
       [-1.35979558e-02, -3.68772378e-03, -4.08607979e-02, -3.74663224e-02, -3.72323163e-02],
       [ 1.10669327e-02, -5.67023545e-02,  6.15064675e-02,  4.65000756e-02, -8.96823431e-02],
       [-1.39403849e-02,  9.13232688e-03,  4.73688673e-02, -3.86181686e-02, -1.19080493e-01],
       [ 3.51492049e-02, -3.68987773e-02,  6.27421763e-02, -4.79777104e-02, -3.32874652e-02],
       [-2.27705569e-02, -6.72648384e-02, -7.54400196e-02,  6.18232901e-02, -4.94958030e-02],
       [-1.78633761e-02,  2.65496988e-02, -9.59289980e-02, -2.15342690e-02,  3.29609722e-02],
       [ 5.82660870e-02, -1.49654122e-01, -4.37027012e-02, -1.35178137e-01, -1.09183815e-01],
       [-6.39967098e-02, -9.84054920e-02,  8.00534324e-02,  1.25268745e-01,  7.63274427e-02],
       [-1.23394266e-01,  1.02454679e-01,  1.13905977e-02,  7.09274602e-03,  1.51623031e-03],
       [-5.46968975e-02, -1.58161117e-01, -3.73457250e-02,  4.76019905e-02,  7.57125572e-02],
       [ 1.34984602e-01, -6.79616605e-02,  5.01139463e-02, -1.10473386e-01, -9.62526402e-02],
       [-1.94260146e-02, -5.79005114e-02, -6.35586907e-02,  7.47766232e-02,  7.22917667e-03],
       [ 4.22675499e-03, -7.76960688e-02, -6.62448321e-02, -1.00207059e-02, -7.39043328e-03],
       [ 4.35151469e-02, -1.52016326e-02, -1.10739311e-01,  6.51936016e-02, -4.35731979e-02],
       [-1.25890418e-01, -1.46872934e-02, -1.28806086e-01, -1.34584493e-01, -1.46992596e-01],
       [-6.45512177e-02, -8.96116750e-02,  1.32846675e-01,  9.43941333e-02,  1.20830924e-01],
       [ 1.13047037e-01,  4.88804693e-02,  5.96037902e-02,  1.04805672e-01,  1.05803068e-01],
       [ 8.08509634e-02,  8.89088457e-02,  3.54996749e-02, -7.84142715e-03, -1.00643690e-01],
       [ 6.96511308e-02, -1.29154818e-01,  6.51196850e-02,  6.11851850e-02,  1.42577649e-02],
       [ 1.23938137e-01,  2.71244612e-02,  1.33074834e-02,  1.12987375e-01,  1.11458240e-01],
       [-7.12958697e-02,  1.27945394e-02,  2.82001681e-02,  1.31362488e-01,  7.27604995e-02],
       [ 1.25191841e-01,  1.07156852e-01, -8.16204390e-02,  4.69123198e-02,  2.43616698e-02],
       [ 1.24715207e-01,  3.60663963e-02,  1.32597273e-01,  2.27093049e-02,  4.75022797e-02],
       [-1.37711143e-01, -2.54617683e-02,  7.98963388e-02, -2.87067826e-02, -4.40815280e-02],
       [ 2.85886244e-02, -6.55211635e-02, -6.50268961e-02, -6.17502430e-02, -1.42225471e-01],
       [-5.11094661e-03, -1.06077173e-01, -1.45346980e-02,  1.36452608e-02,  3.65724600e-03],
       [ 5.60251101e-02, -4.46246985e-02,  8.00752240e-02,  4.09547838e-02, -7.85951019e-02],
       [-2.07818004e-03,  1.13254661e-01, -1.21027778e-01,  3.22473170e-02,  1.26819827e-01],
       [ 5.87688276e-03, -2.87406221e-02,  6.31804386e-02, -1.20760989e-01, -3.74706518e-02],
       [ 3.55726925e-02, -8.62410196e-03,  9.48204725e-02,  7.82980359e-03,  1.03000855e-02],
       [ 6.04484535e-03,  6.92865668e-02,  9.01845279e-02, -1.87298645e-01,  1.83575467e-02],
       [ 4.03423952e-02, -9.49094851e-02,  6.06310935e-02, -6.03599830e-02,  1.88028300e-01],
       [ 5.56997665e-02, -7.23025196e-02, -6.31817092e-02,  5.20163402e-02, -1.33945533e-01],
       [-4.27378575e-02,  1.48229384e-01, -7.32820510e-03,  1.10820784e-02, -1.37971436e-01],
       [-5.68512121e-02,  8.87622117e-02, -9.86656041e-02, -1.24789687e-01,  8.15654646e-02],
       [ 3.95808246e-03,  3.59376406e-02, -7.96808055e-02, -7.61673604e-02, -3.03805113e-02],
       [-4.53303697e-02,  1.33345855e-01,  5.03488575e-02,  9.62042583e-03, -1.48281418e-01],
       [ 2.14763662e-02, -3.14069310e-02,  9.06367065e-03, -1.08668601e-01, -1.48822618e-01],
       [-8.29790459e-02,  1.05668443e-01,  1.07524335e-01, -7.95105201e-02, -6.62653968e-02],
       [-4.56080533e-02,  1.41912720e-01, -1.47000172e-01,  4.75702183e-02, -7.14847292e-02],
       [ 4.46651887e-02, -8.18137142e-02, -1.31866881e-01, -2.03242297e-02,  3.21539675e-02],
       [-6.20963192e-02,  5.58781835e-03,  1.07817935e-02, -1.13022583e-02, -1.02596317e-02],
       [-1.49334014e-02, -9.63994374e-02, -4.51957787e-02, -7.10999746e-03,  1.02168361e-01],
       [ 4.80096598e-02,  1.52660421e-02,  6.59088775e-02, -6.99918070e-02, -1.34695018e-01],
       [-1.68823007e-04, -4.83390107e-02, -5.50033515e-02,  8.66674371e-02,  2.55678077e-02],
       [ 3.71537945e-04, -4.84619008e-02, -1.03559937e-01, -1.93607127e-02, -1.88255606e-02],
       [ 1.57107395e-02,  8.09396254e-03, -1.08057976e-01,  1.23664216e-01, -3.03074312e-02],
       [-5.48146968e-02, -5.68731999e-02, -1.40079196e-01, -2.81864347e-02, -1.61715758e-01],
       [-3.02141856e-02, -1.17618022e-01,  1.16822504e-01,  1.87656748e-02,  1.13261466e-01],
       [ 3.51553725e-02,  8.65909590e-02,  7.05033549e-02,  4.01045823e-02,  1.24496936e-01],
       [ 2.71718450e-02,  8.15060735e-02,  5.88356760e-02,  8.05336892e-02, -1.13011485e-01],
       [ 4.61038533e-02, -3.22675859e-02,  1.11573387e-01,  9.31603222e-02,  3.35656956e-02],
       [ 4.67402967e-02,  7.69579457e-02,  6.42914610e-03,  3.31169639e-02,  1.28151908e-01],
       [-2.59476921e-02, -1.23073892e-02,  3.76834552e-02,  1.13272484e-01,  9.79697147e-02],
       [ 4.16524980e-02,  1.05702750e-01, -9.40322925e-02,  4.81843877e-02,  3.54386759e-02],
       [ 4.44399714e-02,  7.62953382e-02,  1.49684035e-01, -9.86274292e-03,  4.61317620e-02],
       [-5.39099664e-02, -6.86820058e-02,  1.08711916e-01,  5.45991859e-04, -5.87340010e-02],
       [-1.06811964e-01, -4.96599515e-02,  1.32336407e-02, -5.33970555e-04, -1.55576918e-02],
       [ 7.05248206e-02, -1.27011207e-01, -4.80202929e-03,  4.21157285e-03,  3.52433743e-03],
       [-2.18993946e-02, -4.32866712e-03,  1.13543882e-02,  2.21982458e-03,  8.99597706e-03],
       [-4.34755028e-02, -3.09787325e-02,  1.31971896e-03,  1.76757135e-03, -2.03830657e-03],
       [ 8.96486080e-03, -5.43731168e-02,  6.54000108e-03,  1.32893604e-02,  2.09631829e-02],
       [-1.20929204e-01,  6.35192862e-02,  1.08898517e-03,  6.29998775e-03,  4.03143929e-02],
       [-1.16481714e-01,  3.29207730e-03, -8.53320620e-05, -2.03126557e-02, -1.00760173e-02],
       [ 1.22625806e-01, -1.01552054e-01,  1.04789688e-02, -1.74936081e-02, -7.80492006e-03],
       [ 1.20001614e-01, -3.02014146e-02, -1.19689111e-02,  1.00788745e-02,  2.10787624e-02],
       [ 3.45711133e-02, -9.59266935e-02, -5.54441708e-03, -3.72508566e-03,  1.05195380e-02],
       [ 1.28303648e-01, -8.91908876e-02,  2.23368207e-02, -6.54565228e-03, -2.76929329e-02],
       [-6.12177071e-02,  2.15957389e-02,  7.56771721e-03,  3.17296605e-03,  5.63370941e-03],
       [ 1.73099045e-01, -2.98325314e-02,  1.54963995e-02,  1.59266672e-03,  1.20857496e-03],
       [ 1.17362805e-01, -9.79779427e-02, -1.34967468e-02, -4.65332010e-03, -1.26104351e-02],
       [-1.41435509e-01,  7.17730948e-02, -5.72425415e-03,  6.35329110e-03, -3.64899218e-03],
       [ 8.90277154e-02,  6.96027796e-02,  7.53106511e-02,  1.67517109e-02, -4.93935354e-02],
       [ 1.35017093e-03, -6.23271552e-02, -4.14297584e-02,  5.91082424e-02,  3.66671817e-02],
       [ 2.47946176e-02, -4.05583962e-02, -2.01331631e-02,  5.12787240e-04, -1.68863541e-02],
       [ 5.21297725e-02,  5.27235010e-02, -7.43139208e-03,  1.10813298e-01,  1.81183104e-03],
       [-4.25827943e-02, -8.72899815e-02,  8.39104043e-02,  8.73791523e-02, -8.37645722e-02],
       [ 8.70085604e-03, -1.03065959e-01, -4.49820464e-02, -9.22779923e-02,  8.17676107e-02],
       [ 4.77881979e-02,  1.70878466e-01, -7.13853010e-02, -5.48229149e-02,  8.63308559e-02],
       [ 3.43166985e-03,  1.56595675e-01,  6.05285126e-02,  7.36395394e-02, -2.04866288e-02],
       [ 5.13040206e-02, -2.87635773e-02,  8.38249900e-03,  1.82985729e-02,  3.17653030e-02],
       [ 4.36166351e-02,  1.29594479e-01, -7.62067749e-02, -4.17057620e-02,  6.18059178e-02],
       [-1.06467368e-02, -1.83213710e-02, -6.17573797e-02,  1.49806961e-02,  8.67711226e-02],
       [ 5.08289602e-03,  1.43235426e-01, -3.53037751e-02,  3.77791978e-02,  2.85616207e-02],
       [ 5.02914810e-02,  1.41362161e-01,  1.31900417e-02, -4.41107463e-02,  3.34366283e-02],
       [-1.75034076e-02, -8.12103161e-02,  5.31215700e-02,  1.88551888e-02, -1.44750626e-02],
       [ 1.44021693e-02,  2.10742109e-02,  6.76748597e-02, -9.25459190e-02, -4.15049003e-02],
       [ 3.57603820e-02,  3.78917842e-02,  2.47793189e-02,  1.23881690e-02,  2.96136275e-02],
       [-1.71900132e-02,  4.79031395e-02,  1.06887495e-02, -1.25144537e-01,  1.76650525e-02],
       [ 1.09287884e-01, -4.03943343e-02, -9.95475255e-02, -2.08743658e-02,  1.36143305e-01],
       [ 1.09198047e-01,  2.31862685e-02,  4.92726714e-02,  2.97158858e-02, -8.84459143e-02],
       [-1.04966589e-01,  5.20871511e-02,  9.54706802e-02, -6.62668400e-03, -1.04841347e-01],
       [-1.12070600e-01,  2.64216351e-03, -9.24543941e-02, -6.79290857e-02,  5.03292489e-02],
       [-3.98014248e-02,  9.19773498e-02, -2.36590238e-02, -4.37714472e-02, -2.31519992e-02],
       [-1.21277538e-01,  5.50929756e-02,  1.11127314e-01, -1.14796254e-02, -9.99742580e-02],
       [ 6.33909892e-02, -3.83316883e-02,  7.20595360e-02, -6.46915733e-02, -8.74729115e-02],
       [-1.41921403e-01, -3.57446776e-03,  5.73221062e-02, -5.16217092e-02, -2.82720460e-02],
       [-1.19649575e-01,  6.59220985e-02, -3.67805035e-02,  2.40020092e-02, -5.71599598e-02],
       [ 1.06925551e-01, -2.51463866e-02, -7.76281907e-02, -1.47541262e-02,  1.32053001e-02],
       [ 9.24366894e-04, -2.99270110e-02, -1.20558263e-02, -1.30300188e-02, -1.09391055e-03],
       [ 7.93420816e-03,  1.09298744e-02, -4.52371044e-02,  1.32490768e-02, -3.16368937e-02],
       [-2.87128282e-02, -4.49598894e-02,  3.07435218e-02, -1.20424236e-01, -9.28756269e-02],
       [-2.05425554e-03, -3.79436694e-02, -4.22294115e-03,  8.25692600e-02,  6.21719940e-02],
       [-1.02123555e-02,  4.62676835e-02, -4.66444216e-02,  9.87943894e-02,  4.12372396e-02],
       [ 9.95401931e-04,  4.41515591e-02,  4.38427105e-02, -4.83564295e-02, -5.04520222e-02],
       [ 1.85953870e-02, -2.10631817e-02, -1.55091378e-03,  4.21300511e-02,  2.27722038e-03],
       [ 1.03444817e-02,  4.59135227e-02, -6.67247569e-02,  1.06430802e-01,  5.36987366e-02],
       [-1.30190313e-02, -7.28418120e-03, -5.49795913e-02,  8.29825163e-02,  2.45910194e-02],
       [ 1.16863212e-02,  7.80016763e-02, -6.30522845e-02,  3.55488173e-02,  1.56575123e-03],
       [-1.57446515e-03,  5.20914902e-02,  2.91381115e-02,  2.82458778e-02,  3.25849238e-02],
       [-2.60827480e-03, -3.55748253e-02,  2.80188502e-02, -2.64946212e-02, -1.41795088e-02],
       [ 2.52522713e-02,  3.16751594e-02,  3.73919628e-02, -1.66978895e-02,  6.34482029e-03],
       [-2.27901363e-03, -4.70509216e-02,  1.28998240e-01,  8.36360057e-03,  3.31583485e-02],
       [ 2.46073413e-02, -5.41440418e-02, -9.34238009e-02, -1.07499439e-02, -2.47096023e-02],
       [ 5.14104900e-03,  8.87588656e-02, -9.18718366e-02, -8.21225377e-03, -1.97227132e-02],
       [-1.89078379e-02,  6.69150307e-02,  2.18986550e-02, -1.39855985e-02,  2.24741673e-02],
       [ 1.69662193e-02, -7.24426737e-03, -3.11830309e-02, -1.06174826e-02,  3.11071156e-04],
       [-7.16700796e-03,  6.68464444e-02, -6.77721209e-02, -5.22523323e-03, -3.89713476e-02],
       [ 5.36288668e-03, -8.36772514e-03, -6.95154489e-02, -2.47024552e-02, -2.15973326e-02],
       [-2.38765559e-02,  6.31969440e-02,  4.97118029e-03, -1.02122008e-02, -1.20987724e-02],
       [ 1.84030496e-02,  8.55702302e-02, -5.59854941e-02, -3.73221431e-03, -8.25222100e-03],
       [ 4.34423486e-03, -4.76657098e-02, -9.00111069e-03,  5.30648679e-04,  8.90980505e-03],
       [ 5.64736261e-02, -2.04638086e-04,  6.93996263e-02, -2.16318582e-01, -1.61928411e-02],
       [ 5.38157633e-02,  3.67078827e-02, -3.26634385e-02,  1.50216832e-01,  1.66502967e-03],
       [-3.19442178e-02,  2.34112789e-02, -7.19823699e-02,  1.52310664e-01, -3.23541369e-03],
       [-5.35211480e-02, -2.05590311e-02, -2.32282373e-03, -1.27035822e-01, -1.99131258e-02],
       [-1.88396993e-02,  5.22512894e-02, -4.48880562e-02,  1.82122154e-02, -1.10609203e-02],
       [-5.36642903e-02,  1.49183421e-02, -5.45795604e-02,  1.74002664e-01, -1.36748670e-02],
       [ 3.65361799e-02,  4.65203134e-03, -6.61322152e-02,  8.91114093e-02, -4.48851373e-02],
       [-8.27298127e-02, -3.84741291e-02, -2.15694530e-02,  1.94706578e-02, -2.11216519e-02],
       [-3.53822437e-02,  2.31996455e-02, -2.90439113e-02,  6.80257053e-02,  2.02145939e-03],
       [ 7.17899519e-02, -1.68493803e-03, -2.76216987e-02, -5.58407469e-02,  5.00438548e-03],
       [-6.74797978e-02, -5.74499097e-02, -9.90380484e-02,  1.13992057e-01, -1.34595794e-01],
       [ 1.48415516e-01,  4.43416643e-02, -6.16436892e-02,  7.14524719e-02, -1.60866370e-01],
       [ 7.37733633e-02,  5.05972632e-02, -1.16987771e-01, -1.98007515e-01,  7.81446322e-02],
       [ 5.74841272e-02, -9.06546863e-02, -1.30234569e-01, -8.36237239e-02, -5.11387734e-02],
       [ 1.46292057e-01,  1.65975514e-02,  1.24626372e-02,  7.83243846e-02, -1.56076465e-01],
       [-3.27411934e-02,  2.01758047e-02, -4.93601869e-02, -7.99735292e-02, -1.65674553e-01],
       [ 9.58239445e-02,  4.63678811e-02,  8.08187130e-02, -6.05692877e-02, -8.15617517e-02],
       [ 1.53271414e-01,  2.33016509e-02, -1.64285232e-01,  5.98669791e-02, -4.92366200e-02],
       [-8.13832368e-02, -1.35052571e-03, -1.50418811e-01, -6.58398846e-02,  6.94881452e-02],
       [ 6.29626417e-02,  1.04792008e-01,  5.73241136e-02, -5.53224637e-02,  1.11936068e-01],
       [ 2.37718828e-02,  1.14900503e-01,  8.10110592e-02,  1.66869168e-01, -6.96143460e-02],
       [ 5.62399679e-02, -6.66369360e-02,  9.23316445e-02,  6.65464812e-02,  2.33286817e-02],
       [ 6.02431514e-02,  8.10158157e-02,  9.49823021e-03, -7.20437424e-02,  1.17913804e-01],
       [-2.35987201e-02, -1.31860544e-02,  5.73086218e-02,  5.08749156e-02,  9.96298472e-02],
       [ 4.12321960e-02,  1.32024286e-01, -4.89770025e-02,  3.63796217e-02,  5.16160393e-02],
       [ 7.11284725e-02,  9.39909400e-02,  1.17026466e-01, -3.86512814e-02,  4.01434259e-02],
       [-4.09734348e-02, -4.42423159e-02,  1.10172453e-01,  3.95775100e-02, -2.71445623e-02],
       [-6.98332107e-02, -9.64348813e-02,  9.02170108e-02,  1.20435705e-01, -7.26592742e-02],
       [-8.58791758e-02,  1.14231994e-01,  7.91290684e-02,  6.52058220e-02,  2.20946276e-02],
       [-1.01831561e-01, -3.94639878e-02, -4.53084157e-02, -3.73320418e-02,  1.65506101e-01],
       [ 6.86298964e-02, -3.72198008e-03,  4.59615368e-03,  7.86698047e-02,  1.32732579e-01],
       [-1.26552163e-01, -1.45634449e-01, -8.43130794e-02,  5.73620987e-02,  4.90137234e-02],
       [-9.64083671e-02, -4.58631728e-02,  1.40643195e-01, -4.84623212e-02,  7.03268864e-02],
       [ 1.11132401e-01,  4.85896300e-02,  1.23417200e-01,  2.38891618e-02, -3.87409189e-02],
       [-6.83802550e-02,  6.80302729e-02, -6.14039675e-03,  1.50197978e-03, -3.53698588e-02],
       [-7.45835001e-02, -7.75503400e-02,  9.74607449e-02,  1.19683775e-01, -6.65411473e-02],
       [ 2.69935953e-02, -6.29563102e-03,  8.49882147e-02,  3.89619105e-02, -1.09118896e-01],
       [-5.00453446e-02, -1.17953821e-01,  2.99944548e-02, -3.73556629e-02, -3.74067679e-02],
       [-8.93772724e-02, -9.73684414e-02, -5.18354221e-03,  9.17422066e-02, -3.75091054e-02],
       [ 5.43622980e-02,  5.20154862e-02, -6.78613826e-02, -3.12036120e-02,  1.23905534e-02],
       [-6.49064831e-02,  1.07246784e-01,  5.95355880e-02,  6.35996126e-02,  5.40736372e-02],
       [ 2.25891476e-02, -2.77103461e-02,  6.59548775e-02,  6.74518118e-02,  1.56441976e-02],
       [-8.61435589e-02,  9.32397762e-02, -1.28433781e-02,  1.92992133e-02,  1.19997732e-02],
       [-7.85548302e-02,  1.17834787e-01,  8.00618385e-02,  2.94917914e-02,  1.74612208e-02],
       [ 5.61321145e-02, -7.96349908e-02,  2.46128517e-02, -8.15611711e-03, -6.89637361e-03],
       [ 4.73495531e-02, -1.06344501e-02, -3.82598481e-02,  7.07886689e-02,  1.21192791e-01],
       [-1.27178063e-01, -1.04307860e-01, -8.46984499e-02,  6.31119848e-02,  4.40368997e-02],
       [-1.35832169e-01, -3.35983928e-02,  9.57477833e-02, -5.07288289e-02,  5.57798503e-02],
       [ 1.14160768e-01,  2.17032365e-02,  1.20462786e-01,  2.56313993e-02, -3.85460160e-02],
       [ 3.47724666e-02, -1.85413014e-02, -8.10643573e-02,  4.26103602e-02,  2.59006915e-02],
       [ 7.04079291e-02, -8.57924017e-03,  1.13072784e-01,  1.86597239e-02,  5.45689242e-02],
       [-2.80321828e-02,  2.40695924e-02,  9.46805563e-02,  6.86244408e-03, -3.06389776e-02],
       [-1.26585463e-01, -1.09458620e-01,  1.63436256e-03,  9.24663493e-03,  2.84104917e-02],
       [ 7.13212205e-02,  5.17601817e-02,  3.87418903e-02, -2.21374031e-02, -1.01228108e-02],
       [ 1.06887103e-01,  2.67881521e-02,  3.08905240e-02,  2.77209036e-02, -2.70739972e-02]])})
2026-01-20 11:01:08,887 - final_problem_set.kxor_instance_n21_k2_m239_ell2_eps0.2_kappa0.75_rho0.2 - INFO - Running key extraction (n=21, m=239, ell=2, phase_qubits=13)
2026-01-20 11:01:08,889 - final_problem_set.kxor_instance_n21_k2_m239_ell2_eps0.2_kappa0.75_rho0.2 - INFO - Built voting matrix V (n=21, ell=2, dtype=complex128) in 0.003s
2026-01-20 11:01:08,890 - final_problem_set.kxor_instance_n21_k2_m239_ell2_eps0.2_kappa0.75_rho0.2 - INFO - Eval: adv=0.1715, hamming=10/21 (0.476), corr=0.048
2026-01-20 11:01:08,890 - final_problem_set.kxor_instance_n21_k2_m239_ell2_eps0.2_kappa0.75_rho0.2 - INFO - Key extraction complete: x_hat=11
2026-01-20 11:01:08,890 - final_problem_set.kxor_instance_n21_k2_m239_ell2_eps0.2_kappa0.75_rho0.2 - INFO - Finished step 'KeyExtractionStep' in 0.004s (success: True, problem=kxor_instance_n21_k2_m239_ell2_eps0.2_kappa0.75_rho0.2)
2026-01-20 11:01:08,890 - final_problem_set.kxor_instance_n21_k2_m239_ell2_eps0.2_kappa0.75_rho0.2 - INFO - SUCCESS: len(z_hat)=21
2026-01-20 11:01:08,891 - final_problem_set.kxor_instance_n21_k2_m239_ell2_eps0.2_kappa0.75_rho0.2 - INFO - Metrics: adv=0.17154811715481172, ham_frac=0.47619047619047616, corr=0.047619047619047616
2026-01-20 11:01:08,891 - final_problem_set.kxor_instance_n21_k2_m239_ell2_eps0.2_kappa0.75_rho0.2 - INFO - z_hat (full): [-1, -1,  1, -1,  1, -1,  1, -1,  1, -1, -1, -1,  1,  1, -1,  1,  1,  1,  1,  1, -1]
