2026-01-20 11:02:00,834 - final_problem_set.kxor_instance_n28_k2_m224_ell2_eps0.2_kappa1.0_rho0.0 - INFO - Starting iteration for /Users/julian/CodingProjects/UniT3/QuarticSpeedupK-XOR/z_Daphne/data/final_problem_set/kxor_instance_n28_k2_m224_ell2_eps0.2_kappa1.0_rho0.0.npz
2026-01-20 11:02:00,835 - final_problem_set.kxor_instance_n28_k2_m224_ell2_eps0.2_kappa1.0_rho0.0 - INFO - Loaded instance (n=28, m=224, k=2)
2026-01-20 11:02:00,835 - final_problem_set.kxor_instance_n28_k2_m224_ell2_eps0.2_kappa1.0_rho0.0 - INFO - Starting step 'ComputeKikuchiStep' (version 0.1) on problem kxor_instance_n28_k2_m224_ell2_eps0.2_kappa1.0_rho0.0 (fields={'ell': 2, 'threshold': 0.0})
2026-01-20 11:02:00,878 - final_problem_set.kxor_instance_n28_k2_m224_ell2_eps0.2_kappa1.0_rho0.0 - INFO - Finished step 'ComputeKikuchiStep' in 0.043s (success: True, problem=kxor_instance_n28_k2_m224_ell2_eps0.2_kappa1.0_rho0.0)
2026-01-20 11:02:00,878 - final_problem_set.kxor_instance_n28_k2_m224_ell2_eps0.2_kappa1.0_rho0.0 - INFO - Starting step 'ClassicalEigenvaluesStep' (version 0.1) on problem kxor_instance_n28_k2_m224_ell2_eps0.2_kappa1.0_rho0.0 (fields={'ell': 2, 'threshold': 0.0, 'kikuchi_matrix': <Dictionary Of Keys sparse matrix of dtype 'int64'
	with 8632 stored elements and shape (378, 378)>, 'num_eigenvalues': 5})
2026-01-20 11:02:01,124 - final_problem_set.kxor_instance_n28_k2_m224_ell2_eps0.2_kappa1.0_rho0.0 - INFO - Finished step 'ClassicalEigenvaluesStep' in 0.246s (success: True, problem=kxor_instance_n28_k2_m224_ell2_eps0.2_kappa1.0_rho0.0)
2026-01-20 11:02:01,124 - final_problem_set.kxor_instance_n28_k2_m224_ell2_eps0.2_kappa1.0_rho0.0 - INFO - Starting step 'KeyExtractionStep' (version 0.1) on problem kxor_instance_n28_k2_m224_ell2_eps0.2_kappa1.0_rho0.0 (fields={'ell': 2, 'threshold': 0.0, 'kikuchi_matrix': <Dictionary Of Keys sparse matrix of dtype 'int64'
	with 8632 stored elements and shape (378, 378)>, 'num_eigenvalues': 5, 'eigenvalues': array([-11.28989162, -10.94732206, -10.77229949,  11.31492642,  11.96450395]), 'eigenvectors': array([[ 7.56820093e-02, -1.06308349e-01,  8.32104510e-02,  3.65891405e-02,  8.30883660e-02],
       [-1.55273778e-02, -4.28673631e-02,  7.07374068e-02,  1.08959036e-02,  7.20365077e-02],
       [-6.76373213e-02,  1.10877366e-02, -3.24363240e-02, -6.59789260e-02, -5.98915507e-03],
       [-1.26135287e-01,  6.36557177e-02, -5.97384942e-02,  4.02551793e-02, -1.81304357e-02],
       [-1.47804811e-02,  7.44124702e-02, -2.43581386e-02, -2.55686370e-02, -5.44671111e-02],
       [-1.32933165e-02,  1.06878206e-01,  7.17464069e-03,  6.33616050e-02,  9.70193340e-02],
       [ 6.21575089e-02, -1.06915864e-01,  7.29532619e-02,  1.87827556e-03, -6.36966641e-02],
       [ 9.07794753e-02,  8.67429131e-02, -8.89254450e-02,  6.29508380e-02,  3.89191110e-02],
       [-3.31398608e-02, -3.37320001e-02,  5.67272147e-02,  7.48641213e-02,  1.11127815e-01],
       [-1.62921866e-01, -1.44399007e-02,  1.10349213e-02,  4.51841217e-02, -1.34592024e-02],
       [ 4.73518341e-02, -1.12735656e-01,  1.78222708e-02, -4.49184827e-02, -5.14665992e-02],
       [ 1.17048524e-01,  7.76045027e-02, -3.56806296e-02,  7.08859426e-02,  1.06984747e-01],
       [-6.69495120e-02,  7.41924764e-02, -1.45829849e-01, -4.11015545e-02, -5.75794104e-03],
       [-1.50676369e-01, -1.17893037e-02, -8.62464140e-02,  4.04483921e-02,  6.32899312e-02],
       [ 1.25783976e-01,  2.07425907e-02, -3.05494963e-03, -7.15337568e-02, -1.03088913e-01],
       [-8.06321964e-02,  6.37069885e-03, -1.80441085e-02, -3.93863336e-02, -5.67231539e-02],
       [-5.99172112e-02,  9.40189873e-03,  3.81304923e-02, -6.16374376e-03, -4.23722475e-02],
       [ 3.41896069e-02, -3.52121676e-02,  2.20344009e-02,  4.40319360e-02,  5.03931651e-02],
       [ 2.80201790e-02, -7.22455914e-02,  6.44677161e-02,  2.75571943e-02,  4.22987155e-02],
       [-9.85698374e-02,  1.88335119e-02, -2.30903054e-02, -9.99534384e-03,  3.18035112e-02],
       [-8.87041235e-02, -1.65903876e-02,  5.02362364e-02, -7.38600544e-02, -3.50158395e-02],
       [ 6.97502951e-02,  7.92200325e-03,  7.94826714e-02, -4.87095926e-02, -5.38706022e-02],
       [-5.49111182e-02, -2.65141641e-02,  3.64960453e-02, -3.72738997e-02, -6.13079848e-02],
       [ 4.80247871e-02,  9.89334694e-02, -8.66882610e-02, -1.89855058e-02, -4.27507327e-03],
       [-3.74403734e-02, -2.57817306e-02, -2.32067379e-02, -1.90920796e-02, -6.24364376e-02],
       [-1.78570657e-03, -9.94213473e-02,  3.09537897e-02,  5.48670130e-02,  1.99366156e-03],
       [ 5.20595040e-02,  1.09112151e-01,  1.17391250e-02, -4.13575683e-02, -8.00642869e-02],
       [-4.45048569e-03,  5.70252939e-02, -4.13866908e-02, -1.05594980e-01,  1.12993116e-01],
       [ 4.21135551e-02,  2.26547845e-02,  2.74086565e-02, -1.15435489e-01, -2.18435560e-02],
       [ 8.28607820e-02, -1.60830710e-02,  6.50469233e-02,  9.70827242e-02, -1.62066786e-02],
       [ 2.86325381e-02, -8.86646962e-02,  5.06361399e-02,  2.87620643e-02, -8.11314389e-02],
       [ 4.23329554e-02, -1.44070448e-01,  5.17744809e-02, -1.33006929e-02,  8.19059059e-02],
       [-5.92478810e-02,  8.95980655e-02, -8.48653502e-02,  7.08168235e-02, -5.77680907e-02],
       [-7.96922596e-02, -9.67744749e-02, -1.12998806e-02,  6.34749659e-02,  7.03888269e-02],
       [ 3.63611675e-02,  2.70025884e-02,  6.01333687e-04, -3.36295761e-02,  1.58961175e-01],
       [ 1.23858046e-01,  6.69794650e-02,  6.28530846e-02,  9.66015014e-02, -1.35817617e-02],
       [-6.16819255e-02,  1.18787805e-01, -7.53588161e-02, -6.29440624e-03, -5.30894496e-02],
       [-8.48168573e-02, -1.14496530e-01, -2.95313775e-02, -1.84782895e-02,  8.78093237e-02],
       [ 3.69475720e-02, -2.50365490e-02,  7.74221590e-02, -6.58904786e-02, -3.51015949e-02],
       [ 1.03025033e-01,  7.32992882e-02,  7.00787843e-02, -2.18956369e-02,  8.66636202e-02],
       [-9.88735304e-02, -6.03939520e-02, -6.41234910e-02,  2.46880040e-02, -1.44287210e-01],
       [ 7.13542717e-02,  9.53080675e-03,  4.94549124e-02,  2.96218530e-02, -1.09856146e-01],
       [ 7.46366806e-02, -1.87516834e-02,  4.44840565e-02,  5.95197257e-02, -6.59339729e-02],
       [-4.03659198e-02,  4.01404289e-02, -3.45636096e-02,  8.56606861e-03,  7.06358195e-02],
       [-3.08943000e-02,  6.99943992e-02, -5.17623429e-02, -7.33688631e-03,  3.36696707e-02],
       [ 7.06888884e-02,  2.02406821e-02,  4.16040947e-02, -5.82323613e-02,  3.67300800e-02],
       [ 7.27534927e-02,  3.59457716e-02,  2.20760505e-02, -8.85524675e-02, -7.06021845e-02],
       [-2.70752556e-02, -5.84608861e-02, -2.25505391e-02, -2.75011685e-02, -5.26953877e-02],
       [ 3.72318678e-02,  4.08649061e-02,  6.52473010e-03,  3.00515278e-02, -8.76771276e-02],
       [-2.95409091e-02, -1.13260620e-01,  2.31329299e-02, -2.72349582e-02,  1.88799945e-02],
       [ 2.63004638e-02,  4.46623460e-02,  2.26324720e-02,  4.23662302e-02, -6.04312323e-02],
       [-3.14088317e-02,  1.45743360e-01, -6.88673136e-02,  1.09848730e-01,  7.56822646e-03],
       [-1.71702332e-02, -1.74343453e-01,  3.22484530e-02,  4.13887475e-02, -8.83336321e-02],
       [ 1.69126414e-02, -1.26047158e-02,  5.94591238e-03, -9.74995111e-02, -2.36717922e-02],
       [ 2.95412251e-02, -3.87911183e-02,  2.17212702e-02,  6.61457585e-02,  5.87722874e-04],
       [-1.52555085e-02, -3.48889992e-02,  4.48999852e-02,  6.34742940e-02, -8.48473983e-02],
       [-2.32159672e-02, -5.05609165e-02,  7.41109691e-02, -6.10822885e-02,  9.25265895e-02],
       [ 8.07493631e-03,  4.52589824e-02, -4.32761106e-02,  8.10219418e-02, -4.95444055e-02],
       [-3.06669747e-02, -2.36561183e-02,  1.39030952e-02,  2.87744473e-02,  7.15075762e-02],
       [ 1.10201970e-02,  1.04047233e-02,  3.59090906e-03, -7.30516264e-02,  1.02218449e-01],
       [ 4.54907541e-02, -3.11464564e-04,  7.22718500e-03,  7.50684206e-02, -2.99781688e-04],
       [ 1.46044591e-02,  5.00384665e-02, -6.54412024e-02,  3.15575446e-02, -7.65547481e-02],
       [-4.09536317e-02, -2.21956260e-02,  2.79977146e-02, -7.56315389e-02,  1.03711890e-01],
       [ 1.68140327e-02, -3.26883782e-02, -2.20867991e-03, -5.48919533e-02, -1.77941784e-02],
       [ 5.31937642e-02, -1.60168640e-02, -3.76410760e-02, -2.69561299e-02,  4.43478473e-02],
       [-3.36393800e-02, -2.42106541e-03,  2.42964437e-03,  7.72690023e-02, -1.23607480e-01],
       [ 2.46116240e-02, -9.47427670e-03,  8.21303720e-03,  5.03859321e-02, -6.47000014e-02],
       [ 7.79628234e-03, -1.02140948e-02,  2.76612065e-02,  8.13415232e-02, -5.49671428e-02],
       [-5.18695348e-03,  1.94507576e-02, -1.28438749e-02, -9.78450515e-03,  5.16490128e-02],
       [ 6.54057229e-04,  3.26009833e-02, -2.04971195e-02, -2.85458033e-02,  4.46453227e-02],
       [ 2.41100207e-02, -1.68797425e-02,  6.69795362e-03, -8.08949388e-02,  4.37821530e-02],
       [ 1.94341012e-02, -9.30152153e-03,  1.19925825e-02, -5.89205681e-02, -4.22690779e-02],
       [-2.85210037e-02,  6.02070894e-03,  3.20529039e-02,  7.30615175e-03, -7.99272413e-02],
       [ 1.44664273e-02,  6.28729843e-03, -1.20963338e-03,  4.86834725e-02, -5.87975339e-02],
       [-1.41873712e-02, -2.68065953e-02,  1.59955102e-02, -6.43608078e-03,  1.68379472e-03],
       [ 1.72837754e-02,  1.05310357e-02, -2.07228630e-02,  8.26237090e-02, -7.50349234e-02],
       [ 1.76698907e-02,  3.47703195e-02, -5.24282881e-02,  8.55483179e-02,  2.32429223e-02],
       [-5.02427473e-02, -4.37141561e-02,  7.45058860e-02,  8.17119700e-02, -9.20811052e-02],
       [-2.87614651e-02, -3.95320779e-02, -5.19119690e-02,  1.05773306e-02,  4.35127912e-03],
       [-3.80672711e-02,  1.77405904e-02, -5.53375714e-03,  8.00505873e-02,  8.39903250e-03],
       [-6.56875305e-02,  5.71598595e-02, -4.30990058e-03, -1.01765386e-01, -1.22936836e-02],
       [ 5.20962757e-02,  4.76009995e-03,  3.10614735e-02,  6.63382248e-02,  1.49173795e-02],
       [ 1.10262635e-02,  5.67664415e-02,  5.96378769e-02, -6.39278945e-02, -5.40520331e-03],
       [-1.29369350e-02, -8.23534199e-03, -2.35204414e-02, -1.42725525e-01, -2.08940803e-02],
       [-2.11809071e-02, -5.92819091e-02, -6.72177203e-02,  1.14780864e-02,  6.24010443e-03],
       [ 6.65568265e-02, -3.52301379e-02,  2.27569076e-02,  7.11115414e-02,  5.92946175e-03],
       [ 1.64708281e-03,  6.04976676e-02,  5.99924285e-02, -1.18303330e-01, -1.38478875e-02],
       [-7.74460706e-03, -3.02964872e-02, -3.30108424e-02,  7.84933163e-03, -3.44582810e-03],
       [-5.63058118e-03, -7.72785676e-02, -7.46755310e-02, -6.70030489e-02, -1.12843231e-02],
       [ 1.66680181e-02,  5.39081081e-02,  6.47375195e-02,  1.38331279e-01,  1.74072797e-02],
       [-1.28065849e-02, -1.62578588e-02, -3.54142717e-02,  9.35718900e-02,  2.01125295e-02],
       [-3.92937791e-02, -3.72551669e-03, -4.01909887e-02,  6.48648953e-02,  1.04863535e-02],
       [ 2.50318919e-02, -9.57781956e-03,  1.96037660e-02, -5.82779106e-02, -6.33518092e-03],
       [ 2.63809953e-02, -1.50374270e-02,  1.61613132e-02, -4.42019646e-02, -3.61398772e-03],
       [-1.94033695e-02, -3.99207592e-02, -4.38153380e-02, -4.61544508e-02, -1.04558724e-02],
       [-3.40174035e-02, -4.71538928e-02, -5.03698416e-02,  3.89546806e-02,  2.14974796e-03],
       [-1.31277496e-02,  4.90903837e-02,  2.99761962e-02,  6.26924239e-02,  1.39823470e-03],
       [-3.17991364e-03, -2.39885910e-02, -2.57261461e-02,  8.14154853e-02,  1.21763134e-02],
       [-8.43656265e-03,  5.07633574e-02,  2.04887468e-02, -3.49298373e-03, -1.19716209e-03],
       [ 7.84824401e-03, -2.92025458e-02, -2.44190405e-02,  8.17733976e-02,  1.41004594e-02],
       [ 4.70073828e-02, -6.13219648e-02,  6.20569350e-03,  2.39958953e-04,  7.49632844e-03],
       [-4.41168642e-02,  7.83420396e-02,  3.36774162e-02,  1.16309212e-01,  2.05770919e-02],
       [-6.01830121e-02,  5.30176529e-02, -2.61787986e-02, -6.22012442e-02,  1.24730093e-02],
       [-9.57723570e-02,  1.07180602e-01,  2.05428067e-03,  7.37387442e-02,  3.54861857e-04],
       [ 8.62045349e-02, -3.50718233e-02,  5.57503532e-02, -4.87902368e-02, -8.83197200e-04],
       [ 3.85614734e-02,  8.43476442e-02,  3.75416269e-02,  3.01339517e-02, -1.90987489e-02],
       [-2.97794249e-02, -1.90704882e-02, -1.42736970e-02,  9.70665892e-02, -1.26334220e-02],
       [-8.43982410e-02, -8.79113074e-02, -1.00012496e-01, -1.93269975e-02, -4.34999341e-03],
       [ 1.09939116e-01, -7.95481578e-02,  3.85709283e-02, -5.34575704e-02,  1.12491716e-02],
       [ 3.63866865e-02,  1.05131537e-01,  6.28654229e-02,  8.95513085e-02, -4.46901194e-03],
       [-2.74641252e-02, -1.10322538e-02, -7.14814817e-02,  7.58101615e-03,  5.58908645e-03],
       [-5.06719342e-02, -8.67186918e-02, -9.83820013e-02,  4.11545287e-02,  5.32768352e-04],
       [ 6.56297983e-02,  7.51311649e-02,  9.28084055e-02, -9.56660496e-02,  1.68405592e-02],
       [-5.75111143e-02, -2.65770110e-02, -6.55581277e-02, -6.34322325e-02,  1.30071921e-02],
       [-8.17714254e-02,  3.23432902e-03, -4.50977025e-02, -5.56487115e-02,  6.91191429e-03],
       [ 4.70233708e-02, -2.40132615e-02,  2.18672691e-02,  3.61905530e-02, -5.08400791e-03],
       [ 4.48325135e-02, -4.21417755e-02,  2.77962208e-02,  3.46571855e-02, -2.19184672e-04],
       [-6.21505562e-02, -4.30399091e-02, -7.18963154e-02,  4.57788308e-02, -6.55317126e-03],
       [-6.03400524e-02, -4.03179114e-02, -4.53970138e-02, -1.40961641e-02,  4.75174657e-03],
       [-8.53408795e-03,  6.30398236e-02,  4.95079222e-02, -4.68099566e-02,  7.15060292e-03],
       [-1.39143712e-02, -3.73288596e-02, -2.14682565e-02, -6.11398419e-02,  9.99462870e-03],
       [ 2.41409141e-03,  9.14393766e-02,  3.34282832e-02, -2.26078748e-03, -4.89385526e-03],
       [-5.13194029e-04, -4.73918235e-02, -3.28839414e-02, -6.47684789e-02,  7.38965103e-03],
       [ 7.62298669e-02, -1.09394692e-01,  1.30879136e-02, -1.68442906e-02, -5.83432739e-03],
       [-4.37112822e-02,  1.36239049e-01,  3.60488631e-02, -8.64936451e-02,  1.05014228e-02],
       [ 8.51209237e-03,  8.87121781e-02, -3.23017110e-02,  4.83401236e-03, -7.81039969e-02],
       [ 1.67696365e-02, -7.22010218e-02,  3.90822492e-02, -4.17268760e-02,  4.63120355e-02],
       [ 5.52486639e-02,  4.62335172e-02, -5.54787617e-02, -4.76664322e-02, -5.66313090e-02],
       [-2.13548930e-02, -1.29808627e-02,  2.54624830e-02,  7.44126042e-03, -1.08270552e-01],
       [-8.64814372e-02, -1.60050566e-03,  2.19727852e-02, -6.23863676e-02,  6.15445908e-03],
       [ 7.02666009e-03, -7.14749053e-02,  3.04040306e-02,  6.55111403e-03,  4.20955940e-02],
       [ 6.75879423e-02,  4.94818936e-02, -3.98944365e-02,  7.28851886e-03, -8.27243423e-02],
       [-2.77661146e-02,  4.95947735e-02, -6.19477658e-02,  4.84850125e-02,  9.88919542e-03],
       [-7.95716150e-02, -4.18818329e-03, -2.96503378e-02,  7.65002704e-03, -6.55658664e-02],
       [ 6.72572574e-02,  7.75148132e-03, -2.11405920e-02, -2.78469628e-03,  8.14708964e-02],
       [-4.21833072e-02,  1.53947551e-02, -1.03051374e-02, -1.23712751e-02,  7.90363449e-02],
       [-3.31378247e-02,  2.38294879e-02,  1.23602488e-02, -2.65538954e-02,  3.38551377e-02],
       [ 1.48766966e-02, -2.88359955e-02,  2.01488522e-02, -9.94387300e-03, -4.95060495e-02],
       [ 4.88762327e-03, -4.84185742e-02,  4.51248417e-02,  3.17494294e-04, -2.94930653e-02],
       [-4.84156255e-02,  1.59252850e-02,  8.24712509e-04,  3.35600522e-02, -2.54840862e-02],
       [-4.94141321e-02,  2.06519307e-03,  2.54177754e-02,  6.32577302e-02,  4.09004098e-02],
       [ 4.39771366e-02,  5.24954156e-03,  1.52956038e-02,  1.79852187e-02,  4.23884988e-02],
       [-3.12249493e-02, -7.98316928e-03,  2.10986563e-02, -9.57038794e-03,  4.99809683e-02],
       [ 3.63213525e-02,  5.84573831e-02, -6.00618185e-02,  1.83085184e-02, -5.57964355e-03],
       [-1.91875995e-02, -1.35822464e-02, -1.37437452e-03, -2.39327188e-02,  4.80797095e-02],
       [-1.36716234e-02, -7.88957216e-02,  4.69942570e-02, -7.22281478e-02,  1.43351691e-05],
       [ 3.25092692e-02,  6.85682099e-02, -1.76318780e-02, -3.02722059e-02,  9.93687202e-02],
       [ 2.97094117e-02, -1.49481305e-01,  6.01171886e-02,  5.16659014e-02, -4.95179125e-02],
       [ 9.25815262e-02,  4.66499639e-02, -1.35806200e-01,  8.37197200e-02,  7.34916853e-02],
       [-2.88425188e-02, -3.30825684e-02,  7.80766038e-02,  4.40429035e-03,  1.12028018e-01],
       [-1.52202027e-01,  4.19682558e-02,  7.41521140e-02,  7.87655094e-02, -1.05967503e-02],
       [ 2.09966154e-03, -8.79531386e-02,  1.23635127e-02, -2.25435913e-02, -6.23172054e-02],
       [ 1.25022329e-01,  4.86023529e-02, -9.92904312e-02, -1.53918972e-03,  5.37636311e-02],
       [-5.49176711e-02,  1.17324877e-01, -1.13896093e-01, -6.41650508e-02, -2.04223305e-02],
       [-1.44514410e-01,  5.00133430e-02, -1.63269583e-02, -4.75119358e-03,  4.03203953e-02],
       [ 1.19806261e-01, -2.74868093e-02, -4.40406869e-02, -1.25509970e-02, -9.93660451e-02],
       [-7.70239728e-02,  2.70239239e-02,  1.01407188e-02, -1.59588501e-03, -9.01852100e-02],
       [-4.41502934e-02,  1.98337812e-02,  6.32833890e-02,  3.74115705e-02, -5.83310581e-02],
       [ 1.86326960e-02, -2.15348413e-02,  6.03460238e-03,  2.05221732e-02,  4.12180453e-02],
       [ 8.00670996e-03, -5.58604048e-02,  5.77379303e-02, -8.38870060e-04,  1.81486419e-02],
       [-8.68263753e-02,  5.64122781e-02,  1.61020592e-02, -4.48402095e-02,  4.66123050e-02],
       [-7.38092610e-02,  1.97326828e-02,  9.29865727e-02, -7.53738284e-02, -3.44746088e-02],
       [ 7.14086524e-02, -4.02091913e-02,  3.71997016e-02, -3.70870994e-02, -4.62822635e-02],
       [-5.28386793e-02, -1.01080693e-02,  5.73528919e-02,  8.42258606e-03, -6.60891157e-02],
       [ 5.95696310e-02,  4.96802231e-02, -1.01789755e-01, -9.64859532e-03,  2.51221983e-02],
       [-4.49365507e-02, -4.90997412e-03, -3.87030769e-03,  2.40749106e-02, -6.28834649e-02],
       [-2.96077902e-02, -6.50554953e-02,  4.85706238e-02,  9.74928910e-02, -5.15794371e-04],
       [ 7.91190625e-02,  6.66455954e-02, -3.46882462e-02,  9.58172386e-03, -8.65991462e-02],
       [-7.74538544e-02, -8.83389950e-02,  3.06808509e-02, -1.46973866e-02, -5.08168011e-02],
       [ 4.09492150e-02,  1.49164351e-02, -6.03989391e-03,  6.82272025e-02, -7.05328449e-02],
       [ 1.22915181e-01,  4.49728607e-02,  1.77784215e-02, -5.05231133e-02, -1.36839696e-03],
       [-4.61949079e-02,  1.11895189e-01, -6.52366660e-02, -2.93631794e-02,  4.82623859e-02],
       [-8.80929509e-02, -1.01513840e-01,  1.40020498e-02,  6.35260519e-02, -5.68329302e-02],
       [ 3.65423343e-02, -3.30597559e-02,  7.69401763e-02,  4.33034368e-02,  1.43828440e-02],
       [ 1.10732989e-01,  4.82610881e-02,  5.56633807e-02,  3.54628187e-02, -3.77278706e-02],
       [-9.88488520e-02, -4.51509464e-02, -2.48474025e-02, -6.53473378e-02,  7.81660940e-02],
       [ 7.79174727e-02, -1.39693801e-02,  5.05780451e-02, -5.85684691e-02,  6.55932799e-02],
       [ 6.82922708e-02, -2.51507158e-02,  2.61422879e-02, -6.18311453e-02,  3.69219376e-02],
       [-3.65728780e-02,  4.47349253e-02, -3.58234468e-02,  1.47474677e-02, -3.48465039e-02],
       [-2.49729732e-02,  7.37148017e-02, -5.94199726e-02,  2.39930041e-02, -2.23878869e-02],
       [ 7.99282161e-02,  1.38703894e-03,  3.92493191e-02,  5.76020855e-02, -2.74307831e-02],
       [ 7.96719882e-02,  1.71111632e-02,  5.93761288e-03,  3.31799276e-02,  3.45635991e-02],
       [-3.91413595e-02, -4.41663725e-02, -2.21854954e-02, -7.90273130e-03,  4.21104138e-02],
       [ 4.17503716e-02,  3.05785974e-02, -7.28017831e-03, -4.79066543e-02,  4.32047433e-02],
       [-3.86372726e-02, -1.03631835e-01,  4.52723181e-02,  8.84960898e-03, -8.71708454e-03],
       [ 2.08242132e-02,  4.82265468e-02,  1.07527721e-04, -5.16261203e-02,  3.60962823e-02],
       [-1.54607837e-02,  1.35160384e-01, -6.75873803e-02, -6.59244640e-02, -1.01301200e-02],
       [-2.80984864e-02, -1.37360565e-01,  2.05508950e-02, -6.55917975e-02,  5.86763346e-02],
       [ 3.66556753e-03, -3.50136686e-03, -1.08155665e-02,  9.62323837e-02,  8.22421591e-02],
       [ 7.78897752e-03,  5.14860497e-02,  5.56188629e-02,  3.72035865e-02, -1.45828128e-02],
       [-8.98055962e-02, -5.98769333e-02,  9.79580118e-02, -6.24090461e-02, -4.93850234e-02],
       [ 1.79659152e-02, -7.95838507e-03, -5.94091373e-02,  9.80071969e-02,  8.67174159e-02],
       [ 2.14221037e-02,  6.73842036e-02,  7.68966495e-02, -3.46922662e-02,  2.14086232e-04],
       [-7.42776490e-03,  6.04681740e-02,  1.28095769e-01,  5.22264802e-02,  4.99232956e-02],
       [-2.78811748e-03, -3.67195834e-02, -5.17541707e-02, -9.05886824e-02, -7.50206825e-02],
       [ 1.31709279e-02,  3.63583890e-02,  3.36484214e-02, -5.36390081e-02, -4.69793735e-02],
       [ 3.40694670e-02,  2.84730918e-02, -3.60748713e-02, -2.33178840e-02, -4.72039581e-02],
       [-2.60986702e-02, -2.25674320e-02,  1.68920420e-02,  5.42792789e-02,  3.82215491e-02],
       [-3.71426107e-02, -3.37153146e-02,  1.69329510e-02,  3.82123526e-02,  3.79934987e-02],
       [ 1.90592211e-02,  5.16717812e-02,  4.37886423e-02,  1.47180048e-03,  3.21110440e-02],
       [ 1.99002776e-02,  3.58063520e-02,  1.91226926e-03, -9.49276777e-02, -3.16490822e-02],
       [ 2.06769497e-02, -3.56972307e-02, -1.13656763e-01, -7.16380922e-02, -5.05120810e-02],
       [-5.76253627e-03,  9.08788525e-03,  2.24786579e-02, -5.14036941e-02, -5.14079785e-02],
       [ 2.99105161e-02,  4.81539145e-03, -4.61399415e-02, -1.72224728e-02, -4.19102042e-04],
       [-1.61711426e-02,  7.37473582e-03,  5.07314939e-02, -3.91934972e-02, -5.37238692e-02],
       [-6.62313583e-02, -2.73307782e-02,  9.64211537e-02,  5.23810539e-02, -2.57869962e-03],
       [ 5.95214946e-02,  1.51409677e-02, -1.35277736e-01, -6.59754461e-02, -6.75233305e-02],
       [-1.99595561e-02, -7.77002531e-03, -1.33307393e-02,  1.05783998e-01, -1.30430866e-02],
       [ 3.24927051e-02,  2.84332049e-02, -5.59939970e-02, -2.73476410e-02, -9.95907763e-02],
       [ 7.01703886e-03, -5.22608426e-03,  1.17449336e-02,  2.24958229e-03,  1.14518075e-01],
       [-2.07986757e-02, -1.02209838e-02, -5.24567097e-02, -8.77396757e-02, -4.48638886e-03],
       [-1.39790273e-02, -1.27609202e-02, -6.13336822e-02,  1.24831972e-03,  4.65592655e-02],
       [ 1.46758653e-02,  7.55869306e-03,  1.64191708e-02, -1.44069025e-02, -1.32109118e-01],
       [-9.05501413e-03, -1.37175886e-02, -4.53596829e-03,  2.23803668e-03, -8.68668272e-02],
       [-1.04327858e-02, -1.55966273e-02,  3.19149255e-02,  4.74178923e-02, -6.44567095e-02],
       [ 7.95267688e-03,  1.44093437e-02, -1.07720894e-02,  3.02624798e-02,  5.21873847e-02],
       [ 1.44718808e-02,  1.62550057e-02, -4.91233690e-03,  3.25127835e-03,  5.49167759e-02],
       [-1.49873719e-02, -9.93934894e-03, -1.21131161e-02, -6.42636584e-02,  6.45513615e-02],
       [-1.21428071e-02, -7.49819406e-03,  1.64662585e-02, -1.11589736e-01, -3.49544589e-02],
       [ 5.33706538e-03, -3.46871853e-03,  6.22125219e-02, -5.41824519e-02, -1.02008785e-01],
       [-3.39631633e-03, -6.70294250e-04, -7.85200974e-04,  7.44790233e-03, -7.10779772e-02],
       [-6.27392922e-03, -1.08720375e-02,  6.73604848e-03, -1.76983682e-02,  1.22673822e-02],
       [-9.32374411e-04,  4.34794085e-03, -2.68502134e-02,  3.90428118e-02, -1.04660624e-01],
       [ 2.05419959e-02,  2.68058179e-02, -4.98052753e-02,  1.29904123e-01,  1.07152155e-02],
       [-1.34333496e-02, -1.67291149e-02,  6.27311263e-02,  2.32012916e-02, -1.48984058e-01],
       [ 1.49215891e-01, -1.00065547e-02, -3.60025831e-02, -5.45697261e-02,  1.20680088e-02],
       [-1.02511570e-02,  6.48089230e-02,  7.96551095e-02,  9.45777840e-02, -1.61643681e-02],
       [-3.36196794e-02, -6.71513492e-02, -9.51435526e-02,  6.98413141e-03,  4.01061861e-03],
       [-1.06280812e-02, -9.53625640e-02, -1.44999766e-01,  4.76584576e-02, -5.86534501e-03],
       [ 2.61481784e-02,  6.53865649e-02,  8.41295076e-02, -1.03506951e-01,  6.26781951e-03],
       [-2.97291125e-02, -2.52923138e-02, -4.60880336e-02, -7.37112867e-02,  1.34865934e-02],
       [-7.92709849e-02, -1.19203631e-02, -1.19604676e-02, -5.62198537e-02,  3.18616672e-03],
       [ 5.14629024e-02, -8.56899339e-04,  8.15584296e-03,  3.98747635e-02, -6.95795070e-03],
       [ 5.92409498e-02, -2.22895265e-03,  5.31778120e-03,  3.48955937e-02, -5.05320071e-03],
       [-3.93168928e-02, -5.39008135e-02, -6.57530042e-02,  4.11283552e-02, -3.03429759e-03],
       [-5.77698558e-02, -5.07629636e-02, -5.03223902e-02, -1.60398194e-02,  9.23531387e-03],
       [-2.71898006e-02,  8.21483828e-02,  1.13581353e-01, -4.60086098e-02,  1.13992254e-02],
       [-5.38258967e-03, -3.21863621e-02, -3.87278352e-02, -6.21076660e-02,  4.88086688e-03],
       [-3.35058127e-02,  5.07969623e-02,  4.78890913e-02,  3.25072116e-03,  2.01880382e-03],
       [ 1.99821266e-02, -3.64430521e-02, -5.37291786e-02, -6.75942034e-02,  5.17054826e-03],
       [ 1.12664662e-01, -5.22817688e-02, -6.22009427e-02, -1.57462080e-02, -5.40827814e-03],
       [-9.85664137e-02,  7.66256050e-02,  1.18400176e-01, -9.37978848e-02,  1.45861879e-02],
       [-1.09558517e-01, -7.15260462e-02,  7.45760641e-02, -2.07211909e-02, -5.22699443e-02],
       [ 5.54144774e-02, -8.32330085e-02,  1.14256195e-01,  4.35604417e-02,  1.60027555e-02],
       [ 1.38971814e-01, -1.49947922e-02,  4.04859410e-02, -9.94825265e-03, -5.54577200e-02],
       [-1.14806861e-01, -1.90301575e-05,  2.63183129e-02,  3.12449415e-02,  8.74760875e-02],
       [ 7.67828400e-02, -2.22680676e-02,  6.38113331e-03,  1.68886139e-02,  7.10096496e-02],
       [ 5.24846740e-02, -1.57582386e-02, -3.68713421e-02, -1.10606666e-02,  3.33230542e-02],
       [-2.66744998e-02,  3.13141078e-02, -1.75609703e-02, -2.33065371e-02, -4.60480567e-02],
       [-1.50793110e-02,  5.55210533e-02, -5.65225756e-02, -7.49046291e-03, -1.60848028e-02],
       [ 8.82140143e-02, -3.45913821e-02,  8.22147163e-03,  2.11677787e-02, -2.63172864e-02],
       [ 8.69970603e-02, -7.05503718e-03, -5.38766293e-02,  6.59739700e-02,  3.73917046e-02],
       [-6.47334547e-02,  9.27679361e-03, -4.79907645e-02,  2.91718865e-02,  3.06365079e-02],
       [ 5.10461931e-02,  1.78157844e-02, -4.10721713e-02,  9.20505698e-03,  5.41053798e-02],
       [-5.33922190e-02, -6.98733042e-02,  8.71845337e-02,  1.39855155e-02, -1.22617548e-02],
       [ 3.56465725e-02,  1.71074704e-02,  6.40864931e-03, -4.63050421e-03,  4.53159497e-02],
       [ 1.06655584e-02,  8.14291037e-02, -4.03152366e-02, -6.23138865e-02, -1.97712666e-04],
       [-5.61670309e-02, -8.47510557e-02,  1.92987524e-02,  7.82468923e-03,  6.23234648e-02],
       [ 1.09734911e-02,  8.15269794e-02,  4.72134169e-02, -7.39389224e-02, -2.25331360e-02],
       [-2.88175317e-02,  6.91737766e-02,  1.07870061e-01, -7.62733412e-03,  4.83975887e-02],
       [ 1.25522209e-02, -4.69356198e-02, -6.31523470e-02, -1.19443822e-02, -1.11770162e-01],
       [ 2.10821481e-03,  3.78273785e-02,  3.67184949e-02, -1.41402491e-03, -9.99328310e-02],
       [ 4.22365053e-02,  3.07776941e-02, -1.64088729e-03,  4.25878839e-02, -5.81018350e-02],
       [-3.19406979e-02, -2.23655980e-02,  9.02185123e-03,  2.29085017e-02,  5.35442575e-02],
       [-3.91622386e-02, -3.76931333e-02,  1.52138957e-02, -1.85288019e-03,  1.71172174e-02],
       [ 8.18235210e-03,  6.22968007e-02,  5.77703797e-02, -5.11093114e-02,  4.91913322e-02],
       [ 2.38644254e-02,  4.70653802e-02,  4.85013282e-02, -9.05164577e-02, -4.24452963e-02],
       [ 3.38966926e-02, -4.31470626e-02, -8.69166053e-02, -3.99740787e-02, -5.05157174e-02],
       [-1.24648711e-02,  1.41769673e-02,  3.86564528e-02,  1.03597743e-02, -7.22202291e-02],
       [ 3.93907691e-02,  5.89612990e-03, -6.15291817e-02, -1.43169343e-02,  2.96806772e-02],
       [-2.71691013e-02,  1.25110851e-02,  4.23503424e-02,  3.02943377e-02, -6.95789089e-02],
       [-9.10395423e-02, -2.68619845e-02,  9.24254518e-02,  1.10854405e-01,  3.54884935e-03],
       [ 8.74765633e-02,  8.97153478e-03, -1.11883682e-01,  1.43209871e-02, -9.43686032e-02],
       [-1.97431299e-02, -6.80588172e-02, -1.49774799e-02, -4.34196757e-02, -1.78283840e-03],
       [ 2.20096880e-02,  5.25477060e-02,  6.62956156e-02,  8.17693286e-02, -5.49877020e-04],
       [-2.38646572e-02, -1.06410875e-02, -5.03355339e-02,  5.42852848e-02,  2.37292264e-03],
       [-4.50749394e-02,  1.64155684e-02, -1.00081982e-01,  3.93725025e-02,  8.60909942e-03],
       [ 2.93368640e-02, -2.91447729e-02,  3.57498427e-02, -3.37059678e-02,  6.05965623e-04],
       [ 2.15068646e-02, -4.13905574e-02,  2.22258025e-02, -3.03650089e-02, -1.26229292e-02],
       [-2.51504327e-02, -2.87223615e-02, -5.93933885e-02, -2.56246789e-02, -1.10853578e-02],
       [-3.91365715e-02, -2.98782226e-02, -9.58483594e-02,  2.74045388e-02, -4.16664746e-03],
       [-9.43789764e-03,  5.85754984e-02, -3.08451077e-02,  3.89848549e-02,  1.44358074e-02],
       [-5.31071008e-03, -2.87219017e-02, -3.56517882e-02,  4.88523591e-02,  4.29603982e-03],
       [-6.94567891e-03,  7.46913384e-02,  3.37043169e-02,  1.09595580e-04,  3.90690450e-03],
       [ 3.36007467e-03, -3.93202241e-02,  9.49972940e-03,  4.57093699e-02,  1.93426311e-02],
       [ 4.32216668e-02, -1.03836357e-01,  6.43857725e-02, -3.13233577e-03,  6.71600295e-03],
       [-2.57544256e-02,  1.21107883e-01, -5.70517583e-02,  6.81594669e-02,  2.74865336e-02],
       [ 4.75713583e-03,  8.85641453e-02,  1.29434568e-01, -5.16276250e-03, -6.84406259e-02],
       [-1.90056890e-02, -3.49900639e-02, -5.95945006e-02,  7.19294756e-04, -3.93078914e-02],
       [-6.96132572e-02, -1.42333541e-02, -8.64529483e-02,  2.89859004e-02, -3.78924213e-02],
       [ 4.75724131e-02, -1.32482260e-02,  8.12225954e-03,  1.47552696e-02,  2.00336049e-02],
       [ 5.48045295e-02, -1.04963101e-02, -1.84052568e-02, -2.97445438e-03,  2.29881873e-02],
       [-2.28263005e-02, -6.14438115e-02, -8.13966990e-02, -3.72558372e-02,  3.91453679e-02],
       [-4.00982533e-02, -4.99661427e-02, -1.15158239e-01, -4.61181935e-02, -9.89616997e-03],
       [-4.07678117e-02,  7.63215738e-02,  3.87161391e-02, -2.70469275e-02, -5.48450440e-02],
       [ 8.81719864e-03, -3.91583621e-02, -6.97719177e-02,  6.46713244e-03, -3.70530700e-02],
       [-4.68750672e-02,  5.89485007e-02,  9.70590803e-02,  2.08219384e-04,  9.20498374e-03],
       [ 2.48294678e-02, -4.24208320e-02, -3.08904016e-02,  2.36959215e-02, -5.71156192e-02],
       [ 1.15271157e-01, -5.86831665e-02, -2.04663337e-02,  6.40510575e-02,  5.34355822e-03],
       [-9.69407163e-02,  8.22134284e-02,  3.67457245e-02,  1.54825943e-02, -8.06621195e-02],
       [ 1.89647947e-02,  2.28575196e-02,  3.56707870e-02,  1.38942320e-05,  9.44717066e-02],
       [ 5.42250786e-02,  6.70042771e-03,  9.52839691e-03, -4.07097288e-02,  5.87667759e-02],
       [-3.89262796e-02, -3.89881546e-03, -1.46743875e-02, -3.28762699e-02, -6.42062711e-02],
       [-4.55352166e-02, -3.09023222e-03, -5.84804540e-03, -8.17610143e-03, -5.03016941e-02],
       [ 3.07052992e-02,  5.19758903e-02,  6.87081348e-02,  5.75800423e-02, -5.71389917e-02],
       [ 4.96327201e-02,  4.85146943e-02,  6.00739003e-02,  1.16391041e-01,  4.83577542e-02],
       [ 2.16232084e-02, -6.68815261e-02, -9.18462592e-02,  5.52429131e-02,  8.85952879e-02],
       [ 1.63299735e-03,  1.76826114e-02,  2.22116834e-02, -4.09770748e-03,  7.31795032e-02],
       [ 2.74027584e-02, -3.15935915e-02, -3.13382624e-02,  2.41780186e-02, -3.42596488e-03],
       [-1.86543549e-02,  2.01692252e-02,  3.19694879e-02, -3.03343510e-02,  8.35140668e-02],
       [-8.72826588e-02,  3.48446844e-02,  6.81791314e-02, -1.24271783e-01,  6.01225754e-03],
       [ 8.01414562e-02, -5.21509041e-02, -9.35327860e-02, -1.80090474e-02,  1.45017556e-01],
       [-4.09435302e-02, -2.59396872e-03, -1.09046228e-02, -3.60358925e-02,  4.86349848e-02],
       [ 2.66627854e-02, -1.17007940e-03,  7.90881599e-03, -1.95060837e-02, -4.52755638e-02],
       [ 2.96842087e-02, -7.29440696e-03,  4.03729326e-03, -1.36735726e-03, -5.06387669e-02],
       [-2.33672923e-02, -1.37403701e-02, -3.34851878e-02,  4.24443153e-02, -3.69510430e-02],
       [-4.61893936e-02, -3.01487599e-02, -3.81928121e-02,  7.21401727e-02,  2.62802234e-02],
       [-7.99311122e-03,  3.80756579e-02,  5.29252936e-02,  3.61775093e-02,  8.36312640e-02],
       [-6.28731693e-03, -1.72861520e-02, -1.35982001e-02, -8.09952478e-03,  5.75067445e-02],
       [-1.55140890e-02,  2.94307156e-02,  1.52146385e-02,  1.52878224e-02, -2.48082654e-04],
       [ 4.60636595e-03, -1.43458715e-02, -2.09855624e-02, -3.26721066e-02,  7.31814857e-02],
       [ 5.38938204e-02, -3.03034571e-02, -2.46305572e-02, -8.15816881e-02, -1.38205027e-02],
       [-3.87038630e-02,  4.87494435e-02,  2.72392230e-02, -1.91775479e-02,  8.70383526e-02],
       [ 2.07430813e-02, -2.46524729e-03,  3.42462565e-03,  1.00436761e-02, -4.05005547e-02],
       [ 3.15758885e-02, -1.75521379e-02,  1.85773472e-02,  1.12413204e-02, -1.93631876e-02],
       [-4.81502684e-02,  2.92770120e-03, -2.53646162e-02,  3.70726452e-02, -1.92274429e-02],
       [-5.49866134e-02, -1.35381278e-02,  2.51883171e-02,  3.65092000e-02,  2.59594923e-02],
       [ 2.82884752e-02,  1.15047358e-02,  8.37857210e-02, -1.61590563e-03,  4.64055197e-02],
       [-2.28479442e-02, -1.22109354e-02,  1.33403243e-02, -3.24048811e-02,  3.88305992e-02],
       [ 9.23436393e-03,  2.62523310e-02, -2.39143736e-02,  1.35426775e-02, -4.27175528e-03],
       [-1.14073017e-02, -7.84397886e-03, -2.94115275e-02, -4.91057914e-02,  4.18064735e-02],
       [ 2.47556865e-02, -1.90593997e-02, -3.50332207e-02, -5.59450508e-02, -6.05182817e-03],
       [-2.09080095e-04,  3.21379358e-02,  5.90216221e-02, -5.80031714e-02,  6.74714827e-02],
       [-1.27030171e-02,  1.67819107e-02, -1.00155007e-02,  1.12449257e-02,  2.63080461e-02],
       [ 3.28064669e-02, -1.03115831e-02,  1.15186252e-02, -1.87826795e-02,  3.19935407e-02],
       [ 3.19701190e-02, -1.49017592e-03, -4.31386443e-03, -5.50497439e-02, -1.56416747e-02],
       [-2.24570273e-02,  9.38714854e-03, -1.71112348e-02, -2.78765499e-02, -3.66913885e-02],
       [ 1.51119082e-02,  9.09545840e-03, -3.40164214e-05, -1.10231520e-02, -3.14228469e-02],
       [-7.57565371e-03, -2.12080240e-02,  6.01056599e-03, -7.45138206e-03,  5.79731682e-03],
       [ 1.04409423e-02,  7.24001024e-03,  5.46770465e-03, -2.14116477e-04, -4.80779273e-02],
       [-1.06722273e-02,  2.79317434e-02, -1.52520102e-02,  5.36059645e-02,  5.94504541e-04],
       [-8.90670547e-03, -3.26063860e-02,  1.15445063e-02, -1.40226919e-02, -6.82618429e-02],
       [ 3.65570559e-02, -1.77809449e-02,  1.00828111e-02, -1.77548166e-02,  1.89372879e-02],
       [ 3.72730578e-02, -6.14015722e-03,  7.38531832e-03, -3.41089786e-02, -1.91034490e-02],
       [-2.14299724e-02, -1.12019982e-03,  9.23261461e-03, -1.59101568e-02, -1.68758310e-02],
       [ 1.90778624e-02,  1.17703270e-02, -4.55335590e-03,  2.50762539e-03, -3.16984007e-02],
       [-1.74521556e-02, -4.00690053e-02,  2.04274003e-02, -3.72597217e-03,  1.38650417e-02],
       [ 1.40885120e-02,  1.30345752e-02, -9.39333500e-03,  1.09253397e-02, -2.62511029e-02],
       [-1.81719306e-03,  5.80296096e-02, -4.87622676e-02,  4.17559444e-02, -4.25886334e-04],
       [-2.09864419e-02, -6.05090730e-02,  5.37364398e-02,  6.50367453e-03, -4.06532056e-02],
       [-4.72184280e-02, -3.73163896e-02, -4.06657969e-02, -2.09520240e-02, -2.76194964e-02],
       [-8.54286078e-03,  5.85791073e-02,  5.69107987e-02,  1.30321868e-02, -3.07552608e-02],
       [-9.17112271e-03, -2.56868854e-02, -2.83194755e-02,  3.91573287e-02, -3.34099555e-02],
       [-1.28869281e-02,  5.25311844e-02,  2.50430333e-02, -1.41639078e-02,  3.14413794e-03],
       [ 5.24867922e-03, -2.85819643e-02, -3.26485809e-02,  4.99677153e-02, -2.90094135e-02],
       [ 6.28523304e-02, -6.22540683e-02, -4.51122257e-03,  4.02071090e-02,  6.99187504e-03],
       [-4.89533249e-02,  7.68668776e-02,  4.65990323e-02,  6.32414916e-02, -4.56686761e-02],
       [ 9.99871068e-04,  3.87638230e-02,  9.91399967e-02,  6.89157460e-02,  3.61349985e-02],
       [-1.40284344e-02, -2.18447691e-02, -1.27452018e-02,  6.22825045e-02,  2.76200059e-02],
       [-5.62417945e-03,  3.94872819e-02,  1.35079363e-02, -6.47829696e-03, -4.55938618e-03],
       [-1.61373291e-03, -2.10956479e-02, -4.93901454e-02,  5.47752208e-02,  4.35337495e-02],
       [ 5.88858970e-02, -3.28256445e-02, -4.65202843e-02, -3.22494769e-02,  1.34815693e-03],
       [-3.56662076e-02,  4.76843618e-02,  9.87754208e-02,  8.89925044e-02,  5.86952592e-02],
       [-1.69113491e-02,  2.27231857e-02,  5.55641038e-02,  2.31599299e-02,  5.43006688e-02],
       [ 3.22466191e-02, -3.58355908e-02, -7.77054590e-02,  1.16006393e-02, -1.40541515e-02],
       [-2.36079894e-02,  3.03121920e-02,  1.16162449e-02,  1.29240905e-02,  4.57741503e-02],
       [-6.43343201e-02,  4.10716162e-02, -6.30508822e-03, -5.95360488e-02,  5.39389873e-03],
       [ 7.19703820e-02, -5.95822710e-02, -1.31574020e-02,  3.01978165e-02,  7.07784274e-02],
       [-1.14037035e-02,  4.20629104e-03,  1.76075818e-02,  1.31951087e-02, -7.59801530e-03],
       [ 1.02066919e-02, -6.29238417e-03, -2.41637815e-02, -2.97649362e-02,  5.61777808e-02],
       [ 4.30930043e-02,  6.83615442e-03, -5.50246579e-02, -7.19496966e-02, -8.35064104e-03],
       [-4.29261892e-02,  6.94656874e-03,  6.93918624e-02, -2.44120163e-02,  8.55226310e-02],
       [-2.28829481e-02,  9.04206688e-04,  3.96722648e-02,  1.66187671e-02, -9.26940501e-03],
       [-4.40479053e-02, -3.45293337e-02,  8.32409377e-02,  3.23098491e-03,  2.19727705e-03],
       [ 6.76733706e-02,  3.29205420e-02, -1.21390052e-01,  2.20183924e-02, -1.50351198e-02],
       [ 3.44605335e-02,  1.03912993e-03, -1.95062822e-02, -7.75651815e-02, -5.83784740e-03],
       [-3.09271861e-02,  8.12130095e-03,  1.83077492e-02, -4.09512295e-02,  6.61589557e-02],
       [-6.61161586e-02, -4.88767645e-02,  6.21838808e-02, -1.04242382e-01, -1.80508222e-02]])})
2026-01-20 11:02:01,128 - final_problem_set.kxor_instance_n28_k2_m224_ell2_eps0.2_kappa1.0_rho0.0 - INFO - Running key extraction (n=28, m=224, ell=2, phase_qubits=13)
2026-01-20 11:02:01,134 - final_problem_set.kxor_instance_n28_k2_m224_ell2_eps0.2_kappa1.0_rho0.0 - INFO - Built voting matrix V (n=28, ell=2, dtype=complex128) in 0.006s
2026-01-20 11:02:01,135 - final_problem_set.kxor_instance_n28_k2_m224_ell2_eps0.2_kappa1.0_rho0.0 - INFO - Eval: adv=0.3214 (no ground-truth z available)
2026-01-20 11:02:01,135 - final_problem_set.kxor_instance_n28_k2_m224_ell2_eps0.2_kappa1.0_rho0.0 - INFO - Key extraction complete: x_hat=9
2026-01-20 11:02:01,135 - final_problem_set.kxor_instance_n28_k2_m224_ell2_eps0.2_kappa1.0_rho0.0 - INFO - Finished step 'KeyExtractionStep' in 0.007s (success: True, problem=kxor_instance_n28_k2_m224_ell2_eps0.2_kappa1.0_rho0.0)
2026-01-20 11:02:01,135 - final_problem_set.kxor_instance_n28_k2_m224_ell2_eps0.2_kappa1.0_rho0.0 - INFO - SUCCESS: len(z_hat)=28
2026-01-20 11:02:01,135 - final_problem_set.kxor_instance_n28_k2_m224_ell2_eps0.2_kappa1.0_rho0.0 - INFO - Metrics: adv=0.32142857142857145, ham_frac=None, corr=None
2026-01-20 11:02:01,135 - final_problem_set.kxor_instance_n28_k2_m224_ell2_eps0.2_kappa1.0_rho0.0 - INFO - z_hat (full): [ 1,  1,  1, -1, -1, -1,  1, -1,  1,  1, -1, -1,  1, -1,  1, -1, -1, -1,  1,  1,  1, -1, -1, -1,  1, -1,  1, -1]
