2026-01-20 11:00:44,596 - final_problem_set.kxor_instance_n18_k2_m187_ell2_eps0.15_kappa0.75_rho1.0 - INFO - Starting iteration for /Users/julian/CodingProjects/UniT3/QuarticSpeedupK-XOR/z_Daphne/data/final_problem_set/kxor_instance_n18_k2_m187_ell2_eps0.15_kappa0.75_rho1.0.npz
2026-01-20 11:00:44,597 - final_problem_set.kxor_instance_n18_k2_m187_ell2_eps0.15_kappa0.75_rho1.0 - INFO - Loaded instance (n=18, m=187, k=2)
2026-01-20 11:00:44,597 - final_problem_set.kxor_instance_n18_k2_m187_ell2_eps0.15_kappa0.75_rho1.0 - INFO - Starting step 'ComputeKikuchiStep' (version 0.1) on problem kxor_instance_n18_k2_m187_ell2_eps0.15_kappa0.75_rho1.0 (fields={'ell': 2, 'threshold': 0.0})
2026-01-20 11:00:44,617 - final_problem_set.kxor_instance_n18_k2_m187_ell2_eps0.15_kappa0.75_rho1.0 - INFO - Finished step 'ComputeKikuchiStep' in 0.020s (success: True, problem=kxor_instance_n18_k2_m187_ell2_eps0.15_kappa0.75_rho1.0)
2026-01-20 11:00:44,617 - final_problem_set.kxor_instance_n18_k2_m187_ell2_eps0.15_kappa0.75_rho1.0 - INFO - Starting step 'ClassicalEigenvaluesStep' (version 0.1) on problem kxor_instance_n18_k2_m187_ell2_eps0.15_kappa0.75_rho1.0 (fields={'ell': 2, 'threshold': 0.0, 'kikuchi_matrix': <Dictionary Of Keys sparse matrix of dtype 'int64'
	with 3424 stored elements and shape (153, 153)>, 'num_eigenvalues': 5})
2026-01-20 11:00:44,674 - final_problem_set.kxor_instance_n18_k2_m187_ell2_eps0.15_kappa0.75_rho1.0 - INFO - Finished step 'ClassicalEigenvaluesStep' in 0.056s (success: True, problem=kxor_instance_n18_k2_m187_ell2_eps0.15_kappa0.75_rho1.0)
2026-01-20 11:00:44,674 - final_problem_set.kxor_instance_n18_k2_m187_ell2_eps0.15_kappa0.75_rho1.0 - INFO - Starting step 'KeyExtractionStep' (version 0.1) on problem kxor_instance_n18_k2_m187_ell2_eps0.15_kappa0.75_rho1.0 (fields={'ell': 2, 'threshold': 0.0, 'kikuchi_matrix': <Dictionary Of Keys sparse matrix of dtype 'int64'
	with 3424 stored elements and shape (153, 153)>, 'num_eigenvalues': 5, 'eigenvalues': array([11.7009044 , 12.09974359, 12.3689432 , 13.10764216, 22.73718958]), 'eigenvectors': array([[-1.53903036e-04,  4.28697983e-02, -1.60635318e-01,  4.39171786e-02,  7.25764837e-02],
       [ 1.68995459e-01,  9.52803118e-02,  3.77338104e-02, -1.15004764e-02, -8.29839348e-02],
       [-1.34650894e-01, -7.80796029e-02, -2.10671847e-02, -5.10458846e-02,  9.57352094e-02],
       [-5.87965636e-02,  7.57849009e-02,  5.48716256e-02,  1.98589489e-02,  9.14917264e-02],
       [ 1.20362982e-01, -5.48728113e-02, -3.08969860e-02,  1.10386617e-01, -8.15148860e-02],
       [ 6.64938825e-02,  6.85907344e-02,  3.78009083e-02,  1.60264545e-01, -7.97889783e-02],
       [-1.30607214e-02,  1.38323181e-01, -9.82469334e-02, -6.83919665e-02, -6.73479780e-02],
       [-6.13555766e-02, -4.62644171e-02, -9.32864227e-03, -6.37206120e-02,  9.76371684e-02],
       [ 2.67427627e-02,  1.27422039e-02, -1.65109692e-03, -1.78760298e-02, -9.27726278e-02],
       [ 1.00198220e-02, -3.22403325e-03,  5.26324476e-02, -1.07737196e-01,  8.23274078e-02],
       [ 4.38435346e-02, -5.10446565e-02, -1.50741843e-02, -1.01449972e-01,  9.02570690e-02],
       [-4.48521107e-03,  6.69171223e-02, -5.76345978e-02, -1.00754144e-01,  9.12946057e-02],
       [-4.07644207e-02, -1.10921340e-01, -1.40802553e-01, -7.39946955e-02,  7.38910014e-02],
       [ 1.12011855e-01,  5.53749259e-02, -5.32848211e-02,  3.34245848e-02, -9.10242539e-02],
       [ 1.65868195e-02,  3.40006503e-03,  7.34301655e-03,  6.72497390e-02, -1.10798096e-01],
       [ 9.49266606e-02, -2.08319238e-03, -5.40172088e-02,  1.26528132e-01, -8.06176515e-02],
       [ 1.58846834e-01, -7.70293691e-02,  4.00731268e-02, -1.54212995e-02, -8.14245124e-02],
       [ 2.63800711e-02,  4.22754232e-03,  1.38539211e-01, -1.15250641e-01, -5.98330133e-02],
       [ 1.20063361e-02,  2.18241448e-02, -1.48530180e-01,  9.52407556e-02,  6.94435691e-02],
       [ 5.43984540e-02,  1.05352593e-01, -8.14635773e-02,  1.23171970e-01,  6.03519979e-02],
       [ 6.86273479e-04, -1.12057391e-01,  1.02225946e-01, -3.42989718e-02, -6.41742062e-02],
       [-4.20437354e-02, -1.49980784e-02,  1.54160084e-01,  8.29904036e-03, -6.33950667e-02],
       [-8.37336904e-02,  4.55988751e-02,  2.60458509e-02, -1.41394822e-01, -4.75593007e-02],
       [ 7.17894319e-02,  4.56839609e-02, -1.59654162e-01,  9.76387864e-02,  7.58052185e-02],
       [-7.97370485e-02, -5.78765973e-02,  1.27105765e-01, -1.35008863e-01, -6.54827252e-02],
       [ 1.07542358e-01,  6.59961713e-02, -8.63296718e-02,  3.79553614e-02,  6.47610794e-02],
       [ 1.23917796e-01,  3.50684836e-02, -1.35906278e-01,  5.30940442e-02,  6.57899809e-02],
       [ 9.12265685e-02,  1.11098964e-01, -1.64722544e-01,  5.27108392e-02,  6.55097153e-02],
       [ 4.62016307e-02, -2.10722927e-02, -1.93002791e-01,  4.73741015e-02,  5.33010779e-02],
       [-1.98973089e-02, -3.36290702e-02,  9.61563564e-02, -1.10501406e-01, -7.07183433e-02],
       [-9.78968412e-02, -7.47081563e-02,  1.48733108e-01, -9.94499072e-02, -7.30177530e-02],
       [-1.89947669e-02, -7.02899379e-02,  8.11204740e-02, -1.87938133e-02, -6.35608079e-02],
       [ 2.20660106e-02, -1.07227391e-01,  1.36229912e-01, -1.15919800e-01, -5.77616828e-02],
       [ 1.68358738e-01,  1.23670591e-01,  3.45569020e-02, -7.50037611e-02, -8.53518345e-02],
       [ 8.82707112e-02, -9.30502754e-03, -2.60618411e-02, -1.16670263e-01, -7.56722012e-02],
       [-1.70420090e-01, -1.31070543e-03,  1.17517134e-02,  4.14772696e-03,  7.98522999e-02],
       [-9.98906030e-02, -1.08168824e-01, -4.82800078e-02, -4.33880808e-02,  7.34830211e-02],
       [-1.38203849e-02, -1.43139503e-01,  6.52594748e-02,  1.28899202e-01,  5.49589778e-02],
       [ 1.05310736e-01,  9.95648065e-02,  2.91498254e-02, -6.67870692e-02, -8.81384873e-02],
       [-7.01759414e-02, -6.77494089e-02, -1.72854082e-02,  1.27968415e-01,  8.26756367e-02],
       [ 3.65321355e-02,  6.11909254e-02, -3.35299230e-02, -8.11276749e-03, -8.06278580e-02],
       [ 6.89061919e-03,  1.11267187e-01,  3.38668422e-02, -2.40350918e-02, -8.85092220e-02],
       [ 5.60601812e-02, -4.20608850e-03,  7.63386718e-02, -2.60999756e-02, -8.93822850e-02],
       [ 7.11871930e-02,  1.40173279e-01,  1.35652327e-01, -2.50285499e-02, -6.67116508e-02],
       [-1.45086351e-01, -1.02835715e-01,  2.76876326e-02,  8.26212588e-02,  8.15872764e-02],
       [-7.37052775e-02, -7.26184183e-02, -2.85282243e-02,  8.39612998e-02,  9.96371165e-02],
       [-1.25199969e-01, -4.63480300e-02,  3.23820352e-02, -1.33937193e-02,  7.36559481e-02],
       [-1.80604518e-01,  1.77351866e-02, -4.93126296e-02,  1.11234344e-01,  7.25383472e-02],
       [-5.42154441e-02,  4.83039972e-02,  6.04895586e-02,  9.42853741e-02,  9.41774351e-02],
       [ 1.18976654e-01, -3.16571720e-02, -3.53806032e-02,  5.19080468e-02, -8.53746524e-02],
       [ 6.11875208e-02,  9.80017989e-02,  3.70633613e-02,  1.06926406e-01, -8.37293406e-02],
       [-2.32965362e-02,  1.47856011e-01, -9.59860961e-02, -1.15504477e-01, -6.37210009e-02],
       [-5.43818546e-02, -7.94210895e-02, -7.47641891e-03,  1.17214341e-02,  1.01716993e-01],
       [ 1.91858587e-02,  4.24863828e-02, -5.64434326e-03, -9.09521783e-02, -9.59628759e-02],
       [ 1.97932325e-02, -3.02423880e-02,  5.82881623e-02, -4.83140713e-02,  8.62321223e-02],
       [ 6.06726847e-02, -9.32479400e-02, -1.36697411e-02, -4.03389702e-02,  1.01314709e-01],
       [ 4.57014083e-03,  4.37292933e-02, -6.25930691e-02, -3.77424807e-02,  1.02871250e-01],
       [-3.47627479e-02, -1.39914572e-01, -1.43256824e-01, -2.16522066e-02,  7.69174164e-02],
       [ 1.08874563e-01,  8.66945286e-02, -5.83910014e-02, -3.71805983e-02, -9.40909963e-02],
       [ 7.76173133e-03,  3.73767037e-02,  2.54350204e-03, -1.91720521e-02, -1.06369254e-01],
       [ 9.16608855e-02,  2.34759203e-02, -6.00578559e-02,  7.03652330e-02, -8.44423742e-02],
       [ 1.59023868e-01, -5.42916126e-02,  3.67365788e-02, -7.94974242e-02, -8.40400633e-02],
       [ 4.37875001e-02, -1.42853418e-01, -8.91715485e-02, -9.94619503e-03, -7.47150817e-02],
       [-3.10478157e-03, -3.55528597e-02, -2.92026245e-02,  4.19194159e-02, -8.02999285e-02],
       [-6.05381092e-02,  4.17417536e-02, -1.21510977e-01, -1.36434682e-01, -5.55458644e-02],
       [ 2.39940085e-02,  7.52902538e-02,  6.43251858e-02,  7.59820665e-02,  8.91902247e-02],
       [-4.77870374e-02, -9.74192598e-02, -7.20099328e-02, -1.38030226e-01, -8.30988659e-02],
       [ 7.35908738e-02,  9.29933499e-02,  1.09159091e-01,  1.36973669e-02,  7.54296241e-02],
       [ 1.28029556e-01,  6.93254020e-02,  6.15039795e-02,  3.26892940e-02,  8.88727711e-02],
       [ 6.95438283e-02,  1.63101030e-01,  1.88449785e-02,  3.18774818e-02,  8.29590938e-02],
       [ 2.26865605e-02, -1.65837083e-02, -7.88452621e-02,  3.57785317e-02,  7.39732959e-02],
       [ 2.77792752e-02, -5.82058181e-02, -1.12947577e-01, -9.25721686e-02, -8.26258711e-02],
       [-6.79915705e-02, -1.17707348e-01, -7.20769567e-02, -8.63045735e-02, -9.23877989e-02],
       [ 2.25422199e-02, -9.46282215e-02, -1.08749328e-01,  6.54663499e-03, -7.40212194e-02],
       [ 7.87269467e-02, -1.57419784e-01, -2.71026549e-02, -1.19935154e-01, -7.29095102e-02],
       [-5.96857181e-02,  2.01648187e-02,  9.96370511e-03, -1.46671617e-01,  7.09044707e-02],
       [ 1.07962198e-02, -5.07494792e-02,  1.24348990e-01,  5.65019583e-02,  5.92691617e-02],
       [ 5.39804356e-02, -6.06895995e-02, -4.66872562e-02,  6.40151980e-02, -8.65044836e-02],
       [-2.54981782e-02,  9.52995420e-02,  6.10910612e-02,  1.07772153e-02,  8.84675525e-02],
       [-1.10801449e-02, -9.24300212e-02, -1.03884606e-01,  1.13388699e-01, -7.81224044e-02],
       [-3.94129111e-02, -5.00298418e-02, -3.73973169e-02,  9.57845004e-02, -8.00136825e-02],
       [ 2.46246329e-03, -1.50123365e-01, -4.77333036e-04,  9.56001154e-02, -8.03578887e-02],
       [ 4.50776358e-02,  2.50680298e-02,  9.33945957e-02,  7.97040475e-02, -7.07551656e-02],
       [-9.79843033e-02,  4.40460882e-02,  9.59652956e-02, -3.69142450e-02,  8.07186329e-02],
       [-1.33487128e-02,  1.03759237e-01,  5.17562648e-02, -6.17860737e-02,  9.01298554e-02],
       [-8.26295341e-02,  8.10537717e-02,  8.98529494e-02, -1.16040222e-01,  7.07346180e-02],
       [-1.37823022e-01,  1.45771279e-01,  9.25382672e-03,  7.35083500e-03,  7.15442957e-02],
       [ 5.21695346e-02, -1.43653315e-01,  7.30645374e-02,  1.54796397e-02,  5.89607683e-02],
       [-2.86110024e-03,  7.05156063e-02,  2.78426703e-02,  1.18815732e-01, -8.47774866e-02],
       [ 3.35576169e-02, -4.60196261e-02, -1.86035169e-02, -4.82861988e-02,  8.78549250e-02],
       [-5.38948601e-02,  3.08566691e-02, -2.88707153e-02,  1.44850028e-01, -7.16624485e-02],
       [-8.69498238e-02,  7.42150589e-02,  2.97297076e-02,  1.44950072e-01, -7.83466853e-02],
       [-4.59319097e-02, -2.73904976e-02,  6.76287341e-02,  1.44468913e-01, -7.92214664e-02],
       [-3.88911492e-03,  1.17244312e-01,  1.31622188e-01,  1.10279628e-01, -6.39723398e-02],
       [-5.31570814e-02, -8.78986137e-02,  3.30770790e-02, -9.75000782e-02,  8.61662394e-02],
       [ 4.33168366e-02, -3.77456889e-02, -2.64029971e-02, -1.20021081e-01,  8.94766586e-02],
       [-3.68596854e-02, -2.58514866e-02,  3.00084917e-02, -1.58921578e-01,  6.97332930e-02],
       [-1.06077712e-01,  4.56276815e-02, -5.72697466e-02, -4.42654545e-02,  7.72683802e-02],
       [-7.11024003e-02,  1.30468109e-01, -1.03228020e-01, -1.10391412e-01, -6.46569762e-02],
       [ 8.42065619e-02, -1.00855335e-01,  1.01482545e-01,  1.49635758e-01,  6.01763245e-02],
       [-1.11224002e-01,  9.64055761e-02, -1.40654584e-01, -5.86320880e-02, -5.93068750e-02],
       [-1.27169800e-01,  1.25632764e-01, -9.22083852e-02, -7.35944143e-02, -6.06012728e-02],
       [-1.13994160e-01,  5.34600508e-02, -7.03621939e-02, -8.01891083e-02, -6.68795932e-02],
       [-6.26460657e-02,  1.65288522e-01,  1.35283885e-02, -7.05293974e-02, -5.34915470e-02],
       [ 2.99485462e-02, -1.26615370e-01,  1.32376092e-01,  1.16278108e-01,  5.98856284e-02],
       [ 1.04243484e-01, -1.10179615e-01,  1.11373791e-01,  1.21403372e-01,  6.75433103e-02],
       [ 3.11627779e-02, -8.96531037e-02,  1.41233591e-01,  4.06712474e-02,  5.86911884e-02],
       [-1.57775718e-02, -3.34966056e-02,  6.92739126e-02,  1.47805950e-01,  5.80043450e-02],
       [-5.90510303e-02,  1.04453722e-02, -1.36835921e-02, -8.22128729e-02, -9.72653403e-02],
       [ 8.80720836e-02, -1.78354199e-03,  7.00705824e-02, -6.05424271e-02,  8.73325895e-02],
       [ 1.32863413e-01, -5.00339592e-02, -1.79339197e-03, -4.76342254e-02,  9.58268176e-02],
       [ 8.30909602e-02,  7.35345165e-02, -4.77987108e-02, -4.58436848e-02,  9.62168746e-02],
       [ 2.37829704e-02, -1.17318214e-01, -1.39878462e-01, -2.85112400e-02,  7.83617510e-02],
       [ 3.96249408e-02,  6.35067625e-02, -7.89239268e-02, -2.84198889e-02, -1.03917116e-01],
       [-8.16242293e-02,  1.67212270e-04, -8.06441571e-03, -6.48000853e-03, -1.08255929e-01],
       [ 3.04066345e-02, -2.86853927e-03, -7.95183747e-02,  9.13034226e-02, -9.26412803e-02],
       [ 9.41309414e-02, -8.27110382e-02,  3.10994072e-02, -7.21317573e-02, -8.56675556e-02],
       [-1.08507963e-01, -2.52617549e-02, -7.45366280e-02, -1.24002935e-02, -8.21421036e-02],
       [-1.52698740e-01,  1.71682278e-02, -9.64735651e-03, -3.02485287e-02, -9.06464805e-02],
       [-1.06606629e-01, -9.74690392e-02,  3.13604634e-02, -3.25732439e-02, -9.14980795e-02],
       [-5.33739432e-02,  9.71039758e-02,  1.33830644e-01, -3.92160797e-02, -7.99116433e-02],
       [-2.90597022e-03, -2.06643863e-02,  7.56371081e-02,  1.00387573e-01,  9.05331350e-02],
       [ 1.09310400e-01,  3.36882363e-02,  2.14603016e-02,  9.26525735e-02,  1.02047042e-01],
       [ 1.24272024e-03,  3.52285150e-02,  8.66195526e-02, -9.60643826e-03,  8.76082348e-02],
       [-6.12281670e-02,  1.02591132e-01, -1.55032320e-02,  1.31761102e-01,  7.99243750e-02],
       [ 1.69512332e-01, -8.62552225e-03,  5.84672660e-02, -9.33656246e-02,  8.02241044e-02],
       [ 1.27278825e-01,  9.48500832e-02,  2.13282966e-02, -9.27622474e-02,  8.11531830e-02],
       [ 7.76762920e-02, -8.01202777e-02, -7.45422320e-02, -7.67573434e-02,  7.14962745e-02],
       [-3.09592466e-02,  1.31966033e-02, -1.18135429e-01,  3.34436267e-02, -8.14701235e-02],
       [-1.36625184e-01, -3.87397324e-02, -7.64883160e-02,  5.79904359e-02, -9.10032303e-02],
       [-2.90689268e-02, -3.17043241e-02, -1.09736571e-01,  1.13823040e-01, -7.14885028e-02],
       [ 2.98641003e-02, -1.13471159e-01, -3.31255882e-02, -1.12560663e-02, -7.85247786e-02],
       [ 1.72600685e-01,  5.99531095e-02, -4.49016867e-02, -8.42998337e-02,  8.84515789e-02],
       [ 9.61771394e-02, -1.14980950e-01, -1.28573811e-01, -6.17571496e-02,  7.22260564e-02],
       [-6.61082856e-02,  5.83874000e-02, -5.83628170e-02,  1.93009532e-02, -8.94422799e-02],
       [-1.86231451e-01,  8.09439113e-03, -3.53906377e-03,  4.45483971e-02, -9.95216984e-02],
       [-6.14997035e-02,  4.84887093e-03, -5.98275151e-02,  1.11911295e-01, -7.91243590e-02],
       [-2.20743849e-03, -7.72628864e-02,  3.48032793e-02, -2.91641580e-02, -8.64749747e-02],
       [ 5.93672149e-02, -2.47618712e-02, -1.63691897e-01, -6.07206219e-02,  7.35164224e-02],
       [-2.26476418e-02, -6.20185748e-02, -2.07375498e-02,  1.96110327e-02, -9.76190577e-02],
       [-1.34559274e-01, -1.21181676e-01,  4.33359747e-02,  4.28302404e-02, -1.00500858e-01],
       [-1.84847690e-02, -9.63803587e-02, -2.33792896e-02,  1.11649035e-01, -8.00478937e-02],
       [ 4.33701092e-02, -1.68334344e-01,  6.74999180e-02, -2.76335367e-02, -8.03491696e-02],
       [ 2.19529406e-02,  1.18452351e-01,  8.05851838e-02,  8.44613165e-03, -7.37697379e-02],
       [-5.99994046e-02,  9.04948887e-02,  1.42769027e-01,  2.67088529e-02, -8.22610859e-02],
       [ 2.00791801e-02,  7.21249384e-02,  6.96342478e-02,  9.60943469e-02, -7.00294502e-02],
       [ 7.72975010e-02,  6.60920695e-03,  1.53583522e-01, -3.22739222e-02, -7.03099992e-02],
       [ 9.84156809e-03, -1.48090816e-02,  7.73514028e-02,  3.42467866e-02,  1.00776365e-01],
       [-7.26951622e-02, -7.35582891e-03,  1.16536179e-01, -5.40596292e-02,  7.92810425e-02],
       [-1.34324550e-01,  6.61502419e-02,  2.59856677e-02,  8.78923979e-02,  7.98779802e-02],
       [ 1.17744031e-02,  4.22804265e-02,  7.78273692e-02, -8.10184869e-02,  8.96777876e-02],
       [-5.98803509e-02,  1.25525062e-01, -2.69173673e-02,  8.07462942e-02,  8.98788671e-02],
       [-1.32972540e-01,  1.15395155e-01,  3.48190425e-02, -1.03642656e-02,  7.70156633e-02]])})
2026-01-20 11:00:44,675 - final_problem_set.kxor_instance_n18_k2_m187_ell2_eps0.15_kappa0.75_rho1.0 - INFO - Running key extraction (n=18, m=187, ell=2, phase_qubits=12)
2026-01-20 11:00:44,676 - final_problem_set.kxor_instance_n18_k2_m187_ell2_eps0.15_kappa0.75_rho1.0 - INFO - Built voting matrix V (n=18, ell=2, dtype=complex128) in 0.002s
2026-01-20 11:00:44,677 - final_problem_set.kxor_instance_n18_k2_m187_ell2_eps0.15_kappa0.75_rho1.0 - INFO - Eval: adv=1.0000, hamming=0/18 (0.000), corr=1.000
2026-01-20 11:00:44,677 - final_problem_set.kxor_instance_n18_k2_m187_ell2_eps0.15_kappa0.75_rho1.0 - INFO - Key extraction complete: x_hat=15
2026-01-20 11:00:44,677 - final_problem_set.kxor_instance_n18_k2_m187_ell2_eps0.15_kappa0.75_rho1.0 - INFO - Finished step 'KeyExtractionStep' in 0.002s (success: True, problem=kxor_instance_n18_k2_m187_ell2_eps0.15_kappa0.75_rho1.0)
2026-01-20 11:00:44,677 - final_problem_set.kxor_instance_n18_k2_m187_ell2_eps0.15_kappa0.75_rho1.0 - INFO - SUCCESS: len(z_hat)=18
2026-01-20 11:00:44,677 - final_problem_set.kxor_instance_n18_k2_m187_ell2_eps0.15_kappa0.75_rho1.0 - INFO - Metrics: adv=1.0, ham_frac=0.0, corr=1.0
2026-01-20 11:00:44,677 - final_problem_set.kxor_instance_n18_k2_m187_ell2_eps0.15_kappa0.75_rho1.0 - INFO - z_hat (full): [ 1,  1, -1,  1,  1, -1, -1, -1,  1, -1,  1,  1,  1,  1, -1, -1, -1, -1]
