2026-01-20 11:00:48,475 - final_problem_set.kxor_instance_n19_k2_m146_ell2_eps0.3_kappa1.0_rho0.4 - INFO - Starting iteration for /Users/julian/CodingProjects/UniT3/QuarticSpeedupK-XOR/z_Daphne/data/final_problem_set/kxor_instance_n19_k2_m146_ell2_eps0.3_kappa1.0_rho0.4.npz
2026-01-20 11:00:48,476 - final_problem_set.kxor_instance_n19_k2_m146_ell2_eps0.3_kappa1.0_rho0.4 - INFO - Loaded instance (n=19, m=146, k=2)
2026-01-20 11:00:48,476 - final_problem_set.kxor_instance_n19_k2_m146_ell2_eps0.3_kappa1.0_rho0.4 - INFO - Starting step 'ComputeKikuchiStep' (version 0.1) on problem kxor_instance_n19_k2_m146_ell2_eps0.3_kappa1.0_rho0.4 (fields={'ell': 2, 'threshold': 0.0})
2026-01-20 11:00:48,493 - final_problem_set.kxor_instance_n19_k2_m146_ell2_eps0.3_kappa1.0_rho0.4 - INFO - Finished step 'ComputeKikuchiStep' in 0.017s (success: True, problem=kxor_instance_n19_k2_m146_ell2_eps0.3_kappa1.0_rho0.4)
2026-01-20 11:00:48,493 - final_problem_set.kxor_instance_n19_k2_m146_ell2_eps0.3_kappa1.0_rho0.4 - INFO - Starting step 'ClassicalEigenvaluesStep' (version 0.1) on problem kxor_instance_n19_k2_m146_ell2_eps0.3_kappa1.0_rho0.4 (fields={'ell': 2, 'threshold': 0.0, 'kikuchi_matrix': <Dictionary Of Keys sparse matrix of dtype 'int64'
	with 3366 stored elements and shape (171, 171)>, 'num_eigenvalues': 5})
2026-01-20 11:00:48,551 - final_problem_set.kxor_instance_n19_k2_m146_ell2_eps0.3_kappa1.0_rho0.4 - INFO - Finished step 'ClassicalEigenvaluesStep' in 0.058s (success: True, problem=kxor_instance_n19_k2_m146_ell2_eps0.3_kappa1.0_rho0.4)
2026-01-20 11:00:48,551 - final_problem_set.kxor_instance_n19_k2_m146_ell2_eps0.3_kappa1.0_rho0.4 - INFO - Starting step 'KeyExtractionStep' (version 0.1) on problem kxor_instance_n19_k2_m146_ell2_eps0.3_kappa1.0_rho0.4 (fields={'ell': 2, 'threshold': 0.0, 'kikuchi_matrix': <Dictionary Of Keys sparse matrix of dtype 'int64'
	with 3366 stored elements and shape (171, 171)>, 'num_eigenvalues': 5, 'eigenvalues': array([-10.61258262,  -9.92848116,  -9.32099818,   9.80118795,  10.44960248]), 'eigenvectors': array([[ 1.54306332e-01,  4.78640808e-02, -1.76761855e-01,  6.06230242e-02, -1.76691389e-02],
       [-1.40762271e-01, -4.19951081e-02, -8.78460485e-02,  6.69551238e-03, -2.12718790e-02],
       [ 9.49069688e-02,  1.51282867e-01,  2.25992741e-02,  3.35611000e-02, -1.51742835e-02],
       [ 1.49303991e-01,  4.71067648e-02,  9.04884196e-02, -1.20563700e-01,  6.68859406e-02],
       [ 2.14627145e-02,  8.31709183e-02,  1.11043992e-01,  4.83551155e-02, -3.51931211e-02],
       [ 1.49859500e-03, -1.79625551e-01, -3.18430453e-02,  9.47612306e-02, -2.24790371e-02],
       [-1.07260485e-01,  5.70207326e-02, -5.69141521e-02, -1.18590817e-01,  1.80511329e-02],
       [-1.65675247e-01, -3.40497206e-02,  1.83089016e-01, -1.67468526e-02, -1.39546345e-02],
       [ 6.81447360e-02,  8.17337092e-02, -6.58614303e-02, -1.25270043e-01,  1.57990835e-02],
       [ 6.81223834e-02,  1.50311429e-01, -8.86111073e-02,  9.56349926e-02, -1.42471276e-02],
       [-7.90888879e-02,  4.49361267e-02,  1.42622309e-01,  4.23952177e-02,  1.08384334e-02],
       [ 1.29422633e-01,  4.52350521e-02, -5.87391440e-02, -6.98251110e-03, -4.23585576e-02],
       [ 9.28098552e-02, -3.76007191e-02, -6.02146857e-02,  1.09745556e-01, -4.46028576e-02],
       [ 1.37159392e-01, -5.58008847e-02, -1.00427990e-01,  5.00680244e-02, -2.49583625e-02],
       [-1.13267016e-01,  8.35597562e-02,  6.14411422e-02,  7.56296286e-02, -2.00780748e-03],
       [-8.35156577e-02, -3.34807914e-02,  2.25493020e-01,  8.15348432e-02, -4.09556058e-02],
       [ 4.80428224e-02, -1.51842935e-01,  5.99152808e-02, -6.08693308e-02,  5.03561038e-02],
       [ 6.84461594e-02, -4.26686049e-02, -7.96923482e-02, -5.87513372e-02,  1.42824274e-03],
       [-1.44808024e-01, -2.55106611e-02, -1.60488654e-01, -3.94546956e-02, -2.48825551e-02],
       [ 1.06974427e-01,  1.53672849e-01,  5.12585276e-02,  4.72950662e-03, -2.14441663e-02],
       [ 1.18988966e-01,  2.50336455e-02,  1.71796366e-01, -9.05903771e-04,  5.82417956e-02],
       [ 3.00232369e-02,  9.76453931e-02,  9.29649038e-02, -1.58443413e-02, -2.90743399e-02],
       [ 5.32130496e-04, -2.00417924e-01, -2.91879504e-02,  4.48120998e-02, -5.03212486e-02],
       [-9.78509215e-02,  8.26691122e-02, -1.29284001e-01, -1.99770379e-02,  8.00727025e-02],
       [-1.97807756e-01,  6.61490712e-04,  7.94554291e-02, -4.30395873e-02, -8.55105306e-03],
       [ 7.52955239e-02,  8.25113318e-02, -2.00555442e-02, -3.20411642e-02,  6.35813358e-02],
       [ 8.91959792e-02,  1.56193747e-01, -7.93972535e-02,  2.43426034e-02, -4.55844370e-02],
       [-1.01618036e-01,  6.82519082e-02,  1.09743799e-01,  7.75101825e-02, -2.23022419e-03],
       [ 1.36420052e-01,  2.27123702e-02,  1.75236670e-02, -7.61893771e-02, -3.34754445e-02],
       [ 1.02467680e-01, -6.19008579e-02, -3.43477682e-04,  1.77206562e-02, -7.26091456e-02],
       [ 1.33061954e-01, -8.08843550e-02, -1.41486570e-02, -5.03691474e-03, -4.75638341e-02],
       [-1.46346042e-01,  1.17821908e-01,  1.37225343e-02,  7.28125051e-02, -4.72368625e-02],
       [-1.22817778e-01, -1.60482374e-02,  2.08197802e-01, -1.36918515e-02, -5.46526713e-02],
       [ 2.70049530e-02, -1.79990381e-01,  1.18991697e-01,  3.38135927e-02,  6.65802893e-02],
       [ 1.08399127e-01, -5.95986797e-02, -9.09427507e-02, -1.94751904e-02,  2.85935750e-02],
       [-5.59242115e-02, -4.50065715e-02, -6.44170444e-02, -2.26082560e-02, -6.85700605e-03],
       [-3.40823888e-02, -7.60393111e-03, -1.00578688e-01,  1.20549987e-01,  6.74605198e-02],
       [ 7.96029452e-03, -2.46515878e-02,  7.84298970e-03, -5.47939619e-02, -1.16428787e-02],
       [-3.42962451e-03,  6.34317121e-02,  6.63042270e-04, -4.65608128e-02, -3.03284349e-02],
       [ 2.67695287e-02, -2.13301879e-02,  8.42048914e-02,  9.93951526e-02,  4.43020580e-02],
       [ 1.48599517e-01,  2.66570116e-02,  1.78315531e-01, -2.97536430e-02,  1.16128276e-02],
       [-5.42298920e-02, -3.10135635e-02, -7.91710729e-02,  7.99683642e-02,  9.20376412e-02],
       [-5.99583480e-02, -5.77042996e-02, -1.73335556e-02, -6.57340051e-02, -4.88863321e-02],
       [ 9.69788973e-02, -1.38542852e-02,  6.03474556e-02,  2.66214882e-02, -8.23461637e-03],
       [-7.96996083e-02, -1.74578468e-02, -1.23293313e-01, -5.02705084e-02, -7.55109936e-03],
       [-4.78755628e-02,  7.20262708e-03, -7.80668580e-02, -8.56985808e-02, -2.40666689e-02],
       [-9.15880231e-02,  1.09138043e-02, -1.24068834e-01, -5.10620325e-02, -3.78829760e-02],
       [ 6.76142503e-02, -1.21853412e-02,  9.27787081e-02, -1.17927103e-02, -4.54563824e-02],
       [ 1.35412947e-01,  2.98322889e-02,  3.31297618e-02, -7.64457616e-02, -4.35444657e-02],
       [ 5.62923163e-03,  6.30255848e-02, -6.58605593e-02,  8.35742498e-02,  3.16731398e-02],
       [-7.27438215e-02,  6.10983081e-03, -1.72330015e-02,  4.34411261e-02,  2.71019364e-02],
       [ 5.24318352e-02,  3.39837850e-02,  6.06589104e-02, -3.60614891e-03,  2.81951672e-02],
       [-2.50708847e-03,  5.45530275e-03,  1.78213024e-02, -2.32243012e-02, -2.19973145e-02],
       [ 1.58884088e-02, -6.54904338e-02,  1.58897429e-03,  6.21765223e-03, -2.06232961e-02],
       [-5.33048449e-02, -3.19128129e-03, -6.37118630e-02, -1.36512403e-02,  4.04966982e-02],
       [-1.42393317e-01, -1.66549200e-01, -5.93349825e-02, -1.81680886e-02,  3.28724163e-03],
       [ 4.94809418e-02,  1.02496972e-01,  3.18914881e-02, -3.15866018e-02,  5.22546749e-02],
       [ 3.62051131e-02,  9.12856557e-02, -1.02750416e-02,  1.86960683e-02, -4.34008658e-02],
       [-8.28502967e-02, -6.31938333e-02, -5.81819015e-03,  2.97078555e-02,  6.62014830e-04],
       [ 6.83505693e-02,  1.01330982e-01,  4.65553323e-02, -4.18471362e-02, -1.13549188e-02],
       [ 6.98080073e-02,  4.21926518e-02,  3.59714567e-02, -8.05372305e-04, -1.33800383e-02],
       [ 1.09177275e-01,  6.39306225e-02,  5.54183305e-02,  9.69808009e-03, -1.38074509e-02],
       [-8.96698948e-02, -3.19863383e-02, -4.66270522e-02,  3.20991625e-02, -1.87365433e-02],
       [-9.54958253e-02, -1.30261994e-01,  1.69691295e-02, -1.75652961e-03, -3.81065477e-02],
       [ 2.09637890e-02, -7.06476697e-02,  4.80050311e-02,  1.13342811e-02,  2.17218344e-02],
       [ 6.67807626e-02,  3.03338132e-02,  7.55080666e-04, -1.27692424e-02,  2.49059778e-02],
       [-7.75071898e-03,  2.30204738e-02, -1.55061900e-02,  8.06903895e-02,  9.19526185e-02],
       [ 1.45672342e-03, -5.17122722e-02,  4.09969829e-03, -6.88907077e-02,  1.44377634e-01],
       [-2.39540178e-02,  1.78190725e-02, -8.90739967e-02, -1.66608440e-02, -1.91380727e-01],
       [-1.42670933e-01, -2.77743313e-02, -1.93039326e-01,  1.12910158e-01,  9.48078489e-03],
       [ 5.99421481e-02,  4.30443775e-02,  9.90509365e-02,  3.57622915e-02, -1.85555890e-01],
       [ 5.29033003e-02,  4.23791717e-02,  1.79844620e-02, -1.54651393e-02,  1.25052909e-01],
       [-8.98297478e-02,  7.37416645e-03, -7.30123996e-02, -1.86049526e-01,  1.49469162e-02],
       [ 7.30648333e-02,  1.43432049e-02,  1.26006123e-01,  1.84748239e-01,  6.33672075e-02],
       [ 4.55999392e-02, -6.35252256e-03,  8.31889599e-02,  1.34076968e-02,  1.68799219e-01],
       [ 7.44525376e-02,  2.16870161e-03,  1.26014799e-01,  2.78676793e-02,  8.52800012e-02],
       [-7.11530516e-02,  1.61056386e-02, -1.06028701e-01, -1.47084373e-01,  1.18474573e-01],
       [-1.24950842e-01, -2.66625078e-02, -5.48909445e-02,  7.46585608e-02,  1.44889336e-01],
       [-1.13572020e-02, -5.49892823e-02,  6.24998849e-02, -1.13832971e-01, -1.56946431e-01],
       [ 6.95127548e-02, -6.69439242e-03,  2.55294357e-02,  1.32262120e-02, -9.32164730e-02],
       [-3.50593823e-04,  2.83559698e-02,  8.16752241e-03, -3.37034625e-03, -5.17011775e-02],
       [ 3.72418613e-03, -3.39701718e-02,  2.06553265e-04,  6.05302532e-02,  1.08516159e-01],
       [-2.19122122e-02, -1.06140195e-01, -1.10747574e-01, -5.45147899e-02,  7.94678150e-04],
       [ 5.60819158e-03,  3.53421149e-02,  4.10440695e-02,  3.54590038e-02,  1.29901375e-01],
       [ 5.13597901e-05,  9.66360956e-03,  3.73459122e-02, -3.27731657e-02, -7.33198773e-02],
       [-1.15463211e-02, -7.00146864e-02, -7.29155479e-02,  8.54849776e-02, -2.77942851e-03],
       [ 1.63689608e-02,  5.92721666e-02,  5.46200387e-02, -9.03073717e-02, -3.30385249e-02],
       [ 7.68596083e-03,  3.84857443e-02,  3.43404553e-02, -4.86099558e-02, -7.19346076e-02],
       [ 5.08935222e-03,  8.59819689e-02,  6.32533840e-02, -5.09953939e-02, -7.90411969e-02],
       [-9.35576660e-03, -5.36789906e-02, -4.88528540e-02,  4.89599260e-02, -8.05318156e-02],
       [-2.04275442e-02, -7.99101795e-02, -1.06403547e-01, -8.10507928e-02, -9.73678066e-02],
       [-2.23518856e-03,  2.30220288e-02, -1.11992117e-02,  9.38610601e-02,  8.49843366e-02],
       [ 2.05524225e-03,  4.87123985e-02,  5.29457742e-02,  1.77790490e-02,  3.59441532e-02],
       [ 4.66817541e-03,  4.19794997e-02,  9.25943802e-03, -9.86060466e-02,  1.29489831e-01],
       [-1.01969309e-02,  2.13046281e-01,  4.35428403e-02, -4.48641521e-02, -1.55355444e-02],
       [ 7.49448132e-03, -8.71030861e-02, -1.74134056e-02, -1.38310096e-01,  1.43771098e-01],
       [ 7.49367450e-03, -5.29533493e-02, -8.84518362e-03,  7.44471113e-02, -8.33783384e-02],
       [ 8.93714269e-03,  1.09591734e-01,  9.69232401e-03,  9.32506702e-02,  1.48553602e-02],
       [ 1.01500710e-02, -1.38590006e-01, -1.77445440e-02, -7.71905471e-02, -6.68179544e-02],
       [-3.55783040e-03, -8.30010000e-02, -1.05410051e-02,  6.38563593e-02, -9.04923575e-02],
       [-1.73063259e-02, -1.11839178e-01, -2.65153817e-02,  4.18352900e-02, -9.20442257e-02],
       [ 1.40204166e-02,  9.03487346e-02,  2.33137033e-02,  1.14673162e-01, -6.17379192e-02],
       [ 5.10608924e-03,  1.52994194e-01,  2.82371266e-02,  3.76092507e-02, -1.30033311e-01],
       [-6.22126048e-03, -5.21824747e-04, -1.25227186e-03, -9.88098115e-03,  1.01012870e-01],
       [-1.27542315e-02, -6.00175777e-02, -9.68109439e-03, -5.21773449e-02,  3.90795490e-02],
       [ 8.00921967e-02, -8.40709563e-02,  1.41717310e-01,  1.08484043e-01, -4.02991100e-03],
       [-3.96327627e-02,  1.98129314e-02, -5.92200596e-02,  7.78324235e-02, -1.83056702e-01],
       [-4.89810603e-02, -1.37805253e-02, -2.53772001e-02, -4.18824147e-02,  1.21217089e-01],
       [ 5.96233684e-02, -6.73806966e-02,  4.86105171e-02, -1.83335709e-01, -3.69918276e-05],
       [-6.40539228e-02,  5.44777806e-02, -1.10686726e-01,  1.76905574e-01,  9.49007038e-02],
       [-3.18739269e-02,  5.46881860e-02, -7.86779586e-02, -2.51584911e-02,  1.54527494e-01],
       [-4.89625913e-02,  6.56352430e-02, -9.54516346e-02,  1.02980527e-02,  1.04892926e-01],
       [ 3.71163028e-02, -5.02054492e-02,  6.88785689e-02, -1.54306712e-01,  9.00589009e-02],
       [ 8.51622130e-02, -5.66086291e-02,  3.58600790e-02,  4.62690310e-02,  1.82652498e-01],
       [ 1.07907369e-02,  4.23847469e-02, -4.29786512e-02, -7.04798845e-02, -1.46892509e-01],
       [-4.19275074e-02,  2.84021117e-02, -7.58862683e-03,  3.47778413e-02, -6.01156290e-02],
       [-8.00955922e-02, -7.80132880e-02,  1.90592607e-02,  9.86196857e-02,  3.80682858e-02],
       [-1.02301741e-01, -1.58905927e-01,  7.72445714e-02, -7.40790868e-02, -1.73406319e-02],
       [ 1.05754512e-01, -8.51584021e-02, -1.15980856e-01,  1.17997405e-02, -2.93342685e-03],
       [-1.52523737e-01, -1.53837173e-02, -2.86207216e-02, -3.78184955e-02,  3.35184138e-03],
       [-8.16661147e-02,  6.79393481e-02, -1.14795622e-02, -8.55955240e-02,  6.89564382e-03],
       [-1.32597902e-01,  9.53147286e-02,  8.77043810e-03, -5.22768625e-02, -8.24306486e-03],
       [ 1.23161105e-01, -1.20692057e-01, -4.83385484e-03, -2.86841640e-02, -1.76547206e-02],
       [ 1.29799938e-01,  2.49668118e-04, -2.16973744e-01, -9.62148169e-02, -2.18579791e-02],
       [-2.14516581e-02,  1.86987207e-01, -1.26225908e-01,  7.86339391e-02,  4.59136951e-03],
       [-1.07444681e-01,  6.79267117e-02,  9.44380227e-02,  4.69602969e-02,  8.08305717e-03],
       [ 3.65634480e-02,  8.29156746e-02, -3.29065404e-02, -7.43876766e-02,  1.14566726e-01],
       [-5.40742950e-02, -1.21758568e-02,  5.56014614e-02, -1.92788683e-01,  4.30359439e-03],
       [ 6.64175976e-02,  6.91806361e-02,  2.41251314e-02,  1.64524642e-01,  1.03863196e-01],
       [ 4.62416115e-02,  2.10782383e-03,  1.18654370e-02, -8.29507240e-02,  2.09490472e-01],
       [ 6.08889116e-02,  1.20981986e-02,  2.43197154e-04, -7.75062845e-03,  8.04774258e-02],
       [-7.21042545e-02,  1.38203742e-02, -5.31280270e-03, -1.76971844e-01,  8.15320599e-02],
       [-7.21698340e-02, -7.41286631e-02,  1.22766706e-01,  8.43637084e-03,  1.46203221e-01],
       [ 1.51091751e-02, -6.89172348e-02,  6.18027421e-02, -3.87086206e-02, -1.52452609e-01],
       [ 5.75272224e-02,  2.23696877e-03, -4.97600254e-02,  5.10980965e-02, -6.83050345e-02],
       [-5.10333163e-02, -6.38819220e-02,  5.97221292e-02,  1.36749116e-01,  1.70608461e-03],
       [ 6.88105601e-02,  1.12072624e-01, -3.43161978e-02, -1.19184439e-01, -7.14201591e-02],
       [ 4.89382524e-02,  4.02437821e-02, -2.72176409e-02,  4.33933787e-02, -1.39126014e-01],
       [ 7.24125718e-02,  6.47299208e-02, -3.47936792e-02,  6.28340859e-03, -7.87892755e-02],
       [-6.72472970e-02, -3.86441570e-02,  2.71552617e-02,  1.33917233e-01, -7.24502832e-02],
       [-5.12108085e-02, -1.13203157e-01,  6.76019877e-02, -1.23368491e-02, -1.08183741e-01],
       [ 2.18534415e-02, -4.50416960e-02,  2.59914324e-02,  4.43484272e-02,  1.36740019e-01],
       [ 3.66083507e-02,  2.69545790e-02, -2.50264003e-02, -2.67454372e-02,  3.89541678e-02],
       [-1.13198442e-01,  4.92885223e-02,  4.48259761e-02,  3.43736945e-02, -2.36477144e-02],
       [-4.89910857e-02,  6.00261192e-02,  2.69511959e-02,  1.42455919e-01,  1.10200319e-02],
       [-7.91751275e-02,  1.02771380e-01,  5.88648165e-02,  8.31690174e-02, -1.53326263e-02],
       [ 8.38294744e-02, -1.27736405e-01, -5.59275169e-02,  7.22589607e-02,  1.30046468e-02],
       [ 5.54351492e-02, -4.99167139e-02, -1.41242668e-01,  1.29987221e-01, -2.98381203e-02],
       [-1.67204630e-02,  9.35392892e-02, -6.35068572e-02, -1.06064075e-01,  2.44645706e-02],
       [-3.71457110e-02,  5.14408654e-02,  4.97500149e-02, -9.57252239e-02, -1.03691099e-02],
       [ 7.38982784e-02, -3.56392546e-02,  3.32173172e-02, -1.45927880e-01, -7.30979151e-02],
       [ 1.16328637e-01, -4.96135777e-02,  4.38829257e-02, -9.04251604e-02, -3.53846817e-02],
       [-1.03630559e-01,  6.90553509e-02, -3.95984481e-02, -4.16349966e-02, -6.69087010e-02],
       [-1.12163747e-01, -2.05172166e-02,  9.35088095e-02, -1.35700091e-01, -4.62928449e-02],
       [ 1.01944954e-02, -1.29726629e-01,  7.90777887e-02,  1.27844348e-01,  4.10312397e-02],
       [ 1.00601407e-01, -3.98971025e-02, -3.66011288e-02,  8.27968689e-02,  5.44135271e-02],
       [ 5.95372928e-02, -7.89584953e-02,  1.80279798e-02, -6.26906478e-03, -1.03149773e-01],
       [-4.48803248e-02,  6.73840622e-02, -1.31530151e-02,  1.21851103e-01, -8.95288806e-02],
       [-7.53874348e-02,  4.94671860e-02,  7.94814036e-02, -3.59617654e-02, -1.72023431e-01],
       [-3.08853544e-03, -6.69380508e-02,  5.88202826e-02,  5.93440852e-02,  1.23592048e-01],
       [ 4.49855787e-02, -4.82457119e-02, -3.18673961e-02, -3.83386937e-02,  7.53703883e-02],
       [-7.44845526e-02,  1.00397343e-01, -8.75581821e-03,  5.76297317e-02, -4.51257728e-02],
       [-9.55985944e-02,  6.04478323e-02,  1.07997408e-01, -3.07828037e-02, -6.19067537e-02],
       [-2.00550379e-03, -9.96890979e-02,  7.79321688e-02,  3.79967039e-02,  6.13415440e-02],
       [ 6.54019074e-02, -6.48681526e-02, -4.95683670e-02, -6.96365739e-03,  5.84117479e-02],
       [ 9.88681898e-02, -9.20705242e-02, -9.89421443e-02,  9.42709505e-02, -9.82506310e-02],
       [-3.87978468e-04,  8.89872692e-02, -6.12233894e-02, -6.59167859e-02,  8.91281035e-02],
       [-4.81877111e-02,  5.90693773e-02,  4.16072316e-02, -1.04637954e-01,  4.37697450e-02],
       [-3.49022478e-02,  1.33640553e-01, -4.11602760e-02,  8.59038687e-02,  1.09956379e-01],
       [-4.86144424e-02,  4.54538274e-02,  6.89756367e-02,  1.42529460e-02,  9.40633795e-02],
       [ 1.35186511e-02, -5.72326269e-02,  2.09225348e-02, -2.34457809e-02, -7.91995783e-02]])})
2026-01-20 11:00:48,553 - final_problem_set.kxor_instance_n19_k2_m146_ell2_eps0.3_kappa1.0_rho0.4 - INFO - Running key extraction (n=19, m=146, ell=2, phase_qubits=12)
2026-01-20 11:00:48,555 - final_problem_set.kxor_instance_n19_k2_m146_ell2_eps0.3_kappa1.0_rho0.4 - INFO - Built voting matrix V (n=19, ell=2, dtype=complex128) in 0.002s
2026-01-20 11:00:48,555 - final_problem_set.kxor_instance_n19_k2_m146_ell2_eps0.3_kappa1.0_rho0.4 - INFO - Eval: adv=0.2740, hamming=4/19 (0.211), corr=0.579
2026-01-20 11:00:48,555 - final_problem_set.kxor_instance_n19_k2_m146_ell2_eps0.3_kappa1.0_rho0.4 - INFO - Key extraction complete: x_hat=9
2026-01-20 11:00:48,555 - final_problem_set.kxor_instance_n19_k2_m146_ell2_eps0.3_kappa1.0_rho0.4 - INFO - Finished step 'KeyExtractionStep' in 0.002s (success: True, problem=kxor_instance_n19_k2_m146_ell2_eps0.3_kappa1.0_rho0.4)
2026-01-20 11:00:48,555 - final_problem_set.kxor_instance_n19_k2_m146_ell2_eps0.3_kappa1.0_rho0.4 - INFO - SUCCESS: len(z_hat)=19
2026-01-20 11:00:48,555 - final_problem_set.kxor_instance_n19_k2_m146_ell2_eps0.3_kappa1.0_rho0.4 - INFO - Metrics: adv=0.273972602739726, ham_frac=0.21052631578947367, corr=0.5789473684210527
2026-01-20 11:00:48,555 - final_problem_set.kxor_instance_n19_k2_m146_ell2_eps0.3_kappa1.0_rho0.4 - INFO - z_hat (full): [ 1,  1,  1,  1, -1,  1,  1, -1,  1, -1,  1,  1,  1,  1,  1,  1,  1, -1, -1]
