2026-01-20 11:02:09,969 - final_problem_set.kxor_instance_n29_k2_m245_ell2_eps0.25_kappa1.0_rho0.6 - INFO - Starting iteration for /Users/julian/CodingProjects/UniT3/QuarticSpeedupK-XOR/z_Daphne/data/final_problem_set/kxor_instance_n29_k2_m245_ell2_eps0.25_kappa1.0_rho0.6.npz
2026-01-20 11:02:09,970 - final_problem_set.kxor_instance_n29_k2_m245_ell2_eps0.25_kappa1.0_rho0.6 - INFO - Loaded instance (n=29, m=245, k=2)
2026-01-20 11:02:09,970 - final_problem_set.kxor_instance_n29_k2_m245_ell2_eps0.25_kappa1.0_rho0.6 - INFO - Starting step 'ComputeKikuchiStep' (version 0.1) on problem kxor_instance_n29_k2_m245_ell2_eps0.25_kappa1.0_rho0.6 (fields={'ell': 2, 'threshold': 0.0})
2026-01-20 11:02:10,018 - final_problem_set.kxor_instance_n29_k2_m245_ell2_eps0.25_kappa1.0_rho0.6 - INFO - Finished step 'ComputeKikuchiStep' in 0.048s (success: True, problem=kxor_instance_n29_k2_m245_ell2_eps0.25_kappa1.0_rho0.6)
2026-01-20 11:02:10,018 - final_problem_set.kxor_instance_n29_k2_m245_ell2_eps0.25_kappa1.0_rho0.6 - INFO - Starting step 'ClassicalEigenvaluesStep' (version 0.1) on problem kxor_instance_n29_k2_m245_ell2_eps0.25_kappa1.0_rho0.6 (fields={'ell': 2, 'threshold': 0.0, 'kikuchi_matrix': <Dictionary Of Keys sparse matrix of dtype 'int64'
	with 9882 stored elements and shape (406, 406)>, 'num_eigenvalues': 5})
2026-01-20 11:02:10,250 - final_problem_set.kxor_instance_n29_k2_m245_ell2_eps0.25_kappa1.0_rho0.6 - INFO - Finished step 'ClassicalEigenvaluesStep' in 0.232s (success: True, problem=kxor_instance_n29_k2_m245_ell2_eps0.25_kappa1.0_rho0.6)
2026-01-20 11:02:10,250 - final_problem_set.kxor_instance_n29_k2_m245_ell2_eps0.25_kappa1.0_rho0.6 - INFO - Starting step 'KeyExtractionStep' (version 0.1) on problem kxor_instance_n29_k2_m245_ell2_eps0.25_kappa1.0_rho0.6 (fields={'ell': 2, 'threshold': 0.0, 'kikuchi_matrix': <Dictionary Of Keys sparse matrix of dtype 'int64'
	with 9882 stored elements and shape (406, 406)>, 'num_eigenvalues': 5, 'eigenvalues': array([11.87897528, 12.05949131, 12.35106088, 13.38263028, 16.65948901]), 'eigenvectors': array([[ 8.64888317e-02,  3.89706690e-02,  5.28444224e-02, -7.06005131e-02,  6.97157155e-02],
       [-4.05322326e-03,  4.87956352e-02,  6.83684393e-02, -5.95789150e-02,  7.11054202e-02],
       [ 1.03938857e-02,  4.41848961e-02,  3.00362479e-02,  5.63710426e-02, -1.27516036e-01],
       [-4.92437277e-02, -3.50361583e-02, -1.48090198e-01, -7.67354004e-02, -4.51453590e-02],
       [ 1.04656161e-01,  2.43297442e-02, -2.94539188e-02,  7.50097063e-02, -5.49305542e-02],
       [ 7.01288549e-02, -7.72021556e-02, -6.90859887e-03, -7.16318286e-02, -8.28181021e-02],
       [ 5.52178871e-03, -6.60215251e-02, -4.84335009e-02, -3.60868467e-02, -1.71118874e-02],
       [ 8.65053535e-02,  3.91063024e-02,  2.62938172e-02, -8.13384112e-02,  3.79237472e-02],
       [ 2.33877683e-02,  3.68235586e-02, -2.92524291e-02, -8.03222362e-03, -9.63800134e-02],
       [-4.28532537e-03,  4.67323542e-02,  7.54934184e-02,  4.59556944e-02, -9.63341881e-02],
       [ 4.20108075e-03,  3.17450643e-02, -7.26465116e-02, -7.07211377e-02, -4.88896183e-02],
       [-2.60385868e-02,  3.37950413e-02,  8.10595854e-02, -9.32447168e-02,  7.75394127e-02],
       [-2.78933223e-02,  3.83730351e-02, -4.05438233e-02, -2.20984135e-02,  9.86860482e-02],
       [ 5.85411174e-02,  7.93760233e-02,  4.17500212e-02,  9.46871096e-02, -6.97989153e-02],
       [-7.81453040e-02,  4.83179949e-03,  5.69227613e-02, -1.18912144e-01,  2.12693017e-02],
       [-1.15473209e-01,  7.96416066e-02, -7.67388425e-03, -2.41031647e-02,  7.00436136e-02],
       [ 9.66684065e-03,  1.06839390e-01, -2.33680185e-02, -7.86815256e-02, -1.06695405e-01],
       [ 1.45653814e-01, -2.39991244e-02, -7.29615071e-03,  1.56460916e-02, -6.95162040e-02],
       [ 1.76933212e-02, -1.58953346e-02,  8.61571327e-02, -2.78982482e-02,  8.59676854e-02],
       [-9.54269825e-03, -2.34825388e-02, -8.53407575e-02,  6.53301443e-02,  7.11506423e-02],
       [ 3.68285970e-02, -6.88520129e-02,  1.18471772e-02, -8.09018847e-02,  3.47394477e-02],
       [-1.68294238e-02, -2.76661272e-02, -2.14601071e-02,  5.40260898e-02, -1.08457923e-01],
       [-4.53482456e-02, -1.47742328e-01,  8.62002194e-02,  5.46329056e-02,  5.80077820e-02],
       [-7.68995819e-02, -2.03272712e-02,  1.41966992e-01,  1.42721347e-02, -5.78456061e-02],
       [-5.28925825e-02, -5.27800071e-02, -5.26020910e-03,  4.20023443e-02, -9.14647337e-02],
       [ 6.37484521e-02, -1.06219879e-02,  1.59572501e-02, -4.96277403e-02, -3.90713767e-02],
       [-1.37363315e-02,  7.82529880e-02, -5.50414121e-02,  6.23689013e-02, -1.18240724e-01],
       [ 5.66283656e-03, -1.02275731e-01,  1.39908035e-02, -3.73861760e-02,  6.07347760e-02],
       [ 4.83196345e-02,  4.72477792e-02,  4.20354018e-02, -3.99254902e-02,  3.68630798e-02],
       [-1.08747417e-01, -4.31777249e-02, -1.36971114e-02,  5.14983177e-02, -6.59012276e-02],
       [-5.91955987e-02, -3.32187494e-02, -8.04080481e-02, -3.79629135e-02, -2.24496309e-02],
       [ 7.25572603e-03, -1.16748968e-02, -2.78414070e-02,  5.74524942e-02, -3.40210368e-02],
       [-3.63635446e-02, -8.73534246e-02, -1.73467238e-02, -2.77470627e-02, -4.82063129e-02],
       [ 1.20748118e-03, -3.63570676e-02, -2.21247439e-02, -2.01125902e-02, -8.15553470e-03],
       [ 6.71428594e-02,  3.02123919e-02,  1.69467587e-02, -4.93559634e-02,  2.12395984e-02],
       [-7.27637324e-02, -2.51261758e-02, -3.32339450e-02,  9.24310688e-03, -5.06317866e-02],
       [-7.38639459e-02, -1.73987410e-02,  1.61097174e-02,  3.45650752e-02, -4.48029853e-02],
       [-3.99809232e-02, -4.85164980e-03, -4.68588989e-02, -3.12560978e-02, -2.63266173e-02],
       [ 5.70204963e-02,  5.78381647e-02,  6.01581748e-02, -6.62396171e-02,  4.42523996e-02],
       [ 7.73801203e-02,  7.82809169e-02, -3.67602023e-03, -2.97482501e-02,  5.86300354e-02],
       [-3.61232633e-02,  1.26633278e-02,  8.12411028e-03,  7.92000416e-02, -4.55042858e-02],
       [-2.44697768e-02,  8.72812633e-03,  3.17139828e-02, -6.87971682e-02,  1.14743865e-02],
       [-2.36714133e-04,  8.57981222e-02,  1.14730689e-02, -2.90744735e-02,  4.30968909e-02],
       [-8.65477987e-02,  1.07617556e-02, -3.13562960e-02, -2.87692362e-02, -5.41691841e-02],
       [ 1.85740116e-02, -4.86502145e-02, -1.47816523e-02,  2.11747073e-02, -3.87217371e-02],
       [ 8.87997993e-02,  3.16279453e-02,  6.66404892e-02, -3.17563683e-02,  4.87042802e-02],
       [ 6.31058747e-02,  2.52334252e-02, -3.30638830e-02,  2.78767986e-02,  4.00509285e-02],
       [ 4.82663950e-02, -1.91729567e-02,  1.26493682e-02, -5.04373388e-02,  2.02935438e-02],
       [-8.58576732e-02, -5.38704885e-02, -2.50789335e-02,  3.69680408e-02, -4.85157068e-02],
       [ 3.88160807e-02, -5.29079665e-02,  6.43469016e-02,  1.67008606e-02,  3.68110806e-02],
       [-8.53068710e-02, -3.76298385e-02,  6.14180907e-02,  1.35118117e-02, -2.78899119e-02],
       [-8.78584096e-02, -5.74555387e-02, -1.45221857e-02,  3.17411327e-02, -4.13853065e-02],
       [ 8.87680731e-04, -2.50931791e-02,  2.17693023e-03, -2.13313194e-02, -2.18229400e-02],
       [-1.09960735e-01, -1.53985793e-02, -5.00037830e-02,  5.24813464e-02, -5.97594037e-02],
       [ 5.87582573e-02, -3.31051589e-02,  2.30798449e-02, -3.49993152e-02,  3.62004715e-02],
       [-1.87508501e-02, -5.66927128e-02, -2.04623601e-02,  5.95130883e-02, -9.70747636e-02],
       [-2.95247091e-02, -3.73523449e-02, -9.93915640e-02, -3.72392471e-02, -2.38060358e-02],
       [ 4.82609100e-02, -1.62264600e-02, -3.25848159e-02,  4.59234342e-02, -3.25222991e-02],
       [ 2.70519763e-02, -8.45274345e-02, -2.96274876e-02, -2.32513015e-02, -4.59581842e-02],
       [ 4.11159392e-03, -4.51862453e-02, -3.29134159e-02, -1.93935818e-02, -8.80717812e-03],
       [ 4.92134469e-02,  4.01278284e-02,  2.20622945e-02, -4.84085652e-02,  2.59529990e-02],
       [-2.17711784e-03, -3.26092465e-02, -4.96039042e-02,  8.99153108e-03, -5.85170292e-02],
       [-1.59390481e-02, -2.80245878e-02,  1.35899896e-02,  3.89620806e-02, -5.81679891e-02],
       [-4.47247666e-03, -7.73222045e-03, -6.04985264e-02, -3.10387083e-02, -2.85398731e-02],
       [-1.72301472e-03,  5.78009963e-02,  6.79951929e-02, -5.61718394e-02,  4.75451156e-02],
       [-2.84771975e-04,  9.02989237e-02,  7.85941323e-03, -3.02662788e-02,  6.78588248e-02],
       [ 2.18509154e-02,  4.18547929e-03, -1.11403520e-03,  7.16643865e-02, -5.01943378e-02],
       [-4.03375006e-02,  4.34475072e-03,  3.14695925e-02, -6.04428005e-02,  9.89314034e-03],
       [-5.79952035e-02,  9.54537588e-02,  1.92825410e-02, -2.51586869e-02,  4.87164823e-02],
       [-1.01780138e-02,  3.17697891e-03, -4.78258810e-02, -2.23813756e-02, -5.71173403e-02],
       [ 7.04840942e-02, -5.48366291e-02, -2.42905779e-02,  1.90528789e-02, -4.35501124e-02],
       [ 2.24863638e-02,  4.01366736e-02,  8.77451190e-02, -2.87026658e-02,  5.60067973e-02],
       [ 6.98205274e-03,  2.86439921e-02, -2.67685432e-02,  2.44817043e-02,  4.32732814e-02],
       [ 2.93482239e-02, -1.78301661e-02,  2.11954643e-02, -5.62198911e-02,  2.86019588e-02],
       [-1.94242087e-02, -5.97551684e-02, -3.91984464e-02,  3.64293325e-02, -5.31042671e-02],
       [-1.55841564e-02, -5.14279420e-02,  8.31527822e-02,  1.90860379e-02,  4.32647052e-02],
       [-5.14653684e-02, -4.63882832e-02,  6.58151903e-02,  1.68622296e-02, -3.51640472e-02],
       [-3.50745161e-02, -6.98703316e-02, -2.59832714e-02,  3.15826915e-02, -5.00209238e-02],
       [ 3.08549775e-02, -3.00160433e-02, -5.02845608e-03, -2.03476062e-02, -2.36916866e-02],
       [-2.86734876e-02, -2.02517673e-02, -8.11902623e-02,  5.66283753e-02, -7.87791933e-02],
       [ 1.16561073e-02, -2.69902929e-02,  3.65433010e-02, -3.25531907e-02,  3.88054470e-02],
       [ 7.60992785e-02,  4.04701421e-02,  1.22565299e-01,  9.56969819e-02,  4.97787643e-02],
       [-1.03898566e-01, -3.01769525e-02, -1.08036235e-02, -7.87424961e-02,  6.93335538e-02],
       [-4.81075605e-02,  9.03367456e-02, -5.28915639e-02,  1.01784959e-01,  9.49569335e-02],
       [ 2.50646393e-03,  6.95875496e-02,  3.44810220e-02,  4.07452971e-02,  2.54365959e-02],
       [-1.03598321e-01, -3.79164783e-02, -8.17014898e-03,  8.14204864e-02, -4.34245525e-02],
       [ 7.10822067e-03, -3.72015678e-02, -3.19266829e-02,  3.39403357e-02,  9.06313658e-02],
       [ 2.93187302e-02, -4.65821074e-02, -1.25516042e-01, -2.01785224e-02,  8.90536848e-02],
       [ 1.62214356e-02, -3.24310898e-02,  4.27063617e-02,  8.98493531e-02,  5.18216566e-02],
       [ 4.44125799e-03, -3.85111540e-02, -3.71753013e-02,  8.48917212e-02, -8.79243610e-02],
       [-2.32730509e-04, -3.89461742e-02,  1.00359622e-01, -5.49070358e-03, -9.87569104e-02],
       [-4.52786202e-02, -9.42572489e-02, -9.03551191e-02, -8.61737439e-02,  7.41867589e-02],
       [ 7.67714332e-02, -1.99590839e-03, -4.06092264e-02,  1.25283178e-01, -2.81816700e-02],
       [ 1.06935486e-01, -8.66230726e-02,  5.13343591e-02,  7.17676133e-03, -7.53365623e-02],
       [ 2.47090374e-02, -1.04451591e-01, -4.29456701e-02,  1.06169992e-01,  1.01871158e-01],
       [-1.30391175e-01,  2.64932387e-02, -3.44893920e-02,  3.81955746e-03,  6.56302641e-02],
       [-5.43501371e-02,  2.34084783e-02, -3.24404490e-02,  6.88572280e-03, -1.02533539e-01],
       [-9.70859244e-03,  1.87473814e-02,  1.18661716e-01, -8.57488785e-02, -6.21675486e-02],
       [-4.86346599e-02,  7.71334605e-02,  5.85143689e-03,  7.96891679e-02, -3.71770651e-02],
       [ 5.24948893e-02,  3.31583844e-02, -4.91108731e-02, -3.04454359e-02,  1.15582297e-01],
       [ 2.56121382e-02,  1.61683439e-01, -5.20577058e-02, -7.11891988e-02, -6.18132842e-02],
       [ 9.11714419e-02,  2.00924011e-02, -1.65258453e-01,  4.39457172e-03,  4.81554809e-02],
       [ 7.89529054e-02,  5.18690813e-02, -4.74609752e-02, -1.53788169e-02,  8.54439527e-02],
       [-5.53641778e-02,  1.15840371e-02, -4.50100507e-02,  6.43428177e-02,  4.06379355e-02],
       [ 5.60167577e-02, -8.97989540e-02, -2.77019264e-02, -3.45133236e-02,  1.25306465e-01],
       [-2.92182845e-02,  1.31765609e-01,  3.68896418e-02,  3.41868347e-02, -8.13971388e-02],
       [-1.59897989e-02,  1.49677186e-02,  8.48916679e-02,  2.26765989e-02,  2.44927733e-02],
       [ 2.76441116e-02,  4.69304296e-02,  7.46982691e-02,  6.80665847e-02,  2.22681350e-02],
       [ 9.03486157e-04,  2.41105723e-02,  1.98805701e-02,  1.53854908e-02,  4.67228114e-03],
       [-4.04643038e-02, -1.62548200e-02, -4.97292946e-02, -1.62389983e-02, -1.71790392e-02],
       [ 4.58523848e-02,  3.07800548e-02,  9.71046970e-02,  7.18983844e-02,  2.94443933e-02],
       [ 5.73034015e-02,  2.01711530e-02,  5.88474781e-02,  6.18782172e-02,  3.64842747e-02],
       [ 1.97991950e-02,  1.30043773e-02,  4.70552323e-02,  3.95521402e-02,  1.12720458e-02],
       [-3.16336992e-02, -4.16191987e-02, -1.20005981e-01, -4.52817431e-02, -3.00990650e-02],
       [-5.14164690e-02, -5.17936918e-02, -8.97026591e-02, -7.98217041e-02, -3.62577454e-02],
       [ 1.55241506e-02, -9.72059634e-03,  6.60960519e-02,  2.91851286e-02,  3.31064007e-02],
       [ 2.05392906e-02,  3.76480680e-04, -4.80194370e-02,  1.32889046e-02, -9.19042201e-03],
       [-2.49924450e-04, -5.27336442e-02, -7.56656899e-02, -5.45622201e-02, -2.86003121e-02],
       [ 5.11271307e-02,  2.18342927e-02,  8.89029513e-02,  7.58272862e-02,  2.68853120e-02],
       [-1.22464319e-02,  3.03078035e-02,  6.66827625e-02,  4.40927195e-02,  2.41269972e-02],
       [-4.51824616e-02, -2.98830603e-02, -1.01162561e-01, -6.09254901e-02, -2.58249249e-02],
       [-4.18541093e-02, -2.44743592e-02, -3.22525466e-02, -6.51633952e-02, -2.22979399e-02],
       [-3.47956219e-02,  7.92041073e-03, -5.25255907e-02, -1.29996113e-02, -1.78091625e-02],
       [ 5.29483148e-02,  3.81686214e-02,  1.01093637e-01,  6.27037917e-02,  2.95728743e-02],
       [-2.07369496e-02,  4.83161123e-04, -7.49925360e-02, -5.12017697e-02, -1.90939779e-02],
       [ 6.75591735e-02,  2.70990272e-02,  4.64521082e-03,  4.76553159e-02,  2.07448255e-02],
       [ 5.42860626e-02,  3.69897831e-02,  7.96035182e-02,  5.84117641e-02,  2.63689498e-02],
       [ 3.23370825e-03,  2.14895036e-02,  2.70735518e-02,  3.73872896e-02,  1.14854942e-02],
       [ 7.21148821e-02,  2.57393208e-02,  1.44803901e-01,  8.23442916e-02,  4.24369361e-02],
       [-3.45020197e-02,  7.76680721e-03, -6.63553593e-02, -3.42673267e-02, -2.29177190e-02],
       [-1.06677644e-01,  4.19740320e-02,  9.24937490e-03,  1.24366346e-02,  4.66227576e-02],
       [-8.70771768e-03,  2.89412688e-02,  2.61238174e-02,  1.34454211e-02,  7.74721996e-03],
       [-1.09453996e-02, -1.53627827e-02, -1.56017343e-02,  5.84358856e-02, -2.23328234e-02],
       [-8.18015713e-02, -2.21736056e-02,  1.98695687e-02, -2.69435529e-02,  4.87541286e-02],
       [-6.23894979e-02, -2.64523211e-02, -3.17824141e-02, -5.32980963e-02,  4.58916002e-02],
       [-3.64846052e-02, -1.63778702e-02,  4.22533662e-02,  1.93425786e-02,  2.43377162e-02],
       [ 6.50959125e-02, -1.75019179e-03, -3.80552226e-02,  6.63380144e-02, -3.75560869e-02],
       [ 9.14691594e-02, -1.85524720e-02,  1.91482248e-02,  4.78850784e-02, -5.52802145e-02],
       [-6.96365449e-02, -3.73495651e-02, -1.25562130e-02, -6.76542213e-02,  3.43171722e-02],
       [ 4.51418708e-02,  2.62063942e-03, -2.73836794e-02,  5.88381398e-02, -8.76955978e-03],
       [ 9.48882993e-02, -2.98473958e-02,  1.11715943e-03,  3.19199863e-02, -3.47755837e-02],
       [-7.82025979e-02, -4.79092875e-02,  2.04062335e-02,  1.26490501e-03,  4.79338371e-02],
       [-9.60721926e-02,  8.76243850e-03,  5.84884927e-03, -2.32129918e-02,  3.08144187e-02],
       [ 5.95652976e-02,  1.61153363e-02, -5.43282348e-02,  4.58656490e-02, -4.67731883e-02],
       [ 5.64767633e-02,  1.14187253e-02,  3.98188363e-02, -9.06434889e-03, -3.52038495e-02],
       [ 1.30657505e-02,  3.94800884e-02, -8.45843833e-03,  5.86072489e-02, -2.03319289e-02],
       [-6.33479642e-02,  5.09151615e-03,  1.29136104e-02, -5.20980465e-02,  4.64908008e-02],
       [ 7.25524229e-02,  8.11605266e-02, -5.52280942e-02, -1.77569135e-03, -3.26183364e-02],
       [-7.13635849e-03,  9.90788844e-03, -7.55967223e-02, -3.02940424e-02,  3.10163871e-02],
       [-3.73139166e-02,  2.35004854e-02,  5.87698764e-03, -4.95451072e-02,  4.60761724e-02],
       [-5.80623016e-02,  5.93296479e-03, -4.27812070e-03,  1.14909588e-02,  1.98574732e-02],
       [-8.69459325e-02, -5.17364667e-02,  3.92553390e-02, -7.76386556e-02,  6.32745685e-02],
       [ 4.34850899e-02,  5.62152735e-02, -1.55545204e-02,  4.23291670e-02, -3.20286249e-02],
       [ 9.30192140e-04,  5.30252456e-02,  2.89999426e-02,  2.93905202e-02,  1.05241134e-02],
       [-3.81865453e-02, -7.39241608e-02, -6.41448298e-03,  1.91749498e-03, -3.72747038e-02],
       [-3.71689546e-02,  5.22622680e-02, -2.38138154e-03,  8.32289620e-02,  5.60131422e-02],
       [-2.74535535e-02,  5.14156484e-02, -6.56037249e-02,  6.25352547e-02,  6.26732833e-02],
       [-8.74380807e-03,  1.18808920e-02,  3.02751910e-02,  6.94363947e-02,  2.57965143e-02],
       [ 4.93459674e-02, -9.86806593e-02, -4.26146017e-02, -2.75319754e-02, -6.19256645e-02],
       [ 3.84991783e-02, -9.67757435e-02,  3.99680757e-02, -7.91980138e-02, -6.27359573e-02],
       [-7.31958240e-02,  6.81381075e-03, -4.86834572e-02,  1.47778100e-02,  5.74535623e-02],
       [ 6.15439202e-02, -1.59368156e-02, -2.97151104e-02,  4.52943252e-02, -1.76576989e-02],
       [ 8.32222753e-02, -9.48364322e-02,  1.46964324e-02, -5.10626708e-02, -4.67342175e-02],
       [-3.43772494e-02,  2.06908086e-02, -9.69686830e-03,  1.14461579e-01,  5.74411908e-02],
       [-9.41805046e-02,  5.23131148e-02, -1.04424116e-02,  4.40973932e-02,  4.01061320e-02],
       [ 1.98257874e-02, -6.85983153e-02, -3.77235542e-02, -7.48012360e-02, -6.39128174e-02],
       [ 1.83291058e-02, -3.33856957e-02,  5.73186291e-02, -8.38101909e-02, -3.74804548e-02],
       [-1.42563406e-03,  1.71238727e-03,  1.79830624e-04,  2.04345176e-03, -3.75240676e-02],
       [-2.29586403e-02,  9.33382411e-02, -6.17310793e-03,  5.70918734e-02,  6.12934852e-02],
       [ 5.77297420e-02,  3.70901368e-02, -4.31608649e-02, -9.92654031e-02, -4.76061271e-02],
       [ 3.40761423e-02,  5.77363186e-02, -9.49080285e-02,  4.55190014e-02,  3.48616465e-02],
       [ 6.65516379e-03,  1.05373506e-01, -1.89234264e-02,  6.17825262e-02,  5.84184918e-02],
       [-3.76537158e-02,  2.37548549e-02, -1.47849975e-02,  5.08567075e-02,  1.92783751e-02],
       [-3.41612584e-02,  5.76355275e-02,  9.60869872e-03,  8.70344745e-02,  9.07743009e-02],
       [ 2.39770985e-02,  1.13425179e-02,  3.82218647e-03, -3.51461531e-02, -4.66878761e-02],
       [ 2.75670481e-03, -2.38877587e-02, -1.33275342e-02, -1.15596946e-02, -6.24139543e-03],
       [-1.12748689e-03,  4.95747088e-02,  3.26559834e-02,  3.17506145e-02,  1.32174548e-02],
       [ 2.49239226e-03,  4.58048155e-02,  2.36770851e-02,  2.55242074e-02,  1.32402199e-02],
       [ 1.13250446e-03,  2.27370354e-02,  1.99656919e-02,  1.92452874e-02,  5.58841040e-03],
       [ 1.69381957e-03, -4.54091363e-02, -3.27078779e-02, -2.60426551e-02, -9.20725875e-03],
       [-9.49975119e-04, -6.84886594e-02, -2.54254521e-02, -3.40338232e-02, -1.86306406e-02],
       [-7.73418454e-03,  3.23769140e-02,  2.26650131e-02,  1.40844047e-02,  1.20677224e-02],
       [ 1.02395857e-02, -1.19834158e-02, -1.56628701e-02,  4.66739802e-03, -2.95100274e-03],
       [-3.75587820e-03, -3.72259201e-02, -2.55282677e-02, -2.26458139e-02, -7.42196879e-03],
       [ 7.95592947e-05,  4.91466282e-02,  3.54690046e-02,  3.54557806e-02,  1.44614579e-02],
       [-7.57276173e-04,  3.39979812e-02,  2.23575895e-02,  1.74760560e-02,  7.63826768e-03],
       [-6.97148853e-04, -5.16803507e-02, -3.86315864e-02, -2.87179078e-02, -1.30754048e-02],
       [-4.07620219e-03, -3.66079351e-02, -1.70976567e-02, -2.04559083e-02, -8.82068935e-03],
       [ 1.49270925e-03, -1.76637928e-02, -1.40100728e-02, -8.07949277e-03, -7.23111048e-03],
       [ 3.91055434e-03,  6.52768148e-02,  3.72778277e-02,  2.70964389e-02,  1.74114350e-02],
       [ 4.61800120e-03, -2.25359293e-02, -2.98562319e-02, -2.29805092e-02, -8.31748076e-03],
       [ 1.04943795e-02,  3.45216356e-02,  2.49444824e-03,  1.70067628e-02,  9.04597250e-03],
       [ 3.44196620e-03,  5.40740046e-02,  2.65418337e-02,  2.57572857e-02,  1.28805808e-02],
       [-3.87349599e-04,  1.93209864e-02,  1.13435086e-02,  1.18873715e-02,  4.45196723e-03],
       [-1.24297864e-03,  6.39646179e-02,  4.90850555e-02,  3.72056261e-02,  1.83941677e-02],
       [ 3.45938103e-03, -2.52103342e-02, -2.56403436e-02, -1.64441024e-02, -7.79628063e-03],
       [-6.80259294e-02, -1.96686483e-02, -2.00801830e-02,  3.52015736e-02, -3.65040600e-02],
       [-7.60374844e-02, -2.04750575e-02,  1.84188766e-02,  5.55838659e-02, -3.44871039e-02],
       [-3.42861504e-02, -1.51257955e-03, -3.14227695e-02, -1.06490484e-02, -2.02327862e-02],
       [ 5.87104340e-02,  4.87452664e-02,  3.50229434e-02, -8.08163534e-02,  2.97836277e-02],
       [ 6.90917013e-02,  5.53369645e-02, -1.56245867e-03, -5.51331394e-02,  3.45355312e-02],
       [-4.17298270e-02, -8.22261843e-03,  2.94336856e-03,  6.57868496e-02, -2.43336584e-02],
       [-1.05213510e-02,  1.68979183e-02,  1.99155141e-02, -5.62449753e-02,  6.63636643e-03],
       [ 1.28978323e-02,  6.79800327e-02,  2.96609475e-03, -4.67343713e-02,  2.75590194e-02],
       [-8.51949954e-02,  1.40224327e-02, -1.77620808e-02,  1.31689960e-03, -4.54341259e-02],
       [ 4.31316179e-03, -4.55909783e-02, -8.96362735e-03,  3.79210851e-02, -2.81054492e-02],
       [ 8.22014857e-02,  2.58840006e-02,  4.20237316e-02, -5.45128840e-02,  3.42204166e-02],
       [ 5.12976567e-02,  1.60107778e-02, -2.40284723e-02, -4.00763453e-04,  2.73051216e-02],
       [ 4.94678329e-02, -9.51254676e-03,  9.92452793e-03, -5.33518257e-02,  1.26016306e-02],
       [-8.79638627e-02, -5.12152911e-02, -1.10838186e-02,  6.34750339e-02, -3.99738138e-02],
       [ 4.13574218e-02, -4.68340148e-02,  4.69499406e-02, -5.99134922e-03,  2.68895133e-02],
       [-6.93767930e-02, -3.21441848e-02,  4.44209057e-02,  2.92320378e-02, -1.92433700e-02],
       [-8.31825327e-02, -5.07572695e-02, -7.83054010e-03,  5.38190430e-02, -3.05647017e-02],
       [-4.49476008e-03, -1.60135204e-02,  2.26533041e-03, -6.43175085e-03, -1.56400659e-02],
       [-1.13256845e-01, -1.45618336e-02, -3.38007518e-02,  8.22622210e-02, -4.67217726e-02],
       [ 5.11480496e-02, -1.48541009e-02,  1.07014295e-02, -3.65503674e-02,  2.33833371e-02],
       [ 1.32548386e-02, -3.44986432e-02, -6.21697450e-02,  1.99537746e-02,  6.91077469e-02],
       [ 5.46254365e-03, -1.73825815e-02,  4.34788062e-02,  7.00186081e-02,  3.31966576e-02],
       [ 1.21444397e-02, -1.81772877e-02, -5.57754625e-02,  2.01416091e-02, -6.10339279e-02],
       [ 7.27967632e-03, -1.63278829e-02,  3.41247536e-02, -3.86796277e-02, -7.19122573e-02],
       [-4.35596566e-02, -7.32224249e-02, -3.91198754e-02, -3.09369204e-02,  5.94598799e-02],
       [ 5.75468405e-02,  4.03977771e-03, -3.96958440e-02,  6.95186604e-02, -1.89464976e-02],
       [ 8.38777174e-02, -5.34999302e-02,  9.68958775e-03, -2.50527005e-02, -5.85989022e-02],
       [ 7.35688574e-03, -5.65166693e-02,  1.78000101e-03,  8.97758313e-02,  6.42781829e-02],
       [-9.98435267e-02,  1.17499215e-02, -2.71572020e-03,  2.56256180e-02,  5.06912567e-02],
       [-2.41151382e-02,  1.54990942e-02, -5.72114202e-02, -3.07569167e-02, -6.90963480e-02],
       [-4.05375607e-03,  1.30914544e-02,  6.66251372e-02, -7.79342157e-02, -4.72988397e-02],
       [-3.35756183e-02,  6.45960602e-02, -9.16359484e-03,  3.65263738e-02, -3.76707725e-02],
       [ 2.48462903e-02,  1.73300782e-02,  7.73532158e-03,  1.88551993e-02,  7.74648810e-02],
       [ 2.33613182e-02,  9.13262666e-02, -4.97163115e-02, -6.09409878e-02, -4.12560120e-02],
       [ 6.20271068e-02,  9.22265462e-03, -1.02296147e-01,  2.43257335e-02,  3.91398909e-02],
       [ 4.16860546e-02,  2.73613911e-02, -3.75170277e-03,  2.05431441e-02,  5.76660120e-02],
       [-3.94821990e-02,  1.05735096e-02, -1.66447659e-02,  5.09625019e-02,  2.65304125e-02],
       [ 2.21196305e-02, -5.54552074e-02,  2.51529757e-02,  2.20301045e-02,  8.44572115e-02],
       [-8.25553965e-03,  6.88513417e-02, -2.56579485e-03,  7.72344842e-04, -4.47731649e-02],
       [ 1.31283426e-02, -2.54586670e-02,  1.10535257e-02,  5.64275981e-02,  3.45805664e-02],
       [-5.32102730e-03, -1.07369254e-02,  1.36774811e-02,  6.25982280e-02, -6.64036023e-02],
       [-9.40454931e-03, -1.58215351e-02,  1.22424014e-01,  1.57285235e-03, -7.84993043e-02],
       [-2.10287667e-02, -6.41906042e-02, -8.51157421e-02, -5.63295018e-02,  5.14284253e-02],
       [ 4.77385978e-02,  1.27892228e-03, -1.48546083e-02,  7.90633257e-02, -1.81288183e-02],
       [ 6.23193996e-02, -4.71984218e-02,  6.17714393e-02,  6.91414749e-03, -5.30881382e-02],
       [ 2.00844848e-02, -7.22791682e-02, -5.74056802e-02,  6.15527901e-02,  6.52901225e-02],
       [-8.28619427e-02,  1.02877573e-02, -5.52400817e-02,  2.86693907e-04,  5.00733425e-02],
       [-3.92841904e-02,  2.39572573e-02,  1.42567734e-02,  6.26621666e-03, -6.47362740e-02],
       [-8.17179138e-03,  1.65353423e-02,  9.23131669e-02, -4.99216195e-02, -4.19822511e-02],
       [-3.87705336e-02,  6.16701687e-02,  2.81675145e-02,  5.79965924e-02, -3.22428935e-02],
       [ 3.37520257e-02,  8.41486948e-03, -5.98568599e-02, -2.07159514e-02,  6.73084395e-02],
       [ 1.07421262e-02,  1.18023281e-01, -7.11150243e-03, -4.42739299e-02, -4.81733184e-02],
       [ 5.65418496e-02,  1.12440086e-02, -1.16588130e-01,  5.15678246e-04,  3.18073416e-02],
       [ 6.30038726e-02,  2.70684175e-02, -7.21050544e-02, -1.27162126e-02,  6.42687087e-02],
       [-3.33881881e-02,  5.14485732e-03, -4.33512474e-02,  4.02456496e-02,  2.72230653e-02],
       [ 5.14422841e-02, -8.00300045e-02, -7.07353684e-02, -3.00252385e-02,  9.34532214e-02],
       [-1.86082546e-02,  7.58504536e-02,  3.14383124e-02,  2.00237007e-02, -4.37985498e-02],
       [ 2.77068363e-03,  1.08991082e-03, -7.22970883e-02, -3.66906634e-02, -3.44664888e-02],
       [-5.56237377e-03,  1.79135082e-03, -2.63179695e-02, -7.62949155e-02, -3.96806247e-02],
       [-1.46338030e-02, -4.75380208e-02,  1.91661886e-02,  2.78250066e-02,  3.13063954e-02],
       [ 2.80959396e-02,  9.80539320e-03, -3.82918578e-02,  1.76649742e-02, -1.11150167e-02],
       [ 3.38872976e-02, -1.53148742e-02, -3.06377959e-02, -5.26655351e-02, -3.01732238e-02],
       [ 8.94086304e-03, -2.66079356e-02,  3.60582678e-02,  7.63936472e-02,  2.92602173e-02],
       [-3.39403315e-02, -4.44306495e-03,  2.59634281e-02,  4.06011891e-02,  2.26445355e-02],
       [-1.15265607e-02,  1.37458953e-02, -5.44919674e-02, -5.68822163e-02, -2.99581740e-02],
       [-9.12827895e-03,  9.51985897e-03,  4.97824492e-03, -6.57550686e-02, -2.33466357e-02],
       [-1.70669189e-02,  3.40013363e-02, -2.63575388e-02, -8.59340692e-03, -1.83743566e-02],
       [ 1.68569043e-02, -3.78826235e-03,  5.00221542e-02,  5.76732745e-02,  3.76306422e-02],
       [ 8.53910713e-03,  3.83286387e-02, -4.07396461e-02, -5.23665068e-02, -1.99304304e-02],
       [ 3.73256026e-02, -2.33493656e-03, -2.50674645e-02,  4.21884192e-02,  2.10167974e-02],
       [ 2.93198136e-02,  4.09750362e-03,  3.42658760e-02,  5.64334303e-02,  3.31073927e-02],
       [-1.64605127e-02,  3.55803373e-03,  6.49030475e-03,  4.43491015e-02,  1.35996331e-02],
       [ 2.04360602e-02, -4.23087411e-02,  7.13095546e-02,  7.62439224e-02,  4.76004395e-02],
       [-7.54974372e-03,  4.19636382e-02, -3.17327165e-02, -3.11348589e-02, -2.44475196e-02],
       [-1.82161152e-02,  9.01679685e-02,  1.51512038e-02, -5.41364803e-02,  7.45901645e-02],
       [ 4.52269781e-02,  2.20232719e-02, -4.68244049e-03,  1.14033952e-01, -5.93352228e-02],
       [-4.98142526e-02,  5.37394793e-03,  3.54688057e-02, -8.19452037e-02,  1.02503959e-02],
       [-7.08756826e-02,  8.70569743e-02,  2.16056696e-02, -3.92923552e-02,  4.78540757e-02],
       [ 6.01298567e-03,  3.04713355e-02, -6.94632929e-02, -2.98811793e-02, -8.03650649e-02],
       [ 9.46029114e-02, -4.97936894e-02, -3.14538761e-02,  3.24111428e-02, -4.81945348e-02],
       [ 1.04448503e-02,  2.86816232e-02,  9.03744389e-02, -4.53613701e-02,  5.72069245e-02],
       [-4.48002402e-03,  1.79521335e-02, -2.72985062e-02,  2.58535389e-02,  5.07264596e-02],
       [ 2.25966244e-02, -2.97506121e-02,  2.04899747e-02, -6.93700847e-02,  2.53259053e-02],
       [-1.10228659e-02, -5.84205283e-02, -4.72760417e-02,  5.65550782e-02, -6.48782394e-02],
       [-3.29475258e-02, -8.00419007e-02,  9.63312931e-02,  1.76515367e-02,  4.58906412e-02],
       [-5.31491145e-02, -4.57660371e-02,  7.42281153e-02,  3.01076410e-02, -3.96166235e-02],
       [-3.60153019e-02, -8.24606347e-02, -3.78234119e-02,  5.96331171e-02, -6.13256359e-02],
       [ 4.54437715e-02, -3.08175753e-02, -1.27743109e-02, -1.95428415e-02, -3.22969465e-02],
       [-7.57876409e-03, -3.95715474e-03, -8.73065493e-02,  8.16243698e-02, -7.92541181e-02],
       [ 3.81730951e-03, -5.01967808e-02,  4.08010427e-02, -5.23333596e-02,  4.73781764e-02],
       [ 5.13639293e-02,  3.11927013e-02,  9.15329373e-02,  5.66634990e-02, -6.61063102e-02],
       [-6.40649755e-02,  1.96963347e-02,  2.54848612e-02, -9.24954346e-02,  2.18609536e-02],
       [-8.39805026e-02,  1.00083782e-01, -4.56169806e-02,  1.88483392e-03,  5.64338942e-02],
       [-5.21476458e-03,  3.30435479e-02,  5.16576023e-02, -1.03314443e-01, -8.73589795e-02],
       [ 1.01959100e-01, -4.84051882e-02,  3.32982009e-02, -9.12891541e-03, -5.01290410e-02],
       [ 2.17569656e-02,  3.52703852e-02,  1.16673063e-02,  1.02142006e-02,  7.34861846e-02],
       [ 7.12242779e-04,  1.09088913e-02, -9.52355931e-02,  7.26085530e-02,  4.92129783e-02],
       [ 2.93578306e-02, -3.34381304e-02, -1.22471167e-02, -5.40464831e-02,  3.35965616e-02],
       [-2.30258521e-02, -8.87380307e-02,  5.22500181e-02,  7.54194720e-03, -8.96937352e-02],
       [-3.16263968e-02, -9.47320948e-02,  2.82805002e-02,  7.04649600e-02,  5.64279591e-02],
       [-6.17088541e-02, -3.83954096e-02,  1.29728332e-01, -8.72917756e-03, -3.79701445e-02],
       [-4.47662920e-02, -8.29548914e-02,  4.67268373e-02,  1.94505800e-04, -6.58575761e-02],
       [ 4.12847747e-02, -1.63624693e-02,  2.88206847e-02, -5.13737887e-02, -2.55980337e-02],
       [-2.44061391e-02, -2.69339377e-03,  4.21583117e-02,  6.38227036e-03, -1.11332460e-01],
       [ 6.90089434e-03, -5.66979177e-02, -4.07400045e-02, -1.18623245e-02,  6.63276187e-02],
       [ 4.17158382e-02, -4.30275980e-03, -2.63385838e-02,  7.45687070e-02, -1.13311619e-02],
       [ 9.79767071e-02, -1.50866301e-02,  4.94786163e-02,  4.90845349e-02, -4.83266897e-02],
       [-3.39503849e-02, -1.20463645e-01, -4.49305166e-02,  1.53791023e-02,  6.36998983e-02],
       [-9.16341196e-02, -1.26610938e-02, -3.10311220e-02, -2.77066643e-02,  3.83811942e-02],
       [ 1.43014270e-02,  6.18553784e-02, -6.00350837e-03,  5.81857338e-02, -5.96030453e-02],
       [ 2.97796396e-02,  5.03124969e-02,  9.14357501e-02, -1.68869573e-02, -4.23402750e-02],
       [-1.50581796e-02,  5.70336980e-02,  1.11179241e-02,  6.62909969e-02, -2.20744587e-02],
       [-1.62189508e-02, -3.18997786e-02, -4.65662197e-02, -7.48267311e-02,  6.75869064e-02],
       [ 4.77417082e-02,  1.35190395e-01, -1.92428004e-02, -9.39853838e-03, -3.98410037e-02],
       [ 2.58011545e-02, -1.39777065e-02, -1.16230932e-01, -2.97393699e-02,  3.27705558e-02],
       [ 6.38882089e-03, -1.22447013e-02, -4.32009512e-02, -5.46232035e-02,  5.07779792e-02],
       [-5.14718171e-02, -1.37866064e-02, -3.45717940e-02,  1.98777607e-02,  2.42918449e-02],
       [-2.63089191e-02, -1.08145663e-01, -3.76614306e-02, -8.65802399e-02,  7.09547947e-02],
       [ 1.06828089e-02,  8.44117589e-02,  2.09531500e-02,  4.04382033e-02, -3.58180222e-02],
       [-6.04438840e-02,  2.37031356e-02,  2.35372869e-02, -6.82834255e-02,  1.35592480e-02],
       [ 5.99202114e-02,  3.08236672e-02, -4.42842070e-02,  4.77224479e-02, -2.56053238e-02],
       [ 4.77686632e-02, -9.30031977e-03, -2.56957840e-02,  5.17665211e-02, -1.12093407e-02],
       [-5.08520734e-02, -2.79152649e-04,  5.40715740e-02, -8.06184279e-02,  1.62314800e-02],
       [-4.10732278e-02, -3.59603672e-03, -2.11708373e-03, -3.21776183e-02,  1.73141316e-02],
       [-1.65404241e-02, -7.29255156e-03,  1.81967553e-02, -5.38525491e-02,  6.84127060e-03],
       [ 5.52142031e-02, -1.68694148e-03, -3.29123228e-02,  8.11932308e-02, -1.45839176e-02],
       [-4.75614751e-02, -3.32229468e-02,  4.91475813e-02, -3.63980579e-02,  1.45956753e-02],
       [ 1.39280509e-02, -1.38857246e-02,  2.02897473e-02,  4.92212659e-02, -1.22477170e-02],
       [ 3.92046904e-02, -1.79368899e-02, -3.04882322e-02,  7.89144266e-02, -1.64518223e-02],
       [ 3.34276048e-02, -3.41796106e-03, -1.16904792e-02,  1.73035882e-02, -9.14283536e-03],
       [ 7.06684806e-02,  8.83879877e-03, -6.06617791e-02,  1.14761385e-01, -2.26691977e-02],
       [-3.25470012e-02, -1.00508082e-02,  2.77713566e-02, -5.12140294e-02,  1.03983874e-02],
       [ 8.89381900e-02, -1.77066559e-02,  1.51047667e-02, -7.64478944e-02, -7.12484648e-02],
       [ 1.05037048e-01, -5.29174339e-02,  1.28433453e-02, -1.98690747e-03, -3.52064009e-02],
       [-6.06860553e-02,  6.93310413e-02,  2.92647662e-02,  4.33025313e-04,  5.85729736e-02],
       [-5.34135549e-02,  3.68574570e-02, -6.46762377e-02,  5.15405118e-02,  4.06380955e-02],
       [-2.38876789e-02,  1.81116894e-03, -6.52277394e-03, -4.81621626e-02,  2.96753047e-02],
       [ 6.67479905e-02, -1.08028112e-01,  1.80230116e-02,  1.13315110e-02, -6.63388194e-02],
       [-8.10933212e-02, -4.43473425e-02,  3.77094909e-02,  4.81244022e-02,  4.21605136e-02],
       [-1.34327766e-03, -6.07204110e-02,  9.55524388e-02, -1.24200813e-03, -3.28246751e-02],
       [ 3.62697610e-02, -1.09735566e-01,  2.26602112e-02,  7.99993362e-03, -5.51560561e-02],
       [ 4.83008581e-02, -2.02333518e-02,  1.43975351e-02, -3.40683258e-02, -2.00643345e-02],
       [ 9.38256371e-02, -5.78400316e-02,  2.74129371e-03,  1.53852919e-02, -8.38774166e-02],
       [-5.23230871e-02, -1.16229934e-02, -1.00073778e-02, -1.23956327e-02,  4.47791203e-02],
       [-1.00391584e-01, -2.04590916e-02, -9.56260210e-03,  6.16893654e-02,  5.50796421e-02],
       [-3.71936613e-02,  6.22970499e-02, -5.29997478e-02, -8.02510777e-02, -7.52637038e-02],
       [-9.32613070e-03,  3.16635811e-02,  6.59459000e-02, -9.31539837e-02, -4.26322347e-02],
       [-3.99023786e-02,  9.05654529e-02, -7.95229719e-03,  1.05485795e-02, -3.81546755e-02],
       [ 3.12658387e-02, -3.39961689e-02,  8.10443009e-03,  6.25173325e-02,  7.23733921e-02],
       [ 1.84288982e-02,  1.09327041e-01, -4.42334555e-02, -8.04976047e-02, -4.19943849e-02],
       [ 7.25083284e-02, -1.83221994e-02, -1.06887092e-01,  5.51065427e-02,  4.16939010e-02],
       [ 6.40943540e-02, -1.43175207e-02, -1.34067448e-02,  7.25297927e-02,  7.00023207e-02],
       [-3.78703017e-02,  4.82778078e-03, -2.27777546e-02,  5.89492660e-02,  2.37114557e-02],
       [ 3.98331004e-02, -1.19300722e-01,  2.07630220e-02,  8.55904645e-02,  9.17585348e-02],
       [-1.54031720e-02,  9.81751869e-02, -3.56654751e-03, -2.55783358e-02, -4.58431252e-02],
       [ 8.03010483e-02, -2.39986907e-02, -3.20674428e-02, -5.09233186e-03, -5.24847764e-02],
       [ 6.57417124e-02, -8.44495417e-03,  5.52347842e-02, -4.65226558e-02, -3.47144345e-02],
       [ 2.86990441e-02,  1.75775108e-02, -1.91348928e-03,  3.38310662e-02, -2.45857531e-02],
       [-8.59182421e-02,  5.33132069e-02, -8.97794809e-03, -4.21728431e-03,  5.78590214e-02],
       [ 9.04779617e-02,  5.95908090e-02, -3.51766801e-02, -4.26487633e-02, -3.59528819e-02],
       [-1.39054819e-02,  3.08757876e-02, -8.20709743e-02,  5.72358260e-03,  2.90524646e-02],
       [-5.43119106e-02,  6.03818976e-02, -1.32818571e-02,  2.81507645e-04,  4.79343186e-02],
       [-5.98677989e-02,  1.13269890e-02, -1.42581399e-02,  3.23814406e-02,  1.88814712e-02],
       [-1.18561922e-01,  1.81031127e-03,  8.45812903e-03, -4.09975621e-03,  7.27267232e-02],
       [ 6.20436931e-02,  3.30031585e-02,  4.02049586e-03,  6.52078673e-03, -3.90964240e-02],
       [ 2.87733708e-02, -8.08534260e-03, -3.37078726e-02,  7.01590055e-02,  5.64584352e-02],
       [ 4.74923219e-02, -5.32546745e-02,  3.00534610e-02, -5.36817303e-02,  3.15728269e-02],
       [-4.66291833e-02, -2.35788933e-02, -5.18213050e-02,  8.00387952e-03, -6.93932157e-02],
       [-6.56849600e-03, -9.30775852e-02,  7.60287546e-02,  4.80424066e-02,  4.33890929e-02],
       [-8.16082649e-02, -1.67647217e-02,  7.66475859e-02, -8.61864899e-03, -4.12889369e-02],
       [-6.42647267e-02, -3.70254419e-02, -3.32290956e-02,  5.30114998e-03, -5.89853843e-02],
       [ 2.99273257e-02, -1.52641932e-02, -3.56268251e-03, -4.51458199e-02, -2.93675778e-02],
       [-5.86000681e-02,  4.53508449e-02, -8.61889074e-02,  1.40732211e-02, -8.43280891e-02],
       [ 3.07445429e-02, -7.31895649e-02,  4.12280018e-02, -1.66369723e-02,  4.89566678e-02],
       [ 2.28148502e-02, -3.97679707e-02, -3.05025654e-02, -3.05630193e-03,  2.50858125e-02],
       [-1.86645833e-02, -1.39928454e-02,  6.39548192e-02, -5.23120852e-02, -4.98866201e-02],
       [-1.06794742e-02, -6.08416213e-02, -1.40851604e-02,  6.72062463e-02,  3.16781033e-02],
       [-3.69571747e-02, -6.10589733e-03,  8.67475197e-02, -3.45643407e-02, -2.24764261e-02],
       [-4.18993051e-02, -2.57313648e-02,  7.07792290e-02, -5.74055229e-02, -4.75735789e-02],
       [ 2.36844869e-02, -6.69184265e-03,  3.80074907e-02, -4.76193799e-02, -1.69105025e-02],
       [-2.88925038e-02,  4.19888543e-02,  8.42913372e-02, -7.54914024e-02, -7.05700628e-02],
       [ 7.59527135e-03, -5.19680399e-02, -4.86253184e-02,  2.91742582e-02,  3.66725896e-02],
       [-4.84090686e-02,  3.95688510e-02, -2.37281471e-03,  6.33101471e-02, -3.75506872e-02],
       [ 1.05552385e-02, -9.11691079e-02,  3.26664399e-02, -8.40339611e-03,  2.07795120e-02],
       [-5.02662486e-02,  1.83880298e-02,  5.04668732e-02,  3.00204837e-02, -1.91399596e-02],
       [-6.43435378e-02,  2.06902985e-02,  3.04390290e-04,  5.83693095e-02, -3.40998097e-02],
       [ 1.22809596e-02,  1.08313895e-02,  6.16397045e-03, -3.66867721e-03, -1.52953881e-02],
       [-5.47753046e-02,  8.45455401e-02, -1.31056510e-02,  7.60176801e-02, -3.52924147e-02],
       [ 3.22720717e-02, -7.37956357e-02,  3.48235674e-03, -4.38666520e-02,  2.33974233e-02],
       [ 7.10711206e-03,  9.46354653e-02, -6.85619061e-02, -4.90878945e-02, -6.10163809e-02],
       [ 7.42982108e-02,  4.08469076e-02, -1.06499381e-01, -2.88261637e-03,  3.89316116e-02],
       [ 7.59247016e-02,  8.24725667e-02, -1.52500270e-02, -1.85145028e-02,  7.06803525e-02],
       [-3.41193356e-02,  2.95764378e-02, -1.66163440e-02,  4.04835359e-02,  3.21154434e-02],
       [ 6.13173035e-02, -8.11930254e-03,  2.30742783e-02, -3.22634915e-02,  9.64321939e-02],
       [-2.90242487e-02,  5.86085311e-02, -1.00964997e-02,  2.67284911e-02, -5.38802871e-02],
       [-3.80741006e-02,  5.73645429e-02,  4.66030438e-02, -4.21437001e-02, -3.24046985e-02],
       [-1.88985585e-02,  7.03102513e-02, -4.60895640e-02, -4.98357055e-02, -5.06347963e-02],
       [ 3.41124061e-02,  1.46320709e-02, -1.33981209e-03, -4.17718930e-02, -1.70184669e-02],
       [ 1.54055333e-02,  1.54837107e-01, -8.30585519e-02, -5.76004124e-02, -5.53885588e-02],
       [-6.13931194e-03, -9.91825047e-02,  3.15404296e-02,  1.78171790e-02,  2.90292357e-02],
       [ 7.57767801e-02,  3.97897176e-02, -9.50203059e-02,  2.41360086e-03,  3.18044480e-02],
       [ 1.54601746e-03,  1.17136966e-02, -4.97917290e-02,  2.93682894e-02,  1.56294793e-02],
       [ 1.07439947e-01, -2.31207793e-03, -1.39200353e-01, -1.27441121e-03,  5.58559053e-02],
       [-4.43976388e-02,  2.50845105e-02,  6.74157639e-02,  4.15952207e-03, -2.83744573e-02],
       [-1.75721392e-02,  2.81777643e-02, -2.06791477e-02,  4.14163138e-02,  2.67546896e-02],
       [ 8.85172742e-02,  1.98245564e-02,  4.34473424e-03, -2.17088930e-02,  8.06215695e-02],
       [-4.65216025e-02,  3.71907851e-02,  4.34120310e-03,  1.87256297e-02, -4.81183821e-02],
       [-4.68906037e-02,  5.08395956e-03, -1.77071968e-02,  5.46520338e-02,  4.04611137e-02],
       [ 2.63207643e-02,  1.23237601e-02,  1.47810824e-02, -2.32236114e-02, -2.04761207e-02],
       [-3.34943077e-02,  1.17438931e-01, -1.69142479e-02,  3.24177143e-02, -5.75280470e-02]])})
2026-01-20 11:02:10,254 - final_problem_set.kxor_instance_n29_k2_m245_ell2_eps0.25_kappa1.0_rho0.6 - INFO - Running key extraction (n=29, m=245, ell=2, phase_qubits=13)
2026-01-20 11:02:10,261 - final_problem_set.kxor_instance_n29_k2_m245_ell2_eps0.25_kappa1.0_rho0.6 - INFO - Built voting matrix V (n=29, ell=2, dtype=complex128) in 0.007s
2026-01-20 11:02:10,262 - final_problem_set.kxor_instance_n29_k2_m245_ell2_eps0.25_kappa1.0_rho0.6 - INFO - Eval: adv=0.5755, hamming=1/29 (0.034), corr=0.931
2026-01-20 11:02:10,262 - final_problem_set.kxor_instance_n29_k2_m245_ell2_eps0.25_kappa1.0_rho0.6 - INFO - Key extraction complete: x_hat=3
2026-01-20 11:02:10,262 - final_problem_set.kxor_instance_n29_k2_m245_ell2_eps0.25_kappa1.0_rho0.6 - INFO - Finished step 'KeyExtractionStep' in 0.008s (success: True, problem=kxor_instance_n29_k2_m245_ell2_eps0.25_kappa1.0_rho0.6)
2026-01-20 11:02:10,262 - final_problem_set.kxor_instance_n29_k2_m245_ell2_eps0.25_kappa1.0_rho0.6 - INFO - SUCCESS: len(z_hat)=29
2026-01-20 11:02:10,262 - final_problem_set.kxor_instance_n29_k2_m245_ell2_eps0.25_kappa1.0_rho0.6 - INFO - Metrics: adv=0.5755102040816327, ham_frac=0.034482758620689655, corr=0.9310344827586207
2026-01-20 11:02:10,262 - final_problem_set.kxor_instance_n29_k2_m245_ell2_eps0.25_kappa1.0_rho0.6 - INFO - z_hat (full): [ 1,  1,  1, -1, -1, -1, -1, -1,  1, -1, -1, -1,  1,  1, -1,  1,  1, -1, -1,  1,  1,  1, -1,  1, -1, -1, -1, -1,  1]
