2026-01-20 11:00:42,474 - final_problem_set.kxor_instance_n18_k2_m147_ell2_eps0.15_kappa0.875_rho0.4 - INFO - Starting iteration for /Users/julian/CodingProjects/UniT3/QuarticSpeedupK-XOR/z_Daphne/data/final_problem_set/kxor_instance_n18_k2_m147_ell2_eps0.15_kappa0.875_rho0.4.npz
2026-01-20 11:00:42,475 - final_problem_set.kxor_instance_n18_k2_m147_ell2_eps0.15_kappa0.875_rho0.4 - INFO - Loaded instance (n=18, m=147, k=2)
2026-01-20 11:00:42,475 - final_problem_set.kxor_instance_n18_k2_m147_ell2_eps0.15_kappa0.875_rho0.4 - INFO - Starting step 'ComputeKikuchiStep' (version 0.1) on problem kxor_instance_n18_k2_m147_ell2_eps0.15_kappa0.875_rho0.4 (fields={'ell': 2, 'threshold': 0.0})
2026-01-20 11:00:42,491 - final_problem_set.kxor_instance_n18_k2_m147_ell2_eps0.15_kappa0.875_rho0.4 - INFO - Finished step 'ComputeKikuchiStep' in 0.016s (success: True, problem=kxor_instance_n18_k2_m147_ell2_eps0.15_kappa0.875_rho0.4)
2026-01-20 11:00:42,491 - final_problem_set.kxor_instance_n18_k2_m147_ell2_eps0.15_kappa0.875_rho0.4 - INFO - Starting step 'ClassicalEigenvaluesStep' (version 0.1) on problem kxor_instance_n18_k2_m147_ell2_eps0.15_kappa0.875_rho0.4 (fields={'ell': 2, 'threshold': 0.0, 'kikuchi_matrix': <Dictionary Of Keys sparse matrix of dtype 'int64'
	with 3200 stored elements and shape (153, 153)>, 'num_eigenvalues': 5})
2026-01-20 11:00:42,543 - final_problem_set.kxor_instance_n18_k2_m147_ell2_eps0.15_kappa0.875_rho0.4 - INFO - Finished step 'ClassicalEigenvaluesStep' in 0.052s (success: True, problem=kxor_instance_n18_k2_m147_ell2_eps0.15_kappa0.875_rho0.4)
2026-01-20 11:00:42,543 - final_problem_set.kxor_instance_n18_k2_m147_ell2_eps0.15_kappa0.875_rho0.4 - INFO - Starting step 'KeyExtractionStep' (version 0.1) on problem kxor_instance_n18_k2_m147_ell2_eps0.15_kappa0.875_rho0.4 (fields={'ell': 2, 'threshold': 0.0, 'kikuchi_matrix': <Dictionary Of Keys sparse matrix of dtype 'int64'
	with 3200 stored elements and shape (153, 153)>, 'num_eigenvalues': 5, 'eigenvalues': array([-10.36260803, -10.20643254,   9.88866916,  11.05615558,  13.30223007]), 'eigenvectors': array([[ 1.29698284e-01, -1.95288911e-02, -1.50829797e-01, -5.34336828e-02,  7.18542892e-02],
       [ 6.47350390e-02,  1.28850681e-01, -2.57889019e-03,  9.18962999e-02, -3.92035304e-02],
       [ 5.13652133e-02, -8.70128806e-02,  2.71132086e-02, -8.66125680e-02,  7.38476562e-02],
       [ 8.93797245e-03,  8.95672216e-02,  8.48712944e-02,  8.41037238e-02, -3.31085824e-02],
       [ 9.83750951e-02,  8.55606184e-02,  4.45449936e-03, -6.99384036e-02,  1.09514995e-01],
       [ 3.72932969e-02,  1.40887115e-01, -1.04796656e-01, -8.11226211e-02,  1.16855194e-01],
       [ 5.71370853e-02,  5.95523489e-02,  5.38368763e-03, -5.89597585e-02, -6.30115608e-02],
       [ 1.07446087e-01, -6.49147913e-02,  1.64474978e-02,  1.27298415e-01, -6.31784793e-02],
       [-5.10083229e-02,  1.07931745e-01, -1.82886793e-02,  5.63015478e-02, -9.24631816e-02],
       [-2.58920290e-02, -4.80900145e-02, -1.52574123e-02, -7.47961238e-02,  9.40601040e-02],
       [ 5.40524886e-02, -2.95985577e-03,  1.18291876e-01,  2.52810765e-02, -3.52082842e-02],
       [ 4.63093929e-02, -1.06871531e-01,  3.89569097e-02,  2.99138823e-02, -9.11181336e-02],
       [ 6.15029227e-02,  3.80322731e-02,  3.95389514e-02,  8.35532579e-02, -4.85790783e-02],
       [-3.95185137e-02, -6.54691008e-02,  1.04574599e-01,  1.24939543e-01, -1.29250627e-01],
       [ 1.14321498e-01,  3.53277354e-02,  5.63402494e-02,  2.20128997e-02, -7.99351262e-02],
       [-4.99112925e-02, -1.27769275e-01, -9.76146885e-02,  2.24834685e-02,  5.56726229e-02],
       [-6.62106729e-02, -9.89665154e-02, -3.49706895e-02, -3.35344996e-02,  4.18049330e-02],
       [ 1.98184339e-01,  3.35685328e-02,  3.72552197e-02,  7.00591080e-02, -5.16736873e-02],
       [-4.70949680e-02, -6.29994928e-02, -3.29199741e-02, -1.93386419e-02,  9.00051269e-02],
       [ 1.07273221e-01,  4.25574163e-02,  1.42487026e-01,  6.54479754e-02, -4.34111809e-02],
       [ 1.31677594e-01, -1.80920533e-02, -7.85490530e-02,  4.18962255e-02,  1.30106188e-01],
       [ 1.68639103e-01,  6.31011577e-02, -1.67052116e-01,  2.77461330e-02,  1.00606396e-01],
       [ 7.22270873e-02,  7.85626967e-03,  3.23233363e-02, -1.20275115e-01, -5.17830093e-02],
       [-1.00974531e-03, -7.62058782e-02,  7.63434163e-02,  8.08500706e-02, -7.85215912e-02],
       [ 7.09221650e-02,  7.79330705e-02,  6.43061816e-02, -4.11902899e-02, -1.04309263e-01],
       [-5.51059733e-02, -2.73539014e-02, -7.86264196e-02,  1.95898155e-02,  8.57849366e-02],
       [ 1.35216052e-02, -6.40221755e-03,  1.17757827e-01, -9.57583503e-03, -2.70811334e-02],
       [-7.47878996e-02, -7.45458967e-02,  8.48655076e-02, -5.14598921e-02, -8.32381052e-02],
       [ 8.67291117e-02, -2.17986847e-02,  8.72030801e-02,  4.17454457e-02, -5.31719414e-02],
       [-8.16801927e-02, -1.51234308e-02,  2.20042286e-01, -1.79367749e-02, -1.33933477e-01],
       [ 9.93249372e-02, -5.40986279e-02,  1.11079557e-01, -6.28795752e-02, -7.83354236e-02],
       [-1.92529305e-01, -4.16325132e-02, -1.25302250e-01,  7.28207627e-02,  4.82045016e-02],
       [-1.65305386e-01, -3.04706631e-04, -4.74705422e-02,  1.08582387e-03,  4.05167432e-02],
       [ 1.26287635e-01, -1.14401214e-01, -6.15035430e-02,  7.43815567e-02, -3.54180900e-02],
       [-4.08122268e-02,  1.45673191e-01, -2.76719534e-02, -8.82569252e-02,  2.45032907e-02],
       [ 8.19216143e-02,  1.47561496e-01, -8.20245079e-02,  8.45082163e-02, -5.89700607e-02],
       [-2.65809595e-02,  1.85733044e-01, -4.05550195e-02,  9.83143677e-02, -6.75419323e-02],
       [ 3.30023021e-02,  6.07389859e-02,  6.09094927e-02,  2.15227134e-02,  3.90500280e-02],
       [ 1.85802103e-01, -4.37228185e-02,  4.58387744e-02, -1.15979084e-01,  3.89779799e-02],
       [-1.22026697e-01,  1.08740611e-01,  1.22963211e-01, -8.36858916e-02,  6.58184352e-02],
       [-2.42782793e-03, -6.71673281e-02, -8.48395726e-02,  8.94926654e-02, -6.31090053e-02],
       [ 7.78483791e-02, -7.52215085e-03, -4.77378921e-02, -3.63183326e-02,  2.24556144e-02],
       [ 1.14505802e-01, -1.20465232e-01,  4.41154683e-02, -5.61918341e-02,  5.00766721e-02],
       [ 7.18538492e-02,  7.85988100e-02,  3.16880219e-02, -1.12078712e-01,  3.96860096e-02],
       [-8.15530994e-03, -6.63021764e-02,  6.86128517e-02, -1.49712745e-01,  8.02230320e-02],
       [ 1.58854427e-01,  9.80001756e-02,  3.75501481e-02, -3.74715868e-02,  6.46181094e-02],
       [ 1.10099167e-02, -2.03652797e-01,  2.67638152e-02,  1.50899078e-03, -4.37837914e-02],
       [-4.26320977e-02, -2.14641138e-01, -9.77631419e-03,  5.00880761e-02, -2.46486807e-02],
       [ 8.81607609e-02, -3.94131237e-02,  2.75617128e-02,  8.74669063e-02, -4.48026189e-02],
       [ 5.85477099e-02, -8.61087702e-02,  1.62409643e-01, -1.66823914e-02,  8.69243145e-02],
       [ 1.13093149e-01, -5.35569545e-02,  9.12692832e-02, -1.99708963e-02,  1.03563627e-01],
       [ 2.98835855e-02, -4.23278597e-02, -9.38707140e-02, -9.13874486e-02, -4.77714459e-02],
       [-7.85434173e-02, -2.76585320e-02, -9.65289794e-02,  1.13140460e-01, -6.97594917e-02],
       [ 1.11783947e-01, -2.10717682e-03, -1.78691009e-01,  2.11548289e-02, -8.15595907e-02],
       [-3.91059558e-02,  1.33346542e-02,  1.53902162e-01, -3.01272854e-02,  9.17142101e-02],
       [-2.51824898e-02, -9.46250355e-03,  6.41244912e-02,  5.92236907e-03, -3.78088926e-02],
       [-9.31068690e-02,  1.30703528e-02, -9.07234004e-02, -1.43779021e-02, -7.60956383e-02],
       [ 1.87851742e-02, -7.42435829e-02, -5.33535521e-02,  8.76699289e-02, -6.12387231e-02],
       [-3.61745700e-02,  3.33440139e-02, -1.50029944e-01,  5.52559050e-02, -1.29989285e-01],
       [-1.18338652e-02, -1.07791459e-01, -7.27217555e-02, -2.73339063e-02, -7.60604443e-02],
       [-1.24358871e-01,  5.98549023e-02, -6.03495602e-03,  6.45834123e-02,  6.73605338e-02],
       [-9.37084664e-02,  9.35772489e-02,  2.70811952e-02, -2.40452892e-02,  4.39515986e-02],
       [ 1.48189810e-02,  1.06083982e-01,  6.12419107e-02,  8.99431829e-02, -7.32199340e-02],
       [-5.34626026e-02,  9.27699060e-02,  1.27069637e-01,  1.02106974e-01, -6.19719844e-02],
       [ 9.95709149e-03,  3.56701795e-02, -3.89976747e-02,  1.79223620e-02,  3.94153168e-02],
       [ 1.09067999e-01, -1.17529370e-02, -5.43868012e-02, -1.05643072e-01,  3.72048922e-02],
       [-1.08429830e-01,  6.34568394e-02, -4.08438544e-02, -7.11235719e-02,  5.75240951e-02],
       [ 6.50748487e-03, -2.00031930e-02,  6.69403188e-02,  9.10225114e-02, -6.70527830e-02],
       [ 3.95340581e-02,  1.02762221e-02, -8.08787527e-02, -2.95819328e-02,  1.64225340e-02],
       [ 9.99766206e-02, -6.63328097e-02, -8.04055228e-02, -5.68435109e-02,  5.93457814e-02],
       [ 2.79470281e-02,  8.95156311e-02, -5.16275444e-02, -6.94722719e-02,  2.77326162e-02],
       [ 7.01045505e-03, -4.76187804e-02, -1.58581451e-01, -1.44166353e-01,  7.27441885e-02],
       [ 8.02406617e-02,  8.66091670e-02, -9.39974962e-02, -4.89040691e-02,  5.53416803e-02],
       [ 6.39033837e-02, -1.40759754e-01,  1.09002682e-01,  9.15538940e-03, -3.77162472e-02],
       [ 2.00228359e-02, -1.03838490e-01,  5.49561068e-02,  5.35193635e-02, -3.03953175e-02],
       [ 4.88392828e-02,  1.49803038e-01,  7.30641116e-02,  6.42087818e-02,  1.66903169e-01],
       [ 3.96661748e-02,  4.54261329e-02, -7.92719422e-02, -1.55454921e-01, -5.53564379e-02],
       [ 1.14227887e-01, -7.41399512e-02, -1.01452124e-01,  1.17596689e-01, -1.04021827e-01],
       [-5.22774458e-02,  1.11488558e-01, -1.66765911e-01, -3.79230867e-02, -1.05781318e-01],
       [-1.30971793e-02, -3.96447754e-02,  1.41331731e-01,  2.91022230e-02,  1.17868215e-01],
       [ 5.71817558e-02, -7.37480156e-03,  1.09819248e-01, -2.65983022e-02, -5.86358233e-02],
       [ 4.64633588e-02, -1.29532034e-01, -8.51144798e-02, -7.84670279e-02, -1.05426569e-01],
       [ 9.27009654e-02,  5.99300939e-02, -3.35227273e-02,  7.45210965e-02, -9.00150403e-02],
       [-5.07294663e-02, -7.05949652e-02, -1.26354634e-01, -3.61026908e-02, -1.92821283e-01],
       [ 1.39356365e-01,  4.43323223e-02, -5.81475337e-02, -1.02486507e-01, -1.06325746e-01],
       [-6.57458722e-02, -1.50956958e-01, -4.93710639e-02,  1.20622977e-01,  7.77504374e-02],
       [-8.12771757e-02, -1.17847994e-01,  3.16761971e-03,  1.99092989e-03,  5.73341080e-02],
       [ 2.12700382e-02,  5.48694150e-02, -3.79738872e-02, -1.79362555e-01, -6.14742310e-02],
       [ 1.73976499e-01, -1.84540493e-02, -1.30596761e-02,  1.43794234e-01, -1.28491917e-01],
       [-1.30873629e-01,  8.05369166e-02, -7.08096253e-02, -4.71316306e-02, -1.24365442e-01],
       [ 6.20992983e-03, -3.31809125e-02,  3.80822791e-02,  2.83894671e-02,  1.30337048e-01],
       [ 7.35171845e-02, -6.77041758e-03,  1.48822559e-01, -2.19674145e-02, -4.01757747e-02],
       [ 1.29457139e-01, -9.68165289e-02,  4.81173780e-03, -1.02921615e-01, -1.30595873e-01],
       [ 5.45008450e-02,  1.14933500e-01,  5.27415540e-02,  8.27360220e-02, -9.51557589e-02],
       [ 6.70468228e-03, -8.52431694e-02,  7.15608917e-02, -3.67059459e-02, -2.05745998e-01],
       [ 1.31833948e-01,  1.21423100e-01,  3.80564136e-02, -1.11160639e-01, -1.10258324e-01],
       [ 4.95555862e-02, -1.80639324e-01, -1.16070677e-01,  1.31555568e-01,  7.77454634e-02],
       [-7.01287065e-04, -1.66854245e-01, -2.62875842e-02,  1.45641936e-03,  5.95770229e-02],
       [ 5.92380879e-02, -2.00677203e-02,  6.45905829e-02,  2.90276259e-02,  6.94135434e-02],
       [-4.05823870e-02,  5.37785147e-02,  6.02490899e-02,  1.29951338e-01,  4.50540954e-02],
       [-1.02490153e-02, -1.31366146e-02, -7.47852023e-02, -1.43840289e-01, -5.86629300e-02],
       [ 2.44090449e-02, -4.42184143e-03, -5.48508417e-02,  6.90019658e-02,  2.09329546e-02],
       [ 1.88217916e-02, -5.23598515e-02,  3.97402069e-02,  1.42671088e-01,  4.06594134e-02],
       [ 4.30557375e-02,  3.80864725e-02,  2.53333296e-03,  3.85323074e-02,  4.63515612e-02],
       [-8.93448191e-03, -2.59035903e-02,  6.03198113e-02,  2.23703186e-01,  8.27024171e-02],
       [ 7.26687668e-02,  2.40184777e-02,  2.98358070e-02,  1.73881412e-01,  4.50943149e-02],
       [-2.57347040e-02, -1.07425466e-01,  1.37870625e-02, -1.22453321e-01, -2.81657439e-02],
       [-4.62733696e-02, -7.12583052e-02, -5.81797685e-03, -6.12594257e-02, -2.86171910e-02],
       [ 1.07171327e-01,  3.28693570e-02,  1.01050345e-01, -9.54479314e-02,  8.52624825e-02],
       [-5.31423982e-02,  8.93058370e-03, -6.87652544e-02,  1.09432967e-01, -8.44697652e-02],
       [-1.65548055e-03, -9.68735568e-03, -8.63112996e-02, -6.20940096e-02,  4.79693476e-02],
       [-1.01590919e-01, -2.64515961e-02,  6.06170413e-02, -8.16984100e-02,  1.07776226e-01],
       [ 6.64058100e-02, -6.22539366e-02,  9.02468900e-03, -1.08683942e-01,  4.39287895e-02],
       [-7.42159622e-02,  7.36873043e-03,  4.90641587e-02, -2.03986923e-01,  1.40074218e-01],
       [ 4.91439770e-02, -9.32856273e-02,  2.28042762e-02, -6.42837629e-02,  1.03990521e-01],
       [-1.98469128e-01,  2.98851227e-02,  5.20336788e-02,  1.45740795e-03, -7.46174848e-02],
       [-1.57268787e-01,  6.61491571e-02, -5.29935273e-03,  7.10422173e-02, -4.84253844e-02],
       [ 5.76318566e-02, -2.69441648e-02, -1.17062506e-01, -2.55930742e-02, -9.14497318e-02],
       [ 3.69003283e-02,  1.00334529e-02, -8.32712016e-02,  2.22702811e-02,  4.78683292e-02],
       [ 1.16399982e-01, -2.15054646e-02,  8.85244362e-02,  6.67021606e-02,  9.26951113e-02],
       [-1.91564048e-02,  8.57743050e-02,  1.68147062e-02, -5.33236002e-02,  5.99570907e-02],
       [ 3.75727544e-02, -3.97610357e-02,  1.28209812e-01,  3.27311546e-02,  1.57564640e-01],
       [ 2.74021804e-02,  1.29456388e-01,  5.08061638e-02,  8.60488241e-02,  8.66784036e-02],
       [ 1.36514105e-01, -8.52335820e-02,  3.13197645e-02, -1.23493000e-01, -7.92655585e-02],
       [ 1.02706807e-01, -1.30756915e-01, -2.43950384e-02, -5.49556935e-04, -5.41770491e-02],
       [-1.93928944e-02, -9.32691318e-04,  9.56171417e-02, -1.45195205e-02, -5.66939428e-02],
       [-4.17543845e-02,  3.25650755e-02, -8.40195993e-02, -6.67079939e-02, -1.10243984e-01],
       [-3.33419139e-02, -4.43192052e-02, -1.03731045e-04,  6.43692711e-02, -6.19998051e-02],
       [ 4.54090718e-03,  1.93911300e-02, -8.08495954e-02, -7.94075136e-03, -1.67537231e-01],
       [-6.70838972e-02, -3.95737884e-02, -3.48905892e-02, -7.03516365e-02, -9.04560224e-02],
       [-1.36464735e-02,  6.33976817e-02, -4.67121243e-02,  1.04578708e-01,  7.47219009e-02],
       [ 1.16433250e-02,  5.52062741e-02,  1.47348015e-02, -2.45540214e-03,  5.72114565e-02],
       [-3.51442650e-02, -1.38323493e-02, -1.07516001e-01,  3.93199429e-02,  3.87530643e-02],
       [ 3.44854031e-02, -1.14549919e-02, -7.70272795e-02, -2.75996364e-02,  3.07075521e-02],
       [-2.68363006e-02,  3.10076213e-03, -2.06001517e-01,  1.88893541e-02,  5.56708635e-02],
       [ 4.13431988e-02, -1.59966399e-02, -1.16728783e-01,  4.94655171e-02,  3.90158910e-02],
       [-8.02005299e-02, -2.48039726e-03,  1.13606000e-01, -5.09210938e-02, -2.34912119e-02],
       [-7.49144445e-02, -1.27035362e-02,  4.79704217e-02, -8.47927738e-04, -1.79135945e-02],
       [ 1.19766508e-02, -8.63203214e-02, -3.76934061e-03, -4.14505381e-02,  7.50129823e-02],
       [-5.19621537e-02,  4.92699552e-02,  2.02040511e-02,  9.07424071e-02,  1.53502308e-01],
       [-2.95923513e-02, -1.25406440e-01,  8.50530298e-03,  1.34863761e-01,  9.27526518e-02],
       [-1.28543359e-01,  1.02494727e-01,  6.04214395e-02, -1.16933060e-01, -5.78709998e-02],
       [-8.74334448e-02,  1.21438337e-01,  9.84665998e-03, -1.34985188e-02, -4.29512500e-02],
       [-2.60980731e-02, -3.29668106e-02, -4.05543376e-02, -1.22322285e-01,  1.00898404e-01],
       [ 8.21039404e-02,  1.51880819e-02, -3.93273802e-02, -1.78505523e-02,  7.79811917e-02],
       [-6.98562905e-02, -9.04551894e-02,  8.49564453e-02, -2.07623136e-02, -5.77335626e-02],
       [-8.14007123e-02, -9.05096254e-02,  1.03854068e-02,  4.61527562e-02, -3.54970800e-02],
       [-5.83492090e-02, -5.12502659e-02, -3.11883663e-02,  1.21917921e-01,  1.47371438e-01],
       [ 9.26333740e-03,  7.26759237e-02,  1.50621642e-01, -1.59965241e-01, -1.00587830e-01],
       [ 2.68723180e-02,  9.01951693e-02,  3.46212657e-02,  1.45214181e-02, -9.25140698e-02],
       [-1.67895933e-01, -1.50764092e-01,  6.42862923e-02, -1.18264112e-01, -4.98042772e-02],
       [-1.46097781e-01, -7.60442966e-02,  2.40106521e-02, -4.72098545e-02, -5.85498882e-02],
       [ 1.37088388e-02,  1.83249684e-01, -6.15033301e-02,  5.46672685e-02,  3.88510428e-02]])})
2026-01-20 11:00:42,545 - final_problem_set.kxor_instance_n18_k2_m147_ell2_eps0.15_kappa0.875_rho0.4 - INFO - Running key extraction (n=18, m=147, ell=2, phase_qubits=12)
2026-01-20 11:00:42,546 - final_problem_set.kxor_instance_n18_k2_m147_ell2_eps0.15_kappa0.875_rho0.4 - INFO - Built voting matrix V (n=18, ell=2, dtype=complex128) in 0.002s
2026-01-20 11:00:42,547 - final_problem_set.kxor_instance_n18_k2_m147_ell2_eps0.15_kappa0.875_rho0.4 - INFO - Eval: adv=0.4830, hamming=0/18 (0.000), corr=1.000
2026-01-20 11:00:42,547 - final_problem_set.kxor_instance_n18_k2_m147_ell2_eps0.15_kappa0.875_rho0.4 - INFO - Key extraction complete: x_hat=14
2026-01-20 11:00:42,547 - final_problem_set.kxor_instance_n18_k2_m147_ell2_eps0.15_kappa0.875_rho0.4 - INFO - Finished step 'KeyExtractionStep' in 0.002s (success: True, problem=kxor_instance_n18_k2_m147_ell2_eps0.15_kappa0.875_rho0.4)
2026-01-20 11:00:42,547 - final_problem_set.kxor_instance_n18_k2_m147_ell2_eps0.15_kappa0.875_rho0.4 - INFO - SUCCESS: len(z_hat)=18
2026-01-20 11:00:42,547 - final_problem_set.kxor_instance_n18_k2_m147_ell2_eps0.15_kappa0.875_rho0.4 - INFO - Metrics: adv=0.48299319727891155, ham_frac=0.0, corr=1.0
2026-01-20 11:00:42,547 - final_problem_set.kxor_instance_n18_k2_m147_ell2_eps0.15_kappa0.875_rho0.4 - INFO - z_hat (full): [-1, -1,  1, -1,  1, -1, -1,  1,  1,  1, -1,  1,  1,  1,  1,  1, -1, -1]
