2026-01-20 11:00:45,665 - final_problem_set.kxor_instance_n18_k2_m203_ell2_eps0.25_kappa0.75_rho1.0 - INFO - Starting iteration for /Users/julian/CodingProjects/UniT3/QuarticSpeedupK-XOR/z_Daphne/data/final_problem_set/kxor_instance_n18_k2_m203_ell2_eps0.25_kappa0.75_rho1.0.npz
2026-01-20 11:00:45,666 - final_problem_set.kxor_instance_n18_k2_m203_ell2_eps0.25_kappa0.75_rho1.0 - INFO - Loaded instance (n=18, m=203, k=2)
2026-01-20 11:00:45,666 - final_problem_set.kxor_instance_n18_k2_m203_ell2_eps0.25_kappa0.75_rho1.0 - INFO - Starting step 'ComputeKikuchiStep' (version 0.1) on problem kxor_instance_n18_k2_m203_ell2_eps0.25_kappa0.75_rho1.0 (fields={'ell': 2, 'threshold': 0.0})
2026-01-20 11:00:45,687 - final_problem_set.kxor_instance_n18_k2_m203_ell2_eps0.25_kappa0.75_rho1.0 - INFO - Finished step 'ComputeKikuchiStep' in 0.022s (success: True, problem=kxor_instance_n18_k2_m203_ell2_eps0.25_kappa0.75_rho1.0)
2026-01-20 11:00:45,687 - final_problem_set.kxor_instance_n18_k2_m203_ell2_eps0.25_kappa0.75_rho1.0 - INFO - Starting step 'ClassicalEigenvaluesStep' (version 0.1) on problem kxor_instance_n18_k2_m203_ell2_eps0.25_kappa0.75_rho1.0 (fields={'ell': 2, 'threshold': 0.0, 'kikuchi_matrix': <Dictionary Of Keys sparse matrix of dtype 'int64'
	with 3712 stored elements and shape (153, 153)>, 'num_eigenvalues': 5})
2026-01-20 11:00:45,755 - final_problem_set.kxor_instance_n18_k2_m203_ell2_eps0.25_kappa0.75_rho1.0 - INFO - Finished step 'ClassicalEigenvaluesStep' in 0.068s (success: True, problem=kxor_instance_n18_k2_m203_ell2_eps0.25_kappa0.75_rho1.0)
2026-01-20 11:00:45,755 - final_problem_set.kxor_instance_n18_k2_m203_ell2_eps0.25_kappa0.75_rho1.0 - INFO - Starting step 'KeyExtractionStep' (version 0.1) on problem kxor_instance_n18_k2_m203_ell2_eps0.25_kappa0.75_rho1.0 (fields={'ell': 2, 'threshold': 0.0, 'kikuchi_matrix': <Dictionary Of Keys sparse matrix of dtype 'int64'
	with 3712 stored elements and shape (153, 153)>, 'num_eigenvalues': 5, 'eigenvalues': array([12.41949459, 12.8790791 , 13.52832754, 13.97407708, 24.78799599]), 'eigenvectors': array([[ 6.81638229e-02,  1.33949808e-01, -3.54584981e-02, -8.79608246e-03, -7.45771071e-02],
       [-1.39057879e-01,  1.72830682e-02, -5.37011364e-02, -1.11362351e-01,  6.98572458e-02],
       [ 4.41165578e-02,  8.04253168e-02,  4.16288615e-02,  8.09471742e-02, -9.13494573e-02],
       [-4.24754480e-02,  1.44253235e-01,  4.27315375e-02,  1.30179163e-02, -8.21757103e-02],
       [ 5.93550233e-02,  1.03398890e-01,  5.57361485e-02,  8.98551065e-02, -8.35242502e-02],
       [ 1.42902452e-02,  8.14578771e-02,  3.76367582e-02,  6.27516844e-02, -9.87007986e-02],
       [ 2.28682896e-02,  2.66286621e-02, -7.85029722e-03,  8.73725365e-02,  6.35002030e-02],
       [-2.33024833e-02, -1.04864279e-01, -4.59492218e-02, -7.51587942e-02,  9.63444702e-02],
       [-3.59071490e-02,  3.16855919e-02,  1.15200650e-01,  6.96553049e-02, -7.70754690e-02],
       [ 3.02043093e-02,  1.13335805e-01,  2.83672632e-02,  1.10244107e-01, -8.33246851e-02],
       [-1.89101682e-02, -1.60333213e-01,  8.43243087e-02, -6.36909434e-02,  6.35788096e-02],
       [-9.14838766e-02, -7.62665933e-02, -8.38936921e-02, -1.38240333e-02,  8.38422711e-02],
       [ 1.25573981e-01, -4.95715459e-02, -3.17745622e-02, -1.11656881e-01,  6.97511427e-02],
       [ 1.19533594e-03,  2.51892060e-02, -7.63188866e-03,  1.63175361e-01, -6.70043150e-02],
       [ 1.89702646e-02,  1.35796584e-01,  1.57832509e-01,  1.47168849e-02, -5.87622446e-02],
       [-1.96085467e-02, -9.11108447e-02, -4.67399481e-02, -2.57076923e-02,  9.41125155e-02],
       [ 3.11762741e-02,  2.71893132e-02, -4.85369247e-02,  3.84273013e-02, -8.35652163e-02],
       [ 1.84641445e-01, -3.88629737e-02, -4.83828833e-02, -2.98007657e-03, -7.28669901e-02],
       [-7.81317890e-02, -5.55965992e-02,  8.71134982e-02,  7.09643379e-02,  8.88500742e-02],
       [ 1.23053978e-02, -1.21407346e-01,  6.85189243e-02,  1.19470843e-01,  7.90157637e-02],
       [-9.02553451e-02, -8.03335097e-02,  6.23316253e-02,  4.90239653e-02,  8.12044161e-02],
       [-4.83771724e-02, -4.99133202e-02,  9.46475699e-02,  9.45814082e-02,  8.90784433e-02],
       [-7.39693186e-04, -3.91024849e-02, -6.83709200e-02, -1.67358735e-01, -5.59724699e-02],
       [ 6.01307433e-02,  7.79377363e-02, -9.16193119e-02, -8.71449686e-02, -9.36379120e-02],
       [ 8.32805863e-03, -1.26395517e-02, -9.38497970e-03,  6.10940248e-02,  8.11031705e-02],
       [-6.07533769e-02, -8.71979504e-02,  9.08726994e-02,  2.84657335e-02,  8.16006436e-02],
       [ 4.06279080e-02,  1.38744293e-01, -1.64278431e-01, -3.57094873e-02, -6.08013580e-02],
       [ 1.22171638e-01,  5.49152872e-02, -3.23724752e-02, -1.22764999e-01, -8.07087625e-02],
       [-1.11939675e-01,  3.56501181e-02, -7.22933649e-02, -2.30788905e-03, -7.27522399e-02],
       [-2.90557237e-02, -8.50810262e-03,  1.11104256e-01, -6.01933522e-02,  7.07612427e-02],
       [-4.62616468e-02, -1.35075950e-01, -8.21358196e-02,  8.94363782e-02,  6.12960721e-02],
       [ 5.06303994e-02,  5.89904782e-02, -7.89460483e-02, -1.19097368e-01, -8.45440495e-02],
       [-5.56704299e-02, -4.85867528e-03,  1.46893450e-01,  8.78102055e-02,  7.47123188e-02],
       [ 1.67169819e-01, -1.27253070e-01,  2.64541250e-02,  8.19192935e-02, -8.30782094e-02],
       [ 7.87636472e-02, -4.66320215e-02,  3.26198014e-02,  1.88893870e-02, -8.10090537e-02],
       [ 1.66896283e-01, -8.66190554e-02,  4.19829165e-02,  8.82735692e-02, -7.61868858e-02],
       [ 1.40026147e-01, -1.33399751e-01,  2.02388331e-02,  6.04727540e-02, -8.38892228e-02],
       [-6.81506720e-02,  1.64000536e-01,  1.24551281e-03,  7.54498831e-02,  5.74260382e-02],
       [-1.56767601e-01,  1.18518222e-01, -2.98486628e-02, -7.67705073e-02,  8.81096789e-02],
       [ 6.93071028e-02, -1.36295229e-01,  9.68152864e-02,  7.01100644e-02, -7.03630889e-02],
       [ 1.41459822e-01, -7.80759530e-02,  1.30464683e-02,  1.07635800e-01, -7.64411057e-02],
       [-1.16360597e-01, -1.61998786e-02,  9.43419648e-02, -7.08428588e-02,  6.22396284e-02],
       [-1.97486109e-01,  1.11214652e-01, -6.67607202e-02, -1.89742864e-02,  7.61282329e-02],
       [ 2.57479031e-02,  1.14871339e-01, -2.42677202e-02, -1.20257897e-01,  6.78720640e-02],
       [ 8.67928730e-02, -1.15515883e-01, -1.49555983e-02,  1.53886940e-01, -6.09071705e-02],
       [ 1.08305674e-01,  1.44800880e-04,  1.53387579e-01,  2.18589868e-02, -5.75755725e-02],
       [-1.37166500e-01,  1.15879040e-01, -2.76434542e-02, -3.03233129e-02,  8.01243763e-02],
       [ 1.28835965e-01, -1.42684842e-01, -4.92736803e-02,  3.78916854e-02, -7.09588393e-02],
       [ 6.73696883e-02, -6.14535664e-02, -5.71150369e-03,  5.68188617e-02,  1.05565031e-01],
       [-6.66351499e-02,  5.41709669e-04, -1.99231047e-02, -4.14141433e-02,  1.00352885e-01],
       [-8.27055987e-03,  5.07227630e-02,  1.24711014e-02,  5.53810285e-03,  1.09934540e-01],
       [-3.23063836e-02, -1.18122253e-01, -2.53591995e-02, -1.47368071e-01, -6.97136265e-02],
       [ 2.00862971e-02, -2.19322733e-02, -1.66999857e-03,  1.14944125e-02, -1.15698091e-01],
       [ 5.21896302e-02,  7.80249174e-02, -9.81987154e-02, -2.42371295e-02,  9.25132321e-02],
       [-3.00553314e-02, -1.11644704e-02,  1.64794829e-02, -6.76761961e-02,  1.00690296e-01],
       [ 1.72537719e-02,  1.06910616e-01, -1.40762056e-01,  2.82465079e-02, -7.57974032e-02],
       [ 1.06898143e-01, -3.35215902e-02,  5.51934651e-02, -5.25091982e-02, -1.00255460e-01],
       [-1.64147776e-01, -4.29611230e-02, -6.22880798e-04,  8.21480390e-02, -8.34654425e-02],
       [ 4.19987629e-03,  6.90433194e-02,  4.77723355e-02, -1.49621071e-01,  8.01609227e-02],
       [-1.82132103e-02, -8.37189471e-02, -1.63377645e-01,  2.93601707e-02,  7.04221898e-02],
       [ 1.40029700e-02, -3.31964211e-02,  1.01409723e-04, -4.24554459e-02, -1.04752619e-01],
       [-2.69823981e-02,  8.66332824e-02,  9.82657073e-02,  2.03719116e-02,  9.26886779e-02],
       [ 3.34252589e-02, -8.31499810e-02, -2.45710872e-02,  2.94851581e-02,  9.00853111e-02],
       [ 9.49412987e-02, -4.92161986e-02,  2.80930640e-03,  7.78979828e-02,  9.84885448e-02],
       [-8.75536033e-02, -4.77159514e-02, -1.70044693e-02, -1.72005314e-01, -6.21348369e-02],
       [-9.12509854e-02,  8.02972924e-02,  7.09781840e-03, -6.78169407e-02, -1.03577871e-01],
       [ 1.28180791e-01, -7.23198157e-03, -9.22923882e-02,  3.78994892e-02,  8.31754201e-02],
       [ 6.59498372e-02, -9.38156484e-02,  7.04436105e-03,  6.68113593e-03,  9.04131857e-02],
       [-5.17510513e-02,  1.53897506e-01, -1.18206270e-01, -2.21304604e-02, -6.79911511e-02],
       [ 2.31530794e-03,  5.46544671e-02,  5.56129649e-02, -1.12171331e-01, -8.95063249e-02],
       [-2.18479947e-01,  3.04465866e-02,  4.71066302e-03,  1.88384998e-02, -7.48372275e-02],
       [ 8.67711873e-02, -7.22144451e-03,  4.02776517e-02, -8.72848681e-02,  7.83102262e-02],
       [ 4.42340030e-02, -1.28573338e-01, -1.46855898e-01,  7.01452844e-02,  6.28254283e-02],
       [-8.30520742e-02,  5.94833389e-02,  8.26298328e-03, -1.06867391e-01, -9.34336645e-02],
       [ 5.94079400e-02, -5.33459085e-06,  7.93063432e-02,  7.70468575e-02,  8.32818409e-02],
       [-3.18996719e-02,  7.49044497e-03, -1.17509831e-02, -1.45704824e-02,  1.00742493e-01],
       [-1.32036566e-02, -9.28173609e-02, -7.57431180e-03, -1.30272367e-01, -6.90438196e-02],
       [ 4.40917451e-02,  2.10009993e-02,  2.29042094e-02,  3.12119869e-02, -1.05942307e-01],
       [ 2.97685325e-02,  4.55024583e-02, -1.21528049e-01, -4.23896413e-02,  9.09517660e-02],
       [-4.93259490e-02, -4.56175873e-02, -6.02791859e-03, -7.97451693e-02,  9.20086256e-02],
       [ 3.84359694e-02,  1.35023669e-01, -1.22514285e-01,  4.42355179e-02, -7.44678520e-02],
       [ 1.17183288e-01,  2.25135448e-03,  7.13727040e-02, -2.99765656e-02, -9.15936467e-02],
       [-1.29000247e-01, -1.14060460e-02,  1.73833820e-02,  8.87047191e-02, -7.60966152e-02],
       [-1.24348359e-02,  3.41521308e-02,  2.72877695e-02, -1.49804619e-01,  7.38545532e-02],
       [-3.05746981e-02, -9.63994454e-02, -1.61829001e-01,  1.38455925e-02,  6.42867354e-02],
       [ 3.58158656e-02,  5.92518989e-03,  2.18330708e-02, -1.99447161e-02, -9.60249109e-02],
       [-4.50689108e-02,  4.60349284e-02,  7.11861125e-02,  2.79133205e-03,  8.47070211e-02],
       [-5.45445252e-02, -1.23683223e-01, -3.10534116e-02, -1.65191437e-01, -6.94246203e-02],
       [-2.16160108e-02, -3.02840711e-02, -1.15765603e-02, -2.06218943e-02, -1.16124443e-01],
       [ 8.39589029e-02,  8.47337005e-02, -9.12613640e-02, -2.35625727e-04,  9.28713444e-02],
       [ 5.07444779e-03, -4.29564401e-03,  2.50018433e-02, -4.09720628e-02,  1.01120049e-01],
       [-7.42379381e-03,  1.02622169e-01, -1.47377106e-01,  9.48119721e-03, -7.60402382e-02],
       [ 7.26157711e-02, -4.06620442e-02,  4.72552448e-02, -7.98575921e-02, -1.00572337e-01],
       [-1.93221549e-01, -4.87383932e-02, -7.29005918e-03,  6.10971069e-02, -8.37545430e-02],
       [ 3.20553624e-02,  7.40464215e-02,  5.44844823e-02, -1.30254677e-01,  8.09922301e-02],
       [ 4.14000777e-03, -7.96742051e-02, -1.58859789e-01,  4.69612841e-02,  7.06414591e-02],
       [-2.28742973e-02, -4.17558915e-02, -9.09170184e-03, -7.15692296e-02, -1.04578145e-01],
       [ 4.79946246e-03,  9.40459899e-02,  1.06108193e-01,  4.53514169e-02,  9.25224037e-02],
       [ 5.14560999e-02,  1.12307365e-01,  2.59800413e-02,  1.65486477e-01,  7.33065679e-02],
       [-7.88005354e-02, -1.23051911e-01,  3.80263316e-02, -1.18169711e-01, -5.89099134e-02],
       [-3.91735009e-02, -8.46731651e-02, -3.62831951e-02, -1.12110585e-01, -6.93484968e-02],
       [ 3.21586628e-02, -4.19993843e-03,  1.12734792e-01,  9.85371594e-02,  5.18449320e-02],
       [-1.03165486e-02,  1.02419379e-01, -1.22502689e-02,  1.75840256e-01,  6.30505160e-02],
       [ 1.63063529e-01,  1.05595904e-01,  1.99411239e-02,  7.48385324e-02,  5.73721229e-02],
       [-5.10138316e-02, -1.22037182e-01, -5.31217173e-02, -2.33307570e-02, -5.62237024e-02],
       [-2.67695336e-02, -6.51195126e-03,  9.37548289e-02, -1.30876530e-01, -4.79527199e-02],
       [ 4.74245825e-02,  1.07391473e-01,  2.18133946e-02,  1.78122716e-01,  6.59222030e-02],
       [-3.32925751e-02, -1.28304097e-01, -7.65156513e-02, -1.43448783e-01, -5.85050429e-02],
       [-8.01950437e-02, -6.41076645e-02,  1.06477559e-01,  1.42269898e-02, -9.75911091e-02],
       [ 4.75008729e-03,  3.36582774e-02, -1.59566749e-02,  5.93029135e-02, -1.06305037e-01],
       [ 7.73873918e-04, -1.29124462e-01,  1.49120148e-01, -2.10198832e-02,  7.98040570e-02],
       [-8.73793060e-02,  1.43432415e-02, -6.07339949e-02,  6.93817452e-02,  1.05798878e-01],
       [ 1.97025211e-01,  2.86968027e-02, -5.64702743e-04, -7.73881637e-02,  8.79655638e-02],
       [-2.63497418e-02, -5.68915089e-02, -5.00036298e-02,  1.50119563e-01, -8.49849638e-02],
       [ 2.08670565e-03,  1.02974191e-01,  1.75217195e-01, -3.97801052e-02, -7.40694303e-02],
       [ 1.35229708e-02,  1.28843950e-02, -1.85268081e-03,  5.93839699e-02,  1.10573740e-01],
       [ 4.37559160e-03, -7.32432235e-02, -1.03626717e-01, -3.35992902e-02, -9.77756033e-02],
       [ 5.71930729e-02,  2.87841874e-02, -7.90880328e-02, -5.90409725e-02,  8.48165303e-02],
       [-5.24658730e-02,  6.36093227e-02, -5.23097141e-02,  2.87521719e-02, -6.91897433e-02],
       [ 5.29766629e-03, -6.74003341e-02,  1.36387423e-01, -3.83991241e-02, -8.44864547e-02],
       [-1.98070077e-01, -6.81777332e-02,  7.44404007e-02,  7.04978717e-02, -7.02877255e-02],
       [ 6.73235805e-02,  8.66774609e-02, -3.14628123e-02, -1.26061928e-01,  6.82937765e-02],
       [ 3.81505330e-02, -4.12108170e-02, -1.94232289e-01,  1.97458744e-02,  5.90493392e-02],
       [-7.41348992e-02, -6.82307932e-02,  9.57835090e-02, -3.00792010e-02, -8.85760899e-02],
       [ 5.92665065e-02,  1.21082381e-01, -2.59340196e-03,  1.45474552e-02,  8.45662216e-02],
       [ 7.96583838e-03,  1.27278304e-01, -1.36791438e-01,  5.59542982e-02, -6.93855734e-02],
       [ 8.56414746e-02,  1.46300026e-02,  3.80171105e-02, -6.45081902e-03, -9.23297991e-02],
       [-1.55647382e-01, -2.73136335e-03, -1.15221300e-02,  1.08029481e-01, -7.63172156e-02],
       [ 1.27064101e-02,  2.75030961e-02,  5.36886055e-02, -1.67169678e-01,  7.37058032e-02],
       [-1.11397165e-02, -1.18169830e-01, -1.52359669e-01, -5.59567338e-03,  6.95445818e-02],
       [ 9.09544912e-04,  1.71839166e-02, -1.28088274e-02,  4.96484050e-03, -9.64131677e-02],
       [-1.62586325e-02,  4.30003671e-02,  1.13720205e-01, -2.23426971e-02,  9.14759808e-02],
       [-7.04024645e-02, -1.08866086e-01,  9.51239455e-02,  2.80518084e-02,  7.47926555e-02],
       [ 1.33965121e-01, -7.86871220e-02,  1.14493777e-01, -7.15630647e-02,  6.16930385e-02],
       [-1.29557625e-02,  4.86937595e-02, -1.28622496e-01,  1.07241357e-01, -5.58338439e-02],
       [ 6.13773754e-03,  1.56133426e-01,  2.43713791e-02, -1.25757002e-02, -5.28406969e-02],
       [ 2.92430343e-03, -1.06366998e-01,  1.31879434e-01,  1.47976963e-02,  7.26506878e-02],
       [ 8.03349669e-03,  5.39157436e-02, -1.78404388e-01, -1.98075657e-03, -6.40129024e-02],
       [ 1.09285197e-01,  4.12423537e-02, -4.93714560e-02, -1.99706538e-02,  8.21981722e-02],
       [ 4.81987884e-02, -6.58046865e-02, -1.01261447e-03,  8.97095545e-02, -7.98940147e-02],
       [ 5.55000027e-02,  7.68973334e-02,  1.80621635e-01, -7.14464947e-02, -6.37201062e-02],
       [-7.40107583e-02,  2.42493838e-02, -5.55132308e-02,  1.09773384e-01,  9.53910938e-02],
       [ 7.74200353e-02, -7.41500047e-02, -4.10295479e-02, -7.91147697e-02, -8.50160683e-02],
       [-1.38688563e-01, -5.73730061e-02, -3.40969611e-02,  1.54017647e-01, -6.08051472e-02],
       [-1.22434451e-01,  5.82014423e-02,  1.34325899e-01,  2.22532710e-02, -5.75237052e-02],
       [ 1.78496653e-01,  3.58497189e-02, -1.62579349e-03, -3.10021384e-02,  7.99985529e-02],
       [-1.42862945e-01, -7.36759366e-02, -7.14480044e-02,  3.84447505e-02, -7.08474528e-02],
       [ 1.15734415e-02, -3.79727975e-02, -9.69790485e-02, -7.13648462e-02,  5.63194833e-02],
       [-2.92457416e-02, -6.70808624e-02, -4.75880783e-02,  1.03727332e-01, -8.33316484e-02],
       [ 1.21579417e-02,  9.29272643e-02,  1.07057145e-01, -9.52473991e-02,  6.85485017e-02],
       [ 1.62807196e-04,  8.42281478e-02,  1.56936677e-01, -6.75170406e-02, -6.71169762e-02],
       [-9.67722080e-03, -3.79167130e-02, -8.07670156e-02,  5.46572013e-02,  6.45045210e-02],
       [ 5.45845177e-04, -7.71545667e-02, -9.05436103e-02, -7.29207357e-02, -8.82241786e-02]])})
2026-01-20 11:00:45,756 - final_problem_set.kxor_instance_n18_k2_m203_ell2_eps0.25_kappa0.75_rho1.0 - INFO - Running key extraction (n=18, m=203, ell=2, phase_qubits=12)
2026-01-20 11:00:45,758 - final_problem_set.kxor_instance_n18_k2_m203_ell2_eps0.25_kappa0.75_rho1.0 - INFO - Built voting matrix V (n=18, ell=2, dtype=complex128) in 0.002s
2026-01-20 11:00:45,758 - final_problem_set.kxor_instance_n18_k2_m203_ell2_eps0.25_kappa0.75_rho1.0 - INFO - Eval: adv=1.0000, hamming=0/18 (0.000), corr=1.000
2026-01-20 11:00:45,758 - final_problem_set.kxor_instance_n18_k2_m203_ell2_eps0.25_kappa0.75_rho1.0 - INFO - Key extraction complete: x_hat=8
2026-01-20 11:00:45,759 - final_problem_set.kxor_instance_n18_k2_m203_ell2_eps0.25_kappa0.75_rho1.0 - INFO - Finished step 'KeyExtractionStep' in 0.002s (success: True, problem=kxor_instance_n18_k2_m203_ell2_eps0.25_kappa0.75_rho1.0)
2026-01-20 11:00:45,759 - final_problem_set.kxor_instance_n18_k2_m203_ell2_eps0.25_kappa0.75_rho1.0 - INFO - SUCCESS: len(z_hat)=18
2026-01-20 11:00:45,759 - final_problem_set.kxor_instance_n18_k2_m203_ell2_eps0.25_kappa0.75_rho1.0 - INFO - Metrics: adv=1.0, ham_frac=0.0, corr=1.0
2026-01-20 11:00:45,759 - final_problem_set.kxor_instance_n18_k2_m203_ell2_eps0.25_kappa0.75_rho1.0 - INFO - z_hat (full): [ 1, -1,  1, -1, -1, -1, -1,  1,  1, -1, -1,  1,  1,  1, -1, -1,  1, -1]
