2026-01-20 11:01:05,366 - final_problem_set.kxor_instance_n21_k2_m188_ell2_eps0.2_kappa0.875_rho0.2 - INFO - Starting iteration for /Users/julian/CodingProjects/UniT3/QuarticSpeedupK-XOR/z_Daphne/data/final_problem_set/kxor_instance_n21_k2_m188_ell2_eps0.2_kappa0.875_rho0.2.npz
2026-01-20 11:01:05,367 - final_problem_set.kxor_instance_n21_k2_m188_ell2_eps0.2_kappa0.875_rho0.2 - INFO - Loaded instance (n=21, m=188, k=2)
2026-01-20 11:01:05,367 - final_problem_set.kxor_instance_n21_k2_m188_ell2_eps0.2_kappa0.875_rho0.2 - INFO - Starting step 'ComputeKikuchiStep' (version 0.1) on problem kxor_instance_n21_k2_m188_ell2_eps0.2_kappa0.875_rho0.2 (fields={'ell': 2, 'threshold': 0.0})
2026-01-20 11:01:05,394 - final_problem_set.kxor_instance_n21_k2_m188_ell2_eps0.2_kappa0.875_rho0.2 - INFO - Finished step 'ComputeKikuchiStep' in 0.027s (success: True, problem=kxor_instance_n21_k2_m188_ell2_eps0.2_kappa0.875_rho0.2)
2026-01-20 11:01:05,394 - final_problem_set.kxor_instance_n21_k2_m188_ell2_eps0.2_kappa0.875_rho0.2 - INFO - Starting step 'ClassicalEigenvaluesStep' (version 0.1) on problem kxor_instance_n21_k2_m188_ell2_eps0.2_kappa0.875_rho0.2 (fields={'ell': 2, 'threshold': 0.0, 'kikuchi_matrix': <Dictionary Of Keys sparse matrix of dtype 'int64'
	with 4636 stored elements and shape (210, 210)>, 'num_eigenvalues': 5})
2026-01-20 11:01:05,489 - final_problem_set.kxor_instance_n21_k2_m188_ell2_eps0.2_kappa0.875_rho0.2 - INFO - Finished step 'ClassicalEigenvaluesStep' in 0.094s (success: True, problem=kxor_instance_n21_k2_m188_ell2_eps0.2_kappa0.875_rho0.2)
2026-01-20 11:01:05,489 - final_problem_set.kxor_instance_n21_k2_m188_ell2_eps0.2_kappa0.875_rho0.2 - INFO - Starting step 'KeyExtractionStep' (version 0.1) on problem kxor_instance_n21_k2_m188_ell2_eps0.2_kappa0.875_rho0.2 (fields={'ell': 2, 'threshold': 0.0, 'kikuchi_matrix': <Dictionary Of Keys sparse matrix of dtype 'int64'
	with 4636 stored elements and shape (210, 210)>, 'num_eigenvalues': 5, 'eigenvalues': array([-10.24980687,  10.29294105,  11.19207559,  11.60764828,  12.77748244]), 'eigenvectors': array([[ 4.15742605e-02,  6.56664418e-02,  3.54244147e-02,  2.53943001e-02,  4.84833145e-02],
       [-8.04437448e-02, -4.26518440e-02,  1.27808243e-01, -5.61153725e-02,  7.41834550e-02],
       [ 6.03325049e-02,  6.57127384e-02,  5.80224606e-02,  5.97881670e-02, -1.11887484e-01],
       [ 6.70776822e-04, -4.99944052e-02,  1.95238741e-02, -7.26024954e-02, -5.05745379e-02],
       [-4.62476781e-02,  5.48323994e-02, -1.13495506e-01, -7.54167569e-02,  1.95209014e-03],
       [ 4.93482960e-02, -1.17037071e-02, -7.44010456e-02,  5.35699983e-02,  1.12440928e-01],
       [-7.54425351e-03,  1.92627927e-02, -1.11914588e-02, -1.42774949e-02,  1.25446134e-01],
       [ 8.09464384e-02, -4.71539263e-02,  1.91785311e-02, -1.44553164e-01, -2.82782517e-02],
       [ 9.24410735e-02, -1.13840960e-01, -3.86608352e-02,  6.67196920e-02, -5.56988326e-02],
       [ 5.42108447e-02, -1.27445562e-02,  1.40177759e-01,  1.46249397e-03,  2.35068621e-02],
       [-1.99761889e-02, -6.37417897e-02,  6.07356749e-02,  2.73814514e-02, -1.08972464e-01],
       [-8.37163638e-02,  7.01613729e-03,  1.53339418e-02,  1.05053536e-02, -1.71275149e-01],
       [ 2.23376798e-02, -1.28134857e-02, -6.95732117e-02, -4.97447976e-02,  1.50622371e-01],
       [ 2.57887368e-02,  1.44996092e-02,  9.47518802e-02,  1.00767200e-01, -2.55797567e-02],
       [ 4.44950349e-02,  3.93319120e-02,  1.46441543e-02, -3.54122147e-02,  1.29970134e-01],
       [-1.96414813e-02, -1.77326940e-02,  3.81963286e-04,  1.30953998e-01, -1.18017194e-02],
       [-4.20127683e-02, -1.94368149e-01,  3.86661559e-02, -2.08180236e-02,  2.41140033e-02],
       [-2.40238763e-02,  1.37684475e-02, -4.02351292e-02,  6.80216192e-02,  1.45323899e-01],
       [ 9.20735413e-03, -1.11218355e-01, -1.09633806e-01,  4.19418973e-02, -3.31819438e-02],
       [-8.10447962e-02,  1.03378110e-02, -8.14627003e-03,  6.68001248e-02,  9.66962987e-02],
       [ 1.04409054e-03,  1.43538509e-03,  4.83617569e-02,  8.13667357e-03,  2.41503690e-02],
       [-5.42796873e-02, -1.34885534e-02, -1.89920396e-02, -4.47262429e-03, -4.92675592e-02],
       [ 8.64418619e-05, -4.04436731e-02, -2.13920350e-02, -3.11766063e-02, -1.95712918e-02],
       [ 5.24039759e-02,  1.92215502e-02, -3.56068575e-02, -2.35182687e-02,  6.78092439e-03],
       [-1.23965018e-01,  4.25379381e-02,  3.46202719e-02,  3.49807019e-02,  3.42217004e-02],
       [ 2.31357227e-03,  5.50299067e-02,  4.19778435e-02,  2.87833030e-02,  3.83036090e-02],
       [-3.68531523e-02, -3.14752812e-02, -1.86265636e-02, -4.57707376e-02, -3.95979294e-03],
       [-7.19308442e-02, -5.98717602e-02, -2.59529274e-02,  5.05265445e-03, -2.55119098e-02],
       [-4.01226806e-02, -4.93758171e-04,  4.38272962e-02,  8.22346868e-03,  7.19309080e-03],
       [-2.49461741e-03, -8.91105047e-02, -1.95456919e-02, -1.35415737e-02, -5.76097855e-02],
       [-1.58846956e-02, -5.51078836e-02, -6.33734065e-02, -3.78235245e-02, -7.33010261e-02],
       [ 2.74200145e-02,  5.93920729e-02,  3.65959405e-02,  1.98834285e-02,  6.65156451e-02],
       [ 5.62928285e-02, -1.53401426e-03,  2.36455487e-02,  2.32334582e-02, -1.57993167e-02],
       [-5.88820856e-02,  6.78915193e-02,  5.16607357e-02,  2.16743713e-02,  5.82569960e-02],
       [ 6.69312281e-02, -1.23719298e-02,  7.26343042e-03,  3.39295992e-02, -1.88318901e-02],
       [ 5.23275765e-02, -6.27767511e-02,  2.34357631e-02,  2.29796324e-03,  8.05169072e-03],
       [ 6.10394195e-03,  7.12489180e-02,  5.70720326e-02,  4.38959117e-02,  4.32727396e-02],
       [ 8.14277592e-03, -3.61102253e-02, -3.01842142e-02,  2.22864772e-04, -1.32574462e-02],
       [-1.55637086e-02,  3.93409093e-02,  3.49520514e-02,  3.10085907e-02,  2.99968241e-02],
       [ 1.44656497e-01,  6.81178996e-02, -9.41699830e-02,  7.68207376e-02, -5.52870989e-02],
       [ 1.62786213e-05,  8.08544773e-04, -5.42847803e-02, -2.76507251e-02, -3.78186035e-02],
       [-9.94660240e-02,  1.54087909e-02, -2.62760422e-02, -5.64343835e-02,  2.36417800e-03],
       [ 2.06446536e-01, -6.55798929e-02,  1.11914657e-01, -9.43297250e-03,  7.24753305e-02],
       [-1.42930805e-02, -5.04826390e-02,  1.35556647e-01, -5.68416155e-02,  6.10987598e-02],
       [ 1.24659015e-01,  3.95891631e-04, -4.67078034e-02, -7.23948501e-02, -2.37272317e-02],
       [ 2.01589190e-01, -2.80087112e-02, -5.57782671e-02,  5.33518174e-02, -2.47728585e-02],
       [ 1.05035456e-01, -2.33796198e-03,  4.88202224e-02,  6.37935827e-03,  4.87851710e-03],
       [-3.16932636e-02,  1.73984016e-02, -1.18038014e-01,  7.84624487e-02, -8.11452623e-02],
       [-7.78252392e-02,  6.51430340e-02, -1.64993107e-01,  6.04254614e-02, -6.92089517e-02],
       [-8.02253498e-03, -7.38482978e-02,  1.61979415e-01, -9.31385826e-02,  7.72464611e-02],
       [-3.45395487e-02,  2.16390863e-02, -3.58687748e-03,  8.26129454e-02, -6.93932985e-03],
       [ 1.23050750e-01, -3.86891881e-02,  1.39767113e-01, -6.54149516e-02,  6.08891868e-02],
       [-9.61913619e-02, -1.48179397e-02,  4.93622632e-03,  7.88137631e-02, -4.62907174e-03],
       [-1.17124789e-01, -7.85029815e-02,  2.38673447e-02, -1.13192859e-02,  3.03017048e-03],
       [-3.17799181e-02, -7.17274429e-02,  1.75461536e-01, -1.23290331e-02,  9.56523482e-02],
       [ 4.00826542e-03, -4.23949497e-02, -3.84858320e-02,  2.23263476e-02, -3.31598683e-03],
       [-7.86451638e-02, -4.28258266e-02,  1.16828364e-01,  4.20599751e-03,  5.98581254e-02],
       [-6.44896336e-03,  7.82969599e-03, -3.04665362e-02,  5.04081679e-02,  4.74611980e-02],
       [ 9.79139429e-02, -4.78268818e-02,  8.36615272e-02,  6.57202135e-02,  4.30762622e-03],
       [-1.21290211e-01,  9.07697681e-02,  8.26530631e-02, -6.86536809e-03, -9.94893897e-02],
       [-2.08889579e-05,  8.36676316e-02,  3.12621181e-02,  6.93479215e-02, -1.19103369e-01],
       [-1.23406412e-01, -8.32450758e-03, -3.56959302e-02,  1.11461369e-01,  3.73429549e-02],
       [-1.46905641e-01,  5.52420500e-02,  2.29708250e-02, -9.22591699e-02,  4.99622073e-02],
       [-1.05302662e-01,  1.92617557e-02, -1.08678377e-01,  1.01830834e-02, -1.87439098e-02],
       [ 1.37578642e-02, -2.77707383e-02, -6.39652671e-02, -6.81108868e-02,  9.40072164e-02],
       [ 1.13513748e-01, -1.03205324e-01, -3.55172546e-02, -6.61707090e-02,  1.19206158e-01],
       [-2.47442894e-02,  1.12877462e-01,  7.22864465e-02,  1.00020667e-01, -1.17925682e-01],
       [-2.71829034e-02, -1.24222628e-02, -6.41980963e-02, -8.56633302e-02,  7.80833936e-03],
       [-1.01118910e-01,  5.30697433e-02,  6.87012105e-03,  8.11565236e-02, -1.03684650e-01],
       [ 5.79090402e-02,  3.29839923e-02,  8.99204720e-03, -1.14261571e-01,  7.61038242e-04],
       [ 9.36570520e-02,  1.45805981e-01, -3.33388791e-02,  1.62370030e-02, -6.39797559e-03],
       [ 3.84259911e-02,  1.18440515e-01,  7.00066738e-02, -8.86803754e-03, -1.45833836e-01],
       [-1.51316889e-02,  7.63902096e-02,  8.61977652e-02, -5.37436580e-02,  2.40167943e-02],
       [ 1.29023980e-01,  6.76052974e-02,  2.51645677e-02, -2.20799336e-02, -8.27085948e-02],
       [-5.52008591e-03, -2.42300936e-02,  5.79780743e-02,  2.21266969e-02, -1.00459865e-02],
       [ 1.94687261e-02, -3.35303067e-02,  1.98808513e-02, -7.42098791e-02, -3.80859737e-02],
       [-6.38725930e-03, -5.69484569e-02,  6.67532103e-03, -8.29797321e-02, -7.31274541e-02],
       [ 1.89918744e-03,  2.33251623e-02,  3.32402241e-03,  4.82935340e-02, -1.29287639e-03],
       [ 1.90362378e-02,  6.74735142e-02,  1.24527919e-02,  1.23893244e-02,  2.69927444e-02],
       [ 1.62865698e-02,  8.94604398e-04, -6.02970734e-02, -1.59165720e-02, -9.88626817e-03],
       [-2.15282292e-03,  7.26086580e-02, -3.92252890e-02,  6.81287297e-02,  5.95542494e-02],
       [-1.14337044e-02,  5.00650115e-02, -1.04177941e-02,  9.57848767e-02,  6.02577084e-02],
       [-5.10182368e-03, -4.14549415e-02,  5.41728277e-02, -8.27789735e-02, -9.54657087e-02],
       [-7.14958111e-03,  6.73516500e-03, -5.59677763e-02, -1.10376502e-02,  2.21966749e-02],
       [ 4.76079647e-03, -6.30060227e-02,  8.61648756e-04, -7.81758704e-02, -6.62261711e-02],
       [-2.45121556e-03,  1.06968401e-02, -1.54335888e-02, -2.78666927e-02,  1.98386845e-02],
       [-2.06372486e-02,  7.50281540e-02, -1.82404144e-02, -1.31243350e-02, -7.98486482e-03],
       [-3.44989201e-03, -5.74359975e-02,  1.19424342e-02, -1.02878962e-01, -5.04735808e-02],
       [ 3.08243309e-03,  5.57527288e-02,  4.58832796e-02,  8.78149602e-03,  1.68399530e-02],
       [-9.53976878e-03, -3.47251405e-02,  3.39557936e-03, -7.78176639e-02, -3.76872229e-02],
       [ 8.25788636e-02,  5.65705508e-02, -1.11606561e-01, -6.91227075e-02,  8.83452545e-04],
       [-6.55485179e-03,  5.51152983e-02, -1.13317902e-01, -8.34962301e-02,  4.23243320e-03],
       [ 9.35319231e-02, -1.87676138e-02,  4.62665044e-02, -1.25649163e-03, -8.98066687e-03],
       [ 1.40718998e-01, -1.77123003e-02,  3.32811028e-02,  4.00511228e-02, -3.87872650e-04],
       [ 9.20074107e-02, -3.06246584e-03,  1.08599547e-03, -1.50295884e-02,  3.29434970e-03],
       [-3.27725881e-02, -5.25961224e-02,  1.07883745e-01,  6.87162934e-02,  8.55597742e-04],
       [-1.01694342e-01, -6.47152639e-02,  1.36992152e-01,  9.90345490e-02, -7.83230759e-03],
       [ 2.18432523e-02,  8.11204045e-02, -1.31782646e-01, -9.19488659e-02, -1.49822367e-02],
       [ 2.20872192e-02, -1.59498493e-02,  1.74481246e-02,  1.62522158e-02,  6.06096855e-03],
       [ 8.69061058e-02,  5.40703249e-02, -1.08679029e-01, -8.59044075e-02,  5.94101943e-03],
       [-3.75587513e-02, -5.79355151e-03, -4.80326587e-03,  1.85489416e-02,  8.86219261e-03],
       [-4.90426142e-02, -3.15213026e-03, -7.69648231e-03, -1.98282938e-02, -1.99252277e-03],
       [-2.53497304e-02,  6.73322411e-02, -1.57458994e-01, -7.05471669e-02,  2.35016289e-02],
       [ 1.23890005e-02, -4.00520074e-03,  3.29758672e-03,  2.63479754e-02, -3.96555149e-03],
       [-1.14550433e-01,  3.86265768e-02, -8.81137541e-02, -4.39987818e-02,  7.93921610e-03],
       [-1.03904652e-03, -2.85576628e-02, -4.76241305e-02,  5.88996624e-02,  1.13190329e-01],
       [-1.58503354e-01, -2.97615918e-02,  1.14395418e-02, -1.24499714e-01, -7.98443817e-03],
       [-1.60579969e-01, -1.02253673e-01, -2.53148504e-02,  3.62478253e-02, -5.62621610e-02],
       [-9.63197535e-02, -2.01160112e-02,  1.26964329e-01,  2.12340144e-02,  3.15806112e-02],
       [ 4.64605362e-02, -3.23009450e-02,  1.14859737e-01, -4.21760332e-02, -1.27574642e-01],
       [ 1.95181501e-01,  5.93403587e-02,  5.35261094e-02, -7.59861696e-02, -1.38435749e-01],
       [-7.60343145e-02, -7.05565439e-02, -1.20285251e-01,  4.76660702e-02,  1.46129053e-01],
       [-8.51621487e-02,  2.69215506e-02,  1.18687083e-01,  6.09873555e-02, -3.24502699e-02],
       [-9.63824683e-02, -3.77969120e-03, -2.83533010e-02,  4.69850702e-02,  1.61030778e-01],
       [ 2.75695515e-02, -1.88814625e-02,  2.28146020e-02,  1.00726111e-01, -3.61263828e-02],
       [ 4.83649441e-02, -1.88119759e-01,  4.16400897e-02, -8.04160347e-03,  1.05716158e-02],
       [ 5.10864757e-02, -4.58544496e-02, -7.57596693e-02,  1.31696985e-01,  1.24959175e-01],
       [-2.96667847e-02, -9.95212475e-02, -9.40486484e-02,  1.37612376e-02, -4.46570184e-02],
       [ 1.99802769e-01, -2.76032844e-02, -3.43254044e-02,  1.10346288e-01,  8.88865651e-02],
       [-5.62192927e-03, -4.65613391e-02,  8.85702966e-03, -1.57515083e-01, -2.91212930e-02],
       [-9.89645244e-03, -1.16874756e-01, -5.09531167e-02,  7.42809367e-02, -5.81053161e-02],
       [-2.08811973e-03, -1.32587925e-02,  1.44479243e-01,  1.36742637e-03,  2.22364011e-02],
       [ 7.09233589e-03, -5.85945792e-02,  3.33009260e-02,  3.83578660e-02, -1.23077208e-01],
       [ 1.21731442e-02,  2.36858817e-02, -2.51521225e-02,  1.07685722e-02, -1.54230512e-01],
       [ 5.18906931e-03, -3.56386243e-02, -2.90771112e-02, -6.02616465e-02,  1.54575236e-01],
       [-8.46364202e-03,  2.28890305e-02,  8.80402259e-02,  1.05353420e-01, -1.49673309e-02],
       [ 8.88518816e-03,  3.06135579e-02,  5.24623918e-02, -4.80553939e-02,  1.50341501e-01],
       [-7.96821164e-03, -2.36395595e-02, -8.91839033e-04,  1.52714971e-01, -2.98479351e-02],
       [ 8.31929240e-03, -2.06523225e-01,  4.42344449e-02, -2.18409381e-02,  1.92029896e-02],
       [-1.48957694e-03, -5.31222851e-03,  3.26187676e-04,  7.29009969e-02,  1.51039082e-01],
       [-3.21483837e-03, -1.12793863e-01, -1.11242528e-01,  4.26142077e-02, -2.19383305e-02],
       [ 5.80834052e-03, -2.96405525e-03,  1.90000311e-02,  6.78414616e-02,  1.00459738e-01],
       [-1.65014428e-01,  6.42598979e-02,  1.10557482e-02,  5.22030365e-02,  1.72753652e-02],
       [-1.11583138e-01, -2.46858537e-03, -4.47763409e-02, -2.16110801e-02, -6.76777319e-03],
       [ 2.08786860e-02,  6.13591478e-02, -3.73180370e-02,  1.37599694e-01,  3.35122737e-02],
       [ 8.82676506e-02,  4.16621200e-02, -1.14359199e-02,  1.81991821e-01,  2.57710338e-02],
       [-1.84770469e-02, -3.52251225e-02,  4.45175782e-02, -1.87805370e-01, -4.84882633e-02],
       [ 7.54661053e-03,  1.10820517e-03, -4.95990841e-02,  2.64997695e-02,  1.63969001e-02],
       [-1.37485605e-01, -5.30595437e-02,  4.78951948e-03, -1.55391294e-01, -4.04289798e-02],
       [ 1.00091831e-01,  7.80074105e-03, -1.52663579e-02,  6.44162474e-03,  2.24600518e-02],
       [ 7.56085104e-02,  6.04327104e-02, -1.28418542e-02, -2.65516897e-02, -4.59370211e-03],
       [ 4.92673103e-02, -5.23906404e-02,  7.80611430e-03, -1.66107996e-01, -6.22526833e-03],
       [-9.15134396e-03,  4.33132822e-02,  3.27265009e-02,  2.80038717e-02,  1.38912878e-02],
       [ 1.14422541e-01, -3.07388383e-02,  5.00490905e-03, -1.10208851e-01, -1.15505776e-02],
       [-1.11336059e-01,  5.13665351e-03, -4.44946960e-02, -1.50715481e-03, -5.23574568e-03],
       [ 1.25870699e-02,  1.03900690e-01,  3.48006820e-02, -6.62225793e-02,  4.43407064e-02],
       [ 1.36544490e-01,  1.27213398e-01,  5.46146463e-02, -8.06766251e-02,  5.77741348e-02],
       [-4.96279778e-02, -1.28464464e-01, -4.52595242e-02,  1.14044520e-01, -7.17962171e-02],
       [-2.66011842e-02,  1.19987716e-02, -1.73260500e-02, -6.59288987e-02,  7.73828622e-03],
       [-1.42067465e-01, -1.06465442e-01, -5.04526065e-02,  7.32631927e-02, -4.58758503e-02],
       [ 8.58468905e-02, -4.88539877e-03, -1.40055476e-03, -6.18116029e-02,  1.47858048e-03],
       [ 8.27970876e-02,  4.70541505e-02, -2.15943588e-02,  2.88376747e-02, -9.94827933e-03],
       [ 5.86562761e-02, -1.48061648e-01, -5.45777731e-02,  3.90678650e-02, -7.66661165e-02],
       [-2.64413654e-02,  3.52262212e-02,  3.35021754e-02, -1.79251816e-02,  3.37493017e-03],
       [ 1.47171196e-01, -8.87831758e-02, -4.14088615e-02,  1.20539490e-02, -4.74636494e-02],
       [ 1.87945399e-02,  1.19476343e-02, -1.36298674e-01,  7.97697297e-03, -2.01150886e-02],
       [ 8.62455627e-02,  1.65091354e-02, -1.72262533e-01, -3.68447789e-03, -2.15318947e-02],
       [-2.94391027e-02, -2.38577944e-02,  1.78633168e-01, -1.14993759e-02,  3.01991093e-02],
       [-1.31656572e-02,  8.50551618e-03, -2.58898329e-02,  2.39367726e-02, -3.78781444e-03],
       [-8.71310703e-02, -1.26077530e-02,  1.42903456e-01, -2.21688987e-03,  1.33769843e-02],
       [ 5.67037275e-02,  3.06485540e-03, -4.74666620e-03,  1.74912453e-02, -1.67863164e-03],
       [ 4.69101428e-02, -8.89311120e-03,  1.55863446e-02, -3.34763885e-04,  3.96452715e-03],
       [ 3.35738136e-02, -1.51795707e-02,  1.85286263e-01,  1.38234884e-02,  2.73836652e-02],
       [-1.27229517e-03, -5.23041433e-03, -1.39372483e-02, -6.89999802e-04,  2.90157021e-03],
       [ 8.21961791e-02, -7.45820892e-03,  1.07659809e-01, -6.05147475e-04,  1.01771791e-02],
       [ 1.32493690e-03,  4.56516293e-02, -4.59612597e-02, -4.03169010e-02,  1.62720820e-01],
       [-5.53597599e-03, -3.82059033e-02,  9.04661371e-02,  7.56057455e-02, -1.38486321e-01],
       [-1.43836729e-02, -4.73903668e-03, -8.83302825e-02, -1.00640284e-01,  1.85852866e-02],
       [ 3.49856221e-02, -7.13170236e-02,  2.86126380e-03,  5.88315109e-02, -1.14650997e-01],
       [-2.96792343e-02,  9.80263718e-03,  1.23906404e-02, -1.26066874e-01,  5.15686107e-03],
       [-2.01124072e-02,  1.73018476e-01, -2.90422865e-02,  3.07726183e-02, -3.13851315e-02],
       [-8.11255245e-03, -6.61587933e-02,  7.52912344e-02, -4.12584998e-02, -1.43227365e-01],
       [ 1.75153220e-04,  1.07705633e-01,  1.08185548e-01, -4.94553821e-02,  2.86930783e-02],
       [-5.66268889e-04, -3.68373985e-02,  2.45008109e-02, -4.32418296e-02, -8.02579907e-02],
       [-7.35558674e-03,  7.53335759e-02,  3.72590754e-02,  6.15020085e-02, -1.89786504e-01],
       [-4.51475991e-02, -2.27154793e-02, -1.06555930e-01, -1.23327075e-01,  1.88528752e-02],
       [ 1.32621966e-01, -8.19510422e-03, -5.40402811e-02,  4.03618352e-02, -1.55506501e-01],
       [-1.09632137e-01,  2.96935320e-02, -5.05165713e-03, -1.72262722e-01,  2.69313220e-02],
       [-7.85990449e-02,  2.34498999e-01, -5.13166134e-02,  2.07328658e-02, -6.45374654e-03],
       [-2.41349417e-02,  4.49547835e-02, -2.43993860e-03, -9.69303024e-02, -1.85081378e-01],
       [-8.87775308e-03,  1.36978046e-01,  1.33603302e-01, -4.88963934e-02,  2.12371161e-02],
       [-4.20411151e-02,  2.25025666e-02, -2.17943222e-02, -8.15944219e-02, -1.07446544e-01],
       [ 2.67116933e-02,  1.93918117e-02,  1.04489842e-01,  1.31163926e-01, -8.89192392e-03],
       [-3.82466259e-02, -9.95928500e-04,  8.48603114e-03, -9.42623879e-02,  1.59782531e-01],
       [ 3.42151782e-02, -4.13065369e-02, -1.32622375e-02,  1.76679661e-01, -3.94540544e-03],
       [ 4.00397680e-02, -2.58650046e-01,  5.05217857e-02, -3.25839561e-02,  2.05988037e-02],
       [ 2.08244085e-03, -6.18757877e-02, -8.20627199e-02,  5.18311475e-02,  1.94417414e-01],
       [ 7.62135208e-03, -1.32232408e-01, -1.35131814e-01,  8.16853820e-02, -5.04292328e-02],
       [-6.40502163e-03, -3.22033236e-02, -2.11932004e-02,  5.86200210e-02,  1.10529403e-01],
       [-3.07340780e-02,  1.19824909e-02,  7.30603608e-02,  1.21915480e-01, -2.15580190e-02],
       [ 5.10573306e-02,  1.16413462e-02,  1.33610461e-02, -5.58025835e-02, -9.25332806e-03],
       [ 3.13040383e-02,  4.17067805e-02,  1.09242274e-04,  2.38340546e-02,  2.70052591e-04],
       [-5.68109655e-03,  2.98630089e-02,  1.30902820e-01,  9.01640487e-02, -4.19458214e-02],
       [ 1.40141100e-02,  1.71401240e-02,  2.02013655e-02, -4.12132612e-02,  2.23599852e-03],
       [-4.41522122e-02,  1.66997639e-02,  6.93487341e-02,  4.53040272e-02, -2.54291560e-02],
       [ 4.90706667e-02, -2.15233682e-02, -4.00792265e-03,  1.50696102e-01, -8.53742542e-03],
       [ 7.21884559e-02, -1.92674215e-01,  4.63455463e-02, -2.61705125e-02,  2.24955252e-02],
       [ 2.93068900e-02,  2.67398339e-02,  3.25611080e-02,  4.65769068e-02,  1.64720737e-01],
       [-6.05284350e-03, -1.07272250e-01, -1.08401681e-01,  4.44608452e-02, -1.35002473e-02],
       [ 1.16206985e-01,  1.52498407e-02,  3.50422254e-02,  4.66934278e-02,  8.94033978e-02],
       [-3.57040459e-02, -1.47409490e-03, -2.63301173e-04,  2.89307347e-02, -2.09611491e-03],
       [-2.66363088e-02, -2.42533596e-02,  1.43740699e-02,  1.31483888e-01, -5.22123830e-02],
       [ 1.96567583e-02,  3.18485497e-03,  4.84077789e-03, -3.97882474e-02, -9.89569656e-04],
       [-1.14136196e-01, -1.49833174e-02, -6.84552992e-04,  7.59946360e-02, -2.44173983e-02],
       [-2.92055268e-02, -2.61802855e-01,  5.30235863e-02, -3.96570496e-03,  2.76287642e-02],
       [ 5.36709849e-03,  4.26983865e-03, -1.78951274e-02,  1.23382799e-02, -1.92924106e-03],
       [-9.42903264e-02, -1.50299220e-01,  3.29129425e-02,  7.32414055e-04,  1.69138387e-02],
       [-2.22804158e-03, -1.45494528e-01, -1.43562331e-01,  1.66608565e-02, -5.28507330e-02],
       [-3.02803680e-02, -8.13076568e-03,  4.48137963e-03,  1.20435439e-01,  9.30031134e-02],
       [-8.00886182e-03, -8.34491535e-02, -8.67386864e-02,  1.64450232e-02, -2.38389273e-02]])})
2026-01-20 11:01:05,491 - final_problem_set.kxor_instance_n21_k2_m188_ell2_eps0.2_kappa0.875_rho0.2 - INFO - Running key extraction (n=21, m=188, ell=2, phase_qubits=12)
2026-01-20 11:01:05,494 - final_problem_set.kxor_instance_n21_k2_m188_ell2_eps0.2_kappa0.875_rho0.2 - INFO - Built voting matrix V (n=21, ell=2, dtype=complex128) in 0.003s
2026-01-20 11:01:05,495 - final_problem_set.kxor_instance_n21_k2_m188_ell2_eps0.2_kappa0.875_rho0.2 - INFO - Eval: adv=0.3191, hamming=3/21 (0.143), corr=0.714
2026-01-20 11:01:05,495 - final_problem_set.kxor_instance_n21_k2_m188_ell2_eps0.2_kappa0.875_rho0.2 - INFO - Key extraction complete: x_hat=13
2026-01-20 11:01:05,495 - final_problem_set.kxor_instance_n21_k2_m188_ell2_eps0.2_kappa0.875_rho0.2 - INFO - Finished step 'KeyExtractionStep' in 0.005s (success: True, problem=kxor_instance_n21_k2_m188_ell2_eps0.2_kappa0.875_rho0.2)
2026-01-20 11:01:05,495 - final_problem_set.kxor_instance_n21_k2_m188_ell2_eps0.2_kappa0.875_rho0.2 - INFO - SUCCESS: len(z_hat)=21
2026-01-20 11:01:05,495 - final_problem_set.kxor_instance_n21_k2_m188_ell2_eps0.2_kappa0.875_rho0.2 - INFO - Metrics: adv=0.3191489361702128, ham_frac=0.14285714285714285, corr=0.7142857142857143
2026-01-20 11:01:05,495 - final_problem_set.kxor_instance_n21_k2_m188_ell2_eps0.2_kappa0.875_rho0.2 - INFO - z_hat (full): [ 1,  1,  1, -1, -1,  1,  1,  1, -1, -1,  1, -1, -1,  1, -1,  1, -1,  1,  1, -1,  1]
