2026-01-20 11:00:38,102 - final_problem_set.kxor_instance_n17_k2_m142_ell2_eps0.2_kappa0.875_rho0.6 - INFO - Starting iteration for /Users/julian/CodingProjects/UniT3/QuarticSpeedupK-XOR/z_Daphne/data/final_problem_set/kxor_instance_n17_k2_m142_ell2_eps0.2_kappa0.875_rho0.6.npz
2026-01-20 11:00:38,103 - final_problem_set.kxor_instance_n17_k2_m142_ell2_eps0.2_kappa0.875_rho0.6 - INFO - Loaded instance (n=17, m=142, k=2)
2026-01-20 11:00:38,103 - final_problem_set.kxor_instance_n17_k2_m142_ell2_eps0.2_kappa0.875_rho0.6 - INFO - Starting step 'ComputeKikuchiStep' (version 0.1) on problem kxor_instance_n17_k2_m142_ell2_eps0.2_kappa0.875_rho0.6 (fields={'ell': 2, 'threshold': 0.0})
2026-01-20 11:00:38,118 - final_problem_set.kxor_instance_n17_k2_m142_ell2_eps0.2_kappa0.875_rho0.6 - INFO - Finished step 'ComputeKikuchiStep' in 0.015s (success: True, problem=kxor_instance_n17_k2_m142_ell2_eps0.2_kappa0.875_rho0.6)
2026-01-20 11:00:38,118 - final_problem_set.kxor_instance_n17_k2_m142_ell2_eps0.2_kappa0.875_rho0.6 - INFO - Starting step 'ClassicalEigenvaluesStep' (version 0.1) on problem kxor_instance_n17_k2_m142_ell2_eps0.2_kappa0.875_rho0.6 (fields={'ell': 2, 'threshold': 0.0, 'kikuchi_matrix': <Dictionary Of Keys sparse matrix of dtype 'int64'
	with 2550 stored elements and shape (136, 136)>, 'num_eigenvalues': 5})
2026-01-20 11:00:38,166 - final_problem_set.kxor_instance_n17_k2_m142_ell2_eps0.2_kappa0.875_rho0.6 - INFO - Finished step 'ClassicalEigenvaluesStep' in 0.048s (success: True, problem=kxor_instance_n17_k2_m142_ell2_eps0.2_kappa0.875_rho0.6)
2026-01-20 11:00:38,166 - final_problem_set.kxor_instance_n17_k2_m142_ell2_eps0.2_kappa0.875_rho0.6 - INFO - Starting step 'KeyExtractionStep' (version 0.1) on problem kxor_instance_n17_k2_m142_ell2_eps0.2_kappa0.875_rho0.6 (fields={'ell': 2, 'threshold': 0.0, 'kikuchi_matrix': <Dictionary Of Keys sparse matrix of dtype 'int64'
	with 2550 stored elements and shape (136, 136)>, 'num_eigenvalues': 5, 'eigenvalues': array([-9.18450177,  9.58037905,  9.96761059, 10.64722133, 14.37372575]), 'eigenvectors': array([[ 4.78392046e-03,  1.61356439e-01,  7.58736251e-02,  4.36769808e-02, -1.16619305e-01],
       [ 7.44482220e-02,  8.09486596e-02, -2.82789066e-02,  8.85748285e-03,  1.21357399e-01],
       [-1.00616818e-01, -1.60234210e-01,  4.54445137e-02,  7.96832256e-02,  1.25807349e-01],
       [ 3.07448782e-02,  2.31313647e-02, -1.11604088e-01,  6.13800713e-02, -9.94205268e-02],
       [ 4.07106753e-02,  4.89193788e-02, -2.49370277e-02, -4.48886873e-02,  1.50034099e-01],
       [ 1.61092661e-01, -2.57366277e-01, -3.78646367e-02, -3.35524004e-02, -1.00015920e-01],
       [-6.06910933e-02,  3.71185867e-02,  1.73361163e-01,  2.00958786e-03,  6.42313724e-02],
       [-4.30482029e-02, -6.62394041e-02,  1.05182414e-01,  5.44932796e-02, -1.33305470e-01],
       [-6.46986964e-02, -9.21639935e-02,  1.24074030e-01, -2.77371490e-03,  1.01616898e-01],
       [-8.00609607e-02, -5.37894083e-03,  9.55831874e-03, -6.27862769e-03, -1.44928043e-01],
       [-4.43512781e-02, -4.37883269e-02,  2.07396956e-02, -8.66440687e-02, -1.25674104e-01],
       [-7.28267377e-02, -5.68126074e-02, -4.91505290e-03, -1.91344446e-01, -5.18176087e-02],
       [ 8.24458956e-02,  1.14092534e-02, -4.53611882e-02, -7.61583368e-02,  1.83275158e-01],
       [ 4.36210361e-02,  4.63270202e-02, -1.12365717e-02, -1.08123636e-01,  1.00362199e-01],
       [-1.89015268e-01, -3.19149686e-02, -2.10591521e-01,  8.35205888e-02,  1.05370896e-01],
       [-1.22960435e-01,  4.34233226e-02, -6.45181745e-02, -2.05553803e-01, -1.28193958e-02],
       [ 3.30557701e-02, -6.89086099e-02, -5.46279255e-02, -2.59961079e-02,  8.57088922e-02],
       [-3.36955552e-02, -1.77052921e-01, -7.50566513e-03,  1.39758121e-02,  6.99247795e-02],
       [-2.67706842e-04,  1.30134950e-01, -3.95153010e-02,  7.22683758e-02, -7.16896975e-02],
       [ 6.02073629e-03, -1.22417399e-01, -5.08800124e-02, -6.36289319e-02,  9.33052921e-02],
       [-7.52620701e-03, -6.30556298e-02,  5.98425711e-03,  1.86132866e-03, -7.49878098e-02],
       [-2.29876516e-02, -3.36089101e-02,  8.65211831e-02, -1.39165688e-02,  4.15912461e-02],
       [ 5.91754379e-03,  9.52579096e-02,  9.12374557e-02,  6.44091549e-02, -8.38324058e-02],
       [-2.49536217e-03, -1.33272243e-01,  3.80722286e-02, -2.51926775e-02,  6.26667861e-02],
       [-2.75022729e-02,  1.57458307e-01,  5.03766622e-02,  3.90493508e-02, -1.02661885e-01],
       [ 5.10303779e-03,  1.03929732e-01,  5.36747789e-02, -2.37413549e-02, -9.41256290e-02],
       [-2.13408707e-02,  2.90881291e-03,  1.50386237e-02, -1.08831004e-01, -4.24256146e-02],
       [ 6.30584991e-03, -1.82315013e-01, -7.66296122e-02, -9.02484259e-02,  1.11542104e-01],
       [-9.52662543e-03, -6.14722368e-02, -3.25766606e-02, -8.36521669e-02,  6.15566494e-02],
       [-4.41003997e-02, -1.18996237e-01, -1.43169732e-01,  2.36205920e-02,  6.69828018e-02],
       [-8.59802665e-03,  1.68360711e-02, -3.46907784e-02, -1.21623418e-01, -9.80828171e-03],
       [-1.14338420e-01,  6.37156748e-02, -2.95170799e-02, -5.25143150e-02, -8.54966933e-02],
       [ 2.00023023e-02,  2.32175465e-02,  8.21563420e-02, -4.58145024e-02,  8.44843597e-02],
       [ 4.36190187e-02, -9.32927127e-02,  2.52054744e-02,  2.98263762e-02, -1.24827650e-01],
       [ 1.87476002e-01,  1.80671251e-01,  2.08437511e-02,  2.55426750e-02,  6.74179995e-02],
       [-5.56362444e-02, -3.36071419e-02, -1.15416833e-01, -1.08815958e-03, -4.22623851e-02],
       [-7.14334384e-02,  8.66933399e-02, -7.48399311e-02, -3.05808408e-02,  9.87264751e-02],
       [-6.50902724e-02,  3.14069859e-02, -9.05590410e-02, -1.95673118e-03, -8.49919701e-02],
       [-6.83692807e-02,  6.54058243e-02, -1.18010862e-02,  9.98969523e-03,  1.35240120e-01],
       [-6.25063690e-02,  6.86241358e-02, -1.79009126e-02,  5.93166420e-02,  9.29605750e-02],
       [-1.04207844e-01,  5.58588031e-02, -4.01543770e-03,  1.36840192e-01,  4.31819253e-02],
       [ 1.26285454e-01, -7.18073715e-02,  3.36873948e-02,  4.26117466e-02, -1.33486768e-01],
       [ 7.87179919e-02, -5.85976394e-02,  1.08421674e-02,  6.70684204e-02, -7.37093861e-02],
       [-1.64287384e-01, -1.87077063e-02,  1.49413349e-01, -6.17502143e-02, -7.96343214e-02],
       [-1.52082607e-01, -3.02067485e-02,  4.43297255e-02,  1.40955925e-01,  9.88509209e-03],
       [-2.68089152e-02, -1.03189108e-01,  1.01255293e-01,  3.25344139e-03,  6.63423293e-02],
       [-7.31337979e-02,  1.33256853e-01, -5.12325223e-02, -3.93890299e-02, -1.18826636e-01],
       [-2.15535424e-01,  6.60912961e-02,  7.87887379e-02,  7.02827656e-02,  7.96602288e-02],
       [ 1.05786383e-01,  2.59420116e-02, -1.28986098e-01, -2.28248531e-02, -4.26105160e-02],
       [ 6.53763563e-02, -1.06975953e-01, -1.40642557e-02,  2.64616031e-02,  1.06588126e-01],
       [ 7.84428803e-02,  1.26018285e-01, -1.03219380e-01, -3.40345880e-02, -6.55456537e-02],
       [ 1.10650118e-01, -1.37463941e-01,  4.88310780e-02,  6.57101499e-02,  9.95222821e-02],
       [ 4.79218808e-02, -8.94711228e-02,  3.40495594e-02,  1.00596142e-01,  8.31020470e-02],
       [ 1.28059574e-01,  9.16242111e-03,  1.58250029e-02,  1.29409804e-01,  3.72457070e-02],
       [-1.13272478e-01,  1.84445111e-01, -5.05180409e-02, -3.84574468e-02, -1.25389427e-01],
       [-6.98310221e-02,  7.64817230e-02, -4.07391115e-02,  2.69378871e-02, -8.07765071e-02],
       [ 2.31175202e-01,  1.44145509e-01,  9.55845707e-02, -1.04379382e-01, -8.19724007e-02],
       [ 1.48029903e-01,  4.17358261e-04,  3.19446482e-02,  1.21869656e-01,  1.23696556e-03],
       [ 1.90892159e-03, -1.53602114e-02,  1.03632169e-01, -8.29185858e-02,  8.95411142e-02],
       [-2.12433237e-02, -1.32210622e-01, -1.14453227e-01,  1.89865001e-02, -6.07788748e-02],
       [-1.99994174e-02,  1.44292296e-02,  1.35296113e-01, -1.55928297e-02,  3.24190078e-02],
       [ 2.03299540e-02, -2.33192808e-03, -4.65612252e-02,  9.57689788e-02, -9.22519071e-02],
       [ 4.39383291e-02, -7.62993841e-02,  1.69582232e-01, -4.81190789e-02,  6.39831349e-02],
       [ 4.23799259e-03,  3.28000222e-02, -1.05552674e-01,  5.17412693e-02, -8.37875377e-02],
       [ 1.89305218e-02,  2.64101276e-03, -7.62899708e-02, -7.83475925e-03, -7.53679488e-02],
       [-3.35179100e-02, -2.42423584e-02, -4.72593029e-02, -1.03933004e-01, -4.41191472e-02],
       [-9.87647945e-03, -4.23523473e-02,  1.30108247e-01, -1.18189454e-01,  1.06261033e-01],
       [-2.05626033e-02,  1.17650714e-03,  9.27103496e-02, -1.18190040e-01,  6.89129341e-02],
       [ 5.44970480e-02, -6.46052420e-02, -6.53123397e-02,  1.67434913e-02,  8.35726476e-02],
       [ 3.89021039e-02,  2.37821769e-02, -3.44411062e-02, -1.27146867e-01, -8.63231341e-03],
       [ 6.80908629e-02,  2.16858551e-01,  3.49512633e-02,  5.55492717e-03,  8.18177920e-02],
       [-2.70614498e-02, -3.09032844e-02, -1.54585080e-01,  9.29841724e-03, -5.04315890e-02],
       [-1.72556728e-02,  7.03415239e-02, -8.51239582e-02, -8.77728935e-02,  1.18416454e-01],
       [-2.10340246e-02,  7.87374981e-02, -1.29443483e-01,  3.70440092e-02, -1.02642885e-01],
       [-5.25852104e-02,  1.19237702e-02, -1.35515841e-04, -3.70796076e-02,  1.30767099e-01],
       [-1.54024830e-02,  5.79388996e-02, -1.90665016e-02,  4.82385565e-02,  1.31838243e-01],
       [-5.24314599e-02,  5.85796187e-02,  8.08382034e-04,  1.67960987e-01,  5.93740627e-02],
       [ 5.37098895e-02, -2.68123899e-02,  2.73990837e-02,  1.25674919e-01, -1.64359174e-01],
       [ 2.41238036e-02, -4.74960155e-02,  1.53720504e-03,  1.25555318e-01, -8.83158914e-02],
       [-5.94290475e-02,  1.10577400e-02,  1.89005125e-01, -5.02034759e-02, -9.89375265e-02],
       [-6.03339327e-02, -4.19856997e-02,  5.70112685e-02,  1.86820740e-01,  1.45498069e-02],
       [-1.66334799e-01,  8.50285320e-02,  1.20308861e-01,  5.88916371e-03,  3.39156615e-02],
       [-3.57745402e-02, -2.04936431e-01,  1.23876246e-02,  1.62819733e-03, -7.33167622e-02],
       [-5.50778366e-02,  7.98951530e-02,  1.17643532e-01,  1.41151068e-02,  6.40148036e-02],
       [-1.57996670e-01, -1.92088068e-01, -4.50903112e-02, -2.87892201e-02, -8.06470961e-02],
       [-2.46637966e-02, -1.73804601e-01, -2.66856761e-02, -6.16627678e-02, -7.06228223e-02],
       [-2.02947897e-01, -6.35255890e-02, -3.94917890e-03, -1.04459993e-01, -3.22238764e-02],
       [ 1.40576983e-01,  2.57784848e-01,  4.53012649e-02, -1.55054170e-03,  1.01028043e-01],
       [ 4.18136224e-02,  1.43154910e-01,  2.82601268e-02, -3.66446945e-02,  5.63389786e-02],
       [-2.44839484e-01,  1.50830578e-01, -1.12530489e-01,  8.04374214e-02,  7.36184307e-02],
       [-1.56748129e-01,  4.88239258e-02, -2.56697517e-02, -1.07029702e-01, -7.00574578e-03],
       [ 5.14003694e-02,  3.95366617e-02,  1.17347386e-01, -2.01473562e-02,  5.46095004e-02],
       [ 5.51940136e-02,  1.23420616e-03, -1.32073403e-01,  5.34312798e-03, -3.30698323e-02],
       [ 7.75794544e-02,  2.63042336e-02,  1.60809836e-01,  3.23105175e-03,  5.84729480e-02],
       [ 4.99980631e-02,  3.18527706e-02,  1.28812904e-01,  3.12787436e-02,  5.05203386e-02],
       [ 6.43541921e-02,  1.84862756e-02,  3.61705960e-02,  5.69853313e-02,  2.03809858e-02],
       [-8.86924541e-02, -3.26943920e-02, -2.02364038e-01,  2.95158431e-02, -7.30288802e-02],
       [-6.26458453e-02, -2.91170481e-02, -1.15039676e-01,  3.88303511e-02, -3.76851875e-02],
       [ 1.26314516e-01,  3.38695731e-03, -3.21119395e-02, -3.99022992e-02, -5.14878403e-02],
       [ 1.25725898e-01, -1.31647080e-02,  1.18933060e-02,  6.64737137e-02,  3.15728948e-03],
       [-3.72713682e-03, -5.76606362e-02,  6.15714747e-02, -4.27158750e-02,  9.46346179e-02],
       [ 5.29641888e-02, -3.16096638e-02,  7.20036303e-02,  4.50139907e-02, -1.18608993e-01],
       [-1.16384571e-02, -6.81115950e-02,  8.52341907e-02, -3.33579545e-02, -1.15406587e-01],
       [ 6.39200267e-02, -6.08118401e-02,  2.61365001e-02, -1.47276931e-01, -5.26080423e-02],
       [-2.80689090e-02,  4.90302939e-02, -1.19094981e-01, -1.25219062e-01,  1.44733194e-01],
       [ 8.53490504e-03,  6.35878234e-02, -5.88076233e-02, -1.33563969e-01,  8.79684241e-02],
       [ 4.23361995e-02,  5.56680204e-03, -2.14055105e-01,  3.78674234e-02,  8.39601471e-02],
       [ 1.22938919e-02,  3.09635805e-02, -3.85422514e-02, -1.60664893e-01, -1.92201971e-02],
       [ 3.38588873e-02, -8.96690246e-02,  1.18801305e-01, -4.44005534e-03,  8.84971425e-02],
       [-8.02222810e-03, -5.88224130e-02,  1.01958360e-01,  5.29243853e-02,  8.85287957e-02],
       [ 7.65773618e-02,  5.87852075e-03,  3.14411797e-02,  1.15686599e-01,  3.94375567e-02],
       [-2.10558507e-02,  1.16109686e-01, -1.47838405e-01,  4.85568748e-02, -1.10328096e-01],
       [-1.20465501e-03,  3.44380880e-02, -8.22074275e-02,  6.30137330e-02, -5.98888538e-02],
       [ 8.79648794e-03,  1.12835597e-01,  4.85669572e-02, -6.17438523e-02, -8.50084451e-02],
       [ 2.51785778e-03, -1.06495216e-02,  1.36989661e-02,  1.21025995e-01,  4.42114566e-03],
       [ 4.26570356e-02, -1.99096274e-02,  4.74995916e-03, -7.84651917e-02, -1.09423175e-01],
       [ 1.13778201e-01, -4.58770756e-02, -8.40647948e-03, -1.74023613e-01, -5.47512080e-02],
       [-1.08184501e-01, -2.20323005e-02, -1.29362833e-02, -6.44965064e-02,  1.59572734e-01],
       [-5.09547301e-02,  2.58519999e-02,  5.37390845e-03, -1.04975408e-01,  1.02713768e-01],
       [ 1.34612709e-01, -4.38737658e-02, -1.72235820e-01,  7.72695661e-02,  9.66311430e-02],
       [ 1.15190543e-01,  3.61722826e-02, -5.35808737e-02, -1.81645102e-01, -9.48177802e-03],
       [ 6.86069686e-02, -4.11149212e-02, -7.61979960e-03, -1.46212903e-01, -3.75521957e-02],
       [-2.68771634e-02,  2.96538699e-02, -2.98946153e-02,  4.55481019e-02,  1.41665668e-01],
       [ 9.09974516e-03,  5.50356823e-02, -7.75174390e-03, -3.03495815e-02,  1.00824541e-01],
       [ 3.02290201e-02, -9.72471070e-03, -1.45270345e-01,  1.07147665e-01,  8.12066768e-02],
       [ 5.12468722e-03,  3.58139526e-02, -5.25744961e-02, -1.48060401e-01, -4.82495687e-03],
       [-9.60789001e-02,  6.24111327e-02, -7.82906445e-03,  1.94624378e-01,  8.63992609e-02],
       [-7.65653217e-02,  4.32528781e-02, -4.95031043e-03,  9.10535958e-02,  4.25282228e-02],
       [ 1.92421293e-01,  3.18363645e-02, -2.72268694e-02,  1.31172381e-01,  3.36371219e-02],
       [ 1.78354109e-01,  1.55189628e-02, -2.19873563e-02, -4.42379928e-02,  2.94120489e-03],
       [ 3.53345809e-02, -3.55584714e-02,  6.95559979e-03,  1.66089620e-01, -1.06759343e-01],
       [-1.26634592e-01,  5.22519710e-02,  2.55448250e-01, -5.34892603e-02, -1.20906387e-01],
       [-7.87208226e-02, -4.88384688e-02,  6.37226098e-02,  2.19781827e-01,  2.90032564e-02],
       [-6.70644411e-02, -2.95335260e-03,  1.45158248e-01,  1.61780765e-02, -7.65320765e-02],
       [-1.46943049e-02, -2.35538457e-02,  3.18961205e-02,  1.12955650e-01,  1.41928852e-02],
       [ 1.35560650e-01, -2.44166856e-02,  6.78203782e-02,  1.21179246e-01,  5.30640800e-03]])})
2026-01-20 11:00:38,168 - final_problem_set.kxor_instance_n17_k2_m142_ell2_eps0.2_kappa0.875_rho0.6 - INFO - Running key extraction (n=17, m=142, ell=2, phase_qubits=12)
2026-01-20 11:00:38,170 - final_problem_set.kxor_instance_n17_k2_m142_ell2_eps0.2_kappa0.875_rho0.6 - INFO - Built voting matrix V (n=17, ell=2, dtype=complex128) in 0.001s
2026-01-20 11:00:38,170 - final_problem_set.kxor_instance_n17_k2_m142_ell2_eps0.2_kappa0.875_rho0.6 - INFO - Eval: adv=0.6056, hamming=0/17 (0.000), corr=1.000
2026-01-20 11:00:38,170 - final_problem_set.kxor_instance_n17_k2_m142_ell2_eps0.2_kappa0.875_rho0.6 - INFO - Key extraction complete: x_hat=13
2026-01-20 11:00:38,170 - final_problem_set.kxor_instance_n17_k2_m142_ell2_eps0.2_kappa0.875_rho0.6 - INFO - Finished step 'KeyExtractionStep' in 0.002s (success: True, problem=kxor_instance_n17_k2_m142_ell2_eps0.2_kappa0.875_rho0.6)
2026-01-20 11:00:38,170 - final_problem_set.kxor_instance_n17_k2_m142_ell2_eps0.2_kappa0.875_rho0.6 - INFO - SUCCESS: len(z_hat)=17
2026-01-20 11:00:38,170 - final_problem_set.kxor_instance_n17_k2_m142_ell2_eps0.2_kappa0.875_rho0.6 - INFO - Metrics: adv=0.6056338028169014, ham_frac=0.0, corr=1.0
2026-01-20 11:00:38,171 - final_problem_set.kxor_instance_n17_k2_m142_ell2_eps0.2_kappa0.875_rho0.6 - INFO - z_hat (full): [-1, -1,  1,  1, -1,  1, -1,  1, -1,  1, -1, -1, -1,  1,  1,  1, -1]
