2026-01-20 11:01:43,451 - final_problem_set.kxor_instance_n25_k2_m247_ell2_eps0.25_kappa0.875_rho0.6 - INFO - Starting iteration for /Users/julian/CodingProjects/UniT3/QuarticSpeedupK-XOR/z_Daphne/data/final_problem_set/kxor_instance_n25_k2_m247_ell2_eps0.25_kappa0.875_rho0.6.npz
2026-01-20 11:01:43,452 - final_problem_set.kxor_instance_n25_k2_m247_ell2_eps0.25_kappa0.875_rho0.6 - INFO - Loaded instance (n=25, m=247, k=2)
2026-01-20 11:01:43,452 - final_problem_set.kxor_instance_n25_k2_m247_ell2_eps0.25_kappa0.875_rho0.6 - INFO - Starting step 'ComputeKikuchiStep' (version 0.1) on problem kxor_instance_n25_k2_m247_ell2_eps0.25_kappa0.875_rho0.6 (fields={'ell': 2, 'threshold': 0.0})
2026-01-20 11:01:43,493 - final_problem_set.kxor_instance_n25_k2_m247_ell2_eps0.25_kappa0.875_rho0.6 - INFO - Finished step 'ComputeKikuchiStep' in 0.041s (success: True, problem=kxor_instance_n25_k2_m247_ell2_eps0.25_kappa0.875_rho0.6)
2026-01-20 11:01:43,493 - final_problem_set.kxor_instance_n25_k2_m247_ell2_eps0.25_kappa0.875_rho0.6 - INFO - Starting step 'ClassicalEigenvaluesStep' (version 0.1) on problem kxor_instance_n25_k2_m247_ell2_eps0.25_kappa0.875_rho0.6 (fields={'ell': 2, 'threshold': 0.0, 'kikuchi_matrix': <Dictionary Of Keys sparse matrix of dtype 'int64'
	with 7544 stored elements and shape (300, 300)>, 'num_eigenvalues': 5})
2026-01-20 11:01:43,635 - final_problem_set.kxor_instance_n25_k2_m247_ell2_eps0.25_kappa0.875_rho0.6 - INFO - Finished step 'ClassicalEigenvaluesStep' in 0.142s (success: True, problem=kxor_instance_n25_k2_m247_ell2_eps0.25_kappa0.875_rho0.6)
2026-01-20 11:01:43,635 - final_problem_set.kxor_instance_n25_k2_m247_ell2_eps0.25_kappa0.875_rho0.6 - INFO - Starting step 'KeyExtractionStep' (version 0.1) on problem kxor_instance_n25_k2_m247_ell2_eps0.25_kappa0.875_rho0.6 (fields={'ell': 2, 'threshold': 0.0, 'kikuchi_matrix': <Dictionary Of Keys sparse matrix of dtype 'int64'
	with 7544 stored elements and shape (300, 300)>, 'num_eigenvalues': 5, 'eigenvalues': array([-11.72113904,  11.76430493,  11.83822487,  12.45364362,  15.46562016]), 'eigenvectors': array([[ 7.30282625e-02, -3.59016080e-02, -1.29588255e-01, -9.12538846e-03,  7.31444487e-02],
       [ 8.07339415e-02, -5.38976713e-02,  1.31711179e-03, -3.36427855e-02,  2.43050655e-02],
       [-8.74537043e-02, -5.04932201e-02,  1.40932906e-03,  2.10891702e-03, -5.74901648e-02],
       [-3.78161541e-02,  6.48973908e-03, -4.18301543e-02, -6.19988149e-02,  3.83521145e-02],
       [-2.17927302e-02, -2.50376084e-02, -1.14925969e-02, -2.91424822e-02,  3.44264109e-02],
       [-5.16821609e-02,  9.01893331e-04,  1.05436711e-01,  2.22565414e-02, -6.46192309e-02],
       [-7.25898158e-02,  7.76379450e-03,  4.31536709e-02, -3.19564462e-03, -4.33419214e-02],
       [-1.04204055e-01, -2.70977321e-02, -5.73107312e-02, -1.70185406e-02, -3.28082523e-02],
       [ 7.07263386e-02, -3.94417177e-02,  3.36721561e-02, -6.60611711e-02, -3.74250929e-02],
       [-3.46986711e-02,  3.72565375e-02, -7.71383593e-02, -3.23254582e-02,  4.52865215e-02],
       [-2.81349704e-02,  1.57070454e-02,  8.63735241e-02, -3.75940529e-02, -4.03567125e-02],
       [-1.23006223e-01,  2.15666765e-03, -3.36868883e-02, -7.91271963e-02,  6.26932797e-02],
       [-8.53272494e-02, -5.01594138e-02, -7.26500931e-02, -3.87709502e-03,  3.96021768e-02],
       [ 1.08808972e-01,  1.44174207e-02,  7.03096116e-02, -5.13508412e-03, -5.24009209e-02],
       [-6.63780673e-02,  5.08426059e-02,  4.69846474e-02, -1.86003998e-02, -3.37666477e-02],
       [-1.34172921e-02,  6.49877845e-02, -6.89070505e-03,  3.06051641e-02, -3.38484617e-02],
       [-1.58013049e-01, -2.77498643e-02, -9.65687462e-02,  2.83231168e-02,  6.13240738e-02],
       [ 1.33071205e-01, -2.68772841e-02, -9.16744749e-02, -5.22014767e-02,  1.90429238e-02],
       [-2.40513447e-02,  1.09373323e-02,  5.18776930e-02,  2.95618521e-04, -4.59145918e-02],
       [ 7.73449929e-02,  2.27862893e-02, -4.20827464e-03,  6.98103696e-03,  5.27395769e-02],
       [ 1.17744378e-01, -1.23845532e-04,  4.90957475e-02,  5.25349635e-02, -6.16001510e-02],
       [-1.85082438e-02, -1.97744765e-02,  4.92595985e-02,  1.00876844e-02, -3.65991003e-02],
       [-3.55900779e-03,  4.35227262e-02, -7.56240772e-02, -8.01983079e-03,  3.91721979e-02],
       [-9.77041630e-02, -6.75214046e-03,  1.10681490e-01,  2.98691974e-02, -6.05955593e-02],
       [-4.33845657e-02,  1.43092585e-01, -2.87553623e-02,  5.27597155e-02, -5.98827937e-02],
       [ 8.85592082e-02,  5.03586259e-02,  5.48911210e-02,  3.97307572e-02,  8.65176530e-02],
       [ 3.76663229e-02, -5.39720978e-03,  3.38766103e-02,  1.09420966e-01, -8.05626270e-02],
       [ 1.86856149e-02,  5.25459888e-02, -3.58214797e-02,  2.88145774e-02, -4.82241978e-02],
       [ 5.03750655e-02, -2.09091297e-02, -7.46682661e-02,  1.18162192e-02,  9.55850468e-02],
       [ 6.80851312e-02, -3.95030148e-02, -1.66882820e-02,  4.39735311e-02,  7.64309668e-02],
       [ 7.95304242e-02,  1.33870212e-02,  1.31219892e-01,  5.74761829e-02,  5.60882987e-02],
       [-8.71800913e-02,  4.63889974e-02, -2.78665655e-02,  1.69937342e-01,  6.31782610e-02],
       [ 2.82589778e-02, -6.53029668e-02,  8.29175522e-02,  3.74384001e-02, -8.40941475e-02],
       [ 3.42298700e-02, -3.46386835e-02, -7.69247151e-02,  9.62052803e-02,  5.47180927e-02],
       [ 9.73490897e-02,  2.79861910e-02, -2.07324735e-02,  1.01830683e-01, -1.14211370e-01],
       [ 8.95996390e-02,  9.88712982e-02,  6.51025198e-02, -2.63193657e-02, -5.85430336e-02],
       [-8.65913546e-02, -5.97740530e-02, -4.56630774e-02,  6.17310476e-02,  8.23263125e-02],
       [ 5.72661573e-02, -1.08385585e-01, -2.85899542e-02,  6.66874528e-02,  5.28754312e-02],
       [ 2.47589072e-02, -1.10765063e-01,  7.03584849e-02, -3.03846487e-02,  4.21903066e-02],
       [ 1.06330240e-01,  6.76674830e-02,  6.47043510e-02, -9.39584742e-02, -8.72594269e-02],
       [-1.04270276e-01,  3.97130325e-02,  1.21195282e-01,  8.55953277e-02, -3.13290097e-02],
       [ 2.59313709e-02, -3.05795413e-02, -1.62149262e-02,  3.02383648e-02,  6.29881172e-02],
       [-6.44300088e-02,  2.12474148e-03, -5.63577528e-02, -5.65117867e-02, -9.22957582e-02],
       [-9.71443415e-02, -2.90322339e-02,  4.70543714e-03, -6.26628662e-02,  1.12847090e-01],
       [ 3.91520733e-03,  2.25019378e-02, -3.71392308e-02,  1.67961595e-03,  6.19342509e-02],
       [ 2.28335015e-03, -6.81799302e-02,  8.66341257e-02, -1.75650045e-02, -7.13847640e-02],
       [ 7.01957218e-02,  2.21793045e-04, -1.10324736e-01, -6.17761422e-03,  1.06549331e-01],
       [ 5.49542637e-02, -5.12728195e-02,  8.68029528e-02, -2.92080007e-02,  4.43114406e-02],
       [ 1.72965668e-02,  5.56407053e-02, -2.25198539e-02,  5.81769308e-02, -2.82078290e-02],
       [ 3.21517050e-02,  7.17250453e-02, -3.96751883e-02,  3.25281523e-02, -2.15016781e-02],
       [ 2.62101839e-02, -1.09679940e-01,  3.64249045e-02, -5.62490061e-02,  5.16283302e-02],
       [ 6.01190485e-02, -6.75525209e-02,  3.69120810e-02, -2.42391105e-02,  3.09257403e-02],
       [ 5.51124627e-02, -2.48422890e-02,  7.92488990e-02,  6.45453916e-03,  1.64872943e-02],
       [-8.32175750e-02, -3.12991747e-02,  4.62602379e-02,  3.00160589e-02,  3.43314515e-02],
       [ 2.18582011e-02,  4.89984223e-02, -2.05619935e-02,  6.26059800e-02, -4.30492964e-02],
       [ 2.46259382e-02, -7.58718597e-02,  1.34073197e-02, -1.31576477e-03,  3.42315934e-02],
       [ 3.39138931e-02,  9.45541187e-02, -5.28730483e-02,  6.85935276e-02, -3.89553300e-02],
       [ 7.91436514e-02,  1.04306629e-01, -1.46499070e-02,  3.47844166e-02, -3.36662428e-02],
       [-3.24695321e-02, -9.92127993e-02,  4.24076614e-02, -2.90407380e-02,  4.04447480e-02],
       [ 2.61020620e-02, -8.16109879e-02,  2.07986283e-02, -5.95255383e-03,  2.45000778e-02],
       [ 1.77176548e-02, -7.47617582e-02,  3.88557802e-02, -2.26119645e-02,  1.72608098e-02],
       [ 3.38444353e-02,  1.07214677e-01, -4.08684126e-02,  2.81955786e-02, -4.48976749e-02],
       [-5.04974318e-02,  5.43060328e-02,  2.98521899e-02,  5.09457078e-02, -1.53314724e-02],
       [ 6.62788512e-03, -7.93942820e-02,  4.03220295e-02, -2.17498889e-02,  3.18268006e-02],
       [-3.36419459e-02,  6.18693213e-02, -6.55778794e-02,  1.95716170e-02, -3.24141971e-02],
       [-6.10047959e-02, -1.07574236e-01,  5.67731030e-02, -6.52257528e-02,  4.26599131e-02],
       [-1.90405950e-02, -5.27024938e-02,  3.06777372e-02, -3.24324901e-02,  3.06295873e-02],
       [ 3.01211821e-03,  3.10571566e-02, -7.69482678e-03,  3.31630278e-02, -3.61838319e-02],
       [ 1.23634391e-02, -1.08179520e-01,  2.25778662e-02, -7.99289056e-02,  6.41064194e-02],
       [-4.09835284e-02,  9.12623207e-02,  6.39003661e-02, -7.71764004e-02,  5.74458430e-02],
       [-3.36815182e-02,  8.03297412e-03,  7.84710154e-02, -1.65818929e-02,  4.27902754e-02],
       [-4.85244666e-02, -9.09827446e-02, -5.98590978e-02, -1.52129793e-02, -8.59898087e-02],
       [-7.45001969e-02, -3.86492777e-02, -7.19114261e-02, -3.59222817e-02, -5.94259651e-02],
       [-1.26810474e-01, -3.57555384e-02, -1.09595861e-01, -3.45653460e-02, -2.89457566e-02],
       [ 8.10130983e-02, -7.11496055e-02, -3.32200110e-02, -1.10526713e-01, -4.86760499e-02],
       [-3.37639749e-02,  1.30614561e-01,  3.29100678e-02, -2.01147485e-02,  6.11502505e-02],
       [-3.13509163e-02, -1.85480622e-02, -4.80934884e-03, -8.32031804e-02, -5.65474633e-02],
       [-9.42071614e-02,  8.14048640e-02,  1.14422155e-01, -5.60351000e-02,  7.19373533e-02],
       [-8.66732098e-02, -2.92754671e-02,  1.49028581e-02,  2.93080585e-02,  5.28602551e-02],
       [ 9.50719684e-02, -2.81971344e-02, -5.19683898e-02, -4.47586578e-02, -6.90944876e-02],
       [-3.83166915e-02,  4.27521798e-02, -4.77161496e-02, -7.18505757e-02, -5.69029120e-02],
       [-2.94575717e-02,  5.44005799e-02, -8.34104233e-02,  1.35410006e-02, -3.27403731e-02],
       [-1.38887936e-01,  2.36102225e-02,  5.03063046e-02,  8.26843389e-02,  8.51743968e-02],
       [ 1.04835577e-01,  1.99259559e-02, -4.00624994e-02, -6.03272847e-02,  3.33541601e-02],
       [-1.95537469e-02, -3.71450329e-02, -5.65193477e-02, -2.47732537e-02, -6.01206808e-02],
       [ 7.55027444e-02,  6.23326549e-02,  1.03098808e-01,  3.62193365e-02,  5.78411109e-02],
       [ 1.21759606e-01, -8.84454449e-02, -1.15019742e-01,  3.25908858e-02, -7.80593189e-02],
       [-1.01263087e-02, -7.14985435e-02, -3.42237562e-02, -9.23755269e-03, -4.78047889e-02],
       [-3.19966050e-03,  1.20015433e-01,  1.31330605e-02,  1.18007582e-02,  5.29479560e-02],
       [-8.49546478e-02, -1.10421729e-01, -4.97079305e-02, -3.88694277e-03, -8.25350320e-02],
       [-2.33267348e-02,  6.25350804e-03, -2.48913218e-02,  6.15338338e-02, -3.27140812e-02],
       [-2.84030980e-02,  4.55013276e-02, -1.76925123e-02, -1.16511487e-01,  7.40102251e-02],
       [-4.06629989e-02,  1.63165275e-02,  1.32519356e-02, -5.75331574e-02,  5.25421180e-02],
       [-5.27965570e-02,  5.10171400e-02,  9.22221151e-02, -8.74337808e-03,  3.16622963e-02],
       [ 5.49056700e-02,  7.13865499e-02,  1.34888490e-02,  3.21953236e-02,  5.44842751e-02],
       [-1.61473836e-02, -7.73199697e-02,  1.32413488e-02,  1.08837392e-01, -4.69976169e-02],
       [-8.55957080e-03, -2.04385213e-03, -3.96857197e-02, -1.05948365e-02,  5.63326503e-02],
       [-4.70608768e-02, -4.17408606e-02, -3.48769527e-02,  1.46231093e-01, -5.38434101e-02],
       [-3.37472497e-02,  5.25942108e-02,  3.51283504e-02,  7.35805666e-02, -5.66691798e-02],
       [ 2.32923051e-02,  1.18955610e-02, -6.31289425e-03, -6.99916281e-02,  7.58175610e-02],
       [-2.66355180e-02, -5.73939096e-02, -1.41704805e-02, -2.28929563e-02,  5.17716545e-02],
       [-1.01161883e-02, -5.12655492e-02,  3.65022730e-02, -5.58312500e-02,  2.96932772e-02],
       [-5.74885045e-02,  1.65095033e-03,  1.97174242e-02,  4.95947619e-02, -8.03104430e-02],
       [ 3.62342650e-02,  2.02277397e-02,  6.45939693e-02,  7.39434174e-02, -1.83677670e-02],
       [-5.06762894e-03,  1.64348748e-02,  4.05720684e-03, -4.61399796e-02,  4.93159956e-02],
       [ 2.94658753e-02, -5.84170451e-02, -6.21301865e-02,  5.67789261e-02, -5.99482399e-02],
       [ 6.96499667e-02,  4.73123122e-02,  2.96085059e-02, -1.47471772e-01,  6.13862620e-02],
       [-6.31803729e-03,  5.55014598e-02, -4.81486078e-03, -7.07364398e-02,  4.48251029e-02],
       [ 2.94386505e-03, -6.75942662e-02,  1.75494940e-02,  5.44573231e-02, -4.02619354e-02],
       [-2.17417392e-02,  5.14776866e-02, -2.52767442e-02, -1.36168215e-01,  7.12283797e-02],
       [-1.28428018e-02, -3.32849871e-02,  3.46450340e-02, -3.70449321e-02,  5.38999546e-02],
       [-1.08502756e-02, -3.15697496e-02,  3.62674406e-02, -8.18993878e-03,  3.42880279e-02],
       [-2.04119163e-02, -6.99719674e-05,  7.26061243e-02,  1.43007412e-02,  1.95237868e-02],
       [ 7.12857764e-03,  5.98879489e-03,  3.40122273e-02,  5.77928541e-02,  3.58838754e-02],
       [-1.28455449e-02, -2.74966489e-02, -1.57605654e-02,  6.11065945e-02, -5.07681175e-02],
       [-1.02376938e-02, -3.98693642e-02,  6.75092483e-03,  2.26238997e-02,  3.45424218e-02],
       [-3.86191040e-02,  2.97077891e-02, -6.10111226e-02,  6.71338287e-02, -4.54007783e-02],
       [-2.83658549e-02,  7.35784605e-02, -1.27252264e-02,  1.57802630e-02, -3.46184477e-02],
       [ 5.41836866e-02, -4.75300305e-02,  3.81122274e-02, -7.40137219e-03,  3.98205764e-02],
       [-1.59701987e-02, -7.52915054e-02,  2.27442002e-02,  1.50407811e-02,  3.06169752e-02],
       [-4.19830469e-03, -7.04813322e-02,  5.71683861e-02, -2.29098781e-02,  2.02432375e-02],
       [-4.52173925e-02,  6.36579778e-02, -3.27082893e-02, -9.75601906e-03, -5.07584978e-02],
       [ 4.69957851e-02,  2.69330984e-02,  3.17268757e-02,  4.89142680e-02, -1.51011239e-02],
       [-1.11450020e-02, -2.93051168e-02,  3.15238786e-02, -6.57691450e-03,  2.93258629e-02],
       [ 2.36578817e-02,  1.88643859e-02, -7.72638461e-02,  3.45194297e-03, -4.21644488e-02],
       [ 2.74872373e-02, -3.41522092e-02,  7.27287134e-02, -7.34733716e-02,  5.58112700e-02],
       [-2.58866315e-03, -7.19168750e-04,  2.47148458e-02, -2.46388550e-02,  3.46316338e-02],
       [-1.22440215e-03, -1.96573482e-02, -4.65556236e-03,  1.68842414e-02, -3.52622350e-02],
       [-3.38359414e-02, -2.38756235e-02,  2.49755692e-02, -5.43734260e-02,  6.08967223e-02],
       [-3.28442543e-02,  6.99842994e-03,  1.01643376e-02, -2.34346111e-02, -7.71141996e-02],
       [-4.52747712e-02, -3.96068792e-02, -1.29532190e-01, -3.91665980e-02, -4.83128836e-02],
       [ 3.11300439e-02, -6.75544263e-02,  1.63208336e-02, -1.36263437e-01, -5.80395573e-02],
       [-2.10696617e-02,  1.03111092e-01, -6.78156366e-02, -4.99628594e-02,  7.92575196e-02],
       [-1.73682710e-02,  2.00030183e-02,  8.56891711e-02, -8.70154165e-02, -6.69069955e-02],
       [-3.18216171e-02,  2.40886762e-02,  3.16914875e-02, -1.05405437e-01,  9.94399247e-02],
       [-5.96540130e-02, -8.89521634e-02, -7.07548537e-02,  1.67200567e-02,  6.98191215e-02],
       [ 5.02826012e-02,  2.27777648e-02,  3.74986063e-02, -3.82899536e-02, -8.24681448e-02],
       [-1.70210318e-02,  1.00886736e-01,  3.46508922e-02, -6.02069649e-02, -6.21507066e-02],
       [-5.41618424e-03,  1.03222084e-01, -6.64626836e-02,  3.50799385e-02, -4.90376540e-02],
       [-4.25798514e-02, -3.50341261e-02, -6.01454610e-02,  6.99561244e-02,  9.10467514e-02],
       [ 6.45518363e-02, -2.54040248e-02, -1.04601413e-01, -8.09486100e-02,  2.46820972e-02],
       [-5.52658606e-03,  5.19838786e-03,  1.01279199e-02, -1.44112179e-02, -6.19718538e-02],
       [ 2.45031883e-02,  4.06632966e-02,  6.05582850e-02,  3.17816833e-02,  8.84711909e-02],
       [ 3.99374030e-02, -2.63967028e-02, -1.63987520e-02,  8.01170980e-02, -1.08217865e-01],
       [ 1.36095970e-02, -5.71953175e-02,  3.60219398e-02,  9.18375377e-03, -6.72461126e-02],
       [-5.36369223e-03,  9.71447392e-02, -7.42332454e-02,  2.03699638e-03,  6.79465082e-02],
       [-2.98145517e-02, -4.85386004e-02,  9.47727502e-02,  2.95554569e-02, -1.06036727e-01],
       [-7.15397398e-02, -1.55073376e-02, -9.91391825e-02, -3.62936141e-02, -3.16623150e-02],
       [ 4.65150382e-02, -2.57396153e-02, -8.96960532e-03, -1.00150136e-01, -3.96832940e-02],
       [-3.88647836e-02,  5.91522001e-02, -1.62302437e-02, -1.20811953e-02,  6.31223786e-02],
       [-2.26093844e-02,  2.83617172e-02,  3.11692215e-02, -7.53302582e-02, -4.47689397e-02],
       [-6.94530451e-02, -1.11226788e-03,  6.02770466e-02, -4.65845309e-02,  7.72027994e-02],
       [-6.59168538e-02, -6.27043240e-02, -1.80710319e-02,  2.77192553e-02,  4.21707667e-02],
       [ 9.48585695e-02,  4.13129220e-02, -2.41512051e-03, -5.69791272e-02, -6.43435047e-02],
       [-2.62820943e-02,  7.16510688e-02, -2.44023685e-03, -5.48855600e-02, -4.09955584e-02],
       [-9.06510708e-03,  7.42579441e-02, -6.06013460e-02,  7.42112476e-03, -3.35334583e-02],
       [-8.34674897e-02, -3.93341150e-02, -8.28186788e-03,  6.65557526e-02,  6.16563407e-02],
       [ 7.44442055e-02, -2.74931627e-02, -6.78534293e-02, -4.86678898e-02,  2.80454809e-02],
       [-1.67159063e-02,  2.19899308e-02, -1.04788243e-02, -2.95220914e-02, -5.12779821e-02],
       [ 4.07853303e-02,  6.80913162e-03,  6.97150219e-02,  4.41432038e-02,  5.84777895e-02],
       [ 7.16891354e-02,  1.72671912e-03, -4.72416012e-02,  1.53892403e-02, -7.55953051e-02],
       [ 4.40871217e-03, -2.57646904e-02, -4.63876575e-04, -1.41451539e-02, -4.92677777e-02],
       [ 6.01061839e-03,  4.15776228e-02, -2.18087144e-02,  1.33566804e-02,  4.25704062e-02],
       [-6.06656530e-02, -7.16137609e-03,  1.64990490e-02, -1.44297817e-02, -7.33081504e-02],
       [ 8.47367050e-02, -2.25345505e-02, -6.97952310e-02, -4.75796192e-02, -2.35262520e-02],
       [-5.09571932e-02,  7.83152530e-02,  9.49922681e-02,  1.69006470e-02,  4.12033430e-02],
       [-4.15680241e-02,  1.23954737e-03, -6.59213813e-02, -5.21509860e-02, -3.06590840e-02],
       [-7.39724440e-02,  4.30587457e-02,  1.37778946e-01,  2.19020708e-02,  3.89596418e-02],
       [-1.20677418e-01, -2.22506980e-02,  7.18615580e-02,  3.68572007e-02,  3.36655202e-02],
       [ 1.20254662e-01, -2.17645140e-03, -1.09384149e-01, -4.85160677e-02, -3.96226102e-02],
       [-4.47583214e-02,  2.83721877e-02, -7.70652206e-02, -4.76053158e-02, -2.71119352e-02],
       [-1.31842753e-02,  3.25904534e-02, -8.55017739e-02, -1.62490644e-02, -1.82153037e-02],
       [-9.22473435e-02,  4.35491790e-03,  1.13572914e-01,  4.82798501e-02,  4.01873025e-02],
       [ 1.03352508e-01,  8.72855219e-03,  1.68009367e-02, -1.42036841e-02,  1.84701417e-02],
       [-2.82325294e-02, -8.15332650e-03, -8.44293258e-02, -2.55563675e-02, -2.51953497e-02],
       [ 6.48512430e-02,  2.16295655e-02,  1.10329529e-01,  3.58090662e-02,  2.61071883e-02],
       [ 9.71055179e-02, -4.46723581e-02, -1.51346314e-01, -3.29831122e-02, -4.41066489e-02],
       [ 2.26390703e-02, -3.90623887e-02, -8.08526747e-02, -2.59538420e-02, -2.87577038e-02],
       [-3.01754052e-03,  5.79774591e-02,  6.31546691e-02,  2.13560438e-02,  3.04943772e-02],
       [-5.36676066e-02, -6.57214354e-02, -1.28073634e-01, -3.67742568e-02, -6.36753131e-02],
       [ 4.37579529e-02,  1.17820550e-01, -2.47401073e-02,  9.57748057e-02,  5.93393824e-02],
       [ 2.64307728e-02, -1.28776945e-02,  3.32191374e-02, -1.14507028e-01, -2.65950226e-02],
       [ 8.42717084e-02,  8.04169239e-02,  5.43590954e-02,  7.72411161e-02,  8.28319422e-02],
       [ 7.47310435e-02, -1.54173939e-02, -3.10272226e-02,  1.22572786e-01,  4.15151261e-02],
       [-1.31747601e-01, -2.13971154e-02,  1.08627414e-02, -1.30609113e-01, -4.24260361e-02],
       [ 3.35500792e-02,  2.29381163e-02, -1.71876114e-03, -9.45795192e-02, -2.97438570e-02],
       [ 6.87643519e-03,  3.59586506e-02, -5.45632859e-02, -4.60052730e-02, -3.40048782e-02],
       [ 1.34149322e-01,  2.24014473e-02, -2.44941879e-02,  1.49951796e-01,  4.09763916e-02],
       [-1.29338932e-01,  1.59960244e-02, -5.62808382e-02,  1.59243863e-02,  2.45581569e-02],
       [ 1.70009984e-02, -2.11045801e-02, -1.78242513e-04, -8.35161560e-02, -3.31895339e-02],
       [-5.68361203e-02,  4.38189307e-02,  3.76436886e-02,  1.02631169e-01,  4.39690400e-02],
       [-8.81523109e-02, -8.72355987e-02, -4.60093573e-02, -1.13249716e-01, -8.76978980e-02],
       [ 1.17182201e-03, -7.21256974e-02,  4.68959203e-03, -8.45901232e-02, -4.22762388e-02],
       [ 7.72098351e-03,  7.40687062e-02, -2.98940665e-02,  7.61341865e-02,  3.63641997e-02],
       [ 8.16917007e-02, -9.85365939e-02,  3.77112703e-02, -1.58470816e-01, -7.41091647e-02],
       [-1.32040463e-02,  3.88901808e-02, -8.31594578e-02,  4.45501545e-02,  6.14670987e-02],
       [-5.17837211e-02, -9.27905523e-02, -1.18047365e-02,  1.22142164e-01, -7.06160813e-02],
       [-4.66099539e-02,  1.75413044e-02,  7.22324957e-02,  2.29690595e-02, -6.04330511e-02],
       [ 3.44667503e-02,  6.87356147e-02, -5.99475469e-02, -6.95117091e-03,  8.95795269e-02],
       [-2.73286338e-02, -2.97578154e-02, -3.90978779e-02,  2.44120348e-02,  5.60737448e-02],
       [-1.59101201e-02, -3.75894193e-02,  3.81036881e-02, -5.78731337e-02,  4.45285739e-02],
       [-6.09360291e-02, -5.55888835e-02,  7.49134871e-02, -2.13508027e-02, -9.08135590e-02],
       [ 5.58848613e-02, -3.12593724e-04,  9.97514662e-02,  8.41072563e-02, -2.64561859e-02],
       [-8.36819218e-03,  5.95581535e-02, -2.77647571e-02, -1.53650782e-02,  6.48929641e-02],
       [ 3.51207770e-02, -1.09407867e-01, -3.59871004e-02,  5.78777921e-03, -7.24921718e-02],
       [ 6.42414923e-02,  1.04338911e-01, -2.00401097e-03, -1.04302493e-01,  7.64196299e-02],
       [-6.97066101e-03,  8.48108128e-02, -3.35932647e-02, -2.61901160e-02,  4.60082326e-02],
       [-2.67991921e-03, -1.16725776e-01,  5.57717578e-02,  1.93763030e-02, -4.73557416e-02],
       [-3.46835362e-02,  1.21260185e-01, -8.40973659e-02, -6.89100276e-02,  7.98695209e-02],
       [-4.36194643e-02, -2.21570666e-02, -1.34146529e-02,  1.37793100e-02,  8.57459079e-02],
       [-2.37820039e-02, -5.27267825e-02, -5.40508044e-02,  6.37978490e-02,  3.45756956e-02],
       [ 2.94638034e-02,  4.16623525e-02,  5.26165613e-02, -9.31491782e-02, -4.62294123e-02],
       [-1.90614052e-02,  5.85515297e-02,  2.66295371e-02, -6.58331156e-02, -2.86302073e-02],
       [-4.91836011e-03,  7.11459844e-02, -3.23138725e-02, -1.61807562e-02, -3.23479312e-02],
       [-4.69921852e-02, -4.07317459e-02, -6.56656717e-02,  1.09233932e-01,  4.44833086e-02],
       [ 4.01148750e-02, -2.16507462e-02, -8.06228920e-02, -1.99253462e-02,  2.18278727e-02],
       [-3.34184013e-03,  2.91950641e-02,  3.30530756e-02, -6.45828161e-02, -3.94123491e-02],
       [ 2.25590060e-02, -1.21278544e-02,  8.46650308e-03,  8.44615926e-02,  5.43155781e-02],
       [ 4.37775596e-02,  2.30172085e-02,  2.85382620e-02, -4.76475851e-02, -8.41725523e-02],
       [-3.71009224e-03, -1.06182462e-02,  3.97191922e-02, -4.37942484e-02, -4.01940088e-02],
       [ 1.40977660e-03,  2.76263803e-02, -6.62497462e-02,  4.89489736e-02,  4.04463420e-02],
       [-2.56274116e-02,  3.28250146e-03,  1.11207665e-01, -8.84176132e-02, -7.52445365e-02],
       [-1.14284412e-01,  9.09036754e-02,  6.21552366e-03,  6.16697081e-02, -7.50324983e-02],
       [ 9.47881335e-02, -2.03540751e-02,  4.20919584e-02, -4.99389479e-02,  9.96468110e-02],
       [-1.66894268e-02, -9.08185263e-02,  1.33660513e-02,  1.31784362e-02,  6.41360903e-02],
       [-1.26709044e-02, -9.05340152e-02,  7.63392990e-02, -5.78281545e-02,  3.81618425e-02],
       [-6.11715120e-02,  4.02035046e-02, -3.18730359e-02,  2.40407921e-02, -1.22326630e-01],
       [ 7.53763316e-02,  3.28111413e-02,  7.89687576e-02,  1.01220162e-01, -2.83231702e-02],
       [-1.41198155e-02, -2.70576808e-03,  4.75677890e-02, -4.40060029e-02,  7.69944386e-02],
       [ 3.83964453e-02, -4.23855295e-02, -1.12502999e-01,  3.11006710e-02, -7.67417229e-02],
       [ 1.04927520e-01,  2.77288190e-02,  9.24143449e-02, -1.64382225e-01,  8.74420130e-02],
       [ 3.51124305e-02,  4.71360171e-02,  2.05634795e-02, -5.96249859e-02,  6.01966127e-02],
       [-5.72196222e-03, -8.73170887e-02,  4.62876459e-03,  5.09624347e-02, -6.09436828e-02],
       [-3.35433441e-02,  4.23652709e-02,  1.70482574e-02, -1.42878991e-01,  1.04613370e-01],
       [ 1.18642439e-01, -1.01627237e-01, -4.31371008e-02,  5.31266502e-02,  5.58982996e-02],
       [-4.58776144e-02, -8.54779980e-02, -2.30640431e-02,  4.35604835e-02,  3.14070803e-02],
       [-1.41567336e-02, -8.70814632e-02,  3.34211766e-02, -1.79797989e-02,  2.66703824e-02],
       [-1.66123673e-01,  9.09256942e-02,  5.07241061e-02, -6.25129692e-02, -5.27824851e-02],
       [ 1.12684696e-01,  4.06555867e-02,  7.22596133e-02,  5.13318473e-02, -2.00507940e-02],
       [-2.27220025e-02, -6.93613077e-02, -2.48920956e-02,  2.74356864e-02,  4.67063413e-02],
       [ 7.54865134e-02,  5.88130072e-02, -2.07366465e-02, -4.14415701e-02, -5.81787753e-02],
       [ 1.38684312e-01, -9.79896318e-02, -1.71927445e-02, -4.00642054e-02,  7.91219165e-02],
       [-1.91496333e-02, -3.52465262e-02, -4.19949810e-02,  5.47137941e-03,  4.91267679e-02],
       [ 2.16894179e-03,  6.65749410e-03,  6.21851715e-02, -1.49159304e-02, -4.46908985e-02],
       [-8.30172262e-02, -7.90780756e-02, -8.10565119e-02,  3.05941695e-03,  6.58391448e-02],
       [ 5.58117442e-02,  1.07756651e-01,  1.27610487e-02, -7.90260501e-02, -4.90355022e-02],
       [ 2.76714109e-02,  1.09749711e-01, -6.71010691e-02,  5.40530401e-03, -4.14986278e-02],
       [ 1.13367160e-01, -7.73969760e-02, -4.05570030e-02,  1.11712199e-01,  7.72538710e-02],
       [-9.65963306e-02, -2.27468936e-02, -8.07357707e-02, -5.45085595e-02,  2.57335845e-02],
       [ 1.11856495e-02,  3.29934137e-02,  8.12229563e-04, -3.85596303e-02, -5.08239000e-02],
       [-5.95032022e-02, -1.05737770e-02,  5.28954699e-02,  5.49910111e-02,  6.66222376e-02],
       [-1.36653398e-01,  2.38937314e-02, -3.24556682e-02,  2.12534110e-02, -1.06847544e-01],
       [-7.39054456e-03, -1.99177933e-02,  1.99989848e-02, -2.17392028e-02, -6.02640486e-02],
       [-1.05542456e-03,  5.25240249e-02, -5.70038640e-02,  2.87490074e-02,  6.05103830e-02],
       [ 5.13365723e-02,  4.68342472e-03,  6.52645959e-02, -2.99687818e-02, -9.62203683e-02],
       [-7.00935170e-03,  7.85025412e-02, -3.79540562e-02, -8.17039376e-03, -2.44474422e-02],
       [-3.62866380e-02, -9.82020140e-02, -1.96122771e-02,  7.86649190e-02,  4.44281757e-02],
       [ 3.29130665e-02, -5.83519327e-02, -7.10979348e-02, -2.47218567e-02,  2.14536870e-02],
       [-7.52487378e-03,  7.86090919e-02,  2.22297115e-03, -4.69206369e-02, -3.84078733e-02],
       [ 1.97329023e-02, -6.52645681e-02,  4.09668565e-02,  6.88175140e-02,  4.91345927e-02],
       [ 5.22374183e-02,  1.02697618e-01, -1.57336405e-02, -2.90224615e-02, -7.30569026e-02],
       [ 1.43707686e-02,  4.03909622e-02,  1.01689907e-02, -3.52925475e-02, -3.96094645e-02],
       [ 3.41387966e-04, -2.15303113e-02, -4.09747944e-02,  3.79301783e-02,  4.14742128e-02],
       [-2.35008277e-02,  9.12056784e-02,  5.16400503e-02, -5.69989811e-02, -7.05474762e-02],
       [-2.12806089e-02, -1.13724136e-01,  6.89943364e-02,  3.58649313e-03,  4.78088300e-02],
       [ 2.38686150e-02, -4.63800034e-02, -1.84681063e-02, -4.67973907e-02,  1.54910157e-02],
       [-2.25123137e-03,  7.69304663e-02, -5.86050466e-02,  7.52493438e-03, -3.17255511e-02],
       [ 6.55838595e-03, -7.13708659e-02,  9.25866642e-02, -7.96406810e-04,  3.70434658e-02],
       [ 1.02144348e-02,  1.02403231e-01, -8.31811232e-02,  5.29902277e-02, -4.14826529e-02],
       [ 2.68218766e-03,  5.25947203e-02, -4.51611970e-02,  2.42242184e-02, -3.34167670e-02],
       [ 1.10069239e-03, -2.72541018e-02,  2.68496845e-02, -1.97552624e-02,  3.59154238e-02],
       [-9.58590542e-03,  1.00293599e-01, -5.79067164e-02,  5.27003736e-02, -5.37337945e-02],
       [ 9.96461824e-02,  3.06767924e-02,  9.30099744e-02,  4.89112500e-02, -2.86396452e-02],
       [-1.49107090e-02, -4.12197466e-02, -1.26441689e-02,  5.58776550e-02,  5.38004750e-02],
       [ 4.76398709e-02,  1.67298667e-02, -4.74421333e-02, -7.76459048e-02, -7.51646466e-02],
       [ 1.08367360e-01, -4.34883223e-02,  1.78323503e-02,  1.25372943e-02,  1.30304059e-01],
       [ 4.97925724e-02,  1.49517246e-02, -2.75150276e-02,  3.41677509e-02,  6.06968759e-02],
       [ 8.42767216e-04, -4.64338998e-02,  7.53477071e-02, -5.19233557e-02, -6.47298419e-02],
       [-3.88749996e-02, -1.45309597e-02, -9.20504691e-02,  6.83705500e-02,  1.06413384e-01],
       [ 2.73676920e-02, -1.43904689e-02, -5.39837292e-02, -3.76947220e-02,  1.77603908e-02],
       [-5.34607022e-02,  5.32898630e-03,  3.89495958e-02,  4.76380801e-02, -3.41124422e-02],
       [-1.38746533e-01, -3.27034909e-02, -9.18998376e-02, -1.21182152e-01,  3.78640602e-02],
       [-1.62486614e-02, -1.76107166e-03, -7.09549765e-02, -5.60998433e-02,  2.23967616e-02],
       [-1.27782040e-02, -2.43077292e-03,  6.92615528e-02,  3.85455021e-02, -1.91267527e-02],
       [ 5.69461098e-02, -2.59776133e-02, -1.34894776e-01, -1.04241249e-01,  3.44355538e-02],
       [ 8.02831896e-03,  9.88464833e-04,  5.86592685e-02,  3.35176282e-02,  5.67157754e-02],
       [ 2.28278778e-02,  4.32694497e-03, -4.21535133e-02,  2.71890938e-02, -8.42175898e-02],
       [ 5.23253407e-03, -2.36305727e-02,  2.84024798e-03, -6.69854455e-03, -4.60406187e-02],
       [-1.66394218e-03,  4.75416581e-02, -3.37296586e-02,  1.50907740e-02,  4.75236767e-02],
       [-5.18757095e-03, -1.76837298e-02,  4.63992082e-02, -4.99250400e-03, -9.17578076e-02],
       [-5.95509802e-02,  4.58722483e-02,  1.14836475e-01, -7.28501714e-03,  8.40977550e-02],
       [-1.96836538e-02,  5.69144241e-02,  4.26265825e-02,  2.07108601e-02,  5.42618961e-02],
       [-3.61676371e-03, -7.64592551e-02, -9.00532585e-03, -1.67743324e-02, -4.98560625e-02],
       [ 2.95807120e-02,  6.69733901e-02,  4.92176050e-02,  2.22086480e-02,  9.76426067e-02],
       [-2.88123154e-02, -4.95213939e-02, -1.42533751e-02,  4.15783038e-02, -6.25616901e-02],
       [ 2.02032455e-03,  1.07960493e-01, -1.56850169e-02, -4.72781546e-02,  7.40273729e-02],
       [ 6.89622241e-02, -4.92240972e-02,  1.95749751e-03,  1.13552605e-01, -1.12353960e-01],
       [ 1.64345467e-03,  1.00759759e-01, -4.68541861e-02, -4.53559127e-04,  4.77930721e-02],
       [ 2.80223648e-02, -7.72677210e-02,  5.72408609e-02,  2.23348735e-02, -7.33676461e-02],
       [-8.48236872e-04,  1.06899331e-01, -7.91608079e-02, -4.55590154e-03,  6.28221316e-02]])})
2026-01-20 11:01:43,637 - final_problem_set.kxor_instance_n25_k2_m247_ell2_eps0.25_kappa0.875_rho0.6 - INFO - Running key extraction (n=25, m=247, ell=2, phase_qubits=13)
2026-01-20 11:01:43,642 - final_problem_set.kxor_instance_n25_k2_m247_ell2_eps0.25_kappa0.875_rho0.6 - INFO - Built voting matrix V (n=25, ell=2, dtype=complex128) in 0.004s
2026-01-20 11:01:43,643 - final_problem_set.kxor_instance_n25_k2_m247_ell2_eps0.25_kappa0.875_rho0.6 - INFO - Eval: adv=0.5789, hamming=0/25 (0.000), corr=1.000
2026-01-20 11:01:43,643 - final_problem_set.kxor_instance_n25_k2_m247_ell2_eps0.25_kappa0.875_rho0.6 - INFO - Key extraction complete: x_hat=24
2026-01-20 11:01:43,643 - final_problem_set.kxor_instance_n25_k2_m247_ell2_eps0.25_kappa0.875_rho0.6 - INFO - Finished step 'KeyExtractionStep' in 0.005s (success: True, problem=kxor_instance_n25_k2_m247_ell2_eps0.25_kappa0.875_rho0.6)
2026-01-20 11:01:43,643 - final_problem_set.kxor_instance_n25_k2_m247_ell2_eps0.25_kappa0.875_rho0.6 - INFO - SUCCESS: len(z_hat)=25
2026-01-20 11:01:43,643 - final_problem_set.kxor_instance_n25_k2_m247_ell2_eps0.25_kappa0.875_rho0.6 - INFO - Metrics: adv=0.5789473684210527, ham_frac=0.0, corr=1.0
2026-01-20 11:01:43,643 - final_problem_set.kxor_instance_n25_k2_m247_ell2_eps0.25_kappa0.875_rho0.6 - INFO - z_hat (full): [ 1, -1, -1,  1, -1, -1,  1,  1,  1,  1, -1,  1, -1, -1,  1,  1,  1, -1, -1,  1, -1,  1,  1, -1,  1]
