2026-01-20 11:01:04,411 - final_problem_set.kxor_instance_n21_k2_m167_ell2_eps0.3_kappa1.0_rho1.0 - INFO - Starting iteration for /Users/julian/CodingProjects/UniT3/QuarticSpeedupK-XOR/z_Daphne/data/final_problem_set/kxor_instance_n21_k2_m167_ell2_eps0.3_kappa1.0_rho1.0.npz
2026-01-20 11:01:04,413 - final_problem_set.kxor_instance_n21_k2_m167_ell2_eps0.3_kappa1.0_rho1.0 - INFO - Loaded instance (n=21, m=167, k=2)
2026-01-20 11:01:04,413 - final_problem_set.kxor_instance_n21_k2_m167_ell2_eps0.3_kappa1.0_rho1.0 - INFO - Starting step 'ComputeKikuchiStep' (version 0.1) on problem kxor_instance_n21_k2_m167_ell2_eps0.3_kappa1.0_rho1.0 (fields={'ell': 2, 'threshold': 0.0})
2026-01-20 11:01:04,437 - final_problem_set.kxor_instance_n21_k2_m167_ell2_eps0.3_kappa1.0_rho1.0 - INFO - Finished step 'ComputeKikuchiStep' in 0.024s (success: True, problem=kxor_instance_n21_k2_m167_ell2_eps0.3_kappa1.0_rho1.0)
2026-01-20 11:01:04,438 - final_problem_set.kxor_instance_n21_k2_m167_ell2_eps0.3_kappa1.0_rho1.0 - INFO - Starting step 'ClassicalEigenvaluesStep' (version 0.1) on problem kxor_instance_n21_k2_m167_ell2_eps0.3_kappa1.0_rho1.0 (fields={'ell': 2, 'threshold': 0.0, 'kikuchi_matrix': <Dictionary Of Keys sparse matrix of dtype 'int64'
	with 4446 stored elements and shape (210, 210)>, 'num_eigenvalues': 5})
2026-01-20 11:01:04,515 - final_problem_set.kxor_instance_n21_k2_m167_ell2_eps0.3_kappa1.0_rho1.0 - INFO - Finished step 'ClassicalEigenvaluesStep' in 0.078s (success: True, problem=kxor_instance_n21_k2_m167_ell2_eps0.3_kappa1.0_rho1.0)
2026-01-20 11:01:04,515 - final_problem_set.kxor_instance_n21_k2_m167_ell2_eps0.3_kappa1.0_rho1.0 - INFO - Starting step 'KeyExtractionStep' (version 0.1) on problem kxor_instance_n21_k2_m167_ell2_eps0.3_kappa1.0_rho1.0 (fields={'ell': 2, 'threshold': 0.0, 'kikuchi_matrix': <Dictionary Of Keys sparse matrix of dtype 'int64'
	with 4446 stored elements and shape (210, 210)>, 'num_eigenvalues': 5, 'eigenvalues': array([12.36082795, 12.44368955, 12.76420452, 13.49942442, 21.89040304]), 'eigenvectors': array([[ 1.81465706e-02,  1.64942264e-02,  1.12886395e-03, -1.02332279e-01, -6.31669760e-02],
       [ 4.21966028e-02,  7.07879087e-02,  6.56102419e-02,  8.27373981e-02, -4.59924994e-02],
       [-8.60652404e-02, -1.23378466e-02, -1.35222653e-01, -2.57440258e-02,  7.05101210e-02],
       [-9.33190309e-02, -7.19346897e-02,  9.25650014e-02,  7.81492938e-02, -4.79531668e-02],
       [-1.33568920e-01, -1.60758445e-02, -3.51643373e-02, -4.33798468e-02,  9.16257139e-02],
       [ 2.22176239e-02,  3.13291519e-02,  1.03623457e-01,  5.74300660e-02, -8.50911769e-02],
       [-3.38463727e-02, -1.62640622e-02, -7.22813553e-02,  5.60767062e-02,  7.18662484e-02],
       [-7.20423951e-02, -6.72842695e-02, -6.43588449e-02, -6.28307591e-02,  7.41574562e-02],
       [ 8.09617321e-02, -8.50956946e-02,  3.08414277e-02, -1.90562300e-03, -7.58060494e-02],
       [ 9.21993210e-02,  5.74336461e-02,  5.58469644e-02,  5.19907680e-03, -8.35810148e-02],
       [ 3.46065267e-02,  2.68791907e-02, -9.92116854e-02, -1.18182590e-02, -6.75581718e-02],
       [ 2.48727603e-02, -3.62285682e-03,  2.23368235e-02,  4.60249852e-02, -8.70791714e-02],
       [ 1.41756912e-01, -9.04463503e-02,  5.70688094e-02, -3.28743131e-02, -5.88461607e-02],
       [-7.80789704e-02, -1.05590761e-01, -1.02321909e-01,  3.55717686e-02,  7.56022302e-02],
       [-2.71675919e-02,  2.74849342e-03, -1.25336176e-01,  9.33921763e-02,  6.16687433e-02],
       [-7.08591213e-02,  5.69152046e-02,  4.32326723e-02, -4.44680345e-02, -7.54243265e-02],
       [-1.28775464e-01, -3.54043252e-02, -3.03326447e-02, -2.74882547e-02,  9.31666297e-02],
       [ 8.14105765e-02,  5.95153428e-02, -3.81671492e-02,  9.70445827e-02, -7.25535092e-02],
       [-8.92579618e-02, -3.19160759e-02, -6.15720557e-03,  2.08938795e-02,  8.95013509e-02],
       [-5.64664947e-02,  9.25159585e-02, -3.57748069e-02, -8.00474550e-02,  7.01466527e-02],
       [-1.60937282e-02,  5.06484301e-02,  4.61775844e-03, -6.12649971e-03, -3.80686954e-02],
       [ 8.15295470e-03, -1.62248299e-03, -3.38064873e-02,  8.79502265e-02,  5.78771352e-02],
       [-1.16457215e-01, -6.12299815e-02,  2.07835038e-02, -9.31532109e-03, -3.61484608e-02],
       [ 1.48869865e-03,  9.69332984e-04,  6.38366302e-02,  1.02042453e-01,  6.80285854e-02],
       [-7.84350508e-02,  1.41808189e-02, -8.77652676e-03, -8.27040780e-02, -6.92650384e-02],
       [ 4.11625144e-02,  5.78763942e-04,  2.03995014e-02,  1.32771416e-01,  5.27278000e-02],
       [ 2.26418552e-02, -4.57000609e-02,  2.83424167e-02,  6.40834611e-02,  6.06792885e-02],
       [-1.82690183e-02, -8.15359623e-02, -5.73948775e-02, -1.17707944e-01, -6.02845325e-02],
       [-1.81584466e-02,  3.48862499e-02, -4.63840770e-02, -1.25849418e-01, -6.79870155e-02],
       [-3.57059244e-02,  6.07584004e-03, -1.18105586e-01, -9.02606772e-02, -4.50350254e-02],
       [-6.75327720e-02, -1.50207385e-02, -6.62347159e-02, -9.18708315e-02, -6.46043420e-02],
       [ 4.37323732e-02, -7.09930563e-02, -1.46848990e-02, -1.00198163e-01, -4.35239114e-02],
       [ 1.42564040e-02, -6.29123616e-02,  2.26135910e-03,  1.25195112e-01,  5.56735653e-02],
       [ 3.39194296e-02,  1.08835114e-02, -2.44383857e-02,  1.30160137e-01,  4.19813302e-02],
       [-1.03415097e-01,  2.28724978e-02, -3.76579493e-02, -1.14416584e-01, -4.99026170e-02],
       [ 2.20577456e-03, -1.10227755e-02,  7.24463024e-02,  1.12363547e-01,  6.90072083e-02],
       [-1.90719046e-02,  3.49363669e-02, -1.00207242e-01, -3.35347331e-02, -5.43407474e-02],
       [ 2.55311887e-02, -7.57304412e-03,  8.03877944e-02,  1.39236960e-01,  6.48585371e-02],
       [ 3.51056266e-02,  7.84600666e-02,  4.70615040e-02,  4.18931748e-02,  5.26128604e-02],
       [-2.73519373e-02, -6.02228282e-02, -9.50059720e-02, -8.39021597e-02,  4.51378146e-02],
       [-6.24827658e-02, -1.00086443e-02,  4.93079813e-02,  7.54124433e-02, -2.64283415e-02],
       [-3.57493077e-02, -7.08797755e-02, -3.28424859e-02, -1.04833064e-01,  5.29319473e-02],
       [-1.58489874e-02,  7.78971392e-02,  6.62324283e-02,  1.04671711e-01, -4.98234908e-02],
       [ 8.72094234e-03, -6.21833371e-02, -5.28023062e-02, -3.02210344e-02,  4.62939581e-02],
       [-1.30665538e-02, -9.77672310e-02, -5.07510105e-02, -1.10136624e-01,  4.68678932e-02],
       [ 2.08271613e-02, -1.94859037e-03,  2.65161259e-02,  6.87814270e-02, -4.91788646e-02],
       [ 2.25395857e-02,  9.95034764e-02,  4.54816776e-02,  8.27119903e-02, -5.42666183e-02],
       [-9.89317073e-03,  5.93376176e-02, -5.16630620e-02,  5.01027035e-02, -4.00487204e-02],
       [-2.23471723e-02,  6.21534275e-02,  2.12443902e-02,  1.12021648e-01, -5.61974279e-02],
       [ 6.74571119e-02, -1.70135944e-02,  4.45053937e-02,  3.37964735e-02, -3.80013520e-02],
       [-1.40633266e-02, -1.08755820e-01, -6.54784773e-02, -4.83136840e-02,  4.45655008e-02],
       [ 6.83553661e-03, -3.82512726e-02, -7.94022374e-02,  2.41341683e-03,  3.74719961e-02],
       [-7.13507933e-02,  8.38772755e-02,  2.91833981e-02,  3.83109504e-02, -4.46605480e-02],
       [-2.92073045e-02, -7.50622283e-02, -2.91854352e-02, -8.92428549e-02,  5.04461447e-02],
       [ 1.34643537e-02,  7.36392468e-02, -8.82950074e-03,  1.03282347e-01, -3.90875566e-02],
       [-1.67145412e-02, -8.44811738e-02, -1.07620792e-02, -6.95971614e-02,  5.75370538e-02],
       [-5.10504299e-03,  7.76349593e-03, -2.76805219e-02, -1.03726492e-01,  4.11439226e-02],
       [ 9.50953680e-02,  6.93283894e-02, -9.43418154e-02, -6.76568128e-02,  3.99749495e-02],
       [ 8.45471789e-02, -5.77044796e-03,  8.34602742e-02,  4.57127201e-02, -8.35562034e-02],
       [ 9.27440497e-03, -1.18797678e-02, -1.38067846e-01, -5.70310435e-02,  7.73536998e-02],
       [ 5.32089326e-03, -1.56781600e-03,  1.15925495e-01, -5.07941799e-02, -7.10379353e-02],
       [ 3.60722071e-02,  4.36234706e-02,  9.72489302e-02,  6.05417282e-02, -6.63646326e-02],
       [-5.12500279e-02,  1.04574891e-01, -7.53375354e-02, -2.90209250e-03,  7.46479309e-02],
       [-5.07109852e-02, -3.18491019e-02, -9.51189035e-02, -1.04314738e-02,  7.60962088e-02],
       [-4.27521224e-03, -7.81757025e-03,  5.30368433e-02,  6.58236400e-03,  6.17634379e-02],
       [ 7.85605688e-03,  2.19428800e-02, -6.71422714e-02, -4.60599841e-02,  7.93036092e-02],
       [-1.05395607e-01,  9.29501026e-02, -7.95025773e-02,  2.47864977e-02,  5.35809115e-02],
       [ 4.14146317e-02,  7.88993347e-02,  1.31828643e-01, -2.56013968e-02, -6.87478231e-02],
       [-7.67089170e-04, -1.51301981e-02,  1.27365493e-01, -7.32470034e-02, -5.18867387e-02],
       [ 9.14346393e-02, -3.52399827e-02, -7.75250007e-02,  3.53902767e-02,  6.81147019e-02],
       [ 6.93208918e-02,  8.92763067e-03,  7.34696417e-02,  2.79855497e-02, -7.89872218e-02],
       [-4.43490902e-02, -3.84123948e-02, -6.24302463e-03, -9.26376338e-02,  6.59617240e-02],
       [ 5.15436940e-02,  9.49435893e-03,  5.84161802e-02, -1.65336220e-02, -8.88967331e-02],
       [ 2.38015835e-02, -9.88041734e-02,  7.08517867e-02,  7.51384158e-02, -6.34961379e-02],
       [ 1.23294935e-01,  9.93266363e-02, -5.25353110e-02, -1.02229991e-01,  5.62372190e-02],
       [-1.54714944e-01, -7.66641699e-02,  8.01712131e-02,  9.24629803e-02, -4.66276614e-02],
       [ 1.35459903e-01,  7.22175903e-02, -6.98900706e-02, -2.34770543e-02,  4.40298906e-02],
       [ 1.17276616e-01,  4.42565672e-02, -6.60024181e-02, -9.91726653e-02,  4.50550457e-02],
       [-1.09899292e-01, -1.21485140e-01,  4.39329239e-02,  5.65599719e-02, -4.26203437e-02],
       [-1.32473367e-01, -6.26917782e-02,  6.44803098e-02,  7.25080793e-02, -5.18596031e-02],
       [-1.17617097e-01, -5.91607391e-02, -3.37515442e-02,  4.52950897e-02, -3.80517944e-02],
       [-1.57644838e-01, -9.37834875e-02,  4.34178840e-02,  8.95067828e-02, -4.73530542e-02],
       [-4.23609558e-02, -1.22487931e-01,  5.56281334e-02,  2.81544247e-02, -3.63840430e-02],
       [ 1.19160651e-01,  2.37453708e-02, -9.13976115e-02, -4.12637158e-02,  4.75319165e-02],
       [ 1.07469961e-01,  6.80015318e-02, -8.80051286e-02,  5.69150104e-03,  3.48346810e-02],
       [-1.63936825e-01, -4.82382138e-02,  4.30927706e-02,  3.17270175e-02, -3.87044727e-02],
       [ 1.21580630e-01,  8.18294275e-02, -4.60648038e-02, -8.59281800e-02,  5.31774700e-02],
       [-1.04005714e-01, -4.54827522e-02,  7.80380827e-04,  1.06576028e-01, -4.08575445e-02],
       [ 1.45558181e-01,  8.92728435e-02, -3.37708556e-02, -6.09552912e-02,  5.55620833e-02],
       [ 9.90746340e-02,  1.06176314e-01, -3.79264523e-02, -8.26945725e-02,  3.57297021e-02],
       [-9.10115746e-04, -1.19737711e-02, -2.55496982e-02, -8.51650320e-02,  1.01093126e-01],
       [ 2.62967883e-02, -1.43110465e-03,  3.76189387e-03, -5.73678037e-02, -9.19313483e-02],
       [ 6.38853219e-02,  5.92786891e-02, -6.48476666e-03,  8.80845351e-02, -8.66873223e-02],
       [-7.51405563e-02,  1.25789037e-01,  4.89325665e-02, -1.08500606e-02,  8.90691762e-02],
       [-9.86095927e-02, -4.75327691e-02,  3.20954552e-02, -2.47288510e-02,  1.07021782e-01],
       [-1.44275096e-02, -7.31267077e-03,  1.75169154e-01,  1.65616820e-03,  7.17896621e-02],
       [-4.64422228e-03,  3.20603723e-02,  7.30664959e-02, -7.29168884e-02,  1.01659046e-01],
       [-1.50931693e-01,  1.24304879e-01, -4.87723482e-03,  2.81505086e-02,  6.78434761e-02],
       [ 7.35036584e-02,  1.05889779e-01,  3.76449968e-02, -2.79110816e-02, -8.97014180e-02],
       [ 1.74407426e-02, -2.24498253e-02,  7.63949359e-02, -9.75255899e-02, -7.39339492e-02],
       [ 1.04471083e-01, -4.18394311e-02,  3.68057432e-02,  3.51522283e-02,  8.82655836e-02],
       [ 1.09317093e-01,  1.06195584e-02, -6.43224925e-02,  4.36889196e-02, -1.00646984e-01],
       [-6.26153120e-02, -4.27462344e-02,  1.14460916e-01, -1.14447126e-01,  7.73002640e-02],
       [ 7.99481792e-02,  7.98563758e-03, -9.61113582e-02, -7.21019844e-03, -1.05050806e-01],
       [ 3.57001502e-02, -1.20216501e-01, -3.48156330e-02,  9.52475723e-02, -7.50247312e-02],
       [ 6.99383849e-02, -1.52536928e-02, -6.67214752e-02,  3.15299672e-02,  7.84141644e-02],
       [ 3.38677052e-02, -7.25438180e-02, -6.05847370e-02, -9.69060706e-02,  8.00762874e-02],
       [-3.02626744e-02, -1.10465456e-01,  2.34255282e-02,  3.27240410e-02, -8.96953260e-02],
       [-3.19868749e-02,  5.90431474e-02,  4.88042860e-02,  4.07744530e-02, -9.17210844e-02],
       [-7.19763474e-02,  2.20700561e-02, -1.18004038e-01,  1.65908701e-02, -7.35212656e-02],
       [-1.06448397e-01, -9.03966608e-03,  9.66772502e-03,  8.41650735e-02, -9.38231860e-02],
       [ 7.36151370e-02, -1.13255313e-01,  6.13476815e-02, -1.04381676e-02, -7.03565759e-02],
       [ 3.34051249e-02, -1.28732868e-01, -1.13953690e-01,  5.07187296e-03,  8.95078990e-02],
       [ 5.55939761e-02,  8.42389481e-03, -1.14290209e-01,  7.25754955e-02,  6.25160160e-02],
       [-1.72319771e-01,  5.39809626e-02,  2.75890438e-02, -1.57282205e-02, -7.52676417e-02],
       [ 9.97483484e-03, -3.29523508e-02, -2.04657330e-02, -6.92082492e-02,  1.02153142e-01],
       [-2.53901565e-02,  5.50290326e-02, -4.96043324e-02,  1.19333507e-01, -7.21657120e-02],
       [ 4.37805580e-02, -2.75782670e-02,  7.40403548e-03, -1.45487916e-02,  9.87553427e-02],
       [ 4.11584336e-02,  9.75184404e-02, -2.22228103e-02, -1.00958834e-01,  7.01552032e-02],
       [-1.44498827e-02,  5.54028883e-02,  4.13836593e-02, -1.81032258e-02, -7.38335308e-02],
       [ 7.86155746e-03,  8.79064668e-02, -3.65290234e-03,  7.59395301e-02,  6.87438244e-02],
       [ 9.69363992e-03, -3.67091924e-02, -2.45444631e-02,  7.76045409e-02,  7.61381956e-02],
       [ 4.25278600e-02, -9.85445123e-03,  1.10658338e-01,  7.61060438e-02,  6.09491379e-02],
       [ 8.04951876e-02,  2.08407441e-02,  8.18471321e-03,  4.81460272e-02,  8.65683156e-02],
       [-7.58013853e-02,  9.88709916e-02, -3.98438248e-02,  9.37530312e-02,  5.77847649e-02],
       [-4.74903340e-03,  7.93918471e-02,  6.94052519e-02, -9.93676445e-02, -6.84345074e-02],
       [-3.16890341e-02, -1.44001686e-02,  8.25868325e-02, -1.23734360e-01, -5.08461685e-02],
       [ 1.24736493e-01, -3.06944561e-02, -1.15036641e-02,  9.57841135e-02,  6.21334228e-02],
       [ 1.18231993e-02,  1.34882570e-02,  4.52442205e-04, -6.39960163e-02, -7.85874471e-02],
       [ 1.01416260e-02, -4.34883400e-02,  5.86834352e-02, -1.32739007e-02,  6.69744611e-02],
       [-1.55538576e-02,  9.33786188e-03, -2.18386823e-02, -1.06219432e-01, -8.08454468e-02],
       [-2.43201554e-02, -8.52002723e-02,  7.47945161e-03,  1.65722300e-03, -5.98908697e-02],
       [-3.19709701e-02,  5.26189377e-02,  4.20991890e-03, -4.01067606e-02,  7.85846658e-02],
       [-2.96962745e-02, -9.27996398e-02, -1.65895964e-02, -4.73919674e-02,  7.93600256e-02],
       [ 1.33321524e-02, -5.52510372e-02,  1.23089928e-01, -2.37614463e-02,  6.34592867e-02],
       [ 3.20810708e-02, -3.84726908e-02,  1.71362634e-02, -8.70927684e-02,  8.16785327e-02],
       [-1.09459908e-01,  6.38225966e-02, -3.29643360e-02,  8.99879178e-04,  6.10714338e-02],
       [ 2.48634002e-02,  1.36103178e-01,  6.40203187e-02,  6.63951274e-03, -7.18499642e-02],
       [-1.27866597e-02,  2.44087640e-02,  9.14971702e-02, -5.62851537e-02, -5.92486502e-02],
       [ 1.04846206e-01, -7.98538949e-02, -4.91932380e-03,  3.19113966e-03,  6.58174995e-02],
       [ 5.03025968e-02,  6.89964818e-02, -1.00212015e-02,  6.65960653e-02, -8.14363870e-02],
       [-2.14335222e-02, -8.16195715e-02,  5.97796002e-02, -1.12797118e-01,  6.24411374e-02],
       [ 2.90914241e-02,  7.92511836e-02, -3.99112977e-02,  2.79637325e-02, -9.21817695e-02],
       [ 4.35011762e-03, -5.11559214e-02,  3.53699114e-03,  9.64776330e-02, -6.08768375e-02],
       [ 4.07928615e-02, -7.36409368e-02, -2.10832321e-02, -2.14393259e-02, -8.11092859e-02],
       [-7.71596495e-03, -6.92338718e-02, -1.39775578e-01, -3.04844643e-02, -5.87787007e-02],
       [-2.40225282e-02, -1.36775879e-01, -5.74506194e-02,  1.47481913e-02, -8.39911699e-02],
       [ 1.01786551e-01, -1.65116369e-01,  3.48271185e-03, -4.89944495e-02, -5.57148582e-02],
       [-3.97368770e-02,  1.32550612e-02, -3.48414967e-02,  6.48505562e-02,  7.98825633e-02],
       [ 9.63123530e-03,  8.27218886e-02, -5.89573294e-02,  9.97678601e-02,  5.55903594e-02],
       [-1.10060746e-01, -6.22087357e-02, -2.86192628e-02, -6.64094098e-02, -7.23857245e-02],
       [-5.96561868e-02,  9.92655790e-02,  4.99616179e-02,  5.63994730e-03,  8.29192884e-02],
       [ 3.34176630e-02, -5.67461698e-02, -1.02851626e-01,  6.87818820e-02, -6.97924386e-02],
       [-3.21965011e-02,  1.09517578e-01,  7.55661122e-02,  4.98471031e-02,  8.58142832e-02],
       [-9.67604836e-03,  1.68866844e-01,  2.89728871e-02, -4.75734651e-02,  6.19047763e-02],
       [-8.81796194e-03,  3.99417043e-02, -1.39850604e-01, -2.89726351e-02, -6.59265746e-02],
       [-3.01165326e-02,  1.97902116e-02, -3.85062675e-02,  2.56187461e-02, -9.33938102e-02],
       [ 1.33490531e-01, -8.88795985e-02,  2.14789465e-02, -5.47157049e-02, -6.89388586e-02],
       [-3.76444512e-02, -1.37232377e-01, -5.49369548e-02,  5.64778721e-02,  8.12690682e-02],
       [ 1.02647767e-02, -9.49417033e-03, -8.01049628e-02,  1.07084393e-01,  6.08084365e-02],
       [-1.25236371e-01,  8.21007353e-02, -9.62480245e-03, -6.60760006e-02, -7.95186138e-02],
       [-6.83168065e-02, -5.63891621e-02,  3.07540307e-02, -2.73219698e-03,  9.23613885e-02],
       [ 3.30520389e-02,  7.46604051e-02, -8.31797353e-02,  7.65021397e-02, -7.14552846e-02],
       [-3.86694944e-02, -5.76931003e-02,  5.78614584e-02,  4.81397544e-02,  9.57463035e-02],
       [-1.46180775e-02,  8.16000625e-02,  1.37392656e-02, -6.54836343e-02,  7.54923895e-02],
       [-5.85917335e-02, -8.26437916e-03, -1.70622664e-01,  3.78153067e-03, -6.72344221e-02],
       [ 6.45370608e-02, -8.19282692e-02, -9.01544034e-02, -5.06669021e-02, -5.00080704e-02],
       [ 6.16900467e-03, -9.07056278e-02,  9.30868029e-02,  6.06120394e-02,  6.48985471e-02],
       [ 3.44410518e-02,  6.32082753e-03,  3.87676396e-02,  9.53926732e-02,  4.93214602e-02],
       [-1.08132359e-01,  3.39057172e-02, -1.16394648e-01, -5.25598646e-02, -5.40269304e-02],
       [-5.94119677e-03, -1.75356122e-02,  1.65783971e-01,  1.50237138e-02,  6.68158260e-02],
       [-1.02111259e-02,  3.47400295e-02, -1.65434544e-01,  4.09269365e-02, -5.16725075e-02],
       [ 1.47844495e-02, -1.65759757e-02,  1.88120619e-01,  4.82325583e-02,  6.85930414e-02],
       [ 2.69593325e-02,  7.84703207e-02,  1.30173523e-01, -3.39332080e-02,  5.50753882e-02],
       [ 7.64200324e-02, -1.46113187e-01, -8.25194604e-03, -2.15189056e-02, -7.09999976e-02],
       [ 3.22914797e-02, -9.07578039e-02, -2.58772784e-02,  2.00533928e-02,  9.21675696e-02],
       [ 6.55966188e-02,  3.82161587e-02, -6.31724254e-02,  8.79635976e-02,  6.94388228e-02],
       [-1.73840670e-01,  2.17949533e-02, -3.91606195e-02, -2.78913360e-02, -7.66202826e-02],
       [ 7.52329776e-03,  1.30344387e-02,  8.30970728e-02, -5.46544684e-02,  1.03781161e-01],
       [-2.31841634e-02,  2.48796019e-02, -1.17467519e-01,  1.12932997e-01, -7.31471912e-02],
       [ 4.07231297e-02,  1.61175668e-02,  1.02760976e-01,  1.19605595e-06,  9.93398085e-02],
       [ 4.13826793e-02,  1.27954345e-01,  4.38798082e-02, -9.25140151e-02,  7.12597180e-02],
       [-1.16892083e-01,  3.39962562e-02, -6.40303588e-02,  8.03798847e-02,  6.13859438e-02],
       [-4.95538573e-02,  7.86536171e-02, -6.69748129e-02,  9.39422096e-02,  4.31113192e-02],
       [-7.61443129e-03, -7.13804186e-02,  1.22937145e-02, -7.84399887e-02, -5.69094607e-02],
       [-1.35409200e-01,  1.02785101e-01, -7.38738244e-04,  3.95902557e-02,  6.41117177e-02],
       [ 1.03359052e-01, -6.50575880e-02, -4.72378669e-02,  2.52310044e-02, -5.50280558e-02],
       [-1.20572781e-01,  1.13031589e-01,  1.53012794e-02,  7.20793737e-02,  6.68957653e-02],
       [-7.10727531e-02,  1.49787845e-01, -7.24294391e-03, -1.12827721e-02,  4.86601324e-02],
       [-5.58476430e-03,  4.39067716e-02,  1.06911789e-01, -1.17061488e-01, -5.47078566e-02],
       [ 9.82399096e-02, -1.10556127e-01, -3.64475117e-02,  8.16892544e-02,  6.63458007e-02],
       [ 6.08002490e-02,  1.10477676e-01,  2.90278299e-02, -4.13823376e-02, -8.27282426e-02],
       [-3.01924263e-02, -1.32713012e-01,  3.42099631e-02, -3.77269505e-02,  7.08098987e-02],
       [ 3.50406103e-02,  1.17262037e-01,  9.36834224e-03, -8.56541820e-02, -8.67899521e-02],
       [ 1.02021703e-02, -2.15906222e-02,  3.73507379e-02,  2.37791956e-02, -6.93102681e-02],
       [ 9.59936502e-02, -8.42563910e-03, -5.78258206e-02,  1.10389564e-01,  4.98880170e-02],
       [ 8.42256133e-03, -7.98953325e-03,  6.59191007e-02, -1.03112815e-01, -6.80968012e-02],
       [ 9.09975752e-03, -1.75673460e-02, -6.82552132e-03,  2.78036037e-02,  5.45222070e-02],
       [-1.48446015e-02, -1.10894794e-02,  5.05902790e-02, -1.44284503e-01, -7.04990288e-02],
       [-2.44410733e-02, -9.02861580e-02,  5.85835936e-02, -3.49697866e-02, -5.18719167e-02],
       [ 9.96514625e-02, -4.83717562e-02,  3.48406880e-02,  4.50159417e-02,  7.61026625e-02],
       [-1.03306130e-01,  7.37884763e-02, -8.43337474e-02,  2.63224931e-02, -6.37776854e-02],
       [ 1.27419501e-01, -4.90304502e-02,  5.46511533e-02,  8.46901435e-02,  7.82183043e-02],
       [ 1.14448237e-01,  6.27840862e-02,  2.22245683e-02, -1.23498304e-02,  6.18355500e-02],
       [-4.73151091e-02, -5.25044826e-02,  1.09556540e-01, -9.20797974e-02,  7.26922203e-02],
       [ 6.35170496e-02,  2.57900576e-02, -9.45137162e-02, -2.57986907e-02, -9.81244429e-02],
       [ 2.38242684e-02, -9.73950312e-02, -3.65763446e-02,  7.58625807e-02, -7.06596806e-02],
       [-2.69305461e-02, -5.42347705e-02,  1.37105469e-01, -6.06737010e-02,  7.61619954e-02],
       [-6.77061720e-03,  5.18052231e-02,  7.31210435e-02, -1.09258103e-01,  5.43738334e-02],
       [ 4.17422442e-03, -1.15554749e-01, -6.87262489e-02,  4.52641695e-02, -8.01782313e-02]])})
2026-01-20 11:01:04,518 - final_problem_set.kxor_instance_n21_k2_m167_ell2_eps0.3_kappa1.0_rho1.0 - INFO - Running key extraction (n=21, m=167, ell=2, phase_qubits=12)
2026-01-20 11:01:04,521 - final_problem_set.kxor_instance_n21_k2_m167_ell2_eps0.3_kappa1.0_rho1.0 - INFO - Built voting matrix V (n=21, ell=2, dtype=complex128) in 0.003s
2026-01-20 11:01:04,522 - final_problem_set.kxor_instance_n21_k2_m167_ell2_eps0.3_kappa1.0_rho1.0 - INFO - Eval: adv=1.0000, hamming=0/21 (0.000), corr=1.000
2026-01-20 11:01:04,522 - final_problem_set.kxor_instance_n21_k2_m167_ell2_eps0.3_kappa1.0_rho1.0 - INFO - Key extraction complete: x_hat=5
2026-01-20 11:01:04,522 - final_problem_set.kxor_instance_n21_k2_m167_ell2_eps0.3_kappa1.0_rho1.0 - INFO - Finished step 'KeyExtractionStep' in 0.004s (success: True, problem=kxor_instance_n21_k2_m167_ell2_eps0.3_kappa1.0_rho1.0)
2026-01-20 11:01:04,522 - final_problem_set.kxor_instance_n21_k2_m167_ell2_eps0.3_kappa1.0_rho1.0 - INFO - SUCCESS: len(z_hat)=21
2026-01-20 11:01:04,522 - final_problem_set.kxor_instance_n21_k2_m167_ell2_eps0.3_kappa1.0_rho1.0 - INFO - Metrics: adv=1.0, ham_frac=0.0, corr=1.0
2026-01-20 11:01:04,522 - final_problem_set.kxor_instance_n21_k2_m167_ell2_eps0.3_kappa1.0_rho1.0 - INFO - z_hat (full): [-1, -1, -1,  1, -1,  1, -1,  1,  1, -1, -1, -1, -1, -1,  1,  1, -1,  1, -1,  1,  1]
