2026-01-20 11:00:58,506 - final_problem_set.kxor_instance_n20_k2_m215_ell2_eps0.15_kappa0.75_rho0.0 - INFO - Starting iteration for /Users/julian/CodingProjects/UniT3/QuarticSpeedupK-XOR/z_Daphne/data/final_problem_set/kxor_instance_n20_k2_m215_ell2_eps0.15_kappa0.75_rho0.0.npz
2026-01-20 11:00:58,506 - final_problem_set.kxor_instance_n20_k2_m215_ell2_eps0.15_kappa0.75_rho0.0 - INFO - Loaded instance (n=20, m=215, k=2)
2026-01-20 11:00:58,506 - final_problem_set.kxor_instance_n20_k2_m215_ell2_eps0.15_kappa0.75_rho0.0 - INFO - Starting step 'ComputeKikuchiStep' (version 0.1) on problem kxor_instance_n20_k2_m215_ell2_eps0.15_kappa0.75_rho0.0 (fields={'ell': 2, 'threshold': 0.0})
2026-01-20 11:00:58,533 - final_problem_set.kxor_instance_n20_k2_m215_ell2_eps0.15_kappa0.75_rho0.0 - INFO - Finished step 'ComputeKikuchiStep' in 0.026s (success: True, problem=kxor_instance_n20_k2_m215_ell2_eps0.15_kappa0.75_rho0.0)
2026-01-20 11:00:58,533 - final_problem_set.kxor_instance_n20_k2_m215_ell2_eps0.15_kappa0.75_rho0.0 - INFO - Starting step 'ClassicalEigenvaluesStep' (version 0.1) on problem kxor_instance_n20_k2_m215_ell2_eps0.15_kappa0.75_rho0.0 (fields={'ell': 2, 'threshold': 0.0, 'kikuchi_matrix': <Dictionary Of Keys sparse matrix of dtype 'int64'
	with 4680 stored elements and shape (190, 190)>, 'num_eigenvalues': 5})
2026-01-20 11:00:58,615 - final_problem_set.kxor_instance_n20_k2_m215_ell2_eps0.15_kappa0.75_rho0.0 - INFO - Finished step 'ClassicalEigenvaluesStep' in 0.082s (success: True, problem=kxor_instance_n20_k2_m215_ell2_eps0.15_kappa0.75_rho0.0)
2026-01-20 11:00:58,616 - final_problem_set.kxor_instance_n20_k2_m215_ell2_eps0.15_kappa0.75_rho0.0 - INFO - Starting step 'KeyExtractionStep' (version 0.1) on problem kxor_instance_n20_k2_m215_ell2_eps0.15_kappa0.75_rho0.0 (fields={'ell': 2, 'threshold': 0.0, 'kikuchi_matrix': <Dictionary Of Keys sparse matrix of dtype 'int64'
	with 4680 stored elements and shape (190, 190)>, 'num_eigenvalues': 5, 'eigenvalues': array([-12.57262104, -11.85915808, -11.28725831,  10.27108245,  11.5531567 ]), 'eigenvectors': array([[-8.51251734e-02, -7.92018444e-02, -4.89754665e-02,  2.94665548e-02,  5.80970248e-02],
       [ 1.15975647e-02, -6.59153449e-02, -8.39472181e-04, -1.57513414e-01, -8.35139392e-02],
       [ 6.88924981e-02,  7.79874953e-03, -1.65728452e-02, -7.21771178e-02, -2.80902346e-02],
       [-2.81876760e-02,  3.81619560e-02,  1.53620455e-02,  2.11508260e-02,  3.50931438e-02],
       [ 8.70557098e-02,  9.64847838e-02, -2.74867038e-03, -7.71995390e-02,  7.99804297e-02],
       [-8.46599686e-02, -9.58851066e-02, -4.71404603e-04, -5.78120155e-02, -9.50991471e-02],
       [ 6.64000706e-02,  7.01355088e-02, -2.50855625e-02,  3.66846797e-03,  7.95876582e-02],
       [-8.77513591e-04,  3.02703237e-02, -6.98049116e-02, -2.13869814e-02,  9.92154791e-03],
       [-1.55082035e-02,  2.50382960e-03, -9.27441089e-02, -3.00003314e-02,  4.99650305e-02],
       [ 8.98690180e-02,  1.01367862e-01, -3.12185132e-02,  1.18545205e-01,  1.15384204e-01],
       [ 2.92318300e-02,  2.49549984e-02, -6.13800414e-02, -2.58370365e-02, -1.33004706e-01],
       [-2.33163936e-03, -7.91122639e-02, -1.77010177e-02, -7.76866930e-03,  5.01413831e-02],
       [ 3.02651121e-02, -6.30550276e-03, -5.78849071e-02,  5.64216715e-02, -9.37585705e-02],
       [-4.50839070e-02, -9.02037160e-02, -1.50435823e-02, -3.39270711e-02,  9.83962616e-02],
       [-9.16109004e-02, -9.21842050e-02,  2.48942084e-02, -1.40770195e-01, -5.46951234e-02],
       [ 2.96867519e-03, -4.97838644e-02,  4.62599592e-02,  1.44511534e-01,  1.33179393e-01],
       [-6.66567419e-02, -5.80616972e-02, -5.58470626e-02,  1.12144782e-01,  1.53634370e-01],
       [ 3.50741523e-02,  8.85576795e-02,  1.24218190e-02, -1.54584072e-01, -8.08887888e-02],
       [ 4.94374023e-02,  1.37842271e-02, -7.98517371e-02, -7.73410086e-02, -9.31930840e-02],
       [-1.80101801e-02,  1.57757186e-01, -1.48307894e-02,  1.84566722e-02,  6.92430555e-02],
       [-1.19831493e-01,  1.01568028e-01, -4.93928156e-02,  2.13532511e-02,  2.29291183e-02],
       [ 4.34422247e-02, -1.18392582e-01, -3.16770776e-03, -5.66424033e-03, -2.33172666e-02],
       [-1.51566853e-01,  2.22180327e-03, -9.83628461e-02,  5.88109574e-02, -2.96501020e-02],
       [ 1.73498858e-01, -1.76706040e-02,  1.28624661e-01, -1.29076268e-02,  5.31034334e-02],
       [-1.35051906e-01, -1.41591924e-02, -3.88925122e-02,  2.18689833e-02, -3.38799119e-02],
       [-1.82825722e-02, -6.25018956e-02,  9.90442257e-02,  2.31078173e-02, -3.64418793e-03],
       [ 4.94713253e-04, -3.20380893e-02,  1.42829060e-01,  2.95441125e-02, -2.26657876e-02],
       [-1.90115363e-01,  1.63573934e-02, -7.71724789e-02,  1.26004347e-02, -6.78441814e-02],
       [-7.28300246e-02,  1.11867014e-02,  7.12675634e-02, -5.04217561e-02,  6.10316369e-02],
       [ 2.21243534e-02,  1.39736799e-01,  6.50082832e-02,  1.16552526e-02, -1.22470756e-02],
       [-7.99472233e-02,  8.34724609e-02,  4.02257724e-02, -4.16839542e-02,  3.22965041e-02],
       [ 9.27026265e-02,  8.18991901e-02,  9.91088967e-02,  6.52729334e-02, -4.14669196e-02],
       [ 1.81976465e-01, -2.69956493e-02,  8.46519140e-02,  2.69124243e-02,  5.12095001e-02],
       [ 2.12087366e-02,  8.91631305e-02, -4.51296626e-02,  1.93833074e-02, -7.91914714e-02],
       [ 1.02337595e-01, -1.27892026e-02,  1.44923397e-01,  3.87059582e-02, -1.03109264e-01],
       [-5.55608051e-02, -6.80919079e-02, -6.01396635e-02,  4.12614626e-02,  8.27255429e-02],
       [-9.22521027e-02,  6.82774910e-02,  6.79816200e-02, -2.18153490e-02,  6.04306673e-02],
       [-5.36217649e-03, -9.74347916e-02,  9.24409990e-03, -1.28822353e-01, -5.57433393e-02],
       [-1.54863933e-03,  3.89609272e-02, -2.27889374e-03,  5.36115997e-02,  5.36105944e-02],
       [ 2.58077952e-02, -1.62039216e-01,  1.22687075e-02, -8.21530570e-02,  7.39328581e-02],
       [-1.61987305e-03,  1.79576544e-01, -8.96747774e-03, -5.90124652e-02, -8.79559726e-02],
       [ 2.18086374e-02, -1.15001748e-01,  3.12157074e-04,  2.06552070e-02,  1.10461715e-01],
       [-9.75230529e-03,  7.22515715e-03, -1.09735268e-02,  3.36250722e-03,  8.05155496e-03],
       [-5.10516485e-03,  3.10337005e-02, -1.59443825e-02, -4.41093253e-02,  4.18252598e-02],
       [-7.35419049e-04, -1.87792896e-01,  1.47871629e-02,  1.08683952e-01,  1.00789101e-01],
       [ 2.40675081e-03, -6.23967633e-02, -1.45248791e-02, -3.73274671e-03, -8.30617880e-02],
       [-5.81701041e-03,  1.40867134e-03, -3.86351571e-03, -2.18898275e-02,  6.19716263e-02],
       [-1.54576912e-03, -5.03947320e-02,  3.09247687e-03,  7.23156860e-02, -1.00685598e-01],
       [-1.63633156e-02,  8.70630907e-02, -8.63687698e-03, -5.05010703e-02,  7.68103514e-02],
       [-4.63930127e-05,  1.80272389e-01, -1.24902081e-02, -1.45783167e-01, -5.03941231e-02],
       [ 5.14259646e-03, -2.24187058e-03,  5.18123220e-03,  1.25024741e-01,  9.61585078e-02],
       [-1.38791865e-02,  1.18816756e-01, -2.19820289e-02,  8.43857732e-02,  1.07270606e-01],
       [ 7.19295541e-03, -6.04936605e-02,  7.22351000e-03, -1.70513402e-01, -7.12578987e-02],
       [ 2.89956484e-03, -7.81062106e-02, -4.75402957e-03, -7.95348451e-02, -1.04913490e-01],
       [-1.78794707e-02,  9.81728017e-02,  1.92387419e-02,  1.34570986e-02,  1.36169615e-02],
       [ 1.22038097e-01, -8.76897352e-02, -1.00115894e-02, -3.69031294e-02,  4.16070235e-02],
       [-1.21550422e-01,  9.89158880e-02,  4.35728874e-03, -4.52452528e-02, -4.39849281e-02],
       [ 8.96880698e-02, -4.81542019e-02, -3.42893920e-02,  6.46293800e-03,  3.37307018e-02],
       [-1.11367545e-02,  5.32562066e-02, -8.16536802e-02, -1.65954211e-02,  4.71778167e-03],
       [-1.66202872e-02,  3.05740926e-02, -1.02476239e-01, -6.10867235e-03,  2.61068118e-02],
       [ 1.18306506e-01, -9.99249632e-02, -4.01320766e-02,  8.08538552e-02,  5.91121592e-02],
       [ 4.42101465e-02, -4.04802383e-02, -8.22132639e-02, -3.41195854e-02, -6.59347032e-02],
       [-2.18326502e-02, -7.75434819e-02, -1.61958298e-02,  2.10061989e-03,  1.77383792e-02],
       [ 2.73003061e-02, -6.37266365e-02, -5.64629293e-02,  2.75233696e-02, -4.56513587e-02],
       [-8.99003514e-02, -9.65844935e-03, -2.51025961e-02, -9.48916575e-03,  4.90780916e-02],
       [-1.11923057e-01,  1.05211182e-01,  3.41921518e-02, -8.33377318e-02, -3.23714072e-02],
       [ 1.49545741e-03, -5.92997600e-02,  5.31424642e-02,  9.75558000e-02,  7.33316298e-02],
       [-7.26651522e-02,  6.76317813e-02, -4.15188890e-02,  8.13735322e-02,  9.49948044e-02],
       [ 6.35002040e-02,  7.75495366e-03,  1.77995983e-02, -8.96061024e-02, -4.31626480e-02],
       [ 5.16860572e-02, -8.21519050e-02, -8.16123840e-02, -5.51941047e-02, -5.29755886e-02],
       [-4.66850979e-02,  1.19891892e-01,  2.01453880e-02,  3.17980909e-02, -3.09780297e-02],
       [ 5.37183121e-02, -1.37736138e-01, -2.20295031e-02,  1.39619004e-02,  5.01200811e-02],
       [-2.22584334e-02,  8.36465777e-02,  1.66852854e-02,  9.21862969e-04, -3.55673640e-02],
       [ 7.19374863e-03, -1.22214967e-02,  2.19624322e-02,  1.41810772e-02, -3.53756486e-03],
       [ 8.21760130e-03, -3.27805731e-02,  2.07152251e-02,  9.81885812e-03, -1.69504950e-02],
       [-5.41930434e-02,  1.42737762e-01,  3.54274477e-02, -2.82840151e-02, -6.16122593e-02],
       [-1.73348199e-02,  4.61897962e-02,  2.45872511e-02,  2.20383787e-03,  5.42493351e-02],
       [ 7.94501713e-03,  2.04529177e-02, -2.79576217e-04, -2.68829487e-03, -2.31102280e-02],
       [-1.26953454e-02,  5.64610782e-02,  2.08724030e-02, -1.69069609e-02,  4.13847657e-02],
       [ 4.31631032e-02, -4.49030908e-02,  3.46191534e-03,  5.87346038e-03, -3.96944000e-02],
       [ 2.94363710e-02, -1.36430580e-01, -2.51401592e-02,  2.29053433e-02,  2.85875966e-02],
       [ 4.00407539e-04,  8.88954292e-03, -2.10663072e-02, -1.74279636e-02, -5.34493411e-02],
       [ 1.89177709e-02, -8.89862103e-02, -1.67266911e-02, -1.38048247e-02, -8.69258291e-02],
       [-2.71862961e-02,  3.13404239e-02, -3.60408580e-03,  2.02748515e-02,  4.11223258e-02],
       [-1.29793142e-02,  5.86625831e-02,  1.26251505e-02,  8.00466640e-03,  5.86938274e-02],
       [-1.78307112e-01, -1.28140871e-02, -3.26410456e-02, -1.17915300e-01,  5.37404923e-02],
       [ 1.54957225e-01,  3.98179404e-02, -3.28810466e-02,  1.04213281e-01, -2.98020491e-02],
       [ 1.16194916e-02,  7.14744805e-02, -1.28874294e-01,  2.11703667e-02,  1.24095979e-02],
       [-1.06772677e-02,  3.88229798e-02, -1.66869816e-01,  4.27150194e-02, -1.10255097e-02],
       [ 1.86519550e-01,  1.74760756e-02, -2.98321137e-02,  1.50747264e-01, -7.65136062e-02],
       [ 5.62719115e-02,  6.23720768e-04, -1.12091889e-01, -1.19398434e-01,  3.03988036e-02],
       [-1.93794869e-02, -1.49896909e-01, -3.47339963e-02,  5.20182325e-02, -2.38586292e-02],
       [ 5.18649203e-02, -6.83265948e-02, -8.85353742e-02, -9.41828009e-02,  1.94591040e-02],
       [-1.02889735e-01, -1.04477785e-01, -5.00899694e-02,  9.38186902e-02, -1.09584634e-02],
       [-1.87345539e-01, -3.11188828e-03,  1.91579245e-02, -4.13431088e-02,  6.03781192e-02],
       [ 7.51265675e-03, -9.61799265e-02,  8.36684660e-02,  1.49539145e-01, -5.78908947e-02],
       [-1.16927127e-01,  2.76565499e-03, -1.03474647e-01,  1.66449882e-01, -5.16071809e-02],
       [ 7.22493420e-02,  8.92368453e-02,  3.57790957e-02, -9.15492041e-02,  8.03453325e-02],
       [ 7.87518240e-02, -5.32595990e-02, -1.15861189e-01, -1.22441550e-01,  4.36286190e-02],
       [-1.75825764e-01, -3.13807959e-02,  2.92759052e-02, -4.87165864e-02,  7.17660064e-02],
       [-1.61707683e-02, -7.87328161e-02,  1.50279032e-01, -3.20374586e-02, -8.97055223e-03],
       [ 2.26777175e-02, -4.27839859e-02,  2.04245643e-01, -5.11339689e-02,  4.23447729e-02],
       [-2.08935235e-01, -2.79841812e-03,  2.43236523e-02,  5.23539038e-03,  1.37204182e-01],
       [-6.56251161e-02,  5.56762436e-03,  1.32260182e-01,  5.20203575e-02, -7.87777951e-02],
       [ 7.73896551e-03,  1.64488323e-01,  3.80713418e-02, -3.21416514e-02,  3.49316742e-02],
       [-5.50525377e-02,  7.75723201e-02,  1.02784825e-01,  9.11816447e-02, -5.93231742e-02],
       [ 1.12836309e-01,  1.07010467e-01,  6.37395255e-02, -7.77537077e-02,  5.39873189e-02],
       [ 2.09968657e-01, -1.29453325e-02, -1.10921970e-02, -9.58847822e-02, -8.99940990e-02],
       [ 2.93011595e-03,  1.12387371e-01, -9.59605907e-02,  1.10434987e-02,  1.36730172e-01],
       [ 1.32506068e-01, -1.12139039e-02,  1.33697753e-01, -2.34118879e-02,  1.19044130e-01],
       [-6.83253289e-02, -8.73377383e-02, -4.11170125e-02, -6.33100470e-02, -1.01858390e-01],
       [-1.07251203e-01,  7.01124528e-02,  1.37975773e-01,  2.00180614e-02, -1.09189735e-01],
       [-5.48416120e-03,  5.28334632e-02, -1.05299674e-01,  4.27216067e-02,  3.19760459e-03],
       [-3.20364728e-02,  2.16788946e-02, -1.25207434e-01,  5.57870567e-02, -3.75265940e-02],
       [ 1.81065601e-01,  3.78682330e-02, -9.04480316e-02,  4.78832860e-02, -1.02594563e-01],
       [ 6.05837620e-02,  9.56960522e-03, -1.09026840e-01, -8.88737394e-02,  8.30506287e-02],
       [-7.45038593e-03, -1.06009264e-01, -2.23696231e-02,  3.18104498e-02, -2.25785857e-02],
       [ 4.77600336e-02, -4.37170159e-02, -8.26573094e-02, -7.68493483e-02,  3.32452674e-02],
       [-9.16485821e-02, -8.34306443e-02, -1.11684246e-02,  7.62460993e-02, -3.93511495e-02],
       [-1.50427400e-01, -2.36988946e-02,  6.45163696e-02,  4.22288852e-02,  8.45915177e-02],
       [-3.29387394e-03, -7.42026748e-02,  7.38566639e-02,  5.21518959e-02, -1.24681841e-01],
       [-9.55765271e-02, -9.36734889e-03, -5.08916362e-02,  6.77702120e-02, -1.06389652e-01],
       [ 6.82046277e-02,  7.42218290e-02,  6.37384208e-03,  9.27275798e-03,  1.08545606e-01],
       [ 6.32536973e-02, -2.89207956e-02, -1.03566071e-01, -5.44183539e-02,  7.24030110e-02],
       [-1.08358770e-02, -9.10821457e-03,  4.46917874e-03,  1.40270178e-02,  4.12932309e-03],
       [-2.29001214e-02,  8.35836965e-02, -1.51158350e-01,  3.86118953e-02, -1.44510970e-02],
       [-5.72229563e-03,  2.81588389e-02, -3.88562066e-02, -1.90191664e-02, -1.08051134e-02],
       [-6.05923154e-03, -3.31674995e-03,  2.71615743e-02,  1.95536839e-02, -1.00077911e-03],
       [-1.04251849e-02,  2.39072049e-02, -5.92497162e-02, -4.85562851e-02, -1.34986125e-03],
       [-6.52281336e-03, -4.25534889e-02,  8.79988286e-02,  2.89198987e-02,  8.07842491e-03],
       [ 2.10343205e-02, -8.23911367e-02,  1.47018211e-01,  5.78094832e-03,  7.52327794e-03],
       [ 7.22243115e-03, -3.45980968e-03,  2.39745799e-02,  3.09759642e-02,  1.04668236e-02],
       [-7.13377526e-03, -4.63307244e-02,  8.33202904e-02,  3.72926285e-02,  8.79982844e-03],
       [ 4.15321346e-03,  2.85650121e-02, -5.54902579e-02, -1.94550513e-02,  5.24655082e-03],
       [-1.38115107e-02,  3.91938188e-02, -4.81575258e-02, -3.26024407e-02, -7.65796885e-03],
       [-3.41955836e-02,  4.68858102e-02, -2.03681590e-01,  6.87731712e-02, -5.10395732e-02],
       [-1.70630267e-02,  2.10658422e-02, -4.40665152e-02, -5.83287028e-02,  2.68331465e-02],
       [ 7.14201811e-04,  2.34959155e-02,  4.26358719e-02,  1.60707556e-02, -1.65897391e-02],
       [-1.86892192e-02,  3.18593916e-02, -5.36455427e-02, -4.62404561e-02,  2.67263536e-02],
       [ 1.21851594e-02, -5.75822187e-03,  1.26604784e-01,  5.79440922e-02, -2.18069368e-02],
       [ 3.32690949e-02, -4.66966538e-02,  1.94450504e-01, -1.93171986e-02,  3.46938127e-02],
       [ 7.06157893e-03,  1.22186040e-02,  2.45489590e-02,  7.67964944e-02, -3.86901829e-02],
       [ 1.84311054e-03, -1.95007703e-02,  1.08943903e-01,  9.69002282e-02, -6.30227539e-02],
       [-8.03951508e-03,  4.04329011e-03, -8.29112008e-02, -4.02895963e-02,  5.06770170e-02],
       [-2.41883028e-02,  3.87710938e-02, -5.28118696e-02, -6.04514095e-02,  3.57096990e-02],
       [ 5.89336076e-02, -3.05786701e-03, -1.50244233e-01, -6.62636818e-02,  1.08719864e-01],
       [-2.77324901e-02, -1.73276660e-01, -2.73172236e-02,  4.10843773e-02, -6.87502844e-02],
       [ 5.01806394e-02, -7.90977330e-02, -1.23589842e-01, -1.24120789e-01,  8.67657565e-02],
       [-1.22953312e-01, -1.15799701e-01, -2.48128843e-02,  1.05706520e-01, -7.36921273e-02],
       [-2.07724215e-01,  7.80754867e-03,  8.53526394e-02,  1.56648348e-01,  1.02566032e-01],
       [ 1.66754259e-02, -1.16685967e-01,  1.03710112e-01, -4.50525536e-02, -1.40110971e-01],
       [-1.46558518e-01,  1.18549702e-02, -9.63534681e-02, -7.44290689e-04, -1.46528195e-01],
       [ 7.55032785e-02,  9.41507359e-02,  1.96715118e-02,  1.26036635e-01,  1.17893925e-01],
       [ 8.33002275e-02, -6.52813325e-02, -1.59560818e-01,  4.52737653e-03,  1.17631434e-01],
       [-1.22896553e-02, -5.76888188e-02,  1.86560681e-02, -4.77950372e-02,  4.76249112e-02],
       [ 1.19049178e-02, -2.75308245e-02, -8.10368034e-02,  1.34225408e-01, -6.10175165e-02],
       [-4.93385084e-02, -4.48685683e-02,  7.07404680e-02, -1.05466616e-01,  3.43662463e-02],
       [-7.54910794e-02,  9.83128047e-03,  1.52638623e-01, -4.96128435e-02, -9.20302978e-02],
       [ 5.43309846e-03, -3.75219375e-02,  6.01224507e-02, -6.07732142e-02,  1.03610243e-01],
       [-6.26653350e-02,  1.42672935e-02,  4.12161002e-02, -1.00440738e-01,  9.92256530e-02],
       [ 2.87684141e-02,  3.29401166e-02, -4.34739499e-02, -2.02212737e-02, -1.14139848e-01],
       [ 2.16664245e-02, -1.47872516e-02, -7.46873870e-02,  8.57281421e-02, -1.15003570e-01],
       [-1.00032379e-02, -3.98022075e-02,  1.24812685e-02, -3.71586409e-02,  1.90993236e-02],
       [ 9.83243845e-04,  8.48362317e-02,  2.91425447e-02,  6.37659045e-02, -3.12655233e-02],
       [ 2.46944026e-02,  1.66532410e-01,  3.32732799e-02,  7.03574694e-03,  5.34696467e-02],
       [ 2.48666966e-03,  1.33003236e-02, -9.99374409e-03,  3.93952184e-02, -9.23082216e-02],
       [ 8.05750292e-03,  1.06571807e-01,  3.92076081e-02,  6.85309341e-02, -9.42508118e-02],
       [-2.96478106e-03, -6.13189755e-02, -1.83954504e-02,  4.72939290e-03,  7.94840465e-02],
       [-1.78632474e-02, -5.83325909e-02,  1.92054593e-02, -4.10616287e-02,  4.79366387e-02],
       [-4.82843638e-02,  4.52138993e-03,  5.20270397e-02, -9.20854641e-02,  2.25627905e-02],
       [-6.40773822e-02,  8.61150661e-02,  1.24949444e-01,  2.52212555e-02, -8.71191308e-02],
       [ 9.76623278e-03, -3.47593045e-02,  4.07064693e-02, -1.45701459e-01,  1.25665885e-01],
       [-5.52054756e-02,  6.62830196e-02,  2.01811001e-02, -1.55616201e-01,  8.85960024e-02],
       [ 3.05018620e-02, -2.38857759e-03, -3.47177750e-02,  7.24632574e-02, -1.09974626e-01],
       [ 1.94743479e-02, -4.96108565e-02, -8.74826791e-02,  1.19166531e-01, -7.70576922e-02],
       [ 1.39244030e-01,  1.10256980e-01,  3.46038675e-02, -7.42437360e-03,  7.63049308e-02],
       [ 1.97633076e-03,  6.39420114e-02, -5.28820952e-02,  1.16093650e-01, -8.73458728e-02],
       [ 9.48829120e-02,  7.65420802e-02,  1.30266654e-01,  1.24957603e-01, -5.86363435e-02],
       [-3.21554602e-02, -7.55254597e-02, -2.67026324e-02, -4.10573303e-02,  9.51921578e-02],
       [-6.37900055e-02, -1.06043171e-02,  7.08236931e-02, -1.09137798e-01,  7.06281162e-02],
       [-1.20062467e-02,  1.11946321e-01, -9.92375819e-02,  1.40709078e-01,  7.53100421e-02],
       [ 1.30169315e-01, -2.04054080e-02,  9.70580196e-02,  1.28844049e-01,  1.01264600e-01],
       [-7.92202313e-02, -8.73126288e-02, -2.55713882e-02, -1.57232708e-01, -5.29321803e-02],
       [-7.95499821e-02,  6.79994786e-02,  1.46765850e-01, -9.65796457e-02, -7.30826134e-02],
       [ 1.15024853e-02,  6.48685629e-02, -2.96511053e-02, -5.89748193e-03, -1.43277485e-01],
       [-2.49217313e-03, -5.09469272e-02,  3.52668018e-02,  1.37701208e-01,  1.09267445e-01],
       [ 5.40882702e-03, -4.00480842e-02,  7.03699343e-02,  1.21034892e-02,  1.17087125e-01],
       [-6.44969299e-02, -5.94587250e-02, -8.88647135e-02,  1.06456382e-01,  1.27774985e-01],
       [-7.62692446e-02,  5.79780694e-02,  3.61868632e-02, -2.59859583e-02,  1.23336657e-01],
       [ 3.96386610e-02,  1.17361060e-02, -4.36070272e-02, -9.38089121e-02, -1.15024999e-01]])})
2026-01-20 11:00:58,617 - final_problem_set.kxor_instance_n20_k2_m215_ell2_eps0.15_kappa0.75_rho0.0 - INFO - Running key extraction (n=20, m=215, ell=2, phase_qubits=13)
2026-01-20 11:00:58,619 - final_problem_set.kxor_instance_n20_k2_m215_ell2_eps0.15_kappa0.75_rho0.0 - INFO - Built voting matrix V (n=20, ell=2, dtype=complex128) in 0.002s
2026-01-20 11:00:58,620 - final_problem_set.kxor_instance_n20_k2_m215_ell2_eps0.15_kappa0.75_rho0.0 - INFO - Eval: adv=0.2651 (no ground-truth z available)
2026-01-20 11:00:58,620 - final_problem_set.kxor_instance_n20_k2_m215_ell2_eps0.15_kappa0.75_rho0.0 - INFO - Key extraction complete: x_hat=17
2026-01-20 11:00:58,620 - final_problem_set.kxor_instance_n20_k2_m215_ell2_eps0.15_kappa0.75_rho0.0 - INFO - Finished step 'KeyExtractionStep' in 0.003s (success: True, problem=kxor_instance_n20_k2_m215_ell2_eps0.15_kappa0.75_rho0.0)
2026-01-20 11:00:58,620 - final_problem_set.kxor_instance_n20_k2_m215_ell2_eps0.15_kappa0.75_rho0.0 - INFO - SUCCESS: len(z_hat)=20
2026-01-20 11:00:58,620 - final_problem_set.kxor_instance_n20_k2_m215_ell2_eps0.15_kappa0.75_rho0.0 - INFO - Metrics: adv=0.2651162790697674, ham_frac=None, corr=None
2026-01-20 11:00:58,620 - final_problem_set.kxor_instance_n20_k2_m215_ell2_eps0.15_kappa0.75_rho0.0 - INFO - z_hat (full): [ 1, -1,  1,  1, -1, -1,  1, -1,  1, -1, -1,  1, -1,  1, -1,  1, -1, -1,  1,  1]
