2026-01-20 11:01:07,207 - final_problem_set.kxor_instance_n21_k2_m204_ell2_eps0.3_kappa0.875_rho0.4 - INFO - Starting iteration for /Users/julian/CodingProjects/UniT3/QuarticSpeedupK-XOR/z_Daphne/data/final_problem_set/kxor_instance_n21_k2_m204_ell2_eps0.3_kappa0.875_rho0.4.npz
2026-01-20 11:01:07,211 - final_problem_set.kxor_instance_n21_k2_m204_ell2_eps0.3_kappa0.875_rho0.4 - INFO - Loaded instance (n=21, m=204, k=2)
2026-01-20 11:01:07,211 - final_problem_set.kxor_instance_n21_k2_m204_ell2_eps0.3_kappa0.875_rho0.4 - INFO - Starting step 'ComputeKikuchiStep' (version 0.1) on problem kxor_instance_n21_k2_m204_ell2_eps0.3_kappa0.875_rho0.4 (fields={'ell': 2, 'threshold': 0.0})
2026-01-20 11:01:07,237 - final_problem_set.kxor_instance_n21_k2_m204_ell2_eps0.3_kappa0.875_rho0.4 - INFO - Finished step 'ComputeKikuchiStep' in 0.026s (success: True, problem=kxor_instance_n21_k2_m204_ell2_eps0.3_kappa0.875_rho0.4)
2026-01-20 11:01:07,237 - final_problem_set.kxor_instance_n21_k2_m204_ell2_eps0.3_kappa0.875_rho0.4 - INFO - Starting step 'ClassicalEigenvaluesStep' (version 0.1) on problem kxor_instance_n21_k2_m204_ell2_eps0.3_kappa0.875_rho0.4 (fields={'ell': 2, 'threshold': 0.0, 'kikuchi_matrix': <Dictionary Of Keys sparse matrix of dtype 'int64'
	with 4826 stored elements and shape (210, 210)>, 'num_eigenvalues': 5})
2026-01-20 11:01:07,317 - final_problem_set.kxor_instance_n21_k2_m204_ell2_eps0.3_kappa0.875_rho0.4 - INFO - Finished step 'ClassicalEigenvaluesStep' in 0.080s (success: True, problem=kxor_instance_n21_k2_m204_ell2_eps0.3_kappa0.875_rho0.4)
2026-01-20 11:01:07,317 - final_problem_set.kxor_instance_n21_k2_m204_ell2_eps0.3_kappa0.875_rho0.4 - INFO - Starting step 'KeyExtractionStep' (version 0.1) on problem kxor_instance_n21_k2_m204_ell2_eps0.3_kappa0.875_rho0.4 (fields={'ell': 2, 'threshold': 0.0, 'kikuchi_matrix': <Dictionary Of Keys sparse matrix of dtype 'int64'
	with 4826 stored elements and shape (210, 210)>, 'num_eigenvalues': 5, 'eigenvalues': array([-10.58074564,  10.74922495,  10.88582546,  11.86124043,  13.95246508]), 'eigenvectors': array([[ 2.20887300e-02, -1.21204789e-01, -8.96453231e-02, -1.19364340e-03,  9.74469643e-03],
       [ 7.55970729e-02,  7.51145074e-02,  7.04907399e-02,  1.33188782e-02, -3.15185431e-03],
       [-9.39629306e-03,  4.86260015e-02,  1.84726707e-02,  7.57610513e-04, -4.28737116e-03],
       [-2.71275855e-02,  9.67123914e-02,  1.09002508e-01,  8.34354426e-03, -2.07094601e-02],
       [-1.15069691e-02,  1.00755881e-01,  8.21639445e-02, -1.68318635e-02,  2.44442500e-03],
       [-6.16149623e-02, -1.22036042e-01, -9.86140322e-02,  9.57618311e-03,  6.48932080e-04],
       [ 3.86248278e-02, -5.89577050e-02, -5.22244651e-02,  1.08355387e-02,  5.42111172e-03],
       [ 6.54583305e-02, -4.18033852e-02, -9.48662096e-03, -6.60559647e-03,  3.46564116e-03],
       [-6.60034937e-02,  1.48542832e-01,  1.19355784e-01,  1.89275736e-03, -1.23231772e-02],
       [-7.60099381e-02, -9.32161097e-02, -9.00250906e-02, -6.09364374e-03,  7.57118806e-03],
       [ 1.99184378e-02, -1.67031328e-01, -1.42155293e-01, -1.58841314e-02, -5.74691116e-04],
       [-2.58992656e-02,  1.30093941e-01,  1.35360630e-01, -1.81275431e-03, -1.78465043e-02],
       [-9.94088700e-02,  4.19489086e-02,  2.45930561e-02,  5.78190781e-03,  1.68369720e-03],
       [ 1.05347919e-01,  1.10413045e-01,  8.85856441e-02, -2.18845345e-03, -5.37974327e-03],
       [-4.03552136e-02, -1.11942201e-01, -9.82521441e-02,  4.05718359e-04,  1.24128220e-02],
       [-6.27467529e-02,  3.97700785e-02,  5.51333717e-02,  5.10909435e-03, -2.89311103e-03],
       [ 5.94952288e-02, -1.34455476e-01, -1.24745087e-01, -7.56039524e-03,  1.34231636e-02],
       [ 7.41042509e-02, -2.99746569e-02, -2.19894393e-02,  9.14294551e-04,  3.72630985e-03],
       [ 8.21485619e-02, -3.24951818e-02, -2.31840420e-02,  4.03056545e-03,  4.64190152e-04],
       [ 1.40323431e-01,  9.27273276e-02,  5.93994015e-02,  1.01151718e-02, -1.34260064e-02],
       [-1.39872527e-01, -4.35799675e-02, -3.23064926e-02,  9.45154458e-02,  5.64310409e-02],
       [ 1.22639059e-02, -4.68531988e-02,  1.23607437e-01,  1.66576832e-02,  4.01007635e-02],
       [ 5.79213155e-02,  9.43950545e-02,  2.87192772e-02, -6.56394804e-03,  1.13027387e-01],
       [ 3.27291236e-02, -4.95055242e-02, -2.84626597e-02, -6.30634217e-02,  8.94421272e-02],
       [ 1.09306257e-01,  1.36007272e-02,  1.61258166e-03,  1.09499416e-02, -9.86035462e-02],
       [-2.52546653e-02,  4.73137263e-02,  9.07305697e-03,  7.51646388e-02, -6.38596234e-02],
       [-1.21031138e-01,  3.39733137e-02, -1.17676980e-01, -6.06165676e-02, -1.31736149e-02],
       [ 9.14697826e-02, -2.58870675e-03,  7.94426584e-02,  3.71426799e-02,  1.30943054e-01],
       [ 1.06974733e-01,  2.85981710e-03,  4.99193046e-03, -8.83349019e-02, -7.28788413e-02],
       [-4.91508464e-03,  2.26678223e-02, -5.74311381e-04, -5.80685629e-02, -1.29850426e-01],
       [ 9.00837013e-02,  4.90754935e-02, -3.80859805e-04,  6.21768336e-02,  1.38283810e-01],
       [ 1.42104790e-01, -1.50898327e-01,  2.36004152e-02,  4.53723292e-02,  3.08240962e-02],
       [-1.56355074e-01, -5.93899916e-02,  4.04453078e-02, -3.05062584e-02,  1.04267100e-01],
       [ 8.76735880e-02, -5.50870731e-02, -3.74376794e-02, -6.41728889e-04, -9.43313963e-02],
       [ 1.00691288e-01,  9.01208901e-02, -8.94234217e-02,  7.60294817e-02,  3.36407677e-02],
       [-7.89760304e-02, -3.30092779e-02, -8.68127016e-03, -6.68909326e-02, -1.04763935e-01],
       [-1.16648952e-01, -9.04656273e-03, -4.69899078e-02,  9.18825057e-02, -4.53864199e-02],
       [-1.26872594e-01,  1.15486483e-02,  2.17429034e-02,  7.81137804e-02, -2.90498301e-02],
       [-1.87480587e-01,  8.20755314e-03,  8.32466293e-02, -2.99591381e-02,  7.70293421e-02],
       [-2.49490088e-03,  4.01919879e-02, -5.94367886e-02, -4.94496803e-02, -2.49432012e-02],
       [ 6.30750283e-02, -7.70392986e-03,  4.25844854e-02, -9.66178405e-02, -6.91944482e-02],
       [ 7.16333175e-03,  9.01113346e-02,  1.05278357e-01, -3.99450602e-02, -7.10735840e-02],
       [ 6.68782549e-02, -7.19304717e-02, -8.33240100e-02,  9.17000727e-02,  7.93713288e-02],
       [ 6.44171019e-02, -7.58542345e-02, -6.23201219e-02,  2.41086917e-03,  5.18436893e-02],
       [-5.84858571e-02, -9.27081221e-03,  8.13242520e-02,  5.76542868e-02,  9.59938353e-03],
       [ 7.00441139e-02,  5.66104267e-02,  2.18213407e-02, -1.44471837e-01, -8.05022188e-02],
       [ 1.16743155e-01, -2.31874512e-02, -2.65411508e-02,  1.05790740e-01,  3.14875711e-02],
       [ 5.55218163e-02, -6.93704007e-02, -6.56288429e-02,  1.50767266e-01,  6.78783108e-02],
       [ 1.39214610e-01,  3.38580383e-02,  5.52339389e-02, -1.32513401e-01, -6.22787101e-02],
       [ 8.88524560e-02,  8.94352853e-02, -7.62464985e-03, -3.91893459e-02, -1.26100802e-02],
       [-1.02726317e-01,  8.88122598e-02,  4.24015146e-02, -6.88761711e-02, -6.49281321e-02],
       [ 1.19251547e-01, -7.40685081e-03, -3.90116254e-02,  9.92494759e-02,  6.87333293e-02],
       [ 4.63928217e-02, -3.81764777e-02,  5.20096179e-02, -6.50257611e-02, -9.10049410e-03],
       [-3.04921294e-02, -2.62463560e-02, -3.69477558e-02,  1.31278153e-01,  5.32920856e-02],
       [-1.38618980e-01, -1.71749804e-02, -1.17963565e-02, -2.08300087e-02,  3.59546947e-02],
       [-6.13877878e-02, -3.31016826e-02, -5.19139572e-02, -1.95840225e-02,  3.33663720e-02],
       [-1.11539321e-01,  3.41135721e-02, -1.59802994e-02, -6.30179936e-02, -6.45644334e-02],
       [-4.50986509e-03,  1.87888405e-02, -1.33364565e-01, -2.79318909e-03, -3.73134772e-02],
       [ 1.94043666e-03,  7.45310372e-02, -9.63912431e-02,  3.78821965e-02, -3.91177913e-02],
       [ 1.07048297e-02, -5.40098024e-02,  1.13103351e-01, -2.94081266e-03,  2.82657090e-02],
       [-1.73949896e-02, -4.90253572e-02,  6.45566179e-02, -3.25953402e-02,  2.06015537e-02],
       [-4.64902451e-04, -9.79884123e-03,  4.90021501e-02,  2.84628951e-02,  8.93413131e-03],
       [ 4.17414587e-03,  5.57456437e-02, -1.44006153e-01, -1.18835541e-02, -2.90708402e-02],
       [-3.25134388e-03, -3.60589882e-02,  8.77693829e-02,  4.39990778e-02,  2.83669693e-02],
       [-1.22045733e-02, -7.29606719e-02,  1.60289383e-01,  3.62476777e-02,  5.00135139e-02],
       [-1.89216959e-02,  4.21629461e-02, -1.33298309e-01, -2.33109399e-02, -2.95332858e-02],
       [-2.28441701e-03,  5.06302289e-02, -2.80454232e-02, -1.79360733e-02, -9.36215271e-03],
       [-7.95294774e-03,  5.20896280e-02, -1.04812121e-01,  4.47535390e-03, -2.57825567e-02],
       [-8.98637066e-03, -2.67534508e-02,  1.29040682e-01,  2.26181665e-03,  3.62234678e-02],
       [ 7.65196180e-03, -1.66550756e-02, -2.13102128e-02, -4.33080216e-02, -1.18406363e-02],
       [-3.91290637e-03, -2.96941348e-02,  1.43067062e-01,  5.45281841e-02,  5.08196431e-02],
       [ 7.50911810e-03, -1.53916946e-02,  5.13012088e-02, -3.65615695e-02,  1.44314268e-02],
       [-7.24787411e-03, -2.22875282e-02,  3.23277226e-02, -3.47215227e-02,  1.23214615e-02],
       [-3.72659572e-03,  3.07089882e-02, -1.18689400e-01,  8.42577455e-03, -2.96454500e-02],
       [-2.76354275e-03, -4.67186859e-02,  5.94069342e-02,  1.18137753e-01, -1.09002605e-01],
       [-5.09556965e-02,  9.64399091e-02, -2.22799603e-02, -6.76063752e-02,  1.16821883e-01],
       [-1.27635439e-02, -7.72525086e-03, -2.32168566e-02, -1.03558277e-01,  6.36462999e-02],
       [ 3.09265545e-02,  7.37336240e-03,  1.41371984e-01,  7.24309227e-02,  3.22096881e-02],
       [-3.87880649e-02, -1.06506194e-01, -5.42271650e-02,  1.11671033e-02, -1.17770242e-01],
       [-4.18346968e-02,  4.81037529e-02, -1.69501410e-02,  7.58054915e-02,  7.25741526e-02],
       [-8.51901304e-03,  1.05537594e-01, -2.66532504e-02,  1.27384895e-02,  1.39771640e-01],
       [-6.70326019e-02, -1.30858811e-01,  1.70269859e-02, -4.58481062e-03, -1.07135765e-01],
       [-4.80580457e-02,  1.20233015e-01, -2.36421172e-02, -3.90371147e-02, -4.53858428e-02],
       [ 6.14548731e-02, -3.48428821e-02, -2.34259751e-02,  7.40189521e-02, -1.06340196e-01],
       [-4.01612719e-02,  1.48589695e-01,  2.50105389e-02, -3.75781003e-02,  9.73899245e-02],
       [-3.43152079e-02, -1.26287172e-01,  1.01760170e-01, -6.49907966e-02, -3.23895459e-02],
       [ 2.49233688e-02,  1.32013347e-01, -4.81017675e-03,  4.06274388e-02,  1.09069514e-01],
       [ 7.62298630e-02,  2.91283687e-02,  2.87837704e-02, -1.01629996e-01,  3.32611872e-02],
       [ 4.06761500e-02,  2.97503229e-02, -2.69863261e-02, -1.08090560e-01,  4.36607763e-02],
       [ 6.44356723e-02, -7.83707964e-02, -8.15983874e-02,  5.79485169e-02, -8.11917168e-02],
       [-8.25543272e-04, -3.99321286e-02, -5.84754252e-02, -1.04698893e-01,  8.75837482e-02],
       [-2.35681361e-02, -3.91483538e-02, -2.14027666e-02, -1.03717829e-01,  5.07812528e-02],
       [-7.25794930e-03, -6.89907543e-02,  9.51559859e-02,  2.51127026e-02,  3.15839137e-02],
       [-8.04108210e-03,  5.72449834e-02,  2.33536878e-02,  9.45565493e-02, -1.13743301e-01],
       [-1.24854834e-02, -5.85567172e-02, -9.19429674e-02,  1.14926696e-02,  8.71017516e-02],
       [-1.39327582e-02, -8.48267025e-02, -1.17690984e-01, -8.30346678e-02,  1.30531877e-01],
       [-1.97210057e-02,  1.21578625e-02,  1.12392334e-01,  7.62359204e-02, -1.25056547e-01],
       [-9.19194246e-03,  1.64549684e-01,  1.59254031e-03, -1.56648983e-02, -3.25752753e-02],
       [ 2.78156018e-03,  6.84218378e-02,  1.91892418e-02,  1.03525772e-01, -8.22815886e-02],
       [-1.01716701e-02,  1.52290196e-02, -2.87692321e-02, -9.30316845e-02,  9.06146922e-02],
       [ 1.32017920e-03, -6.11229398e-02,  1.51080914e-01, -2.14065941e-02, -4.45312531e-02],
       [ 1.30692611e-03, -2.11126356e-02, -1.01640991e-01, -4.39205449e-02,  1.25271825e-01],
       [ 2.80026187e-02,  1.82740423e-02,  3.99080340e-02, -9.58966283e-02,  2.60496756e-02],
       [-3.04863325e-03,  2.58219033e-03, -8.33752384e-03, -8.74799793e-02,  2.00037736e-02],
       [ 9.84991835e-03,  1.84431476e-02, -4.29394670e-02,  1.18716397e-01, -8.29325899e-02],
       [-5.71017540e-02,  3.85816835e-02,  2.08730714e-02,  1.04078066e-01, -5.98803109e-02],
       [ 4.98017311e-02,  4.30693232e-02, -1.16019837e-01, -6.37443952e-02, -2.90617358e-02],
       [-4.02027566e-02, -1.04077123e-02,  1.57647463e-02, -2.85608489e-02,  1.18417188e-01],
       [-7.45748274e-02,  2.28094721e-02,  5.90839755e-02, -7.14760897e-02, -8.83757066e-02],
       [-4.62933997e-02,  3.75163561e-02,  7.14386485e-02,  2.71190164e-03, -1.38155240e-01],
       [-1.09706846e-01,  2.71561248e-02, -6.06731363e-02, -6.67930649e-03,  1.15139180e-01],
       [-6.79133076e-02, -1.67853486e-01,  5.78002340e-03,  3.95459101e-02,  3.54492498e-02],
       [ 6.37138596e-02, -5.70153033e-02,  6.43649284e-04, -8.13423729e-02,  1.00840831e-01],
       [-9.94324302e-02, -5.74065731e-02, -7.19435984e-04,  4.66097863e-02, -9.67892307e-02],
       [-3.04554865e-02,  7.93531317e-02, -1.16652887e-01,  6.38986360e-02,  3.17218626e-02],
       [ 1.92630674e-02, -2.98900824e-02,  5.30275734e-02, -3.10768798e-02, -1.32744807e-01],
       [ 1.05617486e-01, -2.51569541e-02, -3.82398811e-02,  1.14738431e-01, -4.12114487e-02],
       [ 3.57972050e-02,  1.24626904e-03,  1.49279033e-02,  9.70325045e-02, -2.62071629e-02],
       [ 8.24414746e-02,  1.56878012e-02,  7.11694098e-02, -8.32537707e-02,  9.17773714e-02],
       [ 5.15358326e-02,  4.64609798e-02, -6.31857805e-02, -4.86710816e-03, -2.45673309e-02],
       [-5.36385457e-02, -6.48249436e-02,  3.46062491e-03, -1.09713293e-01,  8.39435548e-02],
       [-4.86115243e-02,  6.38416737e-02,  4.95761186e-02,  2.27177267e-02, -6.10989215e-02],
       [ 4.02451706e-02,  9.82735754e-02,  7.15632933e-02,  1.02329724e-01, -1.10383653e-01],
       [ 2.01573824e-02, -3.97939650e-02, -5.12882803e-02, -9.27947105e-02,  7.45226667e-02],
       [-7.94827702e-02, -1.09271254e-01, -4.01524729e-03,  2.82373417e-03,  2.32986740e-02],
       [ 8.79034651e-02, -5.36692432e-02, -2.79210493e-03, -9.38250559e-02,  5.31649983e-02],
       [-1.69729304e-03, -1.70603646e-03, -1.97632362e-03,  1.14352939e-01, -7.47404544e-02],
       [-5.57658213e-02,  2.47507445e-02, -9.27002087e-02, -2.24365053e-03,  3.14453180e-02],
       [ 6.04847553e-02,  4.25664115e-02,  5.22943954e-02,  6.95350920e-02, -8.57534769e-02],
       [ 2.84318047e-02, -1.05020903e-02, -2.90346434e-02,  6.56766866e-02, -1.63778547e-02],
       [ 7.75434692e-02, -4.62085289e-03,  1.03229706e-03,  7.19932614e-02, -1.47235769e-02],
       [ 1.17320924e-01, -2.68922490e-02,  2.76199950e-02, -9.04366859e-02,  4.87599090e-02],
       [ 4.32692747e-02, -3.13104048e-02,  1.50955101e-01,  9.14593752e-02,  2.07473355e-02],
       [ 6.57439452e-02,  4.14812052e-03, -1.08038713e-01, -7.78356604e-02, -1.47141699e-02],
       [ 4.03556352e-02,  3.81185545e-02, -1.81711484e-01, -1.14908799e-01, -3.08853155e-02],
       [ 9.58057320e-02, -3.69572427e-03,  1.52210740e-01,  1.08629937e-01,  3.76716930e-02],
       [ 5.27910669e-02, -3.76893195e-02,  4.16760230e-02,  2.78400979e-02,  5.88913374e-03],
       [-5.35109935e-02, -5.07224103e-02,  1.15230462e-01,  4.94599153e-02,  2.69684587e-02],
       [ 6.50690295e-02,  2.70249727e-02, -1.19863943e-01, -6.70848580e-02, -1.75993516e-02],
       [ 2.50575767e-02,  2.89456111e-02,  4.09648827e-02,  5.82581458e-02,  5.13956913e-03],
       [-1.25920573e-02,  1.91154756e-02, -1.52627914e-01, -8.89052793e-02, -1.55712378e-02],
       [-9.23065352e-02,  2.52817862e-02, -3.98349054e-02,  8.17452295e-03, -1.27585825e-02],
       [-2.11909584e-02,  2.98479944e-02, -2.63803590e-02,  5.71120927e-03, -1.26993072e-02],
       [-5.66924491e-02, -2.79791916e-02,  9.87890179e-02,  4.78468135e-02,  1.51225874e-02],
       [-3.47390846e-02, -6.81923649e-03,  8.00871612e-03,  1.22875932e-01,  8.56448850e-02],
       [-4.35137567e-02, -2.01365106e-02,  3.01946160e-02,  7.93556981e-02,  1.57083620e-01],
       [-1.04486967e-01, -5.09194192e-02, -2.32394509e-02, -6.02078625e-02, -1.27666467e-01],
       [-4.06082415e-02,  1.86154178e-01, -3.46510431e-02, -6.13179980e-02, -3.92128634e-02],
       [ 2.88882347e-02,  5.99398135e-02, -5.82403047e-02,  4.28884335e-02, -1.09849541e-01],
       [-6.01803596e-02,  7.97569400e-02,  6.89443305e-02, -2.64802733e-03,  1.14517059e-01],
       [-2.85232142e-02, -1.15284578e-01,  9.75387965e-02, -1.03757349e-01, -4.05352502e-02],
       [-1.24369220e-03,  5.72573456e-02,  4.89059362e-02,  1.11347200e-01,  1.44556675e-01],
       [ 6.85551270e-02,  1.50144537e-02,  5.54307610e-02, -1.19833227e-01,  4.81882343e-02],
       [ 1.66450865e-02, -8.94687620e-03, -3.88106982e-03, -1.14241546e-01,  5.62840978e-02],
       [ 3.74474845e-02, -1.93878304e-02, -1.28932873e-01,  4.43169926e-02, -9.77778035e-02],
       [-4.15970366e-02,  1.78373433e-02,  4.20610408e-02, -1.46878176e-01, -8.93783148e-02],
       [-1.13913027e-01,  1.59717567e-02, -3.41487808e-02,  1.23754131e-01,  7.55440716e-02],
       [-6.10420647e-02, -1.06896188e-01,  1.61301067e-02,  4.29417701e-02,  1.99312832e-02],
       [ 5.89550990e-02, -6.61912188e-02, -1.60773728e-02,  5.15407395e-02,  8.92469831e-02],
       [-8.81738198e-02, -4.69873194e-02,  1.11886423e-02, -8.64936535e-02, -8.19485013e-02],
       [-5.51357857e-02,  7.14068427e-02, -6.76517514e-02,  8.72077139e-02,  1.49756735e-02],
       [ 1.69271409e-02, -2.51381721e-02,  1.36690885e-02, -1.36363575e-01, -7.14267476e-02],
       [ 1.00898842e-01,  4.84602879e-03, -3.72236904e-03,  4.37294047e-02, -4.15580740e-02],
       [ 5.36527049e-02,  1.82987650e-02,  4.62144754e-02,  3.60821964e-02, -4.41603564e-02],
       [ 7.75983010e-02,  4.24676325e-03,  5.10644140e-02,  4.79799390e-02,  7.80433047e-02],
       [ 1.28916688e-03,  3.27884681e-02, -6.76318741e-02,  9.59463588e-02,  1.47414744e-01],
       [-5.82043616e-02, -2.10154011e-01,  2.50839532e-02,  6.35515745e-02,  2.77872421e-02],
       [ 6.92592355e-02, -9.29044461e-02, -1.03545398e-02, -2.53017842e-02,  1.26208853e-01],
       [-9.75309141e-03, -7.90392507e-02,  5.29140726e-03, -3.13170111e-02, -1.48592097e-01],
       [-4.37680453e-02,  1.19792729e-01, -1.33349911e-01,  1.05659385e-01,  2.70539657e-02],
       [ 4.78634253e-02, -3.58835730e-02,  4.02489035e-02, -1.31045734e-01, -1.40560350e-01],
       [ 3.29212298e-02, -1.00741188e-02, -2.53198270e-02,  1.21789941e-01, -6.46045903e-02],
       [ 5.67710869e-02,  1.98893786e-02,  5.71603670e-02,  1.15005752e-01, -5.75199434e-02],
       [ 9.14629291e-02,  4.58508034e-03,  8.47711710e-02, -2.81883605e-02,  1.13272959e-01],
       [-1.45955052e-01,  1.60672492e-01, -1.28910807e-02, -6.48606594e-02, -3.71921286e-02],
       [ 1.44011015e-01,  2.24947489e-02,  1.19548582e-02,  2.43404813e-02, -1.04156750e-01],
       [-8.54745573e-02,  1.16798714e-01, -8.61508172e-04,  1.57799621e-02,  1.12990709e-01],
       [-1.06781618e-01, -1.00576257e-01,  1.04967817e-01, -8.69996935e-02, -2.21518522e-02],
       [ 7.97154890e-02,  8.81134239e-02, -2.73098761e-02,  1.10263777e-01,  1.20197052e-01],
       [ 1.21643758e-01,  4.17798050e-02,  1.71307862e-02, -1.04190660e-01,  5.77500528e-02],
       [ 1.15536588e-01,  7.73158511e-03, -4.88835189e-02, -1.00584542e-01,  5.14290749e-02],
       [ 2.01067104e-01, -6.02650231e-02, -7.73577972e-02,  2.30328332e-02, -1.08358984e-01],
       [ 5.42406833e-02,  1.47513359e-01, -1.25074034e-02, -3.62034287e-02, -2.39712843e-02],
       [-1.15035229e-01, -1.27720370e-01,  3.02158097e-02,  4.17718470e-02,  4.62864758e-02],
       [-3.27114193e-02,  2.92362810e-02,  1.81535920e-02, -4.14490122e-02, -7.56553843e-03],
       [ 1.27931425e-02, -1.56269596e-01,  2.40549165e-02,  6.99282529e-02,  3.58624885e-02],
       [ 9.96138962e-02, -5.33239506e-02,  1.66047204e-02, -1.42718689e-02,  1.78764387e-02],
       [ 3.95906842e-02, -5.45082113e-02, -8.01758810e-03, -8.27276880e-03,  1.39030576e-02],
       [ 6.34302945e-02,  1.16640394e-01, -2.76661415e-02, -3.03015287e-02, -2.59477966e-02],
       [ 1.04405007e-01,  1.22091924e-02,  4.32904334e-02, -6.59887120e-02,  1.03125243e-01],
       [ 3.94289643e-02, -5.35055567e-02,  9.41344502e-02, -4.42934309e-02, -3.56210180e-02],
       [-1.38857652e-04, -2.88034354e-02,  1.12358079e-03,  5.36591450e-03,  1.09678993e-01],
       [-1.02184805e-01,  1.40325244e-02,  4.20269803e-02, -9.31685842e-02,  3.01465727e-02],
       [-2.43206585e-02, -3.53977219e-03, -7.72840790e-03, -8.92812408e-02,  2.73905770e-02],
       [-6.83052494e-02,  2.20161115e-02, -9.17936450e-02,  8.28902538e-02, -8.10062310e-02],
       [-7.31676634e-02,  1.17936389e-01, -9.54810298e-02,  7.06655452e-02,  3.38581817e-02],
       [ 4.20299716e-02, -1.08173649e-01, -6.82767575e-03, -4.47122223e-02, -1.08960527e-01],
       [ 9.48926043e-02, -2.62767228e-02, -3.94769297e-02,  1.01673226e-01, -3.26503672e-02],
       [ 6.75936325e-02, -5.98946642e-03,  1.40445967e-02,  9.37266684e-02, -3.04396737e-02],
       [ 1.34418756e-01,  7.06555637e-02,  1.02037715e-01, -6.50577134e-02,  8.78015507e-02],
       [ 6.81008288e-03,  1.08404453e-01, -9.63493822e-02,  8.99077179e-02,  2.12329592e-02],
       [ 6.90940550e-02,  4.20430833e-02, -4.27638698e-02, -1.61681228e-02,  2.23318255e-02],
       [ 1.82265067e-02,  1.88027691e-02, -6.12493649e-02, -1.40821219e-02,  1.97899853e-02],
       [ 4.56182986e-02, -8.11531124e-02,  5.13692580e-02, -4.36568919e-02, -3.27530505e-02],
       [-4.46177240e-02, -2.35783160e-02, -1.62505506e-02,  8.90976480e-02, -5.23169986e-02],
       [ 5.64412422e-03, -6.67784089e-03,  5.44016581e-02,  7.94302953e-02, -5.76847211e-02],
       [-1.40734499e-04,  4.25209796e-02,  7.23402088e-02,  1.70898301e-03,  9.26234433e-02],
       [-8.12903571e-02, -1.66481262e-02, -2.05749061e-02,  5.56072881e-02, -6.67970051e-03],
       [-1.34837247e-01,  1.26587288e-02,  4.75825486e-02, -8.77087508e-02,  2.53585119e-02],
       [-3.05948591e-02,  3.04830730e-03,  3.22491693e-03, -8.58195928e-02,  2.51707520e-02]])})
2026-01-20 11:01:07,319 - final_problem_set.kxor_instance_n21_k2_m204_ell2_eps0.3_kappa0.875_rho0.4 - INFO - Running key extraction (n=21, m=204, ell=2, phase_qubits=13)
2026-01-20 11:01:07,321 - final_problem_set.kxor_instance_n21_k2_m204_ell2_eps0.3_kappa0.875_rho0.4 - INFO - Built voting matrix V (n=21, ell=2, dtype=complex128) in 0.003s
2026-01-20 11:01:07,322 - final_problem_set.kxor_instance_n21_k2_m204_ell2_eps0.3_kappa0.875_rho0.4 - INFO - Eval: adv=0.4510, hamming=1/21 (0.048), corr=0.905
2026-01-20 11:01:07,322 - final_problem_set.kxor_instance_n21_k2_m204_ell2_eps0.3_kappa0.875_rho0.4 - INFO - Key extraction complete: x_hat=11
2026-01-20 11:01:07,322 - final_problem_set.kxor_instance_n21_k2_m204_ell2_eps0.3_kappa0.875_rho0.4 - INFO - Finished step 'KeyExtractionStep' in 0.003s (success: True, problem=kxor_instance_n21_k2_m204_ell2_eps0.3_kappa0.875_rho0.4)
2026-01-20 11:01:07,322 - final_problem_set.kxor_instance_n21_k2_m204_ell2_eps0.3_kappa0.875_rho0.4 - INFO - SUCCESS: len(z_hat)=21
2026-01-20 11:01:07,322 - final_problem_set.kxor_instance_n21_k2_m204_ell2_eps0.3_kappa0.875_rho0.4 - INFO - Metrics: adv=0.45098039215686275, ham_frac=0.047619047619047616, corr=0.9047619047619048
2026-01-20 11:01:07,322 - final_problem_set.kxor_instance_n21_k2_m204_ell2_eps0.3_kappa0.875_rho0.4 - INFO - z_hat (full): [-1,  1, -1, -1, -1, -1,  1,  1,  1, -1,  1,  1, -1, -1, -1,  1, -1,  1,  1,  1, -1]
