2026-01-20 11:00:39,303 - final_problem_set.kxor_instance_n17_k2_m180_ell2_eps0.2_kappa0.75_rho0.2 - INFO - Starting iteration for /Users/julian/CodingProjects/UniT3/QuarticSpeedupK-XOR/z_Daphne/data/final_problem_set/kxor_instance_n17_k2_m180_ell2_eps0.2_kappa0.75_rho0.2.npz
2026-01-20 11:00:39,304 - final_problem_set.kxor_instance_n17_k2_m180_ell2_eps0.2_kappa0.75_rho0.2 - INFO - Loaded instance (n=17, m=180, k=2)
2026-01-20 11:00:39,304 - final_problem_set.kxor_instance_n17_k2_m180_ell2_eps0.2_kappa0.75_rho0.2 - INFO - Starting step 'ComputeKikuchiStep' (version 0.1) on problem kxor_instance_n17_k2_m180_ell2_eps0.2_kappa0.75_rho0.2 (fields={'ell': 2, 'threshold': 0.0})
2026-01-20 11:00:39,322 - final_problem_set.kxor_instance_n17_k2_m180_ell2_eps0.2_kappa0.75_rho0.2 - INFO - Finished step 'ComputeKikuchiStep' in 0.018s (success: True, problem=kxor_instance_n17_k2_m180_ell2_eps0.2_kappa0.75_rho0.2)
2026-01-20 11:00:39,322 - final_problem_set.kxor_instance_n17_k2_m180_ell2_eps0.2_kappa0.75_rho0.2 - INFO - Starting step 'ClassicalEigenvaluesStep' (version 0.1) on problem kxor_instance_n17_k2_m180_ell2_eps0.2_kappa0.75_rho0.2 (fields={'ell': 2, 'threshold': 0.0, 'kikuchi_matrix': <Dictionary Of Keys sparse matrix of dtype 'int64'
	with 2880 stored elements and shape (136, 136)>, 'num_eigenvalues': 5})
2026-01-20 11:00:39,370 - final_problem_set.kxor_instance_n17_k2_m180_ell2_eps0.2_kappa0.75_rho0.2 - INFO - Finished step 'ClassicalEigenvaluesStep' in 0.048s (success: True, problem=kxor_instance_n17_k2_m180_ell2_eps0.2_kappa0.75_rho0.2)
2026-01-20 11:00:39,370 - final_problem_set.kxor_instance_n17_k2_m180_ell2_eps0.2_kappa0.75_rho0.2 - INFO - Starting step 'KeyExtractionStep' (version 0.1) on problem kxor_instance_n17_k2_m180_ell2_eps0.2_kappa0.75_rho0.2 (fields={'ell': 2, 'threshold': 0.0, 'kikuchi_matrix': <Dictionary Of Keys sparse matrix of dtype 'int64'
	with 2880 stored elements and shape (136, 136)>, 'num_eigenvalues': 5, 'eigenvalues': array([-10.0329061 ,  -9.6042695 ,   9.61440963,  10.13928704,  10.81695817]), 'eigenvectors': array([[ 4.38301325e-02,  2.75021438e-02,  1.31158849e-01,  1.64464107e-02,  8.81932906e-02],
       [ 1.36330669e-01, -1.55141205e-01, -8.14813181e-02, -1.07632545e-01, -4.36637024e-02],
       [-8.98266099e-02, -1.88351841e-01, -5.28551003e-02,  5.87506271e-02,  4.65564279e-02],
       [ 9.10992654e-02,  1.12979089e-01, -2.17973825e-02, -1.42473260e-01, -1.21959602e-01],
       [ 1.60886985e-01, -9.06433216e-02, -1.04456988e-01,  7.76186172e-02,  4.09803293e-02],
       [-2.19359444e-02,  1.36527062e-01, -8.94944739e-02,  9.75925593e-02, -2.00312747e-02],
       [ 1.52192100e-01, -6.06666910e-02,  3.28566664e-02,  9.42356424e-02, -5.90516669e-02],
       [ 1.55203595e-01, -5.65815672e-02, -1.30026466e-02, -1.73897708e-01, -6.76732843e-02],
       [ 9.58582094e-03, -5.01986555e-02, -8.86593064e-02, -9.42196698e-02, -1.06861607e-01],
       [-9.62491709e-02,  1.92959055e-01, -1.15276597e-01, -1.08713863e-01, -9.70855006e-02],
       [ 3.50360146e-02,  1.21763098e-02, -8.80163601e-02, -1.36366860e-02,  8.52934731e-02],
       [ 3.05400368e-02,  1.68306061e-01,  2.14342483e-02,  1.40585010e-01,  7.99475368e-02],
       [-1.84826052e-01, -2.82728133e-02,  1.04076371e-01,  1.26993447e-01,  8.51863610e-02],
       [ 1.30002329e-01,  3.52532688e-02,  1.52515300e-02,  1.74768040e-01,  1.01041499e-01],
       [ 1.21624426e-01,  1.36452853e-01,  2.13209526e-02, -4.63699507e-02,  9.14570325e-02],
       [-1.87577247e-01,  1.63981907e-02, -7.01009011e-02, -9.74326212e-02, -3.51363853e-02],
       [-1.59828373e-02, -4.87654760e-02,  8.27713147e-02,  3.32153275e-04,  4.52289824e-02],
       [ 2.68058778e-03, -3.47094364e-03, -1.83320211e-05,  1.01132333e-02, -7.19680242e-02],
       [-6.75376645e-03,  3.72406027e-03,  1.38239564e-01, -7.27128278e-02,  1.62521765e-01],
       [ 4.01012088e-04, -3.49479703e-02,  3.50706299e-02,  1.89596969e-02, -8.33417856e-02],
       [-2.78424480e-04,  9.13809633e-03,  3.91901620e-02, -7.61328554e-02, -3.79738932e-02],
       [ 8.26728451e-03, -2.80042933e-02, -1.31990702e-02, -9.93060581e-02,  1.94246358e-02],
       [-2.62392503e-02, -3.16243985e-02,  8.88376997e-02,  1.72323641e-02,  1.58903288e-01],
       [-1.88472994e-02, -3.34841015e-03,  1.51902146e-01, -7.58805212e-02,  1.09932825e-01],
       [ 1.77933453e-02,  1.49579405e-02,  1.44383946e-01, -5.88562130e-02,  9.99450713e-02],
       [-1.62182874e-02,  2.02613657e-03, -5.13594240e-03,  9.37594550e-02, -8.82992194e-02],
       [ 1.09782088e-02,  9.14830727e-03, -1.11771626e-01,  3.59838493e-02, -1.55843456e-01],
       [-3.43344180e-03,  1.32856606e-02, -1.39312403e-01,  5.28940127e-02, -1.00033183e-01],
       [-6.65026730e-03, -7.93638345e-03, -1.13401176e-01,  4.39550027e-02, -1.79357261e-01],
       [-1.01487465e-02, -2.45085446e-02, -4.36601544e-02,  9.63192861e-02, -4.56935080e-02],
       [ 4.80879642e-02,  3.72573071e-02,  4.76567429e-02,  1.07986678e-02,  3.04331274e-02],
       [ 1.27073636e-01,  5.71699489e-02, -7.46934869e-03,  2.85990593e-02,  4.28622366e-02],
       [-1.15425385e-01, -1.31677325e-02, -7.61773547e-02, -9.46799641e-02, -1.19841913e-01],
       [-7.60732320e-02,  8.10056944e-02, -3.50548615e-02,  3.14296208e-02,  4.04869842e-02],
       [ 6.87032645e-03, -1.18257064e-01, -3.61104332e-02,  8.41227840e-02,  9.46565393e-03],
       [-6.21102839e-02,  4.06834901e-02,  1.32570516e-03,  7.56460070e-02, -3.96944659e-02],
       [-8.03655154e-02,  8.55673772e-02, -5.24864814e-02, -1.52302000e-01, -8.69788967e-02],
       [-4.37204689e-02,  9.24657961e-02, -1.09255441e-01, -5.76082170e-02, -9.26424147e-02],
       [ 3.01335961e-02, -1.38742076e-01, -9.53909648e-02, -6.41604610e-02, -5.95447392e-02],
       [-7.21442986e-02,  6.82599244e-02, -1.73500231e-02, -1.77614898e-02,  7.46536367e-02],
       [-4.62528946e-02, -9.55637770e-02,  5.83972583e-02,  1.17009060e-01,  9.56230428e-02],
       [ 1.90792849e-01, -8.27671246e-02,  8.32356893e-02,  6.68813662e-02,  4.76052792e-02],
       [-1.17520650e-01,  4.88032307e-02,  7.69483877e-02,  9.60876544e-02,  8.00785975e-02],
       [-1.42020552e-01, -2.26093626e-02,  2.80233767e-02, -4.60986069e-02,  4.75229375e-02],
       [ 1.79013343e-01, -1.42225854e-01, -3.35138404e-02, -4.38079995e-02, -2.49335482e-02],
       [ 7.51951325e-03,  1.37410179e-01, -1.29446788e-01,  2.18656225e-02,  5.23173315e-02],
       [ 1.25490838e-01,  7.97861586e-02,  7.62741764e-02, -1.08934509e-02,  2.30968785e-03],
       [-4.24981322e-02, -6.98890246e-06,  4.91265516e-02, -4.29601037e-02,  2.18439843e-02],
       [ 7.61719149e-02,  4.73340911e-02, -2.35731683e-02, -5.27177784e-02,  1.27429839e-02],
       [ 1.04914680e-01,  1.20261203e-01, -1.20236008e-01,  4.77845640e-02,  3.08445998e-02],
       [-4.80401765e-03,  4.91289875e-02, -8.04743851e-02,  6.54457410e-03,  6.75944014e-02],
       [-9.65711379e-02, -2.54926384e-02, -5.29348100e-02,  1.56019229e-02,  7.91462694e-02],
       [-4.00768755e-03,  7.99640662e-02,  6.97026626e-02,  1.82360645e-02, -1.55819973e-02],
       [-3.14337505e-02,  4.58948719e-02,  9.71974986e-02, -2.81338071e-02, -3.56506549e-02],
       [-4.59268796e-02, -1.64900337e-01,  4.54345945e-02, -3.27075341e-02, -7.78609195e-02],
       [ 1.90684235e-02,  1.27516711e-01,  1.04138367e-01, -2.64005067e-02, -3.86421773e-02],
       [ 8.99995179e-03,  1.39974533e-01,  2.32213493e-02,  2.94224375e-02, -4.04087219e-02],
       [-5.99384466e-02, -2.21447026e-01, -1.56997526e-02,  1.45722169e-02,  2.14677277e-02],
       [-1.16519351e-01, -3.94935141e-02, -1.80649129e-01,  1.88189466e-02,  2.92392605e-02],
       [ 3.76914676e-02, -2.49400677e-02, -1.41983914e-01,  1.57566680e-01, -4.77993973e-02],
       [-9.25550606e-02, -4.16006894e-02,  5.01166602e-02,  1.96264611e-01, -3.56845873e-02],
       [-1.23722497e-01, -8.92731882e-02,  1.56537826e-01, -1.02441709e-01, -1.17603855e-01],
       [-3.45899311e-03, -2.74148780e-02,  2.46673963e-02,  3.83909411e-02, -1.81377412e-01],
       [ 9.07018545e-02, -1.50904653e-02, -1.07297406e-02,  6.52424186e-03, -2.01980529e-01],
       [-8.64884206e-03, -5.23829952e-02, -1.71864646e-01, -1.18896920e-01,  7.44062259e-02],
       [ 1.25657588e-02, -6.64572998e-02, -1.33191270e-01,  4.70136657e-02,  1.44591577e-01],
       [ 9.19898856e-02,  1.38313727e-01,  3.25253159e-02,  3.85256378e-02,  2.03992572e-01],
       [-4.67082886e-02, -9.52880943e-02, -1.47683469e-01,  4.85819426e-02,  1.64370587e-01],
       [-3.93847466e-02, -1.24952308e-01, -1.24136346e-02, -1.53219358e-01,  1.07915846e-01],
       [ 9.33125638e-02,  1.52734169e-01, -4.21408794e-02, -5.24269076e-02, -5.12566917e-02],
       [-4.74877377e-04, -9.00715092e-02,  4.52117514e-02, -5.09691046e-02,  3.44619152e-02],
       [-5.32230465e-02,  2.16221770e-02, -1.71150547e-02, -5.87076629e-02,  2.31028993e-02],
       [-1.04417088e-01,  4.19051838e-02, -1.61619122e-01,  3.68818613e-02,  1.03937453e-02],
       [-6.72687625e-02,  7.25809948e-02, -1.43497388e-01, -2.56498331e-03,  7.82231075e-02],
       [ 4.54048196e-02, -1.09454940e-01, -1.20572764e-01,  9.85532996e-03,  7.34384500e-02],
       [-8.94694800e-02,  3.44292025e-02,  9.44991594e-02,  2.32537577e-02, -1.15834742e-02],
       [-2.28688103e-02, -9.94256269e-02,  1.76546715e-01, -3.60620574e-02, -2.39961609e-02],
       [ 1.55261898e-01, -2.74188667e-02,  1.13524858e-01, -2.44555329e-02, -5.57524254e-02],
       [-1.55237242e-01,  1.31273765e-02,  1.68113814e-01, -2.28142954e-02, -1.81586472e-02],
       [-1.41344753e-01, -4.95945246e-02,  5.11596404e-02,  4.38843075e-02, -4.02788481e-02],
       [ 2.32932406e-01, -6.91355985e-02, -3.39613313e-02,  1.20460190e-02,  2.04217406e-02],
       [ 9.50753998e-03, -5.81945033e-02, -2.96951658e-02,  1.88165450e-03,  8.16672705e-03],
       [ 2.74969954e-02, -1.18565197e-01, -1.03068662e-01,  1.08362721e-01, -5.54854938e-02],
       [ 1.44950416e-02, -4.79327106e-02, -1.17510041e-01,  1.26869107e-01,  5.83524179e-03],
       [ 5.37475831e-03,  1.08684782e-01, -9.75517828e-02,  1.26165150e-01,  7.04397803e-03],
       [ 2.26540745e-02, -4.61347406e-02,  8.40971548e-02, -5.33840765e-02,  1.70735477e-02],
       [ 1.90856523e-02,  4.55067082e-02,  1.27141743e-01, -1.33707661e-01,  4.56107890e-02],
       [-2.91479887e-02,  1.03547818e-01,  8.48804718e-02, -1.42812578e-01, -6.87163441e-03],
       [ 4.38820381e-02, -7.46222417e-02,  1.35963112e-01, -1.51545565e-01,  4.37014154e-02],
       [ 4.71469393e-02, -2.91971504e-02,  4.98899504e-02, -3.89696731e-02, -1.83207151e-02],
       [-5.74611534e-02,  1.54205925e-01, -1.54257443e-02,  5.05371844e-02, -6.04089582e-04],
       [-7.17315148e-02,  2.24909715e-02,  8.99631169e-02,  1.35489136e-01, -5.97304193e-02],
       [-5.24385567e-02,  4.79895548e-02,  5.68468292e-02,  1.62811981e-01, -2.98060564e-02],
       [ 4.52751310e-02, -7.49887256e-02,  4.54461202e-02,  1.55820823e-01, -5.49879025e-02],
       [-6.38766173e-02,  1.75043497e-02, -1.04541180e-02, -7.76790473e-02,  3.25609335e-03],
       [-2.80923226e-03, -6.27256630e-02, -6.28795895e-02, -1.59691095e-01,  6.04151592e-02],
       [ 1.00535412e-01, -1.95870416e-02, -2.17447211e-02, -1.53918862e-01,  7.11678741e-02],
       [-9.63582207e-02,  4.04480055e-04, -6.45919792e-02, -1.79113807e-01,  6.59582832e-02],
       [-8.92502222e-02, -2.73665839e-02, -6.61491161e-04, -6.94557093e-02,  3.54931534e-03],
       [ 1.67254007e-01, -3.55550108e-02,  2.02454635e-02,  5.52863859e-02, -1.36754678e-02],
       [-5.07007978e-02,  6.52406106e-02,  5.31131675e-02, -6.17005497e-02, -1.31186576e-01],
       [ 5.35352029e-02, -1.15648834e-01,  1.01657304e-02, -8.27002565e-02, -1.23264427e-01],
       [-6.61686723e-02,  1.00255400e-02, -1.94984592e-01, -5.75081160e-02,  6.35444262e-02],
       [-2.04488118e-02, -1.26972658e-01, -1.28886339e-01,  1.15653805e-01,  7.18248503e-02],
       [ 1.79670022e-01,  1.52315557e-02,  7.17092024e-03,  1.33253971e-01,  1.35018468e-01],
       [-1.17202598e-01, -1.76575645e-02, -1.44644863e-01,  1.34266381e-01,  8.30016006e-02],
       [-1.31956751e-01, -9.52648385e-02, -5.26651114e-02, -8.15969226e-02,  1.06925064e-01],
       [ 1.83736955e-01, -1.97795606e-02, -3.98932813e-02, -6.90209851e-02, -4.54902234e-02],
       [ 3.03251009e-02, -7.66397885e-02, -8.99545994e-02,  3.29771024e-02, -1.42228671e-01],
       [ 1.29777748e-02,  3.66643739e-03, -1.20829620e-01, -1.12784870e-01,  8.41017132e-02],
       [-5.70317618e-03, -5.95265985e-02, -2.74981881e-02,  1.02201406e-02,  1.62580768e-01],
       [ 3.33465232e-02, -2.20128353e-02,  1.16242418e-01, -4.77626473e-03,  1.70266866e-01],
       [-3.89075728e-03,  1.88429221e-02, -3.08111814e-02,  5.79628049e-03,  1.64820658e-01],
       [-1.50681015e-02, -3.36595872e-02,  1.41404870e-02, -1.49185314e-01,  9.50690840e-02],
       [ 2.83286590e-03, -4.83709478e-02, -4.89040142e-02, -4.00255582e-02, -4.51902597e-02],
       [ 5.03464558e-02, -6.72160375e-02, -1.00608075e-01, -1.02658410e-01,  1.00902788e-01],
       [ 3.43806201e-02,  7.88653429e-02,  1.02276870e-02,  3.10235228e-02,  1.33630190e-01],
       [-1.16734335e-01,  1.11914818e-01,  1.07474539e-01,  1.75620052e-02,  1.14559213e-01],
       [ 1.00246786e-01, -9.06534874e-02,  4.90717993e-03,  2.79272603e-02,  1.38836658e-01],
       [ 1.11973753e-01, -1.52432961e-02, -1.21659357e-04, -1.20728853e-01,  7.75793319e-02],
       [-1.20740796e-01,  1.79204881e-01, -7.24725672e-02, -4.46965426e-02, -6.64697174e-02],
       [ 7.23950765e-03, -7.22584098e-02,  1.55164353e-01,  8.53531861e-02, -6.74096521e-02],
       [ 4.98251298e-02,  4.35589113e-02,  7.88838661e-02,  8.39783111e-02, -1.11421875e-01],
       [-1.62918689e-02, -2.85683886e-02,  1.83468419e-01,  9.56993821e-02, -8.30449057e-02],
       [-2.18763889e-02, -9.31560641e-02,  2.50197282e-02,  8.39348786e-02, -4.17908557e-02],
       [ 2.56604045e-02,  2.79973538e-02, -3.03790499e-02, -2.55478889e-02,  3.55309608e-02],
       [-2.39937547e-02,  1.33471394e-01, -2.49020450e-02, -6.92594598e-02, -1.34600138e-01],
       [ 5.96259953e-03, -1.10235754e-01,  1.23997565e-01, -8.33500413e-02, -1.06242978e-01],
       [ 2.50142523e-02, -6.42027765e-02,  3.84564072e-02,  1.14759689e-01, -1.16135385e-01],
       [ 7.72850870e-03,  1.96503167e-01,  3.10536067e-02,  6.58877497e-02,  5.63829378e-02],
       [ 1.09803183e-01,  6.97841155e-02, -2.45441406e-02, -6.74434201e-02, -1.42267924e-01],
       [ 9.58965197e-02,  1.43429627e-01, -9.92124502e-03,  1.15591676e-01, -8.40846531e-02],
       [-2.03185510e-01, -8.01095022e-02,  4.88813039e-02,  4.91926504e-02,  4.64324649e-02],
       [-6.75444512e-02, -1.35901858e-01,  3.26355252e-02,  1.33037861e-01, -1.12171893e-01],
       [ 1.12662771e-01,  7.04627178e-02,  2.11248253e-02,  7.31354269e-02,  7.07274652e-02],
       [ 1.20926364e-01,  1.82486133e-01,  1.07130439e-02, -4.04729545e-02,  3.50349534e-02]])})
2026-01-20 11:00:39,371 - final_problem_set.kxor_instance_n17_k2_m180_ell2_eps0.2_kappa0.75_rho0.2 - INFO - Running key extraction (n=17, m=180, ell=2, phase_qubits=12)
2026-01-20 11:00:39,373 - final_problem_set.kxor_instance_n17_k2_m180_ell2_eps0.2_kappa0.75_rho0.2 - INFO - Built voting matrix V (n=17, ell=2, dtype=complex128) in 0.001s
2026-01-20 11:00:39,373 - final_problem_set.kxor_instance_n17_k2_m180_ell2_eps0.2_kappa0.75_rho0.2 - INFO - Eval: adv=0.2000, hamming=6/17 (0.353), corr=0.294
2026-01-20 11:00:39,373 - final_problem_set.kxor_instance_n17_k2_m180_ell2_eps0.2_kappa0.75_rho0.2 - INFO - Key extraction complete: x_hat=4
2026-01-20 11:00:39,373 - final_problem_set.kxor_instance_n17_k2_m180_ell2_eps0.2_kappa0.75_rho0.2 - INFO - Finished step 'KeyExtractionStep' in 0.002s (success: True, problem=kxor_instance_n17_k2_m180_ell2_eps0.2_kappa0.75_rho0.2)
2026-01-20 11:00:39,373 - final_problem_set.kxor_instance_n17_k2_m180_ell2_eps0.2_kappa0.75_rho0.2 - INFO - SUCCESS: len(z_hat)=17
2026-01-20 11:00:39,373 - final_problem_set.kxor_instance_n17_k2_m180_ell2_eps0.2_kappa0.75_rho0.2 - INFO - Metrics: adv=0.2, ham_frac=0.35294117647058826, corr=0.29411764705882354
2026-01-20 11:00:39,373 - final_problem_set.kxor_instance_n17_k2_m180_ell2_eps0.2_kappa0.75_rho0.2 - INFO - z_hat (full): [-1,  1, -1,  1, -1,  1, -1, -1, -1, -1, -1,  1,  1,  1,  1,  1, -1]
