2026-01-20 11:01:14,154 - final_problem_set.kxor_instance_n22_k2_m200_ell2_eps0.2_kappa0.875_rho0.0 - INFO - Starting iteration for /Users/julian/CodingProjects/UniT3/QuarticSpeedupK-XOR/z_Daphne/data/final_problem_set/kxor_instance_n22_k2_m200_ell2_eps0.2_kappa0.875_rho0.0.npz
2026-01-20 11:01:14,155 - final_problem_set.kxor_instance_n22_k2_m200_ell2_eps0.2_kappa0.875_rho0.0 - INFO - Loaded instance (n=22, m=200, k=2)
2026-01-20 11:01:14,155 - final_problem_set.kxor_instance_n22_k2_m200_ell2_eps0.2_kappa0.875_rho0.0 - INFO - Starting step 'ComputeKikuchiStep' (version 0.1) on problem kxor_instance_n22_k2_m200_ell2_eps0.2_kappa0.875_rho0.0 (fields={'ell': 2, 'threshold': 0.0})
2026-01-20 11:01:14,184 - final_problem_set.kxor_instance_n22_k2_m200_ell2_eps0.2_kappa0.875_rho0.0 - INFO - Finished step 'ComputeKikuchiStep' in 0.028s (success: True, problem=kxor_instance_n22_k2_m200_ell2_eps0.2_kappa0.875_rho0.0)
2026-01-20 11:01:14,184 - final_problem_set.kxor_instance_n22_k2_m200_ell2_eps0.2_kappa0.875_rho0.0 - INFO - Starting step 'ClassicalEigenvaluesStep' (version 0.1) on problem kxor_instance_n22_k2_m200_ell2_eps0.2_kappa0.875_rho0.0 (fields={'ell': 2, 'threshold': 0.0, 'kikuchi_matrix': <Dictionary Of Keys sparse matrix of dtype 'int64'
	with 5280 stored elements and shape (231, 231)>, 'num_eigenvalues': 5})
2026-01-20 11:01:14,273 - final_problem_set.kxor_instance_n22_k2_m200_ell2_eps0.2_kappa0.875_rho0.0 - INFO - Finished step 'ClassicalEigenvaluesStep' in 0.089s (success: True, problem=kxor_instance_n22_k2_m200_ell2_eps0.2_kappa0.875_rho0.0)
2026-01-20 11:01:14,273 - final_problem_set.kxor_instance_n22_k2_m200_ell2_eps0.2_kappa0.875_rho0.0 - INFO - Starting step 'KeyExtractionStep' (version 0.1) on problem kxor_instance_n22_k2_m200_ell2_eps0.2_kappa0.875_rho0.0 (fields={'ell': 2, 'threshold': 0.0, 'kikuchi_matrix': <Dictionary Of Keys sparse matrix of dtype 'int64'
	with 5280 stored elements and shape (231, 231)>, 'num_eigenvalues': 5, 'eigenvalues': array([-11.79488668, -10.99526478,  11.15493974,  11.68639749,  12.27119603]), 'eigenvectors': array([[ 1.32731385e-01,  1.62477399e-02, -2.17379586e-02,  9.11590609e-02, -1.30638730e-01],
       [ 5.30709885e-02, -7.87637208e-02,  9.81741791e-02,  4.16142283e-02, -1.17618347e-02],
       [ 4.29785350e-02,  1.30884839e-01,  4.97114009e-02, -9.17711954e-02,  1.35752685e-01],
       [-1.03104530e-01,  6.17754487e-02, -1.40219682e-01,  9.88950828e-02, -4.59717369e-02],
       [ 9.75496693e-02, -1.17413098e-01, -1.45391257e-02, -7.42297685e-02,  9.18679613e-02],
       [ 1.22792304e-01,  8.55729077e-02,  4.45402118e-02, -1.48636698e-01, -2.11488860e-03],
       [-8.10264365e-02,  9.48070593e-02,  8.45571078e-02,  8.96091535e-02, -2.35330987e-02],
       [-4.96515549e-02, -9.11500121e-02,  3.68658381e-02, -2.52556554e-02, -1.46767603e-01],
       [ 9.54329257e-02,  7.64281301e-02, -2.33781538e-02, -4.94726582e-02, -4.22616738e-02],
       [-1.37427068e-01, -9.41726810e-03,  1.27221612e-01, -1.00576952e-01,  1.06045884e-02],
       [-5.71633958e-03, -5.79450791e-02, -5.20078284e-02,  1.13374118e-01,  9.89612312e-02],
       [-3.40545732e-03, -8.73426624e-02, -6.04615613e-02, -1.17295561e-02,  1.03404198e-01],
       [ 1.21530214e-01,  4.74280195e-02, -4.55545002e-02, -1.24800014e-01,  7.22753300e-02],
       [-9.88556290e-02, -7.19855436e-03, -6.70683908e-03, -4.12096148e-02,  1.50955007e-02],
       [-6.19546823e-02,  8.76983511e-02, -3.43216769e-02,  3.20425886e-02, -1.07829829e-02],
       [-1.12026283e-01, -3.32278461e-02,  5.64312659e-02, -5.76305472e-02, -9.69900296e-02],
       [-9.58152153e-02, -2.85135587e-02, -7.98289650e-02, -7.41529632e-02, -1.51686897e-02],
       [ 1.39691955e-01,  4.95471983e-02,  5.40938011e-02,  1.28121022e-01, -1.43127523e-01],
       [ 6.64449987e-02, -1.10173724e-01, -1.10899520e-03, -4.71767893e-02,  9.71993244e-02],
       [-8.70322231e-02,  3.17486416e-02, -3.24299669e-03, -1.47495949e-01,  1.44315548e-01],
       [ 6.98270429e-03,  9.65239942e-02, -4.52982488e-02, -1.62559099e-02,  1.33904434e-01],
       [-4.94898750e-02,  6.05106817e-02,  1.00533100e-01,  5.19680102e-02, -5.42437843e-02],
       [-2.39584645e-02, -1.12937997e-01,  1.28928243e-01,  4.75935176e-03,  1.37454133e-01],
       [ 1.21934362e-01, -3.66478474e-02, -1.47766768e-01,  3.15865986e-02, -2.34570833e-02],
       [-7.42252983e-02,  8.42369020e-02,  3.88777916e-02, -1.50888256e-02,  1.09368552e-01],
       [-8.30687847e-02, -8.15525559e-02,  2.18155324e-02, -1.30704442e-01,  2.81100251e-02],
       [ 1.14317857e-01, -7.58525886e-02,  8.41820861e-02,  7.75950321e-02, -3.15558015e-02],
       [ 3.72324811e-02,  8.58789077e-02, -3.55182131e-02, -7.77865500e-02, -1.00678165e-01],
       [-8.24859758e-02, -7.77140151e-02, -4.49865177e-02, -5.70234346e-02, -1.76959262e-02],
       [ 1.53874260e-01,  4.51657417e-02,  1.26312110e-01, -7.33540325e-02,  2.50391091e-02],
       [ 2.00032590e-03,  6.04145194e-02,  1.60197983e-02,  1.35956181e-01,  7.23168614e-02],
       [ 5.65936799e-03,  8.56101623e-02,  3.22636571e-03,  3.81974245e-02,  1.29936542e-01],
       [-8.73931976e-02, -5.57102755e-02, -2.15801453e-02, -8.43263526e-02,  1.16020480e-01],
       [ 1.23291236e-01,  3.15678786e-02, -4.11485649e-03, -3.98137256e-02,  2.15191237e-02],
       [ 6.03569893e-02, -6.70678853e-02, -4.11787484e-02,  1.73418811e-02, -1.63836797e-02],
       [ 1.15289842e-01,  5.33074163e-02,  2.25651920e-03, -8.62633188e-02, -5.07607539e-02],
       [ 1.04720987e-01,  4.85051002e-02, -9.51257352e-02, -8.80725886e-02,  1.85595708e-02],
       [-1.44577667e-01, -7.19089648e-02, -2.35577243e-02,  4.25233177e-02, -1.81078101e-01],
       [-5.45528439e-02,  8.38496591e-02,  3.90138447e-02,  3.47172576e-03,  7.76690409e-02],
       [ 8.76776717e-02, -2.09825532e-02,  8.51205652e-02, -5.02932375e-02,  1.81363461e-01],
       [ 1.79169430e-02, -8.05803218e-02,  2.78940774e-02,  4.30604345e-02,  1.05446607e-01],
       [-2.19664453e-02, -1.94252691e-02, -9.46299067e-02, -5.54740621e-02,  6.35887683e-02],
       [ 6.40754501e-02, -1.01338988e-01, -1.92452538e-02,  4.64333585e-02, -2.14695535e-02],
       [-2.41303128e-02,  4.45275918e-02, -9.96227588e-02, -3.72182388e-02,  2.23422860e-02],
       [-5.01588876e-02,  1.84585572e-02,  5.63686301e-03, -4.27978125e-02, -4.60820273e-03],
       [ 3.78852880e-02, -6.32519605e-02,  3.62505660e-02,  1.13649603e-02,  8.49929485e-03],
       [ 2.55976688e-02, -2.48133663e-04,  1.10479072e-01,  1.39894240e-02, -4.05106441e-02],
       [-4.41618239e-02,  1.20844099e-02,  8.34940448e-03, -2.92147200e-03, -2.26646285e-02],
       [ 5.62836315e-02, -7.68357732e-02,  2.92578418e-02, -4.36846524e-02,  1.05531668e-02],
       [ 4.07837786e-03,  1.36038242e-02, -8.73340907e-02,  1.55257739e-02,  3.48759695e-02],
       [ 2.28916788e-03,  9.35500733e-03, -1.26379848e-01, -1.70447362e-02,  2.53469202e-02],
       [-4.66249053e-02,  4.62063578e-02, -9.13649476e-02, -3.05534005e-02,  5.18523243e-03],
       [ 5.47857539e-02, -6.44808438e-02, -1.59077491e-02, -1.27093252e-02,  2.73396442e-03],
       [ 1.71736564e-02, -3.73045691e-02, -2.92187023e-03,  1.08881397e-02, -6.51429830e-03],
       [ 7.54311975e-02, -6.25506472e-02,  8.34508778e-02, -5.94594618e-03, -2.90410093e-02],
       [ 4.48035581e-02, -4.02774608e-02, -3.07061336e-02, -7.32935322e-03, -1.46562404e-02],
       [-8.62630561e-02,  5.36289843e-02,  1.52508754e-01,  4.82068198e-02, -1.74472557e-02],
       [-9.31440422e-03,  3.89884629e-02, -6.67229218e-02, -2.93391701e-02,  3.11037826e-02],
       [ 3.30337318e-02, -4.08414488e-02, -1.46990904e-01, -6.60107953e-02,  3.66312891e-02],
       [-2.02270112e-03, -3.46481457e-02, -1.18552614e-01, -2.25421729e-02,  3.56215762e-02],
       [ 4.34324227e-02,  9.18262656e-02,  1.66913946e-01, -2.71448159e-02,  2.26922132e-02],
       [-2.84998040e-02, -1.60977445e-02, -7.13413290e-02,  7.38185086e-04, -1.19161849e-01],
       [-2.35937705e-03, -9.94554717e-02, -3.98938789e-02,  1.56877735e-01, -3.75187832e-02],
       [ 3.63674356e-02,  4.85937469e-02, -7.16568289e-02, -8.30084345e-02,  5.37200261e-02],
       [ 2.38256402e-03,  6.53938136e-02,  7.89361474e-02,  1.14775041e-01,  1.24549457e-01],
       [-5.54545468e-03, -7.09699421e-02,  4.21109444e-02,  6.48884228e-02,  1.42843141e-02],
       [ 2.21747143e-02,  1.34338923e-01, -1.24223527e-01,  7.74255620e-02, -1.41210291e-02],
       [-6.77821686e-03,  2.39278896e-02, -2.50547572e-02, -1.60684041e-01, -6.92426536e-02],
       [-4.26357718e-03,  4.24042763e-02, -3.14118303e-02, -5.24747116e-02, -1.23163731e-01],
       [-1.24819398e-02, -1.03675334e-01, -5.59147583e-03,  9.03788021e-02, -1.38259106e-01],
       [ 2.73848824e-02,  1.13779792e-01, -4.31865674e-03,  4.26258154e-02, -3.01309231e-02],
       [ 2.00552920e-02,  9.29269670e-03,  2.86989338e-02, -1.58862406e-02,  5.36644614e-03],
       [ 2.03314417e-02,  1.33898509e-01,  2.51270320e-02,  1.15872075e-01,  7.06254454e-02],
       [ 1.34658240e-02,  9.90913333e-02,  9.86491390e-02,  1.03393423e-01, -2.53410802e-02],
       [-1.35349438e-02, -1.28738683e-01,  7.14381465e-02, -2.14902673e-02,  1.87417955e-01],
       [-2.42095077e-02, -4.79194515e-03, -6.21167462e-02, -1.77519353e-02, -8.74373754e-02],
       [ 2.91935882e-02,  4.17166859e-02, -1.25823877e-01,  2.34544024e-02, -1.77437033e-01],
       [ 1.33570353e-02, -1.62904894e-02, -7.14115349e-02, -7.57924418e-02, -1.35170962e-01],
       [ 7.28595651e-02, -1.18137847e-01,  1.33930774e-01, -3.74462968e-02,  2.93055815e-02],
       [ 1.20634208e-01,  2.78799490e-02,  2.17499055e-02, -6.60778442e-02,  1.04882940e-02],
       [-6.68315453e-02,  1.02343707e-01, -1.24044537e-02,  4.50559819e-02, -8.07778306e-03],
       [-5.71958755e-02, -5.97670114e-02, -1.23999058e-01, -2.93967973e-02, -2.77482292e-02],
       [ 9.23624914e-02,  3.59998006e-02, -2.45862756e-02, -2.89659317e-02, -4.89719484e-03],
       [-1.34462842e-01,  5.29522006e-02,  3.60360007e-02, -3.53772918e-02,  1.79444058e-03],
       [-1.83958647e-02, -3.29944634e-02,  8.61306266e-02,  5.85677588e-02,  2.12999868e-02],
       [-2.30356033e-02, -5.81214870e-02,  1.27476618e-01, -7.15253053e-03,  4.81633926e-02],
       [ 9.30495796e-02, -6.08811252e-03,  1.08976360e-01, -8.91305410e-02,  4.42019981e-02],
       [-9.23042467e-02,  3.49063577e-02,  1.62982040e-02, -2.18066063e-02,  4.56899343e-03],
       [-5.48166183e-02,  8.87195606e-02, -2.19723049e-02,  1.51508941e-02,  1.65482104e-03],
       [-9.85360578e-02,  2.15839236e-02, -7.53543169e-02, -4.19835634e-02, -1.05961669e-02],
       [-1.14234047e-01,  2.37577175e-02, -7.35312029e-04, -5.84563210e-02,  8.88288011e-03],
       [ 1.20872074e-01, -1.24521551e-02, -1.91775367e-01,  5.74301984e-02, -4.20265734e-02],
       [ 5.88115128e-02, -1.13147005e-01,  9.40117235e-02, -9.84703443e-03,  1.92571589e-02],
       [-7.30402679e-02,  4.41543666e-02,  1.95581341e-01, -5.70353134e-02,  3.39322834e-02],
       [ 1.83305310e-02,  7.16624134e-02,  1.30212026e-01, -2.24080181e-03,  2.30766067e-02],
       [-6.57291811e-02,  3.78935399e-02, -2.58243346e-02,  1.22701119e-01, -2.10551696e-02],
       [ 4.72209961e-02, -8.27823576e-02, -8.43435194e-02, -6.62905371e-02,  2.59353381e-02],
       [ 3.68185831e-02, -5.88467327e-03, -2.00753847e-03,  7.49780354e-02,  1.03833987e-01],
       [-5.46412185e-02,  2.60347024e-02,  3.46935778e-02,  4.68873454e-02,  2.56824741e-02],
       [ 9.97291617e-02, -1.07669791e-01, -1.10860458e-01,  7.24008716e-02, -2.69472994e-02],
       [ 1.01307362e-02,  1.17796163e-02,  1.62433087e-02, -1.21129905e-01, -6.76593410e-02],
       [ 1.86783443e-02,  1.17213577e-02,  4.00101297e-02, -3.57632564e-02, -1.01120879e-01],
       [-6.71994867e-02,  6.21531260e-02,  5.38552297e-02,  7.71746442e-02, -9.47150601e-02],
       [ 7.93612978e-02, -8.75215252e-02,  7.59721951e-03,  3.40297369e-02, -1.81602058e-02],
       [ 2.15901056e-02, -4.31633094e-02,  2.96476214e-02, -1.75642029e-02,  1.87700084e-02],
       [ 8.85040420e-02, -9.19741198e-02, -2.14904761e-02,  8.05608949e-02,  5.97063279e-02],
       [ 6.99263527e-02, -6.17275647e-02,  8.86629053e-02,  7.36833316e-02, -6.61090818e-03],
       [-8.81254755e-02,  9.05330115e-02, -3.00241851e-02, -3.02669543e-02,  1.25089291e-01],
       [-2.05787034e-02,  5.00488202e-02, -1.63339064e-02, -2.12530600e-03, -9.08728086e-02],
       [ 4.04449075e-02, -4.68576075e-02, -1.47901236e-02,  4.05489991e-02, -1.33554147e-01],
       [-1.40963773e-03, -3.18484912e-02,  1.21762715e-02, -3.77321777e-02, -8.92901922e-02],
       [ 1.04291560e-01, -1.95334060e-02,  3.59519105e-03, -3.70160867e-02,  2.24314146e-03],
       [ 2.06165853e-02,  7.75128579e-02,  5.32399746e-03, -5.37014568e-02,  5.32751725e-02],
       [-3.85581476e-02, -6.80958674e-02, -6.92554570e-03,  2.09353525e-02,  2.33802499e-02],
       [ 8.96517464e-02,  9.90288171e-02, -3.36502368e-02,  6.85402984e-02,  3.68427630e-03],
       [-8.28879257e-03,  6.30123157e-02,  9.54586058e-03, -6.73465059e-03, -4.31101241e-02],
       [-5.72488594e-03,  7.84604924e-02, -1.17277047e-02,  8.79468143e-02, -3.41570734e-02],
       [-5.94525954e-02, -9.55760040e-02, -3.72309030e-02,  1.39483657e-01, -6.06039682e-03],
       [ 8.05726388e-02,  7.10373475e-02, -4.23591212e-03,  2.31783059e-02, -1.31577293e-03],
       [ 4.09858525e-02, -3.89286817e-02,  1.95844253e-02, -3.95330227e-02, -1.77620197e-03],
       [ 7.71273459e-02,  9.69622058e-02, -1.08796504e-02, -8.53604259e-03,  3.62116957e-02],
       [ 5.55686130e-02,  7.30767785e-02, -3.43021681e-03,  3.68827126e-02,  1.39974627e-02],
       [-8.22284620e-02, -9.91669729e-02,  4.07707449e-02, -1.71412747e-01,  2.60280013e-02],
       [-5.20787983e-02,  4.02729497e-02, -1.41793919e-02,  7.71970849e-02, -2.76693867e-02],
       [ 7.69464250e-02,  1.21553206e-02, -4.87642972e-02,  1.99620305e-01, -3.56529301e-02],
       [ 2.40909475e-02, -4.69589591e-02, -8.54075633e-03,  8.42447191e-02, -4.62140362e-02],
       [-5.61144565e-02, -1.63336800e-02,  8.87879294e-02,  3.65274486e-02, -1.62756218e-02],
       [ 7.45415605e-02, -5.08842720e-03,  7.92889213e-03,  1.01616538e-03, -1.88465334e-02],
       [-1.20988453e-01,  1.00980700e-01,  2.14904341e-02, -4.22163141e-02,  9.20146872e-03],
       [-1.74197930e-02, -1.12032739e-02, -7.14386882e-02,  1.93905020e-03,  2.51699864e-02],
       [-2.45074051e-02, -2.55727471e-02, -1.10744445e-01, -3.75880079e-02,  2.72307604e-02],
       [ 9.91579153e-02, -5.00976652e-02, -7.03461145e-02, -5.02539028e-02,  1.46455631e-03],
       [-7.74966799e-02,  6.98527790e-02, -7.91122212e-03, -1.69576439e-02,  6.60821123e-04],
       [-3.74259670e-02,  7.18374536e-02, -6.08321797e-03,  1.31157282e-02, -1.34782625e-04],
       [-9.76570982e-02,  7.35025544e-02,  6.12603804e-02,  1.04476344e-02, -1.34386214e-02],
       [-7.88131087e-02,  4.98191978e-02, -1.63457503e-02, -1.13940302e-02, -6.14803366e-03],
       [ 1.06530417e-01, -6.59663399e-02,  1.18320481e-01,  8.06249651e-02, -4.86114702e-03],
       [ 4.01699296e-02, -8.70428400e-02, -5.60322821e-02, -4.24800283e-02,  1.64228607e-02],
       [-5.35730644e-02,  4.70655685e-02, -1.17710186e-01, -9.11500776e-02,  1.03391794e-02],
       [ 1.64737688e-02,  4.53718746e-02, -9.03074956e-02, -4.95489784e-02,  1.37696677e-02],
       [ 1.82379315e-02,  5.87847218e-02, -4.28134273e-02, -2.70096440e-02, -6.65346812e-03],
       [-5.71644657e-02, -1.13628425e-01,  8.76485080e-02, -1.17231437e-02,  3.89759300e-02],
       [ 1.81808082e-03, -3.46410292e-02,  7.57159087e-03,  9.62447362e-02,  2.96599648e-02],
       [ 1.88646406e-03, -4.60846252e-02, -2.89089120e-02,  8.11119677e-02,  8.32966849e-02],
       [ 3.43513387e-02,  9.30357558e-02, -7.18976599e-02,  2.22995070e-02,  1.09367471e-01],
       [-4.86015197e-02, -8.75742088e-02, -1.11584222e-02, -1.20655852e-02,  2.32906974e-02],
       [-2.48317216e-02,  8.13294345e-03, -2.20725955e-02, -1.14278898e-02, -1.63657344e-02],
       [-5.27452827e-02, -1.22108223e-01,  1.18493969e-03, -7.12973310e-02, -1.75311048e-02],
       [-4.23137540e-02, -9.21285409e-02, -9.58530858e-02, -3.80181173e-02,  3.20588413e-02],
       [ 4.04355278e-02,  1.02125314e-01,  3.54891712e-02, -9.09442802e-02, -1.26004118e-01],
       [ 2.82365122e-02, -1.12156013e-02,  1.28547535e-02,  4.88964828e-02,  5.39901875e-02],
       [-3.27993107e-02, -2.23210156e-02,  2.65567341e-03,  9.89411998e-02,  1.29012881e-01],
       [-1.77627191e-02,  2.22869284e-02, -4.91980637e-04,  1.01421136e-01,  7.38207628e-02],
       [ 9.63744937e-02,  9.42836913e-02,  1.17420396e-02,  2.17289643e-02,  1.00323677e-02],
       [ 5.17464928e-04,  4.81499431e-02,  3.15093891e-02,  1.27944827e-02, -5.48049685e-03],
       [ 4.37574731e-03,  6.22772175e-02,  3.50560899e-02,  3.89429721e-02,  2.22559427e-02],
       [-5.92397327e-02, -8.28766345e-02,  1.53162004e-02,  3.48593861e-02,  3.96945357e-02],
       [ 7.90209674e-02,  7.36607520e-02,  1.78906405e-03,  7.54863373e-03,  7.70028660e-03],
       [ 3.74816682e-02, -2.56357915e-02, -4.84510758e-03, -6.94695401e-03, -5.18210748e-03],
       [ 7.80669760e-02,  9.79589820e-02, -2.87024460e-02, -1.74161548e-02,  3.43860278e-03],
       [ 5.30859090e-02,  6.54797833e-02, -1.56957546e-02,  7.22109909e-04,  1.48046868e-02],
       [-7.04525999e-02, -8.49959566e-02, -3.96849069e-02, -5.92880275e-02, -5.29256099e-02],
       [-4.48276526e-02,  3.01409521e-02,  2.90002014e-02,  3.24038690e-02,  1.16160215e-02],
       [ 5.12104691e-02,  9.77439630e-03,  5.73010571e-02,  6.30506871e-02,  5.34421708e-02],
       [ 1.94804045e-02, -3.16653841e-02,  4.31734992e-02,  3.47340126e-02,  1.17788210e-02],
       [ 1.12200625e-02, -6.70681386e-02, -5.32786813e-02, -3.19529735e-02, -3.07866020e-02],
       [ 1.12167114e-02, -9.62728715e-02, -1.01027337e-01,  4.13404028e-02, -3.74933238e-02],
       [ 9.50192367e-02,  6.03632983e-02, -1.11465740e-01,  8.54318071e-02, -1.45597997e-02],
       [-1.08101871e-01, -2.38328530e-02, -2.30699390e-02,  3.05555803e-02, -2.46875991e-03],
       [-5.85685746e-02,  8.37109094e-02,  1.61998820e-02, -1.20093785e-02, -6.48430772e-03],
       [-1.29721539e-01, -5.99678052e-02,  4.32230696e-02,  1.20880433e-02,  2.95398149e-02],
       [-8.96341571e-02, -4.23276081e-02, -1.57575084e-02,  4.90010645e-02,  4.25832130e-03],
       [ 1.39291104e-01,  7.25899135e-02,  1.54898706e-01, -1.17301320e-01,  5.52946075e-02],
       [ 6.29228567e-02, -1.06310507e-01, -6.89169029e-02,  3.58534578e-02, -1.31094983e-02],
       [-1.27860017e-01,  2.46561630e-02, -1.61566121e-01,  1.02466209e-01, -1.80114532e-02],
       [ 6.39744408e-03,  1.06851672e-01, -1.01958522e-01,  3.36707997e-02, -4.38488159e-02],
       [ 1.18947267e-02, -2.70319965e-02,  2.72866871e-02, -1.05510066e-01, -4.92768934e-02],
       [-5.37528837e-03,  5.13971525e-02,  7.37139137e-02, -9.02512779e-02, -8.46568574e-02],
       [-3.32622606e-03, -5.31691448e-02,  1.30002256e-02, -1.02858572e-02, -1.89343108e-02],
       [-5.98286926e-03, -9.89291643e-03,  7.04913788e-03,  2.21062434e-02,  1.43659806e-02],
       [ 6.28147550e-03, -5.59368014e-02,  3.68678688e-03,  5.63849103e-02,  8.11166162e-03],
       [ 9.10198909e-03, -4.52676688e-02,  7.75935438e-02,  3.85182976e-03, -2.70269451e-02],
       [-1.22389308e-04,  6.65844150e-02, -5.18634535e-02,  1.64046240e-01,  9.90896197e-02],
       [ 7.11135906e-03,  9.27313119e-03, -4.25630513e-03, -8.28184786e-02, -4.16760238e-02],
       [-1.32104458e-02, -2.23668604e-02,  1.84032370e-02, -1.75373285e-01, -1.05383310e-01],
       [-2.98995046e-03,  1.57631481e-02,  5.53366911e-03, -1.09770665e-01, -4.26619706e-02],
       [-3.28524870e-03,  7.00693141e-02,  9.11355212e-02,  1.42395498e-02, -8.76024002e-02],
       [ 2.06054119e-03, -7.32477602e-02,  2.43880663e-02,  1.51357111e-02, -3.08417145e-02],
       [-9.80525921e-03, -7.28079686e-03,  1.73271985e-02,  3.34557657e-03,  2.05168838e-02],
       [-3.26591000e-03, -9.83990186e-02, -3.90875146e-02,  8.21967502e-02,  5.46204062e-02],
       [ 3.21192373e-03, -7.30910458e-02,  1.03628250e-01,  5.04037052e-02, -1.14622696e-02],
       [ 1.39058337e-02,  1.13770787e-01, -9.04729296e-02,  3.79977301e-02,  1.28546782e-01],
       [ 9.37579786e-03,  3.31467081e-03,  1.21318564e-02, -3.02230382e-02, -7.92800970e-02],
       [-1.93671340e-02, -2.88697112e-02,  4.45352330e-02, -3.43947366e-02, -1.37320784e-01],
       [-5.75465164e-03,  2.02975607e-02,  5.16122626e-02, -7.87528927e-02, -1.03419703e-01],
       [ 9.07731403e-02,  5.17446153e-02,  1.20299333e-02,  4.51041409e-02, -1.70680436e-02],
       [ 5.49258779e-02, -4.46077880e-02,  3.30068667e-02, -1.38546854e-02,  4.83963804e-03],
       [ 7.69945133e-02,  6.70012500e-02, -7.84006709e-02,  4.72400634e-02,  7.81730075e-02],
       [ 6.46433752e-02,  5.00289387e-02,  6.63490882e-02,  5.80372252e-02,  1.34836204e-02],
       [-9.38908794e-02, -8.35266888e-02, -9.96135497e-02, -1.07808508e-01,  1.16999770e-01],
       [-5.25126020e-02,  6.38780541e-02,  2.85901830e-02,  4.14252708e-02, -8.05562283e-02],
       [ 7.26323018e-02, -5.02003006e-03,  5.73197141e-02,  1.20532417e-01, -1.17087060e-01],
       [ 9.22211591e-03, -7.11294808e-02,  8.13729646e-02,  1.43848622e-02, -1.10705751e-01],
       [-5.31102159e-02,  7.05487781e-02,  8.67203656e-03, -1.37076764e-02,  1.53066599e-03],
       [-8.85893414e-02, -4.17341742e-02, -1.00396928e-02, -1.94029153e-03,  1.25546053e-02],
       [-8.41344134e-02, -3.54356157e-02,  1.09985174e-02,  1.56954570e-02,  1.38671347e-03],
       [ 1.22798598e-01,  6.48085024e-02, -1.50054471e-02, -4.93366971e-02,  2.43407213e-02],
       [ 6.01943623e-02, -8.86927977e-02,  2.79557064e-03,  2.30953864e-02, -1.62013133e-02],
       [-8.62577037e-02,  1.97489474e-02,  6.21970694e-03,  5.89736917e-02, -2.87512605e-02],
       [ 5.90748334e-03,  8.02468355e-02,  1.16769991e-02,  2.33076574e-02, -1.88665518e-02],
       [-6.44816317e-02,  7.22230975e-02, -8.61760074e-03, -1.28051648e-02, -1.34289554e-02],
       [-4.68054008e-02,  5.07777122e-02,  7.79997624e-04, -1.82984719e-02, -2.07968868e-04],
       [ 6.83002639e-02, -7.31656616e-02, -4.09968219e-02,  2.47356476e-02, -2.11233016e-02],
       [ 1.33524907e-02, -3.46777887e-02,  2.18438027e-02, -4.19055207e-03,  9.55379967e-03],
       [-2.92972290e-02,  3.54650901e-02,  4.28825687e-02, -1.51509258e-02,  1.42674861e-03],
       [ 1.34809160e-03,  2.53434873e-02,  2.66552608e-02, -4.72970620e-04,  1.70920788e-02],
       [-7.56719276e-02, -4.63350906e-02, -6.76283951e-02, -2.01453754e-02,  2.68869258e-02],
       [ 1.07888924e-01,  8.64197645e-02,  4.94488304e-02, -1.07754269e-01, -7.26178999e-02],
       [ 7.98494539e-02, -9.15809024e-02, -4.32256488e-03,  5.21152529e-02,  2.88918937e-02],
       [-9.54102129e-02,  1.13386027e-02, -2.70420769e-02,  1.14526655e-01,  8.83800248e-02],
       [ 1.92531415e-03,  9.34604172e-02, -9.95004663e-03,  7.62799689e-02,  2.84131338e-02],
       [ 1.02348245e-01,  7.21059968e-02, -1.29772787e-01, -1.00900320e-01,  4.71737013e-03],
       [ 5.25977573e-02, -6.39546055e-02,  6.20024108e-02,  5.18303719e-02, -1.62279857e-02],
       [-7.70760107e-02,  7.92863660e-03,  1.22396563e-01,  1.17149950e-01, -1.05170722e-02],
       [-5.86303351e-03,  6.88409125e-02,  1.00480226e-01,  5.86336869e-02, -2.18343962e-02],
       [-8.15650136e-02,  8.93257208e-02, -5.03083561e-03, -9.19938035e-03,  1.17282280e-01],
       [ 1.13525536e-01, -5.80497764e-03, -2.69105825e-02, -7.43335242e-02,  1.83332462e-01],
       [ 1.49871600e-02, -7.88326541e-02, -5.10426803e-02,  4.82031970e-02,  1.26599636e-01],
       [ 3.03907539e-02, -4.47822115e-02, -2.66797012e-02,  4.81509650e-03, -9.97241925e-02],
       [-2.26481196e-03, -3.23209723e-02, -9.96641503e-03, -4.03653525e-02, -7.45342712e-02],
       [-3.93613644e-03,  3.91116533e-02,  7.42944920e-03, -4.90001177e-02, -1.36051670e-01]])})
2026-01-20 11:01:14,275 - final_problem_set.kxor_instance_n22_k2_m200_ell2_eps0.2_kappa0.875_rho0.0 - INFO - Running key extraction (n=22, m=200, ell=2, phase_qubits=13)
2026-01-20 11:01:14,278 - final_problem_set.kxor_instance_n22_k2_m200_ell2_eps0.2_kappa0.875_rho0.0 - INFO - Built voting matrix V (n=22, ell=2, dtype=complex128) in 0.003s
2026-01-20 11:01:14,279 - final_problem_set.kxor_instance_n22_k2_m200_ell2_eps0.2_kappa0.875_rho0.0 - INFO - Eval: adv=0.2300 (no ground-truth z available)
2026-01-20 11:01:14,279 - final_problem_set.kxor_instance_n22_k2_m200_ell2_eps0.2_kappa0.875_rho0.0 - INFO - Key extraction complete: x_hat=20
2026-01-20 11:01:14,279 - final_problem_set.kxor_instance_n22_k2_m200_ell2_eps0.2_kappa0.875_rho0.0 - INFO - Finished step 'KeyExtractionStep' in 0.004s (success: True, problem=kxor_instance_n22_k2_m200_ell2_eps0.2_kappa0.875_rho0.0)
2026-01-20 11:01:14,279 - final_problem_set.kxor_instance_n22_k2_m200_ell2_eps0.2_kappa0.875_rho0.0 - INFO - SUCCESS: len(z_hat)=22
2026-01-20 11:01:14,279 - final_problem_set.kxor_instance_n22_k2_m200_ell2_eps0.2_kappa0.875_rho0.0 - INFO - Metrics: adv=0.23, ham_frac=None, corr=None
2026-01-20 11:01:14,279 - final_problem_set.kxor_instance_n22_k2_m200_ell2_eps0.2_kappa0.875_rho0.0 - INFO - z_hat (full): [-1, -1, -1,  1, -1,  1,  1, -1, -1, -1,  1,  1,  1,  1,  1, -1, -1,  1, -1,  1,  1,  1]
