2026-01-20 11:00:32,649 - final_problem_set.kxor_instance_n15_k2_m106_ell2_eps0.3_kappa1.0_rho0.6 - INFO - Starting iteration for /Users/julian/CodingProjects/UniT3/QuarticSpeedupK-XOR/z_Daphne/data/final_problem_set/kxor_instance_n15_k2_m106_ell2_eps0.3_kappa1.0_rho0.6.npz
2026-01-20 11:00:32,649 - final_problem_set.kxor_instance_n15_k2_m106_ell2_eps0.3_kappa1.0_rho0.6 - INFO - Loaded instance (n=15, m=106, k=2)
2026-01-20 11:00:32,649 - final_problem_set.kxor_instance_n15_k2_m106_ell2_eps0.3_kappa1.0_rho0.6 - INFO - Starting step 'ComputeKikuchiStep' (version 0.1) on problem kxor_instance_n15_k2_m106_ell2_eps0.3_kappa1.0_rho0.6 (fields={'ell': 2, 'threshold': 0.0})
2026-01-20 11:00:32,658 - final_problem_set.kxor_instance_n15_k2_m106_ell2_eps0.3_kappa1.0_rho0.6 - INFO - Finished step 'ComputeKikuchiStep' in 0.009s (success: True, problem=kxor_instance_n15_k2_m106_ell2_eps0.3_kappa1.0_rho0.6)
2026-01-20 11:00:32,658 - final_problem_set.kxor_instance_n15_k2_m106_ell2_eps0.3_kappa1.0_rho0.6 - INFO - Starting step 'ClassicalEigenvaluesStep' (version 0.1) on problem kxor_instance_n15_k2_m106_ell2_eps0.3_kappa1.0_rho0.6 (fields={'ell': 2, 'threshold': 0.0, 'kikuchi_matrix': <Dictionary Of Keys sparse matrix of dtype 'int64'
	with 1716 stored elements and shape (105, 105)>, 'num_eigenvalues': 5})
2026-01-20 11:00:32,688 - final_problem_set.kxor_instance_n15_k2_m106_ell2_eps0.3_kappa1.0_rho0.6 - INFO - Finished step 'ClassicalEigenvaluesStep' in 0.030s (success: True, problem=kxor_instance_n15_k2_m106_ell2_eps0.3_kappa1.0_rho0.6)
2026-01-20 11:00:32,688 - final_problem_set.kxor_instance_n15_k2_m106_ell2_eps0.3_kappa1.0_rho0.6 - INFO - Starting step 'KeyExtractionStep' (version 0.1) on problem kxor_instance_n15_k2_m106_ell2_eps0.3_kappa1.0_rho0.6 (fields={'ell': 2, 'threshold': 0.0, 'kikuchi_matrix': <Dictionary Of Keys sparse matrix of dtype 'int64'
	with 1716 stored elements and shape (105, 105)>, 'num_eigenvalues': 5, 'eigenvalues': array([-9.19707647, -8.16232277,  7.91285674,  8.16522238,  9.28443268]), 'eigenvectors': array([[-0.01262103,  0.06782457, -0.04621263,  0.04174905,  0.01665195],
       [ 0.02652255, -0.06509732,  0.01297579, -0.03537465,  0.01391323],
       [ 0.00584155, -0.19147198, -0.05009572,  0.05762584,  0.04488852],
       [ 0.01510914, -0.13493024,  0.03387349,  0.02044532, -0.01469188],
       [ 0.02404586, -0.12940452,  0.05585676,  0.00461807, -0.03863121],
       [ 0.00657454, -0.12117732,  0.05535835, -0.05835765, -0.02129257],
       [ 0.01057858, -0.14131933, -0.07726318,  0.08182228,  0.07445763],
       [-0.01681199, -0.05322601,  0.05904527, -0.10593252, -0.08215825],
       [-0.02791868,  0.05989355,  0.06883074, -0.06937342, -0.02347778],
       [ 0.0135346 , -0.04999411,  0.08316658, -0.12048009, -0.07222888],
       [ 0.00326758,  0.07563057, -0.07295016,  0.09277345,  0.11103466],
       [-0.02563229,  0.02795225, -0.05275353,  0.08628649,  0.05402615],
       [-0.00275246,  0.15501395,  0.02049068,  0.01961591,  0.01053001],
       [ 0.01302552,  0.16385648,  0.06300245, -0.05044849, -0.04100722],
       [-0.07930954, -0.05905472, -0.0834962 ,  0.08921005,  0.00977009],
       [-0.11344024,  0.01889602,  0.00388704, -0.01395854, -0.09360186],
       [-0.09890258, -0.02275624, -0.02889134, -0.10820735,  0.04651293],
       [-0.09064363, -0.0314929 , -0.03714422, -0.1078865 ,  0.07830984],
       [-0.07335303, -0.00336228, -0.08275262,  0.03427609,  0.06487374],
       [-0.06582464,  0.00459348, -0.01226507, -0.01595169, -0.10024325],
       [ 0.00247495,  0.09209327,  0.03741316,  0.06121534,  0.10940954],
       [ 0.0636286 ,  0.0555104 , -0.06100262,  0.00968336,  0.10702147],
       [-0.03529218, -0.02460214,  0.00983598,  0.07951606,  0.12911182],
       [ 0.05680556, -0.00911971, -0.03756089, -0.00392398, -0.15094907],
       [ 0.04530807,  0.07109827, -0.06911322, -0.11039415, -0.08475474],
       [ 0.09227692, -0.01746432, -0.10980049, -0.05538008,  0.01401964],
       [ 0.09726322, -0.01268111, -0.00621787, -0.00490211,  0.07447359],
       [ 0.12094515,  0.07815853, -0.12775821,  0.09114027,  0.00294445],
       [ 0.10874854,  0.09064306,  0.06230061, -0.00172593, -0.00744855],
       [ 0.10864904,  0.09112018,  0.09944495, -0.02747987, -0.03064338],
       [ 0.13748383,  0.06557356,  0.04912796, -0.08149517,  0.00112794],
       [ 0.14196452,  0.04822448, -0.15022738,  0.15283102,  0.05394503],
       [ 0.01478703, -0.09443929,  0.18430959, -0.13838915, -0.03823474],
       [-0.09263708, -0.08844995,  0.12410947, -0.14391537,  0.01003373],
       [ 0.03927113,  0.05451438,  0.18497159, -0.18719844, -0.01896394],
       [-0.06673499, -0.01773016, -0.1999996 ,  0.18067419,  0.06659946],
       [-0.07794174, -0.10823269, -0.14215371,  0.1580602 ,  0.02230112],
       [-0.0929503 , -0.06118432, -0.02196907,  0.01760306,  0.00683293],
       [-0.15496309, -0.0548234 ,  0.12334819, -0.0945784 , -0.03114854],
       [ 0.16617125, -0.07132594, -0.00428313, -0.10752411,  0.04569729],
       [ 0.15106658, -0.03993958,  0.00081901, -0.1025999 ,  0.08608801],
       [ 0.16428468, -0.1303717 , -0.09062403,  0.02391695,  0.08485036],
       [ 0.12946096, -0.13556722, -0.07644378,  0.00695744, -0.14780419],
       [-0.05745466, -0.23680962,  0.03782554,  0.02576003,  0.09235531],
       [-0.21700009, -0.0630008 , -0.05331279,  0.00783759,  0.11217084],
       [ 0.05299454,  0.03852904,  0.01539948,  0.03669289,  0.10558761],
       [-0.08807274,  0.09069262, -0.05275778,  0.01600005, -0.12558965],
       [-0.14351138, -0.11092849, -0.08690541, -0.09745238, -0.0807893 ],
       [-0.0967321 ,  0.15265878, -0.12545867, -0.05361796,  0.02465595],
       [-0.15248438,  0.21958471,  0.0181782 , -0.01631687,  0.12182834],
       [ 0.20086173,  0.02729955,  0.04379517,  0.11031896, -0.02170748],
       [ 0.11153465, -0.02730999,  0.09792153,  0.12161013, -0.05449475],
       [ 0.15757927, -0.06665476,  0.00957335, -0.17797753,  0.09633376],
       [-0.00837069, -0.19169816, -0.03103479,  0.13622528, -0.09055857],
       [-0.12968169, -0.09243911,  0.05707027,  0.18179783, -0.06081234],
       [ 0.08070035,  0.03916425, -0.0061103 ,  0.183579  , -0.11014703],
       [-0.08954914,  0.04208688,  0.0098082 , -0.22435647,  0.10202391],
       [-0.08594656, -0.10807849,  0.0845838 , -0.08752878,  0.08616487],
       [-0.12148508,  0.05236338,  0.09386575,  0.03091318,  0.00373065],
       [-0.16352675,  0.08346213,  0.02632601,  0.12490933, -0.05198035],
       [ 0.14978474, -0.01755427,  0.11801001,  0.10926049, -0.08359595],
       [ 0.11541932, -0.03542206,  0.02350609, -0.16447657,  0.12254368],
       [-0.01170995, -0.17064914, -0.06096918,  0.12140696, -0.12847361],
       [-0.13318045, -0.08665037,  0.08765523,  0.17958335, -0.12157949],
       [ 0.03148413,  0.03855157, -0.02285011,  0.16363188, -0.178551  ],
       [-0.12239415,  0.03119122,  0.02225465, -0.21249592,  0.13719745],
       [-0.08380116, -0.1078285 ,  0.12157679, -0.05331441,  0.12599842],
       [-0.12410113,  0.03731132,  0.14654514,  0.04744693, -0.00363245],
       [-0.1724672 ,  0.06657169,  0.01848462,  0.12814707, -0.0811229 ],
       [ 0.09814725, -0.0816701 , -0.08781013,  0.04926585,  0.09880885],
       [-0.01580919, -0.17483891,  0.06545605, -0.08923646, -0.10305512],
       [-0.10349779, -0.07101238,  0.15143289, -0.03017514, -0.0989319 ],
       [ 0.07658835,  0.01388953,  0.09877603, -0.09684894, -0.09990821],
       [-0.08212406,  0.05308257, -0.11491906,  0.0430207 ,  0.14684828],
       [-0.05837831, -0.08132435, -0.01443169,  0.18059098,  0.08699459],
       [-0.11220181,  0.0821911 ,  0.08829868,  0.07597813, -0.00770441],
       [-0.13096061,  0.11404473,  0.08157028, -0.01018108, -0.07991033],
       [-0.0300417 , -0.17577798,  0.14471709,  0.03716739,  0.09464536],
       [-0.13054665, -0.05934851, -0.03401095, -0.00176076,  0.22093236],
       [ 0.04273528,  0.02419221,  0.10931284,  0.05582492,  0.13987277],
       [-0.0824447 ,  0.06465233, -0.17769387,  0.04285328, -0.15368683],
       [-0.07188422, -0.08764401, -0.15836726, -0.1155115 , -0.07818512],
       [-0.12376931,  0.14214074, -0.18428566, -0.06831224,  0.0543245 ],
       [-0.15236795,  0.18955318,  0.08691626, -0.02808294,  0.12127491],
       [-0.03972626,  0.08316297,  0.0196375 , -0.08083669, -0.21893829],
       [-0.00388552, -0.05657885, -0.09424708, -0.10719785, -0.10156422],
       [ 0.015016  ,  0.12796396,  0.1733075 ,  0.02768551,  0.11615584],
       [-0.02200939,  0.04906553,  0.12837992,  0.13748871,  0.05128135],
       [ 0.04165077,  0.21158494,  0.15070015,  0.04975931, -0.0684648 ],
       [ 0.05806403,  0.24083905, -0.08762139, -0.0192803 , -0.10083261],
       [-0.05152929, -0.03584217,  0.06175304, -0.08206436, -0.19690402],
       [ 0.0860382 ,  0.03267994, -0.05010727, -0.01989975,  0.24071333],
       [ 0.03529475,  0.09210401,  0.06218366,  0.16063672,  0.14372003],
       [ 0.17180035,  0.0576233 ,  0.16174033,  0.09253005,  0.00120091],
       [ 0.19357576,  0.06997585,  0.06677567,  0.02888454, -0.17007736],
       [-0.04933803, -0.00277123,  0.13472264,  0.04658234,  0.1726164 ],
       [-0.03750661, -0.06739875,  0.12063012,  0.19835108,  0.06992021],
       [-0.05685776, -0.01275853,  0.17836775,  0.07859637, -0.05884394],
       [-0.08330946, -0.00051588, -0.06758322, -0.0336073 , -0.15718049],
       [ 0.07634513,  0.05879878, -0.21315477, -0.13347813, -0.09846138],
       [ 0.07761435, -0.09045046, -0.23755295, -0.09025867,  0.06884394],
       [ 0.08737625, -0.09356613,  0.09249297, -0.04495162,  0.14553759],
       [ 0.12062438,  0.08752347, -0.08975413, -0.00899703,  0.05538651],
       [ 0.13732339,  0.10219869,  0.13063704,  0.08972074,  0.10129745],
       [ 0.11188512, -0.17152625,  0.15002359,  0.06935752, -0.03391293]])})
2026-01-20 11:00:32,689 - final_problem_set.kxor_instance_n15_k2_m106_ell2_eps0.3_kappa1.0_rho0.6 - INFO - Running key extraction (n=15, m=106, ell=2, phase_qubits=11)
2026-01-20 11:00:32,689 - final_problem_set.kxor_instance_n15_k2_m106_ell2_eps0.3_kappa1.0_rho0.6 - INFO - Built voting matrix V (n=15, ell=2, dtype=complex128) in 0.001s
2026-01-20 11:00:32,690 - final_problem_set.kxor_instance_n15_k2_m106_ell2_eps0.3_kappa1.0_rho0.6 - INFO - Eval: adv=0.5094, hamming=1/15 (0.067), corr=0.867
2026-01-20 11:00:32,690 - final_problem_set.kxor_instance_n15_k2_m106_ell2_eps0.3_kappa1.0_rho0.6 - INFO - Key extraction complete: x_hat=9
2026-01-20 11:00:32,690 - final_problem_set.kxor_instance_n15_k2_m106_ell2_eps0.3_kappa1.0_rho0.6 - INFO - Finished step 'KeyExtractionStep' in 0.001s (success: True, problem=kxor_instance_n15_k2_m106_ell2_eps0.3_kappa1.0_rho0.6)
2026-01-20 11:00:32,690 - final_problem_set.kxor_instance_n15_k2_m106_ell2_eps0.3_kappa1.0_rho0.6 - INFO - SUCCESS: len(z_hat)=15
2026-01-20 11:00:32,690 - final_problem_set.kxor_instance_n15_k2_m106_ell2_eps0.3_kappa1.0_rho0.6 - INFO - Metrics: adv=0.5094339622641509, ham_frac=0.06666666666666667, corr=0.8666666666666667
2026-01-20 11:00:32,690 - final_problem_set.kxor_instance_n15_k2_m106_ell2_eps0.3_kappa1.0_rho0.6 - INFO - z_hat (full): [-1,  1, -1,  1, -1, -1, -1,  1, -1, -1, -1,  1,  1, -1, -1]
