2026-01-20 11:00:36,325 - final_problem_set.kxor_instance_n16_k2_m222_ell2_eps0.2_kappa0.625_rho0.0 - INFO - Starting iteration for /Users/julian/CodingProjects/UniT3/QuarticSpeedupK-XOR/z_Daphne/data/final_problem_set/kxor_instance_n16_k2_m222_ell2_eps0.2_kappa0.625_rho0.0.npz
2026-01-20 11:00:36,326 - final_problem_set.kxor_instance_n16_k2_m222_ell2_eps0.2_kappa0.625_rho0.0 - INFO - Loaded instance (n=16, m=222, k=2)
2026-01-20 11:00:36,326 - final_problem_set.kxor_instance_n16_k2_m222_ell2_eps0.2_kappa0.625_rho0.0 - INFO - Starting step 'ComputeKikuchiStep' (version 0.1) on problem kxor_instance_n16_k2_m222_ell2_eps0.2_kappa0.625_rho0.0 (fields={'ell': 2, 'threshold': 0.0})
2026-01-20 11:00:36,346 - final_problem_set.kxor_instance_n16_k2_m222_ell2_eps0.2_kappa0.625_rho0.0 - INFO - Finished step 'ComputeKikuchiStep' in 0.020s (success: True, problem=kxor_instance_n16_k2_m222_ell2_eps0.2_kappa0.625_rho0.0)
2026-01-20 11:00:36,346 - final_problem_set.kxor_instance_n16_k2_m222_ell2_eps0.2_kappa0.625_rho0.0 - INFO - Starting step 'ClassicalEigenvaluesStep' (version 0.1) on problem kxor_instance_n16_k2_m222_ell2_eps0.2_kappa0.625_rho0.0 (fields={'ell': 2, 'threshold': 0.0, 'kikuchi_matrix': <Dictionary Of Keys sparse matrix of dtype 'int64'
	with 2772 stored elements and shape (120, 120)>, 'num_eigenvalues': 5})
2026-01-20 11:00:36,398 - final_problem_set.kxor_instance_n16_k2_m222_ell2_eps0.2_kappa0.625_rho0.0 - INFO - Finished step 'ClassicalEigenvaluesStep' in 0.052s (success: True, problem=kxor_instance_n16_k2_m222_ell2_eps0.2_kappa0.625_rho0.0)
2026-01-20 11:00:36,398 - final_problem_set.kxor_instance_n16_k2_m222_ell2_eps0.2_kappa0.625_rho0.0 - INFO - Starting step 'KeyExtractionStep' (version 0.1) on problem kxor_instance_n16_k2_m222_ell2_eps0.2_kappa0.625_rho0.0 (fields={'ell': 2, 'threshold': 0.0, 'kikuchi_matrix': <Dictionary Of Keys sparse matrix of dtype 'int64'
	with 2772 stored elements and shape (120, 120)>, 'num_eigenvalues': 5, 'eigenvalues': array([-11.61227988, -10.29580167,  -9.54571469,   9.01504463,   9.35903492]), 'eigenvectors': array([[-0.08293076,  0.03897903,  0.11311213, -0.12673113,  0.13157548],
       [-0.05616391,  0.0476186 ,  0.07346274,  0.10404752, -0.09290937],
       [ 0.07515304, -0.15563682,  0.00153178, -0.09828866,  0.11380779],
       [-0.01911844,  0.07941289,  0.04473535, -0.20189022,  0.13142912],
       [-0.05551789,  0.13724428, -0.08521288, -0.05228649,  0.12449251],
       [ 0.09477857, -0.11223736, -0.08194422, -0.10257187, -0.05413783],
       [ 0.08563442, -0.1273049 , -0.03756063,  0.00364405,  0.03265315],
       [-0.07374666,  0.13204027, -0.00980609,  0.05390934, -0.08266085],
       [-0.03233783,  0.10420162, -0.03687109, -0.1307677 , -0.01260843],
       [-0.08417335,  0.07028944, -0.00280326, -0.08433118, -0.04834169],
       [ 0.05773081, -0.08550023,  0.06915347,  0.06083613, -0.05089837],
       [-0.04628684,  0.09536868,  0.01005399,  0.11151763, -0.0308123 ],
       [-0.02728639, -0.02836339,  0.08549358, -0.08801197,  0.03049688],
       [ 0.09598437, -0.17731046, -0.0089789 , -0.02058009,  0.02120754],
       [-0.03823852,  0.0479692 , -0.07212978, -0.01524467,  0.07029932],
       [-0.04933294, -0.03835089,  0.10656474,  0.15999089, -0.09523306],
       [ 0.11682376,  0.1311083 , -0.12834038, -0.1815371 ,  0.11830521],
       [-0.03858713,  0.06537497,  0.18784513, -0.22211772,  0.01554409],
       [-0.14018362, -0.09921889, -0.02297995, -0.04241372,  0.06501776],
       [ 0.07038535,  0.12599916, -0.16277715, -0.1046452 , -0.23199586],
       [ 0.07794908,  0.09429814, -0.11394637,  0.09821137, -0.04246779],
       [-0.0891036 , -0.12348178,  0.09361457,  0.13862205, -0.1482937 ],
       [-0.10034934, -0.00344528,  0.05510883, -0.13663432, -0.17746676],
       [-0.07125722, -0.14050332,  0.03091683, -0.11253245, -0.1491899 ],
       [ 0.0735455 ,  0.15432437,  0.0173646 ,  0.08564353, -0.0109102 ],
       [-0.08401089,  0.013696  ,  0.10150037,  0.17339236,  0.08687751],
       [ 0.00798978, -0.09076669,  0.05480065, -0.11257743, -0.04238794],
       [ 0.12984623,  0.17335626, -0.14393968, -0.01325997,  0.01755581],
       [-0.05889738, -0.12115326, -0.0590939 , -0.0922777 ,  0.25188983],
       [ 0.1316386 ,  0.016296  , -0.12686425,  0.07981809, -0.1034    ],
       [-0.03437656,  0.05124742,  0.10768764,  0.13267683, -0.06250696],
       [-0.10349708, -0.00456198,  0.00341636,  0.02163068, -0.08571207],
       [ 0.07711883,  0.02602583, -0.13598283,  0.12698701,  0.11193028],
       [ 0.09009997,  0.01672944, -0.11094012, -0.04871248, -0.00619122],
       [-0.11201146, -0.01890421,  0.09268897, -0.08735301,  0.08520985],
       [-0.05619446,  0.01836852,  0.04072966,  0.11130578,  0.07570035],
       [-0.05972258, -0.03725415,  0.04133837,  0.08154819,  0.1041726 ],
       [ 0.07100318,  0.04931091, -0.00032888, -0.10224156,  0.05902083],
       [-0.05111586,  0.02374674,  0.07489391, -0.18422117, -0.02380202],
       [-0.00336322, -0.04505541,  0.05522862,  0.02617849,  0.00135258],
       [ 0.10316174,  0.02773463, -0.13172045,  0.02912484, -0.04685116],
       [-0.04387318, -0.03578662, -0.02808147,  0.00847516, -0.13180014],
       [ 0.03750175, -0.1636409 , -0.13290914, -0.18355622,  0.08934787],
       [ 0.14363285, -0.06216588,  0.18328545, -0.02814572,  0.10649847],
       [-0.1402095 , -0.04090962,  0.10323597, -0.15944433, -0.1628131 ],
       [-0.12112013,  0.01471043,  0.03796907,  0.05828135,  0.0025737 ],
       [ 0.12944157,  0.00049789,  0.04652972,  0.14214789, -0.18718584],
       [ 0.09530414, -0.12458963,  0.05708174, -0.13594022, -0.12392168],
       [ 0.17535732,  0.10914877,  0.05251227, -0.1301159 , -0.09679703],
       [-0.0844754 , -0.04829783, -0.12508213,  0.08258736, -0.0385124 ],
       [ 0.1334713 , -0.12155159, -0.03137386,  0.22390942,  0.02347134],
       [ 0.02024382,  0.15051853, -0.11977732, -0.03405464, -0.02657668],
       [-0.20797706, -0.00818526, -0.01737425, -0.01764093,  0.04460912],
       [ 0.07517861,  0.07851651,  0.13860151, -0.00554738,  0.18903761],
       [-0.06242093,  0.15448049,  0.00956244, -0.03131933,  0.04100146],
       [ 0.0341455 , -0.12761286, -0.16139009, -0.09127556, -0.21388227],
       [ 0.02881968, -0.11873324, -0.10534114,  0.11010108, -0.04279358],
       [-0.04111278,  0.13626014,  0.10427572,  0.14765574, -0.12368679],
       [-0.02898738,  0.10459217,  0.03293067, -0.12945452, -0.18286585],
       [-0.06609732,  0.08420735,  0.09741709, -0.06080381, -0.14839494],
       [ 0.03963945, -0.09253377, -0.02313733,  0.10860191, -0.00851172],
       [-0.0344695 ,  0.08290191,  0.07080314,  0.18091044,  0.09326502],
       [-0.00769243,  0.00275291,  0.10781203, -0.05159369, -0.04971181],
       [ 0.07939274, -0.19134705, -0.18226912, -0.03886904,  0.01853847],
       [-0.04071583,  0.05754909,  0.01177312, -0.09487852,  0.2249013 ],
       [ 0.18161878,  0.00232632,  0.07172274, -0.05315561, -0.14256226],
       [ 0.12292337, -0.0340623 ,  0.08256297,  0.03748241, -0.02932602],
       [-0.12377261,  0.04483165, -0.16136536,  0.03678881, -0.11024146],
       [-0.07043494,  0.11061474, -0.12374917, -0.0553051 , -0.11267329],
       [-0.11411446, -0.04390731, -0.11681058, -0.04406134, -0.10022   ],
       [ 0.06959485,  0.00710278,  0.14777191,  0.0315461 , -0.03968118],
       [-0.08292168,  0.09912512, -0.0699842 ,  0.07749221,  0.04964811],
       [-0.0538304 , -0.1206337 ,  0.03484407, -0.01466244, -0.01891578],
       [ 0.17577782, -0.04254785,  0.21765841, -0.00606682,  0.02370769],
       [-0.04674139, -0.0336591 , -0.14073466,  0.00547978,  0.20010012],
       [-0.10216577, -0.0270939 ,  0.1139751 ,  0.04321691, -0.06778266],
       [ 0.11828616,  0.05587024, -0.06160542,  0.0928048 ,  0.07925751],
       [ 0.10677167, -0.07262624, -0.01180919,  0.00533349, -0.06088796],
       [ 0.11517988,  0.11425893, -0.02921616,  0.03854269,  0.01871098],
       [-0.08018687, -0.07922905, -0.05536684,  0.04907379,  0.1158909 ],
       [ 0.13079577, -0.0765984 , -0.13201697,  0.00028517,  0.07701584],
       [-0.00506682,  0.1214386 , -0.09386356, -0.05199318, -0.07196122],
       [-0.18043358, -0.07975861,  0.13369607, -0.01677611, -0.05505157],
       [ 0.08914447,  0.11593005,  0.08110426, -0.13416816, -0.04599968],
       [ 0.10365016,  0.00581911, -0.01434785, -0.01428216, -0.02216174],
       [ 0.09714247, -0.09263824,  0.01522979,  0.05524995, -0.06293077],
       [ 0.11665196,  0.08238464, -0.01104876,  0.01252301, -0.03395293],
       [-0.06645392, -0.04189874, -0.05499341, -0.04901408,  0.01455518],
       [ 0.0914344 , -0.078154  , -0.05324786, -0.03113907,  0.05930444],
       [ 0.02044391,  0.10883822, -0.09408091,  0.04596649, -0.02447708],
       [-0.18976235, -0.01914686,  0.06249059,  0.02571531, -0.00305593],
       [ 0.0830632 ,  0.07272652,  0.08562101,  0.01925313,  0.07024649],
       [-0.1170362 ,  0.11593268, -0.08303671,  0.14125474,  0.03089331],
       [-0.10983359, -0.08860676, -0.0375257 ,  0.05471821,  0.10448601],
       [ 0.07888124,  0.05945845,  0.12355716, -0.09148048,  0.08815179],
       [-0.12827582,  0.10814017,  0.01000846, -0.09603734,  0.00682727],
       [-0.02719938, -0.14797054,  0.08776532,  0.09364764, -0.03836791],
       [ 0.17939017,  0.02979259,  0.04306145,  0.0438865 , -0.04414286],
       [-0.06048171, -0.06826802, -0.11799391,  0.0257654 , -0.12246366],
       [-0.10667944,  0.02948787, -0.06563366, -0.00364809, -0.00996038],
       [ 0.06241091, -0.05262456,  0.09571407,  0.06676806,  0.09393318],
       [-0.0536632 ,  0.08437846, -0.01704896,  0.07563329,  0.08254773],
       [-0.02853451, -0.04761116,  0.06264809, -0.02696422, -0.06768562],
       [ 0.11808967, -0.12791065,  0.06933518, -0.01864004, -0.02346719],
       [-0.04208285,  0.01380164, -0.07995613, -0.11887609,  0.01488004],
       [ 0.0687557 ,  0.09976802,  0.08421958,  0.05704207,  0.06235688],
       [-0.08610814,  0.03748991,  0.01084596, -0.00428279,  0.04725954],
       [-0.01537519, -0.12745504,  0.04035658, -0.03262136, -0.03465649],
       [ 0.14950507,  0.13165666,  0.05735832, -0.03939569, -0.02786251],
       [-0.04835497, -0.08814775, -0.10764706, -0.09482078, -0.0582074 ],
       [ 0.07287404, -0.0435769 ,  0.0399634 , -0.0954587 , -0.04509954],
       [ 0.01579533,  0.11536128, -0.02605865,  0.04325293,  0.02585226],
       [-0.10938679, -0.08510278, -0.14788307, -0.00234747, -0.00114627],
       [ 0.03990546,  0.08128417,  0.11673155,  0.04776707, -0.11496802],
       [-0.03089877, -0.03887006,  0.09170311,  0.10929825,  0.05913045],
       [ 0.13363338, -0.12296953, -0.04230878,  0.05002701,  0.02492066],
       [-0.05843063,  0.02022069, -0.0758357 ,  0.1411607 , -0.06964616],
       [ 0.0137483 ,  0.18184642, -0.13065941, -0.0052364 ,  0.00465492],
       [-0.01504391, -0.09419298, -0.00276123, -0.02434391,  0.06350409],
       [ 0.07501267,  0.10242807,  0.18055031, -0.01304981,  0.05091181]])})
2026-01-20 11:00:36,400 - final_problem_set.kxor_instance_n16_k2_m222_ell2_eps0.2_kappa0.625_rho0.0 - INFO - Running key extraction (n=16, m=222, ell=2, phase_qubits=12)
2026-01-20 11:00:36,401 - final_problem_set.kxor_instance_n16_k2_m222_ell2_eps0.2_kappa0.625_rho0.0 - INFO - Built voting matrix V (n=16, ell=2, dtype=complex128) in 0.001s
2026-01-20 11:00:36,401 - final_problem_set.kxor_instance_n16_k2_m222_ell2_eps0.2_kappa0.625_rho0.0 - INFO - Eval: adv=0.1351 (no ground-truth z available)
2026-01-20 11:00:36,401 - final_problem_set.kxor_instance_n16_k2_m222_ell2_eps0.2_kappa0.625_rho0.0 - INFO - Key extraction complete: x_hat=15
2026-01-20 11:00:36,401 - final_problem_set.kxor_instance_n16_k2_m222_ell2_eps0.2_kappa0.625_rho0.0 - INFO - Finished step 'KeyExtractionStep' in 0.002s (success: True, problem=kxor_instance_n16_k2_m222_ell2_eps0.2_kappa0.625_rho0.0)
2026-01-20 11:00:36,401 - final_problem_set.kxor_instance_n16_k2_m222_ell2_eps0.2_kappa0.625_rho0.0 - INFO - SUCCESS: len(z_hat)=16
2026-01-20 11:00:36,401 - final_problem_set.kxor_instance_n16_k2_m222_ell2_eps0.2_kappa0.625_rho0.0 - INFO - Metrics: adv=0.13513513513513514, ham_frac=None, corr=None
2026-01-20 11:00:36,401 - final_problem_set.kxor_instance_n16_k2_m222_ell2_eps0.2_kappa0.625_rho0.0 - INFO - z_hat (full): [-1, -1,  1, -1, -1, -1,  1, -1,  1,  1,  1,  1, -1, -1, -1, -1]
