2026-01-20 11:00:30,182 - final_problem_set.kxor_instance_n12_k2_m95_ell2_eps0.3_kappa0.875_rho0.0 - INFO - Starting iteration for /Users/julian/CodingProjects/UniT3/QuarticSpeedupK-XOR/z_Daphne/data/final_problem_set/kxor_instance_n12_k2_m95_ell2_eps0.3_kappa0.875_rho0.0.npz
2026-01-20 11:00:30,182 - final_problem_set.kxor_instance_n12_k2_m95_ell2_eps0.3_kappa0.875_rho0.0 - INFO - Loaded instance (n=12, m=95, k=2)
2026-01-20 11:00:30,182 - final_problem_set.kxor_instance_n12_k2_m95_ell2_eps0.3_kappa0.875_rho0.0 - INFO - Starting step 'ComputeKikuchiStep' (version 0.1) on problem kxor_instance_n12_k2_m95_ell2_eps0.3_kappa0.875_rho0.0 (fields={'ell': 2, 'threshold': 0.0})
2026-01-20 11:00:30,188 - final_problem_set.kxor_instance_n12_k2_m95_ell2_eps0.3_kappa0.875_rho0.0 - INFO - Finished step 'ComputeKikuchiStep' in 0.006s (success: True, problem=kxor_instance_n12_k2_m95_ell2_eps0.3_kappa0.875_rho0.0)
2026-01-20 11:00:30,189 - final_problem_set.kxor_instance_n12_k2_m95_ell2_eps0.3_kappa0.875_rho0.0 - INFO - Starting step 'ClassicalEigenvaluesStep' (version 0.1) on problem kxor_instance_n12_k2_m95_ell2_eps0.3_kappa0.875_rho0.0 (fields={'ell': 2, 'threshold': 0.0, 'kikuchi_matrix': <Dictionary Of Keys sparse matrix of dtype 'int64'
	with 980 stored elements and shape (66, 66)>, 'num_eigenvalues': 5})
2026-01-20 11:00:30,204 - final_problem_set.kxor_instance_n12_k2_m95_ell2_eps0.3_kappa0.875_rho0.0 - INFO - Finished step 'ClassicalEigenvaluesStep' in 0.015s (success: True, problem=kxor_instance_n12_k2_m95_ell2_eps0.3_kappa0.875_rho0.0)
2026-01-20 11:00:30,204 - final_problem_set.kxor_instance_n12_k2_m95_ell2_eps0.3_kappa0.875_rho0.0 - INFO - Starting step 'KeyExtractionStep' (version 0.1) on problem kxor_instance_n12_k2_m95_ell2_eps0.3_kappa0.875_rho0.0 (fields={'ell': 2, 'threshold': 0.0, 'kikuchi_matrix': <Dictionary Of Keys sparse matrix of dtype 'int64'
	with 980 stored elements and shape (66, 66)>, 'num_eigenvalues': 5, 'eigenvalues': array([-8.39556241, -8.29473225, -7.39761805,  7.07388564,  7.34369796]), 'eigenvectors': array([[-9.97205334e-02,  4.30754153e-02, -2.16790187e-02,  1.61110797e-03, -6.67756521e-03],
       [ 4.93627756e-02, -8.65437612e-02,  1.66788477e-01,  4.15262811e-02, -2.79804339e-01],
       [-3.44924703e-02,  1.29902808e-01, -2.58295662e-01, -2.29590194e-02, -4.84804534e-02],
       [-1.26250046e-01,  5.84612717e-02, -5.52327352e-02,  1.22961647e-01, -1.17636180e-01],
       [ 6.69002829e-02, -8.78775078e-02,  1.16199193e-01,  1.19524798e-02,  1.25834722e-03],
       [-1.95839308e-01,  1.35710113e-02,  3.45654615e-02,  2.54242181e-02, -1.54632449e-01],
       [-1.25831772e-01,  5.08240053e-02, -9.20508223e-02, -9.79796271e-02,  2.98727681e-01],
       [ 5.52815950e-02,  1.15588502e-01, -2.20600718e-01,  1.15626410e-01, -1.95611554e-01],
       [ 1.58451902e-01,  5.35772451e-02, -5.79177456e-02, -7.41936975e-03,  1.53822006e-01],
       [ 8.78848928e-02,  6.38305275e-02, -1.77699040e-01,  4.99114132e-02, -1.80946513e-01],
       [-8.85699685e-02, -7.86543276e-02,  1.28270958e-01,  6.90226590e-02, -8.00349097e-02],
       [-1.67652833e-01, -1.36993209e-02, -9.63021639e-02,  5.01407874e-02, -7.41194376e-02],
       [ 1.37572598e-01, -4.38041582e-02,  9.49469401e-02,  5.08999578e-03,  3.96078308e-03],
       [ 1.25479110e-01,  1.22630857e-01,  1.48619102e-01,  5.10852592e-02, -4.35649062e-02],
       [-1.29534041e-01, -3.44881515e-02, -7.43929109e-02,  3.43683001e-04,  1.47133259e-02],
       [ 9.57762499e-02,  1.56630296e-01,  1.12275872e-01,  2.28281632e-02, -3.49172660e-02],
       [ 8.44988260e-02,  5.37132522e-02,  9.55968000e-02, -1.01969776e-01,  7.93111698e-02],
       [ 1.03831198e-01, -1.72619027e-01, -2.78829698e-03,  5.74393423e-02, -5.08645109e-02],
       [-5.56463725e-02, -1.94116846e-01, -1.11244461e-01, -2.88747128e-02,  4.36864314e-02],
       [ 2.33441874e-02, -1.55073855e-01, -3.58828609e-02,  3.55750244e-02, -6.04972121e-02],
       [-2.67904193e-02,  1.31567455e-01, -4.62502536e-03,  2.81638589e-02, -9.06161045e-03],
       [-8.33086074e-02,  9.06097906e-02, -1.76635836e-01, -1.01650597e-02,  2.80094721e-01],
       [-1.68806501e-01, -6.92795965e-03, -7.22266886e-02, -2.52115082e-01, -1.58980922e-01],
       [ 1.36615683e-01, -4.14476620e-02,  1.45876326e-01, -2.02266861e-02,  1.76157521e-01],
       [-2.38669584e-01, -6.82360311e-02,  2.18219851e-02, -1.23194122e-01,  4.71461000e-02],
       [-2.00764331e-01,  5.57208063e-03, -1.24675404e-01,  3.23325538e-01, -4.07734404e-02],
       [ 9.09311211e-03,  1.69278473e-01, -2.12061833e-01, -2.76470006e-01, -4.38962917e-02],
       [ 1.83458801e-01,  1.14158656e-01, -1.08511009e-01,  1.24778999e-01, -5.30596701e-02],
       [ 7.52375303e-02,  1.17761599e-01, -1.17355650e-01, -1.99943048e-01, -9.29231495e-02],
       [-9.57219830e-02, -1.39379229e-01,  1.32001942e-01, -2.32614534e-01,  1.17374811e-01],
       [ 1.40516870e-01, -5.56572633e-02,  8.08764212e-02, -7.80132333e-02,  1.22171224e-01],
       [-1.03913460e-01,  8.47335921e-02, -1.73994706e-01,  1.43651002e-03,  3.25231773e-03],
       [ 2.25364994e-01, -3.37909225e-03,  1.19595744e-02, -8.41345661e-03,  1.50137697e-01],
       [ 1.32172501e-01, -3.95015371e-02,  3.03648254e-02,  1.52338771e-02, -2.91362936e-01],
       [-3.99102361e-02, -1.23939579e-01,  1.95380247e-01, -5.86667320e-02,  2.07767922e-01],
       [-1.74780204e-01, -5.11581208e-02,  1.00677163e-01, -9.71240242e-04, -1.62728749e-01],
       [-8.43337623e-02, -6.46639532e-02,  7.98104624e-02, -4.49080176e-02,  1.67623897e-01],
       [ 9.76458294e-02,  8.58266051e-02, -1.31419395e-01, -2.94416060e-02,  8.07356111e-02],
       [-1.92653798e-01, -5.52614817e-02, -1.29264721e-01,  4.76203002e-03,  1.07260384e-01],
       [ 1.21001285e-01,  1.98215502e-01,  1.03765631e-01, -1.48409473e-01, -8.96411590e-02],
       [ 1.01195320e-01,  8.20905530e-02,  1.57283790e-01,  2.19881255e-01,  1.68906102e-01],
       [ 1.22173302e-01, -1.91085559e-01,  1.04889204e-01, -1.35262339e-01, -1.40469663e-01],
       [-5.53456412e-02, -1.95134666e-01, -4.16165362e-02,  1.77433238e-01,  9.31889538e-02],
       [ 1.63071315e-02, -1.51181330e-01,  3.55928166e-02, -1.64021381e-01, -1.69072993e-01],
       [-2.81151960e-02,  2.12678293e-01,  7.85390314e-02, -8.70123612e-02,  2.43981828e-02],
       [-2.11529528e-01, -1.15849451e-01, -2.99895014e-02,  1.33048858e-02,  7.97108519e-02],
       [-1.71015028e-01, -2.85505501e-02, -1.31745501e-01, -2.91638638e-02, -1.84300279e-01],
       [-1.87367727e-02,  1.98003596e-01, -1.38731446e-01,  5.57622592e-02,  1.59074518e-01],
       [ 1.67122658e-01,  1.75458776e-01, -4.32476330e-03,  3.81696375e-05, -9.04755235e-02],
       [ 4.80141955e-02,  1.44466647e-01, -1.14417366e-01, -3.42485298e-02,  8.88795236e-02],
       [-5.68570609e-02, -1.63642619e-01,  8.59024134e-02,  2.34108651e-02,  5.72707738e-02],
       [ 9.64544232e-02,  1.29694421e-01,  1.53776921e-01,  1.37047988e-01, -4.34040669e-02],
       [ 2.27353334e-01, -1.90476234e-01, -6.20318668e-02, -1.16538749e-01, -6.20688463e-03],
       [ 8.38922026e-03, -2.59945945e-01, -1.52209957e-01,  6.52260318e-02, -6.10146934e-02],
       [ 9.01698062e-02, -1.85076025e-01, -7.81312733e-02, -9.64988805e-02, -3.01806903e-02],
       [-1.08573154e-01,  1.89324739e-01,  1.21171488e-01, -1.22457917e-01,  7.11382689e-02],
       [ 1.31713606e-01, -1.55483186e-01, -4.78447134e-02,  2.39608479e-01,  4.83286525e-02],
       [-4.24735982e-02, -1.40350952e-01, -9.39723216e-02, -1.52743082e-01,  5.12821014e-02],
       [ 3.13855588e-02, -1.45847999e-01, -1.01295688e-01,  2.26369646e-01,  1.11569423e-01],
       [-3.10925208e-02,  1.18366986e-01,  2.12734187e-03,  1.77933914e-01, -1.11855216e-01],
       [-2.02282183e-01,  1.00170363e-01,  1.48248392e-01,  1.53394563e-01,  6.52657247e-03],
       [-1.28138943e-01,  3.02978085e-02,  1.50146436e-01, -2.56237099e-01, -1.73689004e-01],
       [ 1.56987478e-01, -2.72789328e-02, -2.49602903e-01, -1.13648070e-01,  7.47861694e-02],
       [-9.41897747e-02,  1.30392925e-01,  1.38281314e-01,  9.41243583e-02,  2.72206580e-02],
       [ 1.12197026e-01, -1.31804865e-01, -1.73843213e-01,  1.42955725e-01, -7.71699009e-02],
       [ 1.23211624e-01, -9.01981413e-02, -2.15662406e-01, -1.73835858e-01,  2.74087220e-02]])})
2026-01-20 11:00:30,205 - final_problem_set.kxor_instance_n12_k2_m95_ell2_eps0.3_kappa0.875_rho0.0 - INFO - Running key extraction (n=12, m=95, ell=2, phase_qubits=11)
2026-01-20 11:00:30,205 - final_problem_set.kxor_instance_n12_k2_m95_ell2_eps0.3_kappa0.875_rho0.0 - INFO - Built voting matrix V (n=12, ell=2, dtype=complex128) in 0.000s
2026-01-20 11:00:30,206 - final_problem_set.kxor_instance_n12_k2_m95_ell2_eps0.3_kappa0.875_rho0.0 - INFO - Eval: adv=0.2421 (no ground-truth z available)
2026-01-20 11:00:30,206 - final_problem_set.kxor_instance_n12_k2_m95_ell2_eps0.3_kappa0.875_rho0.0 - INFO - Key extraction complete: x_hat=10
2026-01-20 11:00:30,206 - final_problem_set.kxor_instance_n12_k2_m95_ell2_eps0.3_kappa0.875_rho0.0 - INFO - Finished step 'KeyExtractionStep' in 0.001s (success: True, problem=kxor_instance_n12_k2_m95_ell2_eps0.3_kappa0.875_rho0.0)
2026-01-20 11:00:30,206 - final_problem_set.kxor_instance_n12_k2_m95_ell2_eps0.3_kappa0.875_rho0.0 - INFO - SUCCESS: len(z_hat)=12
2026-01-20 11:00:30,206 - final_problem_set.kxor_instance_n12_k2_m95_ell2_eps0.3_kappa0.875_rho0.0 - INFO - Metrics: adv=0.24210526315789474, ham_frac=None, corr=None
2026-01-20 11:00:30,206 - final_problem_set.kxor_instance_n12_k2_m95_ell2_eps0.3_kappa0.875_rho0.0 - INFO - z_hat (full): [ 1,  1,  1, -1,  1, -1,  1, -1,  1, -1,  1, -1]
