2026-01-20 11:01:44,460 - final_problem_set.kxor_instance_n26_k2_m195_ell2_eps0.15_kappa1.0_rho0.4 - INFO - Starting iteration for /Users/julian/CodingProjects/UniT3/QuarticSpeedupK-XOR/z_Daphne/data/final_problem_set/kxor_instance_n26_k2_m195_ell2_eps0.15_kappa1.0_rho0.4.npz
2026-01-20 11:01:44,461 - final_problem_set.kxor_instance_n26_k2_m195_ell2_eps0.15_kappa1.0_rho0.4 - INFO - Loaded instance (n=26, m=195, k=2)
2026-01-20 11:01:44,461 - final_problem_set.kxor_instance_n26_k2_m195_ell2_eps0.15_kappa1.0_rho0.4 - INFO - Starting step 'ComputeKikuchiStep' (version 0.1) on problem kxor_instance_n26_k2_m195_ell2_eps0.15_kappa1.0_rho0.4 (fields={'ell': 2, 'threshold': 0.0})
2026-01-20 11:01:44,495 - final_problem_set.kxor_instance_n26_k2_m195_ell2_eps0.15_kappa1.0_rho0.4 - INFO - Finished step 'ComputeKikuchiStep' in 0.034s (success: True, problem=kxor_instance_n26_k2_m195_ell2_eps0.15_kappa1.0_rho0.4)
2026-01-20 11:01:44,495 - final_problem_set.kxor_instance_n26_k2_m195_ell2_eps0.15_kappa1.0_rho0.4 - INFO - Starting step 'ClassicalEigenvaluesStep' (version 0.1) on problem kxor_instance_n26_k2_m195_ell2_eps0.15_kappa1.0_rho0.4 (fields={'ell': 2, 'threshold': 0.0, 'kikuchi_matrix': <Dictionary Of Keys sparse matrix of dtype 'int64'
	with 6912 stored elements and shape (325, 325)>, 'num_eigenvalues': 5})
2026-01-20 11:01:44,643 - final_problem_set.kxor_instance_n26_k2_m195_ell2_eps0.15_kappa1.0_rho0.4 - INFO - Finished step 'ClassicalEigenvaluesStep' in 0.148s (success: True, problem=kxor_instance_n26_k2_m195_ell2_eps0.15_kappa1.0_rho0.4)
2026-01-20 11:01:44,643 - final_problem_set.kxor_instance_n26_k2_m195_ell2_eps0.15_kappa1.0_rho0.4 - INFO - Starting step 'KeyExtractionStep' (version 0.1) on problem kxor_instance_n26_k2_m195_ell2_eps0.15_kappa1.0_rho0.4 (fields={'ell': 2, 'threshold': 0.0, 'kikuchi_matrix': <Dictionary Of Keys sparse matrix of dtype 'int64'
	with 6912 stored elements and shape (325, 325)>, 'num_eigenvalues': 5, 'eigenvalues': array([-11.9115704 , -11.00329866, -10.18769868,  10.83098262,  11.2728515 ]), 'eigenvectors': array([[-1.56839677e-02,  4.60432557e-02, -3.14234430e-02, -6.92939213e-02, -2.24509925e-02],
       [ 9.03852598e-02,  4.11219751e-02, -3.41236726e-03,  3.00545878e-02, -6.01103688e-02],
       [ 3.22932125e-02, -2.27155736e-02,  5.74954789e-03, -2.55530347e-02,  5.67893944e-02],
       [ 2.09685284e-02, -7.25859438e-02,  3.29202712e-02,  2.27354302e-02, -5.59741578e-02],
       [ 6.02265890e-02,  5.41911835e-02,  3.65650172e-02, -2.15647603e-02,  4.02474556e-02],
       [ 1.17792440e-02,  3.98497894e-02, -6.99628934e-03, -2.38427710e-02,  3.25236050e-02],
       [ 4.70284993e-02, -4.90825632e-02,  2.15117053e-02, -1.40467048e-02,  7.45374032e-02],
       [-6.55534588e-02, -2.78768739e-02,  2.11170152e-02, -2.80465187e-02, -5.34082483e-02],
       [-5.76532266e-02, -3.01759474e-02, -2.33261869e-02, -1.32523954e-02,  3.34320018e-02],
       [ 3.91196269e-02, -8.93389149e-04, -1.50590785e-02, -1.11504363e-02, -1.73318559e-02],
       [ 6.77156993e-02,  2.96544326e-02, -2.60789099e-02,  2.70444209e-02, -3.25945331e-02],
       [-3.92724884e-02, -4.71560232e-02, -7.25520265e-03,  2.56808744e-02,  6.46132156e-03],
       [-8.86373561e-02, -2.46259151e-02, -7.43192652e-03, -3.13307274e-02, -4.91529325e-02],
       [-5.41594305e-02, -4.32716098e-02, -1.75998522e-02, -2.14837685e-02,  1.43330314e-02],
       [ 2.83614337e-02, -3.77719499e-03,  8.49357417e-02, -1.17372753e-02, -6.29949080e-02],
       [-2.83492480e-02,  1.41684679e-02,  5.27011919e-02,  2.38596312e-02, -4.40512092e-02],
       [-7.78116515e-04, -3.81052351e-02,  5.88164562e-03, -4.80016696e-02, -1.77213312e-02],
       [-3.31547174e-02,  1.45823028e-02,  1.54281378e-02,  1.14024150e-02, -4.43189107e-02],
       [-9.23462466e-03, -8.47144210e-03, -1.53051826e-02,  4.07689712e-02,  2.57429159e-02],
       [-5.20103758e-02, -6.37302125e-02,  2.78482295e-02,  1.37778477e-02,  5.05440115e-02],
       [-9.61816472e-04,  4.12167617e-02,  4.92893807e-02,  1.05546961e-02,  6.35116832e-02],
       [-6.55990591e-02, -1.15013215e-02,  1.95956325e-02,  1.49207972e-02,  6.96149850e-02],
       [-4.06756262e-02,  1.43419145e-02, -6.06838122e-02,  2.63565811e-02, -1.19412546e-02],
       [-8.40399701e-02, -5.43487833e-02, -1.70189257e-02,  3.71286818e-02, -3.21185483e-02],
       [-2.09359549e-02,  5.56478827e-02,  2.23714061e-02,  3.79342383e-02,  2.35480219e-02],
       [ 1.07648318e-02, -1.01251751e-01,  7.20185003e-02, -1.10807666e-01, -7.46056009e-02],
       [ 6.22302808e-03, -2.99979872e-02,  1.51989882e-02,  1.21890962e-01,  6.34109841e-02],
       [ 4.58831102e-04, -5.82241498e-04,  2.24850808e-04, -9.59239056e-02, -6.62213604e-02],
       [ 9.97047818e-03, -6.42386830e-02,  6.25590847e-02,  8.89886622e-02,  4.50045090e-02],
       [ 3.22049111e-03, -1.65823538e-02,  1.77805090e-02,  7.11085951e-02,  4.39794748e-02],
       [ 1.18845166e-02, -2.51152431e-02,  2.65274242e-02,  1.57315238e-01,  8.60341447e-02],
       [-1.53775187e-02,  7.39752154e-02, -4.87477282e-02, -9.18347441e-02, -2.80254141e-02],
       [-2.37926738e-02,  5.24021546e-02, -5.81350265e-02,  7.14519814e-02,  3.62855176e-02],
       [ 1.48126474e-02, -5.02244966e-02,  2.67543971e-02, -4.32854668e-02, -8.10708795e-03],
       [ 4.08903340e-02, -9.87784204e-02,  4.68461260e-02, -8.07139282e-02, -4.80017373e-02],
       [-6.10356448e-03,  6.98948974e-02, -4.09016185e-02,  6.15699171e-03, -1.26037203e-02],
       [-1.37634395e-02,  9.76620237e-02, -7.26856313e-02, -9.00586171e-02, -2.18167245e-02],
       [-3.08773209e-02,  6.09777986e-02, -6.91149272e-02,  2.12936496e-02,  2.54905172e-02],
       [-8.93788828e-04, -1.92351726e-02,  2.16699117e-02, -1.67785634e-01, -3.86072257e-02],
       [-9.97929074e-03,  2.96088600e-02, -1.03279837e-02, -8.95004540e-02, -4.62284771e-02],
       [ 5.25531757e-03,  9.38918042e-03,  3.33531520e-03, -4.04918506e-02,  6.83167030e-03],
       [-1.07750537e-02,  3.10727109e-02, -1.60506062e-02, -9.27482991e-02, -4.26702036e-02],
       [-2.36790119e-03,  1.67124710e-02, -1.01939301e-02,  4.30252657e-02, -4.35548307e-03],
       [-1.38248664e-02,  6.70915631e-02, -4.33811880e-02,  1.09176842e-01,  2.74497408e-02],
       [ 3.54412489e-03,  2.12319485e-03,  1.52478690e-02,  1.26362538e-01,  3.80294547e-02],
       [-5.97408789e-03,  6.31835189e-02, -5.20316327e-02,  1.42016178e-01,  3.19572071e-02],
       [ 2.41316460e-03,  2.08684091e-02, -2.29540241e-02, -3.13027280e-02, -2.57926974e-02],
       [-1.13231815e-03,  1.08057561e-01, -6.35684999e-02, -6.94046840e-02, -3.82020426e-02],
       [-9.37422106e-03,  7.28067561e-03, -3.74305193e-03,  4.40064748e-02, -3.52176611e-04],
       [-5.49329835e-02,  5.91132186e-02,  1.62628826e-03, -8.94851702e-02,  6.49980961e-02],
       [-4.75730574e-02,  1.50716909e-01, -5.57928344e-02,  7.63798575e-02, -5.32019836e-02],
       [-9.83532577e-02, -7.35559462e-02, -7.67440156e-02, -6.68006126e-02,  4.59840784e-02],
       [-1.93516793e-02, -7.33209022e-02,  1.37371292e-02, -8.30102144e-02,  3.91936343e-02],
       [-9.68339216e-02,  1.16884240e-01, -2.10025885e-02, -9.41101552e-02,  9.13176193e-02],
       [ 1.03480233e-01,  1.67734251e-02, -4.71504880e-02, -6.59650075e-03, -8.27756655e-02],
       [ 1.23221707e-01,  4.29749952e-02,  3.08917265e-02, -6.00327057e-02,  4.32442331e-02],
       [-8.48872552e-02,  2.97103548e-02,  5.96296311e-02,  6.19197861e-03, -4.38774736e-02],
       [-1.84330702e-01, -2.59235848e-02,  1.35103034e-01,  9.54595434e-02, -4.26037467e-02],
       [ 7.18455585e-02,  8.30709588e-02,  6.53101883e-03,  3.69256220e-02,  3.26290506e-02],
       [ 1.53643314e-01,  8.62342376e-03, -1.12510824e-02, -2.09728444e-02, -8.10977518e-02],
       [ 1.45424249e-01,  8.26081759e-02,  2.87214625e-02, -4.67971044e-02,  6.78730066e-04],
       [-5.45145110e-02,  1.19065939e-02, -1.99637605e-01,  5.77065068e-02, -1.40315287e-01],
       [ 4.70095111e-02, -4.21874979e-02, -1.19403110e-01,  7.48787363e-02, -5.19999192e-02],
       [-1.08828130e-02,  6.89065564e-02, -7.32383514e-03, -6.56432394e-02, -5.58376631e-02],
       [ 7.39867633e-02, -4.95270189e-02, -5.40713933e-02,  7.17776070e-02, -6.67559270e-02],
       [ 2.23840645e-02,  1.52808824e-02,  3.69885974e-02,  5.92552151e-02,  6.72924125e-02],
       [ 8.99300184e-02,  8.77954963e-02, -7.08721289e-02, -3.90827634e-02,  1.02661600e-01],
       [-7.15512328e-03, -9.60588547e-02, -1.09614561e-01, -4.85414279e-02,  1.06793025e-01],
       [ 1.11567519e-01, -6.83779257e-03, -4.85381718e-02, -4.15719433e-02,  1.23294059e-01],
       [ 4.29938782e-02, -4.38976932e-02,  1.18480539e-01,  5.30696855e-02, -6.33514661e-03],
       [ 1.32268117e-01,  5.21832346e-02,  1.96666801e-02,  1.00801788e-01, -3.95870561e-02],
       [ 4.83480103e-02, -1.15713728e-01, -7.37974005e-02,  5.16835246e-02,  5.80639844e-02],
       [-9.03774958e-03,  4.50356702e-02, -1.54499449e-02, -7.66364214e-02,  6.62234256e-02],
       [-5.27053090e-02,  1.79936444e-02, -3.83375622e-02,  6.51320598e-02, -4.14883123e-02],
       [-1.18895167e-02, -8.38406141e-03,  4.58575827e-03,  6.89331912e-02, -3.21114177e-02],
       [-3.17849758e-02,  6.57168154e-02, -1.02550344e-02,  9.99627740e-02, -1.09380781e-01],
       [ 4.65661326e-02, -4.39267400e-02, -7.99254591e-03,  1.31181849e-02,  9.59497680e-02],
       [ 4.45958436e-02, -3.19092735e-02,  2.01632848e-02,  6.02752624e-02, -4.81555871e-02],
       [-3.32240283e-02,  4.77186523e-02,  1.35288509e-02,  3.62441832e-03,  3.89925400e-02],
       [-5.32701030e-02,  6.59391563e-02,  1.18866680e-02, -8.37884477e-02,  3.66552256e-02],
       [ 3.54138659e-02, -1.41033926e-02,  6.64434029e-03, -4.56930018e-02, -2.61226999e-02],
       [ 6.49362397e-02, -6.88110300e-02,  3.11030719e-03,  2.68481365e-02,  8.92558628e-02],
       [ 5.55064137e-02, -3.11283554e-02,  1.89179763e-02,  5.12908332e-02, -1.45452970e-02],
       [-2.47583142e-02,  1.35671386e-02, -5.13708993e-02, -4.60183770e-02,  1.11037714e-01],
       [ 1.42415924e-02, -3.54857232e-02, -3.30103806e-02, -8.58120406e-02,  5.60953837e-02],
       [-7.60996223e-05,  2.02092222e-02, -4.90985780e-03,  7.43332294e-02,  4.73891318e-02],
       [ 2.14565951e-02, -3.79497326e-02, -9.98620406e-03, -6.32898815e-02,  6.20467764e-02],
       [ 1.35722103e-02, -1.02081397e-02,  1.19394330e-02, -6.15074288e-02, -7.22829023e-02],
       [ 4.13097088e-02, -1.93133790e-02, -1.90975023e-02,  2.73788986e-02, -8.67586449e-02],
       [-4.78685594e-03, -2.77326742e-02, -3.14394806e-02,  4.34785133e-02, -1.05809444e-01],
       [ 3.69545582e-02, -4.13298762e-02, -3.88716403e-03,  2.85888927e-02, -1.03807185e-01],
       [ 2.28715844e-02, -2.93164191e-02,  2.87776614e-02, -6.71387965e-02,  1.22249339e-02],
       [ 6.24256250e-02, -4.73948317e-02,  1.35924349e-02, -1.12374137e-01,  3.66689273e-02],
       [ 9.35872693e-03, -4.79042312e-02, -2.03757546e-02, -5.44832771e-02, -5.73219151e-02],
       [-2.83666542e-02,  1.03591897e-01, -4.96230535e-02, -6.64517009e-02,  5.44019438e-02],
       [-7.66765308e-03,  2.53528924e-02, -7.43030286e-03, -6.35539559e-02,  3.24229834e-02],
       [-1.04762669e-02,  6.08042235e-02, -2.33908123e-02, -7.63018731e-02,  8.28217845e-02],
       [ 2.04314434e-02, -1.16633934e-01,  5.14259792e-02, -9.57972006e-03, -6.25238452e-02],
       [ 1.91898795e-02, -1.01859079e-01,  4.35179091e-02, -4.58366775e-02,  3.35458606e-02],
       [-1.77850602e-02,  8.19556782e-02, -3.16461230e-02, -4.78739162e-03, -2.98152669e-02],
       [-3.76333471e-02,  1.59633114e-01, -6.09612053e-02,  9.13840202e-02, -5.04072809e-02],
       [ 2.97393714e-02, -7.99289843e-02,  3.79578159e-02,  4.18870378e-02,  2.12279894e-02],
       [ 2.71123101e-02, -1.51783551e-01,  5.74780299e-02, -1.62119487e-02, -6.61557306e-02],
       [ 3.63835287e-02, -1.14974566e-01,  5.27428471e-02, -3.33538673e-02, -5.79646907e-03],
       [-1.08132323e-02,  3.27952894e-02, -1.23919017e-02,  4.97479953e-02, -1.52055244e-01],
       [ 7.94427848e-03, -5.01035278e-02,  1.42177242e-02,  8.04201270e-02, -6.20363829e-02],
       [ 4.79929737e-03, -2.87651594e-03, -4.40360488e-03, -5.64249373e-02, -5.14614710e-02],
       [ 8.60352448e-03, -5.09546808e-02,  1.93263751e-02,  4.97479610e-02, -4.87684156e-02],
       [ 5.10845144e-03, -2.43554021e-02,  1.24210052e-02,  4.95461250e-02,  5.68797121e-02],
       [ 3.52567754e-02, -9.19797296e-02,  2.63730485e-02, -2.04306512e-02,  7.41966224e-02],
       [-6.74668286e-03, -1.89956444e-03,  3.26986026e-04, -4.10372438e-02,  9.54538203e-02],
       [ 1.81312158e-02, -1.01952825e-01,  4.24970744e-02, -3.72989327e-02,  1.15383020e-01],
       [ 7.72947734e-03, -3.59879133e-02,  6.42245633e-03,  4.02474138e-02, -9.06672907e-03],
       [ 4.03738325e-02, -1.46551221e-01,  6.02480351e-02,  9.73114877e-02, -4.67154457e-02],
       [ 5.02171967e-04, -2.15061167e-02,  5.38251406e-03,  4.48593869e-02,  5.70101635e-02],
       [-1.07707578e-02, -6.05356312e-02, -5.96051484e-03,  6.08054433e-02, -2.85552345e-02],
       [-7.53079839e-02,  6.11708242e-02, -5.58382334e-02,  7.92773878e-02, -8.25549313e-02],
       [ 6.30762179e-02,  4.14345234e-02,  2.52535524e-02,  8.01081679e-03,  7.77124131e-02],
       [ 6.38104026e-02,  4.72004257e-02,  6.05814793e-02,  3.88543809e-02, -3.48302030e-02],
       [-7.18048489e-02, -9.44258353e-03, -6.39347507e-03,  1.60123609e-03,  2.96609757e-02],
       [-1.37596161e-01, -8.10460774e-02, -3.10016679e-03, -7.66022409e-02,  2.87642057e-02],
       [ 5.75732015e-02,  9.93796792e-02,  6.14188159e-02, -3.23244140e-02, -1.82403178e-02],
       [ 1.19942925e-01,  6.71763474e-02,  9.59986896e-02,  1.65765468e-02,  6.31797736e-02],
       [ 8.35189578e-02,  8.41856550e-02,  7.14690598e-02,  3.16131750e-02, -9.03922683e-03],
       [-2.18019158e-02,  9.89500587e-03, -1.32829731e-01, -4.26547671e-02,  7.83104458e-02],
       [ 5.10294316e-02, -3.51293409e-03, -4.60119841e-02, -5.77102173e-02,  3.20883880e-02],
       [-8.67713068e-03,  5.06314986e-02, -8.39235627e-03,  5.19724337e-02,  3.52283205e-02],
       [ 5.27621600e-02, -1.28233981e-02, -2.96917155e-03, -5.34077272e-02,  4.66670998e-02],
       [ 1.35891566e-02,  1.83748718e-02,  3.77494982e-02, -4.72197480e-02, -4.83790271e-02],
       [ 7.52573378e-02,  1.13142751e-01,  1.59399073e-02,  2.62040784e-02, -6.46453222e-02],
       [ 1.19317736e-03, -6.65256403e-02, -6.81544691e-02,  3.51837506e-02, -7.58038324e-02],
       [ 6.39053726e-02,  2.47854182e-02,  2.80598459e-02,  2.82117941e-02, -7.13560495e-02],
       [ 3.26644109e-02, -1.66966756e-02,  1.08526111e-01, -4.74453391e-02,  9.05831182e-03],
       [ 8.03609094e-02,  8.17544524e-02,  9.17179842e-02, -9.64149567e-02,  2.63306108e-02],
       [ 5.02441110e-02, -6.01498605e-02, -1.46569469e-02, -4.06494499e-02, -4.21659811e-02],
       [-2.08587875e-02,  2.12775857e-03,  9.29743751e-04,  6.89679429e-02, -3.81369789e-02],
       [ 1.44767427e-02,  5.49576629e-02, -2.09558600e-02,  1.71941882e-03,  4.74254993e-02],
       [ 1.02175341e-02,  4.68441860e-02, -8.67920938e-03,  3.36125807e-02, -9.72655869e-03],
       [-1.77140070e-02, -2.69363910e-02,  2.08989641e-02,  5.01511317e-03,  1.88735713e-02],
       [-2.24362928e-02, -7.16863882e-02,  3.99728440e-02, -7.45909326e-02,  2.41547787e-02],
       [ 4.85648337e-03,  5.85127717e-02, -3.57341538e-03, -2.74119466e-02, -1.91365090e-02],
       [ 5.26472492e-03,  6.95839141e-02, -1.14500446e-02,  6.17998555e-03,  5.98273974e-02],
       [ 1.32024318e-02,  6.47107357e-02, -4.65898453e-03,  3.37305418e-02, -7.04015154e-03],
       [-8.66408020e-03, -1.31772235e-02, -3.64675370e-02, -5.18601462e-02,  6.50108258e-02],
       [ 9.46774889e-03,  1.30934072e-02, -2.80730106e-02, -7.18497170e-02,  3.43549564e-02],
       [-1.08558912e-03,  1.59387152e-02,  7.69985838e-04,  4.45339950e-02,  2.48807351e-02],
       [ 1.25426487e-02,  1.07347909e-02, -1.68530515e-02, -4.20520807e-02,  2.60051566e-02],
       [ 9.06919721e-04,  1.70586600e-02,  5.96948973e-03, -3.59028292e-02, -4.53933588e-02],
       [ 5.32427130e-03,  5.41866312e-02, -1.17606192e-02,  2.21445872e-02, -3.37808113e-02],
       [ 5.25002600e-03, -1.90018281e-02, -2.07307596e-02,  4.18042133e-02, -4.94634046e-02],
       [ 1.11527765e-02,  4.31739963e-02, -1.69440119e-02,  3.76282920e-02, -7.32401215e-02],
       [ 4.06082521e-03,  1.00441074e-02,  2.03804924e-02, -4.38125056e-02,  2.29870064e-03],
       [ 1.48353725e-02,  7.76745632e-02, -3.10803258e-03, -8.40599040e-02,  1.78944316e-02],
       [ 6.89276760e-03, -1.25773099e-02, -1.61168970e-02, -3.36265718e-02, -3.20858852e-02],
       [ 8.56307856e-02, -1.01564077e-01, -2.38844412e-04,  4.83271245e-02,  9.04515875e-02],
       [ 5.97161766e-02, -7.18715231e-02,  3.32179160e-02,  4.33431548e-02, -3.61505667e-02],
       [-4.44831373e-02,  7.06716347e-02,  2.70432058e-03,  2.58350869e-02,  3.72226677e-02],
       [-8.69490475e-02,  1.28803331e-01, -1.32380143e-03, -9.79532328e-02,  6.32804558e-02],
       [ 6.76113641e-02, -4.30830875e-02,  3.16476869e-02, -5.21957184e-02, -4.05839324e-02],
       [ 1.05420135e-01, -1.35896767e-01,  3.05707674e-02,  5.36609081e-02,  1.13260532e-01],
       [ 6.93018840e-02, -7.88058515e-02,  3.59198922e-02,  5.16768404e-02, -8.56864029e-03],
       [-3.14024729e-02,  2.67048641e-02, -8.23441432e-02, -1.84635804e-02,  1.54835007e-01],
       [ 2.93929511e-02, -6.14275296e-02, -4.33802987e-02, -9.31312853e-02,  9.20693810e-02],
       [ 8.69625190e-03,  1.70148777e-02, -3.04855604e-03,  1.10291933e-01,  4.35199980e-02],
       [ 3.41134755e-02, -6.66717423e-02, -8.33325882e-03, -5.52902715e-02,  8.54754534e-02],
       [ 1.79163024e-02, -1.39229855e-02,  2.10808952e-02, -9.61664762e-02, -7.98504732e-02],
       [ 7.07700311e-02, -5.57079089e-02, -1.09008123e-02,  2.77897862e-03, -1.04854661e-01],
       [-4.92045912e-03, -2.34048676e-02, -4.83517340e-02,  1.56649703e-02, -1.13846783e-01],
       [ 7.47034224e-02, -9.65171487e-02, -6.84633425e-04,  9.52334780e-03, -1.70281115e-01],
       [ 3.60425647e-02, -5.08500365e-02,  5.11914272e-02, -7.22799078e-02,  1.73364687e-02],
       [ 1.09361870e-01, -1.04904468e-01,  4.44820471e-02, -1.27159071e-01,  6.48449829e-02],
       [ 1.26531739e-02, -5.79787088e-02, -2.34466003e-02, -8.92276071e-02, -5.38890922e-02],
       [-7.28797790e-02, -1.79813443e-02, -1.05534980e-03,  1.26113746e-02,  3.63642072e-02],
       [ 6.30353669e-02, -2.45250680e-02, -5.24572009e-02, -2.68730808e-02, -1.83520576e-02],
       [ 1.36618729e-01,  1.63537645e-02, -1.33383987e-01,  1.45939101e-02, -7.14805019e-02],
       [-6.51962380e-02, -6.91391651e-02,  2.24239708e-02,  3.24117737e-02,  9.98198561e-03],
       [-1.27914431e-01, -4.85650801e-03,  4.61354670e-02, -7.26403544e-02, -6.53314529e-02],
       [-1.09700952e-01, -5.42779350e-02,  1.63411502e-02, -1.82714208e-02,  1.34432745e-02],
       [ 3.88353063e-02, -1.79404669e-02,  1.30488422e-01, -8.15103257e-02, -1.28667872e-01],
       [-3.39216491e-02,  2.73376123e-02,  7.90488101e-02,  3.39793264e-03, -8.57596227e-02],
       [ 9.80564260e-03, -5.32503946e-02,  6.91231623e-03, -8.02494705e-02, -2.39952793e-02],
       [-4.97986873e-02,  3.63965679e-02,  4.62444790e-02, -1.95248704e-02, -6.53466645e-02],
       [-1.21862541e-02, -8.62456703e-03, -2.32361823e-02,  6.17151847e-02,  3.06490426e-02],
       [-8.25731924e-02, -7.56217800e-02,  8.99899820e-02,  5.92325776e-02,  7.28634157e-02],
       [ 1.23077859e-02,  7.30516571e-02,  6.06215942e-02,  5.08390727e-02,  8.25436087e-02],
       [-6.61542295e-02,  8.66817269e-03,  4.58081740e-02,  5.90611316e-02,  1.02882410e-01],
       [-3.85536892e-02,  3.47357637e-02, -7.63948684e-02,  1.50264549e-02, -2.31993666e-02],
       [-9.40652105e-02, -3.23467144e-02,  2.21678766e-02,  2.90037457e-02, -6.73318355e-02],
       [-4.04258684e-02,  8.29885704e-02,  5.18525627e-02,  7.06220860e-02,  3.20270435e-02],
       [ 6.88845216e-02, -1.21215199e-02, -1.05935895e-02,  1.18204510e-02,  2.01391444e-02],
       [ 1.09482142e-01,  2.97288673e-02, -1.81810998e-02, -7.32031857e-02,  3.64638779e-02],
       [-6.78870073e-02, -7.50052044e-02, -3.65999228e-02, -2.76554288e-02, -1.32162462e-02],
       [-1.21639165e-01, -2.49173427e-02, -4.39427277e-02,  1.48469330e-02,  5.36076883e-02],
       [-7.65189544e-02, -4.65084329e-02, -3.74983302e-02,  2.76955231e-02, -5.51917502e-03],
       [ 3.66022736e-02, -9.85020562e-03,  1.26427012e-01, -2.71150849e-02,  6.95533884e-02],
       [-3.88927966e-02,  2.05483961e-02,  5.61576371e-02, -5.54488808e-02,  4.23383984e-02],
       [-2.19168534e-03, -5.21862535e-02,  6.41762971e-03,  4.50693753e-02,  1.89909442e-02],
       [-4.69225633e-02,  2.63253208e-02,  1.34205195e-02, -3.49782405e-02,  3.63293880e-02],
       [-1.93876722e-02, -1.31014409e-02, -3.14922793e-02, -4.08871787e-02, -3.88869284e-02],
       [-8.75261412e-02, -8.91402364e-02,  1.85013699e-02,  8.75240585e-03, -3.02590238e-02],
       [-6.11982793e-03,  5.59440940e-02,  5.24423280e-02,  2.29838704e-02, -3.82653648e-02],
       [-6.73234245e-02, -4.96711301e-03, -2.88237863e-03,  1.61696876e-02, -8.90689797e-02],
       [-3.61035507e-02,  2.32122035e-02, -7.38893979e-02, -2.67674450e-02,  5.37511168e-03],
       [-1.16222816e-01, -6.23485729e-02, -6.51480567e-02, -7.14247916e-02,  2.68539761e-02],
       [-2.96170805e-02,  7.02310804e-02,  2.94256892e-02, -3.94407617e-02, -2.61919258e-02],
       [-8.17815975e-02,  3.51773744e-02,  8.95114564e-02,  1.03042909e-02, -2.89949546e-02],
       [ 5.52160377e-02,  1.75263203e-02, -2.75951046e-02,  1.61978604e-02,  5.11491634e-03],
       [ 1.05704464e-01, -4.72190992e-02, -5.88434908e-02, -3.05179590e-02, -2.58028826e-02],
       [ 8.05582571e-02,  2.74438718e-03, -2.13972612e-02, -7.43793659e-03,  8.60097677e-03],
       [-3.63273109e-02,  1.63033817e-02, -8.87134256e-02, -3.72925572e-02, -4.80735684e-02],
       [ 2.58503030e-02, -3.85697510e-02, -7.39543281e-02,  3.99481698e-03, -3.48727674e-02],
       [-6.25630946e-04,  3.41149402e-02, -6.56165479e-03, -3.67493376e-02, -6.47051734e-03],
       [ 3.07040320e-02, -3.63131121e-02, -3.26537976e-02, -1.14018462e-02, -1.91469786e-02],
       [ 1.29988653e-02,  1.82378564e-03,  1.26643543e-02,  2.85424754e-02,  9.46008116e-03],
       [ 6.22800742e-02,  1.66042103e-02, -7.64662181e-02,  3.20635431e-02,  2.80010560e-02],
       [-1.05358063e-02, -4.17353240e-02, -4.71499296e-02,  3.18003381e-02,  4.69848740e-02],
       [ 7.89242609e-02, -4.19489997e-02, -6.78480124e-02,  2.31227254e-02,  2.92102453e-02],
       [ 4.01062706e-02, -3.72857028e-02,  4.20728388e-02,  7.58299217e-03, -9.47197845e-03],
       [ 9.69268073e-02, -1.46374552e-02, -3.89483079e-02,  1.35483514e-02, -2.86922128e-02],
       [ 1.97711108e-02, -6.91911061e-02, -4.14946970e-02,  3.17034816e-02,  1.03445041e-02],
       [ 8.42452675e-02,  8.26817512e-02, -4.33189918e-02,  2.55168367e-02,  2.14773328e-02],
       [ 1.60918460e-01, -6.43886989e-03, -1.03042260e-01, -2.69965320e-03, -5.81826492e-02],
       [ 1.19798851e-01,  5.92701990e-02, -3.21986402e-02, -5.24403972e-02,  8.24148740e-03],
       [-8.60860189e-02,  1.45891012e-02, -1.67158435e-01,  5.86162643e-02, -6.80033801e-02],
       [ 4.21176268e-02, -4.79966551e-02, -1.35321537e-01,  6.31875766e-02, -2.77984710e-02],
       [ 3.30244674e-03,  7.61009755e-02, -1.03125533e-02, -4.76120736e-02, -3.38542250e-02],
       [ 5.33500439e-02, -5.48882365e-02, -6.00827606e-02,  5.61547977e-02, -3.78559825e-02],
       [ 2.98045667e-02,  1.49956217e-02,  1.68090822e-02,  4.06310959e-02,  4.80000048e-02],
       [ 9.13244982e-02,  8.16944436e-02, -1.27531917e-01, -4.42149018e-02,  6.52772387e-02],
       [-2.66950429e-03, -9.09122171e-02, -1.09075827e-01, -5.09091073e-02,  6.96410083e-02],
       [ 1.23623634e-01, -1.22520672e-02, -1.21264677e-01, -4.44571463e-02,  7.35332899e-02],
       [ 8.70490619e-02, -4.87348057e-02,  7.40648113e-02,  7.20375950e-02, -8.79535621e-03],
       [ 1.66987480e-01,  5.46277478e-02, -7.25331893e-02,  7.39913592e-02, -1.65648835e-02],
       [ 2.26608273e-02, -1.27122608e-01, -6.31743584e-02,  2.80781296e-02,  3.92216431e-02],
       [-7.23217821e-02, -7.38892730e-02, -1.69469472e-02,  2.26204418e-02,  1.55939717e-03],
       [-7.32437865e-02, -1.06523073e-01, -4.03598271e-02, -9.23534495e-03, -9.20197745e-03],
       [ 3.15369585e-02,  7.01866711e-03,  1.23365476e-01,  6.25788221e-02,  1.75729752e-02],
       [-3.25420332e-02,  2.25383685e-03,  6.93546027e-02,  3.62351864e-02,  1.63958617e-02],
       [ 6.81289171e-03, -4.46923275e-02,  7.32710115e-03,  7.46919507e-03, -4.06901454e-03],
       [-4.58952248e-02, -1.15465345e-03,  2.39370316e-02,  3.27310199e-02,  1.88168177e-02],
       [-9.86050486e-03, -1.82184697e-02, -2.22658929e-02, -1.33138390e-02,  5.71339020e-03],
       [-4.58518244e-02, -1.05844776e-01,  2.69302821e-02, -4.19085223e-02, -4.20858733e-03],
       [-3.01666714e-03,  5.44641147e-02,  6.91013980e-02, -4.67367627e-02, -4.97267931e-03],
       [-6.01690638e-02, -4.56215921e-02,  1.65925157e-02, -5.43460021e-02, -1.34025923e-02],
       [-3.06542357e-02,  5.72810368e-03, -7.78318409e-02,  1.74430403e-02,  1.35366083e-02],
       [-6.29986103e-02, -9.37273030e-02, -2.74989689e-02,  3.98863840e-02,  1.47786603e-02],
       [-2.79544264e-02,  5.94440147e-02,  3.53200886e-02, -1.23040936e-02,  8.41825936e-04],
       [-1.25805709e-01, -5.31976942e-02, -4.38338082e-02, -1.86969049e-02,  1.35773957e-02],
       [ 6.46183776e-02, -1.74075658e-02,  2.07233731e-01, -8.81230810e-02, -1.19662667e-01],
       [-5.72572316e-02,  5.13691144e-02,  1.25815257e-01, -1.19811065e-02, -6.75819866e-02],
       [-8.27545308e-03, -7.13574810e-02,  8.21804678e-03, -5.98634714e-02, -1.99158885e-02],
       [-7.21495934e-02,  5.98926962e-02,  4.71698761e-02, -2.53408181e-02, -6.40192306e-02],
       [-1.59657173e-02, -1.30602382e-02, -3.67784320e-02,  5.64078307e-02,  2.39880296e-02],
       [-8.77705999e-02, -7.26951527e-02,  6.04410666e-02,  4.79571227e-02,  6.71342464e-02],
       [-2.60199248e-03,  9.47662704e-02,  1.15216063e-01,  6.32507394e-02,  9.14148146e-02],
       [-1.01754350e-01,  1.77094221e-02,  3.61769819e-02,  6.91410729e-02,  8.69509027e-02],
       [-4.55225483e-02,  4.34600142e-02, -1.17554997e-01,  9.42372179e-03, -3.12594166e-02],
       [-1.43555435e-01, -3.71307440e-02, -3.84518627e-02,  1.13413197e-02, -6.15272925e-02],
       [-2.89061382e-02,  1.19681993e-01,  7.13577934e-02,  5.33251278e-02,  2.69196191e-02],
       [ 4.16848092e-02, -4.22518757e-03,  1.50515940e-01, -4.81106111e-02,  5.46750565e-02],
       [-5.10626407e-02,  1.70648539e-02,  8.18268417e-02, -4.36259377e-02,  1.01739056e-02],
       [-9.04547617e-03, -6.88931846e-02,  1.37822256e-03,  1.10612744e-02,  2.04404302e-02],
       [-5.65347014e-02,  2.49117030e-02,  1.97952923e-02, -3.77398045e-02,  1.21254509e-02],
       [-2.00617935e-02, -2.16178323e-02, -3.49352946e-02, -2.24610812e-03, -1.66810021e-02],
       [-7.60787129e-02, -1.00362983e-01,  1.62078616e-02,  2.71540229e-02, -2.94659982e-02],
       [-1.51103853e-02,  6.02440949e-02,  7.81432518e-02,  3.91492330e-02, -2.08546999e-02],
       [-9.94044143e-02, -2.87299120e-02,  9.00846730e-03,  4.45604454e-02, -3.12298600e-02],
       [-5.34643787e-02,  1.89414835e-02, -1.03583919e-01, -1.72074623e-02,  4.87780495e-04],
       [-1.39460275e-01, -1.08311137e-01, -7.02727006e-02, -4.73956143e-02,  1.16444279e-02],
       [-3.38727909e-02,  8.65006152e-02,  3.83196534e-02, -3.44164770e-03, -1.92413905e-02],
       [ 2.99196811e-02, -1.49589524e-02,  3.27750791e-02,  4.63359187e-02, -9.30709903e-02],
       [-2.31920033e-03,  1.62722371e-02, -1.00223860e-02, -1.12575782e-01, -2.22406301e-02],
       [ 3.03230200e-02, -1.66439899e-02,  5.19413682e-02,  1.94164422e-02, -1.01279957e-01],
       [ 5.03961567e-03, -1.07900890e-03,  3.90021769e-02,  1.15230598e-01,  6.88543736e-02],
       [ 4.73622165e-02,  1.86489744e-02,  1.24949996e-01,  3.27069450e-02,  9.10259157e-02],
       [-4.44562783e-04, -2.31105899e-02, -1.94508538e-02,  3.20791590e-02,  1.18536805e-01],
       [ 4.23366946e-02, -2.09183271e-02,  1.24406885e-01,  5.21528679e-02,  1.39934700e-01],
       [ 1.14765335e-02, -1.04901691e-02,  6.62301963e-02,  6.82570621e-02, -2.76404642e-02],
       [ 4.05019635e-02, -1.36105648e-02,  1.87949139e-01,  8.29292682e-02, -5.48341156e-02],
       [ 2.63505092e-02, -2.62752300e-02,  2.40049933e-02,  9.39174065e-02,  4.15097927e-02],
       [-1.01065454e-03, -2.38040332e-02, -3.75357260e-03, -4.93748822e-02, -4.10073571e-02],
       [-1.70596605e-02,  3.38017536e-02,  5.02525894e-02,  5.88716473e-02, -5.14152338e-02],
       [-1.09302323e-02,  4.24159270e-03,  8.35118885e-03,  4.85086820e-02,  4.91430859e-02],
       [-3.53816001e-02,  8.25675056e-03,  1.08480938e-01, -2.99235520e-02,  6.98037411e-02],
       [ 5.45200904e-03,  2.40228561e-02,  1.81755210e-02, -3.40880354e-02,  7.00628960e-02],
       [-3.29874310e-02,  2.95262983e-02,  7.69563958e-02, -3.07223868e-02,  7.67387034e-02],
       [-2.24012596e-02,  2.63305307e-02,  4.59855676e-04,  5.75919616e-02, -1.45116411e-02],
       [-6.68161746e-02,  2.70153948e-02,  1.04770536e-01,  6.88794844e-02, -1.94043317e-02],
       [-3.85788322e-03,  4.14759092e-02,  3.33858172e-02,  3.79647207e-02,  4.09897381e-02],
       [-6.00468006e-04, -2.13937448e-02,  3.30629265e-03, -6.06092339e-02, -3.21751455e-02],
       [ 1.14829814e-03, -1.07438625e-02,  1.46340183e-03,  4.58234479e-02,  3.58512014e-03],
       [ 7.46409724e-03, -4.32521292e-02, -4.01762381e-03,  6.64075450e-02,  1.51783566e-02],
       [ 3.12390707e-03,  1.08627856e-02,  1.76933214e-03,  8.81685002e-02,  3.07394470e-02],
       [ 4.83563270e-03, -4.56665638e-02,  5.74440637e-03,  1.03531624e-01,  4.02067018e-02],
       [ 8.67816009e-04, -1.71399014e-02,  5.94302618e-03, -1.49569784e-02, -1.59859810e-02],
       [ 2.09618085e-02, -6.02478516e-02,  1.67001937e-02, -3.13312701e-02, -3.03310929e-02],
       [-8.86276926e-03, -6.72827455e-03,  3.30278627e-04,  4.41605047e-02, -2.56063840e-03],
       [-1.29754885e-02,  3.78452993e-03, -4.34085548e-03,  5.23907431e-02,  4.44753438e-02],
       [-3.94375286e-02,  1.61876203e-02,  4.65093017e-02, -3.86079896e-03,  5.44594677e-02],
       [ 5.40547290e-03,  2.83716460e-02,  3.41440991e-02, -1.73917998e-02,  8.26294133e-02],
       [-4.11059238e-02,  3.78140499e-02,  3.93225727e-02, -1.31498127e-02,  7.81611635e-02],
       [-2.92193169e-02,  3.05326644e-02, -2.10700681e-02,  4.72575079e-02, -1.37781428e-02],
       [-7.02144753e-02,  3.65627912e-02,  3.34070242e-02,  7.55287164e-02, -3.52324531e-02],
       [-1.04761112e-02,  5.04206525e-02,  2.80949762e-02,  4.62401398e-02,  4.06069061e-02],
       [-1.51073079e-02, -2.47959313e-02, -1.38808528e-02, -7.42222229e-02, -4.32344096e-02],
       [ 6.93194630e-04,  1.57881402e-02,  1.76868230e-02, -8.72940835e-02, -5.56776343e-02],
       [-2.20099053e-02, -2.86951360e-03, -1.52184979e-02, -8.72684561e-02, -4.56118438e-02],
       [-7.03377637e-03,  4.16522846e-03, -3.07043464e-02,  1.06818927e-02,  2.40518163e-02],
       [-1.85040377e-02, -1.78138843e-02, -3.93974398e-02,  3.51879844e-02,  4.45786847e-02],
       [-8.79336457e-03,  1.81195311e-02,  5.22292155e-03, -3.69506525e-02, -7.77786867e-03],
       [-3.76072747e-03,  6.01460099e-02,  9.08015754e-02, -2.44713360e-02, -6.88211338e-02],
       [-7.31425869e-02, -4.69535353e-02,  7.64997509e-02, -4.23118525e-02, -1.07164552e-01],
       [-4.11841703e-02,  9.49185227e-03, -6.77644762e-02, -3.21501323e-02,  2.38517852e-02],
       [-8.41181210e-02, -1.05175337e-01,  3.72424917e-02, -4.82786985e-02,  4.26460931e-02],
       [-2.70624511e-02,  7.48006817e-02,  6.04270129e-02, -6.53814757e-02, -3.24128029e-02],
       [ 4.26274121e-03,  6.35824883e-02,  6.67917717e-02, -4.06714416e-02, -1.35851576e-01],
       [ 3.05704687e-05,  2.69108444e-02,  2.33385024e-02, -4.75056739e-02,  3.42315080e-02],
       [ 1.18284639e-02,  1.04381050e-01,  1.17157180e-01, -6.00562428e-02,  4.58717505e-02],
       [ 1.81857154e-03,  6.22352046e-03,  1.52841020e-02, -7.72403142e-02, -4.32701852e-02],
       [-3.39562228e-02,  3.45426070e-02, -7.16329661e-02, -5.23372878e-02,  3.66614879e-02],
       [-8.85491844e-02, -7.32327620e-03,  1.60563680e-02, -6.20265098e-02,  5.95470939e-02],
       [-3.06420446e-02,  7.61945353e-02,  4.86491202e-02, -8.49980042e-02, -5.12491841e-02],
       [-5.02315715e-02,  3.50415320e-02, -1.29713812e-01,  6.20204186e-02, -7.62060194e-03],
       [-1.72192363e-02,  2.95188427e-02,  1.02473920e-02,  7.12839304e-03,  1.82630598e-02],
       [-6.33205085e-02,  1.02100354e-01,  5.23788394e-02,  2.01999157e-02,  3.62886700e-02]])})
2026-01-20 11:01:44,645 - final_problem_set.kxor_instance_n26_k2_m195_ell2_eps0.15_kappa1.0_rho0.4 - INFO - Running key extraction (n=26, m=195, ell=2, phase_qubits=13)
2026-01-20 11:01:44,650 - final_problem_set.kxor_instance_n26_k2_m195_ell2_eps0.15_kappa1.0_rho0.4 - INFO - Built voting matrix V (n=26, ell=2, dtype=complex128) in 0.005s
2026-01-20 11:01:44,651 - final_problem_set.kxor_instance_n26_k2_m195_ell2_eps0.15_kappa1.0_rho0.4 - INFO - Eval: adv=0.3231, hamming=7/26 (0.269), corr=0.462
2026-01-20 11:01:44,651 - final_problem_set.kxor_instance_n26_k2_m195_ell2_eps0.15_kappa1.0_rho0.4 - INFO - Key extraction complete: x_hat=15
2026-01-20 11:01:44,651 - final_problem_set.kxor_instance_n26_k2_m195_ell2_eps0.15_kappa1.0_rho0.4 - INFO - Finished step 'KeyExtractionStep' in 0.006s (success: True, problem=kxor_instance_n26_k2_m195_ell2_eps0.15_kappa1.0_rho0.4)
2026-01-20 11:01:44,651 - final_problem_set.kxor_instance_n26_k2_m195_ell2_eps0.15_kappa1.0_rho0.4 - INFO - SUCCESS: len(z_hat)=26
2026-01-20 11:01:44,651 - final_problem_set.kxor_instance_n26_k2_m195_ell2_eps0.15_kappa1.0_rho0.4 - INFO - Metrics: adv=0.3230769230769231, ham_frac=0.2692307692307692, corr=0.46153846153846156
2026-01-20 11:01:44,651 - final_problem_set.kxor_instance_n26_k2_m195_ell2_eps0.15_kappa1.0_rho0.4 - INFO - z_hat (full): [ 1,  1,  1, -1,  1, -1, -1, -1,  1, -1,  1,  1, -1,  1, -1,  1,  1,  1,  1, -1, -1, -1, -1,  1,  1, -1]
