2026-01-20 11:00:30,786 - final_problem_set.kxor_instance_n13_k2_m130_ell2_eps0.25_kappa0.75_rho0.6 - INFO - Starting iteration for /Users/julian/CodingProjects/UniT3/QuarticSpeedupK-XOR/z_Daphne/data/final_problem_set/kxor_instance_n13_k2_m130_ell2_eps0.25_kappa0.75_rho0.6.npz
2026-01-20 11:00:30,787 - final_problem_set.kxor_instance_n13_k2_m130_ell2_eps0.25_kappa0.75_rho0.6 - INFO - Loaded instance (n=13, m=130, k=2)
2026-01-20 11:00:30,787 - final_problem_set.kxor_instance_n13_k2_m130_ell2_eps0.25_kappa0.75_rho0.6 - INFO - Starting step 'ComputeKikuchiStep' (version 0.1) on problem kxor_instance_n13_k2_m130_ell2_eps0.25_kappa0.75_rho0.6 (fields={'ell': 2, 'threshold': 0.0})
2026-01-20 11:00:30,796 - final_problem_set.kxor_instance_n13_k2_m130_ell2_eps0.25_kappa0.75_rho0.6 - INFO - Finished step 'ComputeKikuchiStep' in 0.009s (success: True, problem=kxor_instance_n13_k2_m130_ell2_eps0.25_kappa0.75_rho0.6)
2026-01-20 11:00:30,796 - final_problem_set.kxor_instance_n13_k2_m130_ell2_eps0.25_kappa0.75_rho0.6 - INFO - Starting step 'ClassicalEigenvaluesStep' (version 0.1) on problem kxor_instance_n13_k2_m130_ell2_eps0.25_kappa0.75_rho0.6 (fields={'ell': 2, 'threshold': 0.0, 'kikuchi_matrix': <Dictionary Of Keys sparse matrix of dtype 'int64'
	with 1364 stored elements and shape (78, 78)>, 'num_eigenvalues': 5})
2026-01-20 11:00:30,821 - final_problem_set.kxor_instance_n13_k2_m130_ell2_eps0.25_kappa0.75_rho0.6 - INFO - Finished step 'ClassicalEigenvaluesStep' in 0.025s (success: True, problem=kxor_instance_n13_k2_m130_ell2_eps0.25_kappa0.75_rho0.6)
2026-01-20 11:00:30,821 - final_problem_set.kxor_instance_n13_k2_m130_ell2_eps0.25_kappa0.75_rho0.6 - INFO - Starting step 'KeyExtractionStep' (version 0.1) on problem kxor_instance_n13_k2_m130_ell2_eps0.25_kappa0.75_rho0.6 (fields={'ell': 2, 'threshold': 0.0, 'kikuchi_matrix': <Dictionary Of Keys sparse matrix of dtype 'int64'
	with 1364 stored elements and shape (78, 78)>, 'num_eigenvalues': 5, 'eigenvalues': array([-8.97595137,  7.65258615,  8.51039328,  8.85255372, 12.25410792]), 'eigenvectors': array([[ 0.02045698, -0.05167541, -0.17592745,  0.06296738, -0.18118234],
       [ 0.00863898, -0.13437748, -0.07353173,  0.10971649, -0.13552108],
       [ 0.01539322, -0.05759956, -0.15805614, -0.00828255, -0.17740817],
       [-0.01631358, -0.00341161,  0.0448306 , -0.16117587,  0.09391451],
       [-0.03018406, -0.13884996, -0.17571525, -0.06031243, -0.10222849],
       [-0.03530668,  0.12187608,  0.03807034,  0.05145978,  0.14646228],
       [-0.04054142,  0.22306104, -0.03596949,  0.00629324, -0.1190794 ],
       [-0.01467556,  0.00579935, -0.13839189, -0.12952704, -0.08686873],
       [-0.01742725, -0.08522328,  0.18325263,  0.04492051,  0.1094512 ],
       [ 0.00072266, -0.003041  , -0.08217595, -0.0550926 ,  0.15604826],
       [-0.06218376, -0.1695791 , -0.05589972,  0.02374825, -0.13744284],
       [-0.04726792,  0.03345881, -0.18246627,  0.14455052, -0.03772209],
       [ 0.00486697,  0.10723184, -0.05571688, -0.16945823,  0.16602382],
       [-0.00642954, -0.01953872, -0.0024136 ,  0.00897035,  0.22519108],
       [-0.04973625,  0.03095065,  0.03146104,  0.23147656, -0.11455056],
       [-0.00767934,  0.12934084,  0.12621601,  0.08973363,  0.13866435],
       [-0.05038202, -0.07304498,  0.10533144, -0.05858066, -0.15806974],
       [-0.01174965, -0.30724605, -0.07041802, -0.00441381,  0.12456289],
       [-0.02167802, -0.05230852,  0.09952831,  0.19425086,  0.13687304],
       [-0.06416017,  0.16183449, -0.14080313, -0.0739707 , -0.1433902 ],
       [ 0.02916565,  0.06306378,  0.23002157,  0.06412463, -0.14317168],
       [-0.00784832,  0.14366996, -0.08160297, -0.04108976,  0.17214102],
       [-0.00849308, -0.05730995,  0.206221  , -0.21084607,  0.05128727],
       [ 0.03050918,  0.11013255, -0.06148931, -0.09608913,  0.16734295],
       [-0.09832484, -0.0291686 ,  0.05783819,  0.19133431, -0.07917191],
       [-0.05503821,  0.20193256,  0.06330692,  0.00087806,  0.11937153],
       [-0.09950811, -0.13340585,  0.11257648,  0.03458392, -0.11218962],
       [-0.08112917, -0.17770585, -0.09464763, -0.06811152,  0.10729079],
       [-0.02520561,  0.03606458,  0.04006134,  0.08593614,  0.10657328],
       [-0.0565676 ,  0.04676395, -0.07930986,  0.01977484, -0.14227748],
       [ 0.03737035, -0.01608242,  0.19130622,  0.10788293, -0.10495265],
       [-0.06899904,  0.18461477, -0.09435711, -0.10015317,  0.12220619],
       [-0.04098414, -0.02400531,  0.13137919, -0.15644574,  0.04194609],
       [-0.0676876 ,  0.03025779,  0.03863794,  0.19434584, -0.13764846],
       [-0.03037823,  0.12450934,  0.10639783,  0.13961434,  0.12974362],
       [-0.08139529, -0.0723323 ,  0.11127876, -0.12537158, -0.14711332],
       [-0.03896562, -0.28652272, -0.07766207,  0.03853946,  0.12011526],
       [-0.04309824, -0.03712667,  0.07195609,  0.21782806,  0.10642649],
       [-0.1138477 ,  0.14562447, -0.12065951, -0.12980075, -0.13459693],
       [ 0.05568768,  0.05582933,  0.23501745, -0.0073067 , -0.14136168],
       [-0.04981116,  0.14375938, -0.09451432,  0.04178954,  0.16704947],
       [-0.06632377, -0.06013073,  0.21356166, -0.19534143,  0.07305692],
       [ 0.12391132, -0.06478209, -0.04732844,  0.07395054, -0.09016994],
       [ 0.17214945,  0.04801384, -0.1039762 , -0.11842763,  0.10517092],
       [ 0.14251712,  0.14567049,  0.04906656,  0.09498856, -0.06973271],
       [ 0.12843615,  0.03192687, -0.031539  ,  0.00174977, -0.08029307],
       [ 0.22651357, -0.12454602,  0.07291378, -0.09926132,  0.0977871 ],
       [-0.16156804, -0.03844136, -0.11480168, -0.14713618,  0.07653769],
       [ 0.18419371, -0.03866999,  0.05943249,  0.15924195, -0.08961535],
       [ 0.19521292,  0.03890668, -0.08201708,  0.1238452 , -0.02705727],
       [ 0.09631537, -0.12185272, -0.01914806, -0.12376348, -0.0954638 ],
       [ 0.05120172, -0.13892866,  0.02622553,  0.08576202,  0.09663577],
       [ 0.09551952,  0.01632569,  0.0895621 ,  0.1495116 ,  0.06272978],
       [ 0.13396231,  0.01765397, -0.12545034, -0.11844918, -0.08078361],
       [-0.1252263 , -0.05801395,  0.07388585, -0.06507841, -0.10785237],
       [ 0.09424953,  0.22892061,  0.03910756,  0.09074076,  0.11554186],
       [ 0.12994595,  0.00922864,  0.1664219 , -0.09349534,  0.04127335],
       [ 0.133856  ,  0.15050075,  0.0998231 , -0.05048768, -0.08646602],
       [ 0.11093944, -0.00602416, -0.00865879, -0.16962232, -0.08016121],
       [ 0.21415999, -0.06427604,  0.02886421,  0.16425599,  0.1248975 ],
       [-0.16469663,  0.00597697, -0.2141611 ,  0.03723932,  0.09563409],
       [ 0.17813958, -0.15085913,  0.13511093, -0.06652898, -0.11841312],
       [ 0.21754516,  0.01142781, -0.11820275,  0.1188811 , -0.05650586],
       [ 0.13812809, -0.13633679,  0.0094083 ,  0.10124179,  0.0646942 ],
       [ 0.18793212,  0.22774626, -0.02460558, -0.05819169, -0.07940176],
       [-0.19232747,  0.18067266,  0.15215412,  0.00193318, -0.07606505],
       [ 0.10431724, -0.16612837, -0.13348514,  0.01271346,  0.12216462],
       [ 0.17894363, -0.12662807,  0.09426226, -0.10496885,  0.03901474],
       [ 0.12376794,  0.08357948, -0.09268096, -0.15725461, -0.06733268],
       [-0.05574406,  0.05569331,  0.09274278, -0.14315554, -0.1010823 ],
       [ 0.1318541 ,  0.05293391,  0.00919726,  0.16819124,  0.10328775],
       [ 0.08422149, -0.04699703,  0.15972802, -0.03974723,  0.04120584],
       [-0.1811314 , -0.11541673, -0.04831434,  0.0470304 ,  0.10025874],
       [ 0.22687864,  0.02642267, -0.04843721, -0.07271689, -0.11332421],
       [ 0.22116985,  0.06067204, -0.14716526,  0.11336699, -0.03991091],
       [-0.21514477, -0.02663701,  0.2064186 ,  0.02205495, -0.10503024],
       [-0.13507642,  0.0582302 , -0.04847887,  0.16486764, -0.05611384],
       [ 0.169237  ,  0.02783722,  0.1294177 , -0.17179544,  0.06291744]])})
2026-01-20 11:00:30,822 - final_problem_set.kxor_instance_n13_k2_m130_ell2_eps0.25_kappa0.75_rho0.6 - INFO - Running key extraction (n=13, m=130, ell=2, phase_qubits=11)
2026-01-20 11:00:30,823 - final_problem_set.kxor_instance_n13_k2_m130_ell2_eps0.25_kappa0.75_rho0.6 - INFO - Built voting matrix V (n=13, ell=2, dtype=complex128) in 0.001s
2026-01-20 11:00:30,823 - final_problem_set.kxor_instance_n13_k2_m130_ell2_eps0.25_kappa0.75_rho0.6 - INFO - Eval: adv=0.5846, hamming=0/13 (0.000), corr=1.000
2026-01-20 11:00:30,823 - final_problem_set.kxor_instance_n13_k2_m130_ell2_eps0.25_kappa0.75_rho0.6 - INFO - Key extraction complete: x_hat=1
2026-01-20 11:00:30,823 - final_problem_set.kxor_instance_n13_k2_m130_ell2_eps0.25_kappa0.75_rho0.6 - INFO - Finished step 'KeyExtractionStep' in 0.001s (success: True, problem=kxor_instance_n13_k2_m130_ell2_eps0.25_kappa0.75_rho0.6)
2026-01-20 11:00:30,823 - final_problem_set.kxor_instance_n13_k2_m130_ell2_eps0.25_kappa0.75_rho0.6 - INFO - SUCCESS: len(z_hat)=13
2026-01-20 11:00:30,823 - final_problem_set.kxor_instance_n13_k2_m130_ell2_eps0.25_kappa0.75_rho0.6 - INFO - Metrics: adv=0.5846153846153846, ham_frac=0.0, corr=1.0
2026-01-20 11:00:30,823 - final_problem_set.kxor_instance_n13_k2_m130_ell2_eps0.25_kappa0.75_rho0.6 - INFO - z_hat (full): [ 1, -1, -1, -1,  1, -1,  1, -1, -1,  1,  1, -1, -1]
