2026-01-20 11:01:04,773 - final_problem_set.kxor_instance_n21_k2_m181_ell2_eps0.15_kappa0.875_rho0.4 - INFO - Starting iteration for /Users/julian/CodingProjects/UniT3/QuarticSpeedupK-XOR/z_Daphne/data/final_problem_set/kxor_instance_n21_k2_m181_ell2_eps0.15_kappa0.875_rho0.4.npz
2026-01-20 11:01:04,773 - final_problem_set.kxor_instance_n21_k2_m181_ell2_eps0.15_kappa0.875_rho0.4 - INFO - Loaded instance (n=21, m=181, k=2)
2026-01-20 11:01:04,774 - final_problem_set.kxor_instance_n21_k2_m181_ell2_eps0.15_kappa0.875_rho0.4 - INFO - Starting step 'ComputeKikuchiStep' (version 0.1) on problem kxor_instance_n21_k2_m181_ell2_eps0.15_kappa0.875_rho0.4 (fields={'ell': 2, 'threshold': 0.0})
2026-01-20 11:01:04,799 - final_problem_set.kxor_instance_n21_k2_m181_ell2_eps0.15_kappa0.875_rho0.4 - INFO - Finished step 'ComputeKikuchiStep' in 0.026s (success: True, problem=kxor_instance_n21_k2_m181_ell2_eps0.15_kappa0.875_rho0.4)
2026-01-20 11:01:04,799 - final_problem_set.kxor_instance_n21_k2_m181_ell2_eps0.15_kappa0.875_rho0.4 - INFO - Starting step 'ClassicalEigenvaluesStep' (version 0.1) on problem kxor_instance_n21_k2_m181_ell2_eps0.15_kappa0.875_rho0.4 (fields={'ell': 2, 'threshold': 0.0, 'kikuchi_matrix': <Dictionary Of Keys sparse matrix of dtype 'int64'
	with 4446 stored elements and shape (210, 210)>, 'num_eigenvalues': 5})
2026-01-20 11:01:04,877 - final_problem_set.kxor_instance_n21_k2_m181_ell2_eps0.15_kappa0.875_rho0.4 - INFO - Finished step 'ClassicalEigenvaluesStep' in 0.078s (success: True, problem=kxor_instance_n21_k2_m181_ell2_eps0.15_kappa0.875_rho0.4)
2026-01-20 11:01:04,877 - final_problem_set.kxor_instance_n21_k2_m181_ell2_eps0.15_kappa0.875_rho0.4 - INFO - Starting step 'KeyExtractionStep' (version 0.1) on problem kxor_instance_n21_k2_m181_ell2_eps0.15_kappa0.875_rho0.4 (fields={'ell': 2, 'threshold': 0.0, 'kikuchi_matrix': <Dictionary Of Keys sparse matrix of dtype 'int64'
	with 4446 stored elements and shape (210, 210)>, 'num_eigenvalues': 5, 'eigenvalues': array([-11.45750204, -10.49360809,  -9.83600588,  10.3122938 ,  11.09219627]), 'eigenvectors': array([[ 2.03892558e-02,  1.18396129e-02, -9.89674765e-02, -1.97104978e-03,  1.19709464e-01],
       [ 5.64980800e-02, -2.94882701e-02, -6.51906043e-02,  1.36074162e-01, -1.31571760e-01],
       [ 4.10012916e-02,  1.37748672e-02, -3.64722580e-02,  3.71459033e-02,  7.56985440e-02],
       [-6.01542945e-03, -1.01660264e-02, -3.20602497e-02,  3.63653633e-02, -1.19358060e-01],
       [-3.79381109e-02,  1.23055011e-02,  1.22633131e-01,  1.46308756e-01,  1.02732442e-01],
       [-5.03514381e-02,  3.25089649e-02,  9.66024967e-02,  1.75289020e-01, -3.21070475e-02],
       [-8.54153233e-03,  5.21001777e-02,  2.97629041e-02, -4.79655150e-02, -1.84640564e-01],
       [-1.88282681e-02, -1.38835634e-03,  8.08449543e-02, -1.16735208e-01,  6.04940073e-03],
       [-1.63063541e-03,  2.86477990e-02,  9.19276898e-03, -6.45747485e-03,  1.12866113e-01],
       [ 1.85177375e-02, -4.73948676e-02,  1.36827596e-02,  1.20240435e-01, -1.01232759e-01],
       [ 2.25581376e-02, -2.78147368e-03, -7.33054854e-02, -9.78774435e-02, -5.67864302e-02],
       [-1.53543130e-02, -5.50992911e-04,  1.22454958e-01, -1.51699554e-01, -2.59469876e-02],
       [ 6.54767231e-03, -4.36400426e-02,  9.79219362e-04,  4.28148400e-02,  1.56053054e-01],
       [-3.20009525e-03, -1.48034498e-02,  5.57940417e-02, -2.02932647e-02,  1.07047672e-01],
       [ 6.77605317e-04, -3.66306167e-02,  3.10751367e-02,  2.61263049e-02, -5.49269833e-02],
       [ 2.89611682e-02, -2.18993043e-02, -8.74083973e-02, -7.04925836e-02, -3.61077959e-02],
       [-2.93530504e-02, -2.56497841e-02,  7.11594588e-02, -9.49549390e-02, -8.82694462e-02],
       [ 2.90612810e-02, -3.41106651e-03, -1.19252543e-01, -1.27779684e-03,  1.26839311e-01],
       [-1.75449041e-02, -3.01439294e-03,  1.07170033e-01, -6.98894717e-02,  1.49123121e-01],
       [ 3.72036141e-02, -1.66995691e-02, -7.92860606e-02, -8.14641572e-02,  4.14982898e-02],
       [ 6.28385710e-02,  1.19824086e-02, -3.70612673e-02,  9.12383259e-02, -8.60962226e-02],
       [ 7.58848847e-02,  6.68103810e-02, -1.40834196e-02,  3.90094463e-02,  6.47470300e-02],
       [-1.36853375e-02, -2.50628116e-02, -5.88728431e-02,  2.49945778e-02, -1.27138731e-01],
       [-5.50827054e-02, -2.78490207e-02,  8.82351591e-02,  1.16255240e-01,  7.71465851e-02],
       [-7.58746904e-02, -1.25513012e-02,  7.30262812e-02,  1.49832250e-01, -4.18255805e-02],
       [-1.28180204e-02,  7.54210157e-02,  3.63911758e-02, -5.77695935e-02, -1.64687764e-01],
       [-2.37358105e-02, -1.59040530e-02,  6.97287868e-02, -9.77304763e-02, -6.20809541e-03],
       [ 8.18219378e-03,  6.11190121e-02,  3.02650063e-02,  2.35310099e-03,  8.57338495e-02],
       [ 2.26315479e-02, -7.09142707e-02,  2.22813948e-02,  1.01405340e-01, -9.66211618e-02],
       [ 7.62471045e-02,  3.83622805e-02, -7.74896181e-02, -8.99970897e-02, -6.39905103e-02],
       [-8.95568296e-02, -8.02000309e-02,  1.28732797e-01, -1.29799515e-01, -1.30617894e-02],
       [-1.87159960e-02, -8.75472770e-02, -6.56818120e-03,  4.36927683e-02,  1.27867853e-01],
       [-2.73864110e-02, -4.05894433e-02,  6.10079133e-02, -7.70899137e-03,  9.46708047e-02],
       [-1.02220963e-02, -5.91073152e-02,  1.77442358e-02,  1.53153731e-02, -6.97542368e-02],
       [ 6.30670271e-02, -1.06326979e-02, -9.47440047e-02, -7.09834576e-02, -4.99451941e-02],
       [-6.28622034e-02, -7.75304757e-02,  4.95301815e-02, -8.58067478e-02, -7.05340532e-02],
       [ 7.62245456e-02,  5.57084573e-02, -1.01928031e-01,  9.83358577e-03,  1.01409325e-01],
       [-6.39930031e-02, -5.01512169e-02,  9.11851728e-02, -3.76815906e-02,  1.24256962e-01],
       [ 8.26264511e-02,  1.83363578e-02, -6.42760082e-02, -5.87920597e-02,  3.55596042e-02],
       [ 8.12788437e-02, -7.99317726e-03,  1.06462844e-01,  4.90124129e-02, -6.31254763e-02],
       [-8.21941008e-03, -3.09270011e-02, -1.04748611e-01, -7.99731220e-02,  7.05313781e-02],
       [-1.10853654e-01,  5.39863187e-02, -2.47863810e-02, -9.50370074e-03, -7.52124132e-02],
       [-1.03971281e-01,  8.23530774e-02, -6.33286664e-02, -8.40818103e-02,  1.41778176e-02],
       [-1.26599459e-02,  1.21709059e-01,  1.56155753e-02, -1.04951221e-01,  1.53023034e-01],
       [-4.85663479e-02,  8.38387095e-03,  7.36879863e-02,  4.69131488e-02,  4.84553962e-03],
       [ 2.34258116e-02,  7.69945522e-02,  8.55342624e-02,  7.04987506e-02, -7.52122847e-02],
       [ 1.02024088e-02, -1.24280740e-01,  8.51317152e-02, -6.99957033e-02,  4.06287850e-02],
       [ 9.93561987e-02, -4.64986199e-02,  4.86631148e-02, -4.23927609e-03,  7.00041993e-02],
       [-1.66341608e-01,  1.95059443e-02, -4.92088014e-02,  4.94471405e-02,  1.19570184e-02],
       [-4.27478573e-02, -9.00800529e-02, -7.58771825e-02,  4.43216035e-02, -6.72426129e-02],
       [-7.08873615e-02, -2.66091675e-02,  4.10449296e-02,  6.14645718e-02, -5.93383667e-02],
       [-2.99504173e-02, -7.19784059e-02, -8.85869851e-03, -7.24985850e-02,  5.76047899e-02],
       [ 8.82808775e-02, -8.60353059e-02,  4.08676125e-03, -2.48402001e-02,  5.41522850e-02],
       [-1.05978927e-01, -1.93242344e-02, -8.24041409e-02,  3.60271263e-03,  5.41227326e-02],
       [ 1.34751168e-01, -5.51401436e-02,  6.68484098e-02,  1.76544314e-02, -4.81681161e-02],
       [-1.50771534e-01,  3.37571905e-02, -6.52032206e-02,  1.07377584e-01, -8.44711688e-02],
       [ 1.06056472e-01, -6.81202213e-02,  6.83480389e-02,  3.34266932e-02, -1.94327572e-02],
       [-1.16843455e-02, -2.81182721e-02, -1.12847797e-01, -1.29493165e-02, -7.41039286e-02],
       [-1.26875880e-01, -2.09741317e-02, -5.98478576e-02,  1.06884459e-01,  4.80271799e-02],
       [-8.93984225e-02,  6.08573573e-03, -9.49809946e-02,  9.66358036e-02, -3.46236950e-02],
       [-2.53281378e-02,  1.02741641e-01, -1.39544454e-02, -8.51984236e-02, -9.85728927e-02],
       [-5.43960927e-02, -2.71349283e-02,  6.32123592e-02, -6.94385925e-02,  6.42060667e-03],
       [ 1.98230937e-02,  7.09245324e-02,  7.12848600e-02,  2.80731827e-02,  6.64820229e-02],
       [ 1.64501246e-02, -1.06628432e-01,  1.09725759e-01,  5.38897395e-02, -5.76517938e-02],
       [ 7.34238069e-02,  1.97934015e-02,  8.04030289e-02, -7.29838231e-02, -3.42041097e-02],
       [-1.40809253e-01, -8.32278110e-02, -9.49665106e-02, -9.14169520e-02, -5.77426804e-03],
       [-8.29770791e-03, -9.35741953e-02, -4.70070980e-02,  5.19914357e-02,  7.10954177e-02],
       [-5.61855283e-02, -6.88385233e-02,  2.60862829e-02,  2.10831991e-02,  6.85174694e-02],
       [-2.42578369e-02, -7.40232119e-02,  2.86263925e-03, -8.38990784e-03, -4.36348595e-02],
       [ 1.06326979e-01, -3.07737960e-02,  4.72650659e-02, -6.35049715e-02, -2.76585520e-02],
       [-7.25415739e-02, -6.41763880e-02, -7.90649264e-02, -8.27829661e-02, -4.87244768e-02],
       [ 1.11999508e-01,  4.64302563e-02,  1.09002863e-01,  2.54770819e-02,  6.54155757e-02],
       [-1.19135730e-01, -5.54266575e-02, -9.53378402e-02,  2.69599933e-03,  1.01386691e-01],
       [ 9.94136416e-02,  5.96291729e-03,  1.13354367e-01, -3.22175544e-02,  3.38623464e-02],
       [ 2.53473757e-02,  2.98308549e-02,  1.17658016e-01, -8.13061497e-02, -8.04578466e-02],
       [ 3.08139340e-02,  1.60004318e-02,  1.37634990e-01, -1.11126426e-01,  2.41490259e-02],
       [ 4.74047763e-03, -1.65285697e-02,  1.70522379e-02,  7.46480876e-04,  1.57941742e-01],
       [ 1.37433318e-02,  1.31552241e-02,  2.91541008e-02,  8.10818403e-02, -1.75206433e-02],
       [-5.98186294e-03, -1.10991970e-02, -1.82609415e-02,  2.98680142e-02, -1.17687859e-01],
       [-1.93851922e-03,  6.31551151e-03, -3.37429529e-02, -7.37219903e-02,  5.32597880e-02],
       [-1.31848050e-02, -2.79372974e-02, -1.20080537e-01,  5.53018664e-02,  6.27359156e-02],
       [ 2.77117621e-02,  4.24373901e-02,  1.62883835e-01,  9.36289418e-02,  1.19034671e-02],
       [ 8.95841647e-03,  1.13068765e-02,  4.09575868e-02, -1.37690082e-02, -9.19757542e-02],
       [ 8.64617451e-03,  1.65240942e-02,  4.38556265e-02,  1.93072591e-02, -7.54774448e-02],
       [ 4.13806907e-03,  1.99365703e-02,  1.98865753e-02, -2.72027297e-02,  5.05953643e-02],
       [-1.65820764e-02, -1.98738743e-02, -9.29236031e-02,  3.27730784e-02,  4.51009104e-02],
       [ 1.94155248e-02,  3.11456950e-02,  1.11079571e-01,  4.94557160e-02,  6.85311632e-02],
       [-2.60296341e-02, -4.10210352e-02, -1.67909500e-01,  6.86308610e-03, -7.79059158e-02],
       [ 2.58331939e-02,  3.34015655e-02,  1.37084606e-01,  7.49033207e-02, -1.42186831e-01],
       [-4.62577459e-03, -3.68511309e-02, -1.20185669e-01,  5.86651900e-02, -4.32753276e-02],
       [ 1.28892666e-01, -6.68468916e-02, -2.37238611e-02,  4.23375854e-02, -5.62492532e-02],
       [ 7.43652531e-03, -1.29756518e-01, -2.37904247e-02, -1.68630369e-01, -8.04423260e-02],
       [ 3.91573316e-02,  8.11452581e-03, -1.09047029e-01, -4.07969796e-02,  1.49701012e-02],
       [ 2.12262952e-03, -8.80644503e-02, -8.26269505e-02,  6.76729099e-02,  4.60449220e-02],
       [-3.29775320e-02,  1.34312086e-01, -8.30613449e-02,  1.72431227e-02, -4.34539247e-02],
       [-1.49713493e-01,  2.70057722e-02,  3.63918218e-02, -8.00375355e-02, -2.50599697e-02],
       [ 1.41720547e-01,  1.70885429e-02, -7.88930536e-02, -6.90119891e-02, -1.25761869e-03],
       [ 4.53633227e-02,  1.15988451e-01,  3.44183820e-02,  8.64563801e-02,  5.25850024e-02],
       [ 5.39443327e-02,  4.57315821e-02, -9.43804607e-02,  7.81691795e-02,  7.25240066e-02],
       [ 1.49646247e-02,  8.58246729e-02, -1.45888369e-02, -7.24355006e-02, -6.25952927e-02],
       [-8.77924535e-02,  7.07326199e-02,  6.12272225e-02, -1.10105250e-01, -3.31610328e-02],
       [ 1.02475830e-01,  4.98362265e-02,  8.12649798e-04, -6.19499476e-02, -1.91462596e-02],
       [-1.53045183e-01,  1.55855778e-02,  5.25873492e-02,  2.35831396e-02,  2.86745912e-02],
       [ 1.08900023e-01, -5.40912558e-06, -4.94255155e-02,  9.39064725e-02,  1.14705326e-01],
       [-1.37991265e-01,  5.57735413e-02,  5.94266627e-03, -9.04411634e-03,  3.28061957e-02],
       [ 8.20937860e-03, -1.24263915e-01, -2.35190574e-02, -1.84604673e-01,  9.60292930e-02],
       [ 4.81124421e-02, -9.70469536e-04, -1.07826245e-01,  1.75997401e-02,  4.97935952e-03],
       [-1.63889133e-02, -7.98709862e-02, -8.76708278e-02,  1.05860207e-01, -4.64395451e-02],
       [-1.75184672e-02,  1.31612342e-01, -9.59185407e-02, -5.68648070e-02,  2.45404371e-02],
       [-1.15764007e-01,  5.49514070e-02, -2.74934191e-02, -4.79851301e-02,  3.66959135e-02],
       [ 1.49589561e-01, -2.22063373e-02, -5.58292841e-03,  5.85562814e-03,  1.13390382e-02],
       [ 2.37074459e-02,  1.07356363e-01,  6.16618968e-02,  9.20466813e-02, -4.91361924e-02],
       [ 6.48408376e-02,  3.21806813e-02, -7.06625675e-02,  1.04895397e-01, -2.42291724e-02],
       [ 3.36036491e-02,  7.03909603e-02, -6.80784460e-03, -8.89117787e-02,  1.05201809e-02],
       [-1.16469847e-01,  1.14391915e-01,  2.91247383e-02, -6.19682022e-02,  1.96020903e-02],
       [ 9.33158393e-02,  2.45295851e-02,  4.19917673e-02, -3.92537634e-02,  4.13561723e-02],
       [-1.39225778e-01,  5.36285632e-02, -1.82709262e-02,  5.36524417e-02, -4.36174701e-02],
       [ 1.19909309e-01, -2.72152122e-02,  9.29552692e-03,  1.51771573e-01, -3.02902708e-02],
       [-1.37737974e-01,  9.21522442e-02, -5.65491810e-02,  4.04316041e-02, -4.48006802e-03],
       [ 3.34473869e-03, -5.04170263e-02, -2.60916446e-02,  1.31531650e-01, -1.40537428e-02],
       [ 2.33874917e-03,  2.45914640e-03, -2.18944822e-02, -2.50113027e-02, -1.21630990e-01],
       [ 9.57426103e-04,  2.95962595e-02,  1.41996884e-03, -1.25007882e-01,  9.69553811e-02],
       [-2.13801803e-02,  1.22783258e-01,  1.93373528e-02,  1.23061190e-01,  5.78009931e-02],
       [ 2.36711825e-02, -1.69129947e-01, -3.13278803e-02,  1.83551694e-01,  1.59995787e-02],
       [ 1.71181413e-02, -1.76075340e-02,  1.65374126e-02, -9.23538899e-02, -1.65314895e-01],
       [ 1.06617209e-02, -5.50742889e-02, -2.42886672e-02, -2.67758773e-02, -1.59369521e-01],
       [ 3.92175184e-03, -1.12450403e-02,  4.53730485e-03,  1.56212644e-03,  9.33955849e-02],
       [-1.24357665e-03,  1.05358682e-01,  2.39105023e-02,  1.07046351e-01,  5.33099878e-02],
       [ 2.37470254e-02, -9.25512061e-02, -5.44221644e-04,  1.13169426e-01,  6.50882879e-02],
       [-3.95855633e-02,  1.75981946e-01,  3.27723945e-02, -9.77664092e-03, -8.80348362e-02],
       [ 1.43019346e-02, -1.35585752e-01, -2.14357118e-02,  1.92958234e-02, -1.90844631e-01],
       [-1.44380999e-02,  1.39203109e-01,  2.24253010e-02,  7.80904801e-02, -5.60360288e-02],
       [-4.18272009e-03, -4.01636517e-02, -1.78676195e-02, -6.37147825e-02, -1.61471262e-03],
       [-1.48989071e-02,  5.27290686e-02, -1.35733725e-03,  2.89284974e-02, -5.39635710e-03],
       [-6.07450321e-02, -8.26046474e-03,  1.08930279e-01,  4.45621575e-02, -9.42487165e-03],
       [ 6.71489521e-02,  3.46783047e-02, -1.59804231e-01,  9.34201940e-03, -5.26113759e-03],
       [ 1.91106927e-02,  5.50536332e-02, -1.54680009e-02, -6.46256407e-02,  1.21896646e-02],
       [ 2.07427724e-02,  2.00628949e-02, -5.91494996e-02, -6.88236395e-02,  1.03721030e-02],
       [ 9.51763944e-03,  4.04232742e-02, -2.11452390e-02,  5.99126588e-02, -2.45822984e-03],
       [-3.58888627e-02,  1.21476545e-02,  9.40896359e-02,  4.27891351e-02, -5.81543436e-03],
       [ 4.91098464e-02,  4.15986811e-02, -8.46804611e-02,  3.52519937e-02, -5.82923703e-03],
       [-7.36435891e-02, -1.91165933e-02,  1.51657204e-01, -3.16834983e-02,  5.03254706e-03],
       [ 6.43928372e-02,  2.74642878e-02, -1.36252617e-01, -8.70290703e-02, -1.76406000e-02],
       [-6.24627154e-02,  5.90335244e-03,  1.00185166e-01, -1.47339259e-02, -6.33492935e-03],
       [ 1.05060841e-02,  7.13527327e-03,  3.89611438e-02,  7.30454920e-02, -5.75321723e-02],
       [ 2.64229039e-02,  7.56682784e-02,  7.54609793e-02, -6.48871811e-02, -5.54034717e-02],
       [ 1.64105213e-03, -1.02128053e-01, -9.88359414e-02, -9.15532305e-02, -1.67396982e-02],
       [-7.48005640e-03, -1.84037242e-02, -9.01432337e-03,  1.62871203e-02,  7.80642992e-02],
       [ 7.70495280e-04, -4.21880584e-02, -1.76194443e-02, -9.56226182e-03,  9.18454041e-02],
       [ 3.13128341e-03, -1.53643637e-02, -5.55960378e-03,  1.72927668e-02, -7.66284487e-02],
       [ 6.74535829e-03,  6.66298394e-02,  6.88857703e-02, -4.75717626e-02, -4.50448221e-02],
       [-8.13192389e-03, -6.93100399e-02, -6.00527152e-02, -5.10643995e-02, -3.98030020e-02],
       [ 3.30296306e-02,  1.15955303e-01,  1.02262042e-01, -1.72907310e-03,  4.43157034e-02],
       [ 3.21478417e-03, -8.28130649e-02, -7.87897560e-02, -2.94447150e-02,  9.92248520e-02],
       [ 1.30335818e-02,  8.40820131e-02,  8.81756052e-02, -3.87287980e-02,  2.81472759e-02],
       [ 2.55914522e-02, -1.25693329e-01,  9.79989993e-02, -2.20495310e-02,  4.27368992e-02],
       [-5.75462527e-02,  1.57153422e-01, -1.22678548e-01,  2.44325079e-02,  1.23170061e-02],
       [-1.56497746e-02,  1.21424826e-02, -5.85530129e-02,  5.14338130e-02, -4.90642843e-02],
       [-2.36226620e-02,  4.49660249e-02, -1.56636814e-02,  5.88777790e-02, -5.14906540e-02],
       [-1.05019661e-02,  6.87300859e-03, -2.75554808e-02, -7.27635826e-02,  5.42140110e-02],
       [ 1.71734437e-02, -1.06709529e-01,  6.45332077e-02, -2.78895046e-02,  4.07262420e-02],
       [-2.93704567e-02,  9.69450735e-02, -1.03165210e-01, -1.95418622e-02,  3.21838636e-02],
       [ 2.92163993e-02, -1.74430621e-01,  1.26778248e-01,  3.22127662e-02, -2.38900395e-02],
       [-3.82206882e-02,  1.32169405e-01, -1.08964402e-01,  1.17475769e-01, -8.70987562e-02],
       [ 1.68005048e-02, -1.29019011e-01,  9.05850467e-02,  2.97002145e-02, -1.79371410e-02],
       [-1.28412015e-01, -2.78142879e-02,  3.83087335e-03,  6.45803227e-02,  2.83488893e-03],
       [-2.64482189e-03, -1.04132165e-01, -5.45450094e-02, -8.96282972e-02, -7.16471098e-02],
       [-5.10204848e-02, -5.29882892e-02,  6.42388567e-02, -5.39287795e-02, -5.73128091e-02],
       [-2.47341971e-02, -8.05163056e-02,  1.67506471e-02,  4.59265477e-02,  3.33443367e-02],
       [ 1.11891828e-01, -7.09723400e-02, -2.96840456e-02,  7.73822381e-02,  1.67249449e-02],
       [-8.42184937e-02, -4.90255953e-02, -3.19895207e-02,  5.72546569e-02,  2.25805227e-02],
       [ 1.20345247e-01, -2.03103110e-03,  1.77658853e-02, -2.22613209e-02, -3.80227570e-02],
       [-1.23145522e-01, -1.54830726e-02, -8.59581037e-03, -6.14102257e-02, -7.74004111e-02],
       [ 1.05139087e-01, -3.36879078e-02,  4.40471812e-02,  2.22007038e-02, -1.89037175e-02],
       [ 1.18939522e-02,  1.52548631e-01,  6.27693289e-02, -8.45370406e-02, -4.29656333e-03],
       [ 4.26831028e-02,  7.94300666e-02, -1.02369080e-01, -8.19806383e-02, -8.83877699e-03],
       [ 2.14257480e-02,  1.22170278e-01, -3.10239060e-02,  7.67665481e-02,  8.43339565e-03],
       [-1.23383683e-01,  5.52204466e-02,  6.67658087e-02,  6.43521915e-02,  3.12727147e-03],
       [ 1.28342070e-01,  1.25507426e-01,  9.21288521e-03,  6.06646537e-02,  1.69558322e-03],
       [-1.74100652e-01, -6.17453086e-02,  3.23419086e-02, -4.94873580e-02, -6.77766982e-03],
       [ 1.24684809e-01,  6.34393489e-02, -4.30110454e-02, -1.27779431e-01, -1.51845998e-02],
       [-1.47793306e-01,  6.39064823e-03, -2.59405403e-02, -1.60799770e-02, -7.39066278e-03],
       [ 5.92084546e-03,  6.84651868e-02,  1.82311833e-03,  2.29342115e-02,  9.54895411e-02],
       [ 3.25919321e-03,  3.59242412e-02, -1.35197136e-02, -1.23065240e-02, -8.26728763e-02],
       [-4.53140131e-02, -7.22014719e-02, -3.72133866e-02, -5.69944569e-02, -5.04265428e-02],
       [ 5.67664504e-03,  9.82400308e-02,  2.94994229e-02, -6.13810827e-02, -4.48629387e-02],
       [-9.44902444e-03, -1.56954430e-01, -6.99703889e-02,  1.40971955e-02,  4.64414971e-02],
       [ 1.74480316e-02,  1.29840375e-01,  4.87073792e-02,  4.14759353e-03,  1.42922793e-01],
       [-4.01955635e-02, -1.07618658e-01, -8.20204741e-02, -2.79938563e-02,  4.79773875e-02],
       [ 4.79105168e-03,  5.16931448e-02, -2.42406644e-02,  2.31815646e-02, -5.76926461e-02],
       [-4.62336984e-02, -1.33024559e-02,  7.97203663e-02, -3.51822998e-02, -4.49995547e-02],
       [ 4.71965715e-02,  8.20916155e-02, -5.55079260e-02, -5.23654857e-02, -6.17249477e-02],
       [-7.16514304e-02, -7.89915930e-02,  9.77586400e-02,  4.65023136e-03,  7.26326136e-02],
       [ 4.49299087e-02,  7.00494624e-02, -9.25741776e-02, -4.87380872e-02,  1.20820803e-01],
       [-4.80159600e-02, -4.17057694e-02,  6.14976874e-02, -4.05239192e-02,  2.31755426e-02],
       [-1.33824797e-02, -6.91326599e-02,  4.55172351e-03,  2.38091871e-02,  1.64349078e-02],
       [ 9.64524504e-03,  6.63869033e-02, -1.87335723e-02,  4.72858840e-02,  5.18154300e-02],
       [-3.21409749e-02, -1.17628934e-01,  2.14437399e-02,  4.51950284e-03, -6.45583404e-02],
       [ 7.92207153e-03,  8.55511444e-02, -2.02943552e-02,  4.61144420e-02, -6.88885700e-02],
       [-2.41017272e-02, -8.51212645e-02,  1.95813929e-03,  4.66264606e-02, -1.99844410e-02],
       [-1.03142470e-01,  1.74169073e-03,  5.35474853e-04,  6.96792010e-02,  2.79290381e-02],
       [ 1.50234937e-01, -8.93810595e-02, -5.53754448e-02, -2.73866375e-02, -4.18437478e-02],
       [-1.13424996e-01,  5.60288878e-02,  5.07878420e-02, -3.59232221e-02, -5.93375834e-02],
       [ 9.46659845e-02, -8.46584211e-02, -1.65013110e-02,  2.45393193e-02, -1.79110587e-02],
       [-1.25806123e-01, -9.51407892e-02, -3.90626987e-02, -1.99914485e-02, -1.85878487e-02],
       [ 8.96180966e-02,  7.74230047e-02,  2.01134420e-02, -6.45048186e-02, -6.88180574e-02],
       [-1.16050235e-01, -3.73631796e-02, -7.07419337e-02,  1.02503505e-02, -2.00802372e-02],
       [-1.42929524e-01, -3.50809166e-02,  7.58626649e-03, -4.68510885e-03,  8.25718383e-02],
       [ 1.71123931e-01, -4.24503317e-02,  5.33445748e-02, -1.80409729e-02,  2.08101658e-02],
       [-1.25357110e-01,  1.59848552e-02, -3.38355046e-02, -6.12316830e-02,  2.17924573e-02]])})
2026-01-20 11:01:04,879 - final_problem_set.kxor_instance_n21_k2_m181_ell2_eps0.15_kappa0.875_rho0.4 - INFO - Running key extraction (n=21, m=181, ell=2, phase_qubits=12)
2026-01-20 11:01:04,882 - final_problem_set.kxor_instance_n21_k2_m181_ell2_eps0.15_kappa0.875_rho0.4 - INFO - Built voting matrix V (n=21, ell=2, dtype=complex128) in 0.003s
2026-01-20 11:01:04,883 - final_problem_set.kxor_instance_n21_k2_m181_ell2_eps0.15_kappa0.875_rho0.4 - INFO - Eval: adv=0.3812, hamming=2/21 (0.095), corr=0.810
2026-01-20 11:01:04,883 - final_problem_set.kxor_instance_n21_k2_m181_ell2_eps0.15_kappa0.875_rho0.4 - INFO - Key extraction complete: x_hat=7
2026-01-20 11:01:04,883 - final_problem_set.kxor_instance_n21_k2_m181_ell2_eps0.15_kappa0.875_rho0.4 - INFO - Finished step 'KeyExtractionStep' in 0.004s (success: True, problem=kxor_instance_n21_k2_m181_ell2_eps0.15_kappa0.875_rho0.4)
2026-01-20 11:01:04,883 - final_problem_set.kxor_instance_n21_k2_m181_ell2_eps0.15_kappa0.875_rho0.4 - INFO - SUCCESS: len(z_hat)=21
2026-01-20 11:01:04,883 - final_problem_set.kxor_instance_n21_k2_m181_ell2_eps0.15_kappa0.875_rho0.4 - INFO - Metrics: adv=0.3812154696132597, ham_frac=0.09523809523809523, corr=0.8095238095238095
2026-01-20 11:01:04,883 - final_problem_set.kxor_instance_n21_k2_m181_ell2_eps0.15_kappa0.875_rho0.4 - INFO - z_hat (full): [ 1,  1, -1,  1, -1,  1, -1, -1,  1,  1, -1, -1, -1,  1,  1, -1, -1, -1,  1,  1,  1]
