2026-01-20 11:01:19,270 - final_problem_set.kxor_instance_n23_k2_m166_ell2_eps0.15_kappa1.0_rho0.4 - INFO - Starting iteration for /Users/julian/CodingProjects/UniT3/QuarticSpeedupK-XOR/z_Daphne/data/final_problem_set/kxor_instance_n23_k2_m166_ell2_eps0.15_kappa1.0_rho0.4.npz
2026-01-20 11:01:19,271 - final_problem_set.kxor_instance_n23_k2_m166_ell2_eps0.15_kappa1.0_rho0.4 - INFO - Loaded instance (n=23, m=166, k=2)
2026-01-20 11:01:19,271 - final_problem_set.kxor_instance_n23_k2_m166_ell2_eps0.15_kappa1.0_rho0.4 - INFO - Starting step 'ComputeKikuchiStep' (version 0.1) on problem kxor_instance_n23_k2_m166_ell2_eps0.15_kappa1.0_rho0.4 (fields={'ell': 2, 'threshold': 0.0})
2026-01-20 11:01:19,300 - final_problem_set.kxor_instance_n23_k2_m166_ell2_eps0.15_kappa1.0_rho0.4 - INFO - Finished step 'ComputeKikuchiStep' in 0.029s (success: True, problem=kxor_instance_n23_k2_m166_ell2_eps0.15_kappa1.0_rho0.4)
2026-01-20 11:01:19,301 - final_problem_set.kxor_instance_n23_k2_m166_ell2_eps0.15_kappa1.0_rho0.4 - INFO - Starting step 'ClassicalEigenvaluesStep' (version 0.1) on problem kxor_instance_n23_k2_m166_ell2_eps0.15_kappa1.0_rho0.4 (fields={'ell': 2, 'threshold': 0.0, 'kikuchi_matrix': <Dictionary Of Keys sparse matrix of dtype 'int64'
	with 5334 stored elements and shape (253, 253)>, 'num_eigenvalues': 5})
2026-01-20 11:01:19,415 - final_problem_set.kxor_instance_n23_k2_m166_ell2_eps0.15_kappa1.0_rho0.4 - INFO - Finished step 'ClassicalEigenvaluesStep' in 0.115s (success: True, problem=kxor_instance_n23_k2_m166_ell2_eps0.15_kappa1.0_rho0.4)
2026-01-20 11:01:19,416 - final_problem_set.kxor_instance_n23_k2_m166_ell2_eps0.15_kappa1.0_rho0.4 - INFO - Starting step 'KeyExtractionStep' (version 0.1) on problem kxor_instance_n23_k2_m166_ell2_eps0.15_kappa1.0_rho0.4 (fields={'ell': 2, 'threshold': 0.0, 'kikuchi_matrix': <Dictionary Of Keys sparse matrix of dtype 'int64'
	with 5334 stored elements and shape (253, 253)>, 'num_eigenvalues': 5, 'eigenvalues': array([-10.56701792, -10.26368964,  10.56391257,  12.21566452,  13.1162034 ]), 'eigenvectors': array([[-1.92070553e-02, -9.73021887e-03,  3.93014534e-02, -1.06260154e-01, -5.82016754e-02],
       [-3.27898774e-02, -5.21962970e-02, -4.62333102e-02, -4.55438376e-02, -1.08289235e-01],
       [-3.14674300e-02, -5.24694895e-02, -5.28256720e-04, -7.12966552e-02, -1.93844050e-02],
       [-2.73173075e-02, -2.54591160e-02,  8.41571361e-02,  3.00997836e-02,  1.25861529e-01],
       [-1.86314422e-02, -1.69307014e-02,  6.75206099e-02,  9.77806676e-02, -2.91403621e-02],
       [ 1.56061333e-02,  6.00662498e-02,  2.35037589e-02,  3.46723453e-02,  5.31926270e-02],
       [ 8.97629150e-03,  2.31987689e-02, -7.70792565e-03, -4.52382075e-02, -1.43056199e-01],
       [ 2.47066598e-02,  2.09405476e-02,  5.48560070e-02, -7.48832412e-02, -1.23881805e-03],
       [ 2.63879276e-02, -3.56636117e-02, -3.39087134e-02,  4.69478126e-02,  9.77163863e-02],
       [ 1.91199874e-02, -1.95408581e-02,  1.45880766e-01, -2.22182168e-02, -3.58454683e-02],
       [-1.73942211e-02,  1.79776078e-02,  5.32294304e-02,  2.53901428e-02,  1.19028739e-01],
       [-1.32240334e-02,  1.40566043e-02,  2.51496356e-03, -7.80912335e-02, -1.48068494e-01],
       [-4.23987482e-02,  2.13387502e-02, -4.59550240e-02,  8.15269598e-02, -6.99738233e-02],
       [ 3.33641942e-02, -5.05466121e-03,  1.04818821e-01,  7.27065187e-02, -4.87783297e-02],
       [-1.26727413e-02, -3.75090869e-02, -2.53495771e-02, -6.48928275e-02, -7.32433758e-02],
       [ 2.80746295e-02,  1.42643568e-02,  3.70566195e-02, -5.68276501e-02, -4.81604149e-02],
       [ 8.23875648e-03,  4.59168441e-02, -3.43756250e-02, -8.38329196e-02,  6.42157896e-02],
       [ 1.30922706e-02, -2.92684043e-02, -2.33133173e-02, -1.43828524e-02, -2.10012769e-02],
       [ 1.38174477e-02, -6.21624172e-03,  6.96143651e-03,  1.02995824e-01,  1.84801079e-02],
       [ 4.37600623e-02,  6.78207468e-04, -1.31341939e-01, -4.08503679e-02, -2.21121982e-02],
       [-2.84717528e-02, -1.75631836e-03,  1.75842225e-02, -5.21524640e-02, -1.37370714e-01],
       [-5.28537712e-02, -2.90616906e-02, -1.20882722e-02,  3.33884701e-02,  1.49954682e-01],
       [-7.93749270e-02, -2.07299792e-02, -2.55424159e-02,  8.80944089e-02,  7.00921323e-02],
       [-8.07104005e-02, -7.54630651e-03,  1.48941733e-03,  5.15486849e-02,  7.77703752e-03],
       [-4.49411693e-02,  7.90954447e-04,  2.41001030e-02, -8.30501874e-02, -7.33522256e-02],
       [-4.52303839e-02, -4.31673526e-03, -6.84456440e-02, -5.08365223e-02,  2.18976440e-02],
       [ 8.49762617e-02,  2.27863751e-02,  1.90016503e-02, -5.18259142e-02, -3.11707518e-02],
       [ 8.60999575e-02,  2.73731311e-02, -6.46641158e-02,  9.16269937e-02,  8.28337835e-02],
       [ 3.88667713e-02, -6.59649470e-03, -2.36137606e-02,  3.98907524e-02, -3.66062012e-03],
       [-8.74767397e-03, -2.80992934e-02,  7.90713928e-02, -9.39967585e-02, -6.80845926e-02],
       [-3.01629886e-03, -1.84044279e-02, -8.98432308e-02,  2.29423290e-02,  1.76515681e-02],
       [ 1.33680008e-02,  1.93612206e-02,  3.14662081e-02, -8.92475633e-02, -8.47621470e-02],
       [ 1.73764174e-04,  6.25216044e-03, -7.99714998e-02,  1.35613011e-01,  8.62126450e-02],
       [-1.69130946e-02,  3.06469353e-02, -1.31642357e-02, -1.76419691e-02,  5.23500666e-02],
       [ 2.75808701e-02, -2.71109768e-02, -9.76901987e-02, -2.30877272e-02,  3.46823332e-02],
       [-6.78046154e-02, -3.90250603e-02, -1.76615367e-02,  7.89557657e-02,  4.35752146e-02],
       [ 2.60705299e-02, -2.81703319e-03, -2.85501956e-02,  5.65275987e-02,  2.71202927e-02],
       [ 6.23362246e-02,  1.27919797e-02,  7.16228154e-02,  1.94518627e-02, -4.83807992e-02],
       [-2.00853937e-02, -3.44724699e-02,  5.44949045e-03,  1.76200988e-02,  1.29295745e-02],
       [ 3.03095846e-02, -6.77075873e-03, -8.93919703e-03, -6.81291518e-02, -6.55464473e-03],
       [ 3.69516673e-02, -1.86463537e-02,  7.55057041e-02,  4.62153642e-02,  1.50581982e-02],
       [-3.28933804e-02,  2.24954539e-02, -9.04507793e-02,  1.17368780e-01,  9.29906697e-02],
       [-6.57124721e-02,  7.79779894e-03,  1.01694917e-01, -1.08242741e-01, -1.05151797e-01],
       [-7.53444538e-02, -1.25332579e-01,  6.97861293e-03,  5.93264855e-02,  2.76411959e-02],
       [-1.04173542e-01, -6.36663922e-02, -9.72715099e-02,  1.57854798e-02, -9.18804924e-02],
       [-4.49149995e-02, -4.36745878e-02, -2.80694895e-02, -9.59588952e-02,  2.24324811e-02],
       [ 6.67993427e-02,  2.15774900e-01, -3.40132023e-02, -7.14989410e-03, -3.98522680e-02],
       [ 6.80982126e-02,  1.56694417e-01,  4.65262525e-02, -9.54974607e-03,  9.42119054e-02],
       [ 1.08693055e-01,  7.83161194e-02, -4.93625198e-02,  6.50736069e-02,  6.55066492e-03],
       [ 6.04259103e-02, -1.14855684e-01, -5.33378647e-03, -5.21738398e-03, -8.29685744e-02],
       [ 5.98433650e-02, -9.02282206e-02, -1.10372742e-01,  9.24737506e-03,  3.75595432e-02],
       [-2.63025308e-02,  1.43594382e-01, -8.32633631e-02,  1.90214728e-02, -9.57225793e-02],
       [-2.36858712e-02,  6.75588987e-02,  5.16235291e-02,  1.57979220e-02,  1.44434757e-01],
       [-1.13738152e-01,  1.07504832e-01,  6.90935198e-02, -9.44142955e-02,  5.08255473e-02],
       [ 1.12707478e-01, -1.36299546e-02, -6.20062790e-02, -8.01185048e-02,  3.50140585e-02],
       [-2.44980495e-02, -1.12662078e-01,  5.39899242e-02,  4.31409037e-02,  8.29554449e-02],
       [ 5.62705284e-02, -2.46478260e-03, -2.38069246e-02,  3.93239905e-02,  5.09627836e-02],
       [ 4.33687344e-02,  1.71027087e-01, -6.09216898e-03,  9.68962060e-02, -4.39777613e-02],
       [ 4.96455868e-02, -7.90269751e-02,  3.20551541e-02,  5.24943218e-03,  2.04653956e-02],
       [ 6.80299398e-02,  2.10538990e-02, -5.10548924e-03, -9.34911279e-02, -2.83388154e-02],
       [ 1.05095916e-01, -3.37712377e-02,  1.06979515e-01,  3.23241102e-02,  2.30428453e-02],
       [-1.31076915e-01, -1.19418875e-02,  3.46941628e-02, -4.51831220e-03,  1.12833940e-01],
       [-9.42255745e-02, -2.95409945e-02, -4.91624071e-02,  2.51547986e-02, -1.22712225e-01],
       [-1.26724847e-01, -8.14947104e-02, -7.60904422e-03, -6.38592759e-02, -2.66303327e-02],
       [-4.68809756e-02, -4.92698952e-02, -2.73816825e-02, -9.33849058e-03,  3.21356145e-03],
       [ 6.18285928e-02,  1.67078501e-01, -1.00596395e-03, -3.44916405e-02, -6.80734320e-03],
       [ 7.16652560e-02,  1.58477169e-01, -1.40026022e-02,  6.31029650e-02,  1.63623001e-02],
       [ 1.12916335e-01,  6.46181356e-02, -5.19466726e-03,  1.71077342e-02, -3.45929712e-04],
       [ 5.87567076e-02, -1.15797560e-01,  1.52738655e-02, -6.14252165e-02, -1.93256632e-02],
       [ 6.33671790e-02, -6.97412956e-02, -2.88527528e-02,  1.86290987e-02,  4.70871172e-03],
       [-2.83437468e-02,  1.07624898e-01, -9.95012125e-04, -6.59248361e-02, -2.78459269e-02],
       [-4.15642474e-02,  2.15949826e-02, -9.15560363e-03,  8.98026722e-02,  1.38303516e-02],
       [-1.25702855e-01,  9.85920569e-02, -5.11240003e-03,  1.02594458e-02,  1.44995397e-02],
       [ 1.13443288e-01, -3.73679456e-02, -3.51159270e-02,  2.91370860e-03,  1.19985981e-02],
       [-3.69264866e-02, -1.56311699e-01,  3.67490373e-03,  5.34309052e-02,  1.39894112e-02],
       [ 6.79202683e-02,  1.17298461e-02,  6.61390261e-05,  3.19871535e-02,  5.35167860e-03],
       [ 3.42915127e-02,  1.29099695e-01,  2.50781004e-02, -5.23788899e-03, -1.13659115e-02],
       [ 4.76102967e-02, -1.15433726e-01,  5.42234770e-04,  9.81329180e-03,  3.32974826e-03],
       [ 8.35897616e-02,  2.68196934e-02, -7.74648065e-03, -2.59465033e-02, -9.80529858e-04],
       [ 1.25170281e-01, -1.75438177e-02,  2.96135348e-02,  2.16798039e-02,  5.22243332e-03],
       [-1.10971156e-01,  2.07585105e-02, -2.09932378e-02,  8.22478568e-02,  4.06562648e-02],
       [-9.68339970e-02, -2.95762015e-02,  1.93378205e-02, -8.42590283e-02, -2.01216324e-02],
       [-7.19753346e-02, -2.96877038e-02,  3.59662890e-02,  1.12248189e-01, -1.53968102e-02],
       [ 1.08621926e-01,  1.03883002e-01,  4.59161676e-02,  2.79389506e-03,  4.07279951e-02],
       [ 1.13886552e-01,  9.87855219e-02, -9.32832713e-02,  3.51610019e-02, -1.16122871e-01],
       [ 7.61026007e-02,  2.44166419e-02,  4.50672257e-02, -6.93792644e-02, -1.55858247e-02],
       [ 1.89579749e-02, -8.08804728e-02,  3.60334208e-02, -1.45146199e-02,  1.14723922e-01],
       [ 1.56778612e-02, -5.85034801e-02,  1.20143393e-01,  1.98576580e-04, -5.53736120e-02],
       [-5.50045085e-03,  7.26016217e-02,  1.25728968e-01, -4.35853467e-02,  1.08482310e-01],
       [-3.61211939e-03,  3.65854675e-02, -9.71016420e-02,  1.30217451e-02, -1.53210310e-01],
       [-6.25928470e-02,  8.14670242e-02, -8.08515937e-02,  1.07107646e-01, -4.68463645e-02],
       [ 7.80332710e-02, -2.74630007e-02,  6.55295258e-02,  9.91543413e-02, -4.41997745e-02],
       [-7.62336775e-02, -7.82870491e-02, -6.04552106e-02, -2.70131825e-02, -7.33447136e-02],
       [ 4.84940050e-02, -2.27640993e-03,  4.30945903e-03, -3.86354912e-02, -7.62396001e-02],
       [ 8.63936685e-02,  1.01901907e-01,  2.64257733e-02, -1.21116659e-01,  5.22375254e-02],
       [ 7.06885661e-04, -7.22058152e-02, -3.82988951e-02, -4.98896974e-03, -1.85692336e-02],
       [ 5.32033973e-02, -1.56479171e-03,  1.74381317e-02,  1.02035986e-01,  3.63768275e-02],
       [ 8.55360758e-02, -2.84982866e-02, -1.47882628e-01, -3.52902788e-02, -3.22984186e-02],
       [-8.08172401e-02,  1.35531985e-02, -7.42585769e-02,  3.24908622e-02, -1.31356731e-01],
       [-1.29482746e-01, -1.62123194e-02,  9.12473014e-02, -5.48201030e-02,  1.35484563e-01],
       [ 5.09674611e-02,  1.02496498e-01,  1.93234414e-02,  4.63270926e-02, -6.16843280e-03],
       [ 4.69216047e-02,  6.01632351e-02, -4.88586695e-02, -1.03802625e-01,  6.55268318e-03],
       [ 6.14284471e-02,  3.02655438e-02, -2.98917137e-02,  4.81293002e-04,  4.44452400e-03],
       [ 2.43697224e-02, -7.07694517e-02,  6.02305772e-02,  9.78963628e-02, -2.71063974e-02],
       [ 2.84708879e-02, -4.58121171e-02, -4.95961271e-02, -2.86302030e-02,  1.06290576e-02],
       [-8.02196111e-03,  6.01867480e-02,  4.38797766e-02,  1.19727745e-01, -2.03357252e-02],
       [-1.32294242e-02,  3.13716283e-02, -8.62885182e-02, -1.47696901e-01,  3.02124489e-02],
       [-5.69623142e-02,  5.85639238e-02, -8.38296882e-04, -4.84469052e-02, -1.06608913e-03],
       [ 5.20367626e-02, -1.68110545e-02, -1.33064563e-02, -3.51615414e-02,  3.00154920e-03],
       [-3.04171758e-02, -7.01377990e-02, -4.81307798e-02, -7.23662542e-02,  1.35260729e-02],
       [ 3.85631161e-02, -3.46560406e-03, -4.96861611e-02, -4.18367057e-02,  1.69728585e-02],
       [ 3.39320652e-02,  9.22249948e-02,  4.38689792e-03,  4.56106316e-02,  4.41135237e-04],
       [ 1.55917122e-02, -4.98410453e-02, -7.77574514e-03, -1.22360000e-02, -6.90536626e-04],
       [ 3.32062810e-02,  5.67395566e-04,  3.10420023e-02,  6.68561944e-03, -9.55241973e-03],
       [ 6.36327670e-02, -1.78129407e-02,  8.52543448e-03, -2.25718007e-02,  1.16572291e-02],
       [-6.02612077e-02,  9.87834544e-03, -6.83679510e-02, -1.36110332e-01,  2.08326893e-02],
       [-5.17985446e-02, -1.55949982e-02,  6.58185159e-02,  1.35455996e-01, -6.67362382e-03],
       [-3.91487281e-02, -2.11696979e-01, -2.17526822e-02, -4.96139083e-03, -3.95577962e-02],
       [-9.88560095e-02, -7.07810976e-02,  2.90990366e-02, -3.23666922e-02, -2.10800123e-03],
       [-8.55956837e-02,  1.02349863e-01,  3.68779133e-03,  9.89682667e-03,  3.68956019e-02],
       [-7.99162963e-02,  4.80698295e-02,  6.84638500e-02, -9.20535722e-03, -1.60103869e-02],
       [ 5.56971218e-02, -8.48076222e-02,  6.28683365e-02, -4.47410006e-03,  6.25346653e-02],
       [ 4.72117833e-02, -3.95535486e-03, -2.23408142e-02, -1.90267477e-02, -5.24675386e-02],
       [ 1.57420014e-01, -9.23303325e-02, -3.85908170e-02,  4.47587683e-02, -2.52794819e-02],
       [-1.33720049e-01,  2.82230759e-02,  3.60809214e-02,  3.89792511e-02, -1.61683917e-02],
       [ 5.75805817e-04,  1.84458177e-01, -2.76486037e-02, -3.36792580e-02, -4.12846245e-02],
       [-8.26343997e-02, -5.22429239e-02,  1.34068891e-02, -2.68825365e-02, -2.65686084e-02],
       [-7.31417359e-03, -1.49321176e-01,  3.95396358e-03, -5.02530925e-02,  1.82402909e-02],
       [-7.69387163e-02,  1.46090025e-01, -1.16543487e-02, -3.39263348e-03, -6.18464404e-03],
       [-7.64130319e-02, -2.51875143e-02, -2.61514518e-03,  5.02713249e-02,  1.01742546e-02],
       [-1.40827637e-01, -5.73952660e-03, -6.37745694e-02, -1.84697883e-02, -1.47333991e-02],
       [ 1.31409685e-01,  1.31665810e-04, -1.39039592e-02, -9.90657620e-03, -6.02352168e-02],
       [ 1.11368320e-01,  7.00735444e-02,  2.11977143e-02,  4.33843066e-03,  4.70001198e-02],
       [-1.06625518e-01, -8.67716681e-02, -7.07644516e-02,  7.35829539e-02,  5.09904215e-03],
       [-8.27293612e-02,  1.25904904e-01,  3.81485656e-02,  2.25899780e-03, -1.13126509e-01],
       [-7.71893335e-02,  8.03535791e-02, -1.58047567e-01,  8.24947593e-03,  4.26430931e-02],
       [ 5.53089175e-02, -9.91540558e-02, -6.48710624e-02,  3.55072320e-02, -1.16100311e-01],
       [ 4.07443416e-02, -5.65315011e-02, -4.87123793e-03,  1.59415436e-03,  1.49228730e-01],
       [ 1.50232094e-01, -9.42223182e-02,  6.87779966e-02, -1.10295136e-01,  5.55933470e-02],
       [-1.28004510e-01,  2.03406144e-02, -9.10292475e-02, -9.27054537e-02,  4.18633442e-02],
       [ 1.22840276e-02,  1.55099920e-01,  2.17334837e-02,  3.35515292e-02,  7.95537925e-02],
       [-8.15026543e-02, -3.80898444e-02, -5.32424028e-02,  4.27133715e-02,  6.72495766e-02],
       [-1.86657720e-02, -1.63927254e-01,  1.25940839e-02,  1.05565102e-01, -4.05330113e-02],
       [-6.59919864e-02,  1.04240000e-01,  2.18226054e-02,  6.79678534e-03,  8.05287622e-03],
       [-6.46400429e-02,  2.80809482e-04,  1.20432669e-02, -1.03558106e-01, -2.63444247e-02],
       [-1.39855182e-01,  3.66867283e-03,  1.35127519e-01,  3.50180745e-02,  3.73803459e-02],
       [ 1.25850593e-01, -4.73713346e-03, -1.14821671e-02, -1.90256353e-02,  1.30460238e-01],
       [ 1.32408288e-01,  8.64030854e-02,  8.89850638e-04,  3.98486620e-02, -1.32706687e-01],
       [-4.72939393e-03,  6.05926498e-02,  6.66256117e-02, -6.98959185e-02, -3.84717297e-03],
       [-1.20285967e-02,  3.58584044e-02, -3.28535889e-02,  2.14883277e-02, -4.19015255e-03],
       [-3.20365192e-03, -4.44361705e-02,  5.89507777e-02, -7.62466538e-02, -1.10492361e-02],
       [ 8.69086203e-03, -1.16798662e-02, -8.93314343e-02,  1.05003487e-01,  5.44220159e-03],
       [ 5.10606652e-02, -5.83536080e-02, -2.71095717e-02,  1.71471161e-02,  1.12947085e-02],
       [-4.95930363e-02,  2.89199657e-02, -4.59416112e-02,  1.24875213e-02,  3.68659834e-03],
       [ 7.97855929e-02,  8.65533770e-02, -3.25146910e-02,  5.40604846e-02,  2.25781128e-03],
       [-5.46629682e-02, -6.76946888e-03, -2.52936068e-02,  3.48069125e-02, -1.15310855e-03],
       [-7.52657044e-02, -7.05215270e-02,  4.93245659e-02, -2.28649332e-02, -7.25187246e-03],
       [ 1.07601188e-02,  7.11510695e-02, -6.67307186e-03,  9.72492335e-03, -5.26691215e-04],
       [-3.53847097e-02,  1.11415068e-03,  4.90688668e-03, -1.88943894e-02,  3.92149443e-03],
       [-6.04621587e-02,  1.34035579e-02,  8.59372764e-03,  2.25094436e-02,  1.39482694e-03],
       [ 5.73832374e-02, -1.80513834e-02, -8.00239372e-02,  9.28503386e-02, -3.45425217e-03],
       [ 9.76140980e-02,  1.91914366e-02,  9.45357769e-02, -9.48090124e-02, -9.02661358e-03],
       [ 3.54686467e-02, -9.35659213e-03,  1.37263671e-01, -1.22274370e-02, -2.77679557e-02],
       [-4.09882558e-02,  3.12341101e-02,  1.11738134e-02, -1.67109090e-02,  1.08965292e-01],
       [-2.82287767e-02, -7.20548624e-04,  6.00009233e-02, -2.28604411e-02, -1.31585526e-01],
       [-5.37574012e-02,  1.01513060e-02, -3.59609741e-02,  1.01183663e-01, -6.65531828e-02],
       [ 3.54085281e-02,  1.21878052e-02,  8.68658193e-02,  7.80101931e-02, -3.23280771e-02],
       [ 8.19000260e-02, -1.02525065e-01,  1.18021325e-02, -4.48880152e-02, -8.45608495e-02],
       [ 3.40484929e-03,  4.52529824e-02,  6.38700889e-02, -4.44120650e-02, -5.38961261e-02],
       [-6.46793644e-02,  7.48471909e-02, -2.91179383e-02, -9.24093478e-02,  4.16851650e-02],
       [ 6.57897910e-02, -5.55136472e-02, -1.19922819e-02, -5.66125547e-03, -2.01399440e-02],
       [ 7.36473079e-03,  2.54115482e-02, -1.64980147e-02,  9.97577636e-02,  2.50936366e-02],
       [ 3.17380530e-02,  2.71124690e-02, -1.08535508e-01, -3.42655841e-02, -2.89243148e-02],
       [-2.67987033e-02, -3.06018958e-02,  7.10274037e-02, -3.13578485e-03, -1.36491347e-01],
       [ 4.68252050e-03, -6.81339444e-02, -5.86502522e-02, -1.74382077e-02,  1.28933642e-01],
       [-2.75578639e-02,  5.90196782e-03,  1.38495677e-01,  9.53870247e-04, -5.56765888e-02],
       [-1.44526659e-02, -1.23360103e-02, -2.08064541e-01,  1.52708182e-02,  4.02039683e-02],
       [-4.18124973e-02, -4.94659593e-03, -5.46192314e-02, -2.72519259e-02,  2.90575010e-02],
       [ 2.12825002e-02,  1.11772213e-02, -6.76124371e-02, -1.73405298e-02,  1.20143849e-02],
       [ 7.30373789e-02, -7.15131085e-02, -9.73531868e-02,  1.66596863e-02,  3.19604580e-02],
       [-1.10711778e-03,  3.81120302e-02, -7.06434393e-02,  1.20051736e-02,  1.22947118e-02],
       [-6.49074045e-02,  4.46265576e-02,  8.23207981e-02,  2.27992116e-02, -1.93385559e-02],
       [ 5.26449476e-02, -3.82877621e-02, -1.96684937e-02,  3.10447249e-03,  5.08822384e-03],
       [ 1.81384213e-03,  1.73452729e-02,  3.44253406e-02, -3.26816190e-02, -3.68233772e-03],
       [ 1.41545857e-02,  2.52117245e-02,  3.78257944e-03,  1.43237058e-02,  1.07587745e-02],
       [-9.95238892e-03, -1.53000916e-02, -1.86615853e-01,  1.27646942e-02,  4.03309835e-02],
       [ 2.28043550e-02, -4.72627172e-02,  2.12779809e-01, -5.17800953e-03, -5.43712792e-02],
       [ 1.70399620e-02,  9.37416854e-03, -6.86896778e-02,  1.81321007e-02, -1.62869820e-01],
       [ 5.49335432e-02, -1.04802272e-02, -7.50917298e-02,  1.16358020e-01, -5.21404744e-02],
       [-3.95941363e-02,  2.53200760e-03,  7.71465707e-02,  1.05581268e-01, -4.67014707e-02],
       [-5.82904971e-02,  1.22220644e-01, -4.58918531e-02, -2.62365372e-02, -7.67595276e-02],
       [-1.52773902e-02, -4.87064942e-02,  2.75328104e-02, -3.89467667e-02, -6.96469496e-02],
       [ 4.64242124e-02, -7.52507602e-02,  1.28754901e-02, -1.28524467e-01,  5.57301093e-02],
       [-5.24920432e-02,  6.91017771e-02, -3.62601112e-02, -5.36262722e-03, -1.98273728e-02],
       [-1.21299445e-02, -1.07493319e-02,  2.10221331e-02,  1.06760327e-01,  4.37989327e-02],
       [-3.89289711e-02, -3.14911996e-02, -1.49922657e-01, -3.68323649e-02, -3.08501371e-02],
       [ 2.66590166e-02,  7.65762743e-03, -4.72175984e-02,  3.79495180e-02, -1.38137037e-01],
       [ 1.68365617e-02,  7.42146715e-02,  7.14527530e-02, -7.21336178e-02,  1.65454064e-01],
       [ 2.82837579e-02,  7.87166604e-03,  7.02928612e-02, -1.41598467e-01,  8.78956027e-02],
       [-1.04097593e-02,  6.65501451e-03, -1.41939598e-01, -1.21381404e-01,  6.07902380e-02],
       [-3.51286618e-02,  5.24353911e-02,  2.24028059e-02,  7.19742303e-02,  1.19134516e-01],
       [-4.05423302e-03, -2.41945116e-02, -6.51952204e-02,  6.52582101e-02,  6.87890683e-02],
       [ 3.90331032e-02,  9.17913115e-04,  3.96809538e-02,  1.41937324e-01, -6.37836238e-02],
       [-2.66161845e-02,  3.44501221e-02,  2.84348793e-02,  1.21558171e-02,  2.33730544e-02],
       [-5.09307293e-03, -1.24449405e-02,  5.82657278e-03, -1.51089818e-01, -3.50777175e-02],
       [-1.42113595e-02, -1.47894317e-02,  1.84375324e-01,  5.34173456e-02,  3.14887730e-02],
       [-1.63529402e-03,  4.08924537e-03, -4.27926881e-02,  1.16913420e-02,  1.87210701e-01],
       [-7.69685507e-03,  1.89748865e-02,  3.33927709e-02,  1.97511832e-02, -1.94855617e-01],
       [-1.25567515e-03, -2.04325335e-02, -9.88025099e-03, -6.08802532e-02,  1.68483529e-02],
       [-1.24185190e-01,  8.02142788e-02,  3.78455143e-02, -5.57734557e-02,  4.42358670e-02],
       [ 2.19618038e-02, -4.77251750e-02, -1.13420105e-02, -2.39288179e-02,  3.68890987e-02],
       [ 1.17102127e-01, -5.41184569e-02, -3.44052831e-02,  7.85327351e-02, -1.74088325e-02],
       [-6.25991949e-02,  3.05590477e-02,  1.28918563e-02, -5.23048811e-03,  7.18539494e-03],
       [ 2.16131336e-02, -2.16921132e-02, -2.33419961e-03, -2.04882657e-02, -2.54935939e-02],
       [ 4.56944443e-04, -3.70150944e-02,  5.61231291e-02, -5.81811871e-03,  1.91187483e-02],
       [-1.50607908e-02,  3.87157067e-02,  6.48889093e-02, -1.37059026e-01,  7.33393794e-02],
       [-5.41416343e-02,  6.87123912e-02, -7.89251693e-02,  1.42859984e-01, -6.27518986e-02],
       [ 1.05485731e-01,  7.76418321e-03, -7.23765241e-02, -5.16845128e-02,  3.94248407e-02],
       [-3.85568608e-02,  1.71324048e-02, -7.26624933e-02, -2.66824496e-02,  2.54948432e-02],
       [-9.68033479e-02,  2.22893880e-02,  2.34871135e-02,  5.65980606e-02, -1.07262312e-02],
       [ 4.25051672e-02,  1.92256464e-02, -1.32786000e-02, -1.34730427e-02,  5.42252662e-03],
       [-2.68591523e-02,  1.30986396e-02,  4.21990758e-02, -1.32564585e-02, -1.46331381e-02],
       [-2.36017630e-02,  1.66060026e-02,  1.22524608e-02, -1.41509975e-02,  1.57654225e-02],
       [ 2.52444242e-02, -3.32962194e-02, -1.17275331e-01, -1.11264777e-01,  4.36159345e-02],
       [ 6.61267662e-02, -2.65455601e-02,  1.23959224e-01,  1.25445681e-01, -5.15466651e-02],
       [ 5.50218740e-02,  2.95912382e-02, -1.49727322e-02,  5.10737149e-02,  4.51107141e-02],
       [-5.31868355e-03,  1.41954675e-01,  1.46508844e-02,  6.05216682e-02, -4.83552281e-02],
       [ 6.31759853e-02, -7.01325784e-02,  2.37496974e-02,  1.58576875e-02,  1.42341786e-02],
       [ 5.28877328e-02,  2.36029342e-02, -1.65227042e-02, -8.17323069e-02, -1.90441773e-02],
       [ 1.04759032e-01, -6.98030291e-03,  1.05385180e-01,  3.87319949e-02,  2.37047654e-02],
       [-1.09957318e-01, -3.07638374e-02,  8.72838792e-03,  4.51800830e-02,  9.06058657e-02],
       [-7.70189794e-02, -4.89172640e-02, -1.27650661e-02, -3.30182669e-02, -9.97368970e-02],
       [-6.29346910e-02, -5.65345995e-02,  5.46911637e-02,  3.08611731e-02, -3.56071918e-02],
       [ 7.85471107e-03,  2.75751748e-02,  1.51362491e-03,  1.05517831e-02,  1.06072987e-02],
       [-3.40186640e-02,  5.60297330e-04, -4.46633148e-04, -5.39067435e-02, -8.21806491e-03],
       [-3.76415781e-02,  2.75794690e-02,  5.27078941e-02,  2.84856802e-02,  1.13535277e-02],
       [ 4.78410022e-02, -1.52400148e-02, -7.33653097e-02,  5.60325232e-02,  7.94537038e-02],
       [ 5.70120491e-02, -1.24189433e-02,  7.96113580e-02, -4.66413044e-02, -8.56571443e-02],
       [-6.07988198e-02,  1.08000331e-01, -2.66880244e-03,  1.17819711e-02, -5.91805104e-03],
       [-5.60119368e-02, -2.72851493e-02, -3.26156201e-02,  2.29985354e-02,  1.96218825e-02],
       [-1.04532831e-01, -1.06989770e-02, -4.39804299e-02,  1.38156717e-02, -1.93413550e-02],
       [ 9.53589674e-02,  3.99244292e-03,  3.09671484e-02,  1.39221079e-01, -6.49532988e-02],
       [ 7.52466990e-02,  5.96079221e-02, -1.90326265e-02, -1.43597811e-01,  5.08359371e-02],
       [ 9.16065179e-03,  2.40090917e-02, -2.60553366e-03, -1.19417412e-02, -3.96431616e-03],
       [ 4.14454122e-02,  9.83060264e-03,  2.61924119e-02,  7.49864883e-03,  6.61500460e-03],
       [-3.90680224e-02, -3.57995242e-02,  2.88874679e-02,  8.77283017e-03,  1.12825064e-02],
       [-4.49293080e-03, -5.37415637e-02, -2.67408545e-02, -5.94100664e-03, -2.19667412e-02],
       [-2.83486791e-02,  4.07735342e-03, -3.14225998e-02, -2.80055942e-02, -5.16676706e-03],
       [ 3.54462744e-02, -1.42874345e-02,  1.26079508e-02, -1.32369365e-01, -3.70953311e-02],
       [ 5.80759832e-02,  1.05149715e-02, -1.89941228e-02,  1.33140502e-01,  4.18323588e-02],
       [ 4.71659216e-02, -2.28720524e-02,  1.58682460e-01,  4.58625412e-02,  4.28817436e-02],
       [ 6.36483776e-02, -2.69761598e-02, -1.74275667e-01, -3.71148012e-02, -5.81262082e-02],
       [-7.93802086e-02,  1.40646361e-02,  4.09282812e-02,  4.57651721e-02, -1.72394326e-01]])})
2026-01-20 11:01:19,418 - final_problem_set.kxor_instance_n23_k2_m166_ell2_eps0.15_kappa1.0_rho0.4 - INFO - Running key extraction (n=23, m=166, ell=2, phase_qubits=12)
2026-01-20 11:01:19,422 - final_problem_set.kxor_instance_n23_k2_m166_ell2_eps0.15_kappa1.0_rho0.4 - INFO - Built voting matrix V (n=23, ell=2, dtype=complex128) in 0.004s
2026-01-20 11:01:19,423 - final_problem_set.kxor_instance_n23_k2_m166_ell2_eps0.15_kappa1.0_rho0.4 - INFO - Eval: adv=0.3855, hamming=10/23 (0.435), corr=0.130
2026-01-20 11:01:19,423 - final_problem_set.kxor_instance_n23_k2_m166_ell2_eps0.15_kappa1.0_rho0.4 - INFO - Key extraction complete: x_hat=12
2026-01-20 11:01:19,423 - final_problem_set.kxor_instance_n23_k2_m166_ell2_eps0.15_kappa1.0_rho0.4 - INFO - Finished step 'KeyExtractionStep' in 0.005s (success: True, problem=kxor_instance_n23_k2_m166_ell2_eps0.15_kappa1.0_rho0.4)
2026-01-20 11:01:19,423 - final_problem_set.kxor_instance_n23_k2_m166_ell2_eps0.15_kappa1.0_rho0.4 - INFO - SUCCESS: len(z_hat)=23
2026-01-20 11:01:19,423 - final_problem_set.kxor_instance_n23_k2_m166_ell2_eps0.15_kappa1.0_rho0.4 - INFO - Metrics: adv=0.3855421686746988, ham_frac=0.43478260869565216, corr=0.13043478260869565
2026-01-20 11:01:19,423 - final_problem_set.kxor_instance_n23_k2_m166_ell2_eps0.15_kappa1.0_rho0.4 - INFO - z_hat (full): [ 1, -1, -1, -1,  1, -1,  1, -1, -1,  1, -1,  1, -1, -1, -1, -1, -1,  1, -1,  1, -1, -1,  1]
