2026-01-20 11:00:31,802 - final_problem_set.kxor_instance_n14_k2_m144_ell2_eps0.25_kappa0.75_rho0.8 - INFO - Starting iteration for /Users/julian/CodingProjects/UniT3/QuarticSpeedupK-XOR/z_Daphne/data/final_problem_set/kxor_instance_n14_k2_m144_ell2_eps0.25_kappa0.75_rho0.8.npz
2026-01-20 11:00:31,802 - final_problem_set.kxor_instance_n14_k2_m144_ell2_eps0.25_kappa0.75_rho0.8 - INFO - Loaded instance (n=14, m=144, k=2)
2026-01-20 11:00:31,802 - final_problem_set.kxor_instance_n14_k2_m144_ell2_eps0.25_kappa0.75_rho0.8 - INFO - Starting step 'ComputeKikuchiStep' (version 0.1) on problem kxor_instance_n14_k2_m144_ell2_eps0.25_kappa0.75_rho0.8 (fields={'ell': 2, 'threshold': 0.0})
2026-01-20 11:00:31,814 - final_problem_set.kxor_instance_n14_k2_m144_ell2_eps0.25_kappa0.75_rho0.8 - INFO - Finished step 'ComputeKikuchiStep' in 0.011s (success: True, problem=kxor_instance_n14_k2_m144_ell2_eps0.25_kappa0.75_rho0.8)
2026-01-20 11:00:31,814 - final_problem_set.kxor_instance_n14_k2_m144_ell2_eps0.25_kappa0.75_rho0.8 - INFO - Starting step 'ClassicalEigenvaluesStep' (version 0.1) on problem kxor_instance_n14_k2_m144_ell2_eps0.25_kappa0.75_rho0.8 (fields={'ell': 2, 'threshold': 0.0, 'kikuchi_matrix': <Dictionary Of Keys sparse matrix of dtype 'int64'
	with 1728 stored elements and shape (91, 91)>, 'num_eigenvalues': 5})
2026-01-20 11:00:31,839 - final_problem_set.kxor_instance_n14_k2_m144_ell2_eps0.25_kappa0.75_rho0.8 - INFO - Finished step 'ClassicalEigenvaluesStep' in 0.025s (success: True, problem=kxor_instance_n14_k2_m144_ell2_eps0.25_kappa0.75_rho0.8)
2026-01-20 11:00:31,839 - final_problem_set.kxor_instance_n14_k2_m144_ell2_eps0.25_kappa0.75_rho0.8 - INFO - Starting step 'KeyExtractionStep' (version 0.1) on problem kxor_instance_n14_k2_m144_ell2_eps0.25_kappa0.75_rho0.8 (fields={'ell': 2, 'threshold': 0.0, 'kikuchi_matrix': <Dictionary Of Keys sparse matrix of dtype 'int64'
	with 1728 stored elements and shape (91, 91)>, 'num_eigenvalues': 5, 'eigenvalues': array([ 8.07595508,  8.65683396,  9.6095843 , 10.41511694, 15.59729845]), 'eigenvectors': array([[-2.33213170e-02,  2.26892207e-02,  6.67963734e-02,  1.56971261e-02, -1.57422749e-01],
       [ 2.27189346e-02, -5.05791489e-02,  4.00027296e-02,  1.27800087e-01, -1.13987836e-01],
       [ 1.58096041e-01, -1.96356884e-02,  6.49470550e-02, -7.68561277e-02,  1.20902749e-01],
       [-2.40267994e-01, -4.72390189e-02, -7.87413721e-02, -2.47304336e-02,  1.17573151e-01],
       [-3.96255390e-02,  1.76794169e-01, -2.70514937e-02, -8.07103351e-02,  1.09626072e-01],
       [ 4.46308899e-02, -3.50307944e-02,  4.55019117e-03, -1.99564752e-01,  1.21654463e-01],
       [-7.05634338e-02,  3.08079847e-02,  2.17213946e-01, -1.27120748e-01,  3.04862130e-02],
       [ 1.13336076e-02,  2.16018850e-01, -5.29797250e-02,  3.07849130e-02, -1.11455030e-01],
       [ 8.85673072e-02,  1.22153070e-01, -3.40996629e-02,  4.33267075e-02, -1.21971708e-01],
       [ 2.99409958e-02,  6.19454302e-02,  2.28458041e-02,  1.03972811e-01, -1.25096641e-01],
       [-1.20085247e-01, -1.41482163e-02, -3.05964272e-02, -1.91959058e-01,  1.22277998e-01],
       [-6.85218325e-02,  5.55778123e-02,  1.59862713e-01,  1.52830194e-01,  6.32854625e-02],
       [ 6.40736598e-02,  9.23083044e-02, -4.25157076e-02,  1.43248477e-01, -1.28356603e-01],
       [-7.33929486e-02, -9.89305398e-02,  1.01424473e-01, -5.46525822e-02, -1.16798911e-01],
       [ 2.42506880e-01,  3.38440646e-02, -7.27087908e-03,  1.13022287e-01,  1.20811255e-01],
       [-1.11061500e-01,  6.44616717e-03, -1.39286708e-01,  1.52181964e-01,  1.14146854e-01],
       [ 5.17800502e-02,  2.10129172e-01, -8.47613106e-02,  8.55994115e-02,  1.09675172e-01],
       [ 1.52330881e-01,  2.51561952e-02, -6.13008691e-02,  1.00255979e-03,  1.30349786e-01],
       [-4.16242060e-02,  5.19723059e-02,  2.04558374e-01, -7.53557635e-02,  5.50354485e-02],
       [-8.60617627e-02,  1.51919931e-01,  1.03051735e-02, -1.35929891e-01, -1.10310184e-01],
       [-2.01390918e-02,  5.76550824e-02,  3.67150440e-02, -1.45069291e-01, -1.20580271e-01],
       [-8.18666288e-02,  9.08276750e-04,  9.46023967e-02, -1.00179765e-01, -1.26744369e-01],
       [-1.95404199e-02,  4.82163166e-02, -9.78082689e-02,  1.00823367e-02,  1.30526934e-01],
       [-1.61235911e-02,  7.64584583e-02,  1.28718753e-01,  2.10674227e-01,  3.89338776e-02],
       [-4.82109524e-02,  2.78336023e-02,  2.67531627e-02, -6.78252601e-02, -1.33622793e-01],
       [ 1.90010483e-01,  9.01541977e-02,  2.99063140e-03, -7.31919358e-03,  1.11133172e-01],
       [-1.50942427e-01,  5.93994908e-02, -1.20819991e-01,  3.64220778e-02,  1.06706877e-01],
       [ 1.15920544e-02,  2.49475392e-01, -7.03502766e-02, -2.17944792e-02,  9.67431216e-02],
       [ 9.56227622e-02,  8.97295029e-02, -5.06986340e-02, -1.18292909e-01,  1.13356176e-01],
       [-5.55978801e-02,  7.02165298e-02,  1.88302260e-01, -1.13902377e-01,  3.83899987e-02],
       [-4.98024031e-02,  1.05618425e-01,  3.16798742e-03, -3.08964564e-02, -1.14360511e-01],
       [ 2.66587664e-02, -2.82966182e-03,  2.86109082e-02, -2.69281311e-02, -1.24624535e-01],
       [-3.86546669e-02, -7.09466311e-02,  9.12763102e-02,  3.22317232e-02, -1.28674524e-01],
       [-5.39792401e-02,  1.12153459e-01, -8.28289600e-02, -1.10951770e-01,  1.13813935e-01],
       [-2.83323719e-02,  9.15627325e-02,  1.20296849e-01,  1.71612731e-01,  4.95361691e-02],
       [-1.08361672e-03, -4.33191984e-02,  1.79043374e-02,  6.17754433e-02, -1.18620744e-01],
       [-5.88478062e-03, -2.67886691e-03,  4.72037043e-02, -1.15342524e-01, -1.35899332e-01],
       [-1.54691381e-01, -1.96054920e-01, -9.36065254e-03, -2.73153744e-02, -1.05120854e-01],
       [-2.90149057e-01, -1.92316174e-02, -5.87963968e-02,  6.70918966e-02, -1.18866514e-01],
       [-1.61596361e-02, -4.25027230e-02, -2.32714521e-01,  1.06919826e-01, -3.93491206e-02],
       [ 1.84012014e-01, -1.48856821e-01,  8.06579339e-02,  7.55263622e-02,  1.03932412e-01],
       [ 1.37110195e-01, -6.16737419e-02,  6.68824120e-02,  7.53288466e-02,  1.15633931e-01],
       [ 2.08522035e-01, -6.53960266e-03,  2.13479694e-02,  2.82993959e-02,  1.20745284e-01],
       [-1.49329961e-01, -4.75463513e-02, -2.31999901e-02,  6.79536432e-02, -1.36294647e-01],
       [ 9.49832145e-03, -6.56567143e-02, -1.37184482e-01, -1.86644674e-01, -4.11774110e-02],
       [ 1.90477219e-01, -3.16251047e-02,  8.92280297e-02, -5.78195662e-03,  1.25486248e-01],
       [ 1.47814686e-01, -1.62424048e-01,  1.02512733e-01, -6.57214172e-02, -1.00624525e-01],
       [ 1.35205890e-01,  1.27587864e-02,  1.04838418e-01,  1.88058762e-02, -1.31599880e-01],
       [ 1.79186745e-01, -3.01112025e-02, -1.68837159e-01,  7.58462693e-02, -4.80796138e-02],
       [-1.18231890e-01, -1.61407391e-01, -3.62285420e-02,  1.09858023e-01,  1.01490929e-01],
       [-2.01965234e-01, -7.87130347e-02, -6.18469059e-02,  1.17166943e-01,  1.08813140e-01],
       [-1.66661089e-01, -3.21546039e-02, -1.17392938e-01,  7.48809822e-02,  1.15540362e-01],
       [ 2.80249741e-01, -7.52392072e-03,  1.22059271e-01,  6.28389416e-03, -1.15313836e-01],
       [ 5.07093134e-02, -6.34423497e-02, -1.12071536e-01, -1.88308405e-01, -3.97335682e-02],
       [-2.18713005e-01, -5.86712812e-02, -5.98256603e-02,  4.51565299e-02,  1.21544312e-01],
       [-7.12663513e-02, -2.13530559e-01,  3.70653620e-02,  7.18527681e-02, -1.08825099e-01],
       [ 6.05598791e-02, -1.08310999e-01, -1.78153034e-01,  9.58229129e-02, -3.78229325e-02],
       [ 3.46992509e-02,  2.79829204e-02,  7.11895836e-03,  7.30758333e-02,  1.18910321e-01],
       [-4.30415176e-02,  1.36361156e-01, -1.68406586e-02,  6.47040081e-02,  1.17854591e-01],
       [ 1.41110785e-02,  1.81307372e-01, -6.34089737e-02,  1.23939975e-02,  1.08327770e-01],
       [ 6.78426850e-02, -2.37383119e-01,  6.67193408e-02,  6.49743657e-02, -1.07888800e-01],
       [ 2.95612220e-02, -8.79879232e-02, -1.13156052e-01, -1.63522945e-01, -4.08420318e-02],
       [-2.07434464e-02,  1.94276934e-01, -6.69169540e-03, -2.32860356e-02,  1.27523728e-01],
       [ 3.82797948e-02, -4.07086056e-02, -2.18532838e-01,  1.25045189e-01, -3.26308564e-02],
       [ 1.03173608e-01, -1.84788150e-01,  4.43736780e-02, -1.98883177e-02,  1.12710336e-01],
       [ 4.92020947e-02, -9.86004747e-02,  2.65106596e-02, -3.82870446e-02,  1.36701480e-01],
       [ 1.04250120e-01, -2.16439717e-02, -3.50624050e-02, -9.24958038e-02,  1.26297412e-01],
       [-1.17666618e-02, -2.78826692e-02,  4.29981724e-02,  1.82133178e-01, -1.23915708e-01],
       [-7.50949016e-03, -7.74169336e-02, -1.57249366e-01, -1.60865013e-01, -6.32512112e-02],
       [ 7.67346909e-02, -4.98319929e-02,  3.16224680e-02, -1.31749801e-01,  1.29852076e-01],
       [-5.43359451e-02, -3.49608172e-02,  2.06637751e-01, -8.02736095e-02,  3.83569137e-02],
       [-8.24466103e-02,  2.24542695e-03,  2.20979895e-01, -9.18228752e-02,  4.25411639e-02],
       [-6.47596349e-02,  2.76977246e-02,  2.16258760e-01, -1.14195124e-01,  4.43327055e-02],
       [ 7.62952760e-02, -4.46287319e-02, -2.10512320e-01,  1.23350545e-01, -3.44715611e-02],
       [ 4.27955678e-02, -2.66042251e-02, -9.87819686e-02, -1.20767759e-02, -2.11109292e-02],
       [-6.78815942e-02,  2.97962757e-02,  2.27877597e-01, -1.18563179e-01,  3.50954477e-02],
       [ 4.87394413e-03,  2.31396103e-01, -5.68742534e-02, -9.71969254e-02, -1.01405006e-01],
       [-4.33760342e-02,  1.95425058e-01, -1.59923745e-02, -6.19716916e-02, -1.09545098e-01],
       [-5.03855648e-02, -1.90570999e-01,  1.37700066e-02, -1.91125769e-02,  1.25603991e-01],
       [-1.73076183e-02,  3.79828664e-02,  1.26153738e-01,  1.73288717e-01,  3.68514250e-02],
       [-1.56864749e-02,  2.36717653e-01, -7.42899983e-02, -3.31952597e-02, -1.12605995e-01],
       [ 2.63730908e-02,  1.04102918e-01,  7.56166097e-03, -6.14753425e-02, -1.19758155e-01],
       [-1.23186657e-01, -6.43723125e-02, -1.00578235e-02, -2.26699339e-02,  1.23684507e-01],
       [-4.18698157e-02,  5.91601732e-02,  1.33852018e-01,  1.90753625e-01,  3.93112363e-02],
       [ 6.19568105e-02,  1.40124501e-01, -5.71660719e-02, -2.89686015e-02, -1.24933755e-01],
       [-6.45959776e-02,  1.58738500e-04, -7.12176722e-02, -8.39367852e-02,  1.26652367e-01],
       [-2.88715246e-02,  6.55492135e-02,  1.36179340e-01,  2.01455030e-01,  5.08892582e-02],
       [ 1.49972945e-03,  9.17339899e-02, -9.68152164e-04,  3.37867150e-02, -1.46045668e-01],
       [ 8.74517273e-02, -9.04601242e-02, -1.40619180e-01, -1.65878440e-01, -6.34014018e-02],
       [-1.02072860e-01, -2.73736475e-02, -5.88813398e-03, -1.22946898e-01,  1.30605437e-01],
       [-4.71286734e-02,  6.27177794e-02,  1.66691054e-01,  1.95714793e-01,  5.44062715e-02]])})
2026-01-20 11:00:31,840 - final_problem_set.kxor_instance_n14_k2_m144_ell2_eps0.25_kappa0.75_rho0.8 - INFO - Running key extraction (n=14, m=144, ell=2, phase_qubits=11)
2026-01-20 11:00:31,841 - final_problem_set.kxor_instance_n14_k2_m144_ell2_eps0.25_kappa0.75_rho0.8 - INFO - Built voting matrix V (n=14, ell=2, dtype=complex128) in 0.001s
2026-01-20 11:00:31,841 - final_problem_set.kxor_instance_n14_k2_m144_ell2_eps0.25_kappa0.75_rho0.8 - INFO - Eval: adv=0.8194, hamming=0/14 (0.000), corr=1.000
2026-01-20 11:00:31,841 - final_problem_set.kxor_instance_n14_k2_m144_ell2_eps0.25_kappa0.75_rho0.8 - INFO - Key extraction complete: x_hat=13
2026-01-20 11:00:31,841 - final_problem_set.kxor_instance_n14_k2_m144_ell2_eps0.25_kappa0.75_rho0.8 - INFO - Finished step 'KeyExtractionStep' in 0.001s (success: True, problem=kxor_instance_n14_k2_m144_ell2_eps0.25_kappa0.75_rho0.8)
2026-01-20 11:00:31,841 - final_problem_set.kxor_instance_n14_k2_m144_ell2_eps0.25_kappa0.75_rho0.8 - INFO - SUCCESS: len(z_hat)=14
2026-01-20 11:00:31,841 - final_problem_set.kxor_instance_n14_k2_m144_ell2_eps0.25_kappa0.75_rho0.8 - INFO - Metrics: adv=0.8194444444444444, ham_frac=0.0, corr=1.0
2026-01-20 11:00:31,841 - final_problem_set.kxor_instance_n14_k2_m144_ell2_eps0.25_kappa0.75_rho0.8 - INFO - z_hat (full): [ 1,  1,  1, -1, -1, -1, -1, -1,  1,  1,  1, -1, -1,  1]
