2026-01-20 11:01:11,431 - final_problem_set.kxor_instance_n22_k2_m164_ell2_eps0.2_kappa1.0_rho0.6 - INFO - Starting iteration for /Users/julian/CodingProjects/UniT3/QuarticSpeedupK-XOR/z_Daphne/data/final_problem_set/kxor_instance_n22_k2_m164_ell2_eps0.2_kappa1.0_rho0.6.npz
2026-01-20 11:01:11,432 - final_problem_set.kxor_instance_n22_k2_m164_ell2_eps0.2_kappa1.0_rho0.6 - INFO - Loaded instance (n=22, m=164, k=2)
2026-01-20 11:01:11,432 - final_problem_set.kxor_instance_n22_k2_m164_ell2_eps0.2_kappa1.0_rho0.6 - INFO - Starting step 'ComputeKikuchiStep' (version 0.1) on problem kxor_instance_n22_k2_m164_ell2_eps0.2_kappa1.0_rho0.6 (fields={'ell': 2, 'threshold': 0.0})
2026-01-20 11:01:11,455 - final_problem_set.kxor_instance_n22_k2_m164_ell2_eps0.2_kappa1.0_rho0.6 - INFO - Finished step 'ComputeKikuchiStep' in 0.023s (success: True, problem=kxor_instance_n22_k2_m164_ell2_eps0.2_kappa1.0_rho0.6)
2026-01-20 11:01:11,455 - final_problem_set.kxor_instance_n22_k2_m164_ell2_eps0.2_kappa1.0_rho0.6 - INFO - Starting step 'ClassicalEigenvaluesStep' (version 0.1) on problem kxor_instance_n22_k2_m164_ell2_eps0.2_kappa1.0_rho0.6 (fields={'ell': 2, 'threshold': 0.0, 'kikuchi_matrix': <Dictionary Of Keys sparse matrix of dtype 'int64'
	with 4960 stored elements and shape (231, 231)>, 'num_eigenvalues': 5})
2026-01-20 11:01:11,553 - final_problem_set.kxor_instance_n22_k2_m164_ell2_eps0.2_kappa1.0_rho0.6 - INFO - Finished step 'ClassicalEigenvaluesStep' in 0.098s (success: True, problem=kxor_instance_n22_k2_m164_ell2_eps0.2_kappa1.0_rho0.6)
2026-01-20 11:01:11,553 - final_problem_set.kxor_instance_n22_k2_m164_ell2_eps0.2_kappa1.0_rho0.6 - INFO - Starting step 'KeyExtractionStep' (version 0.1) on problem kxor_instance_n22_k2_m164_ell2_eps0.2_kappa1.0_rho0.6 (fields={'ell': 2, 'threshold': 0.0, 'kikuchi_matrix': <Dictionary Of Keys sparse matrix of dtype 'int64'
	with 4960 stored elements and shape (231, 231)>, 'num_eigenvalues': 5, 'eigenvalues': array([10.57062822, 11.05780639, 11.60861972, 12.7353552 , 16.03992165]), 'eigenvectors': array([[-0.13267492,  0.00617133, -0.09922711,  0.0089604 , -0.04289638],
       [-0.01307426, -0.0078686 ,  0.07833084,  0.1240807 , -0.02921445],
       [-0.0356806 ,  0.02053629, -0.05634271, -0.12736047, -0.0938768 ],
       [ 0.00488556, -0.07056341, -0.11853105,  0.0616256 ,  0.0073546 ],
       [-0.07423838,  0.06058273, -0.02179843, -0.07161515, -0.10768347],
       [-0.07362737,  0.03143193,  0.00757181, -0.07339046, -0.10066415],
       [ 0.06309153,  0.13828719,  0.04826596, -0.0055454 , -0.04813922],
       [-0.02914333,  0.01396419,  0.0963754 , -0.07263343, -0.07630027],
       [ 0.01272391, -0.09438447,  0.03363352,  0.01222504,  0.11695848],
       [ 0.09905091, -0.0713827 , -0.0438166 , -0.01452932,  0.08646142],
       [-0.06957227, -0.0153172 ,  0.06367987, -0.11296913, -0.04781311],
       [-0.03411593,  0.08815453,  0.03944556, -0.01243661, -0.08222715],
       [-0.03036175,  0.02366678, -0.02250887, -0.09409913, -0.11854228],
       [-0.01533066, -0.05383347, -0.04120801,  0.06726365,  0.09697401],
       [-0.01568691, -0.10572078,  0.08538165,  0.03534298,  0.05419239],
       [-0.0212151 ,  0.07979764,  0.01715553, -0.06142022, -0.10394025],
       [-0.09439998,  0.05125997, -0.00332128, -0.02136418, -0.11479716],
       [ 0.04300873, -0.11032808,  0.02683858, -0.06705623,  0.06973253],
       [ 0.02613807,  0.13553977, -0.04393852,  0.01145238,  0.06583772],
       [ 0.12415305, -0.01561387, -0.08636485, -0.08812649,  0.01581455],
       [ 0.12990829, -0.04961076,  0.03016342,  0.04193968, -0.03736436],
       [ 0.0085027 ,  0.02014213, -0.01013866, -0.0584373 ,  0.00830608],
       [ 0.10503087,  0.0343675 ,  0.12105501,  0.0016565 ,  0.03698231],
       [-0.0306176 ,  0.03187991,  0.03237213, -0.02104834, -0.00787623],
       [ 0.1261894 ,  0.02274732,  0.12274269, -0.02629795,  0.04213521],
       [ 0.13343872,  0.03549132,  0.11427605, -0.02225909,  0.04795265],
       [ 0.01389666, -0.04145183,  0.03051615, -0.02200993,  0.02268908],
       [ 0.07971041,  0.02643495,  0.03419464, -0.00646956,  0.03456379],
       [-0.11093006, -0.0188637 , -0.13391014,  0.05028804, -0.04275157],
       [-0.10959951, -0.01013553, -0.07101336,  0.04619897, -0.03322514],
       [ 0.09013293,  0.02595248,  0.02411351,  0.02778174,  0.02716663],
       [ 0.09412036, -0.00183832,  0.07707559, -0.03699128,  0.03895454],
       [ 0.12891692,  0.03955628,  0.13974073, -0.03086094,  0.04490828],
       [-0.0836896 , -0.02281383, -0.09372588,  0.01949633, -0.05450596],
       [-0.03900825,  0.01692231, -0.08834042,  0.01162801, -0.02011081],
       [ 0.10807553,  0.01277133,  0.10692193, -0.03156029,  0.03903293],
       [ 0.13283597,  0.02874212,  0.12751264, -0.04841165,  0.04248731],
       [-0.06427821,  0.01008548, -0.07714645,  0.05174632, -0.02774748],
       [-0.06122045, -0.08474939, -0.0485433 ,  0.02701315, -0.02703071],
       [-0.05414401, -0.00136562,  0.02235386,  0.03869255, -0.00453785],
       [-0.02876969,  0.04212293,  0.02761485, -0.04067528,  0.01116137],
       [-0.00551148,  0.04064103, -0.03864559, -0.10260203,  0.0302179 ],
       [-0.00453242,  0.01434197,  0.029722  ,  0.00709931, -0.00522916],
       [-0.00112933,  0.03001859, -0.05781059, -0.13548809,  0.03031587],
       [ 0.00028805,  0.03511478, -0.07013295, -0.13963545,  0.0281645 ],
       [-0.01246209, -0.00310824, -0.04571545, -0.06517915,  0.00887364],
       [-0.00226422,  0.0208425 , -0.06483053, -0.09153977,  0.01982726],
       [ 0.00586413, -0.03754254,  0.08040869,  0.15797348, -0.01902818],
       [ 0.00904926, -0.02250512,  0.05341211,  0.10377759, -0.01277472],
       [ 0.0190417 ,  0.01476638, -0.04726386, -0.05160244,  0.01849319],
       [-0.00298084,  0.02013994, -0.06451369, -0.1161633 ,  0.01287875],
       [-0.01846298,  0.05343124, -0.07137487, -0.16487082,  0.04127213],
       [ 0.01124109, -0.0253979 ,  0.08313227,  0.1387596 , -0.02419155],
       [ 0.01078761, -0.00827079,  0.01780568,  0.06396183, -0.01131927],
       [-0.00932293,  0.02468284, -0.0755913 , -0.14726028,  0.02707012],
       [-0.01518487,  0.02885495, -0.07551737, -0.15993371,  0.01974971],
       [ 0.00715487, -0.01855329,  0.04770254,  0.09209948, -0.00821147],
       [ 0.0046955 , -0.02417312,  0.03922609,  0.07996376, -0.01349428],
       [-0.0109444 ,  0.00208297,  0.02034042,  0.0212492 ,  0.0018742 ],
       [-0.0211511 ,  0.01594515, -0.01663223, -0.04243435,  0.00478214],
       [-0.00618234,  0.06455407,  0.1046064 , -0.07067386, -0.01261694],
       [ 0.01346515,  0.03838581,  0.0779081 ,  0.08671139,  0.0843674 ],
       [ 0.01683456,  0.05861299,  0.0610306 ,  0.09871555,  0.08990384],
       [-0.09203208, -0.08781283, -0.00358665,  0.03069707,  0.05128678],
       [-0.01116133,  0.04501163, -0.03587145,  0.08146299,  0.06338584],
       [ 0.04390267, -0.01893142, -0.11186379, -0.04800284, -0.10629852],
       [-0.05174693, -0.0128183 , -0.02198219, -0.01293693, -0.07858137],
       [ 0.04083744,  0.0458799 , -0.03465341,  0.11798179,  0.04239384],
       [-0.00795874, -0.0143615 ,  0.02602393,  0.04787793,  0.08875448],
       [-0.02744846,  0.08357851,  0.10012629,  0.12292151,  0.10185449],
       [ 0.07569891, -0.03667761, -0.03471931, -0.10954353, -0.10154057],
       [ 0.03486707,  0.04613831, -0.09506725, -0.03425931, -0.04142649],
       [-0.02744433,  0.01821146,  0.05540955,  0.09027222,  0.09266333],
       [ 0.03200559,  0.05939882,  0.08378914,  0.05791895,  0.10381224],
       [-0.00881463,  0.04811138, -0.08507604,  0.03962412, -0.07541235],
       [ 0.00929675, -0.17966023, -0.00808498, -0.03095665, -0.05727421],
       [-0.10817121, -0.00252668,  0.05457114,  0.06853836, -0.01943812],
       [-0.13397407,  0.08125022, -0.00181385, -0.03337318,  0.02697945],
       [-0.01221098,  0.07623807,  0.12466283, -0.07215527, -0.01607939],
       [-0.01592558,  0.07208517,  0.13386852, -0.07968118, -0.01889459],
       [ 0.007684  ,  0.05244806,  0.05660635, -0.02457838, -0.00624804],
       [-0.00598947,  0.0483147 ,  0.08512849, -0.04623128, -0.00576577],
       [-0.00236966, -0.10569994, -0.13495247,  0.065258  ,  0.02570942],
       [ 0.01137914, -0.06379775, -0.0978193 ,  0.04922556,  0.01077862],
       [-0.00146613,  0.02758349,  0.06067077, -0.03666714, -0.00411358],
       [-0.00853865,  0.06565996,  0.10542286, -0.05424142, -0.00824871],
       [-0.0082041 ,  0.08556704,  0.15393014, -0.09167407, -0.01798721],
       [-0.00309807, -0.07742422, -0.13300384,  0.06976373,  0.01453072],
       [-0.00090787, -0.05551054, -0.05000716,  0.03304412,  0.00910295],
       [-0.01292204,  0.07916566,  0.13025301, -0.07052209, -0.00730226],
       [-0.02338822,  0.08523901,  0.14919469, -0.07745698, -0.01715123],
       [ 0.01144859, -0.07754597, -0.07702516,  0.02175475,  0.01445221],
       [ 0.0055625 , -0.00906814, -0.08485383,  0.03758169,  0.01063391],
       [ 0.0188493 , -0.0112244 , -0.01988075, -0.00666077,  0.00203888],
       [ 0.0148257 ,  0.01255771,  0.0412794 , -0.0131735 , -0.00584646],
       [ 0.04827059,  0.03196866,  0.0295072 ,  0.04422707,  0.10397685],
       [-0.07723871, -0.10209307, -0.03320758, -0.00819769,  0.04602095],
       [ 0.01430421,  0.03617461, -0.0758175 ,  0.05936679,  0.0885318 ],
       [ 0.01456942,  0.01664643, -0.08122824,  0.02577145, -0.11736203],
       [-0.06610768,  0.01375206,  0.00740496,  0.03821794, -0.0772225 ],
       [ 0.062685  ,  0.03692976, -0.05849342,  0.10751023,  0.05074404],
       [ 0.01996397, -0.05071266, -0.00863376, -0.01117917,  0.09977971],
       [ 0.0019502 ,  0.05414772,  0.06977605,  0.05738732,  0.11948811],
       [ 0.04764865, -0.00356377,  0.00752427, -0.04813034, -0.11675355],
       [ 0.0285137 ,  0.06391142, -0.09607904, -0.01212791, -0.04677167],
       [ 0.00091293, -0.01484403,  0.02165806,  0.0299591 ,  0.10628564],
       [ 0.06181925,  0.02107103,  0.05085815, -0.01493331,  0.1147974 ],
       [-0.02948316,  0.07542134, -0.06389496,  0.09315962, -0.08049877],
       [-0.00215661, -0.16430393,  0.01889573,  0.00829656, -0.05994486],
       [-0.11416924,  0.00748393,  0.0795319 ,  0.09347742, -0.00970365],
       [-0.14261197,  0.07858289, -0.01252966, -0.05826963,  0.02973803],
       [-0.07940175, -0.10490053, -0.04478062, -0.00504512,  0.0548145 ],
       [ 0.01467344,  0.044522  , -0.08915179,  0.05496167,  0.07444393],
       [ 0.01291601, -0.00921391, -0.05883136,  0.02020476, -0.13818568],
       [-0.0767312 , -0.0016757 ,  0.03165887,  0.03402882, -0.08351821],
       [ 0.06838664,  0.04804058, -0.06813388,  0.11185173,  0.0487818 ],
       [ 0.02256456, -0.02577921, -0.03363363, -0.00469126,  0.0932164 ],
       [ 0.00961363,  0.08666683,  0.03721737,  0.06933746,  0.12537194],
       [ 0.03470988, -0.0270101 ,  0.03276843, -0.04906691, -0.10583961],
       [ 0.02822577,  0.06078537, -0.09635277, -0.02128856, -0.05832699],
       [ 0.00415788,  0.01016999, -0.00875658,  0.04579335,  0.12490071],
       [ 0.07523121,  0.05199167,  0.01721995, -0.00434818,  0.1209865 ],
       [-0.03593468,  0.06148714, -0.04473519,  0.09183911, -0.08453049],
       [-0.0144868 , -0.19614111,  0.03569078,  0.0034731 , -0.06641538],
       [-0.12563938,  0.00515019,  0.08550784,  0.09554851, -0.01589487],
       [-0.14804033,  0.08869497, -0.02314908, -0.05678402,  0.03521921],
       [-0.05724893, -0.05888223, -0.05793315,  0.00305325,  0.03390234],
       [ 0.10753668,  0.13017726,  0.03789036,  0.03130424, -0.04900292],
       [ 0.0435694 ,  0.09515223,  0.05337366,  0.03689338, -0.0398595 ],
       [-0.01970756, -0.03979728, -0.04944243,  0.03709876,  0.02681547],
       [-0.07190488, -0.11888371, -0.05726745, -0.0270293 ,  0.04217973],
       [-0.12633345, -0.11391967, -0.03511669, -0.00338002,  0.06367409],
       [ 0.10188841,  0.10463287,  0.05621034,  0.00859199, -0.04426602],
       [ 0.06002945,  0.08693105, -0.01718661,  0.00114112, -0.02455238],
       [-0.09697123, -0.12123489, -0.04617362, -0.01339121,  0.04684269],
       [-0.08464603, -0.12410884, -0.04482468, -0.04099691,  0.06171879],
       [ 0.04234644,  0.09320348,  0.01841387,  0.04661934, -0.02957603],
       [ 0.06113973, -0.01856967,  0.04795947,  0.02327101, -0.03415098],
       [-0.04452357,  0.01284049,  0.04486568,  0.04530749, -0.00524599],
       [-0.08853599,  0.00723187, -0.02480945, -0.03187564,  0.0130934 ],
       [ 0.03900757, -0.01441847,  0.07460388, -0.01075692, -0.09817207],
       [-0.0394557 , -0.00853332,  0.09770417,  0.00818916, -0.06650361],
       [ 0.03200916,  0.03234482, -0.07345268,  0.07991377,  0.03339132],
       [-0.00339469, -0.01090925, -0.10661263,  0.01393342,  0.0710041 ],
       [-0.0202316 ,  0.0637513 , -0.08731747,  0.06998547,  0.08655477],
       [ 0.04240362, -0.02347513,  0.10603747, -0.05052381, -0.07213908],
       [ 0.03324835,  0.03542319, -0.01622181, -0.02543848, -0.04350142],
       [-0.01888989,  0.01798276, -0.09633526,  0.04725924,  0.07746022],
       [ 0.03071354,  0.04704652, -0.10010304,  0.02040475,  0.09518932],
       [-0.00926925,  0.03740217,  0.03778898,  0.0478791 , -0.06069883],
       [ 0.00351548, -0.11738663,  0.06791661, -0.00773505, -0.04258513],
       [-0.08445825,  0.00447821,  0.05733302,  0.0643741 , -0.01141605],
       [-0.10409841,  0.05819482, -0.04257824, -0.03199667,  0.02241495],
       [ 0.03104034, -0.03712217, -0.00244806, -0.09213133,  0.09283219],
       [-0.04578368, -0.02833969,  0.05741865, -0.09729456, -0.07108139],
       [ 0.03513665,  0.07515422,  0.00220433,  0.06573382, -0.10267314],
       [ 0.08622212, -0.02671305, -0.10251939,  0.01857932, -0.14492331],
       [-0.11467089, -0.02253489,  0.00460806, -0.01678072,  0.12391426],
       [-0.05996516, -0.08676595,  0.11750734, -0.00845799,  0.05400003],
       [ 0.07295577,  0.05215708, -0.03913596,  0.03597539, -0.12459711],
       [ 0.01009653,  0.0094811 , -0.08628463,  0.10919479, -0.15047613],
       [-0.00989388, -0.09015556,  0.06405287, -0.13415707,  0.07642786],
       [-0.03621763,  0.18757323, -0.0093295 , -0.05361658,  0.08022567],
       [ 0.13115142, -0.00954655, -0.09253009, -0.11422403,  0.01707359],
       [ 0.17259585, -0.08480777,  0.01693069,  0.07889843, -0.02684536],
       [-0.08148709, -0.01879694,  0.07340917, -0.05248131, -0.04829342],
       [-0.04700575,  0.05829786,  0.05839595,  0.06708133, -0.07653539],
       [-0.04963214, -0.0140231 ,  0.01257796,  0.04117859, -0.09810411],
       [ 0.00720656, -0.02171445, -0.07039564, -0.03719194,  0.0924289 ],
       [-0.00352385, -0.06435667,  0.05505163, -0.02019367,  0.0424711 ],
       [-0.04232946,  0.04153767,  0.04291584,  0.05123687, -0.09458906],
       [-0.08279629,  0.01052612,  0.02161461,  0.0848432 , -0.09026804],
       [ 0.03581954, -0.06394191,  0.00742666, -0.10178732,  0.05492994],
       [ 0.0280432 ,  0.12288649, -0.04826429, -0.04709384,  0.05253135],
       [ 0.08028806, -0.00395101, -0.06110828, -0.06744409,  0.00465082],
       [ 0.10208057, -0.05442607,  0.02444422,  0.06390274, -0.02343039],
       [ 0.05324988,  0.00763366, -0.07746068,  0.07420823,  0.05177307],
       [ 0.0580739 ,  0.07653451, -0.06901565,  0.15238982,  0.06683434],
       [-0.03009333, -0.03381104,  0.07572331, -0.10843248, -0.04990684],
       [-0.00939143,  0.01777356, -0.00835182, -0.05397879, -0.03065025],
       [ 0.04731959,  0.03366778, -0.08014382,  0.12007474,  0.06179934],
       [ 0.11036486,  0.0608538 , -0.07840329,  0.10571083,  0.07601768],
       [-0.06021956,  0.02269463,  0.02916161, -0.01391048, -0.04839994],
       [-0.03126456, -0.09023008,  0.05039739, -0.04716704, -0.03008504],
       [-0.07216223,  0.0026425 ,  0.04716851,  0.03880901, -0.01075916],
       [-0.05862451,  0.05106693, -0.03911247,  0.00641333,  0.02009328],
       [-0.0300981 , -0.01552032, -0.00993583, -0.00124874,  0.12129533],
       [ 0.05040659,  0.04578035,  0.06437134,  0.00695769, -0.08861122],
       [ 0.03656889,  0.0893515 , -0.06112999,  0.00475476, -0.04827113],
       [-0.02286258, -0.06736596, -0.04132558, -0.01802641,  0.09383005],
       [ 0.02704396, -0.0431149 , -0.02471929, -0.0593971 ,  0.10128573],
       [-0.0089442 ,  0.08955077, -0.00655874,  0.09665353, -0.05886487],
       [ 0.00500241, -0.11921832,  0.05377358,  0.03228029, -0.05997634],
       [-0.10073641,  0.01345238,  0.07873736,  0.08317823, -0.01079786],
       [-0.12820442,  0.05063339, -0.02909643, -0.06032797,  0.02763831],
       [ 0.10618224, -0.04685272,  0.0065616 , -0.06587309, -0.1261808 ],
       [ 0.06833185,  0.06117722, -0.13437863, -0.02752386, -0.06725315],
       [-0.05861691,  0.02512266,  0.02584524,  0.05092474,  0.12825742],
       [ 0.01791054,  0.0789813 ,  0.06335084, -0.00575878,  0.14214175],
       [ 0.00885448,  0.06185007, -0.08094515,  0.10952586, -0.10008085],
       [ 0.01566697, -0.22432079,  0.0249222 ,  0.00474412, -0.06906257],
       [-0.13971561, -0.00665561,  0.09136526,  0.11068249, -0.02815035],
       [-0.18222514,  0.09575611, -0.02069785, -0.07292574,  0.0291174 ],
       [-0.07878089, -0.07112265,  0.07438995,  0.02360314,  0.05855881],
       [ 0.10702554,  0.02318947,  0.0509434 , -0.04255992, -0.12373346],
       [ 0.03275506, -0.01556013,  0.02657094,  0.00871644, -0.12409155],
       [-0.01952317, -0.07229205,  0.01258887, -0.08671981,  0.07329844],
       [-0.03401533,  0.15724287, -0.05077405, -0.00754274,  0.05980784],
       [ 0.10840178, -0.00955575, -0.09908998, -0.09387822,  0.02179066],
       [ 0.17181052, -0.07306024,  0.0370827 ,  0.05519902, -0.03276093],
       [ 0.05839171,  0.09209423, -0.09305689, -0.01325713, -0.05774257],
       [ 0.03237078,  0.07199724, -0.10994086,  0.00873674, -0.05629375],
       [-0.01856221, -0.07364563,  0.07128191, -0.03630582,  0.0341447 ],
       [-0.03423798,  0.05823964,  0.04051845, -0.00627844,  0.03757209],
       [ 0.05123619, -0.0146616 , -0.02596811, -0.04419075,  0.00736864],
       [ 0.08634511, -0.02352775, -0.01526342,  0.02952059, -0.01517947],
       [ 0.01011407, -0.00792331,  0.00807466, -0.02647114,  0.1245108 ],
       [ 0.00786212,  0.10386338, -0.03599489,  0.10674352, -0.08493097],
       [ 0.0237604 , -0.17270511,  0.04580141,  0.0120304 , -0.07191346],
       [-0.12593537,  0.01124301,  0.08769768,  0.1022652 , -0.01554374],
       [-0.15451877,  0.07503939, -0.0235778 , -0.06428473,  0.02573876],
       [-0.03139573,  0.0803696 , -0.06050179,  0.15015386, -0.0894969 ],
       [-0.01317629, -0.19725255,  0.03128191,  0.0367556 , -0.06807808],
       [-0.127064  ,  0.01245993,  0.09592491,  0.10592527, -0.00829209],
       [-0.16634467,  0.090426  , -0.0153875 , -0.0873042 ,  0.03558309],
       [ 0.00133826,  0.07046883,  0.00044238, -0.07716323,  0.05004277],
       [ 0.07109373, -0.00444525, -0.0575322 , -0.05996888,  0.00520621],
       [ 0.09843928, -0.03119064,  0.0016442 ,  0.0715211 , -0.02147712],
       [ 0.06502421,  0.00809101, -0.05170262, -0.05636709,  0.00878466],
       [ 0.08099075, -0.06719988,  0.01780417,  0.03733345, -0.01571784],
       [-0.01531986, -0.00578199,  0.02210719,  0.03168896, -0.00436131]])})
2026-01-20 11:01:11,555 - final_problem_set.kxor_instance_n22_k2_m164_ell2_eps0.2_kappa1.0_rho0.6 - INFO - Running key extraction (n=22, m=164, ell=2, phase_qubits=12)
2026-01-20 11:01:11,558 - final_problem_set.kxor_instance_n22_k2_m164_ell2_eps0.2_kappa1.0_rho0.6 - INFO - Built voting matrix V (n=22, ell=2, dtype=complex128) in 0.003s
2026-01-20 11:01:11,558 - final_problem_set.kxor_instance_n22_k2_m164_ell2_eps0.2_kappa1.0_rho0.6 - INFO - Eval: adv=0.6341, hamming=0/22 (0.000), corr=1.000
2026-01-20 11:01:11,559 - final_problem_set.kxor_instance_n22_k2_m164_ell2_eps0.2_kappa1.0_rho0.6 - INFO - Key extraction complete: x_hat=13
2026-01-20 11:01:11,559 - final_problem_set.kxor_instance_n22_k2_m164_ell2_eps0.2_kappa1.0_rho0.6 - INFO - Finished step 'KeyExtractionStep' in 0.004s (success: True, problem=kxor_instance_n22_k2_m164_ell2_eps0.2_kappa1.0_rho0.6)
2026-01-20 11:01:11,559 - final_problem_set.kxor_instance_n22_k2_m164_ell2_eps0.2_kappa1.0_rho0.6 - INFO - SUCCESS: len(z_hat)=22
2026-01-20 11:01:11,559 - final_problem_set.kxor_instance_n22_k2_m164_ell2_eps0.2_kappa1.0_rho0.6 - INFO - Metrics: adv=0.6341463414634146, ham_frac=0.0, corr=1.0
2026-01-20 11:01:11,559 - final_problem_set.kxor_instance_n22_k2_m164_ell2_eps0.2_kappa1.0_rho0.6 - INFO - z_hat (full): [ 1, -1, -1, -1,  1, -1, -1, -1, -1,  1,  1, -1, -1, -1,  1,  1, -1, -1,  1,  1,  1, -1]
