2026-01-20 11:01:47,046 - final_problem_set.kxor_instance_n26_k2_m212_ell2_eps0.25_kappa1.0_rho0.4 - INFO - Starting iteration for /Users/julian/CodingProjects/UniT3/QuarticSpeedupK-XOR/z_Daphne/data/final_problem_set/kxor_instance_n26_k2_m212_ell2_eps0.25_kappa1.0_rho0.4.npz
2026-01-20 11:01:47,047 - final_problem_set.kxor_instance_n26_k2_m212_ell2_eps0.25_kappa1.0_rho0.4 - INFO - Loaded instance (n=26, m=212, k=2)
2026-01-20 11:01:47,047 - final_problem_set.kxor_instance_n26_k2_m212_ell2_eps0.25_kappa1.0_rho0.4 - INFO - Starting step 'ComputeKikuchiStep' (version 0.1) on problem kxor_instance_n26_k2_m212_ell2_eps0.25_kappa1.0_rho0.4 (fields={'ell': 2, 'threshold': 0.0})
2026-01-20 11:01:47,084 - final_problem_set.kxor_instance_n26_k2_m212_ell2_eps0.25_kappa1.0_rho0.4 - INFO - Finished step 'ComputeKikuchiStep' in 0.037s (success: True, problem=kxor_instance_n26_k2_m212_ell2_eps0.25_kappa1.0_rho0.4)
2026-01-20 11:01:47,084 - final_problem_set.kxor_instance_n26_k2_m212_ell2_eps0.25_kappa1.0_rho0.4 - INFO - Starting step 'ClassicalEigenvaluesStep' (version 0.1) on problem kxor_instance_n26_k2_m212_ell2_eps0.25_kappa1.0_rho0.4 (fields={'ell': 2, 'threshold': 0.0, 'kikuchi_matrix': <Dictionary Of Keys sparse matrix of dtype 'int64'
	with 7344 stored elements and shape (325, 325)>, 'num_eigenvalues': 5})
2026-01-20 11:01:47,258 - final_problem_set.kxor_instance_n26_k2_m212_ell2_eps0.25_kappa1.0_rho0.4 - INFO - Finished step 'ClassicalEigenvaluesStep' in 0.174s (success: True, problem=kxor_instance_n26_k2_m212_ell2_eps0.25_kappa1.0_rho0.4)
2026-01-20 11:01:47,258 - final_problem_set.kxor_instance_n26_k2_m212_ell2_eps0.25_kappa1.0_rho0.4 - INFO - Starting step 'KeyExtractionStep' (version 0.1) on problem kxor_instance_n26_k2_m212_ell2_eps0.25_kappa1.0_rho0.4 (fields={'ell': 2, 'threshold': 0.0, 'kikuchi_matrix': <Dictionary Of Keys sparse matrix of dtype 'int64'
	with 7344 stored elements and shape (325, 325)>, 'num_eigenvalues': 5, 'eigenvalues': array([-11.17319298,  11.01493268,  11.60626443,  12.12750988,  13.01215755]), 'eigenvectors': array([[-2.77767630e-03,  9.17703098e-02, -1.67575728e-02,  3.57621219e-02, -4.79394525e-02],
       [ 5.24696171e-02,  5.13875080e-02,  2.85724254e-02,  5.09255462e-02,  2.36189576e-02],
       [-1.99933952e-02,  2.94224862e-02, -2.14823288e-02, -1.29918413e-02, -9.98530069e-02],
       [-2.07027901e-02,  3.56346676e-02,  6.12247994e-03, -8.00399538e-03, -5.36152262e-02],
       [-5.64574559e-03,  5.65918597e-02,  8.75154026e-03,  6.53563945e-02,  7.83495691e-02],
       [-3.79288755e-02, -6.42373848e-02, -7.23658633e-02, -4.71397527e-02, -6.14977053e-02],
       [ 6.61008466e-03, -4.69864709e-02,  3.70376908e-02, -4.85366555e-02,  2.93267000e-02],
       [-1.69543385e-02,  5.59321186e-02,  5.76491734e-02,  5.15726243e-02,  7.63603145e-02],
       [-2.84237706e-02, -5.97594386e-02,  2.14158749e-03, -5.93801795e-02,  7.74421101e-03],
       [-2.61205347e-02,  8.09451595e-02, -1.39897204e-02,  8.85435664e-02,  1.05598417e-02],
       [-2.07809214e-03, -3.59233854e-02, -4.03929005e-02, -5.99823446e-02, -9.15881889e-02],
       [ 3.12100007e-03, -9.42699564e-02,  5.34099111e-02, -8.86074099e-02, -6.66475583e-03],
       [ 1.36743016e-02, -3.81367796e-02, -7.65464515e-02, -1.80724788e-02, -5.20301464e-02],
       [-1.23333148e-02,  4.74908968e-02,  1.55733919e-03,  5.00310391e-02,  2.94851829e-02],
       [ 5.62921051e-02,  8.42229138e-02,  8.74606095e-02,  5.92468931e-02,  5.19659484e-02],
       [-4.00528679e-02,  5.51198454e-02, -3.11657481e-02, -6.98545533e-03, -9.90007371e-02],
       [ 7.44241655e-02, -9.26282721e-02,  1.20141835e-02, -8.20092345e-02,  2.29186363e-02],
       [ 2.83890823e-02, -1.78010821e-03, -8.03257487e-02,  2.64227986e-02, -3.43115964e-02],
       [ 2.25633416e-02, -3.70078166e-02,  1.12351845e-02, -5.13884212e-03,  5.35436632e-02],
       [-1.70101422e-02, -5.56974499e-02, -6.75204909e-02, -2.57846901e-03,  5.85265752e-02],
       [-4.07483478e-03,  4.06237640e-02,  4.63223308e-02,  5.18221110e-02,  5.57817282e-02],
       [ 4.98248310e-02,  3.05772029e-02, -5.99236796e-02,  6.51023440e-03, -8.77757596e-02],
       [-4.42221530e-03,  5.21764812e-02, -9.08655750e-02,  3.68166530e-02, -1.13258584e-01],
       [ 6.54228660e-02, -7.06005841e-03, -6.22733881e-02, -4.28907137e-02, -1.16057289e-01],
       [ 5.86203517e-02,  5.96344068e-02, -4.61439576e-02,  5.10189294e-02, -6.71048059e-04],
       [ 5.66625752e-02,  5.97577584e-02,  7.90109764e-03, -1.26166062e-02, -1.15912052e-02],
       [-2.20790022e-02,  4.96992720e-02, -6.79521904e-02, -7.84570593e-02,  4.34199529e-02],
       [-2.19972196e-02,  2.16940280e-02, -4.06898503e-02, -3.73055454e-02,  1.33634069e-02],
       [-9.68717877e-03,  2.74111675e-02,  8.35530933e-02,  5.17123213e-02, -5.96823477e-02],
       [-4.32305007e-02, -5.46172384e-02,  2.86571386e-02, -4.74628788e-02,  7.02794350e-02],
       [ 6.39144696e-03, -8.74256791e-02, -6.99775415e-04,  3.85721290e-02, -4.44836026e-03],
       [-2.00313322e-02,  4.49245451e-02,  2.47915830e-02,  4.42530900e-02, -5.14211836e-02],
       [-3.13470379e-02, -9.82384751e-02,  8.42848978e-03,  2.79606868e-02,  1.14815450e-02],
       [-3.44137196e-02,  1.12308717e-01,  1.65695382e-02, -3.51173228e-02, -1.52371664e-02],
       [-4.75564405e-03, -5.26288994e-02, -5.83705718e-02, -7.63293283e-02,  4.99027368e-02],
       [-7.89137596e-04, -7.19896389e-02, -6.47462023e-02,  2.66962144e-02,  8.70775661e-03],
       [ 2.64771149e-02, -1.51623631e-02,  3.94612340e-02, -4.26327225e-02,  5.20227386e-02],
       [-1.76259048e-02,  4.93807710e-02,  3.12010506e-02, -1.80098606e-03, -1.99715189e-02],
       [ 6.22483261e-02,  9.75611110e-02, -4.96411988e-02,  2.10540140e-02, -6.09294565e-02],
       [-4.82362294e-02,  4.77576760e-02, -5.11019292e-02, -7.77576585e-02,  3.43611337e-02],
       [ 7.22529243e-02, -9.59720133e-02,  1.77415631e-02,  5.20305886e-02,  5.88034665e-03],
       [ 3.91251688e-02,  1.18061101e-02,  4.33281140e-02, -5.10251513e-02,  3.22888956e-02],
       [ 3.19839350e-02, -4.20251981e-02,  2.62847240e-02,  4.95930873e-02, -2.54324474e-02],
       [-2.99689876e-02, -6.62547412e-02,  1.09984767e-01,  5.17971634e-02, -7.83510064e-03],
       [-3.67011544e-03,  9.97831716e-02,  4.41054133e-03,  3.85332731e-02, -3.86469711e-02],
       [ 5.92967437e-02,  4.38030837e-02, -2.33716866e-02, -8.15939119e-02,  4.57614101e-02],
       [-2.40033362e-02,  7.24004756e-02, -2.20673331e-02, -8.27717973e-02,  3.99945649e-02],
       [ 8.02938038e-02, -1.77998069e-02, -4.92216115e-02, -8.51666795e-02,  4.76192868e-02],
       [ 7.61921885e-02,  4.92642840e-02,  4.53691315e-02, -6.85708989e-03, -4.72721453e-03],
       [-1.05245599e-02,  4.44761341e-02,  1.02446903e-02, -4.60851253e-02, -3.00050776e-02],
       [-3.87155459e-02,  3.88238952e-02,  1.63421901e-02, -2.39188603e-02, -1.40725194e-02],
       [-3.50689376e-02,  1.43288870e-02, -9.82525080e-03,  6.11047514e-02,  2.67793859e-02],
       [-1.85393552e-02, -5.33271999e-02, -4.33972348e-02, -6.55114596e-02, -3.10615763e-02],
       [-1.03188772e-02, -5.21627574e-02,  3.38887215e-03, -5.10470769e-03,  2.29251937e-03],
       [-7.20291652e-03,  7.73247335e-03,  6.12397351e-03,  4.59817508e-02,  1.29553813e-02],
       [-4.40461506e-02, -5.36211058e-02, -8.45520850e-03, -1.82754109e-02, -3.00799277e-03],
       [-2.97241843e-02,  3.86818297e-02, -4.28732031e-03,  2.43134215e-02,  3.73653755e-03],
       [-1.24235700e-02, -4.97580126e-03,  5.77201419e-03, -7.11442193e-02, -3.16369474e-02],
       [-4.99732583e-02, -3.56349199e-02,  2.71186857e-02, -1.72938233e-02, -6.87085102e-04],
       [ 8.49939080e-02, -2.22216123e-02, -3.17787808e-02, -3.76296657e-02, -1.83504278e-02],
       [-3.28601652e-02,  1.64046168e-02, -3.58963455e-03,  2.25942342e-02,  6.23647724e-03],
       [ 2.13041583e-02,  5.49033996e-02,  3.48399414e-02,  5.42299153e-02,  1.58733951e-02],
       [-8.39694008e-02,  5.24560604e-02,  1.00563627e-02, -4.42390331e-02, -3.26708506e-02],
       [ 5.73674058e-02, -5.65721250e-02, -7.39337954e-03, -1.47059724e-02,  6.74690523e-04],
       [ 3.70683534e-02, -7.38582181e-03, -3.99258279e-02, -2.13468331e-02, -1.28516764e-02],
       [ 3.57713817e-02, -2.43548946e-02, -7.70621027e-03,  1.89408404e-02,  2.12985496e-02],
       [-9.71942370e-02, -5.91964638e-02, -5.73635464e-02,  1.65258774e-02,  1.53148915e-02],
       [-2.75128096e-02,  3.08986279e-02,  1.63642376e-02,  5.36978245e-02,  1.97982897e-02],
       [ 6.58533569e-02,  2.91350686e-02, -7.44340275e-03, -3.96478119e-02, -2.91841862e-02],
       [-1.05548996e-01,  7.26139509e-02, -6.36861890e-03, -4.21640702e-02, -1.72081301e-02],
       [ 4.13887600e-02,  2.02341385e-02, -7.50272880e-03, -7.19444657e-02, -2.33404466e-02],
       [ 6.14394044e-02,  3.39002952e-02, -1.37693176e-02,  2.09505167e-02,  1.52891089e-03],
       [ 9.71788224e-03,  1.45427495e-02, -8.44135726e-02, -3.23491955e-02,  4.78081346e-02],
       [ 1.62128589e-02,  1.83035062e-02,  9.05203289e-02,  1.98911148e-04, -8.56812429e-02],
       [ 1.42160871e-02, -2.63813438e-02,  3.25060914e-02,  8.63086680e-03,  1.00072414e-01],
       [-3.21538253e-03, -6.19337627e-02, -8.87033947e-03,  6.82084173e-02, -3.13623178e-03],
       [ 3.04916075e-03,  1.37102175e-02,  3.94659911e-02, -1.12933718e-03, -1.01171533e-01],
       [ 1.45836986e-02, -7.17769882e-02,  1.71226999e-02,  7.57947691e-02,  2.06246728e-02],
       [ 5.93266907e-03,  1.01476677e-01,  1.91848248e-02, -1.00220598e-01, -2.70771558e-02],
       [-1.09678660e-03, -1.04624694e-02, -1.10273819e-01, -1.73515749e-02,  1.32470380e-01],
       [ 1.25115486e-02, -7.19459977e-02, -8.93711579e-02,  7.87835940e-02,  1.24400351e-02],
       [-3.12589467e-02,  1.15742175e-02,  5.10898577e-02, -1.18960897e-02,  7.96064208e-02],
       [ 1.04947696e-02,  3.48304578e-02,  4.11514862e-02, -3.51580213e-02, -3.63037555e-02],
       [-8.47493283e-03,  4.25682020e-02, -5.58423221e-02, -4.55858017e-02, -1.16818885e-01],
       [ 3.99659342e-02,  3.93921854e-02, -8.16280672e-02, -6.10199889e-02,  7.86225060e-02],
       [-3.13009604e-02, -9.57306514e-02,  2.78848486e-02,  1.10986846e-01,  7.30349116e-04],
       [-2.09751231e-02,  4.66871664e-02,  6.77468007e-02, -5.63734338e-02,  5.90251122e-02],
       [-1.86235922e-02, -2.96633694e-02,  3.34643410e-02,  3.62938869e-02, -4.11498112e-02],
       [ 2.88141766e-02, -3.46402881e-02,  1.50727300e-01,  4.71168914e-02, -2.67005713e-02],
       [ 7.66812643e-03,  4.38558827e-02,  2.46936618e-02, -2.06353631e-02, -1.07585508e-01],
       [-1.70296563e-02,  4.85039320e-02, -3.64725464e-02, -6.03369855e-02,  8.12925482e-02],
       [ 3.69081662e-02,  7.57574847e-02, -3.33131495e-02, -8.96759935e-02,  8.63557395e-02],
       [-1.67610212e-02,  1.30360358e-02, -8.59605485e-02, -4.25708161e-02,  1.17919545e-01],
       [-3.84251927e-02,  3.56399891e-02,  6.59519506e-02, -3.49707944e-02, -1.06581979e-02],
       [ 2.47652829e-02,  3.03068864e-02,  9.22161709e-02, -2.37804122e-03, -5.48146151e-02],
       [ 3.35511422e-02, -2.39987734e-02, -6.06357914e-03,  1.56158703e-03,  6.52046600e-02],
       [-1.13478097e-02, -4.95874086e-02, -3.23510572e-03,  4.08515891e-02, -6.15818040e-03],
       [ 1.45870909e-02,  2.51135218e-02,  5.00112681e-02,  2.77531438e-03, -5.47587682e-02],
       [ 2.27199054e-02, -5.29059027e-02,  9.61455967e-04,  4.28682034e-02,  1.07075114e-02],
       [ 2.98414766e-02,  7.93410340e-02,  2.56469439e-02, -5.56266265e-02, -1.39642801e-02],
       [-2.72220966e-03, -3.65886050e-02, -9.76190660e-02, -9.86303993e-03,  6.54507373e-02],
       [ 1.51529193e-02, -6.18261639e-02, -6.21824503e-02,  4.50763761e-02,  5.85631955e-03],
       [-4.60024227e-02,  5.61918310e-03,  1.38596753e-02, -1.03555248e-02,  5.05396092e-02],
       [ 1.66018625e-02,  3.18249198e-02,  3.77308931e-02, -1.94141992e-02, -2.06740575e-02],
       [-4.74995412e-02,  4.53811877e-02, -8.75539689e-03, -1.91273955e-02, -6.12174076e-02],
       [ 7.82123388e-02,  1.16654169e-02, -6.95544920e-02, -2.98010462e-02,  4.02241549e-02],
       [-6.14482121e-02, -8.15708826e-02,  2.29189953e-02,  6.69559820e-02, -4.78312394e-04],
       [-4.76165857e-02,  3.13747231e-02,  3.10467624e-02, -3.98401748e-02,  3.85341706e-02],
       [-3.36150443e-02, -1.96226998e-02,  3.80565099e-02,  2.40568636e-02, -2.82648505e-02],
       [ 4.27628674e-02, -1.31261514e-02,  1.00091141e-01,  2.33464576e-02, -1.30012838e-02],
       [ 5.46269460e-03,  5.16476065e-02,  3.28013706e-02, -7.13146872e-03, -4.66922741e-02],
       [-5.86430112e-02,  3.08628643e-02, -5.04472645e-02, -4.31067509e-02,  5.31695791e-02],
       [ 4.84936458e-02,  5.18096642e-02, -4.89223855e-02, -6.17180221e-02,  5.40065825e-02],
       [-5.32370293e-02, -1.24261247e-02, -8.41313875e-02, -2.47010188e-02,  5.60313220e-02],
       [-8.26507788e-02,  3.87438220e-02,  4.08761484e-02, -2.26471758e-02, -3.70222716e-03],
       [ 2.54075750e-02, -7.32300227e-02, -1.47808880e-02, -6.78606859e-02, -9.18884082e-02],
       [-1.44761250e-03, -2.31714187e-03,  2.26321789e-03, -7.32194684e-02,  1.74657617e-02],
       [ 1.65228130e-02,  3.98272948e-02, -3.75680310e-02,  5.04334037e-02,  8.49310403e-02],
       [ 2.84527899e-02, -2.09323549e-02, -1.33951071e-02, -9.06362627e-02, -9.39191417e-03],
       [ 2.42994065e-02,  3.81957004e-03, -2.98718373e-02,  1.21988332e-01,  2.18226560e-02],
       [ 9.03030060e-03, -2.05799451e-02,  1.00266894e-01, -6.00062184e-02, -1.09017425e-01],
       [ 8.54616950e-03,  1.16925091e-02,  6.61583759e-02, -8.66356272e-02,  5.94252436e-03],
       [-2.68266712e-02, -6.83684778e-02, -3.70719288e-02, -2.77621377e-02, -7.59402245e-02],
       [ 1.92974956e-02,  6.81469459e-03, -3.01250972e-02,  5.03399084e-02,  2.70161402e-02],
       [-3.57943198e-02,  8.87812509e-02,  3.73437655e-02,  1.02021253e-01,  9.68301188e-02],
       [ 3.32868018e-02,  2.53781888e-02,  9.49287598e-02,  7.50243171e-03, -9.17351133e-02],
       [-6.03025971e-02, -1.60244503e-02, -2.47844388e-02, -1.16440127e-01,  1.37583095e-02],
       [-3.22450204e-02, -6.72641552e-02, -5.80813615e-02,  2.93232932e-02, -6.04558816e-02],
       [-2.66774553e-02, -9.45807634e-03, -4.97790886e-02, -1.07918352e-02,  5.63006049e-02],
       [ 4.28833922e-02, -7.10421900e-02, -1.40548623e-01, -2.77766340e-02,  3.50231252e-02],
       [ 3.18793282e-03,  4.09581572e-02, -4.47298720e-02,  9.27501434e-02,  1.06586878e-01],
       [-4.34085586e-02, -2.02679338e-02,  5.16661475e-02,  1.60647675e-02, -9.87731710e-02],
       [ 3.46963257e-02, -1.88122947e-02,  4.88218625e-02,  5.34437403e-02, -1.13414550e-01],
       [-6.16361232e-02, -2.04029797e-02,  9.67908469e-02, -3.71319345e-02, -1.20098076e-01],
       [-4.89459569e-02, -6.93558998e-04, -4.57513588e-02,  4.60665212e-02, -6.42098993e-03],
       [ 1.85061986e-03,  6.99442815e-02, -3.73664374e-02,  6.02716691e-02, -2.30048572e-02],
       [ 1.27158381e-02, -5.92010799e-02, -7.16627956e-02, -5.67020630e-02, -9.19442984e-02],
       [ 3.91682214e-02,  7.92114169e-02,  7.07379732e-03,  7.56129577e-02,  4.76157846e-04],
       [ 3.07593444e-02, -9.13958603e-02,  1.09409681e-02, -1.04945320e-01, -1.77920089e-02],
       [ 6.54973449e-03,  6.93969272e-02,  4.91830315e-02,  6.78735494e-02,  1.31712659e-01],
       [ 3.53203199e-02,  1.02688181e-01, -6.88908107e-02,  9.81963640e-02,  1.06873342e-02],
       [-6.29106011e-02,  2.48409848e-02,  9.24560763e-02,  1.91689449e-02,  5.49879783e-02],
       [ 2.85761071e-02, -5.74946911e-02, -5.16713890e-03, -5.86547963e-02, -3.55626416e-02],
       [-3.46556534e-02, -7.11510492e-02, -1.05585839e-01, -6.95194615e-02, -6.17373961e-02],
       [ 7.46917319e-02, -3.68470394e-02,  4.19153317e-02, -2.13608329e-03,  1.16915056e-01],
       [-6.06993328e-02,  7.83617130e-02, -1.65193279e-02,  9.50681961e-02, -2.48419268e-02],
       [-3.85056402e-02, -5.68297643e-03,  9.87280400e-02, -3.12464156e-02,  3.68599906e-02],
       [-3.74529915e-02,  3.05187884e-02, -1.57446754e-02,  1.05067388e-02, -5.97021500e-02],
       [ 8.45523837e-02,  2.33799089e-02,  8.16972998e-02,  8.78825388e-03, -7.47153111e-02],
       [ 1.65568225e-02, -6.20121292e-02, -6.28214080e-02, -5.89909196e-02, -7.74883029e-02],
       [-5.32580295e-02, -3.39453169e-02,  6.68813000e-02, -1.07288223e-02,  9.01272715e-02],
       [ 8.06719379e-02, -6.36477351e-02,  1.04175633e-01, -4.24236084e-02,  1.14641728e-01],
       [-4.88023936e-02,  2.41623132e-02,  7.93108815e-02,  3.79271130e-02,  1.26721607e-01],
       [-7.75840436e-02, -7.89661467e-02,  5.47463888e-02, -5.60497902e-02, -6.13316141e-03],
       [ 3.60148790e-04, -4.53203967e-02,  1.18302876e-02, -5.80542256e-02,  1.02587179e-02],
       [-1.06463051e-02,  6.32226678e-02, -1.20784206e-02, -2.71017035e-03, -1.24760222e-02],
       [-5.57269224e-03, -6.28510532e-02,  6.16739970e-03, -3.14995803e-04,  1.01936044e-02],
       [-8.16304781e-03, -4.22055990e-03, -1.05545242e-02,  9.14710331e-02, -2.76449921e-02],
       [-1.49655091e-02,  4.52638863e-02,  1.67086008e-02,  5.45414683e-03, -5.72702261e-03],
       [ 1.17135986e-02,  4.70864906e-02, -2.48715985e-02,  4.21697519e-02, -1.00957282e-02],
       [-8.82114109e-03, -2.43300214e-02, -2.14999142e-03, -1.52009618e-02,  6.16230953e-03],
       [-5.13920364e-03, -1.13588966e-01,  3.81880117e-02, -4.29376566e-02,  2.26151164e-02],
       [ 1.53895355e-03, -8.43872925e-02, -7.00487063e-03,  8.04323450e-02, -1.05313017e-02],
       [-7.22490814e-03,  9.24292808e-02, -1.15181695e-02, -1.59309541e-02, -8.58871081e-03],
       [-1.29046779e-02,  1.79987431e-02, -1.93560784e-02,  2.73057396e-02, -7.93287171e-03],
       [-5.28236684e-03,  5.63662701e-02,  3.27557702e-03, -4.51622003e-02,  5.55252497e-03],
       [-6.18913926e-03,  1.13814083e-01, -2.54818257e-02, -4.67775218e-02,  7.57627413e-04],
       [-9.78622319e-03, -4.07049112e-02,  2.91401313e-02, -5.00890071e-02,  2.81137815e-02],
       [ 6.72989591e-03, -3.96161383e-02, -1.32820969e-02,  6.81802692e-02, -9.11372472e-03],
       [-1.53955394e-02, -4.83919191e-02, -6.57673179e-03,  5.61911623e-02,  4.83381277e-03],
       [-2.49529783e-03, -2.23047286e-02, -1.71669883e-02,  9.46342624e-02, -1.99055854e-02],
       [-2.49905221e-02, -1.28784700e-02, -9.84399064e-03, -1.17257603e-02,  7.73156723e-03],
       [ 1.55008993e-02, -4.70923986e-02, -1.61318199e-02, -6.93854945e-02, -8.03467998e-03],
       [ 8.07727582e-03,  3.62781732e-02, -2.03841846e-02,  9.21530715e-02,  1.74880273e-02],
       [ 3.09465138e-03, -2.89267010e-02,  2.31388013e-02, -4.33919381e-02, -1.03609392e-01],
       [ 1.45484577e-02, -3.66113194e-02,  7.45768195e-02, -7.16387584e-02,  1.44596932e-03],
       [-3.66309450e-02, -3.14070247e-02, -6.69330918e-02, -1.95466952e-02, -5.88371725e-02],
       [ 9.00910881e-03,  2.32213559e-02, -1.79694034e-02,  4.85954880e-02,  2.97323387e-02],
       [-1.22703235e-02,  4.42749933e-02,  7.63404501e-02,  6.64136875e-02,  6.48137071e-02],
       [ 3.32558508e-02,  2.09436254e-02,  3.51175953e-02,  1.06789822e-02, -1.06655638e-01],
       [-3.03068105e-02, -5.01744551e-02, -1.06995895e-02, -8.88771353e-02,  1.24834526e-02],
       [-1.06800229e-02, -1.83917803e-02, -9.00312437e-02,  2.11100007e-02, -4.72114908e-02],
       [-1.48548496e-02, -1.05052160e-02, -1.90501362e-02, -1.30587638e-02,  5.88990650e-02],
       [ 2.89231718e-02, -3.36475604e-02, -1.24920595e-01, -1.96891229e-02,  5.16583781e-02],
       [ 1.30851111e-02,  3.24309242e-02,  2.35705374e-02,  5.40042776e-02,  7.59675573e-02],
       [-2.34089089e-02,  9.17583773e-03, -1.04014747e-02,  1.51667838e-02, -9.29194141e-02],
       [ 2.65210426e-02,  4.87585774e-02, -1.53661173e-02,  3.58577052e-02, -8.69299084e-02],
       [-1.64559294e-02, -8.64926370e-03,  1.13181236e-02, -2.95678830e-02, -1.25489623e-01],
       [-2.76969858e-02,  4.41415526e-02, -4.69268443e-02,  4.55358800e-02,  7.25745252e-03],
       [ 2.92740062e-02, -7.55421421e-02,  2.82344616e-03, -2.08177806e-02,  4.97777285e-03],
       [ 2.61253151e-03,  1.21915287e-02,  1.59933491e-02,  1.06440682e-01,  8.50461231e-03],
       [ 1.99364222e-02,  6.88613485e-02, -1.25148252e-03,  2.49859830e-02, -3.38095933e-03],
       [-6.17122259e-02,  4.83418857e-02,  1.25232659e-02,  4.88867703e-02,  6.06815980e-03],
       [ 1.82796984e-02, -3.33398357e-02, -6.95884477e-03, -2.63433349e-02, -2.85880205e-03],
       [-5.33141639e-02, -1.22123253e-01, -6.61944236e-03, -6.05507689e-02,  2.29059137e-03],
       [ 8.53204828e-02, -9.23659167e-02,  1.58859513e-02,  8.04438409e-02,  2.00151495e-02],
       [-8.09311881e-02,  9.35792108e-02, -9.53464817e-03,  4.84814578e-03, -1.07766489e-02],
       [-5.06388112e-02,  1.35974403e-02,  1.17829920e-02,  2.65387908e-02,  3.13129155e-03],
       [-4.32924334e-02,  5.53307386e-02, -6.74034766e-03, -3.96753468e-02, -1.09174683e-02],
       [ 6.47678677e-02,  1.10802793e-01, -4.76159281e-03, -4.34432028e-02, -1.56481928e-02],
       [ 9.84793128e-03, -5.00939467e-02, -2.11399306e-03, -6.25679726e-02,  4.53798195e-03],
       [-6.91353668e-02, -4.43385209e-02,  1.74139162e-02,  6.62124888e-02,  1.71227268e-02],
       [ 5.80198117e-02, -6.61322814e-02,  2.90920004e-02,  5.25836332e-02,  2.99332446e-02],
       [-7.24203595e-02, -1.63720462e-02,  1.96684115e-02,  1.05599038e-01,  1.76918957e-02],
       [-9.67339460e-02, -3.75824063e-02,  4.04096475e-03, -2.43507439e-02,  5.36413143e-03],
       [ 3.39603782e-03,  6.74708440e-03,  4.02893636e-02, -1.40926777e-01, -2.51422136e-02],
       [ 1.76564524e-02, -4.69138180e-02,  1.92995813e-02, -3.16913073e-02,  2.65159477e-03],
       [-5.49754568e-02, -5.91591612e-02, -1.54630985e-03, -6.62249956e-02, -1.81097836e-02],
       [ 1.83690650e-02,  3.03209805e-02, -1.12052217e-02,  4.19746354e-02,  6.50774628e-03],
       [-3.23798417e-02,  1.23143965e-01, -1.92641624e-02,  7.97920981e-02,  9.72033160e-03],
       [ 6.80886142e-02,  1.14699706e-01,  2.86361093e-02, -1.03630851e-01, -3.24084016e-02],
       [-8.67707733e-02, -9.40916229e-02,  1.54882171e-03, -1.20037778e-02,  1.05361863e-02],
       [-3.55844095e-02, -3.54832302e-02, -1.76502640e-02, -3.49128710e-02, -1.35495828e-02],
       [-3.36198087e-02, -6.44273961e-02, -1.47842877e-02,  5.02520389e-02,  1.88851179e-02],
       [ 6.04061577e-02, -1.45714788e-01, -3.40023576e-02,  5.56223114e-02,  1.77255841e-02],
       [ 1.54142263e-02,  4.68489078e-02, -2.58844811e-02,  8.76073922e-02,  7.80224582e-03],
       [-4.33220506e-02,  4.57411303e-02,  1.88680176e-02, -8.25588449e-02, -3.39846823e-02],
       [ 5.25799259e-02,  9.00782796e-02,  1.19617539e-02, -7.35965054e-02, -3.50573755e-02],
       [-5.45847355e-02,  3.88391570e-02,  3.54261474e-02, -1.40148850e-01, -2.94324825e-02],
       [-7.63670811e-02,  3.24217801e-02, -1.14070357e-02,  3.42853522e-02, -3.35650807e-03],
       [-2.04449296e-03, -2.14678227e-03, -1.02311140e-01,  1.11976247e-01, -5.53007901e-03],
       [-9.45269928e-03,  6.41917244e-02,  7.29849630e-02,  1.99688539e-02,  1.03603843e-01],
       [ 2.04861621e-04, -6.26101356e-03,  4.49731914e-02, -6.66012232e-02, -4.37490144e-02],
       [-1.76283584e-02, -5.85055687e-02, -7.93915690e-02, -9.15143841e-02, -1.03855500e-01],
       [ 2.85084553e-02, -2.82492238e-02, -9.21450097e-02, -2.84178523e-02,  1.20713697e-01],
       [-1.82897771e-02,  1.70848790e-02,  2.15325085e-02,  1.43090287e-01, -1.51146061e-02],
       [-1.19851161e-02,  5.95097103e-02,  1.00552510e-01, -4.90624599e-02,  7.48459460e-02],
       [-5.88878777e-03,  8.68975429e-03,  5.07850645e-02,  2.56099415e-02, -7.58014341e-02],
       [ 3.94591235e-03,  6.03908954e-02,  1.85339619e-01,  3.91372953e-02, -4.75312328e-02],
       [ 5.84066698e-04, -7.98681202e-03,  1.07608348e-02, -6.92994092e-02, -9.83029057e-02],
       [-3.56813332e-03,  1.17916231e-02, -2.93015809e-02, -3.93044385e-02,  1.14653595e-01],
       [ 3.77241031e-03,  7.13613741e-03, -2.51172641e-02, -8.55806770e-02,  1.43621853e-01],
       [-1.08160859e-02,  4.38850594e-03, -8.15492047e-02,  1.74016013e-02,  1.49578321e-01],
       [-3.45170845e-02, -7.78559819e-03,  6.71008323e-02, -6.10367840e-02,  8.31117587e-03],
       [-1.52407627e-02,  7.57102390e-02, -4.72414192e-02,  5.95411134e-02,  1.21406171e-02],
       [ 7.14642572e-03, -1.62727006e-02,  2.41688121e-02, -2.73292109e-02,  2.12038079e-04],
       [-4.68698414e-02, -1.39890183e-01,  6.46722032e-02, -8.57064978e-02, -6.06499961e-03],
       [ 3.13673192e-02, -7.64839376e-02, -1.05511527e-01,  7.93951930e-02,  1.70421146e-02],
       [-7.15709059e-02,  8.06068580e-02,  1.19801047e-02,  1.35341940e-02, -6.45671400e-03],
       [-3.64643435e-02,  5.65630551e-02, -2.38881314e-02,  3.43807232e-02,  1.21644537e-02],
       [-2.80601791e-02,  4.24737450e-02,  4.92465660e-02, -4.34452135e-02, -1.04146214e-02],
       [ 1.62076965e-02,  1.44663851e-01,  4.01128437e-02, -3.66106206e-02, -1.66542359e-03],
       [-2.86454431e-04, -6.50455314e-02,  8.05097865e-02, -9.02586270e-02, -6.60764426e-03],
       [-3.93179495e-02, -2.02400989e-02, -8.42908981e-02,  7.27622855e-02,  1.48274721e-02],
       [ 5.73139452e-03, -4.06893162e-02, -9.29168337e-02,  5.61123986e-02,  2.23765793e-02],
       [-5.61765202e-02, -1.43120084e-02, -1.24945344e-01,  1.16329317e-01,  1.09986520e-02],
       [-7.33761374e-02, -2.18422022e-04, -3.67704991e-03, -1.99746581e-02,  8.85121196e-03],
       [-3.58053002e-02, -3.89919125e-02, -1.20449621e-02, -3.40403883e-02, -2.61860207e-02],
       [ 8.51473174e-02, -1.73812365e-02, -9.57254635e-02, -3.39493203e-02, -4.71087487e-02],
       [-9.60645558e-02,  2.92704063e-03,  5.92460332e-02, -1.81246267e-02,  7.94166992e-02],
       [ 1.46247720e-01,  4.63004545e-02, -7.83775476e-03,  6.56506449e-02, -1.28986490e-02],
       [ 8.47230199e-02, -1.65876757e-02,  7.92897615e-02, -2.19742973e-02,  2.56475963e-02],
       [ 5.34804806e-02,  6.96422479e-03, -2.12637938e-02,  1.59755132e-02, -3.82257035e-02],
       [-7.42038391e-02, -2.58364262e-02,  4.59233584e-02,  2.01920044e-02, -5.46880152e-02],
       [-5.58641700e-03, -4.50184444e-02, -8.98277556e-02, -3.23910750e-02, -7.53911953e-02],
       [ 1.04602455e-01, -1.21963171e-02,  7.79031630e-02, -2.33684440e-02,  6.90719300e-02],
       [-6.72175845e-02, -4.35927152e-02,  8.88004014e-02, -3.59405327e-02,  6.92004700e-02],
       [ 1.22174196e-01,  3.46438410e-02,  9.83727688e-02,  2.38103766e-03,  1.07860530e-01],
       [ 1.39389562e-01, -6.75042584e-02,  3.36452299e-02, -3.25879128e-02, -1.35897209e-02],
       [-4.01294841e-02,  7.14233155e-02,  1.11199026e-02,  6.17969040e-02,  2.99686323e-02],
       [ 5.52066080e-02,  4.19834114e-02,  4.39630332e-02, -3.30188090e-02, -3.95701135e-02],
       [-6.55861529e-02, -4.98523705e-02, -9.63556965e-03, -3.02028253e-02,  4.60776005e-03],
       [-3.32420752e-02, -2.60465835e-02, -2.17290272e-02, -1.03994624e-02, -1.94704897e-02],
       [-2.74170457e-02, -2.31199773e-02, -2.13763547e-02,  1.48535195e-02,  2.22841010e-02],
       [ 3.72824947e-02, -6.86447582e-02, -5.97051880e-02,  9.85915828e-03,  1.69576242e-02],
       [ 7.06248244e-03,  3.16799084e-02, -1.74636792e-02,  5.75595303e-02,  3.33204491e-02],
       [-4.51957958e-02,  1.38276980e-02,  2.25989040e-02, -2.94600982e-02, -3.63492959e-02],
       [ 2.60530600e-02,  3.55617739e-02,  2.28988786e-02, -2.46458959e-02, -3.33085481e-02],
       [-4.79599811e-02,  6.71565390e-03,  4.24426313e-02, -6.15732952e-02, -4.66697628e-02],
       [-6.58991427e-02,  1.40979933e-02, -1.69817071e-02,  2.08848420e-02,  8.34280958e-04],
       [-7.77990431e-02,  6.31013648e-02, -6.76380741e-02, -3.37782690e-02, -1.23558308e-01],
       [ 7.64448684e-02, -1.33746568e-01,  2.71096191e-02, -6.68360373e-02,  2.28170705e-02],
       [ 5.47323429e-02,  2.41697998e-02, -1.19682672e-01,  6.70896580e-03, -3.41718016e-02],
       [ 5.12436431e-02, -4.99230022e-02,  2.52984555e-02,  7.92258649e-03,  6.19719652e-02],
       [-1.08730243e-01, -4.88980193e-02, -6.13680132e-02,  1.84148962e-02,  7.59894206e-02],
       [-2.53781880e-02,  7.01771247e-02,  8.12845928e-02,  6.68226863e-02,  5.86524081e-02],
       [ 6.79174714e-02,  7.13000517e-02, -8.45714719e-02, -2.15315367e-02, -8.47732972e-02],
       [-1.19028759e-01,  1.42513448e-01, -1.11262031e-01, -1.37907467e-03, -9.34678119e-02],
       [ 5.69804517e-02,  2.37747880e-03, -1.09007191e-01, -7.70342047e-02, -1.14668605e-01],
       [ 8.14216947e-02,  1.16300960e-01, -3.29738010e-02,  6.26767753e-02,  8.74637167e-03],
       [-1.44484750e-01, -1.27739925e-01,  3.37979752e-02,  1.26799478e-01, -4.30156594e-03],
       [-8.49239928e-02,  4.68243977e-02,  7.65919291e-02, -6.99182695e-02,  6.51018485e-02],
       [-8.80408329e-02, -3.17174170e-02,  3.10523444e-02,  4.02416985e-02, -4.10134747e-02],
       [ 1.10771893e-01, -4.70553517e-02,  1.58285085e-01,  5.22527675e-02, -2.47535918e-02],
       [ 3.11048854e-02,  6.60633575e-02,  1.27268851e-02, -1.30050217e-02, -1.08566984e-01],
       [-1.19086052e-01,  5.33742782e-02, -2.85144346e-02, -7.48709865e-02,  8.59706759e-02],
       [ 1.20715092e-01,  9.68452002e-02, -2.90373714e-02, -1.19864714e-01,  1.02997969e-01],
       [-1.23799786e-01,  7.02887415e-03, -7.68958030e-02, -5.76473183e-02,  1.23419322e-01],
       [-1.39681506e-01,  4.44208283e-02,  7.62132068e-02, -3.45644945e-02, -1.28011707e-02],
       [ 8.03943019e-02,  2.10025434e-02, -2.74084511e-03,  4.26708278e-02, -6.52734373e-03],
       [ 8.68543690e-02,  6.91988546e-02, -9.74879639e-03, -6.14041660e-02,  9.11616004e-04],
       [-1.40826210e-01,  1.27525815e-01, -2.94735403e-02, -6.61958486e-02, -6.04574349e-03],
       [-4.09825783e-02, -8.00817841e-02,  2.96441719e-03, -8.66989319e-02,  1.83959399e-02],
       [ 1.33088940e-01, -5.17865810e-02,  1.30199234e-02,  9.48871549e-02,  9.46839742e-04],
       [-1.81577737e-01, -8.74485935e-02,  2.18348418e-02,  8.57447179e-02,  1.08126623e-02],
       [ 1.19963132e-01, -1.63602721e-02,  1.96928302e-02,  1.45905734e-01, -2.33157957e-03],
       [ 1.53863261e-01, -4.28466819e-02, -1.00428471e-02, -2.24463014e-02,  4.65480498e-03],
       [ 3.92655714e-02, -1.89933909e-02, -3.59619318e-02,  4.10030831e-02, -3.22579553e-02],
       [-6.52615278e-02, -7.37617112e-02,  2.40645214e-02,  4.69697700e-02, -4.22233193e-02],
       [-3.33157387e-02, -1.56819227e-02, -8.94507702e-02,  2.46449129e-02, -4.15306132e-02],
       [ 7.78289661e-02,  5.79341825e-03,  9.17778320e-02, -5.89464735e-02,  4.97616958e-02],
       [-7.02845485e-02, -9.79508487e-03,  1.03197134e-01, -5.59647111e-02,  4.71428458e-02],
       [ 7.11323812e-02,  4.15066449e-02,  1.22888043e-01, -6.15368713e-02,  7.44185969e-02],
       [ 6.66090826e-02, -5.48623163e-02,  3.13292147e-02, -1.31040613e-02, -9.58328119e-03],
       [-5.51694418e-02,  4.01076797e-02, -6.71958243e-02, -2.66099179e-02,  1.81397540e-02],
       [-1.71897307e-02, -3.73787065e-02, -8.04456801e-03, -3.26325375e-03,  6.16161551e-02],
       [ 6.17992030e-02, -2.85815011e-02,  1.39392851e-02,  4.14619797e-02, -4.16423185e-02],
       [-6.04443753e-02, -5.97857324e-02,  1.21802152e-02,  6.95539222e-02, -5.44517711e-02],
       [ 7.09292895e-02, -1.23696919e-02,  4.27749883e-02,  4.49381734e-02, -7.93095366e-02],
       [ 6.75581246e-02, -2.36707835e-02, -3.68342592e-02,  1.80972109e-02,  1.00546134e-02],
       [ 2.32029800e-02, -7.28682250e-02, -1.15746931e-01,  7.75375698e-04,  5.86791873e-02],
       [-1.16522309e-01, -7.25772316e-02,  1.31133839e-01,  5.59380051e-02, -4.23914309e-02],
       [ 6.46731863e-02, -1.27489619e-01,  1.45696186e-01,  7.05705679e-02, -4.30498010e-02],
       [-1.25598177e-01,  2.14343013e-03,  2.12946251e-01,  5.37500349e-02, -5.79374474e-02],
       [-1.31209480e-01, -9.78284809e-02, -2.50415360e-02,  1.16760377e-02,  1.33022743e-03],
       [-2.67453153e-02,  3.31485852e-02, -2.79001057e-02,  1.95823846e-03, -9.63235995e-02],
       [ 1.86095004e-02,  6.49498586e-02, -5.19734922e-02,  2.93158311e-02, -1.07944168e-01],
       [-4.36473202e-02,  2.05603866e-02, -1.19715963e-02, -5.10211807e-02, -1.07613788e-01],
       [-4.91603550e-02,  4.72769121e-02, -5.90920004e-02,  5.66889491e-02,  1.78210499e-03],
       [-1.08775976e-01,  4.12406818e-02,  1.85992179e-02, -9.60121639e-02,  8.33421143e-02],
       [ 1.14428847e-01,  2.43878235e-02, -1.43484491e-02, -6.81754828e-02,  1.29537122e-01],
       [ 1.50733712e-01, -2.61596911e-03,  5.85634708e-02, -3.09087989e-02, -1.46893699e-02],
       [-1.27394979e-01,  1.81049377e-02,  2.55881666e-03, -1.01174796e-01,  1.23927432e-01],
       [-1.42205369e-01, -4.34821012e-03,  5.98612488e-02, -1.56162447e-02, -2.61817332e-02],
       [ 1.22330744e-01, -6.65049578e-03,  8.28831658e-02, -6.15605678e-02,  5.90807650e-04]])})
2026-01-20 11:01:47,261 - final_problem_set.kxor_instance_n26_k2_m212_ell2_eps0.25_kappa1.0_rho0.4 - INFO - Running key extraction (n=26, m=212, ell=2, phase_qubits=13)
2026-01-20 11:01:47,266 - final_problem_set.kxor_instance_n26_k2_m212_ell2_eps0.25_kappa1.0_rho0.4 - INFO - Built voting matrix V (n=26, ell=2, dtype=complex128) in 0.005s
2026-01-20 11:01:47,267 - final_problem_set.kxor_instance_n26_k2_m212_ell2_eps0.25_kappa1.0_rho0.4 - INFO - Eval: adv=0.3396, hamming=3/26 (0.115), corr=0.769
2026-01-20 11:01:47,267 - final_problem_set.kxor_instance_n26_k2_m212_ell2_eps0.25_kappa1.0_rho0.4 - INFO - Key extraction complete: x_hat=24
2026-01-20 11:01:47,267 - final_problem_set.kxor_instance_n26_k2_m212_ell2_eps0.25_kappa1.0_rho0.4 - INFO - Finished step 'KeyExtractionStep' in 0.006s (success: True, problem=kxor_instance_n26_k2_m212_ell2_eps0.25_kappa1.0_rho0.4)
2026-01-20 11:01:47,267 - final_problem_set.kxor_instance_n26_k2_m212_ell2_eps0.25_kappa1.0_rho0.4 - INFO - SUCCESS: len(z_hat)=26
2026-01-20 11:01:47,267 - final_problem_set.kxor_instance_n26_k2_m212_ell2_eps0.25_kappa1.0_rho0.4 - INFO - Metrics: adv=0.33962264150943394, ham_frac=0.11538461538461539, corr=0.7692307692307693
2026-01-20 11:01:47,267 - final_problem_set.kxor_instance_n26_k2_m212_ell2_eps0.25_kappa1.0_rho0.4 - INFO - z_hat (full): [-1,  1, -1,  1,  1, -1,  1, -1, -1,  1, -1,  1,  1,  1, -1, -1,  1, -1,  1, -1, -1, -1,  1,  1,  1, -1]
