2026-01-20 11:01:20,395 - final_problem_set.kxor_instance_n23_k2_m174_ell2_eps0.2_kappa1.0_rho0.8 - INFO - Starting iteration for /Users/julian/CodingProjects/UniT3/QuarticSpeedupK-XOR/z_Daphne/data/final_problem_set/kxor_instance_n23_k2_m174_ell2_eps0.2_kappa1.0_rho0.8.npz
2026-01-20 11:01:20,396 - final_problem_set.kxor_instance_n23_k2_m174_ell2_eps0.2_kappa1.0_rho0.8 - INFO - Loaded instance (n=23, m=174, k=2)
2026-01-20 11:01:20,396 - final_problem_set.kxor_instance_n23_k2_m174_ell2_eps0.2_kappa1.0_rho0.8 - INFO - Starting step 'ComputeKikuchiStep' (version 0.1) on problem kxor_instance_n23_k2_m174_ell2_eps0.2_kappa1.0_rho0.8 (fields={'ell': 2, 'threshold': 0.0})
2026-01-20 11:01:20,422 - final_problem_set.kxor_instance_n23_k2_m174_ell2_eps0.2_kappa1.0_rho0.8 - INFO - Finished step 'ComputeKikuchiStep' in 0.026s (success: True, problem=kxor_instance_n23_k2_m174_ell2_eps0.2_kappa1.0_rho0.8)
2026-01-20 11:01:20,422 - final_problem_set.kxor_instance_n23_k2_m174_ell2_eps0.2_kappa1.0_rho0.8 - INFO - Starting step 'ClassicalEigenvaluesStep' (version 0.1) on problem kxor_instance_n23_k2_m174_ell2_eps0.2_kappa1.0_rho0.8 (fields={'ell': 2, 'threshold': 0.0, 'kikuchi_matrix': <Dictionary Of Keys sparse matrix of dtype 'int64'
	with 5502 stored elements and shape (253, 253)>, 'num_eigenvalues': 5})
2026-01-20 11:01:20,525 - final_problem_set.kxor_instance_n23_k2_m174_ell2_eps0.2_kappa1.0_rho0.8 - INFO - Finished step 'ClassicalEigenvaluesStep' in 0.103s (success: True, problem=kxor_instance_n23_k2_m174_ell2_eps0.2_kappa1.0_rho0.8)
2026-01-20 11:01:20,525 - final_problem_set.kxor_instance_n23_k2_m174_ell2_eps0.2_kappa1.0_rho0.8 - INFO - Starting step 'KeyExtractionStep' (version 0.1) on problem kxor_instance_n23_k2_m174_ell2_eps0.2_kappa1.0_rho0.8 (fields={'ell': 2, 'threshold': 0.0, 'kikuchi_matrix': <Dictionary Of Keys sparse matrix of dtype 'int64'
	with 5502 stored elements and shape (253, 253)>, 'num_eigenvalues': 5, 'eigenvalues': array([-10.44108065,  10.45623904,  11.0577943 ,  12.30288067,  15.40345087]), 'eigenvectors': array([[ 1.42635755e-02, -2.43726809e-02,  2.90416130e-02, -3.13522228e-03, -7.16389086e-02],
       [-5.57211915e-03, -3.46490992e-02,  1.21217862e-02, -3.42438869e-02, -9.32214812e-02],
       [-1.34259954e-02, -1.20828029e-02,  5.89478299e-02,  3.03260197e-02, -1.00592896e-01],
       [ 1.56942053e-02, -6.67175325e-02,  6.41386965e-02,  1.20935467e-02, -7.34052474e-02],
       [ 1.02840160e-02, -6.75249000e-02,  1.08926557e-01, -5.21266222e-02, -5.35822049e-02],
       [-2.37844424e-05,  7.84950096e-02,  4.30560394e-02, -2.05407941e-02, -6.97651630e-02],
       [ 4.37827581e-03,  8.17844187e-03, -4.05315738e-02, -4.34503924e-02,  3.91022400e-02],
       [-1.67409362e-02, -4.35625129e-03,  1.31951324e-01,  2.91303161e-02, -6.41235842e-02],
       [ 3.44635462e-03,  5.92400102e-02,  8.12204386e-02, -5.25542108e-03,  6.14125252e-02],
       [-1.32932495e-02,  8.07307943e-02,  5.86116327e-02, -8.00419704e-02,  5.97870952e-02],
       [ 2.42448082e-02, -7.62549142e-02, -2.52625752e-02, -1.21365011e-01, -4.13904840e-02],
       [ 2.43124820e-02, -9.22798368e-02,  4.32458118e-02,  5.72875862e-02,  4.62938524e-02],
       [ 5.94672992e-03, -2.55321542e-02,  1.75967813e-02,  3.95351211e-02, -8.99231776e-02],
       [-1.33849338e-02,  4.05886474e-02,  2.58587332e-02, -7.92333259e-02, -3.35012972e-02],
       [-2.28643736e-03,  2.35518777e-02, -3.80031012e-02, -4.22258325e-02,  7.63170618e-02],
       [-3.47320190e-02, -1.18299648e-01,  2.63511062e-02, -2.40201896e-02, -8.39425508e-02],
       [-1.66310676e-02,  5.08655647e-02, -7.19766588e-02,  7.43639413e-02,  4.64268048e-02],
       [-7.89888666e-03,  1.58561113e-02,  4.55341798e-02, -4.79148624e-02,  8.58428371e-02],
       [ 2.30646079e-02,  7.70803375e-02,  4.61839359e-02,  9.10795176e-02, -8.10273945e-02],
       [-5.28153161e-03,  1.89868334e-02, -1.13334488e-01, -1.55269269e-02,  9.39622938e-02],
       [ 3.59141083e-02,  7.70765191e-02, -5.46845428e-02, -3.56774726e-02,  7.86114270e-02],
       [ 6.61939706e-03,  1.35777730e-02,  4.39420904e-03, -9.58867386e-02, -1.94366468e-02],
       [ 4.85982605e-02,  4.98783473e-03, -3.15629662e-02, -3.89771587e-02, -8.23305944e-02],
       [ 4.81562175e-02,  3.06550541e-02, -2.25857491e-03,  1.03031836e-02, -9.85976537e-02],
       [-9.27192175e-02, -4.84647332e-02,  3.27862749e-02,  2.84370698e-04, -9.01665608e-02],
       [-1.69067327e-02, -4.64152970e-02,  7.82901110e-02, -5.84444770e-02, -5.45197882e-02],
       [-1.38503118e-01,  1.12598064e-01,  6.00845055e-03, -3.47045373e-02, -7.37341394e-02],
       [ 4.35252723e-02, -4.99276258e-03, -2.17994024e-02, -3.57070307e-02,  4.23882389e-02],
       [ 9.93429101e-02,  2.04646376e-02,  9.83633211e-02,  1.64364941e-02, -6.59109890e-02],
       [-1.45016771e-01,  2.57314527e-02,  1.01110266e-01,  2.74922544e-03,  5.49675245e-02],
       [ 8.95495641e-02,  5.10053284e-02,  9.18236108e-02, -6.49970741e-02,  5.71450246e-02],
       [-1.55526496e-01, -5.40936619e-02, -4.14840876e-02, -1.17230889e-01, -3.83844670e-02],
       [-1.24691283e-01, -9.95540472e-02,  6.08694400e-02,  5.56994412e-02,  3.83177942e-02],
       [-1.68850668e-01,  1.24521348e-02, -3.91249959e-02,  2.47242751e-02, -9.43541586e-02],
       [ 1.16876763e-01,  5.54441620e-02,  6.88543706e-03, -7.96897232e-02, -3.21435471e-02],
       [ 7.61293419e-02, -7.50768366e-03,  7.22671314e-03, -2.59250627e-02,  7.43843096e-02],
       [ 1.26305050e-01, -7.91170711e-02, -1.70473672e-02, -3.41050648e-02, -8.17173241e-02],
       [ 8.54364639e-02,  2.68916994e-02, -4.55485059e-02,  7.50172330e-02,  4.43138116e-02],
       [-3.03750486e-02, -2.09773112e-02,  9.13035480e-02, -3.26989399e-02,  8.49197172e-02],
       [-4.61614211e-02,  9.75765511e-02, -6.58131441e-03,  6.41190660e-02, -7.21661892e-02],
       [-9.76863292e-02, -1.87064906e-02, -4.31012482e-02,  2.87375748e-03,  8.33860644e-02],
       [-1.19262224e-01,  4.51570809e-02, -5.24222727e-03, -1.86301016e-02,  8.00281696e-02],
       [-3.49500212e-02,  2.03185364e-02, -1.25064678e-03, -9.31008527e-02, -1.81585506e-02],
       [-1.99623270e-02,  3.58407611e-02, -3.11079933e-02, -2.43930724e-02, -1.14163772e-01],
       [ 3.06176860e-02, -4.33089908e-02,  7.14117294e-03, -2.64475576e-02, -8.46126476e-02],
       [ 1.09593633e-02, -5.23430460e-02,  7.12912788e-02, -8.21208099e-02, -6.51268442e-02],
       [ 5.63829247e-02,  1.31533138e-01, -1.54307494e-02, -6.56897037e-02, -8.72156558e-02],
       [-1.64554595e-02, -8.23560899e-03, -1.25382982e-02, -2.34669863e-02,  5.29707958e-02],
       [-5.24851575e-02,  2.87116058e-02,  9.30521468e-02, -3.93875494e-03, -7.58878637e-02],
       [ 5.19693484e-02,  3.23529054e-02,  1.43567298e-01,  2.72643398e-02,  6.68135161e-02],
       [-2.72333100e-02,  5.72800666e-02,  1.10358105e-01, -4.81216781e-02,  5.90216466e-02],
       [ 4.10479097e-02, -6.44616184e-02, -5.39962275e-02, -1.28615304e-01, -3.86576502e-02],
       [ 5.83919345e-02, -1.15106078e-01,  7.60330352e-02,  7.17594636e-02,  3.98519134e-02],
       [ 4.88213552e-02,  1.02243889e-02, -6.34752895e-02, -8.67564387e-03, -1.00339708e-01],
       [-4.61566179e-02,  5.91013923e-02,  4.36159366e-04, -8.67939010e-02, -2.95520068e-02],
       [-2.68066546e-02, -1.40503831e-02,  3.35267241e-02,  1.39702021e-04,  8.44893648e-02],
       [-5.37843768e-02, -8.73865492e-02, -4.43489438e-02, -6.68742635e-02, -9.28684829e-02],
       [-3.24539913e-02,  2.83115300e-02, -3.84348930e-02,  8.50081846e-02,  4.39439726e-02],
       [ 1.10469272e-02, -2.07728257e-02,  1.14152414e-01, -2.16708645e-03,  8.59859226e-02],
       [ 1.76532444e-02,  1.17494640e-01, -2.75731686e-02,  4.34629161e-02, -8.62418418e-02],
       [ 3.89361469e-02, -2.69621469e-02, -3.24406632e-02,  3.63115343e-02,  1.10510488e-01],
       [ 3.01018994e-02,  6.85189702e-02,  1.88626270e-02,  1.02654581e-02,  1.13527517e-01],
       [ 1.52145255e-02,  2.39216698e-02, -6.76433440e-03, -1.06007816e-01, -2.05856090e-02],
       [ 2.89833659e-02, -3.03943692e-02,  5.56684857e-02,  3.06390758e-02, -9.97425673e-02],
       [ 8.17365556e-03, -5.26238108e-02,  1.20503438e-01, -5.86254544e-02, -8.01601262e-02],
       [ 4.45210438e-02,  1.70009291e-01,  2.06211340e-02, -1.64771657e-02, -9.04846670e-02],
       [-2.38161915e-02, -2.13362855e-02, -4.24463643e-02, -7.06826146e-02,  5.98199728e-02],
       [-5.01389229e-02,  5.21527415e-02,  1.58258971e-01,  5.36148160e-02, -8.54197726e-02],
       [ 6.02569557e-02,  2.57368256e-02,  1.46775248e-01, -1.75894396e-02,  8.61186091e-02],
       [-2.00996937e-02,  5.37549658e-02,  1.06828027e-01, -1.05784295e-01,  6.94432450e-02],
       [ 3.24180012e-02, -7.43692918e-02, -5.98955536e-02, -1.52949886e-01, -5.23026879e-02],
       [ 4.90137681e-02, -1.64548488e-01,  8.76752661e-02,  6.89149122e-02,  6.11577273e-02],
       [ 6.34131629e-02,  5.34875322e-02, -3.00685169e-02,  7.77730257e-02, -1.32759503e-01],
       [-3.64355209e-02,  8.48713609e-02,  1.01698969e-02, -9.71404710e-02, -3.47230161e-02],
       [-1.77589915e-02, -2.72811657e-02, -6.28388271e-03, -5.94072380e-02,  9.06503348e-02],
       [-2.27376875e-02, -1.15642491e-01, -1.26764796e-02, -1.90545079e-02, -1.44102939e-01],
       [-3.32169027e-02,  2.98025967e-02, -7.12785924e-02,  8.66721956e-02,  6.56894067e-02],
       [ 5.81250542e-03, -6.03905489e-02,  9.79252381e-02, -7.23734301e-02,  1.01079077e-01],
       [ 1.46671587e-02,  1.52520522e-01,  1.12552693e-02,  1.10534486e-01, -8.49665452e-02],
       [ 5.10764973e-02, -5.08520001e-02, -8.91011638e-02, -3.34726808e-02,  1.16166035e-01],
       [ 4.36683536e-02,  3.37574529e-02, -3.28763057e-02, -6.10717118e-02,  1.04302125e-01],
       [ 1.53256234e-02,  3.09748194e-02, -2.82596094e-03, -1.25462558e-01, -3.67788531e-02],
       [-1.80561213e-02, -6.42371822e-02,  8.85630072e-02, -4.37030472e-02, -4.97713444e-02],
       [-9.50675191e-02,  7.64289646e-02,  4.62831909e-02, -2.25760332e-02, -7.75680765e-02],
       [ 3.72759693e-02,  2.31356553e-02, -4.59185029e-02, -4.76484324e-02,  4.50486063e-02],
       [ 7.12165507e-02, -1.38960962e-02,  1.30016498e-01,  3.22544137e-02, -6.52552813e-02],
       [-1.16671425e-01,  7.04929266e-02,  8.47936103e-02, -5.61202419e-03,  6.30703694e-02],
       [ 5.54737201e-02,  9.70936529e-02,  5.79524119e-02, -7.92196206e-02,  5.77874733e-02],
       [-9.58940604e-02, -7.71599385e-02, -3.14088971e-02, -1.16106401e-01, -4.13760315e-02],
       [-9.04408949e-02, -8.77714090e-02,  4.55662374e-02,  5.71183102e-02,  4.72314793e-02],
       [-1.05229754e-01, -4.80272764e-02,  1.27992300e-02,  4.69323808e-02, -9.79891561e-02],
       [ 6.73821905e-02,  4.00659760e-02,  2.09587096e-02, -7.64255796e-02, -3.44402808e-02],
       [ 5.75703962e-02,  3.14902871e-02, -2.90850431e-02, -3.61277351e-02,  6.61066647e-02],
       [ 6.77123716e-02, -1.30207321e-01,  1.78362631e-02, -1.89392608e-02, -8.46110190e-02],
       [ 5.21531495e-02,  5.34238538e-02, -6.69989272e-02,  6.96683231e-02,  4.58776694e-02],
       [-1.08808701e-02,  2.75611507e-02,  3.96766025e-02, -4.17235510e-02,  7.63113518e-02],
       [-2.76521004e-02,  5.68416832e-02,  3.80104815e-02,  8.28219254e-02, -7.46850446e-02],
       [-8.24420955e-02,  3.49916298e-02, -1.07040419e-01, -1.87278070e-02,  9.64973586e-02],
       [-7.10430215e-02,  9.40517697e-02, -4.95240941e-02, -3.73449811e-02,  8.04027649e-02],
       [-1.81644673e-02,  1.75225582e-02, -4.09681656e-05, -9.45502552e-02, -1.94974186e-02],
       [-1.12304512e-02,  2.90206742e-02,  8.48028070e-02, -6.83973689e-02, -5.29679295e-02],
       [-1.78038149e-03,  2.77792001e-02, -5.81593364e-02,  3.00795694e-03,  2.94551888e-02],
       [-7.27268646e-03, -3.03724077e-02,  1.32109315e-01, -3.31641254e-02, -4.50107291e-02],
       [-1.61569641e-02,  5.99277072e-02,  1.68105556e-02,  3.38368698e-02,  4.46068674e-02],
       [-3.01629928e-03,  9.32931772e-02,  4.22173952e-03, -1.19590805e-02,  4.65997420e-02],
       [-4.57590500e-02, -3.94943059e-02,  6.73342119e-03, -8.38869236e-02, -2.47231381e-02],
       [-2.42625613e-02, -4.87529135e-02, -2.71142049e-03,  6.36964939e-02,  3.16135847e-02],
       [-5.26977559e-02, -5.72090486e-02,  6.85682295e-02, -4.14261108e-02, -6.03553565e-02],
       [ 2.70737162e-02,  1.83293242e-02,  4.38460056e-02, -6.99557887e-02, -2.24752308e-02],
       [ 1.70336308e-02,  4.26745395e-02, -6.95232655e-02,  2.65967612e-02,  5.18642108e-02],
       [ 2.32473919e-02, -8.96689925e-02,  6.93422716e-02, -6.49364134e-02, -5.18701310e-02],
       [-3.17917519e-03,  3.56756883e-02, -7.77483658e-02,  7.35682332e-02,  2.84810473e-02],
       [-9.32320311e-03,  4.73924576e-02, -1.84716101e-02,  2.83588000e-02,  6.88206621e-02],
       [-1.59839815e-04,  1.03742513e-02,  7.12236787e-02, -2.57208810e-03, -5.11303455e-02],
       [-6.71378152e-03,  4.16581359e-02, -1.18453854e-01,  5.43909889e-02,  5.43470599e-02],
       [-1.62187655e-02,  7.93378053e-02, -8.40382384e-02,  3.49093591e-02,  5.32051330e-02],
       [-1.25034584e-02,  1.95650388e-02,  5.39859033e-03, -5.95230626e-02, -8.58382676e-03],
       [ 1.96961748e-02, -6.11897543e-02, -2.95059483e-02, -2.04073866e-02,  3.98011740e-02],
       [ 7.21113608e-02,  1.09901956e-01,  1.02048073e-01, -3.81318172e-03, -6.09446585e-02],
       [-8.99659439e-02, -3.69040233e-02,  8.45327402e-02,  1.48172879e-02,  5.38969225e-02],
       [ 4.95411045e-02, -4.43321204e-02,  8.26831596e-02, -4.75812921e-02,  6.24947379e-02],
       [-1.23404823e-01, -4.97172821e-03, -2.95960041e-02, -1.16789021e-01, -3.94286023e-02],
       [-1.07333218e-01, -1.18924745e-01,  4.44389071e-02,  5.98192973e-02,  3.43130506e-02],
       [-1.23522788e-01,  1.41697640e-01, -1.58138630e-02, -1.42732359e-03, -9.18302156e-02],
       [ 6.98904397e-02,  7.31514155e-02,  9.74000804e-03, -7.16950682e-02, -2.54119744e-02],
       [ 4.27175146e-02, -1.05765676e-01, -1.07332950e-02, -1.95209274e-03,  6.84377141e-02],
       [ 1.15225692e-01,  3.63167915e-02, -1.69021301e-03, -6.19902703e-02, -9.06440798e-02],
       [ 6.25328660e-02, -3.68352016e-02, -5.36092180e-02,  8.24785279e-02,  4.36417110e-02],
       [-7.22069590e-05, -1.18700881e-01,  5.69894053e-02, -7.58201297e-03,  7.24373940e-02],
       [-6.05250800e-02,  1.57887854e-01,  7.07880768e-03,  3.72742767e-02, -6.00929882e-02],
       [-5.42970050e-02, -1.30325707e-01, -6.03101328e-02,  2.60675218e-02,  7.96981518e-02],
       [-1.26394287e-01, -7.67725957e-02, -2.69391913e-02,  1.63897948e-03,  8.33040065e-02],
       [-3.72796802e-02,  9.19289597e-03,  5.23269957e-04, -8.38096561e-02, -1.36723459e-02],
       [-1.55020671e-02, -7.10966645e-03, -6.49556236e-02, -4.48213570e-02,  3.43078079e-02],
       [ 1.33041266e-02, -1.21673467e-02, -2.45146083e-02,  2.79827931e-02, -3.14075284e-02],
       [-1.81951051e-02, -3.17392673e-02, -2.09866605e-02,  6.97160973e-02, -3.20385820e-02],
       [ 5.58011038e-02,  2.35622949e-02,  7.51002546e-03,  4.65544681e-02,  2.52231626e-02],
       [ 4.46777565e-02,  5.98619061e-02, -1.98283140e-02, -1.39772251e-02, -2.49152835e-02],
       [ 4.84214505e-02, -3.97534587e-03, -1.88572809e-02, -6.79115823e-02,  5.19723077e-02],
       [-4.01338975e-02, -3.84472865e-02, -1.82970468e-02,  2.87476162e-02,  2.12146524e-02],
       [-1.49444097e-02,  1.96621010e-04,  2.66368305e-02,  5.54367052e-02, -3.93327004e-02],
       [-5.92417787e-02,  5.03071590e-02, -2.28085532e-02, -2.79803836e-02,  4.91573123e-02],
       [-2.12702153e-02, -1.17049633e-02,  3.82335155e-02, -1.88071097e-02, -2.60859688e-02],
       [ 5.83525348e-03,  1.27822521e-02, -1.21784648e-02,  6.74931908e-02, -4.71555823e-02],
       [ 2.31512799e-02, -3.35930040e-02, -2.26973187e-02, -6.44803404e-02,  3.37280994e-02],
       [ 3.90670598e-03,  2.97229551e-03,  5.19002825e-02,  4.73923510e-02, -4.38490814e-02],
       [ 5.13776981e-02, -3.09923350e-02,  4.02048723e-02,  6.36610387e-02, -4.65176112e-02],
       [ 1.81272037e-02, -1.19553887e-02, -2.75691975e-03,  4.65230183e-02,  1.06278519e-02],
       [ 8.74003330e-02,  2.01473362e-02,  1.17310583e-02, -2.44104384e-02,  6.48904694e-02],
       [-5.42059423e-02,  4.46861826e-02, -1.03500533e-02, -9.05216215e-02,  5.56770835e-02],
       [ 1.38771470e-01, -4.14458997e-02,  3.00328701e-02, -1.01008779e-01, -4.35260687e-02],
       [ 8.12442860e-02, -1.21621655e-01, -1.40191593e-02,  4.37153924e-02,  4.51446364e-02],
       [ 1.30457197e-01,  3.33141958e-02,  1.15898500e-01,  6.92181082e-02, -9.02581272e-02],
       [-7.95652669e-02,  6.17371573e-02,  5.63534850e-02, -6.20780080e-02, -2.83069031e-02],
       [-6.02883627e-02, -2.19823387e-02, -1.05851584e-01, -5.69350835e-02,  6.69154312e-02],
       [-1.02312289e-01, -6.88985002e-02,  1.14534516e-01,  1.11336727e-03, -8.62005302e-02],
       [-3.67794340e-02,  1.38956177e-02, -9.23458297e-02,  5.23728236e-02,  3.78685021e-02],
       [ 2.15684826e-02, -4.25169902e-02, -4.61764254e-02, -7.03662157e-02,  7.95861360e-02],
       [ 2.62790871e-02,  9.00554486e-02,  9.64856628e-02,  8.16914590e-02, -5.89617435e-02],
       [ 5.41354829e-02, -3.61087776e-02, -1.94230273e-01, -3.75445685e-02,  8.19354297e-02],
       [ 9.51576481e-02,  3.00425697e-02, -1.46847243e-01, -6.04967018e-02,  7.87235765e-02],
       [ 2.63693965e-02,  2.16448449e-02,  1.89299122e-02, -8.55990500e-02, -1.84335318e-02],
       [ 6.80599980e-02, -4.72349732e-02, -1.16403563e-01,  3.86784684e-02, -3.65069594e-02],
       [-1.29117248e-01,  4.85589999e-02,  7.67210205e-02,  7.42802044e-02,  2.70897831e-02],
       [-1.30383040e-01,  5.28767534e-02, -1.05119231e-01, -4.05863764e-02, -2.89720869e-02],
       [-1.33534060e-01,  3.29211868e-02,  1.37782237e-01, -1.48873937e-02,  6.31332040e-02],
       [ 1.03312842e-01, -2.33919295e-02,  4.58017096e-02,  5.30755330e-02,  2.63966974e-02],
       [ 4.44479813e-02, -2.40268225e-02, -8.84055019e-02,  1.76189936e-02, -4.99073685e-02],
       [ 1.56798935e-01,  8.25293218e-02,  1.14589996e-01,  1.92165737e-02,  5.78863161e-02],
       [ 8.30763444e-02, -4.00029507e-02, -2.71438543e-02, -4.86183607e-02, -3.62641076e-02],
       [-2.31197090e-02, -2.36213522e-02, -1.47007038e-01,  1.76452401e-02, -5.30010019e-02],
       [-6.18351962e-02, -3.82500678e-02,  9.50719545e-02, -4.92528166e-02,  5.56496549e-02],
       [-5.82955517e-02, -3.01415306e-02, -9.09327122e-02,  6.39055441e-03, -7.93161973e-02],
       [-1.36476252e-01, -7.74167379e-02, -1.07247108e-01,  2.07609138e-02, -6.66198865e-02],
       [-4.15939025e-02, -7.60908308e-03,  2.46066689e-02,  6.29911924e-02,  1.27830683e-02],
       [ 8.51698828e-02,  6.83608704e-02,  8.51825024e-02,  5.67963637e-02,  3.12492124e-02],
       [ 9.69253636e-02,  5.32891663e-02, -1.14010358e-01, -8.13669989e-03, -3.47084290e-02],
       [ 1.05132223e-01,  5.68872019e-02,  1.04690412e-01, -9.32884279e-02,  5.77610417e-02],
       [-5.58457090e-02, -2.15572816e-02,  3.86237172e-02,  3.18683021e-02,  2.55416743e-02],
       [-3.22355271e-02, -5.24314593e-02, -7.36843192e-02,  8.72574073e-02, -5.13719515e-02],
       [-6.01437329e-02,  1.23812206e-01,  9.45380733e-02, -5.09824825e-02,  6.07508648e-02],
       [-3.07808360e-02, -6.78209674e-02, -2.29354932e-02, -9.11534391e-03, -3.99622512e-02],
       [ 6.18588189e-03, -3.34790777e-02, -1.23860395e-01,  8.63141544e-02, -4.94759549e-02],
       [ 3.35549886e-02, -1.84230252e-02,  6.37468520e-02, -9.90784735e-02,  4.48443302e-02],
       [ 5.08520378e-02, -6.09753175e-02, -5.90670250e-02,  8.84761548e-02, -6.97593342e-02],
       [ 6.98506585e-02, -9.30303851e-02, -7.11278485e-02,  8.58910903e-02, -5.41675961e-02],
       [ 2.95945498e-02, -6.09749358e-03,  2.97008984e-02,  5.70139299e-02,  1.79072807e-02],
       [-9.65568853e-02, -1.45291320e-02,  4.45778521e-02,  6.56469002e-02,  1.93133249e-02],
       [-9.22660973e-02, -6.75334358e-02, -8.61666539e-02, -1.26740219e-01, -5.69729979e-02],
       [ 6.39455967e-02, -2.46560416e-03, -8.71920876e-03, -6.04167804e-02, -1.36722118e-02],
       [ 3.59541465e-02,  4.89638255e-02,  5.02558784e-02,  9.61446230e-02,  4.34980512e-02],
       [ 8.47307048e-02, -7.65997464e-02, -5.30822312e-02, -1.25357473e-01, -3.88367910e-02],
       [ 9.83594648e-02,  3.59009175e-02, -4.90900975e-03,  7.63642568e-02,  1.85918001e-02],
       [-1.36210183e-02,  6.01620332e-02,  9.59774161e-02,  1.08739021e-01,  4.46613080e-02],
       [-3.67632879e-02,  5.71097876e-03, -4.81744053e-02, -7.36864136e-02, -4.70255318e-02],
       [-1.08794239e-01,  5.03005914e-02,  2.95933249e-02,  1.32891344e-01,  5.03328394e-02],
       [-8.88774898e-02,  7.49602942e-02,  5.34722124e-02,  1.16214354e-01,  4.29005415e-02],
       [-2.07207266e-02,  9.56312888e-03,  3.42752332e-04, -4.18542256e-02, -5.02474419e-03],
       [-1.04823493e-01, -1.19309519e-01,  9.24853309e-02,  5.83865968e-02,  4.52654331e-02],
       [ 7.49596279e-02, -6.27600362e-02,  1.93760454e-02,  5.33427654e-02,  1.56906418e-02],
       [ 6.00285807e-02,  1.00948413e-01, -6.43534002e-02, -4.27980596e-02, -4.02936168e-02],
       [ 9.98593749e-02, -7.27624853e-02,  8.18390417e-02,  7.84869748e-02,  4.73148846e-02],
       [ 7.39380530e-02,  5.08387358e-02, -4.06542440e-03, -6.42494303e-02, -2.41702086e-02],
       [-2.78566669e-02,  1.02506027e-01, -1.00073254e-01, -4.39604422e-02, -3.90185290e-02],
       [-2.05969179e-02, -1.21580295e-01,  5.94547034e-02,  2.38705610e-02,  3.66952478e-02],
       [-9.09843644e-02,  1.31548137e-01, -4.91257189e-02, -6.80335193e-02, -5.13629521e-02],
       [-8.32076093e-02,  8.74743474e-02, -7.25479925e-02, -5.10628371e-02, -5.63960528e-02],
       [-1.01527989e-02, -1.14414271e-02,  4.83218093e-03,  4.46817380e-02,  7.24420623e-03],
       [ 6.06380652e-02,  6.88314408e-02, -5.25874097e-03, -8.26688025e-02, -3.57686326e-02],
       [ 4.86553201e-02, -9.21410955e-03,  2.69323739e-02, -7.02463464e-02,  8.70506214e-02],
       [ 1.04535501e-01, -1.02884145e-01, -5.00169717e-02, -5.13489821e-03, -9.73432685e-02],
       [ 9.20204155e-02,  3.36460594e-02, -3.54510298e-02,  6.61215166e-02,  5.79003271e-02],
       [ 7.30307453e-04, -2.75219188e-02,  1.13113319e-01, -7.13323558e-02,  8.97346669e-02],
       [-6.09226721e-02,  1.07724145e-01, -1.50581008e-02,  1.03130677e-01, -7.57452664e-02],
       [-9.22783155e-02, -2.14780979e-02, -2.82239090e-02, -4.30997289e-02,  1.01600803e-01],
       [-1.13009772e-01,  5.35236369e-02,  1.27246290e-02, -6.36930947e-02,  9.40079485e-02],
       [-3.78467580e-03,  2.33798953e-02, -2.27443455e-02, -1.04572742e-01, -2.89333354e-02],
       [-3.27554446e-02, -5.58109855e-02, -6.93724742e-05,  6.01956029e-02,  3.23214277e-02],
       [-4.93570069e-02,  1.50696447e-02,  9.97662027e-04, -1.02405087e-01, -4.45015732e-02],
       [-4.64336561e-02, -1.64382241e-02, -2.30688706e-02,  5.54023731e-02,  1.60771644e-02],
       [-7.70771114e-03, -7.14387670e-02,  4.38542512e-02,  6.45800351e-02,  3.89123738e-02],
       [ 3.43634231e-02,  9.31313774e-02,  5.08767651e-03, -4.52889519e-02, -3.00003215e-02],
       [ 6.90201119e-02, -7.42148743e-02, -3.46285817e-02,  8.91130718e-02,  3.83852975e-02],
       [ 8.10784769e-02, -4.48950845e-02, -1.14024953e-02,  7.53524539e-02,  3.76563017e-02],
       [ 2.15907394e-03,  6.22280672e-03,  2.92624561e-03, -3.74014820e-02, -7.66667473e-03],
       [-4.76994307e-02,  7.05165647e-02,  1.64555116e-02, -6.48587007e-03,  7.58281558e-02],
       [-4.65336269e-02, -1.85845066e-02,  3.47940997e-02, -4.80046993e-02, -3.83653867e-02],
       [-4.69078111e-04,  1.83602659e-02, -6.34768451e-02,  6.00763327e-02, -6.76649991e-02],
       [ 3.28244973e-02, -7.38677274e-02, -2.87993056e-03, -8.31771118e-02,  5.78880498e-02],
       [ 3.43852522e-02,  1.26645282e-02,  4.14633622e-02,  4.04710802e-02, -7.61238459e-02],
       [ 6.48517015e-02, -5.36238283e-02,  1.56936974e-02,  6.49831827e-02, -7.95061644e-02],
       [ 1.42372368e-02, -2.17625668e-02,  7.59936593e-03,  8.28827424e-02,  1.84313934e-02],
       [-5.70095190e-02,  6.13487951e-02, -4.20437251e-02,  8.36445218e-02,  4.28237645e-02],
       [ 3.93129684e-03,  8.90898299e-02,  1.09879234e-01, -6.32717131e-03,  9.72927634e-02],
       [ 2.97346750e-02,  9.33875400e-03, -1.24191814e-02,  4.73900083e-02, -8.81196051e-02],
       [ 1.13354207e-01,  8.48426004e-02, -3.57562691e-02,  2.53171977e-02,  9.70771882e-02],
       [ 8.79334050e-02,  1.73536314e-01,  4.41505130e-03,  4.61969856e-04,  1.00938352e-01],
       [ 8.00038822e-03,  3.30596734e-02, -6.37246684e-03, -9.84142760e-02, -1.20894196e-02],
       [ 9.12118389e-03, -2.68125168e-02, -2.22561069e-03, -5.43063945e-02, -5.19370684e-02],
       [ 1.95271537e-02, -3.66534482e-02, -4.37930857e-02,  2.43392957e-02,  4.97379366e-02],
       [ 4.57172172e-02, -1.90792728e-02,  7.69595489e-02, -7.66888391e-02, -4.73049209e-02],
       [ 6.82088705e-02, -6.94711515e-02,  5.94011691e-02, -6.13469150e-02, -5.50255189e-02],
       [ 1.51081139e-02, -1.40618360e-02, -1.21576205e-02,  5.78769332e-02,  7.52597235e-03],
       [-2.25046682e-02, -1.19741313e-01,  6.70828113e-02, -1.10139065e-01,  7.22930936e-02],
       [-8.11784796e-03,  3.62193793e-02, -3.93957375e-02,  5.50232698e-02, -1.01393279e-01],
       [-3.27157273e-02, -3.04232074e-02, -6.63866229e-02,  6.52899672e-02, -8.38059039e-02],
       [ 1.29259362e-03, -1.41540434e-02,  2.64760074e-02,  9.25068820e-02,  2.29703244e-02],
       [-4.54360383e-02, -1.01646030e-01, -4.60351496e-02, -7.80180955e-02,  7.17475017e-02],
       [-1.57757113e-02, -5.30328215e-02, -1.96893674e-02, -9.52835747e-02,  6.89745056e-02],
       [-5.49565028e-03,  2.67697708e-02, -9.06166922e-03, -7.44021202e-02, -2.06693191e-02],
       [-1.09201729e-01, -4.48247445e-02,  7.30807316e-02,  4.02131994e-02, -8.93636620e-02],
       [-2.73978294e-02, -2.90910757e-02, -3.62701396e-03,  1.08395831e-01,  2.20752104e-02],
       [-1.84464607e-02, -1.37946101e-02,  8.58656082e-03,  9.76181462e-02,  2.39099675e-02]])})
2026-01-20 11:01:20,527 - final_problem_set.kxor_instance_n23_k2_m174_ell2_eps0.2_kappa1.0_rho0.8 - INFO - Running key extraction (n=23, m=174, ell=2, phase_qubits=12)
2026-01-20 11:01:20,531 - final_problem_set.kxor_instance_n23_k2_m174_ell2_eps0.2_kappa1.0_rho0.8 - INFO - Built voting matrix V (n=23, ell=2, dtype=complex128) in 0.004s
2026-01-20 11:01:20,532 - final_problem_set.kxor_instance_n23_k2_m174_ell2_eps0.2_kappa1.0_rho0.8 - INFO - Eval: adv=0.7126, hamming=0/23 (0.000), corr=1.000
2026-01-20 11:01:20,532 - final_problem_set.kxor_instance_n23_k2_m174_ell2_eps0.2_kappa1.0_rho0.8 - INFO - Key extraction complete: x_hat=3
2026-01-20 11:01:20,532 - final_problem_set.kxor_instance_n23_k2_m174_ell2_eps0.2_kappa1.0_rho0.8 - INFO - Finished step 'KeyExtractionStep' in 0.005s (success: True, problem=kxor_instance_n23_k2_m174_ell2_eps0.2_kappa1.0_rho0.8)
2026-01-20 11:01:20,532 - final_problem_set.kxor_instance_n23_k2_m174_ell2_eps0.2_kappa1.0_rho0.8 - INFO - SUCCESS: len(z_hat)=23
2026-01-20 11:01:20,532 - final_problem_set.kxor_instance_n23_k2_m174_ell2_eps0.2_kappa1.0_rho0.8 - INFO - Metrics: adv=0.7126436781609196, ham_frac=0.0, corr=1.0
2026-01-20 11:01:20,532 - final_problem_set.kxor_instance_n23_k2_m174_ell2_eps0.2_kappa1.0_rho0.8 - INFO - z_hat (full): [ 1,  1,  1,  1,  1,  1,  1, -1,  1, -1, -1,  1, -1,  1,  1, -1,  1, -1, -1,  1, -1, -1,  1]
