2026-01-20 11:01:27,095 - final_problem_set.kxor_instance_n24_k2_m176_ell2_eps0.15_kappa1.0_rho0.6 - INFO - Starting iteration for /Users/julian/CodingProjects/UniT3/QuarticSpeedupK-XOR/z_Daphne/data/final_problem_set/kxor_instance_n24_k2_m176_ell2_eps0.15_kappa1.0_rho0.6.npz
2026-01-20 11:01:27,096 - final_problem_set.kxor_instance_n24_k2_m176_ell2_eps0.15_kappa1.0_rho0.6 - INFO - Loaded instance (n=24, m=176, k=2)
2026-01-20 11:01:27,096 - final_problem_set.kxor_instance_n24_k2_m176_ell2_eps0.15_kappa1.0_rho0.6 - INFO - Starting step 'ComputeKikuchiStep' (version 0.1) on problem kxor_instance_n24_k2_m176_ell2_eps0.15_kappa1.0_rho0.6 (fields={'ell': 2, 'threshold': 0.0})
2026-01-20 11:01:27,124 - final_problem_set.kxor_instance_n24_k2_m176_ell2_eps0.15_kappa1.0_rho0.6 - INFO - Finished step 'ComputeKikuchiStep' in 0.028s (success: True, problem=kxor_instance_n24_k2_m176_ell2_eps0.15_kappa1.0_rho0.6)
2026-01-20 11:01:27,124 - final_problem_set.kxor_instance_n24_k2_m176_ell2_eps0.15_kappa1.0_rho0.6 - INFO - Starting step 'ClassicalEigenvaluesStep' (version 0.1) on problem kxor_instance_n24_k2_m176_ell2_eps0.15_kappa1.0_rho0.6 (fields={'ell': 2, 'threshold': 0.0, 'kikuchi_matrix': <Dictionary Of Keys sparse matrix of dtype 'int64'
	with 5412 stored elements and shape (276, 276)>, 'num_eigenvalues': 5})
2026-01-20 11:01:27,226 - final_problem_set.kxor_instance_n24_k2_m176_ell2_eps0.15_kappa1.0_rho0.6 - INFO - Finished step 'ClassicalEigenvaluesStep' in 0.102s (success: True, problem=kxor_instance_n24_k2_m176_ell2_eps0.15_kappa1.0_rho0.6)
2026-01-20 11:01:27,226 - final_problem_set.kxor_instance_n24_k2_m176_ell2_eps0.15_kappa1.0_rho0.6 - INFO - Starting step 'KeyExtractionStep' (version 0.1) on problem kxor_instance_n24_k2_m176_ell2_eps0.15_kappa1.0_rho0.6 (fields={'ell': 2, 'threshold': 0.0, 'kikuchi_matrix': <Dictionary Of Keys sparse matrix of dtype 'int64'
	with 5412 stored elements and shape (276, 276)>, 'num_eigenvalues': 5, 'eigenvalues': array([-10.4198574 ,  10.34022674,  10.52084329,  11.3731044 ,  13.97742803]), 'eigenvectors': array([[-6.64566860e-02, -7.03775251e-02, -6.38254489e-02,  7.34961929e-02, -7.37512187e-02],
       [-7.70384980e-02, -2.32477394e-02,  9.44386472e-02, -4.58284689e-02, -1.14582094e-01],
       [ 5.99178929e-02, -8.71971616e-03,  1.08396788e-02, -9.14247994e-02, -4.66416282e-02],
       [ 6.66895880e-02,  1.22337633e-01,  6.91162556e-04, -3.59788444e-02,  2.63905287e-02],
       [ 1.86855708e-02,  5.52882997e-02,  1.04107352e-01, -1.26428955e-02,  7.29127123e-02],
       [-3.76519911e-02, -5.94448345e-02, -1.00064077e-01, -2.17728075e-03, -8.43127036e-02],
       [ 7.33912833e-02, -9.77159416e-02,  4.57859005e-02, -3.37781432e-02, -7.67838581e-02],
       [ 1.03907178e-01,  8.53847452e-02,  1.11283433e-02, -4.98421763e-02,  9.83730922e-02],
       [-6.58267775e-02,  2.67466782e-02,  2.18411615e-02,  1.26265047e-01, -4.81177539e-02],
       [-4.59985356e-02, -2.14996852e-03, -3.19456206e-02, -7.27015409e-02,  1.51118595e-02],
       [-1.75691632e-02, -5.27996940e-02, -3.80821563e-02, -3.03551196e-02, -1.29272569e-01],
       [-7.36203666e-02,  5.15771131e-02,  1.02228838e-01,  3.06589333e-02,  9.71767234e-02],
       [-1.50955545e-01, -4.87845441e-02,  5.49879707e-02, -4.44812948e-02,  9.20172659e-02],
       [-1.07715498e-02, -3.53252066e-02, -1.72629695e-02,  6.27460530e-02, -1.18823387e-01],
       [ 1.26414344e-01, -9.90656118e-02,  8.00552279e-02,  6.19784746e-02, -2.92352984e-02],
       [-3.18172424e-02, -1.08176980e-01,  7.26872499e-03,  6.54825073e-02, -6.52081969e-02],
       [-9.74832303e-02, -1.20976740e-02,  9.11426808e-02, -3.95966580e-04, -6.02706312e-02],
       [-1.12093285e-01,  6.09260537e-02, -4.47752074e-02, -7.37912874e-02,  9.16835237e-02],
       [-4.72913058e-02, -5.09178162e-02,  2.38894841e-02, -4.75299165e-02, -8.00132052e-02],
       [ 4.42543548e-02, -8.40324298e-03, -4.07170296e-02,  6.59471849e-02, -4.73025194e-02],
       [-7.85081866e-02,  1.23687500e-01, -5.21036983e-02,  7.98136906e-02,  7.05150901e-02],
       [ 6.22847717e-02, -1.14626854e-01, -1.06301212e-01,  3.38932819e-02, -5.47433405e-02],
       [-5.46589487e-02, -8.21068234e-02, -6.20067514e-02, -5.75036812e-02, -9.58497684e-02],
       [-1.75123786e-02,  4.19119152e-02,  5.42404965e-02,  9.80847211e-03, -7.39211631e-02],
       [ 8.82680580e-02,  1.27121554e-02, -3.38161765e-03, -4.74452709e-02, -4.21317951e-02],
       [ 5.38977488e-02,  7.84715678e-02,  1.02528696e-02, -3.20667345e-02,  2.09802820e-02],
       [ 1.32992564e-02,  2.83107235e-03,  9.00265660e-02, -4.71555635e-02,  4.98835966e-02],
       [-1.25404289e-02, -7.67520496e-03, -7.42786537e-02,  4.00677949e-02, -5.40433941e-02],
       [ 5.08606780e-02, -4.09945852e-02,  2.19138495e-02,  1.41977969e-02, -6.26681304e-02],
       [ 7.88167501e-02,  1.65184407e-02,  3.50336336e-02, -7.76672213e-02,  6.38965680e-02],
       [-3.42854394e-02,  3.96868256e-02, -6.17353753e-03,  1.08803730e-01, -2.67807197e-02],
       [-5.22655274e-02,  4.08080182e-06, -6.55035697e-03, -6.47719991e-02,  1.56737635e-02],
       [-2.88773951e-02,  1.33123901e-02, -3.48051247e-02,  3.65243925e-02, -7.14793903e-02],
       [-2.07312916e-02, -9.24668014e-03,  6.85821589e-02, -2.39441953e-02,  5.68639972e-02],
       [-7.15622952e-02, -5.84726232e-02,  4.56882852e-02, -6.19031784e-02,  4.78630831e-02],
       [-2.55593908e-02,  2.56499705e-02, -4.60513626e-02,  1.00149137e-01, -7.54624558e-02],
       [ 4.30355519e-02, -4.40394146e-02,  4.21007435e-02,  4.37508610e-02, -2.03151152e-02],
       [-3.07575018e-03, -5.39981458e-02, -2.28545238e-02,  8.85147346e-02, -5.08290481e-02],
       [-7.79065213e-02,  1.55879553e-02,  5.28068387e-02,  2.15889739e-02, -4.27102085e-02],
       [-9.51300482e-02,  2.63012622e-03, -2.02687074e-03, -8.67404674e-02,  5.54502624e-02],
       [-3.99560933e-02,  6.10266701e-03,  5.05404138e-03, -1.83971242e-03, -5.80723624e-02],
       [ 3.83646904e-02,  1.22644283e-02, -5.58165285e-02,  8.19250753e-02, -3.72007511e-02],
       [-5.71722668e-02,  6.66254495e-02, -2.85010933e-02,  3.20445651e-02,  5.96143737e-02],
       [ 7.99212370e-02, -6.56153082e-02, -1.02298560e-01,  6.40556590e-02, -4.63723576e-02],
       [-3.94742276e-02, -1.96955899e-02, -6.75500396e-02, -3.49104616e-04, -7.66586239e-02],
       [ 1.11194875e-01,  5.74536795e-02,  5.83172698e-02, -1.12214743e-01, -4.05346246e-02],
       [ 7.20441506e-02,  9.80464210e-02, -3.56518246e-02, -1.24963637e-02,  3.82587863e-02],
       [ 1.81558321e-02, -4.77036413e-02,  1.29752799e-02,  3.93683744e-02,  6.92972093e-02],
       [-2.01612417e-02,  6.06671524e-02,  1.35180182e-02, -6.78639694e-02, -8.60272730e-02],
       [ 6.42266831e-02, -1.36064506e-03,  9.78603100e-02, -6.49664695e-02, -6.62658043e-02],
       [ 1.08798422e-01, -5.36933274e-02, -1.18910299e-01,  2.29303142e-02,  8.87088044e-02],
       [-5.22270466e-02,  8.83226598e-02,  9.16853328e-02,  7.56156196e-02, -4.42948790e-02],
       [-6.84924825e-02, -1.31887651e-02, -5.34032157e-02, -5.16205634e-02,  2.49706500e-02],
       [-3.52430532e-02,  1.09533936e-01,  1.02297549e-01, -9.42223324e-02, -9.20544888e-02],
       [-3.44195298e-02, -6.57962079e-02, -1.89193210e-03,  7.37639922e-02,  7.32884634e-02],
       [-1.05709150e-01, -1.41305139e-01, -5.46047979e-02,  2.07783167e-02,  6.72434348e-02],
       [-3.37828693e-02,  1.28799459e-01,  1.36668071e-01, -2.69633814e-02, -1.05651789e-01],
       [ 7.12953155e-02, -6.25385039e-02,  8.32488391e-02,  4.62566272e-02, -2.56311112e-02],
       [-9.47425838e-03, -2.59003701e-02,  9.74361677e-02,  1.68012512e-02, -7.38616928e-02],
       [-1.10956037e-01,  4.19469022e-02,  9.82553042e-02, -1.91545425e-02, -3.91720848e-02],
       [-1.30224729e-01, -5.49354610e-02, -1.45241526e-01, -7.16326753e-03,  7.85725888e-02],
       [-5.58543955e-02,  4.04851113e-02,  6.21916624e-02, -6.77366217e-02, -5.57517084e-02],
       [ 5.03757967e-02,  5.09672979e-02,  2.39561587e-02,  2.62083191e-02, -5.60682855e-02],
       [-7.24402916e-02,  3.43647892e-02, -9.54587476e-02,  1.01556116e-01,  5.92791008e-02],
       [ 1.07260790e-01, -5.07328118e-02, -2.67716864e-02, -1.12676280e-02, -7.47269758e-02],
       [-5.74036915e-02,  3.64368360e-02,  2.95244111e-02, -1.06241604e-01, -8.41986428e-02],
       [-2.86594146e-02,  5.34868665e-02, -8.96113675e-03,  1.29470291e-02,  2.04750045e-02],
       [-2.20530651e-02, -1.88307558e-02,  3.70211396e-02,  7.72530246e-02,  3.51559503e-02],
       [ 2.85632807e-02,  2.49860559e-02, -3.20045301e-02, -1.04543538e-01, -4.25237586e-02],
       [-7.10276576e-02, -3.90571820e-03,  3.36630837e-02, -9.86647215e-02, -3.75940805e-02],
       [-7.02086540e-02, -1.80691086e-02, -2.63676275e-02,  7.51294253e-02,  4.14131005e-02],
       [ 5.58097099e-02,  4.67949232e-02,  4.31884579e-02,  6.68923790e-03, -2.77500226e-02],
       [ 3.06809240e-02, -1.44032932e-02, -2.98347124e-02, -4.19211770e-03,  1.53329655e-02],
       [ 3.35611785e-03,  4.77297332e-02,  1.21166110e-02, -1.31121392e-01, -4.60671126e-02],
       [ 7.79406594e-02, -3.25380354e-02,  3.65351188e-02,  1.13307164e-01,  4.16607676e-02],
       [ 1.30979317e-01, -8.30777159e-02, -4.22044299e-03,  7.58819837e-02,  3.99469474e-02],
       [-2.00394932e-02,  6.08867368e-02,  3.62692548e-02, -1.07709512e-01, -5.50873159e-02],
       [-1.18217391e-01, -3.54889864e-02,  4.93721782e-02,  5.94145922e-03, -1.76898744e-02],
       [ 2.98031119e-02, -2.57517542e-02,  3.49608226e-02, -4.68991283e-02, -4.43675621e-02],
       [ 7.29625187e-02,  3.43541221e-02,  5.62973102e-02, -5.22353462e-02, -2.81489759e-02],
       [ 7.57383167e-02, -3.45621406e-02, -7.74744438e-02,  6.17663053e-02,  5.53684168e-02],
       [ 2.31013113e-02,  1.96177511e-02,  1.34358191e-02, -8.47209711e-02, -2.96482969e-02],
       [-4.88796102e-02,  2.50564182e-02, -3.52190795e-03, -2.93327734e-02, -2.96288402e-02],
       [ 8.25615098e-02,  1.24494597e-02, -2.38241916e-02,  9.36003289e-02,  2.64143494e-02],
       [-1.73771548e-02, -3.89839638e-02, -5.28392396e-02, -5.81596497e-02, -3.48899166e-02],
       [ 2.39304570e-02,  2.02372956e-02, -1.79122065e-02, -1.20588674e-01, -3.84334427e-02],
       [-1.71826632e-02, -8.50710202e-02, -2.47060631e-02,  2.49717524e-02, -2.66894472e-02],
       [ 1.51855962e-02,  1.10118640e-01,  2.39723162e-02, -2.21831226e-02,  3.06884375e-02],
       [-5.44746767e-02,  1.12857153e-01, -2.34585267e-02, -1.06399284e-02,  2.76796881e-02],
       [-5.62372117e-02, -1.10625717e-01,  3.48572063e-03,  4.23373606e-02, -3.29298762e-02],
       [ 3.81825478e-02,  2.94488041e-02, -8.64922167e-03, -5.24395646e-02,  1.73001748e-02],
       [ 3.30627375e-02, -1.75025604e-02,  1.10185089e-02,  3.21485826e-02, -7.44236254e-03],
       [ 7.23013072e-03,  1.34826222e-01,  1.07683416e-04, -2.46553844e-02,  4.39084076e-02],
       [ 4.71181216e-02, -1.06262171e-01, -2.01334304e-02,  1.21099315e-02, -3.30400490e-02],
       [ 8.55610939e-02, -6.45942609e-02, -8.66725648e-03,  3.80690701e-02, -3.30368583e-02],
       [-1.17799037e-02,  1.22426326e-01, -7.76471645e-03, -6.89778473e-02,  5.38877559e-02],
       [-6.30266030e-02,  4.05190669e-02, -2.31605501e-02, -1.91915147e-02,  8.11353338e-03],
       [ 1.13360970e-02,  9.95235866e-02, -7.47684069e-03, -4.10084390e-02,  2.33015584e-02],
       [ 5.49529366e-02,  5.40294752e-02, -3.27908713e-02, -1.44541901e-02,  2.00780019e-02],
       [ 5.88342239e-02, -1.03159944e-01,  1.11975270e-02,  4.13715932e-02, -2.73406218e-02],
       [ 1.59566040e-02,  9.16992294e-02, -1.94358459e-02,  1.39273695e-03,  3.09231390e-02],
       [-3.73417240e-02,  5.17446395e-02,  7.36641079e-03, -3.87743805e-02,  1.96250328e-02],
       [ 4.84028279e-02, -9.85638382e-02,  1.88501849e-02,  7.82752724e-04, -2.14611213e-02],
       [-2.15870653e-02,  8.44242561e-02,  1.92930001e-02, -2.42930477e-02,  1.83927548e-02],
       [ 1.56757904e-02,  1.26796957e-01,  9.89646082e-03, -6.32544319e-03,  3.57442854e-02],
       [ 9.53946860e-03, -7.83853357e-03,  1.14288761e-01,  6.95377871e-03,  5.43722896e-02],
       [-2.26310889e-02,  3.57566845e-02,  2.87335276e-02,  3.57036161e-02,  6.17712900e-02],
       [-2.98889830e-02,  1.02355383e-03, -8.38670348e-02,  2.44892915e-02, -7.02871472e-02],
       [ 1.71895151e-02, -5.12323244e-02,  2.56250976e-02, -8.54423626e-02,  3.40647821e-02],
       [ 1.59251398e-02,  3.51599709e-03,  1.38796918e-03,  5.27610702e-02, -1.60048623e-02],
       [ 8.72738289e-03, -4.24972438e-02,  1.16008283e-01,  3.56830832e-02,  8.64574146e-02],
       [ 1.32007087e-02,  2.20201188e-02, -1.02717998e-01, -2.18118394e-02, -5.29605739e-02],
       [ 4.38888791e-02,  9.28417838e-02, -9.97815074e-02,  2.42459675e-02, -5.73681037e-02],
       [ 4.81390987e-03, -4.86718111e-02,  1.08043542e-01, -3.03730073e-02,  8.06384362e-02],
       [-2.79698072e-02,  5.52499505e-02, -2.76130610e-02, -4.19923506e-02,  2.34866475e-02],
       [ 5.80437933e-03,  4.63471155e-02,  5.20539390e-02, -4.69694551e-02,  5.48552351e-02],
       [ 3.10207804e-02, -2.16874836e-02, -1.91391048e-02,  7.07450730e-03,  4.28893654e-02],
       [ 3.62344462e-02,  9.53697075e-03, -4.46414155e-02,  5.27566148e-02, -7.31230487e-02],
       [ 1.07435747e-02, -1.29020179e-02,  3.31688624e-02,  3.94949480e-02,  5.15410115e-02],
       [-1.19999624e-02, -2.07451729e-02,  5.73339067e-02, -4.09255999e-02,  3.23050833e-02],
       [ 2.42505071e-02, -6.32082579e-02, -2.14976135e-02, -7.28151685e-02, -5.73901709e-02],
       [-2.00480541e-02,  4.92662098e-02,  9.55842353e-02, -2.04883778e-02,  3.70547843e-02],
       [ 1.63336950e-02,  1.99579240e-03,  9.71753599e-02,  4.43463174e-02,  6.08603576e-02],
       [ 1.00418604e-02, -3.70259426e-02, -1.16644569e-02, -5.32211000e-02, -6.74493679e-02],
       [ 2.55973873e-02,  3.28088702e-03,  7.87573604e-02, -1.47532543e-02,  8.74460406e-02],
       [-1.34259327e-02,  6.92220426e-02, -1.48955839e-02,  1.03494205e-01, -4.56128675e-02],
       [-1.73478001e-02, -1.32834528e-02, -7.68446503e-03, -6.31517876e-02,  2.41655824e-02],
       [-4.00074041e-03,  3.76866995e-02, -9.59802322e-02, -5.79204035e-02, -9.15957875e-02],
       [-1.11155685e-02, -1.89097413e-02,  1.14354589e-01,  4.65698903e-02,  6.53552165e-02],
       [-1.04542010e-02, -9.92700724e-02,  8.23308825e-02, -1.21639147e-02,  6.50632314e-02],
       [-4.50873325e-04,  7.71633191e-02, -1.03700090e-01,  2.55508692e-02, -1.13769603e-01],
       [ 2.24251821e-02, -6.42628630e-02,  4.21505118e-02,  4.61810809e-02, -3.17999683e-02],
       [-2.24641690e-03, -5.68893020e-02, -4.92674428e-02,  4.67251362e-02, -7.02151312e-02],
       [-1.12006131e-02,  3.33155512e-02,  3.47020926e-02, -2.09483633e-02, -5.94765102e-02],
       [-4.17605576e-02, -1.60965536e-02,  2.04023761e-02, -4.64157726e-02,  8.92086070e-02],
       [-1.53163454e-02,  1.45066413e-02, -2.95841178e-02, -6.61099182e-02, -6.63035374e-02],
       [ 1.35113895e-02,  3.27024778e-02, -7.98078606e-02,  5.19610217e-02, -5.02738490e-02],
       [-1.92168117e-02,  7.76975734e-02,  8.64864757e-03,  1.05967826e-01,  6.74527852e-02],
       [ 2.78234890e-02, -7.68103104e-02, -1.40462677e-01,  1.68494791e-02, -5.48095644e-02],
       [-6.29522310e-03, -1.07128273e-02, -1.06399228e-01, -8.04516088e-02, -7.64518492e-02],
       [-9.95464531e-02,  4.80138821e-02, -7.71742044e-02,  1.42242288e-02,  8.19453481e-02],
       [ 4.93047581e-02,  3.90763847e-02,  7.20353569e-02,  7.57783541e-02, -4.40485169e-02],
       [ 5.13599105e-02, -7.29650951e-05, -4.35181925e-02, -4.82839890e-02,  2.08172623e-02],
       [ 1.37263645e-02, -2.07543418e-02,  5.66452502e-02, -7.79484444e-02, -8.68249232e-02],
       [ 5.26507488e-02,  3.43102871e-02,  1.98370369e-02,  7.54313907e-02,  7.21877379e-02],
       [ 9.62629574e-02, -6.46648913e-02, -3.14291555e-02,  1.70444888e-02,  7.97022224e-02],
       [ 6.83113322e-03,  3.32073585e-03,  9.46984890e-02, -1.43494491e-02, -1.07691805e-01],
       [-9.46806987e-02, -7.59269179e-02,  7.91849622e-02,  3.71910208e-02, -2.33307738e-02],
       [ 1.17475603e-02, -7.65950458e-02,  5.99454552e-02,  1.50500653e-02, -5.59505134e-02],
       [ 7.45707592e-02,  3.36616041e-03,  7.92223136e-02, -1.62570606e-02, -3.84467163e-02],
       [ 1.17526335e-01,  3.60366333e-02, -1.17633676e-01, -1.37926545e-02,  7.83745736e-02],
       [ 3.71363589e-02, -2.90918089e-02,  4.14764753e-02, -6.40419834e-02, -5.11463673e-02],
       [-4.72951659e-02, -4.56950571e-03,  9.97793403e-03,  2.47334422e-02, -4.82368334e-02],
       [ 8.46629584e-02,  9.29218691e-02, -6.29471134e-02,  8.85254181e-02,  4.80645951e-02],
       [-7.04794719e-02, -1.04592895e-01, -4.25887156e-02, -1.23576174e-02, -5.45339671e-02],
       [ 4.00550349e-02, -6.74977942e-02,  2.29232345e-03, -1.09411361e-01, -8.09567440e-02],
       [ 8.86117772e-02, -4.95624050e-02, -3.26281218e-02, -1.06622756e-01,  3.07662376e-02],
       [ 6.56942327e-02, -3.92887968e-04,  3.37938556e-02,  7.13395689e-02, -2.17102236e-02],
       [ 3.10487776e-02, -2.99420970e-02, -1.26849946e-02,  1.78229869e-04,  9.74111936e-02],
       [ 8.43577209e-02,  2.18766407e-02, -7.03873353e-02, -9.19714162e-03, -8.93678627e-02],
       [ 1.38897662e-01,  8.82823070e-02, -1.91130005e-02,  4.54008182e-02, -6.73634656e-02],
       [ 2.79314533e-03, -3.95316988e-02, -2.32993122e-02, -7.28818145e-02,  9.76837055e-02],
       [-1.19724714e-01,  6.50380479e-02, -7.45862419e-02, -5.06821395e-02,  2.12522412e-02],
       [ 3.77135641e-02,  6.01020576e-02, -2.46212476e-02, -6.73297159e-02,  5.92769494e-02],
       [ 8.86899917e-02, -2.42722281e-02, -1.18399330e-01, -1.53297492e-02,  6.12787172e-02],
       [ 1.34167951e-01, -1.06764240e-03,  7.23271267e-02,  7.92143119e-02, -7.61888074e-02],
       [ 5.34154939e-02, -1.19332524e-02, -4.65870025e-02,  3.11954991e-02,  7.46851972e-02],
       [-6.48291812e-02, -1.61637265e-02,  2.99136535e-02, -7.61645009e-02,  5.10067818e-02],
       [ 7.84096528e-02, -7.22277658e-02,  7.51360282e-02, -5.85026900e-02, -6.78994218e-02],
       [-6.41414044e-02,  7.52497115e-02,  9.45297508e-02, -4.09023846e-02,  5.78939577e-02],
       [ 4.24291848e-02,  1.63095612e-02,  4.02803255e-02,  4.05769108e-02,  1.02329986e-01],
       [-3.48698726e-02,  6.08984582e-04, -1.12903402e-02, -4.29677273e-02,  4.65284077e-03],
       [-1.56483872e-02,  1.05331532e-01,  4.92216843e-02,  1.19724845e-01, -5.42897954e-02],
       [-3.80231555e-02, -8.41352067e-02,  1.09759728e-02, -9.04801637e-02,  4.78151756e-02],
       [-7.59103897e-02, -7.99111998e-02, -7.89284695e-03, -9.77557916e-02,  2.77911154e-02],
       [-2.69513748e-03,  8.08175905e-02,  3.90085520e-02,  1.46230461e-01, -3.58902128e-02],
       [ 5.92117551e-02, -1.71235300e-02,  3.70314275e-02,  4.11734548e-02, -9.06354800e-03],
       [-6.83237819e-03,  1.59134783e-02,  2.61102852e-02,  1.10086205e-01, -2.74539557e-02],
       [-6.79098654e-02,  3.94036685e-02,  7.25018281e-02,  5.26643009e-02, -2.56446973e-02],
       [-7.93548245e-02, -5.31271210e-02, -4.68536863e-02, -1.19140942e-01,  2.90185925e-02],
       [-3.03038532e-02,  6.20164735e-02,  4.75327767e-02,  5.62465686e-02, -3.98935958e-02],
       [ 3.33570339e-02,  3.15976659e-02, -7.38340769e-03,  7.74094914e-02, -1.70383769e-02],
       [-7.04756397e-02, -1.30820287e-02, -8.33908863e-02, -3.91744124e-02,  4.70910659e-02],
       [ 5.52856740e-02,  8.01934908e-03, -3.70448214e-02,  9.05579333e-02, -3.23534427e-02],
       [-2.48310267e-02,  6.96726064e-02,  7.68700053e-03,  7.88672674e-02, -6.24651648e-02],
       [-1.10441683e-02, -2.87799718e-02, -3.90329022e-02, -6.82291387e-02,  3.97052344e-02],
       [-5.03840421e-02,  1.63937286e-02,  8.57333069e-03,  5.66163943e-02, -2.54790387e-02],
       [-9.17761826e-02,  2.11901474e-02,  1.28234403e-02,  6.31500553e-02, -1.90464520e-02],
       [ 4.75759159e-03, -7.16584886e-04, -3.68012105e-02, -8.64603797e-02,  1.72731986e-02],
       [ 8.05754633e-02,  1.98792575e-02, -2.42213788e-02, -3.01290854e-02,  3.26202454e-03],
       [-1.90310117e-02,  1.16102822e-02, -2.54111257e-02, -6.60385484e-02,  1.22608185e-02],
       [-4.89349384e-02, -1.84369149e-03, -3.10342343e-02, -3.30138052e-02,  1.03970726e-02],
       [-7.71505099e-02,  4.51136648e-05,  3.70547387e-02,  7.76270537e-02, -1.79152059e-02],
       [-2.78982277e-02, -7.42062509e-03, -3.26655180e-02, -3.88701168e-02,  1.90615795e-02],
       [ 3.11880632e-02, -8.78394593e-04, -5.23096323e-03, -4.82292338e-02,  7.28749478e-03],
       [-5.67596306e-02, -5.81896896e-03,  4.80607165e-02,  3.06565345e-02, -2.17935475e-02],
       [ 3.56723807e-02,  9.40685796e-03,  2.10227076e-03, -5.49313783e-02,  1.33304148e-02],
       [-2.37520496e-02, -9.51558445e-03, -2.40223706e-02, -5.63481205e-02,  2.72791512e-02],
       [-2.37700530e-02, -6.15257819e-02,  9.58664246e-02,  8.31669300e-02,  9.06343010e-02],
       [-2.49822722e-02, -1.60219910e-01,  3.10422135e-02,  5.47058820e-03,  8.08135342e-02],
       [ 1.48981909e-02,  1.34045885e-01,  1.03386089e-02, -1.96319059e-04, -1.29764468e-01],
       [ 4.84994058e-02, -7.13048994e-02,  9.60557069e-02,  5.05617668e-02, -4.64818234e-02],
       [-8.62341859e-03, -4.99640413e-02,  2.23597790e-02,  3.99216074e-02, -9.20513770e-02],
       [-1.49098965e-02,  6.57860732e-02,  1.07420665e-01, -3.20590389e-02, -6.68014709e-02],
       [-1.40977428e-02, -4.99766134e-02, -7.98216374e-02, -3.51235280e-02,  9.80949701e-02],
       [-9.81974347e-03,  5.22649640e-02,  2.64116010e-02, -1.02151222e-01, -8.79059404e-02],
       [ 1.05773437e-02,  5.89399031e-02, -4.87380605e-02,  5.04948528e-02, -6.95619954e-02],
       [-1.67047664e-02,  6.61626450e-02, -5.73711476e-02,  1.31288050e-01,  7.69253868e-02],
       [ 6.18380708e-03, -8.02533436e-02, -1.36908627e-01,  7.46623609e-04, -8.49202915e-02],
       [-3.15686702e-03,  2.90811036e-02, -8.07548198e-02, -1.46146476e-01, -1.19219140e-01],
       [-8.61927185e-02,  1.31790128e-01, -9.12046998e-02, -5.86271521e-03, -6.99279009e-02],
       [-1.81405896e-02, -1.07153624e-01,  9.83928386e-02,  5.02131167e-03,  1.15430276e-01],
       [ 5.11818443e-02,  6.19534402e-02, -3.63127293e-02, -3.82998169e-02,  3.48441320e-02],
       [-6.55965430e-03,  4.39350358e-02,  4.12516616e-02, -2.71012625e-02,  7.28018826e-02],
       [-7.94113379e-02, -3.76942561e-02, -3.09716259e-02,  2.79249384e-02,  5.10751098e-02],
       [-1.07533907e-01,  3.32341366e-02, -2.07809304e-02,  2.37875718e-02, -9.04140115e-02],
       [-3.21971052e-02, -2.07798989e-02,  2.33624958e-02,  6.80106984e-02,  5.47985681e-02],
       [ 3.95518218e-02, -4.45893884e-02,  7.07479863e-02, -3.67067329e-02,  5.07069656e-02],
       [-6.15523350e-02, -7.10319768e-02, -1.37231516e-02, -1.20113860e-01, -6.55107267e-02],
       [ 7.60977638e-02,  5.98244567e-02,  1.08272378e-01, -3.02911739e-03,  4.97621530e-02],
       [-3.35648881e-02, -4.76641233e-03,  1.02071763e-01,  9.60180636e-02,  7.30179836e-02],
       [-1.20731504e-03, -1.73402747e-01,  3.52950933e-02, -6.32108047e-02,  8.31857624e-02],
       [ 1.36022349e-01,  2.26584279e-02, -5.25932524e-02, -5.81489364e-02,  2.94776929e-02],
       [-2.88004214e-02, -2.47713646e-02,  1.03533340e-02, -7.62940476e-02,  6.36186910e-02],
       [-1.15885956e-01, -6.83627054e-02, -6.26691896e-02, -2.57822754e-03,  4.40318674e-02],
       [-2.04887864e-01,  1.07653598e-01,  2.34535475e-02,  7.87550632e-02, -7.23332976e-02],
       [-7.84519098e-02, -1.02589929e-01, -5.65684217e-03,  2.70637449e-02,  6.32655094e-02],
       [ 7.70901491e-02, -7.85178595e-02,  5.68463992e-02, -6.92155895e-02,  4.26119464e-02],
       [-1.00700549e-01,  2.43810953e-02,  3.83992260e-02, -6.69860195e-02, -7.30765565e-02],
       [ 1.25251934e-01, -4.29001164e-03,  1.13238631e-01, -4.74863005e-02,  5.69320206e-02],
       [-4.33776511e-02, -1.02691657e-01,  6.46171570e-02,  3.10225724e-02,  7.80351888e-02],
       [ 2.15392472e-02, -8.20504768e-02,  1.03232817e-01,  8.21594136e-02, -3.47898922e-02],
       [-2.89448983e-03, -4.37525520e-02,  2.91881790e-02,  1.01561932e-01, -7.87879641e-02],
       [ 8.43625742e-03,  6.78119118e-02,  1.35301318e-01,  1.49605441e-02, -6.93430662e-02],
       [ 1.17762403e-02, -5.71514209e-02, -8.90247090e-02, -1.11853371e-01,  9.68013161e-02],
       [ 2.88764121e-03,  7.46832588e-02,  5.17719804e-02, -3.49653953e-02, -9.72743673e-02],
       [ 3.56041055e-03,  4.73961346e-02, -4.50227007e-02,  9.24473189e-02, -5.33028327e-02],
       [-4.21740737e-03,  4.66545778e-02, -1.03317458e-01,  8.15475418e-02,  1.01721906e-01],
       [-1.81658058e-02, -6.11646007e-02, -1.33446641e-01,  7.07953890e-02, -8.52086984e-02],
       [ 1.15426973e-02,  6.41971099e-02, -5.87994129e-02, -4.84494689e-02, -1.34380832e-01],
       [ 8.79685528e-03, -5.93049363e-02,  5.72965320e-02,  4.49325368e-02, -1.41183906e-02],
       [ 1.30271357e-01, -3.82370440e-02,  6.62344955e-02,  3.40915982e-02, -1.51361591e-02],
       [ 1.72672282e-01,  6.83374087e-02, -8.79952322e-02, -6.25892531e-02,  2.34933319e-02],
       [ 4.62846300e-02, -5.48665562e-02,  5.59582356e-02,  3.32056614e-02, -1.95081936e-02],
       [-7.15659609e-02, -3.76114705e-02,  3.20882482e-02,  4.55829161e-02, -1.46219042e-02],
       [ 1.05934570e-01,  7.87425616e-02, -7.90594726e-02, -2.10607660e-02,  2.26814748e-02],
       [-1.06643938e-01, -6.35757028e-02,  2.02939407e-02,  4.01314806e-02, -1.82706926e-02],
       [ 5.46123197e-02, -8.30962455e-02,  6.03494945e-02,  4.18146215e-02, -3.41239985e-02],
       [-2.84344613e-02, -1.86550280e-02,  8.67018703e-02,  2.96742623e-02, -4.22563070e-02],
       [-2.34745929e-02,  5.41695206e-02, -5.42851584e-02, -9.15418722e-02,  5.80093089e-02],
       [-8.39205079e-03, -4.02383401e-02,  4.47963569e-02,  1.80868057e-03, -5.84051790e-02],
       [ 1.61527953e-02, -1.71763059e-02, -1.59068791e-02,  8.02059730e-02, -3.68503330e-02],
       [-2.72703453e-02,  1.12354899e-01, -7.28025167e-02,  2.78923916e-02,  5.85988366e-02],
       [ 2.40689142e-02, -8.22196321e-02, -5.62729447e-02,  5.14474463e-02, -4.18654634e-02],
       [-1.26015197e-02, -8.01072903e-02, -1.37976797e-02,  2.85482120e-03, -8.20962101e-02],
       [-1.21595649e-01, -2.40890009e-02, -1.13940649e-01, -2.12638502e-02,  4.58338128e-02],
       [-6.21504810e-02,  1.91972720e-02,  5.88353191e-02, -2.15364243e-02, -3.33787082e-02],
       [ 4.34429611e-02,  1.84591946e-02,  3.36009265e-02,  2.16948288e-02, -2.84308393e-02],
       [-6.93365963e-02,  1.21207483e-02, -7.97636942e-02,  3.75720018e-02,  3.68494225e-02],
       [ 7.19743516e-02, -3.14656413e-02,  1.11705510e-02,  1.04672282e-02, -4.04110711e-02],
       [-3.42912545e-02,  1.90196717e-02,  5.42013568e-02, -4.44800420e-02, -5.66050787e-02],
       [-6.30336793e-02, -1.73615404e-02, -8.30099459e-02,  4.37762773e-03,  7.64619071e-02],
       [ 8.02830292e-02, -2.13247371e-02,  6.29179908e-03, -9.61413462e-02,  4.96172381e-02],
       [-1.26747928e-01, -6.83072558e-02,  1.22721984e-01, -4.04662752e-02, -7.37662848e-02],
       [ 7.05529196e-02,  8.01587708e-02,  6.27765560e-02, -8.22757496e-02,  7.28537812e-02],
       [-5.76971682e-02,  2.74764176e-03, -1.72302928e-02,  7.15033299e-03,  1.07412585e-01],
       [ 3.45241162e-02,  2.76235991e-02, -1.70779122e-03,  1.36826927e-02, -4.21671971e-02],
       [-5.47814445e-02,  6.21528597e-02, -4.91453191e-02,  1.01626957e-01,  5.07657637e-02],
       [ 2.01078207e-02, -5.26121736e-02, -3.55035745e-02, -1.51999758e-02, -4.28967821e-02],
       [-2.00289016e-02, -4.61581680e-03, -7.82909278e-03, -9.05281682e-02, -6.01835955e-02],
       [ 3.80325312e-02,  3.24644179e-02, -1.99777136e-02,  1.15411489e-02,  5.09722366e-02],
       [-5.17048418e-02, -1.59679279e-02, -5.91363490e-02,  4.87272217e-02, -2.87853225e-02],
       [ 2.50591959e-02,  2.55443515e-02, -5.57626432e-02,  2.09215201e-02, -5.83030982e-02],
       [ 7.39336821e-02,  1.23398366e-01,  3.26408495e-02,  4.76658764e-02,  5.03792111e-02],
       [-3.14075833e-02,  9.11524073e-02, -8.25887798e-03,  1.33359347e-01,  6.35471935e-02],
       [ 2.28169316e-02, -8.75737518e-02, -1.03816035e-01, -1.45954215e-02, -5.45294827e-02]])})
2026-01-20 11:01:27,229 - final_problem_set.kxor_instance_n24_k2_m176_ell2_eps0.15_kappa1.0_rho0.6 - INFO - Running key extraction (n=24, m=176, ell=2, phase_qubits=13)
2026-01-20 11:01:27,233 - final_problem_set.kxor_instance_n24_k2_m176_ell2_eps0.15_kappa1.0_rho0.6 - INFO - Built voting matrix V (n=24, ell=2, dtype=complex128) in 0.004s
2026-01-20 11:01:27,233 - final_problem_set.kxor_instance_n24_k2_m176_ell2_eps0.15_kappa1.0_rho0.6 - INFO - Eval: adv=0.6477, hamming=0/24 (0.000), corr=1.000
2026-01-20 11:01:27,233 - final_problem_set.kxor_instance_n24_k2_m176_ell2_eps0.15_kappa1.0_rho0.6 - INFO - Key extraction complete: x_hat=14
2026-01-20 11:01:27,233 - final_problem_set.kxor_instance_n24_k2_m176_ell2_eps0.15_kappa1.0_rho0.6 - INFO - Finished step 'KeyExtractionStep' in 0.005s (success: True, problem=kxor_instance_n24_k2_m176_ell2_eps0.15_kappa1.0_rho0.6)
2026-01-20 11:01:27,233 - final_problem_set.kxor_instance_n24_k2_m176_ell2_eps0.15_kappa1.0_rho0.6 - INFO - SUCCESS: len(z_hat)=24
2026-01-20 11:01:27,233 - final_problem_set.kxor_instance_n24_k2_m176_ell2_eps0.15_kappa1.0_rho0.6 - INFO - Metrics: adv=0.6477272727272727, ham_frac=0.0, corr=1.0
2026-01-20 11:01:27,234 - final_problem_set.kxor_instance_n24_k2_m176_ell2_eps0.15_kappa1.0_rho0.6 - INFO - z_hat (full): [-1, -1, -1, -1,  1,  1, -1, -1,  1, -1,  1, -1,  1,  1, -1, -1, -1, -1,  1, -1, -1,  1, -1, -1]
