2026-01-20 11:01:37,306 - final_problem_set.kxor_instance_n25_k2_m194_ell2_eps0.2_kappa1.0_rho0.8 - INFO - Starting iteration for /Users/julian/CodingProjects/UniT3/QuarticSpeedupK-XOR/z_Daphne/data/final_problem_set/kxor_instance_n25_k2_m194_ell2_eps0.2_kappa1.0_rho0.8.npz
2026-01-20 11:01:37,306 - final_problem_set.kxor_instance_n25_k2_m194_ell2_eps0.2_kappa1.0_rho0.8 - INFO - Loaded instance (n=25, m=194, k=2)
2026-01-20 11:01:37,306 - final_problem_set.kxor_instance_n25_k2_m194_ell2_eps0.2_kappa1.0_rho0.8 - INFO - Starting step 'ComputeKikuchiStep' (version 0.1) on problem kxor_instance_n25_k2_m194_ell2_eps0.2_kappa1.0_rho0.8 (fields={'ell': 2, 'threshold': 0.0})
2026-01-20 11:01:37,339 - final_problem_set.kxor_instance_n25_k2_m194_ell2_eps0.2_kappa1.0_rho0.8 - INFO - Finished step 'ComputeKikuchiStep' in 0.032s (success: True, problem=kxor_instance_n25_k2_m194_ell2_eps0.2_kappa1.0_rho0.8)
2026-01-20 11:01:37,339 - final_problem_set.kxor_instance_n25_k2_m194_ell2_eps0.2_kappa1.0_rho0.8 - INFO - Starting step 'ClassicalEigenvaluesStep' (version 0.1) on problem kxor_instance_n25_k2_m194_ell2_eps0.2_kappa1.0_rho0.8 (fields={'ell': 2, 'threshold': 0.0, 'kikuchi_matrix': <Dictionary Of Keys sparse matrix of dtype 'int64'
	with 6394 stored elements and shape (300, 300)>, 'num_eigenvalues': 5})
2026-01-20 11:01:37,457 - final_problem_set.kxor_instance_n25_k2_m194_ell2_eps0.2_kappa1.0_rho0.8 - INFO - Finished step 'ClassicalEigenvaluesStep' in 0.118s (success: True, problem=kxor_instance_n25_k2_m194_ell2_eps0.2_kappa1.0_rho0.8)
2026-01-20 11:01:37,457 - final_problem_set.kxor_instance_n25_k2_m194_ell2_eps0.2_kappa1.0_rho0.8 - INFO - Starting step 'KeyExtractionStep' (version 0.1) on problem kxor_instance_n25_k2_m194_ell2_eps0.2_kappa1.0_rho0.8 (fields={'ell': 2, 'threshold': 0.0, 'kikuchi_matrix': <Dictionary Of Keys sparse matrix of dtype 'int64'
	with 6394 stored elements and shape (300, 300)>, 'num_eigenvalues': 5, 'eigenvalues': array([-11.8564044 ,  11.22521955,  12.30954525,  12.99935117,  16.90689278]), 'eigenvectors': array([[-6.45003698e-02, -2.90087246e-02, -5.28445234e-02, -1.55679298e-02,  7.61655162e-02],
       [ 7.10006316e-02, -2.66038805e-03, -3.93012212e-02,  5.01329278e-02,  6.71156853e-02],
       [ 3.48879614e-02,  9.59533389e-02,  4.12237841e-02,  3.81014453e-02, -7.25168743e-02],
       [-4.45044126e-02,  1.07568639e-01,  5.14069028e-02, -1.79387777e-02, -6.15755576e-02],
       [-3.23877022e-03,  6.90209045e-02, -4.59062782e-02, -9.05481230e-02,  5.51845837e-02],
       [ 6.09114924e-02, -2.85604307e-02,  1.72058045e-02, -2.97605269e-02, -1.08727848e-01],
       [ 8.91741899e-03,  4.71459803e-02, -5.01750106e-02,  9.41270141e-03, -6.54987406e-02],
       [-1.32150968e-02,  8.69614935e-02,  1.16652297e-01,  3.66652780e-02,  5.92491753e-02],
       [-5.28539307e-03,  6.54325627e-02,  3.06562861e-02,  6.45312908e-02,  7.83688030e-02],
       [-3.77159918e-03,  4.28800948e-02, -7.95289625e-03, -9.74408027e-02, -6.65085949e-02],
       [ 6.02420277e-02, -1.15537163e-02,  6.94874702e-02,  4.64768938e-02,  8.28523275e-02],
       [ 1.56475507e-02,  1.20677000e-02, -8.25582918e-02,  1.06723251e-02, -4.80651271e-02],
       [-6.44349990e-04, -6.72401883e-02,  3.65399367e-02, -6.91876446e-02,  6.87446002e-02],
       [-7.02723562e-02, -9.95068325e-03,  1.09434560e-02, -7.25367480e-02,  8.34658474e-02],
       [-4.77089005e-02, -1.60319362e-02,  5.85581186e-02, -7.76498319e-02, -9.25797496e-02],
       [ 7.33309375e-02, -4.39655880e-02, -2.02633921e-02, -9.35633098e-02, -9.39454485e-02],
       [-6.07141280e-02,  2.03355854e-02,  2.15991707e-02, -9.85425065e-02, -8.10361874e-02],
       [ 3.89422096e-02, -2.09573461e-02, -5.65803902e-02,  3.16858017e-02,  1.10702387e-01],
       [-7.20019328e-02,  2.57334133e-02, -1.32253333e-01,  6.59299710e-02,  3.81250767e-02],
       [-3.65446875e-02,  7.38863962e-02, -2.23971895e-02, -5.81674709e-03,  4.61543591e-02],
       [-1.06362754e-01, -9.78748194e-02,  9.03192877e-03,  9.79217373e-02, -5.00468760e-02],
       [-4.94478395e-02,  2.49764854e-02,  5.32055399e-02,  1.03540626e-01,  5.12073118e-02],
       [ 2.40181645e-02, -4.08263970e-02,  3.94570739e-02,  4.44986837e-02,  8.49426048e-02],
       [-3.84080274e-02, -1.10813232e-01,  5.43724627e-02, -3.90886380e-02, -7.17561396e-02],
       [ 9.53024337e-02,  2.42561109e-02,  6.45231967e-02,  1.23759910e-02, -5.53627693e-02],
       [ 5.47218703e-02, -9.63746481e-02, -6.63716273e-02, -7.80940226e-02,  5.48602314e-02],
       [-7.32313950e-02, -8.79913548e-02, -6.15918569e-02, -2.67774837e-02,  4.32542180e-02],
       [-1.00088330e-02, -3.51164622e-02,  5.29887145e-02,  9.36237778e-02, -3.69534498e-02],
       [ 1.23109846e-01, -1.99515367e-02, -7.31193638e-02, -6.53151453e-02,  9.59886182e-02],
       [ 1.28304972e-02, -7.15711845e-02,  8.46164733e-03, -5.71991780e-02,  5.95622596e-02],
       [-2.01280325e-02, -4.82294558e-02, -7.03768904e-02,  1.44252059e-02, -5.12343085e-02],
       [-1.17678511e-02, -2.91003665e-02,  1.45667276e-02,  7.24153797e-03, -7.22892154e-02],
       [ 5.41299445e-03, -6.73428681e-02, -3.09525478e-02,  2.96928309e-02,  6.22343243e-02],
       [ 1.07568509e-01,  4.06745151e-02, -1.89724326e-02,  2.62241148e-02, -7.06257032e-02],
       [ 4.47968300e-02, -3.12857510e-02,  4.78943333e-02, -4.58318852e-02,  4.37965725e-02],
       [-1.16930939e-02,  6.41032877e-02, -1.82450115e-03,  8.35928588e-02, -4.83398200e-02],
       [-1.17435930e-01,  3.90173868e-02,  2.91956235e-02,  1.10582617e-01, -6.34027089e-02],
       [-6.25950643e-02, -2.61467185e-02, -9.51786459e-02, -1.10884405e-02,  7.69900629e-02],
       [ 1.18591268e-01, -1.83910249e-04, -2.98522057e-02,  9.00144803e-04,  7.76352497e-02],
       [-1.10026743e-01, -4.46386623e-02, -5.38767833e-02,  1.36553691e-02,  6.35460076e-02],
       [ 7.64828673e-02,  4.99332993e-02,  8.74380981e-02,  5.26114667e-02, -8.02140052e-02],
       [-1.52826871e-01, -4.18273909e-03,  1.34527602e-01, -2.08415839e-02, -3.44586559e-02],
       [-7.70520062e-02, -4.05430915e-02,  4.44072063e-02,  3.73564953e-02, -4.15302905e-02],
       [-1.66632409e-01,  5.62622129e-02, -2.60103631e-02, -9.74818553e-02,  3.51882691e-02],
       [-8.40074952e-02,  2.29940149e-03, -1.69970495e-02, -4.88357730e-02, -5.52976543e-02],
       [ 2.79803454e-02,  5.49645584e-02,  6.97725271e-03,  2.45848999e-02, -6.94908742e-02],
       [-7.93938449e-02,  5.94924596e-02, -8.21252434e-02, -2.15322616e-02,  5.98491739e-02],
       [-4.68611304e-02, -7.47527829e-02, -5.63614468e-02, -2.87055735e-02,  5.26772740e-02],
       [ 5.96007519e-02, -8.30926426e-02, -5.71124819e-02,  1.25678909e-02,  4.40237744e-02],
       [ 1.16912124e-03, -5.16817455e-02,  5.27504216e-02,  6.86424523e-02, -3.90854726e-02],
       [-8.79209430e-02,  1.13976005e-02, -5.35776592e-02,  2.02561775e-02,  7.85493224e-02],
       [-1.41215015e-02, -4.60048545e-02,  1.46385953e-02, -5.93490132e-03,  5.46833093e-02],
       [ 1.18438094e-02, -5.84396139e-02, -6.65615327e-02, -2.57600482e-02, -4.46228937e-02],
       [ 9.33063662e-03, -3.74184199e-02,  5.52872694e-03, -4.52106326e-02, -5.65216280e-02],
       [-1.09780417e-02, -4.56824844e-02, -2.03435552e-02,  8.19075809e-02,  5.44340884e-02],
       [-8.11850753e-02,  1.91271112e-02, -2.30438521e-02, -3.47962027e-02, -6.12694603e-02],
       [-3.91509218e-02, -1.36265160e-02,  4.71314859e-02, -5.67745546e-03,  3.90770485e-02],
       [-2.06021386e-03,  5.61744343e-02, -4.36171997e-03,  5.30441071e-02, -5.09340427e-02],
       [ 7.87709568e-02,  1.11612601e-02,  1.90102241e-02,  5.09915069e-02, -5.47872550e-02],
       [ 5.21344929e-02,  3.84492633e-03, -8.65136610e-02,  6.49456919e-02,  7.33084369e-02],
       [-7.99619975e-02,  1.84905904e-02, -1.84631916e-02,  5.93982318e-02,  6.25867353e-02],
       [ 9.67902963e-02, -2.62414946e-02, -4.68711858e-02,  7.54702423e-02,  6.18946018e-02],
       [-7.45817442e-02,  1.95773861e-02,  7.03315244e-02, -2.06996210e-02, -7.03903421e-02],
       [ 1.03859582e-01, -1.71672979e-02,  1.09414027e-01, -4.71280689e-02, -2.81704065e-02],
       [ 6.36040957e-02, -5.53037979e-02,  3.79550957e-02,  3.23483263e-03, -3.96367591e-02],
       [ 1.17242173e-01,  7.56064697e-02, -2.87153188e-02, -7.91618579e-02,  3.94027784e-02],
       [ 8.21387926e-02, -1.16335317e-02, -2.08890008e-02, -8.79676503e-02, -4.53141530e-02],
       [-2.61832810e-02,  4.29594697e-02,  5.94332822e-04, -3.62149527e-02, -7.02057238e-02],
       [ 5.65529392e-02,  7.43643652e-02, -6.82645736e-02,  2.77377795e-02,  5.07448065e-02],
       [ 3.03068046e-02,  1.01403972e-01,  4.65737594e-02,  3.48597605e-02, -3.55932800e-02],
       [-4.90601466e-03, -1.03266223e-03, -4.72046675e-02, -9.58339843e-02,  3.31729180e-02],
       [-6.76542194e-02,  8.69084331e-02,  4.49035917e-02,  7.53376274e-02, -7.23081742e-02],
       [ 6.43173474e-04,  1.01855237e-01, -1.07683449e-02,  6.00333155e-02, -4.85145128e-02],
       [-4.46631428e-04,  8.20641609e-04,  7.03831141e-02, -3.12800888e-02,  4.62793635e-02],
       [ 3.21691583e-03, -3.36817241e-02, -1.50987439e-03, -2.88101750e-02,  6.85005981e-02],
       [-7.32246979e-03,  1.06988143e-01,  1.88593053e-02, -6.81441112e-03, -5.27803609e-02],
       [-3.65940327e-02, -7.04071499e-02,  1.91945268e-02, -3.54701152e-02,  5.08010091e-02],
       [-1.82983113e-02,  5.53811001e-02, -4.38468601e-02,  4.77799551e-02, -3.57683282e-02],
       [-7.51664516e-04, -8.02411337e-02,  4.86331176e-03, -7.90038422e-02,  4.05466527e-02],
       [ 6.05424750e-02, -6.55401256e-02, -1.72133130e-02, -9.17907913e-02,  4.58830131e-02],
       [ 2.99711597e-02,  8.70600176e-02,  6.91640946e-02,  3.33258895e-02, -6.34211196e-02],
       [-4.77558208e-02,  6.09074511e-02,  1.48136447e-02,  2.09894597e-02, -6.61337383e-02],
       [ 5.59839781e-02,  1.01196670e-01,  4.44599665e-02,  9.22623492e-03, -5.88591250e-02],
       [-3.37504395e-02, -1.05463655e-01, -6.32703170e-02, -6.72949148e-02,  6.64736577e-02],
       [ 6.40716095e-02, -3.13545439e-02, -1.11373790e-01,  4.75808107e-03,  3.07705167e-02],
       [ 3.36566037e-02,  6.38655025e-04, -3.40703648e-02, -4.37346577e-02,  3.62935382e-02],
       [ 5.88097240e-02, -2.58311398e-02,  1.63785982e-02,  8.71941397e-02, -2.85643949e-02],
       [ 4.60783132e-02, -3.93261285e-02,  2.34617196e-02,  2.34102706e-02,  4.42002737e-02],
       [-1.23498301e-02, -9.60293531e-02,  7.54925164e-04, -4.16234305e-02,  5.99202718e-02],
       [ 3.81279131e-02, -3.60089876e-03,  6.14476914e-02,  3.40330796e-02, -4.88479904e-02],
       [-1.86590980e-03, -8.16819758e-03, -4.88353108e-02, -6.78177282e-02,  3.01481062e-02],
       [ 6.63684950e-02,  1.04202469e-01,  5.83273396e-02,  1.35093932e-02, -6.34647724e-02],
       [ 5.70281740e-03,  1.10241263e-01, -7.79473293e-04,  2.43104199e-02, -4.42675382e-02],
       [-5.26212018e-03, -1.35416308e-02,  4.53150422e-02,  3.80484074e-03,  3.73805084e-02],
       [-1.21003821e-02, -5.19333965e-02, -1.86221971e-02,  1.90884260e-02,  5.29218227e-02],
       [ 9.46543283e-03,  1.13003557e-01,  2.85537148e-02, -4.64294714e-02, -4.55678077e-02],
       [ 6.07397915e-02, -9.36420205e-02,  6.76702089e-03,  4.92303693e-03,  4.94306729e-02],
       [ 2.74342052e-02,  6.55411422e-02, -3.09484361e-02,  1.99775197e-02, -3.25510966e-02],
       [ 8.40859204e-03, -8.39572407e-02, -5.17717269e-03, -4.98293999e-02,  3.54228617e-02],
       [-7.59761469e-02, -8.62441875e-02, -2.83367754e-02, -6.48279232e-02,  4.79236765e-02],
       [-4.47824242e-02,  1.04510595e-01,  8.46451116e-02, -2.33973901e-02, -6.14613875e-02],
       [ 7.42697541e-02,  7.72188892e-02,  3.00438988e-02, -2.88992286e-02, -5.77435758e-02],
       [-7.11107899e-02,  1.05977964e-01,  5.06029161e-02, -3.64404827e-02, -5.00167003e-02],
       [ 5.97669034e-02, -1.15877889e-01, -6.87815786e-02, -9.95126624e-03,  5.72137177e-02],
       [-7.64903153e-02, -2.67572977e-02, -9.29190551e-02,  2.69222251e-02,  2.41543007e-02],
       [-4.77646872e-02, -7.38680389e-03, -3.90351065e-02, -1.66720935e-02,  3.19246919e-02],
       [-8.41244212e-02, -1.01772782e-02,  2.87260713e-02,  7.62568301e-02, -3.08335097e-02],
       [-6.52235221e-02, -5.19572596e-02,  6.82168826e-03,  5.38992770e-02,  3.75735175e-02],
       [ 2.80842494e-02, -1.03296843e-01, -1.54594350e-02,  5.19500000e-03,  5.00083925e-02],
       [-4.92958080e-02,  1.29144334e-02,  6.56604626e-02, -3.21511978e-03, -4.39444400e-02],
       [ 8.53434513e-03,  7.95645251e-02, -5.10083645e-02, -1.25152241e-01,  5.25928580e-02],
       [-2.62700344e-03,  1.86851486e-02, -2.33714722e-03, -8.55463804e-02,  3.76067098e-02],
       [ 2.98776944e-03, -8.15888628e-02, -4.19397317e-02,  5.48960687e-02, -3.25875474e-02],
       [ 1.25433898e-03, -9.41925449e-02,  1.39172766e-02,  7.43894980e-02, -4.67475668e-02],
       [ 3.99859456e-03,  2.54281692e-02, -2.78775757e-02, -3.93974984e-02,  4.64095914e-02],
       [-5.06645532e-04, -4.84588148e-02, -7.02241333e-03,  7.95010088e-02, -4.40140961e-02],
       [-1.52406666e-03,  2.84051042e-02,  2.52928688e-02, -6.63650802e-02,  2.69448968e-02],
       [ 5.21342752e-03, -8.57235296e-03,  4.30409194e-03,  8.77937438e-02, -2.95013398e-02],
       [-6.65389569e-03, -3.72432731e-02,  2.33571911e-02,  1.05171585e-01, -3.37154217e-02],
       [-4.48218363e-03,  7.21994607e-02, -7.62334275e-02, -8.55756317e-02,  5.49227800e-02],
       [-1.17411147e-02,  9.18363872e-02, -2.52988540e-02, -7.26607163e-02,  5.75684450e-02],
       [ 3.75057338e-05,  4.18439530e-02, -4.56495915e-02, -5.60660661e-02,  4.72160931e-02],
       [-4.39334630e-03, -6.12251076e-02,  6.33926838e-02,  1.13063374e-01, -4.99703923e-02],
       [ 2.52057941e-03, -3.71064601e-02,  9.11248685e-02,  2.50554641e-02, -2.41960485e-02],
       [-1.19816220e-03, -5.10482072e-02,  2.57381967e-02,  5.17087227e-02, -2.43139250e-02],
       [ 1.27527230e-02,  5.78616608e-02, -1.68696549e-02, -7.87779665e-02,  1.89021226e-02],
       [-5.24944038e-03, -5.46602795e-02, -7.71089294e-03,  2.02062728e-02, -3.63615998e-02],
       [-2.58901400e-03, -4.37942577e-02,  1.09479827e-02,  8.99038767e-02, -5.15554119e-02],
       [ 2.85367671e-03,  7.77488806e-02, -4.78970761e-02, -5.89698846e-02,  3.33243313e-02],
       [-2.40635221e-02,  4.45019389e-02, -5.51889235e-02,  4.33149965e-02, -7.59823235e-02],
       [ 2.84243938e-02,  9.96691049e-02,  1.28581835e-01,  8.61997563e-03,  6.19164408e-02],
       [ 2.20368149e-02,  8.89221613e-02,  3.28623365e-02,  3.10415586e-02,  9.21681522e-02],
       [-2.91987525e-03,  3.98706692e-02, -5.44741334e-03, -8.37758632e-02, -8.80262609e-02],
       [-8.92869094e-02,  1.11757110e-03,  7.24900513e-02,  6.79203334e-03,  8.62730370e-02],
       [-3.83025357e-02,  3.81489067e-03, -9.82280939e-02,  3.93061212e-02, -6.07128271e-02],
       [-2.29636169e-03, -6.46433010e-02,  4.21901342e-02, -1.13340533e-01,  7.87205402e-02],
       [ 1.05361175e-01,  3.60355011e-03,  8.98996414e-03, -1.24744943e-01,  9.03874333e-02],
       [ 6.33235884e-02, -3.70109478e-02,  7.72389628e-02, -3.98093333e-02, -1.07731820e-01],
       [-1.06357238e-01, -6.69822617e-02, -1.59850439e-02, -5.17624476e-02, -1.08863956e-01],
       [ 1.01275185e-01,  9.44235660e-03,  3.01639256e-02, -6.48647970e-02, -9.04816072e-02],
       [-7.19550715e-02,  3.66314300e-04, -6.52531013e-02, -2.37271695e-02,  1.15602175e-01],
       [ 1.37906585e-01,  4.13072207e-02, -1.66647533e-01,  5.86107521e-02,  4.97203227e-02],
       [ 7.16187084e-02,  9.70552824e-02, -3.02820795e-02, -3.03201132e-02,  6.05859787e-02],
       [ 1.54759254e-01, -1.11748715e-01,  1.23784199e-02,  1.31052885e-01, -4.91739956e-02],
       [ 9.21135025e-02,  4.25047501e-02,  6.28751305e-02,  1.00638760e-01,  6.92861043e-02],
       [-4.09740240e-02, -2.94217758e-02,  4.54772655e-02,  4.26353239e-03,  1.11015252e-01],
       [ 6.10013625e-02, -1.26755607e-01,  6.45730565e-02, -6.76934217e-03, -7.27305678e-02],
       [-4.98479240e-03,  2.53617945e-02,  1.18281980e-01, -8.79542244e-03,  4.15463463e-02],
       [ 5.24060247e-03,  1.92598518e-03,  8.03424029e-02, -1.50037610e-03,  6.36667879e-02],
       [-7.59244673e-03,  6.10105558e-02, -4.38601581e-02, -2.49865051e-02, -4.88133846e-02],
       [-1.38065275e-03, -4.34139315e-02,  8.44607496e-02, -1.36499898e-02,  5.23494578e-02],
       [-6.27247547e-03,  2.91115092e-02, -7.72726224e-02,  2.85865132e-02, -3.19574715e-02],
       [-5.11533106e-03, -6.79647919e-02,  5.65051998e-02, -6.86338566e-02,  4.15605657e-02],
       [ 2.50412687e-02, -3.98122805e-02,  4.26984794e-02, -7.50449563e-02,  5.06076592e-02],
       [ 1.30256136e-02,  4.76300033e-02, -1.42381351e-02,  1.94196420e-03, -7.46991362e-02],
       [-1.07664441e-02,  2.25888944e-02, -7.14453755e-02, -7.48171682e-03, -6.85306012e-02],
       [ 3.89590406e-03,  5.56215198e-02, -3.21573246e-02, -1.28093213e-02, -5.49769241e-02],
       [-1.54167946e-02, -7.91560277e-02,  2.54284583e-02, -4.19450686e-02,  8.00941144e-02],
       [ 2.07867020e-02, -1.06264048e-02, -7.24894268e-02,  1.98873564e-02,  3.45573025e-02],
       [ 7.33630228e-03,  2.54533799e-02,  1.47673350e-02, -3.08527065e-02,  3.72445629e-02],
       [-1.86917882e-03, -4.09038830e-02, -1.60388870e-02,  7.79479129e-02, -3.06944182e-02],
       [ 1.09156136e-02, -1.38835360e-02,  7.78078860e-02,  4.01282494e-02,  4.25147319e-02],
       [-7.36925330e-03, -8.38574078e-02,  8.95256746e-02, -2.08441231e-02,  6.60076457e-02],
       [ 2.07567061e-02, -4.41445284e-02, -2.20777337e-03,  1.48371153e-02, -5.62540207e-02],
       [ 5.02698176e-04, -8.74727754e-02, -1.06517393e-01, -2.48351248e-02, -4.25750015e-02],
       [ 6.89790029e-03,  3.13986022e-02,  9.59114625e-02,  5.56955348e-02,  4.43508727e-02],
       [ 7.38590197e-03, -4.80288317e-02, -1.15388504e-01, -1.14670684e-02, -4.06272703e-02],
       [ 6.73697612e-03,  2.44504366e-02,  9.55518368e-02, -1.01407478e-02,  2.70959979e-02],
       [ 5.60447222e-03, -6.57556875e-03, -1.03832580e-01,  4.77318664e-02, -3.85639384e-02],
       [-1.63314987e-02, -5.49739318e-02, -1.06343748e-01,  4.79782975e-02, -4.82108910e-02],
       [-1.20829651e-02,  9.42999521e-02,  8.67440466e-02,  4.38414439e-02,  6.26438099e-02],
       [ 2.04173372e-02,  8.06033214e-02,  1.06686534e-01,  3.49833004e-02,  4.71125792e-02],
       [-1.76714186e-02,  5.55023967e-02,  8.73670223e-02,  5.04073694e-02,  4.91811113e-02],
       [ 1.41599790e-02, -7.38941890e-02, -1.03113774e-01, -8.36607363e-03, -6.69281390e-02],
       [-6.00175944e-03, -6.55320810e-02,  2.38941831e-02, -4.70961795e-02, -3.12892425e-02],
       [-9.77774978e-03, -8.54741348e-02, -4.88657661e-02,  4.73013039e-03, -3.05172409e-02],
       [-1.71795915e-04,  7.77578570e-02,  4.49966724e-02, -5.61194457e-02,  2.61604674e-02],
       [-2.17156553e-02, -4.87693976e-02, -8.20115200e-02, -5.04220947e-02, -2.92554017e-02],
       [ 6.47429769e-03, -4.04825094e-02, -1.17559206e-01, -1.24971865e-02, -4.71575023e-02],
       [-1.45252292e-02,  1.18580803e-01,  5.24321766e-02,  1.71316676e-02,  4.15681651e-02],
       [-5.34132133e-03,  3.35845965e-03,  3.83177224e-02,  9.73920816e-02,  6.26341873e-02],
       [ 1.81746823e-02, -3.35681457e-02, -9.25932448e-02, -3.99247719e-02, -6.96169057e-02],
       [ 2.62112339e-03,  1.89157202e-02,  9.84123584e-02, -6.06093516e-03,  4.52605938e-02],
       [-1.93583920e-03,  2.15979399e-02, -5.47087917e-02,  5.64122990e-02, -5.34906845e-02],
       [-1.17179171e-02, -4.07377069e-02, -4.88762105e-02,  5.91137815e-02, -7.12860051e-02],
       [-1.00990195e-02,  7.99354362e-02, -1.42401507e-02,  8.23568064e-02,  8.90238683e-02],
       [ 1.91354274e-02,  7.66599827e-02,  4.60150196e-02,  7.21379545e-02,  7.05987668e-02],
       [-1.73991712e-02,  3.44551004e-02,  1.40750287e-02,  9.23776835e-02,  7.20903277e-02],
       [ 2.39338811e-03, -4.78643689e-02, -1.68272083e-03, -3.04546954e-02, -8.72586555e-02],
       [-1.26093533e-02, -5.56113742e-02,  1.00669098e-01, -6.80651887e-02, -3.84566153e-02],
       [-6.80224543e-03, -9.91566706e-02, -1.03633710e-03, -6.88909163e-04, -4.46562079e-02],
       [-2.56648208e-02,  1.12005350e-01,  1.05540599e-02, -8.40046655e-02,  4.26075401e-02],
       [-1.68662804e-02, -4.55571084e-02, -5.94424275e-02, -9.11177699e-02, -4.39920046e-02],
       [ 2.14814407e-04, -1.50469307e-02, -6.20739150e-02, -3.99452211e-02, -7.24293639e-02],
       [-1.71203657e-03,  1.20435789e-01, -1.74858725e-02,  3.31047175e-02,  5.52735293e-02],
       [-1.45485437e-02, -5.59682256e-02,  6.34570464e-02,  7.42325366e-02,  5.95654030e-02],
       [ 2.79205699e-03,  3.61351017e-02, -7.25218287e-02, -2.09832576e-02, -3.87456726e-02],
       [ 3.68827113e-03, -7.19404318e-02,  3.09195043e-02, -2.00324260e-02,  4.81568110e-02],
       [ 4.21157679e-03, -4.82358183e-02,  2.13707332e-02, -1.42503330e-02,  6.06500576e-02],
       [ 4.68476329e-03,  4.22967073e-02,  2.33699361e-02, -9.81919003e-02, -6.47062773e-02],
       [-1.45135366e-02,  2.16857492e-02, -2.77127884e-02, -9.94132223e-02, -5.94084336e-02],
       [ 2.78783991e-03,  5.29491006e-02,  2.55471095e-03, -9.71786838e-02, -5.27055202e-02],
       [ 5.31181897e-03, -6.95212701e-02, -1.94125646e-02,  7.38671470e-02,  7.40463641e-02],
       [ 3.78588046e-03, -5.58643183e-03, -9.35377746e-02,  7.38374321e-02,  3.05515344e-02],
       [ 2.78551809e-03,  3.24528600e-02, -9.71752000e-03,  2.10053738e-02,  3.88144361e-02],
       [ 3.47491667e-02, -5.14181159e-02,  1.07172093e-03,  4.83989148e-02, -4.22323233e-02],
       [ 7.65192975e-03, -8.84884139e-03,  4.66629945e-02,  9.75290775e-02,  3.66453869e-02],
       [-1.37880242e-03, -8.35885561e-02,  4.49958089e-02,  8.34250818e-02,  6.86090263e-02],
       [-5.04494774e-03, -3.88603009e-02,  2.55921868e-02, -5.32639906e-02, -4.71356910e-02],
       [-3.14165987e-02, -1.61150390e-02,  9.00774673e-02, -1.32255769e-02,  3.64797505e-02],
       [-9.40860081e-04,  5.90750291e-02, -8.22144312e-02,  6.43712756e-02, -5.34648058e-02],
       [ 8.51419777e-02,  1.46934134e-02, -6.13835472e-02,  5.92078994e-02, -5.78902761e-02],
       [ 5.47883410e-02, -8.52269052e-03,  2.70213024e-02,  5.46922430e-02,  8.26369420e-02],
       [-7.99091943e-02,  8.38082205e-03,  7.55090328e-02,  4.87094807e-02,  6.78148943e-02],
       [ 9.39351294e-02, -3.55944872e-02,  4.44047568e-02,  6.48362339e-02,  6.69282110e-02],
       [-6.73161681e-02,  3.77050548e-02, -4.12649448e-02, -9.52937943e-03, -8.98833899e-02],
       [ 1.20467645e-01, -1.20875994e-02,  7.44842749e-02, -5.25345834e-02, -3.93549826e-02],
       [ 6.44493872e-02, -5.34356476e-02, -2.18787684e-02,  1.09735689e-02, -4.26865109e-02],
       [ 1.14296356e-01,  7.54478103e-02,  3.52216144e-02, -8.86056695e-02,  4.22810625e-02],
       [ 6.94562360e-02, -6.76971964e-03, -7.56841683e-02, -7.21399177e-02, -4.26090906e-02],
       [-3.70891212e-02,  4.43084833e-02, -9.06794121e-02, -1.88148462e-02, -6.79799330e-02],
       [ 7.40869864e-02,  6.38880203e-02,  8.22113872e-03,  1.84697244e-02,  5.18890985e-02],
       [-4.31369912e-04, -4.28364527e-02,  8.01905352e-02, -6.11187007e-02,  3.34507835e-02],
       [ 4.60842650e-02, -1.08845880e-02,  6.73081103e-02, -5.56011326e-02,  3.48700246e-02],
       [ 2.63338017e-02,  8.08603370e-03, -5.97537565e-02,  1.17744269e-03, -5.45160215e-02],
       [-3.91407636e-02, -3.31077841e-03, -9.42602631e-02, -2.60198718e-03, -4.89450648e-02],
       [ 3.91707797e-02,  2.72843123e-02, -6.46169320e-02, -1.28770865e-02, -4.56272474e-02],
       [-1.84922711e-02, -2.46357567e-02,  7.38536598e-02, -3.05086984e-02,  5.15564911e-02],
       [ 3.67274826e-02,  7.58127458e-03, -3.10916554e-02,  1.66212000e-02,  2.73699040e-02],
       [ 2.56158197e-02,  3.06239434e-02,  3.51701681e-02, -2.46465388e-02,  2.75795652e-02],
       [ 6.47652172e-02, -4.28210369e-02, -3.62713344e-02,  6.76203505e-02, -2.46036745e-02],
       [ 3.39389480e-02,  1.75927583e-05,  8.09755123e-02,  2.80463838e-02,  3.13235752e-02],
       [-1.32560432e-02, -4.21616645e-02,  1.07055348e-01, -2.00458043e-02,  4.86492977e-02],
       [ 2.19128588e-02, -4.69260146e-02, -3.41158561e-02,  1.08132345e-02, -3.77925784e-02],
       [-7.12107716e-03,  4.81707752e-02, -3.73558396e-02,  1.02354909e-01, -4.52674037e-02],
       [-6.24778320e-03, -6.77299286e-02, -4.41741485e-03, -6.30228176e-02,  7.83876677e-02],
       [-1.11965941e-03, -4.17424107e-02,  5.29346921e-02, -5.33204929e-02,  6.41076471e-02],
       [ 3.24117935e-03, -7.31524673e-02,  1.95510259e-02, -3.52236201e-02,  5.78406742e-02],
       [ 3.97367009e-03,  8.79102651e-02, -1.33538253e-02,  1.02198492e-01, -7.28457338e-02],
       [ 1.44826472e-02,  2.27911310e-02,  7.91452100e-02,  1.23042666e-02, -3.61599412e-02],
       [ 1.71115706e-03, -9.96030378e-03, -7.93180285e-03,  5.41625629e-02, -3.38140098e-02],
       [ 2.08775239e-02,  2.81558647e-02,  1.16982993e-02, -8.51575073e-02,  2.62452009e-02],
       [-6.97378055e-03,  2.84376837e-02, -6.18991063e-02,  2.46060885e-03, -4.20531729e-02],
       [ 4.27456722e-03,  7.37558761e-02, -6.32385762e-02,  6.80105194e-02, -5.36203737e-02],
       [ 3.18054231e-04,  1.54404263e-02, -6.50439524e-03, -5.39765622e-02,  4.97152680e-02],
       [-5.20955227e-02, -7.80198526e-03, -2.70857869e-02, -6.33961383e-02,  7.49958178e-02],
       [ 1.02790707e-01,  1.53406457e-02,  3.56764323e-02, -5.33844496e-02,  7.46802904e-02],
       [-1.14104698e-01, -3.48531018e-02, -2.41913762e-03, -3.38565953e-02,  7.02135522e-02],
       [ 6.64363390e-02,  2.74685149e-02,  1.75951707e-02,  1.04901230e-01, -7.62252322e-02],
       [-1.15793028e-01, -5.99181048e-03,  1.06835580e-01,  1.44310747e-02, -4.03097032e-02],
       [-7.14582547e-02, -4.34424619e-02,  7.26241048e-03,  6.14740215e-02, -4.15883959e-02],
       [-1.49097919e-01,  6.19583153e-02, -3.69364781e-04, -1.04921110e-01,  3.15633868e-02],
       [-7.73964014e-02, -1.10794727e-02, -6.57894237e-02, -6.09582028e-03, -5.53665845e-02],
       [ 3.12341349e-02,  4.50926225e-02, -5.62313518e-02,  7.91154962e-02, -7.71657865e-02],
       [-5.55868861e-02,  5.87822202e-02, -2.71325568e-02, -5.10105528e-02,  5.00313959e-02],
       [ 5.86411919e-02, -4.41476225e-02,  2.52737899e-02, -8.89033373e-02, -8.42793806e-02],
       [-8.00468880e-02,  1.63873807e-02,  5.79974564e-02, -9.17055408e-02, -7.38299156e-02],
       [ 4.99311070e-02, -9.79757644e-03, -1.04202999e-01,  3.76875564e-02,  9.80330378e-02],
       [-7.72949659e-02,  2.65300489e-02, -1.48487439e-01,  6.55742272e-02,  3.50145915e-02],
       [-4.88722745e-02,  8.10794596e-02, -5.27618465e-02,  9.68953262e-04,  5.28087935e-02],
       [-1.02789805e-01, -1.01645482e-01,  3.52565923e-02,  9.50860265e-02, -5.03238426e-02],
       [-4.50841167e-02,  3.06720561e-02,  3.09395286e-02,  1.09441924e-01,  5.37603333e-02],
       [ 1.63952725e-02, -3.71549732e-02, -7.71046823e-03,  5.97827398e-02,  9.72639285e-02],
       [-4.56933614e-02, -1.02856645e-01,  8.12094221e-02, -3.67503727e-02, -6.11237762e-02],
       [ 9.69298662e-02, -6.69285876e-03, -2.04802162e-03, -9.49137085e-02, -6.90161298e-02],
       [-6.58648462e-02,  1.63511516e-02, -1.60480328e-02,  4.45857836e-02,  9.26367581e-02],
       [ 1.32529849e-01,  4.15521001e-02, -1.12699246e-01,  7.70701754e-02,  3.96710856e-02],
       [ 6.85190980e-02,  8.96378556e-02, -7.88750220e-03,  7.12338860e-03,  4.85442431e-02],
       [ 1.34166437e-01, -9.75109866e-02, -1.80682383e-03,  8.32797617e-02, -4.35936183e-02],
       [ 8.69710738e-02,  4.02153739e-02,  6.38014982e-02,  1.14419104e-01,  5.11331612e-02],
       [-2.43869827e-02, -1.18942443e-02,  5.37200800e-02,  5.57115700e-02,  7.81550014e-02],
       [ 5.86245208e-02, -1.09277822e-01,  2.97463059e-02, -3.96673208e-02, -5.79147919e-02],
       [ 7.42343211e-02, -5.23916649e-02, -6.22545296e-02,  6.45942903e-02,  9.15488265e-02],
       [-1.24034877e-01,  1.10960348e-02, -1.11979846e-01,  6.62182305e-02,  3.14621311e-02],
       [-5.99760878e-02,  4.97649105e-02, -2.43566875e-02,  8.94269699e-03,  3.86315433e-02],
       [-1.41951018e-01, -6.84775161e-02,  1.63491647e-02,  6.43197057e-02, -4.57982995e-02],
       [-8.40552681e-02,  8.23813658e-03,  3.60642082e-02,  1.00610824e-01,  4.19157062e-02],
       [ 4.24521840e-02, -5.46789999e-02,  1.81842601e-02,  6.47700620e-02,  6.91002255e-02],
       [-6.83390206e-02, -6.81094475e-02,  5.35886154e-02, -5.46652926e-02, -5.83598669e-02],
       [ 8.02703203e-02, -1.86067775e-02,  1.58966611e-01, -5.17571586e-02, -4.07312451e-02],
       [ 4.86403277e-02, -6.74530249e-02,  5.09574433e-02,  2.70822964e-02, -5.87200929e-02],
       [ 1.18240177e-01,  9.20186924e-02, -3.09167072e-02, -1.26816774e-01,  5.18727018e-02],
       [ 6.39746299e-02, -8.75897774e-03, -3.68435662e-02, -9.54192348e-02, -6.81378876e-02],
       [-1.91776349e-02,  7.43342246e-02, -8.60070672e-03, -8.36328205e-03, -1.04504258e-01],
       [ 3.68734412e-02,  9.59959318e-02, -9.16852084e-02,  5.72550928e-03,  7.35896922e-02],
       [-8.63729054e-02, -4.20230361e-02,  7.81233184e-02, -1.68198337e-02, -2.23092329e-02],
       [-1.76399270e-01,  4.50451940e-02, -6.19165724e-02, -2.84452461e-02,  2.26578468e-02],
       [-1.19403031e-01, -2.99596791e-02,  5.00842525e-02, -7.71316801e-02, -2.52797925e-02],
       [ 4.30006477e-02, -5.21827413e-03,  1.05362084e-01, -5.96813362e-02, -4.34003930e-02],
       [-6.78990482e-02,  5.05242604e-02, -1.04674524e-01,  3.75888386e-02,  2.69509929e-02],
       [-9.08774772e-02,  6.21917742e-02, -9.56789787e-03, -5.36152245e-02,  2.24034334e-02],
       [-6.00796940e-02, -5.98038404e-02, -1.74993746e-02, -3.08738635e-02, -2.98236567e-02],
       [ 1.81625400e-02, -4.93486838e-02, -5.27400848e-04,  1.32201530e-02, -4.23709266e-02],
       [-3.67954362e-02,  8.42024543e-02, -3.26147011e-02, -5.77445140e-03,  3.36068590e-02],
       [-1.41320746e-01,  6.86128820e-02,  2.57224053e-02, -2.85178331e-02,  3.28014675e-02],
       [ 5.08855518e-02,  6.65774851e-02,  1.75411552e-02, -9.58021161e-02,  4.53578594e-02],
       [-1.07240700e-01, -1.05618843e-01,  2.60463455e-02,  7.06778419e-02, -3.36198115e-02],
       [ 2.42070594e-02,  6.53985426e-03, -6.49815480e-02, -8.03398546e-02, -4.66130586e-02],
       [-6.13979507e-02,  8.07501001e-02,  1.29801036e-02,  6.98771446e-02,  4.18048904e-02],
       [ 1.31606780e-02,  6.83712167e-02, -1.54151354e-02,  2.46267826e-02,  7.44351790e-02]])})
2026-01-20 11:01:37,459 - final_problem_set.kxor_instance_n25_k2_m194_ell2_eps0.2_kappa1.0_rho0.8 - INFO - Running key extraction (n=25, m=194, ell=2, phase_qubits=13)
2026-01-20 11:01:37,464 - final_problem_set.kxor_instance_n25_k2_m194_ell2_eps0.2_kappa1.0_rho0.8 - INFO - Built voting matrix V (n=25, ell=2, dtype=complex128) in 0.004s
2026-01-20 11:01:37,465 - final_problem_set.kxor_instance_n25_k2_m194_ell2_eps0.2_kappa1.0_rho0.8 - INFO - Eval: adv=0.7835, hamming=0/25 (0.000), corr=1.000
2026-01-20 11:01:37,465 - final_problem_set.kxor_instance_n25_k2_m194_ell2_eps0.2_kappa1.0_rho0.8 - INFO - Key extraction complete: x_hat=6
2026-01-20 11:01:37,465 - final_problem_set.kxor_instance_n25_k2_m194_ell2_eps0.2_kappa1.0_rho0.8 - INFO - Finished step 'KeyExtractionStep' in 0.005s (success: True, problem=kxor_instance_n25_k2_m194_ell2_eps0.2_kappa1.0_rho0.8)
2026-01-20 11:01:37,465 - final_problem_set.kxor_instance_n25_k2_m194_ell2_eps0.2_kappa1.0_rho0.8 - INFO - SUCCESS: len(z_hat)=25
2026-01-20 11:01:37,465 - final_problem_set.kxor_instance_n25_k2_m194_ell2_eps0.2_kappa1.0_rho0.8 - INFO - Metrics: adv=0.7835051546391752, ham_frac=0.0, corr=1.0
2026-01-20 11:01:37,465 - final_problem_set.kxor_instance_n25_k2_m194_ell2_eps0.2_kappa1.0_rho0.8 - INFO - z_hat (full): [ 1, -1, -1,  1,  1, -1,  1,  1, -1, -1,  1, -1,  1, -1, -1,  1,  1,  1, -1, -1, -1,  1, -1, -1,  1]
