2026-01-20 11:01:15,872 - final_problem_set.kxor_instance_n22_k2_m217_ell2_eps0.3_kappa0.875_rho0.0 - INFO - Starting iteration for /Users/julian/CodingProjects/UniT3/QuarticSpeedupK-XOR/z_Daphne/data/final_problem_set/kxor_instance_n22_k2_m217_ell2_eps0.3_kappa0.875_rho0.0.npz
2026-01-20 11:01:15,873 - final_problem_set.kxor_instance_n22_k2_m217_ell2_eps0.3_kappa0.875_rho0.0 - INFO - Loaded instance (n=22, m=217, k=2)
2026-01-20 11:01:15,873 - final_problem_set.kxor_instance_n22_k2_m217_ell2_eps0.3_kappa0.875_rho0.0 - INFO - Starting step 'ComputeKikuchiStep' (version 0.1) on problem kxor_instance_n22_k2_m217_ell2_eps0.3_kappa0.875_rho0.0 (fields={'ell': 2, 'threshold': 0.0})
2026-01-20 11:01:15,904 - final_problem_set.kxor_instance_n22_k2_m217_ell2_eps0.3_kappa0.875_rho0.0 - INFO - Finished step 'ComputeKikuchiStep' in 0.031s (success: True, problem=kxor_instance_n22_k2_m217_ell2_eps0.3_kappa0.875_rho0.0)
2026-01-20 11:01:15,904 - final_problem_set.kxor_instance_n22_k2_m217_ell2_eps0.3_kappa0.875_rho0.0 - INFO - Starting step 'ClassicalEigenvaluesStep' (version 0.1) on problem kxor_instance_n22_k2_m217_ell2_eps0.3_kappa0.875_rho0.0 (fields={'ell': 2, 'threshold': 0.0, 'kikuchi_matrix': <Dictionary Of Keys sparse matrix of dtype 'int64'
	with 5600 stored elements and shape (231, 231)>, 'num_eigenvalues': 5})
2026-01-20 11:01:16,020 - final_problem_set.kxor_instance_n22_k2_m217_ell2_eps0.3_kappa0.875_rho0.0 - INFO - Finished step 'ClassicalEigenvaluesStep' in 0.116s (success: True, problem=kxor_instance_n22_k2_m217_ell2_eps0.3_kappa0.875_rho0.0)
2026-01-20 11:01:16,021 - final_problem_set.kxor_instance_n22_k2_m217_ell2_eps0.3_kappa0.875_rho0.0 - INFO - Starting step 'KeyExtractionStep' (version 0.1) on problem kxor_instance_n22_k2_m217_ell2_eps0.3_kappa0.875_rho0.0 (fields={'ell': 2, 'threshold': 0.0, 'kikuchi_matrix': <Dictionary Of Keys sparse matrix of dtype 'int64'
	with 5600 stored elements and shape (231, 231)>, 'num_eigenvalues': 5, 'eigenvalues': array([-11.69262711, -11.31260867,  10.58397479,  11.32006904,  12.16847063]), 'eigenvectors': array([[ 8.81920308e-02,  3.38858836e-02,  6.05317995e-02,  3.68887794e-02,  1.50994788e-02],
       [ 5.68925303e-02, -4.91303237e-02, -6.73481790e-02, -4.26624293e-02,  1.84401235e-02],
       [-7.45846123e-02,  1.08270662e-02,  4.01828325e-02,  2.15212452e-02, -9.11151756e-03],
       [-4.01810708e-02,  4.07815153e-03, -1.04550903e-01, -6.86541508e-02, -4.17626554e-03],
       [-6.44167054e-02,  5.07653648e-03, -9.21454770e-02, -6.51290053e-02,  3.68375243e-02],
       [ 7.45396569e-03,  4.07874478e-02,  1.46006825e-02,  3.88913304e-03, -1.28366836e-02],
       [-2.48037627e-02, -6.80379009e-02,  5.44858677e-02,  3.24634992e-02, -2.31211547e-02],
       [ 4.65411758e-02,  4.37459722e-02, -4.54491299e-03, -1.55990397e-03,  9.41071707e-03],
       [-4.98207180e-02,  3.06001111e-03,  6.30478405e-02,  4.11169654e-02, -1.48371262e-02],
       [-2.83444500e-04,  1.10780113e-03, -4.42665012e-02, -2.48523182e-02, -8.66656652e-03],
       [-2.45339411e-02, -1.88018350e-02, -9.26769478e-03, -4.98739143e-03,  7.28679928e-04],
       [ 1.23352435e-01,  1.36384056e-02, -4.28170792e-02, -3.19290601e-02, -3.49409478e-03],
       [ 3.84284326e-02,  2.69874759e-02, -5.26462339e-02, -4.19015194e-02, -9.88233611e-05],
       [ 9.76059238e-02, -4.13742528e-02, -3.44908907e-02, -3.31437010e-02,  8.35841109e-03],
       [-9.09666984e-02, -2.90459132e-04,  3.94013210e-02,  1.91752544e-02, -1.52464272e-02],
       [-3.31342268e-02,  6.54056069e-03, -7.87720168e-02, -5.10126298e-02, -1.66595454e-03],
       [-8.05661856e-02, -3.84484233e-02, -8.96663013e-02, -6.81159365e-02,  3.43809921e-02],
       [-8.88333872e-02, -4.03649464e-02, -1.24465274e-02, -6.36885717e-04,  1.23493870e-02],
       [-1.53871203e-02, -7.18951007e-02,  6.85787555e-02,  4.63487512e-02, -1.78756381e-02],
       [-1.03863989e-02, -6.42358349e-02,  2.29586213e-04, -2.43476368e-03, -3.36245963e-03],
       [ 2.89774319e-02,  9.76309971e-03,  4.22154964e-03,  1.14232730e-02, -1.52995630e-02],
       [-7.36893463e-02,  7.94898442e-02, -1.15683568e-01, -4.18386555e-02,  1.11618082e-01],
       [ 1.02526592e-01, -2.49005837e-02,  7.29323839e-02, -6.68609148e-02, -6.49975508e-02],
       [ 9.78629015e-02,  6.53808098e-03, -7.84753623e-02, -9.83148254e-02,  1.57231485e-01],
       [ 8.32715589e-02, -3.33201914e-03, -6.82848024e-02, -6.82971420e-02,  1.59001802e-01],
       [-2.77147298e-02, -7.09638852e-02,  1.04228722e-01, -1.03051411e-01, -2.14412480e-02],
       [ 5.60857631e-02,  1.25282836e-01, -1.44331077e-02, -2.49955800e-02, -1.15237060e-01],
       [-7.18682604e-02, -7.87142061e-02, -6.25629334e-02,  3.14998939e-02,  6.24055866e-03],
       [ 1.21501446e-01, -9.57802478e-03,  4.89277417e-02,  5.26769078e-02, -1.05945799e-01],
       [ 3.30953123e-02,  7.19558750e-03, -6.29493888e-02, -1.34076516e-01,  6.86640312e-02],
       [ 8.23944889e-02,  5.30288521e-02, -9.11053901e-02, -6.40981511e-02, -3.76132082e-03],
       [-1.71878553e-01, -3.01551289e-02,  2.33538874e-02, -1.05526909e-01,  7.03967712e-02],
       [-3.64089946e-02, -3.16895988e-02, -5.37725411e-02,  6.16709180e-03,  9.60129826e-02],
       [-1.31711244e-01,  5.96926684e-02,  2.99710817e-02, -2.78904089e-02,  6.02525110e-02],
       [ 1.31196297e-01, -1.72773276e-03,  1.62782262e-02, -2.10137552e-02, -7.32855858e-02],
       [ 1.01572543e-01, -6.86527296e-03,  4.84661461e-02, -8.00963267e-02,  1.19218328e-01],
       [ 6.59197044e-02,  4.32920617e-02, -4.54662723e-02, -7.06324979e-02,  1.83384254e-01],
       [ 1.41389539e-01,  6.20329858e-02, -4.53877753e-02,  1.10884841e-01,  3.58641454e-02],
       [ 1.09289844e-02,  1.17935483e-01,  7.29000296e-02,  4.53652174e-03, -1.10477972e-01],
       [ 1.37061684e-02,  1.11334434e-01,  1.11080964e-01, -3.75566500e-03,  1.61829336e-02],
       [-5.00133085e-02, -2.59128174e-02, -1.03672564e-01, -3.84431308e-02, -4.15394128e-02],
       [ 3.40684508e-02, -1.39745277e-01, -7.88857718e-02,  7.13277427e-02,  5.48008151e-02],
       [ 3.05913786e-02, -5.37963101e-02,  1.12576776e-01,  1.72707573e-02, -1.18747546e-01],
       [ 3.16875829e-02, -7.85882108e-02,  7.87588805e-02, -4.15286176e-03, -8.62695369e-02],
       [-3.35416548e-02, -4.16083864e-02, -8.40276331e-02,  8.80399654e-02,  1.03155146e-02],
       [ 7.67021339e-02,  5.04279894e-02, -1.09995736e-02,  5.79695639e-02,  9.03842459e-02],
       [-6.22332230e-02,  1.68701761e-02,  3.42468958e-02, -2.97350028e-02,  2.09911986e-02],
       [ 5.72695053e-02, -1.28866353e-01, -4.09905620e-02, -2.26514821e-03,  5.21112383e-02],
       [ 2.39814574e-02, -1.50260327e-02,  7.46917254e-02,  8.25956700e-02, -5.14219269e-02],
       [ 4.64689481e-02, -3.28989655e-02,  9.23150576e-02,  5.59098281e-02, -2.77488154e-03],
       [-6.54303719e-02,  1.61277085e-01,  1.51754051e-02,  7.72151799e-02, -7.27455217e-02],
       [-3.83594149e-02,  8.82458436e-03,  7.68364177e-02, -3.64714539e-02, -7.86057860e-02],
       [-1.85817698e-02,  1.51269358e-01,  2.98098323e-03,  9.60325184e-04, -5.70789931e-02],
       [ 4.03551244e-02, -1.32227830e-01, -4.70951267e-02,  4.86342901e-02,  5.73657546e-02],
       [ 3.79737708e-02, -9.07287109e-02, -1.34359487e-02,  3.11439936e-02, -1.16539935e-01],
       [ 3.57364674e-02, -4.19070020e-02,  5.68465122e-02, -8.64484114e-03, -8.63768324e-02],
       [ 1.05007894e-01, -1.10715571e-01,  2.65812756e-02, -9.86931820e-02, -9.05666664e-03],
       [ 4.63430734e-02,  6.66552693e-02, -7.41485857e-02,  2.73678332e-02,  6.61583200e-02],
       [ 3.30252707e-02,  5.28805132e-02, -7.86652828e-02,  2.95417780e-03, -3.02118861e-02],
       [-4.23154242e-02,  1.24132525e-02,  9.49409750e-02,  4.44114357e-02,  1.74741544e-02],
       [-6.76041689e-02,  4.99049763e-02, -1.01248390e-01,  1.22530867e-01,  1.08009745e-01],
       [-6.38963794e-02,  6.95822996e-02, -7.11841336e-02,  1.15227993e-01,  8.39434872e-02],
       [ 2.98334683e-02,  7.73817533e-02,  2.85764296e-02, -4.61033953e-02,  1.97099444e-03],
       [-8.59759724e-02, -1.04695470e-01,  1.89595169e-02, -1.08825028e-01, -4.90549288e-02],
       [ 7.83806804e-02,  2.83618042e-02, -2.11420342e-02,  1.26957771e-02, -5.30526958e-03],
       [-6.96715346e-02,  6.44442964e-02,  5.32886871e-02, -6.87113525e-02, -6.46147539e-02],
       [-2.90013878e-02,  2.68081540e-02, -8.36671105e-02, -3.70534226e-03,  6.29993829e-02],
       [-5.85186911e-02, -3.06672421e-03, -6.12120734e-02, -2.08951587e-02,  1.20386472e-02],
       [ 1.22714304e-01, -1.03665742e-01, -2.40883330e-02,  1.73904172e-02,  6.07116832e-02],
       [ 5.90646819e-02, -1.71287618e-03, -4.04547882e-02,  7.29539940e-02,  4.51738502e-02],
       [ 6.86836360e-02, -1.34436489e-01, -5.12082702e-03,  7.28155335e-02,  3.38954498e-02],
       [-1.05184513e-01,  1.17903803e-01,  2.62841090e-02, -7.34182097e-02, -3.46978441e-02],
       [-4.54467198e-02,  4.24667887e-02, -1.95727321e-02,  8.72471651e-02,  6.95941215e-02],
       [-5.97906082e-02,  6.93261053e-03, -5.55376982e-02,  1.09743417e-01,  7.50232149e-02],
       [-1.28641588e-01,  4.03251382e-02,  2.69726060e-03,  4.45909905e-02,  8.56742802e-05],
       [-5.10665645e-02, -1.02228762e-01,  4.39006284e-02, -8.37259122e-02, -4.98157517e-02],
       [-3.29598299e-02, -9.73428881e-02,  4.87001728e-02,  9.52494957e-03,  1.02324563e-02],
       [ 6.85143059e-02, -1.12160330e-02, -5.60871201e-02, -5.31419902e-02, -3.91070920e-03],
       [-5.61818293e-02,  2.89273142e-02,  3.63607304e-02,  4.16580274e-02, -1.84310408e-01],
       [ 2.00866086e-02,  3.80787328e-02, -1.51862573e-01,  1.64334617e-01,  3.47002384e-02],
       [-4.80983610e-02, -5.85098211e-02,  6.90492766e-02,  8.11597069e-02,  1.59001544e-01],
       [ 5.18521109e-02,  2.40065767e-02,  9.05082844e-02, -5.13212599e-02,  7.57504177e-03],
       [-5.35087679e-02,  3.61820582e-02, -2.12065944e-02, -3.51771553e-02,  1.16724230e-01],
       [-8.77554897e-03,  8.93921765e-03,  7.14117116e-02,  1.86760118e-01, -8.55447959e-02],
       [-3.53872321e-02, -2.55460894e-03,  1.51514804e-01,  1.09196332e-01, -4.12839634e-03],
       [ 9.89509161e-02, -3.51120152e-02, -5.82325088e-02,  1.42756935e-01, -9.58333513e-02],
       [ 3.31806692e-02,  1.56538020e-02,  5.16721018e-02, -4.13991399e-02, -1.30819928e-01],
       [ 6.44298120e-02, -5.71434063e-02, -6.51497459e-02,  2.21221098e-02, -8.14944620e-02],
       [-7.41930464e-02,  3.38524794e-02, -1.81318303e-03,  5.81147059e-02,  9.17950129e-02],
       [-4.50341350e-02,  3.75594454e-02, -1.24410863e-01,  8.37694086e-02, -1.71340212e-01],
       [-6.80171638e-02, -1.40994328e-02, -9.71698440e-04,  3.45442563e-02, -1.89649904e-01],
       [-1.03416275e-01,  8.89283681e-03,  5.10620192e-02, -1.88526387e-01, -3.68559628e-02],
       [-3.11735215e-02, -6.69484399e-02, -8.05250362e-02,  2.77748180e-02,  1.61224344e-01],
       [-2.10596223e-02, -5.75778273e-02, -1.71037346e-01,  2.83309545e-03, -3.62651523e-02],
       [ 2.74084632e-02,  7.64342984e-03,  1.75435160e-01,  7.24778161e-02,  5.16212632e-02],
       [ 3.31777963e-02,  4.79914588e-02, -1.14316955e-01,  1.38468244e-01,  9.29180537e-03],
       [-4.92572006e-02, -8.31448722e-02,  6.03265457e-02,  8.69487777e-02,  1.20124853e-01],
       [ 5.12013950e-02,  3.14497294e-02,  6.97170199e-02, -4.44237857e-02,  1.66691088e-02],
       [-5.85663838e-02,  4.73196311e-02, -7.06305598e-03, -1.30055909e-02,  8.94418323e-02],
       [-8.38441107e-03,  5.91633340e-03,  6.55423112e-02,  1.54148189e-01, -9.79158555e-02],
       [-4.60111893e-02, -5.92465642e-03,  1.20317937e-01,  8.64090603e-02,  5.01147775e-03],
       [ 9.12251272e-02, -5.01747309e-02, -4.68549396e-02,  1.07107789e-01, -9.08650504e-02],
       [ 3.36616229e-02,  1.40740132e-02,  4.34389716e-02, -5.29968083e-02, -1.27875664e-01],
       [ 7.22717124e-02, -9.02501420e-02, -5.31756471e-02,  1.88718327e-03, -6.21887692e-02],
       [-7.43763726e-02,  5.45857207e-02,  3.34310297e-04,  5.81255179e-02,  6.82581676e-02],
       [-4.47728071e-02,  4.12100409e-02, -1.14600805e-01,  4.81510112e-02, -1.66146983e-01],
       [-6.20648221e-02, -5.82745598e-03, -1.21977154e-02, -6.14836788e-03, -1.39255344e-01],
       [-7.94704076e-02,  1.47079787e-02,  3.50056812e-02, -1.57418853e-01, -2.64101162e-02],
       [-2.28217874e-02, -8.92215747e-02, -4.58329172e-02,  4.47424530e-02,  1.04299079e-01],
       [-1.86053097e-02, -7.73656203e-02, -1.37998574e-01,  1.68514809e-03, -3.41600077e-02],
       [ 3.92540693e-02,  7.07723211e-03,  1.46614702e-01,  7.26622351e-02,  2.20249280e-02],
       [-2.29418828e-03,  1.42974995e-02,  7.72257681e-02, -9.99504229e-02, -2.34379176e-03],
       [-1.06299963e-02, -3.81407788e-02, -2.25100235e-03,  3.20473766e-03, -5.27709276e-03],
       [ 2.38761420e-02,  6.43596964e-02,  7.52500543e-02, -8.24871244e-02, -1.64343551e-02],
       [ 5.57186510e-03,  1.23723501e-02, -9.08235872e-02,  4.88729233e-02,  2.95288967e-02],
       [ 9.69381038e-03,  3.63818774e-02, -3.50789160e-02,  9.44000162e-03,  3.40991917e-03],
       [-6.59523812e-02, -1.09920872e-01, -5.87841235e-02,  5.33194110e-02,  2.96333252e-02],
       [-8.13039102e-03, -1.96853996e-02, -6.47413675e-02,  7.61124247e-02,  9.51536348e-03],
       [-4.65875128e-02, -7.69523613e-02, -4.30192412e-02,  7.75180003e-02,  8.61664325e-03],
       [ 4.56972881e-02,  8.61365694e-02,  5.55189607e-02, -6.90975600e-02, -3.44511130e-03],
       [ 1.83867547e-02,  5.06975216e-02, -6.70737186e-02,  1.12268560e-01,  3.94806241e-02],
       [ 2.12400379e-02,  4.64013308e-02, -1.02157272e-01,  1.38445642e-01,  3.23629005e-02],
       [ 3.85718824e-02,  9.60581253e-02,  3.53053687e-03,  6.03394949e-03, -8.31191282e-03],
       [-2.70816078e-03,  2.49343533e-03,  6.46830143e-02, -8.98325052e-02, -5.18254778e-03],
       [-2.42364089e-03,  3.04558004e-03,  9.15217553e-03,  7.62714743e-03,  3.76771883e-03],
       [-7.43601907e-03, -2.02084186e-02, -1.59309530e-02, -2.52059049e-02, -4.09681655e-04],
       [ 8.86042265e-03,  7.32182691e-02, -3.90106465e-02,  4.04189818e-02,  2.77346679e-03],
       [-5.46465653e-02, -9.94548346e-02, -4.33107857e-02, -5.01844445e-02, -9.76123988e-02],
       [ 1.23741651e-02, -3.06508688e-02,  5.47278777e-03, -6.51878341e-02,  1.08308464e-01],
       [-1.27952076e-02, -6.60678588e-02, -7.73754939e-02, -5.48877578e-02,  1.45522019e-02],
       [ 1.04844024e-01,  1.96735426e-01,  7.97339136e-02, -3.25095630e-02,  8.95795896e-02],
       [ 8.46169419e-03,  4.84259371e-02,  2.90200940e-02,  9.63460312e-02,  1.00526641e-01],
       [ 1.26404495e-01,  9.98382351e-02,  6.15615687e-02,  4.80306200e-02,  4.72458464e-02],
       [-1.04480051e-01, -1.42305741e-01, -3.44565438e-02, -7.42146115e-02, -5.37329879e-02],
       [-4.27866940e-02, -6.88849727e-02,  1.23908759e-01,  4.91967326e-02,  1.12485584e-01],
       [-5.96545504e-02, -9.53294974e-02,  9.47935147e-02,  1.03903823e-01,  1.45191644e-01],
       [-3.54489590e-02, -1.59465811e-01, -1.61985565e-02,  1.08184385e-01,  9.40903934e-03],
       [ 2.60796636e-02, -3.58255106e-02, -2.84548662e-02, -1.17483031e-01, -1.14999033e-01],
       [ 1.75979114e-02, -3.52240052e-02,  9.39518913e-02, -1.79737147e-03,  1.20646500e-02],
       [ 8.80093312e-03,  3.49939626e-02, -1.00346392e-01, -5.92301616e-02, -6.09850953e-03],
       [ 6.80985090e-02,  3.24131420e-02, -4.15868988e-02,  2.59367944e-02, -1.12473235e-02],
       [ 1.23767710e-03,  1.08355076e-02,  4.73104574e-02, -2.24469148e-02,  6.90485961e-03],
       [ 2.28154077e-02,  3.56123249e-02,  1.16483359e-02, -8.01369169e-03, -2.77445768e-05],
       [-9.30231608e-02, -8.59284175e-02,  3.90721474e-02, -1.29491752e-02, -3.96057367e-03],
       [-2.06584093e-02, -3.58466694e-02,  4.65034872e-02, -2.11721586e-02,  8.81056166e-03],
       [-1.09242777e-01, -9.78338409e-03,  3.21359672e-02, -2.17569996e-02,  4.99393143e-04],
       [ 9.66593987e-02,  5.28503876e-02, -3.82365585e-02,  2.12333461e-02, -7.24610024e-03],
       [ 5.27349571e-02,  2.38439668e-02,  4.14682378e-02, -2.82195777e-02, -1.16866432e-02],
       [ 4.97487075e-02,  5.21831923e-02,  7.24736587e-02, -3.91028202e-02,  2.94999378e-02],
       [ 6.03403172e-02,  8.43440529e-02,  1.26908297e-03,  2.44353818e-03,  6.99360358e-03],
       [-9.01401639e-03,  7.09100902e-02, -4.54744096e-02,  2.29207898e-02, -1.66577048e-02],
       [-8.96209051e-03,  6.32862181e-02,  2.23126104e-03, -2.58781797e-04, -9.44802634e-03],
       [-2.21084222e-02, -2.15293482e-02, -1.37181109e-03,  1.73483517e-03, -7.91885098e-04],
       [-5.70057645e-03,  1.39415703e-02, -3.70365078e-02, -8.62055291e-02,  4.72244787e-02],
       [-4.39258151e-02, -4.20074640e-03, -7.99078391e-02, -5.72670793e-02,  2.96644396e-03],
       [ 1.44921790e-01, -8.24021243e-02,  2.57240971e-02, -7.12102862e-02,  5.95994738e-02],
       [ 5.02209947e-02,  1.04395079e-02, -2.85856301e-02,  2.70677284e-02,  8.21145070e-02],
       [ 9.29757457e-02, -1.12222787e-01,  4.11088313e-02, -1.33592842e-02,  5.97693142e-02],
       [-1.16925671e-01,  9.07348215e-02,  1.71013191e-03, -3.29064310e-02, -5.54607503e-02],
       [-3.59877968e-02,  3.72193316e-02,  6.45886881e-02, -3.55976672e-02,  1.00573193e-01],
       [-9.15100446e-02, -4.52102904e-04,  1.29988406e-02, -6.63910794e-03,  1.02446848e-01],
       [-1.07906287e-01,  2.25144444e-02, -2.44040526e-02,  9.80449788e-02,  1.16318143e-02],
       [-3.79059287e-02, -9.80517121e-02,  2.95387203e-02, -1.58987526e-02, -6.93319997e-02],
       [-2.62687667e-02, -8.98889826e-02,  8.44917670e-02, -2.04150438e-04,  2.04648531e-02],
       [ 4.82853889e-02, -9.30688073e-04, -9.79439691e-02, -4.13782311e-02, -1.94769231e-02],
       [ 6.59988197e-03, -1.12102592e-03,  7.04508144e-02,  5.37753282e-02,  4.92886943e-03],
       [ 1.44638479e-02, -6.39089602e-03, -4.85382458e-03,  1.11199093e-01, -3.27715703e-02],
       [ 7.70160133e-03,  7.02071559e-03,  5.71068581e-02,  5.66129816e-02, -5.88648496e-02],
       [ 4.29737698e-02, -4.57543597e-02, -1.46724533e-02,  9.92044590e-02, -5.47504626e-02],
       [-2.76130525e-02,  1.29708427e-02, -2.88103192e-02, -3.67548718e-02,  5.57937943e-02],
       [-1.84759105e-04,  1.42149717e-02, -2.90581495e-02,  1.57649809e-01, -8.68451762e-02],
       [-3.03921586e-02, -7.95927174e-03,  4.94323127e-02,  1.44566552e-01, -8.44480107e-02],
       [ 3.93483720e-03, -9.83849044e-04,  4.77567152e-02, -6.93546516e-02, -2.48413151e-02],
       [ 6.48096694e-03, -3.05303854e-02, -8.14540859e-02, -8.23508366e-02,  7.29242283e-02],
       [ 6.43932372e-03, -2.60570769e-02, -7.61816223e-02,  1.02424718e-02, -1.99536786e-02],
       [ 3.01053651e-03,  2.01960834e-04,  7.53023155e-02, -1.14262123e-03,  3.05396820e-02],
       [ 7.06080893e-02,  3.52248791e-02,  5.48675579e-02,  4.85324070e-02,  2.42686346e-03],
       [ 2.86265143e-02,  2.87942648e-02,  9.18470886e-02,  4.23663448e-02, -1.43671084e-02],
       [ 8.53751665e-02, -2.23614012e-02,  3.98102442e-02,  4.66197304e-02, -5.57873421e-03],
       [-7.98070769e-02, -1.11952144e-02, -6.13166499e-02, -3.37559375e-02,  4.58761329e-03],
       [-2.17854842e-02, -2.45157143e-03,  6.72229977e-02,  9.03427349e-02, -2.06010142e-02],
       [-5.78731916e-02, -3.89959077e-02,  1.22395571e-01,  8.96591167e-02, -1.29875015e-02],
       [-4.92758917e-02, -4.43888282e-02,  3.06044958e-02, -1.25148165e-02, -7.39666087e-03],
       [-5.21102010e-03, -6.39590875e-02, -9.46702787e-02, -5.48890280e-02,  5.16692393e-03],
       [ 4.87328982e-04, -5.36360292e-02, -9.93617761e-03,  9.56512267e-03, -4.57695450e-03],
       [ 2.24162295e-02,  1.10760569e-02,  5.61651498e-03, -8.36436380e-03,  1.15007964e-02],
       [-7.78449139e-02, -4.12203233e-02, -1.34340440e-02,  3.59990289e-02, -7.09910891e-02],
       [-1.57129580e-01,  1.75870384e-01, -7.13964296e-02,  7.06269305e-02, -4.66092192e-02],
       [ 1.67634628e-01, -8.82200739e-02,  3.61753758e-02, -2.17313959e-02,  5.71405845e-02],
       [ 8.98292672e-02, -5.89792320e-02, -9.58457374e-02,  1.05126683e-01, -7.10141596e-02],
       [ 1.07363797e-01,  3.64516410e-02, -5.59060656e-02,  1.02583640e-01, -9.14684730e-02],
       [ 1.85125636e-01,  2.07987737e-02,  3.20544263e-02, -8.52686738e-02, -2.62248252e-02],
       [ 4.87850033e-02,  1.97276209e-01,  2.94602602e-03, -4.99884452e-02,  7.93303716e-02],
       [ 2.00000076e-02,  1.75619002e-01, -7.01073735e-02, -5.03404428e-03, -8.90432090e-03],
       [-8.62803992e-02, -2.23471276e-02,  7.94091656e-02,  1.77945400e-02,  2.16964418e-02],
       [-6.90110502e-02,  2.29173250e-03, -2.49658474e-02, -2.65117843e-02, -5.61722897e-02],
       [ 6.11552897e-02,  2.53046844e-02, -8.91031374e-03,  6.30884030e-02,  5.94821534e-02],
       [ 4.34315670e-02,  5.64974215e-03, -5.21733192e-02, -1.98119163e-02, -1.12285488e-01],
       [ 2.96957235e-02,  2.33799648e-02,  1.90448066e-02, -4.83460375e-02, -1.08376436e-01],
       [ 4.56725626e-02,  4.08088311e-02,  1.35085831e-02, -8.49436927e-02, -7.32764431e-03],
       [-6.55200581e-03,  4.18850623e-02, -4.79843198e-02,  5.88896830e-02,  8.83060376e-02],
       [-1.62686338e-03,  3.76286035e-02, -8.90436399e-02, -5.80355332e-03, -2.03925527e-02],
       [-1.29924226e-02, -1.76816178e-02,  9.54584593e-02,  4.24452715e-02,  1.46393409e-02],
       [ 1.08012682e-01, -1.56546813e-01,  3.93363901e-02,  3.81207754e-02,  3.76218273e-02],
       [ 6.89624892e-02, -8.32295182e-02, -8.04866699e-02,  1.76073130e-02, -5.55178236e-02],
       [ 7.62710149e-02, -2.56801117e-02, -5.86126174e-02,  8.37283814e-04, -6.59598021e-02],
       [ 2.05259236e-01, -1.12513063e-01, -2.16159371e-03, -8.13527369e-02, -1.54260971e-02],
       [ 8.01942893e-02,  1.07935854e-01,  2.34977409e-02,  2.42851157e-02,  5.26525354e-02],
       [ 5.90591517e-02,  9.14091003e-02, -7.05780800e-02,  1.29239192e-03, -1.06215443e-02],
       [-6.89933081e-02, -9.46987312e-04,  5.28270835e-02,  3.63220257e-02,  4.46566645e-03],
       [-8.70779438e-02,  7.23133614e-02,  7.39264563e-02,  3.30530471e-02,  8.45111067e-02],
       [-8.30555873e-02, -1.26739666e-02,  1.60499425e-02,  6.15222382e-02,  7.40316445e-02],
       [-1.65699577e-01,  1.84548264e-02, -1.73654096e-02,  6.69286844e-02,  4.75399887e-03],
       [-4.89346085e-02, -1.51189805e-01,  1.55394167e-02, -6.80830823e-02, -6.24750047e-02],
       [-3.69434249e-02, -1.30126930e-01,  7.17310357e-02,  1.70113060e-03,  1.56736227e-02],
       [ 6.97677483e-02,  1.37674527e-02, -7.51325505e-02, -4.11280014e-02, -1.00760755e-02],
       [-7.33300291e-02, -3.78092833e-03, -1.23602433e-01,  3.74304734e-02, -1.49977094e-01],
       [-7.37546684e-02,  2.20650547e-02,  1.38936304e-03, -1.31793087e-01, -3.73869421e-02],
       [-3.10958202e-02, -7.17982215e-02,  4.53742930e-02,  1.38919545e-02,  1.27302254e-01],
       [-1.89451689e-02, -6.50744447e-02, -1.00900935e-01, -7.57158988e-03, -6.03485075e-03],
       [ 4.17807803e-02, -6.89303588e-03,  1.03901827e-01,  6.33012089e-02,  1.20458900e-02],
       [-1.17075014e-01, -5.95266049e-02,  2.23021285e-02, -1.56792608e-01, -1.72363668e-02],
       [-1.95441023e-02, -7.93798585e-02, -2.82955407e-02,  4.40009728e-02,  1.07528686e-01],
       [-1.10395076e-02, -6.91873742e-02, -1.43228137e-01, -3.77454592e-03, -4.21181151e-02],
       [ 4.97489678e-02,  3.03576295e-02,  1.44384049e-01,  7.35518887e-02,  6.69349910e-03],
       [ 5.40224675e-05, -1.55040627e-01, -1.03968818e-02,  9.93022097e-02,  6.85169255e-03],
       [-3.09060170e-03, -1.45087564e-01, -8.78696963e-03, -1.27779405e-02, -5.42464231e-03],
       [ 6.07224009e-02,  2.51302693e-02,  2.48478447e-02,  2.54136214e-02, -4.07875048e-03],
       [ 2.02415561e-02, -1.77470864e-02,  9.61262372e-02,  3.15518977e-03,  2.16014990e-02],
       [-1.09689767e-03,  4.15020061e-02, -1.03592576e-01, -5.93174025e-02, -1.67950536e-02],
       [ 1.39088131e-03,  3.74266539e-02,  1.43694148e-02,  5.27439670e-03,  2.42928318e-03]])})
2026-01-20 11:01:16,023 - final_problem_set.kxor_instance_n22_k2_m217_ell2_eps0.3_kappa0.875_rho0.0 - INFO - Running key extraction (n=22, m=217, ell=2, phase_qubits=13)
2026-01-20 11:01:16,026 - final_problem_set.kxor_instance_n22_k2_m217_ell2_eps0.3_kappa0.875_rho0.0 - INFO - Built voting matrix V (n=22, ell=2, dtype=complex128) in 0.003s
2026-01-20 11:01:16,026 - final_problem_set.kxor_instance_n22_k2_m217_ell2_eps0.3_kappa0.875_rho0.0 - INFO - Eval: adv=0.2166 (no ground-truth z available)
2026-01-20 11:01:16,026 - final_problem_set.kxor_instance_n22_k2_m217_ell2_eps0.3_kappa0.875_rho0.0 - INFO - Key extraction complete: x_hat=4
2026-01-20 11:01:16,026 - final_problem_set.kxor_instance_n22_k2_m217_ell2_eps0.3_kappa0.875_rho0.0 - INFO - Finished step 'KeyExtractionStep' in 0.004s (success: True, problem=kxor_instance_n22_k2_m217_ell2_eps0.3_kappa0.875_rho0.0)
2026-01-20 11:01:16,027 - final_problem_set.kxor_instance_n22_k2_m217_ell2_eps0.3_kappa0.875_rho0.0 - INFO - SUCCESS: len(z_hat)=22
2026-01-20 11:01:16,027 - final_problem_set.kxor_instance_n22_k2_m217_ell2_eps0.3_kappa0.875_rho0.0 - INFO - Metrics: adv=0.21658986175115208, ham_frac=None, corr=None
2026-01-20 11:01:16,027 - final_problem_set.kxor_instance_n22_k2_m217_ell2_eps0.3_kappa0.875_rho0.0 - INFO - z_hat (full): [ 1,  1, -1,  1, -1, -1,  1,  1,  1,  1, -1, -1, -1, -1, -1,  1, -1, -1, -1,  1, -1,  1]
