2026-01-20 11:02:11,817 - final_problem_set.kxor_instance_n29_k2_m254_ell2_eps0.3_kappa1.0_rho0.6 - INFO - Starting iteration for /Users/julian/CodingProjects/UniT3/QuarticSpeedupK-XOR/z_Daphne/data/final_problem_set/kxor_instance_n29_k2_m254_ell2_eps0.3_kappa1.0_rho0.6.npz
2026-01-20 11:02:11,818 - final_problem_set.kxor_instance_n29_k2_m254_ell2_eps0.3_kappa1.0_rho0.6 - INFO - Loaded instance (n=29, m=254, k=2)
2026-01-20 11:02:11,818 - final_problem_set.kxor_instance_n29_k2_m254_ell2_eps0.3_kappa1.0_rho0.6 - INFO - Starting step 'ComputeKikuchiStep' (version 0.1) on problem kxor_instance_n29_k2_m254_ell2_eps0.3_kappa1.0_rho0.6 (fields={'ell': 2, 'threshold': 0.0})
2026-01-20 11:02:11,869 - final_problem_set.kxor_instance_n29_k2_m254_ell2_eps0.3_kappa1.0_rho0.6 - INFO - Finished step 'ComputeKikuchiStep' in 0.051s (success: True, problem=kxor_instance_n29_k2_m254_ell2_eps0.3_kappa1.0_rho0.6)
2026-01-20 11:02:11,869 - final_problem_set.kxor_instance_n29_k2_m254_ell2_eps0.3_kappa1.0_rho0.6 - INFO - Starting step 'ClassicalEigenvaluesStep' (version 0.1) on problem kxor_instance_n29_k2_m254_ell2_eps0.3_kappa1.0_rho0.6 (fields={'ell': 2, 'threshold': 0.0, 'kikuchi_matrix': <Dictionary Of Keys sparse matrix of dtype 'int64'
	with 10476 stored elements and shape (406, 406)>, 'num_eigenvalues': 5})
2026-01-20 11:02:12,074 - final_problem_set.kxor_instance_n29_k2_m254_ell2_eps0.3_kappa1.0_rho0.6 - INFO - Finished step 'ClassicalEigenvaluesStep' in 0.204s (success: True, problem=kxor_instance_n29_k2_m254_ell2_eps0.3_kappa1.0_rho0.6)
2026-01-20 11:02:12,074 - final_problem_set.kxor_instance_n29_k2_m254_ell2_eps0.3_kappa1.0_rho0.6 - INFO - Starting step 'KeyExtractionStep' (version 0.1) on problem kxor_instance_n29_k2_m254_ell2_eps0.3_kappa1.0_rho0.6 (fields={'ell': 2, 'threshold': 0.0, 'kikuchi_matrix': <Dictionary Of Keys sparse matrix of dtype 'int64'
	with 10476 stored elements and shape (406, 406)>, 'num_eigenvalues': 5, 'eigenvalues': array([-13.05013423,  12.25248966,  12.73344814,  13.53287466,  15.97278982]), 'eigenvectors': array([[ 5.59661796e-02,  4.57782552e-02,  5.32060668e-03,  8.03524043e-02,  9.89168243e-03],
       [ 1.21478713e-01, -4.17840733e-03,  2.37699226e-02,  9.80713644e-02,  7.44520436e-02],
       [ 7.92522932e-02,  5.78732020e-02,  2.53430695e-02, -4.27798060e-02,  3.63891888e-02],
       [-3.19990954e-02, -3.96841162e-02,  2.51767794e-02, -7.58456085e-02, -1.49070558e-02],
       [ 1.66771150e-02,  1.02917155e-01, -4.44452237e-02,  3.70048475e-03,  3.05872604e-02],
       [-4.65159045e-02, -3.19389939e-02,  3.66638328e-02, -1.05711273e-02,  7.84750359e-02],
       [ 7.95290536e-02, -5.25604419e-02,  2.14697391e-02, -5.36466336e-02, -5.52114125e-02],
       [-3.65184459e-02, -5.43998635e-02, -8.12082961e-02,  6.16750088e-02, -3.88463327e-02],
       [ 3.05597779e-02, -4.68213951e-02,  7.43859450e-02,  3.81330378e-02,  5.94109343e-02],
       [-7.58183668e-02,  2.74854624e-02,  2.26843369e-02,  5.08039604e-02,  7.69453747e-02],
       [-6.80253521e-02,  6.55962263e-03,  2.01960104e-02, -7.02184203e-02, -3.31182169e-02],
       [ 2.68367935e-03,  1.44121305e-02, -9.49031009e-02, -1.39732570e-02,  2.26043142e-02],
       [ 4.16764958e-02,  7.54799656e-02, -3.31949539e-02,  5.62848941e-02,  9.85080865e-02],
       [-1.03003079e-01,  2.15122652e-02,  6.77751781e-02,  5.15124124e-02,  5.80368751e-02],
       [ 1.15448736e-02, -3.78552274e-02,  5.13528950e-02,  1.48846325e-02, -5.08522765e-02],
       [-6.40844175e-02, -2.50341698e-03,  2.70636595e-02,  7.03988023e-02, -5.48698246e-02],
       [-1.01394802e-02,  7.19080183e-02,  1.78830618e-02,  4.08982253e-02,  6.46365485e-02],
       [ 1.20456355e-02, -2.27610419e-02, -6.37050310e-02, -5.73541057e-02, -6.69271026e-02],
       [ 9.09699962e-02,  2.64885422e-03, -6.77013044e-02,  7.15284602e-02,  6.40681310e-02],
       [-9.71648679e-02,  2.49676069e-02, -7.84106999e-02, -1.85587073e-02,  5.13198108e-02],
       [-6.30423016e-02, -3.27766537e-02, -1.52562892e-02,  8.67219372e-02,  6.18565609e-02],
       [ 5.28841536e-02,  4.92094583e-02,  8.14882072e-03,  9.18370656e-02,  7.33400826e-02],
       [ 8.50401362e-03, -8.81270328e-02, -2.47936191e-02, -2.54241850e-02, -4.83360588e-02],
       [ 4.90282206e-02, -2.26570697e-02, -3.08671382e-02, -7.88499304e-02, -4.62770724e-02],
       [-1.30594139e-03, -5.20098449e-02, -5.37947127e-03, -6.93258463e-03, -5.75319453e-02],
       [-3.88576406e-02,  3.26544539e-02, -1.69605443e-02, -1.02798259e-02, -6.31723268e-02],
       [-5.47623480e-02, -3.10046702e-03, -6.56279470e-02,  4.63279353e-02,  4.90060754e-02],
       [-7.73666844e-02,  7.20938919e-02,  7.02094486e-03,  7.92682291e-02,  4.65470212e-02],
       [-1.00779638e-01, -3.55393879e-02, -1.04107360e-02, -8.61521945e-02, -1.22998611e-02],
       [-7.31457943e-02, -2.12353456e-02, -5.11061029e-03, -9.76197430e-03, -6.82201881e-03],
       [ 2.31771722e-02,  1.69560842e-02, -3.65118886e-03,  2.55701795e-02,  1.53135140e-05],
       [-1.01467052e-02, -4.25429774e-02,  1.25888000e-02, -3.28922768e-02, -6.87934338e-03],
       [ 3.67396836e-02, -2.00040368e-02, -1.60026019e-02, -5.28308743e-02, -1.82692936e-02],
       [-5.04094215e-02,  3.53848388e-02,  1.26173151e-03,  5.26776752e-02,  7.34330203e-03],
       [ 3.30499329e-02,  1.83354538e-02,  1.98573511e-02,  1.23918565e-02,  1.02812898e-02],
       [-1.51411785e-02, -7.90864970e-03, -3.02775942e-02, -5.76604039e-02, -1.40994770e-02],
       [ 7.16888071e-02, -4.36868969e-02, -1.18663670e-02, -8.51710783e-02, -1.76587578e-02],
       [ 5.98473195e-02,  1.92349869e-02,  1.83109287e-03,  3.77291007e-02,  3.51294092e-03],
       [ 3.86242372e-03, -1.72771912e-02,  2.37934527e-02, -1.11919469e-02, -3.96181699e-03],
       [-3.31360912e-02, -6.02102875e-02,  3.73947784e-03, -9.74722427e-02, -2.10390132e-02],
       [ 6.44191749e-02, -2.80679781e-02, -1.24559856e-02, -5.32593599e-02, -7.55079358e-03],
       [-7.46614882e-03,  2.89137251e-02, -1.16834534e-02,  3.33637813e-02,  1.17068113e-02],
       [ 4.46803042e-02,  1.59455242e-02, -9.29001690e-03,  1.08796017e-02,  1.36859371e-02],
       [ 8.29663356e-03, -4.58090757e-02, -6.65463165e-03, -6.70460110e-02, -1.26407404e-02],
       [-2.09054241e-02,  3.51257997e-02,  2.03845763e-02,  7.38006833e-02,  1.28737080e-02],
       [-7.21202267e-02, -3.26562857e-02,  1.21528093e-02, -6.88110029e-02, -1.22930197e-02],
       [ 7.76105455e-02, -2.30655523e-02,  1.71493223e-02, -2.84867301e-02, -1.21338926e-02],
       [ 4.15548473e-02, -3.67100747e-02, -5.45614340e-03, -6.91515633e-02, -8.59081406e-03],
       [-3.01106323e-02, -5.49776926e-02, -5.27862198e-03, -9.73512561e-02, -1.23878741e-02],
       [-8.53474169e-03,  4.46317635e-02,  6.62616588e-03,  5.62867245e-02,  1.01227382e-02],
       [-4.89271111e-02,  3.15794811e-02,  1.07745974e-02,  6.62777757e-02,  7.93662393e-03],
       [-6.15917793e-03,  3.49988676e-02,  5.33118297e-03,  5.09172648e-02,  1.46670324e-02],
       [ 3.44301851e-02,  6.79050578e-03,  1.07530605e-02,  5.03228279e-02,  1.85090492e-02],
       [ 4.52975719e-02, -2.99160068e-02,  1.41919631e-02, -5.90461209e-02, -1.07037631e-02],
       [ 5.06275280e-02, -3.48341670e-02, -1.31579476e-03, -6.39734122e-02, -7.06532266e-03],
       [-1.17961712e-01, -2.68962839e-02, -3.80013273e-02,  5.50032655e-02, -3.96734894e-02],
       [ 8.17224377e-02,  2.87910253e-02, -2.36771177e-02,  7.10235791e-02,  1.34952986e-02],
       [-3.81315016e-03, -9.26596081e-02,  4.13113214e-02, -1.12350470e-02, -5.23182824e-02],
       [ 5.88427069e-02,  1.05350486e-01, -4.99566515e-02,  2.43127984e-02, -7.66778129e-02],
       [-1.14620658e-01, -4.22305485e-03, -1.21733325e-02,  3.83352292e-02,  5.62152032e-02],
       [ 2.60874425e-02,  2.89979902e-02,  1.07306086e-01, -7.34175926e-02,  4.82366684e-02],
       [-8.34623736e-02,  1.04799847e-01, -8.31410925e-02, -2.47084561e-02, -5.79153546e-02],
       [ 1.06724935e-01,  6.53896932e-02, -4.37819928e-02, -4.24420131e-02, -9.26457277e-02],
       [ 8.40819652e-02, -5.92971493e-02, -1.93046175e-02,  8.14452939e-02,  4.30177021e-02],
       [-9.52799503e-03,  1.00464198e-02,  1.05568814e-01,  1.65688530e-02, -2.74901002e-02],
       [-7.25649232e-02,  3.14316148e-02,  1.52655938e-02, -4.41476165e-02, -1.18409783e-01],
       [ 1.44235828e-01,  3.64250753e-02, -7.79259131e-02, -3.93910850e-02, -5.88881120e-02],
       [-2.58747382e-02, -1.93089208e-02, -4.67317104e-02, -2.49549633e-02,  6.02755159e-02],
       [ 1.37920687e-01, -5.21204158e-02, -1.95079229e-02, -8.77195323e-02,  5.55680528e-02],
       [-7.55379273e-03, -1.21427603e-02, -3.24698082e-02, -2.57138183e-02, -6.94987151e-02],
       [-1.95291549e-02, -3.95142793e-02,  8.30122026e-02,  4.92067299e-02,  7.22095249e-02],
       [-1.23589504e-01,  9.30641178e-02,  7.06361905e-02, -7.98155660e-02, -8.45346011e-02],
       [ 1.35453158e-01,  1.96534231e-02,  7.74509465e-02,  3.13238424e-02, -5.25741652e-02],
       [ 1.18548456e-01,  1.11259199e-01,  9.31050885e-03, -8.37792443e-02, -6.64994450e-02],
       [-8.78461759e-02,  3.58119016e-02, -2.78874715e-02, -8.50732694e-02, -8.47333609e-02],
       [-2.80497042e-02,  6.22225915e-02,  4.71497020e-02,  2.58443548e-02,  6.57898873e-02],
       [-7.16470096e-02, -2.56722190e-02,  4.34491891e-02,  8.07132979e-02,  5.62882525e-02],
       [-1.48831480e-02,  4.12465468e-04,  2.16213445e-02, -4.61120021e-04,  7.61743044e-02],
       [ 5.06697637e-02, -1.07724914e-01,  2.90385561e-02,  6.84760313e-04,  7.04590902e-02],
       [ 9.16432077e-02,  6.61363628e-02,  6.56260136e-02, -4.32548143e-02, -5.76028996e-02],
       [ 1.25648703e-01, -3.31465544e-02, -2.15284149e-02, -8.23003375e-02, -6.02988692e-02],
       [ 4.99754687e-02,  1.79886635e-02,  5.80774877e-04,  2.73515775e-03,  1.07442883e-02],
       [-2.00258044e-02, -4.46587058e-02, -1.43446064e-03,  3.32235305e-02, -1.48624812e-02],
       [ 4.79083719e-02, -2.37369134e-02, -2.02382139e-02,  6.79828126e-02, -2.23349985e-02],
       [-8.23929446e-02,  2.96657235e-02,  1.14949596e-02, -4.38937348e-02,  2.07535259e-02],
       [ 3.51949761e-02,  3.01843151e-02,  2.42544486e-02, -4.14823757e-02,  7.38887299e-03],
       [-5.30341467e-02, -5.78834973e-03, -3.60403864e-02,  5.25627387e-02, -2.51876307e-02],
       [ 7.77816761e-02, -4.51487830e-02, -2.57204779e-02,  7.65249963e-02, -3.27115842e-02],
       [ 7.63774110e-02,  8.90394183e-03, -3.61564857e-03, -1.76083354e-02,  1.42423740e-02],
       [-1.19048525e-03, -5.70569076e-03,  2.72333572e-02,  2.11684427e-02, -8.43573688e-03],
       [-5.44182931e-02, -6.62898466e-02, -1.99927772e-02,  9.77486970e-02, -4.24288160e-02],
       [ 1.09404787e-01, -2.65206594e-02, -2.62215260e-02,  4.20443309e-02, -2.18799817e-02],
       [-2.02965516e-02,  2.68781932e-02, -3.71950943e-03, -5.36403160e-02,  1.90047083e-02],
       [ 1.11789088e-01,  1.13292443e-02,  3.91117033e-04, -5.28030264e-02,  1.34902034e-02],
       [ 6.31547573e-03, -5.12648287e-02, -2.86023259e-02,  6.42344281e-02, -2.78944700e-02],
       [-1.08719780e-02,  3.95264236e-02,  3.20248632e-02, -5.72464601e-02,  2.78309166e-02],
       [-9.58801762e-02, -2.17139721e-02,  1.27968461e-02,  5.39593268e-02, -3.44333607e-02],
       [ 9.93688043e-02, -1.91811626e-02,  7.33784909e-03,  4.63658314e-02, -1.74128138e-02],
       [ 9.50751350e-02, -7.36565337e-03, -1.12198414e-02,  4.38813001e-02, -3.34207499e-02],
       [-5.90347072e-02, -5.56428438e-02, -3.13256310e-02,  6.66745740e-02, -4.11008374e-02],
       [-2.12377509e-02,  6.38307052e-02,  2.44581919e-02, -4.95281307e-02,  2.23383024e-02],
       [-5.99676820e-02,  3.07252284e-02,  3.23041817e-02, -3.40653396e-02,  3.00066283e-02],
       [-1.09148483e-02,  4.36659113e-02,  2.16279620e-02, -6.33776238e-02,  2.54718843e-02],
       [ 2.91365694e-02,  9.43028864e-03,  2.45520338e-02, -6.97639214e-02,  2.86040533e-02],
       [ 7.58723252e-02, -1.79033707e-02,  9.09355882e-03,  4.68994073e-02, -2.74964845e-02],
       [ 1.01699814e-01, -6.06001608e-02, -2.44555373e-02,  3.62497177e-02, -2.99606716e-02],
       [ 6.10323149e-03,  4.63507894e-02, -2.64629551e-02,  3.13357989e-02,  1.03994822e-02],
       [-3.18806679e-02,  2.75989065e-04, -7.59308127e-03,  3.73293170e-02,  2.67935049e-02],
       [ 3.16922953e-02, -3.09828119e-02,  2.01652666e-02, -4.81251239e-02, -1.22928222e-02],
       [-2.73813347e-02, -1.67267735e-02, -1.53133885e-02, -2.08212315e-03, -1.47127945e-02],
       [ 5.11456760e-03, -5.70766965e-03,  9.14470856e-03,  5.02280870e-02,  1.88248194e-02],
       [-4.48525817e-02,  3.16455473e-02, -2.24556005e-02,  7.50617601e-02,  2.60372190e-02],
       [-3.81367587e-02, -7.72560304e-03,  1.33396562e-02, -4.30858143e-02, -8.90843491e-03],
       [-1.17062986e-03,  1.09177757e-02, -3.09847356e-02,  9.46684039e-03,  5.30978868e-03],
       [ 1.96541783e-02,  5.09718895e-02, -4.42952342e-02,  8.74589557e-02,  2.95337199e-02],
       [-4.86599936e-02,  2.04343519e-02, -1.15775748e-03,  5.01823336e-02,  1.50070267e-02],
       [ 5.38436794e-03, -2.43302602e-02,  2.82359496e-02, -2.78914438e-02, -1.63647649e-02],
       [-2.17760996e-02, -9.83400807e-03,  2.22479798e-02, -2.31423361e-03, -1.71396379e-02],
       [-9.38958255e-03,  4.97196175e-02, -1.91853396e-02,  5.94858538e-02,  2.11747903e-02],
       [ 1.38814117e-02, -2.54944123e-02,  1.25030820e-02, -6.10768583e-02, -1.50175362e-02],
       [ 4.70423118e-02,  2.06354354e-02, -4.07939997e-02,  6.81447439e-02,  1.75938773e-02],
       [-4.03867384e-02,  1.67089370e-02, -2.89986748e-02,  2.36005054e-02,  1.30116289e-02],
       [-2.06440864e-02,  2.08497392e-02, -2.48683516e-02,  6.49920392e-02,  1.33031689e-02],
       [ 1.67890423e-02,  4.65984538e-02, -3.13535122e-02,  9.05223217e-02,  2.00853673e-02],
       [ 1.56404006e-03, -4.46597344e-02,  1.37231314e-02, -4.82154856e-02, -1.59916229e-02],
       [ 3.22562036e-02, -2.66814072e-02,  1.29077894e-02, -6.40921048e-02, -1.18705271e-02],
       [ 2.84732479e-03, -3.18752489e-02,  1.66836080e-02, -4.35869247e-02, -2.04120803e-02],
       [-2.64291513e-02, -1.28854723e-03,  1.43211323e-02, -4.37842460e-02, -1.97660454e-02],
       [-3.06519771e-02,  2.12395644e-02, -4.07018068e-02,  5.41598154e-02,  1.38989148e-02],
       [-3.23431097e-02,  3.31018680e-02, -2.34051802e-02,  5.96207626e-02,  1.01619858e-02],
       [ 1.10354781e-02, -6.03460049e-02,  2.33662910e-02,  5.32640109e-02, -4.71293144e-02],
       [-1.58675693e-02,  8.57783251e-02, -4.46783793e-02, -1.48179668e-03,  2.74610590e-02],
       [ 1.18188930e-03,  6.00446565e-02,  2.33977338e-02, -4.97245951e-02,  1.82942662e-02],
       [-6.40559345e-03, -3.94074188e-02, -4.93464033e-03,  1.80628321e-02, -4.02375982e-02],
       [ 8.99696783e-03, -1.20339130e-01,  4.73389643e-02,  2.42867296e-02, -4.66376075e-02],
       [ 8.86709651e-03,  3.63852062e-02, -3.34530425e-02,  1.28091538e-02,  1.97131224e-02],
       [-1.67928093e-03, -2.15655023e-02,  4.79086386e-02,  1.19512189e-02, -8.47383087e-03],
       [-9.48233247e-03, -1.45833767e-01,  7.01962076e-02,  2.49400584e-02, -4.02038010e-02],
       [ 1.12580990e-02, -7.87684723e-02,  3.52148248e-03,  6.65441215e-03, -3.46794842e-02],
       [-3.58080864e-03,  7.23226011e-02, -4.89070023e-02, -2.99622063e-02,  2.14529874e-02],
       [ 8.89511156e-03,  4.67450476e-02, -3.36464151e-02, -5.32520791e-02,  2.39125983e-02],
       [-1.71974496e-03, -1.00197368e-01,  3.35730297e-02,  1.40458231e-02, -2.87796946e-02],
       [-2.70329585e-03,  9.72285271e-02, -1.23747452e-02, -1.05857541e-02,  4.45079908e-02],
       [-7.38067577e-03, -8.57496135e-02,  7.41909154e-02,  2.26544655e-03, -3.25168386e-02],
       [ 1.40308329e-03, -5.35668101e-02,  4.93980770e-02,  2.56005228e-02, -2.12333815e-02],
       [ 9.92141379e-03, -6.21787420e-02,  5.71901585e-02, -1.06907461e-02, -4.30615209e-02],
       [-6.79796406e-03, -1.36769318e-01,  5.88958469e-02, -1.91719279e-03, -4.61276535e-02],
       [-1.07170359e-03,  9.87873244e-02, -2.22870187e-02, -1.56479056e-02,  2.32029469e-02],
       [-2.12572650e-03,  7.68904393e-02, -2.24686834e-02,  9.78498378e-03,  2.86886709e-02],
       [-7.99766314e-04,  8.63426072e-02, -3.09438376e-02, -2.48682325e-02,  2.54929529e-02],
       [ 6.25002560e-03,  5.64252936e-02, -2.57674159e-02, -3.16295948e-02,  3.42197544e-02],
       [ 7.67060815e-03, -6.86800052e-02,  7.37663015e-02,  3.22873151e-03, -2.94901146e-02],
       [ 1.67853971e-02, -1.14805373e-01,  3.58252534e-02, -1.23822433e-02, -2.68644916e-02],
       [ 4.51782529e-02, -3.62649071e-02, -1.04459059e-03, -3.77190666e-02,  5.74393734e-02],
       [-1.45750456e-02,  2.73908438e-02,  7.11539786e-02, -8.57531179e-02,  2.81711911e-02],
       [ 2.73003125e-02,  1.02930859e-01, -6.98523787e-02,  4.21111130e-02, -5.19936700e-02],
       [-5.79287727e-02,  8.40341301e-02, -4.27480540e-02,  7.10423585e-02, -8.00061075e-02],
       [-3.28079625e-02, -5.33782920e-02, -1.49444548e-02,  1.48929332e-02,  3.25950577e-02],
       [ 8.77388513e-04,  2.10405246e-02,  8.53046558e-02,  4.09628006e-02, -2.27524940e-02],
       [ 2.42352195e-02,  6.44150589e-02, -8.13647663e-03,  9.46399474e-02, -9.68254912e-02],
       [-6.19824079e-02,  5.70189999e-02, -7.85510417e-02,  3.23549829e-02, -6.11325388e-02],
       [ 5.18295444e-03, -3.58365989e-02, -3.16030591e-02, -8.22958637e-02,  4.87213715e-02],
       [-4.87949442e-02, -4.97832752e-02, -1.77120453e-02, -1.08034155e-01,  3.74328227e-02],
       [-1.64742817e-03,  1.97579951e-02, -4.34923829e-02,  6.76392383e-02, -7.06494273e-02],
       [ 1.03050120e-02, -5.59814513e-02,  7.52392033e-02, -3.88963161e-02,  6.93038393e-02],
       [ 6.12465726e-02,  1.01389715e-01,  3.97653782e-02,  3.39534026e-02, -7.31975643e-02],
       [-7.34241166e-02,  2.99817169e-02,  5.78108451e-02,  7.11644787e-02, -4.06664623e-02],
       [-5.53032581e-02,  1.27806311e-01, -4.61381320e-03,  1.10818490e-02, -6.71762374e-02],
       [ 3.32660682e-02,  7.53985010e-02, -4.74931732e-02,  3.67897912e-02, -9.72247841e-02],
       [ 1.50070811e-02,  3.52621946e-02,  4.36641691e-02, -4.54762455e-02,  5.65987895e-02],
       [ 3.00070280e-02, -5.71522721e-02,  6.64004179e-02, -1.47603348e-03,  7.19447428e-02],
       [ 3.69025027e-03, -1.98187255e-02,  2.52352234e-02, -8.16047299e-02,  6.47579684e-02],
       [-1.89493311e-02, -9.75824843e-02,  3.01281653e-02, -6.91039249e-02,  5.53347370e-02],
       [-3.51852831e-02,  9.14973015e-02,  4.77125919e-02,  3.87804451e-02, -5.88021355e-02],
       [-4.56136975e-02, -5.44711242e-03, -4.46049393e-02,  2.87808258e-03, -7.44557039e-02],
       [ 3.58369836e-02, -3.92349506e-02, -5.08557344e-02,  5.69457517e-02, -2.96519375e-02],
       [-3.94570951e-02, -4.31216849e-02,  3.38310302e-02,  5.06846860e-03,  4.87232731e-02],
       [ 8.48372513e-02,  1.46039311e-02, -1.71156660e-02,  7.82226721e-03,  6.76535337e-02],
       [ 6.17135674e-02,  1.16116461e-02,  2.54503954e-02, -3.43898879e-02, -2.41008851e-02],
       [ 5.41956618e-03,  4.93362358e-03, -7.31943669e-02, -1.70978316e-02,  1.37166989e-02],
       [-3.93290920e-02,  4.38904795e-02, -5.56633495e-02,  6.06293952e-03,  6.93260462e-02],
       [ 1.03491578e-01,  1.26199642e-02,  2.86897749e-02,  1.61334971e-02,  4.62810558e-02],
       [-1.35997767e-02, -1.89882650e-02,  5.48597166e-02,  2.83852147e-02, -3.67179061e-02],
       [ 8.24528730e-02,  1.19012328e-02,  3.67989921e-02,  6.81244007e-02, -3.64614285e-02],
       [ 1.14966760e-02,  4.51887193e-02, -1.05697845e-02,  4.71323862e-03,  4.52299225e-02],
       [-2.19233657e-02, -2.02977708e-02, -2.59855157e-02, -2.19113844e-02, -6.12066109e-02],
       [-1.00561728e-01, -4.78525884e-03, -7.81100998e-02,  3.12965205e-02,  5.40041962e-02],
       [ 1.03491628e-01,  9.60866756e-03, -7.15854709e-02, -3.05733166e-02,  3.52991794e-02],
       [ 7.04673161e-02, -3.67888049e-02, -4.07926543e-02,  4.37583929e-02,  5.45769613e-02],
       [-4.03770896e-02,  3.81269188e-02, -2.61423672e-02,  3.97732710e-02,  6.13192247e-02],
       [-1.52144127e-02, -8.42745941e-02, -1.69470991e-03, -5.62507728e-03, -4.38970681e-02],
       [-6.21384573e-02, -2.40581995e-02, -5.02912372e-03, -5.01386530e-02, -4.64084541e-02],
       [-1.70438190e-02, -3.47074692e-02,  1.59588357e-02,  1.17683592e-02, -4.47791134e-02],
       [ 3.91895357e-02,  3.60604345e-02,  1.03725094e-02,  1.53156718e-02, -5.13849031e-02],
       [ 6.60291281e-02, -7.61627667e-03, -7.71953864e-02,  1.79915879e-02,  4.29147629e-02],
       [ 6.91108082e-02,  8.07955659e-02, -1.48670657e-02,  5.57852802e-02,  5.00463103e-02],
       [ 2.86928520e-02,  1.27483707e-02,  7.58086598e-02, -6.05150604e-02,  2.61769522e-02],
       [-2.07116603e-02,  5.12300342e-02,  9.44569616e-02, -9.59830122e-02,  3.82922746e-02],
       [-1.71914374e-02, -7.67602250e-03, -2.06511974e-02,  2.19199080e-02, -2.04572010e-02],
       [ 6.99480380e-03,  5.81835641e-03, -2.69831653e-02, -2.96369142e-02,  1.28519470e-02],
       [ 2.16618293e-02,  7.88624195e-02,  9.70347944e-02, -1.26480379e-01,  5.11218881e-02],
       [-3.61977640e-02,  3.12155131e-02,  7.37259138e-02, -5.23894939e-02,  2.60904283e-02],
       [ 9.08182826e-03, -2.96710947e-02, -2.64796244e-02,  6.31022078e-02, -2.16992430e-02],
       [-4.66467363e-02, -1.49597034e-02, -2.34402729e-02,  6.79174314e-02, -1.76434555e-02],
       [ 4.37147282e-03,  6.05347338e-02,  8.55383991e-02, -8.25377777e-02,  3.28844370e-02],
       [ 5.61492905e-03, -4.39281393e-02, -9.19562240e-02,  7.42761950e-02, -3.34348670e-02],
       [ 3.00587134e-02,  2.32972831e-02,  3.33955365e-02, -7.01618979e-02,  4.21527585e-02],
       [-3.90315151e-02,  2.82543088e-02,  1.30430033e-02, -6.72776985e-02,  2.39563193e-02],
       [-4.26984448e-02, -4.02637794e-03,  6.35595516e-02, -5.41450847e-02,  4.63093199e-02],
       [ 2.38883209e-02,  5.93149122e-02,  1.06222428e-01, -8.80907581e-02,  5.09612119e-02],
       [ 9.79618979e-03, -6.26402782e-02, -6.70414234e-02,  6.40863418e-02, -2.34845332e-02],
       [ 1.86748374e-02, -3.52022556e-02, -8.25870258e-02,  4.58398121e-02, -3.37406907e-02],
       [ 5.86904017e-03, -4.96445430e-02, -6.45832441e-02,  7.45377143e-02, -2.55041771e-02],
       [-9.63071870e-03, -2.33719661e-02, -7.05652548e-02,  8.19958054e-02, -2.92618165e-02],
       [-3.11952792e-02,  1.41013147e-02,  2.47768257e-02, -6.39228382e-02,  3.73445057e-02],
       [-4.03398837e-02,  6.42646274e-02,  7.58493729e-02, -5.20914192e-02,  3.28772016e-02],
       [ 5.31393789e-02,  1.02825518e-01, -9.70793667e-02,  7.47539219e-03, -7.34688236e-02],
       [ 4.40237592e-02, -4.95527008e-02,  6.44066267e-03,  3.21956907e-02,  2.59262627e-02],
       [ 1.92575173e-03,  2.39639796e-02,  6.37964749e-02,  2.63007228e-02, -2.10179705e-02],
       [-2.06734414e-02,  8.52999508e-02, -6.73683161e-02,  1.96094314e-02, -9.22627177e-02],
       [ 3.84526098e-02,  5.24133665e-02, -8.61098479e-02, -4.90904504e-03, -4.14435321e-02],
       [-1.33194741e-03, -4.56335442e-02,  4.32783615e-04, -4.36392134e-02,  4.54530753e-02],
       [ 1.39558093e-02, -7.13650188e-02,  1.14136111e-02, -8.62564346e-02,  4.17324566e-02],
       [ 9.80025434e-03,  3.33994806e-02, -7.91035025e-02,  1.17575802e-02, -5.91723440e-02],
       [-1.49992955e-02, -6.39555251e-02,  1.02518146e-01,  7.77154946e-03,  5.33384962e-02],
       [-4.49922084e-02,  1.02412070e-01, -4.70610953e-03, -1.39520417e-02, -5.96676930e-02],
       [ 4.83382000e-02,  4.62432551e-02,  2.60641456e-02,  4.42065828e-02, -4.29530065e-02],
       [ 2.05634220e-02,  1.20948114e-01, -4.20370406e-02, -2.85104716e-02, -5.16720133e-02],
       [-1.69935880e-02,  8.72902978e-02, -9.57747505e-02, -2.72845165e-02, -7.74676342e-02],
       [-6.38867752e-04,  1.17759247e-02,  7.80304134e-02, -6.91713112e-03,  5.17810530e-02],
       [-2.94389716e-02, -4.71318740e-02,  7.24707264e-02,  3.14590564e-02,  4.28798792e-02],
       [ 1.31955241e-03, -3.12267972e-02,  5.25908627e-02, -2.68999418e-02,  5.10362526e-02],
       [ 3.00474479e-02, -9.58441612e-02,  5.36437830e-02, -2.52732730e-02,  4.56920530e-02],
       [ 2.40026077e-02,  9.79385948e-02,  3.48301707e-03, -5.28801935e-03, -5.24092649e-02],
       [ 3.75795821e-02,  1.34709621e-02, -7.04484706e-02, -3.80773825e-02, -5.31497495e-02],
       [-5.89020020e-02, -3.87190837e-02, -2.28817050e-02,  4.90868840e-02,  3.76895720e-02],
       [ 1.28287777e-02,  3.23084498e-03,  1.13298059e-01,  3.79926527e-02, -3.25869032e-02],
       [ 4.78407666e-02, -1.94530398e-02,  1.79471050e-02,  2.84265302e-02, -1.10153969e-01],
       [-1.08387860e-01,  1.83188064e-02, -9.24221643e-02, -1.02568930e-02, -7.34962057e-02],
       [ 2.56666698e-02,  8.14825196e-03, -5.46460442e-02, -5.98733585e-02,  5.14565331e-02],
       [-9.75418045e-02, -3.48660785e-02, -3.05715011e-02, -1.21401246e-01,  5.59202579e-02],
       [-6.13686583e-04, -4.33778992e-02, -3.79638887e-02,  1.73691679e-02, -8.20646252e-02],
       [ 1.58402755e-02, -1.76755878e-02,  1.00592808e-01,  1.11858910e-02,  9.61727338e-02],
       [ 8.70161314e-02,  4.74813044e-02,  6.59751433e-02, -2.10998868e-02, -7.50991072e-02],
       [-8.60755038e-02,  5.47193917e-03,  9.03457338e-02,  6.89008884e-02, -6.38682240e-02],
       [-8.14542370e-02,  1.10987017e-01,  8.73713639e-03, -5.15530788e-02, -8.74531187e-02],
       [ 4.79683527e-02, -4.58043020e-04, -2.96397382e-02, -3.59669610e-02, -9.97683376e-02],
       [ 1.50079221e-02,  9.78418439e-02,  4.79666202e-02, -1.53436227e-02,  7.02313953e-02],
       [ 5.60106585e-02, -6.95288676e-03,  5.86686314e-02,  5.69416040e-02,  7.22932846e-02],
       [ 1.49247182e-02,  3.05510142e-02,  1.25126058e-02, -4.20399245e-02,  6.74963835e-02],
       [-2.92402894e-02, -7.77606797e-02,  2.75276722e-02, -4.04780471e-02,  6.75819938e-02],
       [-8.17396458e-02,  4.83086910e-02,  7.35544024e-02, -6.86110565e-03, -6.07756454e-02],
       [-9.34771531e-02, -7.01174661e-02, -3.15342557e-02, -5.46570820e-02, -7.30000164e-02],
       [ 8.71919870e-03, -1.80580431e-03, -4.46956368e-02, -7.75446026e-03,  8.57284576e-03],
       [ 3.88115488e-02, -2.63669897e-02, -5.34079716e-02,  5.42766114e-02,  5.09716735e-02],
       [-7.93581817e-02, -2.09853527e-02,  5.10314930e-03,  3.50227567e-02,  2.49837867e-02],
       [ 1.51691758e-02,  1.29171786e-02,  4.02805993e-02, -1.18846480e-03, -2.41942066e-02],
       [-6.71005952e-02,  3.52333569e-02,  3.42907545e-02,  3.03304402e-02, -2.60498628e-02],
       [-1.20684011e-03, -5.64540410e-03, -1.74311376e-02,  3.97751771e-02,  3.56522503e-02],
       [ 1.67426440e-02,  2.94827458e-02, -4.32704496e-03, -5.46799735e-02, -3.77255724e-02],
       [ 9.23472852e-02, -3.20561608e-02, -4.18101359e-02,  4.23638612e-02,  2.65700545e-02],
       [-8.69075488e-02, -1.98625794e-02, -5.19694145e-02,  2.93873433e-04,  2.52386623e-02],
       [-6.29160199e-02, -4.69932616e-02, -2.72228949e-02,  5.51289471e-02,  2.74700397e-02],
       [ 4.24021289e-02, -2.64251566e-02, -2.84698064e-02,  7.83312686e-02,  4.28047610e-02],
       [ 1.38681556e-02, -2.18871577e-02,  8.74496711e-03, -3.54809575e-02, -2.99850257e-02],
       [ 5.05430853e-02,  1.81547854e-02,  2.84257897e-03, -6.00405281e-02, -2.76629460e-02],
       [ 8.21946927e-03,  9.61627313e-03,  2.23560558e-02, -1.81680205e-02, -3.26368934e-02],
       [-2.56134287e-02,  6.73533914e-02,  1.67410525e-02, -1.99858152e-02, -3.51802709e-02],
       [-6.03169834e-02, -3.68829307e-02, -5.13477214e-02,  4.06705231e-02,  2.70484045e-02],
       [-7.53545469e-02,  8.51080193e-03, -1.47038888e-02,  6.60449663e-02,  3.13864251e-02],
       [ 1.47056091e-03, -9.62356882e-03,  1.37693400e-01,  4.00886290e-02, -2.78897416e-02],
       [ 5.08378843e-03,  7.26100811e-04,  6.37963663e-02,  1.81959299e-02, -1.96344451e-02],
       [-7.78633620e-04,  3.33996877e-03, -5.74590455e-02, -2.05572419e-02,  1.02822209e-02],
       [ 4.61400557e-03, -7.46302283e-03, -4.78597345e-02, -2.63339846e-02,  9.89840131e-03],
       [ 2.64986806e-03, -1.68148637e-02,  8.81558631e-02,  2.69880187e-02, -2.38203827e-02],
       [ 1.40970697e-04, -8.31961289e-04, -8.61918067e-02, -2.42507206e-02,  2.68898626e-02],
       [-1.24148883e-02, -1.39948966e-03,  8.36983151e-02,  2.13968832e-02, -1.41069540e-02],
       [-5.32613337e-04,  1.74372325e-03,  5.50186205e-02,  1.79580722e-02, -8.29426241e-03],
       [ 5.30467147e-03,  1.40075301e-02,  9.51193003e-02,  1.51367503e-02, -2.03343154e-02],
       [-1.47261863e-03, -1.04687977e-02,  1.22448290e-01,  2.22441368e-02, -2.84812362e-02],
       [-1.79618960e-03,  2.53890957e-02, -7.14314606e-02, -2.08525609e-02,  1.79586749e-02],
       [-1.31370778e-03,  2.76750703e-03, -7.25036067e-02, -8.77404618e-03,  1.95617897e-02],
       [ 1.32255119e-04,  6.48819645e-03, -7.90007770e-02, -2.98519386e-02,  1.87826796e-02],
       [-5.42642687e-04, -2.52377448e-02, -7.58389649e-02, -3.36033869e-02,  2.18190504e-02],
       [-2.30561112e-03, -6.04576743e-04,  7.70789737e-02,  1.73849935e-02, -1.29335942e-02],
       [ 1.59503943e-03, -2.43384769e-02,  7.94398640e-02,  7.40712108e-03, -1.89981355e-02],
       [ 6.22375860e-02, -1.71418704e-02, -6.10943634e-02, -1.41071242e-03, -9.15822267e-02],
       [-6.95740740e-03,  3.11433244e-02, -8.26319385e-02, -7.16067227e-02,  5.49350373e-02],
       [ 4.26503239e-02, -1.39362192e-02, -5.71457514e-02, -1.45655708e-01,  6.24649141e-02],
       [ 4.29218390e-03, -7.65810639e-02,  7.05435484e-03,  2.41057008e-02, -8.28759815e-02],
       [-1.20731870e-02,  2.47532705e-02,  5.42273995e-02,  1.21929979e-03,  1.15683215e-01],
       [-6.54110962e-02,  1.79501306e-02,  1.17398001e-01, -2.12113979e-02, -8.29842705e-02],
       [ 5.43950805e-02, -1.48861118e-02,  1.14925714e-01,  7.14772279e-02, -5.43576558e-02],
       [ 4.40041733e-02,  8.30584957e-02,  7.21591392e-02, -5.55872739e-02, -1.07788028e-01],
       [-3.07337808e-02, -5.05468274e-02,  3.68337247e-02, -3.42954232e-02, -1.16125271e-01],
       [-7.60425554e-03,  1.30575685e-01,  1.31588725e-02, -2.26787136e-02,  7.01398114e-02],
       [-3.47364963e-02,  2.93373492e-02,  1.58600359e-02,  5.99217802e-02,  8.73689970e-02],
       [-3.27580619e-03,  6.27967283e-02, -2.08054994e-02, -5.57385877e-02,  7.54869690e-02],
       [ 2.44857630e-02, -5.85226375e-02, -3.14150637e-03, -5.40682940e-02,  7.84906829e-02],
       [ 3.38820946e-02,  2.59556654e-02,  1.24549384e-01, -6.73495133e-03, -6.97861119e-02],
       [ 4.29638356e-02, -1.08799541e-01,  1.11212679e-02, -5.56840515e-02, -7.55771569e-02],
       [ 1.74599597e-02,  4.70273086e-03, -1.07172534e-03, -3.01348340e-02,  4.43327508e-02],
       [-8.50826731e-02, -2.46503778e-02,  3.43496211e-03, -6.45792245e-02,  3.80605491e-02],
       [-5.61774559e-03, -3.21529750e-02, -7.35352334e-02, -3.50034823e-03, -5.71780899e-02],
       [ 3.62075457e-02, -7.17508773e-03,  9.64836951e-02,  2.10944738e-02,  5.29147450e-02],
       [ 1.05428601e-01,  2.97881702e-02, -1.85489177e-03, -2.40960116e-02, -5.47174682e-02],
       [-1.14058709e-01,  3.48364020e-03,  2.43199822e-02,  3.38905501e-02, -4.67363484e-02],
       [-8.96596806e-02,  6.51883337e-02, -4.10376864e-02, -4.55335343e-02, -5.56927979e-02],
       [ 5.09288487e-02, -1.47580003e-03, -7.87718300e-02, -3.94460186e-02, -6.63955207e-02],
       [ 1.57017374e-02,  6.39914022e-02,  7.00052454e-02,  4.73647901e-03,  4.80058556e-02],
       [ 8.30877934e-02,  1.22215971e-03,  6.62766892e-02,  3.94075649e-02,  3.88820400e-02],
       [ 9.71826931e-03,  2.40861565e-02,  5.69528580e-02, -1.48985558e-02,  5.61210827e-02],
       [-5.66706016e-02, -5.34246727e-02,  6.34911420e-02, -1.67808780e-02,  5.35315849e-02],
       [-7.02424014e-02,  3.80676866e-02,  7.93772467e-03, -2.18933916e-02, -5.55412922e-02],
       [-1.08305515e-01, -4.62504155e-02, -6.03507398e-02, -4.59501346e-02, -4.79575885e-02],
       [ 5.87320340e-03,  9.53598946e-03,  3.59470836e-02,  7.21020504e-02, -2.44872426e-02],
       [ 2.52689603e-03,  3.31174748e-02, -3.67556203e-02, -4.60552560e-02,  4.12681816e-02],
       [-5.00419557e-03, -8.55850432e-03,  8.78125860e-03,  4.26969504e-02, -6.31186093e-02],
       [-1.26566941e-02, -4.24721835e-03, -7.37230985e-02, -2.80297253e-02,  3.82341905e-02],
       [ 2.78007492e-02,  5.62152192e-03, -6.02249501e-02, -4.78445717e-02,  2.48960400e-02],
       [ 1.08188436e-02, -4.29784543e-02, -6.51572289e-02, -1.52967583e-02,  5.28569998e-02],
       [-9.10224708e-03,  2.55989722e-02, -6.49056326e-02, -3.40962030e-02,  6.29502716e-02],
       [-1.94760090e-03, -6.70714408e-02,  2.36386325e-02,  4.18170779e-02, -3.89468998e-02],
       [-1.05309157e-02, -1.36733567e-02,  2.15814491e-02,  6.20501355e-03, -4.37622661e-02],
       [ 1.16467305e-03, -2.98389835e-02,  4.28129544e-02,  5.82732712e-02, -3.76223634e-02],
       [ 1.27389118e-02,  2.96920717e-02,  3.08231001e-02,  5.96609271e-02, -4.03274305e-02],
       [ 6.56300102e-03, -1.08723374e-02, -8.51021925e-02, -2.91446007e-02,  3.64534069e-02],
       [ 1.29529424e-02,  5.87573912e-02, -3.48305682e-02, -7.36445099e-03,  4.22530178e-02],
       [-1.16934369e-02,  2.93514241e-03, -1.77263952e-02, -9.79998789e-02,  4.44754238e-02],
       [ 2.64597850e-02,  2.32255790e-02, -2.15292044e-03,  9.20677919e-02, -5.23818611e-02],
       [ 9.58520628e-02, -3.97718305e-02, -6.04937034e-02, -7.77124836e-02,  4.30442705e-02],
       [-9.50030029e-02, -1.00474267e-02, -4.48465638e-02, -6.69246349e-02,  2.24393177e-02],
       [-5.23988922e-02, -6.43475574e-02, -3.78663391e-02, -6.74183081e-02,  4.52692245e-02],
       [ 4.36961387e-02, -2.01818642e-02, -3.36191264e-02, -1.03600470e-01,  6.37636636e-02],
       [ 6.55669532e-03, -3.64892139e-02,  8.83633295e-03,  8.02320794e-02, -3.96894404e-02],
       [ 6.08051606e-02,  1.78663502e-02,  5.38782428e-03,  5.25997891e-02, -4.38381836e-02],
       [-2.65161263e-03,  1.76534949e-03,  2.18444645e-02,  8.76247390e-02, -3.49452482e-02],
       [-5.61082898e-02,  4.34091821e-02,  1.51917862e-02,  8.80460212e-02, -3.33587429e-02],
       [-5.13033008e-02, -3.34542675e-02, -5.15158090e-02, -6.74091503e-02,  3.44967150e-02],
       [-8.07326083e-02,  2.39969011e-02, -1.65333941e-02, -5.46782262e-02,  4.49343331e-02],
       [ 1.12460906e-03,  3.90721154e-02,  7.06115259e-02,  2.11343663e-03,  6.75000310e-02],
       [ 3.78639904e-03, -1.05010627e-02,  5.58153175e-02, -1.87165083e-02, -6.70470102e-02],
       [-5.55030488e-03, -2.75559252e-02,  6.45907655e-02,  5.17357234e-02, -4.41275567e-02],
       [-8.50810430e-03,  2.89366238e-02,  9.54931617e-03, -3.88325492e-02, -7.12927363e-02],
       [ 4.32495043e-03, -6.18844164e-02, -2.22601225e-02, -2.28680439e-02, -7.48282515e-02],
       [ 2.10009129e-03,  9.63210504e-02,  3.38450207e-02, -1.26720588e-02,  4.50128519e-02],
       [ 2.70588660e-03,  4.02242599e-02,  4.49094916e-02,  4.24500369e-02,  5.56555324e-02],
       [ 1.71099857e-03,  5.81767051e-02,  1.73491103e-02, -3.36574027e-02,  5.30948149e-02],
       [-1.03699852e-03, -1.80564591e-02,  2.92309145e-02, -3.89557203e-02,  6.04393640e-02],
       [-5.75631023e-03, -3.29157406e-03,  6.23047619e-02, -5.05737709e-03, -5.43873989e-02],
       [-6.68211636e-03, -9.89979438e-02, -2.16629852e-02, -4.11649249e-02, -5.39450616e-02],
       [-2.44078550e-02, -4.19788862e-02, -1.48738405e-02,  3.83635842e-02,  7.79819598e-02],
       [ 2.03438256e-02,  1.72623499e-03, -4.60962953e-02, -4.34181956e-02,  5.34018776e-02],
       [ 2.95273571e-02, -7.08517203e-02,  3.38621395e-02,  5.64399143e-02,  6.68436493e-02],
       [-1.97099713e-02,  4.12278165e-03,  8.93784447e-02,  5.74952717e-02,  9.26446158e-02],
       [-4.96920952e-03, -7.11965870e-02, -6.59502858e-02, -2.92719402e-03, -5.44709519e-02],
       [-4.84105063e-03,  3.97937487e-04, -8.60978653e-02, -5.97673048e-02, -5.85601993e-02],
       [ 1.85896726e-03, -3.51527891e-02, -6.69999813e-02,  2.55617396e-02, -7.68138484e-02],
       [ 1.93087995e-03,  5.55060876e-02, -6.03682231e-02,  2.10274841e-02, -6.30086615e-02],
       [ 1.52337149e-02, -4.08471083e-02, -2.38048080e-02,  2.26230523e-02,  6.47743207e-02],
       [ 3.33925891e-02,  4.98885302e-02,  5.73157516e-02,  5.34796053e-02,  5.77552498e-02],
       [ 1.03572599e-01,  1.56985915e-02,  9.38009013e-02,  2.79131755e-02, -3.94838357e-02],
       [ 8.06973673e-02,  9.16017641e-02,  7.77229703e-02, -6.15283540e-02, -6.05026417e-02],
       [-5.43810739e-02,  2.74603205e-02,  8.81945224e-02, -7.17103173e-02, -8.38671793e-02],
       [-1.58126939e-02,  5.48067923e-02, -3.35466920e-02,  1.26652929e-02,  5.77557947e-02],
       [-5.83853883e-02, -1.81349138e-02, -2.69915889e-02,  6.05378944e-02,  4.93413290e-02],
       [-1.16185331e-02,  4.09544430e-03, -5.93905657e-02, -1.13606985e-02,  5.83200634e-02],
       [ 5.62469282e-02, -7.99094346e-02, -3.94634058e-02, -7.74461749e-03,  5.21406746e-02],
       [ 6.81666532e-02,  4.87214343e-02,  1.04889475e-01, -3.10609648e-02, -4.59243167e-02],
       [ 9.33585234e-02, -3.18462093e-02,  4.56308426e-02, -6.37393290e-02, -5.09587448e-02],
       [-9.64222480e-02,  4.55577532e-02,  9.07133842e-02,  1.80485222e-02, -4.84931638e-02],
       [ 6.16573148e-02, -1.22843447e-02,  9.85739199e-02,  3.73801383e-02, -6.38524941e-02],
       [ 1.66908756e-02,  5.50662459e-02, -4.59404450e-02, -4.26711882e-02,  3.82225284e-02],
       [ 5.77554123e-02,  4.09337513e-03, -4.57105866e-02, -8.10315576e-03,  4.68481736e-02],
       [ 6.94861131e-03,  1.97827953e-02, -6.14055369e-02, -5.95125230e-02,  3.92835647e-02],
       [-3.93026091e-02, -2.82281595e-02, -5.10664899e-02, -5.24150897e-02,  3.55060250e-02],
       [-7.95427624e-02,  1.75856969e-02,  1.01952055e-01,  3.08249923e-02, -3.48526112e-02],
       [-1.15455586e-01, -4.41972490e-02,  5.80597590e-02,  1.19197097e-02, -4.18904430e-02],
       [ 3.47255609e-02,  7.49192678e-02,  2.14842983e-02, -9.04579628e-02, -7.89117159e-02],
       [ 3.38844237e-03,  2.37796839e-02,  5.98052040e-03,  3.91457766e-02,  6.70662437e-02],
       [ 6.75276885e-02, -4.73748745e-02,  1.12380735e-02,  7.66210342e-02,  4.94612558e-02],
       [ 9.02021437e-03, -3.66373930e-02, -1.92072161e-02,  1.00360545e-02,  6.93006989e-02],
       [-5.10667741e-02, -1.33336506e-01, -1.01180377e-02,  1.12647645e-02,  6.22593051e-02],
       [-6.56671891e-02,  7.92381635e-02,  7.65062855e-02, -4.30048348e-02, -4.83887580e-02],
       [-6.03304877e-02,  2.55004222e-03,  1.29400404e-02, -9.98170989e-02, -6.52110140e-02],
       [-5.32022798e-03,  1.03974322e-01,  3.44078715e-02,  1.71645320e-02,  6.22966526e-02],
       [-3.77007511e-02,  1.28545937e-02,  3.92719237e-02,  8.49858223e-02,  6.08034482e-02],
       [-1.10572872e-02,  5.89052506e-02,  9.30793512e-03, -5.71519397e-03,  8.89028384e-02],
       [ 2.85737839e-02, -7.03103167e-02,  2.46419814e-02, -7.05997262e-03,  8.31038540e-02],
       [ 3.67294050e-02,  2.78182922e-02,  8.53848710e-02, -4.20526404e-02, -6.15814524e-02],
       [ 4.16565853e-02, -8.42938351e-02, -1.13623923e-02, -8.73421425e-02, -6.29923272e-02],
       [-1.18190506e-02, -6.50952209e-02, -5.02572394e-02, -3.26729537e-02, -4.77445288e-02],
       [ 1.69685843e-04, -9.57082121e-02, -2.82339387e-02,  3.43831815e-02, -4.98195694e-02],
       [ 1.25534387e-02, -3.12895104e-02, -4.13243620e-02,  3.78216606e-02, -5.72832093e-02],
       [ 1.06908969e-02,  4.23665464e-02, -4.04367318e-02,  3.61389277e-03,  4.71920521e-02],
       [ 1.79970023e-02,  9.90842287e-02,  2.59718414e-02,  2.40573543e-02,  3.92265267e-02],
       [ 4.09634869e-05, -3.01547625e-02, -2.99149323e-02, -1.67564266e-02, -5.31281891e-02],
       [ 1.99958311e-02,  4.05448253e-02, -3.48144589e-02, -1.40277085e-02, -4.82763670e-02],
       [ 3.70065087e-02, -2.67267340e-02, -3.89842691e-02,  5.78373505e-02,  5.10881383e-02],
       [ 7.52560491e-02,  4.48992384e-02,  2.79323961e-02,  7.11788995e-02,  3.85807346e-02],
       [ 4.29645733e-03,  1.57864014e-02, -1.20535549e-02,  4.71917834e-02, -4.70507161e-02],
       [ 8.47427369e-04, -3.92302500e-03, -6.35620560e-02, -1.58357058e-02,  5.09342637e-02],
       [ 1.91465745e-02,  7.49945642e-02,  1.29107314e-02,  1.26766243e-02,  4.90061212e-02],
       [-3.69206344e-02, -8.54629921e-02, -5.15425763e-02, -1.37083217e-02,  5.00717274e-02],
       [-5.12722140e-02,  4.79387721e-03,  2.50672823e-02,  1.38136541e-02,  5.41516487e-02],
       [-7.02653562e-02, -2.60610970e-02,  5.69128616e-02, -5.35248556e-02, -4.70480583e-02]])})
2026-01-20 11:02:12,077 - final_problem_set.kxor_instance_n29_k2_m254_ell2_eps0.3_kappa1.0_rho0.6 - INFO - Running key extraction (n=29, m=254, ell=2, phase_qubits=13)
2026-01-20 11:02:12,084 - final_problem_set.kxor_instance_n29_k2_m254_ell2_eps0.3_kappa1.0_rho0.6 - INFO - Built voting matrix V (n=29, ell=2, dtype=complex128) in 0.007s
2026-01-20 11:02:12,085 - final_problem_set.kxor_instance_n29_k2_m254_ell2_eps0.3_kappa1.0_rho0.6 - INFO - Eval: adv=0.5433, hamming=0/29 (0.000), corr=1.000
2026-01-20 11:02:12,085 - final_problem_set.kxor_instance_n29_k2_m254_ell2_eps0.3_kappa1.0_rho0.6 - INFO - Key extraction complete: x_hat=13
2026-01-20 11:02:12,085 - final_problem_set.kxor_instance_n29_k2_m254_ell2_eps0.3_kappa1.0_rho0.6 - INFO - Finished step 'KeyExtractionStep' in 0.008s (success: True, problem=kxor_instance_n29_k2_m254_ell2_eps0.3_kappa1.0_rho0.6)
2026-01-20 11:02:12,086 - final_problem_set.kxor_instance_n29_k2_m254_ell2_eps0.3_kappa1.0_rho0.6 - INFO - SUCCESS: len(z_hat)=29
2026-01-20 11:02:12,086 - final_problem_set.kxor_instance_n29_k2_m254_ell2_eps0.3_kappa1.0_rho0.6 - INFO - Metrics: adv=0.5433070866141733, ham_frac=0.0, corr=1.0
2026-01-20 11:02:12,086 - final_problem_set.kxor_instance_n29_k2_m254_ell2_eps0.3_kappa1.0_rho0.6 - INFO - z_hat (full): [ 1, -1, -1, -1,  1, -1, -1,  1,  1, -1, -1,  1, -1, -1, -1,  1,  1, -1,  1, -1, -1, -1, -1,  1,  1,  1,  1, -1, -1]
