2026-01-20 11:00:30,139 - final_problem_set.kxor_instance_n12_k2_m92_ell2_eps0.25_kappa0.875_rho0.8 - INFO - Starting iteration for /Users/julian/CodingProjects/UniT3/QuarticSpeedupK-XOR/z_Daphne/data/final_problem_set/kxor_instance_n12_k2_m92_ell2_eps0.25_kappa0.875_rho0.8.npz
2026-01-20 11:00:30,139 - final_problem_set.kxor_instance_n12_k2_m92_ell2_eps0.25_kappa0.875_rho0.8 - INFO - Loaded instance (n=12, m=92, k=2)
2026-01-20 11:00:30,139 - final_problem_set.kxor_instance_n12_k2_m92_ell2_eps0.25_kappa0.875_rho0.8 - INFO - Starting step 'ComputeKikuchiStep' (version 0.1) on problem kxor_instance_n12_k2_m92_ell2_eps0.25_kappa0.875_rho0.8 (fields={'ell': 2, 'threshold': 0.0})
2026-01-20 11:00:30,145 - final_problem_set.kxor_instance_n12_k2_m92_ell2_eps0.25_kappa0.875_rho0.8 - INFO - Finished step 'ComputeKikuchiStep' in 0.006s (success: True, problem=kxor_instance_n12_k2_m92_ell2_eps0.25_kappa0.875_rho0.8)
2026-01-20 11:00:30,145 - final_problem_set.kxor_instance_n12_k2_m92_ell2_eps0.25_kappa0.875_rho0.8 - INFO - Starting step 'ClassicalEigenvaluesStep' (version 0.1) on problem kxor_instance_n12_k2_m92_ell2_eps0.25_kappa0.875_rho0.8 (fields={'ell': 2, 'threshold': 0.0, 'kikuchi_matrix': <Dictionary Of Keys sparse matrix of dtype 'int64'
	with 880 stored elements and shape (66, 66)>, 'num_eigenvalues': 5})
2026-01-20 11:00:30,158 - final_problem_set.kxor_instance_n12_k2_m92_ell2_eps0.25_kappa0.875_rho0.8 - INFO - Finished step 'ClassicalEigenvaluesStep' in 0.013s (success: True, problem=kxor_instance_n12_k2_m92_ell2_eps0.25_kappa0.875_rho0.8)
2026-01-20 11:00:30,158 - final_problem_set.kxor_instance_n12_k2_m92_ell2_eps0.25_kappa0.875_rho0.8 - INFO - Starting step 'KeyExtractionStep' (version 0.1) on problem kxor_instance_n12_k2_m92_ell2_eps0.25_kappa0.875_rho0.8 (fields={'ell': 2, 'threshold': 0.0, 'kikuchi_matrix': <Dictionary Of Keys sparse matrix of dtype 'int64'
	with 880 stored elements and shape (66, 66)>, 'num_eigenvalues': 5, 'eigenvalues': array([-6.82700685,  6.37309442,  7.11061739,  7.92962216, 10.26819741]), 'eigenvectors': array([[ 2.25664316e-02, -1.34168825e-01, -1.29232564e-01,  4.85096365e-02, -1.92241845e-01],
       [-3.75564236e-02, -1.18531076e-01, -1.51113994e-01, -1.31291413e-01, -1.41635049e-01],
       [-1.13182733e-02,  3.02531687e-02, -2.02242668e-01, -8.71041683e-02, -1.21669331e-01],
       [-8.47613163e-03,  1.28850557e-01,  1.52733929e-01,  1.95642914e-02,  7.72801133e-02],
       [ 1.51202888e-02,  1.51303417e-01, -7.28139435e-02,  1.73832499e-01,  1.06333688e-01],
       [-2.24635399e-03,  1.25100436e-01,  2.06609465e-01, -6.10898170e-02,  1.76566772e-01],
       [-3.72400592e-02,  1.03935763e-01, -1.51167709e-01, -3.52701904e-02,  1.28835292e-01],
       [ 9.58343396e-03,  2.65199958e-02,  1.77324198e-01, -1.24468953e-01,  1.63394646e-01],
       [-1.05539644e-02, -3.15351381e-03,  6.50393992e-02,  7.39229550e-03,  1.87721011e-01],
       [ 1.96423564e-02, -1.47745600e-01,  1.18624857e-01, -1.84384158e-01,  9.33764545e-02],
       [-5.08436908e-02, -1.81278898e-01, -5.69305832e-02,  1.40900544e-01, -6.66518015e-02],
       [ 1.04452066e-02,  2.83260916e-02,  2.22383681e-02,  1.62511185e-01,  1.88341249e-01],
       [-1.04916075e-01, -1.54438164e-01,  8.98973808e-02,  1.12352036e-01,  1.89991856e-01],
       [ 1.26293384e-02, -1.60250707e-01, -9.97518821e-02, -1.28432069e-02, -1.28296686e-01],
       [-7.50843658e-02, -5.15014824e-02,  1.59872379e-01, -1.99675983e-01, -1.05581471e-01],
       [-5.63114361e-02, -6.84940602e-02,  4.43473770e-02,  1.03813699e-01, -2.26944853e-01],
       [ 7.59077366e-02, -2.75745305e-02,  3.07139886e-01,  4.95877222e-02, -9.59773181e-02],
       [-7.96965065e-02,  2.51736521e-02,  6.24009052e-02,  1.80186059e-01, -1.97037171e-01],
       [-7.19612774e-03,  1.09470411e-01,  1.52034989e-01,  6.30869412e-03, -1.87324142e-01],
       [-1.26256154e-03,  1.84316525e-01,  3.51458944e-02,  2.20302569e-01, -8.74102125e-02],
       [-3.34601058e-02,  2.49415604e-01, -4.50167614e-02, -2.04360025e-01,  7.48280058e-02],
       [ 2.81001264e-01, -5.76674342e-02,  9.73366309e-02,  1.76372911e-01,  1.06324909e-01],
       [-1.84738636e-02, -1.03521807e-01, -9.14296780e-02, -9.01603417e-02, -7.46363036e-02],
       [ 1.79608158e-01, -8.35251134e-02,  9.51578863e-02, -1.87717326e-01, -6.25502376e-02],
       [ 1.53638107e-01, -4.02081471e-02, -7.66209902e-02, -1.49944394e-01, -1.84538060e-01],
       [-2.57544844e-01,  1.18144804e-02,  1.67887898e-01, -8.15278098e-02, -1.06555346e-01],
       [ 2.13485262e-01,  5.19429523e-02, -7.56915770e-02, -7.28571257e-02, -1.98394889e-01],
       [ 7.14922867e-02,  8.42636510e-02,  1.75594667e-02, -1.50375505e-01, -1.48261006e-01],
       [-7.48951345e-02,  2.07792167e-01, -5.66974713e-02,  4.31577173e-02, -1.16975823e-01],
       [ 1.46240284e-01,  2.08666349e-01,  3.58200079e-02, -3.28053549e-02,  1.06872074e-01],
       [ 2.54154680e-02, -2.30744039e-02, -1.41176735e-01, -8.35952184e-02, -7.82461504e-02],
       [ 5.53570718e-02, -2.48412221e-02,  7.77358906e-02, -1.53334788e-01, -6.77360772e-02],
       [ 1.92398413e-01,  1.33367842e-01, -1.46485709e-01, -9.79421449e-02, -1.61266987e-01],
       [-1.68680151e-01,  1.08067176e-01,  1.37080116e-01, -6.60597351e-02, -1.07620216e-01],
       [ 9.41177125e-02,  1.87565655e-01, -1.27088834e-01, -3.82488410e-02, -1.49388211e-01],
       [ 1.42787533e-01,  1.84803763e-01, -3.15979775e-02, -1.07654331e-01, -1.30552839e-01],
       [-2.32988319e-01,  2.54225908e-01, -8.68235508e-02,  5.82481053e-02, -8.80871660e-02],
       [ 1.91400430e-01,  7.60044644e-02,  7.74945866e-02, -5.48764460e-02,  9.15627411e-02],
       [ 1.07142427e-02,  1.11524813e-01, -3.12181717e-02,  1.15004646e-01,  5.71421351e-02],
       [ 2.76939600e-02,  1.32742772e-01,  1.35830478e-01,  1.36431428e-02,  9.84659944e-02],
       [-1.31254950e-02,  8.01871640e-02, -7.04400597e-02,  4.13549267e-03,  6.78499790e-02],
       [ 7.30364657e-03,  8.06729721e-02,  1.36185444e-01, -4.20312028e-02,  1.13611293e-01],
       [-1.24024632e-03,  4.86877987e-02,  5.58821187e-02,  4.01141736e-02,  1.10819022e-01],
       [ 6.68214856e-03, -5.33537297e-02,  7.82757003e-02, -7.97975861e-02,  6.01237212e-02],
       [ 5.99561969e-03, -1.57469757e-01, -5.34947963e-02,  6.91393713e-02, -4.99191901e-02],
       [ 1.39264140e-01,  8.75269953e-02, -1.57347855e-01,  1.97716344e-01,  1.31749672e-01],
       [-7.38381115e-02, -2.11809747e-02, -1.23591570e-01,  7.92425623e-02,  5.23838696e-02],
       [ 1.45431165e-02,  1.28308360e-02, -1.53666793e-01,  1.26766883e-01,  1.38424229e-01],
       [ 1.20664896e-01, -7.98197045e-03, -1.32051306e-01,  1.53249630e-01,  7.75629301e-02],
       [-1.73612594e-01, -1.06166768e-01, -8.58130880e-02,  1.87829525e-02,  7.22156661e-02],
       [ 1.30993513e-01, -1.26884938e-01,  6.68565494e-02, -2.65914693e-02, -6.57239179e-02],
       [-1.96430805e-01,  3.69649828e-02, -2.84337794e-01, -4.98791821e-02,  1.08497474e-01],
       [ 1.97260216e-01, -2.68251922e-02,  3.74230615e-02, -1.91633652e-01,  1.90934928e-01],
       [ 9.85098212e-02, -1.08169034e-01, -9.52847757e-02, -2.35876775e-02,  2.22023306e-01],
       [-1.32096480e-01, -1.91798221e-01,  1.38278109e-02, -2.24627163e-01,  8.75954042e-02],
       [ 1.76985579e-01, -2.37703581e-01,  4.26488243e-03,  2.04807070e-01, -7.42845901e-02],
       [-1.16293160e-01,  1.70354084e-02, -2.65127731e-01, -7.80335091e-02,  9.10862231e-02],
       [-1.32676540e-01, -5.22623124e-02, -2.43734173e-01, -1.01408512e-02,  8.11718028e-02],
       [ 2.19633886e-01, -5.88837905e-02, -1.64290470e-01, -1.12229545e-01,  4.15990837e-02],
       [-2.51751640e-01, -1.56319672e-01,  1.46031272e-01,  1.13954127e-01, -4.07310225e-02],
       [ 1.46251433e-01, -1.40072029e-01, -9.19743345e-02, -7.56990815e-02,  1.69629511e-01],
       [-1.82329839e-01, -1.62762669e-01, -1.39366561e-04, -2.25599935e-01,  6.34559868e-02],
       [ 1.52453946e-01, -1.84856102e-01,  1.85569893e-02,  2.12789950e-01, -5.87593941e-02],
       [-5.50200476e-02, -1.94507346e-01, -4.66276141e-02, -1.32411795e-01,  8.01403525e-02],
       [ 1.30476154e-01, -1.49270828e-01,  6.64470482e-02,  1.43666439e-01, -9.26320699e-02],
       [-1.62593569e-01, -4.09675224e-02,  2.10393482e-02,  1.90793151e-01, -2.48031009e-02]])})
2026-01-20 11:00:30,159 - final_problem_set.kxor_instance_n12_k2_m92_ell2_eps0.25_kappa0.875_rho0.8 - INFO - Running key extraction (n=12, m=92, ell=2, phase_qubits=11)
2026-01-20 11:00:30,159 - final_problem_set.kxor_instance_n12_k2_m92_ell2_eps0.25_kappa0.875_rho0.8 - INFO - Built voting matrix V (n=12, ell=2, dtype=complex128) in 0.000s
2026-01-20 11:00:30,160 - final_problem_set.kxor_instance_n12_k2_m92_ell2_eps0.25_kappa0.875_rho0.8 - INFO - Eval: adv=0.8261, hamming=0/12 (0.000), corr=1.000
2026-01-20 11:00:30,160 - final_problem_set.kxor_instance_n12_k2_m92_ell2_eps0.25_kappa0.875_rho0.8 - INFO - Key extraction complete: x_hat=1
2026-01-20 11:00:30,160 - final_problem_set.kxor_instance_n12_k2_m92_ell2_eps0.25_kappa0.875_rho0.8 - INFO - Finished step 'KeyExtractionStep' in 0.001s (success: True, problem=kxor_instance_n12_k2_m92_ell2_eps0.25_kappa0.875_rho0.8)
2026-01-20 11:00:30,160 - final_problem_set.kxor_instance_n12_k2_m92_ell2_eps0.25_kappa0.875_rho0.8 - INFO - SUCCESS: len(z_hat)=12
2026-01-20 11:00:30,160 - final_problem_set.kxor_instance_n12_k2_m92_ell2_eps0.25_kappa0.875_rho0.8 - INFO - Metrics: adv=0.8260869565217391, ham_frac=0.0, corr=1.0
2026-01-20 11:00:30,160 - final_problem_set.kxor_instance_n12_k2_m92_ell2_eps0.25_kappa0.875_rho0.8 - INFO - z_hat (full): [ 1, -1, -1, -1,  1,  1,  1,  1,  1,  1,  1, -1]
