2026-01-20 11:01:30,112 - final_problem_set.kxor_instance_n24_k2_m199_ell2_eps0.3_kappa1.0_rho0.8 - INFO - Starting iteration for /Users/julian/CodingProjects/UniT3/QuarticSpeedupK-XOR/z_Daphne/data/final_problem_set/kxor_instance_n24_k2_m199_ell2_eps0.3_kappa1.0_rho0.8.npz
2026-01-20 11:01:30,113 - final_problem_set.kxor_instance_n24_k2_m199_ell2_eps0.3_kappa1.0_rho0.8 - INFO - Loaded instance (n=24, m=199, k=2)
2026-01-20 11:01:30,113 - final_problem_set.kxor_instance_n24_k2_m199_ell2_eps0.3_kappa1.0_rho0.8 - INFO - Starting step 'ComputeKikuchiStep' (version 0.1) on problem kxor_instance_n24_k2_m199_ell2_eps0.3_kappa1.0_rho0.8 (fields={'ell': 2, 'threshold': 0.0})
2026-01-20 11:01:30,145 - final_problem_set.kxor_instance_n24_k2_m199_ell2_eps0.3_kappa1.0_rho0.8 - INFO - Finished step 'ComputeKikuchiStep' in 0.032s (success: True, problem=kxor_instance_n24_k2_m199_ell2_eps0.3_kappa1.0_rho0.8)
2026-01-20 11:01:30,145 - final_problem_set.kxor_instance_n24_k2_m199_ell2_eps0.3_kappa1.0_rho0.8 - INFO - Starting step 'ClassicalEigenvaluesStep' (version 0.1) on problem kxor_instance_n24_k2_m199_ell2_eps0.3_kappa1.0_rho0.8 (fields={'ell': 2, 'threshold': 0.0, 'kikuchi_matrix': <Dictionary Of Keys sparse matrix of dtype 'int64'
	with 6072 stored elements and shape (276, 276)>, 'num_eigenvalues': 5})
2026-01-20 11:01:30,246 - final_problem_set.kxor_instance_n24_k2_m199_ell2_eps0.3_kappa1.0_rho0.8 - INFO - Finished step 'ClassicalEigenvaluesStep' in 0.100s (success: True, problem=kxor_instance_n24_k2_m199_ell2_eps0.3_kappa1.0_rho0.8)
2026-01-20 11:01:30,246 - final_problem_set.kxor_instance_n24_k2_m199_ell2_eps0.3_kappa1.0_rho0.8 - INFO - Starting step 'KeyExtractionStep' (version 0.1) on problem kxor_instance_n24_k2_m199_ell2_eps0.3_kappa1.0_rho0.8 (fields={'ell': 2, 'threshold': 0.0, 'kikuchi_matrix': <Dictionary Of Keys sparse matrix of dtype 'int64'
	with 6072 stored elements and shape (276, 276)>, 'num_eigenvalues': 5, 'eigenvalues': array([11.4879116 , 12.02760914, 12.86175118, 13.30482602, 18.18600112]), 'eigenvectors': array([[-3.58967430e-02,  6.42752857e-02, -2.54325327e-02, -1.79643453e-02, -3.22278394e-02],
       [ 4.95665370e-03,  5.83243808e-02,  3.45188840e-02,  5.50378989e-02, -3.60445708e-02],
       [-7.00912027e-02,  1.14815553e-01,  6.25781830e-02,  8.53549641e-03, -6.35553725e-02],
       [ 1.17397009e-01, -9.70029776e-02, -4.56437311e-02,  1.23602669e-03,  5.07147318e-02],
       [ 7.15784177e-02, -3.95842345e-02, -6.33035839e-02, -1.41059001e-02,  3.87903511e-02],
       [-5.94006612e-02,  2.77997212e-02,  8.21589322e-02,  1.56220000e-02, -4.60641609e-02],
       [-2.04671913e-02,  7.48703664e-02, -3.36077625e-02, -2.24507986e-02, -4.05195375e-02],
       [ 4.68560523e-02, -8.23973197e-02, -6.24398723e-02, -1.69525327e-02,  4.14235226e-02],
       [ 7.52144683e-02, -6.80418107e-02, -2.62602869e-02,  5.13178618e-02,  4.54750821e-02],
       [-8.84123371e-02,  6.99118036e-02, -2.04895244e-02, -1.83222887e-02, -3.85435291e-02],
       [ 1.45387049e-02, -1.12588895e-01, -3.06079882e-02,  1.31808367e-02,  4.00280608e-02],
       [ 8.56962457e-02, -4.02374770e-02, -2.72400644e-02,  1.67163746e-02,  5.45459807e-02],
       [-9.16627279e-02,  2.69850851e-02,  2.38061339e-02,  1.89439646e-02, -4.71091988e-02],
       [ 3.55619381e-02, -7.04350356e-02, -1.70556737e-02,  6.06217892e-02,  4.24133613e-02],
       [-8.10020086e-02,  3.52414639e-02,  2.59677972e-03,  3.84834856e-03, -4.02730053e-02],
       [ 5.06825720e-02, -5.65595931e-02, -7.84778652e-02,  5.19115808e-02,  2.97935365e-02],
       [-5.76889966e-02,  6.85834652e-02,  6.31807590e-02, -1.00701995e-02, -5.85127028e-02],
       [ 9.40460554e-02, -5.84229365e-02, -1.08205431e-02, -1.83645940e-02,  2.86931986e-02],
       [-7.52030761e-02,  5.63376406e-02,  6.91265501e-02,  5.39527650e-03, -5.90325050e-02],
       [ 1.07574747e-01, -4.20563894e-02, -2.16467469e-02,  3.47836211e-02,  4.99312182e-02],
       [-3.23653806e-02,  5.69953174e-02,  4.37297058e-03,  6.50347349e-02, -2.22519881e-02],
       [ 6.70935067e-02, -6.45058160e-02, -1.71724426e-02, -5.00001108e-02,  3.96823298e-02],
       [-4.48016210e-02,  1.11493010e-01,  3.53407103e-02,  4.24246154e-03, -3.38078881e-02],
       [-8.06764224e-02, -1.95445977e-02,  6.54475144e-02, -4.43362679e-02,  4.01496932e-02],
       [-5.12066450e-02, -5.84783651e-02,  1.07650360e-01,  2.14296651e-02,  7.24455994e-02],
       [-2.88705065e-02,  5.49390508e-02, -1.03982416e-01, -3.15374900e-02, -5.89940216e-02],
       [-1.50900706e-03, -7.14553392e-03, -4.14761613e-02, -2.60223113e-03, -5.43918425e-02],
       [-3.60000194e-02,  2.43454351e-02,  3.75028044e-02,  9.26529498e-03,  5.40371538e-02],
       [-3.83954705e-02, -3.32132690e-02,  1.14310583e-01,  2.94824366e-02,  3.62023015e-02],
       [ 4.00351643e-02,  5.31148897e-02, -4.96410848e-02,  5.74378556e-04, -5.46655510e-02],
       [ 3.32836426e-03,  2.82080313e-02, -8.76457321e-02, -7.83111987e-02, -4.88045786e-02],
       [ 2.17460019e-02, -3.07052886e-02,  1.05089905e-01,  2.97709095e-02,  3.66387390e-02],
       [ 5.04973936e-02,  7.32726877e-02, -6.56602519e-02, -3.11856607e-02, -4.13623747e-02],
       [ 1.28054862e-02, -8.98059138e-03, -1.04091468e-01, -3.91589273e-02, -5.23806954e-02],
       [ 7.59920146e-03,  2.46088787e-02,  1.06615023e-01, -2.10451026e-03,  5.13891624e-02],
       [ 3.14956099e-02,  2.72984208e-02, -7.71683387e-02, -7.36727272e-02, -4.07187867e-02],
       [ 7.82346310e-03,  4.88002538e-03,  8.86126737e-02,  1.21155063e-02,  3.99525068e-02],
       [-5.27996288e-04,  4.61078142e-02,  1.08697785e-02, -9.71023228e-02, -4.04493377e-02],
       [-4.91370431e-02, -8.48023893e-03,  8.81726258e-02,  3.88787201e-02,  6.02396915e-02],
       [-5.78772650e-02,  4.34406627e-02, -7.46535291e-02,  8.76608986e-03, -3.64222608e-02],
       [-4.06151916e-02,  6.30553537e-03,  8.81491469e-02,  2.38087145e-02,  6.69520197e-02],
       [-1.63147765e-02, -5.52236214e-03, -1.09603340e-01, -5.86009456e-02, -5.22723259e-02],
       [-1.41993679e-02, -3.91073283e-02,  6.50379042e-02, -6.16581319e-02,  2.57069852e-02],
       [ 6.71808900e-03,  3.04077264e-02, -1.00102653e-01,  3.80547011e-02, -4.44218955e-02],
       [-1.48744413e-02, -1.09893474e-01,  5.86697550e-02,  1.61666290e-02,  4.42054893e-02],
       [-1.38895086e-01, -1.02774042e-02, -1.92724459e-02, -1.15408800e-01,  6.32350765e-02],
       [ 4.78196530e-02,  2.59184966e-02,  1.67077582e-02,  1.09533060e-01, -6.96836855e-02],
       [ 6.03657783e-02, -2.52698366e-02,  4.89655180e-02,  1.00548862e-01, -4.66564206e-02],
       [-8.72909790e-02,  3.83193464e-02, -4.81952866e-02, -8.89037451e-02,  4.46914419e-02],
       [-1.29298834e-01, -7.76607255e-03,  7.24030604e-02, -4.96851999e-02,  4.40343558e-02],
       [ 9.19269555e-02,  2.37805669e-02,  3.81681873e-02,  9.75914176e-02, -4.51108795e-02],
       [ 8.74209275e-02, -5.35089973e-05, -1.69402596e-03,  2.42724694e-02, -5.46801717e-02],
       [-3.90194609e-02, -9.50443360e-03,  5.68693371e-02, -5.12141099e-02,  4.66349852e-02],
       [ 1.16593522e-01,  5.21148201e-02,  7.12835544e-03,  5.25122069e-02, -4.28566314e-02],
       [ 1.06833935e-01, -5.43108530e-02, -1.32301127e-02,  7.87969185e-02, -6.11507906e-02],
       [-6.64673905e-02,  5.38000319e-02,  1.62601831e-02, -1.12043884e-01,  5.22086911e-02],
       [ 1.25977156e-01,  2.17547459e-03, -1.27669886e-02,  5.56826557e-03, -4.97455952e-02],
       [-4.63645065e-02,  2.89081424e-02,  2.85837483e-02, -7.09455881e-02,  4.22430618e-02],
       [ 6.34736253e-02,  2.76067449e-02,  9.62981498e-02, -6.45397816e-03, -4.19777714e-02],
       [-1.36351069e-01,  2.19177814e-02, -2.07882154e-02, -9.13810483e-02,  5.93407671e-02],
       [-1.60592448e-02,  2.22631480e-02, -9.68994287e-03,  8.47404222e-02, -3.70934290e-02],
       [-1.19409068e-01,  3.20086122e-02, -2.63360948e-02, -1.00509926e-01,  5.85835714e-02],
       [ 6.92914811e-02, -5.09970058e-02, -1.90682397e-02,  5.69254664e-02, -6.24358563e-02],
       [-2.29976022e-02, -2.34426194e-02,  1.61765093e-02, -9.81485455e-02,  2.07507458e-02],
       [ 5.26447318e-02,  2.08356950e-03, -1.34120213e-02,  1.12036908e-01, -3.92055510e-02],
       [-7.47206810e-02, -8.70099289e-02, -2.48612754e-02, -7.31409524e-02,  4.37358337e-02],
       [-6.46719739e-02,  7.51367746e-02,  3.69423584e-02,  2.44715291e-02, -1.21934864e-01],
       [ 8.94659290e-04, -3.57543035e-02,  9.59029032e-02,  5.12626442e-02, -8.03037422e-02],
       [-6.17498228e-02,  7.02979172e-02, -1.05708500e-01, -4.54542528e-02,  8.41613266e-02],
       [-1.11951034e-01, -3.44992297e-02,  1.13059498e-01,  2.41241105e-02,  7.16788252e-02],
       [ 7.11486980e-02,  5.85236100e-02,  8.80553732e-02,  5.76955475e-02, -8.49584233e-02],
       [ 3.01554516e-02,  1.84101644e-02,  6.16197820e-03, -8.46865552e-02, -9.48165307e-02],
       [ 3.67030528e-02, -4.11322044e-02,  9.15771642e-02,  1.71711906e-02,  8.11459501e-02],
       [ 1.15726467e-01,  1.15742539e-01,  1.60669206e-02, -1.14462308e-02, -7.51025231e-02],
       [ 4.09371237e-02, -6.41809502e-02, -9.03201117e-03, -8.53018959e-03, -9.96485171e-02],
       [-7.83751962e-04,  7.62542265e-02,  8.32875376e-03, -6.49626935e-02,  9.51478151e-02],
       [ 9.17852394e-02,  2.40048152e-02, -1.29062554e-02, -9.89431806e-02, -7.67053179e-02],
       [ 7.89697950e-03,  3.93170700e-02,  4.51758367e-02, -2.70808047e-02,  8.24692313e-02],
       [ 4.43079078e-03,  4.76290283e-02,  1.47749497e-01, -1.04868063e-01, -6.10661139e-02],
       [-1.13940743e-01,  2.44906386e-02, -5.59117911e-02, -4.13001343e-03,  1.08998622e-01],
       [-1.14309823e-01,  5.21284881e-02, -1.30690864e-02,  5.54533540e-02, -6.11357811e-02],
       [-9.19940192e-02,  4.91180672e-02, -7.43719194e-02, -3.63744657e-02,  1.16962735e-01],
       [-1.62169842e-02, -4.91119161e-02, -1.42039397e-02, -4.12717381e-02, -9.30816564e-02],
       [-7.72552109e-03, -5.27352598e-02,  2.49311483e-02, -1.35182898e-01,  3.97354501e-02],
       [ 7.73288439e-03,  2.09238757e-02, -1.62426714e-02,  1.11356469e-01, -7.29665616e-02],
       [-2.94948995e-02, -1.59960669e-01, -4.22050596e-02, -2.13529157e-02,  7.14711436e-02],
       [ 9.85174789e-02,  2.25756824e-02, -8.03811050e-02, -3.65807864e-02,  7.55442770e-02],
       [-6.60716332e-02, -5.56199515e-02,  1.02219570e-01,  3.60011040e-02, -8.79080220e-02],
       [ 8.06779356e-04,  6.24673652e-02, -1.28605086e-01, -3.75595111e-02, -8.10371519e-02],
       [ 4.89663573e-02, -7.54438686e-02, -8.21838899e-02, -4.87940427e-02,  9.03079494e-02],
       [ 8.31087161e-02, -2.52328698e-02,  1.03972658e-02,  8.47202022e-02,  7.83842965e-02],
       [-1.11193465e-01,  4.08563376e-02, -8.88823048e-02, -2.72165294e-02, -6.55908685e-02],
       [-2.22497449e-02, -1.20723048e-01, -4.61155088e-03,  2.04334620e-02,  7.26321122e-02],
       [ 9.20282814e-02,  4.30313609e-02,  2.07279191e-02,  2.49613749e-02,  9.29806844e-02],
       [-1.08861083e-01, -5.19790952e-02, -1.87430111e-02,  3.85696501e-02, -7.97376494e-02],
       [ 2.04379363e-02, -4.15042182e-02,  2.39347267e-02,  1.10198267e-01,  7.90710031e-02],
       [-1.12871752e-01, -2.51284829e-02, -4.98559666e-02,  1.54983300e-02, -7.56039132e-02],
       [ 6.95133875e-02, -4.55877678e-02, -1.26892646e-01,  1.02533426e-01,  5.64285214e-02],
       [-4.05144978e-02, -5.02449067e-03,  3.86990367e-02, -9.77059576e-03, -1.02496761e-01],
       [ 1.59221704e-01, -5.29535931e-02,  1.60408464e-02, -4.18737239e-02,  5.51851160e-02],
       [-7.86938670e-02, -2.71792182e-02,  5.59729883e-02,  1.71028598e-02, -1.09847240e-01],
       [ 1.29227831e-01,  2.92425795e-02,  2.37235300e-02,  5.21598439e-02,  8.31235629e-02],
       [-2.41270288e-02,  5.20188647e-02, -2.38205528e-02,  1.20669489e-01, -3.74370122e-02],
       [ 7.21811079e-02, -2.99331696e-02,  2.20083022e-02, -9.12949604e-02,  6.77642398e-02],
       [-4.67716922e-02,  1.54994549e-01,  2.77081334e-02,  1.15017868e-02, -6.69649170e-02],
       [-1.16713077e-02, -8.59189870e-02,  1.08227409e-01,  4.41285357e-02, -5.42958760e-02],
       [ 4.57671609e-02, -1.75586611e-02, -4.39308964e-02, -4.46951237e-03, -5.65010055e-02],
       [ 7.46621926e-04,  5.38261465e-03, -9.82953521e-02, -5.47944127e-02,  5.68525261e-02],
       [ 3.27827509e-02,  4.35332276e-02, -5.02792030e-02,  4.44107518e-02,  6.39742151e-02],
       [-6.79445048e-02, -2.19751526e-02, -2.50260803e-02,  9.33791473e-04, -5.63932697e-02],
       [-4.93897871e-02, -4.03359780e-02, -5.58058842e-02, -6.90710099e-03,  5.88707212e-02],
       [ 3.10494057e-02,  1.13855882e-01, -4.68078133e-02, -1.04900407e-02,  7.36386548e-02],
       [-4.89158774e-02, -9.14602531e-02,  3.48486020e-02,  5.35485899e-02, -5.72092759e-02],
       [-2.48972272e-02,  3.41547972e-02, -3.32712856e-02,  6.27840083e-02,  6.03220786e-02],
       [-4.70516964e-02, -6.64165486e-02,  3.98585155e-03,  2.94825811e-02, -5.16195640e-02],
       [ 3.26752885e-02,  6.43908293e-03, -1.41104452e-01,  6.42713122e-02,  4.48003802e-02],
       [ 9.27255062e-03, -7.49142163e-02,  8.88085059e-02,  2.21806226e-02, -7.13870205e-02],
       [ 1.11181077e-01,  1.51253749e-03, -2.58680594e-02, -5.34975328e-02,  4.50123128e-02],
       [-1.27070462e-02, -8.83179026e-02,  9.77325889e-02,  4.08780892e-02, -7.15327953e-02],
       [ 6.91026860e-02,  9.61752362e-02, -4.09727633e-02,  1.48492560e-02,  6.72508452e-02],
       [-1.71248949e-02,  1.47773107e-02,  7.54458438e-03,  1.11138163e-01, -3.03621304e-02],
       [ 3.73616179e-02,  2.87610894e-02, -3.09659895e-02, -1.00873293e-01,  5.43285139e-02],
       [-1.42520712e-02,  7.42712117e-02,  7.30586643e-02,  3.37216199e-02, -5.43826702e-02],
       [-1.01653437e-01,  4.85785443e-02,  4.15371724e-02,  1.03859723e-02,  6.38042009e-02],
       [ 3.77432333e-02, -2.73615807e-02,  1.09437622e-01,  5.12192748e-02, -6.04380868e-02],
       [ 1.34773197e-02, -7.31739327e-02,  5.66245242e-02, -5.25940880e-02, -6.86273087e-02],
       [ 3.33185445e-02,  4.67417673e-02,  2.14840780e-02,  4.19592939e-03,  6.07795871e-02],
       [ 9.34965522e-02,  1.89813569e-02,  6.29567431e-02,  1.61772232e-03, -6.24032432e-02],
       [ 2.11058596e-02, -1.32001007e-01,  4.98260528e-02,  5.35116773e-03, -7.05091418e-02],
       [ 1.25530794e-02,  1.21979118e-01, -4.25164165e-02, -5.12337415e-02,  6.16638070e-02],
       [ 7.34628905e-02, -6.02576950e-02,  3.78993175e-02, -6.95746002e-02, -6.27136233e-02],
       [ 1.48841942e-02,  8.83347811e-02, -7.58535166e-03, -2.45293156e-02,  5.39575225e-02],
       [-2.92381312e-03, -1.61008936e-02,  1.37251537e-01, -6.53770781e-02, -4.35199337e-02],
       [-6.43053994e-02,  1.10676662e-01, -9.81781873e-02, -1.51120062e-02,  7.55822499e-02],
       [-9.24571877e-02, -1.87855930e-02,  3.33400322e-02,  5.32675429e-02, -4.90930241e-02],
       [-3.94122897e-02,  1.21023159e-01, -1.06304135e-01, -3.53014588e-02,  7.41874657e-02],
       [-2.25452736e-02, -1.30825797e-01,  4.91887416e-02, -2.07972896e-02, -7.17250767e-02],
       [ 8.81269273e-04, -4.09351361e-03, -1.26650108e-02, -1.12484349e-01,  3.29518429e-02],
       [-4.40845033e-03, -5.08809685e-02,  3.93228858e-02,  9.98688492e-02, -5.78492114e-02],
       [-2.20285981e-02, -5.83007753e-02, -8.28579405e-02, -3.13018460e-02,  5.98695770e-02],
       [ 9.45711098e-02,  4.22194607e-02, -5.43724053e-02,  4.70060941e-04, -5.99382458e-02],
       [ 4.32325782e-02,  1.58758260e-02, -8.59198812e-02, -7.48135104e-02, -5.04529820e-02],
       [-2.38512748e-03, -2.67949347e-02,  1.17967159e-01,  3.10741410e-02,  4.23614430e-02],
       [ 9.02372945e-02,  6.95156210e-02, -7.16628039e-02, -3.44920887e-02, -4.64343126e-02],
       [ 6.48572897e-02, -2.66101522e-02, -1.14789286e-01, -4.39405866e-02, -6.00980185e-02],
       [-3.75180705e-02,  3.31540961e-02,  1.06658728e-01, -1.09076992e-03,  5.36048983e-02],
       [ 7.29392620e-02,  1.70411255e-02, -8.31577415e-02, -8.02697387e-02, -4.44394208e-02],
       [-2.80211195e-02,  1.73385252e-02,  9.75763173e-02,  1.13491433e-02,  4.46722911e-02],
       [ 3.56377692e-02,  3.79899930e-02,  1.33297488e-02, -1.06960541e-01, -4.63170634e-02],
       [-1.14134219e-01,  7.99876638e-03,  9.47085727e-02,  4.18724086e-02,  6.69738777e-02],
       [-4.00584163e-02,  4.27280921e-02, -8.35085428e-02,  9.70981026e-03, -4.15181901e-02],
       [-1.12163004e-01,  2.52929610e-02,  9.57668058e-02,  2.50593973e-02,  7.36481017e-02],
       [ 2.93690778e-02, -1.93678423e-02, -1.20071245e-01, -6.33283837e-02, -5.84505504e-02],
       [-3.32865839e-02, -3.66945238e-02,  7.44217296e-02, -6.78975618e-02,  2.92781894e-02],
       [ 4.36267197e-02,  2.18789512e-02, -1.10863526e-01,  4.20418312e-02, -4.95200145e-02],
       [-4.28415943e-02, -9.82053909e-02,  5.73209069e-02,  1.53140224e-02,  4.54548044e-02],
       [-2.20064110e-02, -3.21506474e-02, -4.53140737e-02,  4.26989451e-02,  7.06599515e-02],
       [-2.53902636e-02,  4.47134095e-02, -3.35156467e-02,  5.36321570e-03, -6.17895025e-02],
       [-8.54112694e-02, -9.57542520e-02, -4.41639665e-02, -8.44472893e-03,  5.63434279e-02],
       [-3.37259129e-02,  3.03011193e-02, -4.12868663e-02, -1.85455792e-02,  8.27539156e-02],
       [-2.44661296e-03, -3.50998913e-02,  3.31099785e-02,  7.12596427e-02, -7.03624469e-02],
       [-7.83222471e-02, -3.59745796e-02, -2.82605005e-02,  6.07679616e-02,  6.41744319e-02],
       [-7.90774183e-03, -1.30793252e-02,  1.28366942e-05,  3.86205621e-02, -6.13156613e-02],
       [-7.49694773e-03, -4.95763847e-02, -1.44634710e-01,  6.51146665e-02,  4.88154889e-02],
       [ 7.60364895e-02,  1.03276492e-02,  8.68135818e-02,  2.90978954e-02, -7.93351649e-02],
       [ 7.79410657e-02, -4.51170869e-02, -1.53996499e-02, -5.46583524e-02,  4.54850598e-02],
       [ 5.41735256e-02, -5.28038630e-03,  9.48830045e-02,  4.87341010e-02, -7.92124887e-02],
       [ 1.30718216e-02,  1.92670059e-02, -3.45651312e-02,  9.47658272e-03,  7.64232950e-02],
       [ 5.06730185e-03,  5.14672527e-02,  2.45698860e-03,  1.18024574e-01, -3.26131620e-02],
       [-6.27749653e-03, -3.35071652e-02, -2.39100632e-02, -1.09825039e-01,  5.91711314e-02],
       [ 2.42358280e-02,  1.25223303e-01,  6.05774500e-02,  3.37913874e-02, -5.26728430e-02],
       [-5.26463472e-02,  1.43809817e-02, -7.04117584e-02, -6.72871391e-02, -4.93137790e-02],
       [-6.01325003e-02, -7.63307742e-02,  7.66212190e-03,  8.13771685e-02,  6.03165962e-02],
       [ 1.67775649e-02,  6.95713257e-02,  3.48176979e-02,  1.05705011e-01,  7.65063799e-02],
       [-4.51841462e-02, -7.30592213e-02, -3.09445359e-02, -4.38439479e-02, -6.80185210e-02],
       [-2.74095000e-02, -4.06274344e-03,  2.52630108e-02,  1.27518129e-01,  5.25231121e-02],
       [-3.39202874e-02, -3.87630737e-02, -4.15308391e-02, -4.64714678e-02, -5.31510943e-02],
       [ 1.85600242e-02, -1.93383996e-02, -7.90729957e-02,  1.21334308e-01,  4.18718483e-02],
       [ 3.27503406e-02, -3.53325647e-02,  9.66798897e-03, -9.56569110e-02, -7.63646277e-02],
       [ 1.06715767e-01, -2.96142893e-02,  2.35567636e-02,  1.78679039e-02,  4.94952716e-02],
       [ 1.09500533e-02, -4.98659355e-02,  1.50630008e-02, -7.34637847e-02, -7.73705386e-02],
       [ 4.75990495e-02,  4.49861195e-02,  3.01191808e-02,  1.05325858e-01,  6.16191143e-02],
       [-3.07835473e-03,  3.66539529e-02, -3.19206645e-02,  5.59188894e-02, -3.85872990e-02],
       [ 2.30765532e-02, -4.59167262e-03,  3.60288947e-02, -1.30097552e-02,  6.03459419e-02],
       [-1.79856465e-03,  1.01872866e-01,  1.00882060e-02, -4.24869608e-02, -5.25297053e-02],
       [ 9.04066733e-03,  8.25379810e-02, -6.52428959e-02, -3.39555307e-02, -5.14740876e-02],
       [-6.36305697e-02, -3.87068991e-02, -1.05737713e-01, -4.17738872e-02, -6.47568145e-02],
       [ 7.60033791e-02,  4.62168846e-02,  9.74278146e-02, -5.87395853e-03,  5.77254343e-02],
       [-1.49365339e-02,  1.88140508e-02, -7.27448376e-02, -7.59551150e-02, -4.60120733e-02],
       [ 5.62385753e-02,  1.89613007e-02,  8.21711854e-02,  8.13059330e-03,  4.37630474e-02],
       [-5.28169446e-02,  3.49437793e-02,  2.58695447e-02, -9.17437990e-02, -4.27816899e-02],
       [ 2.41247126e-02,  1.47714467e-02,  7.65466065e-02,  3.71826111e-02,  7.39114771e-02],
       [-9.81236238e-02,  3.31770596e-02, -5.90031376e-02,  1.18300606e-02, -3.65137142e-02],
       [ 4.42969340e-02,  2.92306992e-02,  7.17705924e-02,  1.79483120e-02,  7.39791371e-02],
       [-7.76377981e-02, -2.05356084e-02, -9.01518075e-02, -5.01629822e-02, -5.31686615e-02],
       [ 1.34477546e-02, -3.19492822e-02,  5.23398412e-02, -6.46762864e-02,  2.65106230e-02],
       [-5.15107930e-02,  1.69443683e-02, -9.19512448e-02,  4.38774203e-02, -4.98842378e-02],
       [ 3.89327698e-02, -1.11109542e-01,  4.72400721e-02,  1.20439285e-02,  4.87449167e-02],
       [-7.90395862e-02, -3.41550432e-02,  1.77336681e-02,  3.88834255e-02,  7.13844127e-02],
       [ 4.57544688e-02,  1.94490528e-02, -1.60428131e-02,  1.12729608e-02, -6.45036497e-02],
       [-8.39168749e-02, -6.58762974e-02,  1.42835001e-02,  7.95352173e-02,  4.90664877e-02],
       [ 3.01199336e-02,  3.33728517e-02, -3.56804663e-02, -9.23163704e-03, -5.48245116e-02],
       [-3.59100406e-02, -6.76566445e-02, -7.99881516e-02,  8.17091658e-02,  3.98776163e-02],
       [ 1.38058774e-01,  6.79282525e-02,  2.66722825e-02, -3.55290325e-02, -7.72897645e-02],
       [ 4.32457985e-02, -8.48587122e-02,  1.75649363e-02, -1.80339741e-02,  4.34228900e-02],
       [ 1.17380039e-01,  5.38871180e-02,  3.31727511e-02, -1.35833576e-02, -7.91031398e-02],
       [-3.72482786e-02, -4.01455427e-02,  2.21862671e-02,  6.05425070e-02,  6.64499910e-02],
       [ 3.30166080e-02,  7.00650595e-02, -2.10322154e-02,  7.53896262e-02, -2.98983703e-02],
       [-4.65763366e-02, -7.48081582e-02,  2.15252170e-02, -5.19422992e-02,  5.30804822e-02],
       [ 4.95658811e-02,  1.41400381e-01,  1.53133390e-02, -6.01010396e-03, -4.49408558e-02],
       [-3.44665388e-02, -1.31211031e-01, -4.27584006e-02,  1.41377541e-02, -6.98692984e-02],
       [-4.11731432e-02,  4.39658328e-02,  3.95731025e-02,  1.05677310e-01,  6.20468664e-02],
       [-3.58259009e-02, -9.37729222e-02, -6.20176053e-02, -5.73069348e-03, -6.11736332e-02],
       [ 2.17606211e-02,  1.09044381e-02, -9.37112154e-02,  1.10397072e-01,  5.21101167e-02],
       [ 5.79886056e-02, -1.35969652e-01, -7.82498911e-04, -4.25368313e-02, -9.77281246e-02],
       [ 1.20840473e-01,  9.41615070e-03,  3.64319434e-02, -2.46367322e-02,  5.54724735e-02],
       [ 2.40730111e-02, -1.33214782e-01,  5.97720452e-03, -1.32063772e-02, -8.86465320e-02],
       [ 4.88295486e-02,  1.16627891e-01,  4.80974011e-02,  6.67806231e-02,  7.25715698e-02],
       [-4.32386657e-04,  9.02961201e-03, -4.13172546e-02,  1.03097687e-01, -3.93512287e-02],
       [ 1.67914375e-02,  3.88355551e-02,  4.47623932e-02, -6.67925006e-02,  6.11160104e-02],
       [ 1.90824813e-03,  8.10582715e-02,  3.91833204e-03, -1.06980076e-02, -7.51278168e-02],
       [ 1.69299337e-02, -5.66969262e-02, -3.94908081e-02, -6.09946896e-02, -6.26988825e-02],
       [ 5.89324099e-02,  1.02694185e-01,  6.48931039e-02, -4.05531936e-02,  5.80489599e-02],
       [-4.94345490e-02, -3.10573481e-02,  9.72379197e-02, -7.24383019e-02, -5.57058206e-02],
       [-4.44654386e-03,  1.15059172e-01,  4.04633149e-03, -2.90745151e-02,  7.83156206e-02],
       [-1.08037696e-01, -1.29638221e-02, -2.87093924e-02,  5.22193862e-02, -4.46157801e-02],
       [ 1.64392405e-02,  1.25425340e-01, -3.44880999e-03, -4.63803363e-02,  7.67206991e-02],
       [-6.86625058e-02, -1.13220762e-01, -4.43245501e-02, -9.12468178e-03, -6.46334595e-02],
       [ 1.37121887e-02, -1.63101481e-03,  3.83228880e-02, -1.18747126e-01,  3.24899793e-02],
       [-3.11994396e-02, -4.35331071e-02, -4.05537199e-02,  9.61616505e-02, -5.16555187e-02],
       [ 2.22549607e-02, -5.88939131e-02, -6.85177096e-03, -3.66402350e-02,  6.10146267e-02],
       [ 1.24593841e-02, -3.68946350e-02, -5.87543925e-02, -7.28871858e-02, -5.75934643e-02],
       [-1.33615656e-02, -2.45000299e-02, -6.31804808e-02,  1.23293686e-01,  3.81274210e-02],
       [ 1.08641448e-01, -2.90799552e-02, -2.99514724e-03, -1.22742484e-01, -7.64702440e-02],
       [ 6.42719880e-02, -3.45549406e-02,  3.26712343e-02,  3.09538808e-02,  4.52289936e-02],
       [ 7.94539767e-02, -3.37118009e-02, -1.01753794e-03, -9.15207354e-02, -7.02200704e-02],
       [-6.42674087e-03,  3.19401294e-02,  3.93868220e-02,  1.16165812e-01,  5.66064387e-02],
       [ 3.07553701e-02,  4.16273830e-02, -3.77213108e-02,  3.85297344e-02, -3.52477656e-02],
       [-2.66550543e-02, -1.62770535e-02,  4.39768592e-02,  6.04631566e-03,  5.44708098e-02],
       [ 3.85107719e-02,  1.10029652e-01, -1.01025068e-03, -6.32918091e-02, -5.25590520e-02],
       [-3.69402977e-02, -5.56416322e-03,  5.47115666e-02, -7.38934521e-02, -4.49792574e-02],
       [ 7.92549343e-04,  8.90137051e-02,  3.49048899e-02, -2.79385852e-03,  7.46904853e-02],
       [-9.42781386e-02, -2.84036514e-04, -3.86657426e-02,  3.43073641e-02, -3.82114401e-02],
       [ 2.00565298e-02,  1.02595969e-01,  3.01291561e-02, -2.11696730e-02,  7.45548135e-02],
       [-5.99120501e-02, -8.10609538e-02, -5.94068306e-02, -2.24514322e-02, -5.68193154e-02],
       [ 1.90323261e-02, -8.50139886e-03,  4.34664404e-02, -9.16248235e-02,  2.93218839e-02],
       [-4.19320247e-02, -3.18065812e-02, -6.20992815e-02,  7.71312268e-02, -5.11152840e-02],
       [ 2.59025496e-02, -6.61337651e-02,  1.75402855e-02, -1.71048373e-02,  5.23004691e-02],
       [ 1.52607876e-02,  9.80852857e-03,  1.37359373e-01, -1.15707553e-01, -5.54986459e-02],
       [ 8.97721205e-02, -3.77028544e-02, -6.01829858e-02,  3.67043075e-02,  3.71158978e-02],
       [-4.26693355e-03,  1.63765497e-03,  1.44743701e-01, -9.44002449e-02, -5.57885700e-02],
       [ 5.38410591e-02,  1.07222225e-02, -8.93523711e-02,  1.27002493e-01,  4.99380508e-02],
       [-8.74958113e-03,  4.57389794e-02,  4.56173208e-02,  2.60384378e-02, -2.83037056e-02],
       [ 2.90633524e-02, -3.07651745e-02, -8.20428802e-02,  1.66542499e-02,  4.80974175e-02],
       [-4.18003389e-03,  8.63616059e-02,  8.73154616e-02, -5.69990967e-02, -3.79012815e-02],
       [-9.86428434e-02,  7.73101770e-03, -2.10420784e-03,  3.88277537e-02, -6.97618461e-02],
       [-8.63455425e-02,  1.03186336e-01, -6.47933656e-02,  1.77821159e-03,  9.62516314e-02],
       [-2.10132248e-03, -1.00534967e-01, -6.25841912e-03, -6.42363134e-02, -8.23260581e-02],
       [-2.04146189e-02, -2.79538072e-02,  1.84456046e-02, -1.21843566e-01,  4.30412818e-02],
       [ 2.28440238e-02, -2.53697056e-02, -9.30526645e-03,  9.16302905e-02, -7.54525754e-02],
       [-4.97465358e-02, -1.17858964e-01, -5.11116067e-02, -3.70410325e-03,  7.34045210e-02],
       [-1.15687028e-01, -1.24402438e-03,  3.23526345e-03,  5.21680089e-02, -6.31804865e-02],
       [ 1.38028914e-01,  3.63853434e-03,  3.56637589e-02, -5.11132924e-03,  5.16229925e-02],
       [-4.54561710e-02,  3.65203130e-02, -2.46549784e-02,  8.49937614e-02, -2.18230900e-02],
       [ 8.20135337e-02, -2.66963393e-02,  2.87801715e-02, -7.17228681e-02,  3.61806804e-02],
       [-7.95736920e-02,  1.02710032e-01, -2.15204528e-03,  3.34539995e-02, -3.98049081e-02],
       [-2.65776873e-02, -1.13384790e-01,  1.86853619e-03, -3.94797340e-02, -8.19641568e-02],
       [-3.34230937e-03, -2.57022640e-02,  1.58354216e-02, -1.20455336e-01,  3.79851078e-02],
       [-2.71662510e-03, -2.95402873e-02, -2.02733873e-03,  9.69500819e-02, -6.69415590e-02],
       [-2.90589266e-02, -1.01790887e-01, -5.90358727e-02, -2.08334008e-02,  7.50135975e-02],
       [-1.78163292e-02,  1.09723393e-02, -4.11347694e-02,  8.35167236e-02, -3.68474415e-02],
       [ 5.13917116e-02,  3.79036062e-02,  5.20308847e-02, -4.54457382e-02,  6.22532158e-02],
       [-3.33354292e-02,  8.11378229e-02,  3.56818880e-05, -2.92128827e-02, -6.32872203e-02],
       [-7.66122541e-03,  2.50949163e-02, -3.00459362e-02,  1.01942312e-01, -2.23019702e-02],
       [-9.63495149e-04, -6.85326093e-02,  7.95854982e-03, -7.52491153e-02,  2.47296480e-02],
       [-7.51615563e-03,  8.92474718e-02, -1.30027446e-04,  6.06125567e-02, -4.57371185e-02]])})
2026-01-20 11:01:30,249 - final_problem_set.kxor_instance_n24_k2_m199_ell2_eps0.3_kappa1.0_rho0.8 - INFO - Running key extraction (n=24, m=199, ell=2, phase_qubits=13)
2026-01-20 11:01:30,253 - final_problem_set.kxor_instance_n24_k2_m199_ell2_eps0.3_kappa1.0_rho0.8 - INFO - Built voting matrix V (n=24, ell=2, dtype=complex128) in 0.004s
2026-01-20 11:01:30,253 - final_problem_set.kxor_instance_n24_k2_m199_ell2_eps0.3_kappa1.0_rho0.8 - INFO - Eval: adv=0.7889, hamming=0/24 (0.000), corr=1.000
2026-01-20 11:01:30,253 - final_problem_set.kxor_instance_n24_k2_m199_ell2_eps0.3_kappa1.0_rho0.8 - INFO - Key extraction complete: x_hat=3
2026-01-20 11:01:30,253 - final_problem_set.kxor_instance_n24_k2_m199_ell2_eps0.3_kappa1.0_rho0.8 - INFO - Finished step 'KeyExtractionStep' in 0.005s (success: True, problem=kxor_instance_n24_k2_m199_ell2_eps0.3_kappa1.0_rho0.8)
2026-01-20 11:01:30,254 - final_problem_set.kxor_instance_n24_k2_m199_ell2_eps0.3_kappa1.0_rho0.8 - INFO - SUCCESS: len(z_hat)=24
2026-01-20 11:01:30,254 - final_problem_set.kxor_instance_n24_k2_m199_ell2_eps0.3_kappa1.0_rho0.8 - INFO - Metrics: adv=0.7889447236180904, ham_frac=0.0, corr=1.0
2026-01-20 11:01:30,254 - final_problem_set.kxor_instance_n24_k2_m199_ell2_eps0.3_kappa1.0_rho0.8 - INFO - z_hat (full): [ 1, -1, -1, -1,  1,  1, -1, -1,  1,  1, -1,  1,  1, -1,  1, -1,  1, -1,  1, -1,  1, -1,  1, -1]
