2026-01-20 11:00:41,163 - final_problem_set.kxor_instance_n18_k2_m125_ell2_eps0.2_kappa1.0_rho0.4 - INFO - Starting iteration for /Users/julian/CodingProjects/UniT3/QuarticSpeedupK-XOR/z_Daphne/data/final_problem_set/kxor_instance_n18_k2_m125_ell2_eps0.2_kappa1.0_rho0.4.npz
2026-01-20 11:00:41,164 - final_problem_set.kxor_instance_n18_k2_m125_ell2_eps0.2_kappa1.0_rho0.4 - INFO - Loaded instance (n=18, m=125, k=2)
2026-01-20 11:00:41,165 - final_problem_set.kxor_instance_n18_k2_m125_ell2_eps0.2_kappa1.0_rho0.4 - INFO - Starting step 'ComputeKikuchiStep' (version 0.1) on problem kxor_instance_n18_k2_m125_ell2_eps0.2_kappa1.0_rho0.4 (fields={'ell': 2, 'threshold': 0.0})
2026-01-20 11:00:41,178 - final_problem_set.kxor_instance_n18_k2_m125_ell2_eps0.2_kappa1.0_rho0.4 - INFO - Finished step 'ComputeKikuchiStep' in 0.014s (success: True, problem=kxor_instance_n18_k2_m125_ell2_eps0.2_kappa1.0_rho0.4)
2026-01-20 11:00:41,178 - final_problem_set.kxor_instance_n18_k2_m125_ell2_eps0.2_kappa1.0_rho0.4 - INFO - Starting step 'ClassicalEigenvaluesStep' (version 0.1) on problem kxor_instance_n18_k2_m125_ell2_eps0.2_kappa1.0_rho0.4 (fields={'ell': 2, 'threshold': 0.0, 'kikuchi_matrix': <Dictionary Of Keys sparse matrix of dtype 'int64'
	with 2816 stored elements and shape (153, 153)>, 'num_eigenvalues': 5})
2026-01-20 11:00:41,230 - final_problem_set.kxor_instance_n18_k2_m125_ell2_eps0.2_kappa1.0_rho0.4 - INFO - Finished step 'ClassicalEigenvaluesStep' in 0.052s (success: True, problem=kxor_instance_n18_k2_m125_ell2_eps0.2_kappa1.0_rho0.4)
2026-01-20 11:00:41,230 - final_problem_set.kxor_instance_n18_k2_m125_ell2_eps0.2_kappa1.0_rho0.4 - INFO - Starting step 'KeyExtractionStep' (version 0.1) on problem kxor_instance_n18_k2_m125_ell2_eps0.2_kappa1.0_rho0.4 (fields={'ell': 2, 'threshold': 0.0, 'kikuchi_matrix': <Dictionary Of Keys sparse matrix of dtype 'int64'
	with 2816 stored elements and shape (153, 153)>, 'num_eigenvalues': 5, 'eigenvalues': array([-8.73029013,  9.20773574,  9.36802682, 10.49638597, 11.39239037]), 'eigenvectors': array([[ 2.51686915e-02,  7.46895620e-02,  7.97170465e-02,  5.19459666e-02, -4.78732227e-03],
       [ 7.85857044e-03, -1.16092410e-01, -6.82927027e-02,  7.74108412e-03, -1.30841183e-02],
       [-2.11782586e-02,  8.06424731e-02,  8.42826680e-02, -3.44564303e-02,  3.39615125e-02],
       [ 1.34786239e-02, -2.79911260e-02, -4.68482018e-02, -5.71283320e-02,  9.17572888e-03],
       [ 2.81760193e-02, -5.92691459e-02, -2.56540876e-02, -3.00367546e-02,  5.46112475e-03],
       [ 6.21775897e-03,  4.87351109e-02,  9.14477998e-02,  6.96071182e-03,  1.69149438e-02],
       [ 2.09250065e-02,  7.75586552e-02,  4.28268381e-02, -1.06123327e-01,  2.99827851e-02],
       [-1.57325730e-02, -6.49454226e-02, -2.01324758e-02,  1.04125477e-01, -3.38822949e-02],
       [ 2.52792324e-03, -6.88019788e-02,  2.13146606e-02,  9.65579107e-02, -4.13203576e-02],
       [ 5.81314009e-03, -7.38456376e-02,  3.00615902e-04,  6.73588126e-02, -1.95295040e-02],
       [-1.86257122e-02,  2.63352642e-02,  8.63195288e-02,  9.15112102e-02, -3.99713376e-03],
       [ 2.92506541e-02, -1.70772188e-02,  4.35192219e-02,  9.62092629e-02, -1.56393110e-02],
       [ 2.41885952e-02, -7.62299509e-03, -7.44105374e-02, -1.11237060e-01,  2.11665993e-02],
       [-2.61131550e-02, -4.47225202e-02, -1.02193193e-01, -9.16570724e-02,  1.04594080e-04],
       [ 4.79601317e-02, -3.17819592e-02, -7.14820397e-02,  4.28917867e-02, -4.54199309e-02],
       [ 1.20077409e-02,  3.87468491e-02,  6.30415493e-02, -2.53823523e-03,  1.65199779e-02],
       [-1.13876493e-02, -6.40214035e-02, -1.12068162e-01, -3.54931943e-02, -1.14305337e-02],
       [-3.32971705e-04, -1.09348678e-01, -1.12442248e-02, -2.90996899e-02, -1.84948686e-02],
       [ 1.82339829e-01,  2.61207692e-02,  1.51338047e-01,  1.68250105e-02,  7.50717533e-02],
       [ 8.43771583e-03, -1.01805227e-01,  1.26500858e-02, -5.39751941e-02,  4.93067114e-02],
       [-1.85860952e-01, -9.89408751e-02,  4.47243918e-02, -2.25979096e-02,  3.67667320e-02],
       [ 5.36444359e-02,  4.70758258e-02,  1.13028496e-01,  4.42157561e-02,  2.73203012e-02],
       [-3.60322471e-02, -5.61636704e-02,  1.05898471e-01, -4.69146405e-02,  1.19198232e-01],
       [ 1.54963244e-01,  6.54729898e-02, -9.92583169e-02,  4.91574403e-02, -1.19980454e-01],
       [ 1.40482680e-01,  4.98449921e-02, -6.19378566e-02,  5.92391602e-02, -9.30507652e-02],
       [-6.96891402e-02,  7.81385708e-04,  7.33305484e-03,  3.72549003e-02, -7.46396440e-02],
       [ 2.12801120e-02,  1.53095907e-01,  7.73010114e-03,  8.66500803e-02, -7.67453215e-02],
       [-1.13435976e-01,  1.11083811e-01,  6.78311146e-03,  8.11471967e-02, -9.88825798e-02],
       [-4.67112464e-02, -1.31354856e-01,  9.98972429e-03, -8.35904418e-02,  8.00412568e-02],
       [ 1.24019587e-01, -1.45164499e-01, -3.98963944e-02, -7.81385050e-02,  5.77254025e-02],
       [-1.37459150e-01,  3.37914937e-02, -1.87439913e-01,  2.70505651e-03, -9.46758102e-02],
       [-8.56349685e-02,  3.16241782e-02,  1.07616565e-01,  2.80101801e-02,  3.56936325e-02],
       [ 8.11958870e-02, -1.24514914e-01, -1.19402477e-01, -8.48198563e-02, -2.63617723e-04],
       [ 8.58972595e-02, -2.36093263e-02, -1.58588372e-01,  5.83305357e-02, -1.96544344e-02],
       [ 2.43944911e-02,  1.28436665e-01, -2.94561970e-02,  5.41672085e-02,  8.16409678e-03],
       [-8.61687483e-02,  4.62956169e-02, -1.81494687e-02,  3.19395665e-02,  1.46542360e-02],
       [ 4.82667979e-02, -1.01322714e-01, -1.06026953e-01,  2.74944396e-02, -1.83057062e-02],
       [-2.29968722e-02,  9.96838385e-02, -1.56200065e-01,  9.72002929e-02, -3.01688472e-02],
       [ 7.64768951e-02, -1.08975943e-01,  1.69099006e-01, -1.12114280e-01,  1.61490385e-02],
       [ 1.84647490e-02, -1.10605559e-01,  1.14069007e-01, -9.03511363e-02,  2.13977624e-02],
       [-1.93016078e-02, -6.74892800e-02,  7.02380600e-02, -6.01735316e-02,  1.21641018e-02],
       [-8.11231455e-03, -2.03117139e-01,  3.45531532e-02, -6.17569539e-02, -2.36803745e-02],
       [-3.73635815e-02, -1.54118733e-01,  6.64719507e-02, -8.22967477e-02,  1.66616315e-03],
       [ 1.21504991e-02,  2.01656402e-01, -5.68419163e-02,  8.99988152e-02,  1.56591260e-03],
       [ 4.97343721e-02,  2.08676451e-01,  1.48863381e-02,  4.95089637e-02,  1.61674929e-02],
       [ 4.35110179e-03,  2.74681344e-02,  2.02686929e-01, -1.07390955e-01,  1.75617905e-02],
       [-1.40404881e-02, -6.28451088e-02, -1.07152118e-01,  3.02893878e-02, -1.42123917e-02],
       [-6.87909797e-03,  1.64620743e-01,  9.82982166e-02, -1.37288147e-02,  1.76526329e-02],
       [ 4.81942186e-02, -2.67126586e-02, -6.70949363e-02, -4.88039566e-02, -7.36100330e-02],
       [ 1.60721458e-01,  9.51083537e-03, -9.98928367e-02, -2.39013410e-02, -5.63818259e-02],
       [-4.50775685e-04,  1.11744666e-01,  8.40030502e-02, -6.66271391e-02,  1.67283960e-02],
       [ 1.71385781e-02,  5.55142476e-02,  6.63074075e-02, -1.46795228e-01, -7.84435298e-02],
       [-8.94852189e-02, -4.68533552e-02, -5.72496161e-02,  1.57182728e-01,  8.47307546e-02],
       [-1.88618115e-01, -1.89082412e-02, -4.82774867e-02,  1.33463169e-01,  8.17469839e-02],
       [ 8.92088745e-02,  1.72073425e-05, -9.64087468e-02,  1.09931591e-01,  5.80113565e-02],
       [-4.07468279e-02,  7.09695553e-02,  1.16867204e-01,  7.78228481e-02,  1.15351166e-01],
       [ 1.31544487e-01,  8.91332125e-03, -2.29884111e-02,  1.17827423e-01,  1.07781214e-01],
       [ 1.08838528e-01, -4.08192590e-02, -3.92912283e-02, -1.00113944e-01, -1.17597438e-01],
       [-6.70036886e-02, -5.13257934e-02, -8.84130118e-02, -4.46349544e-02, -1.18435959e-01],
       [ 2.25535098e-01, -1.00060639e-01, -5.94228300e-02,  1.30268198e-01,  4.33561019e-02],
       [ 9.16689230e-02,  7.09949340e-02,  5.65704691e-02, -5.52708514e-02,  6.03983343e-04],
       [-1.32348142e-01, -1.06413232e-01, -1.17368870e-01,  5.79215492e-02, -5.86428300e-02],
       [-4.92439541e-02,  1.14592549e-01, -4.46535167e-02,  2.56500737e-02, -5.05367221e-02],
       [ 2.67537344e-02, -1.00173524e-03, -6.93072635e-02, -5.76133327e-02, -1.68543863e-02],
       [ 4.29451443e-03, -1.22302214e-03, -1.39470628e-02,  1.04260076e-02, -1.14346736e-01],
       [ 5.44257397e-02, -1.10751978e-03,  1.70113861e-02, -1.95466644e-02,  9.96654021e-02],
       [ 2.61730102e-02,  1.39385647e-02, -2.95359447e-02, -2.69690476e-02,  1.08915615e-01],
       [-2.61646735e-02,  5.42553384e-02, -6.25432626e-02, -1.39506566e-02,  7.51768234e-02],
       [-1.02848519e-02, -8.97687831e-02, -4.20572168e-02, -9.07232566e-02,  1.06190480e-01],
       [-2.00904690e-03, -3.28625874e-02, -4.05399873e-02, -4.91103881e-02,  8.34776371e-02],
       [ 8.52553251e-03,  4.49563246e-02,  3.69256556e-02,  6.49378484e-02, -8.79874432e-02],
       [ 3.47678846e-02,  8.94999670e-02,  5.46601583e-02,  9.16511219e-02, -7.85021232e-02],
       [ 3.24199609e-03, -1.59460632e-02,  9.71366487e-02,  2.98398944e-02,  8.09157066e-02],
       [-1.42588505e-02, -1.22967265e-02, -5.92132180e-02, -4.45078393e-02, -3.09521444e-02],
       [-3.44385404e-03,  6.78111969e-02,  8.67716609e-02,  1.05101619e-01, -2.03287256e-02],
       [-1.15602269e-02, -4.15615559e-02, -6.72305330e-02, -3.41871957e-02, -1.34627480e-02],
       [-3.34516041e-02,  1.10224442e-01, -1.01800595e-01, -7.07197038e-03, -9.62938839e-02],
       [ 8.10789938e-02, -1.24337853e-01,  1.05061464e-01,  1.35669876e-02,  1.06711827e-01],
       [ 1.95023526e-01, -1.04674967e-01,  5.82490343e-02, -3.74932678e-04,  9.97186199e-02],
       [-1.01631537e-01, -4.91212328e-02,  1.08876882e-02,  7.62425683e-03,  5.81300292e-02],
       [ 9.45305505e-02, -1.53037916e-01,  5.41105112e-02, -1.88781880e-02,  6.43992805e-02],
       [-1.56387484e-01, -1.25901492e-01,  4.29373985e-02, -7.91007611e-03,  6.50544839e-02],
       [-1.27396936e-01,  1.61067839e-01, -4.50332293e-02,  3.26326631e-02, -9.04719425e-02],
       [ 7.24945163e-02,  1.42405456e-01, -2.76521781e-02,  1.97036151e-02, -5.26780664e-02],
       [-1.99065565e-01, -4.97444403e-02,  1.33418840e-01,  9.04306770e-03,  7.07487697e-02],
       [-1.21617240e-01, -1.01420092e-02, -6.71502673e-02, -2.46849138e-02, -2.14494520e-02],
       [ 1.75462232e-01,  9.48067279e-02,  5.04276612e-02,  5.11814831e-02, -1.03642426e-02],
       [ 1.42919259e-02,  1.05827311e-01,  2.97657891e-03, -1.14617820e-01,  1.33307875e-02],
       [ 2.32858402e-02, -9.82773402e-02,  1.09850037e-02,  1.19121877e-01, -7.88120684e-03],
       [-3.12275922e-02, -8.95566804e-02, -1.10815398e-02,  1.20653723e-01,  1.22577515e-02],
       [ 1.32067321e-02, -7.44474979e-02, -2.44112220e-02,  8.55487261e-02,  6.32716219e-03],
       [-2.89749822e-02,  1.30030376e-03,  1.11397105e-01,  9.61274275e-02,  4.12846967e-02],
       [ 2.29354574e-02, -3.43725844e-02,  5.71418034e-02,  1.07007200e-01,  1.52499365e-02],
       [ 4.81844425e-02,  1.99808644e-02, -7.07134635e-02, -1.05899402e-01, -3.36529600e-02],
       [-6.97559984e-04, -3.25910412e-02, -1.36176923e-01, -8.20144012e-02, -3.22108303e-02],
       [ 7.08918397e-02, -8.05171267e-02, -5.69586322e-02,  7.20956833e-02, -1.78759419e-02],
       [ 2.88060710e-02,  6.95914320e-02,  6.99727571e-02, -2.34193349e-02,  1.78467293e-02],
       [-5.46277941e-02, -7.16123753e-02, -1.12511026e-01, -8.68002720e-03, -3.25912202e-02],
       [ 2.19374842e-02,  1.28627937e-02, -1.00392703e-01,  1.15557352e-01,  1.49511211e-01],
       [ 6.44384229e-02,  5.36286036e-02, -1.16262364e-01,  8.14745880e-02,  1.44629110e-01],
       [-2.63161337e-02,  1.00187026e-01, -1.52561907e-01,  7.71043458e-02,  9.65569777e-02],
       [-6.85204822e-03,  4.91273896e-02,  5.57893883e-03, -2.62756703e-02,  1.95707885e-01],
       [-1.29493821e-02,  5.40800849e-02, -6.62578159e-02,  3.34372137e-02,  1.35593795e-01],
       [-1.29951524e-02, -7.15404750e-02,  4.21463789e-02, -5.91994219e-03, -1.64026107e-01],
       [ 5.70015354e-03, -6.87484194e-02, -3.86654821e-02,  5.46840140e-02, -1.39206844e-01],
       [-2.57140108e-02, -1.24280121e-01, -3.66077467e-02,  1.54821396e-01,  1.09376397e-01],
       [-2.36501302e-02,  7.17997681e-02,  1.78379780e-02, -9.69136206e-02, -1.71059028e-02],
       [ 3.24182477e-02, -1.06859997e-01, -5.37272550e-02,  1.63546507e-01, -6.46187413e-02],
       [-1.44063888e-01, -5.84144551e-02,  1.40947317e-01, -9.36895494e-02, -1.67811884e-01],
       [ 5.63100708e-02, -8.87027051e-02,  1.39428304e-01, -6.51279995e-02, -8.48343499e-02],
       [-6.85607583e-02, -3.47525785e-02, -7.77227315e-03,  3.21550982e-02, -1.76021738e-01],
       [ 1.10817400e-01, -4.42784593e-02,  6.86918714e-02, -2.90427016e-02, -1.34257591e-01],
       [ 1.00983239e-01,  5.92745004e-02, -5.31263216e-02, -1.07765911e-03,  1.64046788e-01],
       [-2.95101991e-02,  4.86914243e-02,  2.35837481e-02, -6.22501178e-02,  1.38445533e-01],
       [ 1.48671628e-01,  1.15360552e-01,  1.95305538e-02, -1.58188820e-01, -1.14017262e-01],
       [ 8.06701504e-02, -6.83009342e-02, -2.23438714e-02,  1.13263072e-01,  3.11133625e-02],
       [-1.42543486e-01,  7.99857061e-02,  7.21857761e-03, -1.65572707e-01,  7.18830351e-02],
       [ 8.30682469e-02, -1.04609026e-01,  1.23693995e-01, -4.32966090e-02, -7.61073097e-02],
       [-8.04126328e-02, -6.12250041e-02,  3.16384293e-02,  5.16060389e-02, -1.55622146e-01],
       [ 1.53518261e-01, -6.65565622e-02,  9.84767013e-02, -3.71414854e-03, -1.29183129e-01],
       [ 1.08083783e-01,  8.54475013e-02, -7.42234346e-02, -2.38363360e-02,  1.44504422e-01],
       [-1.29748649e-01,  6.85616829e-02, -3.85097168e-02, -7.90352452e-02,  1.39270721e-01],
       [ 1.75735260e-01,  8.60417171e-02,  3.31742384e-02, -1.35738014e-01, -1.13511769e-01],
       [ 1.06925728e-01, -4.82696499e-02, -9.57075385e-03,  9.94155161e-02,  3.23858814e-02],
       [-1.04710293e-01,  8.68086253e-02,  3.88122103e-02, -1.66323690e-01,  3.67918639e-02],
       [ 2.64688773e-02, -1.12733203e-01,  6.01279433e-02,  2.25985145e-02, -8.93298325e-02],
       [-1.03442960e-01, -1.04188535e-01,  9.02622576e-02, -1.16998358e-02, -6.82965380e-02],
       [-3.06810080e-02,  1.24699642e-01, -9.85704471e-02, -7.06132048e-03,  8.97473383e-02],
       [ 4.04585476e-02,  1.17005698e-01, -5.04154365e-02, -4.97693839e-02,  8.00765300e-02],
       [-8.55679477e-02,  4.10190548e-02,  1.00269803e-01, -1.17109250e-01, -8.06295436e-02],
       [-4.24662398e-02, -3.84593557e-02, -3.96792264e-02,  7.59645808e-02,  2.28649594e-02],
       [ 5.91337447e-02,  1.02266707e-01,  1.93474328e-02, -1.12901124e-01,  2.58991486e-02],
       [ 3.28053505e-02,  8.85371726e-03,  7.17318418e-02,  7.94642827e-02, -1.24698030e-01],
       [-7.36627282e-03, -4.27792690e-02, -9.99583443e-02, -1.37781415e-01,  1.69232487e-01],
       [-3.28998647e-02, -7.75123051e-02, -9.91390608e-02, -1.30038261e-01,  1.01750641e-01],
       [ 3.78151707e-02,  4.60201352e-02, -1.34583927e-01, -5.48843652e-02, -1.66006179e-01],
       [ 1.72308465e-02,  2.43214399e-02,  1.04670409e-01,  7.78110381e-02,  5.44012895e-02],
       [-9.75259485e-03, -6.01030302e-02, -1.24457130e-01, -1.55388183e-01,  6.41173258e-03],
       [-9.34836888e-02,  3.01581203e-02, -1.13388625e-01, -7.71988731e-02,  1.46387599e-01],
       [ 1.07494008e-01,  3.77031703e-03, -5.72503460e-02, -9.70334007e-02,  9.19969363e-02],
       [-1.69946464e-01,  6.27447317e-02, -1.24123261e-02, -1.02483669e-01, -1.28972065e-01],
       [-9.89976180e-02, -1.70310147e-02,  2.93439606e-02,  8.90975705e-02,  3.83249342e-02],
       [ 1.11730395e-01,  1.07788266e-02, -6.16434130e-02, -1.61320212e-01,  2.61751139e-02],
       [ 4.51142198e-02,  3.33715349e-02,  8.90504337e-02,  1.28039966e-01, -1.12066333e-01],
       [-3.24021040e-02, -3.96304378e-02,  7.84445688e-02,  8.42309850e-02,  1.34794043e-01],
       [-2.26230206e-02, -1.28268939e-03, -5.05354933e-02, -8.14296741e-02, -5.91982087e-02],
       [ 2.29121141e-02,  2.49227347e-02,  8.08030289e-02,  1.71259120e-01, -1.90517368e-02],
       [ 7.85242653e-02, -4.12507313e-02,  1.20774330e-01,  2.54734330e-02,  1.48961277e-01],
       [ 4.61885816e-02, -3.08683584e-02, -1.04265095e-01, -5.87664970e-02, -5.11091046e-02],
       [-9.29510552e-02,  7.05684781e-02,  1.41191145e-01,  1.31155892e-01,  3.03152317e-03],
       [-7.22247095e-02, -6.60846153e-02, -4.50871712e-02,  6.70090902e-02,  5.07772257e-03],
       [ 8.86535703e-02,  4.95611321e-02,  1.16798931e-01, -8.66558358e-02,  7.31056465e-02],
       [ 5.28678906e-02, -7.99920015e-02, -1.16869267e-01,  7.21570501e-03, -3.50086754e-02]])})
2026-01-20 11:00:41,232 - final_problem_set.kxor_instance_n18_k2_m125_ell2_eps0.2_kappa1.0_rho0.4 - INFO - Running key extraction (n=18, m=125, ell=2, phase_qubits=12)
2026-01-20 11:00:41,233 - final_problem_set.kxor_instance_n18_k2_m125_ell2_eps0.2_kappa1.0_rho0.4 - INFO - Built voting matrix V (n=18, ell=2, dtype=complex128) in 0.002s
2026-01-20 11:00:41,234 - final_problem_set.kxor_instance_n18_k2_m125_ell2_eps0.2_kappa1.0_rho0.4 - INFO - Eval: adv=0.4400, hamming=4/18 (0.222), corr=0.556
2026-01-20 11:00:41,234 - final_problem_set.kxor_instance_n18_k2_m125_ell2_eps0.2_kappa1.0_rho0.4 - INFO - Key extraction complete: x_hat=11
2026-01-20 11:00:41,234 - final_problem_set.kxor_instance_n18_k2_m125_ell2_eps0.2_kappa1.0_rho0.4 - INFO - Finished step 'KeyExtractionStep' in 0.002s (success: True, problem=kxor_instance_n18_k2_m125_ell2_eps0.2_kappa1.0_rho0.4)
2026-01-20 11:00:41,234 - final_problem_set.kxor_instance_n18_k2_m125_ell2_eps0.2_kappa1.0_rho0.4 - INFO - SUCCESS: len(z_hat)=18
2026-01-20 11:00:41,234 - final_problem_set.kxor_instance_n18_k2_m125_ell2_eps0.2_kappa1.0_rho0.4 - INFO - Metrics: adv=0.44, ham_frac=0.2222222222222222, corr=0.5555555555555556
2026-01-20 11:00:41,234 - final_problem_set.kxor_instance_n18_k2_m125_ell2_eps0.2_kappa1.0_rho0.4 - INFO - z_hat (full): [ 1,  1, -1, -1, -1, -1, -1, -1,  1,  1,  1,  1,  1, -1, -1,  1, -1, -1]
