2026-01-20 11:01:29,591 - final_problem_set.kxor_instance_n24_k2_m199_ell2_eps0.3_kappa1.0_rho0.2 - INFO - Starting iteration for /Users/julian/CodingProjects/UniT3/QuarticSpeedupK-XOR/z_Daphne/data/final_problem_set/kxor_instance_n24_k2_m199_ell2_eps0.3_kappa1.0_rho0.2.npz
2026-01-20 11:01:29,592 - final_problem_set.kxor_instance_n24_k2_m199_ell2_eps0.3_kappa1.0_rho0.2 - INFO - Loaded instance (n=24, m=199, k=2)
2026-01-20 11:01:29,592 - final_problem_set.kxor_instance_n24_k2_m199_ell2_eps0.3_kappa1.0_rho0.2 - INFO - Starting step 'ComputeKikuchiStep' (version 0.1) on problem kxor_instance_n24_k2_m199_ell2_eps0.3_kappa1.0_rho0.2 (fields={'ell': 2, 'threshold': 0.0})
2026-01-20 11:01:29,623 - final_problem_set.kxor_instance_n24_k2_m199_ell2_eps0.3_kappa1.0_rho0.2 - INFO - Finished step 'ComputeKikuchiStep' in 0.031s (success: True, problem=kxor_instance_n24_k2_m199_ell2_eps0.3_kappa1.0_rho0.2)
2026-01-20 11:01:29,623 - final_problem_set.kxor_instance_n24_k2_m199_ell2_eps0.3_kappa1.0_rho0.2 - INFO - Starting step 'ClassicalEigenvaluesStep' (version 0.1) on problem kxor_instance_n24_k2_m199_ell2_eps0.3_kappa1.0_rho0.2 (fields={'ell': 2, 'threshold': 0.0, 'kikuchi_matrix': <Dictionary Of Keys sparse matrix of dtype 'int64'
	with 6292 stored elements and shape (276, 276)>, 'num_eigenvalues': 5})
2026-01-20 11:01:29,767 - final_problem_set.kxor_instance_n24_k2_m199_ell2_eps0.3_kappa1.0_rho0.2 - INFO - Finished step 'ClassicalEigenvaluesStep' in 0.144s (success: True, problem=kxor_instance_n24_k2_m199_ell2_eps0.3_kappa1.0_rho0.2)
2026-01-20 11:01:29,767 - final_problem_set.kxor_instance_n24_k2_m199_ell2_eps0.3_kappa1.0_rho0.2 - INFO - Starting step 'KeyExtractionStep' (version 0.1) on problem kxor_instance_n24_k2_m199_ell2_eps0.3_kappa1.0_rho0.2 (fields={'ell': 2, 'threshold': 0.0, 'kikuchi_matrix': <Dictionary Of Keys sparse matrix of dtype 'int64'
	with 6292 stored elements and shape (276, 276)>, 'num_eigenvalues': 5, 'eigenvalues': array([-11.05030316, -10.76826726,  10.4627392 ,  11.21531459,  11.59793649]), 'eigenvectors': array([[ 6.89499416e-02, -2.20068288e-02, -4.11746238e-02,  1.07735445e-01, -1.72129549e-02],
       [ 3.52619143e-02,  8.64515040e-02,  7.53581711e-02, -1.28830309e-01,  2.20574302e-02],
       [-9.25698280e-02,  7.59432631e-02, -8.03790768e-03,  5.08912442e-02, -4.47139654e-03],
       [ 6.33448378e-02,  5.09782098e-02,  6.78810106e-02, -7.31677763e-02,  2.79261943e-02],
       [ 7.63808352e-02, -1.09477956e-02,  3.55090607e-02,  8.79633095e-02,  2.19369927e-02],
       [-4.80658124e-02, -6.84010373e-02, -1.40524246e-02,  8.87134883e-02,  1.30232120e-02],
       [-3.35841010e-03,  1.88295115e-02, -9.32228822e-02, -1.39041768e-03, -5.08812027e-02],
       [-3.20778748e-03,  2.78623997e-02,  2.36291397e-02,  1.52001936e-02,  1.61906371e-02],
       [-1.02720809e-01, -8.71418155e-03,  4.78478849e-02,  2.30073702e-02,  2.41313760e-02],
       [ 1.17651479e-02,  4.46722643e-02, -9.60299000e-02,  1.59090937e-02, -4.94121756e-02],
       [-1.01904231e-01, -5.18550314e-03,  7.53848008e-02, -4.14923918e-02,  2.64971437e-02],
       [-1.28658361e-02,  5.47863141e-02,  2.56553548e-02,  9.76420815e-02,  2.28385963e-02],
       [-4.19647945e-02, -2.18313350e-02,  7.76789530e-02, -4.81729526e-02,  2.48248053e-02],
       [-5.90694752e-02,  6.22122574e-02, -1.40791068e-01,  2.63589809e-02, -5.84424213e-02],
       [-4.25244866e-02,  8.57957212e-02, -2.04540654e-02, -3.98912907e-02, -1.86638805e-02],
       [-1.19992427e-02,  2.89513110e-02, -5.35538607e-02,  5.23524353e-02, -1.90772928e-02],
       [ 1.98791405e-02, -7.64943877e-02,  3.44841625e-02, -9.10992079e-02, -7.34446037e-04],
       [ 7.04721960e-02, -7.95216127e-03, -7.96637264e-02, -2.63012819e-02, -5.32695398e-02],
       [ 5.11718584e-02, -9.88934004e-02, -6.23602957e-02, -4.01932302e-03, -2.81589953e-02],
       [-2.10547086e-02,  6.29092624e-02,  5.24811454e-02,  1.44866277e-02,  2.30688842e-02],
       [ 9.15161956e-02,  8.30858047e-02,  8.79303254e-02,  4.16930346e-02,  5.28907014e-02],
       [ 6.71620546e-02,  9.44864242e-02, -1.48933454e-02,  2.33862302e-02, -6.48110103e-03],
       [ 2.55702763e-02, -5.88508700e-02,  7.08952269e-02,  1.47968915e-02,  2.87835599e-02],
       [ 5.59653640e-02,  8.78795348e-02, -6.83948392e-02,  2.17395444e-01,  8.33075785e-02],
       [-9.78756674e-02,  7.05576834e-02,  2.62118668e-02, -7.10583391e-02, -4.25328956e-02],
       [ 7.39263118e-02,  3.76891817e-02, -4.48160453e-02,  1.99985201e-01,  3.82168541e-02],
       [ 1.04760118e-01, -1.68958565e-02,  2.31820199e-02, -9.73318481e-02, -1.29847920e-01],
       [-4.99400054e-02, -6.34332035e-02,  5.16091015e-02, -1.04443663e-01, -9.84082419e-02],
       [-9.33360342e-03,  1.92325824e-02,  1.42041353e-02, -7.80946764e-02,  1.30284005e-01],
       [-7.33033185e-03,  3.50426199e-02,  1.97397671e-02,  7.21720677e-03, -6.74372918e-02],
       [-1.05071839e-01,  4.15463535e-04, -2.93289641e-02,  1.78124006e-03, -8.20333899e-02],
       [ 2.53733649e-02,  4.36730166e-02,  1.94721230e-02, -1.18020864e-01,  1.17668580e-01],
       [-1.52672396e-01,  3.66476180e-03, -2.24903915e-02,  1.29723003e-01, -2.82199824e-02],
       [-9.55330783e-03,  5.20174015e-02,  4.45367574e-02, -1.15071022e-01, -1.51314412e-01],
       [-5.97370356e-02, -1.90755672e-02, -5.60533450e-02,  1.35446925e-01, -2.09877299e-02],
       [-7.15295888e-02,  6.00228887e-02,  1.03388676e-02, -1.14124541e-01,  1.10506030e-01],
       [-3.67595566e-02,  7.74044268e-02,  1.13356157e-02,  3.27283337e-02,  7.81664422e-02],
       [ 3.59613561e-03,  2.17667232e-02,  6.20187511e-02, -1.20134319e-01, -1.60091181e-02],
       [ 1.44293381e-02, -7.75750626e-02, -3.10170358e-02,  1.12173496e-01,  5.89880289e-02],
       [ 1.13188207e-01, -1.20481078e-02,  1.38563741e-02, -2.53422509e-02,  1.47209443e-01],
       [ 5.23583212e-02, -9.90126997e-02, -6.85269914e-04, -3.20543967e-02,  8.33545129e-02],
       [-1.89769020e-02,  5.69612901e-02, -3.33776924e-02,  2.09020818e-02, -6.23395459e-02],
       [ 1.20227406e-01,  7.58188460e-02, -1.96385800e-02, -4.26024680e-03, -1.77479756e-01],
       [ 8.74206028e-02,  8.76926609e-02,  3.12955032e-02, -5.49154792e-02, -2.77492570e-02],
       [ 4.16267916e-02, -7.20910781e-02,  9.44744910e-03, -4.14788598e-03, -1.13114675e-01],
       [-8.88996740e-02, -1.11506783e-01, -3.11952765e-02,  7.87716472e-02,  3.68980805e-02],
       [-4.74579306e-02,  8.42803974e-02,  7.00510372e-02, -2.10353762e-01, -2.46280605e-02],
       [ 1.14461331e-02,  8.43057172e-02, -1.02806905e-02,  1.19569622e-01,  1.27400302e-01],
       [ 4.38726948e-02, -5.28529588e-02, -3.74472352e-02,  1.15096548e-01,  8.94137907e-02],
       [-1.98181024e-02, -1.80963899e-02, -6.06839079e-02,  7.44479831e-02, -1.33377133e-01],
       [-1.72131225e-03, -3.26091068e-02, -1.04908129e-03, -1.90199265e-02,  5.88571159e-02],
       [-1.04144523e-02, -1.15170288e-01,  4.04992087e-02,  1.92824081e-02,  9.21088270e-02],
       [-7.54067455e-03,  8.71741180e-03, -3.65416115e-02,  9.03538584e-02, -1.27380263e-01],
       [ 4.72094517e-03, -1.63339924e-01,  3.51375284e-02, -1.09543182e-01,  3.75803234e-02],
       [-4.32692523e-02, -2.23084878e-02, -3.06596001e-02,  1.37937517e-01,  1.43924810e-01],
       [-8.94545931e-03, -2.77460070e-02,  6.39639706e-02, -1.16223455e-01,  3.37168371e-02],
       [-9.56673758e-02, -6.92247287e-02, -3.24100727e-02,  9.62444926e-02, -1.16915904e-01],
       [-8.10304375e-02, -2.38667264e-02, -3.02894431e-02, -3.84136259e-02, -7.75795657e-02],
       [-3.49613222e-02,  1.88497708e-02, -9.71451788e-02,  1.55842301e-01,  1.02031616e-02],
       [ 6.54216756e-02,  6.27827195e-03,  3.07528143e-02, -1.23425912e-01, -5.49843533e-02],
       [ 2.07486487e-02,  1.09910183e-01, -4.18239622e-02,  2.40702229e-03, -1.56687387e-01],
       [ 9.81900381e-02,  2.36396072e-02, -3.84300866e-02,  5.02862683e-02, -7.68344271e-02],
       [-6.08790736e-02, -1.46350504e-02,  3.48693909e-02,  1.01785025e-02,  7.48705465e-02],
       [-4.53816637e-02,  8.45706911e-02,  6.23253199e-02,  1.20427036e-02,  1.70818024e-01],
       [-5.45026001e-02,  6.84992117e-02, -2.81443737e-02,  3.92284874e-02,  1.63608680e-02],
       [ 4.37609479e-02,  6.19668702e-02,  6.71953962e-03,  1.36939803e-02,  1.09817503e-01],
       [-1.04196259e-01, -4.88006038e-02, -1.50994196e-02,  8.65876777e-02,  1.91672845e-02],
       [-9.16300141e-02,  3.57587986e-02,  1.29853135e-02, -3.70423668e-02, -5.43240251e-02],
       [ 9.28761546e-02,  8.38226478e-02,  3.90111904e-02, -4.77483323e-02, -5.15344251e-02],
       [ 2.50807688e-03, -3.53332960e-02, -1.10925809e-02, -3.62199803e-02,  5.66566358e-02],
       [-6.54722610e-04, -5.46590456e-02,  1.27803485e-02,  6.66484833e-03, -3.01734953e-02],
       [ 1.27698267e-01, -2.15196380e-02, -3.99155208e-03, -1.83214457e-04, -4.02039470e-02],
       [-4.52276677e-02, -5.89165368e-02, -3.76931700e-03, -4.76772448e-02,  5.09108415e-02],
       [ 1.63503041e-01, -5.29393712e-02, -7.01612992e-03,  4.54114552e-02, -7.75108648e-03],
       [ 2.75318407e-03, -1.01262353e-01,  3.07489746e-02, -4.76718865e-02, -7.53502803e-02],
       [ 9.81827956e-02,  3.14759600e-03, -3.59877246e-02,  6.55408121e-02, -9.14906970e-03],
       [ 7.82040575e-02, -1.29862436e-01,  1.86361522e-02, -5.31165725e-02,  4.72147106e-02],
       [ 1.93284603e-02, -1.12437049e-01, -2.80515226e-03,  8.85798936e-03,  3.03442246e-02],
       [-3.35767378e-03, -2.93583814e-02,  2.65405894e-02, -6.07464557e-02, -1.14848411e-02],
       [-1.04954275e-02,  1.31313222e-01, -2.22507273e-02,  5.02320324e-02,  3.03023166e-02],
       [-1.09189463e-01,  4.37604322e-02, -1.57792254e-02, -1.50294443e-02,  6.76368168e-02],
       [-3.75814325e-02,  1.43391123e-01, -8.13759382e-03, -1.49004194e-02,  3.36386708e-02],
       [ 1.65862154e-02, -1.01903147e-01, -1.45530130e-02,  6.98273880e-03, -3.06016820e-02],
       [-1.71076480e-01, -8.76684064e-02,  3.11194229e-03,  3.43832894e-03, -7.66441083e-02],
       [-1.27578019e-01, -1.14596086e-01,  1.27759122e-02, -2.17774483e-02, -1.14098914e-02],
       [-1.88761885e-02,  1.03360980e-01,  2.22472023e-05,  1.93324962e-03, -4.25114310e-02],
       [ 2.87809819e-02,  5.57045740e-02,  4.06621210e-02,  1.24663090e-01,  7.76977092e-02],
       [ 6.32298241e-03, -2.97455681e-02, -4.40023096e-02,  1.65018703e-01,  7.27722973e-02],
       [-2.27667095e-02, -8.39939712e-03, -6.73221784e-02,  1.96054226e-02, -1.07811861e-01],
       [-1.42961371e-02,  4.29902820e-03, -3.69093520e-03,  2.37860079e-02,  4.95158931e-02],
       [-3.94833013e-02, -7.17719357e-02,  7.15992671e-02,  2.45592275e-02,  6.07675394e-02],
       [ 3.53228743e-03,  1.89555037e-02, -7.18842786e-02,  5.07207097e-02, -9.97884090e-02],
       [-3.51524470e-02, -9.77137270e-02,  6.13765969e-02, -8.88234326e-02,  3.31407823e-02],
       [-4.03823878e-02,  1.18908674e-02,  5.57968449e-03,  1.49925765e-01,  9.67383436e-02],
       [-2.94476464e-02, -2.91990097e-02,  1.01030572e-01, -1.15482532e-01,  3.22752709e-02],
       [-1.17779299e-01, -8.57098807e-03, -9.36060030e-02,  6.84723423e-02, -9.16621105e-02],
       [-7.95940114e-02,  1.47394844e-02, -4.81774124e-02, -5.26887959e-02, -5.36190167e-02],
       [-2.40531727e-02,  3.46039590e-03, -8.82247665e-02,  1.15921444e-01, -3.94041170e-03],
       [ 6.93001312e-02, -2.88206724e-02,  2.38140165e-02, -1.46863973e-01, -3.40923269e-02],
       [ 5.23034349e-02,  8.63438155e-02, -9.36347802e-02, -1.92787980e-02, -1.17217460e-01],
       [ 1.09740934e-01, -1.86626565e-02, -5.08493169e-02,  1.43429686e-02, -6.02494601e-02],
       [-6.33153173e-02,  1.85143119e-02,  7.15069094e-02,  1.36348679e-02,  5.18161702e-02],
       [-2.27367429e-03,  7.22805155e-02,  1.14429134e-01,  3.93717263e-02,  1.25993559e-01],
       [-2.38190026e-02,  6.56013653e-02, -2.42762348e-02,  3.40509670e-02,  9.02469993e-03],
       [ 5.02178844e-02,  2.66045249e-02,  6.14985213e-02,  4.11411596e-03,  7.31342059e-02],
       [-3.06505846e-02, -6.48072685e-02,  6.84440369e-02, -5.14162632e-02, -1.19643085e-01],
       [-1.34722433e-02,  1.43515122e-02, -9.58235143e-02, -7.79426934e-02,  8.73310447e-02],
       [-8.03708882e-03,  2.23153426e-02,  6.11694249e-02,  1.57749006e-02, -6.83684592e-02],
       [-6.94600360e-02, -2.52032931e-02,  3.06494463e-02,  1.51027348e-02, -6.05938754e-02],
       [ 2.15333228e-02,  3.62768152e-02, -1.00360462e-01, -1.02883793e-01,  7.01173911e-02],
       [-8.15021841e-02, -2.62026647e-02,  3.55755806e-02,  9.76418556e-02,  1.42363655e-02],
       [-2.66947843e-02,  5.04314065e-02,  7.78644654e-02, -3.96940855e-02, -1.49482924e-01],
       [-5.60755074e-02, -1.93521707e-02,  2.36735871e-02,  9.45744744e-02,  1.40619166e-02],
       [-1.14212470e-01,  6.78576634e-02, -6.29862497e-02, -1.05861182e-01,  4.77491978e-02],
       [-5.76229649e-02,  6.58574662e-02, -3.87235528e-02,  2.69769379e-03,  6.70001868e-02],
       [-1.71892104e-02,  2.30570182e-02,  9.72887167e-03, -8.58199697e-02, -5.92164675e-02],
       [ 4.63950335e-02, -7.06010981e-02, -2.28717244e-02,  5.66957662e-02,  7.15146618e-02],
       [ 6.86810365e-02,  1.22342466e-02, -7.05438168e-02, -4.75791348e-02,  9.33268264e-02],
       [ 7.94290974e-02, -7.64807072e-02, -3.93439861e-02, -4.15886178e-02,  4.60867865e-02],
       [-4.86101446e-02,  5.86492151e-02,  2.89728610e-02,  2.18909011e-02, -5.36612510e-02],
       [ 6.54260851e-02,  8.61933363e-02,  8.78957079e-02,  3.44957545e-02, -1.41800428e-01],
       [ 3.29242288e-02,  9.48093709e-02,  5.90569398e-03, -2.97806839e-02, -3.66971147e-02],
       [ 3.55014227e-02, -3.91513367e-02,  4.61297772e-02,  1.83458077e-02, -8.73594312e-02],
       [ 2.55805294e-02,  1.58320034e-02, -5.50071551e-03, -7.25750506e-02,  6.21230190e-02],
       [ 1.84329049e-02,  6.60121434e-03,  1.29918714e-02,  2.22949644e-02, -3.57553058e-02],
       [ 2.30404277e-02,  7.14252926e-02,  3.33463014e-02, -1.98211750e-03, -7.40653710e-02],
       [ 3.36553543e-03, -1.49727715e-02, -2.50439557e-02, -9.71303008e-02,  5.85291354e-02],
       [ 4.00184239e-02,  1.17788641e-01,  1.30304343e-02,  8.97273377e-02, -5.07503983e-03],
       [ 3.62079560e-02,  1.64115172e-02,  5.10501286e-02, -4.66907747e-02, -1.06498397e-01],
       [ 1.15046033e-02,  2.77051002e-02,  1.46496319e-02,  6.94731228e-02, -1.45083778e-03],
       [ 9.16074557e-02,  6.33978351e-02, -4.34730863e-02, -9.00781240e-02,  5.49047366e-02],
       [ 6.55363076e-02,  1.92294768e-02, -2.60415066e-02,  8.21461513e-03,  5.91114324e-02],
       [ 1.36360155e-02, -9.09116527e-04,  1.98851853e-02, -7.06151518e-02, -2.75684953e-02],
       [-4.97571833e-02, -1.36240324e-03, -2.67826227e-02,  4.99221120e-02,  5.37913747e-02],
       [-5.26540685e-02, -9.95420528e-02, -2.12847047e-02, -3.62271211e-02,  7.85188094e-02],
       [-8.93285017e-02, -2.16268869e-02, -2.37610496e-02, -3.27493859e-02,  5.33571334e-02],
       [ 5.29575298e-02,  1.31157645e-02,  2.87416085e-02,  9.52123017e-03, -4.99378774e-02],
       [ 1.08034339e-02, -5.79071968e-02,  4.24333862e-02,  1.50796105e-02, -1.09461859e-01],
       [ 2.31574574e-02, -4.13181469e-02,  1.78014738e-02, -3.11814392e-02, -2.48798180e-02],
       [-4.89064980e-02, -3.75814166e-02,  5.33570978e-02, -2.89777207e-03, -8.78930839e-02],
       [-1.19706070e-03, -9.07199880e-03, -2.47574163e-02, -2.41772620e-02,  8.86814510e-03],
       [ 2.43912762e-02, -1.12817127e-02, -9.07937140e-02, -3.24504474e-02,  2.70282517e-02],
       [-7.02642146e-03, -1.23412440e-02,  1.40238777e-01,  3.26517323e-02,  2.27081009e-02],
       [ 2.51924627e-02, -1.88621064e-02, -1.07761851e-01,  2.89740394e-03, -4.30433192e-02],
       [-3.86888406e-03, -1.56999128e-02, -5.38807132e-02, -9.18246649e-02,  7.62781254e-02],
       [ 1.09650104e-02,  2.66669177e-03, -1.09062404e-01,  9.07880277e-03, -5.02896096e-02],
       [-3.73979412e-03, -2.58806750e-02,  1.69056006e-01,  2.92452761e-02,  3.01741128e-02],
       [-6.71195584e-03, -2.58245275e-02,  7.40880505e-02,  3.50336565e-02, -3.03186932e-02],
       [-6.82656836e-03, -6.82409204e-03,  5.75328576e-02, -2.73806993e-02,  6.35647607e-02],
       [ 1.28115381e-02,  2.87355242e-02,  2.13522800e-02,  5.39771796e-02, -7.12071361e-02],
       [-5.60495955e-03,  1.72776812e-02,  1.29672889e-01,  4.63927804e-02, -5.14657774e-03],
       [ 7.56664745e-03,  2.38828092e-02,  7.22506176e-02,  2.05774037e-02, -6.75869937e-03],
       [-7.32154700e-03, -1.60153144e-02, -9.50081645e-02, -2.89151345e-02,  1.49340947e-02],
       [-3.29080493e-02, -2.24076767e-02, -1.41589787e-01, -5.64804410e-02,  3.12024459e-02],
       [-3.11922023e-02, -1.90440504e-02,  1.59351910e-02, -1.31840775e-02,  3.32095981e-02],
       [ 6.04071197e-03,  2.69905111e-02, -9.39480640e-02, -2.71999857e-02,  2.72089230e-02],
       [ 1.19178924e-02, -2.50551185e-02,  4.01732269e-02,  9.83030374e-03, -2.80184033e-02],
       [-7.41581271e-03, -1.16760436e-02, -2.76583107e-02, -2.44583246e-02,  6.15650805e-03],
       [-3.02930101e-03, -4.17260472e-02,  3.23556595e-02,  9.01673431e-03,  9.76946765e-03],
       [-6.72110996e-03, -3.57693167e-02,  2.55990395e-02,  2.70725754e-02, -3.91721104e-02],
       [ 1.34283577e-02, -2.46324787e-03,  2.50923286e-02,  1.07850473e-02,  1.32048147e-02],
       [ 2.31083400e-03, -5.33399165e-02, -5.18775694e-02, -2.41997121e-02,  3.45423759e-03],
       [-1.18883638e-03, -3.83096643e-02, -3.60417431e-02, -1.09746441e-02,  2.57420554e-02],
       [ 9.73651473e-06, -2.81823075e-03, -2.17061793e-02, -6.61857212e-04, -2.45357317e-02],
       [ 4.57682923e-04,  3.64717204e-02, -2.37689686e-02, -8.48995205e-03,  4.02029103e-02],
       [-2.82124794e-03,  2.12903334e-02, -5.62351697e-02, -2.25231581e-02,  2.26425514e-02],
       [-3.63164196e-03,  4.53275021e-02, -3.27549262e-02, -1.28786392e-02,  1.35054560e-02],
       [ 2.33438686e-04, -2.43905162e-02,  3.99838151e-02,  1.41377852e-02, -2.07358073e-02],
       [-1.89707786e-02, -7.47144948e-03,  6.19029549e-02,  2.51096089e-02, -3.94772360e-02],
       [-1.36869522e-02, -1.34775810e-02,  2.26124712e-04, -1.52945480e-03, -1.43514740e-02],
       [ 6.25023226e-03,  2.41032347e-02,  3.94008502e-02,  5.60862078e-03, -2.25757785e-02],
       [-3.19978734e-02, -5.41421945e-02, -9.08255499e-02, -3.25830318e-02,  1.37081934e-02],
       [ 1.13640383e-01,  5.94689745e-02,  6.75765695e-02,  2.19810280e-02,  2.30053873e-02],
       [ 3.90768616e-02, -5.36709440e-02,  4.73295282e-02,  1.17076198e-02, -8.94107494e-02],
       [ 6.60526909e-02,  2.97456454e-02,  4.28899952e-02,  2.90244126e-02,  2.60561815e-02],
       [ 1.42687665e-01, -4.86150524e-02, -1.04067762e-01, -3.77475024e-02,  5.97691575e-03],
       [ 7.38244452e-02, -6.89060209e-02, -1.65787749e-02, -6.20693319e-03,  2.32942570e-02],
       [ 1.26506868e-02, -3.13862737e-02, -2.00253727e-02, -2.45158352e-02, -4.55658991e-02],
       [-6.18481526e-02,  8.23781486e-02,  4.56507468e-03,  4.45963416e-03,  4.96696838e-02],
       [-1.10820598e-01, -4.48405499e-02, -8.02718217e-02, -2.96533926e-02,  3.59345384e-02],
       [-1.12687915e-01,  8.91887564e-02, -5.32822811e-02, -1.87289609e-02,  1.75050392e-02],
       [ 6.92057438e-02, -5.87257026e-02,  2.11053596e-02,  1.33037665e-02, -1.27964300e-02],
       [-7.29722004e-02, -1.06499887e-01,  5.87458501e-02,  2.08620023e-02, -4.55620899e-02],
       [-3.30210886e-02, -1.08849620e-01, -4.28671241e-03, -5.79036094e-03, -2.33785232e-02],
       [-6.06825400e-02,  3.72232706e-02,  4.64394574e-02,  1.52826570e-02, -3.27686143e-02],
       [-3.28356273e-02, -7.83716057e-02, -8.07910491e-02,  1.16558403e-02, -3.89543634e-02],
       [-1.57506432e-02, -1.71220804e-02, -6.01595417e-02, -1.20826792e-01,  6.25847983e-02],
       [-1.70198803e-03, -1.60515545e-02, -1.10339042e-01,  2.58963879e-02, -5.50157570e-02],
       [-3.02383137e-02, -5.46038348e-02,  1.51392941e-01,  2.01617266e-02,  3.64106321e-02],
       [-3.08930779e-02, -2.19521533e-02,  8.39475795e-02,  4.22388955e-02, -1.93153159e-02],
       [-6.88183613e-03,  2.62420259e-03,  1.12577754e-01, -5.86071041e-02,  7.00589817e-02],
       [ 2.06874648e-02,  1.07091744e-02,  1.50826171e-02,  7.74235369e-02, -6.25698194e-02],
       [ 1.87199763e-02,  5.13526491e-02,  1.74614107e-01,  5.96375961e-02,  1.19796819e-02],
       [ 3.29309258e-02,  2.48597144e-02,  1.01382789e-01,  1.90818215e-02,  1.16369810e-03],
       [-1.78411964e-02, -1.33397280e-02, -9.35444689e-02, -3.30962071e-02,  4.26956886e-03],
       [ 1.26398373e-04,  2.59820696e-02, -1.57508034e-01, -6.58175673e-02,  1.32689369e-02],
       [-3.46224205e-03,  2.59336939e-02,  1.71854513e-02, -1.82183611e-02,  3.33423794e-02],
       [ 2.19059909e-02,  2.73904100e-02, -9.67265868e-02, -3.40989615e-02,  1.51308590e-02],
       [ 4.44729356e-02, -8.51607296e-02,  4.99364416e-02,  9.96017936e-02, -5.48052236e-03],
       [ 8.58348254e-02,  4.50692245e-02,  7.72661306e-02, -5.61584305e-02,  3.45712538e-02],
       [ 1.70374030e-01, -8.19457617e-02, -7.80568264e-02,  1.99898887e-02, -4.19448846e-02],
       [ 1.12002558e-01, -1.13924398e-01, -5.16804738e-02, -3.27263214e-02, -1.51055513e-02],
       [ 4.73356568e-02, -3.76698467e-02, -8.26903269e-02,  8.24781459e-02, -3.58289300e-02],
       [-8.97859488e-02,  1.29407108e-01, -4.26280504e-03, -8.10082896e-02,  9.95994123e-03],
       [-1.06523144e-01, -4.98286294e-02, -1.22574198e-01, -2.66974157e-02, -4.54958678e-02],
       [-1.61260529e-01,  1.43272425e-01, -4.31587141e-02, -3.25094704e-03, -2.24641306e-02],
       [ 8.38223620e-02, -9.47231240e-02,  5.84784166e-02,  1.68707127e-02,  1.96142772e-02],
       [-7.99633284e-02, -1.59901465e-01,  9.53631564e-02,  4.22419974e-02,  4.45010870e-02],
       [-3.18018445e-02, -1.66933332e-01, -2.48998819e-02,  3.07514357e-02, -1.15479279e-02],
       [-5.73315431e-02,  6.46269721e-02,  3.58932897e-02,  2.38361825e-02,  2.41910396e-02],
       [ 2.29724943e-02, -3.71936245e-03,  2.03531905e-02,  1.05058580e-01,  1.44955965e-02],
       [-8.71299031e-03, -6.40322202e-02, -6.03303834e-02, -1.21651627e-01,  5.25723692e-02],
       [-1.86928989e-02, -5.68171375e-02, -5.30795709e-02,  6.26078680e-03,  8.60442053e-02],
       [-9.50843010e-03, -1.12414554e-02,  2.98424505e-05, -8.53521219e-02, -4.63202291e-02],
       [ 2.29740031e-02,  4.73123122e-02, -4.29524034e-02,  7.25954618e-02,  9.74508961e-02],
       [-3.53102668e-02,  6.72847953e-02, -6.22147945e-02, -5.49775607e-02,  1.00246474e-01],
       [ 2.08148753e-02,  6.97456598e-02, -5.08640503e-02, -4.35549135e-02,  6.54419479e-02],
       [-1.72665789e-02, -4.14586519e-02,  4.25275419e-02,  2.31099314e-02, -6.88170037e-02],
       [-6.60706899e-02, -4.17179860e-04,  9.37104691e-02,  3.68171093e-02, -1.62566943e-01],
       [-5.78177360e-02, -1.43709749e-02,  1.39851116e-02, -3.53643249e-02, -4.10127438e-02],
       [ 7.56616086e-03,  7.29503585e-02,  6.23942435e-02,  1.60980710e-02, -1.04861369e-01],
       [ 6.32187138e-02,  1.52552564e-02, -9.12388117e-02,  2.55146419e-02, -4.85879754e-02],
       [ 4.61386861e-02, -9.87085187e-03, -3.40948671e-02, -3.39022921e-02, -1.83250110e-02],
       [ 8.68367969e-03, -1.20887078e-02, -6.34120984e-02,  6.17054305e-02, -2.23385460e-02],
       [-2.93945723e-02,  1.21981927e-02,  1.06910888e-02, -6.89736389e-02,  9.17040540e-03],
       [-6.59042722e-02, -2.58298280e-02, -9.76046970e-02, -2.12630443e-02, -4.83032402e-02],
       [-5.64485055e-02,  7.64822944e-03, -7.23074645e-02,  4.72948157e-03, -2.96841604e-02],
       [ 3.01994822e-02, -1.11696850e-02,  2.82684118e-02,  2.25826091e-02,  2.09266886e-02],
       [-3.99987075e-02, -3.47319513e-02,  7.17713886e-02,  4.09158514e-02,  5.37940022e-02],
       [-2.54474826e-02, -4.25270020e-02, -1.72407827e-02,  2.84743237e-02, -7.79331731e-03],
       [-4.20709918e-02,  4.86005320e-03,  3.70183197e-02,  2.61360850e-02,  3.14812294e-02],
       [ 6.08963657e-03, -8.57844841e-02,  1.05179793e-01,  4.35325816e-02, -1.22255725e-02],
       [-1.08320361e-02, -2.25319501e-02,  9.44229021e-02, -5.98553958e-02,  6.60439515e-02],
       [ 1.32636421e-02,  9.61355459e-02,  2.17813859e-02,  7.35688726e-02, -5.50354437e-02],
       [-1.06010289e-01,  6.82826288e-02,  1.52558241e-01,  4.87139122e-02,  1.94518572e-02],
       [-9.98528545e-03,  1.11180029e-01,  8.06661234e-02,  1.37491250e-02,  7.29156821e-03],
       [-6.73666329e-03, -6.44978620e-02, -8.09416635e-02, -3.07335733e-02,  5.43828748e-03],
       [-1.67584992e-01, -4.88498393e-02, -1.78604177e-01, -7.01613431e-02,  7.64419459e-03],
       [-1.38716315e-01, -7.28008317e-02,  2.48404857e-02, -2.18048886e-02,  2.85985721e-02],
       [-2.29800488e-02,  1.28907029e-01, -5.70958406e-02, -3.45460464e-02,  7.61307023e-03],
       [-1.82491424e-02, -5.27837923e-03,  8.64591838e-03,  3.34128120e-02,  3.66010146e-02],
       [ 2.37777481e-02,  5.21916826e-02, -5.94733987e-03, -8.61374586e-03, -3.89900874e-02],
       [-6.78341770e-02,  8.68070158e-02,  6.80064054e-02,  2.79730468e-02, -3.95235269e-02],
       [ 2.06617298e-02,  6.93235808e-02,  4.43739670e-02,  1.64015517e-02, -1.98297820e-02],
       [-1.44450959e-02, -4.21581601e-02, -1.81306447e-02, -8.46190434e-03,  1.41120790e-02],
       [-1.19515490e-01,  4.48830434e-03, -4.46484875e-02, -1.43196615e-02,  4.41979049e-02],
       [-1.01279553e-01, -1.35974570e-02, -2.86897654e-03,  1.12525696e-02,  2.26956068e-02],
       [-3.63769224e-04,  8.90342199e-02, -4.80621004e-02, -7.68658345e-03,  3.41782371e-02],
       [ 1.65524365e-02,  1.47247482e-03, -3.81876914e-02,  8.48328531e-02,  1.84017206e-02],
       [-1.58073698e-02,  3.88015379e-02,  3.85457465e-02,  2.66908822e-03,  7.20422683e-02],
       [ 2.12158869e-02,  1.62878324e-03,  2.67684612e-02, -6.07676260e-03,  4.37833537e-02],
       [-1.28751823e-02, -4.05386984e-03, -3.14788270e-02, -6.49646790e-03, -3.57902498e-02],
       [-3.74151685e-02,  2.27240175e-02, -5.14663660e-02, -2.33559469e-02, -8.55212879e-02],
       [-3.50632589e-02,  1.33575446e-02,  2.33991906e-02, -3.17011494e-02, -5.43756361e-03],
       [ 9.61705465e-05,  1.74731230e-02, -2.63672961e-02, -1.05606777e-02, -5.43448771e-02],
       [ 5.40908247e-02, -1.02191252e-01, -7.72616266e-03,  2.53902978e-02, -7.29660632e-02],
       [-3.16752546e-02, -6.26546326e-02,  1.65935094e-02,  2.22102322e-02, -4.69480628e-02],
       [ 2.47852254e-02,  4.56950632e-02,  6.32259942e-03, -5.13689293e-03,  3.64560006e-02],
       [ 9.89070875e-02, -3.19824010e-02, -9.90890964e-03, -1.48319831e-03,  9.64001810e-02],
       [ 8.17733480e-02, -5.02400468e-03, -2.09235344e-02,  4.06292137e-02,  2.15591622e-02],
       [-3.15555990e-03, -8.10291498e-02, -2.76523468e-02,  8.41070225e-03,  6.54175175e-02],
       [ 8.89594420e-02, -1.09368960e-01,  8.90056453e-02,  2.56128891e-02, -1.58513489e-02],
       [-4.66157875e-02,  7.34860312e-02, -7.85815359e-02, -2.85288241e-02,  2.29412813e-02],
       [ 8.60770328e-02,  1.15686072e-01, -1.39736209e-01, -4.92892637e-02,  5.28958035e-02],
       [ 5.66295993e-02,  1.35193259e-01,  8.26461651e-03,  2.21210879e-03,  3.94804323e-02],
       [ 3.34277806e-02, -5.12523214e-02, -8.20835817e-02, -2.02338265e-02,  3.88701180e-02],
       [ 1.97702347e-02,  5.49505753e-02, -6.14229321e-02, -1.54742072e-02,  1.48555874e-02],
       [ 1.59282242e-01, -1.43560205e-02, -9.61356337e-02, -3.59763708e-02,  3.34303100e-02],
       [ 1.36587144e-01,  1.50653697e-02,  1.77702298e-02, -1.01323381e-02,  1.83585040e-02],
       [ 5.85505890e-03, -9.55082719e-02, -3.74437289e-02, -1.48910183e-02,  1.77393604e-02],
       [-9.23392489e-02,  1.90237969e-02,  5.06224253e-02,  2.11427508e-02, -2.61767459e-02],
       [-7.65253425e-02, -9.59829685e-03,  3.30728326e-04, -2.26289114e-03, -2.26600186e-02],
       [ 1.86997608e-03,  7.02400218e-02,  3.94376893e-02,  1.58902046e-02, -2.55334660e-02],
       [-2.27682379e-02,  9.94007833e-02,  1.03277241e-03, -5.89855201e-04, -5.25966913e-02],
       [ 8.07904037e-02,  3.74353633e-02,  7.71343516e-02,  2.49184025e-02, -5.61986782e-02],
       [ 6.00482479e-02,  5.61688101e-02, -1.11944778e-02, -3.26419426e-04, -2.46836995e-02]])})
2026-01-20 11:01:29,770 - final_problem_set.kxor_instance_n24_k2_m199_ell2_eps0.3_kappa1.0_rho0.2 - INFO - Running key extraction (n=24, m=199, ell=2, phase_qubits=13)
2026-01-20 11:01:29,774 - final_problem_set.kxor_instance_n24_k2_m199_ell2_eps0.3_kappa1.0_rho0.2 - INFO - Built voting matrix V (n=24, ell=2, dtype=complex128) in 0.004s
2026-01-20 11:01:29,775 - final_problem_set.kxor_instance_n24_k2_m199_ell2_eps0.3_kappa1.0_rho0.2 - INFO - Eval: adv=0.2261, hamming=11/24 (0.458), corr=0.083
2026-01-20 11:01:29,775 - final_problem_set.kxor_instance_n24_k2_m199_ell2_eps0.3_kappa1.0_rho0.2 - INFO - Key extraction complete: x_hat=12
2026-01-20 11:01:29,775 - final_problem_set.kxor_instance_n24_k2_m199_ell2_eps0.3_kappa1.0_rho0.2 - INFO - Finished step 'KeyExtractionStep' in 0.005s (success: True, problem=kxor_instance_n24_k2_m199_ell2_eps0.3_kappa1.0_rho0.2)
2026-01-20 11:01:29,775 - final_problem_set.kxor_instance_n24_k2_m199_ell2_eps0.3_kappa1.0_rho0.2 - INFO - SUCCESS: len(z_hat)=24
2026-01-20 11:01:29,775 - final_problem_set.kxor_instance_n24_k2_m199_ell2_eps0.3_kappa1.0_rho0.2 - INFO - Metrics: adv=0.22613065326633167, ham_frac=0.4583333333333333, corr=0.08333333333333333
2026-01-20 11:01:29,775 - final_problem_set.kxor_instance_n24_k2_m199_ell2_eps0.3_kappa1.0_rho0.2 - INFO - z_hat (full): [ 1, -1,  1, -1,  1, -1, -1,  1, -1, -1,  1,  1, -1,  1,  1,  1, -1,  1,  1,  1, -1, -1, -1, -1]
