2026-01-20 11:02:16,579 - final_problem_set.kxor_instance_n30_k2_m245_ell2_eps0.2_kappa1.0_rho1.0 - INFO - Starting iteration for /Users/julian/CodingProjects/UniT3/QuarticSpeedupK-XOR/z_Daphne/data/final_problem_set/kxor_instance_n30_k2_m245_ell2_eps0.2_kappa1.0_rho1.0.npz
2026-01-20 11:02:16,580 - final_problem_set.kxor_instance_n30_k2_m245_ell2_eps0.2_kappa1.0_rho1.0 - INFO - Loaded instance (n=30, m=245, k=2)
2026-01-20 11:02:16,580 - final_problem_set.kxor_instance_n30_k2_m245_ell2_eps0.2_kappa1.0_rho1.0 - INFO - Starting step 'ComputeKikuchiStep' (version 0.1) on problem kxor_instance_n30_k2_m245_ell2_eps0.2_kappa1.0_rho1.0 (fields={'ell': 2, 'threshold': 0.0})
2026-01-20 11:02:16,640 - final_problem_set.kxor_instance_n30_k2_m245_ell2_eps0.2_kappa1.0_rho1.0 - INFO - Finished step 'ComputeKikuchiStep' in 0.060s (success: True, problem=kxor_instance_n30_k2_m245_ell2_eps0.2_kappa1.0_rho1.0)
2026-01-20 11:02:16,640 - final_problem_set.kxor_instance_n30_k2_m245_ell2_eps0.2_kappa1.0_rho1.0 - INFO - Starting step 'ClassicalEigenvaluesStep' (version 0.1) on problem kxor_instance_n30_k2_m245_ell2_eps0.2_kappa1.0_rho1.0 (fields={'ell': 2, 'threshold': 0.0, 'kikuchi_matrix': <Dictionary Of Keys sparse matrix of dtype 'int64'
	with 10640 stored elements and shape (435, 435)>, 'num_eigenvalues': 5})
2026-01-20 11:02:16,913 - final_problem_set.kxor_instance_n30_k2_m245_ell2_eps0.2_kappa1.0_rho1.0 - INFO - Finished step 'ClassicalEigenvaluesStep' in 0.273s (success: True, problem=kxor_instance_n30_k2_m245_ell2_eps0.2_kappa1.0_rho1.0)
2026-01-20 11:02:16,913 - final_problem_set.kxor_instance_n30_k2_m245_ell2_eps0.2_kappa1.0_rho1.0 - INFO - Starting step 'KeyExtractionStep' (version 0.1) on problem kxor_instance_n30_k2_m245_ell2_eps0.2_kappa1.0_rho1.0 (fields={'ell': 2, 'threshold': 0.0, 'kikuchi_matrix': <Dictionary Of Keys sparse matrix of dtype 'int64'
	with 10640 stored elements and shape (435, 435)>, 'num_eigenvalues': 5, 'eigenvalues': array([15.26460988, 15.46462149, 15.58332749, 16.11769964, 25.30096025]), 'eigenvectors': array([[-4.05479824e-02,  8.09095069e-04, -8.05529526e-02,  2.46858957e-02,  4.60347728e-02],
       [-3.56104798e-02, -4.01653334e-02, -7.73025321e-02,  1.22721542e-02,  3.15150845e-02],
       [ 1.16501083e-01,  2.51743912e-02,  4.12517212e-03, -2.18368464e-02, -3.03353403e-02],
       [-4.29684938e-02,  4.25178853e-02, -8.52211368e-02,  9.92734289e-02,  4.70576152e-02],
       [ 1.61226769e-02, -4.02993627e-02, -4.92468183e-03, -8.99481567e-04, -5.02477154e-02],
       [ 5.00358264e-02, -1.51996589e-02,  8.08923741e-02, -2.88137328e-03, -6.22203563e-02],
       [ 1.00921415e-01,  2.44877379e-02,  2.81770297e-03, -7.00236585e-02, -5.14636424e-02],
       [-8.22061145e-02,  4.73815035e-02, -3.38737841e-02, -3.30057691e-02,  4.28235286e-02],
       [-6.41544787e-02, -1.79002643e-02, -1.02991547e-01,  7.50377825e-02,  6.68882587e-02],
       [ 4.36125141e-02, -4.83951289e-04,  2.72188832e-02, -7.73433830e-02, -5.16416193e-02],
       [ 3.41112873e-02, -5.25775096e-02,  1.58717468e-02, -3.02911847e-02, -5.30576392e-02],
       [ 2.00821794e-02,  5.20462904e-02,  5.75814383e-02,  1.66333028e-02, -3.96166340e-02],
       [-3.09835248e-02, -5.74333630e-02, -3.40480529e-02,  6.77768440e-02,  6.00398432e-02],
       [-4.29186642e-02,  5.73297939e-02, -8.63489326e-02,  4.59951353e-03,  4.41093716e-02],
       [ 6.32072839e-03, -9.58382964e-03,  4.51032150e-02, -1.11380563e-01, -4.87527980e-02],
       [-2.09281521e-02, -6.39838721e-02,  1.14993171e-02,  5.78846342e-02,  4.91351598e-02],
       [-3.62482857e-02,  4.12714399e-02, -8.98603475e-03,  7.78098450e-02,  5.78002811e-02],
       [ 7.47837347e-02,  2.67166248e-02,  1.43007920e-02, -6.51149395e-02, -6.22943979e-02],
       [-3.78071131e-02, -6.34497098e-03, -6.80981463e-02,  1.07508144e-01,  4.33641879e-02],
       [-1.93106356e-02, -4.54077275e-02, -3.64741102e-02,  2.50037052e-02,  4.05268537e-02],
       [-8.27132441e-03,  5.90806593e-02,  4.01095217e-02, -5.23805328e-02, -4.32289285e-02],
       [ 2.50561469e-02, -2.59252997e-04,  1.19935979e-01, -4.40484276e-02, -5.54422047e-02],
       [-3.93034260e-02,  2.16907653e-02, -5.62329382e-02,  1.14730496e-02,  4.76718145e-02],
       [-1.52029344e-02,  5.27621640e-02, -5.67651962e-02,  5.40955628e-02,  7.00065565e-02],
       [ 3.36936267e-02, -1.97629324e-02,  1.57695328e-02, -9.85488331e-02, -4.88643392e-02],
       [-1.59805270e-02,  1.39727014e-02, -1.10866477e-01,  6.87871124e-02,  6.37858109e-02],
       [ 1.53133000e-02,  1.69413419e-02,  5.93703911e-03,  7.46971600e-02,  5.22010553e-02],
       [-1.95762156e-02,  8.26729647e-02,  5.39585720e-02, -2.57350676e-02, -4.37144896e-02],
       [-1.15836026e-01, -1.77745840e-02, -3.00522017e-02,  4.82758478e-02,  4.15472662e-02],
       [ 1.48150367e-02,  3.28937756e-02,  6.49122183e-02,  2.85610697e-02, -2.79148877e-02],
       [-9.53331728e-02, -2.33205706e-02, -3.78543295e-03, -2.04631521e-02,  2.94622256e-02],
       [ 1.36050729e-02, -4.62887894e-02,  8.04823688e-02, -3.23668912e-02, -4.65171765e-02],
       [ 1.74933855e-02,  3.63425235e-02,  1.29488075e-02, -6.50148909e-02,  4.36469726e-02],
       [-5.98153172e-03,  1.32363526e-02, -5.42475682e-02, -7.06276562e-02,  5.01692750e-02],
       [-6.12073855e-02, -1.87259736e-02,  4.19203590e-03, -7.92981127e-03,  4.62006496e-02],
       [ 4.30611934e-02, -3.70856337e-02,  1.83364377e-02,  7.70712992e-02, -3.48676546e-02],
       [ 2.09730260e-02,  1.53423576e-02,  9.33227657e-02,  2.64047943e-02, -6.51620586e-02],
       [-8.08992970e-03,  3.98209857e-03, -1.86902813e-02, -4.27938814e-05,  4.59178022e-02],
       [ 3.61445823e-03,  4.74688362e-02, -6.51686834e-03, -4.68193257e-02,  4.69283348e-02],
       [ 5.67404930e-03, -4.51758637e-02, -4.43127803e-02, -6.74956889e-02,  3.49344108e-02],
       [-6.60866829e-03,  3.93246613e-02,  2.01445431e-02,  1.99301152e-02, -4.95685478e-02],
       [ 9.55300355e-03, -4.59410042e-02,  6.18933208e-02,  4.82671837e-02, -3.63574149e-02],
       [ 2.53760830e-02,  1.62832579e-02, -3.98127728e-02,  4.01000969e-02,  4.73147915e-02],
       [-1.02788282e-02,  5.21901588e-02, -1.71338896e-02,  1.82642281e-02, -4.32715741e-02],
       [-3.24175278e-03, -4.05319012e-02,  5.17837531e-04,  7.60642380e-03, -5.13586102e-02],
       [-2.60553756e-02, -1.66281421e-02, -5.53773696e-03, -2.48832845e-02,  5.12762936e-02],
       [ 1.06420596e-02,  8.72963610e-04,  6.44368944e-02, -4.48086957e-02, -4.25169471e-02],
       [-4.26978876e-03,  4.31318584e-02,  3.19578058e-02,  3.51291219e-02, -3.94612167e-02],
       [ 3.03172277e-02, -4.31659099e-02, -2.48939225e-02, -8.57536295e-03,  3.56054790e-02],
       [ 1.01758046e-02,  1.72393642e-03, -9.90030219e-02, -3.47555670e-02,  4.97353967e-02],
       [ 6.23869038e-03, -2.03912992e-02,  4.07855298e-02,  5.34643504e-02, -4.21251804e-02],
       [-3.12876584e-02, -4.95929946e-02,  3.95111444e-02,  4.66893973e-02, -6.21611345e-02],
       [-3.63842061e-03,  2.57151849e-02, -9.22834291e-03,  2.85875395e-02,  4.74492536e-02],
       [-2.44278688e-02, -1.59622578e-02,  8.91094823e-02,  2.51525124e-02, -5.68666018e-02],
       [-4.69153377e-02, -1.88362618e-02, -1.28882870e-02,  6.36905811e-03, -4.71778064e-02],
       [ 4.31652862e-02, -6.93392723e-02, -4.19859955e-02, -3.90478735e-02,  3.86294671e-02],
       [ 9.01792185e-02,  1.49158728e-02,  2.61404515e-02,  9.87629143e-03, -4.01455611e-02],
       [-7.08225315e-02, -4.10369280e-02, -1.69041877e-02, -1.62779058e-02,  1.99100070e-02],
       [ 1.88764515e-02,  8.88833145e-03,  7.98585109e-02, -1.94495749e-02, -3.24231151e-02],
       [ 1.94203654e-03, -1.16600656e-02, -1.45276193e-02, -4.89183735e-02,  3.06238068e-02],
       [-1.65196613e-02, -3.66960351e-02, -7.06113539e-02, -5.92363946e-02,  3.74305268e-02],
       [-5.16846943e-02, -5.23385813e-02, -2.08202921e-02, -7.92000302e-03,  3.18430587e-02],
       [ 4.14424270e-02,  3.78399431e-03,  3.48190190e-02,  6.17616691e-02, -2.62017994e-02],
       [ 2.51175583e-02,  6.17497286e-02,  8.88374890e-02,  2.23171776e-02, -4.07344328e-02],
       [-1.68421895e-02, -4.12872784e-02, -3.99883022e-02, -2.21843411e-03,  3.48361224e-02],
       [-7.78228830e-03, -8.32087981e-03, -2.85315564e-02, -3.52240799e-02,  3.26321569e-02],
       [-3.47594862e-03, -5.42638545e-02, -4.41135812e-02, -4.41964599e-02,  2.25588491e-02],
       [ 6.33424401e-03,  6.95639127e-02,  4.26778015e-02,  1.78491629e-02, -3.38764886e-02],
       [ 1.61884662e-02, -1.54906681e-03,  6.89532791e-02,  4.13412405e-02, -2.71788324e-02],
       [ 8.39510416e-03, -3.10448040e-02, -5.23791337e-02,  2.48351747e-02,  3.27572362e-02],
       [ 2.20622533e-03,  7.47012681e-02,  1.03511442e-02,  1.44578726e-02, -3.02004821e-02],
       [ 9.20117000e-03,  1.75925582e-02,  2.76233157e-02,  8.37157228e-03, -3.85360658e-02],
       [-2.86665197e-02, -5.67606504e-02, -3.38087375e-02, -2.10226501e-02,  3.54889948e-02],
       [ 1.56106592e-02,  3.90406520e-02,  6.64355953e-02, -2.85715296e-02, -2.93826804e-02],
       [ 5.41913023e-03,  6.25833637e-02,  4.00358917e-02,  2.53150916e-02, -2.66693381e-02],
       [ 1.42685418e-02, -6.63036676e-02, -3.97164946e-02, -8.56278773e-03,  2.65179875e-02],
       [-4.57832431e-03, -4.29165993e-02, -9.18251288e-02, -2.74796657e-02,  3.37700614e-02],
       [ 1.24619911e-02,  2.22514388e-02,  4.65566999e-02,  3.59812936e-02, -2.75918792e-02],
       [-8.00164313e-03,  2.03040837e-02,  6.05441955e-02,  3.72676495e-02, -4.33299743e-02],
       [-1.20359460e-02, -2.45391277e-02, -3.08720644e-02,  1.71395793e-02,  3.28898898e-02],
       [-6.32573699e-03,  4.16221319e-02,  1.00563061e-01,  2.25194159e-02, -4.20848398e-02],
       [-2.27796675e-02,  2.82861759e-02,  1.51787925e-02,  6.74521631e-03, -3.28374907e-02],
       [ 2.12255500e-02, -8.04023359e-02, -4.86588613e-02, -2.84132436e-02,  2.63002946e-02],
       [ 7.00704528e-02,  4.46089708e-02,  3.87520759e-02,  1.06402670e-02, -2.74652978e-02],
       [-1.02073795e-01,  4.94382130e-03, -4.48439927e-03,  2.92992498e-02,  3.10133024e-02],
       [ 7.73178957e-02,  7.27736478e-04, -5.42342346e-02,  3.58765711e-02, -2.93097406e-02],
       [ 1.13989579e-01,  2.15082639e-02, -1.58285623e-02,  4.43075163e-02, -3.63492212e-02],
       [ 1.14432474e-01,  3.19908176e-02, -4.23688512e-02, -1.44220113e-03, -2.75599732e-02],
       [-9.33997658e-02,  4.09879825e-03,  2.09237929e-02, -4.33321664e-02,  2.31490902e-02],
       [-1.34590330e-01, -4.22709530e-02,  9.96476884e-03, -7.37030334e-03,  3.91494370e-02],
       [ 1.04625963e-01,  2.43435292e-02, -3.60889274e-02, -9.54283432e-03, -3.27928033e-02],
       [ 9.16214521e-02, -4.72207763e-03, -4.33679287e-02,  2.14563238e-02, -3.09171018e-02],
       [ 6.45425377e-02,  4.94415967e-02, -5.74199427e-03,  3.90454790e-02, -2.31372412e-02],
       [-9.99516411e-02, -5.94938814e-02,  3.94824575e-02, -6.15016638e-03,  3.51134912e-02],
       [-8.55880334e-02,  1.20264237e-02, -7.18923870e-03, -2.99678942e-02,  2.61617352e-02],
       [ 7.90683807e-02,  1.69462519e-02, -2.44735507e-02, -3.51662001e-02, -3.15139579e-02],
       [-7.38488007e-02, -5.07953736e-02,  4.73479248e-02, -3.86774032e-03,  2.65896937e-02],
       [-1.09081809e-01, -7.74073906e-04,  5.71981170e-02,  4.70210562e-03,  3.63802991e-02],
       [ 1.18815400e-01,  3.85461372e-02, -4.57812970e-02,  8.11238232e-03, -3.34636630e-02],
       [-9.09707377e-02, -2.47042417e-02,  8.73577806e-04,  3.66159996e-02,  2.81084416e-02],
       [-7.32945549e-02, -4.84186852e-02,  1.90736706e-02, -1.57077704e-02,  2.54561351e-02],
       [ 5.54811741e-02,  5.40787244e-02, -1.98699737e-02,  1.13740427e-04, -2.57227865e-02],
       [ 1.01645294e-01,  2.86113617e-02,  1.98242868e-02,  1.69645801e-02, -3.55954293e-02],
       [-8.24385068e-02, -1.14017010e-02,  1.45888719e-02, -2.42644010e-02,  2.64444390e-02],
       [-1.07231378e-01, -2.26811058e-03,  3.80584654e-02, -1.96455551e-02,  4.12401835e-02],
       [ 9.43449705e-02,  1.06236292e-02, -4.32578488e-02, -2.68836578e-02, -3.11026127e-02],
       [-1.07337374e-01, -2.36852515e-02, -2.76993532e-03, -7.46621099e-03,  4.13649888e-02],
       [-6.50126450e-02, -1.38161724e-02,  5.83435642e-02,  4.93309161e-03,  3.13177454e-02],
       [ 4.93561593e-02,  6.72907384e-02, -1.08896921e-02,  1.89865715e-02, -2.56104612e-02],
       [-1.17021317e-01, -2.77299624e-02,  2.13235212e-02, -8.04536191e-04,  2.38395303e-02],
       [ 1.39504858e-02,  8.16916057e-02,  9.47233351e-03,  6.90104175e-03,  4.66852302e-02],
       [-1.05277861e-02,  7.06659354e-02, -6.97937889e-02,  1.03404516e-02,  5.79765844e-02],
       [-6.54633503e-02,  2.41423451e-02,  3.09772006e-03,  7.16877381e-02,  4.83153181e-02],
       [ 5.39549133e-02, -8.21218950e-02,  2.78434437e-02,  2.56924384e-02, -3.99930966e-02],
       [ 2.18229071e-02, -4.43696861e-02,  9.03639016e-02, -7.88295841e-02, -6.25850775e-02],
       [-1.16365165e-02,  4.75929616e-02, -2.16312522e-02,  7.88445902e-02,  4.88966569e-02],
       [-1.39063642e-03,  9.75744953e-02, -9.81876191e-03,  3.47320047e-02,  4.92982655e-02],
       [ 4.65407639e-03, -1.31977950e-02, -5.13135453e-02, -1.13910353e-02,  3.74911678e-02],
       [-6.48092418e-03, -1.63520551e-03,  2.70170562e-02, -7.04621334e-02, -5.67550449e-02],
       [ 1.33270944e-02, -8.36983003e-02,  6.84716776e-02, -7.48747644e-03, -3.81391690e-02],
       [ 2.08054741e-02,  5.20609565e-02, -3.79339170e-02,  1.08836811e-01,  4.52615774e-02],
       [-8.16184640e-03,  1.62416834e-02, -1.57364788e-02, -6.02483812e-02, -4.61987485e-02],
       [ 1.60241047e-03, -9.04942805e-02,  4.39311406e-03, -7.94965749e-02, -5.39314219e-02],
       [-3.56128563e-02,  3.18624011e-02, -8.13884761e-03,  6.85903295e-02,  5.87196037e-02],
       [ 1.12433677e-02, -3.30642159e-02,  5.98176645e-02, -1.05134546e-01, -4.06653700e-02],
       [-3.96686788e-03,  6.67934144e-03,  3.56913704e-02, -3.24886394e-02, -4.10812482e-02],
       [ 3.37282914e-02, -1.56378844e-02, -3.42998290e-02,  5.36231940e-02,  4.08323625e-02],
       [ 7.89274336e-03,  4.91501621e-02, -1.08262896e-01,  4.83937335e-02,  5.19390018e-02],
       [ 1.06273193e-02, -6.32411854e-02,  4.95854035e-02, -1.62943254e-02, -4.47907407e-02],
       [-2.17710879e-02, -1.00881648e-01,  4.31429946e-02, -5.59618815e-02, -6.02099629e-02],
       [-4.89172908e-03,  6.09583528e-02, -1.10475815e-02,  9.69839853e-02,  4.54196206e-02],
       [-2.18429056e-02, -7.12152594e-02,  9.70322885e-02, -7.20235185e-02, -5.92452173e-02],
       [-4.47739328e-02, -6.32425979e-02, -1.03897748e-02, -7.59512815e-02, -4.86617473e-02],
       [ 4.41847896e-02, -3.86102772e-02, -4.64325142e-02,  2.90944613e-02,  4.09103991e-02],
       [ 8.78219914e-02, -1.95459431e-02,  2.48934724e-02, -5.04765948e-02, -3.94213726e-02],
       [-2.48328219e-02, -4.93938801e-02, -4.31634438e-02,  9.77078731e-02, -4.97941160e-02],
       [ 3.25635708e-02, -1.56542412e-02, -9.46551901e-02,  3.28839298e-02, -4.51982835e-02],
       [-2.38876531e-02,  5.81726768e-02,  4.45807040e-02, -9.12451729e-02,  3.39103620e-02],
       [ 1.76076304e-02,  3.47645309e-02,  3.42318754e-02, -6.14023403e-02,  6.43597748e-02],
       [-1.98936266e-02, -4.15471331e-02, -7.55701581e-02,  2.55640696e-02, -4.93940397e-02],
       [-2.68544485e-02, -7.03439095e-02, -7.39413010e-02,  6.39287143e-02, -4.27836226e-02],
       [-2.44038983e-02,  1.82622128e-02, -1.96811921e-02,  7.63652413e-02, -3.22327889e-02],
       [ 3.59893843e-02, -3.23637832e-03,  7.50196947e-02, -4.88653940e-02,  4.91225053e-02],
       [ 1.15970664e-02,  7.09382721e-02,  4.10338370e-03, -6.68568770e-02,  3.61883941e-02],
       [-5.18252077e-02, -5.00798780e-02, -5.18505527e-02, -1.31666366e-02, -4.67298270e-02],
       [ 3.45898978e-02, -2.03815061e-02,  1.01061289e-01, -4.21898946e-02,  4.25623814e-02],
       [ 2.97303347e-02,  7.37339449e-02,  9.54721445e-02, -3.51056392e-02,  4.99520999e-02],
       [-3.48248080e-03, -1.93913739e-02, -9.42139105e-02,  5.24486081e-02, -5.04717012e-02],
       [ 1.63732733e-02,  3.24862262e-02,  1.85538238e-02,  2.15640460e-02,  4.33392328e-02],
       [ 2.28063460e-02, -1.20216907e-02,  3.78514480e-02, -4.86917386e-02,  3.63715467e-02],
       [-5.65825295e-02,  1.83532834e-02, -4.75288977e-02,  3.18039225e-02, -3.81512342e-02],
       [-4.41602358e-02, -4.26604118e-02,  8.71956524e-03,  6.77338210e-02, -5.35968266e-02],
       [ 1.89145828e-02,  4.88674563e-02,  3.90803416e-02, -7.63292298e-02,  4.15030273e-02],
       [ 5.78520885e-02,  8.08667347e-02,  7.31261357e-02, -7.31431880e-02,  5.59508132e-02],
       [-1.95595833e-02, -5.16859466e-02, -7.24745316e-02, -1.67430769e-03, -4.30751151e-02],
       [ 6.55073296e-02,  6.49883988e-02,  1.97717726e-02, -6.02391996e-02,  6.11475646e-02],
       [ 6.23204574e-02,  4.51923685e-02,  9.01553662e-02, -2.88752700e-02,  4.23283511e-02],
       [-6.65358398e-02,  3.91952171e-02, -3.37728028e-02,  5.97075191e-02, -3.82705857e-02],
       [-6.53744389e-02,  1.60209460e-02,  5.25333876e-02, -3.14417036e-02,  3.95228167e-02],
       [ 6.82765571e-02,  1.06995727e-02, -3.92925229e-02,  4.07679466e-02, -5.73241528e-02],
       [-4.95631822e-02,  5.31740423e-02,  2.22237619e-05, -1.15112017e-01,  4.23295142e-02],
       [-1.44947394e-02, -8.74437043e-04, -6.46101708e-02, -7.11516546e-02,  7.51973489e-02],
       [ 4.79592494e-03, -1.88858937e-02, -9.16110094e-03,  3.18100353e-02, -6.25410891e-02],
       [-1.05055230e-02, -6.93632083e-02, -2.49935979e-02,  8.86979318e-02, -5.77165108e-02],
       [-1.17018377e-02,  4.55280464e-02,  2.83014962e-02,  9.60819433e-02, -3.97199638e-02],
       [ 1.71994414e-02, -3.90885942e-02,  9.89229214e-03, -5.76321272e-02,  6.14278966e-02],
       [-7.41154006e-03,  6.56824211e-02, -5.44546614e-02, -8.22313758e-02,  4.42564311e-02],
       [-3.79840563e-02, -3.20831411e-02,  1.72463913e-02, -1.89498398e-02, -5.88720955e-02],
       [ 1.89309887e-02, -5.57566157e-02,  5.30799801e-02, -5.24199841e-02,  5.41120320e-02],
       [ 9.83477579e-03,  6.32539197e-02,  3.60876776e-02, -4.06569638e-02,  6.41997682e-02],
       [ 2.61594581e-02,  1.06059614e-02, -3.04647611e-02,  6.43996953e-02, -6.40337060e-02],
       [-7.25671050e-03,  1.08094211e-02, -5.23631488e-02,  2.85637472e-02,  5.36789064e-02],
       [ 1.10215889e-02, -4.30623184e-02, -1.31206562e-02, -6.77992361e-02,  4.86417608e-02],
       [-4.41566186e-02,  4.70059623e-02,  6.72469754e-03,  3.13789754e-02, -4.43570952e-02],
       [-1.94342604e-02, -1.37935070e-02,  9.39673307e-02,  7.57582916e-02, -6.18466448e-02],
       [-2.01598840e-03,  3.11035932e-02, -2.04672495e-02, -8.51939661e-02,  4.85388829e-02],
       [ 4.14238919e-02,  6.69821733e-02, -5.59754300e-03, -9.05352078e-02,  7.10008148e-02],
       [-1.89648442e-03, -4.24950404e-02, -1.96335933e-02, -5.51905623e-03, -5.85377407e-02],
       [ 3.93888406e-02,  3.50835505e-02, -7.37750919e-02, -6.78336841e-02,  7.08764875e-02],
       [ 6.45551218e-02,  3.42963801e-02,  4.94376084e-02, -3.92034797e-02,  5.82179605e-02],
       [-5.92539032e-02,  7.68494621e-02,  2.45593090e-02,  7.42649592e-02, -4.73603598e-02],
       [-9.86160659e-02, -7.93302928e-03, -3.82662411e-03, -3.30963160e-02,  4.63799285e-02],
       [-8.97093511e-02,  2.46645613e-02,  4.62685992e-02, -5.88391921e-02,  3.90980887e-02],
       [-8.47943328e-02, -4.31019792e-02,  2.62239011e-02,  2.50217392e-02,  6.26679837e-02],
       [ 5.90299059e-02,  1.84386992e-02, -6.20486393e-02, -3.76842185e-02, -4.79751748e-02],
       [ 4.42603892e-02, -2.30125854e-02, -7.21475224e-02,  8.70641716e-03, -4.55028663e-02],
       [ 2.73544317e-02,  5.82145341e-02, -1.54337544e-02,  4.05220298e-02, -3.42517703e-02],
       [-4.56380510e-02, -6.53589603e-02,  6.88556366e-02,  1.82254162e-02,  5.14348862e-02],
       [-4.91373398e-02,  3.27412872e-02, -1.58129269e-03, -2.43158821e-02,  3.87544383e-02],
       [ 2.74784161e-02,  8.63998631e-03, -4.84986440e-02, -8.10313521e-02, -4.90355890e-02],
       [-3.14487243e-02, -6.73114999e-02,  8.59029138e-02,  1.54762094e-02,  4.16222336e-02],
       [-5.50735427e-02,  1.55649021e-02,  9.22152240e-02,  3.36866697e-02,  5.32028491e-02],
       [ 8.05633164e-02,  4.16752456e-02, -8.60964475e-02, -1.48499762e-02, -5.26019005e-02],
       [-5.06740261e-02, -2.05396803e-02,  9.31723535e-03,  7.40300777e-02,  4.11959014e-02],
       [-3.89557003e-02, -6.25688389e-02,  3.86865224e-02, -2.53191466e-03,  4.06324498e-02],
       [ 8.65995898e-03,  6.80708513e-02, -4.07115109e-02, -1.87529909e-02, -3.97969406e-02],
       [ 4.96313337e-02,  2.49744301e-02,  1.86236633e-02, -3.94211185e-03, -5.65211417e-02],
       [-5.44822304e-02, -9.40745710e-04,  3.40392901e-02, -2.30575769e-02,  4.48276879e-02],
       [-3.99655434e-02,  2.00614924e-02,  7.58674398e-02,  2.06164930e-03,  6.48372581e-02],
       [ 4.96605386e-02, -1.15043787e-03, -7.04104420e-02, -6.07563300e-02, -4.54234538e-02],
       [-4.09349456e-02, -1.23852010e-02,  1.10736051e-02,  2.35247121e-02,  6.45554907e-02],
       [-5.86473314e-03, -4.89564915e-03,  1.00259080e-01,  3.28967373e-02,  4.81816482e-02],
       [-2.24546100e-03,  9.03888313e-02, -2.77972302e-02,  7.59074376e-03, -4.02767432e-02],
       [-1.19844707e-01, -2.98983621e-02,  4.12951098e-02,  1.88003785e-02,  3.82561988e-02],
       [ 7.53517900e-02, -4.48749371e-02,  2.13456129e-02,  9.69890598e-02, -5.52948984e-02],
       [-4.84302629e-02,  4.43237791e-02,  2.46863541e-02, -5.30160959e-02,  3.97520291e-02],
       [-3.72008092e-02,  7.03933712e-02,  3.11502658e-02, -8.35495357e-02,  3.67537445e-02],
       [-2.23136774e-02, -8.15465474e-03, -6.61484962e-03, -8.59881094e-02,  2.76469983e-02],
       [ 3.99442936e-02, -7.24424473e-03, -3.16296254e-02,  8.07982015e-02, -4.58129440e-02],
       [ 3.96423014e-02, -6.72334016e-02,  2.21573119e-02,  7.96056538e-02, -3.05798312e-02],
       [-2.23973248e-02,  5.63121931e-02,  9.95554875e-03, -1.99424107e-02,  4.12766954e-02],
       [ 2.96068950e-02,  7.61392190e-03, -5.52849725e-02,  6.63039528e-02, -3.72324652e-02],
       [ 4.85611492e-02, -8.47631124e-02, -5.08076228e-02,  6.75258072e-02, -4.63348533e-02],
       [-7.30292358e-02,  3.01205695e-02,  4.68400158e-02, -8.52230999e-02,  4.64470011e-02],
       [ 4.80043616e-02, -3.87083987e-02,  1.77789782e-02,  1.09501072e-02, -3.73077910e-02],
       [ 3.07333144e-02,  1.55375453e-03, -6.64764495e-03,  7.24997969e-02, -3.31721522e-02],
       [-5.29336087e-03, -7.23798814e-03,  1.19364916e-02, -5.13334379e-02,  3.26371706e-02],
       [-3.94928777e-02,  4.77742265e-02, -4.81524294e-02, -9.34848015e-02,  4.54002718e-02],
       [ 3.81684120e-02, -4.69297432e-02, -1.65236663e-03,  8.30325229e-02, -3.31650487e-02],
       [ 3.31396708e-02, -8.38308229e-02, -2.00045794e-02,  1.01436516e-01, -4.84172425e-02],
       [-4.54098181e-02,  6.18532283e-02,  3.48558475e-02, -2.81428379e-02,  4.02401296e-02],
       [ 3.24011177e-02, -6.89795891e-02,  2.97279327e-02,  9.25847669e-02, -5.20178884e-02],
       [ 4.24783784e-03, -5.53831375e-02, -5.31476602e-02,  5.85523557e-02, -3.99039784e-02],
       [ 1.91431686e-03, -2.61641883e-02, -4.70541037e-04, -7.86157267e-02,  3.33269507e-02],
       [ 9.79293523e-02, -2.10219401e-02, -1.29779263e-02,  4.87326513e-02, -3.19789589e-02],
       [-2.02280259e-02, -1.71742099e-02, -1.27112660e-02,  4.23303049e-02,  7.34978437e-02],
       [-1.43033443e-03,  4.72451559e-02,  9.50440390e-03, -2.83705149e-02,  6.43309064e-02],
       [ 6.16882179e-03, -7.37966626e-02, -4.68853314e-02, -6.92609232e-02,  4.66839470e-02],
       [-6.63663509e-03,  8.47781042e-02,  1.08441305e-02, -9.44071709e-03, -7.26674008e-02],
       [ 1.83733891e-02, -5.64926529e-02,  8.17001727e-02,  4.84360348e-02, -5.26275438e-02],
       [ 2.99792002e-02, -1.48790495e-04, -3.41880231e-02,  9.06035618e-02,  6.40377988e-02],
       [-1.00279451e-02,  9.83918344e-02, -4.12582423e-02, -1.14790412e-02, -6.38167967e-02],
       [ 3.23073489e-03, -4.05124351e-02, -2.13014729e-02, -3.47877795e-02, -8.15578493e-02],
       [-4.99098595e-02, -5.49713351e-02,  1.39536109e-02,  5.34876451e-03,  8.11254652e-02],
       [ 1.66283521e-02,  2.04282061e-02,  7.04739757e-02, -9.41494097e-02, -5.76294692e-02],
       [-2.96990502e-03,  7.20150756e-02,  2.71392531e-02,  1.68881860e-02, -5.25020887e-02],
       [ 4.47999144e-02, -8.94985461e-02, -2.99739033e-02,  1.55368487e-02,  5.67816017e-02],
       [ 9.81800877e-03, -1.87446679e-02, -1.31781089e-01, -1.27914698e-02,  7.17843397e-02],
       [ 1.47501991e-02, -1.11311185e-02,  4.83666018e-02,  4.57742792e-02, -6.23434625e-02],
       [-3.17314939e-02, -4.00541437e-02,  3.20536405e-02,  1.74867047e-02, -8.46339434e-02],
       [-9.44693469e-03,  1.33493389e-02,  3.11644573e-03,  7.93129430e-02,  6.86937828e-02],
       [-2.98104181e-02,  1.89445854e-03,  1.13013624e-01, -8.77090001e-03, -8.24090522e-02],
       [-5.79321976e-02, -6.01432869e-03, -3.65853433e-02, -2.87326043e-02, -6.36051629e-02],
       [ 5.65796872e-02, -1.12132812e-01, -4.08110507e-02, -2.30385164e-02,  5.17897592e-02],
       [ 1.25075204e-01,  3.49205987e-02,  1.79763527e-02, -1.45705972e-02, -5.38371965e-02],
       [-5.05533514e-03, -4.81277421e-02, -5.08621104e-02, -1.98324349e-04, -4.88873744e-02],
       [-8.52883171e-03,  4.97264648e-02,  1.78656968e-03,  3.85683693e-02, -3.97313610e-02],
       [ 1.11204639e-02, -5.11853897e-02,  5.12539516e-02,  3.46536077e-02,  6.02438786e-02],
       [-9.50574497e-03,  5.95301963e-02, -2.40325462e-02, -1.94398801e-02,  4.46187128e-02],
       [-2.96566774e-02, -1.60488798e-02, -2.47419650e-02, -9.65952349e-02, -5.27926179e-02],
       [ 1.23051363e-02, -5.22665483e-02,  6.98821470e-02,  2.52724002e-02,  4.49854669e-02],
       [ 4.82083404e-03,  4.50249695e-02,  6.94260607e-02,  4.66749311e-02,  5.68707722e-02],
       [ 2.68309535e-02,  1.92199361e-02, -6.56090496e-02, -2.79350621e-02, -5.77559986e-02],
       [-7.56339771e-03, -1.25231802e-03, -1.09618926e-02,  8.71149438e-02,  4.42000013e-02],
       [ 5.16116916e-03, -4.30543988e-02,  1.50109625e-02,  3.41969944e-03,  4.10618694e-02],
       [-3.63838717e-02,  4.91251037e-02, -1.98277575e-02, -2.59923551e-02, -4.03427538e-02],
       [-1.56070636e-02, -3.93195104e-03,  5.11772480e-02, -1.49473366e-02, -6.03506643e-02],
       [-5.64325296e-03,  2.36972311e-02,  1.15275984e-02, -1.41864160e-02,  4.80001990e-02],
       [ 3.63240993e-02,  5.68833488e-02,  4.28941701e-02,  1.63687823e-02,  7.00514194e-02],
       [ 2.00766964e-03, -2.69435578e-02, -5.75654037e-02, -8.26116472e-02, -5.26235047e-02],
       [ 3.06495430e-02,  1.79508452e-02, -2.06759753e-02,  3.41869760e-02,  6.47277307e-02],
       [ 4.71112040e-02,  1.84372386e-02,  7.18528039e-02,  4.20007416e-02,  4.87823269e-02],
       [-5.07807730e-02,  7.73207824e-02, -6.69364887e-03, -2.25613681e-04, -4.38376351e-02],
       [-9.84004921e-02, -1.63292900e-02,  2.85781764e-02,  3.21356732e-02,  4.52402952e-02],
       [-1.87597806e-02,  1.42265968e-02, -8.97480342e-03,  7.44496593e-02, -3.71534773e-02],
       [ 2.66238880e-02,  3.26934926e-03,  6.51338563e-02, -2.64835652e-02,  5.69803427e-02],
       [ 5.84734834e-04,  9.35205901e-02, -1.15496274e-02, -5.94388502e-02,  4.11327173e-02],
       [-4.08492535e-02, -6.29069199e-02, -3.57878110e-02, -4.30839583e-02, -5.01608298e-02],
       [ 2.47161157e-02, -1.52160101e-02,  8.80969976e-02, -2.03777222e-02,  4.55953594e-02],
       [ 1.66719412e-02,  9.01827838e-02,  7.80754451e-02, -8.03366290e-03,  5.37329890e-02],
       [ 1.19817590e-02, -2.98104926e-02, -7.64284955e-02,  2.81301050e-02, -5.45891145e-02],
       [ 3.43721836e-03,  4.27211362e-02,  1.14890276e-03,  4.81729673e-02,  4.53465282e-02],
       [ 1.51543450e-02, -7.22877523e-03,  2.86311295e-02, -3.65311309e-02,  4.12457387e-02],
       [-5.00459524e-02,  1.41319986e-02, -3.33887329e-02,  1.31602114e-02, -4.16238671e-02],
       [-2.55048989e-02, -5.14225443e-02,  2.80626312e-02,  3.86696990e-02, -5.31150830e-02],
       [ 5.17255018e-03,  5.43067385e-02,  2.08857526e-02, -5.25763347e-02,  4.15914802e-02],
       [ 4.31791133e-02,  9.99308333e-02,  5.31855921e-02, -4.55329148e-02,  6.00092867e-02],
       [-9.72073759e-03, -7.09586089e-02, -6.56131247e-02, -3.11497800e-02, -4.98893323e-02],
       [ 4.33409579e-02,  7.41204380e-02, -2.78632860e-03, -2.83375141e-02,  6.06142340e-02],
       [ 5.48876416e-02,  5.60287987e-02,  7.94767925e-02, -5.71577077e-03,  4.54506368e-02],
       [-5.94113682e-02,  3.74629700e-02, -2.03403089e-02,  4.28567341e-02, -4.09770546e-02],
       [-8.35409737e-02,  2.52323464e-02,  3.85182752e-02, -1.19952002e-02,  4.30434607e-02],
       [ 2.27662724e-02, -9.18086737e-02, -6.63230054e-04, -5.96044382e-02,  4.15414009e-02],
       [ 5.05907839e-03, -2.66139523e-03, -4.47117240e-02, -7.35787634e-02,  3.05298907e-02],
       [-3.54147880e-02,  3.92857545e-02,  1.62458007e-02,  5.80895893e-03, -3.79503679e-02],
       [ 2.17527282e-02, -8.64226474e-02,  2.68878981e-02, -4.90016582e-02,  3.46253020e-02],
       [ 2.09541043e-02, -2.46513141e-02,  1.74645309e-02, -4.94620441e-02,  4.44630608e-02],
       [ 5.38257360e-03,  7.56829198e-02, -1.37955172e-02,  6.54810042e-02, -4.40395064e-02],
       [ 5.66443606e-03, -4.67815404e-02, -3.91531555e-02,  1.54344376e-03,  3.39827394e-02],
       [ 1.28573807e-02, -6.49972832e-02, -1.27772825e-02, -5.07708436e-02,  2.85533950e-02],
       [-3.32210209e-02,  6.92659184e-02,  9.87969772e-03,  3.40958175e-02, -2.83860993e-02],
       [-2.54748533e-02,  5.45395620e-02,  7.29351303e-02,  7.33926725e-02, -4.21116433e-02],
       [ 8.74336244e-03, -2.89800938e-02, -2.02639081e-02, -7.55130787e-02,  3.34269168e-02],
       [ 4.42568696e-02, -2.88437841e-02, -1.24237491e-02, -8.69248149e-02,  4.91192234e-02],
       [-1.27768501e-02,  3.14423939e-02, -5.72741479e-03,  1.40520810e-02, -3.78000547e-02],
       [ 3.65251455e-02, -5.03261591e-02, -5.35875457e-02, -6.72779236e-02,  4.50044700e-02],
       [ 5.17167545e-02, -3.61646180e-02,  2.52000127e-02, -4.18382515e-02,  3.71262650e-02],
       [-3.94862187e-02,  8.28939252e-02,  1.81253449e-02,  5.49695359e-02, -2.80417417e-02],
       [-5.67268711e-02, -5.43884759e-02, -8.77168831e-03, -3.89266415e-02,  3.15215057e-02],
       [-6.48728958e-03, -1.75209629e-02,  2.58776139e-02,  4.16585080e-02, -4.74408452e-02],
       [ 4.60508883e-02, -3.19053215e-02,  2.18877290e-02,  7.22414634e-02,  5.27012584e-02],
       [-2.88160578e-02,  9.96227356e-02, -7.77429988e-02, -6.35478631e-03, -4.85303988e-02],
       [-2.86791611e-02,  9.44683344e-03, -8.52184386e-02, -2.69825340e-02, -6.62035831e-02],
       [-7.73993248e-03, -7.58919320e-02,  7.14582510e-02,  3.22007354e-03,  6.12996723e-02],
       [-7.97789572e-03,  5.13643992e-02,  1.42369267e-02, -8.24712895e-02, -5.12942563e-02],
       [-2.23561444e-02,  9.53830416e-02, -1.90186184e-02,  1.49323358e-02, -4.71098996e-02],
       [ 5.07451462e-02, -8.89316892e-02,  2.01699869e-02,  1.01921775e-02,  4.23706860e-02],
       [ 3.98052941e-02, -5.86777027e-02, -5.54338436e-02, -1.11731783e-02,  6.50946788e-02],
       [-1.23962812e-02,  2.42578242e-02, -1.46027287e-02,  4.00776314e-02, -5.18069227e-02],
       [-6.49358910e-02,  1.16236516e-02, -4.73779962e-02,  1.80360969e-02, -7.45551561e-02],
       [ 1.51670598e-02, -2.10387194e-02,  5.30967659e-02,  5.85545218e-02,  5.25054818e-02],
       [-5.67199192e-02,  4.58611687e-02,  2.34760094e-02, -7.07752802e-03, -6.94906698e-02],
       [-6.84917987e-02,  2.77264920e-02, -7.89372637e-02, -2.05829803e-02, -5.20868011e-02],
       [ 6.38858959e-02, -1.13714798e-01,  5.57423323e-03, -2.01708915e-02,  4.28469140e-02],
       [ 8.24937748e-02,  5.55841711e-02, -2.56467743e-02, -1.19529412e-02, -4.45469317e-02],
       [ 2.06880061e-02,  6.63802358e-02, -4.05201895e-02,  1.64243870e-02,  4.22521514e-02],
       [-8.24242542e-03,  1.27883912e-04, -1.09779972e-02,  3.39973449e-02, -3.91383004e-02],
       [-1.57573846e-04, -1.01416551e-01,  6.28535187e-03,  2.81603372e-02, -4.90435075e-02],
       [-2.87806775e-02,  4.29560726e-02, -1.08224106e-02, -4.63090228e-02,  4.94885588e-02],
       [ 1.04143860e-02, -4.67234544e-02,  6.21333131e-02, -2.21121000e-02, -3.79066912e-02],
       [-2.07581568e-03, -5.43372992e-03,  3.39001000e-02,  4.63329570e-02, -3.49196763e-02],
       [ 2.99496750e-02, -1.20220171e-03, -3.05329484e-02, -2.47172325e-02,  3.47185703e-02],
       [ 5.49579219e-03,  5.51792923e-02, -9.29391131e-02, -5.14240087e-02,  4.32878380e-02],
       [ 7.76231012e-03, -6.40506751e-02,  4.29093540e-02,  6.47198456e-02, -3.74525917e-02],
       [-1.87618623e-02, -9.93839974e-02,  4.01124032e-02,  6.05594415e-02, -5.00993930e-02],
       [-4.64019760e-03,  7.36499684e-02, -1.53597467e-02,  6.68602341e-03,  4.21448373e-02],
       [-1.79776835e-02, -7.71005275e-02,  8.52277732e-02,  4.63891851e-02, -4.98280919e-02],
       [-3.94203033e-02, -6.83622237e-02, -5.94462577e-03,  2.39208024e-02, -4.16754897e-02],
       [ 3.71862111e-02, -2.10873527e-02, -4.10938007e-02, -5.09935870e-02,  3.41873587e-02],
       [ 8.07446255e-02, -3.06485371e-02,  2.80054048e-02,  2.55446420e-02, -3.55727948e-02],
       [ 4.54609896e-02, -4.75304549e-02,  5.70193421e-02,  6.76499188e-02,  4.62946949e-02],
       [ 4.22721022e-02,  5.29107395e-02,  4.52062649e-02,  8.89710506e-02,  5.43812631e-02],
       [-1.20062011e-02,  7.09036770e-03, -4.18505712e-02, -7.29436065e-02, -5.52931373e-02],
       [ 2.11181457e-02,  6.28914592e-03, -2.53286297e-02,  1.13945521e-01,  4.14742587e-02],
       [ 3.72186863e-02, -3.70956713e-02,  1.00594444e-03,  4.05785125e-02,  4.22328656e-02],
       [-6.00214802e-02,  3.96137804e-02, -3.24022093e-03, -5.32535868e-02, -3.82586407e-02],
       [-5.85522964e-02, -1.50838061e-02,  7.27057778e-02, -6.28551489e-02, -5.74315303e-02],
       [ 2.71667003e-02,  3.21995511e-02, -8.50531447e-03,  2.31931988e-02,  4.56908043e-02],
       [ 7.37371155e-02,  5.93350448e-02,  1.15638364e-02,  6.54121504e-02,  6.11924756e-02],
       [-2.83108501e-02, -3.06146300e-02, -2.93738838e-02, -1.04179488e-01, -4.54782911e-02],
       [ 7.31106720e-02,  3.06634177e-02, -4.44933650e-02,  8.29755998e-02,  6.06455539e-02],
       [ 7.61240536e-02,  2.57897372e-02,  5.04397672e-02,  7.60274920e-02,  4.56867263e-02],
       [-7.86946585e-02,  6.61268513e-02,  1.01074128e-02, -3.53992839e-02, -4.10798788e-02],
       [-6.39722694e-02, -6.26160050e-03,  1.04012384e-02,  6.45258680e-02,  4.26395883e-02],
       [-2.50450645e-02,  2.76712180e-02, -1.00462194e-01, -2.03883028e-02, -4.98817320e-02],
       [-1.20357131e-03, -7.98307316e-02,  9.56178298e-02,  3.09195122e-03,  4.95682116e-02],
       [-1.09978743e-02,  5.61954452e-02, -2.27347940e-02, -6.98755269e-02, -4.20415551e-02],
       [-1.70973123e-02,  7.92947741e-02, -4.12193659e-02,  1.00989807e-02, -3.54461405e-02],
       [ 4.41980415e-02, -8.32752853e-02,  4.35580472e-02,  9.15931202e-03,  3.50175665e-02],
       [ 3.17111823e-02, -6.08517502e-02,  9.70699690e-04, -6.27144198e-03,  4.95672576e-02],
       [-1.31412140e-02,  3.45569713e-02, -4.53658550e-02,  3.08573502e-02, -4.16706137e-02],
       [-5.03470232e-02,  3.30698633e-02, -8.18420802e-02,  1.02574000e-02, -5.65682941e-02],
       [ 1.69920710e-02, -3.74603481e-02,  8.57829375e-02,  5.48531149e-02,  4.58423642e-02],
       [-5.63025890e-02,  6.24300250e-02, -2.72253728e-02, -8.34382923e-03, -6.08886747e-02],
       [-5.74001192e-02,  3.86174296e-02, -9.49954855e-02, -1.84645101e-02, -4.22107926e-02],
       [ 5.21792174e-02, -1.01106206e-01,  3.17190772e-02, -1.41064147e-02,  3.46519076e-02],
       [ 6.83264563e-02,  6.42101630e-02, -5.55783576e-02, -1.19509238e-02, -3.94463328e-02],
       [-1.67270261e-02,  2.15387627e-02,  9.96012119e-02,  2.16473801e-02,  6.30876894e-02],
       [-3.63178766e-03, -3.72348526e-02, -9.10893031e-03, -9.88691451e-02, -5.30334996e-02],
       [-1.77319752e-02,  1.80140031e-02, -4.06227554e-02,  1.76733267e-03, -4.88079634e-02],
       [ 5.53758208e-02, -2.61672512e-02,  4.56216278e-02,  2.50333061e-02,  4.75775594e-02],
       [ 3.40646627e-02,  5.25137860e-02, -2.86584384e-02,  8.09953195e-03,  6.70185039e-02],
       [-5.19712746e-03, -5.58053987e-02, -3.03566342e-02,  2.33325362e-02, -4.91951862e-02],
       [-5.00562562e-02, -1.04130940e-01, -7.18452922e-02, -5.57005575e-03, -7.09253533e-02],
       [ 8.42625054e-03,  6.10912195e-02,  7.75251583e-02,  7.42182487e-02,  5.33342737e-02],
       [-5.76875320e-02, -7.88321931e-02, -4.92341552e-03, -3.02334712e-02, -7.65585536e-02],
       [-6.37152795e-02, -5.50275025e-02, -1.00172869e-01, -3.68099821e-02, -5.33318562e-02],
       [ 6.99977441e-02, -5.29099210e-02,  2.92555750e-02, -7.40116352e-03,  4.90113628e-02],
       [ 9.88372155e-02, -1.80411930e-02, -5.42336407e-02, -2.72150533e-02, -4.99840566e-02],
       [-2.50021826e-02, -2.25048247e-02,  1.29698351e-03,  7.61836585e-02,  5.01760808e-02],
       [-1.03833736e-02, -7.47818213e-02,  3.72642664e-02, -1.91189361e-02,  4.92392234e-02],
       [-2.64468521e-02,  7.95243731e-02, -4.17617646e-02, -7.96270128e-03, -4.74502989e-02],
       [ 7.28343552e-03,  2.68264228e-02,  3.48938210e-02,  1.65037258e-02, -6.74676602e-02],
       [-2.41035091e-02,  4.27532432e-04,  3.23899963e-02, -4.37031992e-02,  5.33635645e-02],
       [ 9.63202015e-03,  2.29165467e-02,  6.87315405e-02, -1.99699887e-02,  7.23563015e-02],
       [ 2.26569189e-02, -3.13551935e-03, -8.33337513e-02, -6.31793352e-02, -5.82536794e-02],
       [ 1.10111921e-02, -1.20721437e-02, -1.77838634e-03,  2.48096897e-03,  7.73187079e-02],
       [ 3.77112061e-02, -4.90358571e-03,  1.09695475e-01,  2.08512292e-02,  5.79472084e-02],
       [-3.83443262e-02,  9.96128359e-02, -1.96856319e-02,  2.39530601e-02, -4.50995970e-02],
       [-1.15404214e-01, -3.52471852e-02,  4.19816459e-02,  1.01344241e-02,  4.65651362e-02],
       [-4.73311737e-03,  4.59563153e-02,  2.41485917e-02, -4.39368891e-02, -3.77539247e-02],
       [ 2.86255336e-02, -4.71253923e-02, -2.05872756e-02,  5.48849598e-02,  3.45437974e-02],
       [ 9.91652109e-03, -4.02383993e-03, -8.89177387e-02,  6.22979277e-02,  4.80935245e-02],
       [ 7.34698837e-03, -1.61880727e-02,  3.52960388e-02, -2.98884145e-02, -4.14920008e-02],
       [-2.88791009e-02, -4.17228586e-02,  2.81971063e-02, -7.60422254e-02, -6.00213659e-02],
       [-2.26044778e-03,  1.49923656e-02, -1.03989004e-03,  1.03474458e-01,  4.18706808e-02],
       [-2.28803936e-02, -7.77798169e-03,  7.65925144e-02, -8.65894637e-02, -5.46578969e-02],
       [-4.46633002e-02, -1.16721853e-02, -2.06522673e-02, -8.65774230e-02, -4.50944307e-02],
       [ 4.20819954e-02, -7.26261420e-02, -3.43690507e-02,  4.00208655e-02,  3.72393167e-02],
       [ 8.52514347e-02,  1.95978662e-02,  1.86900489e-02, -6.53367871e-02, -3.83492840e-02],
       [ 3.94907537e-02, -8.00662898e-02,  2.07371814e-03, -5.24068145e-03,  3.39429252e-02],
       [ 2.26397831e-02, -4.67043360e-02, -5.06723687e-02, -2.68672383e-02,  4.35796559e-02],
       [-6.29601408e-03,  2.31138390e-02,  5.06224966e-03,  4.02222366e-02, -3.53537292e-02],
       [-4.31330698e-02,  1.99249926e-02, -1.04555176e-02,  3.58490267e-02, -5.47165832e-02],
       [ 1.14795811e-02, -2.84574469e-02,  2.62604352e-02,  3.01418415e-02,  4.16312723e-02],
       [-4.28720389e-02,  4.69622284e-02,  4.26209978e-02,  1.87007925e-02, -5.39543548e-02],
       [-4.65077084e-02,  2.94544619e-02, -3.84576523e-02,  6.29455640e-04, -3.81790840e-02],
       [ 4.27439949e-02, -8.71038700e-02, -6.87480465e-03, -2.61720946e-02,  3.14235917e-02],
       [ 5.88924616e-02,  4.84372930e-02, -7.51502762e-03,  5.94936970e-03, -3.30701629e-02],
       [-6.21463792e-02,  5.99749248e-02,  5.61205082e-02,  1.20267601e-03, -4.67364508e-02],
       [ 3.25371067e-02, -2.92346201e-02, -2.31258368e-03, -1.98431971e-02,  3.46316654e-02],
       [ 8.71991344e-02, -2.95526209e-02,  1.55720856e-02, -5.13489649e-03,  5.42115488e-02],
       [-3.72312033e-02,  3.17405181e-02, -2.61278690e-02, -4.38175710e-02, -3.77545470e-02],
       [ 8.38175016e-02, -5.56959097e-02, -3.75327856e-02,  1.27952866e-02,  5.30180586e-02],
       [ 8.47299209e-02, -3.83274989e-02,  4.79668072e-02,  2.07885493e-02,  4.05618999e-02],
       [-6.54340092e-02,  9.08933074e-02,  6.02432970e-03,  8.75915772e-03, -3.12382989e-02],
       [-4.07279473e-02, -6.05149020e-02,  9.28052770e-03,  1.44273501e-02,  3.50424369e-02],
       [ 1.22343049e-02,  2.11864932e-02, -6.48057807e-02, -4.79995412e-02,  4.73905319e-02],
       [ 6.21548689e-02,  5.05693325e-02, -7.49085750e-02, -3.44579583e-02,  6.92443858e-02],
       [-2.27666531e-02, -2.66422516e-02,  3.65432688e-02, -4.87185818e-02, -5.76202413e-02],
       [ 6.04995340e-02,  1.56834149e-02, -1.37111647e-01, -1.36827070e-02,  6.78222755e-02],
       [ 8.27894616e-02,  2.08557824e-02, -1.01887107e-02,  7.96534701e-03,  5.67897891e-02],
       [-6.61223740e-02,  7.98883463e-02,  6.19101088e-02,  3.18603042e-02, -4.29652166e-02],
       [-8.88779739e-02, -2.01036943e-02, -5.24413864e-02, -2.34031592e-03,  4.89124220e-02],
       [-2.77550269e-02, -6.02443431e-02, -2.85086272e-05,  5.88338460e-02, -5.45313520e-02],
       [-5.35532424e-04,  3.64361406e-02,  1.75503359e-02,  1.05288104e-02,  4.22587964e-02],
       [-2.73576906e-02, -3.73911922e-02,  5.07989023e-02,  4.22618926e-02, -5.50191580e-02],
       [-4.71269118e-02, -3.36811800e-02, -4.13407706e-02,  2.08553059e-02, -4.47151242e-02],
       [ 4.40417644e-02, -5.23674768e-02, -1.42622389e-02, -4.96630785e-02,  3.71040758e-02],
       [ 8.24751996e-02, -1.17972021e-03, -4.15250898e-04,  2.24484427e-02, -3.88396527e-02],
       [ 3.46388072e-02,  6.97775064e-02,  4.98556212e-02,  5.07745662e-02,  6.11227233e-02],
       [-9.18643459e-02, -7.86506115e-02,  4.64037882e-02,  1.84684080e-02, -7.96843837e-02],
       [-9.86307011e-02, -6.16851201e-02, -7.75998889e-02, -5.62762402e-03, -5.99282432e-02],
       [ 9.15673483e-02, -6.05057329e-02, -2.77663439e-03, -3.98552258e-02,  4.99333953e-02],
       [ 8.84723772e-02, -1.93314020e-02, -2.34899241e-02,  3.82555642e-03, -5.66323777e-02],
       [ 4.05977504e-02,  4.73495074e-02, -1.01527792e-02,  7.34089366e-02,  6.53693856e-02],
       [ 4.76929144e-02,  3.39779666e-02,  7.64798454e-02,  6.48746053e-02,  4.56511143e-02],
       [-5.31901668e-02,  5.75001224e-02, -1.59145825e-02, -2.54272624e-02, -4.16524254e-02],
       [-7.91450341e-02,  1.64459062e-03,  3.26153834e-02,  4.71254679e-02,  3.94501909e-02],
       [-9.98777860e-02, -3.53457859e-02, -2.18468955e-02, -2.44372662e-02, -6.02010511e-02],
       [ 8.91684430e-02, -8.31095432e-02, -4.81557713e-02, -2.36104119e-02,  4.94314198e-02],
       [ 8.90877464e-02,  8.94566280e-03,  3.35722960e-02, -1.38287118e-02, -5.63165976e-02],
       [ 9.56803222e-02, -6.07503970e-02,  3.56560990e-02, -5.63879526e-03,  4.04546791e-02],
       [ 4.54492769e-02,  1.63980151e-03, -5.74480543e-02, -2.45213532e-02, -4.26736180e-02],
       [-3.15450203e-02, -7.85704095e-02, -2.72822912e-03, -1.03434554e-02,  3.51726884e-02]])})
2026-01-20 11:02:16,917 - final_problem_set.kxor_instance_n30_k2_m245_ell2_eps0.2_kappa1.0_rho1.0 - INFO - Running key extraction (n=30, m=245, ell=2, phase_qubits=13)
2026-01-20 11:02:16,931 - final_problem_set.kxor_instance_n30_k2_m245_ell2_eps0.2_kappa1.0_rho1.0 - INFO - Built voting matrix V (n=30, ell=2, dtype=complex128) in 0.014s
2026-01-20 11:02:16,933 - final_problem_set.kxor_instance_n30_k2_m245_ell2_eps0.2_kappa1.0_rho1.0 - INFO - Eval: adv=1.0000, hamming=0/30 (0.000), corr=1.000
2026-01-20 11:02:16,933 - final_problem_set.kxor_instance_n30_k2_m245_ell2_eps0.2_kappa1.0_rho1.0 - INFO - Key extraction complete: x_hat=9
2026-01-20 11:02:16,933 - final_problem_set.kxor_instance_n30_k2_m245_ell2_eps0.2_kappa1.0_rho1.0 - INFO - Finished step 'KeyExtractionStep' in 0.015s (success: True, problem=kxor_instance_n30_k2_m245_ell2_eps0.2_kappa1.0_rho1.0)
2026-01-20 11:02:16,933 - final_problem_set.kxor_instance_n30_k2_m245_ell2_eps0.2_kappa1.0_rho1.0 - INFO - SUCCESS: len(z_hat)=30
2026-01-20 11:02:16,933 - final_problem_set.kxor_instance_n30_k2_m245_ell2_eps0.2_kappa1.0_rho1.0 - INFO - Metrics: adv=1.0, ham_frac=0.0, corr=1.0
2026-01-20 11:02:16,933 - final_problem_set.kxor_instance_n30_k2_m245_ell2_eps0.2_kappa1.0_rho1.0 - INFO - z_hat (full): [-1,  1,  1, -1,  1, -1, -1, -1,  1,  1, -1, -1, -1,  1,  1, -1,  1,  1, -1,  1,  1, -1, -1,  1,  1, -1,  1,  1, -1,  1]
