2026-01-20 11:01:21,880 - final_problem_set.kxor_instance_n23_k2_m188_ell2_eps0.3_kappa1.0_rho0.4 - INFO - Starting iteration for /Users/julian/CodingProjects/UniT3/QuarticSpeedupK-XOR/z_Daphne/data/final_problem_set/kxor_instance_n23_k2_m188_ell2_eps0.3_kappa1.0_rho0.4.npz
2026-01-20 11:01:21,881 - final_problem_set.kxor_instance_n23_k2_m188_ell2_eps0.3_kappa1.0_rho0.4 - INFO - Loaded instance (n=23, m=188, k=2)
2026-01-20 11:01:21,881 - final_problem_set.kxor_instance_n23_k2_m188_ell2_eps0.3_kappa1.0_rho0.4 - INFO - Starting step 'ComputeKikuchiStep' (version 0.1) on problem kxor_instance_n23_k2_m188_ell2_eps0.3_kappa1.0_rho0.4 (fields={'ell': 2, 'threshold': 0.0})
2026-01-20 11:01:21,911 - final_problem_set.kxor_instance_n23_k2_m188_ell2_eps0.3_kappa1.0_rho0.4 - INFO - Finished step 'ComputeKikuchiStep' in 0.029s (success: True, problem=kxor_instance_n23_k2_m188_ell2_eps0.3_kappa1.0_rho0.4)
2026-01-20 11:01:21,911 - final_problem_set.kxor_instance_n23_k2_m188_ell2_eps0.3_kappa1.0_rho0.4 - INFO - Starting step 'ClassicalEigenvaluesStep' (version 0.1) on problem kxor_instance_n23_k2_m188_ell2_eps0.3_kappa1.0_rho0.4 (fields={'ell': 2, 'threshold': 0.0, 'kikuchi_matrix': <Dictionary Of Keys sparse matrix of dtype 'int64'
	with 5586 stored elements and shape (253, 253)>, 'num_eigenvalues': 5})
2026-01-20 11:01:22,035 - final_problem_set.kxor_instance_n23_k2_m188_ell2_eps0.3_kappa1.0_rho0.4 - INFO - Finished step 'ClassicalEigenvaluesStep' in 0.124s (success: True, problem=kxor_instance_n23_k2_m188_ell2_eps0.3_kappa1.0_rho0.4)
2026-01-20 11:01:22,035 - final_problem_set.kxor_instance_n23_k2_m188_ell2_eps0.3_kappa1.0_rho0.4 - INFO - Starting step 'KeyExtractionStep' (version 0.1) on problem kxor_instance_n23_k2_m188_ell2_eps0.3_kappa1.0_rho0.4 (fields={'ell': 2, 'threshold': 0.0, 'kikuchi_matrix': <Dictionary Of Keys sparse matrix of dtype 'int64'
	with 5586 stored elements and shape (253, 253)>, 'num_eigenvalues': 5, 'eigenvalues': array([10.07871977, 10.67201132, 11.71559074, 12.07529557, 13.42182079]), 'eigenvectors': array([[ 4.09713107e-02,  7.93112704e-03, -2.28403844e-02, -4.66702977e-02,  2.07604970e-02],
       [-4.71819973e-02,  4.67348942e-03,  2.57643463e-02,  6.81042609e-03,  2.59682085e-04],
       [ 4.77985109e-02, -1.13825915e-02, -1.98679448e-02, -2.79583299e-02,  6.92101104e-03],
       [ 8.92379404e-02, -4.52959264e-02, -3.92722329e-02, -9.60240962e-02,  2.25596605e-02],
       [-1.03900695e-01,  5.28340195e-02,  5.36545636e-02,  1.09174597e-01, -1.80862985e-02],
       [-6.53453631e-03,  1.93049033e-02,  6.57834178e-03,  6.27143711e-02, -1.44197990e-02],
       [ 3.79857703e-02, -4.55335582e-02, -3.54283923e-02, -1.23657009e-01,  4.42900398e-02],
       [-5.65856033e-02,  5.05542794e-02,  4.07883971e-02,  1.36434936e-01, -4.94285801e-02],
       [-3.54066786e-02,  5.86684149e-02,  1.70541718e-02,  9.70505875e-02, -3.91212701e-02],
       [-2.57904276e-02, -2.14704595e-02,  1.38851095e-02,  2.06443854e-02,  8.42359885e-03],
       [ 7.58125090e-02, -1.10295580e-02, -3.80332971e-02, -4.69918876e-02,  3.88556085e-03],
       [-3.21493582e-02,  2.40075511e-02, -3.27605277e-03, -3.06053468e-03, -9.73178393e-03],
       [-1.17299108e-01,  6.48719411e-02,  5.29807376e-02,  1.50343526e-01, -2.99806864e-02],
       [-9.58356872e-02,  4.95517570e-02,  5.05320185e-02,  1.22671317e-01, -5.88259325e-02],
       [-2.88695622e-02,  3.80932073e-02,  2.01944798e-02,  6.31749387e-02, -1.08047801e-02],
       [-1.34308728e-02, -1.77116266e-02,  5.98704671e-03, -8.82251023e-02,  4.91191603e-02],
       [ 9.50119907e-02, -6.28069166e-02, -4.30301673e-02, -1.23141863e-01,  3.99491918e-02],
       [-2.14053801e-02,  5.98620357e-02,  1.07175835e-02,  5.09553043e-02, -2.37428072e-02],
       [ 7.73549130e-02,  4.39190686e-03, -3.55684405e-02,  9.15956754e-03, -8.46133992e-03],
       [ 1.45878664e-02, -2.12951538e-02, -2.18173528e-03,  2.86146590e-02,  4.84895861e-03],
       [-1.45221237e-02,  3.09616422e-02, -9.74613503e-03, -4.17159660e-02,  2.01538007e-02],
       [ 6.97338820e-03,  2.38719647e-02,  5.37343484e-03,  5.43933733e-02, -4.46272314e-02],
       [-9.79093638e-04,  3.28125920e-02, -4.03469236e-02,  2.83525169e-02,  9.34062248e-03],
       [-2.76845515e-02, -2.00380308e-02,  2.10062240e-02, -1.74021870e-03, -1.21386641e-02],
       [-8.05965561e-02, -1.04040380e-01,  3.46577475e-02, -8.72443801e-03, -4.48358978e-02],
       [ 3.78802583e-02,  7.61058520e-02, -6.06298782e-02, -8.30061641e-03,  5.17761728e-02],
       [ 5.03138961e-02,  4.76283699e-02,  2.16664383e-02, -4.17594680e-02,  3.09832869e-02],
       [-4.29459872e-02, -1.43630704e-01,  4.98308626e-03, -6.11201923e-03, -5.84930668e-02],
       [ 7.20947940e-02,  1.38190984e-01, -6.75156504e-03,  9.04257260e-03,  5.24074771e-02],
       [ 7.81092364e-02,  9.58432418e-02,  2.59443265e-02,  1.16817213e-02,  4.89001696e-02],
       [ 9.74216529e-03,  1.44360458e-02, -3.13030991e-02, -4.86487182e-02,  2.33150034e-03],
       [-6.32346073e-03, -4.40771459e-02,  6.35013247e-02,  6.30061309e-03, -1.75500417e-02],
       [ 7.58808723e-02,  1.27811739e-02,  2.60776093e-02,  2.92227851e-02,  3.37701041e-04],
       [ 9.07124981e-02,  1.60100125e-01, -4.40070170e-02,  1.00491522e-02,  7.30069377e-02],
       [ 9.30721753e-02,  1.60558365e-01, -9.13627206e-03,  2.68173317e-02,  4.67010642e-02],
       [-6.82832478e-03,  1.65464854e-02, -2.03782732e-02, -1.49432449e-02,  4.27778660e-02],
       [-5.26016636e-02, -1.21011059e-01, -4.40100617e-02, -6.89238661e-03, -3.79529155e-02],
       [-9.27787533e-02, -1.28140639e-01,  7.14805516e-03, -9.57692009e-03, -4.79703042e-02],
       [ 3.04582949e-02,  6.07271125e-03,  1.26028086e-02,  1.67765976e-02,  3.49189064e-02],
       [ 7.65966642e-03, -1.64049852e-02,  6.43930547e-02, -3.31609575e-02,  4.14172927e-03],
       [ 3.32964712e-03,  1.08289075e-02, -2.32858175e-03, -5.88974128e-02,  1.36981508e-03],
       [-1.87106005e-03, -8.44924950e-02, -1.15634718e-03,  8.40816807e-03, -1.36579329e-02],
       [ 2.81053592e-02,  1.06182564e-01,  2.29044849e-02,  4.19770901e-02,  3.57200409e-02],
       [ 1.00246284e-02,  4.52941104e-03, -3.45699256e-02,  1.85071001e-02,  6.12900521e-03],
       [-3.30387393e-03,  1.57855531e-02, -7.41596663e-02,  5.54824159e-02,  4.25836061e-03],
       [-1.59413559e-02, -6.24829889e-03,  8.72249070e-02, -5.20556171e-02, -6.74439708e-03],
       [-2.85228100e-02, -1.00007881e-02,  2.11076970e-02, -1.44768943e-03, -1.32507023e-02],
       [-6.30427692e-03,  2.89865536e-02, -8.68275141e-02,  6.86581239e-02,  1.08754223e-02],
       [ 3.06231450e-02, -3.75518936e-02,  1.01509025e-01, -8.02891505e-02, -3.43509079e-02],
       [ 4.48320255e-03, -1.18812533e-02,  6.05794533e-02, -5.90650472e-02, -1.64207461e-02],
       [-4.52836319e-02, -9.80565088e-03,  1.77511279e-03,  2.50424755e-02,  5.07973806e-03],
       [ 5.25318595e-03,  7.54932883e-03, -4.76713665e-02,  2.17697409e-02, -3.20166237e-03],
       [-4.07765175e-04,  5.87606099e-03,  4.83943854e-03, -1.97136548e-02, -2.77781234e-03],
       [ 2.10828269e-03, -2.75241649e-02,  1.12908016e-01, -8.65561617e-02, -3.22379429e-03],
       [ 3.15314512e-02, -3.35266404e-02,  1.09803888e-01, -9.28308209e-02, -1.83850622e-02],
       [-4.84275770e-03,  7.40903401e-03,  4.72732068e-02, -2.74496136e-02, -8.86401959e-03],
       [-2.56660116e-02,  4.34616347e-02, -3.44375537e-02,  5.07217591e-02,  2.72759778e-02],
       [ 1.27497962e-02,  2.05066619e-02, -9.08618059e-02,  7.10896086e-02,  1.68597890e-02],
       [ 1.91335811e-02,  1.77817613e-02,  4.28635896e-02, -4.17678023e-02, -1.47283541e-02],
       [-9.18769093e-03,  1.48069536e-03, -2.71219189e-02,  1.75585307e-02, -7.54601444e-03],
       [-3.10978579e-02, -1.32642805e-02, -6.28751440e-03,  2.76212661e-02, -1.90609290e-03],
       [-1.49050964e-02,  3.78615824e-02, -2.25992847e-02,  1.45054374e-02,  1.00971590e-02],
       [ 5.40666889e-02, -2.43617951e-02,  5.59000812e-02, -6.41448960e-02, -1.67119465e-02],
       [-9.16852719e-02,  8.85460618e-03,  6.68675194e-02, -3.12281547e-03, -3.35577609e-02],
       [ 6.67792741e-02, -1.60801806e-02, -6.99834983e-02, -9.94737065e-03,  2.84351571e-02],
       [ 3.76448464e-02, -1.55430533e-03, -1.77549576e-04, -2.99940314e-02,  1.84593687e-02],
       [-2.15731843e-02, -1.07986227e-02,  4.30154920e-02,  2.84980860e-03, -5.42331924e-02],
       [ 6.07449616e-02,  3.35021286e-03, -5.41778821e-02, -7.77693227e-04,  3.24047460e-02],
       [ 5.73488662e-02, -1.33463145e-02, -1.00733059e-02,  3.65483193e-03,  4.47289321e-02],
       [ 2.56725835e-02,  1.40866038e-02, -1.43777671e-02, -3.14352543e-02, -4.94460857e-04],
       [-3.56765551e-02, -1.08920406e-03,  5.45732476e-02,  4.97570508e-03, -6.76508425e-03],
       [ 4.78639570e-02, -1.34660856e-02,  7.86317948e-03,  2.04921184e-02,  4.88759037e-03],
       [ 8.73820744e-02, -2.60042337e-03, -6.93281803e-02,  3.04858930e-04,  3.36864828e-02],
       [ 7.79060663e-02,  1.06818757e-02, -6.08438016e-02,  1.85308180e-02,  4.59592697e-02],
       [ 1.65781735e-02, -2.30572819e-02, -3.04363903e-02, -1.14994104e-02,  1.97439706e-02],
       [-1.46518822e-02, -2.16774413e-02, -1.40076359e-03,  8.53785566e-04, -3.68982998e-02],
       [-7.45208746e-02,  6.05136686e-03,  4.66803144e-02, -7.35089942e-04, -3.40559172e-02],
       [ 2.84764117e-02, -2.58356218e-02, -1.64214285e-02,  6.40449523e-03,  1.70157094e-02],
       [-1.67641472e-02, -3.89672802e-03,  4.29780389e-02, -2.29530410e-02,  7.87246688e-03],
       [ 8.52223533e-03,  1.58426627e-02,  3.54816321e-03, -4.07117273e-02, -2.70715029e-03],
       [ 6.79668579e-03, -4.36462190e-02,  1.24153837e-02,  7.98719857e-03, -1.45694623e-02],
       [ 3.19275879e-04,  1.34893861e-02, -1.74681709e-02,  2.36384258e-02,  2.97570212e-02],
       [ 5.25152898e-02, -5.91565450e-02, -1.16533701e-01, -2.03770157e-02,  7.79237417e-02],
       [ 6.91543428e-02, -2.03541531e-02,  2.80128229e-02, -9.25045358e-02,  6.15322247e-02],
       [ 1.10673455e-03, -7.64881563e-03,  4.32589464e-02, -2.37129434e-03, -1.20420293e-01],
       [ 3.99163801e-02,  5.59740337e-03, -5.17041441e-02,  5.74790072e-03,  1.24898451e-01],
       [ 6.55516204e-02, -4.17748392e-02,  1.31350881e-02,  1.32180001e-02,  1.01034503e-01],
       [ 5.58044593e-02,  4.62011555e-02, -4.68150159e-02, -9.93588967e-02, -6.24783088e-03],
       [-1.92304614e-02,  1.96527489e-03,  1.10640943e-01,  1.19142024e-02, -2.03993751e-02],
       [ 1.13720724e-01, -2.68572987e-02,  3.86114749e-02,  5.75350147e-02,  5.89792121e-03],
       [ 1.00889792e-01, -3.26963862e-02, -1.11349343e-01,  8.55615324e-03,  1.23244752e-01],
       [ 8.83418510e-02,  2.46690074e-02, -6.67500692e-02,  5.64853477e-02,  1.19028989e-01],
       [-2.57003934e-02, -1.04687352e-01, -4.62609368e-02, -3.05518982e-02,  6.61639058e-02],
       [-1.97909173e-03, -5.46774069e-02, -5.35855114e-02, -3.49795511e-03, -1.01781447e-01],
       [-1.34363297e-01,  2.54552159e-02,  5.04492809e-02, -9.88173877e-03, -1.05488154e-01],
       [ 9.86132687e-03, -1.25423812e-01, -2.21954526e-03,  2.73006661e-02,  6.57154526e-02],
       [-2.49528530e-02, -2.05410204e-02,  1.21702441e-01, -7.42005272e-02,  1.41255826e-02],
       [ 1.53452687e-02,  4.85296037e-02,  5.13864609e-03, -1.25781088e-01, -1.02966722e-04],
       [ 3.88862404e-02, -1.43592385e-01,  1.14678669e-02,  2.31883998e-02, -4.29732340e-02],
       [-4.31789590e-02,  2.73715532e-02,  8.43346120e-03,  8.07537224e-02,  9.04076021e-02],
       [-1.89210224e-02,  4.06272812e-02, -4.16080365e-03,  1.13328402e-01, -5.81644536e-02],
       [-9.22798111e-02, -3.93780835e-02, -8.87253949e-02, -3.57954366e-02,  1.08475475e-01],
       [ 7.00981089e-02,  4.27126117e-02,  1.06731287e-01,  3.83349079e-02, -1.25418370e-01],
       [ 3.07268282e-02,  7.79940295e-02,  3.28348572e-02,  1.96213979e-02, -9.50075431e-02],
       [-8.22763734e-02, -5.69848499e-02,  2.73144448e-02,  9.51223419e-02,  1.51100662e-02],
       [ 3.55234693e-02, -4.31198523e-03, -1.08788044e-01, -1.85234905e-02,  1.86776335e-02],
       [-1.05709664e-01,  5.21956770e-02, -5.72667739e-03, -5.16647074e-02, -2.37508515e-02],
       [-1.41715879e-02,  8.59205659e-02,  1.67929200e-01,  4.07994942e-02, -1.18775221e-01],
       [ 1.10726857e-02,  3.15062240e-02,  1.42038266e-01, -2.02468842e-02, -1.45418429e-01],
       [ 5.09128579e-02,  9.96611441e-02,  5.17846932e-02,  4.64575264e-02, -4.67165758e-02],
       [-1.08691118e-01,  9.65328795e-03,  5.81885521e-03, -3.15695561e-02,  1.17713241e-01],
       [ 5.07479820e-02, -7.69605669e-02, -1.02709103e-01, -3.08051684e-02,  1.08537948e-01],
       [ 4.61723507e-02,  1.27208804e-01,  2.14015780e-02, -9.67432835e-03, -5.95134788e-02],
       [ 5.85401889e-02,  2.96191730e-02, -1.04211031e-01,  7.94686626e-02, -1.53311030e-02],
       [-2.01142338e-02, -5.11857570e-02, -1.23992999e-02,  1.28108542e-01,  6.67569543e-03],
       [-8.43430214e-02,  1.25083499e-01, -3.04707131e-02, -3.53145725e-02,  4.83108810e-02],
       [ 1.44155344e-01,  1.39646449e-02,  4.08410231e-02, -5.65747039e-02, -1.06495655e-01],
       [-4.45096134e-03, -1.50629187e-02,  7.03890657e-02, -1.18221066e-01,  7.21633452e-02],
       [-2.36608968e-02,  1.57201122e-02, -8.17154445e-02,  1.31832378e-01, -8.47700050e-02],
       [-2.90799233e-02,  3.56926750e-02, -8.19834598e-02,  8.82488214e-02, -5.91012429e-02],
       [ 6.18403214e-03, -2.46465516e-02,  4.39223465e-02,  3.78169938e-02,  5.18155694e-03],
       [ 2.46201979e-02, -1.35597632e-03, -3.82649606e-02, -5.63912077e-02,  2.60792731e-02],
       [-8.86091580e-02,  1.23018557e-02, -3.43125320e-02, -1.88685349e-02, -9.48096666e-03],
       [-5.60878023e-02,  2.66003096e-02, -6.18865627e-02,  1.42232646e-01, -7.97847303e-02],
       [-9.25523368e-02, -4.88852202e-03, -7.81936476e-02,  1.04187769e-01, -9.28628949e-02],
       [ 3.28066631e-02,  5.05493286e-02, -2.17712829e-02,  6.72053465e-02, -3.25086896e-02],
       [-3.14605579e-03,  1.35275479e-03,  7.84539952e-02, -7.35998728e-02,  4.99721002e-02],
       [ 6.40833125e-02, -2.46649163e-02,  6.26108300e-02, -1.09094221e-01,  6.31660672e-02],
       [-7.90433208e-03,  6.69874868e-02, -5.22269700e-02,  4.61508746e-02, -4.09822205e-02],
       [ 5.19493824e-02,  1.89523465e-02, -5.16021954e-02,  2.05257352e-02,  3.36659520e-03],
       [ 3.92985095e-02, -2.01284767e-02,  1.48882353e-02,  5.21185010e-02,  5.54203245e-03],
       [-2.13670774e-02,  6.21048329e-02,  2.12450500e-02, -4.46516650e-02,  2.66637980e-02],
       [-8.53763032e-03, -2.02703880e-03, -8.03442692e-02,  4.10050784e-02, -5.60994933e-02],
       [-1.17941093e-01,  4.17878991e-02,  2.85319556e-02, -1.05237912e-02,  1.53448425e-01],
       [-2.42845373e-02, -1.97542856e-02,  7.79444720e-02,  5.27494796e-03,  1.06547600e-01],
       [ 3.47451362e-02,  5.32230660e-02, -6.85486535e-02, -1.18854487e-01, -1.98322239e-03],
       [ 4.90890603e-02, -1.51438156e-02,  1.28953971e-01,  1.92917569e-02, -4.60077124e-02],
       [ 1.57975632e-01, -1.65328270e-02,  6.09832082e-02,  7.37723184e-02,  2.57634436e-02],
       [-8.43153463e-02,  1.24051355e-02, -4.04178877e-02, -7.80238898e-03,  1.65622199e-01],
       [-3.16364695e-02,  8.05813115e-02,  1.18444640e-02,  5.88768744e-02,  1.55789342e-01],
       [-1.28714099e-01, -1.04810379e-01, -1.37661867e-02, -4.40108011e-02,  7.11018497e-02],
       [ 7.02875184e-02, -7.07898184e-02, -1.11397999e-01,  5.96046704e-03, -9.76656224e-02],
       [-2.48694515e-02, -1.00413417e-02, -1.90489787e-02, -1.01204098e-03, -1.37036369e-01],
       [-8.37406888e-02, -1.32151760e-01,  4.89282411e-02,  2.37256521e-02,  9.23999696e-02],
       [ 9.16834828e-04, -4.49600532e-02,  1.44321766e-01, -9.19242281e-02, -5.81804463e-03],
       [-1.48388552e-02,  4.59175768e-02, -2.99246371e-03, -1.54454392e-01,  1.40581076e-04],
       [ 8.76625590e-02, -1.72462174e-01, -9.19259904e-03,  3.32412972e-02, -4.47779231e-02],
       [-1.07772357e-01,  4.75273516e-02,  6.58703936e-02,  7.86823899e-02,  9.15107810e-02],
       [-9.38122408e-03,  1.86505731e-02, -1.01363828e-01, -7.52483441e-03, -1.44685082e-01],
       [-3.03707305e-02, -5.79974680e-02,  7.30858844e-02,  1.32128127e-01, -1.22643397e-02],
       [-4.29815526e-02,  1.64341277e-02, -1.50978893e-01, -2.07409810e-02,  4.92906561e-02],
       [-2.02556767e-01,  2.26137284e-02, -6.92102571e-02, -8.29136384e-02, -2.30506164e-02],
       [ 3.86965508e-02, -1.23304444e-02,  5.28159798e-02,  4.89977328e-03, -1.90619315e-01],
       [-2.09968849e-02, -8.46926391e-02, -1.05348894e-02, -6.73147182e-02, -1.71909228e-01],
       [ 1.30312020e-01,  1.10026074e-01,  2.03553373e-02,  4.90076502e-02, -8.13553080e-02],
       [-4.39022441e-02,  7.86964107e-02,  1.31548519e-01, -6.25443385e-03,  1.11745077e-01],
       [ 8.54695371e-02,  1.02335380e-02,  2.43893354e-02,  3.73252699e-03,  1.76762123e-01],
       [ 3.85763277e-02,  1.27669090e-01, -4.39121357e-02, -2.47876513e-02, -7.56440575e-02],
       [ 7.64639704e-03,  4.08265319e-02, -1.70590314e-01,  1.04309542e-01, -4.55219536e-03],
       [ 4.70997180e-03, -4.66229581e-02,  2.94094958e-03,  1.72474867e-01,  1.18829866e-02],
       [-8.31431611e-02,  1.76445151e-01,  8.51523763e-03, -3.41338072e-02,  3.76498765e-02],
       [ 9.22628769e-02, -5.45275243e-02, -7.07475599e-02, -8.79407829e-02, -9.75209811e-02],
       [-5.80140583e-03, -3.38633008e-02,  6.21705195e-02,  9.66868225e-02,  1.92465818e-04],
       [-1.35847091e-02, -1.95587254e-02, -8.36591580e-02, -1.06211928e-02,  4.76269645e-02],
       [-1.45769761e-01,  1.24607721e-02, -4.45452892e-02, -5.79766822e-02, -2.71989154e-03],
       [-3.22962121e-02,  6.10441622e-02, -4.10143683e-02, -1.23005656e-02, -1.43947063e-01],
       [-8.49372557e-02, -1.00222020e-02, -7.97576435e-02, -6.00879615e-02, -1.23930220e-01],
       [ 8.06877955e-02,  1.20042115e-01, -1.96275060e-02,  3.05927454e-02, -7.26669977e-02],
       [ 1.59271076e-02,  3.31110134e-02,  1.31475277e-01,  5.08543578e-03,  7.91820852e-02],
       [ 9.43328350e-02, -4.03794823e-02,  7.04115179e-02,  1.37621629e-02,  1.07667952e-01],
       [ 7.59862248e-03,  1.11555209e-01, -5.76368581e-02, -2.24280287e-02, -6.02018001e-02],
       [ 1.06296488e-02,  1.63551256e-02, -1.06794411e-01,  7.71403187e-02,  7.12347645e-03],
       [ 2.37728293e-02, -3.69704390e-02,  6.13144991e-03,  1.24777626e-01, -3.35303433e-03],
       [-3.70276511e-02,  1.25716538e-01,  3.40710173e-02, -2.06802828e-02,  4.25758319e-02],
       [ 8.60216091e-03, -1.64183190e-02, -1.08893297e-01, -7.92386225e-02, -8.46357380e-02],
       [ 6.23472373e-02,  2.65045213e-02,  1.18031019e-03, -4.17352000e-02, -5.87006295e-03],
       [ 1.95068339e-02,  1.38267314e-03,  1.86317596e-02,  1.73661937e-02, -3.13422398e-03],
       [-8.29743575e-02, -7.28905028e-02,  7.59242789e-02,  1.51912239e-01,  9.24017881e-03],
       [-4.11043045e-02, -5.36291705e-02,  8.10990014e-02,  1.40401991e-01, -5.38561404e-03],
       [-3.88139151e-02, -3.49804762e-02,  2.73511704e-02,  5.62824776e-02,  6.34353691e-03],
       [-2.75886453e-02,  2.64285966e-02, -6.31968118e-02, -8.23995634e-02,  8.76850567e-03],
       [ 3.74715467e-02,  5.14409643e-02, -7.30350059e-02, -1.23278719e-01, -5.67602308e-03],
       [-8.74232183e-03, -1.45165140e-02,  2.78177938e-02,  5.41019500e-02, -4.46426738e-03],
       [ 5.99221400e-02,  1.03109316e-02,  1.44749262e-02, -1.29364652e-02, -4.04584738e-03],
       [ 1.54302971e-03, -8.12673600e-04, -1.30863218e-03, -8.36768232e-03,  1.56031740e-03],
       [ 1.09444082e-03,  5.78678917e-03, -2.50724916e-02, -3.24551508e-02,  4.88291841e-03],
       [ 1.06095794e-02, -3.11220434e-02,  4.46389875e-02,  7.12429618e-02, -1.31673758e-02],
       [ 3.02541447e-02, -2.44893771e-02, -1.16005387e-02,  2.10367612e-02,  6.51881630e-03],
       [ 1.06444412e-02,  2.26566081e-03, -1.71326226e-01, -2.20052227e-02,  3.19964366e-02],
       [-4.08839913e-02,  7.80123400e-03, -1.61213417e-01, -4.63597991e-03,  4.18356634e-02],
       [-5.63084677e-03, -2.86553582e-02, -6.90715910e-02, -2.21105885e-02,  2.04864153e-02],
       [ 7.34627153e-02, -2.64491661e-02,  6.65704867e-02,  1.64689258e-02, -4.86222491e-02],
       [-2.75637124e-02,  7.58542472e-03,  1.34882031e-01,  1.74171094e-02, -4.32755176e-02],
       [-2.42834607e-02, -5.11805276e-02, -5.72968181e-02,  3.17832296e-03,  2.50907892e-02],
       [-2.44009138e-02, -1.05692427e-02,  4.05657329e-02, -3.17157685e-02,  1.41744405e-02],
       [ 3.36594964e-02,  2.87747190e-02,  1.78695864e-02, -5.30948966e-02,  5.17808187e-04],
       [ 4.70552114e-02, -7.10873938e-02,  4.73759804e-02,  1.94125173e-02, -1.79632292e-02],
       [-9.92212338e-02,  1.29697575e-02, -8.57170808e-02,  2.00744429e-02,  3.80672463e-02],
       [-2.01813409e-01,  4.51230899e-02, -5.59210325e-02, -9.41239426e-02, -2.25818505e-02],
       [-1.97724465e-01,  2.51730230e-02, -6.93292489e-02, -8.01934542e-02,  3.13861879e-03],
       [-6.60118658e-02,  4.82547113e-02, -1.89627923e-02, -3.18043256e-02, -2.26875271e-02],
       [ 1.55098242e-01,  9.40333329e-03,  6.55141228e-02,  5.35513680e-02,  4.94836113e-03],
       [ 1.56548579e-01, -2.40862942e-02,  5.42366392e-02,  7.35113367e-02,  1.00125564e-03],
       [-9.46554105e-02,  3.32307070e-02, -2.86343183e-02, -3.82981461e-02, -7.08335211e-03],
       [-2.28592103e-02, -1.34712612e-02, -2.35050517e-02,  1.15872417e-02, -1.06710461e-03],
       [ 4.96953954e-04, -8.78977133e-03,  3.62008086e-03,  1.63853619e-02, -4.77145447e-03],
       [ 6.17209242e-02,  2.73535096e-02,  2.68053351e-02,  1.83272440e-02,  5.72005793e-03],
       [-1.39785673e-01, -5.91373923e-04, -5.80157483e-02, -6.14181040e-02, -7.02655143e-03],
       [-5.99891697e-02, -4.58278895e-02,  8.00532690e-02, -8.30688700e-02, -1.91650296e-01],
       [ 9.39254146e-02,  1.45306255e-01,  4.74173836e-02,  5.16417507e-02, -8.20634090e-02],
       [-6.19819493e-02,  7.92089036e-02,  9.69674987e-02, -2.75809534e-03,  1.54865198e-01],
       [ 1.39449791e-01, -3.76386300e-02, -5.37406062e-02,  8.02996592e-03,  1.65480415e-01],
       [ 3.22269386e-02,  1.87944896e-01, -9.63404747e-03, -3.54489097e-02, -1.00511888e-01],
       [ 3.76675545e-02,  4.14289436e-02, -1.77350075e-01,  1.15311090e-01, -2.79292635e-02],
       [-9.67744779e-03, -7.20752587e-02, -5.09795034e-03,  1.96259763e-01,  9.46364975e-04],
       [-9.54202432e-02,  2.19288454e-01, -1.21559633e-02, -4.05618256e-02,  6.48113800e-02],
       [ 1.24281383e-01, -4.02299512e-02, -3.29083146e-02, -1.08665968e-01, -1.23459830e-01],
       [ 8.64327379e-02,  1.08731320e-01,  3.58523145e-02,  4.74871925e-03, -1.19422980e-01],
       [ 2.74942393e-02,  1.19620900e-01,  1.31980448e-01,  3.82793158e-02,  1.08045270e-01],
       [ 1.58975455e-01,  4.28785171e-02,  3.47885784e-03,  7.12428421e-02,  1.51748480e-01],
       [ 4.29106626e-03,  1.31154576e-01, -3.59576415e-02, -5.67481388e-02, -8.29019321e-02],
       [-3.05371768e-02,  2.09724968e-02, -1.79365851e-01,  9.88818621e-02, -1.79208762e-02],
       [-1.57483774e-02, -6.70515424e-02,  3.18322607e-04,  1.68816682e-01, -1.64317181e-02],
       [-5.88713843e-02,  2.01748944e-01,  9.93791422e-03, -2.36102689e-02,  4.20592677e-02],
       [ 4.36362480e-02, -8.21091599e-02, -6.91171898e-02, -1.32466857e-01, -9.39993529e-02],
       [-1.25456626e-01, -5.77895477e-02,  3.72946158e-02, -3.32183473e-02,  7.34964289e-02],
       [-3.74231356e-02, -1.34082493e-01, -2.07569860e-02, -4.06420304e-02,  8.87483087e-02],
       [ 6.03793085e-02,  1.04339126e-01, -6.23884850e-03,  5.74286222e-03, -3.99571315e-02],
       [ 4.35606658e-02,  1.60940204e-02, -7.15830059e-02,  4.60075605e-02, -1.65130906e-03],
       [ 1.52356348e-02, -2.55041718e-02, -1.04491846e-03,  7.99357576e-02,  7.24389580e-03],
       [-8.47047048e-02,  5.26508955e-02, -5.54819234e-03, -2.83964069e-02,  3.09056518e-02],
       [ 1.32005681e-01,  6.35166129e-02, -9.99556963e-03, -1.45661977e-02, -6.55065557e-02],
       [-2.83876755e-02, -6.69924831e-02, -1.14759129e-01, -4.62548956e-03, -1.05488836e-01],
       [-2.67871744e-02, -5.93075859e-02,  8.70322142e-02,  1.35641511e-02,  6.11181386e-02],
       [ 2.14910322e-02, -4.09795317e-02,  8.99824171e-02, -6.30728217e-02, -1.30269932e-02],
       [-3.84258657e-02,  1.93393167e-02, -1.52762326e-02, -1.06267295e-01,  2.27836769e-03],
       [ 3.77963789e-02, -1.15934216e-01, -2.83789826e-02,  2.07206353e-02, -2.47365344e-02],
       [-5.68398325e-03,  6.67194699e-02,  1.15526260e-01,  5.17183931e-02,  5.72153560e-02],
       [ 2.87187287e-02, -1.49468427e-01,  4.03625178e-02,  3.14702029e-02,  8.46611350e-02],
       [-2.58951344e-02, -2.75183486e-02,  1.49093024e-01, -9.16767544e-02,  5.95353321e-03],
       [-6.94486474e-03,  5.37385959e-02, -3.14709251e-03, -1.57032143e-01,  2.15386263e-03],
       [ 2.05058533e-02, -1.79661938e-01, -1.25521004e-02,  2.88262823e-02, -6.32238073e-02],
       [ 1.84962901e-03,  4.08594265e-02,  7.40597158e-02,  9.95590960e-02,  1.11352845e-01],
       [ 9.69814690e-04, -8.54858468e-03, -7.46449647e-02,  5.20838594e-02, -1.23447579e-03],
       [ 9.58347353e-03, -2.95007900e-02, -2.11683747e-03,  7.60602451e-02, -2.14638891e-04],
       [-5.09449399e-02,  4.00953389e-02,  1.96078378e-02, -8.36995824e-03,  2.83289169e-02],
       [ 4.32837456e-02,  6.39869575e-02, -4.69369599e-02, -4.94204995e-02, -4.98016482e-02],
       [ 5.41613640e-02,  1.32677215e-02,  1.37602885e-02, -1.15298501e-02,  9.74934938e-04],
       [ 8.40146697e-03, -2.86595276e-02,  4.59041955e-02, -2.24761404e-02, -6.88892925e-04],
       [-5.46544701e-02,  2.20837288e-02, -1.09516032e-01,  6.81212815e-02,  8.52344877e-04],
       [-3.60166923e-03, -4.15457592e-03, -4.95959493e-03, -4.08321229e-02,  4.05541291e-04],
       [ 1.54578799e-02, -3.03731107e-02, -2.33108814e-03,  9.67831386e-02, -7.92125903e-03],
       [-5.01262586e-02,  1.09937945e-01,  1.88225860e-02, -2.53163191e-03,  2.12056757e-02]])})
2026-01-20 11:01:22,037 - final_problem_set.kxor_instance_n23_k2_m188_ell2_eps0.3_kappa1.0_rho0.4 - INFO - Running key extraction (n=23, m=188, ell=2, phase_qubits=13)
2026-01-20 11:01:22,041 - final_problem_set.kxor_instance_n23_k2_m188_ell2_eps0.3_kappa1.0_rho0.4 - INFO - Built voting matrix V (n=23, ell=2, dtype=complex128) in 0.004s
2026-01-20 11:01:22,042 - final_problem_set.kxor_instance_n23_k2_m188_ell2_eps0.3_kappa1.0_rho0.4 - INFO - Eval: adv=0.3617, hamming=3/23 (0.130), corr=0.739
2026-01-20 11:01:22,042 - final_problem_set.kxor_instance_n23_k2_m188_ell2_eps0.3_kappa1.0_rho0.4 - INFO - Key extraction complete: x_hat=13
2026-01-20 11:01:22,042 - final_problem_set.kxor_instance_n23_k2_m188_ell2_eps0.3_kappa1.0_rho0.4 - INFO - Finished step 'KeyExtractionStep' in 0.005s (success: True, problem=kxor_instance_n23_k2_m188_ell2_eps0.3_kappa1.0_rho0.4)
2026-01-20 11:01:22,042 - final_problem_set.kxor_instance_n23_k2_m188_ell2_eps0.3_kappa1.0_rho0.4 - INFO - SUCCESS: len(z_hat)=23
2026-01-20 11:01:22,042 - final_problem_set.kxor_instance_n23_k2_m188_ell2_eps0.3_kappa1.0_rho0.4 - INFO - Metrics: adv=0.3617021276595745, ham_frac=0.13043478260869565, corr=0.7391304347826086
2026-01-20 11:01:22,042 - final_problem_set.kxor_instance_n23_k2_m188_ell2_eps0.3_kappa1.0_rho0.4 - INFO - z_hat (full): [ 1, -1,  1, -1, -1,  1,  1, -1,  1,  1, -1, -1,  1,  1,  1,  1, -1, -1,  1,  1,  1, -1,  1]
