2026-01-20 11:00:38,965 - final_problem_set.kxor_instance_n17_k2_m154_ell2_eps0.3_kappa0.875_rho0.4 - INFO - Starting iteration for /Users/julian/CodingProjects/UniT3/QuarticSpeedupK-XOR/z_Daphne/data/final_problem_set/kxor_instance_n17_k2_m154_ell2_eps0.3_kappa0.875_rho0.4.npz
2026-01-20 11:00:38,965 - final_problem_set.kxor_instance_n17_k2_m154_ell2_eps0.3_kappa0.875_rho0.4 - INFO - Loaded instance (n=17, m=154, k=2)
2026-01-20 11:00:38,965 - final_problem_set.kxor_instance_n17_k2_m154_ell2_eps0.3_kappa0.875_rho0.4 - INFO - Starting step 'ComputeKikuchiStep' (version 0.1) on problem kxor_instance_n17_k2_m154_ell2_eps0.3_kappa0.875_rho0.4 (fields={'ell': 2, 'threshold': 0.0})
2026-01-20 11:00:38,981 - final_problem_set.kxor_instance_n17_k2_m154_ell2_eps0.3_kappa0.875_rho0.4 - INFO - Finished step 'ComputeKikuchiStep' in 0.016s (success: True, problem=kxor_instance_n17_k2_m154_ell2_eps0.3_kappa0.875_rho0.4)
2026-01-20 11:00:38,981 - final_problem_set.kxor_instance_n17_k2_m154_ell2_eps0.3_kappa0.875_rho0.4 - INFO - Starting step 'ClassicalEigenvaluesStep' (version 0.1) on problem kxor_instance_n17_k2_m154_ell2_eps0.3_kappa0.875_rho0.4 (fields={'ell': 2, 'threshold': 0.0, 'kikuchi_matrix': <Dictionary Of Keys sparse matrix of dtype 'int64'
	with 2910 stored elements and shape (136, 136)>, 'num_eigenvalues': 5})
2026-01-20 11:00:39,031 - final_problem_set.kxor_instance_n17_k2_m154_ell2_eps0.3_kappa0.875_rho0.4 - INFO - Finished step 'ClassicalEigenvaluesStep' in 0.049s (success: True, problem=kxor_instance_n17_k2_m154_ell2_eps0.3_kappa0.875_rho0.4)
2026-01-20 11:00:39,031 - final_problem_set.kxor_instance_n17_k2_m154_ell2_eps0.3_kappa0.875_rho0.4 - INFO - Starting step 'KeyExtractionStep' (version 0.1) on problem kxor_instance_n17_k2_m154_ell2_eps0.3_kappa0.875_rho0.4 (fields={'ell': 2, 'threshold': 0.0, 'kikuchi_matrix': <Dictionary Of Keys sparse matrix of dtype 'int64'
	with 2910 stored elements and shape (136, 136)>, 'num_eigenvalues': 5, 'eigenvalues': array([-10.46222852,  -9.58373653,   9.86319127,  10.27571451,  12.38784082]), 'eigenvectors': array([[ 5.73032010e-03,  5.79859508e-02,  1.23088837e-01, -7.22325031e-02,  8.72790899e-02],
       [-6.40156612e-03, -7.57381324e-02,  5.12586289e-02,  1.39223892e-01,  8.22553371e-02],
       [-4.44404150e-02, -4.43994898e-02,  9.06941146e-02, -1.59558846e-01,  1.11248619e-01],
       [ 1.28524202e-02, -1.16208456e-02,  2.74610097e-02, -1.60880312e-01,  6.42468966e-02],
       [-5.91082308e-02,  2.51679698e-02,  1.65857745e-01,  1.44383999e-01, -5.78544927e-02],
       [ 2.05590542e-02, -7.47066140e-02,  1.03195025e-01, -7.64221026e-02, -1.00145130e-01],
       [-2.51540464e-02,  6.26671774e-02, -1.59139123e-02, -5.95265406e-02,  1.48657222e-01],
       [-5.01315088e-02,  4.86502822e-02, -5.06842917e-04, -3.65920150e-02, -1.63830885e-01],
       [ 2.87071920e-02, -9.97631536e-02, -8.59809657e-02, -1.35435340e-01, -2.21175560e-02],
       [ 2.40731773e-03,  4.59272035e-02,  1.53787434e-01, -3.31850839e-02, -1.18330287e-01],
       [-2.25903802e-02, -3.34065301e-02, -1.46390850e-01,  6.17132385e-02,  8.98425812e-02],
       [ 3.99687643e-02, -7.11465175e-02,  6.32491073e-02,  1.43792452e-02, -1.67221426e-01],
       [ 5.03758713e-03, -9.70608180e-02,  3.41591347e-02,  4.24120715e-02, -1.44127976e-01],
       [ 3.51163730e-02, -1.33865214e-04,  5.25224624e-03,  4.63991613e-02, -7.43002969e-02],
       [ 4.01548032e-02, -8.12107037e-02,  8.41574030e-02, -4.17357838e-02,  1.54317077e-01],
       [ 6.62687863e-02, -3.40895173e-02,  5.47378159e-03,  7.98013233e-02,  1.38827555e-01],
       [ 6.87536292e-02, -1.43193913e-01, -8.29136780e-02, -4.92965824e-02, -3.68444050e-02],
       [-5.17738289e-02, -1.49705409e-01, -1.17724110e-01,  8.74292689e-02, -4.32934830e-02],
       [ 3.91899640e-02,  3.18606283e-02, -3.01482725e-02,  7.98706771e-02, -2.69250848e-02],
       [-1.23129931e-01, -5.24673626e-03, -5.24192446e-02, -9.24778366e-02,  4.25514869e-02],
       [ 9.83398250e-02, -5.69997446e-02,  4.07016192e-02,  1.05809656e-02,  7.00847588e-02],
       [-9.33666782e-02,  1.05529833e-01, -1.46230961e-01,  8.34770403e-02, -9.00553112e-02],
       [-1.10549298e-01,  2.30189043e-02,  1.55100452e-01, -3.35709615e-02,  8.69329527e-02],
       [ 1.20314640e-01, -1.29777455e-01,  6.17226305e-02,  6.64072183e-02,  9.21644422e-03],
       [-2.36446341e-02,  9.05586054e-02,  1.34342830e-02, -1.68874800e-02,  8.11052649e-02],
       [-1.77239083e-02, -6.13961226e-02, -1.16016131e-02,  1.47159913e-03, -6.85299302e-02],
       [ 1.15579216e-01, -1.01296698e-01,  9.11837877e-02, -4.22536552e-02,  7.78665820e-02],
       [ 8.97105066e-02, -1.17925053e-01,  1.36317676e-01, -7.70397215e-02,  9.95322920e-02],
       [ 5.49201677e-02,  5.47205718e-02,  6.16730684e-02, -4.53394688e-02,  4.63732911e-02],
       [ 1.09338268e-01, -6.67451189e-02, -1.65920102e-01,  5.81845751e-02, -7.08094420e-02],
       [ 1.44964708e-01,  1.65282136e-02, -1.55117934e-01, -2.36879632e-03, -8.83572679e-02],
       [ 7.92403386e-02,  1.58949764e-01, -1.02686357e-01, -3.46951230e-02, -4.32983240e-02],
       [-6.78897030e-02, -7.46032108e-03, -3.96453166e-02,  1.04501267e-02, -2.91619634e-02],
       [ 1.37301088e-01, -1.50486197e-02, -4.53631267e-02, -3.70858241e-03,  3.20340586e-02],
       [-1.36005168e-01,  1.17526794e-01,  2.42746339e-03,  9.56581264e-02,  3.33859829e-02],
       [ 9.01211938e-02, -1.24605578e-01, -6.43374715e-02, -1.16478827e-01, -5.58383895e-02],
       [ 1.52116812e-01, -6.60000098e-02,  8.33136806e-02,  1.72092461e-01,  6.18004657e-02],
       [-1.17311100e-01,  1.61257965e-01,  3.44601073e-02,  5.11535623e-02,  5.09770520e-03],
       [ 1.17532579e-02, -9.23804227e-02, -1.59957528e-02,  1.01273136e-01,  4.04100020e-02],
       [ 2.76243768e-02,  7.79714283e-02,  2.79760683e-02, -1.03449895e-01, -3.43785845e-02],
       [-9.95220761e-02,  1.04334610e-01,  4.55473248e-02,  1.10224651e-01,  4.29718252e-02],
       [-1.16716070e-01,  1.95526204e-01,  5.41031063e-02,  1.15068648e-01,  5.15797426e-02],
       [-6.65187538e-02, -5.30882881e-02,  3.63886568e-02,  6.73238873e-02,  4.37137108e-02],
       [-1.26972649e-01,  1.24456708e-01, -1.18280480e-01, -1.31381989e-01, -6.29814203e-02],
       [-1.83302270e-01,  1.71074380e-02, -5.87060371e-02, -1.30132719e-01, -4.14367161e-02],
       [ 1.25024805e-02,  7.06679944e-02, -2.87324104e-02,  1.01421449e-01, -2.78654996e-02],
       [ 1.19038739e-02, -1.35904864e-01, -8.63276682e-02, -1.04193846e-01,  4.31814283e-02],
       [ 2.27592174e-02,  2.15391976e-01,  1.44209368e-02, -3.49162187e-02,  8.61652415e-02],
       [-3.22513043e-02, -1.40973205e-01, -1.06326619e-01,  1.37189348e-01, -8.52853183e-02],
       [-7.05558991e-03, -1.77756412e-01,  1.24577354e-01, -9.96016818e-02,  1.00336552e-01],
       [ 5.47690261e-02,  2.07943640e-01,  7.31107233e-02,  5.96937428e-02,  1.72154994e-02],
       [-1.89628323e-02, -5.24151591e-02, -1.88058691e-02, -6.54163156e-02,  9.16454311e-02],
       [ 2.24142584e-02,  1.26498847e-02,  2.38840178e-02,  4.32159352e-02, -8.09700009e-02],
       [ 2.53634562e-02,  1.41054504e-01,  6.03314257e-02, -9.06902635e-02,  8.73776485e-02],
       [ 7.27296216e-02,  2.28491740e-01,  8.72043602e-02, -1.19331893e-01,  8.31926296e-02],
       [-1.32190147e-02,  3.99697912e-02,  6.72218707e-02, -1.14720332e-01,  6.49059328e-02],
       [ 2.69478334e-02,  1.91026669e-01, -1.52435636e-01,  1.26080514e-01, -8.21907324e-02],
       [-1.27639263e-02,  1.58983575e-01, -1.18645655e-01,  5.49047187e-02, -9.04181993e-02],
       [ 7.03923294e-02,  8.25116090e-02, -2.84757141e-02, -7.45783799e-02,  1.86481459e-02],
       [-6.80720339e-02, -7.42426281e-02,  7.98847478e-03, -6.58449967e-02,  4.82599322e-02],
       [ 6.10251372e-02,  1.41886921e-02, -3.96734419e-02,  1.51922825e-01, -5.65721628e-02],
       [ 4.42042814e-02,  6.12275031e-02,  5.38053551e-02, -1.34766986e-01,  8.07563665e-02],
       [-6.41299946e-02, -3.31697177e-02,  3.26786682e-02,  2.25731807e-02,  1.23861387e-02],
       [ 1.23804148e-02, -9.73673893e-03,  8.58201536e-03, -7.76113934e-02,  4.18700299e-02],
       [ 5.10570562e-05,  2.16870316e-02,  1.61077519e-02,  6.39093146e-02, -5.22575757e-02],
       [-5.39954489e-02, -2.17684864e-02,  2.06509608e-02, -1.20344347e-01,  6.14284714e-02],
       [-5.18833656e-02, -5.54550531e-02,  3.44378804e-02, -1.29921383e-01,  4.76310454e-02],
       [-1.27983137e-02, -3.62381110e-02,  1.82934303e-02, -8.10063023e-02,  2.54692245e-02],
       [-7.87074449e-02, -6.68459573e-02, -3.89480693e-02,  1.40551939e-01, -4.25311415e-02],
       [-4.89588152e-02, -6.72969213e-02, -5.24930293e-02,  8.95936227e-02, -7.10347952e-02],
       [ 1.30070950e-01,  7.99884923e-02,  9.71115590e-02,  5.67301693e-02, -3.93477598e-02],
       [-8.85011059e-02, -1.44539612e-02, -1.59941076e-01, -1.31973139e-01,  5.75080020e-02],
       [-1.08279048e-01, -9.38107652e-02,  1.67449879e-01,  1.27193459e-01, -8.70777342e-02],
       [ 1.63927136e-01,  5.21479448e-02, -4.12797738e-03, -1.90183975e-02, -1.95521073e-02],
       [-4.28537540e-02,  1.39242342e-02,  1.03822935e-01,  7.13386339e-02, -3.63597780e-02],
       [ 1.90297857e-02, -3.46661063e-02, -1.07104989e-01, -5.47131840e-02,  3.16632758e-02],
       [ 8.77799179e-02,  3.30054773e-02,  1.35573823e-01,  1.10210705e-01, -5.30278230e-02],
       [ 1.83843493e-01,  3.82761869e-02,  1.58307064e-01,  1.28397710e-01, -6.18027241e-02],
       [ 2.02715415e-02,  9.27827215e-02,  7.90475733e-02,  8.87076512e-02, -3.69082041e-02],
       [ 1.05249232e-01,  6.63747861e-02, -1.21505751e-01, -1.54407419e-01,  8.29204282e-02],
       [ 9.58701242e-02,  1.18291503e-01, -1.46603830e-01, -8.04154583e-02,  7.06029396e-02],
       [ 1.36551007e-01, -5.87209051e-02, -8.73023968e-02,  6.02527106e-02,  1.11010101e-01],
       [ 1.52482426e-01,  7.06508781e-02,  7.64224553e-02, -1.18837744e-01, -9.88311964e-02],
       [-1.76918751e-01,  3.91683290e-02, -3.81620095e-02, -8.49747597e-02, -6.16239157e-03],
       [ 2.22193339e-02, -6.53106537e-02,  1.10356779e-01, -7.10537943e-02, -5.62268684e-02],
       [ 5.34051790e-03,  7.49247243e-02, -1.35871646e-01,  9.73694982e-02,  5.49270291e-02],
       [-1.52119238e-01,  2.22712046e-02,  7.80660501e-02, -6.60797353e-02, -8.17562370e-02],
       [-1.54650219e-01,  4.34451431e-02,  1.06626060e-01, -7.23191519e-02, -1.14594234e-01],
       [-4.35192959e-02, -1.15161750e-01,  4.38081233e-02, -2.85130720e-02, -6.01726632e-02],
       [-1.37146636e-01, -1.41368675e-02, -1.91782476e-02,  6.68230053e-02,  1.01382838e-01],
       [-1.50245860e-01, -1.14301584e-01, -6.86644870e-02,  1.20477149e-01,  8.36359608e-02],
       [-1.09742033e-01,  1.32354860e-02,  3.95340184e-02,  2.08130167e-02,  1.57664854e-01],
       [ 1.01794278e-01, -8.04461761e-02,  9.20610416e-02,  1.17042947e-01,  3.13190836e-02],
       [-2.23559812e-02,  5.87645830e-02, -1.29070311e-01,  2.10209269e-02,  1.17593294e-01],
       [-3.00730652e-03, -6.08516621e-02,  1.37355701e-01, -4.87067960e-02, -1.01950767e-01],
       [ 7.82518251e-02, -5.44610262e-02, -2.86544368e-02, -2.58364364e-02,  1.55841212e-01],
       [ 1.54087341e-01, -1.45005923e-01, -2.79557585e-03, -4.82051334e-02,  1.26603178e-01],
       [ 3.97022819e-02,  6.20551022e-02,  1.34550250e-02, -5.38704210e-02,  7.54258154e-02],
       [ 9.77885055e-02, -4.60737166e-02, -1.20663440e-01,  5.26478274e-02, -1.42755193e-01],
       [ 1.11011363e-01,  2.26609194e-02, -3.40461372e-02, -5.95100999e-02, -1.29762483e-01],
       [ 1.48163916e-01,  2.08218262e-02, -9.34851835e-02, -1.38110967e-01, -5.78635778e-03],
       [-4.67240578e-02,  2.59517423e-02,  1.15885073e-01, -7.27279351e-02, -1.06366198e-01],
       [ 1.40914257e-02, -5.14574881e-02, -1.26083369e-01,  1.00986902e-01,  9.07417566e-02],
       [ 1.08908524e-01,  1.47816743e-02,  8.15416040e-03, -5.88933457e-02, -1.42496696e-01],
       [ 1.68111494e-01,  1.19367330e-02, -1.95360168e-02, -3.47295478e-02, -1.46698215e-01],
       [ 3.52653935e-02,  1.13118909e-01, -2.71737205e-02,  4.72898686e-03, -1.00325378e-01],
       [ 1.65623150e-01,  7.79635285e-02,  1.45594528e-01,  4.24885901e-02,  1.50964819e-01],
       [ 1.30726817e-01,  1.44211681e-01,  6.57071442e-02,  1.73564081e-01,  1.50888912e-01],
       [-2.95305052e-03, -5.39501806e-02, -4.36778856e-02, -7.92445098e-02, -9.56469500e-03],
       [ 2.40926501e-02,  7.77976847e-02,  3.02099923e-02,  8.14276338e-02,  1.28052838e-02],
       [-7.89572866e-02,  3.54225733e-02, -6.96388761e-02, -1.15563570e-01, -2.30832157e-02],
       [-1.35090273e-01,  1.12512926e-01, -8.29862833e-02, -1.14958939e-01, -2.74032798e-02],
       [-3.13547019e-02, -1.07274155e-01, -4.70262961e-02, -6.83576716e-02, -8.92369705e-03],
       [-1.17788982e-01,  2.22104215e-02,  8.60541998e-02,  1.32401174e-01,  8.64838011e-03],
       [-1.35453537e-01, -7.59310360e-02,  7.98820818e-02,  1.12380358e-01,  9.56941733e-03],
       [-2.16193338e-02, -2.53054175e-02, -1.32004593e-01,  6.30533402e-02,  4.88303643e-02],
       [ 2.95352796e-03, -2.80067630e-02,  1.11890719e-01, -3.55160587e-02, -9.20101105e-02],
       [ 1.25081884e-03, -7.57676979e-02,  1.19719268e-01, -2.91630910e-02, -9.40388337e-02],
       [ 2.18311802e-03,  2.40655494e-02,  5.21667134e-02, -4.21118166e-03, -5.85454191e-02],
       [ 7.60923691e-03, -5.06652840e-02, -5.59273628e-02,  3.04067425e-02,  1.21087996e-01],
       [ 2.42024334e-02, -1.30943974e-02, -1.09373637e-01,  1.05363430e-01,  1.00953211e-01],
       [ 1.36348693e-02,  4.78561071e-02, -1.20405801e-01,  5.78895562e-02,  7.81373709e-02],
       [ 3.99215866e-02,  7.54401017e-02, -1.24308874e-01,  4.81233224e-02,  8.11220168e-02],
       [-7.05478764e-04,  5.36463487e-03, -6.62686683e-02,  1.88182435e-02,  5.92934410e-02],
       [ 2.16154265e-02,  6.53700936e-02,  5.86708993e-02, -6.43006832e-02, -1.25599040e-01],
       [-1.23996690e-02,  3.58990052e-02,  1.14409166e-01, -1.04898804e-01, -7.31268931e-02],
       [-1.24297987e-01,  7.86695821e-02,  4.31789654e-02,  9.80450961e-03, -1.44952066e-01],
       [-7.59099350e-03, -7.71632883e-02,  1.67464934e-02,  3.28379410e-02, -1.05293952e-01],
       [-7.85343975e-02,  9.81781759e-03,  6.11486061e-02, -4.41828640e-03,  1.43607962e-01],
       [-8.64295007e-02, -5.20721367e-02, -5.06321685e-03,  8.49761840e-02,  1.23991124e-01],
       [-4.51699143e-02, -1.15815778e-01, -7.19218465e-03,  4.92994367e-02, -8.32694574e-02],
       [-1.39121195e-01,  4.61894688e-02,  9.41905452e-02, -3.07379318e-02,  1.39341096e-01],
       [-1.68424787e-01, -7.07041673e-02,  1.44013713e-02,  6.85730899e-02,  1.22036268e-01],
       [-1.61144046e-02, -1.02105578e-01,  5.03128662e-02, -4.22046463e-02,  7.59170013e-02],
       [ 1.66621288e-03, -9.62778088e-02,  2.21261992e-02,  1.40331800e-02,  7.55159638e-02],
       [-1.23903009e-01, -1.14743220e-01, -1.52803519e-01, -9.13555738e-02, -1.49468928e-01]])})
2026-01-20 11:00:39,032 - final_problem_set.kxor_instance_n17_k2_m154_ell2_eps0.3_kappa0.875_rho0.4 - INFO - Running key extraction (n=17, m=154, ell=2, phase_qubits=12)
2026-01-20 11:00:39,033 - final_problem_set.kxor_instance_n17_k2_m154_ell2_eps0.3_kappa0.875_rho0.4 - INFO - Built voting matrix V (n=17, ell=2, dtype=complex128) in 0.001s
2026-01-20 11:00:39,034 - final_problem_set.kxor_instance_n17_k2_m154_ell2_eps0.3_kappa0.875_rho0.4 - INFO - Eval: adv=0.4416, hamming=1/17 (0.059), corr=0.882
2026-01-20 11:00:39,034 - final_problem_set.kxor_instance_n17_k2_m154_ell2_eps0.3_kappa0.875_rho0.4 - INFO - Key extraction complete: x_hat=8
2026-01-20 11:00:39,034 - final_problem_set.kxor_instance_n17_k2_m154_ell2_eps0.3_kappa0.875_rho0.4 - INFO - Finished step 'KeyExtractionStep' in 0.002s (success: True, problem=kxor_instance_n17_k2_m154_ell2_eps0.3_kappa0.875_rho0.4)
2026-01-20 11:00:39,034 - final_problem_set.kxor_instance_n17_k2_m154_ell2_eps0.3_kappa0.875_rho0.4 - INFO - SUCCESS: len(z_hat)=17
2026-01-20 11:00:39,034 - final_problem_set.kxor_instance_n17_k2_m154_ell2_eps0.3_kappa0.875_rho0.4 - INFO - Metrics: adv=0.44155844155844154, ham_frac=0.058823529411764705, corr=0.8823529411764706
2026-01-20 11:00:39,034 - final_problem_set.kxor_instance_n17_k2_m154_ell2_eps0.3_kappa0.875_rho0.4 - INFO - z_hat (full): [ 1, -1, -1, -1, -1,  1,  1, -1,  1,  1,  1, -1,  1,  1,  1, -1, -1]
