2026-01-20 11:01:36,266 - final_problem_set.kxor_instance_n25_k2_m186_ell2_eps0.15_kappa1.0_rho0.8 - INFO - Starting iteration for /Users/julian/CodingProjects/UniT3/QuarticSpeedupK-XOR/z_Daphne/data/final_problem_set/kxor_instance_n25_k2_m186_ell2_eps0.15_kappa1.0_rho0.8.npz
2026-01-20 11:01:36,267 - final_problem_set.kxor_instance_n25_k2_m186_ell2_eps0.15_kappa1.0_rho0.8 - INFO - Loaded instance (n=25, m=186, k=2)
2026-01-20 11:01:36,267 - final_problem_set.kxor_instance_n25_k2_m186_ell2_eps0.15_kappa1.0_rho0.8 - INFO - Starting step 'ComputeKikuchiStep' (version 0.1) on problem kxor_instance_n25_k2_m186_ell2_eps0.15_kappa1.0_rho0.8 (fields={'ell': 2, 'threshold': 0.0})
2026-01-20 11:01:36,297 - final_problem_set.kxor_instance_n25_k2_m186_ell2_eps0.15_kappa1.0_rho0.8 - INFO - Finished step 'ComputeKikuchiStep' in 0.030s (success: True, problem=kxor_instance_n25_k2_m186_ell2_eps0.15_kappa1.0_rho0.8)
2026-01-20 11:01:36,297 - final_problem_set.kxor_instance_n25_k2_m186_ell2_eps0.15_kappa1.0_rho0.8 - INFO - Starting step 'ClassicalEigenvaluesStep' (version 0.1) on problem kxor_instance_n25_k2_m186_ell2_eps0.15_kappa1.0_rho0.8 (fields={'ell': 2, 'threshold': 0.0, 'kikuchi_matrix': <Dictionary Of Keys sparse matrix of dtype 'int64'
	with 6394 stored elements and shape (300, 300)>, 'num_eigenvalues': 5})
2026-01-20 11:01:36,404 - final_problem_set.kxor_instance_n25_k2_m186_ell2_eps0.15_kappa1.0_rho0.8 - INFO - Finished step 'ClassicalEigenvaluesStep' in 0.107s (success: True, problem=kxor_instance_n25_k2_m186_ell2_eps0.15_kappa1.0_rho0.8)
2026-01-20 11:01:36,404 - final_problem_set.kxor_instance_n25_k2_m186_ell2_eps0.15_kappa1.0_rho0.8 - INFO - Starting step 'KeyExtractionStep' (version 0.1) on problem kxor_instance_n25_k2_m186_ell2_eps0.15_kappa1.0_rho0.8 (fields={'ell': 2, 'threshold': 0.0, 'kikuchi_matrix': <Dictionary Of Keys sparse matrix of dtype 'int64'
	with 6394 stored elements and shape (300, 300)>, 'num_eigenvalues': 5, 'eigenvalues': array([11.7465987 , 12.0145804 , 12.33187102, 12.73243317, 17.66184668]), 'eigenvectors': array([[ 2.87338179e-02, -8.58448799e-04,  8.67596397e-02,  1.22313502e-02, -2.96811742e-02],
       [ 3.50013941e-02,  1.49889960e-02,  2.01032117e-03,  1.89929885e-02,  4.80004702e-02],
       [ 5.18970192e-02,  2.86446252e-02,  7.12735799e-02,  7.78207590e-02, -6.36995409e-02],
       [ 7.67330179e-02, -7.14517705e-03, -1.43691709e-02,  8.16594870e-02, -4.88875552e-02],
       [-2.14644448e-02,  1.05082575e-02,  8.21318606e-03, -6.68597041e-02,  4.69770291e-02],
       [-8.91464085e-02, -2.46886904e-02, -3.71179680e-02,  2.42096838e-02,  6.12618266e-02],
       [-3.73703782e-02, -7.64322733e-02, -3.37899627e-02, -5.91193849e-02,  3.95533001e-02],
       [-4.00025286e-02, -9.65282866e-02,  7.03518429e-03, -2.84094866e-02,  3.04765051e-02],
       [-6.69268914e-04,  6.40808226e-02,  3.72347027e-02,  7.24359357e-02, -5.52444662e-02],
       [ 6.74696080e-02,  2.83376617e-02,  4.30241054e-02,  9.43203872e-02, -4.63711228e-02],
       [ 5.45959715e-02,  6.51107193e-02, -8.08724184e-03, -2.77898077e-02, -4.52949830e-02],
       [ 3.39746997e-02, -2.26885319e-02,  7.07210438e-02,  4.23340083e-02, -5.28561546e-02],
       [-6.96286798e-02,  1.68420131e-02,  3.70749254e-02, -7.35136456e-02,  3.91090738e-02],
       [-1.53421273e-02, -7.86661423e-02,  7.37150064e-02,  5.15592042e-03,  5.04290314e-02],
       [ 1.66656784e-02,  1.10449052e-02,  1.21051128e-02,  4.87521712e-02, -6.42266112e-02],
       [-1.00838347e-01,  2.93730601e-02,  1.39910985e-03, -3.25896933e-02,  5.56688659e-02],
       [ 6.35319083e-03,  1.76997347e-02,  1.83408293e-02,  9.09988564e-02, -8.21555878e-02],
       [-3.10997892e-02, -7.30017648e-03, -4.33774638e-02, -1.21203262e-01,  5.91862212e-02],
       [-2.76433818e-02,  3.29081950e-03, -1.53115990e-02,  7.41930018e-02, -6.67619611e-02],
       [ 2.74695562e-03, -3.12697488e-03, -4.85154525e-02,  8.10639617e-02, -5.14088452e-02],
       [ 2.89723713e-02, -2.67824068e-02,  4.42550690e-02,  8.63513550e-02, -7.55034586e-02],
       [ 2.77782596e-02, -3.54778233e-02,  9.78490393e-03, -1.18350948e-01,  4.45488188e-02],
       [-3.82576841e-03, -1.26313648e-02,  9.88564494e-02,  6.46988436e-02, -5.74318147e-02],
       [-1.09424691e-01,  5.50660654e-03, -3.37542078e-02, -2.35356564e-02,  4.40827149e-02],
       [ 3.40400521e-02,  1.95744229e-02, -5.68857696e-02,  6.24899700e-02,  2.55043479e-02],
       [ 1.37449744e-02, -4.85255851e-06,  1.22112825e-01, -3.02507500e-02, -3.45523613e-02],
       [ 4.97207883e-02, -2.65510988e-02,  5.67064641e-02,  2.90142897e-03, -3.68538277e-02],
       [-3.94642114e-03,  2.50501607e-02, -5.96782341e-02,  1.38496533e-02,  3.19150409e-02],
       [-2.35204950e-02, -1.79949396e-03, -8.14255671e-02,  6.28379385e-02,  2.98561849e-02],
       [-1.36632656e-02, -4.33972063e-02, -7.87964820e-02,  4.81935153e-03,  2.56561506e-02],
       [-1.66447156e-02, -5.63698048e-02, -3.61812389e-02,  1.17866259e-02,  1.90629854e-02],
       [-1.22516197e-02,  2.18154861e-02,  9.29592872e-02, -2.24286221e-02, -3.09174200e-02],
       [ 2.80340345e-02,  4.31852717e-03,  8.64224492e-02,  1.27117459e-03, -2.68489875e-02],
       [ 1.46402023e-02,  2.59369593e-02,  4.94803209e-02, -6.17370166e-02, -2.35905124e-02],
       [ 2.80136983e-03, -1.86375918e-02,  9.06159814e-02, -2.94904888e-02, -2.59440025e-02],
       [-4.14125638e-02,  2.51754470e-02, -2.91072927e-02, -6.14101406e-03,  2.65663381e-02],
       [ 8.14127170e-03, -3.60892794e-02, -1.47555647e-02,  5.95778775e-02,  2.78781736e-02],
       [-8.44843123e-03, -1.10243941e-02,  9.01269529e-02, -4.23727426e-02, -3.64576360e-02],
       [-4.27357439e-02,  3.30756970e-02, -6.31021937e-02,  3.89389567e-02,  3.24735204e-02],
       [-9.27744659e-03, -8.61297930e-03,  1.11289313e-01, -3.98080511e-02, -4.01667252e-02],
       [-9.74999711e-03,  1.24812168e-02, -1.17824248e-01, -6.11513161e-03,  3.98093228e-02],
       [-3.14180984e-02, -1.45531970e-02,  7.15200723e-02, -3.36709991e-02, -3.77879920e-02],
       [-7.79260047e-03, -1.85173487e-02,  3.35493946e-02, -9.90344535e-03, -3.13051500e-02],
       [-5.29934483e-03, -4.19421134e-02,  1.34771670e-01, -4.22775655e-02, -4.67853710e-02],
       [ 2.21595551e-02, -1.10479243e-02, -5.31913000e-02, -1.91904024e-02,  2.77774676e-02],
       [-1.74721434e-02, -1.63430120e-02,  1.25199286e-01, -2.74414649e-02, -3.05199896e-02],
       [-4.23103870e-02,  1.26828877e-02, -6.02972595e-02,  2.52278489e-02,  2.25486266e-02],
       [ 8.31180131e-02,  2.54704557e-02, -2.99688842e-02,  9.85158505e-02,  6.48750116e-02],
       [ 1.61287081e-02,  6.14963820e-02,  5.94227310e-02,  4.09747108e-02,  5.14112891e-02],
       [-6.77614018e-02, -5.67160787e-02, -4.66840663e-02, -5.70271773e-02, -4.58550136e-02],
       [-2.81489131e-02, -2.55382062e-02, -7.35283386e-03, -1.28190767e-01, -4.42568445e-02],
       [-4.51785757e-02,  4.90280030e-02,  9.59129274e-03, -3.31806448e-02, -4.16398141e-02],
       [-2.48701586e-02,  7.24451293e-02, -2.07340919e-02, -4.38476640e-02, -3.33541361e-02],
       [ 1.10947929e-01, -2.13384911e-02, -5.53880159e-03,  6.88451403e-02,  5.42682526e-02],
       [ 2.88493758e-02,  1.36763895e-02, -9.72998629e-03,  3.38457221e-02,  4.84327148e-02],
       [ 2.57700070e-02, -1.58335414e-02,  2.08304405e-02,  1.00478852e-01,  3.34319661e-02],
       [ 6.74438771e-02,  6.18904210e-02, -2.42697703e-02,  8.96844828e-02,  4.53357906e-02],
       [ 5.29120150e-03, -6.04581498e-02, -6.85138205e-02, -2.10994160e-02, -3.89382250e-02],
       [-5.49442155e-02,  2.06012788e-02, -6.78385746e-02, -8.61823613e-02, -3.34243972e-02],
       [ 8.79857714e-02,  4.02750156e-02,  2.74385586e-02,  9.05942511e-02,  4.81764552e-02],
       [-9.34919218e-03, -8.08570132e-02, -4.18958593e-02, -9.63140170e-02, -4.74815080e-02],
       [ 1.14291177e-01,  4.97272460e-02,  2.96027890e-02,  1.03584403e-01,  6.08080396e-02],
       [-8.70833894e-02, -4.82492319e-02, -2.74665328e-03, -3.83835116e-02, -6.21480445e-02],
       [ 1.13073176e-01,  4.62240759e-02,  4.87810882e-02,  8.35571205e-02,  4.95799021e-02],
       [ 7.79300878e-02,  5.14986436e-02,  7.74621054e-02,  4.86847714e-02,  4.35154547e-02],
       [ 1.08429032e-01,  8.61278360e-02,  1.71998715e-02,  1.11244145e-01,  6.24939094e-02],
       [-1.01059278e-01,  3.49375793e-04, -3.91603172e-02, -3.29425436e-03, -4.18200178e-02],
       [ 9.60410756e-02,  4.20547483e-02, -3.75599996e-02,  7.76483614e-02,  4.54493774e-02],
       [ 1.95969434e-02, -4.54474478e-02, -4.54022394e-03, -7.47775908e-02, -3.86150184e-02],
       [ 8.76690439e-02, -2.04755235e-02, -1.08160488e-04,  5.31344884e-02, -7.31062147e-02],
       [ 1.51681183e-03,  2.36536090e-02, -1.67972364e-02, -2.92681896e-02,  7.51712605e-02],
       [-7.82116175e-02, -3.27138305e-02, -8.70628002e-02,  1.19962188e-01,  8.29227127e-02],
       [-3.03545447e-02, -1.26560821e-01, -8.48132354e-02, -3.51396330e-02,  6.17243434e-02],
       [-3.75585773e-02, -1.41156580e-01, -7.46898777e-03, -6.20283242e-03,  4.22440158e-02],
       [-4.50364897e-02,  9.46652246e-02,  8.81069349e-02,  2.00048303e-02, -7.84379817e-02],
       [ 6.15108432e-02,  3.55712827e-02,  7.88439858e-02,  5.80006114e-02, -6.06393759e-02],
       [ 3.82358979e-02,  7.88273313e-02,  1.52111026e-02, -9.78660260e-02, -5.60102777e-02],
       [ 5.27152671e-03, -2.93121655e-02,  1.11043706e-01, -2.20704500e-02, -6.56442171e-02],
       [-9.95223867e-02,  3.48943046e-02,  3.07486921e-02, -6.49663898e-02,  6.81718955e-02],
       [ 1.70692902e-02, -9.79357671e-02,  6.08647541e-02,  7.49867803e-02,  6.48636458e-02],
       [-2.56489702e-02,  1.13444624e-02,  6.01550928e-02, -2.84544104e-02, -9.01864749e-02],
       [-9.70132031e-02,  4.76664954e-02, -2.17872785e-02,  3.26592396e-02,  7.23174745e-02],
       [-4.02790883e-02,  1.67440034e-02,  6.93275474e-02,  1.14974151e-03, -1.03867960e-01],
       [-7.19190673e-03, -8.75997185e-03, -9.61959491e-02, -8.46898706e-02,  8.56431991e-02],
       [-8.37723036e-02, -1.75474256e-03,  1.60660636e-02,  3.00543859e-03, -9.35861401e-02],
       [-2.70017995e-02, -1.39992882e-02, -4.02654310e-02,  4.01244250e-02, -7.45733623e-02],
       [-1.78486142e-02, -4.64506651e-02,  1.06792828e-01, -3.47461380e-03, -1.05767425e-01],
       [ 6.82763311e-02, -5.36937174e-02, -1.42257290e-02, -1.03087620e-01,  6.54314855e-02],
       [-4.55772031e-02, -1.00815874e-02,  1.54079317e-01, -4.31964897e-03, -7.23096436e-02],
       [-1.26541334e-01,  1.25230175e-02, -6.71609095e-02,  2.86091580e-02,  6.12679961e-02],
       [-4.17258606e-02,  4.71941632e-02,  6.27296892e-02, -4.78908613e-02,  5.13852882e-02],
       [-1.01900884e-01,  1.86870649e-02,  2.81073837e-02,  4.23367198e-02,  6.07338144e-02],
       [-6.74538877e-02, -6.43411844e-02,  7.55116272e-03, -5.67276919e-02,  4.85442214e-02],
       [-6.56830736e-02, -9.39885209e-02,  4.09424244e-02, -2.54601455e-02,  3.57696215e-02],
       [ 3.07351536e-02,  3.58597831e-02, -2.47330097e-02,  5.85411010e-02, -6.89373715e-02],
       [ 9.55177065e-02, -4.39005168e-03, -1.00501135e-02,  7.99911185e-02, -5.29964524e-02],
       [ 7.58785191e-02,  3.66022253e-02, -6.13830011e-02, -4.51831793e-02, -4.89591454e-02],
       [ 5.79242403e-02, -7.07195954e-02,  1.17979349e-02,  2.07097992e-02, -5.83650660e-02],
       [-8.60039275e-02,  4.36964351e-02,  7.97290739e-02, -5.86342234e-02,  4.03377726e-02],
       [-3.30582816e-02, -4.46774253e-02,  1.22802700e-01,  2.50015458e-02,  4.89366137e-02],
       [ 4.57851050e-02, -4.11778297e-02, -6.59917678e-02,  2.21935466e-02, -7.00252964e-02],
       [-1.06049593e-01,  6.71881602e-02,  5.79112319e-02, -9.23311004e-03,  5.28245568e-02],
       [ 5.05577906e-02, -5.26752486e-02, -7.84798190e-02,  5.46642740e-02, -8.98135311e-02],
       [-6.68957679e-02,  4.29648078e-02,  2.70154751e-02, -9.97890441e-02,  6.76195528e-02],
       [ 4.80240701e-03, -5.30959086e-02, -9.36786519e-02,  4.37756972e-02, -7.24594361e-02],
       [ 2.42073110e-02, -4.10945257e-02, -9.64763583e-02,  5.06311234e-02, -5.00202883e-02],
       [ 6.85092783e-02, -1.12640290e-01, -5.09684688e-02,  5.60482626e-02, -9.04193140e-02],
       [ 4.39301457e-03, -7.89088565e-03,  5.51959460e-02, -9.14340944e-02,  4.56922900e-02],
       [ 2.17745257e-02, -6.29576412e-02,  3.49088861e-02,  4.23735358e-02, -6.54359676e-02],
       [-1.12119072e-01,  3.26265953e-02,  1.09234151e-02, -4.55845645e-03,  4.24020829e-02],
       [ 4.15924336e-02, -2.14397208e-02, -2.09018801e-02, -7.23906581e-02, -6.07795319e-02],
       [ 8.85062733e-03,  5.75416548e-02, -1.35136322e-03,  4.14492719e-02, -4.77761564e-02],
       [ 2.49367533e-02,  8.64084621e-02, -3.29882328e-02,  1.29282336e-02, -3.56413877e-02],
       [ 3.92491799e-02, -2.33365513e-02,  1.15345706e-02, -3.06219816e-02,  5.79372070e-02],
       [-3.36519024e-02,  9.14047817e-03,  2.61572509e-03, -6.30874840e-02,  5.12599529e-02],
       [-2.32588937e-02, -2.99854142e-02,  4.97039783e-02,  6.27073129e-02,  4.59294031e-02],
       [ 9.67809946e-03,  6.75985500e-02, -2.12802130e-02,  4.20656987e-05,  5.49123962e-02],
       [ 5.15926917e-02, -5.39025270e-02, -8.34338618e-02,  5.36599714e-02, -4.27688931e-02],
       [-1.70271001e-02,  3.87759238e-02, -1.08684161e-01, -4.19715877e-02, -4.54126667e-02],
       [ 2.91280067e-02,  3.79559561e-02,  4.71338619e-02, -5.56648702e-04,  5.89681310e-02],
       [ 5.00968731e-02, -6.69437084e-02, -4.97351910e-02, -9.44735303e-03, -5.12017698e-02],
       [ 5.25111610e-02,  5.33837851e-02,  6.04544110e-02, -2.66978868e-02,  8.38271584e-02],
       [-1.75837630e-02, -4.93945709e-02, -1.64220995e-02,  9.33131939e-02, -7.08963181e-02],
       [ 6.11623845e-02,  4.70892434e-02,  6.90937567e-02, -1.74825600e-02,  6.00668217e-02],
       [ 2.68190639e-02,  4.06661357e-02,  8.60622016e-02, -3.50365778e-02,  4.62216349e-02],
       [ 3.12927782e-02,  9.26071079e-02,  3.23050841e-02, -2.31378172e-02,  7.58354789e-02],
       [-5.80036580e-02,  2.86189244e-03, -5.16445316e-02,  8.76518773e-02, -4.62969972e-02],
       [ 5.22619448e-02,  6.03079573e-02, -4.56430254e-02, -1.83227842e-02,  6.10391271e-02],
       [ 7.64383490e-02, -4.19394840e-02, -1.01518269e-02, -1.01162936e-02, -4.55868694e-02],
       [ 4.82518167e-02,  8.60495292e-02,  3.98201342e-02, -3.06359878e-02, -4.80299748e-02],
       [ 4.31545580e-02,  1.02248013e-01, -4.44394455e-03, -3.39450497e-02, -3.53752599e-02],
       [-1.24668861e-02, -7.73113376e-02, -4.51088389e-02,  8.88548964e-02,  7.21598880e-02],
       [-9.14611502e-02, -2.83966273e-02, -4.59153725e-02,  3.90071961e-02,  5.88381236e-02],
       [-5.02491719e-02, -5.01247834e-02,  3.89960295e-03,  1.24141331e-01,  4.28174951e-02],
       [-3.82680281e-02,  2.48775308e-02, -5.93369745e-02,  9.54688271e-02,  5.44270939e-02],
       [ 1.03802817e-01, -3.25328686e-02, -5.54846290e-02, -2.60453660e-02, -5.16864909e-02],
       [ 8.91667022e-03,  5.63221137e-02, -6.58744908e-02, -1.07844105e-01, -4.45739157e-02],
       [-2.62651225e-02, -2.26760660e-03, -6.29188179e-03,  1.13827334e-01,  6.68149747e-02],
       [ 9.91851977e-02, -3.94291534e-02, -1.08322394e-02, -1.01022606e-01, -5.44231353e-02],
       [-3.17488327e-02, -3.82403097e-03, -1.14192994e-02,  1.42371772e-01,  9.45094329e-02],
       [ 7.24119909e-02,  2.22274888e-03,  5.32678883e-02, -4.97516355e-02, -8.93643384e-02],
       [ 1.15752829e-02,  8.31083977e-03,  3.01075909e-02,  1.16208006e-01,  7.61115005e-02],
       [-1.97027262e-02,  1.83916231e-02,  6.59362002e-02,  6.30507796e-02,  6.05469271e-02],
       [-5.37858168e-02,  3.99691701e-02, -3.55047874e-02,  1.40358294e-01,  8.71612941e-02],
       [-1.37520300e-02,  4.32364397e-02, -1.85287428e-02, -8.23889923e-03, -6.19917717e-02],
       [-7.01244583e-03,  8.52923755e-03, -8.71494939e-02,  9.46424897e-02,  6.15324264e-02],
       [ 1.04883219e-01, -1.31117793e-02,  2.13161680e-02, -7.50389812e-02, -4.29156091e-02],
       [ 2.57869536e-02,  1.08062233e-01,  2.79720231e-03,  1.46907475e-02, -2.50456824e-02],
       [ 1.28389869e-02, -1.21952444e-01, -4.19349965e-02, -3.31509000e-02,  4.69727836e-02],
       [-4.12727487e-02, -7.77441197e-02, -3.96547119e-02, -4.82801520e-02,  3.77253128e-02],
       [-3.12016074e-02, -1.08572214e-01, -8.68201824e-03,  3.64415160e-02,  3.85426811e-02],
       [-1.22303408e-02, -5.48747502e-02, -6.98088257e-02, -1.10565265e-02,  4.72306014e-02],
       [ 6.02316995e-02,  3.86956025e-02, -3.09533101e-02,  5.28657228e-02, -3.85880484e-02],
       [-4.62639989e-03,  9.72324960e-02, -3.91823007e-02, -1.82131345e-02, -3.64438943e-02],
       [ 2.70930240e-03, -9.38711201e-02, -2.36717536e-02, -1.21586268e-02,  5.61921129e-02],
       [ 7.34213128e-02,  4.64156161e-02,  1.01278706e-02,  7.98244784e-03, -5.04271599e-02],
       [ 1.52291587e-02, -1.25276707e-01, -3.29549229e-02, -3.62153971e-02,  7.17319381e-02],
       [ 1.70816513e-02,  9.34759893e-02,  4.67730959e-02,  6.74892372e-02, -5.32701557e-02],
       [ 4.78483065e-02, -9.34925229e-02,  3.84029021e-03, -3.37961561e-02,  6.42435632e-02],
       [ 8.56400008e-03, -6.14057483e-02,  3.31916353e-02, -4.67274041e-02,  4.67896335e-02],
       [ 1.00248787e-03, -8.57468415e-02, -5.66612730e-02, -3.71470203e-02,  7.49189790e-02],
       [-2.65632651e-02,  7.85369058e-02, -1.96675431e-03,  6.53710283e-02, -3.64584106e-02],
       [ 1.78001116e-02, -6.81650267e-02, -8.01959043e-02, -2.21476452e-02,  4.65295109e-02],
       [ 8.24792610e-02,  5.19476190e-02,  3.24439666e-02,  3.81948850e-03, -3.78697599e-02],
       [-9.55222664e-03, -1.48071275e-01,  1.39281682e-03, -1.06244266e-02,  3.74926216e-02],
       [-5.08008231e-02, -1.05597781e-01, -1.96969029e-03, -2.94473603e-02,  3.21457036e-02],
       [-2.75314344e-02, -9.67988000e-02,  1.98789280e-02,  2.87316354e-02,  2.49214396e-02],
       [-2.38581285e-02, -8.22173761e-02, -1.84056009e-02,  6.96203993e-03,  3.56327627e-02],
       [ 6.25616207e-02,  6.68447799e-02, -4.73256273e-02,  2.74784983e-02, -2.85097077e-02],
       [ 1.16730968e-02,  9.71635496e-02, -4.61026157e-02, -1.96792714e-02, -2.49758323e-02],
       [-1.49798891e-02, -1.19909188e-01,  2.32324346e-02,  9.14410055e-03,  4.34055388e-02],
       [ 6.71733616e-02,  7.66354909e-02, -2.87182568e-02, -9.66226442e-03, -3.71976474e-02],
       [-1.64484983e-02, -1.57359288e-01,  2.47647619e-02, -3.46353611e-03,  5.39302881e-02],
       [ 3.47877479e-02,  1.31377714e-01, -4.37451788e-03,  3.93581328e-02, -4.61302421e-02],
       [-2.02127740e-03, -1.13503421e-01,  3.03895264e-02, -1.73891928e-03,  3.98369577e-02],
       [-1.52585445e-02, -8.68096418e-02,  5.21493341e-02, -1.73205674e-02,  3.42260779e-02],
       [-2.17405081e-02, -1.26918350e-01,  9.14018349e-03, -3.29285972e-04,  6.43683809e-02],
       [ 1.66152517e-03,  9.63605704e-02, -2.38243041e-02,  3.21266878e-02, -2.72632907e-02],
       [ 1.02367215e-03, -1.02376700e-01, -3.34454651e-02,  1.72308142e-03,  3.98931302e-02],
       [ 7.03797498e-02,  7.29881902e-02, -2.52006665e-03, -6.97061248e-03, -2.82677341e-02],
       [ 6.29226072e-03,  6.59335275e-02,  4.52935672e-02,  5.61201436e-02, -5.27554037e-02],
       [-1.31240047e-03,  9.78692437e-02, -2.71384549e-03, -6.90951559e-02, -4.73731564e-02],
       [-4.60237597e-02,  2.26722985e-02,  8.52084451e-02, -9.52845958e-03, -6.47044266e-02],
       [-3.94809008e-02, -1.28286613e-02,  5.12120841e-02, -6.05716344e-02,  5.38079406e-02],
       [ 4.19850527e-02, -1.04421449e-01,  6.63377114e-02,  4.95254962e-02,  4.89873504e-02],
       [-7.12699827e-02,  6.03361777e-02,  1.71920912e-02, -8.82753411e-03, -7.04189910e-02],
       [-4.03816899e-02, -1.08125886e-02,  1.82061465e-03,  1.98322003e-02,  7.51091118e-02],
       [-1.16190127e-01,  9.29028456e-02,  2.81927971e-02,  1.99649560e-02, -9.49991827e-02],
       [ 6.40150093e-02, -7.13853316e-02, -5.82631630e-02, -9.34964476e-02,  8.10862577e-02],
       [-1.12739512e-01,  5.58090365e-02, -1.00195204e-02,  1.41307338e-02, -7.13879782e-02],
       [-6.75293659e-02,  3.72311167e-02, -5.48168131e-02,  4.29092160e-02, -6.18413738e-02],
       [-1.01928590e-01,  3.38464147e-02,  6.13072044e-02,  1.49377636e-02, -1.00727957e-01],
       [ 8.39560626e-02, -7.44897031e-02,  1.07740426e-02, -8.49787559e-02,  4.89067181e-02],
       [-9.09843923e-02,  4.01922860e-02,  1.06586257e-01,  6.94158784e-03, -6.39630980e-02],
       [-6.72312589e-02, -2.88019094e-02, -3.37332690e-02,  1.60537865e-02,  5.34900099e-02],
       [ 5.64375820e-02,  6.54147309e-02,  1.73249355e-03, -3.81021954e-02, -4.20478629e-02],
       [ 3.88876110e-02, -1.60392976e-02,  7.60677129e-02,  2.51252743e-02, -5.04128585e-02],
       [-7.23822769e-02,  1.35740400e-02,  3.05562017e-02, -6.25602701e-02,  3.67285548e-02],
       [-1.79714618e-02, -7.10162896e-02,  5.58336117e-02,  1.94083147e-02,  4.34674083e-02],
       [ 2.48761056e-02,  1.51811292e-02,  2.21283323e-02,  2.89906310e-02, -6.13657417e-02],
       [-1.04172271e-01,  2.54121028e-02, -6.44667486e-03, -1.85280366e-02,  5.37044507e-02],
       [ 2.11378973e-02,  2.29146499e-02,  3.09871861e-02,  5.81620068e-02, -6.84404282e-02],
       [-4.14799912e-02, -1.37507625e-02, -5.05077723e-02, -1.00069999e-01,  5.59816388e-02],
       [-1.69371311e-02,  8.43082740e-03, -3.12306249e-03,  5.37714062e-02, -6.35897905e-02],
       [ 1.28921212e-02, -5.86102506e-04, -3.85295829e-02,  6.64855256e-02, -4.89173579e-02],
       [ 3.85230743e-02, -2.00270997e-02,  5.47252091e-02,  5.99907290e-02, -7.17007815e-02],
       [ 1.64617223e-02, -3.97647166e-02,  2.95114089e-03, -1.04202192e-01,  4.25724517e-02],
       [ 2.60861418e-03, -4.93158197e-03,  1.02931087e-01,  4.37426004e-02, -5.43204346e-02],
       [-9.54111305e-02,  2.15287846e-03, -3.24863396e-02, -8.43318275e-03,  3.80824038e-02],
       [ 1.93095924e-02,  2.35230943e-02,  2.37693688e-02, -9.46834855e-02, -4.63999210e-02],
       [-7.37558828e-02, -1.80640734e-02,  7.07162197e-02,  2.57996869e-02,  3.74473056e-02],
       [-7.57785698e-03, -6.92624873e-02,  6.65194580e-02,  7.99379704e-02,  3.09251071e-02],
       [ 1.28114242e-02,  5.40161273e-02, -2.95157258e-02, -9.34563872e-02, -4.80286726e-02],
       [-7.73828863e-02, -1.32562315e-02,  4.15784164e-02,  9.67156953e-02,  4.64480553e-02],
       [ 1.24576999e-02,  7.44240297e-02, -3.37180074e-02, -1.10446670e-01, -6.16070801e-02],
       [-3.40485838e-02, -6.87586897e-02,  6.20296305e-03,  4.88809142e-02,  6.18449612e-02],
       [-2.11425345e-02,  5.04951634e-02, -5.63368757e-02, -9.60287114e-02, -5.62719903e-02],
       [ 7.42814900e-03,  3.39827687e-02, -8.00548657e-02, -5.31314020e-02, -4.46853079e-02],
       [ 2.15313980e-02,  3.80513218e-02, -1.75388096e-02, -1.29608894e-01, -7.22936624e-02],
       [ 1.97944529e-02, -8.18851880e-02,  4.72206628e-02,  1.00065015e-02,  4.41327336e-02],
       [-1.46170495e-02,  4.64410735e-02,  5.29028084e-02, -9.89587200e-02, -5.49867942e-02],
       [-7.27955470e-02, -2.32482980e-02,  4.00973156e-03,  6.64215555e-02,  3.36813314e-02],
       [-6.01063824e-02,  6.93693315e-02,  1.61601214e-02, -2.69966199e-02,  4.62459623e-02],
       [ 2.35086220e-02, -3.13014032e-02,  3.68848078e-02,  7.40855129e-02,  4.73202961e-02],
       [-3.37258045e-02, -5.30439684e-02,  5.22170795e-02, -4.76951210e-02, -6.61007897e-02],
       [-5.52439737e-02,  7.94619770e-02, -2.23208755e-02,  4.05730291e-02,  5.07460550e-02],
       [-4.72300373e-02, -6.60298691e-02,  6.77156861e-02, -3.62808556e-02, -8.28067736e-02],
       [ 3.64092405e-03,  5.41036319e-02, -8.19479622e-02, -3.31217318e-02,  6.44315750e-02],
       [-6.12811491e-02, -5.63960658e-02,  2.06234796e-02, -2.43656711e-02, -6.16700758e-02],
       [-2.79271004e-02, -6.18123267e-02, -2.11004562e-02,  5.97681922e-03, -5.40106809e-02],
       [-2.36878962e-02, -1.04231969e-01,  8.69759551e-02, -3.32308250e-02, -7.44957249e-02],
       [ 5.72014028e-02,  5.32614138e-03, -1.97733692e-02, -5.52122468e-02,  4.95149278e-02],
       [-3.83516878e-02, -5.35584650e-02,  1.13572908e-01, -2.15844090e-02, -5.17497842e-02],
       [-8.14748039e-02,  4.91931754e-02, -5.31170484e-02,  3.62102561e-02,  4.45371036e-02],
       [ 4.33486266e-02,  2.43978919e-02, -1.16241118e-01, -9.71829484e-03, -3.57724108e-02],
       [-5.43275431e-02,  4.89165845e-02,  8.88503127e-02, -3.16879706e-02,  5.36031963e-02],
       [ 9.57184224e-02, -6.50803458e-02, -7.21636353e-02,  1.84242568e-02, -4.20451495e-02],
       [-6.57419033e-02,  5.63225588e-02,  9.42009112e-02, -5.75213590e-02,  6.02117637e-02],
       [ 6.60118716e-02, -4.90283114e-02, -5.55579753e-02,  9.00571788e-02, -5.13068780e-02],
       [-2.91734693e-02,  5.18864304e-02,  9.32297401e-02, -4.65918893e-02,  4.92365033e-02],
       [-3.57331674e-02,  4.14622286e-02,  9.54625666e-02, -4.95737691e-02,  3.63973193e-02],
       [-7.68927209e-02,  1.10262608e-01,  8.32549358e-02, -6.10109625e-02,  6.96282223e-02],
       [ 1.15859140e-02, -3.86577996e-03, -7.10948189e-02,  8.93198697e-02, -3.62451741e-02],
       [-3.30050238e-02,  7.10092554e-02, -3.45310818e-03, -4.90936539e-02,  5.57052769e-02],
       [ 9.06311405e-02, -3.48140914e-02, -2.93752969e-02,  1.04333435e-02, -3.27937450e-02],
       [ 3.90435947e-02, -6.46902680e-02,  1.09054920e-01,  8.02804603e-02,  5.32688860e-02],
       [ 2.73723627e-02,  2.18284636e-02, -9.54340674e-02, -6.98971750e-02, -4.38657932e-02],
       [ 4.42050947e-02, -8.37959600e-02,  1.20273724e-01,  8.31862994e-02,  6.17594622e-02],
       [-2.32723427e-02,  7.59871010e-02, -9.00639585e-02, -2.16124408e-02, -6.32973211e-02],
       [ 5.33906005e-02, -5.65797166e-02,  1.13138625e-01,  6.68099717e-02,  4.93266712e-02],
       [ 2.27338127e-02, -3.73962450e-02,  1.16905208e-01,  3.32145337e-02,  3.86860592e-02],
       [ 4.67136924e-02, -5.07169591e-02,  1.17273097e-01,  9.58265073e-02,  7.32662646e-02],
       [-4.77222121e-02,  7.60402940e-02, -9.20825689e-02,  3.62220180e-03, -3.93002271e-02],
       [ 6.44279425e-02, -5.29099082e-02,  2.24139022e-02,  7.49613683e-02,  5.62777897e-02],
       [ 5.01144888e-02,  3.23115149e-02, -5.38342053e-02, -6.07338337e-02, -3.76921456e-02],
       [-4.91249354e-02,  6.19704228e-02,  3.91170154e-02,  4.96654110e-02,  6.25818182e-02],
       [-7.88179793e-02, -1.87459945e-02, -2.78637425e-02, -3.56236904e-02, -9.00488265e-02],
       [ 3.33195396e-02,  1.92626793e-02, -1.32750890e-02, -4.12915880e-02,  7.87149343e-02],
       [-1.11852912e-01, -3.12881765e-02, -6.55706024e-02, -3.23173877e-02, -8.02882458e-02],
       [-5.38371945e-02, -3.52054507e-02, -1.00787561e-01,  5.90816206e-03, -6.31132039e-02],
       [-6.53168938e-02, -7.34629754e-02,  3.06849446e-04, -3.88063102e-02, -9.22730435e-02],
       [ 7.59438199e-02, -2.63511899e-02,  4.14536503e-02, -5.89542812e-02,  5.23907973e-02],
       [-8.48824001e-02, -3.65797469e-02,  8.58674212e-02, -3.19648817e-02, -7.23702007e-02],
       [-7.91339520e-02,  3.09625886e-02, -7.78696442e-03,  4.41046975e-02,  5.48373892e-02],
       [-6.29787253e-02,  9.23135725e-02,  5.21341444e-02,  4.93255981e-02,  8.80920773e-02],
       [ 8.79221516e-02, -7.73597449e-02, -6.77540681e-03,  2.89695150e-02, -7.47220585e-02],
       [-1.33580419e-02,  8.31412059e-02,  7.53368845e-02,  3.98873379e-02,  7.13335949e-02],
       [-3.65745977e-02,  7.23962432e-02,  9.59162469e-02,  5.11194512e-03,  5.44692437e-02],
       [-8.01849424e-02,  1.30192318e-01,  2.60985120e-02,  4.69846016e-02,  7.94473088e-02],
       [ 4.34919284e-03, -1.39681947e-02, -5.00505178e-02,  4.82136627e-02, -5.27262628e-02],
       [-3.00611910e-02,  8.41205162e-02, -5.18961916e-02,  3.45019756e-02,  6.42077285e-02],
       [ 1.12799228e-01, -4.96964496e-02, -1.13686551e-03, -3.86252559e-02, -4.11046922e-02],
       [ 5.64739551e-02,  2.04144650e-02, -2.09995699e-02, -8.84787880e-02,  9.59693746e-02],
       [-1.33041278e-01, -2.97698771e-02, -6.31082992e-02, -5.89177181e-03, -9.05179522e-02],
       [-6.40162258e-02, -3.79424613e-02, -1.05974900e-01,  3.24470099e-02, -7.05039898e-02],
       [-9.45446282e-02, -9.56786100e-02,  7.17611291e-03, -1.32663495e-02, -1.16774533e-01],
       [ 1.04752929e-01, -3.95733602e-02,  4.46789121e-02, -1.01691102e-01,  6.36042010e-02],
       [-1.05511476e-01, -3.82028234e-02,  1.03359800e-01, -1.04508024e-02, -8.33458775e-02],
       [-9.65143986e-02,  3.75783175e-02, -1.20494381e-02,  4.08333370e-02,  6.94245361e-02],
       [ 9.82290979e-02,  3.29465722e-02,  2.36689801e-02, -8.39538630e-02,  8.79290526e-02],
       [ 4.15641243e-02,  3.84231264e-02,  6.76917135e-02, -9.71918351e-02,  6.78620158e-02],
       [ 3.66399788e-02,  8.67744976e-02, -5.29800054e-02, -9.12773607e-02,  9.96014709e-02],
       [-7.23220311e-02,  2.47946300e-02, -1.56571046e-02,  1.33202994e-01, -5.26501617e-02],
       [ 5.51053876e-02,  4.08860706e-02, -1.16550871e-01, -6.04244897e-02,  6.99153910e-02],
       [ 1.10745321e-01, -3.25984707e-02,  4.15653706e-02,  1.78890111e-02, -5.95744389e-02],
       [-7.32572683e-02, -3.76245561e-02, -1.03247480e-01,  2.35100360e-02, -5.55561908e-02],
       [-1.24191792e-01, -8.83665427e-02, -4.33740378e-02, -8.37624420e-03, -9.51317837e-02],
       [ 1.04159541e-01, -2.03998327e-02,  5.48778245e-02, -8.08909698e-02,  5.17621651e-02],
       [-1.14698221e-01, -4.00012208e-02,  4.59797111e-02, -4.78150247e-03, -6.78284347e-02],
       [-5.00577664e-02,  3.90164717e-02,  1.76829523e-02,  3.35157468e-02,  5.72313214e-02],
       [-5.72592870e-02, -8.38309135e-02, -9.32025632e-02,  3.26409450e-02, -7.43569790e-02],
       [ 6.10006796e-02, -9.46260259e-03,  7.01695823e-02, -7.86139942e-02,  3.98263823e-02],
       [-7.28941019e-02, -5.10959503e-02, -2.61957331e-03,  2.57846445e-02, -5.99272736e-02],
       [-5.79246565e-02,  3.65140802e-02,  4.25808687e-02,  6.13375590e-03,  4.44058371e-02],
       [ 1.12671865e-01,  8.77652634e-03,  2.74029074e-02, -1.13509777e-01,  7.58258639e-02],
       [-8.67522713e-02, -8.95778930e-02,  1.30388166e-01, -8.67026267e-03, -8.23659373e-02],
       [-1.15596855e-01,  8.43711194e-02, -3.56577067e-02,  4.30320255e-02,  7.13152443e-02],
       [ 9.95360778e-02, -6.56741909e-03, -3.94244923e-02, -7.69446743e-02,  5.22341488e-02],
       [ 3.30942544e-02,  8.89446582e-03, -9.39523023e-03,  3.38643090e-02, -4.15742749e-02],
       [-5.99282065e-02,  3.78944706e-02, -6.65333585e-02,  2.59161146e-02,  4.63588235e-02]])})
2026-01-20 11:01:36,406 - final_problem_set.kxor_instance_n25_k2_m186_ell2_eps0.15_kappa1.0_rho0.8 - INFO - Running key extraction (n=25, m=186, ell=2, phase_qubits=13)
2026-01-20 11:01:36,411 - final_problem_set.kxor_instance_n25_k2_m186_ell2_eps0.15_kappa1.0_rho0.8 - INFO - Built voting matrix V (n=25, ell=2, dtype=complex128) in 0.004s
2026-01-20 11:01:36,412 - final_problem_set.kxor_instance_n25_k2_m186_ell2_eps0.15_kappa1.0_rho0.8 - INFO - Eval: adv=0.7849, hamming=0/25 (0.000), corr=1.000
2026-01-20 11:01:36,412 - final_problem_set.kxor_instance_n25_k2_m186_ell2_eps0.15_kappa1.0_rho0.8 - INFO - Key extraction complete: x_hat=21
2026-01-20 11:01:36,412 - final_problem_set.kxor_instance_n25_k2_m186_ell2_eps0.15_kappa1.0_rho0.8 - INFO - Finished step 'KeyExtractionStep' in 0.006s (success: True, problem=kxor_instance_n25_k2_m186_ell2_eps0.15_kappa1.0_rho0.8)
2026-01-20 11:01:36,412 - final_problem_set.kxor_instance_n25_k2_m186_ell2_eps0.15_kappa1.0_rho0.8 - INFO - SUCCESS: len(z_hat)=25
2026-01-20 11:01:36,412 - final_problem_set.kxor_instance_n25_k2_m186_ell2_eps0.15_kappa1.0_rho0.8 - INFO - Metrics: adv=0.7849462365591398, ham_frac=0.0, corr=1.0
2026-01-20 11:01:36,412 - final_problem_set.kxor_instance_n25_k2_m186_ell2_eps0.15_kappa1.0_rho0.8 - INFO - z_hat (full): [ 1,  1, -1,  1,  1, -1, -1, -1, -1,  1,  1,  1,  1, -1, -1,  1, -1,  1, -1,  1,  1,  1, -1,  1, -1]
