2026-01-20 11:00:53,235 - final_problem_set.kxor_instance_n20_k2_m138_ell2_eps0.15_kappa1.0_rho0.0 - INFO - Starting iteration for /Users/julian/CodingProjects/UniT3/QuarticSpeedupK-XOR/z_Daphne/data/final_problem_set/kxor_instance_n20_k2_m138_ell2_eps0.15_kappa1.0_rho0.0.npz
2026-01-20 11:00:53,236 - final_problem_set.kxor_instance_n20_k2_m138_ell2_eps0.15_kappa1.0_rho0.0 - INFO - Loaded instance (n=20, m=138, k=2)
2026-01-20 11:00:53,236 - final_problem_set.kxor_instance_n20_k2_m138_ell2_eps0.15_kappa1.0_rho0.0 - INFO - Starting step 'ComputeKikuchiStep' (version 0.1) on problem kxor_instance_n20_k2_m138_ell2_eps0.15_kappa1.0_rho0.0 (fields={'ell': 2, 'threshold': 0.0})
2026-01-20 11:00:53,253 - final_problem_set.kxor_instance_n20_k2_m138_ell2_eps0.15_kappa1.0_rho0.0 - INFO - Finished step 'ComputeKikuchiStep' in 0.017s (success: True, problem=kxor_instance_n20_k2_m138_ell2_eps0.15_kappa1.0_rho0.0)
2026-01-20 11:00:53,253 - final_problem_set.kxor_instance_n20_k2_m138_ell2_eps0.15_kappa1.0_rho0.0 - INFO - Starting step 'ClassicalEigenvaluesStep' (version 0.1) on problem kxor_instance_n20_k2_m138_ell2_eps0.15_kappa1.0_rho0.0 (fields={'ell': 2, 'threshold': 0.0, 'kikuchi_matrix': <Dictionary Of Keys sparse matrix of dtype 'int64'
	with 3384 stored elements and shape (190, 190)>, 'num_eigenvalues': 5})
2026-01-20 11:00:53,325 - final_problem_set.kxor_instance_n20_k2_m138_ell2_eps0.15_kappa1.0_rho0.0 - INFO - Finished step 'ClassicalEigenvaluesStep' in 0.072s (success: True, problem=kxor_instance_n20_k2_m138_ell2_eps0.15_kappa1.0_rho0.0)
2026-01-20 11:00:53,325 - final_problem_set.kxor_instance_n20_k2_m138_ell2_eps0.15_kappa1.0_rho0.0 - INFO - Starting step 'KeyExtractionStep' (version 0.1) on problem kxor_instance_n20_k2_m138_ell2_eps0.15_kappa1.0_rho0.0 (fields={'ell': 2, 'threshold': 0.0, 'kikuchi_matrix': <Dictionary Of Keys sparse matrix of dtype 'int64'
	with 3384 stored elements and shape (190, 190)>, 'num_eigenvalues': 5, 'eigenvalues': array([-9.75116451, -9.35005671, -8.8569338 ,  9.26115775,  9.41091265]), 'eigenvectors': array([[-2.49947492e-02,  1.55244247e-02, -8.56059995e-02,  1.95379212e-01, -3.98902649e-02],
       [ 1.78844004e-02, -4.49923590e-02,  4.00208037e-02,  1.05659843e-01,  9.67692703e-02],
       [-1.07404046e-02, -9.26683795e-03, -8.51386998e-03, -7.03077631e-02,  5.40213481e-02],
       [-2.64436808e-03,  2.52071678e-03,  4.90781746e-02,  8.45659143e-02,  8.01313575e-02],
       [ 4.01638888e-02, -3.07986805e-02,  8.64027902e-02, -1.91782394e-01, -6.55308534e-02],
       [ 6.35354967e-03,  8.35169712e-03, -7.61963151e-03,  6.77610064e-02,  1.59281709e-01],
       [ 6.34853576e-03,  2.77787094e-02,  4.00870401e-02,  9.22526283e-02, -1.25985986e-01],
       [-6.26860506e-02,  1.70000891e-02, -1.03031284e-01, -3.85191603e-02,  1.64657292e-01],
       [ 1.91765174e-02, -6.70438471e-03, -2.78603251e-04, -7.49016139e-02,  1.84819788e-01],
       [-2.81862851e-02, -7.79284552e-03, -3.17325538e-02, -4.09639169e-02, -1.03947435e-02],
       [-1.92163850e-02,  2.38230208e-02, -4.59700039e-02, -1.10467027e-01, -1.38730545e-01],
       [-2.30662735e-02,  2.37412076e-02,  2.50752757e-02, -1.80328586e-01,  1.66808647e-01],
       [-3.15287430e-02, -4.88703152e-03, -9.89817162e-02, -1.18734735e-01, -6.92512927e-02],
       [ 2.60347648e-03,  3.00632727e-02, -2.88291721e-02, -5.36842349e-02, -9.45577544e-02],
       [ 2.26213188e-02,  4.71866866e-03,  2.72747020e-02, -2.08146405e-02,  1.75738780e-01],
       [-1.39483543e-02, -1.86662328e-02, -2.63453687e-02,  8.30021920e-02, -1.87901504e-01],
       [-1.08408026e-02,  8.62634743e-03,  2.30098954e-02,  1.36777242e-03,  3.16437237e-02],
       [ 3.10165160e-02,  3.06698496e-03,  1.02242826e-01,  1.39486429e-01, -5.59993777e-02],
       [ 1.84466196e-02, -1.08977502e-02,  6.89510551e-02, -1.39257259e-01, -2.20976401e-02],
       [ 8.79325603e-02, -1.86641776e-01,  1.75231671e-02,  1.17313273e-02, -4.59081619e-02],
       [-3.90439318e-02, -5.64331402e-02,  4.60056822e-02,  7.52295404e-02, -7.33280819e-03],
       [-1.99031931e-02, -4.08701965e-03,  2.11299241e-01,  2.37924665e-02, -5.37560595e-02],
       [ 2.01497801e-01, -8.84766726e-02,  7.26517694e-02,  5.54706296e-02,  5.65169374e-02],
       [ 2.40905387e-02,  8.34282918e-02, -4.73812203e-02,  7.74154334e-02, -8.38559659e-02],
       [ 5.71653716e-02,  1.24856573e-01,  5.61173384e-02, -1.56603319e-01,  2.44534797e-02],
       [-2.06614324e-01,  8.18476796e-03, -2.97982834e-02,  1.63981733e-01, -6.03826198e-02],
       [ 1.02082742e-01, -1.39130846e-02, -6.42105925e-02,  9.25168977e-02, -4.07514087e-02],
       [-1.45754186e-01, -9.40020933e-02,  5.86803612e-02,  1.28607301e-02, -1.62071460e-03],
       [-1.31147870e-01,  1.15912905e-01,  3.77473745e-02, -4.63474917e-02,  8.59777366e-02],
       [-9.44861128e-02,  4.97160247e-02,  1.61481442e-01,  1.65924823e-01, -7.20456660e-03],
       [-1.59170835e-01, -7.07800475e-02, -1.06154704e-01,  3.85920533e-03,  4.65160569e-02],
       [ 1.28963863e-02,  1.45294510e-01, -7.94644852e-02, -3.04407500e-02,  3.66189920e-02],
       [ 1.17498593e-01,  8.58141957e-02, -2.10557301e-02,  1.52634500e-01, -5.65697661e-02],
       [-3.84275163e-02, -9.88404424e-02, -1.67256908e-02, -1.52772152e-01,  5.32138225e-02],
       [-3.26257507e-02,  4.64426492e-02,  1.42924607e-01, -2.16422367e-02, -7.08075398e-03],
       [ 1.29384949e-01,  4.90768544e-02,  1.66349743e-01, -4.93912360e-02, -1.37160070e-02],
       [ 1.71710425e-01,  1.82277384e-02,  7.06493258e-02,  9.74572797e-02,  3.28305467e-02],
       [ 3.77320788e-02, -3.30878420e-02, -2.20064105e-02,  2.50899646e-02,  3.59439763e-02],
       [ 1.70903593e-03,  7.71711348e-03, -1.30336622e-01,  5.41170496e-02,  2.35830238e-02],
       [-5.91019457e-02,  1.45582443e-01, -2.30607482e-02, -4.11113303e-02,  3.23731069e-03],
       [-3.69593243e-02,  3.20120675e-02,  4.13448492e-02,  7.85073381e-02,  3.45235064e-02],
       [-7.05439990e-02,  3.63708818e-02, -4.75009046e-02, -5.61352715e-02, -7.86242736e-02],
       [ 9.99985782e-02, -2.12660110e-01,  9.58236141e-03,  8.98822188e-02,  5.06104198e-02],
       [-3.66794310e-02,  2.90384931e-02,  3.45532759e-02,  5.09378406e-02,  6.87934625e-02],
       [ 1.33098193e-01, -1.07437622e-01, -4.04016762e-02, -8.94107816e-03, -4.88038985e-03],
       [ 1.40587031e-02, -1.01505735e-01, -3.81791580e-02, -1.04993665e-01, -3.90700707e-02],
       [ 1.88746815e-02, -4.98254155e-02, -1.06944264e-01,  6.03208052e-02,  8.95539629e-02],
       [ 1.43588275e-01, -1.53671816e-01,  8.69760440e-02, -2.99638914e-02, -5.04202151e-03],
       [-4.12907910e-02, -2.73376195e-02,  2.93976564e-02, -5.22456094e-02, -2.55112715e-02],
       [-7.56808481e-02,  7.60369418e-02,  1.64068830e-02,  8.98241238e-02,  5.78129676e-02],
       [ 6.52464833e-02, -5.68424438e-02,  2.43969191e-02, -7.28578369e-02, -7.55636141e-02],
       [-1.35468500e-02, -1.32299853e-02, -8.86568316e-02,  6.39726077e-04,  1.34792191e-02],
       [-1.16053067e-01,  1.38550378e-01, -1.19625664e-01,  1.46171800e-02, -4.52284415e-02],
       [-9.76886100e-02,  1.43334325e-01, -2.74066524e-02, -1.09241435e-02,  2.04603804e-02],
       [-5.85811042e-03,  1.58966271e-03,  3.85558895e-02,  2.08447688e-02,  3.82131677e-02],
       [ 5.64504575e-02,  2.47999972e-02, -3.17672573e-02, -7.20380236e-02, -2.92742810e-02],
       [ 1.96992371e-03,  3.70834084e-02, -1.42744649e-02,  2.85909077e-03,  7.09134516e-02],
       [ 7.01575176e-03,  5.40964001e-02, -6.50826937e-03,  7.30836709e-02, -4.53394071e-02],
       [-5.86724628e-02, -6.92509195e-02,  5.75941921e-02, -5.54786666e-02,  6.58121375e-02],
       [ 2.25162120e-02,  7.57555329e-03, -2.19536701e-02, -4.98281246e-02,  6.81500651e-02],
       [-3.29436041e-02, -7.41967035e-02,  4.40530222e-02, -1.26951448e-02, -3.04668767e-03],
       [-4.73530107e-02,  3.66455413e-03,  4.27840062e-02, -2.33059064e-02, -6.59049783e-02],
       [-2.83262178e-02,  7.62942698e-04,  4.33808662e-02, -1.08959855e-01,  5.41018098e-02],
       [-3.90748559e-02, -8.59117636e-02,  2.85622615e-02, -3.59208019e-02, -3.11679735e-02],
       [-6.01204008e-03,  3.29145527e-02, -9.18566304e-03, -5.26002788e-03, -3.91820071e-02],
       [ 1.99798302e-02,  3.97044273e-02, -2.19804945e-02, -4.67389788e-02,  5.32152452e-02],
       [-6.38135854e-03, -5.17007950e-02,  1.40802744e-02,  6.68011534e-02, -7.19727174e-02],
       [-1.17524893e-02,  1.28996421e-02,  3.15562181e-02,  4.97197584e-03,  1.33132128e-02],
       [ 3.06037510e-02,  6.86983558e-02, -8.53523678e-03,  5.90945776e-02, -1.43003581e-02],
       [ 4.60377542e-02,  5.88262360e-02, -2.96393161e-02, -6.87722521e-02, -1.35141073e-02],
       [ 3.75055657e-02, -4.23617395e-03, -1.70356522e-01, -5.77926092e-02,  8.33898056e-03],
       [ 1.33412205e-03, -1.91061966e-02, -3.32349495e-02,  7.27007260e-02,  3.04812547e-02],
       [ 1.50773555e-02,  2.02080482e-03, -3.92660961e-02, -3.83363034e-02, -7.91246376e-02],
       [-2.73839361e-02, -2.38879568e-03,  2.37255696e-01,  8.51996142e-02,  6.72751926e-02],
       [ 1.03948295e-02, -3.12540462e-03, -1.72744165e-02,  2.41470260e-02,  8.19992389e-02],
       [-1.22211920e-02,  2.37000625e-02,  9.65637202e-02,  7.74859369e-03, -1.16734641e-02],
       [-9.04355500e-04, -8.34227586e-03,  1.55709119e-01, -6.80411703e-02, -2.10605153e-02],
       [ 2.98900476e-03,  8.30800094e-03,  6.83976029e-02,  1.41869069e-03,  1.22704689e-01],
       [-3.51259766e-02, -4.01619294e-03,  1.52594747e-01, -5.40470598e-02, -4.41146754e-03],
       [-5.52569812e-04, -7.25432357e-03,  4.64642004e-02, -3.31275476e-02, -3.21049801e-02],
       [ 1.58665107e-02, -5.40463139e-03, -8.14701413e-02,  7.99170880e-02,  8.77922643e-02],
       [-9.16365581e-03, -3.47669503e-03,  4.73341828e-02, -3.50283401e-02, -8.81886404e-02],
       [ 4.19189747e-03,  2.80466999e-03,  2.85778418e-02, -9.09040877e-03,  1.38521763e-02],
       [ 3.96729842e-02,  1.77284582e-02, -9.36253325e-02,  4.39897982e-02, -5.99731638e-02],
       [ 1.66249930e-02, -4.66103787e-03, -1.69796116e-01, -9.93635095e-03,  2.22165682e-02],
       [-4.62406613e-02, -4.55347843e-02,  3.50603555e-02, -1.18087219e-01,  2.40535799e-03],
       [-6.54423248e-02, -6.82282423e-02, -5.22429080e-02,  1.13039549e-01,  6.23872058e-02],
       [ 1.85884887e-01, -7.10491212e-02,  4.07753725e-02, -1.68981014e-01, -4.43620259e-02],
       [-3.83503029e-02,  2.64793763e-03,  6.76828656e-02, -7.96670892e-02, -4.59416525e-02],
       [ 1.70480492e-01,  2.99522327e-02, -4.28851866e-02, -2.14711105e-02,  7.76507323e-03],
       [ 1.01961425e-01, -1.10381298e-01, -1.71492232e-02,  8.66313354e-02, -7.02321512e-03],
       [ 7.68571753e-02, -3.75701808e-02, -1.32777507e-01, -9.44759452e-02, -9.89215887e-02],
       [ 1.60421486e-01, -8.22424577e-03,  9.81390157e-02,  3.21558552e-02, -1.49769405e-02],
       [-2.21095841e-02, -1.03860413e-01,  6.67318466e-02,  2.94637093e-02,  1.15517579e-02],
       [-8.89832114e-02, -3.50989637e-02,  1.59023169e-02, -1.45177567e-01, -3.94112777e-02],
       [ 9.13198428e-02,  4.83124582e-02,  3.46286147e-02,  9.93254500e-02,  6.47388901e-02],
       [ 1.64551364e-02, -3.36638302e-02, -1.17506641e-01,  2.34038442e-02, -3.88362233e-03],
       [-1.25565598e-01,  8.58871691e-03, -1.41261038e-01, -4.47136092e-03,  4.76506354e-02],
       [-1.67101993e-01,  3.97752584e-02, -7.51114783e-02, -4.57012498e-02, -3.89674083e-02],
       [ 1.47034228e-02, -6.75357102e-02,  3.59980813e-03, -2.05875256e-02, -1.41284693e-01],
       [ 1.24836493e-02,  9.71346543e-02, -5.73240716e-02,  7.30596505e-02,  1.09401042e-01],
       [-1.58031954e-02, -1.37554757e-02,  1.42212787e-02,  9.16271274e-03,  1.22849981e-01],
       [-6.16783142e-03,  7.18193653e-02, -2.22506139e-02, -2.61648035e-02, -2.28294360e-02],
       [ 3.63865462e-02, -3.78873583e-03, -6.80399339e-02, -1.00239092e-01, -5.37626725e-02],
       [ 2.54469168e-02, -2.46899845e-03, -4.23731318e-02, -3.07173109e-02,  1.92254046e-01],
       [ 5.13958026e-04,  1.10688809e-01, -2.41894067e-02, -8.72654215e-02, -1.23556304e-02],
       [ 2.06863258e-02, -3.61528552e-02, -2.89118386e-03, -6.09393357e-02, -5.73107714e-02],
       [-6.11110345e-03, -6.50730007e-02,  2.35083593e-02,  8.82744828e-02,  1.57320662e-01],
       [-1.20164798e-02,  7.00184733e-02, -4.14858458e-03, -2.67668791e-02, -1.46014237e-01],
       [ 1.34139016e-02, -1.80212915e-02, -3.22046405e-02, -1.20154212e-02,  2.09677949e-02],
       [-9.66936271e-03, -1.13142415e-01, -1.64231984e-02,  5.94374777e-02, -8.64236757e-02],
       [ 2.77199588e-03, -6.37277940e-02,  4.60451726e-02, -4.70942342e-02,  3.89006874e-02],
       [ 5.16957283e-02,  1.48435207e-01,  4.86311384e-02,  6.41242888e-02, -1.32879546e-01],
       [-2.16000237e-02, -2.42028163e-02,  1.69589271e-02,  6.22115672e-02, -1.01700785e-01],
       [ 9.52449779e-03,  1.44488578e-01, -6.01964663e-03,  3.51030765e-02, -3.84621671e-03],
       [ 7.08344433e-02,  1.69754925e-02,  3.50512721e-02,  5.53384550e-02,  1.17968005e-01],
       [ 5.49379117e-02,  2.58335094e-02, -1.94634496e-02,  1.25335569e-01, -7.39492392e-02],
       [-8.84210081e-04,  1.34937993e-01,  2.45875780e-02,  7.30022379e-02,  5.03172103e-02],
       [ 2.95998875e-02, -5.89870495e-02,  4.30297155e-02,  3.39526456e-02,  4.75350997e-02],
       [-1.25197037e-02, -8.90123265e-02, -6.74504608e-03,  4.32816473e-02, -1.08759824e-01],
       [-5.32337265e-03,  8.11650722e-02,  1.65711568e-03, -5.37136027e-02,  8.48468454e-02],
       [ 2.81443137e-02, -1.27493457e-02, -1.73438876e-02, -8.11188602e-03, -8.12139050e-03],
       [-5.34184679e-03, -1.27721176e-01, -4.06889585e-02, -8.49247998e-02,  1.06404751e-03],
       [-1.92219061e-02, -1.05630578e-01, -3.75204208e-02,  9.58721464e-02,  1.89490370e-02],
       [ 8.80379239e-02,  1.34353061e-04, -8.96872232e-02, -4.78687325e-02,  1.60503488e-01],
       [-1.84823760e-01, -1.39798032e-01,  9.59670136e-02, -2.98256182e-02, -1.40340188e-02],
       [-1.45414640e-01,  1.26085948e-01,  5.90743569e-02, -1.10968078e-01, -9.63322814e-02],
       [-1.24229233e-01,  5.17729504e-02,  1.99666013e-01, -1.49639465e-01,  1.76370161e-01],
       [-1.67962537e-01, -1.06672692e-01, -8.70537728e-02, -1.05050957e-01, -2.82936647e-02],
       [-1.55374885e-03,  1.70597543e-01, -9.53796035e-02, -5.81524477e-02, -7.40911252e-02],
       [ 1.04111275e-01,  1.03847913e-01, -4.17898497e-02,  5.44600387e-03,  1.48332951e-01],
       [-4.93750969e-02, -1.19149329e-01, -1.34449183e-02,  4.47480014e-02, -1.41257824e-01],
       [-1.72307858e-02,  5.38294007e-02,  1.57558869e-01, -5.53981002e-03,  4.17426010e-02],
       [ 1.39559993e-01,  8.26339845e-02,  1.62704366e-01,  1.20423536e-01, -7.63122720e-02],
       [ 1.67604136e-01,  3.76102906e-02,  4.38807582e-02, -1.08686781e-01,  4.97693894e-04],
       [ 4.83237779e-02, -5.69531728e-03, -4.19193639e-02, -3.20828301e-02, -3.96439160e-03],
       [ 5.13459881e-02, -2.05257097e-02, -4.98830835e-02, -3.60282071e-02, -1.14417489e-01],
       [ 2.78614162e-02, -5.43347294e-03, -2.80924458e-02, -6.94229987e-02,  9.39636896e-02],
       [ 6.42362488e-02,  8.54704578e-03, -5.71996985e-02, -4.75104572e-02, -5.03362748e-02],
       [ 2.40509394e-03, -2.10105717e-02, -9.76764830e-04, -2.77112554e-02, -3.19583293e-02],
       [-3.23888911e-02, -1.53003003e-02,  3.73691360e-02, -2.86852018e-02,  1.50397485e-01],
       [ 3.58628038e-02,  2.25350305e-02, -2.15778539e-02,  3.18100203e-02, -8.55150527e-02],
       [ 9.14190756e-03, -5.58525807e-03, -1.73483444e-02,  1.81373547e-02, -1.39493738e-02],
       [-4.48530717e-02,  1.94154034e-03,  4.96931301e-02,  4.06392862e-02,  1.33982956e-03],
       [-6.52023744e-02,  2.12876348e-04,  4.98822522e-02, -8.79151577e-02,  1.33701608e-02],
       [-1.47545525e-01,  4.02142077e-02,  8.45184848e-02,  1.42041341e-02,  1.25006817e-02],
       [-9.08982724e-02,  2.28736357e-02,  8.85780339e-02, -7.33304121e-02,  1.59153987e-02],
       [-8.83263882e-02, -1.56872604e-01,  3.15946059e-02, -2.05217489e-03,  7.32976269e-03],
       [-3.89467862e-02,  9.75064424e-02, -2.98171248e-02,  8.54961464e-03, -4.64222268e-03],
       [ 7.29307505e-02,  1.31849448e-01, -5.18580214e-02, -3.41063531e-02,  2.43526793e-03],
       [-2.29362743e-02, -1.36295241e-01,  1.85047724e-02,  4.67322830e-02, -6.61636628e-03],
       [-4.38552911e-02,  3.58440265e-02,  8.30155271e-02, -1.01322354e-02,  3.75484004e-03],
       [ 7.60991143e-02,  1.32398939e-01,  1.86268675e-02,  2.43324596e-02, -8.80348940e-03],
       [ 1.03251387e-01,  9.53436027e-02, -3.77007631e-02, -1.69429602e-03,  5.56365940e-03],
       [-4.83622184e-02,  5.69760181e-02,  1.65895143e-01, -1.86345999e-02, -1.71908254e-01],
       [-1.60399188e-01,  7.11321589e-02, -3.74275168e-02,  8.41818302e-02,  5.51701703e-03],
       [ 3.14506582e-02,  6.60569388e-02, -3.48535120e-02,  5.57258319e-02,  4.08988831e-02],
       [ 9.10321978e-02, -2.17482682e-02, -4.86430999e-02, -1.21313292e-01, -1.36959315e-01],
       [-7.72580215e-02, -1.49697143e-04,  5.40245402e-03,  5.25046745e-02,  1.09581871e-01],
       [ 5.04878140e-03,  1.38039174e-02,  1.02242263e-01,  2.68114886e-02, -1.39937160e-02],
       [ 1.48657612e-01, -6.07079392e-02,  1.07083006e-01, -3.93768264e-02,  7.40691300e-02],
       [ 1.15341726e-01, -8.22601558e-02, -1.77829637e-02,  2.08593340e-02, -3.71221177e-02],
       [-1.32347289e-01,  6.89594382e-04,  9.47516238e-02, -4.36241144e-02, -8.86499217e-02],
       [ 1.46068685e-02,  2.71416131e-02,  2.32497865e-02, -2.83714455e-02, -5.51820414e-02],
       [ 5.67160814e-02, -1.00601078e-02, -6.57542768e-02, -1.02367256e-01,  1.35649043e-01],
       [-4.91525005e-02, -4.23753257e-03,  1.63473377e-02,  8.23681500e-02, -9.15226267e-02],
       [ 1.99299243e-03,  1.95012783e-02,  7.85904816e-02,  3.83109942e-02, -1.83908901e-03],
       [ 1.06180542e-01, -5.25844558e-03, -3.18614635e-02,  5.26865424e-02,  3.12024810e-02],
       [ 1.03689969e-01, -3.26753287e-02, -1.24207852e-01, -1.52864491e-01, -2.69064149e-02],
       [-3.04793534e-02,  1.50417999e-01, -9.88899278e-02,  3.74051203e-02,  1.25699693e-02],
       [ 7.91531928e-02,  1.46816310e-01, -2.54141970e-03, -9.77418181e-02, -5.04187347e-02],
       [-2.58400083e-02, -1.49250571e-01, -1.79266341e-02,  6.93722751e-02,  5.07819105e-02],
       [-5.02956235e-02,  3.89421425e-02,  9.20502314e-02,  1.28760957e-02, -1.10853768e-02],
       [ 6.70822285e-02,  1.16801791e-01,  1.29813995e-01, -2.05138001e-02,  5.05082152e-02],
       [ 1.10939264e-01,  8.62388994e-02,  9.24478103e-02, -1.37425009e-02, -2.01234253e-02],
       [ 1.75118384e-02, -6.74895131e-02,  2.84333851e-02, -5.39659755e-02, -5.51794881e-02],
       [-1.88227813e-02,  5.84857336e-02, -3.69020754e-02,  4.67034498e-02,  3.18728135e-02],
       [ 1.43499403e-02, -1.45944880e-04,  2.42765994e-02,  6.76096210e-04,  8.21254149e-03],
       [ 2.41640026e-02, -1.22705531e-01,  9.94283598e-02, -1.18350506e-02,  3.66734276e-03],
       [ 1.55031723e-02, -1.23430258e-01,  7.49171631e-02,  1.59313365e-02, -1.80665935e-02],
       [ 2.52389014e-02,  9.28259931e-02, -3.48132915e-03,  2.14907816e-02, -1.51902770e-01],
       [ 2.07072778e-02, -2.66978022e-02, -6.11400178e-02,  4.57079297e-03,  2.05082595e-02],
       [-6.43946495e-02, -1.21915857e-01, -3.31903301e-02,  1.01131255e-01, -4.05697998e-02],
       [-8.74114786e-02, -9.15196171e-02,  1.35820297e-02, -1.12414488e-01,  9.32084004e-04],
       [-2.33992796e-02,  1.79492700e-02,  3.25651115e-02, -1.53025882e-02,  2.36384914e-03],
       [ 1.57962274e-02,  1.02947744e-01,  2.12537699e-02, -5.72700840e-02, -1.35110502e-03],
       [ 4.36951669e-02,  1.06455821e-01,  2.20175918e-02,  1.03362108e-01, -3.68501768e-03],
       [ 4.61925055e-02, -2.41182660e-02, -4.92421051e-02, -3.19188961e-02,  1.17526419e-02],
       [ 4.06948146e-02, -3.52580679e-02, -1.07363520e-01, -7.73090002e-04,  3.19680328e-03],
       [-1.13136485e-01, -8.50946982e-02, -1.61248869e-01,  6.18792415e-02,  2.34296284e-02]])})
2026-01-20 11:00:53,326 - final_problem_set.kxor_instance_n20_k2_m138_ell2_eps0.15_kappa1.0_rho0.0 - INFO - Running key extraction (n=20, m=138, ell=2, phase_qubits=12)
2026-01-20 11:00:53,329 - final_problem_set.kxor_instance_n20_k2_m138_ell2_eps0.15_kappa1.0_rho0.0 - INFO - Built voting matrix V (n=20, ell=2, dtype=complex128) in 0.002s
2026-01-20 11:00:53,329 - final_problem_set.kxor_instance_n20_k2_m138_ell2_eps0.15_kappa1.0_rho0.0 - INFO - Eval: adv=0.2174 (no ground-truth z available)
2026-01-20 11:00:53,329 - final_problem_set.kxor_instance_n20_k2_m138_ell2_eps0.15_kappa1.0_rho0.0 - INFO - Key extraction complete: x_hat=0
2026-01-20 11:00:53,329 - final_problem_set.kxor_instance_n20_k2_m138_ell2_eps0.15_kappa1.0_rho0.0 - INFO - Finished step 'KeyExtractionStep' in 0.003s (success: True, problem=kxor_instance_n20_k2_m138_ell2_eps0.15_kappa1.0_rho0.0)
2026-01-20 11:00:53,329 - final_problem_set.kxor_instance_n20_k2_m138_ell2_eps0.15_kappa1.0_rho0.0 - INFO - SUCCESS: len(z_hat)=20
2026-01-20 11:00:53,329 - final_problem_set.kxor_instance_n20_k2_m138_ell2_eps0.15_kappa1.0_rho0.0 - INFO - Metrics: adv=0.21739130434782608, ham_frac=None, corr=None
2026-01-20 11:00:53,329 - final_problem_set.kxor_instance_n20_k2_m138_ell2_eps0.15_kappa1.0_rho0.0 - INFO - z_hat (full): [-1,  1, -1, -1, -1,  1, -1,  1, -1, -1,  1,  1, -1,  1,  1, -1,  1, -1,  1, -1]
