2026-01-20 11:00:34,647 - final_problem_set.kxor_instance_n16_k2_m131_ell2_eps0.2_kappa0.875_rho0.4 - INFO - Starting iteration for /Users/julian/CodingProjects/UniT3/QuarticSpeedupK-XOR/z_Daphne/data/final_problem_set/kxor_instance_n16_k2_m131_ell2_eps0.2_kappa0.875_rho0.4.npz
2026-01-20 11:00:34,647 - final_problem_set.kxor_instance_n16_k2_m131_ell2_eps0.2_kappa0.875_rho0.4 - INFO - Loaded instance (n=16, m=131, k=2)
2026-01-20 11:00:34,647 - final_problem_set.kxor_instance_n16_k2_m131_ell2_eps0.2_kappa0.875_rho0.4 - INFO - Starting step 'ComputeKikuchiStep' (version 0.1) on problem kxor_instance_n16_k2_m131_ell2_eps0.2_kappa0.875_rho0.4 (fields={'ell': 2, 'threshold': 0.0})
2026-01-20 11:00:34,660 - final_problem_set.kxor_instance_n16_k2_m131_ell2_eps0.2_kappa0.875_rho0.4 - INFO - Finished step 'ComputeKikuchiStep' in 0.012s (success: True, problem=kxor_instance_n16_k2_m131_ell2_eps0.2_kappa0.875_rho0.4)
2026-01-20 11:00:34,660 - final_problem_set.kxor_instance_n16_k2_m131_ell2_eps0.2_kappa0.875_rho0.4 - INFO - Starting step 'ClassicalEigenvaluesStep' (version 0.1) on problem kxor_instance_n16_k2_m131_ell2_eps0.2_kappa0.875_rho0.4 (fields={'ell': 2, 'threshold': 0.0, 'kikuchi_matrix': <Dictionary Of Keys sparse matrix of dtype 'int64'
	with 2212 stored elements and shape (120, 120)>, 'num_eigenvalues': 5})
2026-01-20 11:00:34,706 - final_problem_set.kxor_instance_n16_k2_m131_ell2_eps0.2_kappa0.875_rho0.4 - INFO - Finished step 'ClassicalEigenvaluesStep' in 0.046s (success: True, problem=kxor_instance_n16_k2_m131_ell2_eps0.2_kappa0.875_rho0.4)
2026-01-20 11:00:34,706 - final_problem_set.kxor_instance_n16_k2_m131_ell2_eps0.2_kappa0.875_rho0.4 - INFO - Starting step 'KeyExtractionStep' (version 0.1) on problem kxor_instance_n16_k2_m131_ell2_eps0.2_kappa0.875_rho0.4 (fields={'ell': 2, 'threshold': 0.0, 'kikuchi_matrix': <Dictionary Of Keys sparse matrix of dtype 'int64'
	with 2212 stored elements and shape (120, 120)>, 'num_eigenvalues': 5, 'eigenvalues': array([-9.24706418, -9.01659462, -8.31139318,  8.3636353 ,  9.39437769]), 'eigenvectors': array([[-6.48689273e-02, -8.42929531e-02,  7.28683386e-02, -1.53230369e-01,  6.31321000e-02],
       [-4.18112006e-02, -8.59747271e-02, -1.31162690e-01,  2.35018237e-02, -4.12395655e-02],
       [ 1.12611316e-01,  1.99049087e-01, -2.92331781e-02, -9.12090017e-02,  3.98145256e-02],
       [-2.72308532e-02,  1.31793538e-02, -8.13177929e-03,  4.98127967e-02, -8.24954521e-02],
       [-5.29643702e-03, -1.46614453e-01,  4.60064721e-02, -6.04066393e-02, -4.41864897e-02],
       [-4.65210167e-02,  5.22156523e-02, -8.98669195e-02, -1.17691362e-01,  5.02179406e-02],
       [-6.53180092e-02, -1.66370758e-01, -8.48946693e-02,  9.50380390e-02, -7.83984158e-02],
       [ 5.44034705e-02, -4.67094912e-02,  2.35731664e-01,  1.69273881e-02,  1.89074191e-02],
       [ 3.97426091e-02,  3.35351028e-02, -1.56096044e-02, -5.16028383e-03,  1.02092902e-01],
       [-1.21436474e-01, -2.16559778e-01, -1.70447437e-02, -1.39465279e-02,  9.96963837e-02],
       [-1.30962069e-01, -8.71831132e-02, -1.93806211e-01, -7.80692865e-02,  5.61185389e-02],
       [ 4.87960606e-02,  1.13615729e-01, -1.27127860e-01, -7.29675147e-02,  9.32219873e-02],
       [ 1.27666896e-02,  1.45111512e-01, -9.48895493e-02,  1.28171891e-01, -1.10770584e-01],
       [-9.35526045e-02, -5.67267134e-02, -7.33494592e-02, -4.96177483e-02, -6.42850784e-02],
       [ 1.40476238e-01,  6.09718627e-02,  1.17985740e-01, -5.31127857e-02, -3.15029926e-02],
       [ 6.91055665e-02, -1.71339171e-02, -6.80568736e-02, -6.92887484e-02,  9.36996130e-02],
       [-2.49065559e-02,  2.02255670e-02,  1.17496593e-01,  1.79510510e-01, -7.99967162e-02],
       [-4.15860743e-02, -4.81764537e-02,  3.32946642e-02, -5.02330368e-02,  1.14539876e-01],
       [ 9.00010975e-02,  6.40030033e-02, -1.46880793e-01,  8.33398231e-02,  8.42128072e-02],
       [-4.80238634e-02, -8.08913612e-02,  3.07588832e-02,  1.66031629e-01, -8.10474822e-02],
       [ 6.74019850e-02, -1.31158165e-02, -1.49485179e-01, -1.35050931e-01,  1.07984570e-01],
       [-4.93672998e-03,  6.78775250e-02, -1.19712007e-02, -2.59931584e-03, -3.08120374e-02],
       [ 2.52314373e-03,  1.11570860e-02,  2.43931213e-03, -3.79187051e-03, -1.14780332e-01],
       [ 3.01289683e-02, -2.89267809e-02, -1.21057411e-01,  3.37406356e-02, -1.78088604e-01],
       [ 3.69685460e-02, -9.45730271e-02, -8.74495880e-02,  1.20005973e-01, -8.41159208e-02],
       [ 3.94199069e-03,  5.64223209e-03,  5.43571000e-02,  7.56915709e-02, -1.18829662e-01],
       [-5.25205955e-02, -3.43258545e-02,  1.07817242e-01, -1.57336631e-01,  1.46939102e-01],
       [-6.23799482e-03, -6.30873896e-02, -3.17325647e-02,  9.98953411e-02,  8.63521944e-02],
       [-3.99389474e-03,  7.11882034e-02,  4.46993957e-02,  2.28176708e-02,  6.36926230e-02],
       [-1.86827711e-01,  1.60267393e-02,  1.51592253e-03, -4.83450038e-02,  7.51512716e-02],
       [-1.22991066e-02, -5.65869566e-02, -1.10215496e-01, -4.09151208e-02, -5.27254030e-02],
       [ 1.20072061e-01,  7.20455353e-02,  1.50696281e-01, -9.66964762e-02, -5.77775385e-03],
       [-5.93575099e-03, -8.98760090e-02, -8.93941260e-02, -5.55530825e-02,  5.29052674e-02],
       [ 1.21557321e-01,  3.54687568e-03,  1.44607779e-01, -1.08894688e-02, -1.06723693e-01],
       [-5.59238098e-04,  6.38265598e-02, -9.63941863e-02,  1.69742789e-02,  2.31825669e-02],
       [-2.32327918e-02, -1.07658447e-03,  3.04515433e-02,  7.49523369e-02,  7.82572918e-02],
       [ 1.51168077e-01, -2.99883763e-03,  5.30860532e-02,  6.04955707e-02,  5.27944982e-02],
       [ 1.07217296e-01, -4.17869942e-02,  8.87934733e-02,  1.11376565e-02,  7.19826272e-02],
       [-9.12657001e-02,  9.63570686e-03,  9.03878674e-02,  2.51330670e-02,  5.34045702e-02],
       [-9.28246773e-02, -2.21769564e-02, -1.77585972e-02, -2.93215990e-02, -7.69773690e-02],
       [ 8.24501813e-02, -7.01930639e-02, -1.77226692e-02, -9.60007916e-02, -2.23964871e-02],
       [-1.18382550e-01,  8.76601629e-02,  7.82251147e-04, -6.22962518e-02, -2.88890649e-02],
       [ 6.79066279e-02,  1.17843796e-01,  1.75061427e-04, -7.14494106e-02,  1.10895494e-01],
       [-1.90027093e-01, -1.18370946e-01,  9.97925872e-02,  7.42741167e-02,  7.30843399e-02],
       [ 6.60389718e-02,  1.89100411e-01, -7.62447493e-02,  1.59060630e-01, -7.37765400e-02],
       [-2.63946900e-01,  1.51680186e-02,  1.07414475e-01, -1.58423368e-01,  1.25344142e-01],
       [ 6.60589829e-02, -1.43645379e-01,  7.75744455e-02, -3.20076140e-02, -2.33498401e-02],
       [ 5.78437547e-03, -2.01886704e-02, -5.48410509e-02,  2.55425525e-02, -1.34509116e-01],
       [-1.91840964e-01,  4.31816601e-02,  1.52377724e-01,  3.59722306e-02, -1.40994399e-01],
       [-1.59858925e-01,  1.55201112e-01,  1.56341156e-02,  1.10995829e-01, -9.11091720e-02],
       [ 3.55075109e-02, -1.42644275e-02, -1.18506960e-01,  1.14560845e-01, -1.48063109e-01],
       [ 1.25902492e-01,  5.44113905e-02, -1.00277055e-01, -1.71579705e-01,  1.54617162e-01],
       [-6.35844117e-02,  1.36365563e-01,  1.95995290e-02,  5.79227241e-02,  9.27836385e-02],
       [ 1.14468569e-01, -1.83299229e-01, -3.63203506e-02,  5.87687849e-02,  4.51030701e-02],
       [ 6.33893328e-03, -6.11411004e-02, -1.41971651e-02, -1.05858048e-01, -2.74893193e-02],
       [-1.91722258e-02,  2.92193098e-03, -3.01726172e-02, -5.44040880e-02,  6.92186870e-02],
       [-1.16527022e-02, -1.00340760e-01, -8.91454665e-02, -2.21482093e-02, -1.06330233e-01],
       [ 1.50519647e-02, -1.08964413e-03,  1.42538568e-01,  5.87524257e-03,  4.45510581e-02],
       [ 2.99207493e-02,  2.05459016e-02,  2.09379011e-03,  1.06269819e-01,  1.06361595e-01],
       [-7.73651305e-02, -1.20531462e-01, -4.06011214e-02,  7.99583218e-02,  7.83259850e-02],
       [-5.56979246e-02, -7.77580116e-02, -1.40348778e-01,  1.33548827e-02,  1.24587720e-01],
       [ 3.40179733e-02,  6.14162520e-02, -7.43356171e-02,  5.78569744e-02,  1.00335534e-01],
       [ 1.14142276e-02,  7.68293820e-02, -4.11043401e-02, -5.32803254e-02, -1.21059810e-01],
       [-5.41401602e-02, -5.27968400e-02, -4.50271136e-02, -1.37194214e-01, -3.25196145e-02],
       [ 6.82841566e-02,  7.24304734e-02,  9.05433885e-02, -6.48663877e-02, -3.93579747e-02],
       [ 2.85699948e-02, -1.17514272e-01,  7.49815889e-02,  5.70034536e-02,  5.76311809e-02],
       [ 1.74357287e-01,  1.19919779e-01,  5.55331208e-02, -1.61830775e-01, -7.86920370e-02],
       [-7.24022813e-02,  7.47179479e-02, -2.45330858e-01,  6.16918321e-03,  1.69131368e-02],
       [-3.96630375e-02, -1.28856153e-02,  2.92272634e-02,  1.44798677e-01,  3.95444921e-02],
       [ 1.96844247e-01,  1.35025229e-01, -3.57906220e-02,  1.29134926e-01,  2.61687216e-02],
       [ 1.82367383e-01,  1.60883725e-03,  1.82231787e-01,  1.35948904e-01,  5.29341281e-02],
       [-7.81899771e-02, -7.06042595e-02,  1.92500794e-01,  1.36935741e-01,  4.06041231e-02],
       [-7.97113391e-02, -1.07259804e-01,  1.11071866e-01, -2.04007073e-01, -5.73842484e-02],
       [ 1.38880005e-01, -2.39796922e-02,  3.41387057e-02, -8.40758413e-02,  1.55624933e-03],
       [-1.96178280e-01,  3.81271350e-02, -7.82984523e-02, -6.04845350e-02, -1.17522216e-02],
       [-2.13589145e-02, -1.66712729e-01, -4.41355801e-02, -1.60172854e-01,  1.20543409e-01],
       [ 3.80166456e-02, -1.28586307e-02,  1.90463875e-01, -2.41385727e-03, -4.42891185e-02],
       [ 3.42888476e-02,  1.80782040e-02,  1.99323832e-02,  2.93680280e-02, -1.41976210e-01],
       [-3.83206428e-02, -2.05275416e-01, -2.79800939e-02,  3.23467934e-02, -9.64459394e-02],
       [-7.55945183e-02, -9.72603316e-02, -1.36335684e-01,  1.63331350e-01, -1.28390911e-01],
       [ 1.67215693e-02,  1.05952697e-01, -1.15166121e-01,  7.82515426e-02, -9.07433734e-02],
       [-1.39562244e-02,  1.15776490e-01, -8.02868544e-02, -1.66442359e-01,  1.16008357e-01],
       [-5.82261389e-02, -7.61239771e-02, -7.23599829e-02,  7.05688304e-02,  6.33063511e-02],
       [ 9.16993385e-02,  8.23288307e-02,  9.45300912e-02,  2.32115041e-02,  5.77901310e-02],
       [-3.67690002e-03,  1.22691399e-01, -1.78059106e-01,  3.87617162e-03,  5.34140465e-02],
       [-5.10249376e-02,  2.32217198e-03,  4.07880115e-02,  7.84677071e-02,  1.21621585e-01],
       [ 2.31860468e-01, -6.36245159e-03, -3.88382819e-02,  5.78668495e-02,  1.50847649e-01],
       [ 1.70441680e-01, -1.05074715e-01,  9.27114694e-02, -3.68251970e-02,  1.24534572e-01],
       [-1.09682215e-01,  4.69020218e-03,  1.89562201e-01, -4.40127843e-03,  1.57356488e-01],
       [-1.39628507e-01, -5.96314102e-02,  6.37014287e-02,  3.43587578e-02, -1.85259060e-01],
       [ 1.17706429e-01, -1.17043079e-01, -2.89664742e-02, -1.61064231e-01, -7.33693249e-02],
       [-1.54748297e-01,  1.40662432e-01,  1.30979745e-02, -7.86283971e-02, -4.05121389e-02],
       [-1.00098491e-02, -8.55481356e-03, -1.49287439e-02,  8.78120134e-03, -1.29477319e-02],
       [-3.43238474e-02,  1.47222376e-01, -1.20881822e-01, -1.03797538e-02, -4.23738508e-02],
       [ 2.22388882e-02,  6.27559229e-02, -1.41435353e-03, -2.06199036e-02, -1.94428710e-02],
       [ 3.55840678e-02, -7.95270288e-02,  1.00063332e-02,  5.15178212e-03, -2.98685454e-02],
       [ 6.01423716e-02, -7.77936048e-02,  1.18263785e-01,  2.00079767e-02,  8.40541563e-02],
       [ 7.46408367e-04,  5.08407779e-02,  5.25939480e-02,  1.28516845e-02,  2.38025675e-02],
       [-2.14042158e-02, -5.62162082e-02, -4.87237365e-02,  6.25187368e-03,  6.08942109e-03],
       [ 7.73765829e-03,  1.92366039e-02,  3.57623963e-02, -1.08406434e-01, -1.14063671e-01],
       [ 1.10349418e-02,  7.01594110e-03,  4.23042526e-02, -7.92851995e-02, -1.08588034e-01],
       [-4.25416191e-03, -1.63805841e-02, -2.90286956e-02, -7.90289360e-02, -1.05601227e-01],
       [ 3.19071139e-02, -8.66594148e-03, -3.35501576e-02,  1.46098858e-01,  1.95254084e-01],
       [ 1.26426020e-02,  4.01592348e-02,  3.41601486e-02,  1.31763865e-01,  3.71718642e-02],
       [-1.07576268e-02, -1.39021379e-02, -2.78262313e-02,  4.81840652e-02,  2.30910366e-02],
       [ 1.49209780e-01, -1.54045084e-01,  7.26920572e-03, -6.38373375e-02, -1.81900928e-01],
       [-5.89776311e-02,  1.66797834e-02,  1.62318852e-01, -7.28640903e-02, -1.08715075e-01],
       [-1.54771664e-01, -6.32426391e-02,  1.03655979e-01,  1.18873692e-01,  1.95309676e-01],
       [ 7.14477970e-02, -1.47467044e-01, -3.93115951e-02,  1.34557633e-01,  3.04885599e-02],
       [-1.35217812e-01,  2.11194902e-01,  6.85677041e-02,  7.73198346e-02,  3.36098451e-02],
       [-7.67412974e-02,  9.69464058e-02,  8.00350705e-02,  1.08533513e-02, -1.40649087e-01],
       [-1.64657870e-01,  5.88661327e-02, -3.35355286e-02, -3.84345125e-02,  1.59236503e-01],
       [ 4.84356219e-02, -1.58152379e-01, -9.62030822e-02,  1.39660530e-01,  7.99040253e-02],
       [-5.27435405e-02,  1.65615950e-01,  9.39101476e-02,  8.38756651e-02,  5.42024351e-02],
       [ 4.00182738e-02,  3.28127680e-02, -1.02503640e-01,  3.06689924e-02,  1.62505915e-01],
       [-1.88091093e-02,  7.32925904e-02,  1.06099209e-02,  1.53082452e-01,  4.65989560e-02],
       [ 4.51155399e-02, -1.08427178e-01, -4.55403960e-02,  5.92587594e-02,  5.12351567e-02],
       [-7.99509890e-02,  4.50736254e-02, -4.05498468e-02, -2.21173718e-01, -6.95259520e-02],
       [ 1.38815646e-01, -7.70993542e-02,  1.80808201e-02, -1.14479804e-01, -8.27751722e-02],
       [-1.07625114e-02,  1.36997553e-01,  8.57803385e-02, -3.41275456e-02, -1.38788006e-02]])})
2026-01-20 11:00:34,707 - final_problem_set.kxor_instance_n16_k2_m131_ell2_eps0.2_kappa0.875_rho0.4 - INFO - Running key extraction (n=16, m=131, ell=2, phase_qubits=12)
2026-01-20 11:00:34,708 - final_problem_set.kxor_instance_n16_k2_m131_ell2_eps0.2_kappa0.875_rho0.4 - INFO - Built voting matrix V (n=16, ell=2, dtype=complex128) in 0.001s
2026-01-20 11:00:34,709 - final_problem_set.kxor_instance_n16_k2_m131_ell2_eps0.2_kappa0.875_rho0.4 - INFO - Eval: adv=0.2061, hamming=7/16 (0.438), corr=0.125
2026-01-20 11:00:34,709 - final_problem_set.kxor_instance_n16_k2_m131_ell2_eps0.2_kappa0.875_rho0.4 - INFO - Key extraction complete: x_hat=13
2026-01-20 11:00:34,709 - final_problem_set.kxor_instance_n16_k2_m131_ell2_eps0.2_kappa0.875_rho0.4 - INFO - Finished step 'KeyExtractionStep' in 0.002s (success: True, problem=kxor_instance_n16_k2_m131_ell2_eps0.2_kappa0.875_rho0.4)
2026-01-20 11:00:34,709 - final_problem_set.kxor_instance_n16_k2_m131_ell2_eps0.2_kappa0.875_rho0.4 - INFO - SUCCESS: len(z_hat)=16
2026-01-20 11:00:34,709 - final_problem_set.kxor_instance_n16_k2_m131_ell2_eps0.2_kappa0.875_rho0.4 - INFO - Metrics: adv=0.20610687022900764, ham_frac=0.4375, corr=0.125
2026-01-20 11:00:34,709 - final_problem_set.kxor_instance_n16_k2_m131_ell2_eps0.2_kappa0.875_rho0.4 - INFO - z_hat (full): [-1,  1, -1,  1, -1, -1,  1, -1,  1,  1,  1,  1,  1, -1, -1, -1]
