2026-01-20 11:00:53,777 - final_problem_set.kxor_instance_n20_k2_m144_ell2_eps0.2_kappa1.0_rho0.0 - INFO - Starting iteration for /Users/julian/CodingProjects/UniT3/QuarticSpeedupK-XOR/z_Daphne/data/final_problem_set/kxor_instance_n20_k2_m144_ell2_eps0.2_kappa1.0_rho0.0.npz
2026-01-20 11:00:53,778 - final_problem_set.kxor_instance_n20_k2_m144_ell2_eps0.2_kappa1.0_rho0.0 - INFO - Loaded instance (n=20, m=144, k=2)
2026-01-20 11:00:53,778 - final_problem_set.kxor_instance_n20_k2_m144_ell2_eps0.2_kappa1.0_rho0.0 - INFO - Starting step 'ComputeKikuchiStep' (version 0.1) on problem kxor_instance_n20_k2_m144_ell2_eps0.2_kappa1.0_rho0.0 (fields={'ell': 2, 'threshold': 0.0})
2026-01-20 11:00:53,795 - final_problem_set.kxor_instance_n20_k2_m144_ell2_eps0.2_kappa1.0_rho0.0 - INFO - Finished step 'ComputeKikuchiStep' in 0.018s (success: True, problem=kxor_instance_n20_k2_m144_ell2_eps0.2_kappa1.0_rho0.0)
2026-01-20 11:00:53,796 - final_problem_set.kxor_instance_n20_k2_m144_ell2_eps0.2_kappa1.0_rho0.0 - INFO - Starting step 'ClassicalEigenvaluesStep' (version 0.1) on problem kxor_instance_n20_k2_m144_ell2_eps0.2_kappa1.0_rho0.0 (fields={'ell': 2, 'threshold': 0.0, 'kikuchi_matrix': <Dictionary Of Keys sparse matrix of dtype 'int64'
	with 3744 stored elements and shape (190, 190)>, 'num_eigenvalues': 5})
2026-01-20 11:00:53,864 - final_problem_set.kxor_instance_n20_k2_m144_ell2_eps0.2_kappa1.0_rho0.0 - INFO - Finished step 'ClassicalEigenvaluesStep' in 0.069s (success: True, problem=kxor_instance_n20_k2_m144_ell2_eps0.2_kappa1.0_rho0.0)
2026-01-20 11:00:53,865 - final_problem_set.kxor_instance_n20_k2_m144_ell2_eps0.2_kappa1.0_rho0.0 - INFO - Starting step 'KeyExtractionStep' (version 0.1) on problem kxor_instance_n20_k2_m144_ell2_eps0.2_kappa1.0_rho0.0 (fields={'ell': 2, 'threshold': 0.0, 'kikuchi_matrix': <Dictionary Of Keys sparse matrix of dtype 'int64'
	with 3744 stored elements and shape (190, 190)>, 'num_eigenvalues': 5, 'eigenvalues': array([-10.55284723,  -9.79541594,   9.58522564,  10.81800569,  11.09671086]), 'eigenvectors': array([[ 8.35192528e-03, -3.47244965e-02, -5.26172444e-02, -5.63583132e-02, -5.98986386e-02],
       [ 3.33174421e-03,  9.11710138e-04,  3.74813564e-02,  4.82755239e-02, -8.77078726e-03],
       [ 1.75492459e-02,  5.83539286e-02,  2.74781014e-02,  4.11086575e-02,  7.55763534e-02],
       [-2.52632944e-02, -7.68562141e-02,  3.19201162e-03,  1.69400735e-02,  3.49188316e-02],
       [-9.42411614e-03,  1.23883342e-02,  1.60816597e-02,  2.44676374e-02,  7.42640440e-02],
       [ 3.56973638e-03,  5.91094273e-02, -3.69331211e-02, -3.71535653e-02, -5.36129523e-02],
       [ 7.21049430e-03,  4.26728867e-02, -1.47813729e-02, -3.25342441e-02,  2.46425109e-02],
       [-1.75391194e-03,  1.06569322e-02,  2.97285010e-02,  3.19451046e-02, -5.31892717e-03],
       [ 5.88737551e-03,  1.60148665e-02,  5.32292672e-02,  6.17304496e-02,  3.41630757e-02],
       [-6.90526734e-03,  2.65910769e-02, -3.41642225e-02, -2.31599747e-02,  1.91308152e-02],
       [ 2.09696156e-02,  6.52274190e-02, -4.06614212e-02, -4.17855973e-02, -4.65781669e-02],
       [ 2.51593867e-03,  3.68638961e-02, -6.41623906e-02, -6.80883218e-02, -8.82318673e-02],
       [-4.23218120e-03, -4.99840724e-03, -5.24381540e-02, -7.21477362e-02, -5.83895748e-02],
       [-1.34522019e-03,  2.91385031e-02,  4.48751866e-02,  5.44827921e-02,  3.46055953e-02],
       [-4.07889274e-03, -4.95233045e-02, -1.62865025e-02, -4.90956018e-02,  2.11881492e-03],
       [-2.65828204e-03, -2.38184781e-02,  3.82935423e-02,  4.80917801e-02,  8.06966280e-02],
       [-1.48941133e-02, -5.72815749e-02,  2.23896558e-03,  3.77723661e-02, -3.95219952e-02],
       [-1.21776363e-02, -2.02721778e-02, -5.28187471e-02, -5.63954921e-02, -6.38794297e-02],
       [-1.16844743e-02,  4.15540327e-02,  2.17380339e-02,  4.20274967e-02, -1.07820884e-02],
       [-2.07781706e-02, -4.60614381e-02,  8.33960312e-03,  1.26247653e-01, -2.72161476e-02],
       [-1.21072037e-01, -3.56794618e-02,  2.42276791e-02, -1.49565300e-03,  1.55923925e-01],
       [ 1.21091009e-01,  1.94101610e-02,  3.70037922e-02,  5.77622961e-03,  8.95549833e-02],
       [-5.08396083e-02, -5.14891712e-02,  9.32972264e-03, -5.44078714e-02,  1.94516481e-01],
       [-1.03301081e-01, -4.59531054e-02, -1.75884324e-02, -2.21086366e-02, -1.00123654e-01],
       [-9.34423472e-02,  5.61839535e-02, -3.09255975e-02, -1.07040858e-01,  5.91843196e-02],
       [-1.33977129e-02, -9.14070997e-02,  3.21238506e-02,  9.71758482e-02, -2.56039859e-03],
       [-2.37409006e-02,  7.01974198e-02,  3.37236966e-02,  1.16459801e-01,  7.22140898e-02],
       [-4.98089060e-02, -3.79023337e-02,  1.91491974e-02, -7.87026282e-02,  6.37737007e-02],
       [-1.11776714e-01, -3.95433256e-02, -4.10244187e-02, -4.85596598e-02, -1.11919893e-01],
       [-7.05457469e-02,  1.41743355e-02, -4.03022134e-02, -5.15610499e-02, -1.66765166e-01],
       [-3.28620592e-03, -1.05074853e-01, -5.76999568e-02, -1.11525879e-01, -1.37070242e-01],
       [-5.48954258e-02, -9.01671648e-02,  3.98355216e-02,  9.50410106e-02,  7.08821428e-02],
       [ 9.72441649e-02,  2.10996063e-02, -6.24862132e-02, -1.39828186e-01,  1.74125961e-04],
       [ 5.78135738e-02, -6.22230548e-02,  2.56767371e-02,  1.60942292e-02,  1.53859862e-01],
       [ 8.67855858e-02,  5.99189014e-02,  3.15396362e-02,  1.26091326e-01, -8.84809133e-02],
       [ 7.29677046e-02, -6.86669669e-02, -3.56188901e-02, -4.99692404e-02, -1.01721400e-01],
       [-9.33326808e-02, -6.02695695e-02,  3.39776565e-02,  1.23455011e-01, -2.56222985e-02],
       [ 1.03014203e-02,  5.49629473e-02,  8.99618334e-02, -1.33774963e-01,  3.78682334e-04],
       [-5.40172394e-02, -7.45520281e-02,  3.04471826e-02, -5.77653044e-02,  1.49765412e-04],
       [-5.99190413e-03,  2.82714600e-02,  1.04865812e-01, -1.09050060e-01, -2.28272835e-02],
       [ 1.70465495e-02,  7.15915280e-02,  1.14507091e-02,  8.33163133e-02, -4.50708000e-03],
       [ 2.65117633e-02,  4.40450587e-02,  1.42116287e-01, -1.96336226e-02, -1.72665265e-02],
       [-8.36795774e-04,  1.33376331e-02, -1.59620369e-01,  1.48783167e-02,  1.23382673e-02],
       [ 1.11828726e-02,  5.16354576e-03, -1.02359503e-01, -5.06997995e-02,  1.73755631e-02],
       [ 8.94158049e-03,  3.55584250e-02,  9.41704838e-02, -2.21492020e-02, -1.11799483e-02],
       [-1.69060414e-02,  6.39397614e-02,  5.10008064e-02,  8.30101967e-02, -1.46948996e-02],
       [ 3.20938637e-02,  3.80278490e-02,  3.31496524e-02,  1.40665803e-01, -1.71584004e-02],
       [-1.70392962e-02,  1.61366978e-03,  8.90082747e-02,  9.13109819e-02, -2.07427584e-02],
       [ 8.85027158e-03,  3.35915047e-02, -1.37893634e-01, -5.04790312e-02,  1.89102743e-02],
       [-3.37422949e-03, -4.85573502e-02,  1.90615739e-01,  5.63806293e-03, -2.41167797e-02],
       [ 8.73067069e-03, -2.97069185e-02,  5.28795440e-02, -1.28554754e-01,  2.57579639e-03],
       [-1.10346949e-03, -4.75693449e-02, -1.39455845e-01,  2.90473885e-02,  1.94129348e-02],
       [ 3.31267735e-03, -3.72512675e-02,  8.87291366e-02,  9.41991525e-02, -1.24670763e-02],
       [ 2.65937711e-02,  6.61817427e-02, -1.03072991e-01, -4.45222264e-03,  1.47429230e-02],
       [-1.56212699e-01,  2.37320808e-02, -6.87255574e-02,  2.18888198e-02, -8.88292747e-02],
       [ 8.45022303e-02,  6.16600690e-02, -9.25043138e-02,  1.13891622e-01, -1.64496576e-01],
       [ 1.24910481e-01,  2.03937776e-02,  1.05974416e-02, -1.28354925e-02,  1.09371187e-01],
       [ 8.07753233e-02, -6.96540612e-02, -9.66189102e-02,  1.36342494e-01, -6.00701476e-02],
       [ 2.97294495e-02,  1.07748680e-01,  6.58923242e-02, -9.83439343e-02, -1.29733985e-02],
       [ 3.57586316e-02, -8.78037999e-02,  4.35825002e-02, -9.11309974e-02, -9.60681619e-02],
       [ 1.16898156e-01,  5.13157984e-02, -7.96031674e-02,  9.00524130e-02, -2.87020962e-02],
       [ 1.31402870e-01,  2.24045830e-02,  1.93367989e-03,  1.33512101e-02,  1.24162265e-01],
       [ 8.31361638e-02, -3.45862537e-02,  2.32968218e-02, -1.85562187e-02,  1.86463756e-01],
       [-9.44909053e-03,  1.20988100e-01, -2.03425529e-02,  5.76972693e-02,  1.34269990e-01],
       [ 5.51978537e-02,  7.11524005e-02,  3.25445068e-02, -6.97673963e-02, -1.05719310e-01],
       [-9.04666572e-02, -3.54141254e-03, -4.94367926e-02,  1.40343429e-01,  3.02833516e-02],
       [-5.77224757e-02,  7.07631457e-02, -6.57465293e-02,  4.97055699e-02, -1.61560226e-01],
       [-9.76073216e-02, -2.71739373e-02,  8.91161112e-02, -1.56538854e-01,  7.20944542e-02],
       [-5.57508825e-02,  8.26403617e-02, -6.13216699e-03,  9.35181079e-03,  1.36081785e-01],
       [ 1.29612954e-01,  4.74455926e-02,  6.52963641e-02, -1.32276721e-01,  9.48346199e-03],
       [-1.22980774e-01, -6.41070055e-02, -8.28734586e-02,  4.94408867e-02, -1.12168015e-01],
       [-1.86066650e-01,  4.79598946e-03,  3.07825065e-02, -1.74044242e-03,  8.37669874e-02],
       [-1.26083236e-01,  1.57204957e-01, -4.33046801e-02,  5.02596268e-02, -2.55932056e-02],
       [-4.67372481e-02, -1.77026621e-01,  5.07935453e-02, -4.54129083e-02, -6.35370520e-03],
       [-2.52041240e-02,  1.48708473e-01,  2.90696677e-02, -3.81894093e-02, -4.33348882e-02],
       [-1.16837713e-01, -4.19461046e-02, -3.93539254e-02,  3.73095554e-02, -2.12699905e-02],
       [-2.07314301e-01,  1.29465866e-02,  2.47787862e-02,  1.58081556e-02,  1.00254808e-01],
       [-1.06837274e-01,  7.56562716e-02,  4.41054527e-02,  2.95249760e-03,  1.38775164e-01],
       [-2.63426321e-02, -1.98053239e-01, -2.81421784e-03,  2.33017778e-02,  7.20106642e-02],
       [-1.01672373e-01, -1.16775103e-01,  2.03175664e-02, -3.45389595e-02, -5.53361693e-02],
       [ 1.44424106e-01, -3.33730448e-02, -6.88650766e-02,  6.43459101e-02,  6.44948661e-03],
       [ 1.28403880e-01, -1.67249063e-01, -4.77285838e-02,  1.47906314e-02, -7.61980138e-02],
       [ 1.32184724e-01,  2.27007118e-02,  5.40021549e-02, -5.96070114e-02,  4.36624018e-02],
       [ 1.06899644e-01, -1.69596657e-01,  1.45458826e-02,  1.36305459e-02,  8.57794345e-02],
       [-1.59688852e-01, -3.27206975e-02,  4.76586920e-02, -5.63110506e-02,  1.22377580e-02],
       [ 7.04417514e-02,  7.02293047e-02, -1.75732179e-02, -3.71469247e-02,  1.10999067e-01],
       [ 7.96445181e-02, -1.01037732e-02, -8.10256907e-02,  1.06065615e-01, -2.50690211e-02],
       [ 1.41306666e-02,  7.11990948e-02,  1.52096837e-01, -1.08462750e-01,  2.60832615e-03],
       [ 2.84783146e-02, -3.29758977e-02,  1.02252593e-01, -6.26218293e-02, -1.02529842e-01],
       [ 4.40738129e-02,  5.20285381e-02, -1.29138127e-01,  1.02912223e-01, -3.58707675e-02],
       [ 6.75038373e-02,  7.23484649e-02, -4.54844622e-02, -1.40797510e-02,  1.24830823e-01],
       [ 6.56949601e-02,  1.49862294e-02, -3.89831235e-02, -6.50657200e-02,  1.84158565e-01],
       [-1.56161122e-02,  6.05307145e-02, -7.41563299e-02,  1.78616271e-02,  1.44225644e-01],
       [ 3.84765831e-02,  7.48413958e-02,  1.14279206e-01, -4.57752234e-02, -9.36783931e-02],
       [-5.58242450e-02, -4.12752694e-02, -1.04575224e-01,  1.19005378e-01,  3.92458008e-02],
       [-3.03007912e-02,  1.71310400e-02, -5.24649365e-02,  9.14941193e-02, -1.70839298e-01],
       [-6.41635848e-02, -8.12941355e-02,  8.70550702e-02, -1.34973467e-01,  4.85205867e-02],
       [-3.91159743e-02,  1.72188511e-02, -6.24169417e-02, -2.74818915e-02,  1.40932730e-01],
       [ 6.20215456e-02,  6.33851921e-02,  5.99376565e-02, -1.05400610e-01, -1.79863140e-02],
       [ 1.30416505e-01, -9.19540612e-02, -1.58864315e-02, -7.00577617e-02,  3.90919545e-02],
       [ 3.36270829e-02,  1.45956484e-01, -6.82753103e-03,  6.40454008e-02, -9.74140238e-03],
       [ 4.87940323e-02, -1.04849158e-01,  6.54595540e-03,  6.83461039e-02,  5.83801127e-02],
       [ 1.10448393e-01,  6.78955057e-02,  1.59979758e-02, -5.55419687e-02,  3.55609021e-02],
       [ 1.77541111e-01,  5.73836942e-02, -4.01600558e-03, -2.80065460e-02, -7.81984755e-02],
       [ 1.09492965e-01, -3.77636750e-02,  2.85593580e-04, -1.94450787e-02, -1.25977682e-01],
       [-9.11041497e-03,  1.53574918e-01, -1.58048140e-02, -6.06507259e-02, -9.87909488e-02],
       [ 5.47696742e-02,  9.66939216e-02,  1.04763308e-03,  4.86756471e-02,  4.45916447e-02],
       [-1.34399658e-01, -1.69935497e-02, -3.22119706e-02, -8.78238484e-02, -8.08808469e-03],
       [-8.51932399e-02,  8.89844097e-02,  1.26440785e-02, -5.50756807e-03,  1.26269685e-01],
       [-1.00871428e-01, -5.34866279e-02,  3.46797065e-02,  7.84763887e-02, -4.64273625e-02],
       [-7.48456757e-02,  9.50465868e-02,  2.82477176e-03, -1.91426067e-02, -6.78252686e-02],
       [ 1.19326310e-01,  5.83884450e-02,  2.33061525e-02,  7.89560538e-02, -9.60224686e-03],
       [ 3.90768702e-02,  6.24618946e-02,  1.41564516e-01, -3.97829859e-02, -8.51218825e-03],
       [ 1.94003819e-02, -9.88307734e-02,  1.31144377e-01,  2.59533472e-02, -3.11530639e-02],
       [ 9.00229036e-02, -3.73244638e-02, -1.33647980e-01,  4.35483909e-02, -5.91373076e-03],
       [ 1.42228613e-01, -9.32433019e-02, -4.69149449e-02, -6.70190087e-02,  4.77223013e-02],
       [ 5.90370883e-02, -8.17829474e-02, -5.50645966e-02, -1.16188553e-01,  4.87947804e-02],
       [ 1.66509609e-02,  9.05619542e-02, -7.33284780e-02, -6.01130555e-02,  5.63645824e-02],
       [ 6.61889793e-02,  1.53027376e-02,  1.20964960e-01,  2.10381363e-02, -3.20934920e-02],
       [-8.38609748e-02,  7.38639805e-02, -1.24589809e-01,  2.59960483e-02,  1.83304625e-02],
       [-5.17348158e-02,  8.56230877e-02, -2.25392572e-02,  1.09669796e-01, -3.54906838e-02],
       [-1.10397602e-01,  6.74849698e-02,  1.08529535e-01, -4.97717700e-02,  4.27913927e-03],
       [-4.55961413e-02,  9.11323246e-02, -5.88070144e-02, -6.89458056e-02,  4.82468270e-02],
       [ 1.02105093e-01, -5.61612370e-02,  9.62393738e-02, -1.82237750e-02, -1.14748324e-02],
       [ 1.39747159e-02,  4.96148198e-03, -8.56860061e-02, -2.35670377e-02,  1.66346313e-02],
       [ 1.17804364e-02,  8.30615485e-02,  1.05442902e-01, -2.48038727e-02, -5.73900286e-03],
       [ 2.13759346e-02,  1.31529349e-01,  8.55399384e-03,  6.20161872e-02, -2.42002221e-02],
       [ 3.15289837e-02,  7.44675967e-02, -5.01931324e-03,  1.03023529e-01, -2.33610498e-02],
       [-6.32624867e-03,  2.59562408e-02,  4.63068696e-02,  5.33604105e-02, -2.42881104e-02],
       [ 1.02388932e-02,  8.77184980e-02, -8.09198088e-02, -2.12678810e-02,  2.72010718e-02],
       [-3.68245313e-02, -1.07847096e-01,  1.22792870e-01, -1.85200542e-02, -1.79953138e-02],
       [-1.97305332e-02, -2.00932609e-02,  4.91115100e-02, -9.49867946e-02, -7.26534984e-03],
       [-2.18356873e-02, -1.19655445e-01, -1.75125776e-01,  5.41821442e-02,  7.01717334e-03],
       [-2.69271546e-02, -2.45227265e-02,  2.07132518e-02,  6.07103914e-02, -2.34995951e-02],
       [ 2.80066115e-02,  1.33338698e-01, -1.44195011e-01,  1.76327538e-02,  5.82246304e-03],
       [ 2.22770382e-02, -5.92828936e-02,  5.63783310e-02,  1.10426760e-02, -3.75707589e-02],
       [ 4.66612267e-02, -1.13601155e-01,  5.05092105e-02,  8.63540834e-02,  6.37996802e-02],
       [ 1.39943174e-02, -7.09855217e-02,  1.34034616e-02,  1.09988132e-01,  6.82671616e-02],
       [ 1.30815414e-02,  3.81154223e-02,  7.37304496e-02,  1.06416188e-01,  5.17767818e-02],
       [ 3.18638927e-02, -2.05105529e-02, -8.10443306e-02, -5.91569845e-02, -1.52503536e-02],
       [-2.92568459e-02,  9.01662552e-02,  1.49152392e-01,  5.80872268e-02, -1.46905020e-02],
       [-2.04927345e-02,  5.88806657e-02,  4.76926421e-02, -8.93158588e-02, -6.62638599e-02],
       [-3.74256708e-02,  7.58728220e-02, -1.39880504e-01, -2.19105259e-02,  5.45242792e-02],
       [-1.66652082e-02,  7.20685070e-02,  4.87441513e-02,  8.25786621e-02,  4.74840163e-02],
       [ 4.93475947e-02, -8.26246985e-02, -9.97582315e-02, -4.47877495e-02,  1.81029920e-02],
       [ 9.30619974e-02,  5.18960499e-02, -3.22375627e-02, -5.42952846e-02,  3.31314665e-02],
       [ 7.87997188e-02, -8.87402193e-05,  1.35183500e-02, -9.16825653e-02,  6.45727087e-02],
       [-1.47238224e-03,  9.39030820e-02, -5.70602129e-02, -4.87512694e-02,  4.63495108e-02],
       [ 5.51640332e-02,  9.16709654e-02,  9.12971821e-02,  1.47471055e-02, -3.87321251e-02],
       [-8.67941095e-02, -3.26527246e-02, -1.57105545e-01,  2.73018693e-02,  1.76625508e-02],
       [-5.44148724e-02,  4.80816278e-02, -7.63141907e-02,  8.97218602e-02, -5.25526736e-02],
       [-7.74144960e-02, -6.82440934e-02,  1.46890453e-01, -5.78704917e-02,  6.06876423e-03],
       [-6.16655774e-02,  4.93842202e-02, -3.28171919e-02, -5.28474233e-02,  4.68345242e-02],
       [ 7.93202518e-02,  6.29973474e-02,  8.82337937e-02, -2.51577287e-02, -5.60049694e-03],
       [ 1.51739606e-01, -3.99705396e-02, -1.76213321e-02, -4.66586823e-02, -1.18125729e-01],
       [-2.09826395e-02,  1.56669076e-01, -3.81124075e-02, -8.49008321e-02, -1.04895945e-01],
       [ 9.28435853e-02,  1.20281959e-01,  3.16523709e-02,  6.75828683e-02,  4.97582353e-02],
       [-1.08802574e-01, -9.19023890e-03, -4.94456023e-02, -8.84997020e-02,  2.78863458e-03],
       [-5.85759588e-02,  8.68228818e-02,  2.31098645e-02,  2.59719517e-02,  1.65099779e-01],
       [-1.02964910e-01, -5.56869523e-02,  7.56841468e-02,  7.52186020e-02, -5.59608551e-02],
       [-6.61237622e-02,  9.58631722e-02, -1.64483969e-02, -3.98748854e-02, -7.54349046e-02],
       [ 1.65544952e-01,  7.83144825e-02,  7.42206036e-02,  8.24301734e-02, -7.76730038e-03],
       [ 1.65409790e-02,  8.77144811e-02, -2.81835669e-02, -9.48355413e-02, -1.32896194e-01],
       [ 4.76595698e-02,  3.48331438e-02,  1.53335823e-03,  8.51056270e-02,  5.72179317e-02],
       [-9.27862532e-02,  4.12245492e-02, -5.90044882e-02, -1.49372414e-01, -3.74299916e-03],
       [-6.71475405e-02,  9.07129168e-02,  9.59320428e-03,  1.15008138e-04,  1.74734729e-01],
       [-9.34226771e-02,  1.66244565e-02,  5.63948873e-02,  1.40104107e-01, -9.46637385e-02],
       [-5.35460475e-02,  7.81562387e-02, -3.95435290e-03, -4.08303130e-02, -1.08868585e-01],
       [ 9.46981742e-02, -1.51828330e-02,  6.64818053e-02,  1.36415563e-01, -1.12996740e-02],
       [-8.50598787e-03,  5.97943710e-02,  5.21986550e-02,  7.37526413e-02,  4.21270859e-02],
       [ 1.11245079e-02, -1.19049118e-01, -8.41397963e-02, -9.06701185e-02,  1.27957230e-02],
       [ 9.35281949e-03, -5.54629640e-02, -7.25995627e-03,  6.29844021e-02,  1.25246876e-01],
       [ 1.20813773e-02, -1.20488132e-01,  9.94349312e-02,  7.21585682e-02, -7.80921255e-02],
       [ 1.44907506e-03, -6.35570609e-02, -3.89323411e-02, -8.04059273e-02, -9.49652392e-02],
       [-2.69385015e-03,  1.30487025e-01,  1.03846923e-01,  9.42032780e-02, -1.82089689e-02],
       [-7.63092279e-02, -8.33580561e-02,  1.06194778e-01,  4.43963405e-02, -1.67666165e-02],
       [-4.60125851e-02,  9.42880867e-03,  3.67509024e-02, -7.22513762e-02, -7.90114485e-02],
       [-4.46031340e-02, -8.13740161e-02, -1.25799741e-01, -2.36044677e-02,  5.14108014e-02],
       [-4.80348935e-02,  9.79916839e-03,  2.33121789e-02,  5.62065104e-02,  3.18217511e-02],
       [ 4.76443387e-02,  9.16639810e-02, -1.46971499e-01, -5.01625226e-02,  1.62214358e-02],
       [ 5.45872181e-02, -7.65526708e-02, -2.73258181e-02,  1.38108301e-01,  1.53142775e-02],
       [ 8.40187535e-02,  2.45773064e-02,  1.45703290e-01, -3.79758032e-02, -2.54575562e-02],
       [ 5.43020829e-02, -8.56393815e-02, -7.34825460e-02, -9.47440083e-02,  5.77882090e-03],
       [-1.19399331e-01, -3.68423696e-02,  1.58147235e-01,  2.82364615e-03, -1.93965568e-02],
       [ 6.49031452e-02, -6.40313129e-02,  4.57430930e-02, -1.41278153e-01,  8.10866559e-02],
       [ 2.25533268e-02, -5.74363898e-02, -4.74834279e-03,  2.00303629e-02,  1.17582053e-01],
       [-8.11471134e-02,  6.85148286e-02,  2.67677818e-02, -1.23869756e-01,  1.24331339e-02],
       [ 6.04345762e-02, -7.27995513e-02,  8.77221910e-02,  8.18625573e-02, -6.45715293e-02],
       [-9.39798814e-02, -6.53911382e-02, -1.05909547e-01,  3.13696514e-02,  1.39020048e-02],
       [-8.22085099e-02,  7.28594331e-02,  8.91244121e-02,  8.81706374e-02, -1.39342787e-02]])})
2026-01-20 11:00:53,866 - final_problem_set.kxor_instance_n20_k2_m144_ell2_eps0.2_kappa1.0_rho0.0 - INFO - Running key extraction (n=20, m=144, ell=2, phase_qubits=12)
2026-01-20 11:00:53,868 - final_problem_set.kxor_instance_n20_k2_m144_ell2_eps0.2_kappa1.0_rho0.0 - INFO - Built voting matrix V (n=20, ell=2, dtype=complex128) in 0.002s
2026-01-20 11:00:53,869 - final_problem_set.kxor_instance_n20_k2_m144_ell2_eps0.2_kappa1.0_rho0.0 - INFO - Eval: adv=0.2500 (no ground-truth z available)
2026-01-20 11:00:53,869 - final_problem_set.kxor_instance_n20_k2_m144_ell2_eps0.2_kappa1.0_rho0.0 - INFO - Key extraction complete: x_hat=12
2026-01-20 11:00:53,869 - final_problem_set.kxor_instance_n20_k2_m144_ell2_eps0.2_kappa1.0_rho0.0 - INFO - Finished step 'KeyExtractionStep' in 0.003s (success: True, problem=kxor_instance_n20_k2_m144_ell2_eps0.2_kappa1.0_rho0.0)
2026-01-20 11:00:53,869 - final_problem_set.kxor_instance_n20_k2_m144_ell2_eps0.2_kappa1.0_rho0.0 - INFO - SUCCESS: len(z_hat)=20
2026-01-20 11:00:53,869 - final_problem_set.kxor_instance_n20_k2_m144_ell2_eps0.2_kappa1.0_rho0.0 - INFO - Metrics: adv=0.25, ham_frac=None, corr=None
2026-01-20 11:00:53,869 - final_problem_set.kxor_instance_n20_k2_m144_ell2_eps0.2_kappa1.0_rho0.0 - INFO - z_hat (full): [ 1,  1,  1, -1, -1, -1,  1, -1,  1, -1, -1,  1,  1,  1, -1,  1, -1,  1,  1,  1]
