2026-01-20 11:01:16,894 - final_problem_set.kxor_instance_n22_k2_m244_ell2_eps0.15_kappa0.75_rho0.2 - INFO - Starting iteration for /Users/julian/CodingProjects/UniT3/QuarticSpeedupK-XOR/z_Daphne/data/final_problem_set/kxor_instance_n22_k2_m244_ell2_eps0.15_kappa0.75_rho0.2.npz
2026-01-20 11:01:16,899 - final_problem_set.kxor_instance_n22_k2_m244_ell2_eps0.15_kappa0.75_rho0.2 - INFO - Loaded instance (n=22, m=244, k=2)
2026-01-20 11:01:16,899 - final_problem_set.kxor_instance_n22_k2_m244_ell2_eps0.15_kappa0.75_rho0.2 - INFO - Starting step 'ComputeKikuchiStep' (version 0.1) on problem kxor_instance_n22_k2_m244_ell2_eps0.15_kappa0.75_rho0.2 (fields={'ell': 2, 'threshold': 0.0})
2026-01-20 11:01:16,933 - final_problem_set.kxor_instance_n22_k2_m244_ell2_eps0.15_kappa0.75_rho0.2 - INFO - Finished step 'ComputeKikuchiStep' in 0.034s (success: True, problem=kxor_instance_n22_k2_m244_ell2_eps0.15_kappa0.75_rho0.2)
2026-01-20 11:01:16,933 - final_problem_set.kxor_instance_n22_k2_m244_ell2_eps0.15_kappa0.75_rho0.2 - INFO - Starting step 'ClassicalEigenvaluesStep' (version 0.1) on problem kxor_instance_n22_k2_m244_ell2_eps0.15_kappa0.75_rho0.2 (fields={'ell': 2, 'threshold': 0.0, 'kikuchi_matrix': <Dictionary Of Keys sparse matrix of dtype 'int64'
	with 6000 stored elements and shape (231, 231)>, 'num_eigenvalues': 5})
2026-01-20 11:01:17,070 - final_problem_set.kxor_instance_n22_k2_m244_ell2_eps0.15_kappa0.75_rho0.2 - INFO - Finished step 'ClassicalEigenvaluesStep' in 0.137s (success: True, problem=kxor_instance_n22_k2_m244_ell2_eps0.15_kappa0.75_rho0.2)
2026-01-20 11:01:17,071 - final_problem_set.kxor_instance_n22_k2_m244_ell2_eps0.15_kappa0.75_rho0.2 - INFO - Starting step 'KeyExtractionStep' (version 0.1) on problem kxor_instance_n22_k2_m244_ell2_eps0.15_kappa0.75_rho0.2 (fields={'ell': 2, 'threshold': 0.0, 'kikuchi_matrix': <Dictionary Of Keys sparse matrix of dtype 'int64'
	with 6000 stored elements and shape (231, 231)>, 'num_eigenvalues': 5, 'eigenvalues': array([-11.74956368, -11.64022762, -11.16491628,  11.62001387,  12.13799271]), 'eigenvectors': array([[ 1.61975944e-02, -1.12119448e-02, -8.26170642e-02,  7.68677201e-02, -1.68507297e-02],
       [-1.89455950e-02,  1.39676730e-02,  9.92050433e-02, -8.41235304e-02,  7.00806584e-02],
       [ 1.23809986e-02,  2.96846598e-02,  2.75657661e-02,  7.27685910e-02, -9.43694944e-02],
       [-6.11603847e-03, -3.27265880e-02, -4.46185515e-02,  5.89024123e-02,  2.25594826e-02],
       [-1.02540303e-02,  1.33178610e-02,  9.64468570e-02,  5.80534807e-05,  1.03126490e-01],
       [-2.47937195e-02, -1.33550017e-02,  2.83168293e-02,  1.06837101e-01,  1.87357536e-02],
       [-4.04693327e-02, -8.89591905e-03,  9.15950485e-02,  7.42188597e-02, -8.70737718e-02],
       [ 3.26651403e-02, -2.93681471e-02, -6.96952652e-02, -6.41120106e-02,  5.79026215e-02],
       [-6.50632147e-03, -1.35330871e-02,  2.74266522e-02, -9.39004132e-02, -1.28566382e-02],
       [-5.63623102e-03, -1.91956337e-02, -1.13461813e-02,  2.42380967e-02,  6.25158422e-02],
       [ 1.06647073e-02,  1.54835832e-02, -5.51773258e-03,  7.51411870e-02, -1.03392270e-01],
       [ 2.00053645e-02, -7.11487486e-04, -4.73640873e-02,  7.05853100e-02, -9.72860606e-02],
       [-1.42553129e-03,  2.58424719e-04, -2.80718795e-02, -1.11806754e-01,  9.08974621e-02],
       [ 1.32135557e-02, -2.28788904e-02, -8.63833717e-02, -7.41340441e-02, -7.57463471e-02],
       [ 2.06979274e-02,  1.81895299e-02, -3.06175676e-02, -7.80942474e-02,  5.96944002e-02],
       [ 2.11351588e-02,  4.28501502e-03, -2.64946536e-02,  2.66473888e-02,  7.91497222e-02],
       [-8.37799985e-03, -1.78180699e-02,  8.03106131e-03, -1.62389447e-02, -1.03825214e-01],
       [ 1.27241967e-02,  3.68879920e-03, -2.87298752e-02,  4.99399095e-02, -1.53218664e-04],
       [ 1.22170884e-02, -7.57684795e-03, -5.15535513e-02,  1.45209050e-01, -7.93542215e-02],
       [ 7.64061629e-03, -3.21467894e-02, -7.79876881e-02, -8.14408659e-02,  1.44028192e-01],
       [-8.87534144e-03, -2.34802791e-02, -4.67306035e-03,  6.28100836e-02, -1.50297682e-01],
       [ 1.31851424e-01, -6.94322155e-02, -4.10540266e-02, -8.39679170e-02,  3.20376520e-02],
       [ 1.60184681e-02, -1.32794749e-01,  1.85427246e-02,  7.23935129e-02, -4.41376681e-02],
       [-1.24421527e-02,  1.49262150e-01, -1.48740467e-02,  2.65300132e-02,  1.23240143e-02],
       [ 1.53240557e-01, -1.20063502e-01, -8.20943329e-02, -3.07093742e-02,  4.27675715e-02],
       [ 9.44504611e-02,  6.92804413e-02,  5.11084596e-02,  4.89914419e-02,  7.05676143e-03],
       [ 1.45291988e-01,  1.25694113e-03, -6.83690186e-02,  7.20532080e-02, -3.44881528e-02],
       [-1.27975709e-01,  9.06296462e-02, -2.21678289e-02, -5.13143366e-02,  2.25044334e-02],
       [ 2.23510601e-02,  2.54278444e-02, -1.25640273e-01, -3.84219598e-02, -4.01061391e-03],
       [ 2.61141122e-02,  1.38321200e-01,  9.49814176e-02, -5.34089405e-03,  2.93331437e-02],
       [-3.82089388e-02, -5.51716887e-02,  9.12069764e-02,  7.45884192e-02, -4.06868418e-02],
       [-1.32228267e-01, -6.71315249e-03, -2.57625759e-02,  6.14429413e-02, -3.77010313e-02],
       [-9.05429484e-03,  4.94141884e-02,  1.22780030e-01, -6.93734871e-02,  2.74649369e-02],
       [-8.38375615e-02,  9.69317643e-02,  7.27573062e-02, -2.22384914e-02, -2.91360857e-02],
       [-7.94180314e-02, -7.40725478e-02,  6.19361112e-02, -5.43494939e-02,  2.22212283e-02],
       [-8.56948913e-02, -4.13687921e-02, -6.21827850e-02, -4.42723959e-03,  2.95696797e-02],
       [ 4.65775289e-02,  8.95023261e-02,  2.45595649e-02,  1.81535387e-02, -4.16115014e-02],
       [-1.22099524e-01, -3.70465140e-02, -3.60380504e-02,  1.69530829e-02,  4.55653914e-03],
       [-9.81322474e-02,  6.07645102e-02,  7.25150648e-02,  1.25274050e-01, -3.71123562e-02],
       [-1.07170977e-01,  1.33384849e-01,  2.42652459e-03, -8.04859639e-02,  4.44650997e-02],
       [ 3.94298971e-02,  9.79457356e-02, -6.19771543e-02,  6.65336340e-02, -6.62646168e-02],
       [-2.54316555e-02,  1.34841697e-01, -5.80177444e-02, -3.38826502e-02,  1.03209318e-01],
       [ 1.52686518e-03, -1.27935561e-01,  6.67150865e-02, -6.46424493e-02, -1.44616493e-02],
       [-1.34640427e-01,  7.91035323e-02,  1.68925079e-02, -3.73835990e-02, -1.12838602e-01],
       [-1.01883018e-01, -7.37209745e-02, -5.85794067e-02, -1.07900625e-01, -1.42743243e-02],
       [-1.53893419e-01, -2.30747607e-02,  5.23699343e-02, -3.62145926e-02,  8.29246012e-02],
       [ 1.40256256e-01, -8.00192838e-02,  8.43804256e-02,  3.57715803e-02, -5.74146349e-02],
       [-9.07348485e-03, -4.24275126e-02,  1.44768688e-01,  9.30493907e-02,  8.04717032e-03],
       [-1.67322806e-02, -1.47400249e-01, -9.22209797e-02, -4.89499792e-02, -4.84530580e-02],
       [ 5.39484923e-02,  5.14352602e-02, -1.18213219e-01, -3.00444187e-02,  8.64925387e-02],
       [ 1.37115294e-01,  2.10603590e-02,  6.10534751e-02, -2.88558327e-02,  8.32247871e-02],
       [ 2.55666255e-02, -5.48010660e-02, -1.45423300e-01,  7.06167927e-02, -8.30678980e-02],
       [ 8.89082488e-02, -7.86154049e-02, -3.58811764e-02,  9.17843757e-02,  5.61093361e-02],
       [ 9.28209603e-02,  7.57498471e-02, -9.05671940e-02,  4.10114495e-02, -4.68477112e-02],
       [ 6.39112909e-02,  5.88593564e-02,  8.66865542e-02, -4.75256947e-02, -6.73906623e-02],
       [-3.73904429e-02, -1.02882183e-01, -2.73841165e-02,  4.63580360e-02,  1.02744983e-01],
       [ 1.16660782e-01,  4.75066422e-02,  6.12046830e-02, -6.17787415e-02,  7.20163549e-03],
       [ 1.55938703e-01, -7.98539602e-02, -7.43551610e-02, -9.01207243e-02,  6.99216183e-02],
       [ 1.25397267e-01, -1.29742779e-01,  5.86214131e-02,  2.37832449e-02, -1.13230539e-01],
       [-2.94824062e-02, -1.11761098e-01,  8.08459448e-02, -2.08486439e-03,  1.16862344e-01],
       [-3.59248861e-02, -6.02929134e-02,  1.22571108e-03,  5.90909459e-02,  1.13783413e-02],
       [ 1.05492617e-02,  1.31654330e-01, -3.85748314e-02,  5.19912572e-02,  9.35435958e-02],
       [-5.46092046e-02,  2.38196488e-02, -8.39771049e-02,  1.17683109e-01, -7.88167289e-03],
       [-7.35459676e-02,  1.07024882e-01, -4.02864307e-02,  1.28016652e-02, -9.56004268e-02],
       [-7.70452773e-03, -1.22082684e-01,  8.18158044e-02, -2.70050801e-02,  7.44449902e-02],
       [-4.18920165e-02,  2.32634580e-02,  4.52719753e-02, -9.29428282e-02, -1.20688645e-02],
       [-5.45116309e-02, -6.10588376e-02, -6.93675097e-02,  5.70503172e-02,  4.12408559e-02],
       [ 3.18724819e-02,  5.08813656e-03, -2.65925203e-02,  2.93162128e-03, -1.26787426e-01],
       [ 2.32737827e-02, -4.91233653e-02,  7.34649728e-02,  1.29280793e-03, -8.27911929e-02],
       [ 4.59348022e-03, -5.23432296e-02, -6.34736133e-02, -5.12990356e-02,  1.05069236e-01],
       [-4.32952901e-03, -1.17957091e-01,  1.65917978e-03, -1.11882552e-01, -4.80856988e-02],
       [ 6.12090524e-02, -2.62756139e-02,  5.71241171e-03, -2.71602956e-02,  6.22297741e-02],
       [ 3.62457460e-02, -2.91993245e-02,  9.26318013e-02,  6.04014961e-02,  6.61844318e-02],
       [-3.52524399e-02, -9.44099935e-03, -4.37891117e-02, -6.25367625e-02, -9.08951249e-02],
       [ 2.10750840e-02, -2.41853652e-02,  8.09380561e-02,  6.05046933e-02, -2.06511472e-02],
       [-1.35033300e-03, -8.93631574e-02,  6.60219945e-03,  7.42375831e-02, -9.72833438e-02],
       [-4.14726880e-02, -9.58786646e-02,  3.21249280e-02,  1.19189743e-02,  1.65148370e-01],
       [-3.34704592e-02, -2.09788822e-02, -2.94809898e-03, -2.42925619e-02, -1.12871812e-01],
       [-1.61133160e-02, -1.39531886e-01,  4.46299926e-02, -4.13723666e-02,  6.40797932e-03],
       [ 5.97092412e-02, -1.98918415e-02,  9.57884375e-02,  8.45517483e-03,  1.72373000e-02],
       [ 6.24739827e-02, -1.08288760e-01,  4.93852728e-02,  5.88729516e-02,  1.47205275e-02],
       [ 2.75943981e-03,  1.44011502e-01, -9.87897441e-02, -4.57600185e-02, -7.03720541e-03],
       [ 2.35664238e-02, -8.35201399e-03, -5.76553016e-02, -3.69865044e-04, -8.14452871e-03],
       [ 5.72163871e-02,  8.13560349e-02,  8.99837405e-02, -1.18454881e-02,  6.52844893e-03],
       [-3.41592725e-02,  2.49016372e-04,  3.83722840e-02,  7.32985093e-02,  1.85135549e-02],
       [-3.84185898e-02,  5.48632734e-02, -9.32007393e-02,  5.75872102e-02,  5.92174576e-03],
       [ 5.37585034e-04,  6.03757916e-02,  8.38739833e-02, -5.69323266e-02, -1.20247174e-02],
       [ 1.54472858e-02,  1.15196602e-01, -4.70717046e-03,  1.56326816e-02, -9.13686866e-03],
       [-6.19956237e-02,  2.29330167e-02,  1.99772326e-03, -4.78300695e-02, -1.00316999e-02],
       [-3.31721734e-02,  1.99479480e-02, -1.09141704e-01, -3.09977589e-02,  7.40768996e-03],
       [ 3.42119948e-02,  2.66644627e-02,  5.86764031e-02,  3.85941951e-02, -9.06933452e-03],
       [-3.66880516e-02,  2.81399094e-02, -9.55382019e-02,  1.06472724e-02,  5.90614978e-03],
       [-1.91801457e-02,  1.27843743e-01,  1.33033454e-02,  5.69061947e-02,  2.66010374e-02],
       [ 2.97799111e-02,  1.25365022e-01, -4.08897422e-02, -8.19885178e-02, -1.58186449e-02],
       [ 3.56205014e-02,  3.54354974e-02, -1.87561218e-03,  6.21478586e-02, -3.98565732e-03],
       [-1.45091951e-01, -5.25056230e-02, -5.20275566e-02, -7.98892371e-02,  3.06094188e-02],
       [-1.67286806e-01,  8.10136396e-03,  6.73795739e-02,  5.01506240e-02,  9.09768286e-02],
       [ 1.26026939e-01, -1.16906345e-01,  5.83194034e-02, -2.48728386e-02, -7.86507396e-02],
       [-3.18917272e-02, -4.68062895e-02,  1.40627541e-01,  6.38765677e-02, -1.84235374e-02],
       [-4.29791356e-02, -1.40293578e-01, -9.96184866e-02, -4.96346176e-02, -1.69295390e-02],
       [ 5.23622672e-02,  5.60829462e-02, -1.14288826e-01,  7.87102320e-02,  1.12377688e-01],
       [ 1.11972127e-01,  5.46969587e-03,  4.89543603e-02,  7.17670986e-02,  1.01537962e-01],
       [ 1.30025730e-02, -5.22705386e-02, -1.48719059e-01, -2.02783381e-02, -8.57366857e-02],
       [ 7.58279397e-02, -1.00515004e-01, -5.65306726e-02,  1.25426438e-01,  2.06913495e-02],
       [ 1.34298008e-01,  5.88301910e-02, -1.05671320e-01, -2.97890661e-02, -8.99591064e-02],
       [ 7.85956651e-02,  4.56185592e-02,  9.12536824e-02, -6.88395976e-02, -3.21112607e-02],
       [-4.17986822e-02, -1.07099080e-01, -4.13685346e-02,  9.09892524e-02,  5.74860343e-02],
       [ 9.39447597e-02,  4.13387264e-02,  6.43271554e-02, -2.98505392e-02,  1.94439379e-02],
       [ 1.26409524e-01, -9.71212740e-02, -9.28553667e-02,  1.43748396e-03,  1.23387069e-01],
       [ 9.22143809e-02, -1.57923526e-01,  2.14358130e-02, -8.80868426e-02, -1.07947591e-01],
       [-2.88368622e-02, -1.26829746e-01,  5.81109722e-02,  8.75666441e-02,  9.39632002e-02],
       [-8.41383608e-02, -9.34604945e-02,  3.96113404e-03,  1.13751786e-01, -9.56669680e-04],
       [ 1.02134126e-01,  6.73687327e-02,  8.24319956e-02, -9.18825271e-02, -8.41768544e-03],
       [-7.54822947e-03, -1.57155645e-02,  6.13846451e-02, -1.34420539e-02, -1.65691573e-02],
       [ 3.47170508e-02, -3.28721402e-02,  1.38127967e-02, -2.33149590e-02,  2.40270080e-02],
       [ 3.15043535e-03,  2.77658702e-02, -6.41877314e-02,  1.34826775e-01, -3.68197416e-03],
       [ 6.80842023e-02,  6.08442038e-02,  3.14120412e-02,  1.11504560e-01, -7.72523119e-03],
       [ 2.99456643e-02,  6.57803220e-03, -3.18967385e-02, -1.05708620e-01, -3.84878378e-03],
       [ 1.04942492e-01,  3.47363638e-02,  4.35267931e-02,  2.69963937e-02, -3.07313219e-02],
       [ 1.75446804e-02,  5.27831270e-02, -4.49581550e-02, -9.11592974e-02, -8.29093034e-03],
       [ 2.51326190e-02,  4.63216649e-02,  1.42709373e-02, -4.49873437e-02,  2.90708876e-02],
       [ 1.51164872e-03, -3.05098768e-02,  2.60693919e-02,  7.26188415e-02, -3.78818589e-02],
       [ 4.71139959e-02,  4.36698191e-02,  1.02005509e-02,  2.00060507e-02,  2.10358082e-03],
       [ 8.38626981e-02,  4.34793252e-02,  1.99788062e-02,  1.21179763e-01,  2.82019117e-02],
       [ 1.22033535e-01,  3.17309397e-02,  1.10758113e-01, -1.45980671e-01,  1.77832060e-02],
       [ 7.70288830e-03, -2.96373175e-02,  7.56470621e-02,  1.29451657e-01, -2.11641401e-02],
       [ 1.69357165e-01, -1.41125696e-02,  4.65465184e-03, -3.99748089e-02,  9.23096219e-02],
       [ 1.34149974e-02, -4.51937989e-02,  1.05196324e-01, -9.06433072e-02, -6.85521848e-03],
       [ 2.98091782e-02, -1.09137595e-01, -6.04879044e-02,  5.73030811e-02,  2.87258477e-02],
       [ 7.73365611e-03,  4.88263919e-02, -9.17547764e-02,  1.35917287e-02, -9.83485721e-02],
       [ 1.15016405e-01,  4.56451236e-02, -6.00727919e-03,  1.12927484e-02, -8.11110117e-02],
       [ 9.55961231e-03, -2.72926299e-02, -9.17339414e-02, -6.51524654e-02,  1.11530705e-01],
       [ 1.14541153e-01, -2.17400114e-02, -4.99577896e-02, -1.00172167e-01, -3.52591958e-02],
       [ 4.80827593e-02,  8.67501608e-02, -8.94377299e-02, -4.16999486e-02,  7.92213285e-02],
       [ 5.27407434e-02,  6.90225682e-02,  2.22894195e-02,  6.40689602e-02,  7.11446800e-02],
       [-7.43971702e-03, -9.78802365e-02,  4.21858251e-03, -6.28398630e-02, -9.19522211e-02],
       [ 1.04764436e-01,  7.03242839e-02, -5.11284841e-03,  5.79010180e-02, -1.42896636e-02],
       [ 1.34482811e-01, -1.15702031e-02, -7.82971625e-02,  8.25511981e-02, -9.12099652e-02],
       [ 1.98440735e-01, -8.01447929e-02,  5.05735620e-03, -5.05747317e-04,  1.12591996e-01],
       [ 1.01964946e-02, -1.03596705e-01,  7.75821633e-02, -1.48585634e-02, -1.18420334e-01],
       [ 5.90976000e-02,  9.09655176e-03, -1.24465229e-01,  7.33826358e-02,  1.73396456e-02],
       [ 3.45828831e-02,  1.34308438e-01,  8.48909038e-02, -3.29747879e-02, -4.73538961e-02],
       [-5.34896452e-02, -5.04277377e-02,  1.14120118e-01, -2.38992288e-02,  8.67301749e-02],
       [-1.06451340e-01, -1.18710772e-02, -9.54929641e-02, -1.88503358e-02,  5.94151420e-02],
       [-3.98284247e-02,  7.43782037e-02,  1.20291391e-01,  4.26894340e-02, -5.18965885e-02],
       [-1.01562593e-01,  1.19693904e-01, -2.28745037e-02,  7.20106869e-02,  5.23865146e-02],
       [-1.24582145e-01, -5.81005672e-02,  5.95564758e-02,  2.58223496e-02, -3.06318743e-02],
       [-7.15838173e-02, -4.24325025e-02, -1.05988625e-01, -4.46371111e-02, -6.42884943e-02],
       [ 5.08562113e-02,  8.51525375e-02,  2.90356961e-02,  3.96367914e-02,  8.61496445e-02],
       [-9.85668311e-02, -3.70319622e-02, -9.86462129e-02, -4.24879363e-02,  1.27886289e-02],
       [-1.05348576e-01,  7.20353298e-02,  1.97248197e-02, -7.44125262e-02,  5.35905940e-02],
       [-8.25527541e-02,  1.25339505e-01, -1.17887259e-01,  1.48480508e-02, -1.23823656e-01],
       [ 5.15574312e-02,  8.82731611e-02, -7.06232151e-02, -6.16830481e-03,  8.00163367e-02],
       [ 2.23692907e-02, -1.28171333e-02, -1.97233143e-02,  1.88795011e-02, -1.17945414e-02],
       [-4.89190726e-03,  5.98598581e-03, -7.69727664e-04, -1.09012502e-01,  5.25513237e-03],
       [ 3.24057291e-02,  2.52544198e-02, -8.15832355e-02, -8.83432293e-02, -1.38637950e-02],
       [-6.57796281e-03,  1.34101494e-02, -1.75615743e-02,  8.03297135e-02,  9.24060613e-03],
       [ 1.29053553e-02,  3.54741805e-02, -9.85087346e-02, -2.69433795e-02,  1.65173241e-02],
       [-1.44356339e-02,  2.16322932e-02, -3.72281569e-02,  6.54785311e-02,  1.65850240e-02],
       [-2.53583840e-03,  3.42529847e-02, -5.43888213e-02,  3.69036846e-02, -2.42306603e-02],
       [ 1.47987937e-02, -2.89725616e-02,  4.96334684e-03, -6.75338117e-02,  2.28086852e-02],
       [ 2.54523779e-02,  2.91344679e-02, -6.43799679e-02, -1.74492296e-02,  6.13974059e-03],
       [ 4.09463400e-02,  1.06219882e-02, -9.77982483e-02, -8.79870943e-02, -3.50560625e-02],
       [ 6.73196683e-02, -1.37183050e-02, -1.23171317e-01,  1.14418712e-01, -1.85852198e-02],
       [ 1.76176380e-02, -2.98026874e-02, -7.35737806e-03, -1.06317605e-01, -6.98296026e-03],
       [-2.92815020e-02, -6.03520937e-03, -9.15269922e-03,  6.66911380e-02,  4.52182770e-02],
       [-1.38700044e-02,  6.68608305e-02,  1.65269171e-02,  5.89973692e-02,  4.00694240e-02],
       [ 5.38017758e-03,  3.63121094e-02,  4.21997796e-02, -3.63180283e-02, -4.98807402e-02],
       [ 4.07564102e-02,  1.11341567e-01,  9.06042828e-02,  4.52455805e-02, -6.72555661e-03],
       [-4.56114537e-02,  2.49711381e-02, -6.54465683e-03, -3.45180242e-02, -4.14171550e-02],
       [-2.36297509e-02,  3.50480544e-02, -1.42950003e-02, -3.42832829e-02, -9.15253523e-03],
       [ 3.10596966e-02,  1.40844700e-02,  3.42727367e-02,  4.81588154e-02,  1.73113736e-02],
       [-1.60498736e-02,  3.39219068e-02, -1.45137211e-02, -1.35651375e-02,  1.28348823e-02],
       [ 2.36485562e-02,  9.06581349e-02,  5.49051538e-02,  5.51105519e-02,  5.46734251e-02],
       [ 6.37348175e-02,  1.35506570e-01,  1.09339075e-01, -7.79323717e-02, -3.93707869e-02],
       [ 3.31112850e-02,  3.01791227e-02,  4.04078158e-02,  7.12070181e-02,  2.76083585e-02],
       [-1.55733921e-02, -3.53317874e-02,  8.29873937e-02,  1.63870232e-04, -1.00542316e-01],
       [-4.34850166e-03, -1.55895576e-02, -5.47544511e-03, -4.42227333e-02,  9.17368296e-02],
       [-4.17633884e-02, -3.41213464e-02,  8.15371947e-02, -1.20993658e-01, -3.58225042e-02],
       [ 8.44716183e-03, -2.25254988e-02,  2.95108073e-02, -3.00606792e-02,  6.89538502e-02],
       [-7.61559343e-03, -2.29278510e-02,  6.29348276e-02,  8.42459268e-02,  6.81077378e-02],
       [-1.25809653e-02,  8.77682176e-03, -2.50782090e-02, -9.01396039e-02, -1.05986014e-01],
       [-1.01946134e-02, -3.12838683e-02,  6.77657580e-02,  6.34649085e-02, -1.11881613e-02],
       [-2.61328092e-02, -4.72839991e-02,  6.04655262e-02,  9.39771837e-02, -1.13882291e-01],
       [-5.94505759e-02, -4.58795853e-02,  1.00712621e-01,  1.85819115e-02,  1.19668937e-01],
       [-1.61152195e-02,  6.16216312e-03, -1.26915581e-03, -3.36200946e-02, -1.18261947e-01],
       [-2.89173539e-02,  2.04386614e-02,  6.52614562e-02, -3.75895271e-02,  8.50747350e-02],
       [-1.11966260e-01,  1.75517652e-02, -2.84943710e-02, -9.43574381e-02, -2.61936579e-02],
       [-6.06818794e-02, -4.86312409e-02,  6.28221711e-02, -2.34778126e-02,  4.68805507e-02],
       [-4.90541298e-02, -4.58762221e-02, -5.24078855e-02,  6.99003626e-02,  6.20802804e-02],
       [ 9.66087416e-03,  4.57169171e-02, -9.69664912e-03, -6.42552754e-02, -7.72051854e-02],
       [-4.74708882e-02, -4.11306179e-02, -3.06677696e-02,  5.68883267e-02, -1.92344188e-02],
       [-9.53788350e-02, -1.62683307e-03,  5.07816638e-03,  7.32686172e-02, -8.77666661e-02],
       [-1.00988643e-01,  1.59279981e-02, -9.38395688e-02,  1.48990684e-02,  1.10218709e-01],
       [ 6.58420695e-04,  4.85521229e-02, -7.66614893e-02, -2.79814840e-02, -8.54199007e-02],
       [-1.60712810e-03,  4.87305071e-02,  1.20256436e-01,  8.85227299e-02,  4.71751303e-02],
       [-1.17431395e-02, -1.32136059e-02,  2.38400239e-02,  5.09456117e-02, -5.65238084e-02],
       [-2.13860220e-02, -3.60553050e-03,  2.95942143e-02, -4.29819202e-02, -5.78562210e-02],
       [ 8.68689286e-03,  2.89988678e-02,  1.21751611e-02,  3.44002105e-02,  9.72119759e-02],
       [-2.75994612e-02, -8.18366644e-04,  3.77118574e-02, -5.70509335e-02,  1.12801078e-02],
       [-1.10037890e-02,  3.62145242e-02,  8.59244640e-02, -1.09363101e-01,  7.92529284e-02],
       [-2.64797755e-02,  8.96939425e-02,  1.38172345e-01,  3.69469115e-02, -1.09053773e-01],
       [-3.28610309e-03,  4.14400123e-02,  1.70676120e-02, -1.60750015e-02,  9.29504284e-02],
       [-8.59355418e-02, -4.61739438e-02,  6.22733081e-02,  6.45866923e-02,  4.20782238e-02],
       [-6.99903152e-02, -2.46321705e-02, -6.72845858e-02,  8.18706593e-02, -2.13423829e-03],
       [ 4.07382718e-02,  8.46247307e-02,  4.66389345e-02, -9.69516022e-02, -4.48007350e-03],
       [-9.17185129e-02, -1.97516676e-02, -4.42815332e-02,  5.96789163e-03, -1.10677938e-02],
       [-7.91326551e-02,  7.98539076e-02,  7.55446570e-02, -8.28875126e-02, -7.68061468e-02],
       [-6.76501944e-02,  1.39322588e-01,  1.76728078e-02,  1.41219461e-01,  2.40028597e-02],
       [ 3.00087395e-02,  1.01582310e-01, -2.61917462e-02, -1.26761905e-01, -2.10517760e-02],
       [-2.67930778e-02, -5.03643148e-02,  4.71388954e-02, -3.76265458e-02, -5.78599431e-02],
       [-1.03130130e-02,  3.61268066e-02, -3.21999281e-02,  3.14535866e-02,  7.87729146e-02],
       [-4.91104156e-02, -5.13040169e-02,  5.76781919e-02, -4.73945869e-02,  1.06224219e-02],
       [-7.48795447e-02, -5.03893426e-02,  4.88267543e-02, -7.35682058e-02,  4.74848597e-02],
       [-1.30277377e-01, -2.63638797e-02,  4.53483626e-02,  2.27393195e-02, -1.03497536e-01],
       [-2.28360592e-02,  3.45920593e-02, -4.16404742e-02, -5.43962448e-03,  7.80629580e-02],
       [-5.56108751e-03,  4.37746147e-02, -1.75870744e-02,  7.15839686e-02,  2.14421204e-02],
       [-3.56674496e-02, -3.23439799e-02, -2.53497501e-02, -1.99840788e-02,  6.11394087e-03],
       [-8.53238989e-02, -1.94877043e-02, -2.48829674e-02,  2.45270256e-02,  1.02777820e-01],
       [-9.62986467e-02, -2.69162094e-03, -1.37759965e-01, -8.81780933e-02, -5.39664620e-02],
       [-6.53024228e-03,  3.50241700e-02, -7.06420678e-02,  9.53670277e-02,  6.67230166e-02],
       [ 5.71216626e-03,  2.98582038e-02, -2.09385295e-02,  3.57773450e-02, -1.01416660e-02],
       [ 4.26623016e-02,  5.80451877e-02,  3.17365358e-03, -1.06564337e-02, -1.40056492e-01],
       [ 6.67981895e-02,  5.68171356e-02,  5.28227981e-02,  9.65265323e-02,  9.59540490e-02],
       [ 2.55382905e-02, -7.58543130e-03,  3.75575985e-02, -1.04091308e-01, -1.01200785e-01],
       [-7.12740580e-02, -2.92618896e-02, -1.75907821e-02,  9.17718197e-02, -2.06148613e-02],
       [-8.48288664e-02, -1.98441169e-02, -1.01488753e-01, -7.48470924e-02,  5.67158107e-03],
       [-5.24115699e-03,  3.55671198e-02, -6.84740310e-02,  6.42246346e-02, -3.13165075e-02],
       [-7.59657019e-02,  9.62062826e-02,  3.22964817e-02, -8.26228693e-02,  1.44435376e-01],
       [ 2.44597558e-02,  7.79176935e-02, -2.94200601e-02,  4.70873409e-02, -1.11159164e-01],
       [ 6.00320638e-02,  7.12493949e-02, -4.37687080e-02,  5.74874077e-02,  1.34392495e-01]])})
2026-01-20 11:01:17,073 - final_problem_set.kxor_instance_n22_k2_m244_ell2_eps0.15_kappa0.75_rho0.2 - INFO - Running key extraction (n=22, m=244, ell=2, phase_qubits=13)
2026-01-20 11:01:17,075 - final_problem_set.kxor_instance_n22_k2_m244_ell2_eps0.15_kappa0.75_rho0.2 - INFO - Built voting matrix V (n=22, ell=2, dtype=complex128) in 0.003s
2026-01-20 11:01:17,076 - final_problem_set.kxor_instance_n22_k2_m244_ell2_eps0.15_kappa0.75_rho0.2 - INFO - Eval: adv=0.2131, hamming=5/22 (0.227), corr=0.545
2026-01-20 11:01:17,076 - final_problem_set.kxor_instance_n22_k2_m244_ell2_eps0.15_kappa0.75_rho0.2 - INFO - Key extraction complete: x_hat=20
2026-01-20 11:01:17,076 - final_problem_set.kxor_instance_n22_k2_m244_ell2_eps0.15_kappa0.75_rho0.2 - INFO - Finished step 'KeyExtractionStep' in 0.004s (success: True, problem=kxor_instance_n22_k2_m244_ell2_eps0.15_kappa0.75_rho0.2)
2026-01-20 11:01:17,076 - final_problem_set.kxor_instance_n22_k2_m244_ell2_eps0.15_kappa0.75_rho0.2 - INFO - SUCCESS: len(z_hat)=22
2026-01-20 11:01:17,076 - final_problem_set.kxor_instance_n22_k2_m244_ell2_eps0.15_kappa0.75_rho0.2 - INFO - Metrics: adv=0.21311475409836064, ham_frac=0.22727272727272727, corr=0.5454545454545454
2026-01-20 11:01:17,076 - final_problem_set.kxor_instance_n22_k2_m244_ell2_eps0.15_kappa0.75_rho0.2 - INFO - z_hat (full): [ 1,  1, -1,  1, -1, -1,  1,  1, -1,  1, -1,  1,  1, -1,  1, -1, -1,  1,  1,  1, -1,  1]
