2026-01-20 11:01:58,121 - final_problem_set.kxor_instance_n27_k2_m251_ell2_eps0.15_kappa0.875_rho0.2 - INFO - Starting iteration for /Users/julian/CodingProjects/UniT3/QuarticSpeedupK-XOR/z_Daphne/data/final_problem_set/kxor_instance_n27_k2_m251_ell2_eps0.15_kappa0.875_rho0.2.npz
2026-01-20 11:01:58,122 - final_problem_set.kxor_instance_n27_k2_m251_ell2_eps0.15_kappa0.875_rho0.2 - INFO - Loaded instance (n=27, m=251, k=2)
2026-01-20 11:01:58,122 - final_problem_set.kxor_instance_n27_k2_m251_ell2_eps0.15_kappa0.875_rho0.2 - INFO - Starting step 'ComputeKikuchiStep' (version 0.1) on problem kxor_instance_n27_k2_m251_ell2_eps0.15_kappa0.875_rho0.2 (fields={'ell': 2, 'threshold': 0.0})
2026-01-20 11:01:58,167 - final_problem_set.kxor_instance_n27_k2_m251_ell2_eps0.15_kappa0.875_rho0.2 - INFO - Finished step 'ComputeKikuchiStep' in 0.045s (success: True, problem=kxor_instance_n27_k2_m251_ell2_eps0.15_kappa0.875_rho0.2)
2026-01-20 11:01:58,167 - final_problem_set.kxor_instance_n27_k2_m251_ell2_eps0.15_kappa0.875_rho0.2 - INFO - Starting step 'ClassicalEigenvaluesStep' (version 0.1) on problem kxor_instance_n27_k2_m251_ell2_eps0.15_kappa0.875_rho0.2 (fields={'ell': 2, 'threshold': 0.0, 'kikuchi_matrix': <Dictionary Of Keys sparse matrix of dtype 'int64'
	with 9000 stored elements and shape (351, 351)>, 'num_eigenvalues': 5})
2026-01-20 11:01:58,389 - final_problem_set.kxor_instance_n27_k2_m251_ell2_eps0.15_kappa0.875_rho0.2 - INFO - Finished step 'ClassicalEigenvaluesStep' in 0.222s (success: True, problem=kxor_instance_n27_k2_m251_ell2_eps0.15_kappa0.875_rho0.2)
2026-01-20 11:01:58,389 - final_problem_set.kxor_instance_n27_k2_m251_ell2_eps0.15_kappa0.875_rho0.2 - INFO - Starting step 'KeyExtractionStep' (version 0.1) on problem kxor_instance_n27_k2_m251_ell2_eps0.15_kappa0.875_rho0.2 (fields={'ell': 2, 'threshold': 0.0, 'kikuchi_matrix': <Dictionary Of Keys sparse matrix of dtype 'int64'
	with 9000 stored elements and shape (351, 351)>, 'num_eigenvalues': 5, 'eigenvalues': array([-11.70361346, -11.46129322, -11.40781155, -11.37012375,  12.44607782]), 'eigenvectors': array([[-2.12188327e-02,  6.04124309e-02,  8.96317690e-02,  1.21181548e-02, -4.88128411e-02],
       [ 8.96666204e-02, -3.77144196e-02, -1.98940972e-02,  3.61007887e-02,  2.53209430e-02],
       [ 6.68604374e-02,  2.99910241e-02, -1.74652763e-02,  1.74439892e-02,  5.51703334e-02],
       [-8.51879936e-02,  1.91839173e-02, -1.52092120e-02, -6.64271550e-02,  6.07344407e-02],
       [-3.37479883e-02,  6.58191124e-02,  4.43238891e-02, -3.49310825e-03,  3.28790724e-02],
       [ 8.23897079e-03, -4.51627138e-02, -9.68355094e-02, -4.31070610e-02, -4.57828444e-02],
       [ 9.37007923e-02, -5.72598100e-02, -5.01228322e-02,  5.88465510e-02,  5.61869520e-03],
       [-1.10624734e-01,  6.88725468e-02,  8.85349360e-02, -4.25349714e-02,  6.56903023e-02],
       [ 1.04896787e-01,  6.81810675e-02, -1.19951418e-02,  6.78924902e-02, -2.47213892e-04],
       [ 4.30185179e-02,  3.63093930e-02,  3.59142871e-02,  3.79915643e-02, -5.32559763e-03],
       [ 4.66570805e-02, -1.05072485e-01,  2.46215712e-02,  4.57404772e-02, -5.30215167e-02],
       [ 2.33540772e-02,  7.66250081e-02,  2.64563781e-02,  2.14676765e-02, -4.49022859e-02],
       [-2.28237032e-02,  9.75492554e-02,  2.85305154e-02, -1.37549637e-02,  2.15267230e-02],
       [-1.18559263e-02,  8.76969444e-02,  1.31713900e-01,  5.14727372e-02, -8.66088113e-02],
       [ 1.73094141e-02,  1.74695541e-02,  1.38087667e-01,  8.16403764e-02,  5.17980013e-02],
       [-1.43607483e-02,  9.01512860e-02, -7.31258038e-02, -7.00349894e-02, -6.89288667e-02],
       [ 1.31308335e-02, -7.40039697e-02, -7.19855050e-02, -3.87745265e-02,  7.90248010e-02],
       [-2.75054836e-02, -9.12428390e-02,  2.00078641e-02,  1.51746004e-02, -8.16885804e-02],
       [-5.44003116e-02,  1.21873263e-01, -1.73048673e-02, -6.59865424e-02, -6.60162316e-02],
       [ 9.47334855e-02, -4.98921570e-02, -1.11072828e-01,  2.31216115e-02, -2.54272859e-02],
       [-8.85084438e-02,  7.17409910e-03,  8.38772930e-02, -4.27368841e-02, -8.48482543e-02],
       [ 7.68817713e-02, -1.86188661e-02, -4.36849836e-02,  2.92568329e-02, -4.56921119e-02],
       [-7.99517698e-02,  3.10331260e-02,  6.88942116e-02, -2.47652042e-02,  6.56465523e-02],
       [ 3.58498609e-02,  1.23402655e-01, -4.96180070e-02, -1.29631583e-03,  3.85125648e-02],
       [ 1.01322157e-01,  2.45776298e-02,  8.51242303e-02,  8.00248000e-02,  2.83304620e-02],
       [ 7.00286317e-03, -1.24184313e-02, -5.57569172e-02, -2.48859296e-02,  1.36743626e-02],
       [ 1.01699493e-02,  1.84733068e-02,  2.86407848e-02,  3.01165129e-02, -1.35359654e-02],
       [-2.92804587e-02,  2.39068223e-02, -8.64212008e-03,  6.63760796e-02, -5.86504738e-02],
       [ 5.13603724e-02, -6.90568348e-02, -5.53955723e-02, -6.78197317e-02, -8.24640984e-02],
       [-4.94959276e-02, -1.91704071e-02, -5.49481453e-02,  1.00807200e-02, -3.52745821e-02],
       [ 4.14567621e-02,  7.70464640e-03,  1.80267977e-02,  5.85029234e-03,  5.49648010e-02],
       [ 4.50917113e-02,  3.56080054e-02,  4.44622151e-02,  3.63253926e-02, -1.03092714e-02],
       [-5.43767843e-02, -3.43651347e-02, -3.57237074e-02, -3.65540314e-02, -7.90116810e-02],
       [-2.10202764e-02,  3.76971782e-02, -5.39010871e-02,  8.34585324e-02, -1.64290622e-02],
       [-6.72490827e-02,  4.51331716e-02,  5.36665780e-03,  4.52354089e-02, -6.21740089e-03],
       [ 2.16300344e-02, -1.22788085e-02,  7.05714037e-02, -3.43007428e-02,  5.07811365e-02],
       [-7.42883012e-02,  3.48015797e-02, -3.70240506e-02,  6.29689849e-02,  3.64606069e-02],
       [-3.62166450e-02, -3.94533745e-03, -6.13179933e-02,  2.20266767e-02, -3.03616393e-02],
       [-6.55165773e-02,  9.45972273e-04, -1.97127479e-02,  1.45264614e-02,  1.25924144e-01],
       [-5.68014814e-02,  6.97753042e-03,  1.82701017e-02,  2.77011801e-04, -5.98206925e-02],
       [ 3.07518111e-03, -1.89670167e-02, -9.89352707e-02,  4.24627480e-02,  5.97464860e-02],
       [ 4.18570653e-02, -5.91075458e-03,  3.60507126e-02, -1.73937305e-02, -1.09828660e-01],
       [ 6.33417558e-02, -2.39559611e-02,  5.35531132e-02, -7.55295998e-02,  1.00125867e-01],
       [-4.27579230e-02, -6.57785829e-03, -9.23694420e-02,  2.79436591e-02,  1.03992019e-01],
       [ 5.47812598e-02,  3.48082587e-02,  1.45256925e-02,  3.34874381e-02,  3.52170581e-02],
       [-3.26638503e-02, -6.30612599e-02, -6.81999220e-03, -5.99804208e-02,  1.06419738e-01],
       [-1.96883373e-02,  5.51880644e-02,  3.11576811e-02,  6.49567949e-02,  7.08677387e-02],
       [-2.92738682e-02, -3.48972722e-02, -1.49234550e-02, -3.24741135e-02, -9.70537971e-02],
       [-7.88534962e-03,  2.32013951e-02, -9.06240255e-02,  8.52137426e-02, -4.47333492e-02],
       [-9.56677491e-02,  5.09080845e-02,  2.64495478e-02,  5.81956069e-02, -2.82933024e-02],
       [ 3.46636949e-02, -1.39691755e-02, -1.70365608e-02,  7.09463644e-03, -3.09929061e-02],
       [ 3.89633480e-02,  1.01717958e-02, -1.44492662e-02, -1.44159186e-02,  2.60431352e-02],
       [-1.04762196e-01,  8.66801662e-03,  2.64851425e-02, -3.12607054e-02,  3.84334512e-02],
       [-2.63630661e-02,  3.15034604e-02,  2.05448265e-02,  8.85446550e-03,  1.00493321e-02],
       [ 6.42697847e-03, -1.12496717e-02, -3.66518807e-02, -3.76347417e-02, -1.77107179e-02],
       [ 6.42718965e-02, -2.90417606e-02, -2.89888086e-02,  8.87867161e-03,  4.08897711e-03],
       [-5.28854780e-02,  2.13617316e-02,  2.83921505e-02,  8.75695185e-03,  2.46381737e-02],
       [ 4.26286535e-02,  3.06609945e-02, -9.93520366e-03, -6.32986122e-03,  1.05487411e-02],
       [ 6.31143384e-02,  2.15803241e-02, -1.06096363e-02,  2.50502628e-02,  1.43080350e-02],
       [ 1.27662961e-02, -5.74495613e-02,  1.80191164e-02,  2.88155223e-02, -2.35690620e-02],
       [ 3.55061441e-02,  4.17172629e-02, -1.14983494e-02,  2.03739500e-03, -1.17266165e-02],
       [-1.58397565e-02,  4.62477471e-02,  6.66575803e-03, -1.33116065e-02,  1.28619431e-02],
       [ 7.56425052e-03,  2.91759032e-02,  4.47242557e-02,  4.68562137e-02, -5.14083735e-02],
       [ 2.74824064e-02, -9.33677544e-03,  4.45576574e-02,  6.85370816e-02,  2.53672379e-02],
       [-4.62735802e-02,  6.16810527e-02, -2.83030948e-02, -7.25359277e-02, -1.64345811e-02],
       [-4.32833600e-03, -2.97892524e-02, -1.81162552e-02, -3.30721874e-02,  5.51316487e-02],
       [-2.71438382e-02, -5.42072081e-02,  2.00927917e-02,  2.90607068e-02, -3.29021563e-02],
       [-3.37190672e-02,  6.26390514e-02, -6.10179733e-03, -3.86017835e-02, -5.50150900e-02],
       [ 4.83710194e-02, -1.37168491e-02, -4.28874005e-02, -2.19214437e-02, -1.40200365e-02],
       [-7.87530519e-02, -8.87780324e-03,  5.67591805e-02,  1.62320589e-02, -3.02078743e-02],
       [ 7.63731972e-02, -5.51834462e-03, -4.20489291e-02, -1.40317935e-02, -3.08250326e-02],
       [-5.14687043e-02,  1.28302064e-02,  3.77133154e-02,  1.97239885e-02,  5.51711931e-02],
       [ 1.38200680e-02,  7.30179667e-02, -2.43049189e-02, -3.55848002e-02,  2.54407605e-02],
       [ 9.46448224e-02, -2.42050702e-03, -1.45039567e-03,  2.79221013e-02,  1.71801310e-02],
       [-1.77736268e-02, -1.79550285e-03, -1.05399908e-02, -3.05135383e-02,  1.78201136e-02],
       [-5.45320552e-02, -6.39851834e-02,  4.21521526e-02, -1.68088032e-02,  6.51830427e-02],
       [-4.63302228e-02,  1.54022375e-02, -5.49207262e-03,  3.49915426e-02,  3.23435560e-02],
       [ 2.99016901e-02, -7.06245691e-03,  5.38240147e-03, -6.83041878e-02, -3.19341757e-02],
       [ 7.44043734e-02,  1.67404273e-02, -7.73632847e-03, -2.49199291e-02,  3.50373655e-03],
       [-8.19075449e-02, -1.63692608e-02,  1.23053501e-02,  5.20584876e-02,  6.30741534e-02],
       [ 2.89265868e-02,  6.92244373e-02, -5.40171799e-02,  1.00666981e-04,  1.01783071e-02],
       [ 2.28454337e-02,  7.35593952e-02, -4.56410269e-02,  3.24396643e-02,  1.99317681e-03],
       [ 2.84576959e-02, -5.86209036e-02,  3.50627447e-02,  2.02087535e-02, -5.46056591e-02],
       [-3.01815179e-03,  7.41917234e-02, -4.90761097e-02,  1.78656863e-02, -4.31474545e-02],
       [-3.35337382e-02,  4.36512317e-02, -2.93655540e-02,  1.46563483e-02,  1.53623505e-02],
       [-4.09272105e-02,  3.14089021e-02, -1.63004088e-02,  9.96504399e-02, -9.22740396e-02],
       [-1.77454221e-02,  5.19261881e-03, -5.34165692e-04,  1.07136601e-01,  4.92375345e-02],
       [-2.99411250e-02,  3.98250670e-02, -3.86448577e-02, -6.91932739e-02, -5.46627644e-02],
       [ 2.34300770e-02, -3.49464185e-02,  1.80195722e-02, -6.06100551e-02,  8.12263707e-02],
       [ 2.56001713e-03, -8.11699082e-02,  5.54287691e-02,  1.75499539e-02, -6.47066313e-02],
       [-5.22848526e-02,  5.46515941e-02, -2.88896926e-02, -2.17860224e-02, -6.50692993e-02],
       [ 8.10125584e-02,  2.57869502e-02, -2.19121731e-02, -7.45155280e-02, -3.84412646e-02],
       [-8.25413194e-02, -7.42423285e-02,  5.07317098e-02,  5.19408687e-02, -7.23631291e-02],
       [ 5.17547674e-02,  5.38307598e-02, -3.67197318e-02, -3.08723201e-02, -4.88871237e-02],
       [-6.66074140e-02, -2.88346235e-02,  2.94912508e-02,  4.76617335e-02,  9.61689899e-02],
       [ 4.93012888e-03,  9.30586003e-02, -5.94309301e-02, -2.79670081e-02,  5.85653475e-02],
       [ 3.26669614e-02,  7.34500799e-02, -6.24033386e-02,  5.22833135e-02,  4.60568856e-02],
       [ 2.85864128e-03, -1.91404027e-02,  7.24985105e-03, -4.24185279e-02,  3.63343787e-02],
       [ 6.41638443e-02, -6.35239720e-02, -2.92622831e-02, -1.37801992e-02,  4.92867171e-02],
       [-2.20817982e-02,  4.47730204e-02,  7.08003243e-02,  8.85392364e-02, -6.75776327e-02],
       [-1.21981744e-01,  2.75743723e-02,  3.08099697e-02, -3.22514743e-02, -1.11781718e-02],
       [ 1.43584194e-01, -3.46258663e-02, -6.70072322e-02,  7.62500473e-03,  8.18363628e-02],
       [-9.65561058e-02, -1.12356939e-01,  4.51144526e-02, -7.05659779e-02, -3.09891290e-03],
       [-3.13731544e-02, -7.45056632e-02, -7.13041564e-03, -6.59077599e-02, -1.59662255e-02],
       [-7.10984599e-02,  1.05096763e-01, -4.72721598e-02, -5.24164440e-02, -5.48361969e-02],
       [-1.65163744e-03, -1.01250441e-01,  3.41698379e-03, -3.23246479e-02, -6.64217096e-02],
       [ 3.69452871e-02, -1.01224978e-01,  1.12877227e-02, -1.97802295e-02,  2.90379084e-02],
       [ 4.88085734e-02, -9.69174292e-02, -8.83692226e-02, -1.16331170e-01, -1.11415640e-01],
       [ 1.20629704e-02, -3.00942245e-02, -1.02859949e-01, -1.37665034e-01,  5.42086604e-02],
       [ 1.88480906e-02, -8.96230977e-02,  9.36776832e-02,  9.27298376e-02, -7.42704666e-02],
       [-3.71276325e-02,  8.12793921e-02,  4.71699885e-02,  7.17533912e-02,  9.78318117e-02],
       [ 6.90351201e-03,  1.17620778e-01, -5.17099279e-02, -1.14231493e-02, -8.54424052e-02],
       [ 7.64302869e-02, -1.18249491e-01,  5.10904742e-02,  4.83496937e-02, -7.29614636e-02],
       [-1.38008974e-01,  2.32908522e-02,  9.26727156e-02,  2.43884749e-02, -4.68630569e-02],
       [ 1.05383801e-01,  3.79423534e-02, -7.83073597e-02,  1.19168918e-02, -1.07257888e-01],
       [-8.60773896e-02, -2.56613376e-02,  5.17964184e-02, -1.53912161e-02, -7.63308538e-02],
       [ 1.23333063e-01, -2.97884559e-03, -6.86485624e-02,  4.90641186e-03,  9.09473660e-02],
       [-2.25848150e-02, -1.51191454e-01,  8.32356700e-02,  4.79744341e-03,  6.89122102e-02],
       [-8.62429094e-02, -8.86551235e-02, -3.33057722e-02, -1.33912363e-01,  3.80757633e-02],
       [-1.41965062e-02,  1.82563067e-02,  4.90726081e-02,  5.59055592e-02,  3.15640872e-02],
       [ 2.94118692e-02,  2.63745936e-02,  5.22929189e-02,  1.15305260e-02, -2.31242693e-02],
       [-1.40537646e-03,  6.61989739e-02,  6.00681776e-02, -4.67249885e-03,  1.88499935e-03],
       [ 2.78486779e-04, -6.43168764e-02, -7.12823970e-02, -1.94145313e-03,  4.28155550e-02],
       [-4.97269542e-02, -1.02970298e-03, -1.82083278e-02,  2.51323412e-02,  1.01429041e-02],
       [-5.63337640e-02,  1.30702345e-02, -9.67914673e-03,  8.93303096e-03,  3.63857719e-03],
       [ 2.10994676e-03,  4.94421340e-02,  4.36806176e-02, -3.68345494e-02, -2.54927789e-02],
       [-4.53329099e-02, -1.40993052e-02, -2.75518171e-02,  2.56888798e-02, -1.95370154e-02],
       [-2.40957947e-02, -5.27815261e-02, -6.87128503e-02,  2.59698739e-02,  8.01593154e-03],
       [-5.92734842e-02, -3.91200326e-02, -7.80466735e-02,  2.71491242e-03, -6.70589162e-02],
       [-5.86805612e-02,  1.73355784e-03, -4.86509529e-02, -1.94898521e-02,  3.04099541e-02],
       [ 1.45565326e-02, -5.66713553e-02, -3.48344826e-02,  4.80233189e-02, -4.04709552e-02],
       [ 2.44471755e-02,  2.60128421e-02,  4.60593584e-02,  1.56647516e-03,  4.67511432e-02],
       [ 4.52959940e-02,  2.40708572e-02,  2.00761481e-02, -5.04424480e-02, -5.28390869e-02],
       [-1.21349961e-02, -5.68855345e-02, -5.48639613e-02,  4.03071427e-02, -4.44723479e-02],
       [ 1.22445024e-02,  5.59881694e-02,  7.13259739e-02,  9.07135336e-03, -2.36887186e-02],
       [ 5.15851085e-03, -4.69462113e-02, -3.89225131e-02, -1.17967034e-02, -4.79616119e-02],
       [-3.14116451e-02,  5.04826455e-02,  2.73555355e-02,  2.36464311e-02, -4.26838542e-02],
       [ 2.25609637e-03, -3.56131944e-02, -3.58990669e-02, -5.36439919e-03,  7.35375630e-02],
       [-2.39830879e-02, -3.60416584e-02, -3.93752854e-02,  4.93247905e-02,  3.76841747e-02],
       [-1.04709930e-01,  3.27583271e-02, -2.80826147e-02,  1.66258853e-02,  2.69975005e-02],
       [ 2.23107374e-02, -2.01001025e-03,  1.54705903e-02,  1.16669883e-02,  2.27026892e-02],
       [-2.84347956e-02, -3.65879061e-02, -7.50367723e-02, -5.16289608e-02,  2.32530636e-03],
       [ 2.09756298e-02,  3.00776196e-02,  5.41433787e-02,  6.03787264e-02, -3.78631810e-02],
       [ 2.34189195e-02,  1.14100382e-02,  6.16392461e-03, -7.43071593e-02, -1.76467402e-03],
       [ 4.19086168e-02, -1.30332321e-02, -1.98883840e-02, -5.33743451e-02, -5.23304494e-03],
       [-1.50928845e-02, -1.45132084e-02, -6.25355741e-02,  3.79699778e-02,  4.55325641e-02],
       [ 3.60518131e-02,  5.43684136e-03,  1.22037271e-02, -5.51288356e-02,  2.55350941e-02],
       [ 2.58720821e-02,  2.62543636e-02,  5.28708482e-02, -7.03152169e-03, -5.42226728e-03],
       [ 3.60320135e-02,  1.74885173e-02,  1.69200701e-02,  1.75130527e-02,  5.46434874e-02],
       [ 2.70176719e-02,  2.17498967e-03, -1.73256836e-02,  2.34410134e-02, -4.03717164e-02],
       [ 9.00891256e-03,  3.46017611e-02,  9.11256480e-02, -3.94678874e-02,  4.18027836e-02],
       [-1.56143110e-02, -1.04360613e-02, -1.56570279e-02, -2.71002543e-03, -4.99805104e-02],
       [-5.08691243e-02, -5.56674880e-03, -4.98688786e-02,  7.56757332e-02,  3.62143036e-02],
       [ 3.83908225e-02,  3.48509569e-02,  9.97448711e-02, -2.73076383e-02,  5.24121980e-02],
       [-2.65995023e-02, -2.78481435e-02, -4.85079570e-02, -6.90134181e-02,  2.77379089e-02],
       [ 1.65448060e-02,  3.17962736e-02,  4.35139228e-02,  8.39798660e-02,  4.92226439e-02],
       [ 1.39496989e-02, -3.24061838e-02, -4.04105787e-02, -8.76627678e-02,  3.41832983e-02],
       [ 9.78490681e-03,  2.02007039e-02,  4.15759296e-02,  5.48960556e-02, -7.60513177e-02],
       [ 2.04156335e-02,  1.51126160e-02,  6.14079429e-02, -8.06753147e-02, -4.81119231e-02],
       [ 6.35049800e-02, -8.28812541e-03, -4.71481142e-02, -5.67644179e-02, -3.96178632e-02],
       [-1.44317301e-02,  1.01310147e-03,  2.08357845e-02, -1.28156350e-02, -2.90020279e-02],
       [-3.76481244e-02,  5.10207569e-02,  6.16477263e-02, -1.23460816e-03, -1.09782752e-02],
       [ 8.45578701e-02,  3.98712625e-02,  3.27638816e-02, -3.40346529e-03, -1.06231875e-02],
       [ 1.02063918e-01,  2.14026545e-02,  5.02280946e-03,  3.85975701e-02, -4.08895242e-03],
       [ 1.78490140e-02, -6.04647855e-02, -1.68178347e-02,  5.75699789e-02,  9.17751828e-03],
       [ 7.42820229e-02,  5.20415729e-02,  2.55387921e-02, -7.48477014e-03,  7.29640830e-04],
       [ 9.54212862e-03,  7.07346205e-02,  5.21097116e-02, -1.94451987e-02, -4.94247071e-03],
       [ 5.65585901e-02,  6.60006261e-02,  9.42087071e-02,  5.57703731e-02,  1.32190245e-02],
       [ 7.46931571e-02,  1.27288639e-02,  7.18423054e-02,  9.08503492e-02, -6.96698230e-03],
       [-3.95262612e-02,  7.25337897e-02,  9.95940381e-03, -1.06924791e-01,  6.45803359e-03],
       [-1.98180019e-02, -5.74153058e-02, -7.74119416e-02, -3.00912510e-02, -1.90675310e-02],
       [-7.07186339e-02, -7.00566031e-02,  4.70791056e-03,  5.03619666e-02,  1.71635425e-02],
       [-1.30500937e-02,  8.40229113e-02,  2.84212475e-02, -6.41704409e-02,  8.30398773e-03],
       [ 2.55445561e-02, -4.42691030e-02, -6.62518286e-02, -1.78787648e-02, -2.12536185e-03],
       [-4.40459607e-02,  2.50701045e-02,  4.54039591e-02,  6.50713108e-03, -2.73411885e-03],
       [ 9.31942286e-02, -2.90001034e-02, -6.27289637e-02, -1.24406556e-02,  2.91975884e-03],
       [-4.74381571e-02,  3.83023911e-02,  5.50403114e-02,  6.11862212e-03, -4.54753278e-03],
       [ 2.36588090e-02,  8.17343068e-02,  2.78971021e-02, -6.12617194e-02,  6.19128913e-03],
       [ 1.78445182e-01,  1.46657636e-02,  2.39401040e-02,  6.88560001e-02,  1.47796171e-03],
       [-2.97770529e-02, -4.17189077e-03, -2.72880632e-02, -4.67029751e-02,  2.71831842e-03],
       [-7.21017358e-02, -3.69348890e-02, -3.09913027e-02,  3.41683148e-02, -7.56266981e-03],
       [-1.09802610e-01, -1.35956589e-02,  1.05134444e-02, -1.01168442e-02,  4.82228088e-04],
       [-8.00110057e-03,  5.73358417e-02,  2.78809014e-02, -6.69455267e-02, -6.90921160e-02],
       [-8.14243019e-02, -4.65496606e-02, -8.09276443e-03,  2.43708279e-02, -3.88932992e-02],
       [-9.33740467e-03, -5.85502067e-02, -4.47094648e-02,  2.31233949e-02,  2.01271977e-02],
       [-5.48240050e-02, -4.93461538e-02, -6.39651847e-02, -6.27480930e-02, -7.67391087e-02],
       [-7.32957183e-02, -5.35654237e-03, -3.56869458e-02, -9.82661502e-02,  5.75139951e-02],
       [ 4.16524087e-02, -7.05294883e-02, -4.82176298e-02,  1.21083886e-01, -5.24245524e-02],
       [ 2.32267513e-02,  3.80384962e-02,  4.67895377e-02,  3.50584998e-02,  7.77503032e-02],
       [ 7.61627084e-02,  6.47681568e-02,  2.68427522e-02, -7.58034966e-02, -5.94642446e-02],
       [ 8.64274657e-03, -9.29084214e-02, -6.64014642e-02,  7.73304100e-02, -7.98161487e-02],
       [-2.19003897e-02,  3.92676721e-02,  6.15904921e-02,  4.37369767e-02, -4.57973859e-02],
       [ 4.90211566e-02, -2.62888416e-02, -5.88931677e-02, -3.94409748e-02, -8.68334040e-02],
       [-1.01268212e-01,  2.87365513e-02,  7.08815911e-02,  4.73278183e-02, -5.56998646e-02],
       [ 4.32130691e-02, -3.73638828e-02, -5.83727663e-02, -3.32280285e-02,  9.90542586e-02],
       [-2.40803229e-02, -7.87660247e-02, -4.53492919e-02,  8.43816857e-02,  5.43814706e-02],
       [-1.83173290e-01, -4.60204045e-03,  1.68139548e-02, -3.57619874e-02,  4.36868189e-02],
       [ 3.36579284e-02, -5.64069361e-05,  4.48124399e-03,  4.88929042e-02,  3.69369666e-02],
       [ 4.12485524e-02,  8.60099140e-02, -5.10526968e-02,  7.06237819e-02, -1.28768782e-02],
       [ 3.47465395e-02, -4.16060629e-02,  4.64082202e-02,  1.46985171e-02, -2.01728393e-03],
       [ 1.51584053e-02,  7.81177206e-02, -6.13178527e-02,  4.01293939e-02, -6.53118152e-03],
       [-3.63522355e-02,  2.56569725e-02, -4.49061720e-02,  1.40157565e-02, -3.82240181e-03],
       [-2.39076607e-02,  2.03878518e-02, -3.80981161e-02,  1.10161718e-01,  2.25208184e-02],
       [ 4.63153205e-03,  7.62623801e-03, -2.30133997e-02,  1.23242284e-01,  4.39299638e-03],
       [-5.35410814e-02,  1.47584682e-02, -4.53885707e-02, -9.27010771e-02,  5.20147534e-04],
       [ 1.84912541e-02, -1.57864621e-02,  1.12498783e-02, -6.84447715e-02, -1.48253030e-02],
       [-5.32397282e-03, -9.27184947e-02,  8.20855162e-02,  2.19501555e-03,  3.10603233e-03],
       [-6.33218699e-02,  3.47861583e-02, -6.71925926e-02, -2.53970494e-02,  1.19674480e-02],
       [ 7.37112658e-02,  4.01752902e-02,  2.94560575e-02, -5.53797951e-02,  6.16315554e-04],
       [-7.43677810e-02, -7.64151184e-02, -4.08439950e-03,  1.25576033e-02, -1.35994857e-02],
       [ 8.01873768e-02,  9.40874440e-02, -4.67283786e-02, -3.99798587e-03,  6.10955051e-03],
       [-6.00734937e-02, -3.60056646e-02, -6.47202684e-03,  2.89418674e-02, -1.89556445e-02],
       [-1.01900053e-02,  7.21661841e-02, -4.99872013e-02, -1.56590970e-02, -3.26840812e-03],
       [ 6.74309253e-02,  1.05146535e-01, -8.10425383e-02,  1.00154225e-01, -4.59661024e-03],
       [-6.75679989e-03, -1.28118189e-02,  7.23170870e-03, -6.08583971e-02, -6.08810442e-03],
       [ 4.96326191e-02, -5.76482713e-02,  5.69062442e-02,  1.02926264e-02,  7.23334380e-03],
       [-2.46581950e-02,  7.82695786e-02, -3.17537007e-02,  4.67572743e-02, -6.05627893e-03],
       [-4.64303988e-02,  4.79580043e-02, -4.07413806e-02,  1.87411477e-02, -2.77086849e-03],
       [-7.36818701e-02,  4.82790870e-02,  1.39690842e-02,  8.37295444e-02,  1.18556614e-02],
       [-4.32725388e-02,  2.44482056e-02,  4.63440204e-02,  8.88349994e-02, -4.65529652e-03],
       [-8.82959605e-03,  3.89282018e-02, -8.87797444e-02, -3.95435931e-02, -7.38074114e-03],
       [ 4.11270492e-02, -3.36472651e-02, -4.59405593e-03, -5.20780718e-02, -2.25022577e-02],
       [ 1.79023268e-02, -7.93712369e-02,  6.20005847e-02, -1.62943642e-02, -3.88908643e-03],
       [-6.83674138e-02,  5.42259738e-02, -7.17083061e-02, -2.96475871e-02,  2.39835331e-02],
       [ 1.11961424e-01,  2.00234813e-02, -2.71445879e-02, -8.11318615e-03,  4.59822926e-04],
       [-7.94853069e-02, -5.78198294e-02,  2.75886412e-02, -2.70428628e-02, -7.74876764e-03],
       [ 5.34083961e-02,  6.82760839e-02, -2.62693223e-02,  2.75780157e-02,  4.45028832e-03],
       [-7.81621959e-02, -2.23042474e-02,  1.66810286e-02, -6.66439682e-03, -2.80632210e-02],
       [ 3.00948237e-03,  9.64290857e-02, -8.57854187e-02,  3.11427449e-02, -6.02223382e-03],
       [ 2.45019398e-03,  9.19603365e-02, -2.55242727e-03,  9.44169149e-02, -9.36942126e-03],
       [ 2.44572272e-02, -7.33177009e-03, -2.39697414e-02, -2.86891849e-02, -8.41759098e-03],
       [ 3.45115107e-02, -2.35660055e-02,  4.73933203e-02, -3.60109630e-04,  3.36559250e-02],
       [ 3.16816929e-03,  1.73452363e-02,  3.29581937e-02, -3.53271941e-02, -1.40750799e-02],
       [ 3.34957985e-02,  8.73783335e-03,  9.80768797e-02, -5.41318696e-02,  8.81001449e-02],
       [ 4.39045027e-02, -2.06510802e-02,  8.68009686e-02, -3.21702929e-02, -4.14976191e-02],
       [-2.71077626e-02,  3.56987439e-02, -1.90941413e-02, -1.25030882e-02,  5.17802282e-02],
       [-1.94822195e-02, -1.49885473e-02, -5.10300106e-02,  2.73326375e-02, -6.67787886e-02],
       [-2.52884269e-02,  2.26436932e-02, -3.93528113e-02, -1.61683163e-03,  7.16318365e-02],
       [-9.16571665e-03,  3.38327433e-02,  1.27674584e-02, -2.83743927e-02,  5.85796769e-02],
       [ 4.71507277e-03, -6.07031919e-02, -4.85048108e-02,  7.12241421e-02,  3.67952566e-02],
       [-3.09050211e-02,  6.90330739e-02,  3.28503819e-02, -5.93405680e-02,  1.02604912e-01],
       [ 4.03508113e-02, -9.31316373e-02,  3.22167991e-03,  5.06805500e-02,  5.97385476e-02],
       [-1.46767184e-02,  6.10499018e-02,  2.58022814e-02, -4.59284703e-02, -8.55187326e-02],
       [ 9.61558506e-03,  6.31137705e-03,  1.12555583e-02,  2.44096827e-03, -5.36417863e-02],
       [ 7.67261457e-02, -1.16184858e-01,  1.10657301e-01, -3.74120323e-03, -2.78988618e-02],
       [-1.96557881e-02,  1.17710765e-02, -3.59976100e-02,  1.36413616e-02, -3.10409124e-02],
       [-4.10902349e-02,  1.96872044e-02, -5.53620541e-02,  3.03461231e-02, -1.37728780e-02],
       [-7.28421437e-02,  2.37644137e-02, -3.84102100e-02,  8.85109669e-02,  6.94867128e-02],
       [-5.33031429e-02,  2.32126356e-02, -6.96511280e-03,  8.38028776e-02, -4.19277920e-02],
       [-1.77505367e-03,  2.63862064e-03, -6.93699592e-02, -3.10159955e-02,  3.80986647e-02],
       [ 3.91935582e-02, -2.12542935e-02,  2.48163292e-02, -5.54504717e-02, -6.66522532e-02],
       [ 2.67767551e-02, -5.79280714e-02,  6.43869975e-02, -1.83179577e-02,  5.04429436e-02],
       [-5.55684705e-02,  1.41032888e-02, -7.44774315e-02,  4.97353452e-03,  6.08444929e-02],
       [ 8.81592841e-02,  4.89861849e-02,  9.75984814e-03, -4.22953933e-02,  3.02354093e-02],
       [-5.94460736e-02, -8.48649418e-02,  6.46852451e-03,  8.15248522e-03,  7.43624050e-02],
       [ 2.31778430e-02,  8.29406966e-02, -7.61431596e-03,  1.31718882e-03,  5.12972487e-02],
       [-6.00152480e-02, -4.95673469e-02, -7.39203329e-04,  1.83985014e-02, -7.79846768e-02],
       [-2.47503415e-03,  5.86914924e-02, -7.42115373e-02,  2.04127320e-02, -3.33202317e-02],
       [-3.11766551e-02,  1.07032590e-01, -4.80298360e-02,  7.08709270e-02, -2.60652641e-02],
       [ 1.99548469e-02, -1.03270252e-02, -2.93875378e-03, -2.99006395e-02, -3.19425623e-02],
       [-3.81453466e-02, -2.14034813e-02, -7.91593749e-02,  2.51494370e-02, -1.50163384e-02],
       [-4.28413587e-02,  4.65136187e-03, -5.93297634e-02,  8.70872139e-03,  1.38983958e-02],
       [ 5.01898400e-03, -3.53027961e-02, -3.14010770e-02,  2.10074754e-02, -1.80342420e-02],
       [ 1.94660624e-02,  1.62926791e-02,  4.74461050e-02, -1.95577386e-02,  1.04442915e-02],
       [ 3.99291485e-02, -1.41654638e-02,  6.02146283e-02, -3.51631171e-02, -1.50999702e-02],
       [-1.83786225e-02, -3.89915896e-02, -5.94352654e-02,  3.13431237e-02, -1.11269175e-02],
       [ 1.50361213e-02,  6.51175062e-02,  6.02047362e-02, -2.26757630e-02, -1.21199177e-02],
       [-3.19285360e-03, -7.68723557e-02, -4.03309612e-02,  1.88874033e-03, -2.61376500e-02],
       [-2.48088388e-02,  8.66422952e-02,  1.22181693e-02,  2.83097103e-03, -1.27770473e-02],
       [ 1.74103185e-03, -5.73475627e-02, -3.91633751e-02,  1.56086065e-02,  3.08642435e-02],
       [-1.49229241e-02, -2.89018160e-03, -4.01140119e-02,  3.54084001e-02,  2.44562103e-02],
       [-7.96682955e-02,  7.53835244e-02, -6.71159168e-02,  3.27770653e-03,  1.80262645e-02],
       [ 1.75989819e-02, -8.31683560e-03,  2.06731395e-02, -3.59350534e-03,  1.22699276e-02],
       [-5.70831461e-02,  1.08996620e-02,  2.62503317e-02, -6.48707865e-03, -7.78581883e-02],
       [-9.11386315e-03, -4.84144504e-02, -1.37669462e-01,  5.18511546e-02,  8.29473697e-02],
       [ 4.35371270e-02,  2.33741321e-03,  3.34790064e-02, -1.54390597e-02, -1.12814617e-01],
       [ 7.02950913e-02, -8.59803019e-03,  7.40787543e-02, -1.14064967e-01,  9.18161299e-02],
       [-6.81942781e-02, -4.55540319e-02, -1.48621523e-01,  5.00513071e-02,  8.67749810e-02],
       [ 5.99522091e-02,  4.89791680e-02,  4.72798810e-02,  6.38048916e-02,  4.99559498e-02],
       [-3.57321211e-02, -7.68376240e-02, -4.20592152e-02, -1.03102649e-01,  1.43807195e-01],
       [-1.67695852e-02,  7.46742902e-02,  4.19700984e-02,  1.08649767e-01,  6.68407677e-02],
       [-3.21061325e-02, -4.54397984e-02, -4.18802298e-02, -5.99275827e-02, -1.16724500e-01],
       [-1.85168136e-02,  3.11195958e-03, -1.06045993e-01,  1.18584135e-01, -7.23780295e-02],
       [-1.00067656e-01,  6.16216567e-02,  4.83972236e-02,  9.99626354e-02, -4.99372215e-02],
       [ 3.45131654e-02, -1.38374035e-02, -2.71391022e-02,  5.03902812e-03, -4.19923098e-02],
       [-2.04539217e-02, -7.15508817e-03, -1.39558599e-01,  3.03929017e-02, -6.45091219e-02],
       [ 3.07547362e-02, -1.58911379e-02,  3.53697865e-03, -4.79680316e-03,  6.19176819e-02],
       [ 6.42070486e-02, -2.32980458e-02,  5.54225542e-02, -1.03129164e-01, -5.42980941e-02],
       [-7.19459884e-02,  5.16432537e-03, -1.28919999e-01,  1.68314416e-02, -6.02793442e-02],
       [ 7.44162176e-02,  3.70107254e-03,  1.40938755e-02,  9.65524467e-02, -3.98852917e-02],
       [-5.43212473e-02, -3.21570956e-02, -2.19234201e-02, -1.28646517e-01, -6.97163275e-02],
       [ 9.39763902e-03,  1.95394263e-02,  4.24240588e-02,  1.33963556e-01, -4.98051384e-02],
       [-5.06920695e-02, -6.46471745e-03, -2.25918128e-02, -8.76417393e-02,  8.43173001e-02],
       [-1.66852095e-02,  2.77076572e-02, -1.02146743e-01,  1.08756076e-01,  5.95665557e-02],
       [-4.91069185e-02,  7.12493301e-03,  1.01051102e-01,  1.17264645e-01,  4.10971514e-02],
       [ 2.37934325e-02, -7.60658815e-03, -5.12208152e-02,  6.79568672e-03,  2.97423604e-02],
       [-2.09687091e-03,  3.74092373e-02,  7.29432360e-02, -2.63294304e-02, -9.63766191e-02],
       [ 7.07010060e-04, -4.13802401e-04,  3.04043977e-02,  4.21137041e-02,  6.50800611e-02],
       [ 2.63404511e-02, -4.89101951e-02,  1.86047898e-02,  2.82219123e-02,  9.18678010e-02],
       [-3.64745182e-02,  7.59263985e-02,  7.25472751e-02, -1.23414693e-01,  3.97056994e-02],
       [ 2.69089435e-02, -6.85126764e-02, -3.00919736e-02,  1.23562181e-01,  1.01260491e-01],
       [-2.53992414e-02,  8.42867889e-02, -2.01581772e-02, -1.09321454e-01,  6.18949650e-02],
       [ 3.40296896e-02, -6.27973879e-02, -2.94980446e-02,  9.75203184e-02, -1.04844799e-01],
       [-1.40408979e-02, -2.47596410e-02,  1.71080011e-02, -5.43978750e-02, -5.14814581e-02],
       [-4.44270190e-02,  7.24496365e-02, -1.81880384e-01, -7.40119113e-02, -3.78257566e-02],
       [-5.52894840e-03, -3.23320011e-03,  7.14956951e-02, -1.83223113e-02, -4.03966137e-02],
       [-4.10423744e-02,  1.48862494e-02, -5.82461259e-02,  6.79297521e-02, -9.62758845e-02],
       [ 3.18508571e-02,  3.80723121e-02,  9.30662396e-02, -2.97041570e-02, -7.35944571e-02],
       [-2.81175460e-02, -3.95146798e-02, -5.31112494e-02, -3.83795968e-02, -5.54501546e-02],
       [ 4.10703667e-03,  4.86913939e-02,  5.39298326e-02,  6.27995184e-02, -1.15451947e-01],
       [ 1.03183457e-02, -6.45211337e-02, -1.93187404e-02, -6.58699368e-02, -6.34774378e-02],
       [ 1.38988011e-02,  3.32086237e-02,  3.53257568e-02,  3.68714257e-02,  1.06915073e-01],
       [ 1.97612488e-02,  3.29834856e-03,  5.39068287e-02, -6.71089623e-02,  8.54305918e-02],
       [ 5.85247531e-02, -6.79912182e-02, -1.04392915e-02, -8.27079247e-02,  5.65807113e-02],
       [-2.04021381e-02,  8.26348987e-03,  1.43293372e-02,  3.48740256e-03,  3.64502439e-02],
       [ 4.60929011e-02, -8.16066970e-03,  3.67322401e-02, -4.57367720e-03,  8.30302667e-02],
       [-8.53236661e-02, -7.00071083e-02, -1.47307659e-02,  9.94192391e-02,  5.22893808e-02],
       [ 6.50715574e-02,  1.11434037e-01, -3.00730179e-02, -7.36491221e-02,  9.47799337e-02],
       [-2.55308824e-02, -1.00612961e-01,  2.39449424e-02,  5.12443889e-02,  5.94809300e-02],
       [ 5.75036739e-02,  6.54616823e-02, -7.85048908e-03, -6.64844016e-02, -1.26631454e-01],
       [-7.73688065e-04, -6.33549454e-02,  6.25600212e-02,  9.83116921e-03, -8.97516660e-02],
       [ 3.56294910e-02, -1.21503087e-01,  1.13869975e-01, -3.56699877e-02, -6.68586161e-02],
       [-2.46959113e-02,  2.04247282e-02, -3.02591814e-02,  3.80566887e-02, -5.33619104e-02],
       [ 2.87416247e-03,  9.02523124e-02,  7.99152375e-02, -7.82499866e-02,  4.88171802e-02],
       [ 1.69180748e-02, -9.28012596e-02, -3.41624091e-02,  7.08909448e-02,  1.17644497e-01],
       [-5.01335072e-02,  1.07441139e-01,  1.03331857e-02, -5.74017965e-02,  6.34521758e-02],
       [ 1.39735046e-02, -7.18429969e-02, -3.53476442e-02,  6.08016454e-02, -8.77521746e-02],
       [-1.97633389e-02, -1.46535222e-02, -2.65925047e-02,  5.61399822e-03, -6.37007565e-02],
       [-1.28153821e-01,  9.89175217e-02, -1.43032469e-01, -3.47673809e-02, -4.50308390e-02],
       [ 2.64731150e-02, -9.34678702e-03,  5.68360182e-02, -2.24343197e-03, -3.22671526e-02],
       [-3.87560194e-02,  2.08875990e-02,  5.38206291e-02,  6.58085400e-02,  5.07880158e-02],
       [ 9.43285440e-02, -1.66280954e-02, -8.23036023e-02, -7.80023101e-02,  3.13379311e-02],
       [-3.34126360e-02,  2.91319637e-02,  5.84199474e-02,  5.37892622e-02, -5.09990459e-02],
       [ 2.85559452e-02,  7.74803889e-02,  5.39018682e-02, -1.09254717e-01, -3.11646146e-02],
       [ 1.83246449e-01,  1.96157514e-02, -5.08089706e-02,  8.84106711e-03, -1.83309621e-02],
       [-3.53118638e-02,  2.54870247e-03,  7.17620641e-03, -4.57667371e-02, -1.03696800e-02],
       [-8.18570763e-02, -3.35127299e-02,  7.63380744e-02,  4.74032577e-02,  7.08093413e-02],
       [ 4.44255944e-02, -6.67564330e-03, -4.34936579e-02, -3.45555032e-02, -1.38775062e-01],
       [-1.98607727e-02, -9.86656387e-02, -2.47030164e-02,  6.99082331e-02, -1.07032855e-01],
       [-1.56147856e-01, -9.88067698e-02,  5.72430740e-02, -7.10725967e-02, -7.09962125e-02],
       [ 1.65643101e-02,  7.24884155e-03,  7.87937230e-03,  6.81184700e-02, -3.91739016e-02],
       [-8.08219994e-02,  4.63832766e-04,  6.30136745e-02,  4.63629793e-02, -7.86111249e-02],
       [ 2.47959945e-02,  1.28915465e-01, -3.68606195e-02, -5.79441262e-02, -5.48718770e-02],
       [ 9.48969503e-02,  6.99065013e-02, -3.20501998e-02,  6.07367273e-02, -3.54792778e-02],
       [-6.45164340e-03, -1.52960773e-02, -1.06036252e-02, -5.18940471e-02, -1.92681408e-02],
       [-1.89441201e-02, -7.22006471e-02, -2.26002791e-02,  6.37832912e-02,  6.38888804e-02],
       [-1.33125775e-01, -2.26555126e-02,  3.30222602e-02, -1.64985196e-02,  3.55394983e-02],
       [ 2.31242131e-02, -2.99272169e-04,  4.20781484e-03,  3.92792106e-02,  2.06226239e-02],
       [ 5.55027837e-03,  1.67296988e-01, -1.55581582e-01,  6.10441125e-02,  1.53060493e-02],
       [ 3.75849894e-03, -1.73817944e-02,  4.33231032e-02, -5.30509486e-02,  1.98204457e-02],
       [ 2.73598854e-02, -1.29426423e-02, -4.87983327e-02, -3.95698028e-02,  7.22081521e-03]])})
2026-01-20 11:01:58,392 - final_problem_set.kxor_instance_n27_k2_m251_ell2_eps0.15_kappa0.875_rho0.2 - INFO - Running key extraction (n=27, m=251, ell=2, phase_qubits=13)
2026-01-20 11:01:58,397 - final_problem_set.kxor_instance_n27_k2_m251_ell2_eps0.15_kappa0.875_rho0.2 - INFO - Built voting matrix V (n=27, ell=2, dtype=complex128) in 0.006s
2026-01-20 11:01:58,398 - final_problem_set.kxor_instance_n27_k2_m251_ell2_eps0.15_kappa0.875_rho0.2 - INFO - Eval: adv=0.3147, hamming=8/27 (0.296), corr=0.407
2026-01-20 11:01:58,398 - final_problem_set.kxor_instance_n27_k2_m251_ell2_eps0.15_kappa0.875_rho0.2 - INFO - Key extraction complete: x_hat=21
2026-01-20 11:01:58,398 - final_problem_set.kxor_instance_n27_k2_m251_ell2_eps0.15_kappa0.875_rho0.2 - INFO - Finished step 'KeyExtractionStep' in 0.007s (success: True, problem=kxor_instance_n27_k2_m251_ell2_eps0.15_kappa0.875_rho0.2)
2026-01-20 11:01:58,398 - final_problem_set.kxor_instance_n27_k2_m251_ell2_eps0.15_kappa0.875_rho0.2 - INFO - SUCCESS: len(z_hat)=27
2026-01-20 11:01:58,398 - final_problem_set.kxor_instance_n27_k2_m251_ell2_eps0.15_kappa0.875_rho0.2 - INFO - Metrics: adv=0.3147410358565737, ham_frac=0.2962962962962963, corr=0.4074074074074074
2026-01-20 11:01:58,399 - final_problem_set.kxor_instance_n27_k2_m251_ell2_eps0.15_kappa0.875_rho0.2 - INFO - z_hat (full): [ 1, -1,  1,  1,  1,  1, -1, -1,  1, -1, -1, -1, -1,  1, -1,  1, -1,  1, -1, -1, -1, -1, -1,  1,  1,  1,  1]
