2026-01-20 11:01:54,211 - final_problem_set.kxor_instance_n27_k2_m214_ell2_eps0.2_kappa1.0_rho0.8 - INFO - Starting iteration for /Users/julian/CodingProjects/UniT3/QuarticSpeedupK-XOR/z_Daphne/data/final_problem_set/kxor_instance_n27_k2_m214_ell2_eps0.2_kappa1.0_rho0.8.npz
2026-01-20 11:01:54,212 - final_problem_set.kxor_instance_n27_k2_m214_ell2_eps0.2_kappa1.0_rho0.8 - INFO - Loaded instance (n=27, m=214, k=2)
2026-01-20 11:01:54,212 - final_problem_set.kxor_instance_n27_k2_m214_ell2_eps0.2_kappa1.0_rho0.8 - INFO - Starting step 'ComputeKikuchiStep' (version 0.1) on problem kxor_instance_n27_k2_m214_ell2_eps0.2_kappa1.0_rho0.8 (fields={'ell': 2, 'threshold': 0.0})
2026-01-20 11:01:54,251 - final_problem_set.kxor_instance_n27_k2_m214_ell2_eps0.2_kappa1.0_rho0.8 - INFO - Finished step 'ComputeKikuchiStep' in 0.039s (success: True, problem=kxor_instance_n27_k2_m214_ell2_eps0.2_kappa1.0_rho0.8)
2026-01-20 11:01:54,251 - final_problem_set.kxor_instance_n27_k2_m214_ell2_eps0.2_kappa1.0_rho0.8 - INFO - Starting step 'ClassicalEigenvaluesStep' (version 0.1) on problem kxor_instance_n27_k2_m214_ell2_eps0.2_kappa1.0_rho0.8 (fields={'ell': 2, 'threshold': 0.0, 'kikuchi_matrix': <Dictionary Of Keys sparse matrix of dtype 'int64'
	with 8150 stored elements and shape (351, 351)>, 'num_eigenvalues': 5})
2026-01-20 11:01:54,412 - final_problem_set.kxor_instance_n27_k2_m214_ell2_eps0.2_kappa1.0_rho0.8 - INFO - Finished step 'ClassicalEigenvaluesStep' in 0.160s (success: True, problem=kxor_instance_n27_k2_m214_ell2_eps0.2_kappa1.0_rho0.8)
2026-01-20 11:01:54,412 - final_problem_set.kxor_instance_n27_k2_m214_ell2_eps0.2_kappa1.0_rho0.8 - INFO - Starting step 'KeyExtractionStep' (version 0.1) on problem kxor_instance_n27_k2_m214_ell2_eps0.2_kappa1.0_rho0.8 (fields={'ell': 2, 'threshold': 0.0, 'kikuchi_matrix': <Dictionary Of Keys sparse matrix of dtype 'int64'
	with 8150 stored elements and shape (351, 351)>, 'num_eigenvalues': 5, 'eigenvalues': array([12.8695262 , 12.95399068, 13.1580863 , 14.29898295, 19.87600303]), 'eigenvectors': array([[ 7.41417296e-02,  5.00799831e-03, -1.72562581e-02,  5.85330077e-02, -6.17166683e-02],
       [-4.20931651e-02,  9.52897214e-02, -1.84419124e-02, -2.56514811e-02,  5.70060905e-02],
       [ 5.62774161e-03, -2.63091964e-02,  3.86849358e-02,  9.45597711e-02, -4.52330080e-02],
       [-9.45629089e-02,  4.84524625e-02, -3.92153324e-03, -4.85407020e-02,  5.27279294e-02],
       [ 1.97554250e-02,  8.39325243e-02,  3.47118513e-02, -3.94375946e-03,  5.63963495e-02],
       [-2.21488332e-02, -7.21838630e-02, -7.72896823e-02,  6.07759112e-02, -4.58588240e-02],
       [-2.12161319e-02, -3.54732460e-02, -1.00972747e-02, -2.58968303e-02, -4.12406162e-02],
       [ 5.96509844e-02, -1.02720679e-02, -3.90212348e-02,  5.86820398e-02, -5.94356868e-02],
       [ 8.19782360e-02, -3.38440213e-02, -2.89160835e-02,  4.84068452e-02, -6.51707752e-02],
       [ 6.99741608e-02, -5.11479159e-02, -2.38999158e-02,  5.00024196e-02, -6.45016732e-02],
       [ 5.74738460e-03,  4.41465082e-02,  1.60580173e-02,  6.90338030e-02,  5.37921430e-02],
       [-6.10086665e-02,  4.69279799e-02, -2.51229642e-02, -4.68317426e-02,  7.63201892e-02],
       [-1.31785897e-02,  3.65411076e-02, -6.60216205e-02, -8.82302888e-02,  2.86746719e-02],
       [ 4.04745418e-02,  2.33751979e-02,  4.70488767e-02, -7.91215507e-03,  4.32256679e-02],
       [ 1.94942739e-02, -7.23725900e-02, -2.45922263e-02,  1.23263480e-02, -4.23063358e-02],
       [ 4.31432476e-03,  3.47077075e-02, -9.48923138e-02,  2.68817999e-02,  3.85021138e-02],
       [-3.14737844e-02,  1.48182468e-02, -2.02142232e-02,  4.64939302e-02, -5.55344846e-02],
       [-5.60702281e-02, -2.67216254e-04, -4.54455251e-02,  5.36703863e-02,  3.29335839e-02],
       [ 2.23795292e-02,  2.07242542e-02, -3.64160407e-02,  2.95573959e-02, -5.41223669e-02],
       [ 3.60278274e-02, -6.31666910e-02, -2.01849657e-02,  1.29219784e-02, -6.35557503e-02],
       [ 2.86112221e-02, -3.37672553e-02,  3.11589154e-02,  4.36808053e-04, -4.65502967e-02],
       [-1.07103486e-01,  7.25370014e-02,  7.33071944e-02,  3.30318885e-02,  4.31644549e-02],
       [ 1.26690178e-02,  9.42237483e-02, -4.65705225e-04, -9.43040284e-03,  5.71550237e-02],
       [-3.78298963e-02,  8.94614445e-02,  3.97923504e-03, -5.58350233e-02,  3.29567562e-02],
       [ 6.18081215e-02, -4.52220995e-02, -9.73224476e-03, -3.74691089e-02, -5.55805919e-02],
       [-2.61350427e-02, -7.56805499e-02,  3.28112082e-02, -2.34140340e-02,  4.50285115e-02],
       [ 4.54240519e-02, -1.97558889e-03,  3.19662756e-02,  3.09271825e-02, -6.88055474e-02],
       [ 3.42488828e-03, -4.22262878e-02, -4.20510407e-02, -8.71539360e-02,  4.50111420e-02],
       [ 9.64901298e-02,  3.88341463e-02,  1.01528120e-02,  4.95459741e-02, -5.66231893e-02],
       [-2.56629780e-02,  7.97875553e-03, -2.62483803e-02,  3.81613663e-03, -5.53027903e-02],
       [ 3.09820074e-02,  1.80671562e-03,  8.87396345e-02, -7.29473000e-02,  5.44735952e-02],
       [ 2.41595146e-02, -3.75006583e-02,  4.37251979e-03,  2.58304438e-02,  4.33788130e-02],
       [-5.70538887e-02, -8.86846998e-02,  3.58380008e-02, -5.98095752e-02,  6.37508977e-02],
       [-7.95832469e-02, -7.59856737e-02,  2.15301453e-02, -5.02030894e-02,  6.80578349e-02],
       [-6.64484291e-02, -6.10099290e-02,  1.75224660e-02, -5.10143889e-02,  7.00902859e-02],
       [-1.41554165e-02,  4.61148935e-02, -5.85110928e-03, -6.54202209e-02, -5.38714907e-02],
       [ 5.55614229e-02,  9.12166053e-02,  3.92843231e-02,  4.69568047e-02, -8.35072356e-02],
       [ 1.00252293e-02,  1.47263160e-02,  7.30436502e-02,  8.88841833e-02, -3.01525525e-02],
       [-4.82816847e-02,  4.90979965e-02, -4.46108284e-02,  8.98758629e-03, -4.63688507e-02],
       [-1.43999387e-02,  3.37932741e-04,  2.23745518e-02, -1.30182120e-02,  4.63015588e-02],
       [-8.87589393e-03,  3.46160598e-02,  1.10120933e-01, -2.87156018e-02, -4.26140786e-02],
       [ 3.71980366e-02, -1.09982972e-01,  1.32025816e-02, -4.61285905e-02,  5.81498427e-02],
       [ 5.65407112e-02,  5.96943858e-02,  5.50743828e-02, -5.61383028e-02, -3.41851883e-02],
       [-1.42486723e-02, -9.66527652e-02,  2.75502568e-02, -2.59797718e-02,  5.14636012e-02],
       [-3.53754938e-02, -5.09188702e-02,  1.61129375e-02, -1.52203866e-02,  7.82565265e-02],
       [-2.63881187e-02, -4.62517539e-02, -3.96866923e-02, -4.93304688e-04,  4.92636098e-02],
       [ 1.12558881e-01,  3.08824523e-03, -7.29514379e-02, -3.33433750e-02, -4.75470157e-02],
       [-2.54623222e-02, -2.38716051e-03,  8.65250498e-03,  1.21743127e-02, -7.01978520e-02],
       [ 2.90885726e-02, -3.71102873e-02, -1.38602516e-03,  5.24202771e-02, -3.21242726e-02],
       [-5.93213188e-02, -4.96729057e-02,  1.46479270e-03,  3.95613794e-02,  5.93153747e-02],
       [ 1.73168195e-02,  1.34771906e-01, -2.40371481e-02,  1.99054055e-02, -4.24134338e-02],
       [-2.23572381e-02, -3.18032738e-02,  7.28148462e-02,  7.85291427e-02, -5.01915979e-02],
       [-8.35995103e-02,  6.38717966e-02, -4.81818393e-02, -2.93539955e-02,  6.37187399e-02],
       [ 4.94497038e-02,  9.22302772e-02, -5.67255690e-03,  1.87803790e-02,  6.03469386e-02],
       [-5.80757709e-02, -9.98789366e-02, -5.82413563e-02,  5.79012595e-02, -5.84155713e-02],
       [-4.45756945e-02, -4.35542093e-02,  2.09878482e-02, -4.39669129e-02, -4.71931632e-02],
       [ 3.86681209e-02, -2.16791474e-02,  3.32032707e-03,  4.48307505e-02, -7.89068054e-02],
       [ 5.82937322e-02, -4.77897594e-02,  2.28587249e-02,  2.47822867e-02, -7.81453632e-02],
       [ 5.01117175e-02, -7.62143990e-02,  3.11446369e-02,  2.94592907e-02, -8.53969945e-02],
       [ 3.06842992e-02,  4.34418934e-02, -2.06546238e-02,  8.55812626e-02,  5.32892463e-02],
       [-2.44441971e-02,  6.58317431e-02, -9.81259589e-02, -1.26269562e-02,  9.26705126e-02],
       [ 2.36025573e-03,  4.51297885e-02, -9.86556039e-02, -8.59079037e-02,  3.39732795e-02],
       [ 7.19222000e-02,  3.48217116e-02,  1.83032448e-02,  1.14861939e-02,  5.27033017e-02],
       [-3.70851514e-03, -9.12336496e-02,  7.26250429e-03, -7.62248634e-03, -5.06079640e-02],
       [ 2.26079432e-02,  3.73907924e-02, -1.29403139e-01,  4.68779601e-02,  4.10319432e-02],
       [-7.00476674e-02,  1.04595388e-02,  2.34802149e-02,  2.66258709e-02, -6.65006081e-02],
       [-4.83859634e-02,  2.60429119e-03, -7.95531191e-02,  7.62916271e-02,  3.77689050e-02],
       [-6.84865795e-03,  1.66445058e-02,  2.09107038e-03,  1.00233152e-02, -6.39806267e-02],
       [ 5.00433146e-03, -8.40750858e-02,  3.02453239e-02, -1.51142741e-02, -7.75975431e-02],
       [ 5.57655866e-03, -3.66018310e-02,  6.43955997e-02, -1.80034496e-02, -4.87321482e-02],
       [-9.72553357e-02,  8.14359225e-02,  4.48358263e-02,  5.54645256e-02,  4.88687918e-02],
       [ 4.72523720e-02,  1.19426735e-01, -4.68320485e-02,  1.63083710e-02,  6.82307275e-02],
       [-2.09942766e-02,  9.77528599e-02, -1.77912984e-02, -4.57182233e-02,  3.54516637e-02],
       [ 5.32096654e-02, -7.47776013e-02,  4.59924059e-02, -8.48245330e-02, -7.61215656e-02],
       [-3.72879314e-03, -8.13559343e-02, -9.86455263e-04, -7.56027625e-03,  5.48762196e-02],
       [ 2.93516310e-02,  5.57606857e-04,  5.39529975e-02,  8.98986653e-02, -4.62792293e-02],
       [-7.09904403e-02, -2.66429517e-02,  2.80513846e-02,  5.15623132e-02, -4.87395460e-02],
       [ 6.29763082e-02,  2.54353364e-02,  1.80165891e-02, -9.63228372e-02,  4.03744140e-02],
       [ 5.69588625e-02, -2.96076791e-03, -3.30301116e-02, -1.51981625e-02,  3.63537842e-02],
       [ 9.25294694e-03, -3.50230259e-02, -3.06509142e-02, -1.07305807e-01,  5.15082957e-02],
       [-9.73937583e-03, -2.75057301e-02, -4.65284087e-02, -1.14664343e-01,  6.26352991e-02],
       [ 4.88696487e-03, -1.09519372e-02, -5.16567032e-02, -1.18918193e-01,  6.29600572e-02],
       [-6.44203436e-02,  1.07917594e-02,  4.76308567e-02, -9.35448900e-03, -4.86877486e-02],
       [-3.12703440e-02,  2.46312450e-02,  1.03314387e-01,  1.16368002e-01, -6.55416077e-02],
       [-1.67723498e-02, -5.21471564e-03,  7.38776106e-02,  9.16647724e-02, -2.16152347e-02],
       [-7.67220160e-02,  1.48049740e-02,  6.56819663e-03,  4.71438616e-02, -3.82638039e-02],
       [ 2.32939026e-02,  2.76903216e-02, -2.20457657e-02, -4.90474489e-02,  3.69500047e-02],
       [-4.75972662e-02,  5.29071270e-03,  1.23092383e-01,  1.20291530e-02, -3.39898280e-02],
       [ 7.29951842e-02, -4.89982445e-02, -3.92584433e-02, -8.27610489e-02,  4.35282561e-02],
       [ 1.58591072e-02,  2.78968590e-02,  7.29491482e-02, -1.77011184e-02, -2.93196365e-02],
       [ 3.49713213e-02, -5.78339182e-02, -2.66302073e-02, -7.47971063e-02,  4.62225623e-02],
       [ 3.85541855e-02,  2.27400027e-03, -5.76838787e-02, -8.05393454e-02,  6.32007852e-02],
       [ 2.08275977e-02, -9.20505319e-03, -6.37980272e-02, -3.67369176e-02,  3.63451791e-02],
       [ 5.97077143e-02, -2.95275860e-02, -1.98079693e-02,  1.76285126e-02, -4.45172789e-02],
       [-7.09277965e-02, -3.19333119e-02,  6.24241895e-02,  6.32161883e-02, -5.10101275e-02],
       [-8.54502816e-04, -4.80823702e-02,  2.88282562e-02,  7.86037354e-02, -2.86584276e-02],
       [-1.16384289e-04, -6.13379073e-03, -5.69754201e-02, -1.84734723e-02,  5.50256148e-02],
       [-2.43268299e-02,  9.84539213e-02,  2.15988908e-02,  6.35499554e-02, -3.87981476e-02],
       [-1.23845904e-02,  5.37889189e-02,  1.18678022e-02, -6.54223034e-03,  6.15436229e-02],
       [ 6.03386087e-03, -5.79798854e-02, -7.54867272e-02,  7.66780512e-02, -5.62578768e-02],
       [ 4.06259897e-03, -7.78268290e-03,  9.09864715e-03, -2.47192919e-02, -4.46706642e-02],
       [ 1.04265152e-01,  3.00859840e-02, -1.47237222e-02,  6.42991650e-02, -6.60749217e-02],
       [ 1.30244137e-01,  1.08609624e-02,  6.56513019e-04,  5.36021949e-02, -7.01301122e-02],
       [ 1.18789562e-01, -9.82037623e-03,  7.48226714e-03,  5.41859953e-02, -7.17663478e-02],
       [-2.63536123e-02,  9.27876600e-03, -1.02805839e-02,  6.53010776e-02,  5.64641137e-02],
       [-1.32630203e-01, -7.78525600e-03, -7.83789557e-02, -5.44049232e-02,  9.30510557e-02],
       [-2.72975380e-02,  1.68112940e-02, -7.81641930e-02, -8.48018856e-02,  2.87861400e-02],
       [ 1.65944350e-02, -2.69455299e-03,  3.18543361e-02, -1.09031858e-02,  4.87952311e-02],
       [ 4.84178416e-02, -5.00579523e-02, -6.25958812e-03,  1.62183855e-02, -4.79523172e-02],
       [-2.55532241e-02,  9.86460750e-03, -1.26361909e-01,  2.97312387e-02,  4.40230186e-02],
       [ 6.51249297e-03,  5.65228138e-02,  4.03591306e-03,  5.10915330e-02, -6.26094735e-02],
       [-8.35340041e-02, -2.64066164e-02, -6.92539422e-02,  5.58286395e-02,  3.56997358e-02],
       [ 5.94624681e-02,  5.79690444e-02, -1.57288317e-02,  3.34296512e-02, -5.91597291e-02],
       [ 9.24984460e-02, -2.76666016e-02,  1.12122904e-02,  1.79317798e-02, -7.97492564e-02],
       [ 5.42745042e-02, -1.61365316e-03,  4.99092770e-02,  6.33915611e-04, -4.66443404e-02],
       [-1.29741970e-01,  4.30438372e-02,  5.22611296e-02,  3.05727963e-02,  4.41438615e-02],
       [-2.50645450e-02,  7.62419930e-02, -3.20951737e-02, -1.31412975e-02,  7.16456316e-02],
       [-5.98421851e-02,  7.52771395e-02, -8.64821679e-03, -5.95746563e-02,  3.56034406e-02],
       [ 1.02530722e-01, -1.13265292e-02,  2.20622260e-02, -3.92714991e-02, -6.16799280e-02],
       [-5.93245067e-02, -1.12880597e-01,  1.15322683e-02, -2.62178460e-02,  4.91712951e-02],
       [-8.65923310e-02, -6.87853617e-02, -8.64336175e-02,  2.48868233e-02, -4.72349552e-02],
       [-6.65979243e-02, -2.42223288e-02, -1.43843946e-02, -4.64709486e-02, -3.64132551e-02],
       [-4.23306521e-02, -7.87297194e-03, -6.31634132e-02,  9.64455094e-03, -6.99722059e-02],
       [-2.34339900e-02, -3.37563364e-02, -4.98760416e-02, -4.90026509e-03, -7.41781016e-02],
       [-3.81838932e-02, -5.23057395e-02, -4.69620256e-02, -4.14406699e-03, -7.61587006e-02],
       [ 7.20621681e-02,  2.65915678e-02,  2.14795513e-02,  8.67500959e-02,  4.54428573e-02],
       [ 7.96985756e-02,  4.46143093e-02, -1.11519184e-02,  2.27407616e-02,  9.05705988e-02],
       [ 2.77154529e-02,  3.13978567e-02, -5.78355702e-02, -5.80063741e-02,  2.97073197e-02],
       [ 8.89141674e-02,  1.41519780e-02,  4.89797468e-02,  2.20152392e-02,  3.95635694e-02],
       [-4.99277165e-02, -6.84965846e-02, -3.22403463e-02, -2.23786752e-02, -4.35795716e-02],
       [ 6.65459423e-02,  3.18274813e-02, -8.45359731e-02,  5.52173963e-02,  3.98621658e-02],
       [-1.04368905e-01,  1.69713693e-02, -2.93776511e-02, -9.12842692e-04, -5.33888730e-02],
       [-7.44899063e-04, -2.90565845e-03, -3.86068471e-02,  7.47730441e-02,  3.31454298e-02],
       [-5.64587914e-02,  2.09234972e-02, -4.42527215e-02, -1.40461204e-02, -5.07356955e-02],
       [-7.74555678e-02, -6.74705167e-02, -4.10710819e-02, -4.35673705e-02, -7.34267167e-02],
       [-4.50712019e-02, -3.09317988e-02,  2.17144653e-02, -3.35752765e-02, -4.74853847e-02],
       [-3.69818618e-02,  6.06768287e-02,  7.77504834e-02,  5.83496078e-02,  4.24893961e-02],
       [ 1.01813047e-01,  8.91111732e-02,  1.12486152e-02,  3.46825177e-02,  5.91235112e-02],
       [ 1.55625161e-02,  8.85272692e-02,  1.20935086e-02, -2.64618508e-02,  3.40726939e-02],
       [-2.62348210e-02, -4.18158010e-02, -2.09919787e-02, -7.65393619e-02, -5.70812185e-02],
       [ 5.35390546e-02, -8.19296203e-02,  4.90425337e-02,  1.52978396e-02,  5.12312926e-02],
       [ 7.91967129e-02,  3.36671135e-02,  5.76480912e-02,  3.53722300e-03,  3.81654235e-02],
       [ 4.30426119e-02,  1.85814005e-02,  1.14637206e-01, -8.11748263e-02,  5.65935008e-02],
       [ 3.11455754e-02,  3.92028794e-02,  1.12349302e-01, -7.56000327e-02,  6.25650154e-02],
       [ 4.51768119e-02,  5.72854057e-02,  1.20472596e-01, -8.60333277e-02,  6.79027334e-02],
       [-7.44066219e-02, -3.39976880e-02, -6.30840617e-02, -3.42639155e-02, -4.39625362e-02],
       [-8.41357575e-02, -5.19434449e-02, -7.99795768e-02,  8.60168057e-02, -8.26253828e-02],
       [-3.78961358e-02, -3.44008237e-02,  2.51914813e-02,  9.56579640e-02, -2.80107210e-02],
       [-8.85390495e-02, -1.93623923e-02, -8.46954814e-02,  2.19990509e-02, -3.73433884e-02],
       [ 4.16223863e-02,  5.83985306e-02,  6.55890186e-02, -2.39245342e-02,  3.74218662e-02],
       [-7.91671509e-02, -3.98779739e-02,  4.21529539e-02, -5.09521614e-03, -4.16069038e-02],
       [ 1.13929418e-01, -7.84263962e-03,  8.45535965e-02, -6.61239291e-02,  5.08051315e-02],
       [-5.39449299e-03, -6.07731513e-03, -2.83398962e-03, -3.50016769e-02, -3.52831274e-02],
       [ 5.70305777e-02, -1.02846519e-02,  8.72764572e-02, -4.44886578e-02,  4.53153700e-02],
       [ 7.35169730e-02,  6.52327830e-02,  1.02295797e-01, -4.28849676e-02,  6.18785783e-02],
       [ 4.64207703e-02,  3.44384422e-02,  2.74051497e-02, -2.23992430e-02,  4.41993415e-02],
       [ 3.38252246e-02, -7.06966771e-02, -1.29741519e-01, -1.00019049e-02, -4.25192767e-02],
       [-9.96094719e-02, -8.67023597e-02, -6.87476918e-02,  3.48694838e-02, -5.48081376e-02],
       [-1.35325038e-02, -7.25764483e-02, -3.66156274e-02,  5.82147874e-02, -2.81872609e-02],
       [ 3.25426015e-02,  5.33492529e-02,  9.42142682e-02,  1.60048631e-02,  6.25458850e-02],
       [-5.06494880e-02,  6.04175143e-02, -8.76660131e-02,  4.41254695e-02, -4.26649289e-02],
       [ 3.71386892e-02, -2.83384054e-02,  2.69219386e-02,  2.66272237e-02,  5.05838796e-02],
       [ 2.17715394e-02, -1.22710669e-02,  1.60978405e-02,  3.87142924e-02,  5.38936468e-02],
       [ 3.61798315e-02,  1.26868136e-03,  9.42194861e-03,  4.02368504e-02,  4.96122960e-02],
       [-5.37794660e-02, -6.97536745e-04, -7.27664311e-03, -8.00825715e-02, -3.27292497e-02],
       [-6.36230386e-02,  1.09564473e-02,  3.12789140e-02, -6.04434130e-02, -6.52390805e-02],
       [-2.67827035e-02, -1.04466089e-02,  5.08709870e-02,  2.87666450e-02, -2.29602797e-02],
       [-6.70717706e-02,  4.16459605e-03, -2.45671875e-02, -3.51895017e-02, -2.84911382e-02],
       [ 4.10695818e-02,  2.99920455e-02,  1.34053827e-02,  3.70881553e-02,  3.19771834e-02],
       [-4.30208164e-02, -4.28889869e-03,  6.25984096e-02, -5.25542833e-02, -2.67604727e-02],
       [ 7.59601082e-02, -3.38591260e-02,  7.85708292e-03,  2.70576531e-02,  3.82546374e-02],
       [ 4.56950179e-04,  1.96337055e-02,  3.42782830e-02, -6.80467326e-02, -2.34452938e-02],
       [ 4.95060166e-02, -4.29996558e-02,  2.32619622e-02,  3.63288512e-02,  4.00236795e-02],
       [ 6.33666569e-02,  1.39065212e-02,  1.19325341e-02,  6.76804378e-02,  5.35799328e-02],
       [ 3.17707588e-02, -4.67859482e-04, -2.29862431e-02,  4.02758734e-02,  3.16429496e-02],
       [ 1.90471992e-02, -2.21882795e-02, -4.21416688e-02, -6.25533540e-02, -3.06966222e-02],
       [-8.98891207e-02, -4.40760814e-02,  6.52371529e-03, -5.90517796e-02, -4.68732078e-02],
       [-1.62406196e-02, -4.77758415e-02, -2.25364390e-04,  3.59587753e-03, -2.53761975e-02],
       [ 2.32252705e-02,  1.23174262e-03,  1.18789693e-03,  9.10755073e-02,  4.43281974e-02],
       [-3.61798631e-02,  7.69242615e-02, -1.89584164e-02, -3.23843773e-02, -3.37353888e-02],
       [-9.57411912e-02, -7.76936642e-02,  6.62441909e-02, -7.35188810e-02,  8.65637515e-02],
       [-6.50891315e-02, -5.06215558e-02,  5.49205497e-02, -6.85939129e-02,  8.07844978e-02],
       [-2.36683936e-02,  3.84176269e-02, -3.53834363e-02, -7.41042016e-02, -6.41092813e-02],
       [ 5.09920417e-02,  8.09255906e-02,  3.90230403e-03,  6.30072504e-02, -9.66687468e-02],
       [ 8.79670253e-03,  6.85486648e-03,  6.98377116e-02,  1.12648159e-01, -3.62278694e-02],
       [-6.31721494e-02,  4.25060685e-02, -7.49384961e-02,  1.25994441e-02, -5.39954383e-02],
       [-1.07398270e-02,  1.50535093e-02,  4.73696546e-02, -1.85816435e-02,  5.35355811e-02],
       [-1.76855383e-02,  2.74923144e-02,  1.05994171e-01, -3.00010340e-02, -5.02311247e-02],
       [ 4.76591626e-02, -9.75380548e-02,  4.05209206e-02, -5.35770169e-02,  6.22834593e-02],
       [ 5.95899723e-02,  5.98004760e-02,  4.57699402e-02, -6.33111703e-02, -4.08776949e-02],
       [-1.00552217e-02, -9.80535203e-02,  5.59555626e-02, -3.45986849e-02,  5.94844129e-02],
       [-2.35324766e-02, -3.36307667e-02,  4.84113265e-02, -2.10721604e-02,  8.08051432e-02],
       [-2.25559001e-02, -3.87777220e-02, -2.16147572e-02, -5.69194415e-03,  5.76305430e-02],
       [ 1.12150470e-01, -1.12993233e-02, -1.00639477e-01, -3.52732873e-02, -5.14478557e-02],
       [-4.35100589e-02, -2.19071568e-02, -2.26777169e-02,  1.74503518e-02, -7.95329465e-02],
       [ 3.68594846e-02, -5.18679009e-02, -1.92339049e-02,  7.39130972e-02, -4.18524541e-02],
       [-6.59914833e-02, -4.77422593e-02,  3.66240758e-02,  4.77474422e-02,  7.55098963e-02],
       [ 1.59607486e-02,  1.46240970e-01, -4.83839958e-02,  2.67220379e-02, -4.88770030e-02],
       [-9.63145232e-02, -2.50459679e-02,  3.90478355e-02, -5.16678046e-02,  8.77839162e-02],
       [-9.04658197e-03,  1.19243261e-02, -1.79524019e-02, -8.74823926e-02, -6.20063911e-02],
       [ 8.72195755e-02,  5.13479950e-02,  3.06296946e-02,  4.43311953e-02, -1.05246020e-01],
       [ 1.27648455e-02, -6.54282337e-03,  8.34717145e-02,  1.00497352e-01, -3.46752535e-02],
       [-5.09509415e-02,  2.50661767e-02, -6.70443817e-02,  2.05494529e-03, -5.85985035e-02],
       [-2.70668319e-02,  3.61476245e-02,  3.65454623e-02, -7.56350024e-03,  5.76468569e-02],
       [-1.59154664e-03,  8.81388931e-03,  1.25455035e-01, -4.31838568e-02, -5.35740179e-02],
       [ 3.27970834e-02, -8.72207320e-02,  2.89155376e-02, -4.51676295e-02,  6.85931531e-02],
       [ 7.76992797e-02,  4.81902278e-02,  6.00012361e-02, -7.47057096e-02, -4.28914903e-02],
       [-2.91579839e-02, -8.82017914e-02,  4.77217599e-02, -2.45353391e-02,  6.47643847e-02],
       [-5.94539203e-02, -6.74305248e-03,  3.79453587e-02, -5.36086062e-03,  9.60215957e-02],
       [-4.38258335e-02, -2.22678157e-02, -3.82909838e-02,  5.10383550e-03,  6.14895390e-02],
       [ 1.35116442e-01, -2.98535733e-02, -9.59904069e-02, -4.90960584e-02, -5.42355641e-02],
       [-1.87938834e-02, -5.96012014e-02, -5.61229424e-03,  3.74774231e-03, -9.40811077e-02],
       [ 4.01205493e-02, -6.79108313e-02, -7.08116229e-03,  5.91985365e-02, -3.86357585e-02],
       [-8.47157873e-02, -1.58523676e-02,  1.49871246e-02,  6.26223800e-02,  7.50315371e-02],
       [ 3.26056656e-02,  1.43059126e-01, -4.09009402e-02,  1.95207165e-02, -5.28633739e-02],
       [-1.70504913e-02, -7.26014386e-04, -1.79803425e-02, -9.45266333e-02, -6.89321956e-02],
       [ 6.49493193e-02,  2.47639785e-02,  3.98603249e-02,  4.48536763e-02, -1.05972498e-01],
       [ 5.79348887e-03, -1.57490395e-02,  8.67572325e-02,  1.04333660e-01, -3.46121690e-02],
       [-6.25504924e-02,  1.19975673e-02, -5.89250391e-02,  7.51891675e-04, -5.33345715e-02],
       [-1.60429242e-02,  5.06682355e-02,  3.43481793e-02, -8.64364370e-03,  5.86830943e-02],
       [-9.92676512e-03, -3.28898208e-03,  1.32110456e-01, -4.55536600e-02, -5.33078674e-02],
       [ 5.20406564e-02, -7.99655512e-02,  2.75975737e-02, -5.22873039e-02,  7.53644908e-02],
       [ 7.16154945e-02,  3.96411042e-02,  6.54547306e-02, -7.93710759e-02, -4.45664685e-02],
       [-1.69969426e-02, -8.33199513e-02,  5.09030223e-02, -2.97038229e-02,  7.28755919e-02],
       [-3.41202283e-02,  1.55978914e-02,  2.84425759e-02, -4.56576977e-03,  8.97336161e-02],
       [-3.13723923e-02, -5.82362006e-03, -4.42133252e-02,  5.76641269e-03,  6.37957449e-02],
       [ 1.27092467e-01, -4.64066630e-02, -9.12911320e-02, -5.16660379e-02, -5.44811087e-02],
       [-3.35492591e-02, -7.11991781e-02,  2.10143356e-03,  1.72634018e-03, -8.04956584e-02],
       [ 3.45299367e-02, -8.11087649e-02, -5.84596928e-03,  6.25316117e-02, -4.01627592e-02],
       [-8.20261463e-02, -9.86457325e-04,  1.05945608e-02,  6.94241177e-02,  8.08489707e-02],
       [ 2.02173645e-02,  1.36383501e-01, -3.82253565e-02,  1.91026817e-02, -5.42079269e-02],
       [ 5.32974473e-02, -1.75171638e-02, -3.58406604e-02,  1.23929652e-01,  8.02344702e-02],
       [ 3.01450035e-02,  1.25508417e-02, -7.07154095e-02, -1.48725852e-02,  3.22306933e-02],
       [ 8.46363529e-02, -9.21671997e-03,  3.78657393e-02,  7.28935097e-02,  3.89491269e-02],
       [-3.79335989e-02, -3.36304053e-02, -1.85872187e-02, -7.09240617e-02, -3.91909056e-02],
       [ 4.33437329e-02,  2.45518572e-03, -7.57842743e-02,  7.80650560e-02,  3.13728010e-02],
       [-9.85374322e-02,  5.35230013e-02, -1.12133196e-02, -6.74650753e-02, -5.17953636e-02],
       [-1.04041339e-02, -2.11938596e-02, -3.55421028e-02,  8.87852737e-02,  2.60178420e-02],
       [-4.78288086e-02,  5.35702491e-02, -2.87850464e-02, -7.62948801e-02, -4.85582775e-02],
       [-4.88520193e-02, -9.61984451e-03, -1.68931961e-02, -1.15811947e-01, -6.00449283e-02],
       [-2.71971672e-02,  2.42679649e-03,  2.82878862e-02, -7.20378240e-02, -3.89577146e-02],
       [-4.48908072e-02,  3.17387192e-02,  6.46414073e-02,  1.11534786e-01,  3.96003551e-02],
       [ 7.97732748e-02,  4.15545340e-02, -3.47472566e-03,  9.89599893e-02,  5.32675664e-02],
       [ 8.76837584e-03,  5.72561325e-02, -6.71858765e-04,  1.62970480e-02,  3.16797222e-02],
       [-1.15097948e-02, -1.98613106e-03, -8.05554772e-03, -1.30845357e-01, -4.96627121e-02],
       [ 3.06870687e-02, -8.75819776e-02,  2.29918496e-02,  6.04608625e-02,  3.93800033e-02],
       [ 2.82482922e-03,  1.28652137e-02, -1.28601676e-01, -1.18699806e-01,  4.05999164e-02],
       [ 1.02996830e-01, -3.00246366e-02,  2.40569333e-02,  9.77643630e-03,  7.01349360e-02],
       [-6.44437308e-03, -4.82629476e-02,  2.23940395e-03, -4.03747112e-03, -6.14460713e-02],
       [ 3.87949523e-02, -6.83511872e-03, -1.81040301e-01,  6.16608236e-02,  5.37243262e-02],
       [-9.16209835e-02,  1.04015589e-01,  2.82559944e-02,  3.87699271e-02, -8.04102453e-02],
       [-6.12737448e-02, -5.12162546e-02, -9.85931158e-02,  9.97433340e-02,  4.46052023e-02],
       [-1.06811515e-02,  1.15978750e-01,  4.95610571e-03,  1.88662456e-02, -8.55144991e-02],
       [ 3.54628832e-03,  2.48249161e-03,  4.14277236e-02, -1.48134675e-02, -1.04925178e-01],
       [ 8.07835479e-03,  1.88028766e-02,  9.26405019e-02, -2.17333948e-02, -6.65608645e-02],
       [-1.47390946e-01,  4.31331540e-02,  6.41848806e-02,  7.55393211e-02,  7.32704808e-02],
       [ 7.75911204e-02,  6.51093308e-02, -6.57746604e-02,  1.57223515e-02,  9.27939702e-02],
       [-3.22291987e-02,  9.07264960e-02, -3.17523109e-02, -7.24254502e-02,  5.36307127e-02],
       [ 5.90276651e-02,  1.74984729e-02,  4.90925013e-02, -9.30996062e-02, -8.78433869e-02],
       [-3.60208682e-03, -1.78251517e-01,  2.26562321e-03, -1.07996268e-02,  6.37887367e-02],
       [ 4.13637492e-02,  4.35845879e-03, -3.73295454e-02, -5.20431541e-02,  2.47872608e-02],
       [-5.98222314e-03, -3.29942482e-02,  4.68729582e-02,  5.28551380e-02, -2.45887133e-02],
       [ 1.75772258e-02,  9.77079501e-03, -9.54284281e-02, -2.40407236e-02,  2.04828461e-02],
       [-4.14020735e-02,  1.98662186e-02,  6.93737927e-02,  8.86668432e-02, -3.00326569e-02],
       [-2.13287999e-02, -7.15233829e-03, -7.13883990e-02, -2.26873577e-03,  1.90072489e-02],
       [-1.12153792e-02,  2.28967152e-02,  5.81087907e-02,  7.74791476e-02, -3.01309431e-02],
       [-8.45127207e-03, -2.72389292e-02,  9.20152684e-02,  8.93951077e-02, -4.16631137e-02],
       [-4.31245941e-03, -8.50920600e-03,  8.15167491e-02,  4.95842424e-02, -2.55555416e-02],
       [-5.44142670e-02,  3.78227035e-02, -2.39253666e-02, -3.04197905e-02,  2.83847728e-02],
       [ 3.69943818e-02,  4.84699440e-02, -9.17176808e-02, -7.58574974e-02,  3.63279077e-02],
       [-3.12360866e-03,  3.55930052e-02, -3.84984257e-02, -5.84309131e-02,  1.60485812e-02],
       [ 1.96090943e-02, -1.79470604e-02,  8.78525600e-02,  3.67875658e-02, -3.81731365e-02],
       [ 8.14198380e-03, -5.07117543e-02, -4.89413565e-02, -6.51140948e-02,  2.48133845e-02],
       [-5.69667005e-02, -2.14593735e-02, -4.27059565e-02, -1.43749064e-02, -3.41821136e-02],
       [ 7.20267069e-02, -4.47163266e-03, -5.33489676e-02,  4.01666829e-02,  3.16875528e-02],
       [-1.01439895e-01,  4.56434784e-02, -4.08380684e-02,  3.35350556e-03, -4.07414762e-02],
       [ 1.43865203e-02, -2.72906542e-02, -1.67133038e-02,  5.81418617e-02,  2.67286917e-02],
       [-7.27829912e-02,  5.58822259e-02, -5.89231047e-02, -7.98822782e-03, -4.31485686e-02],
       [-9.47660322e-02,  1.82941586e-03, -6.11234627e-02, -3.00462909e-02, -5.78295466e-02],
       [-5.68078779e-02,  1.01754260e-02, -9.51412514e-05, -2.34569876e-02, -3.83061046e-02],
       [-1.04224140e-02,  1.97221477e-02,  8.69682908e-02,  4.89327238e-02,  3.63251412e-02],
       [ 1.06526061e-01,  2.38085899e-02,  3.13247017e-02,  2.28854398e-02,  4.58398148e-02],
       [ 2.87022122e-02,  4.29675681e-02,  2.22390140e-02, -2.46729420e-02,  2.75308738e-02],
       [-4.64421561e-02,  1.10714963e-02, -4.09929756e-02, -5.55788278e-02, -4.46006773e-02],
       [ 5.16302665e-02, -7.89883892e-02,  4.57211581e-02,  6.93635225e-03,  3.35649249e-02],
       [-3.03194925e-02, -3.31265888e-02,  6.71452328e-02, -3.89721383e-02, -3.09461259e-02],
       [ 5.09648639e-02, -3.26626388e-03,  2.38275751e-02, -5.71539608e-03,  4.11374191e-02],
       [ 1.84378956e-02, -2.40646195e-03,  2.88418309e-02, -5.40614227e-02, -2.51796626e-02],
       [ 1.71029649e-02, -1.07499347e-02,  3.81550366e-02,  3.92049710e-03,  4.32499113e-02],
       [ 1.65825294e-02,  6.34349824e-02,  3.02023488e-02,  2.40172961e-02,  5.68335795e-02],
       [ 7.08334333e-03,  2.76526735e-02, -1.45140171e-02,  1.81688594e-02,  3.36681138e-02],
       [ 4.94651630e-02, -5.30934555e-02, -5.80679249e-02, -3.94643736e-02, -3.36149350e-02],
       [-4.59741933e-02, -7.86885783e-02, -8.81771655e-03, -1.96550059e-02, -4.55637358e-02],
       [ 8.62720664e-03, -6.39700917e-02, -5.75462515e-03,  2.46430872e-02, -2.47555398e-02],
       [-9.34322339e-03,  4.00310394e-02,  1.71433521e-02,  5.05538786e-02,  4.35616362e-02],
       [-7.93018249e-03,  5.39698858e-02, -3.53464834e-02, -3.54948335e-03, -3.66568756e-02],
       [-8.02295635e-02,  4.06904474e-02,  1.00886119e-01, -2.98589954e-02, -4.03377165e-02],
       [-1.19121188e-02, -1.51993329e-02, -7.97130126e-02,  6.15596503e-02,  1.97141333e-02],
       [-4.05456687e-02,  4.24584826e-02,  8.24943822e-02, -3.79955530e-02, -4.02458585e-02],
       [-3.86850476e-02, -1.21215535e-02,  1.20768174e-01, -6.30645356e-02, -4.61735439e-02],
       [-2.34101221e-02, -9.20492021e-04,  1.12020813e-01, -4.71432346e-02, -3.23528724e-02],
       [-4.64607961e-02,  3.47611382e-02, -4.16562390e-02,  7.99776434e-02,  3.54839012e-02],
       [ 6.46250009e-02,  3.66418033e-02, -1.15166934e-01,  5.39767934e-02,  3.99793518e-02],
       [ 6.86320498e-03,  4.98682747e-02, -6.38304982e-02, -1.28524671e-03,  2.53200389e-02],
       [-5.81163204e-03, -5.39503426e-03,  1.06031287e-01, -8.12696806e-02, -3.83675311e-02],
       [ 2.56276832e-02, -7.88619151e-02, -7.10158098e-02,  3.37954546e-02,  3.32039231e-02],
       [-1.96389107e-03,  6.38987312e-02,  4.71248970e-02, -5.87533434e-02, -3.38874766e-02],
       [ 6.45331027e-02, -1.00233219e-01,  2.95634979e-02, -2.13594567e-02,  4.92716526e-02],
       [ 8.71365102e-02, -5.83985624e-02,  2.10211053e-02, -7.63335117e-03,  6.89852781e-02],
       [ 5.36768825e-02, -5.22096061e-02, -3.36490712e-02,  2.28116899e-03,  4.75772745e-02],
       [ 3.50538740e-02,  1.69247640e-02, -8.58137905e-02, -3.88439628e-02, -5.15497473e-02],
       [-1.37566076e-01,  1.25992416e-02,  3.11087248e-03,  5.83941485e-03, -6.64476113e-02],
       [-2.49218969e-02, -2.61869654e-02, -4.57027682e-03,  5.61534037e-02, -3.55361049e-02],
       [ 3.82558138e-02, -6.76303902e-02,  9.98598756e-03,  4.93276735e-02,  6.28785376e-02],
       [-4.69661325e-02,  1.35019598e-01, -2.65658691e-02,  1.65952200e-02, -4.11910201e-02],
       [ 2.53964815e-02,  5.39307132e-02,  3.27459531e-02, -5.81522411e-02, -2.97282603e-02],
       [ 4.33710678e-02,  2.73168142e-02,  6.12782586e-02, -9.74591020e-02, -4.25007643e-02],
       [ 2.77333540e-02,  2.09268650e-02,  5.71954178e-02, -5.77295324e-02, -2.40951951e-02],
       [-6.65025982e-02, -3.59401366e-03, -1.00428074e-02,  7.41086568e-02,  2.45886647e-02],
       [-6.26422775e-03,  4.04476520e-03, -6.46869715e-02,  8.58288672e-02,  3.79985115e-02],
       [-3.21197360e-02,  2.29435002e-02, -3.32750170e-02,  1.74443895e-02,  2.13312290e-02],
       [ 4.92047035e-02,  2.89050750e-02,  5.38849236e-02, -9.44477474e-02, -3.04258116e-02],
       [-3.06558596e-02, -8.81783044e-02, -2.95701665e-02,  5.43545553e-02,  2.66987195e-02],
       [ 1.94245052e-02, -6.27833112e-02,  4.11019806e-02,  1.01622461e-02,  6.61448069e-02],
       [ 8.61030690e-03, -4.71497824e-02, -1.55934190e-02,  1.10877319e-02,  4.27346577e-02],
       [ 7.23285664e-02,  1.62806143e-02, -9.08350220e-02, -4.64911855e-02, -4.48472527e-02],
       [-7.26618667e-02,  1.82111134e-02, -1.84458291e-02, -1.12961019e-02, -6.56091251e-02],
       [ 8.37719704e-03, -2.28220093e-02, -1.47230144e-02,  4.32736933e-02, -3.36529947e-02],
       [-1.61707166e-02, -6.86305818e-02,  3.16133756e-02,  6.17997045e-02,  6.07287306e-02],
       [-1.07713321e-02,  1.32211928e-01, -3.86649696e-02,  5.29750658e-03, -4.00207401e-02],
       [ 4.37673005e-03,  9.31337031e-03, -4.56046774e-02,  3.95164349e-02,  6.23307429e-02],
       [ 9.99165250e-02, -5.59575938e-02, -9.04051232e-02, -7.85415146e-02, -5.47300085e-02],
       [-7.53812713e-02, -8.15846668e-02,  3.73828954e-03, -3.89710562e-02, -7.59721782e-02],
       [ 1.92620249e-02, -9.54406082e-02, -3.48844818e-03,  4.36054687e-02, -4.56578441e-02],
       [-3.32623267e-02,  1.45448718e-02,  1.11145662e-02,  9.97458741e-02,  7.38790087e-02],
       [-7.03249862e-03,  1.33913139e-01, -4.05964417e-02, -1.16587564e-02, -5.99352724e-02],
       [ 7.09093571e-02, -2.72466126e-02, -2.20652661e-02, -5.61653570e-02, -3.88281675e-02],
       [-4.87311746e-02, -4.56350302e-02,  5.73067480e-02, -3.64701795e-02, -5.44729374e-02],
       [ 1.44030829e-02, -5.05493896e-02,  2.59262620e-02,  2.31393311e-02, -2.90782285e-02],
       [-2.69759592e-02, -1.16836612e-03, -4.69422437e-02,  7.62964253e-02,  5.19166974e-02],
       [ 3.11779453e-04,  9.53509188e-02,  1.43361782e-02, -1.13413820e-02, -3.88850095e-02],
       [-5.38637184e-02,  9.31185009e-02,  6.68195583e-02,  7.46610457e-02,  5.38354234e-02],
       [-6.44318214e-02,  7.63422466e-02,  3.85166832e-02, -1.69290899e-03,  2.75515401e-02],
       [ 1.01797587e-01, -3.71825109e-02, -6.32747098e-02, -9.74211369e-02, -4.46407313e-02],
       [-6.86547965e-02, -6.22383398e-02,  7.83732499e-02,  4.32939402e-02,  3.84436219e-02],
       [ 1.37741631e-02,  1.10902849e-01, -1.13102834e-02, -3.66084758e-02,  4.03939358e-02],
       [-1.92721730e-02, -5.78046570e-02,  1.22106879e-02, -8.50079535e-02, -6.48105238e-02],
       [ 5.32344860e-02, -8.26983432e-02,  1.83876199e-02,  1.03454284e-02,  5.53338949e-02],
       [ 3.80657698e-02, -7.76334704e-02,  4.36914284e-03,  2.20470092e-03, -3.90702240e-02],
       [-1.09966720e-02, -2.09387163e-02,  1.57173174e-02, -4.01153897e-02,  3.06514897e-02],
       [ 2.50895499e-02,  1.23287604e-01, -2.67733044e-02, -5.54100047e-02, -5.05950681e-02]])})
2026-01-20 11:01:54,415 - final_problem_set.kxor_instance_n27_k2_m214_ell2_eps0.2_kappa1.0_rho0.8 - INFO - Running key extraction (n=27, m=214, ell=2, phase_qubits=13)
2026-01-20 11:01:54,421 - final_problem_set.kxor_instance_n27_k2_m214_ell2_eps0.2_kappa1.0_rho0.8 - INFO - Built voting matrix V (n=27, ell=2, dtype=complex128) in 0.006s
2026-01-20 11:01:54,422 - final_problem_set.kxor_instance_n27_k2_m214_ell2_eps0.2_kappa1.0_rho0.8 - INFO - Eval: adv=0.7850, hamming=0/27 (0.000), corr=1.000
2026-01-20 11:01:54,422 - final_problem_set.kxor_instance_n27_k2_m214_ell2_eps0.2_kappa1.0_rho0.8 - INFO - Key extraction complete: x_hat=12
2026-01-20 11:01:54,422 - final_problem_set.kxor_instance_n27_k2_m214_ell2_eps0.2_kappa1.0_rho0.8 - INFO - Finished step 'KeyExtractionStep' in 0.007s (success: True, problem=kxor_instance_n27_k2_m214_ell2_eps0.2_kappa1.0_rho0.8)
2026-01-20 11:01:54,422 - final_problem_set.kxor_instance_n27_k2_m214_ell2_eps0.2_kappa1.0_rho0.8 - INFO - SUCCESS: len(z_hat)=27
2026-01-20 11:01:54,422 - final_problem_set.kxor_instance_n27_k2_m214_ell2_eps0.2_kappa1.0_rho0.8 - INFO - Metrics: adv=0.7850467289719626, ham_frac=0.0, corr=1.0
2026-01-20 11:01:54,422 - final_problem_set.kxor_instance_n27_k2_m214_ell2_eps0.2_kappa1.0_rho0.8 - INFO - z_hat (full): [-1,  1, -1,  1, -1, -1,  1,  1,  1,  1,  1, -1, -1, -1, -1,  1, -1,  1, -1,  1,  1,  1, -1, -1, -1,  1, -1]
