2026-01-20 11:00:42,203 - final_problem_set.kxor_instance_n18_k2_m136_ell2_eps0.3_kappa1.0_rho1.0 - INFO - Starting iteration for /Users/julian/CodingProjects/UniT3/QuarticSpeedupK-XOR/z_Daphne/data/final_problem_set/kxor_instance_n18_k2_m136_ell2_eps0.3_kappa1.0_rho1.0.npz
2026-01-20 11:00:42,204 - final_problem_set.kxor_instance_n18_k2_m136_ell2_eps0.3_kappa1.0_rho1.0 - INFO - Loaded instance (n=18, m=136, k=2)
2026-01-20 11:00:42,204 - final_problem_set.kxor_instance_n18_k2_m136_ell2_eps0.3_kappa1.0_rho1.0 - INFO - Starting step 'ComputeKikuchiStep' (version 0.1) on problem kxor_instance_n18_k2_m136_ell2_eps0.3_kappa1.0_rho1.0 (fields={'ell': 2, 'threshold': 0.0})
2026-01-20 11:00:42,235 - final_problem_set.kxor_instance_n18_k2_m136_ell2_eps0.3_kappa1.0_rho1.0 - INFO - Finished step 'ComputeKikuchiStep' in 0.031s (success: True, problem=kxor_instance_n18_k2_m136_ell2_eps0.3_kappa1.0_rho1.0)
2026-01-20 11:00:42,235 - final_problem_set.kxor_instance_n18_k2_m136_ell2_eps0.3_kappa1.0_rho1.0 - INFO - Starting step 'ClassicalEigenvaluesStep' (version 0.1) on problem kxor_instance_n18_k2_m136_ell2_eps0.3_kappa1.0_rho1.0 (fields={'ell': 2, 'threshold': 0.0, 'kikuchi_matrix': <Dictionary Of Keys sparse matrix of dtype 'int64'
	with 2784 stored elements and shape (153, 153)>, 'num_eigenvalues': 5})
2026-01-20 11:00:42,300 - final_problem_set.kxor_instance_n18_k2_m136_ell2_eps0.3_kappa1.0_rho1.0 - INFO - Finished step 'ClassicalEigenvaluesStep' in 0.065s (success: True, problem=kxor_instance_n18_k2_m136_ell2_eps0.3_kappa1.0_rho1.0)
2026-01-20 11:00:42,300 - final_problem_set.kxor_instance_n18_k2_m136_ell2_eps0.3_kappa1.0_rho1.0 - INFO - Starting step 'KeyExtractionStep' (version 0.1) on problem kxor_instance_n18_k2_m136_ell2_eps0.3_kappa1.0_rho1.0 (fields={'ell': 2, 'threshold': 0.0, 'kikuchi_matrix': <Dictionary Of Keys sparse matrix of dtype 'int64'
	with 2784 stored elements and shape (153, 153)>, 'num_eigenvalues': 5, 'eigenvalues': array([10.06939388, 10.48719553, 11.46178101, 11.62503409, 18.69702979]), 'eigenvectors': array([[-0.01529853,  0.09270184,  0.0243762 ,  0.15195532,  0.07426929],
       [ 0.14262926,  0.08885472, -0.01266885, -0.08895512,  0.07339977],
       [-0.06758035,  0.03462209, -0.12643778,  0.1002941 ,  0.07026644],
       [-0.02311379, -0.06209328,  0.05166557,  0.01237885,  0.10063678],
       [-0.10192043, -0.01317877, -0.08048931, -0.03266041, -0.09117795],
       [ 0.17529852,  0.00480246, -0.07429405,  0.04498156,  0.08120775],
       [ 0.00822476, -0.13989514,  0.07060703,  0.05685606,  0.0937165 ],
       [-0.03274305,  0.07957868,  0.02674601, -0.09197608,  0.07354746],
       [ 0.06361936,  0.03882589,  0.04433273,  0.07146335,  0.11871999],
       [ 0.00814397,  0.04522049, -0.06424865,  0.0037593 ,  0.10319786],
       [-0.08429097,  0.02287146, -0.09349665, -0.10951246, -0.09270633],
       [-0.0396054 , -0.00214263, -0.07764848, -0.04800321, -0.11002261],
       [-0.02963584, -0.09264102,  0.06780212, -0.10271452, -0.07890391],
       [-0.00577371, -0.02921837, -0.09932335, -0.03738839,  0.09359079],
       [-0.09921631,  0.02233253,  0.00204673, -0.14602556, -0.09555406],
       [-0.05456913,  0.04697481,  0.07235197,  0.06584171,  0.09181654],
       [-0.01316843,  0.1353135 ,  0.09721957, -0.04810729, -0.07273688],
       [-0.05124754, -0.13347504, -0.00159608,  0.01872458, -0.05597762],
       [ 0.08899089, -0.06781195,  0.07328921, -0.10050508, -0.04825914],
       [ 0.11417264, -0.04084593, -0.06381391, -0.08426938, -0.08387448],
       [ 0.00484914,  0.09837369,  0.08773971,  0.09437538,  0.07460707],
       [-0.08251031, -0.08068514,  0.04884955, -0.09888476, -0.06804097],
       [ 0.07147844,  0.02595327, -0.06939049, -0.10489561, -0.07054315],
       [ 0.08651069, -0.12558494, -0.03482693,  0.02160294, -0.05677646],
       [ 0.04708516, -0.13316916, -0.05409728, -0.13400862, -0.08837861],
       [ 0.08154105, -0.13376872,  0.03595594, -0.07649513, -0.08564604],
       [-0.00946855,  0.06252612,  0.08279835,  0.14202539,  0.06925358],
       [-0.05376385,  0.08837644,  0.06593731,  0.09877326,  0.07532197],
       [-0.02908342,  0.12893061, -0.03307623,  0.12319599,  0.05989595],
       [ 0.077112  , -0.05470056,  0.05945415, -0.03068776, -0.07161662],
       [ 0.00270572,  0.06209377,  0.01657522,  0.16668817,  0.07075428],
       [ 0.10825596, -0.1093496 , -0.06671858, -0.10841329, -0.06847542],
       [-0.04872374, -0.04756285, -0.06600985,  0.09427475,  0.0616988 ],
       [-0.00729542, -0.07194097,  0.09449651,  0.04222781, -0.04654607],
       [-0.06186987, -0.02384769, -0.01926565,  0.16757262, -0.07144018],
       [ 0.12641237,  0.06501849,  0.02855532, -0.11939093,  0.05962387],
       [-0.16463857, -0.05416644,  0.05631503,  0.09196681, -0.05374398],
       [-0.07170648,  0.03003576, -0.02888952,  0.11648202, -0.06181771],
       [-0.02026607, -0.07678167, -0.0061323 ,  0.1440208 , -0.04198991],
       [-0.12476958, -0.10309691, -0.00369679,  0.1482733 , -0.07671259],
       [-0.07704328, -0.09032193,  0.05269776,  0.15154276, -0.06540092],
       [ 0.13795854,  0.05555567,  0.05129468, -0.08736416,  0.06876629],
       [ 0.09107259,  0.06782642,  0.02364881, -0.13050492,  0.06471016],
       [ 0.08534208,  0.13307709, -0.06253976, -0.05725472,  0.05821312],
       [-0.05122574, -0.03269487,  0.06443163,  0.14036968, -0.05361262],
       [ 0.15468014,  0.05825   , -0.02488475, -0.06079662,  0.0708077 ],
       [-0.0309373 , -0.10651842, -0.03590195,  0.11391926, -0.06707181],
       [ 0.07122001, -0.04602137, -0.0804312 , -0.08880384,  0.05313517],
       [ 0.1513516 ,  0.01945313,  0.09518871, -0.02795686, -0.07218196],
       [-0.04560081,  0.03007685, -0.0662182 ,  0.03823813,  0.06578489],
       [-0.02547049, -0.02501456,  0.15574033, -0.04931425, -0.05667669],
       [ 0.10844581,  0.06560184,  0.06707736, -0.04974915, -0.06117428],
       [ 0.10859988, -0.06610147,  0.06935913,  0.04482858, -0.04746772],
       [ 0.10545898, -0.04903765,  0.12711589, -0.06451513, -0.0768316 ],
       [ 0.10890249, -0.04982804,  0.15708709, -0.02498357, -0.06494071],
       [-0.06187505,  0.00495968, -0.0608982 ,  0.09511375,  0.06810922],
       [-0.10830916,  0.02487368, -0.08480468,  0.04666945,  0.07130828],
       [-0.06195114,  0.06953318, -0.12713593,  0.07354822,  0.05032668],
       [ 0.09066705, -0.00463235,  0.14308075,  0.00402621, -0.05340363],
       [-0.04617385,  0.00889323, -0.11717546,  0.09964112,  0.06138773],
       [ 0.16389615, -0.05413775,  0.07263323, -0.06324283, -0.06608241],
       [-0.06447436, -0.05927601, -0.13478833,  0.0422265 ,  0.04621985],
       [ 0.00437395, -0.0557237 ,  0.11472953, -0.06334152,  0.09032679],
       [-0.10711844,  0.07030624,  0.04275639,  0.04535399, -0.0912293 ],
       [ 0.08078883,  0.18148351, -0.0957728 ,  0.04220283, -0.08351707],
       [ 0.0967879 , -0.02116316, -0.05135277,  0.15302049, -0.06456706],
       [ 0.07179823,  0.05958922, -0.09576962,  0.06323793, -0.11866141],
       [ 0.10008155,  0.03751818,  0.02002216,  0.10632425, -0.10213641],
       [-0.01404595, -0.09263166,  0.13198016,  0.00844403,  0.09358239],
       [-0.07674025, -0.07351761,  0.11034283, -0.06667847,  0.09898053],
       [-0.06132745,  0.03811777, -0.03737602,  0.02682662,  0.08962766],
       [ 0.0883336 ,  0.08502477,  0.0564875 ,  0.12045401, -0.08357676],
       [-0.0026826 , -0.10873875,  0.04137311,  0.05160182,  0.10713076],
       [ 0.15420056,  0.01876984, -0.10838959,  0.03195894, -0.09081512],
       [-0.05181273, -0.18549324, -0.06860249, -0.02386004,  0.07299172],
       [ 0.20994119, -0.00173441, -0.01239474, -0.02028598,  0.0824517 ],
       [ 0.02429446, -0.10887585,  0.11260688, -0.01926405,  0.07643641],
       [-0.01918676,  0.05977818,  0.06554287, -0.1224655 ,  0.06033729],
       [ 0.08497161,  0.03441458,  0.12593861, -0.02503627,  0.10669543],
       [ 0.0369712 ,  0.03916926,  0.01372188, -0.08183699,  0.10323656],
       [-0.0994673 ,  0.01500309, -0.14989404, -0.02964918, -0.08379018],
       [-0.05001824, -0.00467004, -0.1307955 ,  0.03541327, -0.08994519],
       [-0.04746279, -0.08758576,  0.00687013, -0.03851905, -0.07465922],
       [ 0.01988586, -0.03169046, -0.02914372, -0.10166131,  0.08426565],
       [-0.11575887,  0.01862301, -0.06280027, -0.06113122, -0.08696813],
       [-0.03226253,  0.05361368,  0.14848842, -0.00811562,  0.09086423],
       [-0.0433784 ,  0.13871501,  0.04347546,  0.01140293, -0.07395004],
       [-0.11620234,  0.12317795,  0.01967049,  0.00275568, -0.07802734],
       [-0.05442664, -0.05332366,  0.0355083 ,  0.10750027, -0.06055695],
       [-0.18945889, -0.017583  ,  0.0684595 ,  0.00129424, -0.09848727],
       [-0.1183721 , -0.0234512 ,  0.1284497 ,  0.04063499, -0.08331921],
       [ 0.17488292, -0.02649592, -0.00406745,  0.04175063,  0.07860559],
       [ 0.15840794, -0.01033961, -0.02861003, -0.01418845,  0.09126416],
       [ 0.10865286,  0.06993211, -0.11242111,  0.04870126,  0.06515487],
       [-0.08233519,  0.03005964,  0.12938583,  0.06185316, -0.06872536],
       [ 0.18866463, -0.02301237, -0.08187357,  0.0691693 ,  0.07895772],
       [-0.06435179, -0.03487363,  0.01938381, -0.01049788, -0.08431913],
       [ 0.08626628, -0.11041807, -0.12740636,  0.00623857,  0.05896843],
       [ 0.07858321,  0.0368054 , -0.06459507,  0.11899618, -0.0618997 ],
       [ 0.02914938,  0.13822329, -0.10337679,  0.00662392, -0.10098087],
       [ 0.06752711,  0.117393  , -0.00122621,  0.05882617, -0.09710587],
       [ 0.01142676, -0.14204265,  0.12569529,  0.04304813,  0.07841205],
       [-0.03887047, -0.13023496,  0.10797178, -0.01810414,  0.08317611],
       [-0.02712771, -0.03092469, -0.01512517,  0.05798255,  0.07669565],
       [ 0.05447199,  0.12706749,  0.03159647,  0.072542  , -0.0723009 ],
       [ 0.02220037, -0.14509995,  0.04886505,  0.07476762,  0.08211259],
       [ 0.10697607,  0.0820269 , -0.10880883, -0.00822358, -0.07869851],
       [-0.02662231, -0.20119962, -0.0430594 ,  0.00510436,  0.06272876],
       [ 0.07082761, -0.09393512, -0.05060181,  0.15314828, -0.07763865],
       [ 0.08149143, -0.08298424,  0.01725294,  0.15672934, -0.06615823],
       [-0.0272533 ,  0.04744768,  0.09126395, -0.09059288,  0.06946424],
       [-0.07792265,  0.06550236,  0.07396444, -0.14733889,  0.0716046 ],
       [-0.05172259,  0.12550577, -0.03278418, -0.06087022,  0.05913799],
       [ 0.07318929, -0.02820254,  0.03735113,  0.14599591, -0.05492895],
       [-0.01797727,  0.04899458,  0.01707581, -0.06431921,  0.07326606],
       [ 0.11199368, -0.08628541, -0.06311445,  0.10758574, -0.06084865],
       [-0.05323444, -0.05218862, -0.05427501, -0.09115033,  0.05382773],
       [ 0.03449494, -0.06972433,  0.04643569,  0.07187726, -0.12255579],
       [ 0.06692409, -0.00666997,  0.14588199,  0.06252204,  0.10962774],
       [-0.0043827 ,  0.02238931,  0.11618596, -0.02581442,  0.11756458],
       [ 0.01109536,  0.14978132, -0.05945098,  0.07764416,  0.10498965],
       [ 0.04612861,  0.01937067,  0.08968074,  0.11304325, -0.11005983],
       [ 0.08840514, -0.00655259,  0.02633524,  0.10848031,  0.1144418 ],
       [ 0.10615339, -0.08011945, -0.11820404, -0.01209097, -0.1084427 ],
       [-0.00673972, -0.16568943, -0.10143374,  0.00612614,  0.09591153],
       [ 0.0158407 ,  0.00419945,  0.02872551,  0.00056872,  0.10764792],
       [-0.04711245,  0.02778195, -0.00371238, -0.07390161,  0.10390802],
       [-0.02479247,  0.11875684, -0.12091528,  0.01969959,  0.08177918],
       [ 0.06773188,  0.00867103,  0.13964389,  0.12284074, -0.0830498 ],
       [ 0.03543481,  0.00622487, -0.083827  ,  0.0415118 ,  0.11024451],
       [ 0.12994701, -0.0730544 , -0.00469419,  0.04012634, -0.09446723],
       [-0.03393375, -0.11841187, -0.14293878, -0.02923844,  0.07361179],
       [-0.03869407,  0.03059061, -0.14607623, -0.03533377, -0.09249894],
       [-0.04053224, -0.06839241, -0.00463328, -0.11100872, -0.08312503],
       [ 0.0006394 , -0.06128271, -0.01753135, -0.03825667,  0.08878546],
       [-0.0991826 ,  0.05322349, -0.07653694, -0.13605032, -0.0889715 ],
       [-0.04310208,  0.01608474,  0.14349052,  0.0592451 ,  0.08553218],
       [-0.0236424 ,  0.17134147,  0.03336576, -0.05165594, -0.07607541],
       [ 0.00719432, -0.09746509,  0.02192235, -0.05266982, -0.08896475],
       [-0.04981347, -0.03743839, -0.0447519 , -0.0960316 ,  0.0843699 ],
       [-0.05466944,  0.0326806 , -0.04990229, -0.0742445 , -0.09737134],
       [-0.1041407 ,  0.04087224,  0.12535353, -0.005998  ,  0.09143971],
       [ 0.01894295,  0.16130217,  0.05939095,  0.00509766, -0.08105092],
       [-0.03026819,  0.0453377 , -0.1230118 , -0.01405821,  0.06754239],
       [-0.04722474, -0.06210888,  0.07185956, -0.12255858, -0.07689174],
       [-0.07106184,  0.11271336, -0.01343566,  0.06400869,  0.07500584],
       [ 0.01164537,  0.05072415,  0.13722834, -0.05376755, -0.06305895],
       [ 0.01828723, -0.06042638, -0.10686649, -0.00703245,  0.08999783],
       [ 0.13223987, -0.00545926,  0.03558802,  0.07438338, -0.08523362],
       [-0.03074022, -0.12595078, -0.1356251 , -0.04790956,  0.05938047],
       [-0.03874632,  0.0159178 ,  0.06517433,  0.1078611 ,  0.09800814],
       [-0.03021572,  0.1512353 ,  0.09989101, -0.06595123, -0.07048097],
       [-0.0924651 , -0.11057351, -0.04987969,  0.01882902,  0.07504578]])})
2026-01-20 11:00:42,301 - final_problem_set.kxor_instance_n18_k2_m136_ell2_eps0.3_kappa1.0_rho1.0 - INFO - Running key extraction (n=18, m=136, ell=2, phase_qubits=12)
2026-01-20 11:00:42,303 - final_problem_set.kxor_instance_n18_k2_m136_ell2_eps0.3_kappa1.0_rho1.0 - INFO - Built voting matrix V (n=18, ell=2, dtype=complex128) in 0.002s
2026-01-20 11:00:42,304 - final_problem_set.kxor_instance_n18_k2_m136_ell2_eps0.3_kappa1.0_rho1.0 - INFO - Eval: adv=1.0000, hamming=0/18 (0.000), corr=1.000
2026-01-20 11:00:42,304 - final_problem_set.kxor_instance_n18_k2_m136_ell2_eps0.3_kappa1.0_rho1.0 - INFO - Key extraction complete: x_hat=9
2026-01-20 11:00:42,304 - final_problem_set.kxor_instance_n18_k2_m136_ell2_eps0.3_kappa1.0_rho1.0 - INFO - Finished step 'KeyExtractionStep' in 0.002s (success: True, problem=kxor_instance_n18_k2_m136_ell2_eps0.3_kappa1.0_rho1.0)
2026-01-20 11:00:42,304 - final_problem_set.kxor_instance_n18_k2_m136_ell2_eps0.3_kappa1.0_rho1.0 - INFO - SUCCESS: len(z_hat)=18
2026-01-20 11:00:42,304 - final_problem_set.kxor_instance_n18_k2_m136_ell2_eps0.3_kappa1.0_rho1.0 - INFO - Metrics: adv=1.0, ham_frac=0.0, corr=1.0
2026-01-20 11:00:42,304 - final_problem_set.kxor_instance_n18_k2_m136_ell2_eps0.3_kappa1.0_rho1.0 - INFO - z_hat (full): [ 1, -1, -1, -1, -1,  1, -1, -1, -1, -1, -1,  1,  1,  1, -1,  1, -1,  1]
