2026-01-20 11:01:29,954 - final_problem_set.kxor_instance_n24_k2_m199_ell2_eps0.3_kappa1.0_rho0.6 - INFO - Starting iteration for /Users/julian/CodingProjects/UniT3/QuarticSpeedupK-XOR/z_Daphne/data/final_problem_set/kxor_instance_n24_k2_m199_ell2_eps0.3_kappa1.0_rho0.6.npz
2026-01-20 11:01:29,954 - final_problem_set.kxor_instance_n24_k2_m199_ell2_eps0.3_kappa1.0_rho0.6 - INFO - Loaded instance (n=24, m=199, k=2)
2026-01-20 11:01:29,954 - final_problem_set.kxor_instance_n24_k2_m199_ell2_eps0.3_kappa1.0_rho0.6 - INFO - Starting step 'ComputeKikuchiStep' (version 0.1) on problem kxor_instance_n24_k2_m199_ell2_eps0.3_kappa1.0_rho0.6 (fields={'ell': 2, 'threshold': 0.0})
2026-01-20 11:01:29,986 - final_problem_set.kxor_instance_n24_k2_m199_ell2_eps0.3_kappa1.0_rho0.6 - INFO - Finished step 'ComputeKikuchiStep' in 0.031s (success: True, problem=kxor_instance_n24_k2_m199_ell2_eps0.3_kappa1.0_rho0.6)
2026-01-20 11:01:29,986 - final_problem_set.kxor_instance_n24_k2_m199_ell2_eps0.3_kappa1.0_rho0.6 - INFO - Starting step 'ClassicalEigenvaluesStep' (version 0.1) on problem kxor_instance_n24_k2_m199_ell2_eps0.3_kappa1.0_rho0.6 (fields={'ell': 2, 'threshold': 0.0, 'kikuchi_matrix': <Dictionary Of Keys sparse matrix of dtype 'int64'
	with 6292 stored elements and shape (276, 276)>, 'num_eigenvalues': 5})
2026-01-20 11:01:30,105 - final_problem_set.kxor_instance_n24_k2_m199_ell2_eps0.3_kappa1.0_rho0.6 - INFO - Finished step 'ClassicalEigenvaluesStep' in 0.119s (success: True, problem=kxor_instance_n24_k2_m199_ell2_eps0.3_kappa1.0_rho0.6)
2026-01-20 11:01:30,105 - final_problem_set.kxor_instance_n24_k2_m199_ell2_eps0.3_kappa1.0_rho0.6 - INFO - Starting step 'KeyExtractionStep' (version 0.1) on problem kxor_instance_n24_k2_m199_ell2_eps0.3_kappa1.0_rho0.6 (fields={'ell': 2, 'threshold': 0.0, 'kikuchi_matrix': <Dictionary Of Keys sparse matrix of dtype 'int64'
	with 6292 stored elements and shape (276, 276)>, 'num_eigenvalues': 5, 'eigenvalues': array([-11.43070778, -10.78206559,  11.0839845 ,  11.82001777,  14.64157267]), 'eigenvectors': array([[ 0.07893094, -0.00776705,  0.05241279,  0.12149068,  0.03632552],
       [-0.07796461, -0.05603013, -0.02504617, -0.022961  , -0.08168022],
       [-0.06951613, -0.04956172,  0.1302317 ,  0.02687615,  0.06944656],
       [ 0.05363699,  0.10131087,  0.0139697 ,  0.1015885 ,  0.03162609],
       [-0.03114217, -0.06489906,  0.12424089,  0.03659627,  0.05671501],
       [ 0.08562081, -0.04128533, -0.08207678, -0.03998077, -0.08556874],
       [ 0.08953773, -0.01685904,  0.09521707,  0.06233564,  0.09355214],
       [ 0.0409341 , -0.05288213,  0.13230676,  0.02530303,  0.0758913 ],
       [ 0.08111526, -0.0185981 ,  0.06480284,  0.14028955,  0.07876233],
       [ 0.0181277 , -0.04839147,  0.05751447, -0.03001546,  0.05918432],
       [ 0.05770243,  0.01816538,  0.06589369, -0.05155248,  0.09784961],
       [ 0.02298527, -0.00858646,  0.11207992, -0.02712422,  0.09901687],
       [ 0.0854519 , -0.08370913, -0.05000184, -0.09039458, -0.08100726],
       [ 0.02594617,  0.09375767, -0.1037978 , -0.03903489, -0.10529316],
       [-0.04400228, -0.03932665,  0.00612426,  0.01630872,  0.04820809],
       [ 0.04001133,  0.03419423,  0.01887981, -0.02279052, -0.01299516],
       [-0.08836546, -0.00525521, -0.04148324,  0.08258626, -0.06358551],
       [-0.05930589, -0.05167761, -0.05603965,  0.07280528,  0.06535376],
       [ 0.06590468, -0.12139885, -0.14129425,  0.07800527, -0.06863127],
       [-0.04727652, -0.05327785,  0.02400999,  0.06137771,  0.09479461],
       [ 0.05958208,  0.00352427,  0.00387951,  0.0467771 ,  0.06906122],
       [-0.0802662 ,  0.0557415 , -0.06243581,  0.04940186,  0.04587444],
       [-0.06240378,  0.11153763,  0.09823594,  0.06115978,  0.06680126],
       [ 0.10565544,  0.06299013, -0.01170601, -0.09862534, -0.0483052 ],
       [ 0.09119627,  0.04869606,  0.06208051,  0.07541504,  0.03844379],
       [-0.05707507, -0.09098387,  0.00055407,  0.07826739,  0.01420104],
       [ 0.02408498,  0.0530689 ,  0.05340237,  0.07395831,  0.03236525],
       [-0.06343782,  0.02956661, -0.03352092, -0.104259  , -0.04523463],
       [-0.10498756,  0.00441594,  0.04165566,  0.13153256,  0.0534481 ],
       [-0.04325259,  0.04402627,  0.07013684,  0.09428184,  0.04676492],
       [-0.11299198,  0.01424507,  0.02569097,  0.13481195,  0.03374089],
       [-0.01195   ,  0.05440281,  0.0258518 ,  0.0395069 ,  0.03513032],
       [-0.04045482, -0.00961558,  0.02177019,  0.04342757,  0.05865142],
       [-0.01350763, -0.00227019,  0.05122408,  0.06692237,  0.06430746],
       [-0.07853846,  0.05726255, -0.02422935, -0.10748065, -0.03653924],
       [-0.02622315, -0.08107584, -0.04193528, -0.12800308, -0.06591201],
       [ 0.02805624,  0.03299095, -0.00426722,  0.05913959,  0.03132055],
       [-0.0438878 , -0.03057416,  0.01906864, -0.00506834, -0.00589404],
       [ 0.07086446,  0.01154466, -0.01467424, -0.0061547 , -0.04117651],
       [ 0.09160199,  0.06413787, -0.02923649,  0.08176957,  0.02885368],
       [-0.05819251,  0.09900467, -0.07077596, -0.01541934, -0.04479138],
       [ 0.03564277,  0.03279362,  0.01137025,  0.10167408,  0.0421374 ],
       [-0.0749982 ,  0.0003392 , -0.00058468,  0.09367808,  0.03929455],
       [ 0.11166441, -0.05557283, -0.03875157,  0.06060424,  0.02259227],
       [ 0.04439084, -0.07506572,  0.03742826,  0.09474978,  0.03527572],
       [-0.05897127, -0.11495708, -0.00370753,  0.02168203, -0.05982712],
       [ 0.02607829,  0.13765396,  0.04090562, -0.07356168, -0.03961018],
       [-0.01873332, -0.10007402, -0.04349005,  0.00313611, -0.06687331],
       [ 0.09433819,  0.02438743, -0.05692908, -0.02562952,  0.08055397],
       [ 0.13918791,  0.07974461,  0.06911832,  0.01548882, -0.10031603],
       [ 0.08508348, -0.01752188, -0.01453015,  0.03255401, -0.07136954],
       [ 0.0957378 ,  0.05954837,  0.06585103, -0.09283082, -0.09831497],
       [ 0.03715652, -0.03216916,  0.0305624 ,  0.06771129, -0.04261205],
       [ 0.05253116,  0.06080965,  0.08641384,  0.11127889, -0.07321016],
       [ 0.02954173, -0.00179684,  0.04815272,  0.09974161, -0.08564847],
       [ 0.13844125, -0.02293272, -0.05734883,  0.01566803,  0.06360546],
       [-0.00591114,  0.10396533, -0.07594724, -0.04387791,  0.10102227],
       [-0.03705113, -0.07258021,  0.06707571,  0.01971978, -0.05065947],
       [ 0.03339634,  0.06938109, -0.03602596,  0.01442428,  0.00372485],
       [-0.09885344, -0.07731457, -0.06036878, -0.12622864,  0.05116193],
       [-0.05972124, -0.12811981,  0.11914917, -0.01171055, -0.04588158],
       [ 0.12540831, -0.08566927,  0.00870814, -0.12217953,  0.05922696],
       [-0.0289162 , -0.08872115,  0.08402555,  0.01130208, -0.07389832],
       [ 0.10509148,  0.09287913,  0.06589068,  0.01090941, -0.05684684],
       [-0.13109907, -0.02610545,  0.10141801, -0.01285908, -0.03152775],
       [-0.11413903,  0.07095765,  0.00376488, -0.01728532, -0.08872884],
       [ 0.02180911,  0.11152676,  0.00658509,  0.05186632,  0.02291963],
       [-0.01327653, -0.07588475,  0.10996255,  0.0097029 ,  0.0511846 ],
       [ 0.08246332,  0.02091096, -0.06167876,  0.01003878, -0.07318787],
       [ 0.09775565,  0.04529111,  0.06127651, -0.00040101,  0.0704762 ],
       [ 0.05710904, -0.03662878,  0.08834788, -0.00831086,  0.05424074],
       [ 0.0819199 ,  0.04661542,  0.05077738,  0.05927764,  0.06343523],
       [ 0.02933081, -0.03345372,  0.02870075, -0.04497089,  0.04262892],
       [ 0.03831438,  0.03964488,  0.01620427, -0.05792473,  0.05526358],
       [ 0.03081646,  0.00281568,  0.06387436, -0.05639389,  0.07040798],
       [ 0.12506394, -0.02806415, -0.02111034, -0.01812435, -0.05288585],
       [-0.0025371 ,  0.09661955, -0.07151654,  0.02016818, -0.0881943 ],
       [-0.02407984, -0.05080707,  0.00619586, -0.00626718,  0.0403734 ],
       [ 0.03977248,  0.07595129,  0.02600091, -0.00808001, -0.00564136],
       [-0.07876929, -0.0566923 , -0.01686252,  0.08147236, -0.04613519],
       [-0.04208083, -0.09292914, -0.05804626,  0.01317799,  0.04760136],
       [ 0.10202617, -0.08065434, -0.07304249,  0.0668806 , -0.0425018 ],
       [-0.02933636, -0.08787141,  0.00713245,  0.00187516,  0.07065093],
       [ 0.07339728,  0.0549071 ,  0.00135478,  0.00330109,  0.05888699],
       [-0.10498224, -0.0119714 , -0.05609599,  0.01117218,  0.03396483],
       [-0.08607608,  0.07534391,  0.09564119,  0.02024592,  0.06325571],
       [-0.00699855,  0.05436294,  0.01452134,  0.06007726,  0.0224748 ],
       [-0.07123544, -0.07391775,  0.01511601, -0.08232969, -0.03557288],
       [-0.07872403, -0.11511515, -0.01129497,  0.09409781,  0.0351286 ],
       [-0.05322712, -0.01347263,  0.01448728,  0.07357381,  0.03286329],
       [-0.07536053, -0.11658563, -0.01200091,  0.09291861,  0.02103551],
       [-0.03897861,  0.0075947 , -0.01137534,  0.03093687,  0.02575051],
       [-0.03055122, -0.06546411, -0.02012979,  0.03698245,  0.0325817 ],
       [-0.02087377, -0.01039903, -0.00664936,  0.05524468,  0.03724423],
       [-0.10937876, -0.05084253,  0.02287371, -0.08514139, -0.02878676],
       [ 0.02381575, -0.06243477,  0.0159665 , -0.09363231, -0.03523724],
       [ 0.00377859,  0.0449895 , -0.01454967,  0.0394423 ,  0.01702127],
       [-0.01418517, -0.07519615,  0.01414026, -0.00278895, -0.00209092],
       [ 0.0387725 ,  0.08472598,  0.01756937, -0.00765181, -0.02641785],
       [ 0.01211009,  0.11180277, -0.03959494,  0.04969934,  0.0190005 ],
       [-0.09890508,  0.00249405, -0.02276744, -0.01292938, -0.02948543],
       [ 0.00265727,  0.09075995, -0.03925547,  0.08190055,  0.03513889],
       [-0.05389669, -0.0974092 , -0.03106776,  0.07000958,  0.02839821],
       [ 0.11105912,  0.09286299, -0.04255177,  0.04028311,  0.01287765],
       [ 0.08309052, -0.00772794,  0.00330754,  0.0802894 ,  0.02518639],
       [ 0.037369  ,  0.04787919, -0.0966899 , -0.01359964, -0.07551561],
       [ 0.04040302,  0.06956479,  0.10863337,  0.03026206,  0.08143007],
       [ 0.02694784,  0.00779277,  0.10804733,  0.00822465,  0.05197212],
       [ 0.04063266,  0.07161798,  0.08404199,  0.09312074,  0.06907899],
       [ 0.02035768, -0.00427057,  0.05509027, -0.03079036,  0.04217884],
       [ 0.01462057,  0.03995117,  0.06359413, -0.04362127,  0.06311696],
       [ 0.01048527,  0.00429166,  0.09084182, -0.02274538,  0.05974994],
       [ 0.05534066,  0.03512599, -0.05745524, -0.04929037, -0.06220682],
       [-0.01361568,  0.04331078, -0.1157851 , -0.00991461, -0.08672173],
       [ 0.0012193 , -0.02859302,  0.02746414,  0.00470829,  0.03916119],
       [ 0.00796973,  0.05264935,  0.01917412, -0.01104261, -0.00620389],
       [-0.01942601, -0.05504482, -0.04394832,  0.06545788, -0.04504403],
       [-0.00532805, -0.06489264, -0.02564379,  0.03761238,  0.05200649],
       [ 0.05081453, -0.00433477, -0.10100709,  0.05321533, -0.04337726],
       [-0.00057298, -0.05556872,  0.04257472,  0.02503188,  0.07018544],
       [ 0.02260091,  0.05309583,  0.02162004,  0.01956587,  0.04843264],
       [-0.05945777, -0.06004672, -0.03318464,  0.02164272,  0.0316027 ],
       [-0.0400935 ,  0.0064635 ,  0.09328283,  0.03064262,  0.04977635],
       [-0.08974831,  0.04080492,  0.00431367, -0.00767459, -0.09515063],
       [-0.03696263,  0.06300104, -0.08129039,  0.01602498, -0.09283596],
       [-0.0748259 ,  0.04076282,  0.00924182, -0.09539083, -0.08559454],
       [ 0.00652443,  0.04648781,  0.00996302,  0.05817613, -0.05278125],
       [-0.03030684, -0.00035606,  0.03387529,  0.08356378, -0.07919935],
       [-0.02055286,  0.0070982 , -0.01260102,  0.07585253, -0.10133171],
       [-0.0633054 ,  0.09688925, -0.02801955,  0.03954714,  0.08410096],
       [-0.03575983, -0.06831601, -0.01042871, -0.016777  ,  0.10583908],
       [ 0.03187744,  0.01901049,  0.04314247,  0.00345755, -0.05498457],
       [-0.05525447, -0.0156549 , -0.04544166,  0.0133677 ,  0.0071658 ],
       [ 0.07220018, -0.01634231, -0.02368265, -0.10070172,  0.05145165],
       [ 0.10098094,  0.03828977,  0.11541711, -0.02725806, -0.05017914],
       [-0.035814  ,  0.11786815,  0.07109232, -0.10841064,  0.06732964],
       [ 0.04246205,  0.01827201,  0.06613122, -0.01120777, -0.09421551],
       [-0.07163867,  0.02562004,  0.06038449, -0.01049544, -0.08086868],
       [ 0.07115528, -0.07298045,  0.12393454, -0.01966927, -0.04606075],
       [ 0.03108092, -0.0981661 , -0.05144394, -0.03441322, -0.08317621],
       [-0.04974776,  0.07077211,  0.08750845, -0.00029898,  0.09908906],
       [-0.14652307,  0.03032319, -0.00290409,  0.11433986,  0.08708846],
       [-0.02710139,  0.06809709, -0.00873437, -0.05460464,  0.05784294],
       [-0.06114166, -0.01640456, -0.03998741, -0.08947814,  0.09387318],
       [-0.03034515, -0.00491057,  0.01391684, -0.06905658,  0.1105696 ],
       [-0.09776759,  0.08238193,  0.03159363, -0.0539348 , -0.08584498],
       [-0.03576416, -0.10566949,  0.00640671,  0.00425408, -0.1150059 ],
       [ 0.03281551,  0.04069243, -0.03978334,  0.00084335,  0.05234426],
       [-0.07636934, -0.0503683 ,  0.04837729, -0.01514085, -0.00820248],
       [ 0.11319956,  0.00502649,  0.03291494,  0.11327927, -0.06541813],
       [ 0.09615526,  0.0591423 , -0.13099495,  0.03330993,  0.05729956],
       [-0.06600148,  0.12747223, -0.0723387 ,  0.10318115, -0.06787649],
       [ 0.07057241,  0.0569482 , -0.07363756,  0.02488767,  0.10563174],
       [-0.07304833,  0.0059246 , -0.06826342,  0.02696371,  0.0981476 ],
       [ 0.11380761, -0.07131658, -0.11984628,  0.02260297,  0.03862359],
       [ 0.05523151, -0.11208317,  0.05744578,  0.04535599,  0.08065922],
       [-0.0520522 ,  0.06542047,  0.07083169,  0.09085749,  0.08737284],
       [ 0.00403468,  0.03501975,  0.04100992, -0.06003235,  0.05121219],
       [-0.03379336,  0.02730891,  0.03002502, -0.07757685,  0.06846812],
       [-0.01468729,  0.00271879,  0.071956  , -0.06554488,  0.07507489],
       [-0.02639526,  0.06483869, -0.03288344, -0.02854569, -0.06690244],
       [-0.03154172, -0.03046329, -0.09310995,  0.02827808, -0.10904782],
       [ 0.01925326, -0.00316284,  0.01111938, -0.01049691,  0.05064729],
       [-0.04585195,  0.00781269,  0.01970957, -0.01216375, -0.01145822],
       [ 0.037737  , -0.03710164, -0.03164222,  0.11547423, -0.059531  ],
       [ 0.05843715, -0.02744161, -0.0547306 ,  0.01900402,  0.05813793],
       [-0.0083916 ,  0.06742181, -0.09256921,  0.09121116, -0.05221263],
       [ 0.036991  , -0.00470968,  0.01951548,  0.00020661,  0.08496549],
       [-0.03293666,  0.05505122,  0.00587835,  0.0016128 ,  0.06607894],
       [ 0.04838898, -0.09690953, -0.05876793,  0.01602694,  0.03896695],
       [ 0.00346672, -0.05629335,  0.09642945,  0.02027477,  0.06845326],
       [-0.00053171,  0.05408746, -0.00847444,  0.01968311,  0.0681554 ],
       [-0.05622212, -0.01235955, -0.03112323,  0.00674438,  0.08838134],
       [-0.03349428,  0.00518511,  0.01234604,  0.03857296,  0.10271997],
       [-0.10003793,  0.09080897,  0.0252177 , -0.11707492, -0.07055848],
       [-0.02611372, -0.09910619,  0.01105942, -0.10706132, -0.10329853],
       [ 0.04482864,  0.03841625, -0.04138935,  0.0563123 ,  0.05378738],
       [-0.06260286, -0.04075532,  0.04374445, -0.01693265, -0.00918705],
       [ 0.08722407,  0.00448512,  0.02835357,  0.03259929, -0.06887901],
       [ 0.08918953,  0.0610566 , -0.10287751,  0.07182113,  0.04701154],
       [-0.07601681,  0.13901601, -0.07058447,  0.02705996, -0.07450887],
       [ 0.04407024,  0.04913913, -0.0552838 ,  0.09737484,  0.08093204],
       [-0.09183008,  0.00483807, -0.05610719,  0.09934892,  0.07667227],
       [ 0.10407984, -0.07015876, -0.10177898,  0.05149264,  0.03389326],
       [ 0.063319  , -0.11162609,  0.0373035 ,  0.10505504,  0.06553519],
       [-0.00475724,  0.02687703, -0.03071154, -0.10276869,  0.04480112],
       [-0.00239311,  0.01027579, -0.00421975, -0.08919574,  0.04805934],
       [ 0.00824689,  0.06554292,  0.02398426,  0.02407746, -0.05097117],
       [-0.0264497 , -0.00198031,  0.01185311,  0.0832183 , -0.06914606],
       [ 0.01528187, -0.01816481, -0.0252899 , -0.03687427,  0.03256793],
       [-0.02059222,  0.0235883 ,  0.02798943, -0.00626733, -0.00345998],
       [ 0.01741487, -0.04741871,  0.02734245,  0.10240812, -0.0298908 ],
       [ 0.04091065, -0.0210894 , -0.0894645 , -0.02166816,  0.0379682 ],
       [ 0.01715928,  0.04553905, -0.02329872,  0.0893975 , -0.03159641],
       [ 0.01795608, -0.03036074, -0.03456777, -0.04521176,  0.05001981],
       [-0.01370041,  0.05041932, -0.03417328, -0.04058487,  0.04480908],
       [-0.00663951, -0.05756942, -0.05630284, -0.00955165,  0.02079925],
       [-0.01587579, -0.04687097,  0.03159452, -0.02753491,  0.05214179],
       [-0.01473258, -0.00371421, -0.02873964, -0.12145115,  0.0667538 ],
       [-0.05520543,  0.02734328,  0.06165813,  0.04326607, -0.07475365],
       [-0.0128206 , -0.04596772,  0.04275854,  0.10869252, -0.08884035],
       [ 0.01501262,  0.01662378, -0.03935358, -0.03957184,  0.04206111],
       [-0.02929744, -0.03453937,  0.04366312, -0.00704787, -0.00480055],
       [ 0.05453968,  0.0195876 ,  0.04180475,  0.11589052, -0.03652672],
       [ 0.05180443,  0.06034835, -0.13084093, -0.03257141,  0.04955576],
       [-0.03969031,  0.04565239, -0.02105372,  0.11955523, -0.04418672],
       [ 0.02014885,  0.02471646, -0.07775429, -0.06773817,  0.0737655 ],
       [-0.04467822, -0.01640437, -0.07038666, -0.06084127,  0.06595426],
       [ 0.05147611,  0.00259949, -0.09675797, -0.01896125,  0.02851999],
       [ 0.03423794, -0.04704246,  0.02905578, -0.03846013,  0.07380725],
       [-0.01587137, -0.00598008,  0.01757061,  0.01737161, -0.07855432],
       [-0.01240886, -0.00856109, -0.00879623,  0.09146138, -0.10467016],
       [ 0.01298751,  0.0122684 , -0.02549781, -0.04036508,  0.05270869],
       [-0.01093056,  0.00436429,  0.04254628, -0.01947263, -0.00185662],
       [ 0.03119006,  0.00789425,  0.02184741,  0.12437118, -0.04501034],
       [ 0.03146962,  0.00648672, -0.11422552, -0.01769602,  0.06113954],
       [-0.01412798,  0.00066024, -0.05869717,  0.12375062, -0.05235202],
       [ 0.01515119,  0.00230787, -0.05150976, -0.05645035,  0.09327537],
       [-0.02789349, -0.00300555, -0.04228464, -0.03890289,  0.06628545],
       [ 0.02915533, -0.01205858, -0.10329122, -0.01451446,  0.03926955],
       [ 0.01219928,  0.00415913,  0.06038675, -0.01502883,  0.07502626],
       [-0.06331053, -0.06448283, -0.04440519,  0.04107885,  0.10763178],
       [ 0.04952872,  0.01045724,  0.05185389, -0.02242191, -0.04915092],
       [-0.07606963,  0.00949192, -0.03903246,  0.01284939,  0.00634003],
       [ 0.1051075 , -0.05260891, -0.03683903, -0.06971033,  0.05529755],
       [ 0.13188282, -0.01113429,  0.09059219, -0.03653934, -0.03932048],
       [-0.01614418,  0.12137344,  0.03251806, -0.06731337,  0.06569856],
       [ 0.0755101 , -0.01134641,  0.05764448, -0.04212144, -0.0677261 ],
       [-0.07176202,  0.05724508,  0.0491693 , -0.0388879 , -0.05509396],
       [ 0.07377128, -0.1271919 ,  0.10876758, -0.04073751, -0.03674582],
       [ 0.01472594, -0.09489783, -0.02035658, -0.08085991, -0.07902112],
       [-0.00867585,  0.03761607,  0.04772073,  0.01244364, -0.0638846 ],
       [ 0.00194298, -0.06190819, -0.05490115,  0.01735293,  0.00740124],
       [ 0.00638584,  0.07895936, -0.03791758, -0.1285711 ,  0.05917169],
       [-0.01056596,  0.10004044,  0.1595547 , -0.02592042, -0.07071723],
       [-0.06168747, -0.02221203,  0.07872981, -0.12877204,  0.07086165],
       [-0.01268881,  0.06190661,  0.08740715, -0.00021609, -0.11566174],
       [-0.02633747, -0.08787388,  0.0765914 , -0.0030601 , -0.09684233],
       [ 0.06675767,  0.0897086 ,  0.13405155, -0.01501047, -0.03974676],
       [ 0.04855808,  0.02038064, -0.0588873 , -0.03012708, -0.08784033],
       [ 0.02020909,  0.04472105,  0.01870245, -0.00696553, -0.00120122],
       [-0.01195327, -0.03228206,  0.03395323,  0.05070657, -0.029529  ],
       [-0.01887738, -0.05877703, -0.09060081,  0.01572627,  0.03348348],
       [ 0.03997532, -0.01401507, -0.01401513,  0.05927916, -0.03646674],
       [-0.00387927, -0.02938877, -0.08261236,  0.0077531 ,  0.06082631],
       [ 0.0227926 ,  0.02625433, -0.05147526,  0.00272727,  0.03954236],
       [-0.06802526, -0.01688183, -0.06365947,  0.00792659,  0.01960833],
       [-0.02776073,  0.01149289, -0.00328212,  0.0188258 ,  0.04611522],
       [ 0.0524852 ,  0.04656232, -0.03346888,  0.00517171,  0.00269478],
       [ 0.03676576,  0.08435084,  0.03807244, -0.00692972, -0.00338957],
       [-0.06722189,  0.04335548, -0.02512235,  0.00419523,  0.00443885],
       [ 0.01345811,  0.04432506,  0.05816746, -0.01381441, -0.01225504],
       [-0.05371203, -0.04871662,  0.03409601, -0.01266987, -0.00514201],
       [ 0.07899353,  0.01803561,  0.02681803, -0.00560523, -0.00188865],
       [ 0.05929197, -0.03596723,  0.0318919 , -0.0152947 , -0.00859661],
       [-0.06678265, -0.06123657,  0.08059494,  0.03884587, -0.03172351],
       [ 0.07537443, -0.08391548,  0.01595461, -0.10929004,  0.03070739],
       [-0.02402279, -0.04834418,  0.05624934,  0.0886873 , -0.05130999],
       [ 0.07567982,  0.00600003,  0.0518454 ,  0.0792068 , -0.04571505],
       [-0.14231502,  0.04945632,  0.09101784,  0.0447645 , -0.02515711],
       [-0.05467999,  0.06853762, -0.01526787,  0.06034094, -0.0469782 ],
       [ 0.11040299, -0.06540994,  0.04996624,  0.04598162, -0.04572517],
       [-0.02823431, -0.11171197, -0.12049256,  0.02647035,  0.04374106],
       [ 0.06391252,  0.05649824, -0.09447083,  0.02627796,  0.04001557],
       [-0.12666102, -0.02422384, -0.11377227,  0.01700941,  0.02011871],
       [-0.09249482,  0.06421955, -0.06965233,  0.05185544,  0.05206741],
       [ 0.06432468, -0.0422476 , -0.01560804,  0.09203041, -0.06928977],
       [-0.05301096,  0.10521542, -0.00573025,  0.07760623, -0.05582959],
       [ 0.04188958, -0.15675189,  0.04959108,  0.04240733, -0.03068275],
       [-0.0092496 , -0.08454415, -0.11393243,  0.0665996 , -0.06219659],
       [ 0.04271415,  0.04585419, -0.07218296,  0.01720814,  0.06159268],
       [-0.08603142, -0.02322909, -0.10893891,  0.01963701,  0.02947982],
       [-0.05022649,  0.03523522, -0.00495738,  0.04138474,  0.07285476],
       [ 0.08205806, -0.03630524, -0.0830259 ,  0.01915571,  0.02667442],
       [ 0.04450693, -0.09494379, -0.01499076,  0.04324008,  0.06712684],
       [-0.04731381,  0.15172356, -0.07216487,  0.02973695,  0.03275813]])})
2026-01-20 11:01:30,107 - final_problem_set.kxor_instance_n24_k2_m199_ell2_eps0.3_kappa1.0_rho0.6 - INFO - Running key extraction (n=24, m=199, ell=2, phase_qubits=13)
2026-01-20 11:01:30,111 - final_problem_set.kxor_instance_n24_k2_m199_ell2_eps0.3_kappa1.0_rho0.6 - INFO - Built voting matrix V (n=24, ell=2, dtype=complex128) in 0.004s
2026-01-20 11:01:30,112 - final_problem_set.kxor_instance_n24_k2_m199_ell2_eps0.3_kappa1.0_rho0.6 - INFO - Eval: adv=0.5678, hamming=0/24 (0.000), corr=1.000
2026-01-20 11:01:30,112 - final_problem_set.kxor_instance_n24_k2_m199_ell2_eps0.3_kappa1.0_rho0.6 - INFO - Key extraction complete: x_hat=14
2026-01-20 11:01:30,112 - final_problem_set.kxor_instance_n24_k2_m199_ell2_eps0.3_kappa1.0_rho0.6 - INFO - Finished step 'KeyExtractionStep' in 0.005s (success: True, problem=kxor_instance_n24_k2_m199_ell2_eps0.3_kappa1.0_rho0.6)
2026-01-20 11:01:30,112 - final_problem_set.kxor_instance_n24_k2_m199_ell2_eps0.3_kappa1.0_rho0.6 - INFO - SUCCESS: len(z_hat)=24
2026-01-20 11:01:30,112 - final_problem_set.kxor_instance_n24_k2_m199_ell2_eps0.3_kappa1.0_rho0.6 - INFO - Metrics: adv=0.5678391959798995, ham_frac=0.0, corr=1.0
2026-01-20 11:01:30,112 - final_problem_set.kxor_instance_n24_k2_m199_ell2_eps0.3_kappa1.0_rho0.6 - INFO - z_hat (full): [ 1,  1, -1,  1,  1,  1, -1,  1,  1,  1,  1,  1,  1, -1, -1,  1, -1, -1,  1, -1,  1,  1,  1,  1]
