2026-01-20 11:00:50,089 - final_problem_set.kxor_instance_n19_k2_m172_ell2_eps0.25_kappa0.875_rho0.4 - INFO - Starting iteration for /Users/julian/CodingProjects/UniT3/QuarticSpeedupK-XOR/z_Daphne/data/final_problem_set/kxor_instance_n19_k2_m172_ell2_eps0.25_kappa0.875_rho0.4.npz
2026-01-20 11:00:50,090 - final_problem_set.kxor_instance_n19_k2_m172_ell2_eps0.25_kappa0.875_rho0.4 - INFO - Loaded instance (n=19, m=172, k=2)
2026-01-20 11:00:50,090 - final_problem_set.kxor_instance_n19_k2_m172_ell2_eps0.25_kappa0.875_rho0.4 - INFO - Starting step 'ComputeKikuchiStep' (version 0.1) on problem kxor_instance_n19_k2_m172_ell2_eps0.25_kappa0.875_rho0.4 (fields={'ell': 2, 'threshold': 0.0})
2026-01-20 11:00:50,110 - final_problem_set.kxor_instance_n19_k2_m172_ell2_eps0.25_kappa0.875_rho0.4 - INFO - Finished step 'ComputeKikuchiStep' in 0.020s (success: True, problem=kxor_instance_n19_k2_m172_ell2_eps0.25_kappa0.875_rho0.4)
2026-01-20 11:00:50,110 - final_problem_set.kxor_instance_n19_k2_m172_ell2_eps0.25_kappa0.875_rho0.4 - INFO - Starting step 'ClassicalEigenvaluesStep' (version 0.1) on problem kxor_instance_n19_k2_m172_ell2_eps0.25_kappa0.875_rho0.4 (fields={'ell': 2, 'threshold': 0.0, 'kikuchi_matrix': <Dictionary Of Keys sparse matrix of dtype 'int64'
	with 3468 stored elements and shape (171, 171)>, 'num_eigenvalues': 5})
2026-01-20 11:00:50,168 - final_problem_set.kxor_instance_n19_k2_m172_ell2_eps0.25_kappa0.875_rho0.4 - INFO - Finished step 'ClassicalEigenvaluesStep' in 0.058s (success: True, problem=kxor_instance_n19_k2_m172_ell2_eps0.25_kappa0.875_rho0.4)
2026-01-20 11:00:50,168 - final_problem_set.kxor_instance_n19_k2_m172_ell2_eps0.25_kappa0.875_rho0.4 - INFO - Starting step 'KeyExtractionStep' (version 0.1) on problem kxor_instance_n19_k2_m172_ell2_eps0.25_kappa0.875_rho0.4 (fields={'ell': 2, 'threshold': 0.0, 'kikuchi_matrix': <Dictionary Of Keys sparse matrix of dtype 'int64'
	with 3468 stored elements and shape (171, 171)>, 'num_eigenvalues': 5, 'eigenvalues': array([ 9.31375251,  9.83370464,  9.94267018, 11.44453034, 12.42303661]), 'eigenvectors': array([[-1.79704525e-01, -6.01186930e-02, -6.96740216e-03, -4.39831699e-02, -1.28333985e-02],
       [ 8.43307432e-03,  1.57353440e-01, -3.31778341e-02,  1.74065911e-02, -1.10907849e-01],
       [-8.22197108e-02,  1.30790266e-01, -1.84623569e-02,  1.95021911e-02, -1.05914706e-01],
       [ 4.20819199e-02,  9.70439483e-02, -5.37053870e-02,  9.84053129e-03, -1.45088577e-01],
       [-7.45867269e-02,  1.29802195e-02,  9.60651719e-02,  1.10975252e-01,  9.64946010e-02],
       [ 1.40967550e-02, -4.52688645e-02,  3.22284192e-02,  5.81715136e-02,  2.38162346e-02],
       [-1.47047354e-01, -5.86240431e-02,  1.15505906e-02, -6.31970210e-02,  6.89210829e-02],
       [-2.81491572e-02, -9.17531565e-02,  4.76079038e-02, -8.20945560e-03,  1.33515326e-01],
       [ 1.89752690e-02, -6.23244377e-02,  4.58706674e-02,  9.05030702e-02,  4.39201646e-02],
       [ 9.06590015e-03, -1.48602643e-01, -7.15535643e-02, -1.32930276e-01, -2.21102893e-02],
       [ 4.65314515e-03, -1.46746859e-01, -1.27893988e-02, -6.88433636e-02,  1.24514543e-01],
       [ 5.42716768e-05,  5.35046997e-03, -3.59146200e-02,  4.84248186e-03, -1.10521252e-01],
       [-5.61775898e-02,  9.89632962e-02,  1.29709169e-02,  6.15793327e-02, -1.15273507e-01],
       [-8.25911100e-02, -7.70355991e-02, -7.92442802e-02, -1.17859109e-01, -7.40078324e-02],
       [ 1.45839059e-01, -3.00885075e-04, -5.82484294e-02, -1.36983718e-01,  3.92228164e-02],
       [-7.53258613e-02,  1.32233864e-04,  9.10814179e-02,  7.35112227e-02,  1.21017294e-01],
       [-4.11562088e-02,  5.78242086e-04, -4.27852612e-02, -5.65067330e-03, -1.26603671e-01],
       [-1.90265804e-02,  1.20632873e-01, -6.85653926e-02, -6.92544176e-02, -9.85503215e-02],
       [ 1.65310772e-01,  6.35235977e-02, -3.28565027e-02,  4.37774903e-02,  9.04214517e-03],
       [ 1.39113952e-01,  6.59137829e-02, -4.34741023e-02,  4.98687335e-02, -8.85125205e-04],
       [ 1.65296588e-01,  5.44233069e-02, -4.28326575e-02,  3.68177700e-02,  1.80165338e-02],
       [-1.18021024e-01, -4.90738899e-02, -5.40016792e-02, -1.06472317e-02,  1.23554924e-03],
       [-4.77535424e-02, -2.91498718e-02, -3.52969104e-02, -3.29611131e-03,  1.79345622e-04],
       [-5.95942519e-02, -2.07442577e-02,  4.59139816e-02, -1.75469307e-02, -7.08745489e-03],
       [-1.92381480e-01, -5.67842327e-02,  4.53416491e-02, -5.02239097e-02, -1.06505071e-02],
       [-8.42310308e-02, -4.82734129e-02, -5.80229618e-02, -9.97516753e-03,  4.47111195e-03],
       [ 2.16227723e-02,  4.56046200e-03,  5.81048465e-02, -8.95805226e-03, -2.81469921e-03],
       [-1.72282864e-01, -4.63360707e-02,  8.89857587e-02, -5.27115036e-02, -1.58978221e-02],
       [ 1.38607704e-01,  3.10091584e-02, -4.69153433e-02,  3.55575274e-02,  1.02777613e-02],
       [ 1.57397343e-01,  3.33437478e-02, -9.51774285e-02,  5.33706317e-02,  1.50982779e-02],
       [ 6.74616961e-02,  2.47922355e-02,  3.38462578e-02, -6.41509710e-04, -2.72022667e-03],
       [-1.87850487e-02,  2.63512718e-02,  1.33283667e-01, -3.29606960e-02, -1.04086377e-02],
       [-1.38583400e-01, -4.94115353e-02, -1.93283746e-02, -2.44003122e-02, -2.26014222e-03],
       [ 1.42504242e-01,  2.85263044e-02, -4.59601338e-02,  3.69051906e-02,  8.06863017e-03],
       [ 1.45284248e-01,  8.16663715e-02,  3.51866584e-02,  1.84978276e-02, -4.30136512e-03],
       [ 7.64581315e-02, -1.12471938e-01,  2.05489752e-02, -6.27291342e-02,  1.01728769e-01],
       [-3.64050072e-02, -5.15402971e-02,  4.48353217e-02, -5.93420025e-02,  1.24460989e-01],
       [ 8.94002668e-02, -1.07929096e-02, -9.09726479e-03, -8.48316030e-02, -9.83066038e-02],
       [-1.37610420e-02,  8.01351984e-02, -6.67506237e-03, -5.02625958e-02, -3.53582286e-02],
       [ 1.19220235e-01,  7.51826261e-03, -3.82763655e-02,  8.13382937e-02, -4.77698909e-02],
       [ 2.82968981e-02,  6.28999868e-02, -4.91344483e-02,  6.26636529e-02, -1.27916013e-01],
       [-6.29849837e-03,  9.14497167e-02,  1.41686572e-02, -8.17097673e-02, -5.16656221e-02],
       [-2.31113390e-02,  1.17765024e-01,  6.45509658e-03,  1.30830958e-01,  3.45544450e-02],
       [-1.31866135e-02,  1.16351763e-01, -4.99775116e-02,  1.39425587e-01, -1.29676458e-01],
       [-6.39450125e-03,  2.26648230e-02,  3.52584782e-02, -5.03892638e-02,  1.18249426e-01],
       [ 5.80250189e-02, -5.70544802e-02,  4.20652561e-02, -1.13080069e-01,  1.08168986e-01],
       [ 6.35752612e-02,  6.81138004e-02, -1.00158434e-02,  1.03367400e-01,  7.69503905e-02],
       [-1.45490076e-01, -5.15375327e-02, -9.36016722e-03,  1.56415544e-01, -2.63026746e-02],
       [ 8.31975723e-02, -1.51993862e-02, -3.38989298e-02, -3.47664683e-02, -1.17281108e-01],
       [ 3.37742633e-02,  3.02593234e-02,  3.67264238e-02, -4.22320659e-02,  1.21608382e-01],
       [ 1.18125211e-02, -1.33391465e-01, -6.07260036e-03,  3.86300571e-02,  9.90900811e-02],
       [ 5.86703362e-02, -3.55324760e-02,  2.56472800e-02, -6.73440885e-02,  1.34014962e-01],
       [ 2.07821802e-02, -2.76912791e-02, -3.27856536e-03, -7.05674732e-02, -9.80386371e-02],
       [-4.25514336e-02,  6.82388811e-02, -3.04640056e-03, -4.52138409e-02, -3.23912984e-02],
       [ 7.97209574e-02,  2.60494220e-03, -3.91982177e-02,  8.69042472e-02, -5.40048799e-02],
       [-7.26934496e-02,  4.49904407e-02, -2.77848806e-02,  6.87733847e-02, -1.37027366e-01],
       [-3.85359808e-02,  7.84608053e-02,  1.61528235e-02, -7.28890970e-02, -4.79588368e-02],
       [ 2.40303742e-03,  1.18037568e-01,  1.49252973e-03,  1.16395548e-01,  3.31291179e-02],
       [-9.63880483e-02,  8.21896314e-02, -1.68389942e-02,  1.12510177e-01, -1.10638425e-01],
       [ 7.14768544e-02,  3.71724199e-02,  1.16498800e-02, -4.79067412e-02,  1.13243441e-01],
       [ 1.30595508e-01, -4.26742579e-02,  1.48474911e-02, -1.02031079e-01,  1.02250449e-01],
       [ 1.01433144e-01,  7.27721469e-02, -2.50854267e-02,  9.11914982e-02,  7.34453669e-02],
       [-1.33132438e-01, -4.64972689e-02,  2.35350700e-02,  1.27679119e-01, -1.86238187e-02],
       [ 9.01917001e-03, -3.80273746e-02, -1.77770864e-02, -2.34819767e-02, -1.04586818e-01],
       [ 1.11206978e-01,  4.24288983e-02,  9.37399161e-03, -4.02261936e-02,  1.15536971e-01],
       [ 7.99169317e-02, -1.09819689e-01, -1.29100321e-02,  2.84309282e-02,  9.81576563e-02],
       [ 8.94239239e-02, -2.73884938e-02,  2.74178950e-02, -8.17981811e-02, -8.61045825e-02],
       [-1.01219462e-02,  7.48759325e-02, -1.51867474e-02, -5.46793593e-02, -4.31908248e-02],
       [ 1.61044998e-01, -6.10557943e-02, -2.31445965e-02,  8.74620909e-02, -5.15001360e-02],
       [ 9.89551854e-02, -5.76451283e-02, -3.02314518e-02,  6.61088493e-02, -1.53399768e-01],
       [-1.31846786e-02,  9.66234680e-02, -2.95895512e-02, -8.38109305e-02, -8.35085996e-02],
       [-3.16945225e-02,  1.01307371e-01, -2.23302504e-02,  1.27680487e-01,  2.74098141e-02],
       [ 4.86369593e-02, -2.57052206e-02, -2.86100526e-02,  1.15715585e-01, -1.25510173e-01],
       [-4.89383908e-02,  9.91062572e-02, -3.11414117e-03, -3.95011848e-02,  1.00769474e-01],
       [-4.36226705e-03,  6.09928070e-02,  2.32851054e-02, -1.06740379e-01,  1.15580962e-01],
       [ 5.99819418e-02,  5.35693107e-02, -5.80319545e-02,  1.01201164e-01,  5.89431382e-02],
       [-9.89031522e-02, -1.31413482e-01,  1.69897820e-02,  1.53761010e-01, -2.39364037e-02],
       [ 9.97172710e-02, -6.55304902e-02,  8.32841316e-03, -3.05408363e-02, -1.02325647e-01],
       [-1.82289546e-02,  1.08934034e-01, -3.71392045e-03, -3.32135620e-02,  1.02556517e-01],
       [ 1.09441985e-02, -1.06412153e-01,  6.34370955e-03,  4.20738208e-02,  1.16431005e-01],
       [-6.31825208e-03,  4.04032503e-03,  1.29060622e-01,  6.32144363e-02,  2.52868787e-02],
       [-1.26213545e-01,  1.92127283e-03, -1.07794806e-01,  1.31627866e-02,  4.61550252e-02],
       [-9.03822424e-02,  4.81535622e-02, -2.37242566e-02,  9.22722914e-02,  9.71867018e-02],
       [ 1.58489802e-02,  3.02884023e-03,  1.53734399e-01,  6.96283924e-02,  2.95077833e-02],
       [-4.83260542e-02, -5.66316072e-02, -1.36267484e-01, -5.32196646e-02,  1.01602976e-02],
       [-1.10352048e-01,  2.74104965e-02, -1.12659242e-01,  5.85780326e-02,  1.19160141e-01],
       [ 5.18661935e-02, -4.66457071e-02,  3.98369911e-02, -6.16277147e-02, -7.38728153e-02],
       [ 6.36242698e-02, -5.53409997e-02,  9.84946103e-02, -5.04697384e-02, -1.20115071e-01],
       [-6.04503869e-02, -5.58079001e-02, -1.44330289e-01, -7.07576362e-02, -2.14076235e-02],
       [ 1.36339865e-02,  5.38114598e-02, -1.98513950e-01, -4.20621571e-02,  4.53833473e-02],
       [-4.24390687e-02,  3.87311721e-02,  7.99425809e-02,  8.58413129e-02,  5.45816281e-02],
       [ 3.14205722e-02, -7.05954204e-02,  1.37080305e-02, -7.29511266e-02, -8.31035244e-02],
       [ 2.21668224e-02, -1.61475111e-02, -1.49847332e-01, -9.90606557e-02, -5.71656535e-02],
       [-2.59290030e-02, -5.47095687e-02, -4.01004107e-02,  1.53144419e-02,  2.33291783e-02],
       [ 1.94358532e-02, -7.33208953e-02,  1.79443046e-02,  6.11636040e-02,  4.33276242e-02],
       [ 9.71660117e-03,  1.78743344e-03,  8.70276676e-02,  4.08373340e-02,  8.75805037e-03],
       [-1.55003404e-03, -5.58722310e-02, -9.58763364e-02, -2.71444891e-02, -5.48820782e-03],
       [ 2.45510082e-02, -9.86537658e-02, -6.23832972e-02,  5.34397862e-02,  3.82609836e-02],
       [-1.85358016e-02,  2.94319325e-02, -1.42945540e-02, -4.46864181e-02, -4.34478804e-02],
       [-4.16953305e-02,  8.51707856e-02,  5.26015386e-02, -3.87403184e-02, -4.33119605e-02],
       [-2.34880936e-02, -2.42215731e-02, -9.73950294e-02, -3.44899901e-02, -1.54059088e-02],
       [ 5.38291009e-02, -3.76570777e-02, -8.90808114e-02, -1.76744820e-02,  1.70796411e-02],
       [ 3.23303305e-03, -2.97265072e-02,  8.18916318e-02,  5.82120537e-02,  3.18022807e-02],
       [-3.56821391e-02,  4.77165074e-02, -1.93403074e-02, -4.68621159e-02, -3.68826575e-02],
       [-1.06933821e-02,  2.61430378e-02, -7.97066016e-02, -5.02864386e-02, -1.82990846e-02],
       [-1.55229042e-01,  4.40645229e-02,  1.45575103e-02, -8.31139426e-02,  4.29643168e-02],
       [-5.63642306e-02, -7.63318656e-02, -5.88846534e-02,  2.01297932e-02,  4.08955303e-02],
       [ 3.25087725e-02, -2.45446152e-02,  1.25621837e-01, -6.55927784e-02, -1.28528319e-02],
       [-1.34159764e-01,  5.53213207e-02,  8.42831899e-02, -1.06125991e-01,  3.73054938e-02],
       [ 1.18529195e-01, -7.20272706e-02, -1.07621848e-02,  6.09989982e-02, -3.81123595e-02],
       [ 1.16054720e-01, -8.24676393e-02, -9.34720896e-02,  1.16975275e-01, -4.04279579e-02],
       [ 4.08037750e-02, -2.84290579e-02,  9.68791612e-02, -2.77558705e-02, -4.18389482e-02],
       [ 2.01997185e-02,  1.17368752e-01,  1.15321342e-01, -9.10381432e-02, -5.74308125e-03],
       [-1.32670813e-01,  3.45807414e-02, -7.46181933e-02, -2.65000120e-02,  4.32730344e-02],
       [ 1.16544433e-01, -9.52040990e-02, -2.61645066e-03,  6.59541142e-02, -4.18029471e-02],
       [ 9.59814196e-02,  7.51930823e-02,  6.02234482e-02,  1.86029060e-02, -6.30290336e-02],
       [ 2.82671527e-02, -9.91765978e-02,  1.00802804e-02,  9.09802637e-02,  7.31887371e-02],
       [ 1.67637010e-02, -1.20860615e-01,  5.53644394e-02, -1.54075407e-01, -1.22860054e-02],
       [-4.45326499e-02,  1.26375745e-02,  2.31627313e-02, -1.20997538e-01,  1.27441209e-01],
       [ 5.70082105e-02, -1.26537480e-01,  6.15084862e-03,  4.36838838e-02, -1.25833584e-01],
       [-1.37835219e-03, -5.59091357e-02, -1.73952605e-02,  1.11881658e-01, -1.18936982e-01],
       [-6.64807562e-02, -9.90211247e-02,  2.17731751e-02, -1.11664852e-01, -9.55280357e-02],
       [ 1.11091131e-01,  1.12451980e-01, -2.91604876e-02, -1.54327326e-01,  1.66417886e-02],
       [-9.75493255e-02,  8.02740438e-02, -4.97335134e-03,  3.95366683e-02,  1.11483812e-01],
       [ 1.04482218e-02, -1.17087330e-01,  4.81892387e-03,  2.86020520e-02, -1.09885447e-01],
       [-2.43296795e-02,  1.05148834e-01, -2.25277948e-02, -4.82328214e-02, -1.25642732e-01],
       [-3.55625424e-02, -7.81947190e-02, -1.56842106e-01, -3.86225822e-02, -1.28281182e-03],
       [ 2.06403004e-02, -1.41840578e-01, -9.28231381e-02,  6.32406648e-02,  8.25066286e-02],
       [-3.90042186e-02,  5.82074156e-02, -1.18983364e-02, -6.51526279e-02, -6.40323366e-02],
       [-5.14948131e-02,  1.15860996e-01,  8.95700354e-02, -6.31254851e-02, -7.75922794e-02],
       [-7.36713648e-02, -4.75047098e-02, -1.82335755e-01, -6.61423970e-02, -2.19933586e-02],
       [ 6.44810047e-02, -5.86736828e-02, -1.53806706e-01, -2.06012992e-02,  3.44099365e-02],
       [ 1.75520052e-02, -3.05980400e-02,  1.28852731e-01,  8.87000093e-02,  5.11200668e-02],
       [-6.32608247e-02,  5.67942996e-02, -2.98759700e-02, -7.27650557e-02, -6.77422401e-02],
       [-2.26703948e-02,  2.51787323e-02, -1.24300118e-01, -8.10611203e-02, -3.00083848e-02],
       [ 5.47078063e-02, -1.21631935e-01,  1.29962740e-01, -1.35071601e-01, -4.06415005e-02],
       [-2.23346935e-02,  6.75216260e-02, -6.17295720e-02,  1.07816351e-01,  1.07099012e-02],
       [-5.78302249e-02,  1.06962127e-01, -1.55403631e-01,  1.37235152e-01,  3.33400596e-02],
       [ 2.54585507e-02,  3.29285290e-02,  1.46294743e-01,  2.72923782e-02, -8.92591046e-03],
       [ 5.29682650e-02, -1.55560488e-02,  2.12906185e-01, -4.22109144e-02, -1.69892004e-02],
       [-3.04789739e-02, -6.03714414e-02, -6.06357428e-02, -8.39569828e-02,  4.46060110e-03],
       [-2.38908333e-02,  6.24358759e-02, -5.06672987e-02,  1.09317062e-01,  7.07932889e-03],
       [ 2.97559858e-02,  1.21269938e-01,  1.97912626e-01,  1.02054080e-01,  1.17412573e-02],
       [ 2.54641045e-02, -9.86584744e-02, -6.78974707e-03,  8.20563804e-02, -1.01756608e-01],
       [-4.91091471e-02, -3.18236444e-02, -8.45088858e-02,  1.66083536e-01, -9.25757515e-02],
       [-5.89677239e-02, -6.87165706e-02,  1.32188387e-01, -8.21437714e-02, -1.00758198e-01],
       [ 1.37401318e-01,  1.24323538e-01,  9.37089034e-02, -1.58241106e-01, -4.27863502e-03],
       [-1.09589225e-01,  7.22585961e-02, -6.17402834e-02, -9.15200151e-03,  1.27622434e-01],
       [-7.21546312e-03, -1.06427375e-01,  5.28126040e-03,  7.50962101e-02, -1.02870866e-01],
       [-3.63528868e-02,  1.66856883e-01,  8.44632216e-02,  4.02085865e-03, -1.40158290e-01],
       [-1.62008118e-04,  1.16020263e-01, -7.12049913e-03, -7.48841174e-02,  9.21173674e-02],
       [ 5.43369940e-02,  5.37939305e-02, -6.26994325e-02,  7.95346586e-02,  5.45678275e-02],
       [-6.51707644e-02, -1.09769693e-01,  3.99921816e-02,  1.09030387e-01, -1.24549536e-02],
       [ 7.14859173e-02, -1.14485354e-01,  2.82707564e-02, -2.70285013e-02, -9.71015810e-02],
       [-1.33791597e-02,  1.58803240e-01, -3.90589193e-02, -2.29283857e-02,  9.49773013e-02],
       [ 4.23735021e-02, -3.54312264e-02,  1.84404034e-02,  3.60403952e-02,  1.13356971e-01],
       [ 6.71864671e-02,  6.52831278e-02, -1.57052981e-01,  8.81234090e-02,  8.75641413e-02],
       [-1.14683033e-01, -1.15683728e-01, -7.65645236e-02,  1.44716194e-01,  7.76431516e-03],
       [ 6.78979416e-02, -9.85001064e-02,  6.99868095e-02,  9.06478421e-03, -1.18513152e-01],
       [ 2.85858300e-02,  1.19014027e-01, -2.32238939e-02, -6.78786692e-02,  9.20300651e-02],
       [ 9.64038155e-02, -1.22408621e-01, -5.96161543e-02, -6.76539324e-03,  1.43611325e-01],
       [-2.32228401e-02, -1.59601432e-02,  2.54129728e-01,  7.47313438e-03, -3.88989226e-02],
       [-6.07662952e-02, -5.84605206e-02, -7.54557288e-02, -8.29634677e-02, -3.83711067e-02],
       [ 6.64072728e-02,  5.36223488e-02, -5.14763110e-02,  8.21584288e-02,  5.54646365e-02],
       [ 8.65613591e-02,  7.72163305e-02,  1.47324031e-01,  9.17820495e-02,  4.11217400e-02],
       [ 2.52385625e-02,  1.15685104e-01, -1.41451287e-01, -8.75463860e-02,  3.72233297e-02],
       [-6.36775414e-02, -1.12359639e-01,  6.40529570e-02,  1.08700782e-01, -9.96629732e-03],
       [-1.29427167e-01,  2.83217960e-02,  1.61778181e-01,  8.84175752e-02, -5.51946807e-02],
       [ 3.70276359e-02, -1.00575389e-01,  1.99875642e-02, -2.93910060e-02, -8.34370844e-02],
       [ 1.16580802e-02,  1.75722752e-02, -1.32179268e-01, -9.44966113e-02, -9.32142641e-02],
       [ 8.24199112e-02, -3.00679384e-02,  3.58855971e-02,  4.54117947e-02,  1.16355793e-01]])})
2026-01-20 11:00:50,170 - final_problem_set.kxor_instance_n19_k2_m172_ell2_eps0.25_kappa0.875_rho0.4 - INFO - Running key extraction (n=19, m=172, ell=2, phase_qubits=12)
2026-01-20 11:00:50,172 - final_problem_set.kxor_instance_n19_k2_m172_ell2_eps0.25_kappa0.875_rho0.4 - INFO - Built voting matrix V (n=19, ell=2, dtype=complex128) in 0.002s
2026-01-20 11:00:50,172 - final_problem_set.kxor_instance_n19_k2_m172_ell2_eps0.25_kappa0.875_rho0.4 - INFO - Eval: adv=0.4651, hamming=1/19 (0.053), corr=0.895
2026-01-20 11:00:50,172 - final_problem_set.kxor_instance_n19_k2_m172_ell2_eps0.25_kappa0.875_rho0.4 - INFO - Key extraction complete: x_hat=8
2026-01-20 11:00:50,172 - final_problem_set.kxor_instance_n19_k2_m172_ell2_eps0.25_kappa0.875_rho0.4 - INFO - Finished step 'KeyExtractionStep' in 0.002s (success: True, problem=kxor_instance_n19_k2_m172_ell2_eps0.25_kappa0.875_rho0.4)
2026-01-20 11:00:50,172 - final_problem_set.kxor_instance_n19_k2_m172_ell2_eps0.25_kappa0.875_rho0.4 - INFO - SUCCESS: len(z_hat)=19
2026-01-20 11:00:50,172 - final_problem_set.kxor_instance_n19_k2_m172_ell2_eps0.25_kappa0.875_rho0.4 - INFO - Metrics: adv=0.46511627906976744, ham_frac=0.05263157894736842, corr=0.8947368421052632
2026-01-20 11:00:50,172 - final_problem_set.kxor_instance_n19_k2_m172_ell2_eps0.25_kappa0.875_rho0.4 - INFO - z_hat (full): [-1,  1,  1,  1,  1, -1, -1, -1, -1, -1,  1, -1,  1,  1,  1, -1, -1,  1,  1]
