2026-01-20 11:01:39,602 - final_problem_set.kxor_instance_n25_k2_m210_ell2_eps0.3_kappa1.0_rho0.6 - INFO - Starting iteration for /Users/julian/CodingProjects/UniT3/QuarticSpeedupK-XOR/z_Daphne/data/final_problem_set/kxor_instance_n25_k2_m210_ell2_eps0.3_kappa1.0_rho0.6.npz
2026-01-20 11:01:39,603 - final_problem_set.kxor_instance_n25_k2_m210_ell2_eps0.3_kappa1.0_rho0.6 - INFO - Loaded instance (n=25, m=210, k=2)
2026-01-20 11:01:39,603 - final_problem_set.kxor_instance_n25_k2_m210_ell2_eps0.3_kappa1.0_rho0.6 - INFO - Starting step 'ComputeKikuchiStep' (version 0.1) on problem kxor_instance_n25_k2_m210_ell2_eps0.3_kappa1.0_rho0.6 (fields={'ell': 2, 'threshold': 0.0})
2026-01-20 11:01:39,638 - final_problem_set.kxor_instance_n25_k2_m210_ell2_eps0.3_kappa1.0_rho0.6 - INFO - Finished step 'ComputeKikuchiStep' in 0.035s (success: True, problem=kxor_instance_n25_k2_m210_ell2_eps0.3_kappa1.0_rho0.6)
2026-01-20 11:01:39,638 - final_problem_set.kxor_instance_n25_k2_m210_ell2_eps0.3_kappa1.0_rho0.6 - INFO - Starting step 'ClassicalEigenvaluesStep' (version 0.1) on problem kxor_instance_n25_k2_m210_ell2_eps0.3_kappa1.0_rho0.6 (fields={'ell': 2, 'threshold': 0.0, 'kikuchi_matrix': <Dictionary Of Keys sparse matrix of dtype 'int64'
	with 6900 stored elements and shape (300, 300)>, 'num_eigenvalues': 5})
2026-01-20 11:01:39,767 - final_problem_set.kxor_instance_n25_k2_m210_ell2_eps0.3_kappa1.0_rho0.6 - INFO - Finished step 'ClassicalEigenvaluesStep' in 0.129s (success: True, problem=kxor_instance_n25_k2_m210_ell2_eps0.3_kappa1.0_rho0.6)
2026-01-20 11:01:39,768 - final_problem_set.kxor_instance_n25_k2_m210_ell2_eps0.3_kappa1.0_rho0.6 - INFO - Starting step 'KeyExtractionStep' (version 0.1) on problem kxor_instance_n25_k2_m210_ell2_eps0.3_kappa1.0_rho0.6 (fields={'ell': 2, 'threshold': 0.0, 'kikuchi_matrix': <Dictionary Of Keys sparse matrix of dtype 'int64'
	with 6900 stored elements and shape (300, 300)>, 'num_eigenvalues': 5, 'eigenvalues': array([11.99146342, 12.29129443, 13.20285581, 14.07295582, 18.69538024]), 'eigenvectors': array([[-6.72950379e-02, -9.80598422e-03, -1.44592180e-02,  1.05911351e-01, -6.86015763e-02],
       [ 4.21997887e-02, -4.74979024e-02,  2.15401572e-02,  2.78090469e-02, -1.06200472e-01],
       [-7.38929210e-02, -2.77715596e-02, -3.29121164e-02, -5.58398314e-02, -7.81822194e-02],
       [ 1.02105772e-01, -3.34042906e-02,  4.78258889e-02, -5.30969711e-02, -1.00875110e-01],
       [ 3.82589217e-02, -9.13267133e-04,  4.69595197e-02, -4.63292483e-02, -8.04999803e-02],
       [-1.55282617e-03,  3.66820045e-02, -8.66263729e-02,  5.92747505e-02,  8.14055815e-02],
       [-9.73496874e-02,  2.88031050e-02,  9.64610551e-02,  2.37765934e-02,  6.86090131e-02],
       [-6.00743199e-02,  1.21652710e-01, -6.68358395e-02, -5.92195130e-02,  7.71094996e-02],
       [ 1.27565979e-01,  6.54651694e-02, -6.74689128e-02,  1.90916997e-02,  6.83735309e-02],
       [-7.05375272e-02, -1.43007625e-02,  6.48205768e-03,  1.09027052e-02, -8.98043975e-02],
       [-2.77016793e-02, -5.87746926e-02,  4.35308366e-02, -1.23228887e-01, -6.24095850e-02],
       [ 5.53498417e-02, -7.40518932e-02, -3.96735585e-02,  2.95807590e-02,  7.75917413e-02],
       [ 1.00920921e-02, -2.20912514e-02,  1.10898645e-02, -1.39547385e-02, -8.90688046e-02],
       [-5.00374701e-02, -1.25968030e-01,  6.16340721e-02,  6.35450523e-02,  3.15115531e-02],
       [-4.77789489e-02, -8.90542125e-03, -5.16665717e-02, -5.83118951e-02,  8.45123538e-02],
       [ 1.01500619e-02, -6.19171819e-02, -2.95574490e-02,  4.29498057e-02, -5.12897393e-02],
       [ 1.15711658e-01, -5.17392702e-02,  7.98848018e-02, -3.75783165e-02, -8.76785638e-02],
       [ 9.77355815e-02, -5.03640665e-02,  2.94038765e-02,  9.59779782e-03, -1.08666316e-01],
       [-5.38185320e-02,  9.96638048e-02, -1.12471322e-01,  2.76122856e-02,  8.33709370e-02],
       [ 6.22842852e-04, -1.11058602e-01, -1.26885293e-01, -2.36910131e-02, -1.89613225e-02],
       [ 1.36186400e-02, -8.70313427e-02, -6.83746186e-02,  5.82547656e-02, -4.01979823e-02],
       [ 5.17551308e-02, -1.18548403e-02, -6.83086189e-02, -8.47675916e-02, -4.60863952e-02],
       [ 1.76072583e-03,  9.05483294e-02,  5.69237622e-03,  1.21861035e-01,  4.36361899e-02],
       [-7.48452486e-02, -1.91447646e-02, -4.76298553e-02,  5.61987207e-02,  7.39536122e-02],
       [ 7.36216078e-02, -3.54024257e-02,  4.54566486e-02, -1.41044645e-01,  5.54579386e-02],
       [ 1.03474053e-01, -1.73305041e-02,  5.71844564e-02, -6.02032298e-02,  4.44399388e-02],
       [ 4.31519102e-02, -3.92380721e-02,  3.09573332e-02, -9.46910380e-02,  5.99094850e-02],
       [ 5.36589123e-02, -3.66476032e-02,  1.66244132e-02, -7.48532005e-02,  4.75579193e-02],
       [-8.58905297e-02,  2.06082161e-02,  7.00356291e-03,  7.25704165e-02, -5.36020506e-02],
       [-9.24439860e-03,  2.55245624e-02, -9.01662013e-02,  7.00569830e-02, -3.72121385e-02],
       [-3.58433135e-02, -1.49401367e-02, -6.66904018e-03,  1.19010610e-01, -4.25423671e-02],
       [-1.10961558e-01, -3.53234098e-03,  1.56696800e-03,  5.67032630e-02, -3.51154159e-02],
       [ 8.95555609e-02, -3.16558805e-02,  3.80078142e-02, -9.49562620e-02,  4.13386653e-02],
       [ 9.68223313e-02,  9.96438190e-03,  8.20461435e-03, -5.03006934e-03,  4.70500859e-02],
       [-9.85718758e-02,  8.06391135e-02, -2.29262325e-02,  7.40651967e-02, -4.19886734e-02],
       [ 7.39343747e-02, -3.06435182e-02,  4.26323941e-02, -1.00805502e-01,  4.89462789e-02],
       [-2.38670633e-03,  8.51585087e-02, -5.24218176e-02,  2.66596546e-03, -1.74956777e-02],
       [-4.45301881e-02,  4.82608241e-02, -2.05233739e-02,  1.28270305e-01, -4.32083471e-02],
       [ 3.86412595e-02,  2.19908978e-03,  4.02809754e-02, -7.72182024e-02,  2.81589694e-02],
       [ 2.02340848e-02, -2.14735094e-02,  2.81002411e-03, -1.00927465e-01,  5.80036753e-02],
       [ 5.15824187e-02, -4.13372782e-02,  5.02138920e-02, -1.57519686e-01,  6.52094991e-02],
       [-5.11362621e-02, -1.54756317e-02,  2.10314567e-02,  9.65428954e-02, -5.44621946e-02],
       [ 1.76484276e-02,  5.12078729e-02,  7.81302615e-02, -3.36794191e-03,  1.01044732e-02],
       [ 1.63841537e-02,  1.84490146e-02,  5.13397366e-02, -6.29357380e-02,  1.76336015e-02],
       [ 1.84569779e-02, -1.35715733e-02,  6.19399366e-02, -4.49326022e-03,  2.74513972e-02],
       [-5.72354013e-02, -3.92401750e-02, -3.16984366e-02, -1.08325968e-02, -3.47000845e-02],
       [-2.97786630e-02,  4.95937242e-02, -1.55663612e-02,  6.18877046e-02, -4.35552432e-02],
       [ 1.08308507e-01, -1.11371160e-02,  8.27380460e-02,  9.71971392e-04,  9.16467824e-02],
       [-8.25195892e-02, -2.60990570e-02,  2.59511700e-03, -2.91248406e-02,  1.10515636e-01],
       [-2.53729059e-02, -4.31787338e-02, -1.15863626e-02, -1.34390824e-02,  8.77087038e-02],
       [-1.86079394e-02,  2.72737065e-03,  5.40205924e-02,  1.13664037e-03, -9.08482395e-02],
       [ 7.64408978e-02,  1.44520737e-02, -1.31373412e-01,  2.52539047e-02, -6.56644336e-02],
       [ 5.23939868e-02, -8.03547498e-02,  3.56331556e-02,  1.22813326e-01, -8.07574834e-02],
       [-1.53128721e-01, -3.56934346e-02,  3.82868515e-02,  2.96256701e-02, -7.43221175e-02],
       [ 8.29193874e-02, -3.35671296e-02,  3.54055313e-02, -7.12063259e-02,  8.55104120e-02],
       [ 5.58459777e-02,  4.20899989e-02, -1.82238932e-02,  9.08258419e-02,  7.99481450e-02],
       [-7.53908476e-02,  1.16095181e-01, -1.59559877e-03,  2.49102253e-02, -7.46170863e-02],
       [ 1.05357320e-02, -2.86823365e-02,  3.67244066e-02, -5.54542442e-02,  9.48595250e-02],
       [ 4.28437798e-02,  1.54197494e-01, -8.48787168e-02, -4.23672202e-02, -3.26415091e-02],
       [ 4.00521559e-02,  6.18549231e-02,  1.11190419e-02,  1.29991084e-01, -8.63587144e-02],
       [ 7.96158648e-05,  3.34582486e-02,  5.68257260e-02, -7.97592652e-02,  5.22666068e-02],
       [-1.05483457e-01,  2.82049841e-03, -4.32092016e-02, -3.52990970e-02,  9.67155749e-02],
       [-7.81034668e-02, -1.91830105e-02,  2.81525528e-02, -1.06446973e-01,  1.15155956e-01],
       [ 4.53711095e-02, -6.71945813e-02,  9.03631912e-02,  4.60104031e-02, -1.01605204e-01],
       [ 1.02988931e-02,  1.07730878e-01,  1.45651119e-01,  1.51266154e-02,  2.07785910e-02],
       [-5.91799196e-03,  6.16664096e-02,  8.62253629e-02, -8.06747235e-02,  3.35314193e-02],
       [-4.08960349e-02, -1.12733564e-02,  9.66734574e-02,  5.72912620e-02,  5.04016105e-02],
       [-2.01240259e-02, -8.69100595e-02, -3.05498877e-02, -1.00805596e-01, -5.80096595e-02],
       [ 6.03779872e-02,  6.64004992e-02,  1.07529948e-02,  3.89997135e-03, -8.25802625e-02],
       [ 5.00577125e-02, -1.73077476e-02,  4.83000035e-02,  5.76105959e-02,  8.01163137e-02],
       [ 7.55800292e-02, -3.81266109e-02,  3.43085144e-02,  6.06094351e-02,  6.99627533e-02],
       [-1.05385820e-01,  8.35488881e-03, -5.21650980e-03, -7.00238733e-02, -7.16375977e-02],
       [-8.25837580e-03,  9.99106152e-03, -1.09795392e-01, -2.53491954e-02, -4.71666847e-02],
       [-5.79493923e-02, -7.65048079e-02, -1.89193772e-02,  3.49318994e-02, -7.48355875e-02],
       [-1.38899698e-01, -2.14312992e-02, -1.20725510e-03, -2.32784717e-02, -4.73167708e-02],
       [ 1.28981952e-01, -2.41068931e-02,  6.02507530e-02,  1.06747454e-02,  6.17936824e-02],
       [ 8.38875465e-02,  1.80067651e-02,  1.41397664e-02,  1.00383908e-01,  4.87810322e-02],
       [-1.10982512e-01,  7.83281000e-02, -3.38490847e-02, -3.23445262e-02, -5.34381417e-02],
       [ 9.61281556e-02, -2.16773962e-02,  6.37366182e-02,  2.93128731e-02,  6.71667167e-02],
       [-1.37134493e-03,  1.08992224e-01, -6.90660675e-02, -5.28521277e-02, -2.12656921e-02],
       [-7.18336627e-02,  4.09248160e-02, -3.72032802e-02,  2.78399269e-02, -7.17645869e-02],
       [ 6.07825969e-02,  2.78413760e-02,  7.15857416e-02, -2.11845931e-02,  4.50634040e-02],
       [ 2.56739205e-02,  2.66535504e-03,  1.36427785e-02,  5.16804760e-02,  7.87867251e-02],
       [ 6.85172279e-02, -7.97381769e-03,  7.24350377e-02,  1.53532494e-02,  8.64289835e-02],
       [-6.50070087e-02, -4.50179099e-02,  1.85315109e-02, -4.28842195e-02, -7.40429472e-02],
       [ 1.16128692e-02,  6.93401965e-02,  9.59988459e-02,  1.48883586e-02,  1.02765005e-02],
       [ 3.41998458e-02,  4.93565512e-02,  7.96004162e-02, -3.72704188e-02,  3.03573072e-02],
       [ 1.86883364e-02, -1.46812932e-02,  8.21597124e-02,  7.20057329e-02,  3.49690963e-02],
       [-4.08647863e-02, -4.58137477e-02, -3.12694043e-02, -9.41735585e-02, -3.34025527e-02],
       [-2.82280920e-02,  4.16462367e-02, -2.08935631e-02, -4.95464525e-02, -5.21435544e-02],
       [-6.93964897e-02, -5.10665183e-02, -3.20398600e-02,  4.85188467e-02,  8.45780577e-02],
       [ 2.82922853e-02,  1.18339301e-02,  6.33207033e-02, -5.51611464e-02, -7.86507002e-02],
       [ 8.93386032e-02,  1.28930445e-02, -9.53686773e-02, -1.69550172e-02, -5.81732375e-02],
       [ 7.95687130e-02, -6.34142819e-02,  4.52876368e-02,  5.34949952e-02, -7.24517826e-02],
       [-9.67444400e-02, -2.07389561e-02,  4.62784206e-02, -1.87224419e-02, -6.37869690e-02],
       [ 3.76069625e-02, -4.33687305e-02,  1.42853087e-02, -9.45591416e-03,  8.57527078e-02],
       [ 1.11209295e-02,  2.69046974e-02, -2.94140649e-02,  1.13127968e-01,  5.92435596e-02],
       [-3.08884035e-02,  9.97427078e-02,  1.63642510e-02, -2.19159872e-02, -6.55046123e-02],
       [-3.89069932e-02, -3.61774038e-02,  9.17712959e-03,  1.53993800e-02,  9.31966960e-02],
       [ 3.96513399e-02,  1.22346343e-01, -6.06606211e-02, -5.12329330e-02, -2.29394880e-02],
       [ 6.78800631e-02,  5.71717805e-02,  2.79288845e-02,  5.31184223e-02, -7.88608702e-02],
       [-2.55811201e-02,  2.75241017e-02,  3.66671191e-02, -3.90271678e-02,  4.99028262e-02],
       [-1.28478246e-01, -4.18151175e-03, -5.61028870e-02,  3.36476098e-02,  8.24951601e-02],
       [-1.18945988e-01, -2.07474866e-02, -3.76084496e-03, -8.89089722e-03,  1.02337958e-01],
       [ 7.29314470e-02, -4.09539753e-02,  8.68224817e-02, -2.70656871e-02, -7.92384332e-02],
       [-1.21798666e-03,  9.02326862e-02,  1.18670968e-01,  2.26349501e-02,  1.83670120e-02],
       [-2.16652045e-02,  5.33697336e-02,  7.03845210e-02, -5.43668868e-02,  3.62737569e-02],
       [-5.67248856e-02, -1.44021187e-02,  6.90591579e-02,  7.73746813e-02,  4.32485103e-02],
       [ 5.68133527e-03, -6.50572229e-02, -1.18350945e-02, -1.13087992e-01, -4.24753506e-02],
       [ 7.13617396e-02,  5.31295649e-02,  2.37251876e-02, -4.47183511e-02, -6.18765420e-02],
       [-9.69572559e-03,  3.00566410e-02,  6.27911679e-02, -5.23448659e-02, -6.65717641e-02],
       [ 6.76246275e-02,  2.90996952e-02, -8.31815235e-02, -2.41349546e-02, -5.72198288e-02],
       [ 5.11819559e-02, -4.42765177e-02,  5.66997602e-02,  4.68908443e-02, -7.05914368e-02],
       [-1.10044230e-01, -3.65559071e-03,  4.95923368e-02, -2.33031642e-02, -5.63021725e-02],
       [ 5.80942060e-02, -4.94107891e-02,  3.52732406e-04, -8.75180330e-04,  6.69352962e-02],
       [ 3.52614790e-02,  7.30222686e-03, -3.00282097e-02,  1.03729672e-01,  5.21484832e-02],
       [-5.37970486e-02,  1.18213544e-01,  2.67387528e-02, -2.94097566e-02, -6.35745444e-02],
       [ 1.98595122e-03, -5.61178381e-02, -3.65825576e-03,  2.27917309e-02,  8.08492576e-02],
       [ 3.04028905e-02,  1.15269219e-01, -5.21083392e-02, -4.85807620e-02, -2.13129246e-02],
       [ 3.82576417e-02,  8.00389687e-02,  4.18294407e-02,  4.46095204e-02, -7.58323455e-02],
       [-7.08626604e-03,  1.42151631e-02,  2.59993346e-02, -3.13512370e-02,  4.77474866e-02],
       [-8.08307829e-02, -2.51769212e-02, -5.83075727e-02,  3.61888252e-02,  7.29477631e-02],
       [-6.77702133e-02, -4.73085126e-02, -1.65589313e-02, -5.59321113e-04,  9.24045091e-02],
       [ 3.49434590e-02, -1.56518354e-02,  8.46708172e-02, -2.75155469e-02, -6.89652043e-02],
       [ 3.67368170e-03,  7.86815462e-02,  1.04642972e-01,  2.15159762e-02,  1.64926637e-02],
       [-1.24949748e-02,  4.03572507e-02,  5.74278145e-02, -4.33936067e-02,  3.60617939e-02],
       [-3.01501691e-02, -1.59053499e-02,  5.65540782e-02,  6.50919043e-02,  3.27418443e-02],
       [-1.14565946e-02, -4.54521604e-02, -6.35944829e-03, -1.10765445e-01, -4.12685576e-02],
       [ 4.81739341e-02,  7.50839933e-02,  3.29677918e-02, -5.06334879e-02, -6.17011092e-02],
       [-4.49227532e-02, -5.46320420e-03,  6.18292397e-02,  3.76366960e-02,  6.40039452e-02],
       [-1.49142747e-02,  7.61283988e-02, -9.11197344e-02, -3.75757427e-02,  7.15402795e-02],
       [ 1.22564377e-01,  2.52357902e-02, -6.53426432e-02,  2.54190660e-02,  5.15563376e-02],
       [-1.00550823e-01,  2.44649850e-02,  3.25932837e-02, -9.13387811e-03, -7.41547650e-02],
       [-5.10748534e-02, -2.68297659e-02,  4.83348437e-02, -1.09100540e-01, -4.97379032e-02],
       [ 7.21885211e-02, -8.15413458e-02, -4.83109501e-02,  3.31039050e-02,  5.89524673e-02],
       [-3.78371276e-02,  1.87731158e-02,  3.78425680e-02, -3.14537666e-02, -7.74379794e-02],
       [-2.45237098e-02, -1.13960673e-01,  4.44730489e-02,  5.72751165e-02,  2.49111730e-02],
       [ 2.33090741e-03, -4.50320340e-02, -7.97991316e-02, -3.46027592e-02,  7.78988714e-02],
       [-1.72591556e-02, -3.65088492e-02, -4.25206565e-03,  2.60943527e-02, -4.87648944e-02],
       [ 4.81712180e-02, -6.66319916e-03,  9.39126940e-02, -4.81065129e-02, -7.47018306e-02],
       [ 2.90977449e-02,  4.72429209e-03,  6.60921660e-02, -1.25362447e-02, -1.02835257e-01],
       [-1.74983633e-03,  4.35701280e-02, -1.18090066e-01,  3.73709736e-02,  7.01575453e-02],
       [-1.12038131e-02, -8.42966700e-02, -1.00927007e-01, -2.45723295e-02, -1.75122351e-02],
       [-6.54316109e-03, -5.67386423e-02, -4.37787226e-02,  4.04416375e-02, -3.53430528e-02],
       [ 1.79803188e-02,  6.91965299e-03, -4.71656525e-02, -7.18097303e-02, -3.44769682e-02],
       [ 2.49861237e-02,  6.16796121e-02, -9.58738681e-03,  1.16418390e-01,  3.98320809e-02],
       [-2.07548827e-02, -4.93383696e-02, -6.19363699e-02,  6.02151373e-02,  6.25589910e-02],
       [-8.28483684e-02,  5.02685003e-02,  7.01656558e-02, -4.83174801e-02,  5.35387177e-02],
       [ 4.72935417e-02,  1.78507674e-02,  4.57699863e-02,  6.66994194e-03,  4.49354291e-02],
       [ 2.28411512e-04,  2.69796093e-02, -1.08769927e-01,  1.63779724e-02, -5.52284281e-02],
       [ 1.01580237e-02, -2.25810788e-02, -5.33816134e-02, -7.77518990e-02, -4.62524453e-02],
       [ 4.00076488e-03, -7.46922751e-02,  7.81726638e-02,  9.51256135e-03,  4.77672492e-02],
       [ 4.97485539e-02,  1.90206943e-02, -1.11309461e-01,  8.54379373e-04, -5.55598107e-02],
       [-2.68157461e-02, -8.29021680e-02,  5.94797364e-02,  3.13900134e-02,  1.53050900e-02],
       [-7.80784442e-02, -4.07469821e-02,  9.06253095e-02, -5.10278295e-02,  5.63595439e-02],
       [ 3.28760546e-02, -1.83325476e-02, -9.23021788e-02,  3.13997756e-02, -3.44128107e-02],
       [ 1.08880019e-01, -2.00464724e-03, -7.17611489e-02, -1.34261227e-02, -5.65983998e-02],
       [ 1.05316966e-01,  1.19694356e-02, -1.30734162e-01,  1.80633275e-02, -6.53270745e-02],
       [-8.36154642e-02,  3.91988435e-02,  4.46076011e-02,  1.00917070e-02,  6.07915794e-02],
       [-1.30176358e-03, -5.77280904e-02, -7.87771967e-02, -1.14309585e-02, -8.69560525e-03],
       [ 1.67803801e-02, -3.20801789e-02, -7.45755166e-02,  3.76800967e-02, -2.03862298e-02],
       [ 3.83405663e-02,  7.83509831e-03, -7.85631774e-02, -4.40886050e-02, -2.66516316e-02],
       [-1.74357920e-02,  4.66973200e-02,  5.76644025e-02,  7.35389342e-02,  3.09652951e-02],
       [-7.45934913e-02, -3.59557601e-02,  6.61106938e-02,  2.37113082e-02,  4.54088132e-02],
       [ 8.70023111e-02,  7.07223626e-02, -5.44140181e-02, -3.85095826e-02,  4.99872750e-02],
       [-3.79264650e-02, -4.77174811e-02,  1.61179039e-02,  9.07901023e-02, -6.99557354e-02],
       [-1.89407773e-02, -9.18550605e-02,  4.89851151e-02, -4.01170788e-02, -5.86177373e-02],
       [ 3.58519350e-02, -2.42345072e-02, -4.18566723e-02, -5.14154203e-02,  6.15560883e-02],
       [ 2.36243138e-02, -6.76634825e-02,  2.28957396e-02,  8.35400583e-02, -7.79780971e-02],
       [-4.86200591e-02, -7.96374423e-02,  4.25401190e-02,  1.25708196e-02,  2.88837963e-02],
       [-5.07241504e-02,  2.54072240e-02, -4.92148516e-02, -1.22214560e-01,  6.20089252e-02],
       [ 1.59428887e-02, -6.44039971e-02, -1.31508748e-02,  7.43806524e-02, -3.89753249e-02],
       [ 1.00225079e-01, -7.94360607e-02,  7.47269326e-02,  6.07920539e-02, -6.86436394e-02],
       [ 8.72696411e-02, -8.39092430e-02,  3.74516853e-02,  1.17814450e-01, -8.28802710e-02],
       [-5.22295563e-02,  1.12973229e-01, -9.67375930e-02, -6.04344032e-02,  6.47600757e-02],
       [ 5.79395575e-04, -9.67197704e-02, -9.89147955e-02, -5.68231012e-03, -1.60653216e-02],
       [ 1.28149556e-02, -6.49683759e-02, -4.93539319e-02,  6.72600822e-02, -2.46301299e-02],
       [ 4.76594955e-02, -3.50827858e-02, -4.70641066e-02, -2.41499729e-02, -3.93427400e-02],
       [-8.06601741e-04,  1.11116575e-01, -1.94416331e-03,  5.37069846e-02,  4.24721147e-02],
       [-6.47399525e-02,  1.96100320e-02, -4.46700984e-02, -3.07527530e-02,  5.94962516e-02],
       [-1.45892005e-01, -1.09976303e-02,  1.97152367e-02,  1.05065226e-02, -4.95768674e-02],
       [-9.98277482e-02, -3.64940516e-02,  3.49277902e-02, -6.20811812e-02, -3.84857382e-02],
       [ 1.21840607e-01, -3.23927548e-02, -3.37277279e-02,  6.29298522e-03,  4.33495630e-02],
       [-1.41846622e-01, -1.86298581e-02,  2.79740015e-02,  7.51480323e-04, -6.20437504e-02],
       [ 1.47422346e-02, -7.26991160e-02,  3.19059721e-02,  3.44810446e-02,  1.97301450e-02],
       [ 1.10887951e-01, -1.68722288e-03, -5.31284064e-02, -4.47305493e-02,  5.80833458e-02],
       [-8.24094085e-02, -4.53503715e-02, -5.41797198e-03,  3.08475382e-02, -3.73526896e-02],
       [-7.84393483e-02, -3.53663407e-02,  7.39811901e-02, -1.42786700e-02, -6.27408043e-02],
       [-1.25125861e-01, -3.57948093e-02,  4.42147924e-02,  2.15779951e-02, -7.78303897e-02],
       [ 9.90283232e-02,  5.45250315e-02, -8.11738396e-02,  8.23207670e-03,  5.28021852e-02],
       [-2.65456207e-02, -6.47576846e-02, -7.35127928e-02, -1.24087564e-02, -1.19059254e-02],
       [-4.64144274e-02, -5.13039378e-02, -3.36110732e-02,  3.65399237e-02, -2.42333351e-02],
       [-4.71608866e-02, -9.69749493e-03, -3.34605309e-02, -4.95705965e-02, -3.14562128e-02],
       [ 5.86125371e-02,  5.36791822e-02, -5.07375719e-03,  6.48271815e-02,  2.85356659e-02],
       [ 6.92561414e-02, -1.25721058e-02, -4.32265240e-02,  2.39108677e-02,  4.70376366e-02],
       [ 1.03911092e-01,  1.20612706e-02, -6.81886560e-03,  7.33292544e-02,  5.83134614e-02],
       [-1.08633355e-01,  9.54078081e-02, -7.39712903e-03,  1.09313854e-02, -5.63650362e-02],
       [ 8.89034398e-02, -3.95130063e-02,  3.56697795e-02, -3.02950172e-02,  7.26572809e-02],
       [ 4.20344626e-03,  1.18866093e-01, -6.38983158e-02, -3.51007110e-02, -2.42348845e-02],
       [-4.78812426e-02,  5.87150866e-02, -2.86563985e-03,  8.26899028e-02, -6.64191413e-02],
       [ 5.35144976e-02,  1.70010931e-02,  5.15727555e-02, -6.15219874e-02,  4.72048177e-02],
       [ 9.77210480e-03, -2.14762076e-02, -2.38645409e-02, -1.75935754e-02,  8.28729320e-02],
       [ 4.88070897e-02, -4.10834412e-02,  3.74139241e-02, -7.34346169e-02,  9.77450672e-02],
       [-5.00657242e-02, -2.22707979e-02,  4.91012323e-02,  1.88092134e-02, -7.12034249e-02],
       [ 2.19811684e-02,  7.40652255e-02,  1.07520172e-01,  1.12108726e-02,  1.48254340e-02],
       [ 1.70016835e-02,  4.01736510e-02,  6.64041358e-02, -5.79618046e-02,  2.74590016e-02],
       [ 7.87334596e-03, -1.61040283e-02,  6.83567513e-02,  4.66345486e-02,  3.41052672e-02],
       [-5.74939896e-02, -4.82680901e-02, -2.42061862e-02, -7.87993973e-02, -4.28140143e-02],
       [-2.60201956e-02,  6.72405970e-02,  6.05437424e-05, -7.40642030e-03, -6.14384316e-02],
       [-6.96534382e-02,  3.27290540e-02,  2.32010733e-02, -7.69080725e-02, -4.59823004e-02],
       [ 6.25677802e-02,  1.77848493e-02, -1.16650362e-02,  1.00978583e-01,  6.53418165e-02],
       [ 7.68764670e-03,  7.18775290e-02, -3.54280730e-02, -6.22265637e-02, -1.76290740e-02],
       [-3.71352073e-02,  6.78815506e-04,  4.32664162e-02, -4.75193040e-02, -6.84817689e-02],
       [ 3.01782928e-02,  4.53411061e-02,  1.42651208e-02,  2.18463740e-02,  3.70796576e-02],
       [-8.67836686e-03,  4.30158686e-02, -5.65334703e-02,  1.18317861e-01,  6.27040570e-02],
       [ 1.21820105e-02,  4.58497956e-02, -2.55655074e-02,  1.09954716e-01,  8.80937914e-02],
       [-2.57091791e-02, -6.08913954e-02,  6.72827357e-02, -9.64140143e-02, -5.44096073e-02],
       [ 1.21057209e-02,  6.44787060e-02,  7.39477249e-02,  2.68482732e-02,  1.15791971e-02],
       [ 1.96461912e-02,  5.91050707e-02,  3.95330679e-02, -4.00498363e-04,  2.86981054e-02],
       [ 6.68486169e-04,  5.82880678e-03,  3.65073226e-02,  7.78224851e-02,  2.52194169e-02],
       [-2.05988017e-02, -5.03342572e-02, -5.27234666e-04, -1.05452586e-01, -2.49922170e-02],
       [-5.11807434e-03,  8.07267006e-03,  2.89995162e-02, -9.14899928e-02, -4.44552023e-02],
       [-8.69834631e-02,  1.17418709e-01, -8.15827590e-03, -4.34507130e-03, -6.84389565e-02],
       [-1.01375214e-02, -1.08145459e-01,  4.98311095e-02,  3.73386295e-02,  1.68293749e-02],
       [ 4.82957719e-02, -1.14491550e-01, -2.37668155e-02, -4.33060743e-02,  5.88660413e-02],
       [-4.91937181e-02,  3.20077342e-02, -3.24071835e-02,  3.56337917e-02, -3.95928573e-02],
       [-6.95803295e-03,  9.48921490e-02,  5.24358739e-02, -2.02125459e-02, -7.08767310e-02],
       [-4.69860302e-02,  1.20309829e-01,  5.46997806e-03,  1.57388875e-02, -7.82494931e-02],
       [ 4.92774804e-02, -5.32558072e-02, -8.89223378e-02,  1.56244131e-02,  7.27405139e-02],
       [-2.83129237e-02, -4.16199302e-02, -9.31683127e-02, -1.60748565e-02, -1.58156990e-02],
       [-2.68724750e-02, -6.84852893e-03, -5.34259203e-02,  4.31516316e-02, -2.66112056e-02],
       [-1.03606077e-02,  5.12497487e-02, -5.42906027e-02, -5.50358250e-02, -3.26689272e-02],
       [ 4.40095851e-02,  4.02018398e-03,  8.22672882e-03,  8.51271784e-02,  3.61016993e-02],
       [ 2.17291906e-02, -1.11269379e-01, -2.40184774e-02,  3.11252145e-02,  5.25200610e-02],
       [ 2.49494935e-02,  1.35774482e-01, -7.21658103e-02, -4.79890546e-02, -2.67161303e-02],
       [ 7.07071969e-03,  5.74214659e-02,  1.29877994e-03,  7.54969027e-02, -7.38734900e-02],
       [ 1.21285059e-02,  2.33864470e-02,  5.14730955e-02, -5.02388415e-02,  4.59099753e-02],
       [-6.95390739e-02, -1.15928236e-02, -3.19116214e-02,  5.35640525e-03,  8.96429747e-02],
       [-3.40179836e-02, -2.84429437e-02,  3.18656587e-02, -4.59156530e-02,  9.83705061e-02],
       [ 1.20036876e-02, -4.42427252e-02,  6.81602756e-02,  4.82577557e-04, -8.57851743e-02],
       [ 1.02778790e-02,  8.72751975e-02,  1.20915674e-01,  1.59151562e-02,  1.58257443e-02],
       [ 6.25393966e-03,  5.17846383e-02,  8.56115544e-02, -6.70649227e-02,  3.85334205e-02],
       [-2.15436548e-02, -1.99446246e-02,  8.22185096e-02,  6.43790430e-02,  4.18661028e-02],
       [-2.24952392e-02, -5.79076062e-02, -2.24883049e-02, -9.70907402e-02, -4.22424464e-02],
       [ 2.83853703e-02,  5.80344660e-02,  5.58488994e-03, -2.53409056e-02, -6.18773301e-02],
       [-3.90137732e-02, -1.29629628e-01,  5.60984181e-02,  2.20413255e-02,  2.60534621e-02],
       [ 1.76421277e-02,  6.51653099e-02, -5.37318513e-02, -1.20588380e-02, -1.61166334e-02],
       [ 5.71791401e-02,  1.21488703e-01, -4.91234598e-02, -5.34777792e-02, -2.72817813e-02],
       [ 5.79456980e-02,  1.56628985e-01, -8.34665424e-02, -4.87611003e-02, -3.30183909e-02],
       [-4.43291547e-02, -9.83578724e-02,  2.75682205e-02,  5.14666903e-02,  3.08041562e-02],
       [-1.78365788e-03, -7.30120998e-04, -4.05153978e-02, -1.21969210e-02, -4.72689183e-03],
       [ 1.22237782e-02,  3.16438655e-02, -4.37742448e-02,  7.18184466e-04, -1.14495081e-02],
       [ 1.50128312e-02,  5.26504356e-02, -3.95010927e-02, -3.42382179e-02, -1.01157945e-02],
       [-8.79759132e-03, -4.29514282e-02,  3.35309049e-02,  5.45762387e-02,  1.28460059e-02],
       [-2.93522689e-02, -9.74475137e-02,  4.12132948e-02,  4.19034958e-02,  1.74927690e-02],
       [ 1.12952786e-02, -1.93437396e-03, -2.82248881e-02,  9.15070210e-02, -4.62947934e-02],
       [ 1.06388156e-01,  4.40593210e-02,  7.00962735e-02,  6.78991227e-02, -8.22320914e-02],
       [ 7.53596761e-02,  6.32358489e-02,  1.27211960e-02,  1.24622980e-01, -8.76340103e-02],
       [-3.97871189e-02,  7.27369479e-03, -9.07111544e-02, -5.97091578e-02,  7.14492807e-02],
       [-4.41283909e-03, -7.73294299e-02, -1.11451560e-01, -4.61371178e-03, -1.70707275e-02],
       [ 1.39007006e-02, -3.26712967e-02, -6.20363813e-02,  8.44484750e-02, -3.00668760e-02],
       [ 4.18836934e-02,  2.90727257e-02, -6.08948046e-02, -3.02144208e-02, -4.15843904e-02],
       [ 6.37712165e-03,  4.46498297e-02,  3.65993641e-03,  6.01695640e-02,  5.01733674e-02],
       [-4.73411455e-02, -7.14137350e-02, -2.85813159e-02, -2.26966309e-02,  5.69417444e-02],
       [-5.15667595e-02,  4.39513945e-02,  1.29220898e-02, -4.36099160e-02,  5.29535904e-02],
       [-2.36649461e-02,  3.64491187e-02,  5.62428065e-02, -7.86136297e-02,  5.56562806e-02],
       [ 1.80494263e-02, -8.23399717e-02,  1.71660811e-02,  4.94418900e-02, -5.55850151e-02],
       [ 7.15735200e-03,  5.42237797e-02,  7.20817299e-02,  7.08253339e-03,  8.29644268e-03],
       [ 2.08937971e-03,  4.23511056e-02,  5.81272331e-02, -5.02935633e-02,  1.87039274e-02],
       [-1.57451563e-02,  1.22387672e-02,  6.38922936e-02,  1.55771531e-02,  2.53890005e-02],
       [-1.50351863e-02, -6.98292270e-02, -3.72212018e-02, -3.69242442e-02, -2.98111707e-02],
       [ 2.83662578e-02,  2.42300754e-03, -2.27318198e-02,  2.25615032e-02, -4.44023673e-02],
       [-1.50511553e-01,  4.54850291e-03, -4.89172913e-02, -2.06200563e-02,  9.75211572e-02],
       [ 9.27419397e-02, -5.90427686e-02,  1.15210425e-01, -1.77082250e-02, -7.43205973e-02],
       [-2.05430953e-02,  1.00172379e-01,  1.07134097e-01,  2.31989521e-02,  2.20239379e-02],
       [-3.56942825e-02,  6.28097631e-02,  5.29560852e-02, -5.59339652e-02,  3.51936403e-02],
       [-7.12586475e-02, -1.85701683e-03,  5.21047614e-02,  7.47641003e-02,  4.21631517e-02],
       [ 1.32984527e-02, -7.38283992e-02,  1.61218743e-03, -1.10940230e-01, -4.06523736e-02],
       [ 9.10355575e-02,  4.02743434e-02,  4.94251957e-02, -3.97948699e-02, -6.09863413e-02],
       [ 8.12536031e-02, -6.48989841e-02,  8.99168642e-02,  2.56517657e-02, -9.48935001e-02],
       [-1.07999594e-03,  1.12816318e-01,  1.48282807e-01,  1.75219014e-02,  2.09958083e-02],
       [-1.55449539e-02,  6.43541498e-02,  8.97413188e-02, -8.37662982e-02,  3.53051859e-02],
       [-6.86124506e-02, -1.18420326e-02,  9.62776678e-02,  6.76633662e-02,  5.36119013e-02],
       [ 9.59805519e-03, -9.13061594e-02, -2.52676387e-02, -1.15617997e-01, -5.81629319e-02],
       [ 8.55778228e-02,  5.90992283e-02,  1.50399098e-02, -1.24656695e-02, -7.41594130e-02],
       [ 3.40515893e-03, -1.03698103e-01, -9.91986539e-02, -1.88240671e-02, -1.76611658e-02],
       [ 1.57248478e-02, -8.02814885e-02, -3.60489305e-02,  5.46896738e-02, -3.39663722e-02],
       [ 4.53128582e-02, -2.07397281e-02, -3.28421906e-02, -6.75035278e-02, -4.01919614e-02],
       [ 6.07253999e-04,  9.40267881e-02, -2.33008887e-02,  1.05290121e-01,  4.22439130e-02],
       [-5.01796863e-02, -6.75240764e-03, -6.87798234e-02,  3.42539377e-02,  5.66743626e-02],
       [ 5.00444681e-03,  3.85102716e-02,  4.81793554e-02,  1.43302353e-04,  5.59039423e-03],
       [ 2.97235785e-03,  3.50700640e-02,  5.26958565e-02,  1.28553687e-02,  6.27799867e-03],
       [-1.90228532e-03, -4.92598908e-02, -5.33669085e-02, -1.63630493e-02, -7.28403829e-03],
       [ 5.83455823e-03, -6.07309583e-02, -8.49477701e-02, -1.80601547e-02, -1.34609810e-02],
       [-1.21748741e-02,  2.36466156e-02,  5.64200874e-02, -1.14059249e-03,  1.73499799e-02],
       [-8.23556165e-03, -6.12535168e-02, -4.20461285e-02, -9.14217859e-03, -2.03751219e-02],
       [ 1.79718531e-02, -2.56203578e-02, -4.81875479e-02,  3.54749234e-02, -2.76892577e-02],
       [ 5.08932922e-03, -2.00981602e-02, -3.49113023e-02, -6.84524386e-02, -1.86318029e-02],
       [ 4.27535495e-02,  2.95293032e-02, -4.54386680e-02, -6.50301317e-02, -3.21065145e-02],
       [-1.06035760e-02,  2.70029595e-02,  7.13194766e-04,  9.52686192e-02,  3.31835105e-02]])})
2026-01-20 11:01:39,770 - final_problem_set.kxor_instance_n25_k2_m210_ell2_eps0.3_kappa1.0_rho0.6 - INFO - Running key extraction (n=25, m=210, ell=2, phase_qubits=13)
2026-01-20 11:01:39,775 - final_problem_set.kxor_instance_n25_k2_m210_ell2_eps0.3_kappa1.0_rho0.6 - INFO - Built voting matrix V (n=25, ell=2, dtype=complex128) in 0.004s
2026-01-20 11:01:39,775 - final_problem_set.kxor_instance_n25_k2_m210_ell2_eps0.3_kappa1.0_rho0.6 - INFO - Eval: adv=0.6571, hamming=0/25 (0.000), corr=1.000
2026-01-20 11:01:39,775 - final_problem_set.kxor_instance_n25_k2_m210_ell2_eps0.3_kappa1.0_rho0.6 - INFO - Key extraction complete: x_hat=18
2026-01-20 11:01:39,775 - final_problem_set.kxor_instance_n25_k2_m210_ell2_eps0.3_kappa1.0_rho0.6 - INFO - Finished step 'KeyExtractionStep' in 0.005s (success: True, problem=kxor_instance_n25_k2_m210_ell2_eps0.3_kappa1.0_rho0.6)
2026-01-20 11:01:39,775 - final_problem_set.kxor_instance_n25_k2_m210_ell2_eps0.3_kappa1.0_rho0.6 - INFO - SUCCESS: len(z_hat)=25
2026-01-20 11:01:39,775 - final_problem_set.kxor_instance_n25_k2_m210_ell2_eps0.3_kappa1.0_rho0.6 - INFO - Metrics: adv=0.6571428571428571, ham_frac=0.0, corr=1.0
2026-01-20 11:01:39,775 - final_problem_set.kxor_instance_n25_k2_m210_ell2_eps0.3_kappa1.0_rho0.6 - INFO - z_hat (full): [ 1, -1, -1, -1, -1, -1,  1,  1,  1,  1, -1, -1,  1, -1,  1,  1, -1, -1, -1,  1, -1, -1, -1,  1,  1]
