2026-01-20 11:01:18,682 - final_problem_set.kxor_instance_n22_k2_m254_ell2_eps0.2_kappa0.75_rho1.0 - INFO - Starting iteration for /Users/julian/CodingProjects/UniT3/QuarticSpeedupK-XOR/z_Daphne/data/final_problem_set/kxor_instance_n22_k2_m254_ell2_eps0.2_kappa0.75_rho1.0.npz
2026-01-20 11:01:18,683 - final_problem_set.kxor_instance_n22_k2_m254_ell2_eps0.2_kappa0.75_rho1.0 - INFO - Loaded instance (n=22, m=254, k=2)
2026-01-20 11:01:18,683 - final_problem_set.kxor_instance_n22_k2_m254_ell2_eps0.2_kappa0.75_rho1.0 - INFO - Starting step 'ComputeKikuchiStep' (version 0.1) on problem kxor_instance_n22_k2_m254_ell2_eps0.2_kappa0.75_rho1.0 (fields={'ell': 2, 'threshold': 0.0})
2026-01-20 11:01:18,723 - final_problem_set.kxor_instance_n22_k2_m254_ell2_eps0.2_kappa0.75_rho1.0 - INFO - Finished step 'ComputeKikuchiStep' in 0.040s (success: True, problem=kxor_instance_n22_k2_m254_ell2_eps0.2_kappa0.75_rho1.0)
2026-01-20 11:01:18,723 - final_problem_set.kxor_instance_n22_k2_m254_ell2_eps0.2_kappa0.75_rho1.0 - INFO - Starting step 'ClassicalEigenvaluesStep' (version 0.1) on problem kxor_instance_n22_k2_m254_ell2_eps0.2_kappa0.75_rho1.0 (fields={'ell': 2, 'threshold': 0.0, 'kikuchi_matrix': <Dictionary Of Keys sparse matrix of dtype 'int64'
	with 6320 stored elements and shape (231, 231)>, 'num_eigenvalues': 5})
2026-01-20 11:01:18,864 - final_problem_set.kxor_instance_n22_k2_m254_ell2_eps0.2_kappa0.75_rho1.0 - INFO - Finished step 'ClassicalEigenvaluesStep' in 0.140s (success: True, problem=kxor_instance_n22_k2_m254_ell2_eps0.2_kappa0.75_rho1.0)
2026-01-20 11:01:18,864 - final_problem_set.kxor_instance_n22_k2_m254_ell2_eps0.2_kappa0.75_rho1.0 - INFO - Starting step 'KeyExtractionStep' (version 0.1) on problem kxor_instance_n22_k2_m254_ell2_eps0.2_kappa0.75_rho1.0 (fields={'ell': 2, 'threshold': 0.0, 'kikuchi_matrix': <Dictionary Of Keys sparse matrix of dtype 'int64'
	with 6320 stored elements and shape (231, 231)>, 'num_eigenvalues': 5, 'eigenvalues': array([14.90509918, 15.00579064, 15.74247178, 16.0916794 , 27.94597035]), 'eigenvectors': array([[-2.04893675e-02, -7.82467019e-03,  2.38250740e-02,  8.51983836e-02,  7.11249346e-02],
       [-1.02106688e-02, -1.96931047e-02, -4.10989119e-02,  8.02109676e-02,  6.02732291e-02],
       [-4.90524471e-02, -6.46488293e-02,  2.90833764e-02, -6.88827598e-02, -6.06399876e-02],
       [-2.23322282e-02, -7.86205793e-03, -1.11682553e-01,  1.58380832e-02, -4.15211954e-02],
       [-7.83873911e-03,  2.77465695e-02, -3.94095791e-02,  9.58915589e-02,  6.71554042e-02],
       [ 4.77124636e-02,  4.83984418e-02, -5.85977585e-02,  1.08504082e-01,  4.82338772e-02],
       [-5.57919899e-02,  6.10443830e-02, -4.31653920e-03, -3.41608656e-02, -5.92856207e-02],
       [-1.99759641e-02, -7.73112899e-02, -1.07917283e-02, -1.23556894e-01, -5.61372006e-02],
       [ 5.98453695e-03,  3.63628608e-02, -1.64940239e-03, -1.39820183e-01, -6.00180606e-02],
       [ 2.27531143e-02,  3.95777219e-02, -2.65439893e-02, -6.43949079e-02, -6.31299822e-02],
       [ 1.04535397e-01, -2.75322179e-02, -1.37916707e-02, -1.09270114e-01, -5.41854016e-02],
       [-6.12486935e-02, -4.24524382e-02, -5.41782023e-02, -1.02611887e-01, -5.44514224e-02],
       [ 2.04550990e-02,  8.96017475e-02,  6.13027682e-02,  5.82025178e-02,  5.41840955e-02],
       [-3.24935514e-02, -2.26265187e-02, -2.32747056e-02,  8.50314203e-02,  6.87991261e-02],
       [-2.76103451e-02,  9.67498347e-03,  5.07304975e-02,  1.07228771e-01,  6.27518189e-02],
       [-4.36577541e-02, -2.69498234e-02,  7.54775619e-02,  2.66860096e-03, -4.97225274e-02],
       [ 5.93183348e-04, -5.26603819e-02, -1.82031678e-02, -9.19887786e-02, -7.27038605e-02],
       [-3.81899658e-02,  6.39774586e-02,  1.73067106e-02,  7.80806167e-02,  5.35249032e-02],
       [ 4.77111678e-03, -3.86950790e-02, -9.95644785e-03, -1.21489545e-02, -6.49568732e-02],
       [-7.44794531e-02,  4.77998102e-02, -4.30324794e-02, -1.21904161e-01, -4.36853424e-02],
       [-2.20693789e-02,  6.59898716e-02,  7.05494083e-03,  8.64712735e-02,  7.46924711e-02],
       [ 4.22323635e-02,  8.85571883e-02,  5.29577180e-02,  2.08041077e-02, -7.75030459e-02],
       [ 3.90637730e-02,  2.62463513e-02, -3.61912847e-02, -3.76371012e-02,  7.79697330e-02],
       [ 1.09278206e-02, -2.72627545e-02,  1.37366398e-01, -1.00014848e-01,  4.89921474e-02],
       [ 4.33016892e-02,  3.24071035e-02,  5.07855860e-02,  1.80501730e-02, -8.66630479e-02],
       [-4.36605092e-02, -1.66312860e-02,  7.84294356e-02, -4.56238481e-02, -6.23752215e-02],
       [ 4.10693045e-02, -1.26550455e-01,  7.00184556e-03, -7.43743204e-02,  7.10722441e-02],
       [ 4.84353871e-04,  4.13747388e-02,  1.84768646e-02,  4.11832351e-02,  7.25801541e-02],
       [-3.62232055e-02, -1.12121887e-01,  5.40060944e-03,  5.99516034e-02,  7.77255024e-02],
       [-6.18174498e-02, -1.17995791e-01,  3.72700195e-02, -4.86407843e-02,  8.06408821e-02],
       [-1.68395669e-01, -1.85545040e-02,  2.11839158e-02,  3.07113983e-02,  6.99066165e-02],
       [ 6.32534241e-02,  1.43512332e-03,  8.36278942e-02,  2.55129577e-02,  7.56246679e-02],
       [-3.61365930e-03, -6.65625164e-02, -8.51104956e-02,  3.45607338e-02, -6.98197322e-02],
       [ 6.92961465e-02,  9.17638985e-02,  2.39939259e-02,  3.51159737e-02, -8.23101156e-02],
       [ 6.63868473e-02,  5.29702230e-02, -7.16545990e-02, -9.72616313e-03, -8.09211297e-02],
       [ 3.19438114e-02, -1.65167364e-02, -9.60201686e-02, -1.10147210e-01,  6.33445298e-02],
       [-3.66770075e-02, -4.90126176e-03,  2.74709597e-02, -3.70930884e-02,  9.37815925e-02],
       [ 7.57878362e-02, -3.44432387e-02, -2.62692688e-02,  6.89160053e-03, -6.86187232e-02],
       [-3.46335232e-02, -1.51387592e-02,  1.32642088e-02, -1.11946643e-01,  7.72518040e-02],
       [ 8.30609645e-02, -1.04909159e-01,  6.13349829e-02,  7.67828434e-02,  5.63641700e-02],
       [ 5.86683394e-02, -4.39656111e-03, -1.13957264e-02,  4.55963200e-02, -8.99708477e-02],
       [ 3.94954426e-02,  4.74279599e-03, -1.02360643e-01, -2.05621173e-02,  6.98002068e-02],
       [ 1.30729434e-02, -4.09331311e-02,  8.19809426e-02, -8.90615123e-02,  4.80086106e-02],
       [ 3.17761412e-02,  4.88718000e-02,  1.24990609e-01,  1.74272758e-03, -7.74523371e-02],
       [-4.33328676e-02, -8.42848682e-05,  1.24354951e-01, -5.06209876e-02, -5.62850671e-02],
       [ 4.17066550e-02, -1.29553195e-01, -5.73532853e-02, -5.43326245e-02,  6.42916205e-02],
       [ 7.73379593e-03,  1.98195508e-02, -5.37794242e-02,  4.94364251e-02,  6.56617195e-02],
       [-2.45764532e-02, -1.17707619e-01, -6.79486201e-02,  6.44800419e-02,  6.97466995e-02],
       [-4.66695044e-02, -1.23804787e-01, -4.02030606e-02, -3.04108739e-02,  7.29066103e-02],
       [-1.43692959e-01, -3.13208109e-02, -4.56880489e-02,  3.74455869e-02,  6.33721848e-02],
       [ 5.87143086e-02, -1.37590476e-02,  3.93004305e-03,  3.14190534e-02,  6.43434943e-02],
       [-8.98987401e-03, -4.64245757e-02, -1.34834315e-02,  2.25008067e-02, -6.75556419e-02],
       [ 5.42316856e-02,  1.01209479e-01,  9.80714595e-02,  1.60618780e-02, -7.43593933e-02],
       [ 5.19374959e-02,  6.69252708e-02,  1.24021097e-02, -2.04773707e-02, -7.31623314e-02],
       [ 3.21932793e-02, -2.40482147e-02, -1.30723424e-01, -7.99456965e-02,  5.34639258e-02],
       [-2.78155450e-02, -2.72999521e-02, -6.94348353e-02, -2.04968465e-02,  9.01385207e-02],
       [ 6.92224274e-02, -1.57491898e-02,  4.49816900e-02, -3.73418723e-03, -6.62006172e-02],
       [-2.48915734e-02, -3.06945584e-02, -5.81741137e-02, -8.70877598e-02,  7.01890975e-02],
       [ 8.40492017e-02, -1.17474265e-01,  1.74885016e-03,  8.13187591e-02,  5.42826548e-02],
       [ 4.50893505e-02,  1.69418994e-02,  7.41386704e-02,  2.58086467e-02, -8.12449534e-02],
       [-6.46349734e-02, -3.02227673e-02, -9.21618584e-02,  9.98996124e-02, -4.77645735e-02],
       [ 4.91462989e-02,  6.61677607e-02, -1.08297182e-01, -1.89305031e-02,  7.78782847e-02],
       [ 9.96114381e-02,  7.85321865e-02, -1.12027878e-01,  3.89613698e-02,  5.60814862e-02],
       [-1.09182059e-01,  3.78781338e-02,  4.37501990e-02,  6.85112111e-02, -6.46617119e-02],
       [-6.82296210e-02, -1.05526436e-01,  3.47737223e-02, -3.27106096e-02, -6.12902486e-02],
       [-5.20090606e-02,  1.90913747e-02,  5.87310296e-02, -5.53851748e-02, -7.49185592e-02],
       [-3.11438950e-02,  2.08399533e-02,  2.71115525e-02,  5.10287336e-02, -7.82718446e-02],
       [ 8.80299595e-02, -6.58284616e-02,  3.66947052e-02, -2.63603288e-02, -6.77935590e-02],
       [-1.23461967e-01, -7.66541096e-02, -1.66563969e-02, -1.77478035e-02, -6.38413175e-02],
       [ 7.09921499e-02,  1.31953439e-01,  2.67280435e-02, -3.41996426e-02,  6.30523731e-02],
       [ 2.29741396e-02,  8.22464369e-03, -8.17604460e-02, -3.26900365e-02,  7.48400227e-02],
       [ 2.32893482e-02,  4.03071225e-02,  3.98123886e-03,  4.73305623e-03,  7.35739562e-02],
       [-8.50786134e-02, -4.92473915e-02,  1.19302630e-01,  9.12825650e-02, -5.32387146e-02],
       [-6.40846938e-02, -9.95714745e-02,  4.55218422e-02,  3.70033307e-02, -8.44965682e-02],
       [ 1.45494941e-03,  1.16786762e-01, -3.04599491e-02, -1.07682223e-02,  6.59390376e-02],
       [-4.81455242e-02, -7.06260041e-02,  4.26473219e-02,  1.02424202e-01, -6.96872509e-02],
       [-1.41706692e-01,  3.87979359e-02, -1.34940206e-02, -6.92063502e-02, -5.45236409e-02],
       [ 4.00689284e-02,  1.03721303e-01, -5.63835251e-02, -4.38288510e-02,  8.13137033e-02],
       [ 1.70586631e-02, -3.21820053e-03,  9.74976461e-02, -9.66191819e-02,  5.37299204e-02],
       [ 6.09148398e-02,  2.11697740e-02,  4.49558704e-02, -3.30356511e-02,  3.91288428e-02],
       [-5.36597917e-02,  5.65446542e-02, -1.02236796e-01,  1.04756267e-01, -4.10782550e-02],
       [-3.54379137e-02, -3.48721343e-02, -1.11021056e-01,  4.25273756e-02, -4.21315325e-02],
       [-1.67759854e-02,  5.68344185e-02, -1.19405036e-01,  3.85611246e-02, -4.80874291e-02],
       [-4.87644560e-03,  5.03770893e-02, -1.33585294e-01,  9.97314343e-02, -4.61617584e-02],
       [ 7.04423549e-02, -4.39919766e-05, -1.18450664e-01,  5.00247670e-02, -4.33630373e-02],
       [-6.26383324e-02, -1.05474987e-02, -1.37302045e-01,  5.21160428e-02, -4.07699066e-02],
       [ 3.26647241e-02,  4.40826405e-02,  1.39862676e-01, -8.07416082e-02,  3.96543499e-02],
       [-1.05671734e-03, -4.27210241e-02,  1.09908747e-01, -1.03403176e-01,  5.11490560e-02],
       [ 2.28230235e-03, -1.66132196e-02,  1.51810519e-01, -7.03181308e-02,  4.63388967e-02],
       [-4.99687158e-02, -2.07498625e-03, -3.26699742e-02,  1.20162737e-01, -3.67030973e-02],
       [-2.45493062e-02, -1.13110832e-02, -1.48000685e-01,  1.07682705e-01, -5.32293100e-02],
       [-1.33983812e-02,  3.30223894e-02,  1.17541613e-01, -7.13527788e-02,  4.20876551e-02],
       [-1.80032505e-02, -3.71012858e-03, -1.14942146e-01,  1.30073031e-01, -4.40961155e-02],
       [-7.80270199e-02,  5.50754171e-02, -1.19492954e-01,  8.12314730e-03, -3.47447275e-02],
       [ 1.15042365e-02,  1.48174827e-02,  1.33857446e-01, -1.09049973e-01,  5.14276612e-02],
       [-5.28391095e-02, -4.60388174e-02,  1.33700766e-01, -6.03886183e-02, -6.21135850e-02],
       [ 5.21580739e-02, -9.21359600e-02, -5.78302053e-02, -5.73444771e-02,  7.14589990e-02],
       [ 1.17294670e-02,  7.40191237e-02, -4.63270546e-02,  5.55528151e-02,  6.85592598e-02],
       [-2.45802147e-02, -7.41712563e-02, -6.85007270e-02,  7.85794886e-02,  7.79235758e-02],
       [-4.97250162e-02, -7.76525818e-02, -3.70060959e-02, -2.93741793e-02,  8.18010408e-02],
       [-1.59187371e-01,  1.74510223e-02, -4.38671378e-02,  4.68374033e-02,  7.04125920e-02],
       [ 7.04970962e-02,  3.83769017e-02,  1.21995876e-02,  4.00666923e-02,  7.14562784e-02],
       [-1.44992821e-02, -1.11046735e-01, -2.15707435e-02,  2.08162256e-02, -7.47892789e-02],
       [ 5.71243568e-02,  5.03496533e-02,  1.02229844e-01,  1.33960701e-02, -8.28670939e-02],
       [ 6.10620105e-02,  1.39317046e-02,  6.20732807e-03, -3.13395726e-02, -8.69122022e-02],
       [ 4.00877751e-02,  1.73895050e-02, -1.42854680e-01, -8.75298560e-02,  5.94190662e-02],
       [-2.31246911e-02,  4.51191296e-02, -6.23235244e-02, -1.49368018e-02,  9.41145711e-02],
       [ 6.67679794e-02, -7.02276813e-02,  3.73025122e-02, -8.47357118e-03, -6.90963143e-02],
       [-2.37984337e-02,  2.56019111e-02, -5.75832164e-02, -9.44381018e-02,  7.80869805e-02],
       [ 9.70554224e-02, -8.49280646e-02,  7.93580462e-03,  9.55078267e-02,  6.08933958e-02],
       [ 4.62808763e-02, -5.27098070e-02,  7.42495566e-02,  2.39200859e-02, -9.05521803e-02],
       [ 1.06968691e-01, -3.77711328e-02, -8.23480049e-02,  6.18953771e-03,  5.52604710e-02],
       [ 6.27664874e-02,  8.11248594e-02, -6.51832400e-02,  8.24987873e-02,  4.94339287e-02],
       [ 4.75722329e-02, -1.58359546e-02, -8.56774942e-02,  1.04830802e-01,  5.61436361e-02],
       [ 3.56770574e-02, -2.20789658e-02, -7.09975285e-02,  3.53327119e-02,  6.30683415e-02],
       [-5.93760142e-02,  4.69392337e-02, -7.11301996e-02,  8.75073612e-02,  5.41104350e-02],
       [ 1.19359059e-01,  6.35627996e-02, -2.75385009e-02,  8.07911192e-02,  5.44188726e-02],
       [-7.34747504e-02, -1.11989700e-01,  1.90517236e-02, -3.51466665e-02, -5.38838798e-02],
       [-3.08249058e-02,  3.70504695e-04,  1.22792483e-01, -4.91091220e-02, -6.38288413e-02],
       [-3.11311791e-02, -2.97741153e-02,  4.53791861e-02, -8.06990259e-02, -6.27619048e-02],
       [ 7.64787633e-02,  3.55026743e-02, -1.27391228e-01, -2.23011904e-02,  4.33502876e-02],
       [ 6.59065328e-02,  7.24781447e-02, -9.02391061e-02,  5.43910055e-02,  6.78709823e-02],
       [-1.18560170e-02, -7.84258795e-02,  5.99893595e-02, -5.16795693e-02, -5.02295722e-02],
       [ 5.47096993e-02,  5.58041080e-02, -8.51244639e-02, -1.71376073e-02,  6.02460917e-02],
       [ 1.07984993e-01, -3.12571354e-02, -1.91809390e-02,  9.63266883e-02,  4.12968170e-02],
       [-4.61628255e-02, -7.64201619e-02,  9.58536920e-02, -4.62576652e-02, -6.51798551e-02],
       [-7.54813566e-02,  2.15801311e-02,  4.05496504e-04,  3.17124138e-03, -6.07874106e-02],
       [-4.73467630e-02,  1.49431216e-01,  1.22313772e-02, -9.18013175e-03, -6.47742116e-02],
       [-3.00943977e-02,  1.55438971e-01, -1.55178155e-02,  7.89473217e-02, -6.71280393e-02],
       [ 7.57801077e-02,  7.57164060e-02, -4.59900697e-03,  1.15781772e-02, -6.25797928e-02],
       [-1.15977347e-01,  5.01571349e-02, -4.73982954e-02,  1.62987143e-02, -5.89597469e-02],
       [ 7.72111190e-02,  1.63785296e-03,  6.08190129e-02, -6.85874693e-02,  6.17972014e-02],
       [ 2.62268143e-02, -1.36131551e-01, -3.41924306e-02, -6.86803364e-02,  6.82407021e-02],
       [ 2.76795536e-02, -1.15620458e-01,  4.61555599e-02, -3.58147044e-02,  7.17083050e-02],
       [-8.30040475e-02,  5.24106991e-02,  8.29385070e-02,  1.09439462e-01, -4.92203558e-02],
       [-6.58810236e-02,  7.69413372e-02, -3.10648555e-03,  7.72568960e-02, -7.78355473e-02],
       [ 5.01077638e-03, -2.33588517e-02,  7.52435223e-03, -3.96956487e-02,  5.75653807e-02],
       [-4.94970020e-02,  7.00670546e-02,  2.76979678e-03,  1.27381677e-01, -6.40958913e-02],
       [-1.20702460e-01,  1.24762240e-01, -3.83116486e-02, -3.50453775e-02, -4.70663225e-02],
       [ 4.63164117e-02, -6.98265036e-02, -9.62468056e-03, -9.02418300e-02,  7.98504145e-02],
       [-1.15986259e-02, -1.48310941e-03,  3.38347524e-03, -1.05150473e-01, -6.13920002e-02],
       [ 6.38778226e-03,  1.85255575e-03, -2.50954460e-02, -2.80201308e-02, -6.87828633e-02],
       [ 9.34999995e-02, -6.42418381e-02, -1.00572762e-02, -7.84331432e-02, -5.55734910e-02],
       [-7.90250431e-02, -7.97466806e-02, -5.12412298e-02, -7.18842155e-02, -5.58483388e-02],
       [ 3.58205032e-02,  1.26774473e-01,  5.94227045e-02,  2.68020001e-02,  5.52443437e-02],
       [-9.73143614e-03,  2.37194160e-02, -2.54898157e-02,  3.89087340e-02,  6.54590445e-02],
       [-1.02598957e-02,  5.15382889e-02,  4.73258067e-02,  7.06886761e-02,  6.40220186e-02],
       [-5.99958693e-02, -6.01227536e-02,  8.12344044e-02,  3.41936573e-02, -5.04237246e-02],
       [-2.11926482e-02, -1.04254137e-01, -1.33514633e-02, -4.71129696e-02, -7.38994025e-02],
       [-2.62097638e-02,  1.14706718e-01,  1.55968399e-02,  5.33342874e-02,  5.79272941e-02],
       [-1.36384727e-02, -7.50591023e-02, -4.46769458e-03,  2.49799465e-02, -6.18023804e-02],
       [-8.89530678e-02,  2.18769988e-02, -4.17104704e-02, -9.86569304e-02, -4.47158943e-02],
       [ 1.65635773e-03,  1.06526126e-01,  1.12183097e-03,  3.77712179e-02,  7.09558207e-02],
       [ 4.13578657e-02,  1.46294539e-01, -1.34448624e-02, -4.37838548e-02, -7.30649085e-02],
       [ 1.37427307e-01,  5.12148699e-02, -1.52336902e-03, -1.01723839e-01, -6.28602300e-02],
       [-6.22130538e-02,  3.25256608e-02, -4.98381518e-02, -9.51758278e-02, -6.39089259e-02],
       [ 1.45080970e-02,  2.52903294e-02,  6.40777223e-02,  4.71824214e-02,  6.76691273e-02],
       [-4.81029108e-02, -1.24362349e-01, -4.38356842e-02,  5.95124942e-02,  7.45847466e-02],
       [-4.66645195e-02, -8.87013933e-02,  4.18555227e-02,  9.47411516e-02,  7.29777319e-02],
       [-4.11698583e-02,  4.77503154e-02,  1.04186215e-01,  2.75485848e-02, -5.78767433e-02],
       [ 1.73913723e-02,  5.40143100e-02,  3.70257780e-04, -7.05892997e-02, -8.48694000e-02],
       [-6.39087639e-02, -6.02775932e-03,  6.36332444e-03,  7.44360758e-02,  6.62691240e-02],
       [ 2.03820627e-02,  5.96431435e-02,  8.08816713e-03,  1.80250709e-02, -7.53760117e-02],
       [-7.97891169e-02,  1.18559054e-01, -4.00035124e-02, -1.22609519e-01, -5.03013337e-02],
       [-3.77839326e-02, -4.32820970e-02, -1.33462670e-02,  5.92098201e-02,  8.17091915e-02],
       [ 1.64414025e-01,  5.46852028e-02, -2.79417843e-02, -1.75958162e-02, -6.57551013e-02],
       [-5.11221183e-02,  4.07576039e-02, -8.71669876e-02, -1.16212583e-02, -7.14204386e-02],
       [-4.43885285e-03,  2.51980699e-02,  8.73409169e-02, -4.21828131e-02,  6.57714800e-02],
       [-7.40280701e-02, -1.30287042e-01, -1.17886952e-02, -4.43375948e-02,  7.76788607e-02],
       [-7.06827243e-02, -9.33160931e-02,  7.60366943e-02, -3.96422395e-03,  7.63721301e-02],
       [-2.38391003e-02,  4.25596162e-02,  7.78854133e-02,  1.01945646e-01, -5.59507825e-02],
       [ 4.46518864e-02,  5.68384968e-02, -3.67249312e-02,  4.83598726e-02, -8.84589798e-02],
       [-8.74682492e-02, -7.77935411e-03,  3.58006267e-02, -1.91776602e-02,  6.92018098e-02],
       [ 4.13818265e-02,  5.57926501e-02, -2.22396016e-02,  1.14757122e-01, -7.29688326e-02],
       [-7.22073896e-02,  1.26406885e-01, -6.24446551e-02, -6.33656632e-02, -5.30759635e-02],
       [-6.48877863e-02, -4.57060710e-02,  2.15005646e-02, -5.51850965e-02,  8.51505395e-02],
       [ 5.80985512e-02, -3.83611465e-02, -6.50195828e-02, -7.45614970e-02, -6.15219858e-02],
       [-9.45761188e-02,  8.51493878e-02,  6.54603147e-02,  1.95961021e-02,  5.69807599e-02],
       [-1.73077073e-01, -3.24698187e-02, -2.19540315e-02,  3.07193531e-02,  6.71556700e-02],
       [-1.67568649e-01, -2.15655529e-03,  5.42362016e-02,  6.36849136e-02,  6.56922836e-02],
       [ 6.71674771e-02, -2.01314543e-02,  8.21534503e-02,  4.34176662e-02, -5.22149595e-02],
       [ 1.66482392e-01, -4.26762446e-02, -1.79599594e-02, -3.72747753e-02, -7.62626220e-02],
       [-1.55711409e-01,  5.90543826e-02,  1.79435150e-02,  4.14112729e-02,  5.59663836e-02],
       [ 1.53613789e-01, -2.83062935e-02, -9.14491712e-03,  4.06697513e-02, -6.74319934e-02],
       [ 1.57439234e-02,  6.38171681e-02, -5.07852689e-02, -1.08264470e-01, -4.90404029e-02],
       [-1.78048455e-01,  4.92717799e-02,  5.63993245e-03,  2.87428440e-02,  7.31714775e-02],
       [ 8.17218253e-02,  1.00355797e-01,  1.07173224e-01,  1.35616649e-02,  5.73434735e-02],
       [ 4.69818985e-02, -1.55623971e-02,  3.32445196e-02,  2.57790189e-02,  7.28716771e-02],
       [ 4.21530056e-02,  1.61326411e-02,  1.04380996e-01,  5.65877744e-02,  6.65405786e-02],
       [-1.07133375e-01, -3.54972518e-02,  3.98007155e-02,  4.84500713e-02, -5.27345861e-02],
       [-8.53808544e-02, -6.55641000e-02, -7.84016199e-02, -3.01860923e-02, -7.70898347e-02],
       [ 1.93567903e-02,  7.68550068e-02,  6.03492714e-02,  3.64377776e-02,  5.67922607e-02],
       [-7.23266502e-02, -4.84272830e-02, -6.31328349e-02,  4.68078212e-02, -6.82257624e-02],
       [-1.27445960e-01,  4.63608203e-02, -7.88425400e-02, -9.24797639e-02, -4.64471871e-02],
       [ 6.30936242e-02,  7.03018374e-02,  6.36399335e-02,  2.15336353e-02,  7.43459815e-02],
       [ 1.16903828e-02, -5.13221517e-02, -4.41468815e-02,  3.51168649e-02, -7.16589300e-02],
       [ 1.10528318e-02, -8.21322583e-02, -1.24415877e-01, -3.03274364e-03, -6.95191171e-02],
       [ 5.62494917e-02,  7.29367594e-02, -3.06203296e-02, -8.25934809e-02,  4.85583128e-02],
       [ 2.31634297e-02,  1.34162978e-01,  8.91807224e-02, -3.38068567e-02,  7.54442307e-02],
       [ 2.25244308e-02, -1.24704668e-01, -6.77064267e-02,  1.03136458e-02, -5.57857200e-02],
       [ 1.44195710e-02,  9.95536942e-02,  6.59911602e-02, -9.10270542e-02,  6.27374333e-02],
       [ 9.27830889e-02, -6.74012055e-03,  8.51653742e-02,  5.58746024e-02,  4.59559417e-02],
       [-3.17352620e-03, -1.36122447e-01, -7.36781353e-02,  3.91010188e-02, -7.27538994e-02],
       [ 7.79479063e-02,  6.90977466e-02, -1.90129674e-02, -1.04622319e-02, -7.76986685e-02],
       [ 1.97800533e-02, -2.39186636e-02, -1.20505896e-01, -9.44130695e-02,  5.70201236e-02],
       [-5.26143063e-02, -2.56336031e-02, -3.17858684e-02, -3.28184837e-02,  9.02730937e-02],
       [ 8.49084395e-02, -1.93926750e-02,  1.65307676e-02,  4.38768678e-03, -6.64228582e-02],
       [-4.75227530e-02, -3.12895211e-02, -3.20475176e-02, -1.04969576e-01,  7.41484844e-02],
       [ 7.07127863e-02, -1.12009634e-01,  2.58102963e-02,  7.49841605e-02,  5.44308642e-02],
       [ 7.27982569e-02,  1.58352141e-02,  4.43816095e-02,  4.11745444e-02, -8.65847426e-02],
       [ 2.05027064e-02, -1.07899641e-03, -5.81356714e-02, -6.90706631e-02,  6.06178159e-02],
       [-5.01757367e-02,  1.53396700e-02,  7.29142486e-02,  1.49441058e-02,  8.83566748e-02],
       [ 8.22389559e-02, -4.64204156e-02, -5.75381273e-02, -2.82702380e-02, -6.50134193e-02],
       [-4.50046735e-02,  1.57999441e-03,  5.17835050e-02, -6.46195553e-02,  7.32655694e-02],
       [ 6.82759545e-02, -8.71393671e-02,  8.26937703e-02,  9.72120582e-02,  5.29341508e-02],
       [ 7.03948053e-02, -2.42220159e-02, -5.58319007e-02, -6.03049115e-03, -8.47672117e-02],
       [-5.09490739e-02, -3.79706026e-02,  1.03623680e-01,  1.08056916e-01, -6.46814868e-02],
       [ 1.35829172e-03,  5.92729331e-02, -7.53427409e-02, -7.03188506e-02,  5.09990186e-02],
       [-3.78713097e-02, -2.38900975e-02,  8.75594959e-02,  1.39800063e-01, -5.30738808e-02],
       [-1.10568057e-01,  5.29072140e-02,  3.20967321e-02, -3.63082935e-03, -4.23840502e-02],
       [ 3.34132916e-02,  4.18883691e-02, -1.08099980e-01, -1.10062576e-01,  6.20934641e-02],
       [-6.44004250e-02,  1.00101111e-01,  2.36748776e-02, -4.34335963e-03,  7.44935907e-02],
       [ 1.63948491e-02, -5.45644495e-02, -9.90365130e-03,  1.18752083e-01, -8.43691426e-02],
       [-1.13173955e-01,  7.00540806e-02, -6.83085192e-02, -9.08672171e-02, -6.56690518e-02],
       [-3.93987534e-02,  8.99271536e-02,  5.93564297e-03, -4.44311359e-02,  9.80232856e-02],
       [-5.61611232e-02,  7.35044052e-02,  1.27084739e-02, -6.73027475e-02,  6.21618720e-02],
       [ 4.55424897e-02, -2.57417930e-02,  5.37304790e-02,  7.98998410e-02,  4.82926040e-02],
       [ 8.05271709e-02, -1.03451617e-01, -1.09499129e-02,  1.14959299e-02, -7.20688918e-02],
       [-9.18957501e-02,  6.68441514e-02, -5.00384050e-02, -1.77529264e-02, -5.48904568e-02],
       [-3.66708541e-02,  5.98130452e-02, -3.57332483e-03, -1.22480220e-01,  8.09374765e-02],
       [ 9.20012819e-02, -6.14143000e-02,  5.48375775e-02,  8.09482070e-02,  6.35585116e-02]])})
2026-01-20 11:01:18,866 - final_problem_set.kxor_instance_n22_k2_m254_ell2_eps0.2_kappa0.75_rho1.0 - INFO - Running key extraction (n=22, m=254, ell=2, phase_qubits=13)
2026-01-20 11:01:18,869 - final_problem_set.kxor_instance_n22_k2_m254_ell2_eps0.2_kappa0.75_rho1.0 - INFO - Built voting matrix V (n=22, ell=2, dtype=complex128) in 0.003s
2026-01-20 11:01:18,870 - final_problem_set.kxor_instance_n22_k2_m254_ell2_eps0.2_kappa0.75_rho1.0 - INFO - Eval: adv=1.0000, hamming=0/22 (0.000), corr=1.000
2026-01-20 11:01:18,870 - final_problem_set.kxor_instance_n22_k2_m254_ell2_eps0.2_kappa0.75_rho1.0 - INFO - Key extraction complete: x_hat=17
2026-01-20 11:01:18,870 - final_problem_set.kxor_instance_n22_k2_m254_ell2_eps0.2_kappa0.75_rho1.0 - INFO - Finished step 'KeyExtractionStep' in 0.004s (success: True, problem=kxor_instance_n22_k2_m254_ell2_eps0.2_kappa0.75_rho1.0)
2026-01-20 11:01:18,870 - final_problem_set.kxor_instance_n22_k2_m254_ell2_eps0.2_kappa0.75_rho1.0 - INFO - SUCCESS: len(z_hat)=22
2026-01-20 11:01:18,870 - final_problem_set.kxor_instance_n22_k2_m254_ell2_eps0.2_kappa0.75_rho1.0 - INFO - Metrics: adv=1.0, ham_frac=0.0, corr=1.0
2026-01-20 11:01:18,870 - final_problem_set.kxor_instance_n22_k2_m254_ell2_eps0.2_kappa0.75_rho1.0 - INFO - z_hat (full): [ 1, -1, -1,  1,  1, -1, -1,  1,  1,  1,  1,  1,  1, -1, -1, -1,  1,  1, -1,  1,  1, -1]
