2026-01-20 11:01:17,555 - final_problem_set.kxor_instance_n22_k2_m244_ell2_eps0.15_kappa0.75_rho1.0 - INFO - Starting iteration for /Users/julian/CodingProjects/UniT3/QuarticSpeedupK-XOR/z_Daphne/data/final_problem_set/kxor_instance_n22_k2_m244_ell2_eps0.15_kappa0.75_rho1.0.npz
2026-01-20 11:01:17,556 - final_problem_set.kxor_instance_n22_k2_m244_ell2_eps0.15_kappa0.75_rho1.0 - INFO - Loaded instance (n=22, m=244, k=2)
2026-01-20 11:01:17,556 - final_problem_set.kxor_instance_n22_k2_m244_ell2_eps0.15_kappa0.75_rho1.0 - INFO - Starting step 'ComputeKikuchiStep' (version 0.1) on problem kxor_instance_n22_k2_m244_ell2_eps0.15_kappa0.75_rho1.0 (fields={'ell': 2, 'threshold': 0.0})
2026-01-20 11:01:17,590 - final_problem_set.kxor_instance_n22_k2_m244_ell2_eps0.15_kappa0.75_rho1.0 - INFO - Finished step 'ComputeKikuchiStep' in 0.034s (success: True, problem=kxor_instance_n22_k2_m244_ell2_eps0.15_kappa0.75_rho1.0)
2026-01-20 11:01:17,590 - final_problem_set.kxor_instance_n22_k2_m244_ell2_eps0.15_kappa0.75_rho1.0 - INFO - Starting step 'ClassicalEigenvaluesStep' (version 0.1) on problem kxor_instance_n22_k2_m244_ell2_eps0.15_kappa0.75_rho1.0 (fields={'ell': 2, 'threshold': 0.0, 'kikuchi_matrix': <Dictionary Of Keys sparse matrix of dtype 'int64'
	with 6080 stored elements and shape (231, 231)>, 'num_eigenvalues': 5})
2026-01-20 11:01:17,703 - final_problem_set.kxor_instance_n22_k2_m244_ell2_eps0.15_kappa0.75_rho1.0 - INFO - Finished step 'ClassicalEigenvaluesStep' in 0.112s (success: True, problem=kxor_instance_n22_k2_m244_ell2_eps0.15_kappa0.75_rho1.0)
2026-01-20 11:01:17,703 - final_problem_set.kxor_instance_n22_k2_m244_ell2_eps0.15_kappa0.75_rho1.0 - INFO - Starting step 'KeyExtractionStep' (version 0.1) on problem kxor_instance_n22_k2_m244_ell2_eps0.15_kappa0.75_rho1.0 (fields={'ell': 2, 'threshold': 0.0, 'kikuchi_matrix': <Dictionary Of Keys sparse matrix of dtype 'int64'
	with 6080 stored elements and shape (231, 231)>, 'num_eigenvalues': 5, 'eigenvalues': array([14.54442676, 14.83286462, 15.10348042, 15.58932647, 26.8439133 ]), 'eigenvectors': array([[-1.18442392e-01,  3.77066543e-02, -7.48466435e-02,  3.66451842e-03, -6.70238377e-02],
       [ 1.54566125e-01, -5.28199592e-02,  4.56840973e-03,  1.22233088e-05,  6.92482621e-02],
       [ 8.67486347e-02, -1.22346941e-01, -1.74147131e-03, -5.13076447e-02,  6.22896764e-02],
       [-8.08815343e-02,  8.82758977e-02,  2.39651970e-02,  4.71367699e-02, -6.94236286e-02],
       [-1.02825805e-02, -7.94030715e-02,  7.03345487e-02,  6.73934017e-02,  5.62392101e-02],
       [-9.92835577e-02, -1.42013102e-02,  4.02253634e-02, -2.09017166e-02, -5.22480355e-02],
       [ 3.41967067e-02, -7.43084476e-02,  1.15894185e-01, -7.44005558e-02,  4.07575941e-02],
       [-5.48371286e-02,  3.72629199e-02, -5.22114775e-02,  8.41856025e-02, -6.01763602e-02],
       [ 1.14559130e-01, -7.84375434e-02, -3.00441238e-02, -5.67100654e-02,  6.15598960e-02],
       [-2.94090343e-02,  1.55514098e-01, -1.59526580e-02,  3.04983057e-02, -6.30935586e-02],
       [-6.49615727e-02,  8.69270048e-02, -1.47290876e-02,  2.80099559e-02, -7.29657122e-02],
       [ 7.76297029e-02, -8.91710245e-02,  2.72256255e-02, -8.36257730e-02,  5.92303480e-02],
       [ 1.16791756e-01, -9.24762117e-02,  3.46163925e-02,  4.82767703e-02,  4.60024393e-02],
       [-8.58519039e-02, -1.14263860e-02, -8.34946678e-02, -7.08308547e-03, -5.28276714e-02],
       [ 5.74443663e-02, -8.37430238e-02,  2.18757866e-02,  4.69992464e-02,  6.02661980e-02],
       [-4.50640137e-02,  3.82611895e-02, -3.35087484e-02,  6.65174101e-02, -7.29958770e-02],
       [ 7.99365201e-02, -9.18410332e-02,  6.52450270e-02, -5.54704318e-02,  7.31978605e-02],
       [ 5.19637950e-02,  7.39524020e-02,  1.17190673e-02, -1.21397877e-02, -5.63729667e-02],
       [ 7.82954928e-02, -1.32032651e-01, -2.06966129e-02,  2.98307133e-02,  5.54117422e-02],
       [ 7.64647420e-02, -1.03829435e-01,  8.73677536e-02,  4.33715030e-02,  5.83789708e-02],
       [ 6.28479369e-02, -8.89425990e-02,  5.48151089e-02, -7.49312392e-03,  7.46507976e-02],
       [-1.20948347e-01, -1.02563658e-01, -1.94501131e-02, -3.97155631e-02, -7.74955738e-02],
       [-6.78309023e-02, -5.60085142e-03, -1.06838877e-02,  2.64984181e-02, -8.03089816e-02],
       [ 4.57998323e-02,  6.76240023e-02, -1.61522205e-02, -1.39232359e-02,  8.34944551e-02],
       [ 5.03237481e-02, -4.06862383e-02, -8.63764476e-02, -1.07710433e-01, -6.26730541e-02],
       [ 7.14417101e-02,  1.34624470e-01, -3.58301766e-02,  5.44041643e-02,  5.80220290e-02],
       [-1.41745429e-02, -2.02889759e-03, -1.50149323e-01,  6.66839493e-02, -4.86881160e-02],
       [ 1.98515499e-02,  9.88490165e-02,  6.84098774e-02, -5.81680632e-02,  6.74994744e-02],
       [-9.45601481e-02, -5.50368155e-02,  2.56855872e-02,  3.18326113e-02, -7.38922653e-02],
       [-1.00204503e-02, -3.90451831e-02,  3.48305906e-02,  6.08290531e-04,  8.17399169e-02],
       [ 2.34647495e-02,  8.09019288e-02,  3.31445238e-02,  1.10145372e-02,  8.71023539e-02],
       [-5.89192268e-02, -4.04503444e-02, -5.10806773e-02,  7.32978919e-02, -7.61861794e-02],
       [-1.10420730e-01,  8.38814312e-03, -5.11601416e-02, -8.45037399e-02, -5.49366705e-02],
       [ 6.55460938e-02,  1.38921020e-01,  1.10927016e-01,  3.90649209e-02,  6.16690598e-02],
       [-2.05382889e-02, -4.75466806e-02, -3.48334002e-02, -8.48445390e-02, -6.77428658e-02],
       [ 3.49497766e-04,  1.26524196e-01,  5.16224204e-02, -3.01369908e-02,  8.14731667e-02],
       [-3.88724216e-02, -7.02112572e-02, -8.52791405e-02,  1.73916399e-02, -8.23885561e-02],
       [-1.02958683e-01,  5.40531794e-02, -1.26712438e-03,  5.02072721e-02,  6.75416755e-02],
       [-6.31857240e-02,  2.97057219e-02,  1.50764527e-02, -7.77787551e-02, -7.14043001e-02],
       [-5.18922303e-02, -1.65072372e-02, -1.18640362e-01, -8.87753479e-02, -6.97781631e-02],
       [-1.94985528e-02, -8.16708929e-02, -8.23160434e-02, -3.92491095e-02, -8.90431142e-02],
       [ 8.49498378e-02, -1.05090444e-02, -7.01498797e-02, -2.00585696e-02,  7.25146590e-02],
       [-7.44349307e-02, -4.84331627e-02,  1.04655554e-01,  9.80507896e-03, -8.05617325e-02],
       [-2.69143434e-02,  3.21878582e-02,  2.01276336e-02,  1.17956528e-01,  6.52790514e-02],
       [-8.80457395e-02, -1.18836262e-01,  9.29573004e-02, -5.42112696e-02, -5.61177125e-02],
       [ 3.96420345e-02, -4.78958816e-03,  1.04129543e-01, -6.65558660e-02,  5.14822071e-02],
       [-4.96496586e-02, -9.28053315e-02,  4.30992683e-03,  5.80280422e-02, -7.00729001e-02],
       [ 1.17027227e-01,  3.87061100e-02, -1.01474007e-01, -2.75056507e-02,  7.12536823e-02],
       [-2.02219028e-02,  5.57660757e-02,  5.54199917e-02, -5.15223197e-03, -7.91969803e-02],
       [-5.45596266e-02, -6.01308385e-02,  6.28354115e-02, -1.59270880e-02, -8.47269638e-02],
       [ 7.64921686e-02,  1.95246013e-02, -2.98819809e-02, -6.26074086e-02,  6.93514492e-02],
       [ 1.25766138e-01, -1.84568115e-02, -3.52113338e-03,  8.47287107e-02,  5.36133864e-02],
       [-8.57399344e-02, -1.23604075e-01, -4.57156156e-02, -4.16197296e-02, -6.05092720e-02],
       [ 4.26832774e-02,  3.26771823e-02, -3.64989148e-02,  8.67500961e-02,  6.57542836e-02],
       [-2.87504459e-02, -1.06850264e-01,  3.67196333e-02,  2.50570022e-02, -7.92956743e-02],
       [ 6.62063136e-02,  5.22912167e-02, -4.31295115e-03, -1.29122107e-02,  7.98884379e-02],
       [ 7.64842794e-02, -3.87041347e-02,  7.57552772e-02, -5.21391837e-02, -6.55663024e-02],
       [ 7.64431321e-02, -4.18798032e-02, -8.29753561e-02,  7.18097031e-02,  6.46770090e-02],
       [ 7.50186621e-02,  1.99334010e-03,  4.49767232e-02,  8.96126044e-02,  6.80366722e-02],
       [ 5.16284904e-02,  6.13377465e-02, -1.54118657e-02,  4.16301541e-02,  8.70020663e-02],
       [-1.12383886e-02,  5.20031070e-02,  1.10246356e-01,  7.50293246e-02, -7.69255136e-02],
       [-7.45181294e-02, -5.12758677e-02,  1.28734289e-02,  5.93760508e-02,  6.32657241e-02],
       [-5.37436625e-02, -5.24870042e-02,  1.08316421e-01, -7.54840727e-03, -5.88703814e-02],
       [-1.65237779e-03, -6.77799406e-02,  9.33264757e-02, -1.05348042e-01,  4.89478581e-02],
       [ 5.14256489e-03, -2.01496952e-04,  1.02679281e-02,  1.03511869e-01, -6.33604177e-02],
       [ 5.98439520e-02, -4.71936323e-02, -1.05837396e-01, -8.25612650e-02,  6.80781160e-02],
       [ 3.78242068e-02,  1.37230710e-01,  5.64266323e-02,  5.52263528e-02, -7.05661579e-02],
       [ 1.13112084e-02,  4.74900081e-02,  7.09892904e-02,  5.46423187e-02, -8.09903584e-02],
       [ 2.27963565e-02, -6.37637050e-02, -3.67916252e-02, -1.13336329e-01,  6.60313822e-02],
       [ 9.37394895e-02, -8.60926189e-02, -1.31439793e-02,  4.32842368e-02,  5.53599722e-02],
       [-4.48363677e-02, -5.18218510e-02, -3.85528720e-02,  8.80031948e-03, -6.27432111e-02],
       [-4.37832383e-03, -4.67783145e-02, -4.16782097e-02,  3.13796164e-02,  6.37044515e-02],
       [ 3.01728092e-02, -5.44748132e-03,  4.53605572e-02,  8.89920107e-02, -7.63454037e-02],
       [ 4.38375425e-03, -4.86327715e-02, -1.32058157e-02, -7.77708345e-02,  7.66054246e-02],
       [ 1.22524128e-01,  4.58011160e-02,  8.15879342e-02,  4.53625071e-03, -6.26311112e-02],
       [ 2.73637932e-02, -1.15358831e-01, -8.82328678e-02,  1.79700554e-02,  6.20059617e-02],
       [ 2.35577276e-02, -7.97692359e-02,  3.60515217e-02,  3.21957484e-02,  6.59972114e-02],
       [-1.56073201e-02, -4.84381516e-02, -2.60426369e-02, -3.24255420e-02,  8.35447372e-02],
       [ 1.00529732e-01,  2.88528716e-03,  9.51900252e-03, -7.73867936e-02, -7.02176725e-02],
       [ 3.97946395e-02,  9.92220959e-02, -1.26576370e-01,  1.82494384e-02,  6.02514244e-02],
       [ 1.63859776e-02,  3.43794116e-02, -8.54428737e-02,  1.09601834e-01, -5.45638568e-02],
       [-2.26860847e-02,  5.28325557e-02, -3.40154861e-02, -1.06247904e-01,  6.99362999e-02],
       [-4.74944527e-02, -2.68967065e-03,  1.43273918e-01,  8.20960007e-02, -7.52943978e-02],
       [-6.08745463e-02, -9.49569789e-02, -8.88149925e-02, -5.07063015e-02,  7.84898672e-02],
       [-3.53289844e-02,  1.55652151e-02, -1.08492245e-01, -4.74804207e-02,  8.97963146e-02],
       [-9.00851716e-03,  1.61399044e-02,  6.47790287e-02,  1.17557269e-01, -7.33688269e-02],
       [-8.81375312e-02,  5.08177167e-02,  3.48844215e-02, -5.76700173e-02, -6.14135910e-02],
       [ 3.09552412e-02,  1.10506303e-01,  1.95878995e-02,  7.91154685e-04,  6.96221551e-02],
       [ 2.16698555e-02,  3.64578527e-04,  6.89817885e-02, -4.68309127e-02, -7.06596975e-02],
       [-5.50976589e-02,  7.04129029e-02, -7.79380184e-02, -8.75372519e-02,  8.41693487e-02],
       [ 1.76760036e-02, -1.09699768e-02,  4.33452684e-02,  7.46530906e-02, -8.55327223e-02],
       [-1.40718004e-01,  2.02957079e-03, -1.00335074e-01,  6.94978793e-03,  6.48985523e-02],
       [-1.53853887e-02,  8.02877249e-02,  1.18921183e-01, -3.09577984e-02, -6.88909775e-02],
       [-1.00108153e-02,  3.90661864e-02, -1.66774184e-02, -5.13045406e-02, -7.83503666e-02],
       [ 4.11269184e-02, -1.66391332e-02,  5.86536442e-02,  2.15604742e-02, -9.26604161e-02],
       [ 3.31030052e-02, -7.45242259e-02,  2.50570900e-02, -1.08095420e-01, -4.89934737e-02],
       [-6.74298553e-02, -3.10607042e-02,  1.33208375e-01, -2.61594444e-03,  4.11349635e-02],
       [ 9.60664652e-02, -3.48437070e-02, -6.50066360e-02, -2.22184579e-02, -5.70096758e-02],
       [-4.24131205e-02, -5.24664419e-03, -1.77398938e-02,  5.23207865e-02,  6.25724569e-02],
       [ 1.19249260e-01,  7.52020553e-02, -3.12826896e-02, -7.37276579e-02, -5.95149147e-02],
       [ 1.15202048e-01, -3.50589713e-03, -3.19448000e-02, -9.65656041e-02, -6.84561605e-02],
       [-7.29118462e-02, -2.18226912e-02,  4.55182912e-02,  1.81697870e-02,  6.03788059e-02],
       [ 6.95738787e-03, -3.70397843e-02,  4.41474099e-02,  1.14374029e-01,  4.32636604e-02],
       [ 4.07433266e-02, -6.67664337e-02, -8.99034903e-02, -8.97920600e-02, -4.89328851e-02],
       [-8.17028126e-02, -6.06092350e-03,  3.06831483e-02,  1.28139934e-01,  5.28724774e-02],
       [ 1.23714210e-01, -4.29887647e-02, -4.61651711e-02, -5.91730461e-02, -6.42332659e-02],
       [-9.79945995e-02, -3.51356440e-04,  7.17449519e-02,  6.88799114e-02,  6.46403881e-02],
       [ 1.61271617e-01,  1.81328549e-03, -3.27086150e-03, -9.25147738e-02, -4.89981431e-02],
       [-5.31559822e-02, -6.19276322e-02, -6.96049470e-03,  1.16827924e-01,  5.23577038e-02],
       [-6.24601122e-02, -3.17888399e-02,  9.63124045e-02,  1.32240362e-01,  5.42707023e-02],
       [-1.21120401e-01,  3.31584419e-03,  7.09123399e-02,  1.18694836e-01,  6.94541439e-02],
       [-1.79925267e-02, -3.61321330e-02, -4.57532951e-02,  3.43385453e-02, -3.90257750e-02],
       [ 2.22966415e-02,  1.22651155e-01, -4.74784515e-02, -2.27472292e-02,  5.26055294e-02],
       [-7.10817893e-02, -8.43415720e-02,  1.19280437e-01, -2.19591737e-03, -5.37974159e-02],
       [-1.44656908e-03,  2.06778665e-02, -9.10168901e-02,  2.72650056e-02,  5.96832194e-02],
       [ 2.50662647e-02,  1.11285544e-01, -1.00180539e-01,  3.90073503e-02,  6.35971337e-02],
       [-4.82162413e-02, -7.39064470e-02,  7.14317410e-02,  2.94720676e-02, -5.57028848e-02],
       [-8.17449837e-02, -2.71532175e-02,  3.49322331e-02, -7.81125622e-02, -4.06835707e-02],
       [ 5.15263326e-02,  1.36241765e-01, -4.79462217e-03,  4.95160966e-02,  4.59324734e-02],
       [-2.19444156e-02, -8.17827265e-02,  7.43511506e-02, -9.33537107e-02, -5.27244778e-02],
       [ 7.82302892e-03,  1.38211611e-01, -7.73444239e-02,  6.49543389e-03,  5.91422723e-02],
       [-3.48149583e-02, -1.10452639e-01,  5.76672312e-02, -1.49591490e-02, -6.45006865e-02],
       [-6.05110094e-02,  7.14597877e-02, -8.58698530e-02,  5.31598905e-02,  4.59599034e-02],
       [-4.46109350e-02, -2.03512659e-02,  9.85835848e-02, -7.10736895e-02, -4.86268963e-02],
       [-4.75088121e-02, -5.89447230e-02,  9.01554280e-03, -9.62971786e-02, -5.48822064e-02],
       [-2.24430434e-02, -1.13683734e-01,  6.74917831e-02, -5.81737493e-02, -6.49834941e-02],
       [ 2.09328323e-02,  1.47700205e-03, -1.13668237e-01,  1.05409767e-01, -4.11331924e-02],
       [ 2.24945409e-02, -3.21475288e-02,  6.82786029e-02, -1.08642272e-01,  4.84389803e-02],
       [ 4.29239153e-02,  8.33686056e-02, -1.03711017e-01,  8.23126781e-02, -4.64283322e-02],
       [ 3.49655183e-02,  2.94805609e-02, -1.23878770e-01,  9.75525261e-02, -5.70713289e-02],
       [-3.84657376e-03, -3.79957818e-02,  1.04782323e-01, -1.13855515e-01,  4.33818574e-02],
       [ 4.34991327e-02, -5.26553510e-02,  9.86643895e-02, -6.69909617e-03,  3.61567994e-02],
       [-9.66008564e-03, -3.49461780e-02, -1.46633252e-01,  4.52566998e-02, -4.04759988e-02],
       [-2.36854124e-02, -3.13145343e-02,  1.05091579e-01, -2.44390724e-02,  4.52188344e-02],
       [ 3.86339187e-02, -2.21879766e-03, -1.21964234e-01,  1.06380834e-01, -4.94833393e-02],
       [-1.82485824e-02, -3.05502475e-02,  1.41449011e-01, -1.00462573e-01,  4.97505585e-02],
       [ 9.81678692e-02,  2.69642488e-02, -7.23495440e-02,  4.33829988e-02, -4.13433405e-02],
       [ 1.53383707e-03, -8.03456096e-02,  6.76702215e-02, -3.26423649e-02,  4.40388573e-02],
       [-5.30642290e-03, -4.86579826e-02,  1.47320412e-01, -2.49824616e-02,  4.30623881e-02],
       [-3.35413276e-02, -2.98424936e-02,  1.49374847e-01, -7.81934521e-02,  5.40913393e-02],
       [-2.44436411e-02, -4.35307099e-02,  3.99078278e-02,  1.08330917e-01, -6.22350963e-02],
       [-7.12791728e-02, -3.81766217e-02,  8.01880424e-03, -9.26598487e-02,  6.83948192e-02],
       [-4.52565019e-02,  6.36773039e-02,  6.54754569e-03, -9.01283699e-02,  7.35208471e-02],
       [ 6.58534613e-03, -2.59052103e-02, -1.97937745e-02,  1.31665561e-01, -5.93230903e-02],
       [-5.54555151e-02,  8.55308198e-03, -3.10293789e-02, -1.40481460e-02, -4.75447721e-02],
       [ 1.14081077e-02,  1.15082113e-01,  7.89941015e-02, -3.33473069e-02,  5.30738431e-02],
       [ 3.52310466e-02, -4.20701292e-02, -1.61649113e-02,  4.38883000e-03, -6.15281957e-02],
       [-5.83512711e-02,  1.00830231e-01,  2.16487818e-02, -1.15182148e-01,  6.79715474e-02],
       [ 3.00883124e-02, -5.44686994e-02, -5.00099245e-02,  1.06067909e-01, -6.91214968e-02],
       [-1.24875571e-01,  3.61836277e-02, -1.72024668e-02, -2.99382670e-02,  5.34376371e-02],
       [ 4.22939493e-04,  2.94468895e-02,  3.10007750e-02,  1.68604283e-02, -6.07531486e-02],
       [ 7.12437176e-03, -1.18048725e-02, -9.37202287e-02,  2.83611939e-03, -6.36724293e-02],
       [ 5.01024075e-02, -6.42750324e-02, -4.66794716e-02,  7.04422282e-02, -7.56232598e-02],
       [ 2.84432516e-03,  8.47752883e-02,  8.87035853e-02,  6.20181613e-02, -6.97700863e-02],
       [-2.82660964e-02, -1.02067170e-02,  1.07455624e-01,  6.22937947e-02, -7.96323804e-02],
       [ 5.43698755e-02, -1.63553577e-02, -6.67811361e-02, -1.18307337e-01,  6.48395036e-02],
       [ 1.17634373e-01, -4.68016595e-02, -3.80380521e-02,  3.65249245e-02,  5.41683997e-02],
       [-7.40380830e-02, -9.42659063e-02, -8.58949984e-03,  1.51972704e-02, -6.17443219e-02],
       [ 2.52555508e-02, -2.76314684e-03, -7.01741234e-02,  2.46769079e-02,  6.29556126e-02],
       [-6.94037917e-03, -5.79023038e-02,  8.01222282e-02,  9.55593590e-02, -7.47182706e-02],
       [ 4.18181334e-02,  6.33368374e-03, -4.94548340e-02, -8.44791190e-02,  7.56263843e-02],
       [ 8.97138001e-02,  3.57882732e-04,  1.09012305e-01,  1.08212221e-02, -6.19713469e-02],
       [ 5.57809174e-02, -7.20126531e-02, -1.13431237e-01,  1.14627249e-02,  6.14003862e-02],
       [ 6.08779060e-02, -3.73667581e-02,  4.71942506e-03,  2.72607583e-02,  6.97135412e-02],
       [ 2.61807759e-02,  1.27013931e-02, -6.96866479e-02, -4.36989059e-02,  8.79650354e-02],
       [-8.72316734e-02, -9.33383351e-02, -4.70013605e-02, -2.85698970e-02,  8.25991313e-02],
       [ 3.70732317e-02,  9.76949490e-02,  1.85770150e-02,  9.29672088e-02, -6.69890733e-02],
       [-4.26628924e-02,  1.02884790e-01, -4.24910918e-03, -5.79654483e-02, -5.26530402e-02],
       [-1.45735653e-02,  1.74844815e-02,  5.88272134e-02,  1.22516522e-02,  6.42385934e-02],
       [ 5.98803585e-02,  8.03078555e-02,  2.31296353e-02, -5.14719642e-02, -6.45358614e-02],
       [-1.00155459e-01, -3.54322089e-02, -2.37071616e-02, -6.47438198e-02,  7.73817418e-02],
       [ 6.77032239e-02,  9.12644533e-02, -9.03370283e-03,  5.30216688e-02, -7.82551440e-02],
       [-1.63550324e-01, -7.08066637e-02, -5.59771799e-02,  1.46426521e-02,  5.92851334e-02],
       [ 2.60223800e-02,  1.47928492e-01,  7.07020251e-02, -3.72585449e-02, -6.27555090e-02],
       [ 3.90504217e-02,  1.27827876e-01, -6.01678088e-02, -5.86138187e-02, -7.11710201e-02],
       [ 9.35976215e-02,  9.50337870e-02,  6.97507463e-04,  4.31338876e-03, -8.49133418e-02],
       [ 1.26594478e-02,  9.38094950e-03,  2.38848995e-02,  1.00907226e-01, -7.72316377e-02],
       [-7.44066988e-02,  4.67668183e-02,  3.20354784e-04, -7.96625853e-02, -6.42761480e-02],
       [ 1.11612856e-02,  1.24116050e-01,  6.33178515e-02,  2.23457506e-02,  7.25556829e-02],
       [ 4.24519742e-02, -7.45459557e-03,  3.15425141e-02, -6.96354598e-02, -7.36004667e-02],
       [-8.32589244e-02,  8.39346573e-02, -3.01682661e-02, -6.52931282e-02,  8.82892997e-02],
       [ 4.41989614e-02, -2.06731149e-02, -5.95580376e-03,  5.15208420e-02, -8.96616229e-02],
       [-1.66021356e-01,  8.73393883e-03, -6.92071397e-02,  2.65613511e-02,  6.78989397e-02],
       [ 4.72208394e-03,  8.38380549e-02,  9.57777162e-02, -5.73156651e-02, -7.73197657e-02],
       [ 1.07892081e-02,  3.02565060e-02, -6.11544686e-02, -7.29955358e-02, -7.66017177e-02],
       [ 7.13303124e-02, -2.76913106e-02,  5.37020206e-03, -7.24752966e-03, -9.71129488e-02],
       [ 7.85277419e-02, -5.26083119e-02,  1.45959802e-02,  1.14373755e-02,  4.94410294e-02],
       [-3.50617669e-02, -6.91905212e-02, -6.31290954e-02,  3.95246467e-02, -5.60834968e-02],
       [-7.22042381e-03, -1.98932072e-02, -7.85360012e-03, -1.01954055e-02,  6.47714205e-02],
       [ 2.91126208e-02, -3.65267023e-02,  4.65062929e-03,  1.27723044e-01, -7.17119077e-02],
       [ 1.46258190e-03, -1.41440873e-02,  2.51086551e-02, -1.18151685e-01,  7.28557255e-02],
       [ 1.07129733e-01,  1.47873140e-02,  3.98912812e-02,  3.58501303e-02, -5.62649531e-02],
       [ 2.69030648e-02, -9.26438511e-02, -5.75299979e-02, -2.31346647e-02,  6.33007284e-02],
       [ 2.15914845e-02, -5.38364049e-02,  7.25943945e-02, -8.97998503e-03,  6.71209429e-02],
       [-2.03595167e-02, -1.08861220e-02,  2.06121402e-02, -8.65139021e-02,  8.50881645e-02],
       [-8.85533596e-02, -2.93237309e-02, -6.75526776e-02, -7.91558965e-02, -4.56333364e-02],
       [ 5.67873999e-02, -4.11378630e-02,  7.67449726e-03,  1.05224381e-01,  4.67338014e-02],
       [-5.38920851e-02,  3.97823080e-03, -1.74860310e-02, -4.43190231e-02, -6.07220139e-02],
       [ 8.32000910e-02, -4.70614449e-02,  4.30573465e-02,  5.38214214e-02,  6.10646859e-02],
       [ 2.75591111e-02,  3.78354399e-02,  1.72357102e-02, -8.33190752e-02, -4.62272000e-02],
       [ 7.66927257e-02, -8.67916704e-02, -2.30711969e-02,  9.31322027e-02,  4.56567622e-02],
       [ 7.61135824e-02, -6.26945594e-02,  6.33817743e-02,  1.08107197e-01,  4.80209487e-02],
       [ 7.21909200e-02, -4.72276932e-02,  3.92210113e-02,  1.01323201e-01,  6.58522715e-02],
       [-1.19236699e-02, -7.65260469e-02, -5.28496299e-02, -7.31838945e-02, -5.33738669e-02],
       [-4.68340692e-03,  1.43808644e-01,  7.21512800e-02, -1.01820158e-02,  6.35238366e-02],
       [-2.38504125e-02, -1.02743576e-01, -9.74024636e-02,  6.82547327e-04, -6.42023104e-02],
       [-8.49661602e-02,  8.06045716e-02,  2.45340549e-02,  4.81192056e-02,  5.26293733e-02],
       [-4.35358960e-02, -1.83774567e-02, -1.52076801e-02, -6.97349373e-02, -5.59745909e-02],
       [-3.48327091e-02, -5.38035496e-02, -1.18110059e-01, -7.63361331e-02, -5.44823240e-02],
       [-8.82550088e-03, -1.15508588e-01, -9.88511974e-02, -4.17977918e-02, -6.92229017e-02],
       [ 6.56812505e-02, -5.81678300e-02,  1.21927632e-02, -3.16172553e-02, -7.39345490e-02],
       [-3.21386002e-02,  3.13778451e-03,  1.90531432e-02,  4.40947919e-02,  7.47376470e-02],
       [ 1.20627730e-01,  5.87258655e-04,  4.40719064e-02, -7.82660453e-02, -5.33394843e-02],
       [ 2.41722555e-03, -7.46000796e-02, -6.19740732e-02,  1.14221429e-01,  5.99588634e-02],
       [-4.07674464e-03, -3.39816782e-02,  5.35932741e-02,  1.18561479e-01,  5.89448442e-02],
       [-4.73420493e-02,  6.67043222e-03,  8.43666794e-03,  9.38341027e-02,  7.55033808e-02],
       [ 6.24447336e-02, -7.34835004e-02, -2.64647292e-02,  8.87489626e-02, -8.31858985e-02],
       [-1.71036162e-01,  4.85722152e-02, -4.74548763e-02, -5.39692603e-03,  6.38689517e-02],
       [ 2.34158920e-02,  2.95751885e-02,  6.78626372e-02, -1.53808586e-02, -7.27226230e-02],
       [ 3.30646712e-02, -2.08731455e-02, -8.20304938e-02, -3.43652682e-02, -7.68653176e-02],
       [ 9.00618575e-02, -8.50956537e-02, -1.90315480e-02,  3.95057848e-02, -9.07833082e-02],
       [ 1.60356870e-01, -7.51118712e-03,  2.37054427e-02, -2.27178275e-03, -6.92531852e-02],
       [ 9.73351439e-03, -7.58009338e-02, -3.60474168e-02,  2.66820439e-02,  6.86283593e-02],
       [ 2.34575400e-03, -3.27822642e-02,  1.04360078e-01,  4.39017206e-02,  7.22880306e-02],
       [-4.96824990e-02,  2.08520319e-02,  5.73326115e-02, -2.51590581e-02,  9.17843529e-02],
       [ 9.15120888e-02,  5.94738313e-02,  8.05833521e-02, -6.50756390e-02, -5.23404836e-02],
       [ 1.03516108e-01,  2.68406306e-02, -2.01704494e-02, -8.11552493e-02, -5.55506569e-02],
       [ 1.74282748e-01, -9.68150416e-03,  3.20892734e-02, -4.67818424e-02, -6.96078244e-02],
       [ 2.58174272e-02, -9.53197301e-02,  1.01264883e-02,  1.05555053e-01,  5.80370982e-02],
       [-5.93384430e-03, -7.89296752e-02, -4.80572760e-02,  7.61729600e-02,  7.39777651e-02],
       [-1.52490218e-02, -3.05298923e-02,  1.04350317e-01,  9.75618360e-02,  7.75303414e-02]])})
2026-01-20 11:01:17,705 - final_problem_set.kxor_instance_n22_k2_m244_ell2_eps0.15_kappa0.75_rho1.0 - INFO - Running key extraction (n=22, m=244, ell=2, phase_qubits=13)
2026-01-20 11:01:17,708 - final_problem_set.kxor_instance_n22_k2_m244_ell2_eps0.15_kappa0.75_rho1.0 - INFO - Built voting matrix V (n=22, ell=2, dtype=complex128) in 0.003s
2026-01-20 11:01:17,708 - final_problem_set.kxor_instance_n22_k2_m244_ell2_eps0.15_kappa0.75_rho1.0 - INFO - Eval: adv=1.0000, hamming=0/22 (0.000), corr=1.000
2026-01-20 11:01:17,708 - final_problem_set.kxor_instance_n22_k2_m244_ell2_eps0.15_kappa0.75_rho1.0 - INFO - Key extraction complete: x_hat=21
2026-01-20 11:01:17,708 - final_problem_set.kxor_instance_n22_k2_m244_ell2_eps0.15_kappa0.75_rho1.0 - INFO - Finished step 'KeyExtractionStep' in 0.004s (success: True, problem=kxor_instance_n22_k2_m244_ell2_eps0.15_kappa0.75_rho1.0)
2026-01-20 11:01:17,708 - final_problem_set.kxor_instance_n22_k2_m244_ell2_eps0.15_kappa0.75_rho1.0 - INFO - SUCCESS: len(z_hat)=22
2026-01-20 11:01:17,708 - final_problem_set.kxor_instance_n22_k2_m244_ell2_eps0.15_kappa0.75_rho1.0 - INFO - Metrics: adv=1.0, ham_frac=0.0, corr=1.0
2026-01-20 11:01:17,709 - final_problem_set.kxor_instance_n22_k2_m244_ell2_eps0.15_kappa0.75_rho1.0 - INFO - z_hat (full): [-1,  1, -1, -1,  1, -1,  1, -1,  1, -1,  1,  1, -1, -1,  1, -1,  1, -1,  1, -1, -1, -1]
