2026-01-20 11:00:43,618 - final_problem_set.kxor_instance_n18_k2_m160_ell2_eps0.25_kappa0.875_rho1.0 - INFO - Starting iteration for /Users/julian/CodingProjects/UniT3/QuarticSpeedupK-XOR/z_Daphne/data/final_problem_set/kxor_instance_n18_k2_m160_ell2_eps0.25_kappa0.875_rho1.0.npz
2026-01-20 11:00:43,619 - final_problem_set.kxor_instance_n18_k2_m160_ell2_eps0.25_kappa0.875_rho1.0 - INFO - Loaded instance (n=18, m=160, k=2)
2026-01-20 11:00:43,619 - final_problem_set.kxor_instance_n18_k2_m160_ell2_eps0.25_kappa0.875_rho1.0 - INFO - Starting step 'ComputeKikuchiStep' (version 0.1) on problem kxor_instance_n18_k2_m160_ell2_eps0.25_kappa0.875_rho1.0 (fields={'ell': 2, 'threshold': 0.0})
2026-01-20 11:00:43,636 - final_problem_set.kxor_instance_n18_k2_m160_ell2_eps0.25_kappa0.875_rho1.0 - INFO - Finished step 'ComputeKikuchiStep' in 0.017s (success: True, problem=kxor_instance_n18_k2_m160_ell2_eps0.25_kappa0.875_rho1.0)
2026-01-20 11:00:43,636 - final_problem_set.kxor_instance_n18_k2_m160_ell2_eps0.25_kappa0.875_rho1.0 - INFO - Starting step 'ClassicalEigenvaluesStep' (version 0.1) on problem kxor_instance_n18_k2_m160_ell2_eps0.25_kappa0.875_rho1.0 (fields={'ell': 2, 'threshold': 0.0, 'kikuchi_matrix': <Dictionary Of Keys sparse matrix of dtype 'int64'
	with 3040 stored elements and shape (153, 153)>, 'num_eigenvalues': 5})
2026-01-20 11:00:43,686 - final_problem_set.kxor_instance_n18_k2_m160_ell2_eps0.25_kappa0.875_rho1.0 - INFO - Finished step 'ClassicalEigenvaluesStep' in 0.050s (success: True, problem=kxor_instance_n18_k2_m160_ell2_eps0.25_kappa0.875_rho1.0)
2026-01-20 11:00:43,686 - final_problem_set.kxor_instance_n18_k2_m160_ell2_eps0.25_kappa0.875_rho1.0 - INFO - Starting step 'KeyExtractionStep' (version 0.1) on problem kxor_instance_n18_k2_m160_ell2_eps0.25_kappa0.875_rho1.0 (fields={'ell': 2, 'threshold': 0.0, 'kikuchi_matrix': <Dictionary Of Keys sparse matrix of dtype 'int64'
	with 3040 stored elements and shape (153, 153)>, 'num_eigenvalues': 5, 'eigenvalues': array([10.74308619, 11.25682801, 11.85285733, 12.26337403, 20.37148325]), 'eigenvectors': array([[ 0.08617935,  0.02244092,  0.12922101, -0.03383077,  0.08049546],
       [-0.10038274,  0.09559623,  0.02447173, -0.08491736, -0.06436385],
       [ 0.08907881,  0.00506993,  0.10415065,  0.01924305,  0.07323712],
       [ 0.1173267 ,  0.03537603,  0.09626348,  0.03073483,  0.0769623 ],
       [-0.18284511,  0.03746133, -0.05519846,  0.02286004, -0.07668779],
       [ 0.17827818,  0.04212167,  0.03759542, -0.03010936,  0.06841801],
       [ 0.16613699, -0.03124827,  0.09130865,  0.09353642,  0.06744552],
       [-0.05543586, -0.01023027,  0.03331241, -0.12403347, -0.04389778],
       [-0.13104293,  0.00665345, -0.12114926, -0.08226952, -0.08065448],
       [-0.08654749,  0.07642686,  0.0350708 ,  0.00092128, -0.06879905],
       [ 0.09202363, -0.13440075,  0.09926973,  0.06335308,  0.06463659],
       [ 0.01433911,  0.03001066, -0.16322008, -0.04442439, -0.06672779],
       [ 0.11393268, -0.05045498,  0.01846536, -0.05327726,  0.07312702],
       [ 0.06808617, -0.12053104,  0.08628019, -0.04493303,  0.05986728],
       [-0.11213186,  0.05937894, -0.10115814,  0.00147191, -0.09684663],
       [-0.19099868,  0.03967794, -0.12008879, -0.00278205, -0.07755869],
       [ 0.10947668, -0.03037154,  0.11651264,  0.07743699,  0.08099398],
       [-0.05997645, -0.01533973, -0.08813121,  0.01633647,  0.07818703],
       [ 0.0855343 , -0.12111352, -0.05895038,  0.07583221, -0.0875138 ],
       [ 0.06731623, -0.16290072, -0.04291527,  0.07058827, -0.09148206],
       [ 0.0176046 ,  0.07003816, -0.00216929, -0.1323691 ,  0.09137849],
       [-0.02225762, -0.13644605,  0.01675771,  0.11242471, -0.07391254],
       [-0.0331552 , -0.07127178, -0.06156517, -0.02891114, -0.09090505],
       [-0.05691685,  0.08571421, -0.08209837,  0.09078676,  0.05426628],
       [-0.06075699,  0.11671225,  0.07290949, -0.00841177,  0.0980966 ],
       [-0.09146209,  0.01254071, -0.10353639, -0.09609036,  0.08161915],
       [ 0.0623002 ,  0.08449992, -0.07702581,  0.01070811, -0.08645648],
       [-0.17566293,  0.05542896,  0.11901187, -0.03235027,  0.07377497],
       [ 0.05951797, -0.04394722,  0.04067977,  0.1432864 , -0.07839776],
       [ 0.06540749,  0.06850091, -0.05396602,  0.13259599, -0.07075323],
       [-0.12172411,  0.07105986,  0.02698727, -0.12271312,  0.10467141],
       [ 0.02563592,  0.06638308,  0.07918609, -0.10293288,  0.09373611],
       [ 0.08810699, -0.08916713, -0.06720678,  0.01459147, -0.09840891],
       [-0.04363562, -0.02505626, -0.09238618,  0.07010594,  0.07634339],
       [-0.01878156,  0.00739   , -0.11399256,  0.08183421,  0.0811555 ],
       [-0.0501735 ,  0.06878617,  0.13511599, -0.02414418, -0.07371333],
       [ 0.05396133,  0.01130633, -0.13608517,  0.01360677,  0.06491308],
       [ 0.05112212, -0.06073504, -0.07845222,  0.1235732 ,  0.06537856],
       [ 0.0183158 , -0.00048818,  0.11591966, -0.12098808, -0.03761413],
       [ 0.01050247,  0.04193099,  0.09243648, -0.12311714, -0.07796598],
       [ 0.02802967,  0.0839166 ,  0.16901058, -0.03331898, -0.05908235],
       [-0.0105992 , -0.15722204, -0.05952449,  0.09384657,  0.06161228],
       [ 0.13359065,  0.05981997,  0.01893483, -0.08149757, -0.06487084],
       [-0.01256537, -0.06937798, -0.14152839, -0.00410551,  0.0634257 ],
       [-0.02807469, -0.16373935, -0.06578649, -0.00860306,  0.06205855],
       [ 0.05043634,  0.08874909,  0.13850667, -0.05595925, -0.08426868],
       [-0.07005926,  0.08596819,  0.09146732, -0.052345  , -0.08222078],
       [-0.03091412, -0.06389647, -0.09557728,  0.11891116,  0.07764992],
       [ 0.04696217, -0.15098934, -0.03308283,  0.00601994, -0.09094614],
       [ 0.03532336,  0.05821502, -0.01057065, -0.07086076,  0.09101374],
       [-0.04229717, -0.14691765,  0.0241483 ,  0.07138944, -0.08045074],
       [-0.04407119, -0.05127243, -0.04236487, -0.08037226, -0.08265971],
       [-0.04540106,  0.07647396, -0.08470839,  0.12634558,  0.05253586],
       [-0.04206282,  0.10392321,  0.05944904,  0.05797007,  0.09716438],
       [-0.06310379, -0.00125833, -0.09910137, -0.03381083,  0.07492669],
       [ 0.04643855,  0.0959724 , -0.06713653, -0.04817719, -0.08521604],
       [-0.16300295,  0.04309671,  0.10931733,  0.01568031,  0.07305599],
       [ 0.04084085, -0.03470287,  0.04566682,  0.0922347 , -0.07927667],
       [ 0.06057073,  0.08281998, -0.0548445 ,  0.09583388, -0.07704006],
       [-0.09781552,  0.05716881,  0.01824178, -0.04808891,  0.1054398 ],
       [ 0.05173522,  0.06147408,  0.07677656, -0.04622252,  0.10223516],
       [ 0.0693949 , -0.07417871, -0.05397278, -0.0523614 , -0.09693345],
       [ 0.06471306,  0.09846334, -0.03158316, -0.0644355 ,  0.0958151 ],
       [-0.06168992, -0.16393756,  0.03972855,  0.05872641, -0.07742621],
       [-0.08005259, -0.10024017, -0.03404722, -0.10668424, -0.0936771 ],
       [-0.02479223,  0.08509722, -0.09314421,  0.13085414,  0.05006775],
       [-0.01382319,  0.14797513,  0.0442896 ,  0.07398344,  0.10122334],
       [-0.04471726,  0.02575191, -0.11926443, -0.03020136,  0.0785488 ],
       [ 0.02114543,  0.06270852, -0.05327377, -0.06308593, -0.08970782],
       [-0.15163835,  0.07694647,  0.10384156,  0.02625739,  0.07746784],
       [ 0.02579136, -0.08021552,  0.07349101,  0.09949102, -0.09022818],
       [ 0.04196435,  0.05308463, -0.03966096,  0.09350926, -0.08105645],
       [-0.07282543,  0.10479284, -0.00462961, -0.03907695,  0.11049483],
       [ 0.07452292,  0.09583943,  0.05090747, -0.03078499,  0.09879197],
       [ 0.04261838, -0.1206256 , -0.03740738, -0.06691274, -0.10230152],
       [ 0.12852833,  0.08452777, -0.07489524, -0.10968621,  0.07588684],
       [ 0.14637481,  0.00055267, -0.01212847,  0.03335332,  0.08676205],
       [-0.02538108, -0.04717778,  0.12495229, -0.09674132, -0.05589915],
       [-0.09150739, -0.0513984 ,  0.00807798,  0.00134168, -0.11111935],
       [-0.02764518,  0.04554154,  0.14992227,  0.0796335 , -0.07599694],
       [ 0.0652329 , -0.15317906,  0.00711126, -0.00527184,  0.08919008],
       [ 0.08877883, -0.00323292, -0.07000361,  0.03494717, -0.08497109],
       [ 0.0536833 , -0.01298051, -0.10050519, -0.14036425,  0.08041548],
       [ 0.02793365, -0.1211614 ,  0.00096631, -0.1305145 ,  0.07244745],
       [-0.03577205,  0.00987227,  0.05828915,  0.11815432, -0.10939732],
       [-0.16476014,  0.0055915 ,  0.00151901,  0.09941175, -0.09730336],
       [ 0.05939581,  0.01791254, -0.01492794, -0.00852856,  0.11147206],
       [-0.12567221, -0.07747458,  0.02387824, -0.01946745, -0.07097943],
       [ 0.02363629,  0.08718752, -0.11140383,  0.0751149 ,  0.04507941],
       [ 0.07496261,  0.12824586, -0.02418851, -0.01063273,  0.08301759],
       [ 0.02902927,  0.02907033, -0.13298868, -0.07009801,  0.06297581],
       [-0.06082438,  0.0458654 ,  0.00773144,  0.01019878, -0.07300556],
       [-0.06682143,  0.08035538,  0.04435934, -0.03491325,  0.06907524],
       [-0.04992638, -0.06124752,  0.09417466,  0.11833419, -0.06641978],
       [-0.03715732,  0.03850147,  0.01136796,  0.12540866, -0.06493585],
       [ 0.03877279,  0.09346096, -0.06542968, -0.10250548,  0.08871208],
       [ 0.13968815,  0.08156662, -0.01656454, -0.08684425,  0.07859582],
       [-0.05729599, -0.11933806,  0.02966646,  0.01278492, -0.09090134],
       [ 0.01815912,  0.03730877, -0.07302658,  0.15022646,  0.04433059],
       [ 0.08251529,  0.04114493,  0.05473241,  0.15393789,  0.0894659 ],
       [ 0.04133863, -0.04687604, -0.10238709,  0.05139474,  0.07704056],
       [-0.05687377,  0.11880538, -0.05035939, -0.11743213, -0.07213159],
       [-0.06154029,  0.00428616,  0.101531  ,  0.09080648,  0.06955895],
       [-0.06840351,  0.01684151,  0.04970422,  0.00116687, -0.08184571],
       [-0.04257958,  0.12270771, -0.0455462 ,  0.00518532, -0.07336691],
       [ 0.04850414, -0.01002877,  0.01491161,  0.07761962,  0.10860224],
       [ 0.15711224, -0.00304668,  0.05866676,  0.06583981,  0.08831409],
       [-0.06002106, -0.01634324, -0.04927914, -0.14914731, -0.09041192],
       [ 0.02478332, -0.0631693 ,  0.08676012, -0.16477524, -0.05193899],
       [ 0.03032794, -0.01184497,  0.12998826, -0.08576934, -0.04134179],
       [-0.02448076, -0.04194071, -0.06117168,  0.14311383,  0.04632474],
       [ 0.1052044 , -0.03523819,  0.02952509, -0.12291632, -0.04432915],
       [-0.02434694,  0.03340979, -0.130036  ,  0.06450045,  0.04871587],
       [-0.03321152, -0.03904219, -0.06173588,  0.0575213 ,  0.04445988],
       [ 0.06204432, -0.04706907,  0.12872392, -0.13549995, -0.06427303],
       [-0.03098678, -0.04129114,  0.08518837, -0.12117632, -0.05728749],
       [-0.03721941,  0.0505455 , -0.08985123,  0.16234078,  0.05219918],
       [ 0.04223921,  0.01535489,  0.11632666, -0.02611855, -0.09116793],
       [-0.01353505, -0.11072501,  0.0706906 ,  0.1119741 ,  0.08549818],
       [ 0.15355831, -0.03634106, -0.12965931, -0.07917418, -0.08057342],
       [-0.01534088,  0.02554533, -0.05223166, -0.03902359,  0.09683873],
       [-0.03396411, -0.10822786,  0.06330324, -0.0395471 ,  0.08677062],
       [ 0.0641859 , -0.04146202, -0.02632686, -0.03932263, -0.11762985],
       [-0.09010061, -0.04051149, -0.0811141 , -0.03672882, -0.10418021],
       [-0.036043  ,  0.06454848,  0.06945949,  0.14014678,  0.10604567],
       [-0.03069556, -0.14433064, -0.07168193,  0.01656252,  0.06729456],
       [ 0.16242575,  0.03824691,  0.0298456 ,  0.00611781, -0.06928432],
       [-0.03588314, -0.04785192, -0.15554905, -0.09308569,  0.06594589],
       [-0.04385401, -0.12644391, -0.06791966, -0.0880668 ,  0.05969173],
       [ 0.08409641,  0.06059001,  0.15660971,  0.06681035, -0.08831876],
       [-0.04448433,  0.05905702,  0.10773536,  0.0638026 , -0.08744305],
       [-0.06859293, -0.04218826, -0.12194767,  0.02051106,  0.09138407],
       [-0.12336666, -0.10225613,  0.10828036,  0.060582  ,  0.06519127],
       [ 0.0163927 ,  0.14837782,  0.02833514,  0.03424182, -0.07722754],
       [ 0.02638374,  0.19869884, -0.0501778 ,  0.03038331, -0.06257412],
       [-0.05351444, -0.17163992,  0.03628082,  0.02936015,  0.09382007],
       [ 0.06092188, -0.14647104,  0.07185031,  0.02695794,  0.08338091],
       [ 0.03737247,  0.13647095, -0.06585501, -0.10690991, -0.08578724],
       [-0.14930259, -0.01113428,  0.02492139, -0.058752  ,  0.07363848],
       [-0.12340089, -0.09311524,  0.09243106, -0.04935871,  0.06038245],
       [ 0.21242447,  0.0043335 , -0.10032456,  0.00359464, -0.08844976],
       [ 0.08346683, -0.00057197, -0.14923409,  0.0040267 , -0.08610489],
       [-0.17677628,  0.01276836,  0.12501225,  0.07428695,  0.08089883],
       [ 0.02989812,  0.11473314,  0.02632776,  0.13411935, -0.06279294],
       [-0.06128992, -0.02538249, -0.09486403, -0.13867181,  0.09347498],
       [ 0.06311191, -0.02133109, -0.04131008, -0.11855192,  0.08463853],
       [ 0.0369513 ,  0.00435131,  0.05422361,  0.04441851, -0.08917418],
       [-0.07022926, -0.15207211,  0.02447755, -0.12924633,  0.08394205],
       [ 0.03350476, -0.12940365,  0.05817153, -0.11003446,  0.07501651],
       [ 0.05999915,  0.13532253, -0.05844551,  0.04422096, -0.08643414],
       [-0.04558801,  0.01795945, -0.03457593,  0.080744  , -0.11309093],
       [-0.09851144,  0.00630653,  0.01924466,  0.03172796,  0.11796303],
       [ 0.06179727,  0.01060175,  0.07500528,  0.03019595,  0.10462831]])})
2026-01-20 11:00:43,688 - final_problem_set.kxor_instance_n18_k2_m160_ell2_eps0.25_kappa0.875_rho1.0 - INFO - Running key extraction (n=18, m=160, ell=2, phase_qubits=12)
2026-01-20 11:00:43,689 - final_problem_set.kxor_instance_n18_k2_m160_ell2_eps0.25_kappa0.875_rho1.0 - INFO - Built voting matrix V (n=18, ell=2, dtype=complex128) in 0.002s
2026-01-20 11:00:43,690 - final_problem_set.kxor_instance_n18_k2_m160_ell2_eps0.25_kappa0.875_rho1.0 - INFO - Eval: adv=1.0000, hamming=0/18 (0.000), corr=1.000
2026-01-20 11:00:43,690 - final_problem_set.kxor_instance_n18_k2_m160_ell2_eps0.25_kappa0.875_rho1.0 - INFO - Key extraction complete: x_hat=15
2026-01-20 11:00:43,690 - final_problem_set.kxor_instance_n18_k2_m160_ell2_eps0.25_kappa0.875_rho1.0 - INFO - Finished step 'KeyExtractionStep' in 0.002s (success: True, problem=kxor_instance_n18_k2_m160_ell2_eps0.25_kappa0.875_rho1.0)
2026-01-20 11:00:43,690 - final_problem_set.kxor_instance_n18_k2_m160_ell2_eps0.25_kappa0.875_rho1.0 - INFO - SUCCESS: len(z_hat)=18
2026-01-20 11:00:43,690 - final_problem_set.kxor_instance_n18_k2_m160_ell2_eps0.25_kappa0.875_rho1.0 - INFO - Metrics: adv=1.0, ham_frac=0.0, corr=1.0
2026-01-20 11:00:43,690 - final_problem_set.kxor_instance_n18_k2_m160_ell2_eps0.25_kappa0.875_rho1.0 - INFO - z_hat (full): [-1,  1, -1,  1,  1, -1,  1,  1, -1, -1, -1,  1, -1,  1,  1, -1, -1,  1]
