2026-01-20 11:01:33,805 - final_problem_set.kxor_instance_n24_k2_m234_ell2_eps0.25_kappa0.875_rho1.0 - INFO - Starting iteration for /Users/julian/CodingProjects/UniT3/QuarticSpeedupK-XOR/z_Daphne/data/final_problem_set/kxor_instance_n24_k2_m234_ell2_eps0.25_kappa0.875_rho1.0.npz
2026-01-20 11:01:33,805 - final_problem_set.kxor_instance_n24_k2_m234_ell2_eps0.25_kappa0.875_rho1.0 - INFO - Loaded instance (n=24, m=234, k=2)
2026-01-20 11:01:33,805 - final_problem_set.kxor_instance_n24_k2_m234_ell2_eps0.25_kappa0.875_rho1.0 - INFO - Starting step 'ComputeKikuchiStep' (version 0.1) on problem kxor_instance_n24_k2_m234_ell2_eps0.25_kappa0.875_rho1.0 (fields={'ell': 2, 'threshold': 0.0})
2026-01-20 11:01:33,842 - final_problem_set.kxor_instance_n24_k2_m234_ell2_eps0.25_kappa0.875_rho1.0 - INFO - Finished step 'ComputeKikuchiStep' in 0.037s (success: True, problem=kxor_instance_n24_k2_m234_ell2_eps0.25_kappa0.875_rho1.0)
2026-01-20 11:01:33,842 - final_problem_set.kxor_instance_n24_k2_m234_ell2_eps0.25_kappa0.875_rho1.0 - INFO - Starting step 'ClassicalEigenvaluesStep' (version 0.1) on problem kxor_instance_n24_k2_m234_ell2_eps0.25_kappa0.875_rho1.0 (fields={'ell': 2, 'threshold': 0.0, 'kikuchi_matrix': <Dictionary Of Keys sparse matrix of dtype 'int64'
	with 6908 stored elements and shape (276, 276)>, 'num_eigenvalues': 5})
2026-01-20 11:01:33,991 - final_problem_set.kxor_instance_n24_k2_m234_ell2_eps0.25_kappa0.875_rho1.0 - INFO - Finished step 'ClassicalEigenvaluesStep' in 0.148s (success: True, problem=kxor_instance_n24_k2_m234_ell2_eps0.25_kappa0.875_rho1.0)
2026-01-20 11:01:34,021 - final_problem_set.kxor_instance_n24_k2_m234_ell2_eps0.25_kappa0.875_rho1.0 - INFO - Starting step 'KeyExtractionStep' (version 0.1) on problem kxor_instance_n24_k2_m234_ell2_eps0.25_kappa0.875_rho1.0 (fields={'ell': 2, 'threshold': 0.0, 'kikuchi_matrix': <Dictionary Of Keys sparse matrix of dtype 'int64'
	with 6908 stored elements and shape (276, 276)>, 'num_eigenvalues': 5, 'eigenvalues': array([14.46775599, 14.81529723, 15.19480912, 15.91442829, 25.86786409]), 'eigenvectors': array([[-1.85087472e-02,  2.54581847e-02, -4.89661367e-02,  3.28736952e-02, -6.35064200e-02],
       [ 1.10292735e-01, -1.65553214e-02,  7.48270704e-02, -4.38134118e-02,  5.47568347e-02],
       [ 1.77276039e-02,  1.08366251e-01, -3.92034563e-02,  7.36696348e-03,  3.96215233e-02],
       [ 1.85244497e-02,  9.00367089e-05, -6.51179832e-02, -1.06140061e-02, -7.31633007e-02],
       [-1.21956816e-02, -3.87115393e-02, -2.60060578e-02,  6.35089608e-02,  5.54712932e-02],
       [ 8.24511783e-02,  4.07678129e-02,  8.36266890e-02,  5.43385426e-02,  4.68198642e-02],
       [-1.41249507e-02, -7.71860523e-02, -9.46497917e-03, -4.11063782e-02, -6.49672407e-02],
       [-1.95752533e-02,  2.82302695e-02,  1.02198691e-01, -7.01090230e-02,  4.48330218e-02],
       [ 1.70599003e-02,  1.65252995e-02,  1.09163337e-01, -9.74807149e-03,  6.64720833e-02],
       [ 8.27620837e-02,  9.04016248e-05,  6.87010495e-02,  4.71558528e-02,  6.58379974e-02],
       [-4.98013930e-02, -6.22627973e-02, -8.78241470e-02, -4.24165919e-02, -6.00884363e-02],
       [ 8.94769721e-02, -6.46213038e-02, -2.55732721e-02, -4.46358493e-02,  4.48110756e-02],
       [-6.27782197e-02,  3.67069667e-02,  3.90612490e-02, -4.92098620e-02,  4.54799360e-02],
       [ 4.59015789e-02,  7.54265352e-03,  7.50080457e-03,  4.03362591e-02,  7.34397593e-02],
       [-8.41088505e-02, -5.19063805e-02,  6.66130148e-02,  3.66718695e-02, -4.55810943e-02],
       [ 3.67046121e-02,  3.72292036e-02,  4.82129460e-02,  9.29865740e-02,  5.66395298e-02],
       [-2.73402916e-02,  3.49947306e-03, -5.41820388e-02, -7.36910990e-02, -7.29606121e-02],
       [ 2.74745890e-02, -7.20991005e-02,  2.56108004e-02,  4.11042110e-02,  5.45544620e-02],
       [-2.66599387e-02, -1.64184586e-03, -8.19369903e-02, -4.16713107e-02, -5.69348949e-02],
       [-9.04330361e-02, -2.24593664e-02, -6.58584194e-02,  1.69654215e-02, -6.93240315e-02],
       [ 4.56677401e-02,  6.30572558e-02,  3.43058387e-02, -4.84203420e-02,  6.75544287e-02],
       [ 1.38454576e-03, -8.81940292e-03,  6.54463612e-02,  3.70941147e-02,  7.23415843e-02],
       [ 9.45835880e-03,  4.44065914e-02, -4.38390311e-02, -3.06961811e-02, -7.19991452e-02],
       [-7.10549875e-02,  6.40752373e-02, -3.74026063e-02,  1.03650934e-01, -5.79300331e-02],
       [ 1.48349307e-02, -7.98749017e-02,  7.12139188e-02,  2.91704602e-02, -3.97630904e-02],
       [-7.53778172e-02, -5.86037390e-02,  6.20626396e-03, -6.71768980e-02,  7.28648849e-02],
       [ 5.75455772e-02,  8.02546734e-02,  6.89685515e-02, -4.57360391e-03, -5.57827984e-02],
       [-5.52188849e-02, -5.79175865e-03, -6.06116193e-02, -7.49410543e-03, -5.51747977e-02],
       [-4.72027431e-02,  3.22346201e-02, -4.73315871e-02, -3.07140691e-02,  7.51520505e-02],
       [ 5.57085761e-02,  7.70051824e-03, -6.66851764e-02,  1.12478913e-01, -4.42988827e-02],
       [ 4.09218059e-02,  4.18855866e-02, -6.23488542e-02,  8.43286157e-02, -7.16445063e-02],
       [-3.21175387e-02,  5.72637169e-02, -2.21155970e-02,  2.42337166e-02, -7.17976090e-02],
       [ 2.44906710e-03,  1.82859811e-02,  5.25704861e-02, -2.17094621e-02,  6.93586778e-02],
       [-4.96083104e-02,  9.90607667e-02,  6.02171912e-02,  8.83357850e-02, -4.43315371e-02],
       [ 1.04794808e-01, -1.82481770e-03, -5.36377179e-03,  9.93189790e-02, -4.82108779e-02],
       [ 2.08131552e-02,  6.25338318e-02,  5.99264038e-02,  4.38945580e-02, -8.41199066e-02],
       [ 4.61563453e-02,  1.46076847e-02, -1.08227149e-01, -8.96949056e-02,  4.86786924e-02],
       [ 1.12546751e-02,  8.50898159e-03, -9.03308902e-03, -4.20029258e-02, -6.68917289e-02],
       [-3.34012602e-02, -6.14496688e-02, -2.38193098e-03, -6.23143560e-03,  7.37789499e-02],
       [ 1.72957513e-02,  1.20934311e-01,  1.47459943e-02,  1.56278416e-02, -5.84553378e-02],
       [-2.36526057e-02, -5.01766982e-02,  4.02066070e-02, -2.08390742e-02,  6.13377988e-02],
       [ 3.53388538e-02, -3.52468725e-02,  1.32513674e-02, -9.55941632e-02,  7.39965467e-02],
       [ 1.46721013e-02, -4.45047632e-03,  1.86417565e-02,  1.15106025e-01, -6.77027099e-02],
       [ 7.18193445e-02,  8.03116569e-02, -1.12549722e-02,  4.48260492e-02, -8.32036234e-02],
       [-6.81874891e-02, -9.84123213e-02, -1.23098665e-02, -4.83125010e-02,  7.20570591e-02],
       [ 5.24369853e-02,  7.48517478e-02, -4.04074719e-02, -3.89743172e-02,  3.71958042e-02],
       [-4.80909273e-02,  4.54278415e-02, -4.44240242e-02,  7.50065362e-02, -6.37785009e-02],
       [ 3.92351169e-02, -7.42207318e-02, -3.13490435e-02, -9.35271175e-03,  5.25049405e-02],
       [ 1.18566316e-01,  9.79705981e-03,  7.35425871e-02, -3.84938016e-03,  4.45585993e-02],
       [-7.71536217e-02, -3.42705078e-02, -9.24414971e-04,  4.29608086e-02, -6.59092243e-02],
       [ 1.57441982e-02, -3.08442829e-03,  7.99109191e-02, -1.06157518e-01,  3.84951305e-02],
       [ 7.61598022e-02, -3.01555445e-02,  9.17566529e-02, -8.92108583e-02,  6.19365103e-02],
       [ 1.35748041e-01, -4.46559838e-02,  5.70463646e-02, -3.71611024e-02,  6.20204635e-02],
       [-1.11119332e-01, -2.16033421e-02, -8.24375607e-02,  3.43255901e-02, -6.01749265e-02],
       [ 1.04036147e-01, -8.18756105e-02, -2.67597310e-02, -8.37818742e-02,  3.85653894e-02],
       [-1.88059775e-02,  3.69852198e-03,  3.49483768e-02, -1.06421909e-01,  4.51322200e-02],
       [ 1.16571944e-01, -4.70967124e-02, -4.11234952e-03, -5.55233554e-02,  7.33591751e-02],
       [-1.00491160e-01, -1.74826968e-02,  6.24270222e-02,  7.84383548e-02, -3.95487786e-02],
       [ 9.63929610e-02, -1.36963413e-03,  4.30414147e-02,  2.13200567e-02,  5.81238628e-02],
       [-9.37337294e-02,  5.34203021e-02, -4.08422835e-02,  2.20658912e-02, -6.87419054e-02],
       [ 7.36361892e-02, -1.01330902e-01,  1.85313314e-02, -2.62453368e-02,  5.14958185e-02],
       [-6.92626531e-02,  3.43624065e-02, -6.16533099e-02,  2.79813789e-02, -4.98895626e-02],
       [-1.41707329e-01,  2.52606144e-02, -5.24377947e-02,  9.70634061e-02, -6.38066200e-02],
       [ 9.01627522e-02,  9.72824481e-03,  2.22014665e-02, -1.12557261e-01,  5.86323531e-02],
       [ 6.98805039e-02, -6.31068175e-02,  5.57266483e-02, -5.76324273e-02,  7.26022315e-02],
       [-5.65082224e-02,  9.01044457e-02, -3.13558941e-02,  6.29376995e-02, -6.76740080e-02],
       [ 3.70373661e-02, -1.03935552e-01,  7.46228067e-02,  6.35797468e-03, -4.25793859e-02],
       [-3.29734684e-02,  5.67245044e-02, -1.04224475e-01,  2.93897285e-02,  3.44291139e-02],
       [ 3.79720031e-02,  1.03648841e-01, -2.30438458e-02,  2.79289923e-02,  3.21094166e-02],
       [ 1.91959329e-02, -1.37253570e-01,  9.35380372e-02, -1.28284153e-02, -3.96143644e-02],
       [-3.23404899e-02,  8.32615141e-02, -8.39851369e-03, -5.14126752e-02,  2.82764733e-02],
       [-2.13207841e-02,  1.18876941e-01, -4.03925550e-02, -2.04951900e-02,  4.51472437e-02],
       [ 2.67886848e-02,  1.06941054e-01, -6.67898354e-02,  1.99986930e-02,  4.51315990e-02],
       [-4.60643054e-03, -1.24266526e-01,  4.30775568e-02, -1.49637126e-02, -3.77094398e-02],
       [ 3.39460945e-02,  2.39097659e-02, -8.61068540e-02, -3.42945512e-02,  2.80965936e-02],
       [-6.42409138e-02,  9.46802282e-02, -4.84134620e-02, -3.97286497e-02,  3.03452548e-02],
       [-6.13250658e-03,  1.13897266e-01, -1.10296668e-01,  1.09557671e-02,  4.50186010e-02],
       [-2.71614645e-02, -8.47229174e-02,  9.72546300e-02,  2.64247366e-02, -2.63610312e-02],
       [-2.16470609e-03,  1.05619438e-01, -6.01989024e-02,  4.47892763e-02,  3.58041705e-02],
       [ 1.57311449e-02, -1.05960268e-01,  8.62834866e-02, -3.28224980e-02, -4.55249434e-02],
       [-6.81168759e-03,  3.71853265e-02, -7.72121450e-02,  1.72669034e-02,  3.66924666e-02],
       [ 9.44820664e-03, -8.47004160e-02,  4.16799885e-02, -1.54874558e-02, -3.56541951e-02],
       [-3.04118316e-02, -1.25572660e-01,  7.37576530e-02,  2.48768298e-02, -4.64761541e-02],
       [-4.60639437e-03,  1.22839386e-01, -7.81997353e-02, -3.41277835e-02,  3.88099811e-02],
       [-3.73292483e-02,  1.09173591e-01, -8.21268048e-02,  1.22607963e-02,  4.89763658e-02],
       [ 4.01620298e-02, -8.03330014e-02,  9.17523964e-02, -5.48498068e-03, -4.54910316e-02],
       [ 9.21441667e-02,  6.28764390e-02,  7.04286937e-02, -4.53202327e-02, -5.95070665e-02],
       [-2.97334905e-02, -3.02823109e-02, -6.53261349e-02, -4.71486178e-02, -5.53128365e-02],
       [-8.62047994e-02,  6.41271855e-02, -4.06825946e-02,  2.01236926e-02,  7.52356100e-02],
       [ 8.47083827e-02, -1.22240391e-02, -7.58209315e-02,  9.47090009e-02, -4.81495645e-02],
       [ 8.63954604e-02,  1.02253686e-02, -7.48831667e-02,  3.99924155e-02, -7.78809458e-02],
       [ 6.80745287e-03,  3.16040924e-02, -3.25870681e-02, -2.99201897e-02, -8.27517469e-02],
       [-4.01063015e-02,  5.30274859e-02,  6.26332598e-02,  2.83167048e-02,  7.52824537e-02],
       [-2.98776544e-02,  9.69516511e-02,  6.79643462e-02,  7.35298886e-02, -5.18325206e-02],
       [ 1.40873045e-01, -2.38517436e-02, -9.66305507e-03,  7.66734409e-02, -5.21549788e-02],
       [ 6.54811738e-02,  2.46945134e-02,  5.24231978e-02, -1.37019897e-02, -8.49347630e-02],
       [ 2.32527247e-02,  3.77742213e-02, -1.14791466e-01, -6.39947264e-02,  5.30718782e-02],
       [ 5.18951106e-02, -2.21121173e-02, -1.56094963e-02, -9.53512557e-02, -7.13222179e-02],
       [-7.87292395e-02, -3.18775313e-02,  2.29070841e-03,  4.73370452e-02,  7.88442516e-02],
       [ 5.05375615e-02,  1.07076852e-01,  1.21905925e-02, -2.49026120e-02, -6.30991502e-02],
       [-5.42559985e-02, -2.05704839e-02,  4.40087795e-02,  2.20477325e-02,  6.16048660e-02],
       [-2.99999225e-03, -4.68357602e-03,  2.05363354e-02, -5.16154732e-02,  8.08386761e-02],
       [ 6.03345737e-02, -4.00985582e-02,  1.76896445e-02,  8.72729656e-02, -7.80114405e-02],
       [ 1.14504505e-01,  4.22956853e-02, -1.64098207e-02, -1.17210050e-02, -8.36388468e-02],
       [-1.14859437e-01, -7.42730382e-02, -8.37091414e-03,  9.01568935e-04,  7.73611509e-02],
       [ 2.40773930e-02, -8.07421853e-03, -8.61705687e-03,  8.21244898e-02,  4.47091482e-02],
       [ 6.31894425e-02, -6.81560116e-03,  1.04935642e-01, -7.18188551e-02, -5.64690680e-02],
       [-7.31315697e-02, -1.85775621e-02,  9.16345110e-03, -3.81143688e-02,  4.04645357e-02],
       [-7.30164921e-02, -5.31695607e-02, -2.30341014e-02,  2.98720566e-02,  6.36535348e-02],
       [-4.85639823e-03, -6.12957911e-02, -5.59995479e-02,  7.81452237e-02,  5.81003264e-02],
       [ 2.88976674e-02, -1.29383619e-03,  3.04138666e-02, -7.90135130e-02, -5.72735647e-02],
       [ 2.50539902e-02, -9.91126751e-02, -1.02659250e-01, -1.49570735e-02,  3.91942302e-02],
       [-1.19067079e-01, -1.09477938e-02, -4.78945952e-02, -1.89754461e-02,  4.27814047e-02],
       [-4.86639920e-02, -6.22992820e-02, -1.23276869e-01,  7.48271579e-02,  6.31854548e-02],
       [-1.82780805e-02, -2.33947516e-03,  1.25374450e-01,  9.09846129e-03, -3.75044798e-02],
       [-3.40035135e-02, -1.86641000e-02, -5.56872464e-02,  1.12856968e-01,  4.98639668e-02],
       [ 5.65149405e-02,  6.33524673e-02,  7.91218211e-02, -9.37633855e-02, -5.87015646e-02],
       [-3.56555357e-02, -1.08048833e-01, -7.07820424e-02,  6.39482598e-02,  4.71004321e-02],
       [ 4.53062005e-02,  5.21152784e-02,  3.21020089e-02, -6.75772195e-02, -4.96756901e-02],
       [-2.60381301e-04,  5.00095238e-02,  7.09939847e-02, -2.46044872e-02, -6.57789372e-02],
       [-4.54364127e-02, -1.08609117e-02, -9.32960475e-02, -6.04530108e-03,  6.00641915e-02],
       [-8.54487799e-02, -7.42297934e-02, -7.36336526e-02,  7.20132341e-02,  6.27291518e-02],
       [ 8.50347619e-02,  9.33615938e-02,  8.50247578e-02, -6.03879068e-02, -5.82304340e-02],
       [-5.02036076e-02, -8.78149498e-02, -2.38843321e-02, -6.83000454e-02, -5.17907161e-02],
       [ 8.99927948e-03,  4.28108623e-02,  9.46718865e-02, -3.22989867e-02,  3.65221517e-02],
       [ 5.54643503e-02,  4.67250126e-02,  1.16596345e-01,  3.11068672e-02,  5.80748815e-02],
       [ 1.03569771e-01,  2.91531676e-02,  7.10458602e-02,  7.43307994e-02,  5.31390871e-02],
       [-7.35785321e-02, -7.35407786e-02, -8.46162557e-02, -6.63882348e-02, -4.82617656e-02],
       [ 9.92583685e-02, -3.42303849e-02, -1.11305418e-02, -1.00308356e-02,  3.68609796e-02],
       [-2.63478775e-02,  5.42653080e-02,  4.90741336e-02, -1.60010683e-02,  3.97539771e-02],
       [ 8.79482210e-02,  4.04684832e-02,  2.27698675e-02,  8.14818329e-02,  6.34519699e-02],
       [-9.37855654e-02, -6.18881698e-02,  4.39703955e-02,  3.68847718e-03, -3.71407033e-02],
       [ 6.26707594e-02,  5.27269935e-02,  5.24072178e-02,  1.04630130e-01,  4.57446057e-02],
       [-6.20444275e-02, -2.70264508e-02, -5.59316248e-02, -8.99375501e-02, -5.44735533e-02],
       [ 6.02859847e-02, -3.98561588e-02,  3.61244649e-02,  6.94301701e-02,  4.71369396e-02],
       [-5.50582971e-02, -2.67435932e-02, -7.89357112e-02, -6.51344786e-02, -4.57434882e-02],
       [-1.11726696e-01, -4.78585945e-02, -6.97060832e-02, -2.65849283e-02, -5.57046121e-02],
       [ 7.57174771e-02,  8.11342794e-02,  4.42141407e-02, -2.10177737e-03,  5.50908800e-02],
       [ 4.56790857e-02,  2.54377303e-02,  7.06778163e-02,  7.05843908e-02,  5.82583645e-02],
       [-3.49611410e-02,  5.10485494e-03, -5.28264793e-02, -6.56229914e-02, -5.85067169e-02],
       [ 6.91989810e-02, -7.39462935e-02, -4.30827571e-02,  7.11844214e-02, -5.00477637e-02],
       [ 5.55879473e-02, -9.14025301e-02, -2.11534353e-02,  2.52920568e-04, -7.95142960e-02],
       [-2.99996410e-02, -7.06616564e-02,  2.73608947e-02, -7.01070585e-02, -7.84573653e-02],
       [-5.12662064e-03,  1.24074228e-01,  6.31985224e-03,  5.84688249e-02,  6.63819504e-02],
       [-5.21308859e-02,  3.10569990e-02,  9.92968235e-02,  4.14712473e-02, -4.95788143e-02],
       [ 1.14682245e-01, -7.91472560e-02,  2.14931311e-02,  4.75796695e-02, -4.97275466e-02],
       [ 2.57220892e-02, -7.66474634e-02,  1.05557928e-01, -5.78789748e-02, -7.99967719e-02],
       [ 4.51959879e-02,  8.51158292e-02, -1.28935157e-01, -3.16039358e-02,  4.63395870e-02],
       [ 1.57434773e-02, -9.35066060e-02,  3.17680928e-02, -1.14154451e-01, -6.27671280e-02],
       [-4.10559555e-02,  6.14714837e-02, -5.31945205e-02,  8.48032421e-02,  7.45396830e-02],
       [ 2.46876202e-02,  3.08373388e-02,  6.17744074e-02, -5.88268646e-02, -6.42635764e-02],
       [-2.90658919e-02,  5.85884112e-02, -4.14232175e-04,  5.63262916e-02,  6.27015014e-02],
       [ 3.05685329e-02,  8.99392978e-02, -3.43514974e-02, -8.02046698e-03,  7.66820913e-02],
       [ 2.04198876e-02, -1.18006079e-01,  6.08812351e-02,  3.85977836e-02, -6.96094844e-02],
       [ 7.33804413e-02, -5.99008858e-02,  4.19789235e-02, -5.41944251e-02, -7.94364978e-02],
       [-7.76433299e-02,  2.11766125e-02, -6.18993645e-02,  4.14944591e-02,  7.43161358e-02],
       [-6.03057190e-02,  2.15538644e-02,  1.08191757e-01, -1.03189889e-01,  4.65799527e-02],
       [-1.53682197e-02,  1.19973307e-02,  9.26236538e-02, -6.94265120e-02,  5.12968203e-02],
       [ 3.25706862e-02, -5.25098630e-02, -9.41937494e-02,  5.85399285e-02, -4.33423280e-02],
       [ 1.01486944e-02, -4.03368366e-02,  4.09515787e-03, -9.68913033e-02,  3.17629515e-02],
       [-8.67596309e-02,  3.15978915e-02,  4.88716458e-02, -9.52927652e-02,  3.17471910e-02],
       [-5.68137303e-02,  1.76270733e-02,  4.40293021e-02, -8.70766411e-02,  5.69032821e-02],
       [-6.46976590e-03, -4.31832892e-02,  2.47205873e-02,  9.19047265e-02, -3.27138223e-02],
       [-4.07647363e-02,  4.13360635e-02,  7.18550939e-02, -1.70035954e-02,  4.49544958e-02],
       [ 6.56122698e-02, -9.20078099e-03, -7.70080242e-02,  5.72894251e-02, -5.27284806e-02],
       [-4.52253708e-02, -4.75058076e-02,  5.07408160e-02, -5.52343557e-02,  4.21477230e-02],
       [ 4.59074466e-02, -9.54803166e-03, -8.64509457e-02,  5.48395775e-02, -4.05585512e-02],
       [ 1.77206098e-02, -2.69482582e-02, -8.24858734e-02,  1.13685581e-01, -4.88908586e-02],
       [-4.26846000e-02,  4.63464417e-02,  5.36517287e-02, -1.18799410e-01,  4.40391082e-02],
       [-7.93626344e-02,  6.11434686e-03,  8.49764350e-02, -8.32698217e-02,  5.18208789e-02],
       [ 8.96958942e-02,  2.03794051e-02, -6.71478244e-02,  8.80146450e-02, -5.15938069e-02],
       [ 3.01676391e-02, -9.66072423e-03,  8.84645164e-02,  4.17177724e-03,  7.53386496e-02],
       [ 1.33586347e-03, -6.40007812e-02, -1.08750808e-01, -6.53088597e-03, -6.86801461e-02],
       [ 5.56953439e-02, -8.37250118e-02, -2.33241902e-02, -8.56078956e-02,  5.08926313e-02],
       [-1.13987523e-01,  3.59460401e-02,  4.72825823e-02, -8.71082091e-02,  5.09743415e-02],
       [-2.43340408e-02, -3.49760556e-03,  1.58581365e-02, -1.00131574e-02,  8.37045440e-02],
       [-4.80462055e-02, -5.24159604e-02,  7.09342187e-02,  7.67532252e-02, -5.22183621e-02],
       [-1.46763091e-02,  3.61375784e-02,  6.35953462e-02,  6.81766087e-02,  6.57735937e-02],
       [ 4.53003771e-02,  1.52494102e-02, -7.25368780e-02, -2.83857617e-02, -8.33429837e-02],
       [-2.47320065e-02, -1.01872412e-01,  4.18100843e-02,  6.71410177e-03,  6.66598121e-02],
       [ 2.44693052e-02,  6.95851139e-03, -8.88764095e-02, -4.53247532e-03, -5.95630436e-02],
       [-3.54551067e-02, -1.58780583e-02, -8.41211851e-02,  7.15370966e-02, -7.88711412e-02],
       [-1.69334244e-02,  5.45353982e-02,  4.07264788e-02, -9.61953466e-02,  7.15933003e-02],
       [-7.26330562e-02, -2.20821280e-02,  8.31813997e-02, -1.09635029e-02,  8.24190750e-02],
       [ 7.77813298e-02,  5.60745015e-02, -5.30150999e-02,  2.00883884e-02, -7.66704632e-02],
       [-6.84914638e-02, -4.75086263e-02, -6.68706777e-02, -6.38501853e-02, -6.79561476e-02],
       [ 1.10513519e-01, -9.50043760e-02, -5.32580325e-02, -3.85447881e-02,  5.06248577e-02],
       [-6.88915729e-02,  2.60299276e-02,  2.44624224e-02, -4.72990198e-02,  5.55699482e-02],
       [ 6.58399729e-02, -2.28629160e-02, -3.31688555e-02,  6.46930210e-02,  8.25356362e-02],
       [-9.23941741e-02, -3.89885298e-02,  9.55451543e-02,  3.05219925e-02, -4.81184024e-02],
       [ 5.25862144e-02,  1.99852647e-02,  2.37198558e-02,  1.21133058e-01,  6.40194649e-02],
       [-4.23560742e-02,  3.13747080e-02, -1.75364831e-02, -9.20064952e-02, -7.66635687e-02],
       [ 4.87048935e-02, -1.16149135e-01,  1.17205362e-03,  6.61694573e-02,  6.56535548e-02],
       [-3.59974788e-02,  2.01300839e-02, -5.39551409e-02, -5.44902510e-02, -5.93026507e-02],
       [-1.16210004e-01,  3.52518732e-03, -3.69747463e-02,  2.19499938e-03, -7.83279843e-02],
       [ 6.27313098e-02,  4.23608815e-02,  8.36714004e-04, -3.81886756e-02,  7.65395719e-02],
       [ 1.38452591e-02, -4.07664991e-02,  3.37920909e-02,  6.02247553e-02,  8.19368740e-02],
       [-3.47913527e-03,  7.29002961e-02, -7.85278287e-03, -4.74664230e-02, -7.59321654e-02],
       [-8.10326946e-02,  3.53665543e-02,  2.85361772e-02,  3.42856923e-02, -4.66123206e-02],
       [ 8.37854567e-02, -7.63268866e-02, -4.37366373e-02,  4.09361858e-02, -5.02127523e-02],
       [-2.82896068e-02, -6.47891098e-02, -1.08532092e-03, -6.62283094e-02, -8.00524066e-02],
       [ 7.40829006e-02,  8.45758700e-02, -7.04945249e-02, -2.57982380e-02,  4.71423240e-02],
       [-2.14762826e-02, -7.61972982e-02, -4.55573631e-02, -1.08755835e-01, -5.80241275e-02],
       [ 6.36196469e-03,  4.55317953e-02,  4.59647929e-02,  8.39365263e-02,  6.95357132e-02],
       [-1.46119834e-02,  3.73071546e-02, -2.34356216e-02, -5.47435260e-02, -5.66096439e-02],
       [ 1.03446480e-02,  3.75920972e-02,  7.14863555e-02,  5.09768637e-02,  5.42100435e-02],
       [ 7.53009841e-02,  7.15445087e-02,  6.33847680e-02, -3.18757551e-04,  7.09486736e-02],
       [-2.44610309e-02, -9.95368758e-02, -2.82235397e-02,  2.91847428e-02, -6.48671612e-02],
       [ 2.39272219e-02, -4.63288682e-02, -6.78084434e-02, -6.24857501e-02, -7.91794521e-02],
       [-2.77108826e-02,  8.85773289e-03,  3.67771470e-02,  4.43390539e-02,  6.93096544e-02],
       [-1.97231004e-02, -3.62803399e-02, -4.15272320e-02, -8.88311682e-02,  3.44232456e-02],
       [ 7.57593671e-02, -9.30928357e-02, -1.03689434e-01, -5.21052430e-02,  5.12654677e-02],
       [-7.12183479e-02,  2.15682482e-02,  1.00793697e-01,  6.39688524e-02, -2.97829672e-02],
       [ 6.98475554e-02, -5.07723009e-02, -5.51088023e-02,  8.91062636e-03,  4.45461862e-02],
       [-6.54573318e-02,  9.93592078e-02,  7.53277747e-02,  2.62657150e-02, -5.19060128e-02],
       [ 5.22747196e-02, -1.15005314e-01, -6.16701174e-02, -2.91667763e-02,  3.83935732e-02],
       [-5.37337505e-02,  7.51831069e-02,  2.91580177e-02,  3.14990519e-02, -4.05293926e-02],
       [-1.01835312e-01,  7.72095647e-02,  5.81818089e-02,  8.36944145e-02, -4.86682240e-02],
       [ 6.15155118e-02, -4.63511538e-02, -7.05493159e-02, -9.33864133e-02,  4.40645239e-02],
       [ 4.79484126e-02, -1.02330821e-01, -6.56223529e-02, -5.38949549e-02,  5.13458266e-02],
       [-3.78503942e-02,  1.13235353e-01,  7.42397352e-02,  5.55188252e-02, -4.73824373e-02],
       [-1.20070810e-01,  3.16325849e-02, -3.59051326e-02, -6.29439668e-02,  6.05898528e-02],
       [ 2.12305562e-02, -4.64608558e-02,  6.54511537e-02,  7.49252294e-02, -3.30843524e-02],
       [-9.11643718e-02,  5.45748141e-02,  1.13621751e-02,  6.27953904e-03,  4.81687769e-02],
       [ 1.25110213e-01, -2.33661340e-02, -4.69338759e-03,  3.30154721e-02, -5.69196553e-02],
       [-9.17083740e-02, -4.04589612e-02, -7.96582950e-03, -3.72068774e-02,  4.54174402e-02],
       [ 9.15581404e-02, -2.15653391e-02, -3.36589309e-02,  3.73091010e-02, -4.41020081e-02],
       [ 6.80838914e-02, -4.40541622e-02, -1.86443462e-02,  1.05989151e-01, -5.71149320e-02],
       [-9.08824650e-02,  6.02591380e-02, -6.20668120e-03, -1.06113150e-01,  4.81772993e-02],
       [-1.39233729e-01,  1.86522229e-02,  1.21285269e-02, -6.03090028e-02,  5.51778192e-02],
       [ 1.36008920e-01,  4.38921694e-03,  3.06882105e-03,  6.32279765e-02, -5.17657600e-02],
       [-6.79173800e-02, -4.40917873e-02,  1.50582014e-01,  4.22320833e-02, -5.20087695e-02],
       [ 1.15720445e-02,  2.96515875e-02, -3.99579367e-02,  1.24394855e-01,  7.04346915e-02],
       [ 1.18131704e-02,  2.64711312e-02,  6.52204481e-02, -8.90553583e-02, -8.42276075e-02],
       [ 1.46943305e-03, -1.09770895e-01, -6.48527197e-02,  5.44829779e-02,  6.74811303e-02],
       [ 3.17958555e-03,  1.63161818e-02,  2.76918411e-03, -5.10441477e-02, -6.53678328e-02],
       [-7.11322339e-02, -3.44433771e-03,  4.38271756e-02,  1.73363217e-02, -8.66717211e-02],
       [ 6.25906792e-03,  4.73556100e-02, -7.52308932e-02, -5.28413624e-02,  7.85775807e-02],
       [-4.85371428e-02, -3.53395606e-02, -5.28755037e-02,  5.19257936e-02,  8.90976090e-02],
       [ 5.63075192e-02,  7.17714448e-02,  7.52997088e-02, -3.77194267e-02, -8.31623921e-02],
       [-6.31134249e-02, -6.38688527e-02,  9.36272355e-02, -1.65215132e-02, -4.48248604e-02],
       [ 5.74186214e-02,  3.71039454e-02, -1.23692507e-01, -1.68977960e-02,  5.31061422e-02],
       [-5.13840834e-02,  2.42477891e-02,  1.07473398e-01,  2.28438046e-02, -4.28683881e-02],
       [ 4.67139436e-02,  3.25879431e-02, -6.71618044e-02, -2.36944531e-02,  4.15425549e-02],
       [ 9.52933155e-02,  5.35450632e-02, -1.03891822e-01, -7.58651215e-02,  4.94793803e-02],
       [-5.68122970e-02, -6.84907755e-02,  1.09373801e-01,  8.49026723e-02, -4.47199938e-02],
       [-3.88235409e-02, -3.46941618e-02,  1.19549424e-01,  4.41975110e-02, -5.63688327e-02],
       [ 2.84238314e-02,  7.86940039e-03, -1.27987881e-01, -4.87864877e-02,  5.22675658e-02],
       [ 5.64780626e-03, -1.85240944e-02, -3.01536618e-03, -1.41684319e-01, -6.56825887e-02],
       [ 4.18284364e-03, -5.41780962e-02, -9.03286158e-03,  1.00281741e-01,  5.29188014e-02],
       [ 1.97836564e-04, -1.66326521e-02, -3.63923197e-02, -9.58840562e-02, -5.12642245e-02],
       [-6.72147985e-02, -4.65598549e-02, -2.12189171e-02, -6.86780358e-02, -7.32110884e-02],
       [ 1.32613285e-02,  8.09613252e-02, -1.16886613e-02,  3.08401546e-02,  6.62833902e-02],
       [-3.27160709e-02,  1.50248341e-02,  1.51623406e-02,  1.19978715e-01,  6.95560397e-02],
       [ 4.35107170e-02,  2.00376466e-02,  6.16395982e-03, -1.14549201e-01, -6.99584518e-02],
       [ 1.11658866e-02,  1.09585141e-01,  2.15485823e-02, -7.67273125e-02, -6.26663779e-02],
       [-1.71511831e-02, -2.34574542e-02,  3.52141727e-02,  7.19822429e-02,  6.08338994e-02],
       [ 4.75792911e-02, -8.33790654e-03,  9.68534402e-03,  1.85363359e-02,  8.07823776e-02],
       [ 9.80999303e-03, -3.50338418e-02,  2.61078013e-02,  1.81576420e-02, -7.36587370e-02],
       [ 6.47240531e-02,  4.45299580e-02, -5.01894059e-03, -8.42220833e-02, -8.33378450e-02],
       [-6.90370198e-02, -7.64160185e-02, -1.99045103e-02,  6.83182006e-02,  7.71668494e-02],
       [ 6.80492422e-03,  9.12828546e-02, -1.86890528e-02, -5.20068606e-02, -5.23768249e-02],
       [-5.29341127e-02,  9.79196665e-02,  7.24884899e-03, -8.45808961e-04, -6.92796115e-02],
       [-2.89577685e-05, -5.16487118e-02, -3.70746553e-02, -2.92095985e-02,  6.32496483e-02],
       [-3.91384240e-02, -1.22427374e-01, -1.06388591e-02,  5.17145965e-02,  6.66577499e-02],
       [ 4.26116271e-02,  1.39779181e-01,  2.78644518e-02, -4.11109022e-02, -6.18790444e-02],
       [ 4.73827626e-02, -1.13257446e-03,  5.62705922e-02, -2.62591745e-03,  6.71179357e-02],
       [ 2.74894212e-03, -2.98293281e-02, -1.90799081e-02,  2.65920177e-02, -5.68804855e-02],
       [ 4.23401338e-02,  2.97751332e-02, -4.89553067e-02, -4.85262797e-02, -6.45534978e-02],
       [-4.67603092e-02, -5.51666219e-02,  2.64055911e-02,  3.68768140e-02,  6.03041531e-02],
       [-5.88645457e-02, -6.23541663e-02,  6.47258314e-03,  1.06920590e-01, -7.39601389e-02],
       [-1.89199800e-02,  1.75222970e-02, -2.88629158e-02,  2.21320427e-02, -9.18582892e-02],
       [ 5.55852477e-03, -5.14404734e-02, -6.08022924e-04, -2.95227142e-02,  7.96162098e-02],
       [-3.82780263e-02,  3.13040288e-02, -1.37756848e-02, -5.40614155e-02,  7.80867144e-02],
       [ 5.19557546e-02,  6.20457385e-03,  3.91693550e-02,  6.56647040e-02, -7.71646016e-02],
       [ 1.05016112e-01,  8.90331550e-02,  5.74246402e-03, -3.50331093e-02, -8.22629135e-02]])})
2026-01-20 11:01:34,024 - final_problem_set.kxor_instance_n24_k2_m234_ell2_eps0.25_kappa0.875_rho1.0 - INFO - Running key extraction (n=24, m=234, ell=2, phase_qubits=13)
2026-01-20 11:01:34,028 - final_problem_set.kxor_instance_n24_k2_m234_ell2_eps0.25_kappa0.875_rho1.0 - INFO - Built voting matrix V (n=24, ell=2, dtype=complex128) in 0.004s
2026-01-20 11:01:34,029 - final_problem_set.kxor_instance_n24_k2_m234_ell2_eps0.25_kappa0.875_rho1.0 - INFO - Eval: adv=1.0000, hamming=0/24 (0.000), corr=1.000
2026-01-20 11:01:34,036 - final_problem_set.kxor_instance_n24_k2_m234_ell2_eps0.25_kappa0.875_rho1.0 - INFO - Key extraction complete: x_hat=14
2026-01-20 11:01:34,036 - final_problem_set.kxor_instance_n24_k2_m234_ell2_eps0.25_kappa0.875_rho1.0 - INFO - Finished step 'KeyExtractionStep' in 0.012s (success: True, problem=kxor_instance_n24_k2_m234_ell2_eps0.25_kappa0.875_rho1.0)
2026-01-20 11:01:34,036 - final_problem_set.kxor_instance_n24_k2_m234_ell2_eps0.25_kappa0.875_rho1.0 - INFO - SUCCESS: len(z_hat)=24
2026-01-20 11:01:34,036 - final_problem_set.kxor_instance_n24_k2_m234_ell2_eps0.25_kappa0.875_rho1.0 - INFO - Metrics: adv=1.0, ham_frac=0.0, corr=1.0
2026-01-20 11:01:34,036 - final_problem_set.kxor_instance_n24_k2_m234_ell2_eps0.25_kappa0.875_rho1.0 - INFO - z_hat (full): [ 1, -1,  1,  1, -1,  1,  1, -1,  1,  1,  1, -1,  1,  1,  1, -1,  1, -1,  1, -1, -1,  1,  1, -1]
