2026-01-20 11:00:39,095 - final_problem_set.kxor_instance_n17_k2_m154_ell2_eps0.3_kappa0.875_rho0.8 - INFO - Starting iteration for /Users/julian/CodingProjects/UniT3/QuarticSpeedupK-XOR/z_Daphne/data/final_problem_set/kxor_instance_n17_k2_m154_ell2_eps0.3_kappa0.875_rho0.8.npz
2026-01-20 11:00:39,096 - final_problem_set.kxor_instance_n17_k2_m154_ell2_eps0.3_kappa0.875_rho0.8 - INFO - Loaded instance (n=17, m=154, k=2)
2026-01-20 11:00:39,096 - final_problem_set.kxor_instance_n17_k2_m154_ell2_eps0.3_kappa0.875_rho0.8 - INFO - Starting step 'ComputeKikuchiStep' (version 0.1) on problem kxor_instance_n17_k2_m154_ell2_eps0.3_kappa0.875_rho0.8 (fields={'ell': 2, 'threshold': 0.0})
2026-01-20 11:00:39,112 - final_problem_set.kxor_instance_n17_k2_m154_ell2_eps0.3_kappa0.875_rho0.8 - INFO - Finished step 'ComputeKikuchiStep' in 0.015s (success: True, problem=kxor_instance_n17_k2_m154_ell2_eps0.3_kappa0.875_rho0.8)
2026-01-20 11:00:39,112 - final_problem_set.kxor_instance_n17_k2_m154_ell2_eps0.3_kappa0.875_rho0.8 - INFO - Starting step 'ClassicalEigenvaluesStep' (version 0.1) on problem kxor_instance_n17_k2_m154_ell2_eps0.3_kappa0.875_rho0.8 (fields={'ell': 2, 'threshold': 0.0, 'kikuchi_matrix': <Dictionary Of Keys sparse matrix of dtype 'int64'
	with 2730 stored elements and shape (136, 136)>, 'num_eigenvalues': 5})
2026-01-20 11:00:39,151 - final_problem_set.kxor_instance_n17_k2_m154_ell2_eps0.3_kappa0.875_rho0.8 - INFO - Finished step 'ClassicalEigenvaluesStep' in 0.039s (success: True, problem=kxor_instance_n17_k2_m154_ell2_eps0.3_kappa0.875_rho0.8)
2026-01-20 11:00:39,151 - final_problem_set.kxor_instance_n17_k2_m154_ell2_eps0.3_kappa0.875_rho0.8 - INFO - Starting step 'KeyExtractionStep' (version 0.1) on problem kxor_instance_n17_k2_m154_ell2_eps0.3_kappa0.875_rho0.8 (fields={'ell': 2, 'threshold': 0.0, 'kikuchi_matrix': <Dictionary Of Keys sparse matrix of dtype 'int64'
	with 2730 stored elements and shape (136, 136)>, 'num_eigenvalues': 5, 'eigenvalues': array([-8.92081823,  9.94941528, 10.5648219 , 11.49099134, 15.82430306]), 'eigenvectors': array([[-2.58716358e-02, -1.71636608e-01, -9.32384559e-02, -6.60740299e-02,  3.88648472e-02],
       [-5.09700725e-02,  5.18838790e-02,  8.80065628e-02,  4.72095131e-02, -2.56253998e-02],
       [ 2.60690942e-02,  1.52598719e-01,  6.02458438e-02,  8.19604356e-02, -4.28746998e-02],
       [-5.69053475e-02, -1.57492635e-01, -1.11650202e-01, -8.21141988e-02,  3.91446155e-02],
       [-9.42247128e-04, -1.49189028e-01, -6.49075780e-02, -1.31075385e-02,  4.46535265e-02],
       [-3.42229405e-02, -1.70407106e-01, -1.09836606e-01, -7.35909431e-02,  4.31318219e-02],
       [-5.17269360e-02,  1.00789395e-01,  8.55741886e-02, -1.51355139e-02, -2.35924990e-02],
       [ 2.81904708e-02,  1.35055257e-01,  3.85375204e-02,  5.65765293e-02, -5.10074495e-02],
       [-1.32249515e-02, -1.21182621e-01, -9.15967406e-02, -5.33046985e-02,  2.68535467e-02],
       [-4.45183260e-02,  1.37485406e-01,  8.02173468e-02,  9.63803476e-02, -4.31066596e-02],
       [ 2.29057684e-03,  1.32216224e-01,  6.05913102e-02,  8.36410774e-02, -2.92406903e-02],
       [ 7.84258553e-02, -1.98693840e-01, -8.49649367e-02, -6.46434543e-02,  3.86470662e-02],
       [-3.89890280e-02,  1.60741322e-01,  3.39867192e-02,  7.49746153e-02, -3.60699123e-02],
       [ 1.40762754e-02,  1.77148236e-01,  9.98901824e-02,  6.03116787e-02, -3.62708999e-02],
       [ 6.86440830e-03, -1.56359266e-01, -6.79710923e-02, -3.86277221e-02,  4.50218808e-02],
       [-4.59085338e-02, -9.31457787e-02, -1.61072543e-02,  2.68110855e-02,  2.08948588e-02],
       [-9.75242611e-02,  1.48642794e-01, -1.30911463e-01, -1.65119392e-02,  6.76040966e-02],
       [ 7.56129371e-02,  2.87318220e-02,  6.05360881e-02, -4.08036361e-02,  1.10212722e-01],
       [-7.87098410e-02, -2.89668575e-02,  9.01229556e-02,  4.73202799e-02, -1.26633853e-01],
       [ 6.06499528e-02, -1.81188644e-02, -1.76449599e-02, -9.88032822e-02, -1.00654473e-01],
       [-3.46546351e-02, -2.68040760e-02,  6.77837364e-02, -2.75861978e-03, -1.33784598e-01],
       [-1.04515860e-01, -1.39611476e-02, -1.28200952e-01,  1.41530761e-01,  6.22932612e-02],
       [ 5.73116519e-02,  7.09978337e-02,  8.71635541e-02,  2.49267118e-02,  1.11218541e-01],
       [-9.38415475e-02,  2.86700994e-02,  1.44520982e-01,  3.64672954e-02, -9.97346276e-02],
       [-1.00735932e-01,  9.55338952e-02, -3.10205580e-04, -7.17131920e-02,  1.15905095e-01],
       [-5.59779225e-03, -3.52543194e-02,  2.46286897e-02, -1.30018705e-01,  9.69624012e-02],
       [ 1.12474299e-01,  1.25827303e-01, -2.95798361e-02, -2.08953191e-02, -1.29681537e-01],
       [-9.26523410e-02, -6.37455426e-02,  1.24680431e-01, -4.44857893e-02,  1.11175191e-01],
       [ 9.07514689e-02, -3.73962189e-02, -5.90201488e-02,  3.73873520e-02,  1.20462797e-01],
       [-2.45712297e-02, -2.91218290e-02, -3.61818664e-02, -6.97796893e-02, -1.09711373e-01],
       [-7.93428393e-02,  6.80627418e-02, -5.09247143e-02, -1.62362930e-01, -5.51340705e-02],
       [ 9.99759439e-02, -1.63201458e-01,  7.46596002e-02,  4.90422334e-02, -7.03181666e-02],
       [-1.05212323e-01,  1.34594302e-01, -1.28460491e-01, -3.75433000e-02,  5.98770108e-02],
       [ 9.12231779e-02,  1.49561289e-01, -9.16855754e-02,  4.36738782e-02,  6.43955799e-02],
       [-4.36460227e-02,  1.45413114e-01, -1.27000459e-01, -1.72904416e-02,  6.37609351e-02],
       [-1.90621125e-01, -7.76113955e-02,  1.27165896e-01, -7.36871749e-02, -3.63099114e-02],
       [ 4.77883199e-02, -1.69331801e-01,  6.33424864e-02,  6.74948714e-03, -6.44975585e-02],
       [-1.41610135e-01,  7.45403526e-02, -1.28961451e-01, -2.83623211e-02,  4.71008062e-02],
       [-2.05961800e-01, -1.70102687e-01,  9.77545306e-02,  5.07649700e-02, -5.66177213e-02],
       [-1.64077557e-02, -9.35332647e-02,  7.63177057e-02,  9.89339472e-02, -5.95676573e-02],
       [ 1.60554007e-01,  7.89644742e-02, -1.09750398e-01, -1.24528543e-02,  9.21919032e-02],
       [-8.99415486e-02, -9.28795375e-02,  2.44670523e-02,  5.21322924e-02, -6.79464440e-02],
       [ 1.03699082e-01, -1.17970653e-01,  1.32845308e-01,  5.64297180e-04, -6.42699048e-02],
       [-5.39382381e-02,  1.64706553e-01, -9.26734818e-02,  2.54553121e-02,  6.91111269e-02],
       [-1.17743965e-01,  3.01360933e-02, -2.58531075e-02,  8.28822022e-02,  3.40825125e-02],
       [ 6.19576410e-02,  5.93634461e-02,  2.75398148e-03, -9.45232876e-02,  1.12287873e-01],
       [-4.23423819e-02,  3.81462973e-02,  8.63674926e-02,  5.29444060e-02,  9.27044145e-02],
       [ 4.27816197e-02,  5.05089490e-02,  2.55956981e-02, -4.59246392e-02,  1.08168981e-01],
       [ 1.12496552e-01,  1.55008646e-03,  7.17823151e-02, -1.11507852e-01, -6.73518067e-02],
       [-4.96900929e-02, -9.15831437e-02, -1.50912476e-01,  2.06510052e-02, -9.78047191e-02],
       [ 8.82808010e-02, -1.67032121e-03, -6.54842513e-02, -7.38587055e-02,  9.00800058e-02],
       [ 8.88533976e-02, -1.11205944e-01, -7.32716790e-02,  1.10176821e-01, -1.01160147e-01],
       [ 1.79565885e-02,  6.12739357e-03, -7.88358505e-02,  1.53487746e-01, -8.28882836e-02],
       [-9.63009449e-02, -8.19863671e-02,  1.15890194e-01, -3.29474091e-02,  1.14783355e-01],
       [ 6.00802937e-02,  2.78983595e-02, -1.61570600e-01,  7.20241652e-02, -8.59636400e-02],
       [-6.70808766e-02,  8.84804756e-03, -2.91597882e-02,  1.39884157e-02, -1.22158015e-01],
       [ 2.76103058e-02,  4.90265240e-02,  1.10942588e-01,  2.03445723e-02,  9.80367667e-02],
       [ 4.41172737e-02, -5.02997696e-02,  9.64483771e-02,  1.31260230e-01,  5.78894114e-02],
       [ 9.32915239e-02, -4.77459742e-02,  2.97958077e-02, -5.80043708e-02, -1.06815799e-01],
       [-3.11862381e-02, -3.55477944e-02,  9.57306007e-02,  4.46272787e-02, -1.02981933e-01],
       [-1.22158513e-01, -7.00911027e-03, -1.27976212e-01,  1.09528440e-01,  5.77700994e-02],
       [ 5.44056727e-02,  1.07993653e-01,  3.17992437e-02, -2.33428642e-02,  1.16863892e-01],
       [-1.57284431e-01,  1.49326335e-02,  1.40624995e-01,  5.89680220e-02, -7.68086739e-02],
       [-1.37257457e-01,  1.01348926e-01, -4.65529448e-02, -1.07325682e-01,  1.01714924e-01],
       [-1.41367924e-02, -1.08659340e-02, -2.09615174e-02, -1.54067516e-01,  8.65313812e-02],
       [ 1.28984965e-01,  8.32541265e-02,  3.34893860e-02,  3.24296538e-02, -1.18956475e-01],
       [-6.46341112e-02, -2.87426001e-02,  5.25023923e-02, -7.37525233e-02,  8.88487844e-02],
       [ 1.22295479e-01, -1.73726534e-02, -1.05833778e-01, -1.17669468e-02,  1.07520049e-01],
       [-6.61563878e-02, -4.98407470e-02,  1.53644834e-02, -2.10318215e-02, -1.04229445e-01],
       [-5.08387526e-02,  4.58882162e-02, -1.00804708e-02, -1.31478733e-01, -5.97189180e-02],
       [ 5.55482820e-02, -4.83133918e-02,  9.75151035e-03, -1.04585563e-01, -1.10223245e-01],
       [ 1.26321681e-01, -3.04602463e-03, -8.47045280e-02,  1.46769198e-01,  4.71844453e-02],
       [-4.24532954e-02,  7.57200991e-02,  9.98505851e-02,  9.88374961e-02,  9.07427943e-02],
       [ 5.15809979e-02,  6.61580531e-03,  7.87431087e-02, -3.38286643e-02, -7.70557306e-02],
       [ 9.25627991e-02,  1.15340984e-01,  4.28486383e-02,  3.22314553e-02,  1.08941697e-01],
       [ 1.00200089e-02, -1.99848424e-02,  6.07258369e-02, -3.49943272e-02,  9.26244293e-02],
       [-1.26792289e-01,  8.53676892e-02, -6.32312326e-02, -1.11598385e-01, -1.03129570e-01],
       [ 7.16516952e-02, -3.52310269e-02,  1.38688548e-01,  4.69221898e-02,  9.20113651e-02],
       [-4.23052652e-02, -8.16430647e-03, -1.06191218e-02,  1.18534829e-01,  9.98617798e-02],
       [ 8.14271267e-03, -4.06847471e-02, -5.94264437e-02, -1.33174016e-01, -8.89645685e-02],
       [ 7.38322593e-02,  4.43532089e-02, -4.70763450e-02, -1.45598268e-01, -3.57514947e-02],
       [-5.28416165e-02, -5.53872203e-03, -1.24808394e-01,  1.37411914e-01,  5.86395133e-02],
       [ 2.01649623e-02,  1.10661847e-01,  5.80558385e-02,  2.25862955e-02,  1.22396712e-01],
       [-7.90688301e-02,  1.78710369e-02,  1.36582103e-01,  3.63917350e-02, -8.29945926e-02],
       [-6.32748540e-02,  1.06757421e-01, -2.80459850e-02, -7.32148742e-02,  1.08617242e-01],
       [-9.75396825e-03, -1.89283048e-02, -6.32752177e-03, -1.46400183e-01,  1.03216497e-01],
       [ 5.31814798e-02,  9.40343525e-02,  9.13206833e-03, -1.38141769e-02, -1.24893576e-01],
       [-3.38278470e-02, -3.43404756e-02,  7.58738940e-02, -4.35893760e-02,  9.37066707e-02],
       [ 5.79063374e-02, -1.80708882e-02, -8.81706107e-02,  3.21492402e-02,  1.13054536e-01],
       [-2.68842136e-02, -5.06126489e-02, -5.40700126e-03, -6.52821767e-02, -1.07530408e-01],
       [-3.49869246e-02,  4.58440667e-02, -2.95445844e-02, -1.58833418e-01, -5.48099926e-02],
       [ 9.05850202e-02, -3.03140897e-02,  6.17283991e-02, -1.46002695e-01, -6.71643508e-02],
       [-1.49564648e-01, -2.39961070e-02, -1.27226421e-01,  7.82358127e-02,  4.57659907e-02],
       [-1.61651797e-01, -5.75272590e-02,  1.12665312e-01, -9.76601057e-02, -7.51930382e-02],
       [-1.83556039e-03,  4.49071123e-02,  7.99498017e-02, -4.00655443e-02, -6.70707923e-02],
       [ 2.12901006e-01, -9.75335541e-02, -1.05830712e-01,  1.64390125e-01,  6.92800192e-02],
       [-1.24257893e-01,  5.72797604e-02,  2.20403481e-02, -1.00606610e-01, -6.58921938e-02],
       [ 1.20861691e-01,  2.90112341e-02,  1.28898367e-01, -1.47795392e-01, -5.68548514e-02],
       [-2.89555259e-02,  1.30873418e-04, -9.04255058e-02,  1.49793166e-01,  5.36726246e-02],
       [-1.21502027e-01, -3.10929357e-02, -1.93449462e-02,  1.14033612e-01,  2.21209559e-02],
       [ 6.53021624e-02,  3.27181917e-02, -4.48321664e-02, -2.08397611e-02,  9.32373904e-02],
       [ 7.00104729e-02, -1.51563916e-01, -9.86635569e-02,  4.79058403e-02, -1.03733696e-01],
       [ 1.18856855e-02, -2.17855439e-02, -1.04903553e-01,  1.05211696e-01, -8.73693469e-02],
       [-6.30969268e-02, -3.31779243e-02,  1.39993945e-01,  3.28700964e-02,  1.17802786e-01],
       [ 4.93922373e-02, -9.59867661e-03, -1.79708578e-01,  2.37252024e-02, -8.85008702e-02],
       [-4.27119660e-02, -4.36256881e-02, -5.57167604e-02, -5.67793849e-02, -1.23272528e-01],
       [ 1.45772406e-02,  9.17999258e-02,  1.28241583e-01,  7.46555256e-02,  9.83845546e-02],
       [ 6.63915836e-02, -3.56499370e-02,  7.16668758e-02,  1.42361542e-01,  4.35399923e-02],
       [-1.13447584e-01,  3.05276716e-02, -9.80970081e-02, -8.12311708e-02,  8.27018708e-02],
       [-8.19358334e-03, -4.03907502e-02, -6.73829847e-02, -1.13288746e-01,  6.79653273e-02],
       [ 1.47584858e-01,  1.04033087e-01,  1.00177193e-01,  2.82636332e-02, -9.33218886e-02],
       [-1.43606422e-01, -6.73393004e-02, -1.69131657e-02, -6.66038652e-02,  7.81423676e-02],
       [ 6.92197778e-02, -6.47016515e-02, -1.61419727e-01, -1.45914146e-02,  9.20895412e-02],
       [ 1.61628837e-02,  2.71187790e-03,  8.80212360e-02, -2.00604506e-02, -9.93860838e-02],
       [-1.38307241e-01,  5.66303700e-02,  1.83559471e-02, -9.55577681e-02, -4.35875283e-02],
       [-2.99603966e-02, -3.19972023e-02, -3.96663000e-02,  1.78488449e-01, -8.50446092e-02],
       [ 1.39718928e-01, -2.47757041e-02,  6.93572615e-02, -8.20399611e-02,  1.46515958e-01],
       [-1.78779599e-01, -1.92843006e-02, -1.14762129e-01,  9.97500865e-02, -8.85472883e-02],
       [ 9.59028009e-02, -5.29610778e-02,  3.15740246e-02,  4.08298508e-02, -1.12774507e-01],
       [ 2.37049128e-03,  1.14080955e-01,  5.56740521e-02, -4.17963698e-03,  1.05503919e-01],
       [-1.39475109e-01, -1.52434706e-02,  5.45688485e-02,  1.18460607e-01,  5.78046904e-02],
       [ 4.13735657e-02, -1.20674613e-01,  6.94084668e-02, -1.26382979e-01,  9.95404030e-02],
       [-1.29615473e-02,  6.53596983e-02, -1.09701128e-01,  1.35241053e-01, -7.24769329e-02],
       [ 1.48673545e-02,  7.64024963e-02,  8.40486116e-03,  1.13659581e-01, -1.06157751e-01],
       [-1.57498510e-03, -1.41379386e-02,  8.08778451e-02, -7.43736719e-02,  9.88593757e-02],
       [-2.20673543e-02, -8.10125426e-02,  6.52364391e-02,  6.29017463e-02,  5.43706194e-02],
       [ 1.78207169e-01, -1.45322814e-01,  1.55305833e-01, -3.43365031e-02,  9.84938066e-02],
       [-1.19904811e-01, -1.57094617e-01, -1.28897606e-02,  4.92849212e-02,  1.24654724e-01],
       [ 2.53848164e-02,  8.53673220e-02, -8.97647152e-02, -8.13570806e-02, -1.14533862e-01],
       [ 1.27616265e-01,  1.03321140e-01, -6.19307284e-02, -1.62920235e-01, -4.78161194e-02],
       [ 9.30484606e-02,  8.15772350e-02, -7.50197160e-02,  1.73348775e-02, -9.59042974e-02],
       [-6.53482662e-02, -3.23954280e-02,  1.68255885e-01,  1.73478779e-02,  9.73649129e-02],
       [-6.05969913e-02, -6.61911107e-02,  7.93217672e-02,  1.07866405e-01,  4.14331588e-02],
       [-6.03595427e-03, -4.79213684e-03,  4.44554317e-03,  1.06331352e-01,  1.18233817e-01],
       [ 1.16072296e-01, -6.20536185e-02,  3.21818744e-02,  1.57693395e-01,  4.50264982e-02],
       [-6.01444011e-02,  4.60121300e-02, -5.72186322e-02, -1.53808149e-01, -4.17728898e-02]])})
2026-01-20 11:00:39,152 - final_problem_set.kxor_instance_n17_k2_m154_ell2_eps0.3_kappa0.875_rho0.8 - INFO - Running key extraction (n=17, m=154, ell=2, phase_qubits=12)
2026-01-20 11:00:39,153 - final_problem_set.kxor_instance_n17_k2_m154_ell2_eps0.3_kappa0.875_rho0.8 - INFO - Built voting matrix V (n=17, ell=2, dtype=complex128) in 0.001s
2026-01-20 11:00:39,154 - final_problem_set.kxor_instance_n17_k2_m154_ell2_eps0.3_kappa0.875_rho0.8 - INFO - Eval: adv=0.7532, hamming=0/17 (0.000), corr=1.000
2026-01-20 11:00:39,154 - final_problem_set.kxor_instance_n17_k2_m154_ell2_eps0.3_kappa0.875_rho0.8 - INFO - Key extraction complete: x_hat=12
2026-01-20 11:00:39,154 - final_problem_set.kxor_instance_n17_k2_m154_ell2_eps0.3_kappa0.875_rho0.8 - INFO - Finished step 'KeyExtractionStep' in 0.002s (success: True, problem=kxor_instance_n17_k2_m154_ell2_eps0.3_kappa0.875_rho0.8)
2026-01-20 11:00:39,154 - final_problem_set.kxor_instance_n17_k2_m154_ell2_eps0.3_kappa0.875_rho0.8 - INFO - SUCCESS: len(z_hat)=17
2026-01-20 11:00:39,154 - final_problem_set.kxor_instance_n17_k2_m154_ell2_eps0.3_kappa0.875_rho0.8 - INFO - Metrics: adv=0.7532467532467533, ham_frac=0.0, corr=1.0
2026-01-20 11:00:39,154 - final_problem_set.kxor_instance_n17_k2_m154_ell2_eps0.3_kappa0.875_rho0.8 - INFO - z_hat (full): [-1,  1, -1, -1,  1,  1,  1, -1, -1,  1, -1, -1,  1, -1, -1,  1,  1]
