2026-01-20 11:01:30,803 - final_problem_set.kxor_instance_n24_k2_m215_ell2_eps0.15_kappa0.875_rho0.4 - INFO - Starting iteration for /Users/julian/CodingProjects/UniT3/QuarticSpeedupK-XOR/z_Daphne/data/final_problem_set/kxor_instance_n24_k2_m215_ell2_eps0.15_kappa0.875_rho0.4.npz
2026-01-20 11:01:30,804 - final_problem_set.kxor_instance_n24_k2_m215_ell2_eps0.15_kappa0.875_rho0.4 - INFO - Loaded instance (n=24, m=215, k=2)
2026-01-20 11:01:30,804 - final_problem_set.kxor_instance_n24_k2_m215_ell2_eps0.15_kappa0.875_rho0.4 - INFO - Starting step 'ComputeKikuchiStep' (version 0.1) on problem kxor_instance_n24_k2_m215_ell2_eps0.15_kappa0.875_rho0.4 (fields={'ell': 2, 'threshold': 0.0})
2026-01-20 11:01:30,838 - final_problem_set.kxor_instance_n24_k2_m215_ell2_eps0.15_kappa0.875_rho0.4 - INFO - Finished step 'ComputeKikuchiStep' in 0.034s (success: True, problem=kxor_instance_n24_k2_m215_ell2_eps0.15_kappa0.875_rho0.4)
2026-01-20 11:01:30,838 - final_problem_set.kxor_instance_n24_k2_m215_ell2_eps0.15_kappa0.875_rho0.4 - INFO - Starting step 'ClassicalEigenvaluesStep' (version 0.1) on problem kxor_instance_n24_k2_m215_ell2_eps0.15_kappa0.875_rho0.4 (fields={'ell': 2, 'threshold': 0.0, 'kikuchi_matrix': <Dictionary Of Keys sparse matrix of dtype 'int64'
	with 7084 stored elements and shape (276, 276)>, 'num_eigenvalues': 5})
2026-01-20 11:01:30,957 - final_problem_set.kxor_instance_n24_k2_m215_ell2_eps0.15_kappa0.875_rho0.4 - INFO - Finished step 'ClassicalEigenvaluesStep' in 0.119s (success: True, problem=kxor_instance_n24_k2_m215_ell2_eps0.15_kappa0.875_rho0.4)
2026-01-20 11:01:30,957 - final_problem_set.kxor_instance_n24_k2_m215_ell2_eps0.15_kappa0.875_rho0.4 - INFO - Starting step 'KeyExtractionStep' (version 0.1) on problem kxor_instance_n24_k2_m215_ell2_eps0.15_kappa0.875_rho0.4 (fields={'ell': 2, 'threshold': 0.0, 'kikuchi_matrix': <Dictionary Of Keys sparse matrix of dtype 'int64'
	with 7084 stored elements and shape (276, 276)>, 'num_eigenvalues': 5, 'eigenvalues': array([-11.90306556,  11.645383  ,  12.14032832,  12.46535779,  14.30032487]), 'eigenvectors': array([[-4.81858122e-02, -1.37040298e-01, -7.64264137e-02,  1.80442622e-02,  7.29079643e-02],
       [ 6.81406790e-02,  2.98359697e-02,  1.58350693e-01, -8.16875381e-02,  8.54275703e-03],
       [ 5.44295435e-02,  1.46602233e-01,  6.65935525e-02,  1.57717868e-02, -9.08510471e-02],
       [-9.91661256e-02, -5.67094643e-02,  1.40740748e-01, -4.05992677e-02, -2.95577201e-02],
       [-3.56622758e-02, -1.08650722e-01, -3.93229018e-02,  1.50202202e-01, -5.03840748e-02],
       [-7.69375918e-02,  9.74937514e-02, -4.19610271e-02,  1.90831416e-02, -1.03154510e-01],
       [-9.34643115e-02,  7.61787954e-02, -5.34745442e-02, -9.21281932e-02, -1.25407269e-01],
       [-3.87503571e-02,  4.09767079e-02, -6.86264299e-02,  9.57226250e-02, -1.18335940e-01],
       [ 6.31967450e-02, -7.82918549e-02,  1.16081581e-01,  5.14618228e-02, -7.90776053e-02],
       [-4.65550725e-02,  2.00797143e-02, -1.60056512e-02,  1.87428135e-01, -5.52641344e-02],
       [-1.11092159e-01,  4.94848527e-02,  4.18828664e-02, -8.87608807e-02,  1.06653294e-01],
       [-4.51369929e-02, -4.37107629e-02,  3.61875192e-02,  1.22297084e-01, -1.63084649e-01],
       [-5.02309144e-02,  1.17562464e-01,  7.76738973e-02,  7.56521334e-02,  8.23414964e-02],
       [ 6.57649205e-02,  6.91145060e-02, -6.71349550e-02, -2.90723963e-02,  1.63646604e-01],
       [ 3.66689912e-02, -7.21174671e-02, -6.15298408e-02, -1.12115426e-01, -1.36267812e-01],
       [-3.05927224e-02, -1.93175206e-01, -2.11973057e-02, -9.56720479e-02, -3.05300240e-02],
       [-7.04358733e-02, -3.73786683e-02,  3.97261153e-02,  3.64853158e-02,  1.22850349e-01],
       [ 4.15436776e-03, -1.13384160e-01,  1.16516380e-01,  2.55948888e-02, -7.22367057e-02],
       [-4.19696449e-02,  1.20886321e-02, -1.36028165e-01, -1.42370336e-01, -1.98367241e-02],
       [ 1.10021064e-04,  8.87253990e-02, -1.42973534e-02,  6.08973938e-02, -9.94198978e-02],
       [ 6.12299784e-02, -3.31383991e-03, -1.31885745e-01,  5.02744733e-02,  8.48057003e-02],
       [-4.62724346e-02,  3.96153700e-02, -5.70885478e-02, -9.99673797e-02,  1.44285484e-01],
       [-5.01661670e-02,  9.06513871e-03,  1.48971384e-01,  2.23941855e-02,  1.45025156e-01],
       [ 4.80917898e-02, -1.16240172e-02,  4.74403642e-02, -3.13562363e-02,  1.27880431e-02],
       [ 3.03308715e-02,  8.48859428e-02,  4.30289886e-02, -1.57719721e-02, -2.71642093e-02],
       [-4.33249770e-02, -1.42936993e-02,  5.29734446e-02, -2.47726010e-02, -7.30108568e-03],
       [-3.84565296e-02,  2.10534527e-02,  1.85516734e-02,  4.98697852e-02, -3.43778048e-02],
       [-7.64115967e-02,  1.02278289e-01,  2.44553636e-02, -2.20537275e-02, -4.53017230e-02],
       [-5.31432433e-02,  8.38296883e-02,  1.98513753e-02, -6.17997931e-02, -4.50487006e-02],
       [-2.16040892e-02,  1.02652841e-01,  2.50453598e-02, -2.99376635e-03, -4.80511825e-02],
       [ 4.65730622e-02,  3.94601063e-02,  8.15840420e-02, -4.93394106e-03, -3.86989930e-02],
       [-2.67813188e-02,  7.95777677e-02,  3.09310153e-02,  6.68571236e-02, -3.53246258e-02],
       [-4.35501479e-02, -7.48086054e-02, -2.92157683e-02, -1.05279710e-02,  5.84599117e-02],
       [-2.82814860e-02,  1.18687036e-01,  7.77954962e-02, -1.21284788e-02, -6.47103965e-02],
       [-2.97064274e-02, -1.16061503e-02, -7.41233076e-04,  6.29486160e-02,  3.26892523e-02],
       [ 3.91452277e-02, -9.97857670e-02, -7.71091135e-02,  4.50049544e-02,  5.86429310e-02],
       [ 2.07003617e-02,  5.32632433e-02,  2.06137923e-02, -8.78001948e-02, -4.80553866e-02],
       [-4.43340489e-02, -3.43977508e-02,  1.27289754e-02, -5.55886200e-02, -1.65672432e-02],
       [-4.63508763e-02, -8.20273817e-02, -2.38524514e-02,  4.56964582e-02,  4.48872272e-02],
       [-1.54399383e-02,  2.51892073e-02,  7.34374259e-02, -2.12920738e-02, -3.13724532e-02],
       [-2.60737674e-02, -1.00346226e-03, -4.36477552e-02, -5.81615005e-02, -4.90444418e-03],
       [-1.17501631e-02,  1.01599579e-01,  3.44117292e-02, -1.32433698e-03, -4.32611565e-02],
       [ 3.93557778e-02, -5.08314334e-02, -6.47797772e-02,  4.17077840e-02,  3.01509422e-02],
       [-3.42181604e-02, -1.01573175e-01, -8.25750281e-02,  4.87861423e-03,  6.61943685e-02],
       [-4.92932896e-02, -8.58729548e-02,  4.87443186e-03,  5.30691917e-02,  5.41172538e-02],
       [-6.96052158e-02,  1.33068344e-02, -5.34275226e-02,  3.40270696e-02, -1.34139521e-02],
       [ 1.09376280e-01, -1.33026767e-02,  1.03801445e-02,  6.39737697e-03, -5.43106899e-03],
       [ 8.56536704e-02, -1.65985017e-02, -5.89876030e-02,  3.07953566e-02, -7.40299449e-04],
       [ 1.50718496e-01,  2.45613669e-03, -8.15754842e-02,  4.37245088e-02, -5.70663922e-03],
       [ 1.31191216e-01,  1.21323725e-02, -9.56110760e-02,  3.34358093e-02, -1.71732630e-02],
       [ 5.14010135e-02, -1.27467128e-02, -1.06672509e-01,  5.73419834e-02, -6.21693704e-03],
       [-1.13611502e-01, -3.49358757e-02, -5.03709351e-02,  4.27534802e-02, -1.22129816e-02],
       [ 7.82575755e-02, -1.12116867e-02, -6.80067020e-02,  3.10482633e-02, -1.71737495e-03],
       [ 1.22518335e-01,  1.67723843e-02,  9.09741932e-02, -4.31621240e-02,  4.73415381e-03],
       [ 7.42605780e-02, -3.48356942e-02, -1.34100942e-01,  8.56332159e-02, -1.51506855e-02],
       [ 6.53468248e-02,  2.28477341e-02,  5.14953401e-02, -2.81428000e-02,  7.92086842e-03],
       [-8.70303982e-02,  4.42188366e-02,  1.13671678e-01, -7.50730873e-02,  2.74802867e-02],
       [-3.81121362e-02, -2.38898626e-02, -8.15147867e-02,  5.04057754e-02, -1.14446060e-02],
       [ 6.12674639e-02, -4.07560414e-02, -2.54592246e-02,  1.08620542e-02, -3.93064515e-03],
       [ 1.12839380e-01,  3.43445141e-03,  7.88922493e-02, -3.79057682e-02,  1.20678117e-02],
       [ 1.91565981e-02, -3.82009982e-02, -4.33234571e-02,  4.09940315e-02, -1.18009515e-02],
       [ 6.54318448e-02,  7.80365194e-03, -1.52821311e-02, -7.39165570e-03,  8.40779117e-05],
       [ 3.19438216e-04,  1.16597756e-02, -8.92438798e-02,  4.59387763e-02, -1.20033229e-02],
       [-9.29373992e-02,  1.30295576e-02,  3.71972452e-02, -2.71539535e-02,  1.76774843e-02],
       [ 8.03651468e-02,  2.75920492e-02,  1.17153599e-01, -7.19170439e-02,  1.47710549e-02],
       [ 8.66894118e-02,  1.16795149e-02,  1.00104286e-01, -5.58983603e-02,  7.61836069e-03],
       [ 3.84519705e-02,  2.19154940e-02, -5.00094303e-02,  2.18279915e-02,  2.53723049e-03],
       [ 3.75204541e-02, -2.50021219e-02, -9.54957701e-03, -6.00311642e-02,  3.64324375e-02],
       [ 6.46735630e-02, -8.96768326e-02, -1.42639001e-02,  6.96372019e-03,  4.09121362e-02],
       [ 6.14660183e-02, -8.75457317e-02, -1.29861965e-02,  4.45500598e-02,  4.62227337e-02],
       [ 4.22512892e-02, -1.14780295e-01, -1.20850587e-02, -1.92681008e-02,  5.76351650e-02],
       [-4.67236127e-02, -4.02103878e-02, -7.79399547e-02, -7.02847734e-03,  4.17104307e-02],
       [ 1.17241386e-02, -6.26631275e-02, -1.62957208e-02, -5.90489832e-02,  3.23137930e-02],
       [ 4.90586377e-02,  7.85732545e-02,  1.95149283e-02,  2.47665973e-02, -5.95758675e-02],
       [ 4.09024221e-02, -1.25271846e-01, -7.19110417e-02, -1.93182983e-02,  7.87195652e-02],
       [ 5.44967148e-02,  1.28621783e-02, -5.72159633e-03, -4.21161490e-02, -3.29468397e-02],
       [-4.28000854e-02,  1.07971762e-01,  7.07240436e-02, -1.83785501e-02, -6.71818330e-02],
       [-2.42673371e-02, -5.68508684e-02, -1.26799914e-02,  6.42960708e-02,  5.00552540e-02],
       [ 5.72037897e-02,  3.04206496e-02, -1.11127674e-02,  4.46478846e-02,  2.03678396e-02],
       [ 4.51843679e-02,  7.79114456e-02,  1.92412525e-02, -3.02970821e-02, -4.66605700e-02],
       [ 1.48323810e-02, -2.94803392e-02, -7.14330242e-02,  7.01496460e-03,  3.59969042e-02],
       [ 3.58271838e-02,  5.52384217e-03,  4.69095284e-02,  5.44096525e-02,  3.78285196e-03],
       [ 1.63692858e-02, -8.70299594e-02, -2.46713434e-02, -9.41550332e-03,  4.10041867e-02],
       [-5.38351743e-02,  6.21512208e-02,  7.70269008e-02, -3.31641003e-02, -3.78138202e-02],
       [ 3.28972150e-02,  1.01805258e-01,  6.13059365e-02,  9.97434306e-03, -5.91956535e-02],
       [ 6.80714257e-02,  8.93083364e-02, -1.61675839e-02, -2.92428876e-02, -5.88207535e-02],
       [-5.76718300e-02,  2.65313258e-02, -4.67091809e-02,  1.05914190e-02,  8.34592944e-03],
       [-1.24947192e-01,  2.58926518e-02, -6.58643921e-02,  2.39137831e-02,  9.40598640e-03],
       [-9.96495210e-02,  2.25545476e-02, -7.26921241e-02,  4.70406604e-02,  1.31812344e-02],
       [-5.54578128e-02,  2.82596364e-02, -7.90192018e-02,  2.02221719e-02,  2.02098886e-02],
       [ 6.35276098e-02,  1.75911511e-02, -5.60408445e-02,  2.15295826e-02,  2.43490137e-03],
       [-1.12068225e-02,  2.45966314e-02, -5.64194810e-02, -3.37641166e-03,  7.54069071e-03],
       [-8.18886879e-02, -3.28470916e-02,  8.25462312e-02, -2.67487083e-02, -8.97807105e-03],
       [-6.01525302e-02,  4.59695628e-02, -1.19896252e-01,  4.00134079e-02,  1.19799446e-02],
       [-8.72039763e-02, -1.37445747e-02,  3.80884855e-02, -2.24022040e-02, -4.89491318e-03],
       [ 9.10432379e-02, -3.93615061e-02,  1.12427698e-01, -4.76493905e-02, -8.91830905e-03],
       [ 4.03211893e-02,  2.17058394e-02, -6.86593293e-02,  2.99491913e-02,  2.04036275e-03],
       [-8.52333666e-02,  7.18031525e-03, -1.95500684e-02,  1.45738196e-02,  1.30721051e-03],
       [-5.82845620e-02, -2.58941986e-02,  6.58461923e-02, -2.35541925e-02, -6.77349635e-03],
       [-2.84331419e-02,  1.18812857e-02, -4.64654276e-02,  2.13622303e-02,  8.78143009e-04],
       [-5.81636058e-02, -3.20033590e-03,  5.12854046e-03,  5.49305743e-03,  3.96986856e-03],
       [-3.03369712e-02,  2.73898382e-02, -6.99948835e-02,  2.48670251e-02,  1.27250830e-02],
       [ 7.36095098e-02, -1.71954249e-02,  5.72748748e-02, -3.02345547e-02, -2.49560535e-03],
       [-4.09904156e-02, -3.83091746e-02,  1.01814695e-01, -4.49789296e-02, -1.90480650e-03],
       [-1.21951880e-01, -3.18753459e-02,  6.77468768e-02, -4.09883998e-02, -1.81938884e-02],
       [-4.17257009e-02,  4.23468375e-03,  4.58772043e-02, -7.13141957e-02,  4.21755048e-02],
       [-8.18124635e-02,  2.27938149e-02,  4.61746035e-02, -2.95273793e-02,  5.42158865e-02],
       [-3.39431502e-02,  4.69189583e-02,  5.40844227e-02, -1.13684164e-01,  4.01223171e-02],
       [ 1.78612544e-02,  6.95240269e-02, -2.09556623e-02, -6.75941402e-02,  2.47423781e-02],
       [-7.97505000e-03,  2.64427073e-02,  2.13823608e-02, -1.08861787e-01,  1.07905567e-02],
       [-5.95294196e-02, -7.02810476e-02, -3.55515600e-02,  8.69898451e-02, -3.16742495e-02],
       [-3.81258667e-02,  1.01443258e-01,  2.51403308e-02, -1.36785031e-01,  4.32588052e-02],
       [-5.04350755e-02, -8.94827313e-02, -4.81473633e-02,  1.19571461e-02, -3.13640131e-02],
       [ 5.43881056e-02, -1.23983637e-01, -5.72698930e-03,  1.15317864e-01, -5.99439705e-02],
       [ 4.08232954e-02,  9.81765077e-02,  5.77032087e-02, -2.03752053e-02,  5.50873465e-02],
       [-3.34169836e-02,  1.05910333e-01,  1.95034196e-02,  1.29589007e-02,  1.33421783e-02],
       [-3.67973430e-02, -3.58308950e-02, -3.88372992e-02,  4.11743904e-02, -4.47050017e-02],
       [-1.63324698e-03,  9.43034195e-02, -2.81649433e-02, -6.30018241e-02,  2.37403472e-02],
       [-2.25167863e-02,  4.57702432e-03,  5.72535268e-02,  4.42421186e-02,  1.21162089e-02],
       [-1.14690768e-02,  9.89693233e-03,  2.28361633e-02, -7.43758700e-02,  3.00889469e-02],
       [ 2.95843332e-02, -4.85633568e-02,  4.10748585e-02,  3.79462267e-02, -3.88659014e-02],
       [-2.01309311e-02, -8.62695344e-02, -1.46349107e-02,  1.18000720e-01, -4.25103350e-02],
       [-4.05610436e-02, -6.52026868e-02, -7.56619520e-02,  5.89854624e-02, -4.67448034e-02],
       [-1.58743846e-01, -9.24881724e-02,  4.26231279e-02,  5.39613480e-02,  6.12837782e-02],
       [-9.09066888e-02, -8.17454994e-02,  5.17600057e-02, -2.29119466e-02,  6.28507972e-02],
       [ 6.86066248e-02, -6.54363715e-03, -3.39666785e-02, -1.05724483e-02,  5.09216582e-02],
       [-4.00969988e-02, -5.27819352e-02,  3.54850448e-02, -7.78820083e-02,  3.91194850e-02],
       [-1.38179235e-01,  4.16120399e-02, -4.25884309e-02,  2.33751132e-02, -5.77331969e-02],
       [-7.80533320e-02, -7.86316919e-02,  1.73281954e-02, -3.65600737e-02,  1.02773319e-01],
       [-1.04255020e-01, -1.76219837e-02, -4.07410181e-02, -4.35495991e-02, -4.20874420e-02],
       [ 9.68285682e-02,  6.22712038e-02,  1.09597845e-02, -1.89709060e-02, -1.12719931e-01],
       [ 5.78772586e-02, -2.06408758e-02,  3.32500914e-02,  5.55403768e-02,  5.78105100e-02],
       [-7.21231707e-02,  6.50538938e-02,  1.14476532e-02,  4.63323245e-02,  2.63998117e-02],
       [-8.98194499e-02,  5.87037188e-02, -2.85012481e-02, -2.18750422e-02, -5.14680164e-02],
       [ 3.25133783e-04,  7.76942782e-03, -4.65758139e-02,  1.90285856e-03,  5.79308916e-02],
       [-6.64192925e-02, -1.67432340e-03,  5.65264940e-02,  5.87148524e-02, -1.74597050e-03],
       [-2.05458784e-02, -9.50715533e-02,  3.23082712e-02, -1.86098827e-02,  5.75404473e-02],
       [ 1.03148344e-01,  4.62922342e-02,  5.35652395e-02, -4.02328311e-02, -5.40742598e-02],
       [-5.00051499e-02,  6.36375167e-02, -7.98163291e-03,  2.09760946e-02, -8.14682742e-02],
       [-9.72664371e-02,  5.74565815e-02, -7.64544911e-02, -1.91263119e-02, -6.48015860e-02],
       [-7.92551165e-02, -8.85329714e-02,  7.28011444e-02,  3.99594926e-02,  8.80901817e-02],
       [ 1.00818910e-01,  3.37170352e-03, -3.83862868e-02,  4.52161611e-02,  7.03775330e-02],
       [-3.92679493e-02, -5.50680301e-02,  5.10616157e-02, -4.57213421e-02,  6.53061534e-02],
       [-1.37017630e-01,  3.34869492e-02, -5.42841232e-02, -3.11819684e-02, -7.20020283e-02],
       [-6.37802502e-02, -6.29655189e-02,  2.24206020e-02,  6.74284360e-02,  1.40408639e-01],
       [-9.13694851e-02, -2.00854883e-02, -3.37185988e-02, -7.40432639e-02, -3.78335201e-02],
       [ 1.16093447e-01,  4.76561379e-02,  9.02093632e-04, -1.20621919e-01, -1.14014580e-01],
       [ 5.08781675e-02, -2.10638173e-02,  2.79191999e-02,  1.14290083e-01,  6.18427897e-02],
       [-9.54310772e-02,  7.15753298e-02,  6.14800650e-05,  6.86131427e-02,  2.07282797e-02],
       [-9.40687721e-02,  5.14117950e-02, -2.56723660e-02, -6.85558763e-02, -5.84228119e-02],
       [-5.88347929e-03,  1.89194536e-02, -4.71783257e-02,  6.66671224e-02,  6.82576926e-02],
       [-9.03475400e-02,  1.44328277e-03,  4.61283661e-02,  4.91598086e-02, -1.16174871e-02],
       [-3.59942855e-02, -6.80638636e-02,  2.90276345e-02,  3.05707323e-02,  6.25401751e-02],
       [ 1.29417652e-01,  2.57290462e-02,  5.10838158e-02, -8.53629197e-02, -4.88580053e-02],
       [-5.29664464e-02,  5.04198331e-02, -1.26392231e-02, -6.44059775e-02, -1.01682073e-01],
       [-1.20090126e-01,  4.94514915e-02, -7.41166300e-02, -8.03723246e-02, -6.98771441e-02],
       [ 4.85845920e-02,  2.81733079e-02, -4.56149109e-02, -5.13742039e-02,  6.47452593e-02],
       [-3.64530583e-02, -2.91865961e-02,  3.74415454e-02, -1.21335098e-01,  3.83244509e-02],
       [-5.88221692e-02,  4.46913672e-03, -6.27962757e-02,  6.89980680e-02, -7.07412467e-02],
       [-4.18204495e-02, -2.39368773e-02,  3.81478588e-02, -9.77580417e-02,  1.03161744e-01],
       [-3.22128689e-02, -5.29527775e-02, -6.22502561e-02, -3.80811493e-02, -4.65287502e-02],
       [ 6.32492217e-02,  8.23206828e-03, -1.40745518e-02,  4.23403479e-02, -1.05745561e-01],
       [ 3.08858546e-02,  9.70277561e-03,  7.38556274e-02,  5.22897626e-02,  8.38509245e-02],
       [-2.83261152e-02,  1.10957311e-01,  2.84473918e-02,  4.40046050e-02,  3.12256405e-02],
       [-5.76423025e-02,  5.61286852e-02, -5.82305720e-02, -1.09610875e-02, -7.58798776e-02],
       [-1.28331722e-02,  5.07218705e-02, -4.92189408e-02, -3.44559750e-02,  5.77544786e-02],
       [-3.07502208e-02, -7.87569264e-03,  8.26084006e-02,  8.78948454e-02,  8.59295244e-03],
       [-1.80510421e-03, -9.08901337e-02,  4.84054251e-02, -5.60212215e-02,  6.97335691e-02],
       [ 3.43881826e-02,  3.42825318e-02,  5.92861509e-02, -1.67212844e-02, -7.29865463e-02],
       [-4.49338698e-02,  2.22724573e-02, -2.04872958e-02,  9.33558506e-02, -1.05518002e-01],
       [-4.35564944e-02,  3.12825590e-02, -1.22349620e-01,  2.93476556e-03, -7.91172650e-02],
       [ 1.21136486e-02,  1.75872123e-02, -4.11854672e-02, -8.67461212e-02,  2.47136514e-02],
       [ 8.79315653e-02, -6.91983291e-02,  5.13716758e-02,  4.80128821e-02, -5.65225254e-02],
       [ 4.16558353e-02,  7.25534149e-02, -1.11795024e-01, -5.35063595e-02,  6.97168525e-02],
       [ 6.95489359e-02, -7.50113442e-02, -2.77720360e-03, -3.50087618e-02, -4.08464002e-02],
       [-7.89581057e-02, -8.82045412e-02,  1.29408791e-01,  1.77555070e-02, -8.15324232e-02],
       [-4.64996159e-02,  7.01659255e-02, -2.74644321e-02,  5.43499013e-02,  6.51347196e-02],
       [ 4.77655732e-02,  8.89985994e-02,  4.64979705e-03,  4.42466522e-02,  1.59434470e-02],
       [ 5.05634733e-02, -1.56379129e-02,  3.27606932e-02, -1.93509806e-02, -5.71716553e-02],
       [ 4.79847909e-03,  6.34673993e-02, -8.34429781e-02, -1.46328177e-02,  2.84936790e-02],
       [ 3.82088035e-02, -5.15614377e-03,  6.70667955e-02,  6.87103596e-02,  1.45390236e-02],
       [ 2.03136451e-02, -7.02313281e-03, -5.46144757e-02, -2.90198221e-02,  5.17677954e-02],
       [-4.91237416e-02, -1.88760884e-02,  9.29219297e-02, -1.71681376e-02, -3.79075284e-02],
       [ 2.70965545e-02, -7.16242642e-02,  1.20916573e-01,  5.07912517e-02, -6.95240363e-02],
       [ 6.44388120e-02, -5.34464367e-02, -2.56185216e-03, -1.53020181e-02, -8.04964076e-02],
       [-3.10943151e-02, -3.25164450e-04, -2.41644106e-02,  1.08449033e-01, -3.60779260e-02],
       [-2.50805817e-02, -7.01615916e-03,  3.55484135e-03, -1.73241459e-01,  4.78941198e-02],
       [-5.45386996e-02, -5.37935911e-02, -5.21990745e-02,  2.36770096e-02, -3.94993743e-02],
       [ 4.52880012e-02, -1.46707999e-02,  1.56526207e-02,  1.50472370e-01, -6.99425169e-02],
       [ 2.69963081e-02,  2.75727680e-02,  5.70519293e-02, -3.53156696e-02,  6.42689403e-02],
       [-4.73347374e-02,  8.58771590e-02,  2.27789515e-02,  8.34641883e-03,  2.10959293e-02],
       [-7.16006020e-03,  2.17159154e-02, -3.52962269e-02,  4.85060962e-02, -4.61987602e-02],
       [-9.49385729e-03,  4.27532059e-02, -4.67940112e-02, -8.51168945e-02,  2.73065781e-02],
       [-2.56851251e-02,  5.07880651e-03,  7.44518305e-02,  6.38528755e-02,  1.60456701e-02],
       [-2.28899418e-02, -4.80307895e-02,  1.91265839e-02, -8.96071834e-02,  3.22364659e-02],
       [ 2.50408648e-02,  1.76829231e-02,  5.86934735e-02,  6.05814320e-02, -4.38114109e-02],
       [-3.95171010e-03,  7.09726702e-03,  6.18658640e-03,  1.50872339e-01, -4.73866149e-02],
       [-6.50170762e-02,  9.73364229e-03, -9.96328024e-02,  8.38778305e-02, -6.42449445e-02],
       [-8.16716920e-02, -6.15854195e-02, -1.64177032e-02,  1.05851840e-01, -1.12046485e-01],
       [-9.79237393e-02,  8.28134703e-02,  5.83536790e-02,  2.92978952e-02,  4.67352704e-02],
       [ 9.32211947e-02,  6.73439246e-02, -2.37741397e-03, -4.47224891e-02,  1.00253252e-01],
       [ 5.39535710e-02, -6.16463454e-02, -5.92609735e-02, -4.12422866e-02, -7.69512800e-02],
       [-9.72177760e-02, -1.25867651e-01, -2.09708421e-02, -4.22115473e-02, -2.26104462e-02],
       [-9.42588914e-02, -5.12074414e-03,  4.45021779e-02,  2.14367070e-03,  7.19644515e-02],
       [-3.90078319e-02, -9.81247654e-02,  5.45973885e-02,  3.84628401e-02, -5.82563039e-02],
       [-6.29061561e-02,  7.44366297e-03, -7.84941111e-02, -7.58314486e-02, -9.50640711e-03],
       [-2.77178490e-02,  3.97326640e-02, -3.34385683e-02,  5.49098549e-02, -6.77721741e-02],
       [ 7.89146381e-02,  1.21054938e-02, -6.03453682e-02,  1.06452338e-02,  5.42687389e-02],
       [-7.53730280e-02,  4.54807757e-02,  2.21942782e-03, -7.34250465e-02,  8.36137076e-02],
       [-1.21351201e-01,  2.42354998e-02,  1.14640828e-01, -9.03192528e-03,  8.45609347e-02],
       [-5.05257469e-02, -1.08238183e-01, -5.67694692e-02, -5.74949116e-02, -7.40311518e-02],
       [ 6.65896748e-02, -7.05664498e-02,  8.37389988e-02,  4.31932720e-02, -1.37944600e-01],
       [ 2.76325070e-02,  6.45686935e-02,  3.66314580e-02,  8.65496539e-02,  1.07717457e-01],
       [-4.46891070e-02,  1.75751742e-01,  1.24844752e-02,  7.29480344e-02,  3.42589231e-02],
       [-4.49950930e-02,  2.79153449e-02, -1.67566132e-02, -2.79734562e-02, -9.63952247e-02],
       [-4.98364438e-03,  9.99941868e-02, -1.08302335e-01, -2.85947724e-02,  5.61974229e-02],
       [-3.27148122e-02, -7.77856348e-03,  1.11711896e-01,  1.14977417e-01,  2.74255568e-02],
       [-1.65795024e-02, -7.11260574e-02, -5.23762696e-03, -5.87171799e-02,  8.78844897e-02],
       [ 5.48222327e-02, -2.01302519e-03,  1.35366954e-01, -3.25391119e-02, -8.76117781e-02],
       [-2.76468332e-02, -4.43124294e-02,  7.23122197e-02,  1.03860131e-01, -1.26667409e-01],
       [-5.45561632e-02, -1.49107713e-02, -1.01733871e-01, -1.12658992e-02, -1.16116682e-01],
       [ 6.31991639e-02,  8.82729554e-02,  4.19416584e-02,  8.19822567e-02,  5.51097855e-02],
       [ 3.93370000e-02, -4.52290977e-02, -3.17106024e-02, -6.61291201e-02, -3.19251572e-02],
       [-4.20789704e-02, -5.61387796e-02, -8.07574685e-03, -3.00363985e-02, -7.35768189e-03],
       [-7.71839604e-02,  2.85568616e-02,  3.52481573e-02,  5.62483963e-02,  3.99342582e-02],
       [-4.95357531e-03, -6.42820129e-02, -1.09752804e-03, -3.84672251e-02, -3.09291900e-02],
       [-4.01200669e-02,  2.44026223e-02, -2.11222328e-02, -2.62240005e-02,  2.80020629e-03],
       [-5.07993210e-03, -2.83612137e-02, -4.25211013e-02, -3.59992136e-02, -4.60432362e-02],
       [ 6.97964996e-02,  3.41865997e-02, -1.35315178e-02,  7.08655045e-02,  3.35259656e-02],
       [-5.09969324e-02,  9.48186003e-02,  4.31064361e-02,  5.18428472e-02,  6.32714222e-02],
       [-5.89299565e-02,  5.27014573e-02,  6.84122276e-02,  6.23991246e-02,  4.35599893e-02],
       [-3.50172532e-02, -5.60280672e-02, -1.19559815e-02, -1.27412771e-01, -9.46158672e-02],
       [ 7.51631902e-02, -1.48436487e-01, -8.34046463e-03, -8.09177084e-02, -1.89359868e-02],
       [ 8.55784921e-02, -1.73362850e-02, -9.54863448e-03,  6.73897176e-02,  1.05386559e-01],
       [ 1.75084907e-02, -9.80968770e-02,  1.07402290e-01, -3.62459550e-03, -5.47686381e-02],
       [ 4.26031345e-02,  1.64226738e-02, -9.11453790e-02, -1.17606913e-01, -2.24783016e-02],
       [ 1.37415669e-02,  4.88974051e-02,  2.92678450e-02,  1.97343440e-02, -1.02065958e-01],
       [-8.94529284e-02,  3.95763413e-03, -1.21578755e-01,  7.21590364e-02,  6.68189464e-02],
       [ 5.26999214e-02,  6.16610379e-02, -8.97277530e-02, -3.18764979e-02,  1.22517042e-01],
       [ 7.58690179e-02,  2.14225676e-02,  6.99505904e-02,  6.04847349e-02,  1.11363296e-01],
       [ 3.40176749e-02,  8.13072660e-02,  1.08633396e-03,  5.07583295e-02,  1.26221963e-02],
       [ 5.05250144e-02,  3.07194676e-03, -2.31581884e-02, -7.48207487e-02, -5.59570378e-02],
       [ 9.84313008e-03,  7.12838419e-02, -3.20107932e-02,  6.60405948e-02,  5.37724878e-02],
       [ 2.88379218e-02, -2.71147657e-02,  3.74192645e-02,  3.87067585e-02, -5.57862767e-03],
       [ 8.43069788e-03, -1.68033450e-02,  3.89326818e-02,  5.70687946e-02,  7.84769748e-02],
       [-4.92176440e-02, -1.45175462e-02,  5.04317628e-02, -1.09797045e-01, -5.35233743e-02],
       [ 3.37440553e-02, -5.86496202e-02, -2.30861916e-02, -7.87432793e-02, -9.23448435e-02],
       [ 5.03234565e-02, -1.91974717e-02, -6.89707104e-02, -8.53201057e-02, -6.47117241e-02],
       [-6.90761372e-02, -7.16183426e-02, -4.45065109e-03, -5.05201835e-02, -2.07978752e-02],
       [ 3.49009196e-03,  8.89762639e-02, -3.95093204e-03,  4.24991135e-02,  1.10825440e-02],
       [-4.37702732e-02, -2.50355158e-02,  6.99848784e-03,  9.57517806e-03,  1.58888784e-03],
       [ 2.89987103e-03,  7.82082762e-02,  8.25936221e-03,  4.54614652e-02,  2.70998834e-02],
       [ 5.65863627e-02, -6.70365665e-02,  1.41720007e-02, -6.05067858e-02, -1.18265916e-02],
       [-4.28818026e-02, -1.53910946e-01, -5.46981473e-03, -6.62707777e-02, -2.98656426e-02],
       [-4.01864117e-02, -1.01874700e-01, -1.06296905e-02, -5.31173505e-02, -1.94855576e-02],
       [-1.17212546e-02, -2.76810873e-02,  4.03890752e-02, -3.12807239e-02, -5.41594059e-02],
       [-4.35141988e-02,  7.13842546e-04, -4.64337758e-02, -4.91370923e-02,  7.84164773e-03],
       [-2.34325368e-02,  4.79806932e-02, -2.24619392e-02, -1.47482759e-02, -5.17446146e-02],
       [ 5.72969505e-02, -1.89189565e-02, -4.81230796e-02,  5.61100588e-02,  4.79255401e-02],
       [-2.63541235e-02, -2.04452104e-02, -3.02802016e-03,  1.91939251e-02,  1.06860480e-01],
       [-9.94577946e-02, -2.59072625e-02,  6.22132103e-02,  4.80300179e-02,  6.01186491e-02],
       [-1.32159704e-02, -1.13604252e-02,  5.16953726e-02,  6.39436224e-02,  1.61748006e-02],
       [ 6.07501074e-04,  1.42244323e-02, -5.84385402e-02, -1.42057838e-02,  4.88974521e-02],
       [ 2.23467435e-02, -2.72391766e-02,  8.34508721e-02, -3.00433496e-02, -3.22537954e-02],
       [ 1.10135330e-03, -8.88027068e-02,  1.04617558e-01,  2.36944120e-02, -5.41890882e-02],
       [-9.72520634e-04, -6.51242187e-02,  1.11819198e-02, -3.04572217e-02, -6.55746404e-02],
       [-9.74295121e-03,  1.55882767e-02,  6.70414584e-02,  7.27382594e-02,  1.60679291e-03],
       [ 3.28404846e-02,  6.47144799e-03, -4.02005689e-02, -6.39333987e-02, -5.54343564e-03],
       [-3.61953340e-02,  6.50573043e-03, -9.64582496e-02, -9.86414788e-02, -2.49310284e-02],
       [-4.42219414e-02,  1.12780384e-02, -4.32607795e-02, -6.01457568e-02,  8.55876171e-03],
       [ 1.35131526e-02,  3.82486747e-02,  6.81286857e-02, -1.73788455e-02, -5.32090692e-02],
       [-1.88492308e-02,  6.18073647e-02,  1.86371550e-02,  5.94151255e-02, -9.09982031e-02],
       [-1.03526554e-03,  4.70905181e-02, -7.17894626e-02, -5.37480892e-03, -6.60565105e-02],
       [ 5.03238358e-02,  4.51445913e-03, -1.31750836e-01,  3.37021970e-02,  7.45075105e-02],
       [ 7.96829527e-02, -4.44292855e-03, -2.72962670e-02,  7.58460627e-02,  6.68987080e-02],
       [-5.79967219e-02,  1.60355639e-02,  8.27837315e-02,  8.35272572e-03,  1.17465485e-01]])})
2026-01-20 11:01:30,959 - final_problem_set.kxor_instance_n24_k2_m215_ell2_eps0.15_kappa0.875_rho0.4 - INFO - Running key extraction (n=24, m=215, ell=2, phase_qubits=13)
2026-01-20 11:01:30,963 - final_problem_set.kxor_instance_n24_k2_m215_ell2_eps0.15_kappa0.875_rho0.4 - INFO - Built voting matrix V (n=24, ell=2, dtype=complex128) in 0.004s
2026-01-20 11:01:30,964 - final_problem_set.kxor_instance_n24_k2_m215_ell2_eps0.15_kappa0.875_rho0.4 - INFO - Eval: adv=0.4140, hamming=2/24 (0.083), corr=0.833
2026-01-20 11:01:30,964 - final_problem_set.kxor_instance_n24_k2_m215_ell2_eps0.15_kappa0.875_rho0.4 - INFO - Key extraction complete: x_hat=0
2026-01-20 11:01:30,964 - final_problem_set.kxor_instance_n24_k2_m215_ell2_eps0.15_kappa0.875_rho0.4 - INFO - Finished step 'KeyExtractionStep' in 0.005s (success: True, problem=kxor_instance_n24_k2_m215_ell2_eps0.15_kappa0.875_rho0.4)
2026-01-20 11:01:30,964 - final_problem_set.kxor_instance_n24_k2_m215_ell2_eps0.15_kappa0.875_rho0.4 - INFO - SUCCESS: len(z_hat)=24
2026-01-20 11:01:30,964 - final_problem_set.kxor_instance_n24_k2_m215_ell2_eps0.15_kappa0.875_rho0.4 - INFO - Metrics: adv=0.413953488372093, ham_frac=0.08333333333333333, corr=0.8333333333333334
2026-01-20 11:01:30,964 - final_problem_set.kxor_instance_n24_k2_m215_ell2_eps0.15_kappa0.875_rho0.4 - INFO - z_hat (full): [-1, -1, -1,  1,  1,  1,  1,  1,  1,  1,  1, -1,  1, -1, -1,  1,  1, -1,  1,  1,  1, -1, -1, -1]
