2026-01-20 11:01:55,612 - final_problem_set.kxor_instance_n27_k2_m223_ell2_eps0.25_kappa1.0_rho0.6 - INFO - Starting iteration for /Users/julian/CodingProjects/UniT3/QuarticSpeedupK-XOR/z_Daphne/data/final_problem_set/kxor_instance_n27_k2_m223_ell2_eps0.25_kappa1.0_rho0.6.npz
2026-01-20 11:01:55,613 - final_problem_set.kxor_instance_n27_k2_m223_ell2_eps0.25_kappa1.0_rho0.6 - INFO - Loaded instance (n=27, m=223, k=2)
2026-01-20 11:01:55,613 - final_problem_set.kxor_instance_n27_k2_m223_ell2_eps0.25_kappa1.0_rho0.6 - INFO - Starting step 'ComputeKikuchiStep' (version 0.1) on problem kxor_instance_n27_k2_m223_ell2_eps0.25_kappa1.0_rho0.6 (fields={'ell': 2, 'threshold': 0.0})
2026-01-20 11:01:55,654 - final_problem_set.kxor_instance_n27_k2_m223_ell2_eps0.25_kappa1.0_rho0.6 - INFO - Finished step 'ComputeKikuchiStep' in 0.041s (success: True, problem=kxor_instance_n27_k2_m223_ell2_eps0.25_kappa1.0_rho0.6)
2026-01-20 11:01:55,654 - final_problem_set.kxor_instance_n27_k2_m223_ell2_eps0.25_kappa1.0_rho0.6 - INFO - Starting step 'ClassicalEigenvaluesStep' (version 0.1) on problem kxor_instance_n27_k2_m223_ell2_eps0.25_kappa1.0_rho0.6 (fields={'ell': 2, 'threshold': 0.0, 'kikuchi_matrix': <Dictionary Of Keys sparse matrix of dtype 'int64'
	with 8300 stored elements and shape (351, 351)>, 'num_eigenvalues': 5})
2026-01-20 11:01:55,826 - final_problem_set.kxor_instance_n27_k2_m223_ell2_eps0.25_kappa1.0_rho0.6 - INFO - Finished step 'ClassicalEigenvaluesStep' in 0.172s (success: True, problem=kxor_instance_n27_k2_m223_ell2_eps0.25_kappa1.0_rho0.6)
2026-01-20 11:01:55,826 - final_problem_set.kxor_instance_n27_k2_m223_ell2_eps0.25_kappa1.0_rho0.6 - INFO - Starting step 'KeyExtractionStep' (version 0.1) on problem kxor_instance_n27_k2_m223_ell2_eps0.25_kappa1.0_rho0.6 (fields={'ell': 2, 'threshold': 0.0, 'kikuchi_matrix': <Dictionary Of Keys sparse matrix of dtype 'int64'
	with 8300 stored elements and shape (351, 351)>, 'num_eigenvalues': 5, 'eigenvalues': array([-11.53075373, -11.29781471,  12.15348463,  12.72742132,  15.03348167]), 'eigenvectors': array([[-3.85851820e-02, -4.11983823e-02, -1.51854910e-02,  2.82996043e-02,  2.49590746e-02],
       [-1.05389600e-01, -6.05629865e-02, -1.59580853e-02, -7.97344988e-02, -3.98987102e-02],
       [ 6.08510381e-02, -4.11432496e-03, -4.37772150e-02, -7.18103760e-02, -1.87431292e-02],
       [ 8.61192525e-02, -3.05712170e-02, -1.43107732e-02, -8.72874434e-02, -2.92052196e-02],
       [ 1.19883553e-02,  6.30976007e-02,  2.42225855e-03,  7.10758058e-02,  3.07521058e-02],
       [-9.72371672e-02,  2.67766235e-02, -2.59023509e-02, -4.88831478e-02, -2.59728763e-02],
       [ 1.02006943e-01,  4.10652741e-02,  2.62465104e-02,  4.03736248e-02,  2.11004339e-02],
       [-8.27240298e-02, -1.00342250e-01,  2.42985466e-02,  8.59810783e-02,  2.18063750e-02],
       [-6.48527301e-02,  1.71541091e-02,  1.17297295e-02,  3.53258102e-02,  2.11638141e-02],
       [ 7.60415454e-03,  8.85881121e-02,  2.50581085e-02,  6.37958390e-02,  1.52215590e-02],
       [ 7.11960274e-03,  1.13885440e-01,  1.12860448e-02, -2.84201336e-02,  1.71893162e-02],
       [-9.33301957e-02, -4.19865646e-02,  3.69465553e-02,  2.08740499e-02,  3.12217077e-02],
       [-5.99167101e-02,  1.51768340e-02, -2.13242266e-02, -1.38361792e-02, -1.83161405e-02],
       [-1.00933858e-02,  7.05698221e-02, -8.96645374e-03, -3.88698482e-02, -3.08132921e-02],
       [-7.71098256e-02, -3.08995328e-02, -3.63110673e-02, -4.15331523e-02, -1.93085131e-02],
       [-5.20598459e-02,  8.63097765e-02,  2.90200558e-02, -8.09562255e-03, -4.45858513e-03],
       [-9.39427254e-02, -2.22837935e-02, -4.34751288e-04,  6.96823151e-02,  2.11902073e-02],
       [-2.97227914e-02, -6.62838988e-02,  2.20753670e-03, -3.63776244e-02, -1.61606999e-02],
       [ 1.40666080e-03, -3.13564560e-02, -7.52779856e-03, -7.11289161e-02, -1.94119305e-02],
       [-1.18030746e-01, -3.01012581e-02, -3.18335307e-02, -7.51059982e-02, -2.47564876e-02],
       [ 5.34618843e-02,  1.45085266e-03,  3.67795279e-02,  7.33990932e-02,  2.96158937e-02],
       [-2.12850295e-02, -2.23770044e-03, -3.31029989e-02, -3.40550318e-03,  2.65587395e-04],
       [ 1.25561759e-01,  1.08281968e-01, -5.11818414e-02, -4.57303856e-02, -2.74875742e-02],
       [-5.78219362e-02, -1.96447204e-02,  2.39350781e-02,  2.31029916e-02,  3.44397379e-02],
       [-2.02200270e-02, -3.44774026e-02, -1.43705917e-02,  1.39003900e-02,  2.51083387e-02],
       [-3.23631129e-02,  1.00198586e-02, -2.43578523e-02, -8.64788283e-02, -2.32112887e-02],
       [-7.63291453e-02, -4.69939901e-02,  1.07911209e-01,  5.76277822e-02, -6.98840035e-02],
       [ 4.95107447e-02,  1.06312687e-02,  1.05669947e-02, -3.47211654e-03, -5.21231588e-02],
       [ 6.29621927e-02,  1.21222499e-03,  9.84538489e-02,  3.69279705e-02, -6.49319308e-02],
       [-4.23921772e-03,  2.56053378e-02, -9.80459299e-02, -4.27275470e-02,  5.34675839e-02],
       [-6.15474629e-02,  1.33461122e-03,  4.54178159e-02,  4.96066555e-02, -5.04940823e-02],
       [ 7.90379442e-02,  4.07690010e-02, -1.96279839e-02, -5.03500507e-02,  4.55745483e-02],
       [-3.68686857e-02, -4.92842762e-02, -8.07536045e-02,  6.06579904e-03,  6.57323673e-02],
       [-4.45993822e-02,  2.59046368e-03, -4.68469412e-02, -5.28180889e-02,  3.61607145e-02],
       [-3.83528499e-04,  4.92588869e-02, -3.51817455e-02,  7.58878045e-03,  4.84988096e-02],
       [-3.43197966e-03,  5.15857306e-02,  3.35426323e-03, -8.14215121e-02,  1.45160036e-02],
       [-6.95383944e-02, -3.89941909e-02, -2.63959575e-02, -7.89099823e-02,  4.36523634e-02],
       [-4.10500965e-02, -7.76409112e-04,  2.15896748e-02,  5.50279507e-02, -3.00379111e-02],
       [-1.04301891e-02,  3.58986205e-02,  6.67549337e-02,  6.12749337e-02, -4.35471423e-02],
       [-5.45762158e-02, -3.06839113e-02, -7.93228772e-03,  3.74495152e-02, -4.48958219e-02],
       [-4.14382817e-02,  3.25215523e-02,  5.45481977e-02,  3.23893038e-03, -5.22808887e-03],
       [-6.85256650e-02, -2.34956278e-02, -8.19349007e-02, -8.79668931e-03,  3.95571766e-02],
       [-1.37579998e-02, -3.22228052e-02,  5.64561007e-02,  2.28835926e-02, -2.90934449e-02],
       [-1.06211018e-03, -1.91536837e-02,  1.06926394e-01, -6.00765016e-03, -5.06211892e-02],
       [-6.80460717e-02, -3.25778708e-02,  4.71877647e-02,  2.23649353e-02, -4.75602660e-02],
       [ 3.33068553e-02,  6.70460004e-03, -5.00408755e-02, -3.59811030e-02,  5.35737400e-02],
       [-1.92145213e-02, -5.79079257e-03, -4.87024026e-02,  8.45908557e-03, -2.86594313e-03],
       [ 7.20771545e-02,  6.76977430e-02, -9.12764602e-03,  6.77452657e-02, -5.04323105e-02],
       [-4.16690426e-02, -2.16026349e-02, -4.52711238e-02, -8.33762594e-02,  4.62788196e-02],
       [-1.54900221e-02, -1.95351061e-02, -8.39971649e-02, -7.09958537e-02,  3.36096771e-02],
       [-2.96472567e-02,  2.73311437e-04,  9.70676558e-02,  1.33216939e-02, -6.93585073e-02],
       [ 5.05428606e-02, -3.48730028e-02,  6.26010555e-02,  6.91100142e-02,  7.48673981e-02],
       [ 7.98135114e-02, -8.47099713e-02, -6.38952943e-02,  2.36562607e-02,  1.00581949e-01],
       [ 3.88734313e-02,  7.72168620e-02,  8.69301889e-02, -5.27306837e-03, -8.97920114e-02],
       [-1.08524730e-01,  9.07123200e-02,  9.67192305e-04, -1.91220920e-02,  7.23585028e-02],
       [ 9.57667049e-02, -9.85246426e-03, -2.63739562e-02,  3.17482523e-02, -8.95889823e-02],
       [-1.06858275e-01, -7.75129820e-02,  2.69635640e-02, -7.56320441e-02, -8.41858534e-02],
       [-4.86725974e-02,  5.96676112e-02,  4.29936510e-02,  5.80838904e-02, -8.16777893e-02],
       [ 2.46213732e-02,  1.13314061e-01, -9.40906051e-03, -7.71545092e-02, -8.03232736e-02],
       [ 3.09428426e-02,  1.44841742e-01, -7.24915545e-03,  1.46009966e-01, -3.65635671e-02],
       [-1.04012370e-01,  3.02477775e-03, -2.39053413e-02,  7.63219781e-02, -7.36684677e-02],
       [-5.66850363e-02,  5.43697946e-02,  1.12960343e-02, -5.91872846e-02,  5.44580466e-02],
       [-1.01767821e-02,  9.11823693e-02, -5.68668092e-02, -5.57515034e-02,  8.29256331e-02],
       [-1.10889998e-01,  2.35113365e-03,  7.77904499e-02, -5.74105967e-03,  7.33675525e-02],
       [-4.67185103e-02,  1.33835773e-01, -1.16074304e-01, -1.16674381e-02,  1.72938873e-02],
       [-8.44508801e-02,  2.80684475e-02,  8.58968315e-02, -5.32358141e-02, -6.90296249e-02],
       [-5.85762578e-02, -7.90348646e-02, -7.54847560e-02, -1.02690526e-03,  6.11200402e-02],
       [-2.33333725e-02, -5.16059333e-02, -8.74860987e-02,  7.35067468e-02,  7.33993412e-02],
       [-1.19941131e-01,  2.99404478e-02, -1.19277154e-02,  3.69821221e-02,  9.75955546e-02],
       [ 5.73490179e-02, -2.78009937e-02, -4.51682153e-03, -2.53004595e-02, -1.06578488e-01],
       [-7.66361670e-03,  1.52964040e-02,  9.36289773e-02,  3.31827138e-04,  1.38994569e-02],
       [ 1.30773746e-01,  5.03453809e-02,  9.00253581e-02, -4.01186450e-02,  8.58024526e-02],
       [-7.06283193e-02,  3.70432320e-03,  7.02993628e-03,  7.48958262e-02, -7.49283407e-02],
       [-3.39840567e-02, -4.14523855e-02,  8.67180248e-02,  7.30684185e-02, -5.24194311e-02],
       [-3.98018351e-02,  2.74332678e-02, -5.65304644e-02,  7.42917859e-02,  1.15922144e-01],
       [-2.08337366e-02,  7.80203155e-02,  5.95470277e-02,  9.02275194e-02,  7.60952513e-02],
       [-4.41783158e-02, -3.78820786e-02, -3.30191425e-02, -7.74670823e-02, -7.84490044e-02],
       [ 4.04425270e-02, -6.88237339e-02,  7.85252811e-02,  3.76545862e-02,  5.75728265e-02],
       [-4.04302773e-02,  4.39116986e-02, -7.45610703e-02, -2.54779764e-02, -5.19886557e-02],
       [ 9.08865351e-02,  2.42467573e-02, -6.52542305e-02, -9.73268168e-02, -5.23826463e-02],
       [ 9.43380170e-03, -3.76141894e-02, -5.25394825e-02, -1.17224610e-02, -6.19819379e-02],
       [-3.73655865e-02, -5.29530801e-02, -6.66096284e-02, -8.02142685e-02, -4.01140448e-02],
       [-4.52843786e-02, -7.02368333e-02, -3.22877729e-02,  8.18649276e-02, -2.98102896e-02],
       [ 5.26201098e-02, -4.39486982e-02, -8.24569706e-02,  8.70228933e-03, -5.41714919e-02],
       [ 2.54378291e-02, -4.45702917e-02,  5.51558315e-02, -9.32325342e-03,  3.86410773e-02],
       [-1.48984137e-02, -4.95162633e-02,  4.39396680e-02,  1.43802408e-02,  6.70356617e-02],
       [ 5.18393238e-02, -2.97844746e-02,  9.36943860e-02,  3.31517302e-02,  4.10983029e-02],
       [-8.72600027e-03, -8.23203901e-02, -5.53132659e-02,  5.11595857e-03,  1.74039611e-02],
       [ 4.63762049e-02, -4.61577249e-02, -1.74012695e-02, -8.53121312e-02, -5.04741200e-02],
       [ 5.88086492e-02,  3.10455993e-02,  9.28191945e-03,  4.24743966e-02,  4.61494298e-02],
       [ 8.06140500e-03,  2.25056599e-02,  2.28224395e-02,  9.25265099e-02,  4.97791672e-02],
       [ 4.68644435e-02, -4.69266083e-02,  6.96225718e-02,  6.99182578e-02,  5.19953243e-02],
       [-2.85768911e-02,  2.67884859e-02, -8.30253857e-02, -6.50288042e-02, -5.65618969e-02],
       [ 8.36647883e-03, -1.45898805e-02,  6.29071463e-02,  4.73087616e-04, -1.05655921e-03],
       [-1.14192880e-01,  3.42018474e-03,  1.11565928e-01,  2.18194558e-02,  5.24375141e-02],
       [ 3.67079827e-02, -2.56984096e-02, -6.81385514e-02,  4.09995624e-03, -6.22541376e-02],
       [ 3.08885321e-02,  1.43428004e-02,  1.71575081e-03,  1.05346217e-02, -5.40435611e-02],
       [ 1.52240980e-02, -2.55543875e-02,  6.88705505e-02,  1.01947033e-01,  6.46214934e-02],
       [-4.45415276e-02, -5.21788009e-02,  7.90109527e-02, -2.44527894e-02, -8.09793964e-02],
       [ 4.13750507e-02, -8.22925283e-02,  1.17654461e-03, -3.36763105e-03,  7.18183681e-02],
       [-6.62001656e-02,  9.14520460e-02, -3.02082806e-02,  1.25478760e-02, -6.72481261e-02],
       [ 1.10837424e-01, -1.16032902e-02,  2.58068045e-02, -9.00657984e-02, -7.44128749e-02],
       [ 1.88695867e-02, -8.08685363e-02,  2.95606433e-02,  3.61852228e-02, -6.26866125e-02],
       [-4.13920264e-02, -4.47766412e-02, -1.19328713e-02, -9.21378571e-02, -7.19119714e-02],
       [-5.37928139e-02, -6.00945822e-02, -9.77698156e-03,  1.38013687e-01, -4.24015585e-02],
       [ 8.52371451e-02, -9.34048799e-02, -2.39489358e-02,  6.45414370e-02, -7.82847679e-02],
       [ 3.84864919e-02, -7.57707936e-02,  1.13975148e-02, -4.50542590e-02,  5.35726663e-02],
       [-2.01216966e-02, -4.23846536e-02, -5.40996465e-02, -3.49865945e-02,  8.00392058e-02],
       [ 6.63989553e-02, -5.65810638e-02,  7.40881661e-02,  4.06333257e-03,  6.08385151e-02],
       [-2.79414083e-03, -8.77830453e-02, -9.92162527e-02, -9.26081010e-03,  7.46610145e-03],
       [ 6.73348906e-02, -9.02513769e-02,  9.35187498e-02, -7.60278971e-02, -7.15790560e-02],
       [ 7.30034960e-02,  1.29628859e-02, -6.87093814e-02,  1.20438971e-02,  5.45957452e-02],
       [ 1.09002929e-02,  2.00746425e-02, -9.75931656e-02,  1.02259792e-01,  7.67430218e-02],
       [ 6.09138606e-02, -8.39927758e-02, -3.21433907e-03,  5.18701131e-02,  7.99570907e-02],
       [-4.74285348e-02,  6.06067761e-02, -6.00399355e-03, -5.00603977e-02, -1.00879590e-01],
       [ 6.47133742e-03, -2.38910680e-02,  9.81943273e-02, -2.25903914e-03,  5.53125048e-03],
       [-1.28385327e-01,  6.14103546e-02,  9.34873140e-02, -2.36357535e-02,  8.64217318e-02],
       [ 3.76433166e-02, -2.87571445e-02,  1.36003175e-02,  6.49851575e-02, -9.03400293e-02],
       [ 5.31981072e-02, -1.47360867e-02,  8.25857120e-02,  6.31430994e-02, -5.25271289e-02],
       [ 2.57692524e-02, -4.04959622e-02, -4.65459230e-02,  8.88996766e-02,  9.43942324e-02],
       [ 3.09952350e-02,  4.24544464e-02,  2.68793287e-02,  1.37875227e-02, -7.17122446e-02],
       [-5.00397940e-02, -7.64035932e-02,  7.56948414e-03, -1.96866961e-02,  6.23829583e-02],
       [-1.08629712e-02,  5.05629077e-02, -4.54331335e-02,  7.07272116e-02,  7.18035711e-02],
       [ 3.16251470e-02,  2.18203221e-02, -5.64161568e-02, -4.69560174e-02,  6.60188717e-02],
       [ 1.87979729e-02, -2.33026093e-02, -1.22441509e-02,  7.28790383e-02,  6.93170402e-02],
       [ 2.08562891e-02, -1.61574124e-02, -6.60937049e-03, -1.29607313e-01,  3.74646227e-02],
       [ 3.76153315e-02,  7.37482792e-02, -1.91583377e-03, -6.82767903e-02,  7.15493778e-02],
       [ 2.12195198e-02,  2.73215590e-02,  5.39890031e-03,  4.99894723e-02, -4.80819784e-02],
       [ 1.71373682e-02, -7.43671632e-03,  8.11080106e-02,  4.81616722e-02, -7.88524383e-02],
       [ 1.99234753e-02,  5.75714743e-02, -4.86465721e-02, -6.65830988e-05, -6.35103941e-02],
       [ 3.84670622e-02,  9.93058880e-03,  9.11180422e-02,  1.01175628e-02, -6.76488213e-03],
       [ 3.03958168e-02,  5.76673355e-02, -1.03251465e-01,  5.56410668e-02,  6.42360009e-02],
       [-1.80892567e-02,  2.84837626e-02,  7.82049285e-02, -2.15291561e-03, -4.90561034e-02],
       [-2.08151742e-03,  1.41301150e-02,  9.77617037e-02, -6.92948066e-02, -6.36831735e-02],
       [ 3.83127031e-02,  6.88182389e-02,  3.23267360e-02, -3.93156189e-02, -8.31498581e-02],
       [-1.61831521e-02, -2.60615509e-02, -2.27425929e-02,  3.03965347e-02,  9.24170521e-02],
       [ 7.75017069e-03,  1.30679619e-02, -8.46164696e-02, -1.11108374e-03, -6.61249054e-03],
       [ 3.25371352e-03, -7.41452513e-02, -5.81684589e-02,  2.88041694e-02, -7.51146712e-02],
       [ 1.82483967e-02,  4.13426693e-02, -2.74574375e-02, -6.16962704e-02,  6.68744429e-02],
       [ 2.47176655e-03,  1.74100059e-02, -8.66287055e-02, -6.31800080e-02,  4.30522653e-02],
       [ 1.78812105e-02,  2.19692861e-02,  7.03752284e-02, -6.42573389e-02, -8.81315245e-02],
       [ 8.82755772e-02, -8.93660261e-02, -4.61161010e-02,  3.14450242e-02, -5.45855238e-02],
       [-9.15435722e-02,  1.34208088e-02, -2.02116221e-02, -3.47441483e-02, -6.12554094e-02],
       [-1.80646947e-02,  5.52537338e-02, -1.15206654e-03,  4.39735440e-02, -4.91679727e-02],
       [ 3.88510373e-02,  4.13471878e-02, -3.60567422e-02, -3.44700438e-02, -5.06833477e-02],
       [ 5.05094103e-02,  6.19709147e-02, -1.18098474e-02,  9.65862387e-02, -2.00086525e-02],
       [-9.61804853e-02,  8.44056404e-02, -4.63536922e-02,  6.66656039e-02, -5.62642023e-02],
       [-3.97465820e-02,  6.89193132e-02,  2.52541169e-02, -4.52062518e-02,  3.72053311e-02],
       [ 1.59708689e-02,  4.59448313e-02, -7.48135780e-03, -5.42495099e-02,  6.33408154e-02],
       [-7.88274837e-02,  5.98285900e-02,  7.89240123e-02, -1.52194379e-02,  4.81447838e-02],
       [-8.06511563e-03,  8.18473748e-02, -6.90232931e-02, -1.35122924e-02,  1.55718877e-02],
       [-6.14614975e-02,  7.42295672e-02,  2.56002409e-02, -2.44657143e-02, -5.15998549e-02],
       [-6.44632342e-02, -1.20069717e-02, -2.69932012e-02, -1.12626344e-02,  4.32922433e-02],
       [-1.22976405e-02, -2.46190670e-02, -2.92136395e-02,  4.10956162e-02,  6.27287191e-02],
       [-6.14453440e-02,  7.50789122e-02,  4.04924939e-02,  1.20712799e-02,  7.50793010e-02],
       [ 4.83561421e-02, -5.44361110e-02, -4.73856293e-02, -9.52405390e-04, -7.58678462e-02],
       [-1.11023602e-02,  2.35910834e-02,  6.85978686e-02,  2.40004267e-03,  2.51445262e-03],
       [ 1.12426579e-01, -5.91459075e-02,  8.35467831e-02, -3.60214210e-02,  5.58719080e-02],
       [-5.00979026e-02,  3.16660946e-02, -2.03251188e-02,  5.92375340e-02, -5.18680817e-02],
       [-5.34956335e-02,  6.55689534e-03,  4.24020652e-02,  6.23063616e-02, -4.26643632e-02],
       [-3.42463991e-02,  4.61687819e-02,  1.31106904e-02,  3.16566351e-02,  8.47634589e-02],
       [ 1.28885063e-01,  7.45171244e-02,  4.39012545e-02,  2.88896477e-02,  6.85601391e-02],
       [ 3.21614184e-02, -5.80964473e-02,  2.20283362e-02, -4.46928153e-02,  4.32577759e-02],
       [-3.39548383e-02, -1.08160294e-01,  5.60844675e-02,  2.80421218e-02,  5.27469006e-02],
       [-4.41006000e-02, -1.39623457e-01,  1.91862406e-02, -9.44251598e-02,  1.80941071e-02],
       [ 1.04332692e-01, -2.05372709e-02,  4.99007357e-02, -5.76985978e-02,  4.53531382e-02],
       [ 5.54648250e-02, -6.11676765e-02, -3.35336366e-02,  4.59606212e-02, -3.39976130e-02],
       [ 1.79342243e-04, -9.21063241e-02, -1.48217223e-02,  4.87984444e-02, -5.20510764e-02],
       [ 1.23887111e-01, -1.78793949e-02, -6.83435570e-02,  1.63403722e-02, -3.75459959e-02],
       [ 3.22412435e-02, -1.36048445e-01,  4.98581778e-02,  1.17429716e-02, -1.12667593e-02],
       [ 9.42525244e-02, -4.32191020e-02, -6.11899060e-03,  1.82157328e-02,  5.95574181e-02],
       [ 7.53387317e-02,  7.20369809e-02,  7.42176040e-03,  1.48653590e-02, -4.22034404e-02],
       [ 1.86509662e-02,  4.78636903e-02,  3.05902509e-03, -3.13615936e-02, -6.35023007e-02],
       [ 9.43238671e-02, -3.48824165e-02, -6.18423867e-02, -3.71213294e-03, -7.05165550e-02],
       [-6.20714114e-02,  3.70839628e-02,  6.62106473e-02, -8.12545022e-03,  7.21016716e-02],
       [ 1.39561063e-02, -1.78325756e-02, -6.12982111e-02, -1.68888079e-03,  3.68296573e-04],
       [-1.45830736e-01, -3.74292090e-02, -8.81765797e-02,  4.25855106e-02, -5.00321079e-02],
       [ 6.58684357e-02, -9.12087446e-03,  3.25299326e-02, -5.84591390e-02,  4.90119524e-02],
       [ 5.18180444e-02,  3.43059775e-02, -2.12655881e-02, -6.49869823e-02,  4.22778796e-02],
       [ 4.27239070e-02, -3.50575280e-02, -4.27587255e-02, -1.80828286e-02, -8.16941949e-02],
       [-6.53656243e-02,  7.75676827e-03, -1.52719084e-02,  6.11601774e-03,  6.71952994e-02],
       [-4.36056429e-03,  8.74585746e-02,  2.60240394e-02,  1.00165241e-01,  5.23587774e-02],
       [-4.67455519e-03,  1.18618665e-01,  1.38489038e-02, -1.01249573e-01,  4.08362930e-02],
       [-1.17898977e-01, -7.70751808e-02,  3.84709358e-02, -1.56225889e-02,  7.06762734e-02],
       [-6.44100168e-02,  4.57836045e-03, -2.54471744e-02,  1.34673955e-02, -4.79949310e-02],
       [-2.52721748e-02,  5.95372054e-02,  3.65123045e-02, -1.52382531e-02, -8.73569704e-02],
       [-8.74804111e-02, -4.87433723e-02, -7.70936919e-02, -3.48919876e-02, -5.27184115e-02],
       [-7.41199364e-02,  7.50955205e-02,  9.27810832e-02, -1.36135886e-03, -1.26525636e-02],
       [-9.28478425e-02, -4.24627256e-02, -5.89787671e-02,  1.01947706e-01,  5.59134248e-02],
       [-1.73541341e-02, -7.10279609e-02,  4.29366055e-02, -3.37305954e-02, -4.35433864e-02],
       [-4.99994949e-03, -3.84254732e-02,  5.41686030e-02, -1.10460873e-01, -5.46417372e-02],
       [-1.10460471e-01, -4.88758812e-02, -1.50729063e-02, -8.30342053e-02, -6.51792587e-02],
       [ 6.06894552e-02,  1.39091211e-02,  3.11483532e-02,  9.11498670e-02,  8.20472906e-02],
       [-2.12630176e-02, -3.83491549e-03, -8.76396216e-02, -2.05163860e-03, -3.48468885e-03],
       [ 8.99370974e-02,  1.10755338e-01, -1.08585185e-01, -2.96259808e-02, -8.06744855e-02],
       [-7.20427099e-02, -3.91064010e-02,  1.09771997e-02, -9.77066762e-03,  7.46898988e-02],
       [-2.73786519e-02, -5.25232563e-02, -6.20258451e-02, -1.87837366e-02,  5.31283418e-02],
       [-4.55656653e-02,  1.09931243e-03,  1.29498693e-02, -1.21640060e-01, -7.36522903e-02],
       [ 2.89412840e-02,  2.87074181e-02,  1.64070427e-02,  1.22578777e-02,  5.33152814e-02],
       [ 4.04706599e-02,  4.18393269e-02,  1.22648016e-02, -8.79163733e-02,  1.47171583e-02],
       [-4.62173657e-02,  5.66999402e-02,  1.93787725e-02, -8.15932546e-02,  4.91833641e-02],
       [-1.45764219e-02,  3.73935691e-02, -6.79255443e-03,  4.94928620e-02, -3.01006335e-02],
       [ 1.17641718e-02,  3.11493436e-02,  2.59402761e-02,  6.36256391e-02, -4.96130060e-02],
       [-4.94919447e-02,  4.43200119e-02, -5.35555501e-02,  3.72085862e-02, -4.59854704e-02],
       [ 4.12668346e-03,  5.52863099e-02,  5.83882043e-02,  7.61061068e-03, -5.97622144e-03],
       [-3.23937448e-02,  5.63254915e-02, -5.43688765e-02, -1.78087444e-03,  5.32495285e-02],
       [-4.79009580e-02, -9.35798119e-03,  3.91739622e-02,  2.82188868e-02, -3.68103359e-02],
       [-1.20980008e-02, -1.61686707e-02,  6.10495275e-02, -1.30723358e-02, -6.10036695e-02],
       [-2.65821373e-02,  5.61283395e-02, -7.59931069e-03,  1.79314903e-02, -5.62637653e-02],
       [ 2.50660284e-02, -3.50406160e-02,  1.20634565e-02, -3.15625939e-02,  7.06613920e-02],
       [-4.61015012e-03,  1.39401046e-02, -6.43938016e-02, -1.34921994e-03,  1.07844072e-03],
       [ 7.24105884e-02, -4.39555738e-02, -6.26682507e-02,  6.56669331e-02, -5.55111403e-02],
       [-3.14327222e-02,  3.18496964e-02, -4.83386176e-03, -8.56788038e-02,  5.40345284e-02],
       [-3.29304445e-02, -2.64688724e-03, -6.05948745e-02, -7.85326411e-02,  4.02540563e-02],
       [-1.81313056e-02,  3.08434700e-02,  2.70973842e-02,  8.15270588e-03, -7.96632315e-02],
       [ 1.90025502e-02, -4.86017325e-02,  2.61384651e-02, -7.84094052e-02,  3.04412697e-02],
       [ 3.14810903e-02,  1.05997812e-01,  5.68744252e-02, -7.21010222e-03,  5.64464810e-02],
       [ 2.09633788e-02,  3.57374645e-02, -3.35942900e-02,  7.42812922e-03, -3.86139727e-02],
       [ 1.57860293e-02, -1.99471221e-02, -5.71439794e-03, -1.67386392e-02, -5.98989279e-02],
       [ 2.36203182e-02,  7.76937841e-02, -8.35580391e-02, -3.70251539e-02, -4.59788795e-02],
       [ 3.74274506e-02, -5.45112012e-03,  6.39439520e-02,  6.94677551e-04, -1.13196631e-02],
       [ 2.94498917e-02,  8.01918829e-02, -2.05169236e-02,  8.90326959e-02,  4.92921801e-02],
       [-1.33972762e-02,  5.87048005e-02,  1.84345551e-02, -3.74514629e-02, -4.02470938e-02],
       [ 1.20584787e-03,  2.00136669e-02,  1.99674431e-02, -1.05906940e-01, -5.22788468e-02],
       [ 3.62264942e-02,  9.09820876e-02, -4.19546116e-02, -8.16868024e-02, -5.67942712e-02],
       [-1.72567382e-02, -4.32774677e-02,  4.58102565e-02,  6.97942417e-02,  5.82726402e-02],
       [ 6.52341955e-03,  1.42858541e-02, -6.68188269e-02,  7.23706681e-04,  4.65142848e-04],
       [-2.94086750e-03, -1.22088380e-01, -8.82107683e-02, -2.16060296e-02, -5.30240971e-02],
       [ 1.76162820e-02,  5.15369608e-02,  3.58504748e-02, -3.23820928e-03,  6.18502497e-02],
       [-3.36789838e-03,  4.95657049e-02, -3.43909038e-02, -9.89359009e-03,  5.17941828e-02],
       [ 1.50722374e-02,  3.24844260e-02, -2.07197573e-02, -1.04751720e-01, -6.30443899e-02],
       [ 3.26211281e-02,  1.32695216e-01,  1.57930386e-02, -9.17182869e-02,  1.18183144e-02],
       [ 2.44275470e-02,  5.18955321e-02, -6.11620357e-03,  5.90577403e-02, -9.26140085e-03],
       [ 1.97923014e-02, -2.27572317e-02, -1.22583477e-02,  1.04642033e-01, -1.73910622e-02],
       [ 2.78385105e-02,  1.00729522e-01, -2.83004216e-02,  8.52584375e-02, -1.78864354e-02],
       [ 4.71777188e-02,  4.79716445e-03,  1.06200605e-02,  1.90780963e-02, -7.93733754e-03],
       [ 3.83308695e-02,  1.07498496e-01, -6.53445703e-03, -8.48649177e-02,  3.19395246e-02],
       [-2.00328786e-02,  6.78280898e-02,  2.07231393e-04,  7.08884053e-02, -1.81980401e-02],
       [ 3.42163875e-03,  2.05176128e-02,  1.03962779e-02,  8.40943736e-02, -3.82660497e-02],
       [ 5.02042384e-02,  1.19478150e-01, -2.13886563e-02,  1.06303125e-01, -3.18704572e-02],
       [-1.70387196e-02, -5.30978044e-02,  2.35272712e-02, -1.17982638e-01,  3.30319109e-02],
       [ 1.04001128e-02,  2.24892880e-02, -1.84156782e-02,  3.46544995e-03,  1.33715033e-03],
       [-6.11163888e-03, -1.56043821e-01, -2.45470212e-02,  1.06452374e-01, -1.62563646e-02],
       [ 2.36591858e-02,  6.19177484e-02,  1.02413549e-02, -9.81032836e-02,  1.35456596e-02],
       [-4.82377509e-03,  4.56551914e-02, -4.71808903e-03, -8.03526958e-02,  1.44059269e-02],
       [ 1.90265743e-02,  4.07440522e-02, -1.40230107e-02,  1.26266347e-01, -4.69379952e-02],
       [-4.72855610e-02,  4.97218792e-02, -2.69056610e-02,  5.68922343e-02, -2.93089301e-02],
       [ 6.04018604e-03,  8.88836062e-02, -1.28000137e-02,  8.00882863e-02, -5.10515339e-02],
       [-9.71516946e-02,  9.86847010e-03, -7.25229501e-02,  4.17854715e-02, -4.03300868e-02],
       [-3.67437159e-02,  1.29064595e-01,  5.37630982e-02,  1.97424911e-02, -1.45555848e-02],
       [-7.85763733e-02,  2.86249033e-02, -1.37869467e-02, -2.19966077e-02,  6.19970552e-02],
       [-6.26270784e-02, -7.24853423e-02,  1.17606019e-02,  4.24383631e-02, -4.26974501e-02],
       [-1.42371086e-02, -4.49620128e-02,  9.33090252e-03,  7.23598894e-03, -6.42694151e-02],
       [-1.03411663e-01,  3.10184512e-02, -4.34730237e-02,  3.97734868e-02, -5.99789534e-02],
       [ 4.64304334e-02, -2.76219983e-02,  5.32114982e-02, -5.13442758e-02,  6.41423694e-02],
       [-2.28008395e-02,  1.65381007e-02, -5.88386162e-02,  2.27967005e-03, -1.81022134e-04],
       [ 1.48626037e-01,  4.79156522e-02, -9.60848075e-02,  8.30178616e-02, -5.22382174e-02],
       [-9.21216403e-02,  1.24538130e-02,  2.89084579e-02, -8.45838243e-02,  4.51823442e-02],
       [-3.81562763e-02, -3.62210988e-02, -2.60582835e-02, -8.66073368e-02,  4.02652096e-02],
       [-4.34894063e-02,  3.30021773e-02, -3.48229543e-02,  3.43194750e-02, -8.59426346e-02],
       [ 6.32801286e-03,  3.80050956e-02,  4.76762824e-03, -6.55582118e-02,  3.93496680e-02],
       [-5.44386742e-02,  4.15335803e-02,  5.13032993e-02, -3.27673343e-02,  3.16348253e-02],
       [-1.28914269e-02,  6.01810220e-02, -3.83544772e-02, -1.62304676e-02,  1.03073904e-02],
       [-4.17333946e-02,  5.78102445e-02,  8.11600334e-03,  1.93350233e-02, -3.91934036e-02],
       [-3.66521769e-02, -1.15850890e-02, -1.12205762e-02, -2.82319714e-02,  2.77353019e-02],
       [-1.34091452e-02, -1.50672289e-02, -8.40081266e-04, -1.55524074e-02,  3.93272062e-02],
       [-5.36199900e-02,  6.30685471e-02,  2.73110827e-02, -2.92610401e-02,  4.40124288e-02],
       [ 2.47330790e-02, -3.39175026e-02, -3.65136127e-02,  3.88873589e-02, -4.64837648e-02],
       [-7.40718795e-03,  1.73174848e-02,  3.68931530e-02,  1.30685873e-03,  4.04681995e-04],
       [ 6.69025686e-02, -4.20821799e-02,  4.93506492e-02, -4.84021151e-02,  3.36083739e-02],
       [-4.23382420e-02,  3.06901787e-02, -1.97337322e-02,  6.84804506e-02, -3.57081240e-02],
       [-2.23172457e-02, -6.09167487e-03,  1.60007389e-02,  5.22654828e-02, -2.48674885e-02],
       [-2.12302895e-02,  3.10433323e-02,  2.17280829e-02, -2.75777060e-02,  5.67441672e-02],
       [ 4.34908906e-03,  6.35432237e-02,  5.16086784e-02, -3.68521215e-02,  5.59444247e-02],
       [ 2.54234639e-02,  1.34444397e-02, -8.06338208e-02, -1.19900374e-02,  1.04583227e-02],
       [ 1.94181606e-03,  7.21538151e-02,  7.53048661e-02, -1.43426118e-03, -6.33599296e-02],
       [-2.25756756e-02,  3.83881171e-02, -5.80153187e-02, -2.96295366e-02,  4.84546898e-02],
       [ 4.07326880e-04,  8.02409607e-03, -7.30526619e-02,  1.59464418e-02,  6.40456170e-02],
       [ 1.01086924e-02,  7.78201550e-02, -8.31698029e-03, -1.65585677e-02,  7.76614442e-02],
       [-1.78765610e-03, -4.09241840e-02,  1.10517386e-03,  3.42667591e-02, -8.38442773e-02],
       [ 5.09704278e-04,  1.40349380e-02,  6.94750735e-02, -7.11811697e-03,  8.31981361e-03],
       [ 2.06141711e-02, -1.01349173e-01,  6.39737796e-02, -7.71530854e-02,  6.80738536e-02],
       [ 3.29353799e-03,  4.21424228e-02,  1.36143502e-02,  8.46744185e-02, -5.54865746e-02],
       [-1.32478152e-02,  3.26274039e-02,  7.73292707e-02,  8.68410151e-02, -4.58588712e-02],
       [ 2.06539375e-03,  2.84147035e-02, -5.14730721e-02, -4.06112110e-03,  9.68967260e-02],
       [-3.02129868e-02,  9.10634308e-02, -3.33285563e-02, -1.06490126e-02,  1.48675787e-02],
       [-8.95564759e-02,  2.64762176e-02, -3.15585864e-02, -3.14250375e-02, -5.26940565e-02],
       [-5.08185176e-02, -5.23283087e-02,  1.84715593e-02, -4.71543585e-03,  3.76153004e-02],
       [-1.00812916e-03, -3.36043880e-02,  3.69329826e-02,  5.06041526e-02,  6.18509501e-02],
       [-1.06139449e-01,  2.48007793e-02,  8.89141135e-02,  1.46020921e-02,  5.56587682e-02],
       [ 5.40430476e-02, -2.25766585e-02, -1.01803541e-01, -1.06544878e-02, -6.26295031e-02],
       [-1.55376544e-02,  1.10929453e-02,  5.40680039e-02,  3.44972827e-05, -2.34021388e-03],
       [ 1.24814468e-01,  3.14666894e-02,  1.07047243e-01, -2.50635943e-02,  4.25984168e-02],
       [-5.58039739e-02,  2.43509113e-03, -6.14007528e-02,  4.08462969e-02, -4.53337444e-02],
       [-3.92813247e-02, -2.54170735e-02, -9.78317140e-03,  4.70194691e-02, -4.02845258e-02],
       [-3.74246166e-02,  2.43186911e-02,  8.98946948e-02,  3.62088518e-02,  7.20080982e-02],
       [-2.91360858e-02,  1.11225399e-01,  8.67538403e-02, -4.49049698e-03, -9.89054765e-03],
       [-5.53280671e-02,  3.09578463e-02, -5.04897607e-02, -4.27980602e-03,  5.35063046e-03],
       [-5.19988791e-03,  4.05531656e-03, -1.00470651e-01,  6.96364273e-03,  1.04930868e-02],
       [-2.40579466e-02,  1.22805632e-01, -7.41611649e-02, -4.19082954e-04,  1.30213903e-02],
       [ 2.02919408e-02, -5.52726011e-02,  8.08852284e-02,  1.82034215e-03, -2.23227210e-02],
       [-3.51680751e-03,  2.61423148e-02,  2.00598287e-02, -2.43823159e-03,  3.24914769e-03],
       [ 9.25035606e-02, -1.23479408e-01, -3.49400491e-02, -2.12118025e-02,  2.01511653e-02],
       [-2.07519169e-02,  6.28123892e-02,  6.61112641e-02,  2.01046647e-02, -1.43465498e-02],
       [-3.30387284e-02,  3.01260599e-02,  6.52282204e-02,  1.68733163e-02, -7.37099982e-03],
       [-8.49421089e-03,  5.20303817e-02, -1.11781154e-01,  7.30396535e-04,  1.53045499e-02],
       [-4.85680005e-02, -4.91399077e-02,  5.86876024e-02, -2.25400198e-02, -3.35845310e-02],
       [-1.28510126e-02, -4.14981766e-02,  8.73618967e-02, -8.07947460e-02, -4.25282592e-02],
       [-8.04883373e-02,  4.43740659e-02,  3.23082709e-02, -5.93930732e-02, -5.28878664e-02],
       [ 3.85526278e-02, -3.14175166e-02, -2.68864499e-02,  5.39997748e-02,  5.85876271e-02],
       [-1.48495647e-02,  1.96937004e-02, -6.87473547e-02, -1.04438558e-04, -4.21321007e-03],
       [ 1.04887726e-01,  6.27938316e-03, -4.03707878e-02, -1.27751203e-02, -6.89623934e-02],
       [-7.80546274e-02,  2.32838983e-02, -2.96965730e-02, -1.69247017e-02,  5.42306815e-02],
       [-3.49569048e-02, -2.42156452e-02, -8.95239890e-02, -2.34616251e-02,  4.08935251e-02],
       [-3.06688261e-02,  3.00033999e-02,  7.42172036e-02, -9.11428000e-02, -6.18069564e-02],
       [-3.01980529e-03, -2.68311891e-02, -7.77688008e-02,  4.04190513e-02,  4.33975440e-02],
       [-8.17186399e-02, -5.82333607e-02, -2.75263256e-02,  1.40010179e-02,  3.98114148e-02],
       [ 2.72831658e-02,  1.94213938e-02,  2.66229221e-02, -1.29909381e-02, -5.17069967e-02],
       [-1.33028835e-02, -9.91087986e-03,  4.84419607e-02, -2.43922666e-03,  8.48687592e-04],
       [ 3.43891354e-02,  9.09931004e-02,  1.66861656e-02, -1.75642234e-02,  4.25816958e-02],
       [-4.24344241e-02, -3.61773389e-02,  2.83141680e-02,  4.27536094e-02, -4.43774665e-02],
       [-9.88126778e-04, -2.86265645e-02,  5.88508376e-02,  3.40791315e-02, -2.89267273e-02],
       [-2.49476456e-02, -1.19012181e-02, -6.24092661e-02,  3.57828050e-02,  5.67494462e-02],
       [-1.48070975e-02, -4.40468996e-02, -4.20814537e-02,  9.09839798e-02,  6.56573543e-02],
       [ 1.11091327e-02,  1.95256098e-02,  2.84493230e-02, -7.63662602e-02, -6.63511112e-02],
       [-6.71361734e-03, -9.75616781e-03,  6.88089300e-02,  9.85040524e-03,  9.89006320e-03],
       [ 2.99141831e-02,  7.34902919e-02,  4.72888222e-02,  3.30684942e-02,  7.86400620e-02],
       [-6.19227884e-03, -2.24567062e-02,  3.53828768e-02,  5.40502608e-03, -6.65711329e-02],
       [-3.26112983e-03, -1.71736316e-02,  9.62470617e-02,  1.52196699e-02, -4.51848284e-02],
       [-2.98332149e-03, -1.04616317e-02, -7.70538995e-02,  1.13451459e-01,  6.58148302e-02],
       [ 6.79842454e-02, -4.44993073e-02, -3.65602972e-02, -4.07835143e-02, -6.65174641e-02],
       [-2.22183001e-02,  2.29952826e-02,  7.58542562e-02, -6.56428641e-03, -5.94512375e-03],
       [ 1.38794125e-01,  1.47898104e-02,  9.40353889e-02, -8.36423230e-03,  6.37239646e-02],
       [-7.39324373e-02,  1.45460706e-02, -2.70283043e-02,  4.18777141e-02, -7.42197184e-02],
       [-6.76905551e-02, -2.27872450e-02,  5.31222318e-02,  4.44953991e-02, -5.94315265e-02],
       [-5.31111514e-02,  4.15416115e-02,  5.49802300e-03,  7.88446633e-02,  7.63467907e-02],
       [ 1.24669357e-02, -1.47201043e-02, -7.72714565e-02,  4.34990198e-03,  4.92226807e-03],
       [-6.66286081e-02,  1.55243143e-02, -1.04489420e-01,  1.91535332e-02, -6.79621766e-02],
       [ 4.69092815e-02, -2.05115996e-02,  3.78293811e-02, -5.32473074e-02,  7.67123166e-02],
       [ 1.39337534e-02,  9.76214665e-03, -4.47066491e-02, -4.95513465e-02,  5.45343363e-02],
       [ 2.25036401e-02, -2.50864913e-02, -1.96620030e-02, -7.18226844e-02, -8.58823168e-02],
       [ 1.50789501e-02, -1.53527442e-02,  5.14254474e-02,  2.39427617e-03, -6.55135467e-03],
       [-4.00150689e-03,  6.17136156e-03, -6.39034139e-02, -3.78044254e-03, -1.13985687e-03],
       [-1.06544529e-02, -5.92460942e-03, -4.44892597e-02,  6.72158182e-03, -6.35578282e-03],
       [-5.32267081e-03,  7.58660396e-03,  1.01857294e-01, -8.27712472e-04,  2.79108366e-03],
       [ 9.59741054e-02,  2.30300535e-02, -8.27028926e-02,  8.42952315e-02, -5.93025844e-02],
       [ 4.41596723e-02,  6.00755462e-02, -1.20382339e-02,  7.57689343e-02, -4.90487627e-02],
       [ 6.54706055e-02, -1.27055212e-02,  1.06490623e-01,  1.13855513e-02,  9.19651176e-02],
       [-3.76345625e-02, -1.33313798e-02, -4.17459685e-02, -7.99233241e-02,  3.66531676e-02],
       [-2.79663747e-02,  1.60856390e-02, -3.50950728e-03,  3.00855750e-02, -9.15997318e-02],
       [-1.28690317e-02, -2.02046978e-03,  7.92825453e-02,  3.96335254e-02, -5.89380801e-02]])})
2026-01-20 11:01:55,829 - final_problem_set.kxor_instance_n27_k2_m223_ell2_eps0.25_kappa1.0_rho0.6 - INFO - Running key extraction (n=27, m=223, ell=2, phase_qubits=13)
2026-01-20 11:01:55,835 - final_problem_set.kxor_instance_n27_k2_m223_ell2_eps0.25_kappa1.0_rho0.6 - INFO - Built voting matrix V (n=27, ell=2, dtype=complex128) in 0.006s
2026-01-20 11:01:55,836 - final_problem_set.kxor_instance_n27_k2_m223_ell2_eps0.25_kappa1.0_rho0.6 - INFO - Eval: adv=0.5426, hamming=0/27 (0.000), corr=1.000
2026-01-20 11:01:55,836 - final_problem_set.kxor_instance_n27_k2_m223_ell2_eps0.25_kappa1.0_rho0.6 - INFO - Key extraction complete: x_hat=2
2026-01-20 11:01:55,836 - final_problem_set.kxor_instance_n27_k2_m223_ell2_eps0.25_kappa1.0_rho0.6 - INFO - Finished step 'KeyExtractionStep' in 0.007s (success: True, problem=kxor_instance_n27_k2_m223_ell2_eps0.25_kappa1.0_rho0.6)
2026-01-20 11:01:55,836 - final_problem_set.kxor_instance_n27_k2_m223_ell2_eps0.25_kappa1.0_rho0.6 - INFO - SUCCESS: len(z_hat)=27
2026-01-20 11:01:55,836 - final_problem_set.kxor_instance_n27_k2_m223_ell2_eps0.25_kappa1.0_rho0.6 - INFO - Metrics: adv=0.5426008968609866, ham_frac=0.0, corr=1.0
2026-01-20 11:01:55,836 - final_problem_set.kxor_instance_n27_k2_m223_ell2_eps0.25_kappa1.0_rho0.6 - INFO - z_hat (full): [-1, -1,  1,  1,  1, -1,  1, -1, -1, -1, -1, -1, -1,  1,  1,  1,  1, -1,  1,  1,  1, -1,  1,  1, -1, -1,  1]
