2026-01-20 11:00:31,673 - final_problem_set.kxor_instance_n14_k2_m144_ell2_eps0.25_kappa0.75_rho0.2 - INFO - Starting iteration for /Users/julian/CodingProjects/UniT3/QuarticSpeedupK-XOR/z_Daphne/data/final_problem_set/kxor_instance_n14_k2_m144_ell2_eps0.25_kappa0.75_rho0.2.npz
2026-01-20 11:00:31,674 - final_problem_set.kxor_instance_n14_k2_m144_ell2_eps0.25_kappa0.75_rho0.2 - INFO - Loaded instance (n=14, m=144, k=2)
2026-01-20 11:00:31,674 - final_problem_set.kxor_instance_n14_k2_m144_ell2_eps0.25_kappa0.75_rho0.2 - INFO - Starting step 'ComputeKikuchiStep' (version 0.1) on problem kxor_instance_n14_k2_m144_ell2_eps0.25_kappa0.75_rho0.2 (fields={'ell': 2, 'threshold': 0.0})
2026-01-20 11:00:31,685 - final_problem_set.kxor_instance_n14_k2_m144_ell2_eps0.25_kappa0.75_rho0.2 - INFO - Finished step 'ComputeKikuchiStep' in 0.011s (success: True, problem=kxor_instance_n14_k2_m144_ell2_eps0.25_kappa0.75_rho0.2)
2026-01-20 11:00:31,685 - final_problem_set.kxor_instance_n14_k2_m144_ell2_eps0.25_kappa0.75_rho0.2 - INFO - Starting step 'ClassicalEigenvaluesStep' (version 0.1) on problem kxor_instance_n14_k2_m144_ell2_eps0.25_kappa0.75_rho0.2 (fields={'ell': 2, 'threshold': 0.0, 'kikuchi_matrix': <Dictionary Of Keys sparse matrix of dtype 'int64'
	with 1680 stored elements and shape (91, 91)>, 'num_eigenvalues': 5})
2026-01-20 11:00:31,713 - final_problem_set.kxor_instance_n14_k2_m144_ell2_eps0.25_kappa0.75_rho0.2 - INFO - Finished step 'ClassicalEigenvaluesStep' in 0.028s (success: True, problem=kxor_instance_n14_k2_m144_ell2_eps0.25_kappa0.75_rho0.2)
2026-01-20 11:00:31,713 - final_problem_set.kxor_instance_n14_k2_m144_ell2_eps0.25_kappa0.75_rho0.2 - INFO - Starting step 'KeyExtractionStep' (version 0.1) on problem kxor_instance_n14_k2_m144_ell2_eps0.25_kappa0.75_rho0.2 (fields={'ell': 2, 'threshold': 0.0, 'kikuchi_matrix': <Dictionary Of Keys sparse matrix of dtype 'int64'
	with 1680 stored elements and shape (91, 91)>, 'num_eigenvalues': 5, 'eigenvalues': array([-8.85709032, -8.48547278, -8.02520741,  8.83533221, 10.08996751]), 'eigenvectors': array([[-1.73713419e-01, -5.47051341e-02, -4.03661526e-02, -7.92759012e-02,  6.99458972e-02],
       [ 4.22856746e-02,  2.38249327e-02,  4.68947297e-02,  1.34215283e-02,  1.20051962e-01],
       [-5.47659460e-02, -5.57545778e-02,  1.90011970e-03,  1.33831597e-01, -1.61178762e-02],
       [-1.53438668e-01, -4.45901153e-02,  1.55762699e-02,  4.35345354e-02, -8.27641630e-02],
       [-3.40341183e-02,  2.23699389e-02, -1.16074706e-01,  1.33756647e-01, -8.98127170e-02],
       [ 6.09071878e-03,  2.09355802e-02,  8.69333220e-02,  1.15063946e-01, -1.18167044e-01],
       [-1.41403050e-01, -5.07892264e-03, -2.03944625e-04,  3.41845314e-02,  5.02176525e-02],
       [ 1.36199826e-01,  5.77095430e-02,  2.61678523e-02,  6.36572116e-02,  5.54017780e-02],
       [-1.84876922e-01, -1.79438863e-02, -3.32988405e-02, -1.22136482e-01,  1.35451123e-01],
       [-3.17968012e-02, -3.34328345e-02,  7.39083856e-02, -1.24026815e-01,  1.17134164e-01],
       [ 1.28228073e-01,  4.57365425e-03, -8.12034949e-02, -7.70531994e-02,  9.07930286e-02],
       [-2.36997835e-02, -2.08558989e-02,  2.61283580e-03,  1.35038898e-01, -1.00602667e-01],
       [ 8.71505320e-02,  2.15447502e-02,  1.53822122e-02, -1.23885764e-01,  5.40216782e-02],
       [-1.36466249e-01, -1.25694815e-01, -1.31216262e-01,  1.38870454e-02,  9.32676440e-02],
       [ 1.74327248e-01,  1.04228350e-01,  2.62357193e-02,  9.34808591e-02, -1.53828135e-02],
       [ 1.69238860e-01, -1.89143401e-01,  1.65121216e-03,  9.30094080e-03, -9.30815411e-02],
       [-6.70929362e-02, -1.75112033e-01,  2.11405514e-01,  7.53209265e-02, -1.22125802e-01],
       [-9.54046104e-02, -4.64459224e-02, -2.72665377e-01,  5.40777667e-02, -1.69132811e-01],
       [ 9.14780951e-02, -2.66840550e-01, -1.07280393e-02,  5.47105592e-02,  6.82766059e-02],
       [-2.20103901e-01,  1.81233797e-01, -9.73562456e-02,  6.21324017e-02,  3.64875127e-02],
       [ 1.37155889e-01, -2.47216362e-01,  6.34618192e-02, -6.99864591e-02,  1.70474239e-01],
       [ 1.96946316e-01,  1.02960689e-01, -1.49484872e-01, -7.40234170e-02,  1.21926699e-01],
       [-6.94474493e-02,  2.11020065e-01,  1.91581338e-01, -3.98293917e-02,  7.91098077e-02],
       [ 1.35080828e-01,  2.74815337e-02,  3.97566122e-02,  8.01133794e-02, -1.51096723e-01],
       [-8.43047915e-02,  4.08575546e-02, -3.22643742e-02, -8.49683985e-02,  8.24957494e-02],
       [-3.26039204e-02, -2.79784227e-02, -3.96333870e-02,  7.71464217e-02, -5.31432855e-02],
       [-1.53461850e-01, -5.34807635e-02, -9.34244778e-02, -1.24193599e-01, -7.98981928e-02],
       [-3.90231326e-02, -4.79296052e-02, -9.52680969e-02, -9.96651034e-02, -1.45938324e-01],
       [ 1.24832992e-02,  2.07941954e-02,  6.08441939e-02, -1.91544739e-01, -1.41195873e-01],
       [-1.38761244e-01, -4.11827756e-02, -1.00851075e-01,  1.57738413e-01,  4.66790727e-02],
       [ 1.62695611e-01,  7.14809595e-02,  1.57584523e-01,  1.15299737e-01,  1.23924167e-02],
       [-1.45283071e-01, -1.01030558e-01, -1.29492722e-01,  1.63943469e-01,  1.20010656e-01],
       [-2.05324741e-02,  2.04962491e-02,  2.50843532e-02,  1.31909802e-01,  1.27075214e-01],
       [ 1.05967021e-01,  2.59278292e-02,  2.21826470e-03,  7.41066559e-02,  8.12232268e-02],
       [-3.30714573e-02,  6.76264338e-03, -3.92328903e-02, -1.46304063e-01, -1.31071664e-01],
       [ 3.91542345e-02,  4.48217481e-02,  2.37365318e-02,  3.65930152e-02,  1.16718119e-01],
       [ 1.36827616e-01,  8.38256967e-02, -1.08726919e-02, -1.00990356e-01,  5.10671435e-02],
       [ 4.38669314e-02,  8.64855398e-04,  1.05673242e-01, -1.52125311e-01,  3.21921520e-02],
       [-4.68397778e-05, -4.41265415e-02, -8.94646771e-02, -2.02893071e-01,  7.23301236e-02],
       [ 1.57796638e-01,  1.77444842e-02, -1.60916333e-02,  2.77785456e-02, -2.73120474e-02],
       [-1.37343898e-01, -9.26821579e-02, -2.33408786e-02,  1.53443734e-02, -2.31313564e-02],
       [ 1.87874735e-01,  6.07461554e-02,  2.11550606e-02,  1.97329181e-01, -5.81292064e-02],
       [ 2.20001646e-02,  1.89492060e-02, -6.90581413e-02,  1.89535637e-01, -3.48509590e-02],
       [-1.36629695e-01, -2.59827012e-02,  9.77726121e-02,  9.32704748e-02, -1.38027614e-02],
       [ 2.17571090e-02,  1.44297663e-02,  1.38033204e-03, -1.76866035e-01,  4.05983869e-02],
       [-7.11573573e-02, -4.09757915e-02, -8.06105606e-03,  1.55061234e-01, -2.48971898e-02],
       [-2.25699681e-02, -2.03884274e-01,  1.68653897e-01,  1.43948324e-02,  9.19685602e-02],
       [-6.13492704e-02, -2.70522636e-02, -2.02136669e-01,  8.96182445e-02,  1.10317506e-01],
       [ 8.48580636e-02, -1.84352423e-01, -7.80612628e-02, -1.04186746e-01, -3.03251656e-02],
       [-1.68709666e-01,  1.16625876e-01,  2.76510043e-02, -1.37619628e-01, -4.45703815e-02],
       [ 1.41449146e-01, -1.95255343e-01, -3.07574224e-02, -8.48437331e-02, -1.15624588e-01],
       [ 1.39902581e-01,  1.25742914e-01, -1.52748219e-01, -6.25644148e-02, -1.55475842e-01],
       [-7.46785100e-02,  1.32942458e-01,  1.87635098e-01, -4.81968593e-02, -1.07978105e-01],
       [ 7.57011993e-02,  6.31142159e-02, -2.01313716e-02,  5.12750901e-02,  1.08259005e-01],
       [-1.05170217e-01,  5.87309667e-02, -1.40590984e-02,  2.47060752e-02, -8.73791282e-02],
       [-4.56024957e-02, -1.78414020e-02, -1.06833024e-01, -3.52296369e-02,  1.77729499e-01],
       [-6.60633688e-02, -1.62807355e-01,  1.40117786e-01, -1.06386533e-01, -4.18217977e-02],
       [ 2.64294763e-02,  1.52651307e-01, -2.15357749e-01, -1.22643524e-01, -9.06320639e-02],
       [-7.26867650e-02, -1.69973415e-01,  1.89661345e-01,  3.81438159e-02, -1.68509163e-01],
       [ 5.09959987e-02,  1.00318805e-02,  5.74377042e-04,  8.78733483e-02, -2.31583090e-01],
       [ 6.31344258e-02,  1.97631740e-01, -2.54200941e-02,  1.62332844e-02, -1.04711579e-01],
       [ 2.56913695e-02,  1.23209510e-02,  7.49777422e-02, -6.51770075e-02,  1.22164264e-01],
       [ 8.98938002e-03,  6.49749594e-02, -6.00863876e-02,  1.49671444e-01, -1.19815885e-01],
       [-8.43838208e-02,  1.84978281e-02, -1.91852814e-01, -1.67491090e-01, -5.61225572e-02],
       [ 5.01688643e-02,  5.07230243e-02,  2.42006947e-01, -1.89833185e-01, -5.00710925e-02],
       [-1.07660223e-01, -4.59433124e-03, -2.58506222e-01, -8.06760851e-02, -1.87538295e-01],
       [ 1.22522761e-02, -7.71757784e-03,  1.46891203e-02, -3.36071835e-02, -2.08511784e-01],
       [ 7.07741338e-02, -2.79564356e-02,  7.33890496e-02, -3.42980078e-02, -1.84504690e-01],
       [ 6.48234247e-04,  3.25210210e-03, -4.50845645e-02,  2.74251658e-02,  1.56220430e-01],
       [ 3.67597123e-02,  1.53170259e-02,  6.42759233e-02,  8.54873743e-02, -1.13529632e-01],
       [-1.17401749e-01,  1.79444878e-01,  2.67438050e-02,  8.51685736e-02,  3.01236997e-02],
       [ 5.25987644e-02, -2.34194883e-01, -4.12053840e-02,  1.89136377e-01,  8.04605635e-02],
       [ 1.48407553e-01,  1.01736445e-01, -1.27333124e-01,  1.47375585e-01,  9.20084198e-02],
       [-1.67740326e-02,  1.77824263e-01,  1.81380052e-01,  8.88067246e-02,  4.58860709e-02],
       [ 7.50500662e-02,  7.94729576e-02,  4.24710263e-03, -1.26107112e-01, -4.09490732e-02],
       [-8.02598572e-02,  1.22380355e-01, -2.24397302e-03,  5.06351813e-02,  6.32630500e-02],
       [-1.88068104e-01,  1.87960189e-01, -5.07233756e-02,  1.73487249e-01,  4.36350716e-02],
       [-1.19993882e-01, -1.24271885e-01,  1.64229964e-01,  1.59135113e-01,  3.10279168e-02],
       [ 1.30722785e-01, -1.83771360e-01, -2.06516477e-01,  8.29546805e-02,  4.11607623e-02],
       [-4.96155607e-02, -8.21187856e-02, -2.64441126e-03, -1.57074789e-01, -6.93508602e-02],
       [ 1.34591326e-01, -6.46972987e-02,  4.33421857e-02,  9.07235338e-02,  4.15055517e-02],
       [ 1.85785782e-01,  9.51901991e-02, -1.49115144e-01,  9.92994090e-03,  1.82930466e-01],
       [-4.40699073e-02,  1.99866209e-01,  1.95243218e-01,  8.11580765e-03,  1.21020318e-01],
       [ 9.90561825e-02,  7.40846021e-02,  1.39561496e-02, -2.16308926e-02, -1.37523519e-01],
       [-8.14338637e-02,  6.05058093e-02, -2.88496087e-02, -9.39717346e-02,  1.12305339e-01],
       [-1.31256429e-01, -1.07755457e-01,  8.03685310e-02, -1.86307053e-02,  1.18381799e-01],
       [ 4.88591760e-04,  1.16026487e-02, -4.84203070e-02,  2.11662156e-02, -1.62842193e-01],
       [-6.62119140e-02, -3.37773104e-02,  3.48772395e-02, -1.01033212e-01,  1.07221130e-01],
       [-7.95925657e-02, -2.55140901e-02,  7.06066245e-02,  6.28429426e-03, -9.81635571e-02],
       [ 4.70777747e-02, -5.19478612e-02, -2.22275453e-02, -8.53578702e-02,  1.07393649e-01],
       [-5.92468869e-02,  1.45772424e-03, -6.36497604e-03,  1.04583606e-01, -9.29268227e-02]])})
2026-01-20 11:00:31,714 - final_problem_set.kxor_instance_n14_k2_m144_ell2_eps0.25_kappa0.75_rho0.2 - INFO - Running key extraction (n=14, m=144, ell=2, phase_qubits=11)
2026-01-20 11:00:31,714 - final_problem_set.kxor_instance_n14_k2_m144_ell2_eps0.25_kappa0.75_rho0.2 - INFO - Built voting matrix V (n=14, ell=2, dtype=complex128) in 0.001s
2026-01-20 11:00:31,715 - final_problem_set.kxor_instance_n14_k2_m144_ell2_eps0.25_kappa0.75_rho0.2 - INFO - Eval: adv=0.2639, hamming=1/14 (0.071), corr=0.857
2026-01-20 11:00:31,715 - final_problem_set.kxor_instance_n14_k2_m144_ell2_eps0.25_kappa0.75_rho0.2 - INFO - Key extraction complete: x_hat=6
2026-01-20 11:00:31,715 - final_problem_set.kxor_instance_n14_k2_m144_ell2_eps0.25_kappa0.75_rho0.2 - INFO - Finished step 'KeyExtractionStep' in 0.001s (success: True, problem=kxor_instance_n14_k2_m144_ell2_eps0.25_kappa0.75_rho0.2)
2026-01-20 11:00:31,715 - final_problem_set.kxor_instance_n14_k2_m144_ell2_eps0.25_kappa0.75_rho0.2 - INFO - SUCCESS: len(z_hat)=14
2026-01-20 11:00:31,715 - final_problem_set.kxor_instance_n14_k2_m144_ell2_eps0.25_kappa0.75_rho0.2 - INFO - Metrics: adv=0.2638888888888889, ham_frac=0.07142857142857142, corr=0.8571428571428571
2026-01-20 11:00:31,715 - final_problem_set.kxor_instance_n14_k2_m144_ell2_eps0.25_kappa0.75_rho0.2 - INFO - z_hat (full): [-1, -1, -1,  1,  1,  1,  1, -1, -1, -1, -1, -1,  1, -1]
