2026-01-20 11:00:42,757 - final_problem_set.kxor_instance_n18_k2_m153_ell2_eps0.2_kappa0.875_rho0.0 - INFO - Starting iteration for /Users/julian/CodingProjects/UniT3/QuarticSpeedupK-XOR/z_Daphne/data/final_problem_set/kxor_instance_n18_k2_m153_ell2_eps0.2_kappa0.875_rho0.0.npz
2026-01-20 11:00:42,758 - final_problem_set.kxor_instance_n18_k2_m153_ell2_eps0.2_kappa0.875_rho0.0 - INFO - Loaded instance (n=18, m=153, k=2)
2026-01-20 11:00:42,758 - final_problem_set.kxor_instance_n18_k2_m153_ell2_eps0.2_kappa0.875_rho0.0 - INFO - Starting step 'ComputeKikuchiStep' (version 0.1) on problem kxor_instance_n18_k2_m153_ell2_eps0.2_kappa0.875_rho0.0 (fields={'ell': 2, 'threshold': 0.0})
2026-01-20 11:00:42,775 - final_problem_set.kxor_instance_n18_k2_m153_ell2_eps0.2_kappa0.875_rho0.0 - INFO - Finished step 'ComputeKikuchiStep' in 0.017s (success: True, problem=kxor_instance_n18_k2_m153_ell2_eps0.2_kappa0.875_rho0.0)
2026-01-20 11:00:42,775 - final_problem_set.kxor_instance_n18_k2_m153_ell2_eps0.2_kappa0.875_rho0.0 - INFO - Starting step 'ClassicalEigenvaluesStep' (version 0.1) on problem kxor_instance_n18_k2_m153_ell2_eps0.2_kappa0.875_rho0.0 (fields={'ell': 2, 'threshold': 0.0, 'kikuchi_matrix': <Dictionary Of Keys sparse matrix of dtype 'int64'
	with 2880 stored elements and shape (153, 153)>, 'num_eigenvalues': 5})
2026-01-20 11:00:42,827 - final_problem_set.kxor_instance_n18_k2_m153_ell2_eps0.2_kappa0.875_rho0.0 - INFO - Finished step 'ClassicalEigenvaluesStep' in 0.053s (success: True, problem=kxor_instance_n18_k2_m153_ell2_eps0.2_kappa0.875_rho0.0)
2026-01-20 11:00:42,827 - final_problem_set.kxor_instance_n18_k2_m153_ell2_eps0.2_kappa0.875_rho0.0 - INFO - Starting step 'KeyExtractionStep' (version 0.1) on problem kxor_instance_n18_k2_m153_ell2_eps0.2_kappa0.875_rho0.0 (fields={'ell': 2, 'threshold': 0.0, 'kikuchi_matrix': <Dictionary Of Keys sparse matrix of dtype 'int64'
	with 2880 stored elements and shape (153, 153)>, 'num_eigenvalues': 5, 'eigenvalues': array([-9.24540772, -9.10735518,  9.00982762,  9.82071004, 10.49956148]), 'eigenvectors': array([[-1.57671611e-01,  5.69639059e-02,  1.48356534e-01,  4.05027904e-02,  1.30693773e-01],
       [-3.48500246e-02, -1.14205838e-01,  7.94655073e-02, -4.93916137e-02,  7.02043989e-02],
       [ 1.03198586e-01,  3.81133408e-02,  3.78374219e-02, -4.58950348e-02,  6.37978365e-02],
       [ 1.46267425e-01, -1.61734010e-01, -9.52808501e-03, -1.36774559e-01,  1.97250385e-02],
       [ 2.93926951e-02,  1.61706620e-01, -4.70232754e-02, -6.24309585e-02, -1.28284612e-01],
       [ 6.15142357e-02,  2.80799176e-02, -4.94797908e-02,  4.23211969e-02, -6.81438573e-02],
       [ 5.71870052e-02, -9.60348790e-02, -3.92023219e-02,  2.50239985e-02,  8.21998243e-03],
       [-2.80634192e-02,  1.58433600e-03, -1.52495463e-01, -1.11802493e-01, -1.03310016e-01],
       [-1.24384237e-01, -2.01696325e-03, -8.94242197e-02, -7.10335369e-02, -6.15867511e-02],
       [-8.59244107e-02,  5.67591452e-02, -8.05286740e-02, -5.13324576e-02, -1.26893103e-01],
       [-4.67689857e-03, -4.36547362e-02,  9.25145323e-02,  8.29610879e-02, -5.92264563e-02],
       [ 1.34616633e-01,  1.06750868e-02, -1.11026205e-01, -6.04752333e-02, -1.37508266e-01],
       [ 4.06829450e-02,  8.92514578e-02,  1.64982637e-01,  7.04028038e-03,  9.22166106e-02],
       [-9.59089683e-02, -4.40847738e-02,  9.16130497e-02, -6.69255557e-03, -1.04882008e-01],
       [-1.25800122e-01,  8.82235609e-02, -1.40033425e-01, -1.27764849e-01, -2.71005683e-03],
       [ 8.11763210e-02, -1.38837089e-01,  2.22216713e-02,  1.51508376e-02,  5.72709460e-02],
       [-8.71955187e-04,  1.37136007e-01,  5.54623942e-02,  7.16949116e-03,  1.61324452e-01],
       [-1.85588730e-01, -2.31116868e-02, -7.11231040e-02,  8.67909476e-02, -1.02280299e-01],
       [ 6.61745657e-02, -7.15776792e-02, -7.60947860e-03,  7.60987803e-02, -7.95203807e-02],
       [-5.56873335e-02, -1.83409776e-01, -4.43746932e-02,  2.06149020e-01, -2.88046764e-02],
       [ 1.87287695e-01,  5.45834651e-02, -7.28540316e-02,  5.93524755e-02,  1.33939673e-01],
       [ 1.15974883e-01, -4.56724759e-02,  5.31324270e-02, -8.07566412e-02,  1.31162057e-01],
       [-4.44044523e-02, -1.20145459e-01,  8.39143038e-02, -4.81056480e-02, -7.68908076e-03],
       [ 4.34475849e-03, -9.74812138e-03,  3.49048234e-02,  1.53830648e-01,  1.36454504e-01],
       [-6.99785500e-02,  1.41592737e-01, -8.34794377e-05,  7.75813164e-02,  5.65237199e-02],
       [ 1.01674857e-02,  7.36046436e-02, -3.52705396e-02,  5.63753366e-02,  1.72379183e-01],
       [-6.57939584e-02, -1.18122836e-02, -1.48765801e-01, -1.23435929e-01,  5.99414968e-02],
       [ 8.59982640e-02, -1.61777446e-01, -2.77863460e-02,  8.37618412e-02,  2.12522218e-01],
       [ 1.03605771e-01,  1.00142607e-02, -1.37173614e-01,  1.67522804e-02, -1.50391176e-01],
       [-6.88343184e-02,  9.22435353e-02, -2.05089725e-01, -4.82162701e-03,  9.79410366e-02],
       [ 4.63263898e-02,  1.50647507e-01,  9.39449919e-02,  1.80240004e-01, -5.29199080e-03],
       [-9.36099732e-02, -1.61772157e-01,  7.39110965e-03, -2.03435789e-02, -1.02189900e-01],
       [ 1.75065790e-01,  8.27042571e-02,  6.61923317e-02,  1.10424616e-02, -1.94356206e-01],
       [ 8.49076254e-02,  6.00389393e-02,  1.10052918e-02,  6.37077298e-02, -3.77013596e-02],
       [ 2.06639861e-01, -4.48618918e-02,  2.83345504e-02,  9.00034017e-02,  9.35990367e-03],
       [-3.88737909e-02,  8.99013015e-02,  1.42464466e-02, -5.34608894e-02,  1.15813055e-01],
       [ 3.89350351e-02,  5.39543334e-02,  2.28136613e-02, -9.03310048e-02,  5.74856623e-02],
       [ 8.83313255e-02, -2.71514470e-02,  5.25367334e-03, -1.76500684e-02, -1.31630093e-02],
       [-3.10319837e-02,  1.52356409e-02,  1.08985074e-01, -1.00553405e-03,  1.07652470e-01],
       [-1.28679175e-01, -8.03174581e-02,  4.89299133e-02,  3.61441294e-03,  4.51225769e-02],
       [-1.00023538e-01,  2.23025079e-02,  4.98699958e-02, -7.45794128e-02,  1.25509913e-01],
       [ 1.54270667e-02, -3.61515482e-02, -7.59185243e-02, -8.13389628e-02,  3.40994216e-02],
       [ 1.36945233e-01,  7.93224032e-02,  7.34597531e-02, -7.03263282e-02,  1.36484731e-01],
       [ 3.60398241e-03,  5.16797514e-02, -5.99244594e-02,  7.79855376e-02, -7.17254346e-02],
       [-9.23515725e-02, -8.12804278e-02, -3.90821527e-02, -6.15732591e-02,  8.19985600e-02],
       [-1.50848913e-01,  1.09122795e-02,  1.00268847e-01,  6.76387286e-02,  1.80780692e-02],
       [ 1.22584736e-01, -5.87278311e-02, -2.25603714e-02,  4.77786358e-02, -6.45335394e-02],
       [-6.60316312e-02,  9.08741057e-02, -3.60934106e-02,  8.67090147e-02, -1.08414936e-01],
       [-4.23787390e-02,  1.47519617e-01,  3.33868119e-02,  8.51140852e-02,  1.66875331e-03],
       [-8.86205193e-02, -8.25731389e-02,  2.20116597e-03, -4.74451406e-02,  6.87399871e-02],
       [-8.36291168e-02,  5.41725682e-03, -1.29519133e-02, -7.98197855e-02,  5.35414544e-02],
       [-1.81570100e-02,  9.24945142e-02,  8.25956316e-03, -2.33527040e-02, -1.17190365e-02],
       [ 1.26561947e-02, -1.72947725e-02,  4.31856581e-02, -6.16002177e-04,  8.66651306e-02],
       [ 8.18218273e-02, -4.34602164e-02,  9.83538727e-03,  3.16574493e-04,  4.31980723e-02],
       [ 3.83273028e-02, -7.15379500e-02, -4.07934859e-03, -6.55480417e-02,  9.86876851e-02],
       [ 4.79769488e-02,  2.96678188e-02, -6.12759290e-02, -5.87447195e-02,  2.01800022e-02],
       [-1.15267418e-01,  5.32663565e-02,  1.03745699e-04, -5.61939652e-02,  1.11993961e-01],
       [-6.66015578e-02, -2.70173961e-02, -1.11550309e-02,  6.86122433e-02, -5.53491402e-02],
       [ 6.23657153e-02, -6.29142556e-03, -6.53296710e-02, -5.68254593e-02,  6.45477753e-02],
       [ 3.76214356e-02, -7.98283120e-02,  6.41557561e-02,  5.86238324e-02,  1.28419334e-02],
       [-6.46634453e-03,  1.29212774e-01,  2.69544779e-03,  3.64013079e-02, -4.97138413e-02],
       [-7.05603735e-02, -1.06434395e-01,  2.25500197e-02,  8.38680378e-02, -9.50648153e-02],
       [-1.88320816e-01,  3.23850492e-02,  5.37681440e-02, -1.52379404e-01,  5.32412678e-02],
       [-1.11243884e-01,  6.36800389e-02, -1.34378013e-02, -9.70267686e-02,  2.60926592e-03],
       [ 5.69312475e-02,  6.43203517e-02, -4.23450106e-02,  4.33304692e-03, -1.44743835e-02],
       [-3.17799394e-03,  1.56787910e-02,  9.21258290e-02, -1.21955915e-01,  6.06965417e-02],
       [ 3.60935046e-02, -1.91170696e-01,  4.62352970e-02, -6.09472544e-02,  2.40687194e-02],
       [-3.14884655e-02, -4.88639239e-02,  6.40427525e-02, -1.86536268e-01,  6.03957785e-02],
       [ 5.33474275e-02, -2.91833000e-02,  5.61571832e-03, -4.92295526e-02,  9.02894004e-03],
       [-4.36030584e-02,  2.18473098e-01,  9.04760437e-02, -1.93780538e-01,  6.20296805e-02],
       [-9.61217232e-02,  5.28067615e-02,  4.06148931e-02,  1.53905633e-01, -8.28664137e-04],
       [ 4.67631136e-02, -1.82706199e-01,  9.12305123e-02, -1.07125377e-01,  4.40463758e-02],
       [-9.37853609e-02, -1.58813063e-01,  4.71354811e-02, -1.51805905e-02,  1.62155772e-02],
       [ 1.13366304e-01,  8.62991619e-02, -2.11253718e-02,  8.90838631e-02, -2.23571336e-02],
       [-1.75696619e-01,  5.92611517e-03, -8.52302461e-02,  1.62416411e-01, -3.76476291e-02],
       [-2.49144547e-02, -4.46215810e-02,  2.66879128e-03,  4.19371167e-02, -1.13585390e-01],
       [-8.09639237e-02,  1.06016093e-02, -9.73011425e-02,  4.70273961e-02,  1.56559549e-03],
       [ 2.96498504e-02, -3.74345379e-02,  9.32179019e-02, -1.43968468e-01, -8.94375530e-02],
       [ 1.35014455e-01,  1.08379746e-01,  6.72074167e-02, -7.54429022e-02, -4.39412438e-02],
       [ 1.03011452e-01, -3.13726824e-02,  1.15072839e-01, -7.51976290e-02, -1.08257233e-01],
       [-6.69123895e-03,  3.31509977e-02,  8.97888551e-02,  8.63033436e-02, -2.70714892e-02],
       [-1.33466671e-01, -1.12230982e-01,  1.51522845e-01, -1.08966837e-01, -1.38980421e-01],
       [ 8.90633465e-03, -4.50993667e-02,  4.31033862e-02,  1.16948714e-02,  1.33057162e-01],
       [ 8.93124957e-02,  1.04269106e-01,  1.88592032e-01, -1.51407596e-02, -4.45681359e-02],
       [ 1.71643809e-01,  2.83290869e-02, -7.69190612e-03, -1.48647429e-01,  8.02938676e-05],
       [-1.41778703e-01,  5.16948042e-02, -4.46893855e-02,  3.46714609e-02,  6.35454015e-02],
       [ 7.99711121e-02, -9.92644002e-02, -1.25438613e-01,  2.02043935e-02,  1.10153823e-01],
       [-4.22880858e-02,  3.38592152e-02, -8.96878530e-03,  1.60648101e-02,  9.45379052e-03],
       [ 1.38410642e-02, -7.81610940e-03, -7.42891750e-02, -1.65484156e-02, -1.05781600e-01],
       [ 1.10996201e-01, -8.42388795e-03, -3.80909882e-02, -8.66215075e-03, -5.12194899e-02],
       [ 5.14459806e-02, -3.10308366e-02, -3.67651195e-02,  5.99951153e-02, -9.83616138e-02],
       [ 3.70944993e-03,  1.44375595e-02,  6.23633951e-02,  8.41202049e-02, -3.23065980e-02],
       [-1.07639912e-01,  1.24872090e-02, -4.89438444e-02,  5.58675097e-02, -1.19964641e-01],
       [-2.15456803e-02, -2.38219949e-02,  4.29506707e-02, -7.40399094e-02,  8.31368269e-02],
       [ 8.32672984e-02, -5.63615488e-03,  3.53673574e-02,  5.16398522e-02, -6.93841427e-02],
       [ 8.81086392e-02, -6.94761807e-02, -7.87905656e-02, -7.51271614e-02, -2.37275444e-02],
       [-6.32326926e-02,  6.69787030e-02,  9.56406902e-03, -2.44976592e-02,  3.79143817e-02],
       [-1.49510904e-03, -5.85705633e-02,  2.89049364e-02, -7.24946139e-02,  9.18514153e-02],
       [-1.61027656e-02,  4.29763520e-03, -9.99844998e-02,  1.68754339e-02, -1.54526834e-02],
       [-5.03179923e-03, -9.86486069e-02, -5.40065977e-02,  1.81331956e-02, -7.01090464e-03],
       [-3.40935669e-02, -2.31238002e-02, -8.91495906e-02,  4.53978099e-02, -6.50539755e-03],
       [ 1.56686293e-02, -6.99040750e-03, -4.08667478e-03,  1.36395714e-02,  9.79926013e-04],
       [ 8.32676926e-03,  9.88396443e-02, -8.63722365e-02,  3.36693081e-02, -1.99367647e-02],
       [-4.42273774e-02,  1.75962538e-02,  2.11890155e-02, -2.92189600e-02, -2.53658042e-02],
       [ 1.78438304e-02, -1.08401826e-01, -5.03755866e-02,  2.74589825e-02, -1.30371447e-02],
       [-5.88313181e-02, -9.65895981e-02, -4.20949769e-02,  4.33010719e-03, -6.35869982e-03],
       [ 5.70180662e-02,  3.18595616e-02,  3.79436315e-02, -1.97830020e-02,  2.12331298e-03],
       [-8.87974155e-02,  7.92113727e-03,  7.54783933e-02, -3.59740502e-02,  5.17039379e-03],
       [-1.99549004e-02,  1.86786611e-02,  1.97760466e-02, -8.71827106e-02, -3.16551109e-02],
       [ 3.62988478e-03,  2.78127531e-03,  6.55633209e-02, -1.82919483e-01, -1.24204590e-01],
       [-5.50851465e-03,  1.13245700e-02,  1.24300837e-01,  4.36725376e-02, -5.39266155e-02],
       [-7.48715442e-03, -1.28307973e-02,  4.99039761e-02, -1.73442714e-01, -1.15431556e-01],
       [ 7.08608262e-03, -1.65178676e-02,  1.78863031e-01,  9.74148099e-02,  1.44311142e-01],
       [-8.17696675e-03,  1.91649739e-02,  2.33324623e-01, -7.44613685e-02, -5.89917152e-02],
       [ 2.00243899e-02,  1.14013577e-02, -5.48511377e-02, -1.28467745e-01,  1.58983174e-02],
       [-1.96182368e-02, -7.02408846e-04, -1.38230529e-02,  7.79064431e-02,  6.07780399e-02],
       [ 1.04883431e-02, -1.57202726e-03, -7.46382248e-02,  9.92420723e-02,  1.16706999e-01],
       [-3.35181239e-02,  8.45926380e-02,  4.38781648e-02, -8.93711377e-02, -5.70485674e-02],
       [-4.27048766e-02, -3.08431573e-02,  6.39807967e-02,  2.82310262e-02, -1.82162877e-02],
       [ 1.12277795e-01, -9.03732636e-02,  3.30948066e-02, -8.35307652e-02, -4.76748906e-02],
       [ 8.60829086e-02,  3.84321164e-02,  7.75652366e-02,  4.84884678e-02,  6.85196500e-02],
       [-1.01142488e-01,  6.13621384e-02,  1.21748039e-01, -3.41445125e-02, -1.97164659e-02],
       [-2.79897227e-02,  1.61512175e-01, -1.80522987e-02, -6.88157085e-02,  5.93199592e-03],
       [-1.31572105e-02, -1.67153397e-01, -5.19432578e-03,  3.63663943e-02,  3.03755902e-02],
       [ 1.04874755e-01,  1.27122227e-01, -5.51719602e-02,  5.23185983e-02,  5.35465597e-02],
       [-2.67292455e-02,  9.96091967e-03,  1.16577656e-01,  1.11541148e-01, -4.41691172e-02],
       [ 2.37740781e-02, -8.60466147e-02,  9.70025580e-02, -9.39575439e-02, -1.46222022e-01],
       [ 4.68616268e-02, -2.52205770e-02,  8.82200758e-02,  2.08409078e-03,  1.73819820e-01],
       [-4.36578107e-02,  8.82026229e-02,  1.94662161e-01, -8.38763887e-03, -5.46082689e-02],
       [ 3.61402755e-02,  7.62876409e-02, -3.76210206e-02, -1.77871722e-01, -8.67057860e-03],
       [-5.62688987e-02, -4.43590017e-02, -3.53545500e-02,  3.14185477e-02,  6.68147514e-02],
       [ 7.79621755e-02,  5.91130720e-03, -9.95040323e-02,  1.35660537e-02,  1.30275932e-01],
       [ 2.77324252e-02,  4.86366787e-02,  1.26052154e-01,  1.11552626e-01, -4.14212970e-02],
       [-7.98498593e-03,  2.69358398e-02, -1.23288313e-01, -1.10846653e-01,  5.01332308e-02],
       [-4.40175446e-02, -3.88865004e-02,  2.63064255e-02,  6.10622579e-02, -1.11422086e-02],
       [-6.82323234e-02, -1.51882270e-02,  4.10657956e-02, -2.02313790e-02, -1.12939643e-02],
       [ 4.40544088e-02, -1.79643497e-02, -4.83545835e-02, -5.34260374e-02,  2.03078892e-02],
       [-2.94820618e-02,  4.23877547e-02, -9.95771739e-02, -1.08542214e-01,  3.32730393e-02],
       [-6.53467399e-02, -4.35145221e-02,  1.11285028e-01,  1.14831498e-02,  1.72060838e-01],
       [ 9.77294501e-02, -5.09002729e-02,  2.23219778e-01, -1.79649746e-02, -6.59540612e-02],
       [ 3.82759607e-02, -1.41419460e-01, -5.03703280e-02, -1.72153345e-01,  6.21841841e-03],
       [ 1.18823279e-02,  1.56733916e-01, -2.54757546e-02,  3.01921078e-02,  6.08682098e-02],
       [-1.03081544e-01, -1.37999183e-01, -1.02621657e-01,  2.28400862e-02,  1.42367853e-01],
       [ 5.37860584e-02,  3.29759708e-02, -9.21731950e-02, -3.81408138e-02,  1.25187080e-01],
       [ 7.79053526e-02, -2.56042918e-02,  1.37979969e-01,  1.36624719e-01,  6.02572425e-03],
       [-6.28016346e-02,  5.12604864e-02, -4.13391365e-02,  7.65172597e-03, -8.11994616e-02],
       [ 2.89814368e-02, -7.48736587e-02, -4.56966125e-02,  4.90140831e-02, -1.72536616e-01],
       [-3.81405781e-02,  9.67432403e-02,  9.06606823e-02, -9.22610954e-02, -4.27703290e-03],
       [ 6.80725607e-03, -1.52181977e-01, -8.22724298e-02,  3.80311133e-03,  3.25357191e-02],
       [ 6.73567026e-02,  1.38334944e-01, -1.63892427e-01, -1.53026143e-02,  4.79529659e-02],
       [-9.31686767e-02, -1.03228126e-01,  2.82082187e-02,  8.43272825e-02,  8.57252719e-03],
       [ 1.67969867e-01,  4.64778393e-02,  1.55443527e-02,  1.41721884e-01,  2.00504327e-02],
       [-1.27985751e-01,  2.06689616e-02,  2.77731145e-02, -3.09805804e-03, -5.58763667e-02]])})
2026-01-20 11:00:42,829 - final_problem_set.kxor_instance_n18_k2_m153_ell2_eps0.2_kappa0.875_rho0.0 - INFO - Running key extraction (n=18, m=153, ell=2, phase_qubits=12)
2026-01-20 11:00:42,831 - final_problem_set.kxor_instance_n18_k2_m153_ell2_eps0.2_kappa0.875_rho0.0 - INFO - Built voting matrix V (n=18, ell=2, dtype=complex128) in 0.002s
2026-01-20 11:00:42,831 - final_problem_set.kxor_instance_n18_k2_m153_ell2_eps0.2_kappa0.875_rho0.0 - INFO - Eval: adv=0.2418 (no ground-truth z available)
2026-01-20 11:00:42,831 - final_problem_set.kxor_instance_n18_k2_m153_ell2_eps0.2_kappa0.875_rho0.0 - INFO - Key extraction complete: x_hat=1
2026-01-20 11:00:42,831 - final_problem_set.kxor_instance_n18_k2_m153_ell2_eps0.2_kappa0.875_rho0.0 - INFO - Finished step 'KeyExtractionStep' in 0.002s (success: True, problem=kxor_instance_n18_k2_m153_ell2_eps0.2_kappa0.875_rho0.0)
2026-01-20 11:00:42,831 - final_problem_set.kxor_instance_n18_k2_m153_ell2_eps0.2_kappa0.875_rho0.0 - INFO - SUCCESS: len(z_hat)=18
2026-01-20 11:00:42,831 - final_problem_set.kxor_instance_n18_k2_m153_ell2_eps0.2_kappa0.875_rho0.0 - INFO - Metrics: adv=0.24183006535947713, ham_frac=None, corr=None
2026-01-20 11:00:42,831 - final_problem_set.kxor_instance_n18_k2_m153_ell2_eps0.2_kappa0.875_rho0.0 - INFO - z_hat (full): [-1,  1,  1,  1,  1, -1, -1,  1, -1, -1, -1, -1, -1,  1, -1, -1,  1,  1]
