2026-01-20 11:00:36,700 - final_problem_set.kxor_instance_n16_k2_m222_ell2_eps0.2_kappa0.625_rho1.0 - INFO - Starting iteration for /Users/julian/CodingProjects/UniT3/QuarticSpeedupK-XOR/z_Daphne/data/final_problem_set/kxor_instance_n16_k2_m222_ell2_eps0.2_kappa0.625_rho1.0.npz
2026-01-20 11:00:36,700 - final_problem_set.kxor_instance_n16_k2_m222_ell2_eps0.2_kappa0.625_rho1.0 - INFO - Loaded instance (n=16, m=222, k=2)
2026-01-20 11:00:36,700 - final_problem_set.kxor_instance_n16_k2_m222_ell2_eps0.2_kappa0.625_rho1.0 - INFO - Starting step 'ComputeKikuchiStep' (version 0.1) on problem kxor_instance_n16_k2_m222_ell2_eps0.2_kappa0.625_rho1.0 (fields={'ell': 2, 'threshold': 0.0})
2026-01-20 11:00:36,721 - final_problem_set.kxor_instance_n16_k2_m222_ell2_eps0.2_kappa0.625_rho1.0 - INFO - Finished step 'ComputeKikuchiStep' in 0.021s (success: True, problem=kxor_instance_n16_k2_m222_ell2_eps0.2_kappa0.625_rho1.0)
2026-01-20 11:00:36,721 - final_problem_set.kxor_instance_n16_k2_m222_ell2_eps0.2_kappa0.625_rho1.0 - INFO - Starting step 'ClassicalEigenvaluesStep' (version 0.1) on problem kxor_instance_n16_k2_m222_ell2_eps0.2_kappa0.625_rho1.0 (fields={'ell': 2, 'threshold': 0.0, 'kikuchi_matrix': <Dictionary Of Keys sparse matrix of dtype 'int64'
	with 2940 stored elements and shape (120, 120)>, 'num_eigenvalues': 5})
2026-01-20 11:00:36,757 - final_problem_set.kxor_instance_n16_k2_m222_ell2_eps0.2_kappa0.625_rho1.0 - INFO - Finished step 'ClassicalEigenvaluesStep' in 0.036s (success: True, problem=kxor_instance_n16_k2_m222_ell2_eps0.2_kappa0.625_rho1.0)
2026-01-20 11:00:36,757 - final_problem_set.kxor_instance_n16_k2_m222_ell2_eps0.2_kappa0.625_rho1.0 - INFO - Starting step 'KeyExtractionStep' (version 0.1) on problem kxor_instance_n16_k2_m222_ell2_eps0.2_kappa0.625_rho1.0 (fields={'ell': 2, 'threshold': 0.0, 'kikuchi_matrix': <Dictionary Of Keys sparse matrix of dtype 'int64'
	with 2940 stored elements and shape (120, 120)>, 'num_eigenvalues': 5, 'eigenvalues': array([11.81033334, 12.05006689, 12.22467491, 12.86970972, 24.62251207]), 'eigenvectors': array([[-0.11118828,  0.10253335,  0.00157174, -0.02976415, -0.0839768 ],
       [ 0.06182677,  0.02943549,  0.10299086,  0.12276897,  0.08931447],
       [-0.21445039, -0.05007311, -0.06341667, -0.05819221, -0.08395843],
       [ 0.01206579,  0.01754421,  0.02498137, -0.19521295, -0.07803851],
       [ 0.0097564 , -0.14731999, -0.03982445, -0.15721612, -0.08344911],
       [ 0.08628702,  0.02360761,  0.15081865,  0.13231084,  0.08345672],
       [-0.06182677, -0.02943549, -0.10299086, -0.12276897, -0.08931447],
       [ 0.14490913,  0.09761167,  0.06343124,  0.08760683,  0.08929248],
       [-0.08276849, -0.13447343, -0.05346765, -0.14396947, -0.08880463],
       [ 0.12834046,  0.02604724,  0.01796061,  0.1668569 ,  0.08916972],
       [-0.0151803 , -0.14028793, -0.08387992,  0.0480497 , -0.07796231],
       [ 0.03292843,  0.05471706, -0.04944529,  0.06817249,  0.09021283],
       [-0.12834046, -0.02604724, -0.01796061, -0.1668569 , -0.08916972],
       [-0.09951509, -0.06796398, -0.04054141, -0.1266904 , -0.09419676],
       [-0.13501408, -0.12321342,  0.11453948, -0.08771971, -0.07745747],
       [-0.01466444, -0.1960512 ,  0.016438  , -0.09016074,  0.08803637],
       [-0.14071919,  0.15941695,  0.01562967,  0.13680773, -0.08221338],
       [ 0.07719099,  0.20726623,  0.09534927, -0.01133259, -0.07744915],
       [ 0.09204644,  0.07193694,  0.04428468,  0.04481494, -0.08902267],
       [ 0.014229  , -0.18525321,  0.06915408, -0.06511803,  0.08280648],
       [ 0.01466444,  0.1960512 , -0.016438  ,  0.09016074, -0.08803637],
       [ 0.06669777, -0.12933406, -0.02198875, -0.1240825 ,  0.0879741 ],
       [-0.00715565,  0.10305106,  0.03531755,  0.07648261, -0.09472082],
       [ 0.05002352, -0.19884664, -0.06594407, -0.04915494,  0.08836574],
       [ 0.04846352,  0.05348076, -0.00638785,  0.20587593, -0.07100139],
       [-0.04148998, -0.16001321, -0.11831283, -0.13473359,  0.08220353],
       [-0.05002352,  0.19884664,  0.06594407,  0.04915494, -0.08836574],
       [-0.01715105,  0.17342077,  0.0500226 ,  0.10032973, -0.09282635],
       [-0.06918417,  0.06695483,  0.18178812,  0.0891172 , -0.07635864],
       [ 0.10998065, -0.04277003,  0.09369314, -0.06413757,  0.09475935],
       [-0.1433452 , -0.1113794 , -0.00985523,  0.10445484,  0.08852335],
       [-0.15034011,  0.06838079,  0.06586525,  0.05070218,  0.09478947],
       [ 0.04038063,  0.07430002, -0.19590357, -0.02188344, -0.09434719],
       [-0.07909204, -0.07579091,  0.14304204,  0.000239  ,  0.10050386],
       [-0.01836175, -0.00424551, -0.09551187,  0.04070081, -0.10093626],
       [-0.05303543,  0.04542913,  0.08365652,  0.02457366,  0.10096422],
       [ 0.00212256,  0.07780331, -0.04376723, -0.04951727, -0.10135769],
       [-0.10209738,  0.05822117,  0.10126262, -0.16144161,  0.08157556],
       [ 0.10408483,  0.04458268,  0.02914245,  0.06043866, -0.09474824],
       [-0.00212256, -0.07780331,  0.04376723,  0.04951727,  0.10135769],
       [-0.04502772, -0.03766492,  0.07046259, -0.00500028,  0.10661887],
       [ 0.03340594,  0.05664882, -0.12507808, -0.01861649,  0.09398606],
       [-0.02855666,  0.09132812,  0.04511385, -0.04621893, -0.08947537],
       [-0.03427998, -0.10020412, -0.030565  ,  0.01411992, -0.09570617],
       [ 0.1322942 , -0.04345213,  0.1459034 , -0.03917407,  0.08902514],
       [-0.10998065,  0.04277003, -0.09369314,  0.06413757, -0.09475935],
       [ 0.19921588,  0.03142212,  0.05198898, -0.10224235,  0.09420402],
       [-0.13344776, -0.06831308, -0.0402997 ,  0.04149782, -0.09475892],
       [ 0.18142591, -0.04513966,  0.00327779, -0.01888365,  0.09511838],
       [-0.04640444, -0.07504141, -0.06626566,  0.19830776, -0.07624603],
       [ 0.07228785, -0.01674933, -0.06075962, -0.11485992,  0.08890753],
       [-0.18142591,  0.04513966, -0.00327779,  0.01888365, -0.09511838],
       [-0.15345245,  0.00642344, -0.02560122,  0.07306966, -0.0999756 ],
       [-0.18054531, -0.07016091,  0.13642345,  0.06859172, -0.08203848],
       [ 0.19931096, -0.01373674,  0.06399847, -0.1394585 , -0.08268645],
       [-0.10470366, -0.10684997,  0.04533327,  0.11521027,  0.08321723],
       [ 0.1433452 ,  0.1113794 ,  0.00985523, -0.10445484, -0.08852335],
       [-0.06636139, -0.04794214, -0.0535807 ,  0.07644523,  0.0952127 ],
       [ 0.12147199,  0.00930478,  0.05874221, -0.12515817, -0.08848386],
       [-0.07694609, -0.11417319, -0.09315857,  0.14795689,  0.08837354],
       [ 0.16844949, -0.01280845,  0.01645069,  0.06249725, -0.07731074],
       [-0.15929413, -0.08185286, -0.1443605 ,  0.04518533,  0.08315143],
       [ 0.07694609,  0.11417319,  0.09315857, -0.14795689, -0.08837354],
       [ 0.11978785,  0.08275816,  0.07873359, -0.10722452, -0.09334737],
       [ 0.03711871, -0.0044151 ,  0.20552457, -0.0727    , -0.07676459],
       [-0.10852827,  0.0593722 ,  0.12021641,  0.06700434,  0.08904963],
       [ 0.15034011, -0.06838079, -0.06586525, -0.05070218, -0.09478947],
       [-0.06051974,  0.14134268,  0.02343099,  0.01315908,  0.09476356],
       [ 0.12555958, -0.18052782, -0.01309809, -0.07407375, -0.09426182],
       [-0.0799784 ,  0.06663259, -0.02472288,  0.09668703,  0.09510953],
       [ 0.15399715, -0.15922309, -0.04438814,  0.11083152, -0.07678987],
       [-0.16774363,  0.08564346, -0.08660005, -0.00901684,  0.08897552],
       [ 0.0799784 , -0.06663259,  0.02472288, -0.09668703, -0.09510953],
       [ 0.12437383, -0.11225842,  0.00416691, -0.04956091, -0.10000801],
       [ 0.03544808, -0.16245067,  0.15966459, -0.02652603, -0.08206309],
       [-0.04038063, -0.07430002,  0.19590357,  0.02188344,  0.09434719],
       [-0.04999424,  0.00029173, -0.15227862,  0.01579108, -0.0947709 ],
       [-0.01594684,  0.03775428,  0.1413753 ,  0.04448319,  0.09479361],
       [-0.03132519,  0.07614589, -0.10489701, -0.06768521, -0.0951569 ],
       [-0.06950303,  0.05084265,  0.14306167, -0.13303255,  0.07678855],
       [ 0.07540646,  0.05164914, -0.03690685,  0.04054996, -0.0957026 ],
       [ 0.03132519, -0.07614589,  0.10489701,  0.06768521,  0.0951569 ],
       [-0.00621637, -0.03925803,  0.13350949,  0.01870448,  0.10005594],
       [ 0.06377206,  0.0494724 , -0.05641977,  0.00337349,  0.08834612],
       [ 0.01836175,  0.00424551,  0.09551187, -0.04070081,  0.10093626],
       [ 0.05303543, -0.04542913, -0.08365652, -0.02457366, -0.10096422],
       [-0.00212256, -0.07780331,  0.04376723,  0.04951727,  0.10135769],
       [ 0.10209738, -0.05822117, -0.10126262,  0.16144161, -0.08157556],
       [-0.10408483, -0.04458268, -0.02914245, -0.06043866,  0.09474824],
       [ 0.00212256,  0.07780331, -0.04376723, -0.04951727, -0.10135769],
       [ 0.04502772,  0.03766492, -0.07046259,  0.00500028, -0.10661887],
       [-0.03340594, -0.05664882,  0.12507808,  0.01861649, -0.09398606],
       [ 0.04398147,  0.12453697,  0.03774135, -0.01611318,  0.10089551],
       [-0.09514868, -0.00201112,  0.00242797, -0.00846623, -0.10132234],
       [-0.02607785,  0.11870679,  0.06685639, -0.19219187,  0.08106078],
       [ 0.01459809, -0.02840697,  0.07122304,  0.09775809, -0.09464576],
       [ 0.09514868,  0.00201112, -0.00242797,  0.00846623,  0.10132234],
       [ 0.05871215,  0.04708257,  0.02138208, -0.04847775,  0.10654441],
       [ 0.11147155,  0.11747483, -0.15227803, -0.05027372,  0.08725338],
       [ 0.02367735,  0.04341254, -0.0143743 ,  0.07419873,  0.10131366],
       [ 0.08227197, -0.14974161, -0.057288  ,  0.1426487 , -0.08158003],
       [-0.0802004 ,  0.06622221, -0.08229305, -0.03769394,  0.09470936],
       [-0.02367735, -0.04341254,  0.0143743 , -0.07419873, -0.10131366],
       [ 0.01755005, -0.09111913, -0.00865789, -0.02128883, -0.10657451],
       [-0.05254213, -0.15156796,  0.16221913, -0.00358398, -0.0872762 ],
       [-0.04668973,  0.06072979,  0.02817543, -0.13484461,  0.08820901],
       [ 0.03362007,  0.04672039,  0.11989633,  0.01516324, -0.09507014],
       [ 0.07577729, -0.08106291, -0.05528727,  0.10096883,  0.10123356],
       [ 0.0370882 , -0.04027362, -0.03448185,  0.04789746,  0.10699536],
       [ 0.09523788,  0.05039573, -0.19659831,  0.02413859,  0.08760155],
       [-0.11923729,  0.07084034, -0.0283998 , -0.19566995,  0.07620993],
       [ 0.04668973, -0.06072979, -0.02817543,  0.13484461, -0.08820901],
       [ 0.07903482, -0.0943323 , -0.04665948,  0.17581435, -0.08596202],
       [ 0.01116955, -0.13656286,  0.09346529,  0.14766949, -0.07088662],
       [-0.03362007, -0.04672039, -0.11989633, -0.01516324,  0.09507014],
       [-0.07509879, -0.0084287 , -0.10536765, -0.06908518,  0.09992399],
       [ 0.00282116,  0.06852631, -0.2380497 , -0.0652313 ,  0.08150856],
       [-0.0370882 ,  0.04027362,  0.03448185, -0.04789746, -0.10699536],
       [-0.09523788, -0.05039573,  0.19659831, -0.02413859, -0.08760155],
       [-0.06571056, -0.09063492,  0.18880971,  0.02192381, -0.09204902]])})
2026-01-20 11:00:36,758 - final_problem_set.kxor_instance_n16_k2_m222_ell2_eps0.2_kappa0.625_rho1.0 - INFO - Running key extraction (n=16, m=222, ell=2, phase_qubits=12)
2026-01-20 11:00:36,759 - final_problem_set.kxor_instance_n16_k2_m222_ell2_eps0.2_kappa0.625_rho1.0 - INFO - Built voting matrix V (n=16, ell=2, dtype=complex128) in 0.001s
2026-01-20 11:00:36,760 - final_problem_set.kxor_instance_n16_k2_m222_ell2_eps0.2_kappa0.625_rho1.0 - INFO - Eval: adv=1.0000, hamming=0/16 (0.000), corr=1.000
2026-01-20 11:00:36,760 - final_problem_set.kxor_instance_n16_k2_m222_ell2_eps0.2_kappa0.625_rho1.0 - INFO - Key extraction complete: x_hat=14
2026-01-20 11:00:36,760 - final_problem_set.kxor_instance_n16_k2_m222_ell2_eps0.2_kappa0.625_rho1.0 - INFO - Finished step 'KeyExtractionStep' in 0.002s (success: True, problem=kxor_instance_n16_k2_m222_ell2_eps0.2_kappa0.625_rho1.0)
2026-01-20 11:00:36,760 - final_problem_set.kxor_instance_n16_k2_m222_ell2_eps0.2_kappa0.625_rho1.0 - INFO - SUCCESS: len(z_hat)=16
2026-01-20 11:00:36,760 - final_problem_set.kxor_instance_n16_k2_m222_ell2_eps0.2_kappa0.625_rho1.0 - INFO - Metrics: adv=1.0, ham_frac=0.0, corr=1.0
2026-01-20 11:00:36,760 - final_problem_set.kxor_instance_n16_k2_m222_ell2_eps0.2_kappa0.625_rho1.0 - INFO - z_hat (full): [-1, -1,  1, -1, -1, -1,  1, -1,  1, -1,  1, -1,  1, -1, -1, -1]
