2026-01-20 11:00:37,821 - final_problem_set.kxor_instance_n17_k2_m126_ell2_eps0.3_kappa1.0_rho1.0 - INFO - Starting iteration for /Users/julian/CodingProjects/UniT3/QuarticSpeedupK-XOR/z_Daphne/data/final_problem_set/kxor_instance_n17_k2_m126_ell2_eps0.3_kappa1.0_rho1.0.npz
2026-01-20 11:00:37,822 - final_problem_set.kxor_instance_n17_k2_m126_ell2_eps0.3_kappa1.0_rho1.0 - INFO - Loaded instance (n=17, m=126, k=2)
2026-01-20 11:00:37,822 - final_problem_set.kxor_instance_n17_k2_m126_ell2_eps0.3_kappa1.0_rho1.0 - INFO - Starting step 'ComputeKikuchiStep' (version 0.1) on problem kxor_instance_n17_k2_m126_ell2_eps0.3_kappa1.0_rho1.0 (fields={'ell': 2, 'threshold': 0.0})
2026-01-20 11:00:37,835 - final_problem_set.kxor_instance_n17_k2_m126_ell2_eps0.3_kappa1.0_rho1.0 - INFO - Finished step 'ComputeKikuchiStep' in 0.013s (success: True, problem=kxor_instance_n17_k2_m126_ell2_eps0.3_kappa1.0_rho1.0)
2026-01-20 11:00:37,835 - final_problem_set.kxor_instance_n17_k2_m126_ell2_eps0.3_kappa1.0_rho1.0 - INFO - Starting step 'ClassicalEigenvaluesStep' (version 0.1) on problem kxor_instance_n17_k2_m126_ell2_eps0.3_kappa1.0_rho1.0 (fields={'ell': 2, 'threshold': 0.0, 'kikuchi_matrix': <Dictionary Of Keys sparse matrix of dtype 'int64'
	with 2520 stored elements and shape (136, 136)>, 'num_eigenvalues': 5})
2026-01-20 11:00:37,878 - final_problem_set.kxor_instance_n17_k2_m126_ell2_eps0.3_kappa1.0_rho1.0 - INFO - Finished step 'ClassicalEigenvaluesStep' in 0.043s (success: True, problem=kxor_instance_n17_k2_m126_ell2_eps0.3_kappa1.0_rho1.0)
2026-01-20 11:00:37,878 - final_problem_set.kxor_instance_n17_k2_m126_ell2_eps0.3_kappa1.0_rho1.0 - INFO - Starting step 'KeyExtractionStep' (version 0.1) on problem kxor_instance_n17_k2_m126_ell2_eps0.3_kappa1.0_rho1.0 (fields={'ell': 2, 'threshold': 0.0, 'kikuchi_matrix': <Dictionary Of Keys sparse matrix of dtype 'int64'
	with 2520 stored elements and shape (136, 136)>, 'num_eigenvalues': 5, 'eigenvalues': array([10.18578509, 10.68287093, 10.73357   , 11.47400321, 19.08673399]), 'eigenvectors': array([[-0.08735828, -0.04656301, -0.167012  ,  0.02711184,  0.0955865 ],
       [-0.06029268, -0.16391692,  0.10797244,  0.03699192, -0.09463801],
       [ 0.06517799, -0.05685551,  0.10151842,  0.15442962,  0.08782018],
       [-0.01137279,  0.07267285, -0.14241502, -0.01006268, -0.10377043],
       [ 0.11248045, -0.09171155, -0.0446377 ,  0.04541993, -0.10181072],
       [-0.02308566, -0.00668739, -0.02220245,  0.10483671,  0.11611953],
       [-0.07760031,  0.09033493,  0.00455365, -0.07422761, -0.12322908],
       [-0.11342326, -0.13706773, -0.05148863, -0.04775841, -0.09882773],
       [ 0.13009594, -0.1320176 , -0.08437634, -0.07069193,  0.09549248],
       [ 0.15560697,  0.05318041, -0.03740929, -0.09103003, -0.10709865],
       [ 0.05919837,  0.04336331, -0.00374946, -0.00093205,  0.12447415],
       [-0.1090092 , -0.00096088, -0.03328537, -0.04268034, -0.12543406],
       [-0.01433451,  0.05065968,  0.07548123,  0.04785964, -0.11444036],
       [-0.09511457,  0.07736895,  0.080259  , -0.07522331, -0.09491121],
       [ 0.02358453,  0.09793716, -0.09472074,  0.18552297, -0.05875975],
       [ 0.11715639,  0.03078586,  0.04634631, -0.09685129,  0.11331841],
       [ 0.05028772, -0.08759173,  0.16107055,  0.02409259, -0.06235597],
       [-0.05378415, -0.06001619, -0.04138166,  0.11771037,  0.06957565],
       [ 0.11666287,  0.07822091,  0.03043628, -0.00586396, -0.08242585],
       [ 0.17396946, -0.04136349,  0.0875371 ,  0.03250088, -0.07280633],
       [-0.1339359 , -0.02282359, -0.15449101,  0.0686305 ,  0.08239944],
       [ 0.08153252,  0.07844344,  0.15135843, -0.04803455, -0.08804122],
       [ 0.03130914, -0.08655458,  0.09569226, -0.03740785, -0.07873752],
       [-0.01607182, -0.10090376, -0.16645858, -0.04829545,  0.06874815],
       [ 0.190551  ,  0.04878542,  0.09030284, -0.05404388, -0.06996512],
       [-0.10503548,  0.01018796, -0.1707893 , -0.0034113 ,  0.09733438],
       [ 0.06774519,  0.02254676,  0.14431298, -0.0325178 , -0.09885913],
       [ 0.10871272,  0.05145804,  0.18276277,  0.03265021, -0.08041708],
       [ 0.03827389,  0.0686757 ,  0.15777321, -0.05011549, -0.06761906],
       [ 0.08129048,  0.07860397,  0.0027403 ,  0.13031801, -0.04224966],
       [-0.04904445,  0.00217618, -0.11684331, -0.07669556,  0.08973033],
       [-0.04152102, -0.08619957, -0.00240229, -0.06558687, -0.0644417 ],
       [ 0.00339377,  0.09418568,  0.01932674, -0.04215799,  0.07410104],
       [-0.06806243,  0.17072884, -0.04164549, -0.06778122,  0.06496189],
       [ 0.02196958, -0.16014726,  0.10623508, -0.01769914, -0.0824383 ],
       [ 0.04911267,  0.11211579, -0.10058926, -0.00760129,  0.0888388 ],
       [ 0.0606407 ,  0.1953157 , -0.03903948, -0.01118796,  0.06389941],
       [-0.08658297, -0.04364843,  0.13345799,  0.09557139, -0.0676429 ],
       [-0.10411007,  0.10497622, -0.049634  ,  0.01088044,  0.0696585 ],
       [-0.02678355, -0.17736285,  0.0901251 ,  0.0552194 , -0.07885568],
       [ 0.05591263,  0.15939059, -0.07052676, -0.02964902,  0.08123237],
       [ 0.00405729,  0.11334483, -0.12357252, -0.07695283,  0.07332275],
       [ 0.05596693,  0.0692512 , -0.11004428,  0.00509744,  0.06316691],
       [-0.01699819,  0.0101082 ,  0.01830677, -0.14124302,  0.03763118],
       [-0.06207896, -0.15252319,  0.05360858,  0.10432612, -0.07226971],
       [-0.01637469,  0.0635387 , -0.16183384, -0.09976764, -0.06796078],
       [ 0.07191112, -0.0410914 , -0.11775162, -0.0727195 , -0.07421162],
       [-0.00571868, -0.03194786,  0.07281643,  0.17118349,  0.07576736],
       [-0.05753161,  0.08520745, -0.08732804, -0.15883674, -0.08006027],
       [-0.07370373, -0.06138232, -0.1068982 , -0.11999551, -0.06549433],
       [ 0.10418944, -0.12602967,  0.01959388,  0.04986379,  0.07101314],
       [ 0.07847074,  0.0491119 , -0.08811618, -0.13773866, -0.0643828 ],
       [ 0.05483126, -0.00094673,  0.10358848,  0.12846681,  0.09055665],
       [-0.07843872,  0.03154995, -0.11353408, -0.14357178, -0.08194967],
       [-0.0230467 ,  0.07052452, -0.04005247, -0.08343149, -0.08369837],
       [-0.06416875,  0.06925498, -0.01762675, -0.13309317, -0.06294262],
       [ 0.01017131,  0.079523  , -0.10734699,  0.06811073, -0.04055404],
       [ 0.09519059, -0.00862179,  0.13242973,  0.04746654,  0.08357935],
       [-0.11754868,  0.03719491,  0.13207395, -0.04309801,  0.07862374],
       [ 0.07426736,  0.04700599, -0.12005852, -0.06906676, -0.09907983],
       [ 0.00620642, -0.10699623,  0.12674566,  0.03436273,  0.09642956],
       [ 0.05017828,  0.0806026 ,  0.1648712 ,  0.02597543,  0.08401211],
       [-0.06387175,  0.14955843, -0.0397461 ,  0.07412883, -0.0816602 ],
       [-0.14188203, -0.06462286,  0.11950907,  0.04472046,  0.07581158],
       [ 0.00458067,  0.00966889, -0.13048584,  0.01892411, -0.09659982],
       [ 0.02970718, -0.0396657 ,  0.15945334,  0.01078504,  0.09731796],
       [-0.04155264, -0.0878064 ,  0.06872435, -0.05970195,  0.09732583],
       [ 0.03068803, -0.08843485,  0.03476177,  0.04154902,  0.07467073],
       [-0.03507477, -0.08353181,  0.10689227, -0.1381721 ,  0.04074081],
       [-0.04184181,  0.01440071, -0.1509476 ,  0.08492308, -0.08767601],
       [ 0.1641411 , -0.09594407, -0.02632996, -0.01060694, -0.08877917],
       [-0.11688742,  0.04557561,  0.04399098, -0.01491364,  0.10398136],
       [-0.04615194,  0.17431039,  0.07276794, -0.01528417,  0.07481122],
       [ 0.03392798,  0.01590282,  0.03551515,  0.11588204, -0.08098249],
       [-0.21841819,  0.04983716,  0.05777809,  0.00639788,  0.07453546],
       [ 0.11913271, -0.13361259, -0.03809411,  0.06968148, -0.0930388 ],
       [-0.09632115,  0.12279529,  0.07822113, -0.04310012,  0.10413801],
       [-0.15344603,  0.06788794, -0.01831047, -0.10942372,  0.09415417],
       [-0.05917665,  0.02458497, -0.0274734 ,  0.00495999,  0.07964501],
       [-0.07242142, -0.02971619,  0.07327005, -0.15092873,  0.03962292],
       [ 0.06489547, -0.11319175, -0.0672847 ,  0.12605219, -0.08546901],
       [ 0.0238457 ,  0.05323214,  0.02241074, -0.12451951, -0.10748556],
       [-0.02285923, -0.13432415, -0.02863759, -0.08909127, -0.08612335],
       [ 0.0458784 , -0.10803376, -0.09759582, -0.01111393,  0.09227128],
       [ 0.1842733 ,  0.02106107, -0.01570549, -0.11531559, -0.08385195],
       [-0.04114045,  0.05898373, -0.02170975,  0.06314238,  0.10881983],
       [ 0.00117727, -0.02429935, -0.00829901, -0.09998006, -0.10951389],
       [ 0.06734154,  0.02157753,  0.08136908, -0.0158669 , -0.09956319],
       [-0.01280803,  0.05093833,  0.08153974, -0.11135635, -0.08328515],
       [ 0.06466207,  0.07611574, -0.07555161,  0.13214871, -0.05291761],
       [ 0.01646428,  0.05242638,  0.02737894, -0.027683  ,  0.10962185],
       [ 0.09763483,  0.08679962,  0.04520539,  0.06924427,  0.09274587],
       [-0.11472247,  0.15963676,  0.07742263,  0.03821002, -0.08877085],
       [-0.1325894 , -0.07973274,  0.02866549,  0.09696705,  0.09039892],
       [-0.05687907,  0.01429676,  0.00644022, -0.03734318, -0.12645186],
       [ 0.0954024 , -0.052513  ,  0.02574688,  0.07206782,  0.11539211],
       [ 0.01158507, -0.09331139, -0.06973387, -0.01245326,  0.10542719],
       [ 0.0832787 , -0.10818198, -0.07509576,  0.0928522 ,  0.08822365],
       [-0.02747902, -0.11460941,  0.08747131, -0.15441362,  0.05486521],
       [-0.09981136,  0.0184015 , -0.04143578,  0.05772639, -0.1062116 ],
       [-0.14605634, -0.02016002,  0.02953281,  0.04221769, -0.07912414],
       [-0.08047621,  0.09432753,  0.07200088,  0.08031807,  0.07980961],
       [-0.08501718, -0.1741378 , -0.05015583, -0.01836198, -0.09196965],
       [ 0.11581287,  0.14903436,  0.07614403,  0.04595548,  0.09206009],
       [ 0.05356203,  0.10999814, -0.01153385, -0.02203368,  0.09270461],
       [ 0.11623673,  0.06142174, -0.02231751,  0.07622455,  0.07810731],
       [ 0.00456888, -0.00353618,  0.09422944, -0.12875386,  0.04456758],
       [-0.11883594, -0.14869039, -0.07974327,  0.05071972, -0.08356425],
       [ 0.06062845,  0.12623348,  0.03860442,  0.01441072, -0.07802828],
       [ 0.09933871, -0.06999839, -0.08050619, -0.09185325,  0.08974975],
       [-0.13688354,  0.10204391,  0.05610601,  0.06135795, -0.09036996],
       [-0.06262445,  0.11934438,  0.11829097,  0.10833934, -0.08019716],
       [-0.10994112,  0.12649466,  0.10783915,  0.0146274 , -0.06895485],
       [ 0.00212854,  0.09317094, -0.03643319,  0.15125254, -0.03766366],
       [ 0.13015238, -0.06478685, -0.03902915, -0.14303451,  0.08064406],
       [ 0.14748127, -0.00968317, -0.02982849, -0.0482041 , -0.09149153],
       [-0.11789957, -0.01685353,  0.05507928,  0.07571066,  0.0913948 ],
       [-0.15853927, -0.0529236 , -0.01943058,  0.00906034,  0.08326319],
       [-0.08536761, -0.08089299, -0.03809167,  0.1006642 ,  0.07671157],
       [-0.10485133, -0.08038648,  0.08261058, -0.11232334,  0.04338477],
       [ 0.1021709 , -0.00598793, -0.07242406,  0.02938855, -0.09183353],
       [-0.07531338, -0.07011966, -0.03269953, -0.00272326, -0.11578725],
       [ 0.00997438, -0.01609158,  0.06990799,  0.0768632 , -0.10568871],
       [-0.0695827 ,  0.02367418,  0.07396991, -0.04526184, -0.0895746 ],
       [ 0.03390835,  0.05580814, -0.08587665,  0.18763322, -0.05397868],
       [ 0.08225697,  0.08684021,  0.04276359, -0.11903728,  0.10437219],
       [ 0.03171087, -0.01909176, -0.03843357, -0.04027681,  0.10584171],
       [ 0.12072746, -0.05710414, -0.05595983,  0.08339653,  0.0982637 ],
       [-0.01466807, -0.07392196,  0.10708997, -0.17185572,  0.05529122],
       [-0.12163182, -0.055806  , -0.07714319,  0.0855667 , -0.10540401],
       [ 0.04225398, -0.0944217 , -0.13012902,  0.00794731,  0.08926156],
       [-0.04667876, -0.07897337,  0.05427162, -0.17159689,  0.0443813 ],
       [-0.03853499, -0.0100608 ,  0.02038364,  0.14354156, -0.09586251],
       [-0.00474223, -0.09187192,  0.03198896, -0.11156133,  0.04305395],
       [-0.12328747,  0.02749762,  0.0358237 ,  0.03106912, -0.08986645],
       [ 0.01205003,  0.05401469, -0.08546844,  0.18118559, -0.04281266]])})
2026-01-20 11:00:37,879 - final_problem_set.kxor_instance_n17_k2_m126_ell2_eps0.3_kappa1.0_rho1.0 - INFO - Running key extraction (n=17, m=126, ell=2, phase_qubits=12)
2026-01-20 11:00:37,881 - final_problem_set.kxor_instance_n17_k2_m126_ell2_eps0.3_kappa1.0_rho1.0 - INFO - Built voting matrix V (n=17, ell=2, dtype=complex128) in 0.001s
2026-01-20 11:00:37,881 - final_problem_set.kxor_instance_n17_k2_m126_ell2_eps0.3_kappa1.0_rho1.0 - INFO - Eval: adv=1.0000, hamming=0/17 (0.000), corr=1.000
2026-01-20 11:00:37,881 - final_problem_set.kxor_instance_n17_k2_m126_ell2_eps0.3_kappa1.0_rho1.0 - INFO - Key extraction complete: x_hat=0
2026-01-20 11:00:37,881 - final_problem_set.kxor_instance_n17_k2_m126_ell2_eps0.3_kappa1.0_rho1.0 - INFO - Finished step 'KeyExtractionStep' in 0.002s (success: True, problem=kxor_instance_n17_k2_m126_ell2_eps0.3_kappa1.0_rho1.0)
2026-01-20 11:00:37,881 - final_problem_set.kxor_instance_n17_k2_m126_ell2_eps0.3_kappa1.0_rho1.0 - INFO - SUCCESS: len(z_hat)=17
2026-01-20 11:00:37,881 - final_problem_set.kxor_instance_n17_k2_m126_ell2_eps0.3_kappa1.0_rho1.0 - INFO - Metrics: adv=1.0, ham_frac=0.0, corr=1.0
2026-01-20 11:00:37,881 - final_problem_set.kxor_instance_n17_k2_m126_ell2_eps0.3_kappa1.0_rho1.0 - INFO - z_hat (full): [-1, -1,  1, -1,  1,  1, -1,  1,  1, -1,  1, -1,  1,  1,  1,  1, -1]
