2026-01-20 11:00:40,622 - final_problem_set.kxor_instance_n18_k2_m120_ell2_eps0.15_kappa1.0_rho0.0 - INFO - Starting iteration for /Users/julian/CodingProjects/UniT3/QuarticSpeedupK-XOR/z_Daphne/data/final_problem_set/kxor_instance_n18_k2_m120_ell2_eps0.15_kappa1.0_rho0.0.npz
2026-01-20 11:00:40,624 - final_problem_set.kxor_instance_n18_k2_m120_ell2_eps0.15_kappa1.0_rho0.0 - INFO - Loaded instance (n=18, m=120, k=2)
2026-01-20 11:00:40,624 - final_problem_set.kxor_instance_n18_k2_m120_ell2_eps0.15_kappa1.0_rho0.0 - INFO - Starting step 'ComputeKikuchiStep' (version 0.1) on problem kxor_instance_n18_k2_m120_ell2_eps0.15_kappa1.0_rho0.0 (fields={'ell': 2, 'threshold': 0.0})
2026-01-20 11:00:40,637 - final_problem_set.kxor_instance_n18_k2_m120_ell2_eps0.15_kappa1.0_rho0.0 - INFO - Finished step 'ComputeKikuchiStep' in 0.013s (success: True, problem=kxor_instance_n18_k2_m120_ell2_eps0.15_kappa1.0_rho0.0)
2026-01-20 11:00:40,637 - final_problem_set.kxor_instance_n18_k2_m120_ell2_eps0.15_kappa1.0_rho0.0 - INFO - Starting step 'ClassicalEigenvaluesStep' (version 0.1) on problem kxor_instance_n18_k2_m120_ell2_eps0.15_kappa1.0_rho0.0 (fields={'ell': 2, 'threshold': 0.0, 'kikuchi_matrix': <Dictionary Of Keys sparse matrix of dtype 'int64'
	with 2624 stored elements and shape (153, 153)>, 'num_eigenvalues': 5})
2026-01-20 11:00:40,681 - final_problem_set.kxor_instance_n18_k2_m120_ell2_eps0.15_kappa1.0_rho0.0 - INFO - Finished step 'ClassicalEigenvaluesStep' in 0.045s (success: True, problem=kxor_instance_n18_k2_m120_ell2_eps0.15_kappa1.0_rho0.0)
2026-01-20 11:00:40,681 - final_problem_set.kxor_instance_n18_k2_m120_ell2_eps0.15_kappa1.0_rho0.0 - INFO - Starting step 'KeyExtractionStep' (version 0.1) on problem kxor_instance_n18_k2_m120_ell2_eps0.15_kappa1.0_rho0.0 (fields={'ell': 2, 'threshold': 0.0, 'kikuchi_matrix': <Dictionary Of Keys sparse matrix of dtype 'int64'
	with 2624 stored elements and shape (153, 153)>, 'num_eigenvalues': 5, 'eigenvalues': array([-9.36410148, -8.79221671,  8.74199307,  9.31655165, 10.85618644]), 'eigenvectors': array([[-2.77794154e-02,  5.88367672e-02,  4.28349909e-02,  2.13366428e-02,  3.21676429e-02],
       [ 5.96392673e-02,  3.21274267e-02, -1.27972919e-02, -3.79057508e-02,  8.31780114e-02],
       [-1.90149793e-02, -4.65710818e-03,  2.15288933e-03,  9.86710703e-02, -6.38181907e-02],
       [-1.64660078e-02, -7.65298092e-02,  1.00549075e-01, -5.22601285e-02,  3.93751667e-02],
       [-2.86554896e-02,  1.22519027e-01, -2.41501260e-02, -8.95958938e-02,  3.10206587e-02],
       [-5.98291691e-02, -5.73014950e-02, -7.68918539e-05, -7.56154119e-02,  7.26564479e-02],
       [ 1.77149317e-02, -9.07337257e-02,  4.65176313e-02, -1.09621879e-02,  9.43383471e-02],
       [ 2.95873855e-03, -7.46579319e-02,  5.26696230e-02, -2.74709205e-03, -7.48592503e-02],
       [-6.82103613e-02, -1.54292508e-02, -1.22319460e-02,  1.77828810e-02,  7.29673046e-02],
       [ 5.87018114e-03,  1.44200488e-01, -2.10221985e-03,  1.62968686e-02,  6.00716948e-02],
       [ 3.22511985e-03, -4.24397298e-02, -2.22624579e-03, -1.17134716e-02,  9.75970657e-02],
       [ 7.44014813e-02,  2.52407013e-02,  1.47292098e-02, -4.52164463e-02, -5.46560441e-02],
       [-1.41505734e-02,  9.21175203e-02,  8.24998026e-02,  2.11534845e-02,  1.27602662e-02],
       [-2.69137475e-03, -2.78802343e-02, -6.08635505e-02, -2.74771853e-02, -1.07338321e-02],
       [-3.39603565e-02, -3.95879461e-02,  5.84544724e-02, -9.93853335e-02, -4.98502792e-02],
       [-3.78347163e-02, -1.49940172e-01, -7.48559682e-02,  1.77745241e-02, -4.58673292e-02],
       [-3.10618459e-02,  7.43483282e-02, -5.00706104e-03, -1.58465396e-02, -1.14001284e-01],
       [-8.70382977e-02, -1.12414497e-02,  6.52225225e-02,  2.95758390e-02,  6.05527739e-02],
       [ 2.26289386e-02, -4.85778268e-03, -3.75836626e-02,  4.48681515e-02, -5.80236063e-02],
       [ 3.60195652e-02,  8.66603773e-02,  7.97248047e-02, -6.90313932e-03,  2.63358195e-02],
       [-4.34918484e-03, -1.77633676e-01,  1.22153771e-02, -6.56450537e-02,  2.90470946e-02],
       [ 1.00504878e-01,  3.80322057e-02,  4.65381118e-02, -2.61103746e-02,  6.26304860e-02],
       [ 7.36314252e-04,  8.71489659e-02,  1.23945603e-01,  8.01684023e-02,  7.00396791e-02],
       [ 1.26656149e-02,  8.84531986e-02, -1.37918064e-02, -5.30282848e-02, -7.23412183e-02],
       [ 1.05253563e-01, -1.69769262e-02,  6.63551547e-02,  8.93003634e-02,  6.95094952e-02],
       [-3.78040425e-02, -1.85953573e-01,  5.05539230e-02,  6.60121094e-02,  4.89837307e-02],
       [ 8.41480911e-04,  5.12961652e-02,  1.01193328e-01,  8.40925002e-02,  1.01351500e-01],
       [-1.13524916e-01,  4.99303707e-03, -4.35194415e-02, -7.27495682e-02, -4.10400163e-02],
       [-5.53449342e-03, -1.35150139e-01,  6.35885979e-02,  2.78116003e-02,  2.30772553e-03],
       [ 6.01649063e-03,  2.33175618e-02, -6.40133354e-02, -4.26356862e-02, -6.74043710e-03],
       [ 6.07307968e-02,  5.09163246e-02, -8.78780170e-03, -1.02197060e-01, -3.91983907e-02],
       [ 8.58002534e-02,  1.81501210e-01, -8.37475363e-02, -2.32759675e-02, -3.73877927e-02],
       [ 3.11843158e-02, -1.68415016e-01, -8.18809601e-02, -7.42383454e-02, -8.15917357e-02],
       [-3.28864797e-02, -3.66058115e-02,  3.06156545e-02,  1.35044976e-01, -8.52103251e-02],
       [ 5.84454583e-02, -5.00485084e-02,  1.56449453e-01, -8.60994771e-02,  7.31135914e-02],
       [-1.80813637e-01,  4.94190572e-02, -5.03367736e-02, -1.36015947e-01,  3.97375223e-02],
       [ 3.30492759e-02, -6.53856726e-02, -3.03411786e-02, -1.06389338e-01,  9.57880691e-02],
       [ 7.12943793e-02, -3.86175181e-02,  3.06578625e-02, -4.41787083e-02,  1.78508350e-01],
       [ 8.84190072e-02, -2.95058655e-02,  1.34110158e-01,  5.87798817e-03, -1.16328244e-01],
       [ 6.34391709e-03, -5.97689819e-02, -7.96380713e-02,  1.43692402e-02,  1.35536336e-01],
       [-1.24379964e-01,  9.77182106e-02, -4.75773060e-02,  9.98765558e-03,  1.07022487e-01],
       [ 1.56780881e-04, -4.38824981e-02, -8.46734702e-02, -3.77090003e-02,  1.77782195e-01],
       [-3.13703304e-03,  6.08097321e-02,  4.93912235e-02, -4.67806306e-02, -7.95666257e-02],
       [-1.13271716e-01,  3.42051175e-02,  1.42557386e-01,  2.60151556e-02,  2.12516564e-02],
       [ 2.73355957e-03, -2.75058230e-02, -9.24202027e-02, -3.26380053e-02, -2.97425751e-02],
       [ 2.32595799e-02, -7.10680945e-02,  1.36185259e-01, -1.35423546e-01, -8.43839326e-02],
       [ 8.82305104e-02, -1.23492616e-01, -1.03349864e-01,  4.82647591e-02, -8.98999406e-02],
       [-1.11655691e-01,  1.66922651e-02,  4.79647479e-02,  5.25523244e-03, -1.62475550e-01],
       [ 9.88125326e-03,  3.39461546e-02, -9.34830035e-02,  8.80400016e-02, -4.31936418e-02],
       [ 2.88206535e-02, -7.20189242e-03,  1.71361681e-02,  1.04973830e-01, -2.70110317e-02],
       [ 2.93117321e-02,  1.99042813e-02,  9.64257615e-03,  1.08715500e-01, -5.10941205e-02],
       [-1.07942341e-02,  1.60569355e-02, -3.10761350e-02,  2.02066676e-01, -1.50473962e-01],
       [-1.36334834e-02,  1.18290444e-02, -7.71436252e-02, -6.19461716e-02,  6.39108157e-02],
       [ 3.17850516e-02,  2.09064696e-02,  5.84709347e-02,  1.14349106e-01, -1.11724348e-01],
       [ 1.79458586e-03, -4.69009155e-02,  3.38612480e-02,  8.34356921e-02, -7.88538627e-02],
       [-8.68036058e-04,  1.79637962e-02,  5.08520363e-02,  1.78252922e-01, -1.21165646e-01],
       [-3.71923633e-02, -2.48940949e-02, -3.80917742e-02, -4.93241720e-02,  6.86415939e-02],
       [ 1.24713608e-02, -2.05419329e-02, -8.80199991e-02,  2.65068925e-03, -1.93772971e-02],
       [-1.51105989e-03,  6.65206824e-03,  6.16336001e-02, -3.36612487e-02,  3.27820660e-02],
       [ 1.65709862e-02,  1.21661188e-02, -1.03399084e-01,  1.56809621e-02,  7.18207506e-02],
       [ 1.82878743e-02,  5.52146511e-02,  6.28610758e-02, -8.45501623e-02,  5.16982460e-02],
       [ 2.47890727e-02, -1.63560510e-02, -3.27589797e-02, -1.16442647e-01,  1.13678906e-01],
       [ 1.19394877e-01,  1.31179498e-01,  6.00802003e-02, -1.04210796e-01,  2.37860284e-02],
       [-9.90139059e-02,  1.66319208e-02,  1.07726388e-01, -8.78681418e-02,  5.19190830e-02],
       [-4.81969206e-02, -6.32574672e-02,  2.16584760e-01, -8.96547011e-02,  6.92432856e-02],
       [-7.16861716e-02, -6.85380215e-02, -7.64580701e-02,  1.98803146e-02, -6.25719990e-02],
       [-7.95295866e-02,  6.44206428e-02,  1.44333590e-01, -3.55151554e-02,  7.31894817e-02],
       [ 8.35985254e-02,  6.09412505e-02,  9.65812043e-02, -2.48009391e-02,  4.39578698e-02],
       [ 2.37308860e-03, -1.61439794e-03,  2.14074583e-01, -7.86176519e-02,  1.04472459e-01],
       [ 7.59660040e-02, -5.49763676e-02, -9.22671313e-02, -9.76441094e-04, -5.07561943e-02],
       [ 6.17332765e-02,  6.80186509e-02,  4.30466194e-02,  1.41324209e-02, -3.15286147e-04],
       [-9.33204360e-03, -8.10560959e-03, -7.19348154e-02,  2.53176341e-03, -1.08811390e-02],
       [-6.38331878e-02,  1.76947014e-02, -5.27965935e-02, -6.21564429e-02, -5.40284226e-02],
       [-1.03871980e-01, -4.69178796e-02, -8.97655846e-02,  3.17968905e-02, -2.76561889e-02],
       [ 4.51824008e-02,  1.10806930e-01, -1.51435589e-01,  4.12398234e-02, -7.40800709e-02],
       [ 2.15063149e-01, -2.39915796e-02, -2.34274192e-02, -1.01524730e-01,  3.02007220e-02],
       [ 2.77873126e-02,  1.21648995e-01, -4.85526783e-02, -2.17932476e-01,  6.33115156e-02],
       [ 8.31071449e-02,  1.28580063e-01,  1.07169992e-01,  9.04254787e-02, -5.43181407e-02],
       [ 2.17022775e-01, -1.06872570e-01, -9.22557747e-02, -1.33058439e-01,  6.64940270e-02],
       [-1.35805315e-01, -2.01223805e-01, -5.97634568e-02, -1.02456891e-01,  5.17683021e-02],
       [-3.27158914e-03,  5.72570729e-02, -1.00968665e-01, -2.01821405e-01,  8.35629120e-02],
       [-2.30554937e-01,  8.53336646e-02,  5.64991839e-02,  7.03132990e-02, -3.66540809e-02],
       [-7.44383175e-02, -1.66992675e-01,  5.00418327e-02, -2.46889416e-02,  3.46319160e-03],
       [ 1.35319029e-02,  3.43836089e-02, -2.47869268e-02,  3.89036301e-02, -1.19434311e-02],
       [ 1.15239425e-01, -2.04233991e-02,  1.14960059e-01,  1.62715805e-02, -4.70160242e-02],
       [ 2.06046333e-01,  1.69931141e-01, -2.91011527e-02,  1.03703092e-01, -3.06047032e-02],
       [-3.68172939e-03, -2.26673816e-01,  6.89083340e-02,  1.34185381e-01, -5.80653130e-02],
       [-9.43377565e-02,  2.12748513e-02,  3.92858781e-02, -1.48327023e-01,  1.57441379e-01],
       [-1.07613948e-01,  3.81964915e-03,  7.29214633e-02,  4.19856444e-02, -6.39234881e-02],
       [-4.80503996e-02,  7.26116993e-02, -5.60710481e-02, -7.62898322e-02,  1.28127322e-01],
       [ 1.90265440e-01, -4.34586082e-02, -2.62772119e-02, -5.54398412e-02,  8.37552761e-02],
       [-1.42196728e-02,  4.21927648e-02, -4.60707106e-02, -1.28341390e-01,  1.27092912e-01],
       [ 5.08091812e-02, -6.85867550e-02,  3.91784086e-02,  2.84663593e-02, -7.16007424e-02],
       [ 1.50246211e-01,  7.51640316e-03,  9.42925885e-02,  2.53884853e-03,  1.72703137e-02],
       [-8.09512394e-03,  2.19152321e-02, -6.20460967e-02,  1.05761915e-02, -3.00447502e-02],
       [-6.32743777e-02,  6.51276215e-02,  9.18678253e-02, -3.97830876e-02, -6.65012539e-02],
       [-1.66070906e-01,  7.70552869e-02, -6.13545547e-02,  5.59112214e-02, -4.46253621e-02],
       [ 1.39512669e-01,  4.59036606e-02,  2.62449910e-02,  7.61848661e-02, -9.94393172e-02],
       [-3.46025657e-02, -7.96994836e-02,  5.92613702e-02, -4.04147355e-02, -1.67039955e-01],
       [-9.59291614e-02,  6.74999757e-02,  2.79277750e-02,  9.91495326e-02,  1.72049250e-01],
       [ 3.87657557e-02,  9.51891426e-02,  3.34971074e-02,  7.09348873e-02,  1.18186967e-01],
       [ 7.47113897e-03, -3.76585399e-02,  6.82816950e-02,  3.90394233e-02,  2.45293484e-01],
       [ 1.00582691e-01, -5.63541278e-02, -1.62988030e-03, -1.11204121e-01, -9.63088675e-02],
       [ 2.09089230e-02,  8.06068585e-02,  1.70154171e-01,  5.05073649e-02, -3.21038159e-03],
       [-4.91066346e-03, -1.11955020e-02, -1.27863117e-01, -7.19707189e-02, -1.08338092e-02],
       [-4.45495349e-02,  7.16157399e-04,  7.28926710e-02, -2.55690488e-01, -1.11609538e-01],
       [-6.64576570e-02, -8.27026685e-02, -1.63204012e-01,  1.90551205e-02, -7.68574731e-02],
       [-1.66091986e-02,  1.65477367e-01, -6.33189929e-02, -5.84149513e-02, -1.80935544e-01],
       [-1.01815086e-01,  5.48966721e-02,  9.50100380e-02, -3.33400278e-02, -9.20461365e-02],
       [ 1.03961736e-01,  1.23297958e-01,  6.52608277e-02, -3.54785534e-02, -7.31472570e-02],
       [-2.25530476e-03, -1.10192343e-02,  1.40022131e-01, -2.90065869e-02, -1.23401728e-01],
       [ 1.17232661e-01, -4.21778416e-02, -7.72359880e-02,  5.55872107e-02,  6.79991608e-02],
       [ 6.56427066e-02,  1.14845437e-01, -1.03101739e-01, -3.22486306e-02, -2.00807246e-02],
       [-1.70650728e-03, -2.06845984e-03,  4.25479977e-02,  4.50332453e-02,  3.60321735e-02],
       [-8.18375792e-02,  1.05916811e-03, -8.31293411e-02,  8.43526399e-02,  4.23507634e-02],
       [-1.42433173e-01, -9.96966413e-02,  4.06929404e-02,  1.09784727e-02,  5.32430692e-02],
       [ 2.81605704e-02,  1.20687723e-01, -7.69180458e-02,  2.75675973e-02,  9.34296379e-02],
       [ 1.56520862e-01, -1.31930822e-01, -2.40489971e-02,  6.90392315e-02,  7.92119492e-02],
       [-9.11365901e-03,  6.30929294e-02, -7.57547544e-02,  8.47301622e-02,  1.72288503e-01],
       [ 1.48074203e-02, -5.49528406e-02,  5.64755081e-02, -1.35902581e-01, -9.68937127e-02],
       [ 1.38499980e-01, -5.76947106e-02,  1.44322278e-01,  5.22384974e-02,  1.76364037e-02],
       [-6.63700521e-03,  3.33265594e-02, -9.05176179e-02, -7.83192864e-02, -2.71285327e-02],
       [-4.02124934e-02,  6.53200132e-02,  8.57342412e-02, -1.72456548e-01, -5.68496611e-02],
       [-1.52496988e-01,  1.54677642e-01, -9.85324083e-02, -2.56067219e-02, -8.00029989e-02],
       [ 1.38751613e-01, -3.66802968e-02,  2.87150714e-02, -7.85398793e-02, -1.34778053e-01],
       [-1.90948211e-02,  9.10319590e-03, -3.06714661e-02,  6.24888869e-02,  1.18565353e-01],
       [-1.74144541e-01,  1.12140769e-01,  2.30834408e-02, -8.87893949e-02, -6.20357859e-02],
       [-7.99862253e-02, -1.24685915e-01,  9.89472742e-02,  4.52514357e-02,  1.47030710e-02],
       [ 1.14221791e-02,  1.75872227e-02, -6.88073778e-02, -5.54592300e-02, -1.69468031e-02],
       [ 9.69711978e-02, -4.15446385e-02,  5.70293658e-02, -1.40154458e-01, -4.73674357e-02],
       [ 1.69296682e-01,  8.04812017e-02, -8.15262377e-02, -2.22739492e-02, -5.60320537e-02],
       [-2.98482865e-02, -1.88968514e-01,  7.64536761e-03, -5.90981716e-02, -9.31976972e-02],
       [ 5.97214232e-03, -6.04472544e-02,  5.44036743e-02, -1.03290924e-01, -9.90555467e-02],
       [ 3.85617545e-03,  4.89436147e-02,  1.93224524e-01,  6.14953342e-02,  4.87662900e-02],
       [ 2.56763130e-03,  3.43930284e-03, -1.36182055e-01, -7.16383604e-02, -2.57636729e-02],
       [ 7.21244040e-03,  1.78081072e-02,  1.35121276e-01, -2.18148206e-01, -8.58026763e-02],
       [ 2.93288480e-02,  7.92375658e-03, -1.44854472e-01,  1.04224575e-02, -8.36870927e-02],
       [-1.16043514e-02,  4.69230600e-02,  4.32637680e-02, -6.19932210e-02, -2.13200923e-01],
       [-1.47397198e-01,  4.55503174e-02, -8.73606025e-02, -3.18124514e-02, -7.74808889e-03],
       [ 7.58318067e-03, -3.04412235e-02,  5.47234171e-02,  5.62048120e-02,  1.12246276e-02],
       [ 3.74957786e-02, -6.43772107e-02, -5.52247751e-02,  1.21610118e-01,  3.72575065e-02],
       [ 1.37869662e-01, -1.38960570e-01,  5.09925534e-02,  1.73446224e-02,  3.50164086e-02],
       [-1.46043645e-01,  2.29001213e-02, -2.88039812e-02,  7.85411348e-02,  7.64294162e-02],
       [ 1.60197723e-02,  3.86764555e-02, -2.69030809e-02, -1.37088664e-02, -4.65961600e-04],
       [ 8.43421955e-02, -2.85171098e-04, -8.51745990e-02, -4.91797353e-02, -1.27854141e-02],
       [ 1.48524738e-01,  1.28147465e-01, -5.89192301e-02, -1.75348050e-02, -1.94484741e-03],
       [-5.34719530e-03, -1.41618736e-01, -1.41534610e-01, -3.54002296e-02, -1.94610428e-04],
       [-4.43775890e-03,  6.98341111e-03,  3.65053125e-02,  8.98806723e-02,  1.56256107e-02],
       [-8.28646916e-03, -1.54533756e-03,  6.70969872e-02,  1.86045428e-02,  9.57401712e-03],
       [ 5.36718755e-03,  4.14865552e-02,  9.29080172e-02,  6.40696087e-02,  3.18996381e-02],
       [-7.53362311e-02,  7.08121332e-02,  3.07164201e-02,  9.49230810e-02,  4.42484418e-02],
       [ 6.87963615e-02,  9.17878940e-03, -7.20288520e-02,  1.55809875e-01,  6.54596109e-02],
       [ 8.25582570e-02,  1.81946729e-01,  9.75947565e-02,  3.63051994e-03,  5.90994943e-02]])})
2026-01-20 11:00:40,683 - final_problem_set.kxor_instance_n18_k2_m120_ell2_eps0.15_kappa1.0_rho0.0 - INFO - Running key extraction (n=18, m=120, ell=2, phase_qubits=12)
2026-01-20 11:00:40,684 - final_problem_set.kxor_instance_n18_k2_m120_ell2_eps0.15_kappa1.0_rho0.0 - INFO - Built voting matrix V (n=18, ell=2, dtype=complex128) in 0.002s
2026-01-20 11:00:40,685 - final_problem_set.kxor_instance_n18_k2_m120_ell2_eps0.15_kappa1.0_rho0.0 - INFO - Eval: adv=0.3333 (no ground-truth z available)
2026-01-20 11:00:40,685 - final_problem_set.kxor_instance_n18_k2_m120_ell2_eps0.15_kappa1.0_rho0.0 - INFO - Key extraction complete: x_hat=11
2026-01-20 11:00:40,685 - final_problem_set.kxor_instance_n18_k2_m120_ell2_eps0.15_kappa1.0_rho0.0 - INFO - Finished step 'KeyExtractionStep' in 0.002s (success: True, problem=kxor_instance_n18_k2_m120_ell2_eps0.15_kappa1.0_rho0.0)
2026-01-20 11:00:40,685 - final_problem_set.kxor_instance_n18_k2_m120_ell2_eps0.15_kappa1.0_rho0.0 - INFO - SUCCESS: len(z_hat)=18
2026-01-20 11:00:40,685 - final_problem_set.kxor_instance_n18_k2_m120_ell2_eps0.15_kappa1.0_rho0.0 - INFO - Metrics: adv=0.3333333333333333, ham_frac=None, corr=None
2026-01-20 11:00:40,685 - final_problem_set.kxor_instance_n18_k2_m120_ell2_eps0.15_kappa1.0_rho0.0 - INFO - z_hat (full): [-1, -1, -1,  1, -1, -1, -1, -1,  1, -1, -1, -1,  1, -1,  1,  1,  1,  1]
