2026-01-20 11:00:38,415 - final_problem_set.kxor_instance_n17_k2_m148_ell2_eps0.25_kappa0.875_rho0.2 - INFO - Starting iteration for /Users/julian/CodingProjects/UniT3/QuarticSpeedupK-XOR/z_Daphne/data/final_problem_set/kxor_instance_n17_k2_m148_ell2_eps0.25_kappa0.875_rho0.2.npz
2026-01-20 11:00:38,416 - final_problem_set.kxor_instance_n17_k2_m148_ell2_eps0.25_kappa0.875_rho0.2 - INFO - Loaded instance (n=17, m=148, k=2)
2026-01-20 11:00:38,416 - final_problem_set.kxor_instance_n17_k2_m148_ell2_eps0.25_kappa0.875_rho0.2 - INFO - Starting step 'ComputeKikuchiStep' (version 0.1) on problem kxor_instance_n17_k2_m148_ell2_eps0.25_kappa0.875_rho0.2 (fields={'ell': 2, 'threshold': 0.0})
2026-01-20 11:00:38,431 - final_problem_set.kxor_instance_n17_k2_m148_ell2_eps0.25_kappa0.875_rho0.2 - INFO - Finished step 'ComputeKikuchiStep' in 0.015s (success: True, problem=kxor_instance_n17_k2_m148_ell2_eps0.25_kappa0.875_rho0.2)
2026-01-20 11:00:38,431 - final_problem_set.kxor_instance_n17_k2_m148_ell2_eps0.25_kappa0.875_rho0.2 - INFO - Starting step 'ClassicalEigenvaluesStep' (version 0.1) on problem kxor_instance_n17_k2_m148_ell2_eps0.25_kappa0.875_rho0.2 (fields={'ell': 2, 'threshold': 0.0, 'kikuchi_matrix': <Dictionary Of Keys sparse matrix of dtype 'int64'
	with 2580 stored elements and shape (136, 136)>, 'num_eigenvalues': 5})
2026-01-20 11:00:38,493 - final_problem_set.kxor_instance_n17_k2_m148_ell2_eps0.25_kappa0.875_rho0.2 - INFO - Finished step 'ClassicalEigenvaluesStep' in 0.062s (success: True, problem=kxor_instance_n17_k2_m148_ell2_eps0.25_kappa0.875_rho0.2)
2026-01-20 11:00:38,495 - final_problem_set.kxor_instance_n17_k2_m148_ell2_eps0.25_kappa0.875_rho0.2 - INFO - Starting step 'KeyExtractionStep' (version 0.1) on problem kxor_instance_n17_k2_m148_ell2_eps0.25_kappa0.875_rho0.2 (fields={'ell': 2, 'threshold': 0.0, 'kikuchi_matrix': <Dictionary Of Keys sparse matrix of dtype 'int64'
	with 2580 stored elements and shape (136, 136)>, 'num_eigenvalues': 5, 'eigenvalues': array([-10.53507807,  -9.66215793,   8.84989822,  10.14882226,  10.63839446]), 'eigenvectors': array([[-8.37430908e-03, -3.20115529e-02,  1.33376429e-02,  3.55956822e-02,  2.50782207e-03],
       [-2.80854145e-02, -1.09155309e-01, -3.34442055e-02, -7.82756557e-02, -2.43431258e-02],
       [-3.24937636e-03, -5.93925619e-02,  9.57907276e-03, -3.25606549e-02, -4.13709722e-03],
       [-7.04264854e-02, -2.15989887e-01, -2.06567159e-04,  1.62122382e-02, -8.19871691e-03],
       [ 1.50562131e-02,  1.31885623e-01, -4.68842970e-02, -3.45411155e-02, -3.00949578e-02],
       [-1.47500404e-02, -1.77171631e-01,  6.37856168e-02,  8.13546870e-02,  4.91379853e-02],
       [-1.25097567e-02, -1.49248178e-01, -3.25856600e-02,  8.80871525e-03,  1.01616462e-03],
       [-1.41609618e-02,  2.62515622e-02,  3.33888456e-02,  8.50718450e-02,  1.22399696e-02],
       [ 1.85720356e-02,  4.22257667e-02,  1.55014032e-02,  8.44858623e-02,  2.82969513e-02],
       [-4.97516661e-02, -4.91182283e-02,  3.05846505e-02,  2.33932447e-02,  2.27376561e-02],
       [ 2.53652618e-02,  5.68404755e-02,  2.16542807e-04,  3.89886235e-02,  1.10732887e-03],
       [ 4.67170810e-02,  1.67451912e-01,  2.64696477e-02, -2.03104193e-02,  7.36405518e-03],
       [-6.42798914e-03, -5.97231810e-02, -2.78244493e-02, -1.00750329e-01, -3.03492751e-02],
       [ 1.67237819e-02,  4.55428505e-02, -3.95861525e-02, -8.45009358e-02, -1.94694989e-02],
       [-4.91982057e-02, -1.64200957e-01, -1.75190779e-02, -3.11588059e-02, -2.02869356e-02],
       [ 4.36829157e-02,  1.41290632e-01,  2.15347918e-02,  3.27160057e-02,  6.88906077e-03],
       [-5.57060019e-02,  4.64596710e-03, -5.84955083e-02, -1.14670981e-01, -4.04288421e-02],
       [-1.85826985e-02, -2.57247143e-02,  4.34413025e-02, -6.93760943e-02, -7.30713240e-03],
       [-1.16885413e-01,  1.25117888e-02, -2.28441994e-02,  3.54005582e-02, -1.83698397e-02],
       [ 6.36900761e-02,  1.73287047e-02, -7.71886028e-02, -5.36539548e-02, -4.41790312e-02],
       [-7.82606088e-02, -4.68312481e-03,  9.78908851e-02,  1.10454053e-01,  5.93635891e-02],
       [-5.69721606e-02, -3.07806296e-04, -5.14694250e-02,  1.31530043e-02,  7.84768417e-03],
       [ 1.06766301e-04,  3.17475460e-02,  5.15363307e-02,  1.29670932e-01,  2.69540924e-02],
       [ 1.18662304e-02, -6.53400940e-03,  4.39730572e-02,  1.16666435e-01,  4.10142984e-02],
       [-3.31357322e-02,  1.48608453e-02,  8.66507490e-02,  1.15147465e-02,  4.19970628e-02],
       [ 3.90225001e-02, -2.84195150e-02, -1.27661177e-02,  6.57336273e-02, -6.74605019e-04],
       [ 7.30656127e-02, -2.91892421e-03,  4.95032501e-02, -3.71082853e-02,  1.26900221e-02],
       [-3.43466635e-02,  1.05776356e-02, -4.39142278e-02, -1.49225236e-01, -5.05039917e-02],
       [ 1.92960923e-02, -9.99166947e-03, -9.75257844e-02, -1.06268942e-01, -6.47076129e-02],
       [-7.79441207e-02,  1.11842066e-02, -2.94761869e-02, -4.21568580e-02, -3.22522332e-02],
       [ 4.48149777e-02,  5.88585232e-03,  3.18402641e-02,  3.97176862e-02,  8.05675513e-03],
       [-2.00048620e-02, -9.18100962e-02, -1.45098302e-01,  9.50175860e-02,  5.70281703e-02],
       [-8.87071776e-02, -2.27688786e-03, -2.73399235e-02, -1.56957348e-01,  4.10496219e-02],
       [ 7.41731341e-02,  5.65286356e-02,  6.85097039e-02, -5.31240368e-02,  1.15418304e-01],
       [-1.00558420e-01, -3.91239006e-02, -9.07848417e-02, -1.58311871e-02, -1.67910579e-01],
       [-1.06126457e-01, -4.54522960e-02,  1.76371741e-01,  4.20377038e-02, -3.93881593e-02],
       [ 1.14345785e-02,  1.01542382e-01, -3.07695514e-03, -9.50050780e-02, -1.66565100e-01],
       [ 7.92414952e-02, -6.50589699e-02,  5.51649491e-02, -2.48572171e-02, -1.68018733e-01],
       [-6.78364242e-02,  9.88984848e-02, -1.17928087e-01,  8.43582971e-02, -8.97797035e-02],
       [ 3.46505873e-02, -5.44673149e-02,  1.65379683e-02, -1.46974141e-01, -3.34378077e-02],
       [ 1.16019581e-01, -9.42760747e-03, -1.01759008e-01,  8.95907214e-02,  1.18580255e-02],
       [-3.65056815e-02,  4.19424489e-03, -1.79219215e-02,  7.92570400e-02,  1.75481386e-01],
       [ 1.51874790e-02, -1.70064901e-02,  6.64088350e-02, -3.30475832e-03,  1.68262479e-01],
       [-8.15091170e-02,  1.34410006e-02, -1.85117824e-02, -3.51674198e-02,  1.20254359e-01],
       [ 1.01178652e-01,  6.61333722e-04, -1.24275210e-01, -1.01376507e-01, -2.96310787e-02],
       [-3.07885913e-02, -1.72196956e-01, -2.86302136e-02, -5.17093609e-02,  2.59822402e-02],
       [ 2.59149592e-02,  1.39492771e-01, -9.17295695e-02,  2.78399141e-02,  6.24769020e-02],
       [-3.81745041e-02, -1.70849575e-01,  1.36575826e-01, -8.42114136e-02, -8.63850346e-02],
       [-2.28391062e-02, -1.33408744e-01,  6.65184838e-02,  6.63649490e-03, -6.15941211e-04],
       [-3.32553974e-03,  4.96500548e-02,  2.03854491e-01, -1.24687039e-01, -6.03689269e-02],
       [ 3.21058240e-02,  2.41939867e-02,  1.77877352e-01, -8.76686928e-02, -5.00941293e-02],
       [-3.67759475e-02, -1.96864520e-02,  1.21101048e-02,  7.96938881e-03, -5.06495085e-02],
       [ 2.31105158e-02,  3.50971043e-02,  4.46301892e-02, -6.56298568e-02, -4.28774790e-03],
       [ 4.98795397e-02,  1.38249435e-01, -6.72780468e-02,  4.55431195e-02, -1.81391266e-02],
       [-1.05996985e-02, -5.97613656e-02, -1.90476019e-01,  1.09740751e-01,  4.73228835e-02],
       [ 8.30826254e-03,  2.62784682e-02, -1.50894042e-01,  7.43036034e-02,  8.55094687e-02],
       [-4.10829360e-02, -1.31706446e-01, -8.60876343e-02,  2.31096722e-02,  3.96957418e-02],
       [ 2.94876990e-02,  1.07728543e-01,  5.63223788e-03, -6.08725633e-02, -1.17452567e-02],
       [ 1.49841935e-01,  1.10518395e-01, -5.26234139e-02, -1.24385933e-01,  1.21950876e-02],
       [-2.03177642e-01, -6.62855129e-02,  5.65991286e-02,  1.82385084e-01, -1.30153565e-02],
       [-1.91758288e-01, -6.67370909e-02,  1.88028606e-02,  3.58152913e-02, -1.45678490e-02],
       [ 1.13460997e-02,  2.03375714e-01,  3.10981008e-02,  1.90583511e-01, -5.51239870e-02],
       [ 1.53201547e-01, -1.31566604e-01,  2.33693675e-02,  1.87622001e-01, -1.86199755e-02],
       [-1.17743843e-01,  1.93847702e-01,  3.54434782e-02,  6.82410862e-02,  1.38827087e-02],
       [ 5.92454395e-02, -1.12685653e-01, -9.96265959e-03,  2.03911548e-02, -2.13698826e-02],
       [ 1.87297984e-01, -2.50101466e-02,  3.08313420e-02, -8.24235100e-03,  3.20976992e-02],
       [-4.26243271e-02,  9.65278327e-03, -5.77863099e-02, -1.99111290e-01,  7.00320526e-02],
       [ 1.17915488e-02, -3.71828066e-02, -6.40146871e-02, -1.83936696e-01,  6.00744570e-03],
       [-1.86180405e-01,  5.21558716e-02, -5.13446475e-02, -1.08042449e-01,  1.83230483e-02],
       [ 1.82750465e-01, -1.14432745e-02, -2.09899752e-02,  1.74680946e-02, -1.63296934e-02],
       [ 1.52757300e-01,  1.54417492e-01, -1.15166625e-01,  1.04942956e-01, -1.48061135e-01],
       [ 1.20967731e-01,  1.19603840e-01,  1.34843621e-01,  6.46742709e-02, -4.03488475e-02],
       [ 1.18381577e-02, -1.19403103e-01, -6.12035785e-02,  4.92107469e-02, -1.48423196e-01],
       [-9.52554296e-02,  3.60670682e-02,  1.18597478e-02,  1.09704282e-01, -1.66150222e-01],
       [ 1.04213979e-01, -7.48086428e-02, -8.56716949e-02,  1.05382912e-01, -5.97959145e-02],
       [-7.21393055e-02,  2.61102794e-02, -2.42864151e-02, -7.66328847e-02, -5.17029941e-02],
       [-1.40137218e-01, -7.91631253e-02, -5.21861956e-02,  4.33874275e-02,  3.13983153e-02],
       [ 3.20812618e-02,  1.51730337e-02,  4.15972136e-02, -6.80795332e-02,  1.54876795e-01],
       [-3.22424644e-02, -1.25453938e-02,  7.66670800e-02, -1.12135349e-01,  1.29943006e-01],
       [ 1.43526652e-01,  6.43785651e-02, -3.96906781e-03, -7.45107503e-02,  6.99796539e-02],
       [-1.47140422e-01, -8.91802776e-02, -1.27778720e-01, -5.39945732e-02, -3.15346584e-02],
       [-1.61573954e-01, -1.08085485e-01, -1.88036030e-01, -6.20359252e-02,  5.99497900e-02],
       [-1.74415275e-02,  1.67167381e-01,  6.91805111e-02,  4.48230324e-02,  2.15395004e-01],
       [ 9.79951228e-02, -8.80074544e-02, -1.81380365e-02, -3.15703157e-02,  2.06174240e-01],
       [-1.52512025e-01,  1.36184866e-01,  1.10425830e-01, -1.04656702e-01,  6.71966791e-02],
       [ 6.11222585e-02, -8.10715621e-02, -7.55755076e-03,  1.50107624e-01,  3.66963212e-02],
       [ 1.77303404e-01,  4.02133083e-02,  8.61842397e-02, -9.07060392e-02, -4.05793105e-02],
       [-4.67860096e-02, -5.72214607e-03, -3.69528664e-02, -2.41452902e-02, -2.25362830e-01],
       [ 4.43304716e-02, -3.72421683e-03, -1.13135174e-01,  6.20973859e-02, -1.94532425e-01],
       [-1.86030163e-01, -1.75205463e-02,  9.64125378e-03,  6.60716693e-02, -1.07102258e-01],
       [ 1.66346761e-01,  4.24608331e-02,  1.39947344e-01,  1.04280213e-01,  2.41812192e-02],
       [-4.78781555e-03,  1.50069738e-01, -2.26798840e-01, -4.11614036e-02,  4.48219544e-02],
       [ 8.99077205e-02, -6.72961241e-02, -1.90479038e-01, -5.27267357e-02,  1.97393727e-02],
       [-1.25926563e-01,  1.08526769e-01, -5.81524718e-02, -3.91940097e-02,  2.17987246e-02],
       [ 7.65165718e-02, -6.02808630e-02, -4.77848162e-02,  1.75471655e-02,  8.47801706e-03],
       [ 1.91610710e-01,  5.19242364e-02,  2.70794112e-02, -1.57997566e-02,  8.21530794e-03],
       [-4.27718695e-02, -2.91491189e-03,  2.16568046e-01,  6.07667642e-02, -2.27917696e-02],
       [ 3.71715157e-02, -6.50081693e-03,  2.06057358e-01,  6.73874227e-02, -4.89120155e-02],
       [-1.69979488e-01, -2.53755415e-02,  9.83792528e-02,  3.49507591e-02, -1.67005447e-02],
       [ 1.70967860e-01,  5.65238628e-02, -2.35258649e-02,  1.00459667e-02,  1.18949534e-02],
       [ 1.79260964e-04, -5.14703104e-02, -1.20674869e-01,  5.50337329e-02,  2.06814867e-01],
       [ 2.06488559e-02,  5.80955663e-02,  1.32871664e-01, -8.34704207e-02,  1.37631335e-01],
       [-7.88410031e-03, -5.77818937e-02, -3.48083574e-02,  1.67779035e-01,  2.21979293e-02],
       [ 1.46129430e-02, -1.62057848e-01,  1.31630227e-01, -9.62804765e-02,  1.16816622e-02],
       [-1.43683342e-02,  6.35095826e-02,  8.30083627e-02, -1.27417572e-01, -2.11368334e-01],
       [-4.01969489e-03, -4.39719084e-02, -3.79127709e-02, -1.94609144e-02, -2.20485334e-01],
       [ 2.98437474e-02,  1.52392518e-01,  4.16996326e-02,  3.38626085e-02, -1.11011446e-01],
       [-6.12366133e-03, -1.33154935e-01,  1.38859095e-01,  1.25738860e-01,  3.79149471e-02],
       [ 4.37251000e-02, -7.10803160e-02,  8.78800555e-02, -1.10019064e-01,  8.88457412e-02],
       [-4.48249269e-02,  8.09229249e-02, -4.44434952e-02,  1.62460365e-01,  4.35173061e-02],
       [-8.49365038e-02,  8.75248161e-02,  9.86325598e-02, -1.02646040e-01,  1.67756067e-03],
       [ 4.57160686e-02, -5.10539642e-02,  1.49759890e-01, -3.44829716e-02, -2.17531709e-01],
       [-2.09815919e-02,  2.97289724e-02,  4.79771418e-02,  5.85686207e-02, -2.06079008e-01],
       [ 1.06957740e-01, -1.06647457e-01,  9.29080109e-02,  7.36380117e-02, -1.24801505e-01],
       [-6.48420098e-02,  6.11615809e-02,  1.01260156e-01,  1.12301347e-01,  5.99834378e-02],
       [ 4.23411790e-02, -1.11197330e-01,  3.61874083e-02,  3.38237414e-02,  3.77139646e-02],
       [ 1.00583740e-01, -1.48489070e-01, -1.43710159e-03, -1.80602438e-02, -3.46961259e-02],
       [-5.20139713e-02,  7.20484568e-02, -1.15792622e-01,  1.04924179e-01, -1.23357931e-01],
       [ 1.46046361e-02, -6.76665362e-02, -1.04955219e-01,  1.13086475e-01, -6.77616057e-02],
       [-9.48841991e-02,  1.53837717e-01, -2.85702781e-02,  6.65346280e-02, -4.69498541e-02],
       [ 7.65749711e-02, -1.04485672e-01,  7.42063979e-02,  2.36117164e-02,  2.35193118e-02],
       [-6.01684706e-02,  9.60929413e-02,  4.55659679e-02, -3.02787035e-02,  1.11292765e-02],
       [ 1.81610424e-02, -3.70301662e-02,  4.40932869e-02, -1.86370728e-01, -3.98702128e-02],
       [-5.22538886e-03,  3.39083671e-02, -6.02363614e-03, -1.49826567e-01, -5.93683273e-02],
       [ 5.81812502e-02, -1.00656867e-01,  1.55742629e-02, -6.40238071e-02, -3.25292896e-02],
       [-7.98225102e-02,  9.00416586e-02,  5.82432391e-03,  4.19424548e-02,  4.79471749e-04],
       [ 3.94995257e-02, -1.23109807e-02, -1.30329723e-01,  1.04062864e-01, -9.61222652e-03],
       [-1.08635365e-02,  2.67998073e-02, -8.92329032e-02,  8.58834233e-02,  4.70017519e-02],
       [ 2.07022659e-01, -5.69430955e-02, -5.17143924e-02,  3.74368541e-02,  1.05725382e-02],
       [-1.53106848e-01,  7.93121544e-03,  2.47328458e-02, -1.95748649e-02, -2.95920260e-03],
       [ 3.06921187e-03, -3.49923411e-03,  5.32758443e-03, -3.54620345e-03,  2.33532884e-01],
       [-8.39735850e-02,  3.72467817e-02, -4.90074111e-02, -4.58324988e-02,  1.09085661e-01],
       [ 7.91863655e-02, -1.10809660e-02, -1.42174523e-01, -1.19459831e-01, -2.35116862e-02],
       [ 3.84521705e-02, -4.44431481e-02, -2.35552684e-02, -9.02147699e-02,  1.25231111e-01],
       [-2.97839882e-02,  2.91961617e-02, -1.62706356e-01, -1.04258545e-01, -4.64932435e-02],
       [ 1.51628587e-01, -2.40997897e-02, -6.90177592e-02, -4.28650530e-02, -2.46078553e-02]])})
2026-01-20 11:00:38,496 - final_problem_set.kxor_instance_n17_k2_m148_ell2_eps0.25_kappa0.875_rho0.2 - INFO - Running key extraction (n=17, m=148, ell=2, phase_qubits=12)
2026-01-20 11:00:38,498 - final_problem_set.kxor_instance_n17_k2_m148_ell2_eps0.25_kappa0.875_rho0.2 - INFO - Built voting matrix V (n=17, ell=2, dtype=complex128) in 0.001s
2026-01-20 11:00:38,498 - final_problem_set.kxor_instance_n17_k2_m148_ell2_eps0.25_kappa0.875_rho0.2 - INFO - Eval: adv=0.1216, hamming=8/17 (0.471), corr=0.059
2026-01-20 11:00:38,498 - final_problem_set.kxor_instance_n17_k2_m148_ell2_eps0.25_kappa0.875_rho0.2 - INFO - Key extraction complete: x_hat=13
2026-01-20 11:00:38,498 - final_problem_set.kxor_instance_n17_k2_m148_ell2_eps0.25_kappa0.875_rho0.2 - INFO - Finished step 'KeyExtractionStep' in 0.002s (success: True, problem=kxor_instance_n17_k2_m148_ell2_eps0.25_kappa0.875_rho0.2)
2026-01-20 11:00:38,498 - final_problem_set.kxor_instance_n17_k2_m148_ell2_eps0.25_kappa0.875_rho0.2 - INFO - SUCCESS: len(z_hat)=17
2026-01-20 11:00:38,498 - final_problem_set.kxor_instance_n17_k2_m148_ell2_eps0.25_kappa0.875_rho0.2 - INFO - Metrics: adv=0.12162162162162163, ham_frac=0.47058823529411764, corr=0.058823529411764705
2026-01-20 11:00:38,498 - final_problem_set.kxor_instance_n17_k2_m148_ell2_eps0.25_kappa0.875_rho0.2 - INFO - z_hat (full): [-1, -1,  1,  1,  1,  1, -1, -1, -1, -1, -1, -1,  1,  1,  1,  1, -1]
