2026-01-20 11:00:41,997 - final_problem_set.kxor_instance_n18_k2_m136_ell2_eps0.3_kappa1.0_rho0.4 - INFO - Starting iteration for /Users/julian/CodingProjects/UniT3/QuarticSpeedupK-XOR/z_Daphne/data/final_problem_set/kxor_instance_n18_k2_m136_ell2_eps0.3_kappa1.0_rho0.4.npz
2026-01-20 11:00:41,997 - final_problem_set.kxor_instance_n18_k2_m136_ell2_eps0.3_kappa1.0_rho0.4 - INFO - Loaded instance (n=18, m=136, k=2)
2026-01-20 11:00:41,998 - final_problem_set.kxor_instance_n18_k2_m136_ell2_eps0.3_kappa1.0_rho0.4 - INFO - Starting step 'ComputeKikuchiStep' (version 0.1) on problem kxor_instance_n18_k2_m136_ell2_eps0.3_kappa1.0_rho0.4 (fields={'ell': 2, 'threshold': 0.0})
2026-01-20 11:00:42,013 - final_problem_set.kxor_instance_n18_k2_m136_ell2_eps0.3_kappa1.0_rho0.4 - INFO - Finished step 'ComputeKikuchiStep' in 0.015s (success: True, problem=kxor_instance_n18_k2_m136_ell2_eps0.3_kappa1.0_rho0.4)
2026-01-20 11:00:42,013 - final_problem_set.kxor_instance_n18_k2_m136_ell2_eps0.3_kappa1.0_rho0.4 - INFO - Starting step 'ClassicalEigenvaluesStep' (version 0.1) on problem kxor_instance_n18_k2_m136_ell2_eps0.3_kappa1.0_rho0.4 (fields={'ell': 2, 'threshold': 0.0, 'kikuchi_matrix': <Dictionary Of Keys sparse matrix of dtype 'int64'
	with 2688 stored elements and shape (153, 153)>, 'num_eigenvalues': 5})
2026-01-20 11:00:42,062 - final_problem_set.kxor_instance_n18_k2_m136_ell2_eps0.3_kappa1.0_rho0.4 - INFO - Finished step 'ClassicalEigenvaluesStep' in 0.050s (success: True, problem=kxor_instance_n18_k2_m136_ell2_eps0.3_kappa1.0_rho0.4)
2026-01-20 11:00:42,062 - final_problem_set.kxor_instance_n18_k2_m136_ell2_eps0.3_kappa1.0_rho0.4 - INFO - Starting step 'KeyExtractionStep' (version 0.1) on problem kxor_instance_n18_k2_m136_ell2_eps0.3_kappa1.0_rho0.4 (fields={'ell': 2, 'threshold': 0.0, 'kikuchi_matrix': <Dictionary Of Keys sparse matrix of dtype 'int64'
	with 2688 stored elements and shape (153, 153)>, 'num_eigenvalues': 5, 'eigenvalues': array([-11.08804914,  -9.93842021,  -9.19418427,   8.7979304 ,  10.19651677]), 'eigenvectors': array([[ 0.02015374, -0.04231071,  0.02805007, -0.10594801, -0.0524053 ],
       [ 0.0378875 , -0.06759376, -0.03220721,  0.07233085,  0.03863406],
       [-0.04567453,  0.07216906,  0.06036119, -0.08814513, -0.05256475],
       [ 0.0196068 , -0.04193788,  0.01415104, -0.00482382, -0.00214267],
       [-0.05552264,  0.08207534,  0.02760681,  0.10269547,  0.03126527],
       [-0.04573296,  0.04037629,  0.06086039, -0.08268672, -0.04541043],
       [-0.06030177,  0.06330036,  0.02131098,  0.02622182,  0.02098759],
       [ 0.02290434, -0.08118372, -0.04613278,  0.10046521,  0.05443416],
       [ 0.05399975, -0.00126838,  0.04486089,  0.1159697 ,  0.0651452 ],
       [-0.06388174,  0.11517031,  0.0414859 , -0.05400762, -0.00483595],
       [-0.03872141, -0.00714798, -0.05768939, -0.02560545, -0.02053045],
       [ 0.05895043, -0.0942126 , -0.05900108, -0.0293965 ,  0.00426661],
       [-0.04990668,  0.04437417, -0.01210374,  0.08728417,  0.02746603],
       [ 0.02385055, -0.06187245, -0.0924524 , -0.11040374, -0.06232324],
       [-0.01607956, -0.04654462,  0.01078287,  0.03506799,  0.03022617],
       [ 0.07898406, -0.08670374, -0.05959502, -0.04206743, -0.01590979],
       [ 0.08967938, -0.04834889,  0.01386216,  0.00270064, -0.0289532 ],
       [ 0.02799567, -0.06183543,  0.07085698, -0.05190908, -0.10559767],
       [-0.02909309,  0.05478926, -0.06959609,  0.00637483,  0.10105408],
       [ 0.00679295, -0.0305571 ,  0.05075237,  0.02849968,  0.04330329],
       [-0.04781694,  0.08635942, -0.12490105, -0.09806849, -0.1588395 ],
       [-0.04742   ,  0.04333199, -0.03959592,  0.02571823,  0.11712336],
       [-0.04782339,  0.07289599, -0.11153437,  0.00715969, -0.03284755],
       [ 0.02199579, -0.05234076,  0.04937624, -0.04500982, -0.08594329],
       [ 0.03320544, -0.04169416,  0.10464973, -0.04589277, -0.12237612],
       [-0.03250183,  0.08270165, -0.12550229,  0.14319795,  0.02736523],
       [-0.01530292,  0.01837532, -0.0924492 , -0.02928704,  0.08606843],
       [ 0.08283533, -0.0889948 ,  0.09038637,  0.11818996, -0.02748227],
       [-0.03144983,  0.05875458, -0.12168765, -0.12458893, -0.13748227],
       [ 0.02969756, -0.04422694, -0.0095434 ,  0.04416342,  0.13775301],
       [-0.02089696, -0.01896517,  0.00067247,  0.06782743, -0.08785702],
       [ 0.06487525, -0.08843339,  0.12475625,  0.04748381,  0.01736899],
       [ 0.05930885, -0.08031864,  0.1600254 , -0.10844096,  0.04103659],
       [-0.0650327 ,  0.04523756,  0.04647103,  0.02542723, -0.11903579],
       [ 0.03398031, -0.0607239 ,  0.04701025, -0.00370146, -0.03052408],
       [-0.06956138,  0.05589871,  0.01007075,  0.03353331,  0.12239758],
       [-0.05864889, -0.00435279,  0.07389357, -0.00059875, -0.11507992],
       [-0.06146164,  0.02901345,  0.00849933, -0.01691846,  0.02690153],
       [ 0.05528796, -0.11240085, -0.03899856,  0.04006688,  0.09476313],
       [ 0.06215525,  0.03900183,  0.06474294,  0.01307723,  0.11662864],
       [-0.10030945,  0.09893381,  0.00322602, -0.13865773, -0.01697056],
       [-0.03677185, -0.03349245, -0.07666273,  0.05225037, -0.08176436],
       [ 0.10252548, -0.04841262, -0.08470451, -0.12678691,  0.01422049],
       [-0.06336954,  0.03166743, -0.03332618,  0.0630513 ,  0.09792635],
       [ 0.0468418 , -0.03184458, -0.09459548, -0.01060637, -0.11967507],
       [-0.01897524, -0.09668281,  0.04448677, -0.10831434,  0.11192181],
       [ 0.11214926, -0.03680993, -0.05337815, -0.05095651, -0.02345125],
       [ 0.07703607, -0.01606824,  0.01653661,  0.09679978, -0.03561025],
       [-0.04176642,  0.0543663 , -0.03767575,  0.01417835,  0.03680497],
       [ 0.0969291 , -0.01463339, -0.05007274,  0.00306547, -0.15194025],
       [ 0.07219089,  0.04143912, -0.10169173, -0.05103309,  0.13332936],
       [ 0.08791975,  0.01241757, -0.03632506,  0.02320267, -0.02605743],
       [-0.06145036,  0.11594128,  0.07546697,  0.0194769 , -0.12072561],
       [-0.08560929, -0.09329567, -0.06069606,  0.04284934, -0.13348667],
       [ 0.10378523, -0.04978422, -0.0438415 ,  0.14139669,  0.04900858],
       [ 0.05203254,  0.07441086,  0.0882881 , -0.07638284,  0.096013  ],
       [-0.12537318, -0.00333353,  0.13637966,  0.14332504, -0.01095541],
       [ 0.09391136, -0.00159501,  0.02718594, -0.04316435, -0.16057995],
       [-0.04106192,  0.02570537,  0.12570107, -0.0565346 ,  0.1631195 ],
       [ 0.01399703,  0.12613636, -0.02690689,  0.11302068, -0.0821427 ],
       [-0.11428148, -0.01408378,  0.07857687,  0.04193091,  0.01079126],
       [-0.12573073, -0.05601325,  0.00041867, -0.1504319 ,  0.05110637],
       [-0.05744667,  0.07666874, -0.09174988, -0.01287567, -0.0323879 ],
       [-0.04996249,  0.02952616, -0.01997255,  0.01657109,  0.02643619],
       [-0.05687081,  0.0599081 , -0.08350547, -0.00098787, -0.01407724],
       [ 0.02714674, -0.07544842,  0.02733231, -0.01970395, -0.0352695 ],
       [ 0.04351568, -0.01365786,  0.10196393, -0.01722213, -0.04792381],
       [-0.0425054 ,  0.08086512, -0.08682029,  0.00477631,  0.01087582],
       [-0.02095544,  0.0022989 , -0.07661592,  0.0098282 ,  0.00807907],
       [ 0.07648892, -0.07901451,  0.06285854,  0.01428607, -0.00158911],
       [-0.04178574,  0.05014233, -0.09769215, -0.01148836, -0.02918243],
       [ 0.02959802, -0.04190759, -0.02615045,  0.01247423,  0.04420315],
       [-0.02058825, -0.03792082,  0.00286847, -0.01606566, -0.01435864],
       [ 0.07623332, -0.07351916,  0.08396424,  0.00762773,  0.01122934],
       [ 0.07118878, -0.05905651,  0.12794612, -0.00493223,  0.01413029],
       [ 0.07903137,  0.05512355, -0.09190204, -0.01753331, -0.14708882],
       [ 0.09657562,  0.01030688,  0.0089954 , -0.00464727,  0.06714926],
       [-0.10104668,  0.15436706,  0.03939762,  0.07441319,  0.16106096],
       [-0.08120536, -0.09795012, -0.10942963,  0.04557189,  0.1852956 ],
       [ 0.15369662, -0.07751503,  0.03247213, -0.17839035, -0.02129001],
       [ 0.06200481,  0.08521779,  0.13691642,  0.05502784, -0.11060671],
       [-0.14474655, -0.00567208,  0.08231294, -0.17854182,  0.00760809],
       [ 0.13324133, -0.012553  ,  0.10703765,  0.10767652,  0.14715606],
       [-0.08769117,  0.03379318,  0.16949186, -0.03011708, -0.18731862],
       [ 0.02598311,  0.1763069 , -0.06365174, -0.1056699 ,  0.11008798],
       [-0.1818505 , -0.02309887,  0.04480261, -0.07382946, -0.0348014 ],
       [-0.12511   , -0.0498271 , -0.06861044,  0.1408764 , -0.08361646],
       [ 0.07680687,  0.08382763, -0.08922448,  0.02941934, -0.0491842 ],
       [-0.07528698,  0.07860784,  0.10116623, -0.00920928, -0.09136534],
       [-0.05422068, -0.13022655, -0.00667867,  0.0195116 , -0.16635642],
       [ 0.12252977,  0.02047204, -0.09187171,  0.13177398,  0.03679897],
       [ 0.04654639,  0.11173594,  0.03739323, -0.03993113,  0.05862316],
       [-0.08276182, -0.08324797,  0.14365883,  0.13318371, -0.02793238],
       [ 0.08420496,  0.05148334, -0.02635255, -0.06232423, -0.14419896],
       [-0.04208147, -0.00531065,  0.1146214 , -0.01719478,  0.14560516],
       [-0.00831561,  0.12744471, -0.02582265,  0.09094932, -0.08777908],
       [-0.09123245, -0.09246079,  0.12357044,  0.03026837,  0.0182737 ],
       [-0.07905277, -0.11862883,  0.06807136, -0.10399889,  0.03339691],
       [-0.0941572 ,  0.11516443,  0.02374905, -0.01692618,  0.03516653],
       [-0.06615468, -0.1006331 , -0.0761797 , -0.02454714,  0.02758033],
       [ 0.15710114, -0.03681434,  0.03585049, -0.04452739, -0.01601611],
       [ 0.05076877,  0.08450937,  0.10580955,  0.03538373, -0.03553521],
       [-0.12860258, -0.04974909,  0.0725217 , -0.04115646,  0.0049233 ],
       [ 0.10611899,  0.01479673,  0.07340868,  0.00338913,  0.04960105],
       [-0.07379272,  0.00150876,  0.13039191,  0.03266334, -0.05895306],
       [ 0.00979552,  0.1634027 , -0.06667676, -0.04670634,  0.03352362],
       [-0.15724982, -0.06878209,  0.04446513, -0.01421991, -0.00122602],
       [-0.10464167, -0.07870837, -0.03931312,  0.06121473, -0.01266475],
       [ 0.08383446, -0.02292427,  0.0745878 ,  0.02072498,  0.12474144],
       [-0.07225247,  0.16421354,  0.04102778, -0.1606837 , -0.03411214],
       [-0.05110434,  0.00582878, -0.09005372,  0.04073414, -0.06373916],
       [ 0.09335315, -0.15703118, -0.08738614, -0.12445425,  0.03412416],
       [-0.06391113,  0.07745167, -0.03093204,  0.0926748 ,  0.11342572],
       [ 0.02688692, -0.07818736, -0.11172122, -0.02826233, -0.13118154],
       [-0.0252418 , -0.0558897 ,  0.02462465, -0.0943827 ,  0.11189279],
       [ 0.09426712, -0.14490639, -0.05966157, -0.04075173, -0.01140392],
       [ 0.12158244, -0.10832352,  0.02229258,  0.10308776, -0.03419405],
       [-0.12149159, -0.07892439, -0.15478949, -0.19150783, -0.04321752],
       [-0.0209139 , -0.06550794, -0.06957727,  0.07935538, -0.13317945],
       [ 0.11153907,  0.1595752 ,  0.06676186, -0.17601943,  0.02102072],
       [-0.06027055, -0.05537384, -0.10046949,  0.09045826,  0.16552124],
       [ 0.06704287,  0.05971423, -0.0257829 ,  0.01263467, -0.2170493 ],
       [ 0.00392485, -0.11351589,  0.06625845, -0.13107861,  0.11630127],
       [ 0.09665288,  0.14494498,  0.09033569, -0.05809002, -0.00829356],
       [ 0.06358217,  0.13094073,  0.10228701,  0.159182  , -0.05421967],
       [ 0.06150597,  0.08139778,  0.15937335,  0.05210998,  0.02950144],
       [-0.18003378,  0.05285745,  0.06996786,  0.02178208, -0.00452627],
       [ 0.11569039, -0.03491769,  0.10893214, -0.16258786, -0.01456324],
       [-0.0643681 ,  0.04830752,  0.16265564,  0.19090107,  0.0220334 ],
       [ 0.04421361,  0.16535352, -0.04949288, -0.05162638, -0.03971853],
       [-0.17848357,  0.03452826,  0.0134292 ,  0.04559344,  0.01562272],
       [-0.1925444 , -0.00660802, -0.11691241,  0.01714291,  0.01777243],
       [-0.0804506 , -0.12857974, -0.10848048,  0.0727355 , -0.0180244 ],
       [ 0.03164901,  0.04559001,  0.09568042,  0.03868559, -0.08141306],
       [-0.04492517, -0.05602393, -0.01516648, -0.07835892,  0.11016401],
       [ 0.0060432 ,  0.07412936, -0.04481082,  0.06225686, -0.05569485],
       [-0.07181817, -0.12576045, -0.12449954,  0.0067909 ,  0.02249252],
       [-0.04133595, -0.0972252 , -0.11704234, -0.05804066,  0.02764766],
       [-0.14189251, -0.02592818, -0.02032034, -0.1419211 ,  0.02553048],
       [ 0.06228459, -0.02291564, -0.18925201,  0.18425814, -0.01381124],
       [ 0.00148838, -0.20743458,  0.05236446, -0.09068785,  0.00450927],
       [ 0.17074065,  0.06797137, -0.14214644,  0.02416101, -0.00840333],
       [ 0.15916848,  0.1131234 , -0.02694896,  0.05375362, -0.00770275],
       [-0.06932302,  0.00510473,  0.07402779, -0.07918103, -0.15896731],
       [ 0.01346134,  0.1169477 , -0.05959098, -0.06823393,  0.12555269],
       [-0.11667362, -0.02409733, -0.05335294, -0.09097839, -0.04364228],
       [-0.10249895, -0.03202732, -0.10606844,  0.09608317, -0.07104286],
       [-0.00552656, -0.08107335,  0.01155945,  0.15398391, -0.14467628],
       [ 0.06481378, -0.0118913 , -0.16914101,  0.06226968,  0.05258967],
       [ 0.10515565,  0.03668164, -0.12183815, -0.15251655,  0.0445063 ],
       [ 0.00657136, -0.20069541,  0.06250837,  0.00292942, -0.02081924],
       [-0.00155839, -0.20047994,  0.09118559,  0.11594356, -0.04100719],
       [ 0.16282788,  0.12024855,  0.01388477, -0.02564793,  0.00782232]])})
2026-01-20 11:00:42,065 - final_problem_set.kxor_instance_n18_k2_m136_ell2_eps0.3_kappa1.0_rho0.4 - INFO - Running key extraction (n=18, m=136, ell=2, phase_qubits=12)
2026-01-20 11:00:42,067 - final_problem_set.kxor_instance_n18_k2_m136_ell2_eps0.3_kappa1.0_rho0.4 - INFO - Built voting matrix V (n=18, ell=2, dtype=complex128) in 0.002s
2026-01-20 11:00:42,067 - final_problem_set.kxor_instance_n18_k2_m136_ell2_eps0.3_kappa1.0_rho0.4 - INFO - Eval: adv=0.3529, hamming=2/18 (0.111), corr=0.778
2026-01-20 11:00:42,067 - final_problem_set.kxor_instance_n18_k2_m136_ell2_eps0.3_kappa1.0_rho0.4 - INFO - Key extraction complete: x_hat=14
2026-01-20 11:00:42,067 - final_problem_set.kxor_instance_n18_k2_m136_ell2_eps0.3_kappa1.0_rho0.4 - INFO - Finished step 'KeyExtractionStep' in 0.002s (success: True, problem=kxor_instance_n18_k2_m136_ell2_eps0.3_kappa1.0_rho0.4)
2026-01-20 11:00:42,067 - final_problem_set.kxor_instance_n18_k2_m136_ell2_eps0.3_kappa1.0_rho0.4 - INFO - SUCCESS: len(z_hat)=18
2026-01-20 11:00:42,067 - final_problem_set.kxor_instance_n18_k2_m136_ell2_eps0.3_kappa1.0_rho0.4 - INFO - Metrics: adv=0.35294117647058826, ham_frac=0.1111111111111111, corr=0.7777777777777778
2026-01-20 11:00:42,067 - final_problem_set.kxor_instance_n18_k2_m136_ell2_eps0.3_kappa1.0_rho0.4 - INFO - z_hat (full): [ 1, -1,  1, -1, -1,  1, -1,  1,  1,  1, -1, -1,  1,  1, -1,  1, -1, -1]
