2026-01-20 11:00:46,826 - final_problem_set.kxor_instance_n18_k4_m249_ell4_eps0.3_kappa0.875_rho0.8 - INFO - Starting iteration for /Users/julian/CodingProjects/UniT3/QuarticSpeedupK-XOR/z_Daphne/data/final_problem_set/kxor_instance_n18_k4_m249_ell4_eps0.3_kappa0.875_rho0.8.npz
2026-01-20 11:00:46,826 - final_problem_set.kxor_instance_n18_k4_m249_ell4_eps0.3_kappa0.875_rho0.8 - INFO - Loaded instance (n=18, m=249, k=4)
2026-01-20 11:00:46,826 - final_problem_set.kxor_instance_n18_k4_m249_ell4_eps0.3_kappa0.875_rho0.8 - INFO - Starting step 'ComputeKikuchiStep' (version 0.1) on problem kxor_instance_n18_k4_m249_ell4_eps0.3_kappa0.875_rho0.8 (fields={'ell': 2, 'threshold': 0.0})
2026-01-20 11:00:46,837 - final_problem_set.kxor_instance_n18_k4_m249_ell4_eps0.3_kappa0.875_rho0.8 - INFO - Finished step 'ComputeKikuchiStep' in 0.011s (success: True, problem=kxor_instance_n18_k4_m249_ell4_eps0.3_kappa0.875_rho0.8)
2026-01-20 11:00:46,837 - final_problem_set.kxor_instance_n18_k4_m249_ell4_eps0.3_kappa0.875_rho0.8 - INFO - Starting step 'ClassicalEigenvaluesStep' (version 0.1) on problem kxor_instance_n18_k4_m249_ell4_eps0.3_kappa0.875_rho0.8 (fields={'ell': 2, 'threshold': 0.0, 'kikuchi_matrix': <Dictionary Of Keys sparse matrix of dtype 'int64'
	with 1434 stored elements and shape (153, 153)>, 'num_eigenvalues': 5})
2026-01-20 11:00:46,865 - final_problem_set.kxor_instance_n18_k4_m249_ell4_eps0.3_kappa0.875_rho0.8 - INFO - Finished step 'ClassicalEigenvaluesStep' in 0.027s (success: True, problem=kxor_instance_n18_k4_m249_ell4_eps0.3_kappa0.875_rho0.8)
2026-01-20 11:00:46,865 - final_problem_set.kxor_instance_n18_k4_m249_ell4_eps0.3_kappa0.875_rho0.8 - INFO - Starting step 'KeyExtractionStep' (version 0.1) on problem kxor_instance_n18_k4_m249_ell4_eps0.3_kappa0.875_rho0.8 (fields={'ell': 2, 'threshold': 0.0, 'kikuchi_matrix': <Dictionary Of Keys sparse matrix of dtype 'int64'
	with 1434 stored elements and shape (153, 153)>, 'num_eigenvalues': 5, 'eigenvalues': array([-6.01512694, -5.83735218, -5.81262559,  5.98285822,  8.83110919]), 'eigenvectors': array([[-0.01822462,  0.02186409, -0.04317928, -0.02751626,  0.06871095],
       [-0.04719801,  0.13475433, -0.18638206,  0.17992446, -0.13597496],
       [ 0.03172752,  0.07528856,  0.0369133 ,  0.07871264,  0.10118251],
       [-0.09524212, -0.24820587, -0.05065537, -0.13670493, -0.11421772],
       [-0.13895072, -0.06139282,  0.07063345, -0.19564146,  0.14160086],
       [-0.09744673, -0.15384427,  0.0721649 ,  0.10740682, -0.12609583],
       [ 0.10076109,  0.05544123,  0.00296384,  0.06228153,  0.10557702],
       [ 0.13639429, -0.02799208, -0.1432884 ,  0.03290581,  0.12586487],
       [ 0.05321458, -0.00815224,  0.05743287, -0.03264272, -0.03335966],
       [ 0.02709126,  0.02229458,  0.07552599, -0.07220937, -0.0965285 ],
       [ 0.01429903, -0.02936922, -0.0667072 ,  0.09291832,  0.04816391],
       [ 0.04528693,  0.02707076,  0.0876191 , -0.06341675, -0.029222  ],
       [-0.06478674, -0.08421393,  0.09606899, -0.05692249, -0.1025675 ],
       [ 0.01259574, -0.12440531,  0.03537403, -0.05296732, -0.05751072],
       [ 0.03615648,  0.04915099, -0.08862101,  0.0767032 , -0.07436016],
       [-0.17860948,  0.18490125, -0.00931719,  0.014335  ,  0.08388014],
       [-0.18869581,  0.06999061,  0.1354669 , -0.04216062, -0.10185614],
       [ 0.01457275,  0.00843159, -0.04117441,  0.02566127,  0.04204364],
       [ 0.01859054,  0.03524288,  0.04072953, -0.06173801, -0.06728242],
       [ 0.03991912, -0.05296753,  0.04627795, -0.00063094,  0.06368369],
       [ 0.00843259,  0.00062338,  0.00938613,  0.07161643, -0.07010045],
       [ 0.01793095, -0.13449689,  0.0259605 ,  0.01938939,  0.0783153 ],
       [-0.0677098 ,  0.09763835, -0.06656755,  0.03829471, -0.02178962],
       [ 0.03725863, -0.1662098 , -0.18527949, -0.19523715, -0.05153368],
       [-0.01675327, -0.01066157,  0.07568722, -0.01241104,  0.08935239],
       [-0.10544188,  0.0244477 ,  0.04964092, -0.06053569,  0.06611727],
       [ 0.040132  , -0.00623994,  0.00840431, -0.03827299, -0.0539603 ],
       [-0.15023913, -0.08320772,  0.07009218, -0.07860439,  0.06523569],
       [ 0.0232854 , -0.08984715, -0.10236655,  0.02668026,  0.05918095],
       [-0.14026564, -0.06529361,  0.05034442, -0.1063521 ,  0.13091637],
       [ 0.05348218, -0.04884802,  0.01789809, -0.0596555 ,  0.05146908],
       [ 0.00433228,  0.14349721, -0.0869249 , -0.01977283, -0.08487981],
       [ 0.03232454, -0.07520574,  0.08411771,  0.06603456,  0.06447427],
       [ 0.02304503, -0.02380774, -0.0083296 , -0.00349159,  0.0405252 ],
       [-0.10956055, -0.0615909 , -0.08806606, -0.09607924, -0.13351865],
       [ 0.14351078,  0.08447848,  0.19423961,  0.0904041 ,  0.0644483 ],
       [-0.0373065 , -0.05399908, -0.14844298, -0.13003872, -0.09194276],
       [-0.06818615,  0.04105503,  0.13516067,  0.13099755,  0.11708226],
       [ 0.20346618, -0.17378593,  0.10107798, -0.15318766,  0.13266436],
       [ 0.06240218,  0.23146312, -0.23050363,  0.16729072, -0.1666306 ],
       [ 0.10607573,  0.15559521,  0.09116374, -0.16989138, -0.14330467],
       [-0.0561806 , -0.06454673, -0.02061686,  0.01742721,  0.03416673],
       [ 0.00219577,  0.12531459, -0.08933522,  0.07663863, -0.07160746],
       [-0.00468559,  0.03995158,  0.07955311, -0.04406838, -0.1169851 ],
       [-0.2398706 ,  0.02934904,  0.09680045, -0.17879765, -0.10585311],
       [-0.07166254,  0.0048306 , -0.08221879,  0.02853241, -0.07418063],
       [ 0.07962547,  0.0269455 ,  0.13267761,  0.08842325,  0.07804991],
       [ 0.00992381,  0.00084626,  0.00938922, -0.00569537, -0.07627655],
       [ 0.01801079,  0.0554507 ,  0.12835663,  0.04488266,  0.07076628],
       [ 0.03611414, -0.04625005, -0.04821672, -0.05624769, -0.04772915],
       [-0.01866535, -0.08018841,  0.02013244,  0.00128656,  0.07166791],
       [-0.00610669,  0.01524739, -0.065257  ,  0.11973495, -0.07030877],
       [-0.05426283, -0.06169238, -0.043173  ,  0.02987735, -0.05763484],
       [ 0.00042313,  0.00056739,  0.00261596, -0.00420042,  0.00922118],
       [-0.00415245,  0.01626235,  0.02063968, -0.06475094,  0.09279955],
       [ 0.01681066, -0.07309626, -0.02115326, -0.00991117, -0.04857175],
       [ 0.06673044,  0.05254461,  0.0539261 ,  0.04197183,  0.06286854],
       [ 0.07686999, -0.02230563, -0.03622004,  0.00323414,  0.08911844],
       [ 0.00742837, -0.08118146, -0.03082165,  0.04917085,  0.00732512],
       [ 0.05696584,  0.02153017, -0.01039109,  0.03579547,  0.01642582],
       [ 0.00914668,  0.1386417 ,  0.04022475,  0.02313068, -0.05097838],
       [ 0.11424376, -0.10848231,  0.05671607, -0.07810253,  0.08601748],
       [-0.1266104 ,  0.04074156,  0.27988065,  0.22323174,  0.06509276],
       [-0.11535544,  0.07923205, -0.00436903, -0.07047102, -0.07945778],
       [-0.02871096, -0.13058084, -0.0409565 ,  0.09952136,  0.09776426],
       [ 0.02969841,  0.10957052,  0.04358206,  0.04731213,  0.09335772],
       [-0.09610368, -0.04628764, -0.11847185,  0.07728397, -0.08144313],
       [ 0.26131386, -0.12601266, -0.01397673,  0.08815423, -0.16436377],
       [ 0.18629894,  0.10801837, -0.15384134, -0.16745651,  0.14163526],
       [-0.06818428,  0.02375646, -0.03763128, -0.03195821, -0.02304637],
       [ 0.02794335, -0.11592572,  0.08279189,  0.11029286, -0.10621797],
       [-0.00097995,  0.05480727,  0.02522651, -0.1226106 , -0.12975211],
       [ 0.03256924, -0.05214586, -0.06471394, -0.08444473, -0.01153139],
       [-0.05438081, -0.04670916,  0.0409073 ,  0.0411079 ,  0.08396943],
       [-0.07391941, -0.01073473,  0.01424108,  0.12248532, -0.12904824],
       [ 0.00742295,  0.04702126,  0.02370123,  0.00964964,  0.06351218],
       [ 0.09727909,  0.02493456, -0.00437705, -0.07910413, -0.06672749],
       [ 0.10300124,  0.14653016, -0.03443889,  0.05265183, -0.09377129],
       [ 0.01041122,  0.13946123,  0.00612358, -0.03809017,  0.0341296 ],
       [-0.05672316, -0.09678042, -0.11128183, -0.00873101,  0.10354115],
       [-0.03932448,  0.17054894, -0.03649786, -0.03313114, -0.04242678],
       [-0.02186092,  0.08207544, -0.03586996, -0.0694891 ,  0.05027386],
       [-0.02541354, -0.04419667, -0.01120853,  0.10171976,  0.06072913],
       [ 0.01022795,  0.02964896, -0.00650593,  0.04961414,  0.08108568],
       [ 0.2804062 ,  0.06797431,  0.09067253, -0.07234949,  0.08947736],
       [-0.1013373 , -0.0503463 , -0.00494818, -0.06269611, -0.08672781],
       [ 0.04646326, -0.05457031,  0.03367575,  0.1230985 ,  0.08618088],
       [ 0.02316504, -0.11813336, -0.13707064,  0.09991648,  0.06630243],
       [-0.02027587,  0.13352486, -0.12140024, -0.11002901,  0.10452436],
       [ 0.08292518, -0.13709916,  0.1362834 ,  0.07505719, -0.10259398],
       [-0.02041378,  0.00052213,  0.00160923, -0.09794858, -0.05927   ],
       [-0.0705977 ,  0.0390953 ,  0.11705496,  0.10212493,  0.0726586 ],
       [-0.02685683, -0.02408896,  0.10879273,  0.07759333, -0.07693015],
       [ 0.05033404, -0.01677074,  0.03496345, -0.10122334, -0.09190448],
       [-0.09392046,  0.08101239, -0.02011321,  0.10903163, -0.10793609],
       [ 0.06739278, -0.08720077, -0.04116275,  0.02246251, -0.06395295],
       [ 0.00460752, -0.09459051, -0.07328831,  0.0626808 ,  0.06274381],
       [-0.0045112 , -0.04073803, -0.01408005, -0.03441427, -0.03793719],
       [-0.0390316 , -0.18282514,  0.07293078,  0.01300132, -0.10437572],
       [-0.03725963,  0.04556915, -0.0749174 , -0.11000216,  0.09649786],
       [-0.09744565,  0.08956386, -0.15949427, -0.13426927,  0.06169156],
       [ 0.01901226,  0.00928987,  0.05392268,  0.00814471, -0.03177203],
       [ 0.05249469, -0.00698242, -0.11745599,  0.00731555,  0.05333389],
       [ 0.05481558, -0.04449142, -0.03306261,  0.03262267,  0.03059548],
       [-0.09507197, -0.13971249, -0.08700752,  0.0594365 ,  0.08104493],
       [-0.11125905,  0.09361391, -0.00933809, -0.00432663,  0.09926581],
       [-0.01936339,  0.00587365, -0.00338424, -0.00313827, -0.0503098 ],
       [-0.06968501, -0.00513088, -0.09924562, -0.06714941,  0.04099488],
       [ 0.02437777,  0.00890888, -0.10781491,  0.03173235,  0.10560186],
       [-0.0445342 , -0.11718756, -0.07651979,  0.11981954,  0.10818586],
       [-0.07198501, -0.01773431, -0.03338506, -0.02593549, -0.0339683 ],
       [ 0.04933754, -0.00699858, -0.00158195,  0.03376413,  0.04740148],
       [-0.1193904 ,  0.01899023,  0.00565363, -0.05347353,  0.0885202 ],
       [ 0.03292485,  0.04074054,  0.07983463,  0.02598367,  0.05512047],
       [-0.10866685, -0.07891014,  0.03384888,  0.05445931,  0.07356034],
       [ 0.02654127,  0.00200086,  0.01052875, -0.05976968, -0.07685528],
       [ 0.02097931, -0.00694676, -0.01923392,  0.09065474,  0.05751941],
       [-0.00225946, -0.04135929,  0.08967526, -0.05019934, -0.01127812],
       [-0.11047902,  0.02864446,  0.01289191,  0.00244497,  0.06230659],
       [ 0.03797546,  0.0775006 ,  0.29376901, -0.20335235, -0.05768302],
       [ 0.03817387, -0.03251294,  0.01408736, -0.01567793, -0.06378333],
       [-0.0087421 , -0.0474655 , -0.02197484, -0.05938823, -0.02535798],
       [-0.00285044, -0.00563925,  0.06100943, -0.01800385, -0.03564906],
       [ 0.12442373,  0.08729675, -0.13548343, -0.1635347 ,  0.0644084 ],
       [ 0.11737309, -0.10479182, -0.03401216,  0.00240917, -0.1272973 ],
       [ 0.0037338 , -0.0165791 , -0.02447918,  0.02428428,  0.0265223 ],
       [ 0.05719022, -0.01637676, -0.00569648, -0.06847296,  0.01091393],
       [ 0.11543631,  0.06389669, -0.00997217, -0.0331919 , -0.05879898],
       [ 0.04334944, -0.08525026,  0.00498344, -0.04387235, -0.06869382],
       [ 0.10442508,  0.02639831,  0.05798065, -0.10375872, -0.05134579],
       [-0.17307338,  0.02670225, -0.08243882, -0.04634176,  0.06414879],
       [ 0.10012716,  0.07944657,  0.11711107, -0.03038661, -0.07174136],
       [-0.00730691,  0.006861  , -0.01855947, -0.0248096 ,  0.05610411],
       [ 0.00095774,  0.07172773, -0.01015124,  0.0641589 ,  0.03128967],
       [ 0.01745736,  0.03151823, -0.01942019, -0.01287302,  0.05434602],
       [ 0.01719666, -0.06146394,  0.02650341,  0.04097822,  0.08368376],
       [-0.13027989,  0.12253335,  0.04256849,  0.13747559, -0.0918493 ],
       [-0.05173862, -0.0660454 , -0.02101329, -0.04945366,  0.07249738],
       [ 0.01798515, -0.0104878 ,  0.01480169, -0.00561396, -0.02425798],
       [ 0.00779373,  0.02071133,  0.00306689, -0.01564452, -0.03561777],
       [ 0.0600484 , -0.17003689, -0.06432153,  0.13879879, -0.0716431 ],
       [-0.02946487,  0.08999107, -0.06753668, -0.05889879,  0.10344968],
       [-0.02856525, -0.03073462, -0.01058262, -0.00242996, -0.06788093],
       [ 0.00419499, -0.03017892,  0.00792054, -0.07658034, -0.07079436],
       [ 0.11834814,  0.01011523,  0.07464401,  0.05272785, -0.07074696],
       [-0.05657597, -0.06130777, -0.00596738,  0.04965942,  0.0899225 ],
       [-0.0165422 , -0.04121172,  0.00260113,  0.0063915 , -0.05721118],
       [-0.01502547, -0.05689833, -0.10350189, -0.03447922, -0.08725697],
       [-0.05268165, -0.03003077, -0.05862289, -0.0619954 ,  0.10052369],
       [ 0.06864481, -0.01597483, -0.11886848,  0.1388779 , -0.07649022],
       [ 0.14553439,  0.06187437, -0.04508224, -0.02494672,  0.13698374],
       [ 0.06981411, -0.033289  , -0.06098904, -0.02665503, -0.07176409],
       [-0.04919098, -0.01576114, -0.02640791,  0.00339549,  0.02648415]])})
2026-01-20 11:00:46,866 - final_problem_set.kxor_instance_n18_k4_m249_ell4_eps0.3_kappa0.875_rho0.8 - INFO - Running key extraction (n=18, m=249, ell=2, phase_qubits=13)
2026-01-20 11:00:46,867 - final_problem_set.kxor_instance_n18_k4_m249_ell4_eps0.3_kappa0.875_rho0.8 - INFO - Built voting matrix V (n=18, ell=2, dtype=complex128) in 0.002s
2026-01-20 11:00:46,868 - final_problem_set.kxor_instance_n18_k4_m249_ell4_eps0.3_kappa0.875_rho0.8 - INFO - Eval: adv=0.7831, hamming=0/18 (0.000), corr=1.000
2026-01-20 11:00:46,868 - final_problem_set.kxor_instance_n18_k4_m249_ell4_eps0.3_kappa0.875_rho0.8 - INFO - Key extraction complete: x_hat=2
2026-01-20 11:00:46,868 - final_problem_set.kxor_instance_n18_k4_m249_ell4_eps0.3_kappa0.875_rho0.8 - INFO - Finished step 'KeyExtractionStep' in 0.002s (success: True, problem=kxor_instance_n18_k4_m249_ell4_eps0.3_kappa0.875_rho0.8)
2026-01-20 11:00:46,868 - final_problem_set.kxor_instance_n18_k4_m249_ell4_eps0.3_kappa0.875_rho0.8 - INFO - SUCCESS: len(z_hat)=18
2026-01-20 11:00:46,868 - final_problem_set.kxor_instance_n18_k4_m249_ell4_eps0.3_kappa0.875_rho0.8 - INFO - Metrics: adv=0.7831325301204819, ham_frac=0.0, corr=1.0
2026-01-20 11:00:46,868 - final_problem_set.kxor_instance_n18_k4_m249_ell4_eps0.3_kappa0.875_rho0.8 - INFO - z_hat (full): [ 1, -1,  1, -1,  1, -1,  1, -1, -1,  1,  1, -1,  1,  1,  1,  1, -1,  1]
