2026-01-20 11:00:52,403 - final_problem_set.kxor_instance_n19_k2_m218_ell2_eps0.25_kappa0.75_rho0.2 - INFO - Starting iteration for /Users/julian/CodingProjects/UniT3/QuarticSpeedupK-XOR/z_Daphne/data/final_problem_set/kxor_instance_n19_k2_m218_ell2_eps0.25_kappa0.75_rho0.2.npz
2026-01-20 11:00:52,404 - final_problem_set.kxor_instance_n19_k2_m218_ell2_eps0.25_kappa0.75_rho0.2 - INFO - Loaded instance (n=19, m=218, k=2)
2026-01-20 11:00:52,404 - final_problem_set.kxor_instance_n19_k2_m218_ell2_eps0.25_kappa0.75_rho0.2 - INFO - Starting step 'ComputeKikuchiStep' (version 0.1) on problem kxor_instance_n19_k2_m218_ell2_eps0.25_kappa0.75_rho0.2 (fields={'ell': 2, 'threshold': 0.0})
2026-01-20 11:00:52,429 - final_problem_set.kxor_instance_n19_k2_m218_ell2_eps0.25_kappa0.75_rho0.2 - INFO - Finished step 'ComputeKikuchiStep' in 0.025s (success: True, problem=kxor_instance_n19_k2_m218_ell2_eps0.25_kappa0.75_rho0.2)
2026-01-20 11:00:52,429 - final_problem_set.kxor_instance_n19_k2_m218_ell2_eps0.25_kappa0.75_rho0.2 - INFO - Starting step 'ClassicalEigenvaluesStep' (version 0.1) on problem kxor_instance_n19_k2_m218_ell2_eps0.25_kappa0.75_rho0.2 (fields={'ell': 2, 'threshold': 0.0, 'kikuchi_matrix': <Dictionary Of Keys sparse matrix of dtype 'int64'
	with 4012 stored elements and shape (171, 171)>, 'num_eigenvalues': 5})
2026-01-20 11:00:52,513 - final_problem_set.kxor_instance_n19_k2_m218_ell2_eps0.25_kappa0.75_rho0.2 - INFO - Finished step 'ClassicalEigenvaluesStep' in 0.084s (success: True, problem=kxor_instance_n19_k2_m218_ell2_eps0.25_kappa0.75_rho0.2)
2026-01-20 11:00:52,513 - final_problem_set.kxor_instance_n19_k2_m218_ell2_eps0.25_kappa0.75_rho0.2 - INFO - Starting step 'KeyExtractionStep' (version 0.1) on problem kxor_instance_n19_k2_m218_ell2_eps0.25_kappa0.75_rho0.2 (fields={'ell': 2, 'threshold': 0.0, 'kikuchi_matrix': <Dictionary Of Keys sparse matrix of dtype 'int64'
	with 4012 stored elements and shape (171, 171)>, 'num_eigenvalues': 5, 'eigenvalues': array([-11.87582042, -10.98125354, -10.0479897 ,   9.56478069,   9.76312063]), 'eigenvectors': array([[ 7.11483875e-02, -1.19819067e-01,  7.52178120e-02,  1.01045382e-01,  2.24375468e-02],
       [ 3.57674665e-02,  6.86619122e-02, -2.35211017e-02, -6.86056223e-02,  1.23424535e-02],
       [-1.96812673e-02, -3.76813643e-02,  1.13716697e-01, -1.11828325e-01,  8.13927677e-02],
       [ 6.68053507e-02, -9.37541686e-02, -2.13335693e-02, -1.33895956e-01, -7.84985317e-02],
       [-3.08236703e-03,  8.22295735e-02,  1.49241099e-02, -3.17003742e-02, -6.75073927e-02],
       [ 1.26804028e-01, -3.80223825e-02, -2.78314855e-02,  1.39646894e-01,  4.78230699e-02],
       [-8.75089539e-02,  1.11309048e-01,  2.61735769e-02,  5.05267235e-02, -2.43018399e-02],
       [ 3.56700869e-02,  7.93110321e-02, -5.55440182e-02, -1.66738580e-01, -7.25950540e-02],
       [-9.18304957e-02,  9.13330242e-02,  1.76660261e-03, -9.67821969e-03, -8.49917967e-02],
       [-5.59813381e-02,  9.13950538e-02, -2.69896950e-02,  1.21526868e-01,  9.27430531e-02],
       [ 1.35089871e-02, -7.49352057e-02, -5.07950094e-02,  5.58665443e-02, -1.53176056e-02],
       [ 7.03182961e-02,  1.71960379e-02, -6.28563407e-02, -6.29868463e-02,  1.29980049e-01],
       [-6.03559049e-02, -5.12782096e-03,  6.09585092e-02, -9.35091070e-02,  1.33025443e-01],
       [ 1.04761521e-01, -1.44468356e-01,  2.36768714e-02, -1.56528981e-01,  8.89369646e-02],
       [ 8.68070854e-02, -1.37010547e-01,  3.47761929e-02, -3.08663770e-02, -1.52821991e-01],
       [-7.43471007e-02,  7.62170077e-02, -6.01358947e-02, -4.46989649e-02,  1.33307104e-01],
       [-7.50397751e-02,  9.71406013e-02, -6.55010663e-03, -5.52697453e-02, -3.38235944e-02],
       [ 9.88109610e-02, -1.10892293e-01,  1.28224443e-02,  1.22225664e-01,  7.05887758e-02],
       [-2.91975913e-02, -1.35968691e-01, -2.91163942e-02, -5.46777996e-02,  1.59631691e-02],
       [ 3.83036659e-02,  2.99767881e-02, -1.15888485e-01, -8.31504474e-02,  2.72074760e-02],
       [-9.08225627e-02,  5.38463385e-02, -5.85623341e-02, -1.15296997e-01, -4.31526619e-02],
       [ 2.11300411e-02, -1.30608655e-01, -3.25550893e-02, -4.73742377e-02, -4.90200937e-02],
       [-1.35900050e-01, -7.66535382e-02, -1.17199998e-01,  7.30161821e-02, -3.67918124e-03],
       [ 1.44616036e-01, -6.55850979e-02,  6.57778422e-02,  1.70666661e-02, -1.71619311e-02],
       [-3.11472597e-02, -1.50993965e-01,  2.34840127e-02, -1.18059517e-01, -2.04366300e-02],
       [ 1.15984772e-01, -2.36952621e-03,  1.22897206e-01, -4.48599956e-02, -6.85607737e-02],
       [ 6.00184435e-02, -3.88950835e-02,  6.58069934e-02,  9.53379777e-02,  2.07507569e-02],
       [-4.46481021e-02,  1.22472572e-01,  5.94026309e-02,  2.30786436e-02, -2.52014067e-02],
       [-1.00205076e-01, -8.93554255e-02, -3.11295695e-02, -4.53914959e-02,  6.07346304e-02],
       [ 8.99722998e-02,  7.04451171e-02,  1.86817725e-02, -2.80604755e-02,  9.05016265e-02],
       [-1.19436773e-01,  4.24395636e-02, -1.46690635e-01, -1.00341057e-01,  4.40340197e-02],
       [-9.83200478e-02,  4.99180042e-02, -1.47897559e-01, -3.74058905e-02, -6.58682229e-02],
       [ 8.67104132e-02,  6.74519258e-03,  1.76104280e-01, -3.66931978e-02,  5.62929072e-02],
       [ 1.04183577e-01, -1.69308807e-02,  1.22167933e-01, -5.50494985e-02, -1.83555089e-02],
       [-1.24551968e-01,  5.60503031e-03, -1.53470493e-01,  1.39423558e-01,  4.51827809e-02],
       [ 2.54286344e-03, -8.54006015e-03, -2.75379829e-02,  1.47696183e-01,  1.68175881e-02],
       [-1.55610289e-02, -8.31355361e-02,  1.26875288e-02,  1.32119712e-01,  3.79370169e-02],
       [ 1.82701282e-02,  2.59158005e-03, -3.34676644e-02,  3.29941491e-02,  1.36359063e-02],
       [-6.55236845e-03, -1.12425513e-01, -1.57927322e-02, -5.21907393e-02,  1.52188098e-03],
       [ 4.41220052e-02,  1.07714004e-01, -4.32262739e-02, -1.77418597e-02,  6.76089547e-04],
       [ 1.83608947e-03, -2.73959956e-02, -2.85912607e-02,  1.72696698e-01,  2.95913769e-02],
       [ 1.51919955e-02,  1.25617549e-01,  6.63566191e-03, -1.05688476e-03,  3.04853489e-04],
       [ 5.94427654e-03,  6.32135865e-02, -8.20217479e-03, -2.01782834e-02,  3.93686855e-02],
       [-9.99950807e-03, -5.33167673e-03,  5.54950706e-02,  3.60054530e-03,  2.67502722e-02],
       [-5.37145844e-03, -6.24007416e-02, -4.24583604e-03,  6.42495516e-02, -2.22604559e-02],
       [ 8.77976027e-03,  5.43869080e-02,  2.50559956e-04,  4.55179565e-02, -4.65512903e-02],
       [-3.44802940e-02, -1.44027003e-01,  4.67265693e-03,  1.58711562e-01,  2.17833243e-03],
       [-3.57752783e-02, -1.26495519e-01, -1.81014263e-02, -3.55943393e-02, -1.56386537e-02],
       [ 1.41275666e-02,  1.12713927e-01,  4.01686188e-03,  3.07425076e-02, -3.99600102e-02],
       [ 4.37605497e-02,  1.28760776e-01,  1.37528888e-02,  8.18695498e-02,  3.00523505e-02],
       [-1.45548118e-02, -1.45025957e-01, -2.03385682e-04, -1.12554610e-01, -1.98490909e-02],
       [ 6.95807626e-03,  2.98288011e-02, -1.25816471e-01,  1.57504609e-02, -1.15269491e-01],
       [-5.37701398e-04, -1.84949268e-02,  4.04479991e-02,  3.72107884e-02, -4.07189306e-02],
       [-3.73894089e-03,  6.91865907e-03, -1.59885564e-01, -6.91078831e-02,  4.36811982e-02],
       [ 6.27380275e-03, -4.34642860e-02,  1.62772789e-01, -9.58515705e-03, -1.83496711e-02],
       [ 1.54107152e-03, -1.56334455e-02, -3.28162053e-02,  2.54673460e-02, -1.23558728e-01],
       [-1.50702110e-02, -2.94685136e-02,  1.75336925e-01,  9.18146761e-02, -3.34864742e-02],
       [-4.21164907e-03, -1.75516259e-02,  7.80936196e-02, -2.01516620e-01,  6.20051295e-02],
       [-4.13211780e-04,  2.37594734e-02, -5.61777862e-02, -5.88200325e-02,  5.83494614e-03],
       [-1.94452272e-03, -1.09043151e-04, -9.12366185e-02, -3.07903830e-02, -5.71877400e-03],
       [ 5.40532676e-03, -8.47405501e-03,  1.01456609e-01,  3.90270737e-02,  1.92780469e-02],
       [ 1.04855442e-02,  4.39284406e-02, -1.84505494e-01, -3.96991502e-02, -5.09212962e-02],
       [ 2.61787421e-02,  2.84088860e-02, -1.62508363e-01,  1.27835985e-01, -6.71877357e-03],
       [-2.38986546e-02, -2.85146181e-02,  1.06314164e-01,  2.00432252e-02,  2.53726183e-02],
       [-1.36614589e-02, -3.29091890e-02,  1.65646477e-01, -5.90921875e-02, -5.69171577e-02],
       [ 3.52208109e-02,  3.81457209e-02, -1.87573781e-01, -5.09389023e-02,  1.01963744e-01],
       [ 9.17113089e-03, -7.46311427e-02, -4.11736727e-02,  3.31442617e-02,  7.34688984e-02],
       [-8.77462015e-02, -1.50149019e-02,  7.15268972e-02, -8.65721194e-02, -4.18532516e-02],
       [ 1.08178371e-01, -6.50210353e-02, -1.18022216e-01, -3.02873336e-02,  2.53673103e-02],
       [-2.52450420e-02, -8.94056232e-02,  6.07365474e-02,  8.27333716e-02,  4.83967665e-02],
       [ 8.57211453e-02, -2.65139915e-02, -5.21798067e-02,  4.72519916e-02,  1.06568706e-01],
       [ 6.37339654e-02, -5.21689644e-02, -1.98757819e-02, -1.68635877e-01, -1.40151385e-01],
       [-1.88796057e-02,  6.66570378e-02,  8.90219511e-02, -7.93873248e-02, -6.19387802e-03],
       [-6.00474471e-02, -4.33854366e-02,  9.78704521e-02,  9.14158346e-03, -1.40480984e-01],
       [ 6.63566081e-02,  3.17003898e-02, -1.17793418e-01,  8.96581535e-02, -1.07528755e-01],
       [-1.11649697e-01,  6.21057576e-02,  4.65574002e-02,  5.60300674e-02, -1.14273812e-01],
       [-7.30405035e-02,  5.08382942e-02,  1.68265849e-02,  9.13622217e-02,  2.05507803e-01],
       [ 8.66885069e-02, -2.59963970e-02,  4.09088250e-02,  5.28433276e-02, -1.03452003e-01],
       [ 8.33279568e-02, -3.17086761e-02, -4.43162257e-02, -4.41781164e-03,  6.66677020e-03],
       [-1.03540203e-01,  3.15124290e-02,  4.50500963e-02, -6.90497480e-02, -5.78842255e-02],
       [ 3.35987686e-02, -9.21138682e-02, -8.81594237e-02, -4.99808930e-02, -5.71611656e-02],
       [-1.03275210e-02,  1.04582943e-01,  5.33217892e-02, -2.33207005e-02,  3.30632915e-02],
       [ 1.25744737e-02,  4.16639397e-03, -6.37855501e-02,  5.76209428e-02,  9.59400270e-02],
       [-3.35568167e-02,  1.15204594e-01,  7.23093673e-02, -1.41801714e-03,  5.61170892e-02],
       [-1.76284535e-02,  6.98304087e-02,  1.70644783e-02, -4.72095570e-02, -1.24704889e-01],
       [-9.88773833e-04, -2.31547022e-02, -4.03631280e-03, -3.06895954e-02, -9.63043953e-03],
       [ 2.07357743e-02, -3.32633432e-02, -7.42340213e-02,  2.01933353e-02, -6.19467481e-02],
       [-1.80245859e-02,  3.89258601e-02,  7.00664763e-02,  4.50266994e-02, -5.87993205e-02],
       [ 2.22287089e-02, -1.39717688e-01, -5.92740936e-02,  5.65448056e-02, -3.17434930e-02],
       [ 1.04329195e-02, -1.17636683e-01, -6.26518310e-02,  1.65075875e-02,  9.55636167e-02],
       [-2.94358846e-02,  1.02473403e-01,  1.45128610e-02,  2.45709670e-02, -8.89566584e-02],
       [-1.36504290e-02,  1.14792073e-01,  6.88352457e-02,  1.88606448e-02,  2.15388871e-02],
       [ 2.91985245e-02, -1.32036841e-01, -7.13459414e-02, -3.63994160e-02, -8.52065363e-02],
       [ 1.26637682e-01,  3.23352840e-02, -9.73438223e-02,  5.31306798e-03, -1.59022629e-02],
       [-1.65093059e-02, -1.22532864e-01,  7.95758335e-03, -1.14026706e-01, -2.76552108e-02],
       [ 1.25483370e-01,  8.33034122e-02, -1.92133547e-02, -4.38408270e-02, -7.73822933e-02],
       [ 5.66435248e-02,  1.27020425e-02,  3.10632636e-03,  9.77542745e-02,  3.99356855e-02],
       [-4.54764694e-02,  7.18472423e-02,  1.60221851e-01,  3.15186399e-02, -1.41246419e-02],
       [-6.08666391e-02, -9.46791864e-02,  5.52470602e-02, -2.35909423e-02,  7.35246439e-02],
       [ 6.82856667e-02,  9.96936509e-02, -7.41611325e-02, -3.94677645e-02,  8.38477403e-02],
       [-1.33822168e-01, -7.18618506e-02,  1.16465268e-02, -8.84246502e-02,  4.81081349e-02],
       [-1.24045124e-01, -4.70427912e-02, -1.52885683e-02, -4.23014361e-02, -7.53736241e-02],
       [ 1.01600105e-01,  7.89379531e-02,  8.95742720e-02, -4.15214350e-02,  4.98711387e-02],
       [ 1.40267558e-01,  8.18528184e-02, -2.37802430e-03, -4.82033278e-02, -2.09248171e-02],
       [-1.60673084e-01, -1.08706755e-01, -3.71443749e-04,  1.07614969e-01,  4.16500152e-02],
       [ 3.69642883e-02,  1.19410405e-01, -6.21770543e-02, -3.90239530e-02,  2.94115344e-02],
       [-1.52069742e-01,  3.30010170e-02,  8.78571055e-02, -3.18951696e-02,  2.52885634e-02],
       [-5.52061873e-02,  4.08181133e-02, -1.51479860e-03,  4.86485546e-02, -2.98027230e-02],
       [ 2.00413279e-02, -8.74774209e-02, -1.22186578e-01,  2.15309416e-04, -2.26092722e-03],
       [ 7.18993634e-02,  6.05050284e-02, -1.02712691e-01,  1.51231468e-02, -3.56562072e-02],
       [-5.82001204e-02, -5.48555638e-02,  1.03380773e-01,  1.09791009e-02, -2.15868217e-02],
       [ 1.32595925e-01, -6.14219831e-02, -5.63897935e-02, -2.47441437e-04, -9.84561869e-03],
       [ 1.47493710e-01, -8.78009812e-02, -3.86433420e-02, -3.43533351e-02,  4.67432695e-02],
       [-1.12147238e-01,  1.89722653e-02, -4.64597894e-02,  4.85681830e-03, -1.66498212e-02],
       [-1.25064050e-01,  4.18654401e-02,  5.45428750e-02, -1.18446445e-02,  1.19674718e-02],
       [ 1.69791750e-01, -3.91222388e-02, -6.83449852e-02,  4.36071762e-02, -2.01239898e-02],
       [ 2.97027153e-02,  1.38883595e-01, -3.64687118e-02,  7.76971958e-02,  1.39447119e-01],
       [ 1.62678493e-02,  6.75832622e-02, -1.14898227e-02, -2.17527494e-01, -1.32982809e-01],
       [-1.30655759e-02, -4.99537201e-03,  7.43909991e-02, -1.08990894e-01,  5.73745970e-03],
       [-6.44214868e-03, -5.94404769e-02, -3.23885162e-03,  2.77595512e-02, -1.51511088e-01],
       [ 8.77087747e-03,  5.30530808e-02, -5.94472667e-03,  8.68617693e-02, -1.46604473e-01],
       [-4.80804084e-02, -1.56241328e-01,  3.63227614e-02,  7.01136933e-02, -1.33335381e-01],
       [-3.18918217e-02, -1.40913845e-01,  4.32652481e-02,  1.20046843e-01,  2.09301263e-01],
       [ 3.37840306e-02,  1.33946766e-01,  2.13149506e-02,  7.93352497e-02, -1.06294962e-01],
       [ 2.60601313e-02,  1.35713547e-01, -4.07164853e-02,  2.22480355e-03,  6.80647329e-03],
       [-2.87323483e-02, -1.56774045e-01,  3.62863522e-02, -1.10396864e-01, -6.03193247e-02],
       [-6.33698415e-02,  2.73694019e-02, -1.55310083e-02,  1.13557679e-02, -1.28370264e-01],
       [ 2.69147218e-02, -1.01314781e-01, -1.34050705e-01, -1.52684287e-02, -1.18127523e-02],
       [ 8.66179220e-02,  9.15798786e-02, -6.81172706e-02,  5.50303327e-02, -8.83993003e-02],
       [-6.86751644e-02, -6.80537323e-02,  7.59021078e-02,  6.34344931e-02, -7.10952655e-02],
       [ 1.57233877e-01, -1.27141251e-02,  1.44210089e-02,  1.10298888e-01, -2.49983685e-02],
       [ 1.22826001e-01, -2.29258204e-02,  3.59073605e-02, -4.16096950e-02,  1.13411851e-01],
       [-1.23037509e-01, -3.14734044e-02, -1.15164223e-01,  3.88393086e-02, -1.04417011e-01],
       [-1.22614089e-01, -7.67134167e-03, -8.33349137e-03,  3.65812226e-02,  5.06996107e-02],
       [ 1.60996792e-01,  2.62869504e-02,  2.25378157e-02, -2.76330390e-02, -1.07496089e-01],
       [ 1.11838420e-02, -5.50830674e-02, -5.03063860e-02,  3.67968376e-02, -3.70222035e-02],
       [ 3.97715685e-02,  3.04101411e-02, -1.87308975e-02, -1.06674880e-01,  1.63959618e-01],
       [-2.20676986e-02, -2.79375547e-02,  1.69625064e-02, -9.74844853e-02,  1.97232163e-01],
       [ 5.59331828e-02, -3.80332710e-02,  2.61153107e-02, -2.43660227e-01,  8.29654983e-02],
       [ 8.51489004e-02, -6.45510204e-02,  4.61190715e-02,  3.54616281e-02, -1.75458276e-01],
       [-5.21732423e-02,  1.57537001e-02, -6.15247428e-02, -7.91219566e-02,  1.58200560e-01],
       [-8.50735354e-02,  3.95172269e-02, -3.46074072e-02, -1.19738466e-01, -8.59172390e-02],
       [ 6.40682163e-02, -2.94658184e-02,  2.60113895e-02,  1.56301293e-01,  1.27580828e-01],
       [-1.86009944e-02,  2.91058616e-02,  1.15787687e-01, -1.84863194e-02,  1.27113277e-02],
       [ 9.88531373e-03, -3.16125860e-02, -1.12778445e-01, -6.29646237e-04,  3.99316244e-02],
       [-3.83323438e-02,  1.21862683e-01,  1.30255852e-01, -7.13229341e-02,  1.09487924e-02],
       [-3.78169246e-02,  1.15724639e-01,  1.08627812e-01, -1.18538481e-02, -1.88379512e-04],
       [ 3.95870394e-02, -8.96366514e-02, -6.74802470e-02,  5.14938283e-04,  2.08915888e-02],
       [ 4.14542865e-02, -1.06088540e-01, -1.22233428e-01, -5.55915766e-02, -1.81450090e-02],
       [-2.78076410e-02,  1.17997316e-01,  1.44781409e-01,  9.53453306e-02,  6.65492926e-03],
       [ 3.21249837e-02,  5.60855041e-02, -5.31531097e-02,  1.29801000e-02,  4.52808440e-02],
       [-1.06943972e-01, -9.05169114e-02,  6.81516544e-02, -2.73341736e-02, -1.47737414e-02],
       [-8.12630753e-02, -7.06995135e-02,  5.05037068e-02,  6.32254909e-02, -8.93352080e-02],
       [ 6.46570930e-02,  7.91908051e-02,  7.58055011e-03, -4.29051303e-03,  5.80851213e-02],
       [ 8.97390836e-02,  8.54613829e-02, -5.37241542e-02, -3.58936510e-02, -4.45872781e-02],
       [-8.40908526e-02, -9.68553473e-02,  6.17471011e-02, -2.57613648e-02,  1.49543427e-01],
       [ 7.25073023e-02,  7.61099774e-02, -7.26142803e-02,  4.19629239e-02, -1.28073801e-03],
       [ 9.58929892e-02,  5.15947160e-02, -6.10372581e-02,  4.49453434e-02, -1.04948262e-01],
       [-7.50551365e-02, -8.32744677e-02, -1.41387895e-02,  2.89540981e-03,  4.40482773e-02],
       [-7.17747173e-02, -6.18251530e-02,  6.11980537e-02,  1.75985234e-02, -2.42890789e-02],
       [ 7.65115830e-02,  7.80341125e-02, -7.02041315e-02, -1.14651300e-01,  1.08230356e-01],
       [-1.33324662e-01,  6.62228745e-02, -5.69812615e-02,  1.49596226e-01, -6.41201871e-03],
       [ 1.08676432e-01,  9.55048386e-04,  1.20502309e-01,  2.06373041e-02,  2.00759548e-02],
       [ 1.31455195e-01, -2.63291599e-02,  3.12630991e-02, -3.51629820e-02, -4.40253979e-02],
       [-1.55989387e-01,  1.33126990e-02, -3.82087771e-02, -9.43404365e-02,  1.05067641e-01],
       [ 1.10203716e-01, -1.85438709e-02,  1.49858089e-01,  4.31232252e-02, -1.23908901e-01],
       [ 1.06344022e-01, -3.27504048e-02,  3.70117103e-02,  1.00415341e-01,  7.03191624e-02],
       [-1.37513936e-01,  2.88065473e-02, -6.41611726e-02, -6.42482706e-02, -1.67677199e-01],
       [-1.18625081e-01, -2.01364847e-02, -1.30269379e-01,  3.93062356e-03, -2.82697633e-02],
       [ 1.12253595e-01,  2.92225324e-02,  1.27398148e-01, -6.95855358e-02,  1.00197018e-01],
       [ 1.61099162e-01,  7.54046086e-03,  4.07009200e-02, -1.47866163e-02, -1.53811959e-02]])})
2026-01-20 11:00:52,514 - final_problem_set.kxor_instance_n19_k2_m218_ell2_eps0.25_kappa0.75_rho0.2 - INFO - Running key extraction (n=19, m=218, ell=2, phase_qubits=13)
2026-01-20 11:00:52,517 - final_problem_set.kxor_instance_n19_k2_m218_ell2_eps0.25_kappa0.75_rho0.2 - INFO - Built voting matrix V (n=19, ell=2, dtype=complex128) in 0.002s
2026-01-20 11:00:52,517 - final_problem_set.kxor_instance_n19_k2_m218_ell2_eps0.25_kappa0.75_rho0.2 - INFO - Eval: adv=0.1376, hamming=8/19 (0.421), corr=0.158
2026-01-20 11:00:52,517 - final_problem_set.kxor_instance_n19_k2_m218_ell2_eps0.25_kappa0.75_rho0.2 - INFO - Key extraction complete: x_hat=10
2026-01-20 11:00:52,517 - final_problem_set.kxor_instance_n19_k2_m218_ell2_eps0.25_kappa0.75_rho0.2 - INFO - Finished step 'KeyExtractionStep' in 0.003s (success: True, problem=kxor_instance_n19_k2_m218_ell2_eps0.25_kappa0.75_rho0.2)
2026-01-20 11:00:52,517 - final_problem_set.kxor_instance_n19_k2_m218_ell2_eps0.25_kappa0.75_rho0.2 - INFO - SUCCESS: len(z_hat)=19
2026-01-20 11:00:52,517 - final_problem_set.kxor_instance_n19_k2_m218_ell2_eps0.25_kappa0.75_rho0.2 - INFO - Metrics: adv=0.13761467889908258, ham_frac=0.42105263157894735, corr=0.15789473684210525
2026-01-20 11:00:52,517 - final_problem_set.kxor_instance_n19_k2_m218_ell2_eps0.25_kappa0.75_rho0.2 - INFO - z_hat (full): [ 1,  1, -1,  1, -1, -1,  1, -1, -1, -1,  1,  1,  1,  1,  1, -1,  1, -1,  1]
