2026-01-20 11:00:52,839 - final_problem_set.kxor_instance_n19_k2_m218_ell2_eps0.25_kappa0.75_rho1.0 - INFO - Starting iteration for /Users/julian/CodingProjects/UniT3/QuarticSpeedupK-XOR/z_Daphne/data/final_problem_set/kxor_instance_n19_k2_m218_ell2_eps0.25_kappa0.75_rho1.0.npz
2026-01-20 11:00:52,840 - final_problem_set.kxor_instance_n19_k2_m218_ell2_eps0.25_kappa0.75_rho1.0 - INFO - Loaded instance (n=19, m=218, k=2)
2026-01-20 11:00:52,840 - final_problem_set.kxor_instance_n19_k2_m218_ell2_eps0.25_kappa0.75_rho1.0 - INFO - Starting step 'ComputeKikuchiStep' (version 0.1) on problem kxor_instance_n19_k2_m218_ell2_eps0.25_kappa0.75_rho1.0 (fields={'ell': 2, 'threshold': 0.0})
2026-01-20 11:00:52,865 - final_problem_set.kxor_instance_n19_k2_m218_ell2_eps0.25_kappa0.75_rho1.0 - INFO - Finished step 'ComputeKikuchiStep' in 0.025s (success: True, problem=kxor_instance_n19_k2_m218_ell2_eps0.25_kappa0.75_rho1.0)
2026-01-20 11:00:52,865 - final_problem_set.kxor_instance_n19_k2_m218_ell2_eps0.25_kappa0.75_rho1.0 - INFO - Starting step 'ClassicalEigenvaluesStep' (version 0.1) on problem kxor_instance_n19_k2_m218_ell2_eps0.25_kappa0.75_rho1.0 (fields={'ell': 2, 'threshold': 0.0, 'kikuchi_matrix': <Dictionary Of Keys sparse matrix of dtype 'int64'
	with 4284 stored elements and shape (171, 171)>, 'num_eigenvalues': 5})
2026-01-20 11:00:52,942 - final_problem_set.kxor_instance_n19_k2_m218_ell2_eps0.25_kappa0.75_rho1.0 - INFO - Finished step 'ClassicalEigenvaluesStep' in 0.076s (success: True, problem=kxor_instance_n19_k2_m218_ell2_eps0.25_kappa0.75_rho1.0)
2026-01-20 11:00:52,942 - final_problem_set.kxor_instance_n19_k2_m218_ell2_eps0.25_kappa0.75_rho1.0 - INFO - Starting step 'KeyExtractionStep' (version 0.1) on problem kxor_instance_n19_k2_m218_ell2_eps0.25_kappa0.75_rho1.0 (fields={'ell': 2, 'threshold': 0.0, 'kikuchi_matrix': <Dictionary Of Keys sparse matrix of dtype 'int64'
	with 4284 stored elements and shape (171, 171)>, 'num_eigenvalues': 5, 'eigenvalues': array([12.87292517, 13.28249106, 13.62362347, 14.74038924, 25.34831791]), 'eigenvectors': array([[ 7.83838745e-02,  8.76869872e-02, -8.48632485e-02,  9.82962840e-02,  7.28617109e-02],
       [ 3.53204084e-02,  1.65048368e-02,  1.01729798e-01,  4.43773223e-02, -8.16738187e-02],
       [ 1.10338649e-01, -1.40846451e-01,  7.37719177e-02, -7.27032438e-02, -7.26655169e-02],
       [ 2.91042216e-03,  4.34642585e-02, -8.17798667e-02, -1.45498201e-02, -8.15061820e-02],
       [ 9.43817672e-04, -8.05679931e-03,  1.75374344e-02, -2.09695465e-02, -9.81439451e-02],
       [-7.56226024e-02, -1.28153552e-02,  2.59829598e-03,  1.31157935e-01,  7.40570019e-02],
       [-2.35167081e-02, -1.52412264e-02, -1.29040395e-01,  3.90268313e-02,  9.05216671e-02],
       [ 3.56848952e-02,  1.02137522e-01,  8.59429484e-02, -4.85901913e-03, -8.69287882e-02],
       [ 2.73499441e-02, -5.07081631e-02,  5.47410833e-02,  4.08059810e-02, -9.27826932e-02],
       [ 9.18820861e-02, -5.74385410e-02,  1.35877702e-01,  2.92996815e-02, -8.05686330e-02],
       [ 8.39106704e-02,  7.55703424e-02,  7.84333915e-02, -1.53248628e-02, -9.64598733e-02],
       [-1.43117198e-02,  3.38772342e-02,  6.94793310e-02, -9.52275894e-02, -8.45054145e-02],
       [-1.36349867e-01,  7.18713125e-03, -3.43338394e-03,  2.39819988e-02,  8.75108289e-02],
       [-5.06194773e-02,  2.39600619e-02, -9.51321502e-03,  6.15376829e-02,  8.73170862e-02],
       [ 8.41903930e-02,  8.02195123e-02,  1.31699360e-01, -1.34210838e-01, -5.59470306e-02],
       [ 1.19356306e-01, -4.25228028e-02,  6.90950168e-02,  6.30330069e-02, -7.61561187e-02],
       [-1.25269736e-01, -7.61871191e-02, -5.00055225e-02, -8.86078281e-03,  8.54487369e-02],
       [ 5.02100625e-02, -2.48970283e-02, -1.57063160e-01, -3.99681701e-02,  7.62881733e-02],
       [-1.36369238e-01, -8.08484507e-02,  5.78314399e-02, -1.33000891e-02, -7.10839505e-02],
       [-4.18668493e-02, -1.83095972e-01,  3.19403137e-02, -9.69636472e-02, -5.84692641e-02],
       [-1.35117282e-01, -4.81844993e-02, -8.51354514e-02, -5.34306696e-02, -6.19058914e-02],
       [-1.67560476e-01, -1.03216275e-01, -1.93066995e-02, -6.92264349e-02, -7.41195438e-02],
       [ 7.13616065e-02,  6.59988291e-02,  2.70846769e-02,  1.43230658e-01,  5.96829402e-02],
       [ 1.50035452e-01,  8.57558748e-02, -6.65062413e-02,  8.45394523e-02,  7.33907332e-02],
       [-1.48142894e-01, -1.03292168e-02,  4.00163781e-02, -6.09323727e-02, -7.56301279e-02],
       [-1.40004516e-01, -1.26515750e-01,  7.15291814e-03, -2.31898841e-02, -7.03444363e-02],
       [-7.65243620e-02, -1.30455790e-01,  7.66565864e-02, -2.48114847e-02, -6.63532467e-02],
       [-1.25870632e-01, -4.62014035e-02,  2.81396527e-02, -7.53001682e-02, -8.41766342e-02],
       [-1.65071056e-01, -6.29602944e-02,  2.45472195e-02, -1.22683144e-01, -6.82433171e-02],
       [ 5.76982173e-02,  1.09647140e-01,  3.40076931e-02,  7.76329753e-02,  7.59752873e-02],
       [ 1.20050961e-01,  1.09148662e-01,  2.28654773e-02,  9.96439271e-02,  7.01612227e-02],
       [-3.02822009e-02,  9.57356243e-03,  8.39364878e-02, -1.36079866e-01, -4.60489785e-02],
       [-4.81045680e-02, -1.27662637e-01,  3.08053874e-02,  5.76119855e-03, -6.63993843e-02],
       [ 6.28621482e-02,  3.20092039e-02, -9.55226783e-03,  4.68669767e-02,  7.47164911e-02],
       [ 1.77641884e-01,  5.96663124e-02, -9.58253809e-02,  1.33922693e-02,  6.22868899e-02],
       [-4.87612028e-02,  1.21573650e-01, -3.96669101e-02, -9.11664172e-03,  6.66927957e-02],
       [ 5.35663704e-02, -4.01710613e-02,  9.68426991e-02, -6.93793169e-02,  6.87551829e-02],
       [ 6.58568615e-02, -4.34458693e-04,  2.10119718e-02, -8.33335161e-02,  8.26933118e-02],
       [ 1.77601139e-02,  1.90446559e-02, -3.14064106e-02, -4.34315048e-02, -7.30592511e-02],
       [-4.63588853e-02,  2.22692910e-02,  8.03592529e-02,  6.41203458e-02, -8.26151039e-02],
       [ 2.94976179e-02, -9.82694816e-02, -4.40354243e-02, -9.12996006e-02,  7.82646987e-02],
       [ 4.18259836e-02,  3.35239047e-02, -1.01723156e-02, -1.26971430e-01,  7.77521714e-02],
       [-2.25529263e-02,  4.53806000e-02, -8.91831787e-02, -1.14457875e-01,  7.32932228e-02],
       [-4.78091057e-03, -7.65970908e-02, -3.24159969e-02, -9.34527319e-02,  8.71277401e-02],
       [ 7.44956962e-02, -3.66427258e-02, -3.12340635e-02, -5.45754140e-03,  7.74297608e-02],
       [ 6.71115763e-02,  1.11882579e-03, -3.55340843e-02,  8.30525278e-02, -8.47242992e-02],
       [-2.10526620e-02, -1.76247910e-02, -2.90452042e-02,  4.44497693e-02, -8.50095234e-02],
       [-3.98171832e-02, -8.46192215e-02, -1.11651740e-01,  6.68304831e-02,  5.57512501e-02],
       [-5.24289260e-02,  3.00623175e-02, -3.32816262e-02, -1.36505772e-01,  6.78406502e-02],
       [ 5.19371651e-02,  7.60638041e-02,  1.24271514e-02,  1.00060238e-01, -7.71904206e-02],
       [-9.93403825e-02,  2.82880866e-02,  1.10619345e-01,  1.16421329e-01, -6.82355117e-02],
       [-2.46260777e-02,  1.02807493e-01,  1.09383570e-01,  3.63032015e-02,  6.57448945e-02],
       [-2.59851982e-02,  1.58374364e-01,  3.24325297e-02,  4.31998308e-02,  7.42638828e-02],
       [ 7.96633879e-02, -1.09957342e-01, -3.79691898e-02, -1.23432827e-01, -6.01196376e-02],
       [ 4.40408447e-02, -1.53179846e-01,  6.36189392e-02, -6.44367141e-02, -7.87276653e-02],
       [-5.57861527e-02,  6.83066637e-02, -2.72696459e-02,  3.30851560e-02,  7.60891614e-02],
       [-4.15531517e-02,  1.77951864e-01,  4.85716955e-03, -1.27998778e-03,  7.03910866e-02],
       [-9.24400330e-02,  1.77405389e-01, -6.68535772e-02,  2.13681761e-03,  6.60730698e-02],
       [-1.01440156e-01,  1.10398312e-01, -1.32767993e-02,  4.51409643e-02,  8.43068554e-02],
       [-1.05434509e-02,  1.14035468e-01, -1.32921093e-02,  9.91078389e-02,  6.87825949e-02],
       [ 1.29070480e-01, -1.50756695e-01, -4.09832875e-02, -4.64101027e-02, -7.08228464e-02],
       [ 6.39063724e-02, -1.62715877e-01, -3.61339970e-02, -7.46473432e-02, -7.06132302e-02],
       [-8.21017261e-02,  2.28032372e-02, -7.79268949e-02,  1.21736412e-01,  4.65329721e-02],
       [-1.12160376e-01,  1.57099307e-01, -1.73302203e-02, -2.50164899e-02,  6.18992096e-02],
       [ 1.36131166e-01, -8.79943968e-02, -4.34646799e-03, -2.03194281e-02, -7.43861149e-02],
       [-2.27366334e-02, -1.17326022e-01,  9.79270841e-02,  9.47588918e-03, -6.69089241e-02],
       [ 9.23063484e-02, -2.54221978e-02,  1.90283841e-01, -2.16921479e-02,  7.58019752e-02],
       [-9.16077888e-03,  3.48827712e-02, -1.61365287e-01, -8.00228367e-02, -6.24134857e-02],
       [-8.48019721e-02,  5.14975024e-02, -1.07174609e-01,  5.27790082e-03, -8.20973325e-02],
       [ 6.02084700e-02, -1.14586227e-01,  1.23026255e-01, -3.12561369e-02,  7.29902155e-02],
       [ 6.91205729e-02,  8.14605323e-03,  1.52435568e-01, -6.51748200e-02,  7.21707671e-02],
       [ 7.65325443e-03,  2.43128238e-02,  7.58920362e-02, -6.48093152e-02,  7.36066605e-02],
       [ 3.28189083e-02, -9.63223672e-02,  1.54463036e-01, -2.72425640e-02,  8.07970543e-02],
       [ 9.71648569e-02, -5.70440201e-02,  1.30114662e-01,  4.47798488e-02,  7.14112355e-02],
       [ 2.23877746e-02,  2.26930147e-02, -1.91439268e-01,  1.56904033e-02, -7.30878911e-02],
       [-4.58145595e-02,  9.10826538e-03, -1.85746794e-01, -1.47262114e-02, -7.29667049e-02],
       [-1.69647445e-02, -9.49527663e-02,  1.65351500e-02,  9.95916448e-02,  5.18959084e-02],
       [-2.15164926e-02,  1.03746703e-02,  1.08683301e-01, -8.21257259e-02,  6.41639224e-02],
       [ 1.52821248e-02,  9.13423826e-02, -1.46589403e-01,  4.12049183e-02, -7.13004833e-02],
       [-1.34737245e-01,  5.34222688e-02, -4.39226677e-02,  7.16759449e-02, -6.90617331e-02],
       [-1.27707957e-02, -1.72767597e-04, -1.12478372e-01, -1.02144795e-01, -7.53565799e-02],
       [-9.32741331e-02, -1.05179816e-03, -1.07325287e-02,  2.24732458e-03, -9.25593299e-02],
       [ 7.42194555e-02, -8.82131644e-02,  4.67159903e-02, -3.55252123e-02,  8.83847699e-02],
       [ 8.53180937e-02,  6.30958956e-02,  8.48218874e-02, -7.83075240e-02,  8.70350547e-02],
       [ 1.09600611e-02,  8.42938520e-02, -1.30094767e-02, -7.60808106e-02,  8.85543159e-02],
       [ 3.96881222e-02, -5.87985352e-02,  7.26393557e-02, -3.01264536e-02,  9.80935616e-02],
       [ 1.21360666e-01, -1.90216517e-02,  5.85268181e-02,  5.93436532e-02,  8.60102087e-02],
       [ 2.74893335e-02, -2.50499593e-02, -1.31921205e-01,  1.70489976e-02, -8.86065054e-02],
       [-5.90258156e-02, -4.20568586e-02, -1.25077724e-01, -2.14637484e-02, -8.84418294e-02],
       [-1.78931646e-02, -7.85944302e-02, -5.38911520e-02,  1.22809497e-01,  6.25082195e-02],
       [-2.79526290e-02,  5.85152967e-02,  4.37902996e-02, -9.93627216e-02,  7.70407162e-02],
       [ 2.08041538e-02,  6.17521939e-02, -7.97425127e-02,  4.84599467e-02, -8.68036885e-02],
       [-1.46602428e-01,  1.11190471e-02,  4.36645317e-02,  7.65237031e-02, -7.76638472e-02],
       [-4.50111177e-03, -1.70241969e-02,  2.32294490e-02,  1.17401998e-01,  7.54055075e-02],
       [ 1.48384735e-02,  9.88063453e-02, -5.51086822e-02, -9.45873425e-02, -7.71674321e-02],
       [ 5.72112414e-03, -3.75615397e-02, -8.86109394e-02, -5.51247901e-02, -7.71660278e-02],
       [ 6.99730816e-02, -4.93420326e-02, -2.41999102e-04, -5.62495356e-02, -7.27748992e-02],
       [ 5.14541991e-02,  6.42271172e-02, -7.19816732e-02, -1.05292749e-01, -7.98920146e-02],
       [-2.43202414e-02,  3.26325313e-02, -5.87711323e-02, -1.54237958e-01, -6.92638215e-02],
       [-9.56117958e-02,  2.32864155e-03,  1.16617497e-01,  1.02642232e-01,  7.18317441e-02],
       [-2.79210960e-02,  1.40804155e-02,  1.10586935e-01,  1.31597409e-01,  7.12424330e-02],
       [ 5.90148230e-02,  6.81385808e-02,  3.19985916e-02, -1.57032980e-01, -4.63271975e-02],
       [ 9.60115676e-02, -3.66461922e-02, -5.14274022e-02, -2.16293947e-02, -6.78539531e-02],
       [-8.70610355e-02, -6.45530500e-02,  7.56605409e-02,  7.33754656e-02,  7.10451276e-02],
       [ 5.99988825e-02, -2.73245531e-02, -2.66914570e-02,  4.22090374e-02,  6.86664767e-02],
       [-5.31998532e-02,  1.11185978e-01,  6.17249350e-02,  1.58740385e-02, -8.76413140e-02],
       [-6.40247302e-02, -4.00609808e-02,  2.38274421e-02,  5.77530329e-02, -8.74933521e-02],
       [ 1.25489113e-02, -5.38659589e-02,  1.15407291e-01,  4.88104797e-02, -8.19773078e-02],
       [-1.62172884e-02,  8.49860298e-02,  5.07290088e-02,  7.90315830e-03, -9.73283780e-02],
       [-1.01175153e-01,  3.80644734e-02,  4.67099136e-02, -7.76128110e-02, -8.55651787e-02],
       [-4.91015407e-02,  1.71510349e-03,  2.19581953e-02,  3.93327592e-03,  8.86106022e-02],
       [ 3.79358719e-02,  1.89054615e-02,  1.56178428e-02,  4.23809893e-02,  8.83925118e-02],
       [ 3.46555070e-02,  8.49766719e-02,  1.20460720e-01, -1.25743812e-01, -5.74133449e-02],
       [ 4.62680919e-02, -3.81840105e-02,  4.90679355e-02,  8.15609146e-02, -7.70382021e-02],
       [-4.45903943e-02, -9.51072033e-02, -3.01726583e-02, -3.22626802e-02,  9.24542606e-02],
       [ 1.26379884e-01, -3.19725200e-02, -1.37235566e-01, -5.83283447e-02,  7.68107682e-02],
       [ 4.73728178e-02, -4.46185291e-02,  1.06619477e-02, -8.70183697e-02,  8.31868652e-02],
       [-2.32800411e-02, -2.58826778e-02, -7.71750770e-02, -7.68402595e-02,  7.83628205e-02],
       [-1.12464840e-03, -1.75533200e-01, -8.77037421e-03, -4.37288056e-02,  9.24674911e-02],
       [ 8.34745652e-02, -1.18652882e-01, -1.07908866e-02,  4.46118078e-02,  8.19317810e-02],
       [ 6.15952543e-02,  8.38981268e-02, -5.55947427e-02,  2.87838310e-02, -8.43141240e-02],
       [-2.34632178e-02,  6.66584390e-02, -4.92953124e-02, -9.72397606e-03, -8.41623045e-02],
       [-3.89253469e-02, -1.31198718e-01, -9.30029912e-02,  1.03093832e-01,  5.51492828e-02],
       [-6.17756520e-02, -4.28797465e-02, -1.97271470e-02, -1.16922378e-01,  7.83368077e-02],
       [ 5.22164328e-02,  1.61808608e-01, -8.80731325e-03,  5.88051204e-02, -8.18736733e-02],
       [-1.10136616e-01,  1.01891533e-01,  1.00373650e-01,  8.36738524e-02, -7.34334575e-02],
       [-1.26789894e-02,  1.03119333e-01, -4.17670243e-02, -1.13084338e-01,  7.71447671e-02],
       [ 1.21402541e-02, -1.26246213e-02,  3.14691660e-02, -8.82230330e-02,  9.26640005e-02],
       [ 1.05290012e-01,  2.20578492e-02,  2.66057279e-02,  4.32620907e-03,  8.78348317e-02],
       [ 4.73263038e-02, -6.07619159e-02, -9.14850889e-02,  6.91468688e-02, -8.37909717e-02],
       [-3.35836911e-02, -7.68088893e-02, -8.53412227e-02,  3.29080565e-02, -8.37135194e-02],
       [-3.37961641e-02, -4.63908612e-02, -7.56428539e-02,  7.84757130e-02,  5.96951675e-02],
       [-4.43158082e-02,  8.48476804e-02,  1.33872158e-02, -1.37794101e-01,  7.20380861e-02],
       [ 4.16001106e-02,  2.08445948e-02, -4.30838846e-02,  9.70794249e-02, -8.16016412e-02],
       [-1.18184970e-01, -2.11031806e-02,  6.81844478e-02,  1.17064323e-01, -7.30172006e-02],
       [-6.54632403e-02,  5.96466079e-03, -6.99073705e-02, -7.71538368e-02,  8.72375062e-02],
       [ 2.45372506e-02,  3.68779354e-02, -7.04857006e-02,  9.42150839e-03,  8.27735558e-02],
       [ 1.11665324e-01, -7.19520802e-02,  2.49585331e-03,  6.02215706e-02, -7.89877054e-02],
       [ 3.61105498e-02, -8.68886619e-02,  7.98243522e-03,  2.65209874e-02, -7.89176114e-02],
       [-8.14120231e-02, -3.25469466e-02, -1.35161606e-01,  7.69178995e-02,  5.55627729e-02],
       [-9.71352532e-02,  9.19385545e-02, -5.99294905e-02, -1.25055233e-01,  6.79377779e-02],
       [ 1.04104985e-01,  4.30132515e-03,  4.43477676e-02,  8.63643215e-02, -7.69193472e-02],
       [-5.19562605e-02, -3.32126716e-02,  1.38169634e-01,  1.04686053e-01, -6.84934657e-02],
       [ 5.34813389e-02, -9.70814179e-02,  5.26606910e-03,  5.86852933e-02,  9.12241131e-02],
       [ 1.11623917e-01,  5.57921131e-02, -8.15363231e-02,  2.28448288e-02, -9.34994890e-02],
       [ 1.67962612e-02,  3.61510624e-02, -7.47167334e-02, -1.94292761e-02, -9.37440738e-02],
       [-6.95491653e-02, -1.24476352e-01, -9.45379095e-02,  1.20631354e-01,  6.10604777e-02],
       [-9.90618816e-02, -7.61688285e-03, -3.50202635e-03, -1.10097344e-01,  8.11438859e-02],
       [ 9.93360483e-02,  1.45427155e-01, -2.77335633e-02,  5.71840189e-02, -9.08067346e-02],
       [-8.93802687e-02,  8.29677592e-02,  9.77220292e-02,  8.53969556e-02, -8.17240226e-02],
       [ 1.04633722e-02,  1.65716461e-02, -6.64534120e-02, -6.18798647e-02, -8.27700070e-02],
       [-6.95729616e-02,  1.74968951e-03, -6.00103412e-02, -9.70866353e-02, -8.21313296e-02],
       [-1.03085572e-02, -9.06736092e-02, -8.05442961e-02,  1.49671664e-01,  5.30841886e-02],
       [-1.27959643e-02,  2.18061679e-02, -6.66758168e-03, -2.69994752e-02,  7.75190009e-02],
       [ 4.65418457e-03,  1.06627746e-01, -2.31409254e-02, -3.32648824e-02, -8.67720771e-02],
       [-1.47684937e-01,  4.38445549e-02,  8.72802629e-02,  4.38722735e-03, -7.26977624e-02],
       [-7.45504711e-02,  4.06768384e-02,  1.30080149e-01,  2.75364485e-02,  8.38888986e-02],
       [ 1.13070968e-01,  7.29759065e-02,  4.28449969e-02, -1.22159512e-01, -5.95458028e-02],
       [ 1.36958822e-01, -5.44143513e-02, -5.13062676e-02,  9.04769769e-02, -7.35450544e-02],
       [-1.47878123e-01, -5.88889478e-02,  8.66218170e-02, -4.12185313e-02,  8.27378043e-02],
       [ 2.88753870e-02, -1.10220384e-02, -3.30679535e-02, -7.54492257e-02,  7.99369892e-02],
       [ 5.26273990e-02,  6.20856256e-02,  4.67427959e-02, -1.47309695e-01, -5.90246317e-02],
       [ 7.43671503e-02, -7.87520624e-02, -5.35584506e-02,  6.39256221e-02, -7.92359303e-02],
       [-6.64929788e-02, -4.17659074e-02,  8.08839763e-02, -4.86605415e-03,  8.30181001e-02],
       [ 1.10159665e-01,  5.23624664e-03, -3.89254516e-02, -3.96345515e-02,  7.98384656e-02],
       [-9.89639457e-02, -3.91124003e-02, -8.66787266e-02,  4.77541294e-02,  5.24905194e-02],
       [ 9.11550140e-02,  1.15222466e-01,  7.22909404e-02, -9.20660265e-02, -5.46214931e-02],
       [-1.91904950e-02,  8.54227716e-02,  1.47505340e-01, -6.35573381e-02, -5.21014949e-02],
       [ 1.29214639e-01,  1.53399264e-02, -1.09679426e-02,  1.13054664e-01, -7.15638766e-02],
       [-2.01551579e-02, -2.08198298e-02,  8.17404914e-02,  1.26382879e-01, -6.40551852e-02],
       [ 3.32529019e-02, -8.11168346e-02, -6.99398403e-02, -9.17960799e-02,  7.25360546e-02]])})
2026-01-20 11:00:52,943 - final_problem_set.kxor_instance_n19_k2_m218_ell2_eps0.25_kappa0.75_rho1.0 - INFO - Running key extraction (n=19, m=218, ell=2, phase_qubits=13)
2026-01-20 11:00:52,945 - final_problem_set.kxor_instance_n19_k2_m218_ell2_eps0.25_kappa0.75_rho1.0 - INFO - Built voting matrix V (n=19, ell=2, dtype=complex128) in 0.002s
2026-01-20 11:00:52,946 - final_problem_set.kxor_instance_n19_k2_m218_ell2_eps0.25_kappa0.75_rho1.0 - INFO - Eval: adv=1.0000, hamming=0/19 (0.000), corr=1.000
2026-01-20 11:00:52,946 - final_problem_set.kxor_instance_n19_k2_m218_ell2_eps0.25_kappa0.75_rho1.0 - INFO - Key extraction complete: x_hat=11
2026-01-20 11:00:52,946 - final_problem_set.kxor_instance_n19_k2_m218_ell2_eps0.25_kappa0.75_rho1.0 - INFO - Finished step 'KeyExtractionStep' in 0.003s (success: True, problem=kxor_instance_n19_k2_m218_ell2_eps0.25_kappa0.75_rho1.0)
2026-01-20 11:00:52,946 - final_problem_set.kxor_instance_n19_k2_m218_ell2_eps0.25_kappa0.75_rho1.0 - INFO - SUCCESS: len(z_hat)=19
2026-01-20 11:00:52,946 - final_problem_set.kxor_instance_n19_k2_m218_ell2_eps0.25_kappa0.75_rho1.0 - INFO - Metrics: adv=1.0, ham_frac=0.0, corr=1.0
2026-01-20 11:00:52,946 - final_problem_set.kxor_instance_n19_k2_m218_ell2_eps0.25_kappa0.75_rho1.0 - INFO - z_hat (full): [-1, -1,  1,  1,  1,  1, -1, -1,  1,  1,  1,  1,  1, -1, -1,  1,  1, -1, -1]
