2026-01-20 11:01:10,494 - final_problem_set.kxor_instance_n22_k2_m157_ell2_eps0.15_kappa1.0_rho0.2 - INFO - Starting iteration for /Users/julian/CodingProjects/UniT3/QuarticSpeedupK-XOR/z_Daphne/data/final_problem_set/kxor_instance_n22_k2_m157_ell2_eps0.15_kappa1.0_rho0.2.npz
2026-01-20 11:01:10,495 - final_problem_set.kxor_instance_n22_k2_m157_ell2_eps0.15_kappa1.0_rho0.2 - INFO - Loaded instance (n=22, m=157, k=2)
2026-01-20 11:01:10,495 - final_problem_set.kxor_instance_n22_k2_m157_ell2_eps0.15_kappa1.0_rho0.2 - INFO - Starting step 'ComputeKikuchiStep' (version 0.1) on problem kxor_instance_n22_k2_m157_ell2_eps0.15_kappa1.0_rho0.2 (fields={'ell': 2, 'threshold': 0.0})
2026-01-20 11:01:10,517 - final_problem_set.kxor_instance_n22_k2_m157_ell2_eps0.15_kappa1.0_rho0.2 - INFO - Finished step 'ComputeKikuchiStep' in 0.022s (success: True, problem=kxor_instance_n22_k2_m157_ell2_eps0.15_kappa1.0_rho0.2)
2026-01-20 11:01:10,517 - final_problem_set.kxor_instance_n22_k2_m157_ell2_eps0.15_kappa1.0_rho0.2 - INFO - Starting step 'ClassicalEigenvaluesStep' (version 0.1) on problem kxor_instance_n22_k2_m157_ell2_eps0.15_kappa1.0_rho0.2 (fields={'ell': 2, 'threshold': 0.0, 'kikuchi_matrix': <Dictionary Of Keys sparse matrix of dtype 'int64'
	with 4640 stored elements and shape (231, 231)>, 'num_eigenvalues': 5})
2026-01-20 11:01:10,612 - final_problem_set.kxor_instance_n22_k2_m157_ell2_eps0.15_kappa1.0_rho0.2 - INFO - Finished step 'ClassicalEigenvaluesStep' in 0.096s (success: True, problem=kxor_instance_n22_k2_m157_ell2_eps0.15_kappa1.0_rho0.2)
2026-01-20 11:01:10,613 - final_problem_set.kxor_instance_n22_k2_m157_ell2_eps0.15_kappa1.0_rho0.2 - INFO - Starting step 'KeyExtractionStep' (version 0.1) on problem kxor_instance_n22_k2_m157_ell2_eps0.15_kappa1.0_rho0.2 (fields={'ell': 2, 'threshold': 0.0, 'kikuchi_matrix': <Dictionary Of Keys sparse matrix of dtype 'int64'
	with 4640 stored elements and shape (231, 231)>, 'num_eigenvalues': 5, 'eigenvalues': array([-11.43247531, -10.71826516, -10.25823996,   9.87205986,  10.04008104]), 'eigenvectors': array([[ 7.44470352e-03, -3.77788337e-02,  1.83373634e-02,  6.81005484e-02, -4.58606335e-02],
       [ 6.60510461e-02, -1.55715494e-03,  4.53733693e-02,  1.07195812e-01,  6.40826490e-02],
       [ 9.64222972e-02,  1.64538440e-02,  6.39945614e-02, -1.94450697e-02, -4.98250693e-02],
       [ 2.75525618e-02, -8.75207294e-02,  2.07790240e-03,  7.05864110e-02, -3.85951803e-04],
       [ 5.15479034e-02, -4.01985167e-02,  7.98697674e-02, -1.71862036e-01, -1.16007087e-01],
       [ 3.49671049e-02,  7.02640097e-02,  6.49882886e-02, -3.89559850e-02, -1.18420068e-01],
       [-1.27958482e-01, -5.46315850e-02, -1.50520373e-01, -5.48794296e-02, -1.01071776e-01],
       [-3.58346791e-02,  3.54696670e-02, -2.57878332e-02,  1.15919564e-02,  3.70687897e-02],
       [-9.70041899e-02,  5.74660412e-02, -1.63573113e-02,  9.74230004e-02,  1.54848134e-02],
       [ 9.08039367e-02,  5.77386801e-02,  5.54907954e-02, -8.88395307e-02, -2.85895302e-02],
       [ 8.96512653e-02,  2.67654186e-02,  9.22788126e-02,  1.11231207e-01,  9.72874762e-02],
       [-1.78889627e-02,  8.72849898e-02,  7.30786424e-02, -4.52114292e-03, -1.05409341e-01],
       [-8.16391985e-02, -2.31006726e-02, -7.82634172e-02, -6.33881565e-03, -2.83141047e-02],
       [ 6.55974243e-02,  1.25587728e-02,  1.79850081e-03, -5.83518627e-02, -8.08709771e-02],
       [ 3.76110502e-02,  7.00693135e-02,  9.73378232e-02, -1.43911002e-01, -3.22333619e-02],
       [ 1.27762991e-01, -1.69696987e-02,  1.05469533e-01,  9.97401158e-02, -1.14961972e-02],
       [ 6.14954740e-02, -1.43723421e-03,  9.92140834e-02, -7.79640303e-02,  5.21126022e-03],
       [-2.16418018e-02,  3.24609970e-02,  6.11666321e-03,  3.82870784e-02,  3.82737769e-03],
       [-2.89145290e-02,  4.17243349e-02,  5.40454212e-02,  1.29189310e-01,  1.08183833e-01],
       [-5.68315153e-02, -1.88739135e-02, -5.50558773e-02,  1.68031303e-02,  2.74999041e-02],
       [-1.11890361e-01, -5.38651382e-02, -1.15437603e-01, -8.85187128e-02, -1.07409240e-02],
       [ 1.87764249e-02, -4.68099687e-02,  2.56253049e-02, -1.45812694e-01, -3.19728246e-02],
       [ 3.38104976e-02, -6.33084401e-02,  4.44061438e-02,  4.18489011e-02,  3.48973113e-02],
       [-1.05247109e-02, -3.52892293e-02, -7.56016520e-03, -5.39233993e-02,  6.48824053e-03],
       [-3.44476100e-03, -4.28479210e-02,  9.74575206e-03,  1.94399255e-01,  2.90330506e-02],
       [ 2.40801191e-02, -2.12558798e-03,  3.18030934e-02,  6.76623884e-02,  7.30620887e-02],
       [-4.77703563e-02,  7.50941848e-02, -6.80289048e-02,  7.77920807e-02,  4.91471369e-02],
       [-5.80118450e-03,  3.43703207e-02, -4.53103181e-03, -1.39145887e-02, -2.63167250e-02],
       [-2.61893946e-02,  6.57474791e-02, -2.57684206e-02, -1.25041271e-01,  1.41886936e-02],
       [ 4.54383943e-02, -4.36457723e-02,  4.48904271e-02,  8.71415355e-02, -5.31929365e-03],
       [ 3.70899234e-02, -6.17257659e-02,  5.30782759e-02, -1.32427377e-01, -4.69677466e-02],
       [ 2.87895126e-03,  2.21806646e-02,  1.88237174e-02,  3.53292332e-02,  7.24544975e-02],
       [-3.27097223e-02,  4.54605960e-02, -4.01608446e-02,  3.03440559e-02,  8.37502776e-03],
       [ 2.98113312e-02, -3.80223773e-02,  1.26325810e-02,  8.44326722e-02,  3.96467360e-02],
       [ 2.14542233e-02, -1.30532313e-02,  4.03683557e-02,  1.58553112e-01, -2.76269663e-02],
       [ 3.41264100e-02, -9.57425316e-02,  6.02142271e-02, -1.28307571e-01,  4.62918656e-02],
       [ 8.29449541e-03, -4.30108830e-02,  2.04468091e-02,  5.10214898e-02, -9.79415451e-03],
       [-2.79440947e-03,  1.48158796e-02, -4.60987339e-03, -4.45515193e-02,  1.19509799e-02],
       [-9.18092141e-03,  2.94352935e-02, -5.18698178e-03, -1.55063656e-01, -4.59084488e-02],
       [-2.08358749e-02,  3.24949605e-02, -2.91830814e-02, -3.54084337e-02, -1.06651078e-02],
       [-5.39267772e-02,  4.88664072e-02, -5.62418105e-02,  6.60371546e-02, -2.05910321e-03],
       [ 7.86068543e-02,  5.30814011e-03, -3.59719181e-02, -4.39946130e-02,  4.54081703e-02],
       [ 4.13065465e-02, -1.00184186e-01,  6.68856169e-03, -4.91836775e-02, -9.51347386e-03],
       [ 7.65862186e-02, -6.47255914e-02,  5.14820389e-02, -1.90698855e-02,  1.45605027e-01],
       [ 2.50046017e-02,  7.49761700e-02,  1.40409973e-02, -1.08456870e-01,  7.60710519e-02],
       [-1.09817923e-01, -2.72123836e-02,  6.33932457e-03, -8.58078019e-02,  1.18908138e-01],
       [-4.83034330e-02,  4.47677027e-02, -1.55179847e-02,  5.62601223e-02, -1.08962562e-02],
       [-8.13049102e-02,  4.53272449e-02,  5.36348098e-02, -2.88833724e-02, -1.09565698e-01],
       [ 7.71421560e-02,  5.50498391e-02, -6.30818803e-02,  2.93367040e-02,  7.25449475e-02],
       [ 1.01634347e-01,  3.07488030e-02, -1.81472487e-02,  2.59827202e-02, -1.13899320e-01],
       [-1.55095879e-02,  8.72377866e-02,  7.07235521e-02, -1.34705240e-01,  7.92823155e-02],
       [-7.73339402e-02, -2.20460647e-02,  1.12270841e-02, -5.17744747e-02,  6.96540741e-02],
       [ 4.34384584e-02,  1.13990256e-02, -5.53797270e-02, -7.25882925e-02,  9.05075558e-02],
       [ 3.17350363e-02,  5.84592476e-02,  1.66791705e-02,  4.58970473e-02,  1.56222007e-01],
       [ 1.65301086e-01, -4.67072451e-02, -4.78583900e-02, -6.69036288e-02, -1.02436478e-01],
       [ 8.74471497e-02, -2.34782521e-02,  4.94718200e-02,  5.29414880e-02,  4.12838414e-02],
       [-2.14704172e-02,  3.62578200e-02,  3.12880003e-02, -3.91914182e-02, -6.03526460e-02],
       [-2.03293716e-02,  3.06916135e-02,  7.72518149e-02,  3.62833069e-02, -1.22380798e-01],
       [-5.89331160e-02, -1.23438340e-02,  1.75085814e-02,  3.08058056e-02, -5.72844834e-02],
       [-1.08108101e-01, -4.66992206e-02,  2.03599217e-02,  5.42410598e-02,  4.31614530e-02],
       [ 5.28112698e-02, -1.24692537e-01,  1.31361288e-02,  7.08828714e-03,  7.80999580e-03],
       [ 1.09364353e-01, -8.02415406e-02,  7.38545946e-02,  4.83114802e-02, -7.45583098e-02],
       [ 3.84313681e-02,  1.17648207e-01, -1.03725062e-02,  5.45108314e-02, -1.48703659e-02],
       [-1.18977562e-01, -6.79831566e-02,  6.31235277e-02,  2.80910957e-02, -3.43918168e-02],
       [-6.39548205e-02,  5.47890251e-02, -1.68787786e-02, -2.11209380e-02, -3.16827587e-03],
       [-9.37833878e-02,  4.72264845e-02,  1.20441456e-01, -1.31999023e-02,  6.16408656e-02],
       [ 5.67779029e-02,  7.98433224e-02, -1.13062361e-01,  4.05701402e-03, -3.63288009e-02],
       [ 9.73739286e-02,  5.76392455e-02, -6.19197834e-02, -2.71839181e-02,  3.33270431e-02],
       [-4.81217012e-03,  1.10791118e-01,  8.71933166e-02,  3.93180198e-02, -1.05146156e-02],
       [-8.44221139e-02, -4.38176596e-02,  6.11749851e-02,  2.30165001e-02, -3.41915150e-02],
       [ 4.09117836e-02,  2.78799088e-02, -1.03369830e-01,  5.25564708e-02, -4.71352326e-02],
       [ 1.54456892e-02,  8.02403185e-02, -9.80332791e-04,  1.23027225e-02, -1.01193740e-01],
       [ 1.32581251e-01, -1.28195569e-02, -9.59059660e-02, -1.25318039e-02,  6.96041244e-02],
       [ 1.09583927e-01, -9.00598157e-03,  4.97900379e-02, -9.81020712e-03, -2.32468299e-02],
       [-1.38138645e-02,  4.10703182e-02,  4.69623923e-02,  2.60744644e-03,  3.20372441e-02],
       [-1.39054434e-02,  3.16945882e-02,  1.22520144e-01, -4.58508309e-02,  5.50206451e-02],
       [-6.49019236e-02, -3.38956889e-02,  5.67827317e-02, -1.31821552e-02,  1.86343001e-02],
       [-1.08965741e-01, -8.49313655e-02,  8.53028098e-02, -5.43539278e-03, -2.60557762e-02],
       [ 2.78232597e-03, -8.79804451e-02, -8.60141278e-03,  5.78992050e-02, -4.60785298e-03],
       [ 4.58166175e-02, -3.29714574e-02,  1.60519360e-02, -2.41853833e-02,  3.19307793e-03],
       [-7.60582731e-02,  1.65306043e-01, -2.47865295e-02, -2.55295131e-03,  8.02719156e-03],
       [-4.51314803e-03,  4.41048396e-02,  1.50377941e-03,  1.89367825e-02, -6.72630080e-03],
       [-2.18967609e-02,  9.87663579e-02, -2.53385050e-02, -4.61966169e-02,  2.38163344e-03],
       [ 6.39712177e-02, -9.24398862e-02,  3.48647664e-03,  4.01759233e-02, -2.15326859e-03],
       [ 6.33076479e-02, -1.25403462e-01,  2.09453988e-02, -2.69815032e-02,  5.85300311e-03],
       [ 1.56123111e-02,  2.06276727e-02,  1.16823220e-02, -3.46684003e-02,  8.81645685e-03],
       [-3.95765126e-02,  9.25881514e-02, -2.63099674e-02,  3.85164621e-03,  1.26908544e-02],
       [ 4.22298077e-02, -7.61378428e-02,  4.95405987e-03,  6.26113716e-03,  1.04745934e-02],
       [ 2.84252095e-02, -3.84624915e-02,  2.29862342e-02,  7.16048281e-02,  3.09140631e-03],
       [ 3.36888883e-02, -1.74676612e-01,  2.88848499e-02, -9.85172191e-02, -9.30608491e-03],
       [ 1.86896273e-02, -9.76082023e-02,  8.34011685e-05,  2.49039204e-02,  2.95733741e-03],
       [ 4.26282009e-03,  2.66502487e-02, -7.18555067e-04, -3.52432363e-02, -3.88126189e-03],
       [-7.40493648e-03,  4.21408522e-02, -6.73817616e-03, -4.11017202e-02, -9.22395801e-03],
       [-2.65648247e-02,  6.78687051e-02, -1.27613750e-02, -1.16933046e-02, -9.86439071e-03],
       [-6.69073443e-02,  1.20577382e-01, -2.63524531e-02,  1.56953209e-02, -5.34987493e-03],
       [ 6.21800758e-02,  3.09961724e-02,  8.80287902e-02,  1.54435884e-01, -6.49465593e-02],
       [-1.36266266e-01,  8.14031083e-02, -1.54625433e-01,  9.22166653e-02, -8.99640882e-02],
       [-2.77262065e-02,  5.26164349e-02, -2.15004355e-02, -9.49279963e-02,  7.51189322e-03],
       [-8.53706617e-02,  1.20140122e-01, -3.41229066e-02,  6.11573189e-02,  1.61933228e-01],
       [ 1.18267750e-01, -3.06885618e-02,  6.45586169e-02, -4.24739157e-02, -6.06257393e-02],
       [ 1.08739201e-01, -6.54807338e-02,  1.09625122e-01, -2.74646623e-02,  1.08534702e-01],
       [-1.19732706e-03,  8.56193668e-02,  7.77014439e-02,  1.74844418e-01, -8.77196781e-02],
       [-9.17261517e-02,  5.14517645e-02, -9.18986338e-02,  5.76620006e-02, -9.20035078e-02],
       [ 8.40956923e-02, -5.29081891e-02,  9.49290476e-03,  9.16368489e-02, -9.82047988e-02],
       [ 4.75036661e-02,  1.58297609e-02,  1.03995267e-01, -6.56820749e-02, -1.61975172e-01],
       [ 1.20534437e-01, -1.40126760e-01,  1.21376820e-01,  1.20271051e-01,  1.52146265e-01],
       [ 5.64872462e-02, -6.29990869e-02,  9.54281742e-02, -6.83935482e-02, -5.84902006e-02],
       [-1.12739942e-02,  4.52550220e-02,  9.06355403e-03,  6.44171790e-02,  8.30220781e-02],
       [-2.97359650e-02,  7.23935933e-02,  3.55735510e-02, -4.91202381e-02,  1.34893311e-01],
       [-6.15355077e-02,  3.62207648e-02, -6.14262323e-02, -2.68136507e-02,  7.53237998e-02],
       [-1.28790324e-01,  5.27234478e-02, -1.32834169e-01, -5.57713478e-02, -4.56709210e-02],
       [-3.47973024e-02, -1.58904318e-01, -3.37921578e-02,  1.13253576e-01, -1.31590697e-02],
       [-3.50325440e-02, -1.26190747e-02, -3.43845267e-02, -5.13555174e-02, -3.13486891e-02],
       [-5.62089594e-02, -5.35021166e-02,  3.23670152e-02, -6.52993176e-02,  1.18614133e-01],
       [ 1.98570312e-02,  1.33241724e-01, -2.73610761e-02,  3.98709812e-02, -4.57564914e-02],
       [ 3.88419229e-02,  1.28650865e-01,  1.52385456e-02, -1.11419391e-01,  2.46407659e-02],
       [-2.96239564e-02,  4.41480201e-02,  5.91193807e-02,  1.36280744e-01,  2.04271416e-02],
       [-3.08357333e-02, -9.72431193e-02, -8.77177977e-03,  6.27574338e-02, -5.29345913e-02],
       [ 1.38968921e-02,  7.75469772e-02, -3.81420422e-02,  1.34077708e-01, -3.42763635e-02],
       [ 2.42672108e-04,  7.79918940e-02,  1.90846841e-02,  9.39867932e-02, -1.34098890e-01],
       [ 9.86939758e-02,  1.34056392e-01,  2.11732137e-03, -2.03019585e-02,  1.50268745e-01],
       [ 4.40927607e-02,  6.56206771e-02,  6.13959568e-02,  1.61577476e-02, -3.95203628e-02],
       [-2.00791102e-02,  3.73098073e-03,  2.19272527e-02,  7.05055009e-05,  6.74859206e-02],
       [-1.75411584e-02, -1.74233415e-02,  6.73725346e-02, -1.35414104e-01,  4.30227242e-02],
       [-2.50953610e-02, -7.10910987e-02, -3.67188857e-03, -4.15789897e-02,  3.95087773e-02],
       [-3.01291159e-02, -1.28985739e-01, -1.36464760e-02,  2.07435543e-02, -3.19273524e-02],
       [ 8.76729151e-02, -6.12131870e-02,  5.47566906e-02, -6.32525624e-02, -1.83208307e-02],
       [ 1.47123484e-01, -4.43438965e-02, -1.11526871e-01, -2.10821604e-02,  1.15468498e-01],
       [-8.86428672e-02, -1.36819895e-01,  9.68867036e-02,  1.50381992e-02, -4.59266043e-02],
       [-1.63125414e-01, -1.32482012e-01,  2.24201246e-03, -7.67976699e-02,  6.01716092e-02],
       [ 3.58578109e-02, -1.44911057e-01, -1.49412767e-01,  8.57896793e-02, -1.58737567e-02],
       [ 1.18001452e-01,  8.21950920e-02, -9.31329491e-03,  3.37850991e-02, -4.79922947e-02],
       [-6.49175397e-02, -5.17308916e-02,  1.22259602e-01,  7.62989058e-02, -4.77166454e-02],
       [-1.40274897e-02, -1.13036683e-01, -3.86247077e-02,  4.52615033e-02, -1.16535371e-01],
       [-1.99218357e-01, -2.10406417e-02,  3.08048121e-02,  1.18975105e-02,  1.38284478e-01],
       [-1.24581128e-01, -6.16637080e-03, -1.32440798e-01, -1.44032424e-02, -3.46272460e-02],
       [ 2.64508287e-02, -5.42962402e-02, -6.03924951e-02,  1.57241677e-02,  6.12402189e-02],
       [ 4.01048670e-02, -3.62607520e-02, -1.68129152e-01, -1.02552057e-01,  8.43266379e-02],
       [ 6.61579910e-02,  4.72209400e-02, -1.26947267e-02, -1.40804832e-02,  3.68231422e-02],
       [ 1.31427491e-01,  1.28146562e-01, -9.69804756e-03,  1.96027206e-02, -3.39427943e-02],
       [ 3.71464611e-02, -6.17154445e-02,  1.38735988e-02,  3.95251310e-02, -3.58779141e-02],
       [-6.08839279e-02,  3.19612178e-02, -1.61239814e-02, -3.14107205e-02,  7.00827013e-03],
       [-6.62117586e-02,  4.89022760e-02, -3.45749612e-02,  6.38539180e-02,  1.20838105e-02],
       [-2.63258920e-03, -4.43080669e-02, -3.54342432e-02, -5.46778610e-02, -2.85925255e-02],
       [ 4.68238726e-02, -3.62209639e-02,  3.38553485e-02, -2.57209665e-02,  7.91291975e-03],
       [-4.29101873e-02,  3.24066931e-02,  2.55388195e-03, -6.44579394e-02, -7.21230989e-03],
       [-2.79833074e-02, -2.11335745e-03, -3.98070528e-02, -6.93608271e-02,  1.92698480e-02],
       [-7.47766030e-02,  1.00015392e-01, -3.61287954e-02,  1.76952318e-02, -4.51399247e-02],
       [-4.15731691e-02,  5.09790533e-02, -4.21970286e-02, -1.77583184e-02,  7.21098086e-03],
       [ 6.30626377e-03, -2.70989587e-02, -6.82489472e-03,  5.27840012e-03, -1.79774865e-02],
       [ 1.34140223e-02, -3.88570097e-02, -2.42985872e-02,  6.90100861e-02,  2.25966424e-02],
       [ 3.47016887e-02, -2.78787296e-02,  2.04826382e-02,  1.80736625e-02, -6.18808004e-03],
       [ 5.97059795e-02, -5.08644544e-02,  4.94148909e-02, -2.73508377e-02,  5.11328138e-03],
       [-7.80147215e-02, -5.32734493e-03,  1.41877476e-01,  5.85511931e-02,  5.81984569e-02],
       [-9.51139288e-02,  3.58354683e-02,  8.36819815e-02, -2.71943861e-02, -1.12332451e-01],
       [-1.00864133e-02, -7.28595435e-02, -5.59026892e-02, -7.65753633e-02,  1.02889019e-01],
       [ 6.57576588e-02, -2.25022176e-02, -5.72886967e-02, -2.50223095e-02,  5.07442769e-02],
       [-5.61970314e-02,  1.58307867e-02,  1.13557917e-01, -2.08199703e-02,  1.04272178e-01],
       [-3.82222744e-02, -3.18277745e-02,  3.41736406e-02,  8.43570025e-02,  1.03722028e-01],
       [-1.15066507e-01,  1.08813088e-01,  1.13352375e-01, -9.74235467e-02, -6.87902137e-02],
       [-9.76941905e-02,  7.64961203e-02, -9.45484217e-03,  6.42029363e-02,  2.54753053e-02],
       [ 6.53569059e-03, -4.04694735e-02, -3.73107230e-02, -5.15646037e-02, -3.91035983e-02],
       [ 2.66544587e-03, -3.03932852e-02, -7.64924981e-02, -2.89105957e-02, -1.65618139e-01],
       [ 5.43457856e-02, -1.94535026e-02, -5.51786485e-02,  4.65872275e-03, -4.99483890e-02],
       [ 9.63922197e-02, -2.12364544e-02, -9.34252359e-02,  5.25167386e-02,  2.38262197e-02],
       [ 7.34346125e-02,  1.10918464e-01, -8.81809818e-02,  2.54402036e-02,  4.64787353e-02],
       [-1.53754843e-02,  9.47807090e-02,  8.89071727e-02,  5.68941941e-02, -5.11212509e-02],
       [-5.93890183e-02, -8.49611614e-02,  8.53227323e-02,  1.34092450e-02, -4.28550873e-02],
       [ 2.52075401e-02,  5.50813003e-02, -1.17551627e-01,  1.79423750e-02, -6.23783665e-02],
       [ 3.93398377e-03,  1.00947985e-01, -2.76956416e-02, -7.25444929e-02, -6.22129180e-02],
       [ 1.09482146e-01,  6.77039037e-02, -1.25180170e-01,  7.16493858e-02,  4.99129778e-02],
       [ 1.09134041e-01,  4.69165254e-02,  3.52966814e-02, -3.09628112e-02, -9.37398836e-03],
       [-1.37205019e-02,  2.74827452e-02,  5.02984978e-02,  3.86174227e-02,  2.63083917e-02],
       [-7.89782363e-03,  1.13674480e-02,  1.31282299e-01,  2.06425762e-02,  6.45935250e-02],
       [-3.60594567e-02, -4.94086446e-02,  5.08487597e-02,  2.27949171e-03,  3.57465017e-02],
       [-6.60021808e-02, -1.25039534e-01,  1.05192521e-01, -3.56751932e-02, -1.00107232e-02],
       [-2.16039518e-02,  1.13259707e-01,  1.09714627e-01, -1.18624765e-01,  3.00219423e-02],
       [-8.11865836e-02, -5.79739974e-02,  1.84515409e-02, -4.56800472e-02,  7.96139457e-02],
       [ 6.47755904e-02,  5.30506610e-02, -1.09572054e-01, -8.35118865e-02,  8.27809989e-02],
       [ 3.19169276e-02,  1.09733524e-01,  2.45417518e-02,  3.53148830e-02,  1.52377387e-01],
       [ 1.55302675e-01,  2.25954755e-02, -3.91664463e-02, -9.17167483e-02, -1.49198131e-01],
       [ 1.22736223e-01,  1.54280451e-02,  9.67911878e-02,  4.35997113e-02,  3.79197244e-02],
       [-2.06059925e-02,  4.01984548e-02,  4.43799563e-02, -4.49038806e-02, -6.63165516e-02],
       [-1.16796193e-02,  3.91702719e-02,  1.24035701e-01,  3.83962423e-02, -9.02326136e-02],
       [-6.66331626e-02, -4.97410335e-02,  1.88646960e-02,  1.82632423e-02, -5.61793040e-02],
       [-1.25968067e-01, -1.23908210e-01,  2.68389643e-02,  2.64947322e-02,  2.69679852e-02],
       [ 1.45157699e-02, -7.74644081e-02, -7.92841836e-02,  3.14806705e-02, -4.34641217e-02],
       [-1.07403700e-02,  6.75142603e-02,  4.33059296e-02,  9.66978034e-02, -3.49671661e-02],
       [-9.07165881e-03,  3.38519627e-02,  5.34578090e-02,  1.13974836e-01, -1.40246989e-01],
       [ 1.37590057e-02,  1.46037823e-01,  1.32781798e-01, -5.31929579e-02,  1.41380661e-01],
       [-1.10299123e-02,  9.25353041e-02,  9.38923200e-02,  1.47603162e-02, -4.01955268e-02],
       [-8.32567822e-03, -1.25465759e-02, -9.69967244e-03, -6.99411392e-03,  6.05635919e-02],
       [-7.56303302e-03, -1.95862753e-02,  1.66659661e-03, -1.44541193e-01,  5.54268208e-02],
       [ 8.36074929e-03, -5.91709721e-02, -6.23071383e-02, -3.25650331e-02,  3.09302025e-02],
       [ 2.04728969e-02, -1.14616013e-01, -1.22311358e-01,  5.01537038e-02, -3.34732737e-02],
       [-4.04646779e-02, -3.47818597e-02,  7.77671103e-02,  3.16411772e-02, -3.81205892e-02],
       [-1.77794270e-02, -6.07173463e-02, -5.38012469e-03,  4.24075183e-02, -5.86991778e-02],
       [-1.27381961e-01, -7.25501290e-03,  3.79321711e-02, -2.18043067e-02,  5.17740834e-02],
       [-8.98452131e-02, -2.38354720e-03, -7.58043017e-02, -8.66394903e-03, -1.96483247e-02],
       [ 1.47016062e-02, -3.01506626e-02, -3.53495729e-02, -7.09161701e-04,  2.75228362e-02],
       [ 1.49926868e-02, -1.95497315e-02, -9.57138774e-02, -5.82359089e-02,  8.13293903e-02],
       [ 4.02806506e-02,  2.62754547e-02, -1.48378136e-02, -1.42545769e-02,  1.85359765e-02],
       [ 7.71256950e-02,  6.76167162e-02, -2.28178851e-02,  4.41726172e-03, -2.74540238e-02],
       [ 7.72528031e-03,  6.44336455e-02, -4.86712268e-02,  4.05916959e-02, -1.06076751e-01],
       [ 9.83315310e-02,  4.05284366e-03, -1.51903492e-01,  1.29653861e-02,  1.16368968e-01],
       [ 7.50907631e-02, -1.31511326e-03, -1.51439800e-02, -1.86529671e-02, -3.88269856e-02],
       [-1.19070971e-02,  2.33090463e-02,  3.84651504e-02,  1.56264455e-02,  5.67966268e-02],
       [-8.20015736e-03,  1.21795286e-02,  8.54663411e-02, -1.04073313e-01,  9.51924391e-02],
       [-3.23894171e-02, -2.28806755e-02,  6.60576551e-02, -2.84168759e-02,  4.03232815e-02],
       [-5.85876803e-02, -6.51399985e-02,  1.24392931e-01,  7.94007461e-03, -3.60415254e-02],
       [ 3.26099727e-02,  9.74798564e-02,  2.81611021e-02,  1.35074619e-01,  8.12292439e-02],
       [ 3.24265362e-02,  5.16119108e-02,  8.35848636e-02, -8.15285822e-02, -2.39404712e-02],
       [-4.92135112e-03,  5.94348878e-03,  1.93275480e-02,  6.93599866e-02,  5.20821731e-02],
       [-6.76634274e-03, -1.30287510e-02,  6.48107796e-02,  2.42939839e-02,  1.52380363e-01],
       [-1.00407985e-02, -5.12151554e-02, -5.93421025e-03, -7.91898771e-03,  6.40342503e-02],
       [-1.22831010e-02, -9.34546088e-02, -1.61564953e-02, -6.64923430e-02, -2.56313058e-02],
       [ 1.29358334e-01, -5.30468094e-02,  9.60490357e-02,  7.16193547e-02,  1.06010645e-02],
       [ 2.75008823e-04,  5.81318904e-02,  5.10648208e-02, -4.36874252e-02, -2.07729776e-02],
       [-1.25069403e-02,  5.66845273e-02,  1.49501017e-01, -7.82952474e-02, -1.40886523e-01],
       [-7.06561185e-02, -1.08390889e-02,  2.68767011e-02,  8.89444719e-03, -4.41181289e-02],
       [-1.54106361e-01, -4.42002368e-02,  4.82032161e-02,  1.11175536e-01,  3.29154470e-02],
       [-1.51988932e-02,  3.93625824e-02,  1.98737912e-02,  3.54331406e-02,  7.25321795e-03],
       [-3.82953093e-02,  4.67609718e-02,  5.84702160e-02,  4.98633752e-02,  3.32173308e-02],
       [-5.96695475e-02, -4.08163572e-03, -5.01090530e-02,  1.29687540e-02,  1.60593730e-02],
       [-1.07261483e-01, -1.48113598e-02, -1.02469127e-01, -2.51827677e-02, -5.56838601e-03],
       [-2.84784342e-03, -1.21470164e-02, -1.80662717e-02, -4.57081343e-02, -7.44146055e-02],
       [ 7.33045894e-03, -2.13366598e-02, -2.58523519e-02, -3.38779738e-03, -2.27566120e-02],
       [ 1.97440463e-02, -3.90313366e-02, -5.23879723e-02,  4.31963834e-02,  1.67006201e-02],
       [ 1.13258852e-02, -1.49424167e-02, -7.25724873e-02,  3.20371303e-02, -6.34106118e-02],
       [ 2.66325860e-02, -1.79650428e-02, -1.43655830e-01,  3.91546843e-02,  4.09786016e-02],
       [ 5.85439870e-02,  5.53480554e-02, -2.17183627e-02,  8.53569397e-03,  2.41925279e-02]])})
2026-01-20 11:01:10,615 - final_problem_set.kxor_instance_n22_k2_m157_ell2_eps0.15_kappa1.0_rho0.2 - INFO - Running key extraction (n=22, m=157, ell=2, phase_qubits=12)
2026-01-20 11:01:10,618 - final_problem_set.kxor_instance_n22_k2_m157_ell2_eps0.15_kappa1.0_rho0.2 - INFO - Built voting matrix V (n=22, ell=2, dtype=complex128) in 0.003s
2026-01-20 11:01:10,619 - final_problem_set.kxor_instance_n22_k2_m157_ell2_eps0.15_kappa1.0_rho0.2 - INFO - Eval: adv=0.2611, hamming=9/22 (0.409), corr=0.182
2026-01-20 11:01:10,619 - final_problem_set.kxor_instance_n22_k2_m157_ell2_eps0.15_kappa1.0_rho0.2 - INFO - Key extraction complete: x_hat=5
2026-01-20 11:01:10,619 - final_problem_set.kxor_instance_n22_k2_m157_ell2_eps0.15_kappa1.0_rho0.2 - INFO - Finished step 'KeyExtractionStep' in 0.004s (success: True, problem=kxor_instance_n22_k2_m157_ell2_eps0.15_kappa1.0_rho0.2)
2026-01-20 11:01:10,619 - final_problem_set.kxor_instance_n22_k2_m157_ell2_eps0.15_kappa1.0_rho0.2 - INFO - SUCCESS: len(z_hat)=22
2026-01-20 11:01:10,619 - final_problem_set.kxor_instance_n22_k2_m157_ell2_eps0.15_kappa1.0_rho0.2 - INFO - Metrics: adv=0.2611464968152866, ham_frac=0.4090909090909091, corr=0.18181818181818182
2026-01-20 11:01:10,619 - final_problem_set.kxor_instance_n22_k2_m157_ell2_eps0.15_kappa1.0_rho0.2 - INFO - z_hat (full): [-1,  1,  1, -1,  1, -1, -1, -1,  1,  1, -1,  1, -1, -1, -1, -1,  1, -1,  1,  1,  1, -1]
