2026-01-20 11:00:55,186 - final_problem_set.kxor_instance_n20_k2_m156_ell2_eps0.3_kappa1.0_rho0.6 - INFO - Starting iteration for /Users/julian/CodingProjects/UniT3/QuarticSpeedupK-XOR/z_Daphne/data/final_problem_set/kxor_instance_n20_k2_m156_ell2_eps0.3_kappa1.0_rho0.6.npz
2026-01-20 11:00:55,187 - final_problem_set.kxor_instance_n20_k2_m156_ell2_eps0.3_kappa1.0_rho0.6 - INFO - Loaded instance (n=20, m=156, k=2)
2026-01-20 11:00:55,187 - final_problem_set.kxor_instance_n20_k2_m156_ell2_eps0.3_kappa1.0_rho0.6 - INFO - Starting step 'ComputeKikuchiStep' (version 0.1) on problem kxor_instance_n20_k2_m156_ell2_eps0.3_kappa1.0_rho0.6 (fields={'ell': 2, 'threshold': 0.0})
2026-01-20 11:00:55,207 - final_problem_set.kxor_instance_n20_k2_m156_ell2_eps0.3_kappa1.0_rho0.6 - INFO - Finished step 'ComputeKikuchiStep' in 0.020s (success: True, problem=kxor_instance_n20_k2_m156_ell2_eps0.3_kappa1.0_rho0.6)
2026-01-20 11:00:55,207 - final_problem_set.kxor_instance_n20_k2_m156_ell2_eps0.3_kappa1.0_rho0.6 - INFO - Starting step 'ClassicalEigenvaluesStep' (version 0.1) on problem kxor_instance_n20_k2_m156_ell2_eps0.3_kappa1.0_rho0.6 (fields={'ell': 2, 'threshold': 0.0, 'kikuchi_matrix': <Dictionary Of Keys sparse matrix of dtype 'int64'
	with 3996 stored elements and shape (190, 190)>, 'num_eigenvalues': 5})
2026-01-20 11:00:55,299 - final_problem_set.kxor_instance_n20_k2_m156_ell2_eps0.3_kappa1.0_rho0.6 - INFO - Finished step 'ClassicalEigenvaluesStep' in 0.092s (success: True, problem=kxor_instance_n20_k2_m156_ell2_eps0.3_kappa1.0_rho0.6)
2026-01-20 11:00:55,299 - final_problem_set.kxor_instance_n20_k2_m156_ell2_eps0.3_kappa1.0_rho0.6 - INFO - Starting step 'KeyExtractionStep' (version 0.1) on problem kxor_instance_n20_k2_m156_ell2_eps0.3_kappa1.0_rho0.6 (fields={'ell': 2, 'threshold': 0.0, 'kikuchi_matrix': <Dictionary Of Keys sparse matrix of dtype 'int64'
	with 3996 stored elements and shape (190, 190)>, 'num_eigenvalues': 5, 'eigenvalues': array([-9.74477506, -9.44649155, 10.16810609, 10.41171253, 12.13039953]), 'eigenvectors': array([[-2.39322942e-02,  3.28656711e-02, -3.41945322e-02,  1.75172677e-02,  6.77395478e-03],
       [ 2.38970713e-02, -2.39267406e-02, -7.25261100e-03, -5.73666368e-02, -3.30987125e-02],
       [-3.87839423e-02, -1.20149595e-02,  2.53170449e-02, -1.32092869e-01, -5.46380217e-02],
       [-1.19501194e-02,  2.80834182e-02, -6.19648099e-02,  1.03823959e-01,  7.46185235e-02],
       [-1.32084314e-02, -2.51086448e-02,  2.04346892e-02,  6.14635580e-02,  8.15193185e-03],
       [-5.70850725e-02,  8.46003607e-03,  4.18401991e-02,  4.59742845e-02,  3.50692856e-02],
       [ 1.29316258e-02,  3.78519501e-02,  1.59969308e-02, -1.46553596e-01, -8.29369104e-02],
       [ 3.18553502e-02, -1.74604111e-02,  8.72415856e-03,  1.24271019e-01,  8.88663314e-02],
       [ 1.39952573e-02,  6.26899238e-02,  7.91655869e-02, -8.24922736e-02, -4.24292439e-02],
       [ 8.30717384e-03, -9.18682098e-03,  7.22233272e-02, -7.78481773e-02, -4.49580698e-02],
       [-1.51575742e-02, -1.12780872e-03,  3.58799125e-02, -1.08171838e-01, -9.98901943e-02],
       [-5.02092009e-02,  2.46740693e-02, -7.21348074e-03,  7.74102564e-02,  3.88472751e-02],
       [ 4.67039752e-02,  5.65536971e-02,  1.36077622e-02, -1.02937410e-01, -5.46120155e-02],
       [ 1.50998011e-02,  2.75913724e-02,  4.54836403e-04,  8.85405745e-02,  3.71555834e-02],
       [ 3.55980467e-03,  4.86677919e-04, -3.58353835e-02, -1.87599289e-02,  2.11067608e-02],
       [-6.59719108e-02, -9.49140772e-03,  3.87218842e-02, -1.53002295e-01, -6.61562944e-02],
       [ 2.26144711e-02, -1.93380360e-02,  4.35289338e-02, -1.98129144e-01, -7.63710636e-02],
       [ 3.54370578e-02,  2.86283510e-02, -1.70948677e-02,  1.18968641e-01,  4.59528501e-02],
       [ 2.41291828e-02, -2.33545196e-02,  4.74031126e-02, -5.85022018e-02, -7.53025634e-03],
       [-7.15944177e-02,  2.38753877e-02,  4.51267462e-02, -7.38094178e-03, -8.30288636e-03],
       [ 3.99332468e-02,  3.41660410e-02,  8.38428363e-02, -1.89649095e-02, -1.79605461e-02],
       [ 5.02664647e-02, -2.49650924e-02, -9.29501613e-02,  1.24047760e-03,  3.14440058e-02],
       [ 8.78443646e-03,  4.61111523e-02, -1.79899790e-02,  2.26381128e-02,  5.44418257e-03],
       [ 2.35063546e-02,  2.06983611e-02, -2.54745960e-02, -2.45008593e-03,  1.28694556e-02],
       [ 2.57647681e-02, -7.23703118e-02,  9.77041337e-02, -1.52199837e-02, -2.85622633e-02],
       [-7.31125987e-03, -6.01037761e-04, -9.55487481e-02,  1.87827507e-02,  1.82549072e-02],
       [ 5.22294291e-02, -1.00956040e-01,  4.72072689e-02, -1.08647060e-02, -7.18986332e-03],
       [-4.81740617e-02,  1.80841513e-02,  5.18654683e-02, -6.78082239e-03, -1.23310950e-02],
       [-1.65316370e-02,  2.38463346e-02,  9.69173124e-02, -7.20670985e-03, -2.87659031e-02],
       [ 2.39797340e-02,  1.61724008e-02, -4.97548223e-02,  2.36291636e-02,  1.77746367e-02],
       [-6.92494399e-03, -8.50663748e-02,  7.21924508e-02, -1.13681459e-02, -1.57623617e-02],
       [ 4.66406497e-03, -5.00560817e-02, -5.50191981e-02,  1.40009308e-02,  1.29737271e-02],
       [-5.79093402e-02,  8.51099105e-03, -1.59452006e-02, -7.80118673e-03,  5.60907962e-03],
       [ 5.53530773e-02,  4.68665703e-02,  1.03243452e-01, -2.20273973e-02, -2.94598480e-02],
       [-4.53414552e-03,  1.46491736e-03,  1.26412957e-01, -2.85009613e-02, -2.35996111e-02],
       [-1.34293479e-02, -7.89538731e-02, -5.57527395e-02,  2.38399843e-02,  1.17304507e-02],
       [-6.78033737e-02,  2.08000450e-02,  2.48419666e-02, -1.79959074e-02, -3.30082212e-03],
       [-7.37321675e-02,  4.84265699e-03,  4.72322898e-02, -2.12659701e-02,  5.08160013e-02],
       [ 1.96571960e-02,  5.22978187e-02, -1.80949670e-02,  9.59339805e-02, -7.83249532e-02],
       [-4.55612357e-02, -1.68368702e-02, -5.57943995e-02, -7.73693166e-02, -1.15983195e-02],
       [-1.75655826e-01, -1.33061702e-02, -8.65601352e-02,  4.39618408e-02, -2.42491391e-02],
       [ 6.86454636e-02,  6.47590725e-02,  8.54892460e-02, -6.62859785e-02,  7.49578292e-02],
       [ 9.64888853e-02,  1.00954483e-02, -7.35321067e-02,  4.32990183e-02, -4.84681657e-02],
       [ 9.19798113e-02,  9.76112571e-02, -3.99111364e-02, -2.97599218e-02,  4.18852981e-02],
       [ 2.16952567e-02, -2.57282261e-02, -4.06866152e-02, -8.04488495e-02,  6.14089268e-02],
       [-5.59700787e-02, -4.10748669e-02,  6.00813365e-02, -1.03047819e-01,  7.22641606e-02],
       [-1.78609282e-01, -1.82828684e-02, -5.25760824e-02, -2.23897017e-02, -3.78108909e-02],
       [ 1.82049643e-01,  5.51131522e-02,  4.87531302e-02, -4.14593351e-02,  4.19094596e-02],
       [ 5.69287446e-02,  3.54341419e-02, -5.79271181e-02,  1.23343714e-02, -3.30360996e-02],
       [-3.45960585e-03, -3.39492374e-02,  4.40866339e-02,  5.56050058e-02, -1.18055750e-02],
       [-1.45811244e-01,  1.99236279e-02,  6.20671024e-02, -4.62219784e-02,  6.74666908e-02],
       [ 4.28446950e-02, -1.42202676e-02,  7.47810510e-02, -4.77271869e-02,  6.96733601e-02],
       [ 1.40937677e-01,  4.40873052e-02, -4.59393346e-02, -3.29900873e-02, -4.75972919e-02],
       [ 5.44786389e-02, -4.82786877e-02, -3.78357034e-02,  5.41068818e-02,  2.21711926e-02],
       [ 2.67193299e-02, -3.98848284e-02,  4.02398406e-02,  3.62143476e-02, -1.14620381e-01],
       [ 4.24814096e-02,  3.69721266e-02, -7.24644414e-02, -1.35952808e-01, -3.10365668e-02],
       [ 8.96130698e-02,  9.58138941e-02, -1.01960688e-01,  3.20626159e-02, -4.87198593e-02],
       [-1.68633771e-02, -8.65671472e-02,  4.92339292e-02,  3.03065482e-03,  1.45576616e-01],
       [-2.87173338e-02, -7.48283804e-02, -5.47988507e-02,  7.55877536e-03, -1.08407446e-01],
       [-2.54259049e-02, -1.01537665e-01, -1.13022524e-01,  1.97353817e-03,  7.09171664e-02],
       [-7.12573388e-02,  3.95127165e-03, -1.17566155e-01, -3.53320286e-02,  1.00100645e-01],
       [ 1.23621642e-02,  5.93609187e-02,  1.10238465e-02, -6.38219838e-02,  1.46831603e-01],
       [ 1.02924018e-01,  1.18194230e-01, -4.16909085e-02, -8.09976401e-02, -7.47432268e-02],
       [-9.47484117e-02, -1.08466756e-01,  2.32116798e-02, -1.29212269e-03,  7.46485922e-02],
       [-2.10072447e-02, -5.15954688e-02, -6.48014148e-02, -3.77050299e-02, -8.01973520e-02],
       [-7.32224636e-02,  3.03918475e-02,  6.46854253e-02,  8.09989524e-02, -2.71992465e-02],
       [ 1.20094426e-01,  8.52563420e-02,  1.55963710e-02,  4.18396161e-02,  1.50214628e-01],
       [ 9.02050818e-03, -2.69385340e-02,  1.27361343e-02,  4.70090080e-02,  1.49061905e-01],
       [-8.94490139e-02, -9.45107332e-02, -1.00215518e-02, -9.56209440e-02, -7.77686441e-02],
       [-7.98338055e-02, -8.67271003e-03, -8.69398728e-02,  1.02247305e-01,  2.50643805e-02],
       [ 2.81554157e-02, -1.34059417e-02,  3.76293653e-02,  1.02353791e-01,  4.66717591e-02],
       [ 1.24547630e-01, -4.02624589e-02,  7.92970519e-02, -7.67585574e-02,  4.99166775e-02],
       [-5.36162445e-02, -1.89921549e-02,  1.32807659e-02,  8.53135776e-02, -1.17888049e-01],
       [-8.08823102e-02,  9.32100723e-03,  4.29527572e-03, -1.13237370e-01,  1.24441957e-01],
       [-7.85824432e-02, -3.83328730e-02,  1.29159451e-01,  3.19370999e-02, -7.39542637e-02],
       [ 1.25912437e-02,  4.27628710e-02,  1.19005494e-01,  6.14800645e-02, -6.99880983e-02],
       [ 6.40788993e-02,  1.56507737e-02,  3.41096816e-02,  1.27753772e-01, -1.06795675e-01],
       [ 1.22488193e-01, -2.47183917e-02,  4.43935062e-03,  3.92540824e-02,  6.13263396e-02],
       [-1.19046554e-01, -5.94048056e-03,  7.43506337e-03,  6.43994518e-02, -7.88687010e-02],
       [-4.46879976e-02, -7.21474656e-03,  2.52785209e-02, -3.04942944e-02,  8.89950375e-02],
       [ 4.78763465e-02,  3.74757322e-02, -4.60481057e-02, -7.33457382e-02, -3.81350879e-03],
       [ 7.88187581e-02, -7.48963422e-02,  4.30922149e-02,  5.31108586e-02, -1.24815702e-01],
       [-4.58285855e-02,  2.52640543e-02,  6.45258416e-02,  8.04905706e-02, -1.80113113e-01],
       [-8.61426029e-02,  2.37370542e-02, -3.41886200e-02,  3.92420531e-02,  8.75287921e-02],
       [-2.12779162e-03,  7.28558059e-02,  1.03441939e-01, -9.57893428e-02, -3.59207046e-02],
       [ 2.14355934e-02,  1.00216447e-01,  7.23145209e-02,  6.26706120e-02,  1.28618021e-02],
       [ 6.42087517e-03, -3.20135904e-02, -9.34539921e-02, -1.47327758e-01, -3.60235268e-02],
       [ 8.98550957e-03, -6.59546856e-02,  9.69629688e-02,  1.36023141e-01,  3.03114442e-02],
       [-3.74045045e-04, -4.69066747e-02,  1.06616471e-02, -8.08074366e-02, -3.15141370e-02],
       [-2.94319671e-02, -9.48186549e-03,  6.85010658e-03, -8.14372349e-02, -3.68210790e-02],
       [-4.69388983e-03,  4.28913780e-02, -7.45221996e-02, -1.30170240e-01, -4.60772290e-02],
       [ 1.91157945e-02,  1.08558020e-01,  4.20822215e-02,  5.91300899e-02,  1.22733964e-02],
       [-1.83393413e-02, -8.68814314e-02, -6.14177085e-02, -9.95527419e-02, -2.14379697e-02],
       [ 1.75431390e-03, -2.25623178e-02,  5.56543177e-02,  8.90424963e-02,  1.33687216e-02],
       [-5.34547809e-02,  1.64758218e-02, -2.08968227e-02, -6.65608374e-03,  1.15610117e-02],
       [ 2.66457995e-02,  5.72246298e-02, -7.96965786e-02, -1.50042004e-01, -2.71819331e-02],
       [ 1.33703170e-02, -2.25859383e-02, -1.05055168e-01, -2.00279135e-01, -4.23705325e-02],
       [-2.12117454e-02, -4.15864918e-02,  4.43014175e-02,  8.23430414e-02,  1.65799485e-02],
       [-5.42652299e-02, -2.25624845e-02,  1.36997153e-02, -2.82494963e-02, -6.14101061e-03],
       [ 7.88569001e-02, -1.62634340e-01, -1.34973644e-01,  5.25958404e-02, -3.96349484e-02],
       [ 4.37260473e-02, -6.33858287e-02,  1.32099013e-01, -5.23027419e-02,  3.97451954e-02],
       [ 1.10282064e-01, -1.74790757e-01,  3.10476280e-03,  3.99040906e-02, -4.81400173e-02],
       [-1.27226324e-01, -1.21506416e-02, -1.20508007e-02,  6.39456076e-02, -4.14933649e-02],
       [-5.60633629e-02,  6.48071248e-02, -1.17250041e-01,  7.74780552e-02, -4.26604150e-02],
       [ 7.70174494e-03,  1.44789524e-01,  9.53018208e-02,  1.82350071e-02,  3.17862518e-02],
       [ 1.98632457e-02, -1.95620433e-01, -1.13912541e-01,  5.38857056e-02, -3.93716314e-02],
       [ 3.17684659e-02, -1.06228593e-01,  1.14157164e-01, -2.09005814e-02,  3.40634114e-02],
       [-1.85524237e-01, -7.28302947e-03, -1.70687102e-02, -5.31118495e-02,  2.62487337e-03],
       [ 8.26719324e-02,  1.75755454e-01, -1.36256693e-01,  4.59490521e-02, -5.01970190e-02],
       [ 3.96410566e-02, -4.15594130e-02, -1.72307835e-01,  5.82709294e-02, -7.41777655e-02],
       [-1.45370387e-02, -2.06181431e-01,  7.66152207e-02,  1.81725276e-02,  3.97445122e-02],
       [-1.56723437e-01, -3.34258461e-02,  1.74747021e-02, -4.05737979e-02, -2.24493860e-02],
       [-6.32360221e-02,  7.67128384e-02, -1.03509523e-01,  6.83330057e-02, -1.19650862e-01],
       [-6.69780994e-02,  3.56497410e-02, -1.26771227e-01, -3.24373023e-02,  1.16198879e-01],
       [ 4.65926845e-02,  3.75658848e-02, -1.07619856e-01, -6.74564713e-02,  9.13012678e-02],
       [ 4.52427967e-02, -3.52120365e-02,  5.28629000e-02, -1.18512272e-01,  1.27693151e-01],
       [ 7.20997594e-02, -1.35574143e-01, -6.89172643e-02, -6.68353827e-02, -8.03323971e-02],
       [-7.68354062e-02,  1.12924676e-01,  7.03582959e-02, -5.27663079e-02,  9.41524218e-02],
       [-2.98814705e-02,  2.67296471e-02, -9.56470373e-02, -2.36345525e-03, -7.90940990e-02],
       [ 9.84956672e-02,  1.66847249e-02,  6.90851891e-02,  1.03728525e-01, -1.10993721e-02],
       [ 2.88264462e-02, -1.31983419e-01,  6.51943042e-02, -1.48175060e-02,  1.44577858e-01],
       [-5.14851080e-02,  4.41899893e-02,  7.12955564e-02, -2.45356150e-02,  1.76352950e-01],
       [-4.03327979e-02,  7.92823232e-02, -2.30706043e-02, -7.59092183e-02, -8.44726557e-02],
       [ 4.89367018e-02,  8.83127341e-02, -1.04202099e-01,  1.18328504e-01,  5.02237366e-02],
       [-1.13960857e-01,  1.04519257e-01,  1.03063789e-01,  4.04682557e-02, -9.08236089e-02],
       [ 5.53666793e-02,  9.71093121e-03,  9.01764428e-02,  1.01050682e-01, -1.16516345e-01],
       [ 6.01232901e-02, -3.23505578e-02, -6.14133065e-02,  1.25005135e-01, -1.16368451e-01],
       [ 4.21519705e-02, -5.75731103e-02,  6.75756512e-02,  5.42930298e-02,  6.24119595e-02],
       [-6.66363015e-02,  1.03497884e-01, -6.39915719e-02,  5.06844570e-02, -7.18690482e-02],
       [-3.49773907e-02,  5.68223030e-02,  1.11948143e-01, -3.26905946e-03,  7.94660082e-02],
       [ 9.51563756e-02,  1.50930143e-02, -7.92002289e-02, -9.07134560e-02,  7.82012766e-03],
       [-7.38303819e-03, -1.07488967e-01, -8.97491111e-02,  3.51500613e-02, -1.54290772e-01],
       [-1.83219578e-02,  1.85361849e-02, -9.19888277e-02,  4.09795583e-02, -1.55354896e-01],
       [-4.05003402e-02,  1.30805665e-01,  3.50858793e-02,  5.55891659e-02,  6.74563150e-02],
       [ 8.05301572e-02,  2.58082692e-02,  8.50328311e-02, -9.78664593e-02, -4.46889800e-02],
       [ 7.12973312e-02,  6.10897792e-02, -1.25468508e-01, -2.27980338e-02,  5.28884945e-02],
       [ 6.65845073e-02, -3.75355564e-02, -1.29464315e-01, -4.95907001e-02,  8.74341611e-02],
       [ 1.13910947e-01, -1.84035308e-01,  5.97741793e-02, -4.30815367e-02, -5.16282089e-02],
       [-1.08441017e-01,  1.22493072e-01, -9.55652519e-02, -2.64205418e-02,  6.85456920e-02],
       [-5.54896582e-02,  3.88660804e-02,  5.61839129e-02, -4.55758151e-03, -6.30722169e-02],
       [ 1.47947377e-01,  3.73036849e-02,  4.15379881e-02,  4.63943688e-02, -9.69834096e-03],
       [ 3.55099768e-02, -2.02089415e-01, -1.52905864e-01,  3.46125537e-03,  1.08982586e-01],
       [-8.37670112e-02,  6.87083603e-02, -1.78665696e-01, -6.33462374e-03,  1.04182461e-01],
       [-5.39441970e-02,  1.14232472e-01,  7.13664383e-02, -3.68672630e-02, -5.28433999e-02],
       [ 6.87225189e-02,  1.26550826e-01, -6.76817048e-02,  6.49066907e-02,  1.77488462e-02],
       [-3.96047885e-02, -2.50698984e-02, -1.13610640e-01, -9.79336866e-02,  8.64679338e-02],
       [-1.21529803e-01, -9.90876946e-05,  5.96947221e-02, -3.11705074e-02, -6.49282532e-02],
       [ 1.33919197e-01,  3.39529490e-02, -7.62162090e-02, -6.00566744e-02,  7.13811674e-02],
       [ 3.97406709e-02,  2.07095119e-02,  4.37166353e-02,  2.75646236e-02, -6.64610873e-02],
       [ 7.17972323e-03, -2.42918802e-02,  2.84933532e-02,  5.68791714e-02, -3.27165606e-03],
       [-1.04515247e-01,  2.07458889e-02, -1.31203247e-01, -4.37342882e-02,  9.41544642e-02],
       [ 2.49353504e-02, -9.64520034e-03, -1.66518816e-01, -6.54374344e-02,  1.19824168e-01],
       [ 1.01750312e-01,  1.26102498e-02,  8.27226388e-02, -3.31263397e-02, -7.11590703e-02],
       [ 4.94367455e-02, -3.39778691e-02, -9.09699963e-02,  7.68734639e-02,  2.70569646e-02],
       [-5.91484299e-02,  5.92726782e-02, -3.77132860e-02, -4.71217675e-02, -6.87827409e-02],
       [ 7.50408100e-02, -9.00734241e-02,  4.08942224e-02, -1.07142435e-01,  9.93847924e-02],
       [ 3.26879515e-02, -3.64975885e-02, -8.06500089e-02,  4.73320121e-02, -9.64141077e-02],
       [-6.96608172e-02, -2.23465646e-02,  6.85219525e-02,  8.73402869e-02,  5.92709049e-03],
       [-9.21428748e-03,  1.14705711e-01,  2.16314610e-02, -8.25537637e-02,  1.43822745e-01],
       [ 2.30055316e-02, -1.86163732e-02,  2.18602158e-02, -1.13713204e-01,  1.81557349e-01],
       [ 3.60068338e-02, -7.69204753e-02, -5.63426725e-03, -3.55277822e-02, -9.84404947e-02],
       [-4.57867666e-02, -4.52613548e-02, -1.11235380e-01,  9.53792850e-02,  5.89850059e-02],
       [ 1.41774033e-02, -1.90646231e-01, -5.00464981e-02, -4.34953878e-02, -5.77790309e-02],
       [ 2.85787010e-02, -1.02699681e-01,  6.37289578e-02,  5.25151874e-02,  5.08643912e-02],
       [-1.86763441e-01,  1.62294019e-03, -4.13903884e-02, -3.20510511e-02,  4.51074545e-03],
       [ 8.77310622e-02,  1.67026483e-01, -4.38716211e-02, -8.04846074e-02, -7.44123954e-02],
       [ 3.72824325e-02, -3.60292522e-02, -5.82040566e-02, -1.09150948e-01, -1.07627726e-01],
       [-1.46665539e-02, -1.70760178e-01,  2.10381766e-02,  6.63143443e-02,  4.43601118e-02],
       [-1.65078547e-01, -3.85985303e-02,  5.32134075e-02, -5.63301551e-02, -1.98706184e-02],
       [-3.40968439e-02,  6.78731566e-02, -5.66415290e-02, -7.13299142e-04, -4.91378065e-02],
       [ 2.11175052e-01,  4.82347472e-03,  4.82208415e-02,  7.03131010e-02, -1.21567743e-02],
       [-7.12601210e-02, -1.99634005e-01,  4.29543428e-02, -1.78634588e-02,  9.70709963e-02],
       [-6.67288778e-02,  8.63346140e-02,  3.76225914e-02, -2.60409259e-02,  1.04388136e-01],
       [ 8.99561067e-03,  1.70919431e-01, -1.39324013e-02, -4.36038510e-02, -5.06699525e-02],
       [ 1.65383278e-01,  9.16886044e-02, -7.22762298e-02,  8.07866523e-02,  2.68572578e-02],
       [ 7.27926544e-02,  2.36236868e-03, -4.22071725e-02, -5.98407458e-02,  1.60805541e-02],
       [-2.63447568e-03, -9.16201069e-02, -8.42759024e-02, -2.58432304e-02, -9.70379013e-02],
       [-2.36740663e-02,  3.22384520e-02, -9.09920626e-02, -3.23080769e-02, -9.34738216e-02],
       [-1.37172938e-02,  6.73639658e-02,  4.39778847e-02,  6.86095130e-02,  5.24039619e-02],
       [ 5.52658124e-02,  4.81780592e-02,  5.10162748e-02, -8.03320187e-02, -2.97931685e-02],
       [-1.54875257e-01,  5.37107401e-02,  7.46707312e-02,  1.03793179e-01, -1.20333342e-02],
       [ 3.59797336e-02, -1.68302369e-02,  9.61839100e-02,  1.25772699e-01, -4.16747157e-02],
       [ 1.54118860e-01, -3.16796628e-02, -4.57915006e-02, -3.96540131e-02,  1.78326823e-02],
       [ 2.48586319e-02, -4.22495397e-02,  1.84542549e-02,  4.71565568e-03, -1.12120423e-02],
       [ 2.78606018e-02, -3.51211331e-02,  2.57266003e-02,  3.21458397e-02,  1.91164469e-01],
       [-6.78734336e-02, -1.42925489e-01, -1.34717893e-02, -1.16024637e-01, -1.20262159e-01],
       [-1.46126053e-01, -2.20289735e-03, -1.17588514e-01,  1.25794622e-01,  3.59631020e-02],
       [-4.63139083e-02,  4.41147527e-02, -1.03811876e-02, -1.21668781e-01, -9.82354437e-02],
       [ 2.67091604e-02, -6.79605588e-03, -1.41361014e-01,  1.61395505e-01,  5.26769104e-02],
       [ 1.17999746e-01,  5.58822435e-02,  5.92257082e-02, -6.60360354e-02, -1.99428259e-02]])})
2026-01-20 11:00:55,300 - final_problem_set.kxor_instance_n20_k2_m156_ell2_eps0.3_kappa1.0_rho0.6 - INFO - Running key extraction (n=20, m=156, ell=2, phase_qubits=12)
2026-01-20 11:00:55,303 - final_problem_set.kxor_instance_n20_k2_m156_ell2_eps0.3_kappa1.0_rho0.6 - INFO - Built voting matrix V (n=20, ell=2, dtype=complex128) in 0.002s
2026-01-20 11:00:55,303 - final_problem_set.kxor_instance_n20_k2_m156_ell2_eps0.3_kappa1.0_rho0.6 - INFO - Eval: adv=0.5128, hamming=1/20 (0.050), corr=0.900
2026-01-20 11:00:55,303 - final_problem_set.kxor_instance_n20_k2_m156_ell2_eps0.3_kappa1.0_rho0.6 - INFO - Key extraction complete: x_hat=17
2026-01-20 11:00:55,303 - final_problem_set.kxor_instance_n20_k2_m156_ell2_eps0.3_kappa1.0_rho0.6 - INFO - Finished step 'KeyExtractionStep' in 0.003s (success: True, problem=kxor_instance_n20_k2_m156_ell2_eps0.3_kappa1.0_rho0.6)
2026-01-20 11:00:55,303 - final_problem_set.kxor_instance_n20_k2_m156_ell2_eps0.3_kappa1.0_rho0.6 - INFO - SUCCESS: len(z_hat)=20
2026-01-20 11:00:55,303 - final_problem_set.kxor_instance_n20_k2_m156_ell2_eps0.3_kappa1.0_rho0.6 - INFO - Metrics: adv=0.5128205128205128, ham_frac=0.05, corr=0.9
2026-01-20 11:00:55,303 - final_problem_set.kxor_instance_n20_k2_m156_ell2_eps0.3_kappa1.0_rho0.6 - INFO - z_hat (full): [-1, -1,  1,  1, -1, -1, -1,  1, -1,  1,  1,  1, -1,  1, -1, -1,  1,  1, -1,  1]
