2026-01-20 11:00:30,824 - final_problem_set.kxor_instance_n13_k2_m130_ell2_eps0.25_kappa0.75_rho0.8 - INFO - Starting iteration for /Users/julian/CodingProjects/UniT3/QuarticSpeedupK-XOR/z_Daphne/data/final_problem_set/kxor_instance_n13_k2_m130_ell2_eps0.25_kappa0.75_rho0.8.npz
2026-01-20 11:00:30,824 - final_problem_set.kxor_instance_n13_k2_m130_ell2_eps0.25_kappa0.75_rho0.8 - INFO - Loaded instance (n=13, m=130, k=2)
2026-01-20 11:00:30,824 - final_problem_set.kxor_instance_n13_k2_m130_ell2_eps0.25_kappa0.75_rho0.8 - INFO - Starting step 'ComputeKikuchiStep' (version 0.1) on problem kxor_instance_n13_k2_m130_ell2_eps0.25_kappa0.75_rho0.8 (fields={'ell': 2, 'threshold': 0.0})
2026-01-20 11:00:30,833 - final_problem_set.kxor_instance_n13_k2_m130_ell2_eps0.25_kappa0.75_rho0.8 - INFO - Finished step 'ComputeKikuchiStep' in 0.009s (success: True, problem=kxor_instance_n13_k2_m130_ell2_eps0.25_kappa0.75_rho0.8)
2026-01-20 11:00:30,833 - final_problem_set.kxor_instance_n13_k2_m130_ell2_eps0.25_kappa0.75_rho0.8 - INFO - Starting step 'ClassicalEigenvaluesStep' (version 0.1) on problem kxor_instance_n13_k2_m130_ell2_eps0.25_kappa0.75_rho0.8 (fields={'ell': 2, 'threshold': 0.0, 'kikuchi_matrix': <Dictionary Of Keys sparse matrix of dtype 'int64'
	with 1364 stored elements and shape (78, 78)>, 'num_eigenvalues': 5})
2026-01-20 11:00:30,850 - final_problem_set.kxor_instance_n13_k2_m130_ell2_eps0.25_kappa0.75_rho0.8 - INFO - Finished step 'ClassicalEigenvaluesStep' in 0.017s (success: True, problem=kxor_instance_n13_k2_m130_ell2_eps0.25_kappa0.75_rho0.8)
2026-01-20 11:00:30,850 - final_problem_set.kxor_instance_n13_k2_m130_ell2_eps0.25_kappa0.75_rho0.8 - INFO - Starting step 'KeyExtractionStep' (version 0.1) on problem kxor_instance_n13_k2_m130_ell2_eps0.25_kappa0.75_rho0.8 (fields={'ell': 2, 'threshold': 0.0, 'kikuchi_matrix': <Dictionary Of Keys sparse matrix of dtype 'int64'
	with 1364 stored elements and shape (78, 78)>, 'num_eigenvalues': 5, 'eigenvalues': array([-7.67453916,  8.02437189,  8.72191097,  9.68381348, 14.12129213]), 'eigenvectors': array([[-0.13781395,  0.00608538,  0.19871835, -0.05791438, -0.09072016],
       [ 0.02830987, -0.07881178, -0.22289054,  0.02831676,  0.08308843],
       [-0.1004957 ,  0.07883954,  0.22236902, -0.03733267, -0.07856086],
       [ 0.08015683,  0.12339126,  0.08489294, -0.11408046, -0.05478379],
       [-0.02955714, -0.00561849, -0.21890332,  0.05431139,  0.09689231],
       [ 0.01330282,  0.01002824,  0.25241844, -0.04627343, -0.08433475],
       [ 0.12194171,  0.002325  ,  0.14850158, -0.10275163, -0.04627142],
       [-0.10770063, -0.06170361, -0.1157804 ,  0.0245025 ,  0.08466798],
       [-0.02322639,  0.06203757, -0.18158573, -0.02996489,  0.09725639],
       [ 0.0700895 , -0.04784675, -0.20388758,  0.03382809,  0.09430375],
       [ 0.04312638,  0.05409343, -0.1224673 ,  0.07075268,  0.06623737],
       [-0.15378513,  0.0035393 , -0.18358871, -0.04034752,  0.05697658],
       [ 0.17491926,  0.06883307, -0.01945663,  0.03291949, -0.14450049],
       [-0.15234525, -0.09473867, -0.01699777, -0.00532741,  0.15643296],
       [ 0.13302849, -0.12500044,  0.10564271,  0.14768102,  0.08662605],
       [-0.06638415, -0.09389158, -0.07509861, -0.0267043 , -0.14467328],
       [ 0.03230001,  0.10304964, -0.02472982,  0.01333824,  0.15208103],
       [ 0.03563693,  0.06449514, -0.06873662,  0.17486274,  0.08291231],
       [-0.06184711,  0.00923272, -0.16548588,  0.01634259, -0.12213312],
       [-0.14291438, -0.14770929, -0.10628687,  0.08067112, -0.12872261],
       [-0.01191342, -0.03440745, -0.10175032,  0.01387735, -0.15959217],
       [ 0.23653991, -0.20995886, -0.07109757, -0.10067871, -0.1033451 ],
       [-0.03935769, -0.04715417,  0.07597787,  0.14114827, -0.10002766],
       [ 0.21394801,  0.2608662 ,  0.07218282,  0.08098773, -0.1364402 ],
       [-0.13121075,  0.21209834, -0.07991786, -0.1289015 , -0.09158195],
       [ 0.05128625, -0.08591026,  0.01425412, -0.0507108 ,  0.15291354],
       [-0.02370773,  0.08452049,  0.09222173,  0.06703289, -0.1584987 ],
       [-0.15094489,  0.0198012 ,  0.11482312, -0.16592657, -0.10184424],
       [ 0.1286431 , -0.15901603,  0.12755275, -0.08575571,  0.12539716],
       [ 0.09119588, -0.01349731,  0.05670134, -0.16341888,  0.13418025],
       [-0.07334238, -0.15296439,  0.03158025, -0.09102082,  0.14691397],
       [-0.11328157,  0.1153584 ,  0.04035744,  0.06776535,  0.14237931],
       [ 0.16896378, -0.07405304, -0.10878266, -0.20205382,  0.09607458],
       [ 0.2084561 , -0.20750828,  0.06146107,  0.13591995,  0.08841905],
       [-0.08063743,  0.09519681,  0.02257494,  0.01684342, -0.14758348],
       [ 0.02482839, -0.09392045, -0.12382294, -0.03199635,  0.15259142],
       [ 0.10455331, -0.0028985 , -0.11042012,  0.16426285,  0.08669129],
       [-0.11691757,  0.16577087, -0.09121462,  0.05296179, -0.12404965],
       [-0.16860609,  0.02447152, -0.01834313,  0.12554547, -0.13164834],
       [ 0.08496169,  0.1579585 ,  0.00824902,  0.05405184, -0.14148556],
       [ 0.20440234, -0.09883453, -0.00638812, -0.09394104, -0.13757056],
       [-0.16071422,  0.08001702,  0.13111997,  0.17224187, -0.09539766],
       [ 0.06516196,  0.14661805, -0.13322906, -0.17960671, -0.10184378],
       [-0.03849371, -0.15476248,  0.06273196,  0.17179539,  0.11011928],
       [-0.17510481, -0.06324053,  0.00770007,  0.16848321,  0.05039527],
       [ 0.1843178 ,  0.14367198, -0.14303374, -0.11472523, -0.07506397],
       [ 0.10713982,  0.07920996, -0.16792296, -0.08189331, -0.10530813],
       [-0.03571836,  0.16083107, -0.11448324, -0.1369897 , -0.0902997 ],
       [-0.20380301,  0.02112596, -0.08786073, -0.14936533, -0.06761116],
       [ 0.14904899,  0.12351622,  0.00273709, -0.00645076, -0.08118231],
       [ 0.01539879, -0.10802492,  0.03621476,  0.00052282, -0.16058418],
       [ 0.06976914, -0.06773619,  0.07080269, -0.19376015, -0.08732025],
       [-0.07097168, -0.0187914 ,  0.17781969, -0.02414262,  0.12816887],
       [-0.06333888,  0.15619663,  0.10420148, -0.10384196,  0.1340106 ],
       [ 0.02841482,  0.02413734,  0.0884555 , -0.02399413,  0.15075922],
       [ 0.07334282,  0.22361415,  0.07605614,  0.10980843,  0.11187292],
       [-0.07026387,  0.06235286, -0.09715274, -0.18509938,  0.11653969],
       [-0.01931986,  0.07499425, -0.12910092,  0.18802039,  0.0892794 ],
       [ 0.01694734,  0.01423237, -0.10366126,  0.04821308, -0.1538464 ],
       [ 0.03660176, -0.17330623, -0.00785348,  0.12265769, -0.14204354],
       [-0.02255354, -0.02916091,  0.0172293 ,  0.04027988, -0.15849636],
       [-0.02052142, -0.23779117, -0.01109589, -0.09966383, -0.11825399],
       [ 0.03557149, -0.05834806,  0.15675589,  0.17810457, -0.10402846],
       [ 0.01012263, -0.009806  , -0.02050989, -0.16286179, -0.09593363],
       [ 0.15466259, -0.13206509,  0.04720485, -0.11774911, -0.09431285],
       [-0.01543545, -0.04365213,  0.06757629, -0.17851506, -0.10127294],
       [-0.16149841, -0.10669166,  0.02620659, -0.16183204, -0.06208671],
       [ 0.0363979 , -0.06612739,  0.1614714 , -0.03622483, -0.07793874],
       [-0.15747806,  0.0313507 ,  0.19262796, -0.12133332,  0.11223213],
       [ 0.03444436, -0.07155152,  0.18105389, -0.06419539,  0.12348334],
       [ 0.14603702,  0.12547921,  0.12929857,  0.0651785 ,  0.09649798],
       [-0.06428981, -0.03791076,  0.01777771, -0.18898529,  0.096557  ],
       [ 0.05755547,  0.08382189,  0.12162286, -0.13577925,  0.13157821],
       [ 0.13641706,  0.25873658,  0.09118935,  0.02478898,  0.10332579],
       [-0.18234938,  0.07958329, -0.05452627, -0.2198944 ,  0.08687675],
       [-0.12180016,  0.18144695,  0.07893018,  0.08008063,  0.11257532],
       [-0.00243691, -0.00473269, -0.06922588, -0.186695  ,  0.09972636],
       [ 0.23789368,  0.17143643, -0.04916565, -0.05130513,  0.09081116]])})
2026-01-20 11:00:30,851 - final_problem_set.kxor_instance_n13_k2_m130_ell2_eps0.25_kappa0.75_rho0.8 - INFO - Running key extraction (n=13, m=130, ell=2, phase_qubits=11)
2026-01-20 11:00:30,851 - final_problem_set.kxor_instance_n13_k2_m130_ell2_eps0.25_kappa0.75_rho0.8 - INFO - Built voting matrix V (n=13, ell=2, dtype=complex128) in 0.001s
2026-01-20 11:00:30,852 - final_problem_set.kxor_instance_n13_k2_m130_ell2_eps0.25_kappa0.75_rho0.8 - INFO - Eval: adv=0.7385, hamming=0/13 (0.000), corr=1.000
2026-01-20 11:00:30,852 - final_problem_set.kxor_instance_n13_k2_m130_ell2_eps0.25_kappa0.75_rho0.8 - INFO - Key extraction complete: x_hat=6
2026-01-20 11:00:30,852 - final_problem_set.kxor_instance_n13_k2_m130_ell2_eps0.25_kappa0.75_rho0.8 - INFO - Finished step 'KeyExtractionStep' in 0.001s (success: True, problem=kxor_instance_n13_k2_m130_ell2_eps0.25_kappa0.75_rho0.8)
2026-01-20 11:00:30,852 - final_problem_set.kxor_instance_n13_k2_m130_ell2_eps0.25_kappa0.75_rho0.8 - INFO - SUCCESS: len(z_hat)=13
2026-01-20 11:00:30,852 - final_problem_set.kxor_instance_n13_k2_m130_ell2_eps0.25_kappa0.75_rho0.8 - INFO - Metrics: adv=0.7384615384615385, ham_frac=0.0, corr=1.0
2026-01-20 11:00:30,852 - final_problem_set.kxor_instance_n13_k2_m130_ell2_eps0.25_kappa0.75_rho0.8 - INFO - z_hat (full): [ 1, -1,  1, -1, -1,  1, -1, -1,  1,  1,  1,  1,  1]
