2026-01-20 11:01:46,116 - final_problem_set.kxor_instance_n26_k2_m204_ell2_eps0.2_kappa1.0_rho0.8 - INFO - Starting iteration for /Users/julian/CodingProjects/UniT3/QuarticSpeedupK-XOR/z_Daphne/data/final_problem_set/kxor_instance_n26_k2_m204_ell2_eps0.2_kappa1.0_rho0.8.npz
2026-01-20 11:01:46,117 - final_problem_set.kxor_instance_n26_k2_m204_ell2_eps0.2_kappa1.0_rho0.8 - INFO - Loaded instance (n=26, m=204, k=2)
2026-01-20 11:01:46,117 - final_problem_set.kxor_instance_n26_k2_m204_ell2_eps0.2_kappa1.0_rho0.8 - INFO - Starting step 'ComputeKikuchiStep' (version 0.1) on problem kxor_instance_n26_k2_m204_ell2_eps0.2_kappa1.0_rho0.8 (fields={'ell': 2, 'threshold': 0.0})
2026-01-20 11:01:46,152 - final_problem_set.kxor_instance_n26_k2_m204_ell2_eps0.2_kappa1.0_rho0.8 - INFO - Finished step 'ComputeKikuchiStep' in 0.036s (success: True, problem=kxor_instance_n26_k2_m204_ell2_eps0.2_kappa1.0_rho0.8)
2026-01-20 11:01:46,152 - final_problem_set.kxor_instance_n26_k2_m204_ell2_eps0.2_kappa1.0_rho0.8 - INFO - Starting step 'ClassicalEigenvaluesStep' (version 0.1) on problem kxor_instance_n26_k2_m204_ell2_eps0.2_kappa1.0_rho0.8 (fields={'ell': 2, 'threshold': 0.0, 'kikuchi_matrix': <Dictionary Of Keys sparse matrix of dtype 'int64'
	with 7776 stored elements and shape (325, 325)>, 'num_eigenvalues': 5})
2026-01-20 11:01:46,300 - final_problem_set.kxor_instance_n26_k2_m204_ell2_eps0.2_kappa1.0_rho0.8 - INFO - Finished step 'ClassicalEigenvaluesStep' in 0.148s (success: True, problem=kxor_instance_n26_k2_m204_ell2_eps0.2_kappa1.0_rho0.8)
2026-01-20 11:01:46,300 - final_problem_set.kxor_instance_n26_k2_m204_ell2_eps0.2_kappa1.0_rho0.8 - INFO - Starting step 'KeyExtractionStep' (version 0.1) on problem kxor_instance_n26_k2_m204_ell2_eps0.2_kappa1.0_rho0.8 (fields={'ell': 2, 'threshold': 0.0, 'kikuchi_matrix': <Dictionary Of Keys sparse matrix of dtype 'int64'
	with 7776 stored elements and shape (325, 325)>, 'num_eigenvalues': 5, 'eigenvalues': array([12.98729773, 13.78827998, 14.06186162, 15.18053663, 21.65547233]), 'eigenvectors': array([[ 9.14822990e-02, -4.95724068e-02,  1.01764244e-02,  7.25706209e-02,  5.52293406e-02],
       [ 1.48217230e-02,  6.56144265e-02, -3.15688499e-02, -7.94479125e-02, -5.60180239e-02],
       [ 8.42955247e-02, -1.53497763e-02,  1.07548063e-01,  1.65859742e-02,  5.74761004e-02],
       [-3.95011162e-02,  5.46282941e-02, -4.11456739e-02, -6.23725313e-02, -6.80188135e-02],
       [-4.68497653e-02,  6.91720644e-03, -1.00696310e-01,  6.22985300e-03, -6.00639944e-02],
       [-7.58486795e-02,  3.93006998e-02, -1.48189728e-02,  8.34431948e-03, -4.99583596e-02],
       [ 6.62159966e-04,  2.98042795e-03, -3.15188997e-02, -5.82094402e-02, -7.15521817e-02],
       [ 6.95927820e-02,  5.53683633e-04,  3.83367979e-02,  1.19858716e-01,  5.53449134e-02],
       [ 1.00914285e-02, -5.20161792e-02,  6.58694807e-02,  9.21824372e-02,  6.88013549e-02],
       [-9.75190300e-03, -3.84309328e-02, -9.15036128e-02, -3.53732574e-02, -6.07950538e-02],
       [ 4.45340040e-02, -1.27142669e-01, -1.37044690e-03,  9.04599269e-04,  2.48299595e-02],
       [-1.56625556e-02, -3.97871386e-02,  4.39468425e-02,  9.83293412e-02,  6.20647892e-02],
       [ 4.05830495e-02,  2.29447486e-02, -4.76723160e-02, -8.32902318e-02, -4.80207887e-02],
       [-6.06651372e-02,  4.52520354e-02, -4.13901313e-02,  1.63116459e-02, -6.75007746e-02],
       [ 1.33796786e-02,  5.85456259e-02, -7.08461577e-03,  1.51949375e-02, -4.54784339e-02],
       [-4.13034693e-02,  1.01662596e-01, -4.60029541e-02,  8.43071262e-03, -4.75969070e-02],
       [ 3.22627249e-02,  3.51192386e-02, -2.09078406e-02, -8.15205282e-02, -7.17896401e-02],
       [-5.75116831e-02, -1.25747341e-02,  1.23688760e-01, -2.24547931e-02,  1.91111639e-02],
       [ 2.26683927e-02, -4.88941695e-02,  9.71868722e-02,  4.16580097e-02,  5.53702981e-02],
       [ 2.30769215e-02,  1.05563819e-01, -3.67231989e-02, -7.40847852e-02, -4.66092295e-02],
       [ 3.67050564e-02, -7.96733586e-02,  1.07552089e-01,  5.88604377e-02,  5.84312578e-02],
       [-5.98619308e-02,  3.86005579e-02, -6.02959993e-02, -4.54543238e-02, -8.39359713e-02],
       [ 1.30991717e-02, -4.66118746e-02,  4.62522489e-02,  1.03405947e-01,  5.50188319e-02],
       [ 4.17621488e-02,  1.82036436e-02,  3.66121020e-02,  5.51344384e-02, -3.54179502e-02],
       [ 8.20489357e-02, -1.47215352e-02,  8.49059607e-02,  6.02896935e-02,  6.19880457e-02],
       [ 3.25759134e-02, -3.50187289e-02, -6.59433216e-02,  5.45369396e-02,  5.58675267e-02],
       [-1.31210404e-01, -1.85946615e-02, -1.13172946e-02,  1.01664980e-02, -5.65246762e-02],
       [ 9.53956534e-02, -1.47354587e-02, -7.86961048e-02,  3.34150986e-02,  6.80903060e-02],
       [ 9.78646487e-02,  2.76413263e-02,  2.48515809e-03, -3.36409632e-02,  5.92788239e-02],
       [ 1.15959446e-01, -9.61291698e-03, -6.74124639e-02, -2.97878551e-02,  4.79110523e-02],
       [ 5.57619387e-02,  3.30661907e-02, -7.87702616e-02,  2.37438271e-02,  6.34065558e-02],
       [-1.13801874e-01, -3.35025788e-02,  5.92418346e-02, -9.14219762e-02, -5.44487725e-02],
       [-7.43602712e-02,  1.17390773e-02,  6.19386038e-02, -6.67346898e-02, -7.47187233e-02],
       [ 6.19867522e-02,  7.41205484e-02, -1.19874740e-02,  7.63785275e-03,  5.92153660e-02],
       [-5.13444177e-02,  1.07846852e-01,  3.44268359e-02,  1.08690268e-02, -2.19124183e-02],
       [-3.88114496e-02,  5.29296097e-03,  7.12600921e-02, -7.83166164e-02, -6.67284492e-02],
       [ 1.05378408e-04,  5.04812360e-03, -3.59083313e-02,  6.16160887e-02,  4.80846267e-02],
       [ 1.01630020e-01, -3.19596037e-03, -6.10785536e-02, -3.81664935e-02,  5.94989736e-02],
       [ 2.37607780e-02, -2.97756870e-02, -6.58952759e-02, -3.28425842e-02,  4.36574354e-02],
       [ 8.90470175e-02, -8.54268019e-02, -3.27594814e-02, -2.91180768e-02,  5.15085247e-02],
       [ 2.91739222e-02,  5.15397330e-03, -9.10058003e-02,  4.42457544e-02,  6.51186842e-02],
       [ 3.17143241e-02,  8.23659235e-03, -1.00694453e-01,  2.63237619e-02, -2.48566216e-02],
       [-7.56337753e-02,  2.29258718e-02, -1.19481087e-02, -1.82639039e-02, -5.89397152e-02],
       [ 1.75382865e-02, -9.11006983e-02, -4.53150145e-02,  5.98562734e-02,  5.11966721e-02],
       [-8.28958459e-02,  4.81064665e-02, -1.30486351e-02, -3.23277842e-02, -5.91235847e-02],
       [ 1.18780608e-01,  8.62836269e-03, -7.49467952e-02,  8.97421504e-03,  7.50242760e-02],
       [-5.84081512e-02,  1.59046681e-02,  4.91383341e-02, -7.95555662e-02, -5.60564562e-02],
       [-1.31468498e-02,  4.97251808e-03, -8.97506541e-02, -6.83174690e-02,  2.97722737e-02],
       [-1.30188071e-01, -2.30218847e-02,  2.12393475e-02, -3.18740666e-02, -6.08226797e-02],
       [ 1.09124017e-02,  3.96677627e-03,  2.92841383e-02, -5.22532661e-03,  5.39528111e-02],
       [ 4.36910901e-02,  3.41480363e-02,  5.62304626e-02, -3.86861388e-02, -6.99178218e-02],
       [ 2.58113832e-02, -1.09277713e-02, -2.19922662e-02,  2.68017393e-02, -5.56962951e-02],
       [-1.25035960e-02,  2.12823656e-02,  4.82538802e-02,  2.51790947e-02, -4.59784943e-02],
       [ 6.94196067e-02, -1.28052411e-02,  5.26871097e-02, -2.51017135e-02, -6.01544781e-02],
       [ 9.46259988e-03,  1.59215835e-02, -3.55854429e-02,  8.94091311e-02,  5.23522139e-02],
       [-6.73129556e-02, -2.75794576e-02, -2.68479426e-02,  5.85972757e-02,  6.45481483e-02],
       [ 6.02082395e-02, -5.36278073e-02, -9.32960082e-03, -1.01348385e-02, -5.62652525e-02],
       [ 1.41993122e-02, -1.11205368e-01, -3.14195783e-02, -6.41588089e-03,  2.31880817e-02],
       [-7.97297930e-02, -2.03638901e-02, -3.60372653e-02,  6.58745333e-02,  5.70475768e-02],
       [ 8.99655957e-02,  8.26548410e-03,  1.51880741e-02, -5.80626847e-02, -4.50058031e-02],
       [ 1.89507070e-02,  1.93801966e-02,  4.07264986e-02,  3.27299110e-02, -5.80227761e-02],
       [ 6.40682492e-02,  4.04777475e-02,  4.86432662e-02,  2.94475289e-02, -4.15799334e-02],
       [ 1.45655634e-02,  8.14238496e-02,  1.18838762e-02,  2.28351791e-02, -4.47601237e-02],
       [ 9.20007725e-02,  1.21025731e-02,  5.97307550e-02, -4.14461936e-02, -5.96184481e-02],
       [-8.19449157e-02, -1.21866958e-02,  1.03355339e-01, -2.42230305e-02,  2.07206036e-02],
       [-4.59971886e-02, -3.69594749e-02,  3.12268761e-02,  2.12536651e-02,  5.56282573e-02],
       [ 6.84286254e-02,  8.57916027e-02,  2.00677452e-02, -5.14137905e-02, -4.35566683e-02],
       [-3.09618569e-02, -5.91779426e-02,  3.15850590e-02,  3.41956812e-02,  5.60927755e-02],
       [ 3.94538280e-02,  1.10960974e-02,  4.92862973e-02, -1.14272977e-02, -7.71814285e-02],
       [-4.54326809e-02, -2.88225664e-02, -2.53429638e-02,  7.53265023e-02,  5.19817574e-02],
       [ 7.29695971e-02,  2.12402361e-03,  7.58040454e-02,  6.32529423e-02, -2.83116673e-02],
       [ 1.07697460e-02,  6.82953908e-03,  1.38401619e-03,  3.88642821e-02,  6.42250816e-02],
       [ 7.90505637e-02,  2.88337909e-02,  4.06602257e-02, -3.97768067e-02,  7.06149907e-02],
       [ 5.66465086e-02,  4.99281216e-02,  7.73749918e-02, -7.41452225e-02,  4.93378119e-02],
       [ 7.60335462e-02,  1.67918772e-02,  1.03183499e-02, -6.56031790e-02,  4.11416134e-02],
       [ 3.44253541e-02,  7.85085699e-02,  2.70143703e-02, -4.55099365e-02,  6.61518659e-02],
       [-9.71423182e-02, -6.67579602e-02, -3.29288103e-02, -3.27173227e-02, -5.43485272e-02],
       [-4.64077502e-02, -3.52146966e-02, -6.71182263e-02,  1.40198459e-02, -7.17298332e-02],
       [ 3.13379725e-02,  8.76874076e-02,  6.98581828e-02, -4.50561493e-02,  5.07370985e-02],
       [-5.33675417e-02,  9.06724802e-02, -1.19479459e-03,  3.22222947e-02, -2.37798780e-02],
       [-1.38039437e-02, -3.80171705e-02, -4.42490601e-02, -6.17169038e-03, -6.52767094e-02],
       [-1.61978933e-02,  3.55573301e-02,  4.56589145e-02,  6.91935762e-03,  4.74797661e-02],
       [ 7.35348140e-02,  2.76350834e-02,  3.27416255e-02, -9.14148029e-02,  5.54031801e-02],
       [ 6.71761022e-03, -2.19600207e-03,  7.97860925e-03, -7.40252590e-02,  4.13838700e-02],
       [ 5.45900227e-02, -4.64953073e-02,  4.43774802e-02, -6.69839665e-02,  4.40620101e-02],
       [ 3.20092042e-03,  5.02966281e-02,  1.97056863e-02, -2.57753210e-02,  6.74187578e-02],
       [ 4.93006396e-02,  1.48936751e-03, -1.13348558e-01,  4.00207878e-02, -1.70743432e-02],
       [-4.81080181e-02, -1.43773097e-02, -1.01946268e-01,  3.89448761e-02, -5.51056478e-02],
       [ 4.60995802e-04, -5.48647237e-02,  4.20168725e-02,  5.15122390e-03,  5.01056405e-02],
       [-6.05480419e-02,  1.25251756e-02, -1.00641592e-01,  2.62812216e-02, -5.54107559e-02],
       [ 8.32486232e-02,  5.36574605e-02,  5.21501261e-02, -6.70479571e-02,  7.02897629e-02],
       [-4.22016812e-02, -1.82131324e-02, -4.44284548e-02, -1.90328172e-02, -5.51895266e-02],
       [-2.74283849e-02,  2.30637228e-02, -3.87962241e-02, -9.28496535e-02,  2.78302601e-02],
       [-1.04904444e-01, -5.31125435e-02, -7.50530778e-02,  2.94157676e-02, -5.73144270e-02],
       [-3.27800968e-02, -3.93312517e-02, -3.16212895e-02,  6.91306629e-02, -7.27679244e-02],
       [-6.35813601e-02,  3.18332817e-03,  5.55353648e-02,  5.67834728e-02, -5.56153487e-02],
       [ 2.58895122e-02, -5.10016128e-02,  7.15309708e-02,  3.48715055e-03, -7.99472748e-02],
       [ 6.89518664e-02,  5.30951721e-02, -5.25057879e-02,  8.94948657e-02,  7.00108089e-02],
       [-1.70817630e-02, -3.62961031e-03, -3.66910031e-02,  3.85699602e-02,  8.60811602e-02],
       [ 1.36515081e-02, -9.06446638e-02, -1.12933981e-02,  1.99268521e-02, -6.83571618e-02],
       [ 4.44825215e-02, -1.37519491e-01, -3.72530423e-02, -2.27338466e-02,  3.08851094e-02],
       [-4.70340679e-02,  4.51462394e-03, -5.21593414e-02,  5.51831545e-02,  7.71207632e-02],
       [ 6.69404915e-02, -1.11269809e-02,  1.77254395e-02, -4.55093720e-02, -5.54770627e-02],
       [-4.02670690e-02, -7.79950858e-04,  4.76443216e-02,  7.81885363e-02, -7.39392527e-02],
       [ 3.54767455e-02,  2.88028891e-02,  5.56519427e-02,  5.90860678e-02, -4.99373284e-02],
       [-2.94740885e-02,  9.05155957e-02,  1.11837749e-02,  5.76854094e-02, -5.82984148e-02],
       [ 7.46287263e-02, -2.04142924e-02,  1.03686778e-01, -2.59997572e-02, -9.39775443e-02],
       [-8.03577029e-02, -9.62944277e-03,  1.38116279e-01, -4.59370075e-02,  2.74320005e-02],
       [ 3.08926052e-03, -2.11144471e-02,  4.18135305e-02, -7.77966941e-03,  7.48973979e-02],
       [ 5.04061940e-02,  9.85486863e-02,  2.73350286e-02, -4.41099724e-02, -5.88734852e-02],
       [ 2.50468179e-02, -6.12902669e-02,  4.97261990e-02,  9.91462031e-03,  8.01544548e-02],
       [-3.81161027e-02, -2.51825928e-02,  6.39536020e-02,  3.22816970e-02, -1.02033649e-01],
       [-7.56806527e-03, -1.18065826e-02, -3.66959666e-02,  7.14863592e-02,  6.96432188e-02],
       [ 6.27089472e-02, -1.15192910e-02,  9.10986198e-02,  9.55227904e-02, -3.34221859e-02],
       [ 7.97738988e-02,  3.50082475e-02,  4.41463712e-03,  7.89587331e-03,  7.62123948e-02],
       [-5.09119894e-02, -2.37610323e-02, -3.31387261e-03,  8.44097413e-02, -4.24274387e-02],
       [ 5.56578559e-03, -7.78761771e-02, -1.77726669e-02,  6.78782719e-02, -6.18519139e-02],
       [ 6.60248095e-02,  7.79020283e-02,  2.49963809e-02,  1.19108599e-02,  5.70912417e-02],
       [-3.05237634e-03,  4.86657753e-02,  5.75753676e-02, -4.50848656e-02,  7.53414460e-02],
       [ 2.17498971e-03, -9.90237256e-02, -6.50360825e-02,  6.72764299e-02, -5.31400642e-02],
       [ 3.83365948e-02, -9.00159375e-02, -2.71648239e-03, -4.28070106e-02,  2.45281385e-02],
       [-2.58334080e-02,  4.35684441e-02,  3.30410302e-02, -2.04515216e-02,  6.28070935e-02],
       [ 4.74586007e-02, -4.16640587e-02, -3.87510234e-02,  1.34824249e-02, -4.79152120e-02],
       [-3.78255905e-02, -3.55061937e-02, -2.50750124e-02,  1.15827739e-01, -5.64316119e-02],
       [ 2.16661026e-02, -4.43764120e-03, -2.09463913e-03,  9.34930018e-02, -4.28899350e-02],
       [-2.60090837e-02,  4.13139283e-02, -3.82032387e-02,  8.58862297e-02, -4.54682152e-02],
       [ 4.18250489e-02, -6.10505533e-02, -9.41981298e-03,  5.40772516e-02, -6.95481821e-02],
       [-6.06616098e-02,  1.53699143e-04,  1.13362424e-01, -4.65262949e-02,  1.72405004e-02],
       [ 9.58053442e-03,  2.03415141e-02,  8.51928803e-02, -5.71661004e-02,  5.29613732e-02],
       [ 3.44597097e-02,  4.99812904e-02, -3.54546909e-02,  1.48145076e-02, -5.20951376e-02],
       [ 2.45512618e-02, -4.40196565e-03,  9.34946549e-02, -5.08401340e-02,  5.75250062e-02],
       [-4.12361583e-02, -7.27752609e-02, -4.35363960e-02,  1.09038069e-01, -7.80731103e-02],
       [ 6.77190817e-03,  3.27281078e-02,  4.36894731e-02,  2.30175134e-05,  6.64393758e-02],
       [ 4.50013484e-02, -2.22678209e-02,  4.32491875e-02,  9.74212380e-02, -2.58210766e-02],
       [ 6.96931010e-02,  6.50601031e-02,  6.80761960e-02, -5.54693607e-02,  5.99301437e-02],
       [-3.24693427e-02, -3.74791796e-02,  6.65929622e-02,  6.49642056e-02, -5.49882511e-02],
       [ 9.91234497e-02,  3.70551854e-02, -5.16705945e-02,  8.15871854e-03,  4.99519182e-02],
       [ 4.47884986e-02, -8.61822017e-04, -4.03469005e-02, -4.03704549e-02,  6.14324187e-02],
       [-3.22912188e-02, -6.31151739e-02,  5.91411360e-03,  6.68784055e-02, -4.70331088e-02],
       [ 4.46848300e-02, -8.78953049e-02, -2.84552359e-02, -3.44638180e-02,  1.96512683e-02],
       [ 1.59703571e-02,  2.60546368e-03, -5.20734398e-02, -2.07176375e-02,  5.50475171e-02],
       [ 9.30748539e-03, -7.72769683e-03,  2.44025951e-02,  1.42271691e-02, -3.99760319e-02],
       [-6.09945968e-02, -1.53184876e-03,  4.28459721e-02,  9.69306819e-02, -4.55995891e-02],
       [-4.32107471e-03,  1.72822817e-02,  3.94972184e-02,  6.94420951e-02, -3.12139509e-02],
       [-4.33809319e-02,  5.47544544e-02,  1.77470126e-02,  7.17053578e-02, -3.61367310e-02],
       [-1.12533309e-02, -1.09640904e-02,  6.70209405e-02,  4.57921507e-02, -5.24176639e-02],
       [-3.87313559e-02, -7.65621767e-03,  8.38446561e-02, -5.28343784e-02,  1.83406607e-02],
       [ 3.77858448e-02, -1.18488937e-02,  1.08094491e-02, -5.09247415e-02,  4.30104676e-02],
       [-2.40587140e-03,  6.96541681e-02,  3.01360399e-02,  1.51451681e-02, -4.22613343e-02],
       [ 6.07602771e-02, -4.08315979e-02,  1.72666552e-02, -5.02740131e-02,  5.18252503e-02],
       [-7.49624354e-02, -1.45170125e-02,  5.21508068e-02,  8.51167177e-02, -5.88502113e-02],
       [ 4.29227325e-02, -8.47420842e-03, -4.00189640e-02, -4.48785891e-03,  5.03880448e-02],
       [ 2.36510484e-02, -8.01820601e-03,  6.54016316e-02,  8.76415628e-02, -2.20150688e-02],
       [ 1.06456306e-01,  2.57408779e-02, -1.25689664e-02, -5.33196021e-02,  5.38464298e-02],
       [ 2.97618350e-02,  9.83279156e-02, -5.36176200e-02,  7.56510897e-02,  6.47087514e-02],
       [-6.88139013e-02,  6.49347128e-02, -4.81801181e-02,  2.89169864e-02,  8.78475363e-02],
       [ 4.63209355e-02, -1.30725232e-01, -1.99119136e-03,  2.49007867e-02, -6.30223957e-02],
       [ 2.30442842e-02, -1.09221986e-01, -4.03861524e-02, -2.61475098e-02,  2.97275685e-02],
       [-8.19265835e-02,  5.55504014e-02, -5.53400224e-02,  4.29808805e-02,  7.13096719e-02],
       [ 8.66210804e-02, -4.76775687e-02,  2.19249787e-02, -3.61841171e-02, -5.13982108e-02],
       [ 4.43312623e-04, -5.13267282e-02,  5.59672736e-02,  8.13544225e-02, -6.79097089e-02],
       [ 6.34373483e-02, -9.12097727e-03,  6.47735587e-02,  6.62978358e-02, -5.04899005e-02],
       [ 6.12556811e-03,  4.96358259e-02,  2.38474692e-02,  6.48599363e-02, -5.96714918e-02],
       [ 9.51185619e-02, -6.97482200e-02,  8.58856715e-02, -9.02568265e-03, -7.39254494e-02],
       [-9.10723218e-02,  9.09996549e-03,  1.23728369e-01, -4.41039346e-02,  2.54086013e-02],
       [-3.12849377e-02,  2.65844152e-02,  2.81778251e-02, -1.39761264e-02,  6.34057764e-02],
       [ 8.35593447e-02,  5.71711839e-02,  3.59376043e-02, -3.67876707e-02, -6.03801283e-02],
       [-2.16029816e-02,  2.65619780e-04,  3.58544009e-02,  1.40120136e-03,  7.49369210e-02],
       [ 1.83227192e-02, -8.79743067e-02,  6.50940875e-02,  3.97269276e-02, -8.70178590e-02],
       [-4.70050000e-02,  4.21970038e-02, -4.59740472e-02,  6.44614987e-02,  7.10689093e-02],
       [ 7.11260246e-02, -2.72549702e-02,  8.78962876e-02,  9.39313164e-02, -2.98107765e-02],
       [ 3.67495597e-02,  9.84884169e-02, -7.45993194e-03,  3.68001097e-06,  7.76450974e-02],
       [-4.01310647e-02, -5.72863239e-02,  2.35699144e-02, -1.18615481e-01, -6.90148282e-02],
       [ 3.42690052e-02,  1.36427291e-01,  1.30122624e-02,  5.78444451e-02,  5.97890062e-02],
       [-5.79223714e-02,  9.61955061e-02,  3.29867796e-02, -1.07821299e-02, -2.68130997e-02],
       [-1.08847099e-02, -5.46214846e-02,  3.43295974e-02, -1.20110079e-01, -6.05138404e-02],
       [-2.03393122e-02,  5.35502039e-02, -1.17397862e-02,  1.03545284e-01,  4.79156234e-02],
       [ 9.87031940e-02,  6.68692678e-02, -5.12838682e-02,  8.49217739e-03,  7.19125559e-02],
       [ 6.69221614e-03,  1.33925344e-02, -5.24881386e-02,  4.65156879e-04,  4.57418534e-02],
       [ 7.68047529e-02, -4.05037316e-02, -1.48601793e-02,  1.61110583e-02,  5.64765292e-02],
       [ 2.33899121e-03,  6.96217787e-02, -6.19180539e-02,  9.72875351e-02,  6.49873167e-02],
       [ 4.73658121e-02, -1.92535352e-02, -1.15811859e-01,  1.00508192e-03, -2.53539809e-02],
       [-5.28025388e-02, -3.49805490e-02, -4.03345969e-02, -6.99778501e-02, -6.10893678e-02],
       [-1.81426450e-03, -4.54134339e-02, -2.07862843e-02,  1.03984489e-01,  5.19311193e-02],
       [-6.59118699e-02, -6.37031036e-03, -4.49561279e-02, -9.23613276e-02, -6.45144623e-02],
       [ 8.88507577e-02,  8.60604367e-02, -4.46031184e-02,  7.21561264e-02,  7.75173674e-02],
       [-3.51564376e-02, -3.74530187e-02,  2.21704179e-02, -1.24342566e-01, -5.52582887e-02],
       [-2.22054712e-02,  4.20958680e-02, -9.04656820e-02, -4.33172238e-02,  3.45922463e-02],
       [-1.05225437e-01, -8.33104591e-02, -4.61964665e-03, -8.43173088e-02, -6.21701976e-02],
       [-4.40632505e-02,  9.82609432e-02,  3.73398322e-02,  4.41428945e-03,  6.91410917e-02],
       [-3.23948518e-02,  1.40111253e-01,  3.02160223e-02,  1.18226051e-02, -3.22387916e-02],
       [ 8.12479624e-02, -8.83677617e-03,  2.15431500e-02, -8.58409175e-02, -7.69527415e-02],
       [-9.09632104e-02,  1.54956575e-02,  1.74668191e-03,  6.73634053e-02,  5.55694781e-02],
       [ 8.61084192e-03,  7.94342177e-03, -2.88926595e-02, -5.94588911e-02,  8.32839118e-02],
       [-5.48447614e-02, -2.77028895e-02, -4.08599424e-02, -4.56611972e-02,  5.05985983e-02],
       [ 4.75967909e-03, -9.05581282e-02,  7.06653003e-03, -3.91216973e-02,  5.96816769e-02],
       [-9.60840797e-02,  2.15124389e-02, -5.45377053e-02,  5.24793891e-02,  8.13455753e-02],
       [ 9.71480940e-02,  5.64826225e-03, -1.50034767e-01,  3.63578796e-02, -2.70064361e-02],
       [ 3.02736455e-02,  1.51775336e-02, -7.06864770e-02, -2.08997894e-02, -7.52150635e-02],
       [-8.13114231e-02, -1.04391179e-01, -7.10970534e-03,  7.31817520e-02,  6.35863741e-02],
       [ 1.06067994e-02,  5.12268189e-02, -7.28986390e-02, -3.85544206e-02, -7.44437295e-02],
       [-7.97643754e-03,  2.95839590e-02, -2.40147867e-02,  6.30348631e-03,  9.58381544e-02],
       [ 3.49837693e-02,  9.49714668e-03,  9.60309324e-03, -9.99372434e-02, -6.96180252e-02],
       [-8.28124586e-02,  1.46121209e-02, -8.80437714e-02, -9.00462219e-02,  3.84809770e-02],
       [-4.64957363e-02, -4.20679122e-02, -3.07970076e-02, -3.79006959e-02, -7.75865853e-02],
       [ 2.38340721e-02, -7.26783100e-02, -5.18325143e-03, -3.16114067e-02,  2.86150553e-02],
       [-7.24451480e-02,  1.02318115e-01,  1.92506429e-02,  2.58752426e-02,  6.68647265e-02],
       [ 7.93378806e-02, -8.08874447e-02, -2.96093333e-02, -2.18514035e-02, -4.81676985e-02],
       [-4.34610837e-03, -7.91473565e-02, -1.06431726e-02,  8.31282523e-02, -5.80609356e-02],
       [ 4.74134975e-02, -3.56472614e-02,  9.84942586e-03,  6.81688359e-02, -4.28344336e-02],
       [-6.06476169e-04,  1.15428667e-02, -3.32860194e-02,  6.90897164e-02, -5.04251696e-02],
       [ 7.54275347e-02, -1.06838271e-01,  6.31543079e-03,  7.38770980e-03, -6.49335673e-02],
       [-7.09095335e-02,  7.99338248e-03,  1.17746613e-01, -3.90731550e-02,  1.81318703e-02],
       [-2.26790381e-02,  6.60622160e-02,  8.76063794e-02, -2.69356843e-02,  5.85052279e-02],
       [ 6.76809636e-02,  1.40690080e-02, -2.51605682e-02, -1.94314245e-02, -5.27121072e-02],
       [-1.09814398e-02,  4.06552463e-02,  9.69085299e-02, -1.32507056e-02,  6.38983580e-02],
       [ 7.43580193e-03, -1.26229389e-01, -2.41735503e-02,  5.12049843e-02, -7.42659950e-02],
       [-2.77095449e-02,  7.02555694e-02,  2.33314590e-02,  3.71587787e-02,  5.67716937e-02],
       [ 6.47250202e-02, -4.67715675e-02,  5.24611181e-02,  9.19858885e-02, -2.81680963e-02],
       [ 3.37416022e-02,  1.13171119e-01,  5.57119766e-02, -1.32067630e-02,  6.04750094e-02],
       [-1.73985790e-02,  1.23959949e-01,  3.48136971e-02,  3.39785261e-03, -2.90296208e-02],
       [ 1.40707261e-03, -8.53782435e-02, -1.92722772e-02, -2.33329916e-03,  2.06741174e-02],
       [ 3.85166779e-02, -1.10206561e-01, -2.51239818e-02, -4.16014398e-02,  2.36841987e-02],
       [ 1.05601658e-02, -8.17116628e-02, -2.40104877e-02, -2.92344981e-02,  1.64467319e-02],
       [ 3.13966923e-02, -1.07347982e-01, -1.47463020e-02, -3.18508700e-02,  1.86815011e-02],
       [ 1.17862864e-02, -1.22287507e-01, -4.51491693e-02, -1.72391264e-02,  2.99699194e-02],
       [ 1.54844499e-02,  3.78081844e-02, -3.93106957e-02,  2.27767097e-02, -8.99705279e-03],
       [-2.90680504e-02,  1.13658967e-01,  9.65971805e-04,  2.28285810e-02, -2.44656351e-02],
       [ 1.18091323e-02, -1.10676776e-01, -2.12464231e-02, -5.01658292e-03,  1.90160738e-02],
       [-3.59370032e-02,  1.22306862e-01,  5.80472338e-03,  2.01988837e-02, -2.31256291e-02],
       [ 5.18052312e-02, -1.42593924e-01, -3.75943128e-02, -3.90315280e-02,  3.41986391e-02],
       [-2.83956661e-02,  1.16118488e-01,  2.63352620e-02, -4.09727181e-03, -2.62479073e-02],
       [-7.73252608e-03, -4.86839841e-02, -3.55661485e-02, -4.11676537e-02,  1.20281927e-02],
       [-6.20315483e-02,  1.09511611e-01,  1.27786196e-02,  2.10250854e-02, -2.82689654e-02],
       [-9.53035592e-02,  1.83314490e-02, -8.35734153e-03,  7.25151569e-02,  4.91000820e-02],
       [-2.35582083e-02,  1.36306171e-02, -4.58287654e-02, -3.13497669e-02,  7.47346189e-02],
       [-7.70866914e-02, -2.22477028e-02, -5.29598011e-02, -2.66802760e-02,  4.97641355e-02],
       [-2.17888045e-02, -8.10776804e-02, -9.68454268e-03, -1.86778080e-02,  5.77224338e-02],
       [-1.12293003e-01,  2.50541810e-02, -6.51651008e-02,  6.50413898e-02,  7.17607029e-02],
       [ 9.83731775e-02,  2.31022659e-03, -1.28038502e-01,  2.44831232e-02, -2.49155183e-02],
       [ 5.42742434e-02,  9.76949131e-03, -4.58074262e-02, -3.77559337e-02, -6.68015679e-02],
       [-8.26204736e-02, -8.08500810e-02, -1.74085430e-02,  7.09277318e-02,  5.21289489e-02],
       [ 4.03592231e-02,  4.25714059e-02, -5.27929439e-02, -5.95209078e-02, -7.21188848e-02],
       [-4.43607137e-02,  3.31768691e-02, -4.35147644e-02,  3.06808604e-02,  8.67619615e-02],
       [ 5.56893495e-02,  2.11663020e-04,  2.28385829e-02, -1.03499533e-01, -6.21192919e-02],
       [-8.76531102e-02,  1.37638994e-02, -8.80899264e-02, -7.03246961e-02,  3.41505516e-02],
       [-1.30341440e-02, -4.97214073e-02, -1.14818532e-02, -6.07765264e-02, -7.58966942e-02],
       [ 4.75216078e-02, -1.72893943e-02,  1.57703846e-02,  2.10195296e-02, -5.32686788e-02],
       [ 7.41580146e-02,  1.01006963e-02,  2.59896240e-02,  1.78559414e-02, -3.58355534e-02],
       [ 4.35161306e-02,  5.92436847e-02, -7.48362612e-03,  1.40603642e-02, -4.52311825e-02],
       [ 1.07126488e-01, -2.72156837e-02,  2.92964303e-02, -5.24361320e-02, -5.19451346e-02],
       [-7.87935979e-02,  1.31670342e-03,  9.52511140e-02, -1.80038175e-02,  1.73484377e-02],
       [-5.76781440e-02,  1.11211501e-03,  4.11175746e-02,  2.75655953e-02,  4.46561824e-02],
       [ 7.93566843e-02,  5.06074356e-02,  1.44313546e-03, -5.47304947e-02, -3.79842657e-02],
       [-5.31723154e-02, -1.68109600e-02,  4.41006072e-02,  4.15791256e-02,  4.74253564e-02],
       [ 7.11655680e-02, -3.80829131e-02,  1.36725643e-02, -2.65940118e-02, -6.69315678e-02],
       [-7.22830090e-02,  8.19966170e-03, -2.85000128e-03,  8.98804372e-02,  4.87547790e-02],
       [ 7.69211963e-02, -1.23107414e-02,  5.36709726e-02,  5.24122203e-02, -2.48584954e-02],
       [-2.37913646e-02,  4.01448738e-02,  2.12610661e-02,  4.37995000e-02,  5.01955755e-02],
       [ 2.01926933e-02,  1.89770418e-02,  4.10453754e-02,  9.47054585e-02, -4.20607003e-02],
       [-3.64138638e-02,  7.93860677e-02,  6.80901304e-03,  1.13409132e-01, -5.26258269e-02],
       [ 3.68699293e-02, -2.68411282e-02,  7.53455472e-02,  6.79292381e-02, -7.63923763e-02],
       [-6.51019627e-02, -1.02357289e-02,  1.17015325e-01, -6.51608035e-02,  2.20850755e-02],
       [ 1.64467939e-02, -1.13124135e-02,  3.60809640e-02, -7.30015648e-02,  5.88606190e-02],
       [ 3.20018505e-02,  8.69616554e-02,  2.23634906e-02,  2.49585422e-02, -5.73659162e-02],
       [ 3.76206594e-02, -4.48704642e-02,  4.52241952e-02, -7.20805368e-02,  6.85194448e-02],
       [-5.04410251e-02, -2.85359144e-02,  4.28617729e-02,  1.19470890e-01, -8.01213632e-02],
       [ 1.55270803e-02, -2.53626229e-03, -3.19583444e-02, -9.08249170e-03,  6.81713473e-02],
       [ 4.98385561e-02, -9.66065928e-03,  7.16458452e-02,  1.09062110e-01, -2.64620971e-02],
       [ 8.68560829e-02,  3.75824097e-02,  5.78407789e-03, -6.84211644e-02,  6.64380972e-02],
       [ 1.83461071e-02,  7.45671226e-02,  1.93358927e-02,  8.04482454e-02, -3.60580972e-02],
       [ 7.52528697e-02,  1.46671097e-02,  6.47607338e-02,  4.84435768e-02, -4.71289351e-02],
       [-5.57790540e-02, -1.12544032e-02,  7.31387072e-02, -4.16220202e-02,  1.44352444e-02],
       [-3.99578339e-02, -3.43215156e-02,  8.40538445e-03, -5.91493446e-02,  4.33438269e-02],
       [ 6.69937413e-02,  8.20608321e-02,  3.18480615e-02,  1.94904103e-02, -3.83115898e-02],
       [-2.89471394e-02, -5.85291283e-02,  1.06902413e-02, -5.36407801e-02,  4.72551865e-02],
       [ 3.33678757e-02,  1.58877867e-02,  5.20382052e-02,  8.65060975e-02, -5.36631713e-02],
       [-4.40433339e-02, -3.07753861e-02, -4.16894940e-02, -1.04827141e-02,  4.55366314e-02],
       [ 5.04194237e-02,  2.05438179e-03,  5.42098988e-02,  7.47503703e-02, -1.83623760e-02],
       [ 7.87138171e-03,  1.85210399e-04, -1.62271065e-02, -5.69684155e-02,  4.92154274e-02],
       [ 3.34251666e-02,  7.54706992e-02,  3.23827942e-02,  4.67941761e-02, -6.06397920e-02],
       [-5.49716346e-02, -3.20602149e-02,  9.76044493e-02, -5.07489088e-02,  1.69982745e-02],
       [ 7.41661814e-03, -7.93664514e-02,  4.45126153e-02, -5.28808022e-02,  4.61689106e-02],
       [ 2.40613666e-02,  1.16404227e-01, -1.22270590e-03,  1.31464476e-02, -4.03881155e-02],
       [ 2.76911595e-02, -1.17300270e-01,  5.69570548e-02, -5.04270802e-02,  5.30787838e-02],
       [-3.62574015e-02,  8.41934535e-02,  4.38742018e-03,  8.72729388e-02, -6.38209121e-02],
       [ 1.09322279e-02, -8.37958008e-02, -1.70741048e-03, -2.80433432e-03,  5.23972888e-02],
       [ 4.04424483e-02,  2.39679568e-02,  4.65952981e-02,  8.45690227e-02, -2.23396573e-02],
       [ 7.56939508e-02, -5.88710109e-02,  3.12621514e-02, -5.38852725e-02,  5.72198535e-02],
       [-1.04255036e-01,  1.36342646e-06,  1.22809854e-01, -3.73124832e-02,  2.61187521e-02],
       [-5.97263269e-02,  5.21543972e-05,  2.14619336e-02,  4.81604065e-03,  6.41651840e-02],
       [ 9.64946594e-02,  7.86512909e-02,  3.88518622e-02, -5.11599956e-02, -5.59949873e-02],
       [-5.51398106e-02, -3.20850319e-02,  2.67753295e-02,  2.54013351e-02,  7.53034609e-02],
       [ 5.85415031e-02, -4.79757738e-02,  7.65141206e-02,  1.03173627e-02, -8.75347300e-02],
       [-6.70020446e-02,  7.83437892e-03, -4.97137907e-02,  7.89308794e-02,  6.51746075e-02],
       [ 8.44518103e-02, -1.80674504e-02,  9.45274864e-02,  8.80642702e-02, -3.18467268e-02],
       [ 1.13128107e-03,  6.54188244e-02, -1.95069129e-02,  2.53868806e-02,  8.03019768e-02],
       [ 6.69439058e-02,  7.51394817e-03, -1.18062697e-01,  3.84771054e-02, -1.76748923e-02],
       [-7.81261890e-02, -3.12078181e-02,  9.80188068e-02, -2.07495020e-02,  1.84245076e-02],
       [ 6.80033426e-02,  1.40724659e-02, -1.27044152e-01,  3.67834738e-02, -1.87533334e-02],
       [-8.85138406e-02, -5.00372012e-04,  1.55354631e-01, -6.20014463e-02,  2.93693682e-02],
       [ 7.43270995e-02,  7.52599596e-03, -1.17136225e-01,  1.58039376e-02, -2.26148651e-02],
       [-5.54060289e-02, -3.86008231e-03,  3.76954738e-02, -4.76112568e-02,  1.06802443e-02],
       [ 5.49633013e-02, -4.33717625e-03, -1.38188149e-01,  3.87851554e-02, -2.34285701e-02],
       [-5.24144916e-02, -9.27634513e-02,  4.13622519e-02,  2.76877697e-02,  5.09168048e-02],
       [-5.61910541e-03,  5.07700767e-02, -1.03791195e-01,  2.12508539e-03, -5.78025284e-02],
       [ 9.71852233e-03,  3.50856193e-03,  5.67835640e-02, -3.59906609e-02,  7.46907609e-02],
       [ 1.38351542e-02,  1.85701262e-02, -4.56866201e-02, -4.69962638e-02, -5.73110241e-02],
       [-6.42791606e-02, -1.19559785e-03, -3.46252907e-02, -9.12499661e-02,  3.19676606e-02],
       [-5.82264047e-02, -2.10625865e-02, -9.05889154e-02,  3.28189530e-03, -6.66584261e-02],
       [-3.83307124e-02, -1.10317416e-01,  4.08646665e-02,  4.01840187e-02,  5.06200283e-02],
       [ 5.21080132e-02,  9.69581236e-02,  2.39862895e-02, -2.56145569e-02, -7.25672764e-02],
       [-5.15390727e-02, -8.16340352e-02, -9.14067216e-03,  7.85796752e-02,  4.72141946e-02],
       [ 7.36356744e-02,  3.40029594e-02,  5.95666157e-02,  5.35568031e-02, -2.65446505e-02],
       [-2.06938784e-03, -6.37310848e-02,  1.87783745e-02,  4.67734437e-02,  5.88202673e-02],
       [ 2.98161678e-02, -3.57236981e-02,  6.31665933e-02, -2.01648490e-02,  8.12182050e-02],
       [ 2.01617369e-03,  5.22333143e-02, -5.77628447e-02, -7.32553261e-02, -6.55911021e-02],
       [-5.60707147e-02, -1.51968049e-02, -3.91623324e-02, -8.71732106e-02,  3.31501241e-02],
       [-6.69413298e-02,  1.23249600e-02, -8.84160077e-02, -1.17931122e-02, -6.48514479e-02],
       [ 3.50569716e-03,  1.33112207e-02, -3.19136126e-02,  5.49261783e-02,  8.45968966e-02],
       [ 6.71162448e-02, -2.22086717e-02,  9.51911363e-02,  1.20533710e-01, -3.50464784e-02],
       [ 9.75178804e-02,  6.99912310e-02,  1.65610073e-02, -2.34789153e-02,  8.44853531e-02],
       [-6.28367261e-02,  6.66929119e-03, -7.55464690e-02, -5.49050095e-02,  3.27919100e-02],
       [-4.80382286e-02, -2.83416542e-02, -2.13376954e-02, -7.55945246e-02, -6.89733828e-02],
       [-3.07955504e-02,  2.89589750e-02, -6.31038815e-02, -9.02496406e-02,  3.38784546e-02]])})
2026-01-20 11:01:46,303 - final_problem_set.kxor_instance_n26_k2_m204_ell2_eps0.2_kappa1.0_rho0.8 - INFO - Running key extraction (n=26, m=204, ell=2, phase_qubits=13)
2026-01-20 11:01:46,308 - final_problem_set.kxor_instance_n26_k2_m204_ell2_eps0.2_kappa1.0_rho0.8 - INFO - Built voting matrix V (n=26, ell=2, dtype=complex128) in 0.005s
2026-01-20 11:01:46,309 - final_problem_set.kxor_instance_n26_k2_m204_ell2_eps0.2_kappa1.0_rho0.8 - INFO - Eval: adv=0.8725, hamming=0/26 (0.000), corr=1.000
2026-01-20 11:01:46,309 - final_problem_set.kxor_instance_n26_k2_m204_ell2_eps0.2_kappa1.0_rho0.8 - INFO - Key extraction complete: x_hat=22
2026-01-20 11:01:46,309 - final_problem_set.kxor_instance_n26_k2_m204_ell2_eps0.2_kappa1.0_rho0.8 - INFO - Finished step 'KeyExtractionStep' in 0.006s (success: True, problem=kxor_instance_n26_k2_m204_ell2_eps0.2_kappa1.0_rho0.8)
2026-01-20 11:01:46,309 - final_problem_set.kxor_instance_n26_k2_m204_ell2_eps0.2_kappa1.0_rho0.8 - INFO - SUCCESS: len(z_hat)=26
2026-01-20 11:01:46,309 - final_problem_set.kxor_instance_n26_k2_m204_ell2_eps0.2_kappa1.0_rho0.8 - INFO - Metrics: adv=0.8725490196078431, ham_frac=0.0, corr=1.0
2026-01-20 11:01:46,309 - final_problem_set.kxor_instance_n26_k2_m204_ell2_eps0.2_kappa1.0_rho0.8 - INFO - z_hat (full): [ 1, -1,  1, -1,  1,  1,  1,  1, -1, -1,  1, -1, -1,  1,  1,  1,  1,  1, -1, -1,  1, -1,  1, -1,  1, -1]
