2026-01-20 11:00:48,905 - final_problem_set.kxor_instance_n19_k2_m158_ell2_eps0.15_kappa0.875_rho0.2 - INFO - Starting iteration for /Users/julian/CodingProjects/UniT3/QuarticSpeedupK-XOR/z_Daphne/data/final_problem_set/kxor_instance_n19_k2_m158_ell2_eps0.15_kappa0.875_rho0.2.npz
2026-01-20 11:00:48,906 - final_problem_set.kxor_instance_n19_k2_m158_ell2_eps0.15_kappa0.875_rho0.2 - INFO - Loaded instance (n=19, m=158, k=2)
2026-01-20 11:00:48,906 - final_problem_set.kxor_instance_n19_k2_m158_ell2_eps0.15_kappa0.875_rho0.2 - INFO - Starting step 'ComputeKikuchiStep' (version 0.1) on problem kxor_instance_n19_k2_m158_ell2_eps0.15_kappa0.875_rho0.2 (fields={'ell': 2, 'threshold': 0.0})
2026-01-20 11:00:48,924 - final_problem_set.kxor_instance_n19_k2_m158_ell2_eps0.15_kappa0.875_rho0.2 - INFO - Finished step 'ComputeKikuchiStep' in 0.018s (success: True, problem=kxor_instance_n19_k2_m158_ell2_eps0.15_kappa0.875_rho0.2)
2026-01-20 11:00:48,924 - final_problem_set.kxor_instance_n19_k2_m158_ell2_eps0.15_kappa0.875_rho0.2 - INFO - Starting step 'ClassicalEigenvaluesStep' (version 0.1) on problem kxor_instance_n19_k2_m158_ell2_eps0.15_kappa0.875_rho0.2 (fields={'ell': 2, 'threshold': 0.0, 'kikuchi_matrix': <Dictionary Of Keys sparse matrix of dtype 'int64'
	with 3332 stored elements and shape (171, 171)>, 'num_eigenvalues': 5})
2026-01-20 11:00:48,988 - final_problem_set.kxor_instance_n19_k2_m158_ell2_eps0.15_kappa0.875_rho0.2 - INFO - Finished step 'ClassicalEigenvaluesStep' in 0.064s (success: True, problem=kxor_instance_n19_k2_m158_ell2_eps0.15_kappa0.875_rho0.2)
2026-01-20 11:00:48,988 - final_problem_set.kxor_instance_n19_k2_m158_ell2_eps0.15_kappa0.875_rho0.2 - INFO - Starting step 'KeyExtractionStep' (version 0.1) on problem kxor_instance_n19_k2_m158_ell2_eps0.15_kappa0.875_rho0.2 (fields={'ell': 2, 'threshold': 0.0, 'kikuchi_matrix': <Dictionary Of Keys sparse matrix of dtype 'int64'
	with 3332 stored elements and shape (171, 171)>, 'num_eigenvalues': 5, 'eigenvalues': array([-10.54005098, -10.05931945,   9.25354834,   9.33675104,  10.84793954]), 'eigenvectors': array([[-1.10142903e-01,  3.69412095e-02, -1.85059176e-03, -1.71416216e-02, -7.08972918e-02],
       [-1.69337985e-04, -1.35544884e-02,  1.20742437e-02, -1.82614467e-02,  7.43233273e-02],
       [-5.87587485e-02, -3.42057565e-02,  4.02079945e-03,  9.04497575e-02,  1.01472794e-02],
       [-5.86783194e-02, -1.39210161e-02, -2.80047874e-02,  2.77866462e-02,  6.74409129e-02],
       [ 8.06927466e-02,  2.43266405e-02,  8.21129879e-02,  1.32676924e-01,  1.00526863e-01],
       [ 6.33596589e-03, -3.95761491e-02, -7.21575487e-02, -3.52797289e-02, -2.44500756e-02],
       [ 6.01446572e-02, -8.12097747e-02,  1.47651846e-02, -1.97247464e-02,  1.09776693e-02],
       [ 8.82021786e-02,  4.85807779e-02, -2.88322363e-02, -6.59670182e-02, -6.22355393e-02],
       [-9.52835691e-02, -3.88693459e-02,  3.12015679e-02,  3.94032499e-02,  2.48311788e-02],
       [ 8.74194566e-02,  6.22269218e-02,  6.70511254e-02,  4.53542249e-02,  4.97263271e-02],
       [ 4.08174025e-02,  1.09094138e-01,  4.32177955e-02,  1.27245189e-01,  7.00998747e-02],
       [ 5.56658931e-02, -2.63253378e-02,  6.80781581e-02,  7.66646770e-02,  5.31763443e-02],
       [-9.84489813e-02, -1.81164581e-04,  5.54702745e-02, -8.06528974e-02,  1.90324519e-02],
       [ 1.21410033e-02, -9.14358334e-02, -7.78145931e-02, -3.46419749e-02, -1.06830703e-01],
       [ 4.15774459e-02, -3.14660074e-02,  9.52168089e-02,  4.84633807e-02,  2.69637396e-02],
       [-1.04480944e-02,  7.32689365e-02, -9.64490354e-02, -9.75881673e-02, -1.06150343e-01],
       [ 1.07429105e-01,  3.80511840e-02, -9.69436754e-02, -1.15772559e-01, -1.05087132e-01],
       [-1.03091686e-01, -5.03856529e-02,  1.63248161e-02,  5.25991056e-02,  1.24459600e-02],
       [ 1.14164286e-02,  5.48225537e-02, -7.77468160e-02, -8.12202568e-02,  6.01267696e-02],
       [ 1.16306580e-01, -1.22809264e-02, -4.56686242e-02,  6.58289244e-02,  2.41354574e-02],
       [ 5.52967027e-02, -3.72528805e-02, -1.20204091e-01, -5.62954697e-02,  5.17509408e-02],
       [-1.10357059e-01,  7.51872602e-02, -1.08377940e-01, -5.29444749e-02,  1.26363385e-01],
       [ 3.61340358e-03,  3.99212058e-02, -5.95865911e-02,  3.43614790e-02, -4.89610644e-02],
       [-3.41842866e-02,  1.50391306e-01,  5.44416475e-03, -4.07654166e-02,  1.12725509e-02],
       [-1.59276217e-01,  3.90932458e-02,  1.03632936e-01,  3.98871631e-02, -7.65930489e-02],
       [ 1.35249611e-01, -5.36595040e-02,  3.06121828e-03, -1.40804851e-02,  3.30677931e-02],
       [-1.96347110e-01,  2.20197952e-02, -7.36776623e-03, -3.74964701e-02,  7.32742848e-02],
       [-1.28708634e-01, -1.18942548e-01, -1.18356793e-01, -9.57975188e-03,  1.02223321e-01],
       [-5.85306013e-02,  9.40988084e-02, -4.49902537e-02, -1.69599636e-02,  1.00914348e-01],
       [ 1.35981602e-01, -1.38131264e-01,  7.17733524e-02, -9.05086753e-02,  5.83257793e-03],
       [ 2.96138496e-02,  1.24084475e-01,  7.37476747e-02,  1.01911865e-01, -1.02894242e-01],
       [-4.59178689e-02,  9.16490740e-02,  7.30440871e-02, -2.51950257e-02,  6.05753072e-02],
       [-1.80569615e-02, -1.14386201e-01,  9.57779323e-02,  1.01640571e-01, -1.34151245e-01],
       [-1.46010532e-01,  9.20914775e-02,  8.90524122e-02,  7.92638431e-02, -1.22683484e-01],
       [ 1.36564086e-01, -5.35427121e-02, -9.83197670e-03,  5.12671393e-02,  2.25458149e-02],
       [-7.85768680e-03, -2.77588686e-03,  6.28496648e-02, -5.75181011e-02, -3.87271936e-02],
       [ 1.51604974e-02,  1.74492863e-02,  1.19609190e-01,  7.91438480e-02, -6.44625047e-02],
       [ 4.47775915e-04, -2.60012430e-02,  8.79790392e-02,  1.18216835e-01, -1.40451430e-01],
       [-3.72454824e-03,  9.27279472e-03,  7.67857157e-02, -7.94369056e-02,  5.63622821e-02],
       [-1.79549081e-02, -2.52389123e-02, -1.43154531e-02,  3.39209262e-02, -1.31300866e-02],
       [ 4.78344464e-03, -6.22190842e-03, -8.73354601e-02, -7.62539134e-02,  7.47734945e-02],
       [-8.55326440e-03,  2.74139609e-02,  8.72306915e-04,  3.83487968e-02, -4.93674197e-02],
       [ 2.13077976e-02, -3.12262088e-03, -1.55124690e-02,  7.10476983e-02, -5.83520413e-02],
       [ 1.70326263e-02,  7.32394990e-03,  1.32064809e-01,  4.93584963e-02, -1.35696956e-01],
       [-2.14856844e-03, -3.79352593e-02,  2.40130114e-02,  6.17651881e-02, -7.80360413e-02],
       [ 2.88020514e-02,  1.84862073e-02, -9.03799645e-02,  9.58190242e-02,  9.45286053e-03],
       [-8.32784871e-05, -1.92078520e-02, -3.78385351e-02, -1.59158777e-01,  8.64539577e-02],
       [-1.28510711e-02, -1.05175386e-02, -9.80807244e-02,  6.72292565e-02, -5.77247119e-02],
       [ 2.13363983e-02,  2.52812532e-03, -6.27137503e-02, -1.82512474e-01,  1.30315055e-01],
       [-2.26954121e-02, -3.61327517e-02, -5.73139438e-02, -1.58184343e-01,  1.21049705e-01],
       [-1.82344134e-03,  3.68834263e-02,  2.31810349e-02, -4.74733037e-02, -2.98866700e-02],
       [ 5.05093513e-02,  2.69133553e-02,  4.91673503e-02, -6.42573696e-02, -1.89699698e-02],
       [-6.07759017e-02, -3.02441678e-02,  3.11978359e-02, -1.50831227e-01, -1.30393202e-02],
       [ 1.01777087e-02,  4.95000026e-02,  2.90162247e-02,  7.63807479e-02,  9.50193319e-03],
       [-6.10196081e-02,  5.54394391e-02, -6.62747169e-03,  2.11287363e-03, -1.35937233e-03],
       [-4.74232177e-02, -3.22218394e-02, -4.01459624e-02,  9.45354573e-02,  2.34391338e-02],
       [ 8.51083517e-02,  4.47606848e-02, -2.91977217e-03, -4.76903338e-02,  2.69171482e-04],
       [-7.09296621e-02, -5.45104660e-02,  2.24540716e-02, -8.69928700e-02, -2.36427769e-02],
       [-2.68797724e-02, -8.73014600e-02,  1.85306012e-02, -1.21942452e-01, -4.78664881e-03],
       [-7.32817089e-02,  1.27250664e-02,  1.69858126e-02, -1.13763383e-01, -2.48939595e-02],
       [ 8.63907322e-02,  1.77838949e-02, -1.34745325e-03,  1.06390662e-02, -1.55182345e-02],
       [-2.47120129e-02,  6.92257373e-02, -4.69603421e-02,  1.27509752e-01,  4.96745416e-02],
       [-5.26662372e-02,  2.02864547e-02, -2.73359545e-02, -7.92453072e-02, -1.00123586e-02],
       [ 5.93276428e-03, -5.88056690e-02, -3.83545708e-02,  1.72736502e-01,  4.20219316e-02],
       [-1.09660725e-01, -5.30947537e-02, -3.77988503e-02,  1.84584894e-01,  4.00854256e-02],
       [ 1.15356456e-01,  6.87085516e-02,  6.64957427e-04, -1.54362425e-02,  2.30051470e-03],
       [-4.34375478e-02,  1.41634658e-04,  1.59495827e-01,  3.66049024e-02, -9.52331845e-02],
       [ 5.38698428e-03,  2.32607069e-02,  3.38241092e-02, -2.06073736e-02,  4.48910781e-02],
       [-2.05825173e-02,  5.46283766e-02, -2.75127047e-02,  2.99383495e-02, -1.38411912e-03],
       [-6.65912189e-02, -2.84157023e-02, -1.35890247e-01, -2.65769716e-02,  6.40697350e-02],
       [ 7.42519403e-02,  1.22957676e-02,  1.80638833e-02,  1.80266553e-02, -3.36884920e-02],
       [-1.09091781e-01, -5.81054085e-02,  5.55492634e-02,  3.59742448e-02, -8.34195426e-02],
       [-5.70429019e-02, -7.39620147e-02,  1.56831589e-01,  1.73370991e-03, -8.36018957e-02],
       [-4.96211255e-02,  4.15219692e-02,  1.03384520e-01,  8.13780999e-04, -9.85007334e-02],
       [ 5.68502526e-02, -3.82798271e-03, -3.89754612e-02,  1.00566728e-01, -1.28101946e-02],
       [ 2.02540769e-03,  7.23732741e-02, -1.36241171e-01, -7.74717033e-02,  9.33509014e-02],
       [-3.36660992e-02,  3.59556734e-02, -3.56298205e-02,  1.08798141e-02, -5.55306419e-02],
       [-1.41311709e-02, -4.84623252e-02, -1.60351855e-01, -6.86668300e-02,  1.06221241e-01],
       [-7.72794390e-02, -5.46543946e-03, -1.69312648e-01, -5.90543956e-02,  1.27217079e-01],
       [ 6.93459581e-02,  7.98676810e-03,  4.02829074e-02, -3.79176506e-02, -2.77863240e-02],
       [ 5.37173798e-03, -4.89223896e-02,  1.50836909e-01,  3.38608617e-02,  6.72787365e-02],
       [ 6.39100600e-02, -1.11752088e-01, -2.55965221e-02,  5.21414886e-02, -1.55707061e-02],
       [ 8.26630734e-02,  3.32348808e-02, -5.64847821e-02,  3.44101604e-02,  9.98392766e-02],
       [-7.65674510e-02, -2.22057144e-02, -3.13230909e-02, -2.03416978e-02, -4.80588366e-02],
       [ 1.12931217e-01,  6.91987042e-02, -7.97348042e-02, -2.10770834e-02, -1.16792814e-01],
       [ 4.58974280e-02,  1.48252844e-01,  6.65338275e-02, -1.46864580e-01, -1.47638819e-01],
       [ 6.53400501e-02, -4.90964833e-02, -4.97226732e-02, -9.74103463e-02, -1.38852110e-01],
       [-1.30788361e-01,  4.18128782e-02, -9.98080440e-02,  1.90326169e-01, -2.68074847e-02],
       [ 4.89462663e-03, -1.11846939e-01, -2.19734337e-03, -5.99816435e-02,  1.70391939e-01],
       [ 7.01786777e-02, -5.89738343e-02, -1.83867448e-01, -4.93153243e-02, -5.45216755e-02],
       [-1.64889068e-02,  9.47831884e-02,  1.28904668e-02,  2.44823084e-02,  1.84180081e-01],
       [ 1.07962841e-01,  1.22688006e-02,  1.58917878e-02,  5.68145207e-02,  1.95549772e-01],
       [-8.39142794e-02, -2.99807707e-02, -5.65638021e-03, -9.21216629e-02, -2.49747284e-02],
       [-1.36033576e-02,  5.54886611e-03,  3.50450608e-03, -2.13769648e-02,  8.71598726e-03],
       [-1.18548073e-02, -7.12626225e-02, -8.13895968e-02, -1.19555753e-02, -5.01336227e-02],
       [-1.65834940e-02,  5.76786353e-02,  3.59338873e-02,  9.87218549e-03,  1.51532646e-02],
       [ 1.09237028e-02, -8.23807036e-02,  1.05924838e-01, -5.56626158e-03,  3.53982261e-02],
       [ 1.60633578e-02, -5.53127372e-02,  1.07876395e-01,  6.67079774e-02,  5.74980101e-02],
       [ 5.11159542e-03, -2.40965089e-02,  1.22504545e-01,  2.39903841e-02,  4.17457181e-02],
       [ 1.68151953e-02,  5.67550840e-02,  3.91033175e-02, -8.73098695e-02,  1.01740214e-02],
       [-2.24556532e-03,  2.22415970e-02, -1.43705012e-01,  5.20174681e-02, -6.83985382e-02],
       [-5.08984560e-03, -1.30398665e-02,  8.08619128e-02,  1.36087951e-02,  1.34610923e-02],
       [ 1.42698350e-02, -1.58944453e-02, -1.60413697e-01,  9.29055257e-04, -5.49403461e-02],
       [ 1.77146085e-02, -6.71769596e-02, -1.62014512e-01, -3.90043032e-03, -5.23993908e-02],
       [-2.03432279e-02,  6.31167982e-02,  3.33973222e-02,  4.28138875e-02,  1.83804817e-02],
       [ 8.56446955e-02, -9.78463107e-02,  1.41158548e-02, -2.88268417e-02,  1.10958809e-02],
       [-9.15525659e-02,  1.20671671e-01, -7.97174308e-03,  2.50837892e-02, -7.09021655e-03],
       [ 1.24324670e-01, -1.14901660e-01, -1.08383420e-02,  2.71215708e-02, -1.81332156e-02],
       [ 9.18091877e-02,  8.75268681e-03, -3.22561508e-02,  5.79612019e-02, -1.09660247e-02],
       [ 3.10103928e-02, -9.57802219e-02, -2.46868465e-02,  2.29822541e-02, -2.31052524e-02],
       [-4.74189850e-02,  1.57263360e-01,  6.66090378e-03,  6.91317666e-03, -7.03415341e-03],
       [-2.15601323e-02, -5.45183827e-02,  1.62478734e-02, -2.93931997e-02,  9.65386843e-03],
       [ 1.47174024e-02, -8.96342213e-02, -4.40596152e-03,  1.45424067e-02, -7.56872823e-03],
       [ 3.15011499e-02,  3.81231065e-02,  3.15300811e-02, -6.29641255e-02,  3.47343700e-02],
       [ 8.62355776e-02, -1.60325262e-01,  2.68109244e-02, -6.02103884e-02,  2.44503393e-02],
       [-9.43850369e-02,  1.29681537e-01, -1.19713291e-03,  6.63468533e-04, -2.65257121e-03],
       [-1.06405033e-01, -5.11731427e-02, -1.28042726e-03,  1.05587401e-02,  4.66561554e-02],
       [ 1.09554958e-01,  8.75308714e-02,  2.26829410e-02,  2.86550251e-03,  5.98860920e-02],
       [ 3.75914093e-02,  1.41517433e-01, -8.65644886e-02,  6.89923993e-02,  9.83463144e-02],
       [ 1.01142254e-01, -3.18700759e-02, -4.11028047e-03,  4.30228973e-02,  7.90927698e-02],
       [-1.28072565e-01, -1.06027427e-02,  5.82170963e-02, -1.09306750e-01,  8.81855927e-03],
       [ 3.34378375e-02, -1.12239356e-01,  4.31433194e-02,  3.92611929e-02, -9.18268222e-02],
       [ 7.53755045e-02, -3.78487452e-02,  1.07824474e-01,  2.67478597e-02,  4.16140033e-02],
       [-7.13488001e-03,  9.79716189e-02,  4.38437377e-02,  2.27841193e-03, -1.02000245e-01],
       [ 1.51063033e-01,  6.49799326e-02,  4.46906752e-02, -1.46264189e-02, -1.29772675e-01],
       [-1.42528084e-01, -7.92361775e-02, -8.07416928e-03,  5.62000915e-02,  2.15060768e-02],
       [-1.19519228e-01, -8.59059040e-02, -2.28003918e-02, -1.26442998e-02, -3.53439457e-02],
       [-4.31287202e-02, -1.56053397e-01, -2.13650635e-02, -3.88533102e-02, -3.18479566e-02],
       [-8.31005402e-02,  4.11834051e-02, -3.58332960e-02, -2.87839684e-02, -4.62886663e-02],
       [ 1.76055261e-01, -2.05988283e-02, -2.63439601e-02,  5.89432285e-02, -1.75356935e-02],
       [-4.45492054e-03,  1.31889395e-01,  3.51281650e-02, -4.34016781e-02,  8.43079370e-02],
       [-8.29020093e-02,  5.26697727e-02, -5.57181344e-02, -1.43117517e-02, -2.40807563e-02],
       [ 3.21005040e-02, -1.09220025e-01,  3.41245931e-02,  7.36841296e-03,  6.75188078e-02],
       [-1.54429009e-01, -4.34499317e-02,  3.85341609e-02,  1.81856861e-02,  6.43917484e-02],
       [ 1.05220870e-01,  5.51924521e-02, -1.27184663e-02, -3.20775962e-02, -6.24886244e-03],
       [ 2.58937495e-02,  1.85975826e-01, -2.02826660e-02, -8.67964616e-02, -1.23814917e-01],
       [ 1.07152404e-01, -2.40069817e-02, -9.50390707e-02, -2.50802254e-02, -6.61293176e-02],
       [-1.82567571e-01, -2.90784099e-02, -6.59347886e-02,  1.04912325e-01,  4.13000270e-03],
       [ 3.69709733e-02, -1.43530630e-01,  9.92099205e-02, -7.85300725e-02,  9.49682608e-02],
       [ 9.36409126e-02, -3.97379015e-02, -1.39045403e-01, -4.40467788e-03, -3.32433029e-02],
       [-4.61447101e-02,  1.09408111e-01,  9.87426099e-02, -2.50636283e-02,  9.75338304e-02],
       [ 1.62786357e-01,  9.93917526e-02,  1.08932755e-01, -9.80424917e-03,  1.02791775e-01],
       [-1.38239347e-01, -1.11380906e-01, -6.08575874e-03, -5.95840423e-02, -2.17611476e-02],
       [ 6.58908616e-02,  7.35156715e-02,  1.39256583e-02, -1.17663355e-01, -1.13705396e-01],
       [-1.19195182e-01, -1.68426268e-01, -6.47187283e-02,  1.28376717e-01, -5.30616114e-02],
       [ 3.77923684e-02, -4.50813527e-02, -8.08907709e-02,  2.72397689e-02,  2.09340232e-01],
       [ 6.41222839e-02,  4.32683379e-02, -1.38165013e-01, -9.15304605e-02, -7.01554583e-02],
       [-4.25533281e-02,  3.95307725e-02, -6.54953174e-02,  1.14937233e-01,  1.77486069e-01],
       [ 7.72141443e-02,  1.97303856e-01, -6.42754509e-02,  1.44134615e-01,  1.79428560e-01],
       [-5.36215315e-02, -1.78206592e-01, -7.09213346e-03, -6.87127762e-02, -1.83878229e-02],
       [-1.02301585e-01,  1.12414421e-01, -8.78183766e-02,  1.21603506e-01, -9.61109756e-03],
       [-1.65456878e-02, -7.12427342e-02,  5.29919625e-02, -1.67253563e-02,  1.13615613e-01],
       [ 3.33132188e-02, -6.86640511e-02, -1.59951776e-01, -4.30795053e-02, -3.92629678e-02],
       [-3.26898375e-03,  7.97051811e-02,  6.67199631e-02,  3.99163549e-02,  1.19528087e-01],
       [ 8.37717022e-02, -6.95005595e-02,  7.37875861e-02,  6.08866721e-02,  1.23655483e-01],
       [-7.13289261e-02,  4.11501054e-02, -7.11418983e-03, -6.34667693e-02, -2.11692633e-02],
       [-1.29189035e-02,  1.68750028e-01,  1.12192287e-01, -1.64940308e-01, -1.76648152e-02],
       [-4.71045839e-02,  8.29098837e-02, -3.55097920e-02,  8.88156133e-02, -6.88749738e-03],
       [-3.93917478e-02, -1.11684652e-01,  1.17728645e-01, -2.14468076e-01,  8.90679850e-04],
       [-1.54561937e-01,  3.59808371e-02,  1.38893299e-01, -2.27465938e-01,  2.65072003e-02],
       [ 1.91520608e-01, -1.20343686e-02, -1.04094238e-02,  1.03396826e-04, -9.99632208e-03],
       [-5.62531300e-03, -5.95378664e-02,  1.67868216e-01, -1.82371501e-02,  5.30249835e-02],
       [ 6.16860497e-03,  9.00936019e-03, -3.67003030e-02,  1.44275884e-01, -1.63480366e-01],
       [ 1.89963855e-02, -1.64907341e-01, -4.10648005e-02,  1.22632666e-01, -1.76228606e-01],
       [-5.47158704e-03,  1.42707172e-01, -4.50919413e-03,  8.55045680e-02,  4.54956155e-02],
       [ 2.04146881e-02,  4.96168461e-02,  2.17259897e-01,  1.99657576e-02,  6.77322593e-02],
       [ 6.20304122e-02, -7.12926763e-02,  2.11279086e-01,  2.95079174e-02,  5.65443674e-02],
       [-8.53018864e-02,  5.49603234e-02, -3.80405276e-02, -4.74421096e-02, -1.42462151e-02],
       [-3.39471728e-04,  1.36223229e-01, -4.98428259e-02,  3.61642873e-02, -1.93370131e-01],
       [ 3.97794399e-02, -1.15601677e-01,  9.37088215e-03,  1.01418064e-01,  6.03046329e-02],
       [-1.40011900e-01, -4.87742582e-02,  1.59124517e-02,  1.17202796e-01,  5.95847358e-02]])})
2026-01-20 11:00:48,990 - final_problem_set.kxor_instance_n19_k2_m158_ell2_eps0.15_kappa0.875_rho0.2 - INFO - Running key extraction (n=19, m=158, ell=2, phase_qubits=12)
2026-01-20 11:00:48,992 - final_problem_set.kxor_instance_n19_k2_m158_ell2_eps0.15_kappa0.875_rho0.2 - INFO - Built voting matrix V (n=19, ell=2, dtype=complex128) in 0.002s
2026-01-20 11:00:48,992 - final_problem_set.kxor_instance_n19_k2_m158_ell2_eps0.15_kappa0.875_rho0.2 - INFO - Eval: adv=0.3165, hamming=2/19 (0.105), corr=0.789
2026-01-20 11:00:48,992 - final_problem_set.kxor_instance_n19_k2_m158_ell2_eps0.15_kappa0.875_rho0.2 - INFO - Key extraction complete: x_hat=17
2026-01-20 11:00:48,992 - final_problem_set.kxor_instance_n19_k2_m158_ell2_eps0.15_kappa0.875_rho0.2 - INFO - Finished step 'KeyExtractionStep' in 0.002s (success: True, problem=kxor_instance_n19_k2_m158_ell2_eps0.15_kappa0.875_rho0.2)
2026-01-20 11:00:48,992 - final_problem_set.kxor_instance_n19_k2_m158_ell2_eps0.15_kappa0.875_rho0.2 - INFO - SUCCESS: len(z_hat)=19
2026-01-20 11:00:48,992 - final_problem_set.kxor_instance_n19_k2_m158_ell2_eps0.15_kappa0.875_rho0.2 - INFO - Metrics: adv=0.31645569620253167, ham_frac=0.10526315789473684, corr=0.7894736842105263
2026-01-20 11:00:48,992 - final_problem_set.kxor_instance_n19_k2_m158_ell2_eps0.15_kappa0.875_rho0.2 - INFO - z_hat (full): [ 1,  1, -1, -1, -1, -1,  1, -1,  1, -1, -1, -1, -1, -1,  1, -1,  1,  1, -1]
