2026-01-20 11:01:31,466 - final_problem_set.kxor_instance_n24_k2_m225_ell2_eps0.2_kappa0.875_rho0.0 - INFO - Starting iteration for /Users/julian/CodingProjects/UniT3/QuarticSpeedupK-XOR/z_Daphne/data/final_problem_set/kxor_instance_n24_k2_m225_ell2_eps0.2_kappa0.875_rho0.0.npz
2026-01-20 11:01:31,466 - final_problem_set.kxor_instance_n24_k2_m225_ell2_eps0.2_kappa0.875_rho0.0 - INFO - Loaded instance (n=24, m=225, k=2)
2026-01-20 11:01:31,466 - final_problem_set.kxor_instance_n24_k2_m225_ell2_eps0.2_kappa0.875_rho0.0 - INFO - Starting step 'ComputeKikuchiStep' (version 0.1) on problem kxor_instance_n24_k2_m225_ell2_eps0.2_kappa0.875_rho0.0 (fields={'ell': 2, 'threshold': 0.0})
2026-01-20 11:01:31,501 - final_problem_set.kxor_instance_n24_k2_m225_ell2_eps0.2_kappa0.875_rho0.0 - INFO - Finished step 'ComputeKikuchiStep' in 0.035s (success: True, problem=kxor_instance_n24_k2_m225_ell2_eps0.2_kappa0.875_rho0.0)
2026-01-20 11:01:31,501 - final_problem_set.kxor_instance_n24_k2_m225_ell2_eps0.2_kappa0.875_rho0.0 - INFO - Starting step 'ClassicalEigenvaluesStep' (version 0.1) on problem kxor_instance_n24_k2_m225_ell2_eps0.2_kappa0.875_rho0.0 (fields={'ell': 2, 'threshold': 0.0, 'kikuchi_matrix': <Dictionary Of Keys sparse matrix of dtype 'int64'
	with 6908 stored elements and shape (276, 276)>, 'num_eigenvalues': 5})
2026-01-20 11:01:31,639 - final_problem_set.kxor_instance_n24_k2_m225_ell2_eps0.2_kappa0.875_rho0.0 - INFO - Finished step 'ClassicalEigenvaluesStep' in 0.138s (success: True, problem=kxor_instance_n24_k2_m225_ell2_eps0.2_kappa0.875_rho0.0)
2026-01-20 11:01:31,639 - final_problem_set.kxor_instance_n24_k2_m225_ell2_eps0.2_kappa0.875_rho0.0 - INFO - Starting step 'KeyExtractionStep' (version 0.1) on problem kxor_instance_n24_k2_m225_ell2_eps0.2_kappa0.875_rho0.0 (fields={'ell': 2, 'threshold': 0.0, 'kikuchi_matrix': <Dictionary Of Keys sparse matrix of dtype 'int64'
	with 6908 stored elements and shape (276, 276)>, 'num_eigenvalues': 5, 'eigenvalues': array([-11.36774889,  11.2519467 ,  11.37631269,  11.86941852,  12.27038933]), 'eigenvectors': array([[-5.05486354e-02,  2.82048310e-02, -9.69248064e-02, -1.12246947e-01,  1.01854527e-01],
       [-1.59327557e-01,  5.51371594e-02, -2.68387061e-02, -6.79071500e-02, -2.28980826e-02],
       [-1.27332785e-01, -1.11378734e-01, -4.30138103e-03,  4.85035361e-02, -9.15618313e-02],
       [-2.55227723e-02,  4.81658529e-02, -8.20402292e-02, -1.10618619e-01, -2.26910090e-02],
       [ 1.34963072e-01,  1.13804880e-01,  5.10379596e-02,  1.66183328e-02,  9.83112767e-02],
       [ 2.08006535e-02,  1.25436053e-01,  3.10813468e-02, -1.82934369e-02, -1.19792060e-01],
       [ 3.19515240e-02, -7.08660580e-02, -6.29282055e-02, -5.49838611e-02,  7.03708647e-02],
       [ 1.03413211e-01, -1.18291740e-01, -1.60658788e-02,  1.15073234e-02,  3.18922656e-02],
       [ 1.01868380e-01, -6.32188128e-02, -5.00055283e-02, -5.68352369e-02, -8.30875336e-02],
       [-2.60942801e-02,  4.01092974e-02,  5.53413674e-02,  2.63055149e-02,  1.28897020e-01],
       [ 5.78459592e-02,  2.23184168e-02, -4.39605083e-02, -4.86731996e-02,  5.03340430e-02],
       [ 5.50055062e-03,  1.41156074e-01,  5.91951809e-02,  1.44460838e-02,  1.51919621e-02],
       [ 2.65110885e-02,  5.56783454e-02, -7.38429466e-02, -1.39245029e-01, -3.67612318e-03],
       [-1.10979354e-01,  8.12977328e-02,  8.69999331e-02,  8.37009410e-02, -6.37824693e-02],
       [-2.43885239e-03,  3.61275147e-02,  3.13399692e-02,  2.76116927e-02, -1.42422096e-01],
       [-4.56737725e-02, -4.29035047e-02, -1.82431998e-02, -1.78108304e-02,  1.16630166e-01],
       [ 1.15142502e-02,  8.66771221e-02, -3.65510889e-02, -5.84237110e-02,  8.78058239e-02],
       [-1.40191495e-01, -1.01250179e-01,  4.90787284e-02,  6.05415661e-02,  9.82959711e-02],
       [-7.70905737e-02,  7.08893695e-02, -5.83933293e-02, -8.93311072e-02,  9.73695511e-02],
       [-2.75086877e-02, -3.03476324e-02, -8.45537111e-02, -9.07151941e-02,  6.24815542e-02],
       [ 9.38033167e-02, -7.50426205e-02,  4.17028879e-02,  8.11840369e-02, -3.09079829e-02],
       [-1.94216261e-02, -2.76245464e-02, -4.29131099e-02, -5.79893115e-02, -8.11484343e-02],
       [ 2.10994489e-02,  2.02136860e-02, -1.71571485e-02, -2.65678889e-02,  9.70293072e-02],
       [-2.02990461e-01, -7.44914009e-02,  6.51269799e-02,  7.29596068e-02,  2.77800622e-02],
       [-1.47497807e-01,  1.13045564e-01,  1.72432618e-02, -5.00534942e-02,  8.97936762e-02],
       [-3.98406153e-02, -4.56855607e-02,  9.04638557e-02,  1.05094040e-01,  4.62521984e-02],
       [ 1.58015194e-01, -1.28425407e-01, -7.21230262e-02, -5.10357036e-03, -1.18099534e-01],
       [ 1.90971835e-02, -1.39481569e-01, -2.02792550e-02,  5.34608509e-03,  1.15045938e-01],
       [ 3.44424519e-02,  7.10985363e-02,  9.02869686e-02,  5.18639460e-02, -5.97587474e-02],
       [ 1.13416501e-01,  1.23464519e-01,  2.39884301e-02, -1.93010099e-02, -2.87955488e-02],
       [ 1.35579283e-01,  5.43891540e-02,  1.12466868e-01,  4.77339855e-02,  8.47868188e-02],
       [-3.82521751e-02, -5.36748507e-02, -4.89406974e-02, -1.60504942e-02, -1.65371437e-01],
       [ 7.41642710e-02, -1.85862980e-02,  5.11176737e-02,  7.43810433e-02, -5.07600515e-02],
       [ 9.12205605e-03, -1.52790808e-01, -7.41546340e-02, -5.89267086e-03, -2.94919688e-02],
       [ 2.49105272e-02, -6.51328770e-02,  1.19964386e-01,  1.40583021e-01,  2.33356488e-02],
       [-1.12406144e-01, -8.24195532e-02, -1.35399668e-01, -9.68117713e-02,  5.33852670e-02],
       [ 2.78983955e-03, -4.92700319e-02, -1.83910257e-02, -5.05976145e-02,  1.48734422e-01],
       [-7.15568799e-02,  5.10409323e-02,  2.77044135e-02,  3.96967487e-02, -1.36994606e-01],
       [ 1.35236621e-02, -7.44240601e-02,  1.57265447e-02,  5.28573520e-02, -6.50718328e-02],
       [-1.60335817e-01,  9.98076046e-02, -3.17171230e-02, -4.86438873e-02, -1.35073301e-01],
       [-9.30879036e-02, -7.15354386e-02,  6.53080536e-02,  1.02975463e-01, -8.95653758e-02],
       [-3.40571980e-02,  3.26202284e-02,  1.29736455e-01,  1.14849549e-01, -5.48420247e-02],
       [ 1.08899037e-01,  7.84485676e-02, -5.32895440e-02, -7.28696985e-02,  1.67612431e-02],
       [-2.94612563e-02,  1.66770279e-02,  1.05268021e-01,  6.16286804e-02,  8.04239157e-02],
       [ 2.77654617e-02, -2.10233726e-02,  7.87087331e-03,  3.00670466e-02, -8.67880420e-02],
       [-1.34870534e-01,  2.59684494e-02,  4.79068893e-02, -6.68791994e-02,  2.18028769e-03],
       [ 7.53455235e-03, -5.77208262e-02,  8.76640141e-02, -2.29697215e-03,  3.07475736e-02],
       [ 1.30826637e-02, -1.38207385e-02, -9.75430569e-02,  7.88004670e-02, -1.54357383e-02],
       [ 4.67143378e-03, -2.70126167e-02,  2.01653671e-03, -4.75278792e-02,  2.60397092e-02],
       [ 1.10151924e-01, -2.09700446e-02,  5.18781406e-02,  3.92884280e-02,  5.72664375e-03],
       [ 9.38244113e-02,  2.65901344e-02,  1.48999817e-02,  7.02454005e-03, -7.85638313e-03],
       [ 4.75159950e-02, -1.82349888e-03,  8.13368013e-02, -4.74388781e-02,  2.11729881e-02],
       [-1.83434834e-01, -2.88126561e-04, -9.52825987e-02,  8.83600728e-02, -2.91718228e-02],
       [-5.85546225e-02, -2.52768372e-02,  2.00010893e-02,  3.12668427e-02,  3.54989249e-03],
       [ 2.34081096e-02, -7.40116376e-03, -8.09668584e-02,  1.30164543e-02, -7.07467196e-03],
       [-3.94862252e-02, -6.62729755e-02,  7.57376396e-02,  1.24652901e-05,  3.94468500e-02],
       [-8.34767345e-02,  4.49236025e-02, -8.23399101e-02, -2.49621659e-02, -2.37231727e-02],
       [-5.25763923e-02,  1.10037609e-02,  4.23356512e-03, -9.21461323e-02,  2.95733617e-02],
       [-8.70927880e-02,  8.87369999e-04, -1.67626472e-02,  7.18979713e-02, -2.13365740e-02],
       [ 1.08656185e-01, -4.36425060e-02, -3.15675358e-03,  6.66262371e-02, -2.64875345e-03],
       [-1.01378696e-01,  4.54116597e-02, -6.31880383e-02,  4.01035129e-02, -3.28354592e-02],
       [-1.80313262e-03, -7.78215210e-02,  2.32617114e-02,  9.01256440e-02,  1.16092101e-02],
       [-8.43809779e-02, -5.25486678e-02,  8.25199280e-02,  4.94580283e-02,  1.89595555e-02],
       [ 1.04696384e-02,  4.45046287e-02, -2.29527622e-02, -2.11125645e-02, -2.24060437e-02],
       [-1.31894022e-01, -2.14680097e-02,  8.54613844e-02, -3.94019567e-02,  2.72018317e-02],
       [ 7.19303946e-02, -2.01572490e-02, -2.04108741e-02,  5.86468840e-02,  1.80678911e-03],
       [-4.96657565e-03,  5.97527704e-02,  4.00585216e-02, -7.72331354e-02,  4.35917753e-03],
       [ 6.57562868e-02,  1.13609837e-01,  1.14884230e-02,  2.95205883e-02,  5.05009370e-02],
       [ 3.04725013e-02,  1.08456449e-02,  8.61959784e-02, -4.85619753e-02, -8.69613545e-02],
       [ 7.43417634e-02,  1.39615032e-02, -3.98138519e-02, -2.62965420e-02,  7.33833439e-02],
       [ 1.22158567e-01, -5.64239129e-02, -3.98997956e-02,  1.73833532e-02,  2.84089438e-02],
       [ 7.29393256e-02, -5.84637674e-02,  1.12696414e-02, -5.37858791e-02, -3.25394321e-02],
       [-1.26191415e-01,  7.23880092e-02, -2.58355630e-02,  4.02734054e-02,  6.75034563e-02],
       [-9.10117176e-03,  7.06344814e-02, -7.99828185e-03, -2.31377121e-02,  4.97597172e-02],
       [ 3.07688051e-02,  6.64270543e-02,  4.09603570e-02,  1.16456907e-02, -1.04247961e-02],
       [-3.71259803e-03,  5.87649357e-02,  7.58837754e-02, -1.04624693e-01,  2.82354106e-02],
       [-8.99773096e-02, -1.35214255e-02,  3.30011464e-02,  6.32529014e-02, -9.00372546e-02],
       [-4.29356939e-02, -8.48634793e-02,  6.33398403e-02, -2.13672736e-02, -9.55982818e-02],
       [-7.87177073e-02,  5.04856025e-02, -4.59156018e-02,  2.23524858e-02,  7.75895884e-02],
       [ 8.04488789e-02,  1.08815244e-01,  6.39374120e-03, -1.22644326e-02,  4.98657135e-02],
       [-1.17835110e-01, -2.93722327e-02, -7.47021314e-02,  6.12323414e-02,  6.09724446e-02],
       [-3.02066049e-02,  1.27083908e-01,  2.15094853e-02, -3.31294240e-02,  7.09091488e-02],
       [-6.57168410e-02,  5.38909976e-02, -1.55002974e-02, -5.66399666e-02,  7.34170569e-02],
       [ 3.55554367e-02, -6.08480427e-02, -3.89294009e-02,  4.81407500e-02, -2.76880247e-02],
       [-1.00052502e-01, -3.04424366e-02,  1.40482004e-02, -5.96229041e-02, -3.03080835e-02],
       [ 6.63831329e-02,  6.66089687e-02, -1.25772406e-02, -1.63694664e-03,  6.94863156e-02],
       [-2.17416410e-02, -5.30337800e-02, -1.02292974e-01,  6.76095992e-02, -2.94314211e-02],
       [ 2.98559160e-03, -6.37867548e-02,  1.38337850e-02, -7.35354163e-02,  2.54989545e-02],
       [ 1.76415813e-02,  9.20350901e-03,  7.83182008e-02,  6.03495098e-02,  1.08885855e-02],
       [ 1.01794755e-02,  4.52469674e-02,  3.41083342e-02,  1.69583758e-02, -1.33954181e-03],
       [-1.13335421e-02,  1.45135959e-02,  1.13443644e-01, -4.74575833e-02,  2.72719452e-02],
       [-3.33528313e-02, -2.39325056e-02, -9.04995905e-02,  8.05014783e-02, -4.44754748e-02],
       [-1.65817518e-02, -1.16831362e-02,  2.64909244e-02,  5.95459269e-02,  9.22637992e-03],
       [ 2.59623751e-03, -4.96390609e-02, -8.88374983e-02, -3.19696313e-03, -2.15522066e-02],
       [-9.35846904e-03, -6.11685534e-02,  1.39111064e-01,  2.23911337e-02,  5.11061996e-02],
       [ 3.45616128e-04,  1.69340169e-03, -1.51416803e-01, -6.87723626e-02, -3.31784053e-02],
       [-1.07064581e-02, -1.46921473e-02,  3.66786723e-02, -1.39821318e-01,  1.26872996e-02],
       [-9.79315561e-03,  1.84442422e-02, -4.17591962e-03,  1.00008987e-01, -2.11444066e-02],
       [ 2.15144867e-02, -4.06699075e-02, -1.14111730e-02,  7.54307974e-02,  6.48275651e-03],
       [ 8.61212140e-03,  5.12529376e-02, -6.49269559e-02,  5.01167584e-02, -4.68660118e-02],
       [ 1.72828406e-02, -4.92486270e-02,  3.28949805e-02,  1.02758581e-01,  2.45877114e-02],
       [-1.07521916e-02, -2.21946576e-02,  1.15345367e-01,  8.24748051e-02,  3.46094189e-02],
       [-1.80209080e-02,  5.51100251e-02, -6.35806518e-02, -3.24853336e-02, -2.33571783e-02],
       [-2.38274913e-02, -4.41482556e-03,  9.57662309e-02, -2.73292136e-02,  3.26607467e-02],
       [ 1.34181383e-02, -2.40482330e-02, -7.11962929e-04,  7.10220082e-02, -5.05577279e-03],
       [-1.85855939e-03,  1.91546758e-02, -9.85651300e-02,  9.50876440e-02,  6.75635260e-02],
       [-8.19069525e-02, -2.75737527e-02, -1.64396393e-03, -1.60330420e-02, -6.79146956e-02],
       [-4.17343043e-02,  1.55716718e-02,  3.34458859e-02, -3.59363451e-02, -3.13790749e-02],
       [-9.16976808e-04,  4.76542594e-02, -6.68274976e-02,  7.18268797e-02,  1.64583804e-02],
       [ 1.60691496e-01, -6.00593444e-02,  6.77943134e-02, -7.94535095e-02, -3.75020625e-02],
       [ 7.58007789e-02, -8.17971502e-02, -6.59192061e-03, -1.61791393e-02, -6.12153219e-02],
       [-1.67238620e-02, -4.08670561e-02,  2.32341137e-03,  4.47071674e-03,  2.24026972e-02],
       [ 4.43322555e-02, -8.45024976e-02, -1.33476583e-01,  9.38218300e-02, -5.46476424e-02],
       [ 2.54377508e-02,  4.16279112e-02,  3.52799678e-02, -1.43809515e-02,  1.02440723e-01],
       [ 4.12016670e-02,  1.10077177e-01, -7.19925933e-02,  1.10170745e-01,  9.91881703e-02],
       [ 6.66450119e-02, -8.50583038e-02,  5.98568727e-02, -8.90075775e-02, -8.21982954e-02],
       [-9.32770760e-02, -7.69996630e-02, -1.44627556e-02, -2.38297970e-02, -4.47360711e-02],
       [ 1.47066566e-02, -7.88350138e-03,  1.21227861e-01, -9.68997532e-02, -3.73566792e-02],
       [-3.22107437e-02, -1.20231407e-01, -5.51895275e-02, -2.21139962e-02, -8.15434203e-02],
       [ 5.75676506e-02, -6.40855097e-02, -5.17972889e-02,  4.02377374e-03, -8.53387749e-02],
       [ 3.81735984e-02,  5.55530299e-02,  7.41611237e-02, -3.99889498e-02,  4.14092607e-02],
       [ 1.11226914e-01,  2.12993828e-02, -6.86316614e-02,  6.45495451e-02,  1.08519740e-02],
       [-6.16009357e-02, -5.54330279e-02,  7.75782841e-03, -2.92125886e-02, -5.49670806e-02],
       [-1.44765070e-02, -8.48921466e-02,  2.65654193e-02,  9.00363714e-03,  4.47254651e-02],
       [-4.06952331e-04, -3.94287820e-02,  2.61349303e-02,  7.17523277e-03,  8.01452945e-03],
       [-5.35410797e-03, -2.84937305e-02,  6.68677296e-02, -9.58631222e-02, -3.37985777e-02],
       [ 1.47953138e-02, -3.17642253e-03, -8.17561410e-02,  1.18261210e-01,  7.07858406e-02],
       [-8.68085638e-04, -4.98356462e-02, -1.30104058e-02,  6.46131572e-04,  4.22957017e-02],
       [ 5.46105210e-03,  7.67452957e-02, -7.78951016e-02,  2.57373889e-02,  1.04201848e-02],
       [ 6.43939794e-03, -8.36773814e-02, -5.12954900e-03, -9.06545357e-02,  5.97027519e-02],
       [ 4.67872092e-03,  1.25801852e-01, -5.66834195e-02,  2.43996115e-02, -6.59722971e-02],
       [ 1.87131180e-03,  8.95280382e-02,  3.41584134e-02, -8.40635436e-02, -7.70392563e-02],
       [ 1.04346459e-02, -6.07896725e-02, -3.53981592e-02,  5.78201663e-02,  6.60358535e-02],
       [-5.08512852e-03, -4.01220572e-02, -5.14919833e-02,  4.31516190e-02,  6.03122438e-02],
       [ 2.15031325e-02, -9.84914312e-03, -1.62492538e-02,  7.93871936e-02,  2.69443438e-02],
       [ 2.74389700e-03, -9.30249578e-02, -6.16415906e-02,  2.87518336e-02,  1.11263217e-01],
       [ 1.12566158e-02, -1.18892602e-01,  2.31578558e-02, -8.11259664e-03,  7.10416964e-02],
       [-2.89117594e-03,  3.39284718e-02,  2.50964743e-02,  2.70434113e-02, -5.36882643e-02],
       [ 1.04468305e-02, -3.64846589e-02,  5.21234265e-02, -7.40154160e-02, -1.89222150e-02],
       [-4.55821110e-03, -4.59163247e-02, -3.32972499e-02,  4.64449442e-02,  5.90941964e-02],
       [-6.89809051e-02,  6.48794205e-02, -1.42384253e-02, -1.68377468e-03, -1.36475542e-02],
       [-7.26294347e-02,  1.16403826e-02,  1.68492764e-02,  4.23901979e-02,  5.32846946e-02],
       [ 2.64416008e-02,  1.28391616e-02, -3.52081920e-02, -1.48535263e-02, -7.75298483e-02],
       [-3.80599248e-02,  3.18335533e-02,  4.36110876e-02,  3.10606761e-02, -3.31755914e-02],
       [-7.21927830e-03, -8.02280683e-02,  3.89834153e-04, -8.01026811e-03, -1.77809122e-02],
       [-1.09398315e-02,  9.98574762e-03,  1.03275807e-01,  8.20510073e-02, -5.53224776e-03],
       [ 6.97486647e-02, -8.42392267e-02, -4.33876947e-02, -4.58443490e-02,  2.90492190e-02],
       [ 1.81975056e-03, -9.72383142e-02, -8.33203862e-03, -1.18674619e-02,  8.63869100e-02],
       [ 4.24646900e-02,  7.76151588e-02,  9.46028589e-03,  1.50923624e-02, -7.55436646e-02],
       [-1.58598584e-02,  9.15028277e-03,  3.75358201e-02,  1.55407111e-02, -4.10224477e-02],
       [ 8.03661412e-02,  5.70147538e-02, -6.38212022e-02, -2.38006697e-02, -5.61281970e-02],
       [ 4.49511160e-02,  4.07013552e-02,  7.56125937e-02,  4.93042670e-02, -6.97155852e-02],
       [ 1.68748906e-02,  6.91462894e-02,  4.94051573e-02,  4.25862869e-02, -3.11742294e-02],
       [-5.39571802e-02,  9.08009017e-03, -6.01198346e-02, -4.30007077e-02,  2.25792793e-02],
       [ 2.10796811e-02,  2.69279832e-03,  2.33741185e-02,  3.86246987e-02,  4.40680991e-02],
       [-1.92096664e-02,  3.03918576e-02,  1.81687466e-02,  8.60329400e-03, -5.27650049e-02],
       [-5.95919428e-02, -2.62379271e-03, -1.57709964e-02,  3.31235345e-02,  1.74541067e-02],
       [ 1.07986672e-01,  3.38415439e-02,  1.28341249e-02, -3.43621024e-02, -3.17204460e-02],
       [ 1.52764489e-02,  5.53053485e-02,  9.72469233e-03,  2.34411680e-03, -1.31796284e-02],
       [-5.54677588e-03, -2.35721955e-02,  2.87256310e-02, -8.37247188e-03, -6.62918770e-03],
       [ 1.50082714e-02,  7.85268379e-02,  2.74921175e-02,  1.91295460e-02, -1.23067420e-02],
       [ 7.36516303e-02, -9.85720505e-02,  2.22790096e-02, -4.02107343e-03,  1.37920746e-02],
       [ 2.04143384e-02, -9.29463347e-02, -5.11906444e-03,  2.46364983e-02,  2.97831120e-02],
       [ 6.08564535e-02,  7.01588964e-02, -4.43725626e-03, -9.00475204e-03, -1.57941127e-02],
       [-5.62108456e-02,  4.24974911e-02,  3.08662820e-02, -1.60765110e-02, -2.82258716e-02],
       [ 9.12058940e-02,  2.26310896e-02, -3.30168751e-02, -1.02036981e-02, -1.00952854e-02],
       [ 2.60226748e-02,  9.55931265e-02,  4.36358151e-02, -1.34629875e-02, -3.68902355e-02],
       [ 5.42575890e-02,  9.39347959e-02,  6.42818212e-03, -1.37761119e-03, -2.19454546e-02],
       [-3.21907473e-02, -4.49973846e-02, -2.36818347e-02, -1.82785057e-03,  1.32811967e-02],
       [ 7.68737044e-02,  7.43218905e-03, -2.02398490e-03,  2.34499354e-02,  1.06897260e-02],
       [-4.79695093e-02,  5.31989175e-02,  8.93298175e-03, -1.99731532e-02, -2.19035497e-02],
       [ 1.08798852e-01,  5.76176584e-02, -1.10837771e-01,  1.12820053e-01,  2.33594052e-02],
       [ 3.89172133e-02,  3.74783413e-02,  3.50445025e-02,  2.60872603e-02,  3.75998248e-02],
       [-9.35686695e-03,  2.70851207e-02, -4.27297136e-02,  6.68412641e-04, -1.32340415e-02],
       [ 2.03253419e-02,  2.78714221e-02,  1.33056730e-01, -5.78396748e-02,  5.58437420e-02],
       [ 4.93368799e-02, -1.47713559e-02, -8.21778564e-02, -1.54896584e-02, -7.74836091e-02],
       [ 2.90662271e-02, -7.47861217e-02,  4.04730176e-02, -1.19201276e-01, -4.64926268e-02],
       [ 4.56926567e-02,  6.54379388e-02, -6.08016835e-02,  1.13587513e-01,  5.68663175e-02],
       [-6.70636680e-02,  4.44071125e-02,  9.57513576e-03,  4.99899929e-02,  3.36395684e-02],
       [ 6.44476549e-02,  3.06250083e-02, -1.26690093e-01,  1.03565878e-01,  1.27364192e-02],
       [-2.01516940e-03,  6.86199868e-02,  4.63509576e-02,  5.95083020e-02,  7.25790822e-02],
       [ 5.46952749e-02,  2.56544905e-02,  7.49862142e-02,  2.20798885e-02,  6.98372758e-02],
       [ 2.15631908e-03, -3.22772342e-02, -5.75940152e-02,  7.80691665e-03, -4.16486411e-02],
       [ 7.77491163e-02, -2.71659202e-02,  7.81346907e-02, -6.33678031e-02,  2.52836335e-03],
       [-4.47467198e-02,  3.25402227e-02, -2.44963185e-03,  5.24485043e-02,  3.64875171e-02],
       [ 7.45388185e-02, -4.84662288e-02,  3.88434665e-03, -2.84053461e-02, -7.59421102e-02],
       [-2.82462646e-03, -6.23427336e-02,  3.84912382e-02, -1.55665852e-03,  2.25211735e-02],
       [ 3.91376622e-02, -2.89400852e-02, -1.31485455e-01,  1.13470260e-01, -8.38039228e-02],
       [-1.08166248e-01, -2.02300083e-02,  7.70296083e-02, -1.51900770e-02,  1.24693153e-01],
       [ 4.18607446e-03,  5.34498346e-02, -7.18900915e-02,  1.32716561e-01,  1.06046261e-01],
       [-4.58367479e-02, -4.11087491e-02,  6.22581611e-02, -1.11094186e-01, -9.58495566e-02],
       [-2.13449001e-03, -4.86539036e-02,  5.61988021e-03, -3.75873027e-02, -6.18338880e-02],
       [-1.68373646e-01,  7.38188576e-04,  1.05357755e-01, -1.15496615e-01, -3.13525826e-02],
       [-9.07153289e-02, -5.64917985e-02, -3.46465987e-02, -3.49331310e-02, -1.14628435e-01],
       [-3.01172813e-02, -1.87529853e-04, -7.36101872e-02, -2.99529100e-04, -1.08515459e-01],
       [ 1.06158870e-01,  3.34636005e-02,  6.00630371e-02, -4.34977544e-02,  6.42269612e-02],
       [-6.52676374e-03,  3.40464065e-02, -9.54690921e-02,  8.83065762e-02,  1.23261347e-02],
       [ 1.35158716e-02, -2.68231179e-02,  1.64153517e-02, -4.73996538e-02, -7.34757761e-02],
       [-2.39269930e-03, -7.98139186e-02, -2.34333743e-02, -2.14898869e-02, -1.34442359e-02],
       [ 3.89056241e-02, -2.75971453e-02,  5.13997760e-02,  8.05700967e-02, -4.53345547e-03],
       [-2.09585845e-02, -3.38804491e-02, -4.80483897e-02, -5.14164640e-02,  2.89821031e-02],
       [ 2.06827850e-02, -5.05640626e-03, -1.63901137e-02, -2.66069163e-02,  5.93949339e-02],
       [ 1.72091621e-02,  3.45705201e-03,  1.77794347e-02,  1.60001357e-02, -5.16018159e-02],
       [-4.35143125e-02, -4.00787418e-02,  2.31279648e-02,  2.58101732e-02, -3.70141663e-02],
       [-3.91461940e-02,  3.00543420e-02, -1.16806480e-02, -3.52752369e-02, -4.73226290e-02],
       [-5.24289155e-02, -5.11402832e-02,  4.51670362e-02,  5.73956640e-02, -5.83471593e-02],
       [ 2.08848016e-02,  1.71153805e-02,  6.51995225e-02,  7.11036879e-02, -3.58564969e-02],
       [ 5.88983062e-02,  4.40685688e-02, -2.97258078e-02, -4.05419483e-02,  1.91904446e-02],
       [ 5.57491443e-02,  2.52469921e-02,  2.58785447e-02,  3.37913261e-02,  3.50189147e-02],
       [-2.62683156e-02, -2.14292729e-02,  1.48455441e-02,  1.35680909e-02, -4.80263920e-02],
       [-6.02699627e-03, -6.52068751e-02, -1.40668494e-01, -3.99070722e-04, -2.82877222e-02],
       [ 1.22125191e-02,  9.99822535e-02,  3.00515538e-02,  5.82269482e-03,  3.16002892e-02],
       [-3.92335751e-03,  1.39459255e-01, -4.36360561e-02,  3.68722295e-02,  1.51067464e-02],
       [ 8.56050447e-04, -1.09006508e-01,  2.44259015e-02, -3.11263066e-02, -2.87624551e-03],
       [ 2.39246149e-03, -7.53121348e-02, -2.79295210e-02, -6.80447222e-03, -7.83632001e-04],
       [ 2.84482392e-02, -4.32942743e-02,  9.21224867e-02, -2.04472905e-02,  8.55692834e-03],
       [ 1.58172877e-02, -1.29194737e-01, -7.20026932e-02, -1.31840534e-02, -6.30450921e-03],
       [ 7.18417396e-03, -1.03756126e-01, -4.03573298e-02, -3.40143904e-03, -2.47682324e-02],
       [-1.91982732e-02,  4.27962956e-02,  7.56612322e-02,  1.79523650e-03,  8.08359392e-03],
       [-3.00544967e-03,  1.21885556e-02, -4.57572708e-02,  3.61738902e-03, -1.51506310e-02],
       [ 2.96635819e-05, -7.31063050e-02, -5.00672484e-03, -3.15277172e-03, -1.80869545e-03],
       [-1.38626486e-02,  2.94993731e-04, -1.64749956e-01, -8.28226005e-02, -1.90528590e-02],
       [ 1.20510323e-02, -1.44753731e-02, -3.65763652e-03, -1.70424234e-01,  7.13079403e-02],
       [ 9.17347348e-03,  3.53910088e-02, -2.70839706e-02,  1.35009498e-01, -5.18474664e-02],
       [-2.60475782e-02, -7.39595481e-02,  5.17887182e-03,  1.04444806e-01, -1.75696201e-02],
       [-3.62480907e-02,  8.83523273e-02, -1.07563777e-01,  6.79650676e-02, -8.36934736e-02],
       [-2.59155552e-02, -7.62509806e-02,  4.06401417e-02,  1.42474268e-01,  3.10982129e-03],
       [ 7.38005893e-03, -3.11480404e-02,  1.41955882e-01,  1.00386635e-01,  1.76582732e-02],
       [ 2.87125235e-02,  6.29577867e-02, -4.72968302e-02, -4.42871511e-02, -2.26685261e-02],
       [ 2.62556097e-02, -1.20912034e-02,  1.43952658e-01, -3.98853841e-02,  6.01163390e-02],
       [-1.11832456e-02, -3.53743118e-02, -7.02934017e-03,  9.44510271e-02, -2.85254384e-02],
       [-2.33365514e-02,  1.36269408e-01, -3.14027859e-03,  7.34884617e-02, -1.15569694e-01],
       [-6.72879688e-02, -1.14303244e-01,  1.07396859e-02, -6.09257906e-02,  9.53469017e-02],
       [ 5.98029001e-02, -3.59731992e-03, -6.23438967e-02, -6.14447442e-02,  6.56225468e-02],
       [-7.16897868e-02, -9.53725243e-02,  1.32178158e-01,  6.05263983e-03,  8.54450280e-02],
       [-1.76335776e-02, -3.98571764e-02, -1.15962615e-01, -1.01279252e-01,  8.10563123e-02],
       [-4.43329435e-02, -8.33904631e-02, -1.08372645e-01, -7.64714494e-02,  2.84400620e-02],
       [ 1.57803105e-02, -2.45493257e-02,  8.76350327e-02,  4.78836245e-02, -1.45118518e-02],
       [-8.13379324e-02, -9.58937449e-04, -9.09984637e-02, -2.08040369e-02, -6.99738479e-02],
       [ 5.58876906e-02, -2.91507950e-02, -3.51397889e-03, -3.22812765e-02,  6.08377144e-02],
       [-1.08300955e-02, -2.96330499e-02, -6.10360960e-02,  6.55836825e-02,  1.11622992e-01],
       [-6.19356707e-03,  3.83112890e-02, -3.48987556e-02,  1.66170419e-02,  7.50046844e-02],
       [-3.25973921e-02, -4.29939599e-02, -4.78248641e-02,  1.22927111e-01,  6.30699576e-02],
       [-2.63437999e-02,  1.21447325e-02, -4.90173641e-02, -1.29292262e-02,  1.45002050e-01],
       [-1.77826305e-03, -8.43492403e-02,  5.82040248e-03, -5.97939121e-02,  9.73441837e-02],
       [ 2.61998509e-02, -3.07434851e-02,  2.51304040e-02,  6.52516806e-02, -7.84231178e-02],
       [ 4.48530031e-03, -5.54711539e-02,  5.28536064e-02, -1.21339602e-01, -4.57592446e-02],
       [ 8.22252390e-04, -3.23614252e-03, -4.08715470e-02,  4.10690894e-02,  1.06610665e-01],
       [ 2.37074214e-02, -3.09406871e-02,  4.42573639e-02, -1.89863807e-02, -7.85205123e-02],
       [-1.02739145e-01,  2.98773483e-02,  2.91041648e-02, -8.92604238e-02, -5.01892632e-02],
       [-3.73449412e-02,  5.46215690e-03,  3.93792374e-02,  7.14878727e-03, -1.11482676e-01],
       [-3.61452317e-02,  7.99668556e-02,  9.51210702e-03,  4.69950924e-02, -9.33832513e-02],
       [ 4.40364206e-02,  7.66759972e-03,  2.53376748e-03, -5.53689652e-02,  4.68262476e-02],
       [-3.10800768e-02,  4.83713439e-02, -3.22256095e-02,  8.65880965e-02,  3.24252871e-02],
       [ 2.35072663e-02,  2.97173801e-03,  3.66674046e-02, -3.34508401e-02, -9.21984367e-02],
       [ 1.03444656e-01,  1.79623725e-02,  5.19820769e-02, -6.68314618e-02, -6.42787748e-02],
       [ 6.14320230e-02, -8.37367064e-02,  2.31208447e-03,  3.44367998e-02, -5.40651845e-02],
       [ 1.52325668e-02, -2.50277823e-02,  2.10610568e-02,  4.63228044e-02, -4.37542086e-02],
       [-6.83998009e-02,  6.57143289e-02, -3.75361794e-04, -5.29018482e-02,  2.55273630e-02],
       [ 3.18669604e-04,  1.78761353e-02,  6.85493833e-04,  5.32268231e-02,  3.04665814e-02],
       [-6.83087050e-03, -4.17768791e-02,  1.74052365e-02,  4.78558390e-03, -5.49974190e-02],
       [-4.10459426e-03,  6.41896962e-02,  2.11972966e-02, -6.63209700e-02, -1.13771721e-01],
       [-5.55347285e-02,  9.62658739e-02, -6.90996573e-02, -2.35333584e-02, -9.01215916e-02],
       [ 6.89943156e-03, -3.88137731e-02,  2.44959994e-02, -8.30730917e-03,  5.91760469e-02],
       [-1.22055728e-01,  3.84940962e-02, -1.08361236e-01,  8.20700874e-02,  1.70843415e-03],
       [ 7.64511383e-02,  3.49977309e-02,  2.59641820e-02, -7.00249269e-02, -5.83343923e-02],
       [-3.30086262e-02, -2.12023957e-03,  7.29213178e-02,  8.44680501e-02, -5.79392721e-02],
       [-2.46955464e-02,  8.84150471e-02, -1.76274974e-02, -8.18258323e-02,  2.38290444e-02],
       [-6.65236946e-02,  2.67531598e-02,  4.15205035e-02,  6.32905709e-02,  6.43038649e-02],
       [ 3.67999768e-02, -4.91707296e-02,  2.19937488e-02,  2.67024513e-02, -9.05376195e-02],
       [ 3.87448048e-02,  4.33245372e-02, -7.97100994e-02, -6.53112452e-02,  1.54415081e-02],
       [-2.45083760e-02,  1.38532924e-03,  6.15590055e-02,  2.81480482e-02,  6.65907172e-02],
       [ 1.98517924e-02,  1.17219294e-02,  1.76644040e-02,  3.80240111e-02, -6.59092224e-02],
       [ 7.78215379e-02,  1.09851233e-03, -6.85622269e-02,  2.90213009e-03, -3.61030539e-02],
       [-4.51086590e-02,  4.08804832e-02,  1.38695754e-03, -4.35038613e-02,  3.28448687e-02],
       [ 1.08240359e-02,  1.77700691e-02, -5.69701338e-03,  5.52998267e-02,  3.25518031e-02]])})
2026-01-20 11:01:31,642 - final_problem_set.kxor_instance_n24_k2_m225_ell2_eps0.2_kappa0.875_rho0.0 - INFO - Running key extraction (n=24, m=225, ell=2, phase_qubits=13)
2026-01-20 11:01:31,646 - final_problem_set.kxor_instance_n24_k2_m225_ell2_eps0.2_kappa0.875_rho0.0 - INFO - Built voting matrix V (n=24, ell=2, dtype=complex128) in 0.004s
2026-01-20 11:01:31,647 - final_problem_set.kxor_instance_n24_k2_m225_ell2_eps0.2_kappa0.875_rho0.0 - INFO - Eval: adv=0.2533 (no ground-truth z available)
2026-01-20 11:01:31,647 - final_problem_set.kxor_instance_n24_k2_m225_ell2_eps0.2_kappa0.875_rho0.0 - INFO - Key extraction complete: x_hat=15
2026-01-20 11:01:31,647 - final_problem_set.kxor_instance_n24_k2_m225_ell2_eps0.2_kappa0.875_rho0.0 - INFO - Finished step 'KeyExtractionStep' in 0.005s (success: True, problem=kxor_instance_n24_k2_m225_ell2_eps0.2_kappa0.875_rho0.0)
2026-01-20 11:01:31,647 - final_problem_set.kxor_instance_n24_k2_m225_ell2_eps0.2_kappa0.875_rho0.0 - INFO - SUCCESS: len(z_hat)=24
2026-01-20 11:01:31,647 - final_problem_set.kxor_instance_n24_k2_m225_ell2_eps0.2_kappa0.875_rho0.0 - INFO - Metrics: adv=0.25333333333333335, ham_frac=None, corr=None
2026-01-20 11:01:31,647 - final_problem_set.kxor_instance_n24_k2_m225_ell2_eps0.2_kappa0.875_rho0.0 - INFO - z_hat (full): [ 1, -1, -1,  1, -1, -1,  1, -1, -1,  1, -1, -1, -1, -1,  1,  1, -1, -1, -1, -1, -1,  1,  1, -1]
