2026-01-20 11:02:10,262 - final_problem_set.kxor_instance_n29_k2_m245_ell2_eps0.25_kappa1.0_rho0.8 - INFO - Starting iteration for /Users/julian/CodingProjects/UniT3/QuarticSpeedupK-XOR/z_Daphne/data/final_problem_set/kxor_instance_n29_k2_m245_ell2_eps0.25_kappa1.0_rho0.8.npz
2026-01-20 11:02:10,264 - final_problem_set.kxor_instance_n29_k2_m245_ell2_eps0.25_kappa1.0_rho0.8 - INFO - Loaded instance (n=29, m=245, k=2)
2026-01-20 11:02:10,264 - final_problem_set.kxor_instance_n29_k2_m245_ell2_eps0.25_kappa1.0_rho0.8 - INFO - Starting step 'ComputeKikuchiStep' (version 0.1) on problem kxor_instance_n29_k2_m245_ell2_eps0.25_kappa1.0_rho0.8 (fields={'ell': 2, 'threshold': 0.0})
2026-01-20 11:02:10,312 - final_problem_set.kxor_instance_n29_k2_m245_ell2_eps0.25_kappa1.0_rho0.8 - INFO - Finished step 'ComputeKikuchiStep' in 0.048s (success: True, problem=kxor_instance_n29_k2_m245_ell2_eps0.25_kappa1.0_rho0.8)
2026-01-20 11:02:10,313 - final_problem_set.kxor_instance_n29_k2_m245_ell2_eps0.25_kappa1.0_rho0.8 - INFO - Starting step 'ClassicalEigenvaluesStep' (version 0.1) on problem kxor_instance_n29_k2_m245_ell2_eps0.25_kappa1.0_rho0.8 (fields={'ell': 2, 'threshold': 0.0, 'kikuchi_matrix': <Dictionary Of Keys sparse matrix of dtype 'int64'
	with 10098 stored elements and shape (406, 406)>, 'num_eigenvalues': 5})
2026-01-20 11:02:10,548 - final_problem_set.kxor_instance_n29_k2_m245_ell2_eps0.25_kappa1.0_rho0.8 - INFO - Finished step 'ClassicalEigenvaluesStep' in 0.235s (success: True, problem=kxor_instance_n29_k2_m245_ell2_eps0.25_kappa1.0_rho0.8)
2026-01-20 11:02:10,548 - final_problem_set.kxor_instance_n29_k2_m245_ell2_eps0.25_kappa1.0_rho0.8 - INFO - Starting step 'KeyExtractionStep' (version 0.1) on problem kxor_instance_n29_k2_m245_ell2_eps0.25_kappa1.0_rho0.8 (fields={'ell': 2, 'threshold': 0.0, 'kikuchi_matrix': <Dictionary Of Keys sparse matrix of dtype 'int64'
	with 10098 stored elements and shape (406, 406)>, 'num_eigenvalues': 5, 'eigenvalues': array([13.68669526, 14.34237921, 14.73002819, 15.65859111, 22.00973406]), 'eigenvectors': array([[-5.90920854e-03, -1.05725705e-02,  1.13987094e-01, -2.65186162e-02, -5.58567768e-02],
       [-4.70321400e-02,  1.81106317e-02,  2.82588638e-02, -4.44258706e-02, -6.26021782e-02],
       [-2.98552920e-02,  2.78499069e-02, -8.45723839e-02,  1.82287889e-02,  3.55431649e-02],
       [-6.27934157e-02,  4.51443029e-02,  5.90671679e-02, -4.32288424e-02, -4.48590053e-02],
       [ 1.67537522e-02,  1.85858644e-02, -6.09241304e-02,  5.84639959e-02,  5.48172263e-02],
       [-1.71450082e-02,  1.61083381e-02, -6.61099860e-02,  1.61476513e-02,  2.46317722e-02],
       [-4.14690560e-02, -8.17457600e-02, -1.76115919e-02, -4.09592139e-02, -5.29116510e-02],
       [ 5.66923546e-02,  2.70767097e-02,  1.00445804e-01, -4.63221872e-02, -4.82595134e-02],
       [-3.76618565e-02, -2.93181643e-02, -1.50980594e-03,  2.89004387e-02,  4.80536960e-02],
       [-8.66713592e-02,  4.52707158e-02, -2.50748431e-02,  3.53570812e-02,  4.93390364e-02],
       [-1.19757990e-02,  6.04843849e-02, -7.84990523e-02,  3.32336935e-02,  8.46916956e-02],
       [ 2.08786713e-02,  5.00811838e-02, -1.11675099e-01,  9.02519808e-03,  6.07949180e-02],
       [-4.86255216e-02,  4.84519619e-02, -1.50502969e-02,  6.74173932e-03,  5.91216861e-02],
       [ 3.31132464e-02, -5.00518769e-02,  4.35227273e-02, -7.27653802e-02, -4.16242771e-02],
       [ 1.40853148e-02,  7.85289343e-02, -1.05683786e-02, -1.26522501e-02,  4.93363976e-02],
       [-5.70394716e-02,  7.96215656e-02, -2.03981606e-02, -5.07157655e-02,  4.55373571e-02],
       [ 2.22549983e-02, -2.12358352e-02,  8.23537756e-02, -3.44231856e-02, -6.61225709e-02],
       [ 2.54194554e-02, -6.16165633e-02,  7.46689853e-02, -5.20296978e-02, -5.52056251e-02],
       [-2.33986660e-02, -5.36422534e-03,  2.03971376e-03,  5.80905408e-02, -2.00869651e-02],
       [ 4.13187133e-02,  7.24936577e-02, -7.23283335e-02,  4.41416624e-02,  5.60232330e-02],
       [-1.44539141e-02, -6.09133551e-02,  7.99175305e-02, -8.35014248e-02, -6.73240731e-02],
       [ 3.39207510e-02,  9.36144946e-02, -1.04518723e-01, -7.99966424e-03,  5.00740875e-02],
       [-1.57240061e-02,  6.27840981e-02, -9.74884220e-02,  2.36534580e-02,  4.52091647e-02],
       [-1.91288110e-02,  2.52052874e-02, -8.76447519e-02,  5.82075725e-02,  6.17617534e-02],
       [-4.61642197e-03, -5.28165311e-04, -5.74180083e-02, -8.85171369e-02,  2.15521863e-02],
       [-3.58156303e-02,  5.33022941e-02,  5.87228306e-02,  3.12293000e-02, -4.11621074e-02],
       [ 3.45495992e-02,  7.66903027e-03, -8.35750182e-02,  1.29382151e-02,  4.29122902e-02],
       [ 5.82730220e-02,  3.99565333e-02, -4.37906977e-02,  7.34037394e-02,  4.56659890e-02],
       [ 4.21320229e-02, -8.18989263e-02,  2.32146310e-03,  4.09055446e-04,  5.88507472e-02],
       [ 3.54531774e-02,  1.38538986e-02,  9.06517585e-02,  6.96787377e-03, -4.42728128e-02],
       [ 7.12770031e-02, -1.05511319e-01, -4.25945563e-02,  1.56882060e-02,  5.01202055e-02],
       [-2.44765490e-02,  4.87568221e-02,  4.06723213e-02, -2.52916979e-02, -6.11549974e-02],
       [ 1.66869834e-02,  1.35725224e-02,  6.35051530e-02,  1.63179871e-03, -2.80860040e-02],
       [ 5.37117177e-02,  2.28989884e-02,  4.69776331e-02,  6.65388025e-03,  5.97356720e-02],
       [-6.32481414e-02, -9.17578450e-02, -8.92289210e-02,  1.67828039e-02,  5.37053876e-02],
       [ 3.95610747e-02,  9.51489060e-02, -2.24180636e-02,  3.96497925e-03, -5.20933724e-02],
       [ 8.60659857e-02,  1.38134018e-02, -9.25400963e-05, -2.17594703e-03, -5.09219244e-02],
       [ 7.37584997e-03,  4.03121860e-02,  4.31661352e-02,  2.57115571e-02, -8.60509690e-02],
       [-2.56413710e-02,  1.97441164e-02,  9.22556840e-02,  3.64909307e-02, -6.63624824e-02],
       [ 5.70847515e-02,  2.42897301e-02, -1.09465275e-02,  3.93904748e-02, -6.99822222e-02],
       [-3.49021173e-02,  2.51046567e-03, -3.30315580e-02,  5.83435249e-02,  5.14821344e-02],
       [-2.22691115e-02, -2.41934285e-02, -1.17803359e-02,  5.24396253e-02, -5.37287012e-02],
       [ 5.71386984e-02, -2.64066755e-02, -1.18963579e-03,  9.30188050e-02, -4.98403884e-02],
       [-1.85960125e-02, -6.46315231e-02, -5.74365245e-02, -1.12745103e-02,  7.34602663e-02],
       [-2.17901757e-02, -4.69142302e-03, -4.97262019e-02,  1.43694465e-02,  5.75798743e-02],
       [ 2.82281631e-02, -1.71570325e-02,  7.98735512e-03, -8.04248893e-02,  2.18267542e-02],
       [-5.79095739e-02, -1.04539416e-02,  5.30080483e-02, -8.21939543e-03, -6.50443808e-02],
       [ 2.55257332e-02, -2.10540649e-02, -6.01679534e-02,  4.74768870e-02,  8.23262414e-02],
       [-5.11990465e-02, -4.84268688e-02,  1.06149733e-01,  5.12845843e-02, -6.15761452e-02],
       [ 1.53124163e-02, -1.50375040e-02,  9.04628687e-02,  8.22169541e-03, -5.13713338e-02],
       [ 1.94325779e-02,  5.50379298e-02,  6.76309971e-02, -1.62883110e-02, -6.92152709e-02],
       [ 8.41962247e-03,  2.14361477e-02,  4.53988647e-02,  1.12516444e-01, -2.03135895e-02],
       [ 3.33522465e-02, -9.69781633e-02, -3.64594042e-02, -5.96702402e-02,  4.03786830e-02],
       [-3.88892273e-02,  3.93151692e-02,  6.39732509e-02,  1.60897302e-02, -4.35583094e-02],
       [-8.18598953e-02,  1.32082379e-02,  3.17779509e-02, -5.49052308e-02, -5.65231221e-02],
       [ 6.12091207e-03,  3.24317341e-02,  2.00195924e-02, -4.02853884e-03, -4.23416795e-02],
       [ 8.23398206e-02, -1.05083216e-01,  3.23716430e-02,  2.15374823e-02,  4.23365963e-02],
       [-5.39142844e-02,  7.21950730e-02, -5.28178030e-02, -3.60421373e-02, -5.67966146e-02],
       [ 6.92400338e-04,  2.58780616e-02,  1.60183320e-02, -4.21632911e-03, -2.69743601e-02],
       [ 7.24651284e-02, -3.37027662e-03,  1.18012506e-01,  1.52711978e-02,  4.87441249e-02],
       [-3.53928527e-02, -1.21490079e-01, -1.81610646e-03,  3.11029129e-02,  5.56339847e-02],
       [ 1.10145120e-02,  9.78737264e-02, -8.96310183e-02, -6.55512133e-03, -4.34737745e-02],
       [ 5.50766311e-02,  4.31851662e-02, -8.24690887e-02, -1.40428040e-02, -5.03377508e-02],
       [-4.46652364e-02,  7.66059557e-02, -9.41889120e-02,  6.70766568e-03, -7.79222286e-02],
       [-6.73978870e-02,  4.63150137e-02, -1.63687143e-02,  2.33001832e-02, -6.38453601e-02],
       [ 1.03854505e-02,  4.27090218e-02, -9.46192224e-02,  1.90187960e-02, -5.40097284e-02],
       [-4.33659113e-03, -2.21158093e-02,  4.75381171e-02,  6.65461848e-02,  4.79383648e-02],
       [-4.61136735e-02, -1.48839681e-03, -8.18587639e-02,  3.59768729e-02, -4.53902163e-02],
       [ 2.05545707e-02, -4.62608196e-05, -8.40507679e-02,  8.18497688e-02, -4.97692825e-02],
       [ 1.99989258e-02, -9.48864184e-02,  6.30668238e-02,  2.87830394e-03,  6.78569771e-02],
       [ 8.95545425e-03, -3.05598842e-02,  4.16230874e-02,  2.38358725e-02,  5.37334828e-02],
       [ 3.93208870e-02, -2.37404710e-02,  3.76730363e-02, -7.28752905e-02,  2.00512547e-02],
       [-1.00296217e-01,  1.82112595e-02, -5.33670864e-02, -2.18648642e-02, -6.55029283e-02],
       [ 6.30359002e-02, -5.13301687e-02,  6.53310577e-02,  5.34757176e-02,  6.92813959e-02],
       [-8.97683192e-02, -2.06669753e-02,  5.15953997e-03,  3.81145710e-02, -5.94663445e-02],
       [-1.96683334e-02,  9.08330970e-03,  1.03425620e-02, -2.81850714e-03, -5.19791528e-02],
       [-2.16083945e-02,  7.92983376e-02, -4.30865686e-02, -2.96039142e-02, -6.37308618e-02],
       [-1.11736416e-02,  3.25531715e-02,  1.48780117e-02,  1.04707062e-01, -2.21252424e-02],
       [ 5.23233788e-02, -1.06572033e-01,  2.08044431e-02, -4.84264644e-02,  3.74052543e-02],
       [-6.74584317e-02,  6.17430754e-02, -7.13751528e-03,  7.80988196e-03, -4.46524577e-02],
       [-1.05356574e-01,  3.48463507e-02, -5.44784994e-02, -6.35248157e-02, -5.21306046e-02],
       [-1.73620942e-02,  4.46169744e-02,  4.06905735e-02, -1.21691907e-02, -3.21343645e-02],
       [-2.22511458e-02, -5.97771993e-03, -4.75675485e-02,  2.19043073e-02,  4.34264397e-02],
       [-2.66462914e-02,  2.42200986e-03, -4.55997308e-02,  1.32722668e-03,  1.75112327e-02],
       [ 5.01712874e-04, -4.02744354e-02, -1.25043199e-02, -9.46161377e-03, -3.84585303e-02],
       [ 6.81135694e-02,  3.29341642e-02,  7.10220981e-02, -1.21156256e-02, -3.45489842e-02],
       [-5.38662585e-02, -3.70558340e-02, -1.93248808e-03,  7.19808604e-04,  3.39676422e-02],
       [-9.02942463e-02,  1.39919382e-02, -1.85611031e-02,  5.17749616e-03,  3.50436185e-02],
       [-6.19088553e-02,  1.12165085e-02, -5.69272906e-02, -1.21155210e-02,  6.04094339e-02],
       [-2.59054767e-02,  1.52975249e-02, -8.85947466e-02, -2.29419022e-02,  4.77848299e-02],
       [-6.08603404e-02,  1.17010333e-02, -1.35972658e-02, -1.58204905e-02,  3.81819138e-02],
       [ 5.24895339e-02, -2.52555216e-02,  3.58829241e-02, -4.02252206e-02, -3.31463092e-02],
       [-1.78895575e-02,  3.70262781e-02, -8.26068913e-03, -2.86823977e-02,  3.49378539e-02],
       [-6.52734967e-02,  3.82902641e-02, -1.54292582e-02, -5.47343368e-02,  3.19104821e-02],
       [ 4.99941807e-02,  5.37888718e-03,  5.38962636e-02,  2.56689874e-03, -4.34057893e-02],
       [ 5.26628244e-02, -2.44574169e-02,  5.38729519e-02, -1.34783844e-02, -4.02603243e-02],
       [-5.10133393e-03,  4.13469742e-03,  1.05365676e-03,  4.93814245e-02, -1.39403050e-02],
       [-2.10778142e-03,  3.76264920e-02, -5.77717058e-02,  1.01965025e-02,  4.57312393e-02],
       [ 3.36615946e-02, -2.24539191e-02,  6.12102808e-02, -3.55470898e-02, -5.29577709e-02],
       [-7.81630749e-03,  4.67461975e-02, -7.37652044e-02, -2.46837985e-02,  3.65009280e-02],
       [-3.88597464e-02,  2.66037655e-02, -7.02686202e-02, -1.88472199e-03,  3.27607173e-02],
       [-5.06244091e-02, -2.30239676e-03, -6.42465211e-02,  1.29158100e-02,  4.39374606e-02],
       [-1.61668975e-02, -9.41491685e-03, -4.20449936e-02, -7.22587080e-02,  1.45543356e-02],
       [ 4.36830071e-04,  5.09744520e-02,  4.21760665e-02,  3.89785848e-02, -2.87216912e-02],
       [-3.11277119e-03, -9.00974925e-03, -5.33317409e-02, -8.12232836e-03,  2.88251182e-02],
       [ 1.64968879e-02,  1.62029529e-02, -3.37149913e-02,  3.87527376e-02,  3.61087297e-02],
       [-7.94398954e-02,  9.47009492e-02, -5.09692689e-03, -4.43970447e-02, -4.75888520e-02],
       [-1.50628839e-02,  3.21035652e-02,  2.98401234e-02, -9.70600383e-03, -2.06280751e-02],
       [ 8.86418308e-02, -3.43697361e-02,  6.88101304e-02,  2.58980760e-02,  4.22634742e-02],
       [ 4.93420307e-03, -1.06849435e-01, -3.34086482e-02,  3.32456455e-02,  3.95731350e-02],
       [-1.46208526e-02,  9.59953578e-02, -4.27857342e-02, -1.49020610e-02, -3.46931824e-02],
       [ 1.88656181e-02,  6.45378153e-02, -3.58110713e-02, -2.53510539e-02, -4.32479664e-02],
       [-8.35242174e-02,  1.11825067e-01, -2.43495991e-02, -1.50693611e-02, -6.89251679e-02],
       [-9.41558540e-02,  7.89171571e-02,  3.52464182e-02,  3.27566151e-03, -5.44842488e-02],
       [-2.17259417e-02,  6.77716033e-02, -4.73242106e-02,  1.86764692e-03, -4.72595944e-02],
       [ 1.92393397e-02, -4.32951519e-02,  7.21834703e-03,  6.17311245e-02,  3.75998782e-02],
       [-6.39727873e-02,  2.76081303e-02, -4.11492965e-02,  1.89331797e-02, -3.97895203e-02],
       [-7.63076370e-03,  2.15798252e-02, -3.15354466e-02,  4.90703296e-02, -3.80231517e-02],
       [ 5.01275011e-02, -9.70885133e-02,  4.02505780e-03,  1.78460474e-02,  4.89400878e-02],
       [ 4.06227412e-02, -5.68798543e-02, -4.61297946e-03,  3.35840249e-02,  4.54601030e-02],
       [ 4.10162414e-02, -2.76425599e-02,  1.70008945e-02, -5.09291619e-02,  1.59060383e-02],
       [-9.87224908e-02,  5.03682111e-02,  2.26961648e-03, -2.82531202e-02, -4.72321009e-02],
       [ 8.68473234e-02, -8.23430036e-02,  4.68114016e-03,  5.82473306e-02,  5.52395242e-02],
       [-9.68330246e-02,  1.76221510e-02,  4.24984747e-02,  1.63513449e-02, -4.63422228e-02],
       [-4.36165073e-02,  3.72062596e-02,  4.36815511e-02, -1.45410032e-02, -4.20916777e-02],
       [-5.42119400e-02,  9.65626861e-02,  9.11865120e-03, -3.69039479e-02, -4.96541344e-02],
       [-2.26491492e-02,  3.60274327e-02,  2.71567680e-02,  7.55947452e-02, -1.77677828e-02],
       [ 5.95967353e-02, -9.83163134e-02, -5.93875720e-03, -2.79349224e-02,  2.98908878e-02],
       [-6.46343316e-02,  6.38728234e-02,  2.21874239e-02, -3.57508272e-03, -3.30464727e-02],
       [-9.27581322e-02,  4.89618134e-02, -8.29523913e-03, -5.32127271e-02, -3.70626620e-02],
       [-1.08421392e-02, -4.92255698e-03, -3.44235168e-02,  1.19774218e-02,  2.41480628e-02],
       [-5.21371984e-02, -2.63661969e-02, -8.79464483e-02, -3.69254521e-02, -5.07987230e-02],
       [ 4.85112620e-02,  8.04799278e-02,  3.60150016e-02, -5.02349897e-02, -5.28851671e-02],
       [-2.63751699e-02, -7.53633380e-02,  6.43480895e-02,  2.57540301e-02,  4.59662771e-02],
       [-7.58268384e-02, -7.55217579e-03,  4.91298819e-02,  3.71796786e-02,  5.22497539e-02],
       [ 1.54750657e-02, -2.67716437e-02,  3.86541074e-02,  3.01719721e-02,  8.35968674e-02],
       [ 5.12376262e-02, -1.05771796e-02, -3.48642429e-02,  4.20040508e-03,  7.26809351e-02],
       [-3.55456058e-02, -1.19746813e-02,  6.98339729e-02,  5.34332465e-03,  6.28651891e-02],
       [ 2.61625349e-02, -8.46162423e-03, -1.59878418e-02, -8.75063518e-02, -4.86496675e-02],
       [ 3.19882594e-02,  3.10318173e-02,  5.97099737e-02, -1.80924927e-02,  5.18443817e-02],
       [-4.06839029e-02,  3.51109352e-02,  4.54744116e-02, -5.91059174e-02,  4.92461402e-02],
       [ 2.53301374e-03,  4.67477710e-02, -1.27858383e-02, -3.11312902e-02, -6.51775905e-02],
       [ 1.14438617e-02, -5.60882291e-03, -4.37593476e-03, -5.46945791e-02, -6.06147643e-02],
       [-3.43468280e-02,  1.38218868e-02, -2.44945863e-02,  6.67505586e-02, -2.11314388e-02],
       [ 6.65498703e-02,  1.79173815e-02,  6.75608398e-03,  4.56432002e-02,  6.25800595e-02],
       [-3.61243685e-02,  8.44493898e-03, -1.75837717e-02, -8.85755613e-02, -7.31543425e-02],
       [ 6.63448502e-02,  5.70851852e-02, -4.69683712e-02, -1.44908895e-02,  6.08555152e-02],
       [-9.19863383e-04,  2.44988384e-02, -4.67883078e-02,  2.58964246e-02,  5.45990285e-02],
       [-3.42000307e-03, -4.51453595e-02, -8.95717401e-04,  6.68701829e-02,  7.20981004e-02],
       [ 7.04784268e-03, -2.10233834e-02, -3.12079093e-02, -9.97974318e-02,  2.41643835e-02],
       [-5.20015282e-02,  9.85223846e-02,  2.86299931e-03,  3.74211110e-02, -4.28050164e-02],
       [ 5.50192313e-02, -3.79485812e-02, -2.68853495e-02,  1.08136343e-02,  4.72495610e-02],
       [ 7.70232925e-02, -3.21556806e-03,  1.84368088e-02,  7.78960293e-02,  4.90817858e-02],
       [-1.63045151e-03, -2.07335600e-02, -4.29634317e-03, -7.46980010e-03, -2.42789568e-02],
       [ 3.68067170e-02,  2.06882642e-02,  4.86093503e-02, -8.95775333e-03, -2.14730392e-02],
       [-3.16866465e-02, -2.66390862e-02, -3.94766074e-03,  1.57480514e-03,  2.17746675e-02],
       [-5.41817816e-02,  5.27307606e-03, -1.46190930e-02,  4.95156494e-03,  2.24870327e-02],
       [-3.41569099e-02, -8.08188068e-04, -4.20264050e-02, -4.44590356e-03,  3.85778354e-02],
       [-1.12484410e-02,  2.96510158e-03, -6.27227496e-02, -1.12031292e-02,  3.10342406e-02],
       [-4.20163647e-02,  2.86463313e-03, -1.00479831e-02, -9.49967056e-03,  2.70502885e-02],
       [ 3.07294702e-02, -1.29726050e-02,  2.64000726e-02, -2.76970198e-02, -2.14048188e-02],
       [-9.03914503e-03,  1.85910811e-02, -7.62116352e-03, -1.64595200e-02,  2.23720668e-02],
       [-3.89688641e-02,  2.00680688e-02, -1.19479892e-02, -3.29296544e-02,  2.04191584e-02],
       [ 2.61720226e-02,  6.39104308e-03,  3.99889596e-02, -7.99721817e-04, -2.63953324e-02],
       [ 2.89139518e-02, -1.06420026e-02,  3.84642928e-02, -1.12558261e-02, -2.56733484e-02],
       [-4.34519646e-03,  4.76357776e-03,  1.52620300e-03,  3.05367092e-02, -8.79314337e-03],
       [ 2.45627944e-03,  1.82061361e-02, -4.26289307e-02,  9.47551625e-03,  2.91937952e-02],
       [ 1.72819470e-02, -7.67172588e-03,  4.50467079e-02, -2.58548831e-02, -3.38581712e-02],
       [-3.37745030e-03,  2.17482928e-02, -5.08312184e-02, -1.16134993e-02,  2.29983381e-02],
       [-2.19754012e-02,  1.12182016e-02, -4.75873521e-02,  1.26340457e-03,  2.08313650e-02],
       [-3.19836228e-02, -8.31038187e-03, -5.02462652e-02,  1.37388596e-02,  3.13602794e-02],
       [-8.86208123e-03, -7.94916774e-03, -2.73503668e-02, -4.49590133e-02,  9.35385267e-03],
       [-3.61526117e-03,  3.51004645e-02,  2.89791980e-02,  2.38250976e-02, -1.81743532e-02],
       [ 1.81186648e-03, -1.08715844e-02, -4.17444701e-02, -3.89623452e-03,  2.00343013e-02],
       [ 1.37681375e-02,  6.29990181e-03, -2.64883880e-02,  2.63589782e-02,  2.27312055e-02],
       [-2.67702437e-02, -2.33420882e-02,  4.29940615e-02,  3.81955554e-02,  5.56578536e-02],
       [ 1.12831158e-03,  2.33144697e-02, -1.23034979e-01, -1.48689994e-02, -4.30706596e-02],
       [ 3.95269597e-02, -4.45056954e-02, -1.06229220e-01, -2.02147975e-02, -4.47779163e-02],
       [-5.81759530e-02, -6.66937289e-02, -1.42072896e-01, -5.10247198e-03, -7.05299530e-02],
       [-8.18650637e-02, -7.06904108e-02, -6.47926581e-02,  1.54891255e-02, -6.35137405e-02],
       [-3.77038724e-03, -4.81058401e-02, -1.22373758e-01,  8.63899778e-03, -4.83865523e-02],
       [-1.78918589e-03,  5.30538367e-02,  6.76831772e-02,  5.66349898e-02,  3.93415528e-02],
       [-4.74683921e-02, -7.01453269e-02, -1.01403954e-01,  2.39758607e-02, -4.01204192e-02],
       [ 8.42077424e-03, -6.90087826e-02, -8.67263189e-02,  5.46677045e-02, -3.83807545e-02],
       [ 2.72585680e-02,  2.56446016e-02,  9.59001960e-02,  1.13975989e-02,  5.70822251e-02],
       [ 1.67200584e-02,  6.72763290e-02,  8.11644659e-02,  3.19127384e-02,  5.28207806e-02],
       [ 3.51688007e-02,  3.07566596e-03,  3.77108594e-02, -5.96724695e-02,  1.61562747e-02],
       [-8.48394178e-02, -7.90685613e-02, -8.46079866e-02, -2.33306599e-02, -5.38547611e-02],
       [ 6.56886834e-02,  7.42167166e-02,  1.12728427e-01,  5.35331582e-02,  6.24618333e-02],
       [-8.66492586e-02, -1.14043415e-01, -3.57682365e-02,  2.65236691e-02, -5.20042157e-02],
       [-2.67015630e-02, -8.21082978e-02, -2.88812481e-02, -8.46193570e-03, -4.77390184e-02],
       [-2.96072430e-02, -3.81717985e-02, -9.48764740e-02, -4.01185644e-02, -6.39434743e-02],
       [-2.45714542e-02, -7.61458534e-03, -6.72623252e-03,  9.12603846e-02, -2.26644749e-02],
       [ 6.65538969e-02, -4.34017532e-02,  5.07994231e-02, -4.30001843e-02,  3.76019805e-02],
       [-7.11260864e-02, -1.69545880e-02, -3.80477941e-02,  3.31107008e-03, -4.13424068e-02],
       [-8.42851953e-02, -4.63254050e-02, -7.74589306e-02, -5.34946804e-02, -4.26641677e-02],
       [ 8.11348907e-02,  1.00193515e-01, -1.67266328e-02, -1.86648316e-02, -4.09568238e-02],
       [ 1.23106381e-01,  4.46552112e-02,  3.56846379e-03, -2.47331780e-02, -4.34903254e-02],
       [ 1.17673393e-01,  1.02202320e-01,  4.41767647e-02, -1.99628248e-02, -8.17569808e-02],
       [ 6.17907644e-02,  7.09688807e-02,  9.81739358e-02,  2.10230171e-03, -6.50453910e-02],
       [ 1.18119867e-01,  6.20161413e-02, -6.80210643e-03,  4.63341071e-04, -5.66558294e-02],
       [-7.73105330e-02, -2.81534669e-02, -2.51975641e-02,  6.72402335e-02,  4.11856702e-02],
       [ 4.38704907e-02,  1.56099344e-02, -7.86663826e-03,  1.95371148e-02, -4.81510202e-02],
       [ 1.03905484e-01,  7.34829780e-03,  3.90551994e-03,  5.73759071e-02, -4.37554481e-02],
       [-8.92947295e-02, -9.03649972e-02, -4.54853193e-02,  2.27435552e-02,  5.75718176e-02],
       [-8.27609423e-02, -4.29028398e-02, -4.63210040e-02,  3.78475648e-02,  4.98672443e-02],
       [-5.14757187e-04, -2.69826167e-02,  4.40471227e-03, -5.88937612e-02,  1.93928641e-02],
       [ 2.76953363e-02,  3.58911019e-02,  5.40411772e-02, -4.02487305e-02, -6.13632859e-02],
       [-7.58441177e-02, -7.45711285e-02, -5.49006752e-02,  8.05477600e-02,  7.16336811e-02],
       [ 2.90575770e-02, -6.40358356e-05,  9.76351776e-02,  1.68626751e-02, -5.54827204e-02],
       [ 7.89585260e-02,  2.55828926e-02,  9.04612064e-02, -1.79005222e-02, -4.86801542e-02],
       [ 9.42610261e-02,  9.12489516e-02,  6.09893968e-02, -4.59984450e-02, -5.91391669e-02],
       [ 3.20387092e-02,  3.60403202e-02,  4.98844039e-02,  9.05059303e-02, -2.01348606e-02],
       [-1.45563386e-02, -1.08020044e-01, -3.56984760e-02, -3.38275394e-02,  3.58419707e-02],
       [ 1.91552048e-02,  6.96708101e-02,  6.57880769e-02, -5.90367133e-03, -4.17124321e-02],
       [-4.91409635e-03,  4.52966318e-02,  2.79503970e-02, -7.22562306e-02, -4.80780716e-02],
       [-8.73001979e-02, -4.58453563e-02,  7.25380072e-02,  1.04255676e-02,  3.74306363e-02],
       [-6.06553342e-02, -9.15232285e-02,  1.02212409e-01, -6.38719552e-03,  6.41286634e-02],
       [-2.49858770e-02, -6.58771618e-02,  3.43850242e-02, -2.34153653e-02,  5.77380288e-02],
       [-6.69335322e-02, -5.34904080e-02,  9.25561192e-02, -1.35761422e-02,  4.36355557e-02],
       [ 6.08505832e-02,  3.22881467e-02, -5.59862888e-02, -5.15667071e-02, -3.86509986e-02],
       [-1.54161243e-02, -1.73768847e-02,  8.75394378e-02, -3.10041034e-02,  3.99946844e-02],
       [-5.84551222e-02, -1.05944466e-02,  6.46687327e-02, -5.56021717e-02,  3.50090769e-02],
       [ 6.39573774e-02,  9.65181448e-02, -7.38353968e-02, -1.31650470e-03, -5.44801244e-02],
       [ 6.25153433e-02,  4.51844880e-02, -5.68216480e-02, -2.02669286e-02, -4.75654748e-02],
       [-1.37954362e-02,  1.95044439e-02, -2.83286462e-02,  5.56794805e-02, -1.47052653e-02],
       [-2.80165047e-04, -3.59389827e-02,  6.56055248e-02,  1.55460987e-02,  5.41908191e-02],
       [ 4.00826724e-02,  6.82686902e-02, -8.71620932e-02, -4.69726805e-02, -6.28053914e-02],
       [ 4.11387318e-04, -1.00081764e-03,  1.38412319e-02, -3.56828413e-02,  5.24159243e-02],
       [-4.95342922e-02, -2.42748512e-02,  8.06192552e-03,  4.98232140e-04,  4.37913493e-02],
       [-6.07252213e-02, -8.36289688e-02,  5.87795364e-02,  2.14032413e-02,  5.18847513e-02],
       [-1.44558844e-02, -3.53555057e-02, -9.03385205e-03, -8.48103215e-02,  1.84022442e-02],
       [-8.61187581e-04,  1.08708423e-01, -3.22842441e-02,  4.33950402e-02, -3.30803835e-02],
       [ 9.55069707e-04, -6.53027663e-02,  1.83080545e-02, -9.94880846e-03,  3.69180629e-02],
       [ 1.63070245e-02, -3.83211433e-02,  5.86843701e-02,  4.24547494e-02,  3.99931478e-02],
       [-1.27486335e-01,  1.17029002e-02,  7.14822995e-02,  9.71390940e-04,  6.56443284e-02],
       [-8.48062290e-02,  2.24117685e-02,  8.48041476e-03, -1.81565546e-02,  5.95711078e-02],
       [-1.12683360e-01,  1.14194833e-02,  7.41614341e-02, -1.13477552e-02,  4.58360375e-02],
       [ 8.73023943e-02, -2.68286149e-02, -3.32757076e-02, -5.09295488e-02, -3.68951768e-02],
       [-4.91613289e-02,  4.04429250e-02,  6.51525848e-02, -2.41822671e-02,  3.89529151e-02],
       [-9.48849320e-02,  4.24627178e-02,  4.88588332e-02, -5.44577011e-02,  3.55793019e-02],
       [ 1.09801863e-01,  1.28538445e-02, -4.45512176e-02, -7.62944858e-03, -5.35890987e-02],
       [ 1.10018504e-01, -2.82086455e-02, -3.47020575e-02, -2.64342402e-02, -4.92122096e-02],
       [ 5.84804836e-03,  3.73546004e-03, -2.96079897e-02,  5.83291138e-02, -1.72596644e-02],
       [-5.16271037e-02,  4.63588457e-02,  4.14620389e-02,  2.35951147e-02,  5.66000501e-02],
       [ 9.61734111e-02, -2.48228446e-02, -5.45279415e-02, -4.87896283e-02, -6.04818692e-02],
       [-4.98594231e-02,  7.35612305e-02, -9.49709693e-03, -2.78827112e-02,  4.98372816e-02],
       [-9.50410210e-02,  4.38782989e-02, -1.22597652e-02,  4.60052581e-03,  4.43033943e-02],
       [-1.27090806e-01, -6.79698181e-03,  3.66980379e-02,  3.30078368e-02,  5.95869030e-02],
       [-4.34794950e-02, -9.86793332e-03, -1.54268111e-02, -8.90222865e-02,  2.04337988e-02],
       [ 2.85745333e-02,  6.51309912e-02, -1.91165768e-02,  4.28475478e-02, -3.46079600e-02],
       [-2.77570865e-02, -1.08888905e-02,  9.90398792e-04, -4.71272360e-03,  3.54432357e-02],
       [-1.75850675e-02,  2.02617278e-02,  4.66782756e-02,  5.62700332e-02,  4.48662736e-02],
       [ 2.21402431e-02,  2.12731133e-02, -2.48358266e-02, -6.06201473e-02,  9.26565564e-02],
       [-7.47643080e-02,  1.19605333e-02,  1.01654607e-01, -4.95717303e-02,  7.79239166e-02],
       [ 5.88082443e-02, -3.84112412e-02, -3.00710235e-02, -7.28442623e-02, -6.42218368e-02],
       [ 2.03320635e-02,  6.44425267e-02,  9.01143106e-02, -6.87398945e-02,  6.55308564e-02],
       [-7.79732023e-02,  6.54233216e-02,  6.77683126e-02, -1.20328892e-01,  6.02435822e-02],
       [ 4.44569176e-02,  3.81077381e-02, -3.55341865e-02,  2.06057652e-02, -9.24418850e-02],
       [ 5.43760639e-02, -3.57106293e-02, -2.43763237e-02, -1.52824325e-02, -8.50933494e-02],
       [-3.59578259e-02,  1.16663237e-02, -4.14822384e-02,  1.11657119e-01, -2.86327144e-02],
       [ 6.92355642e-02,  6.58220806e-02,  3.18683769e-02,  5.21393723e-03,  9.56657422e-02],
       [-1.02720216e-02, -2.98204893e-02, -4.78692826e-02, -5.06246551e-02, -1.03005615e-01],
       [ 5.35694350e-02,  1.04756373e-01, -4.70122463e-02, -7.16426027e-02,  7.80583208e-02],
       [-3.45843057e-02,  5.83133438e-02, -5.06678721e-02, -1.59882208e-02,  6.95520453e-02],
       [-4.82052961e-02, -2.64879896e-02,  1.59801994e-02,  1.79098221e-02,  9.54468933e-02],
       [-1.05191136e-02, -2.23443301e-02, -3.93555326e-02, -1.60391307e-01,  3.11094412e-02],
       [-4.23108408e-02,  1.15410142e-01, -3.78104470e-03,  8.84043881e-02, -5.35655898e-02],
       [ 4.61746459e-02, -2.85013746e-02, -2.44659006e-02, -2.76065626e-02,  5.91422506e-02],
       [ 9.39709729e-02,  2.34435738e-02,  4.78176629e-02,  6.97513177e-02,  7.69814169e-02],
       [-3.31004924e-02,  2.49166097e-02,  2.63502152e-02, -6.28938312e-02,  6.96743969e-02],
       [ 2.28875691e-02, -4.21215096e-02,  2.52853171e-02, -4.28035768e-02, -5.59206678e-02],
       [ 4.30693304e-02,  6.43136942e-02,  2.59646252e-02, -7.40825665e-02,  5.72365255e-02],
       [-4.37139231e-02,  5.83548483e-02,  1.56664656e-02, -1.06023178e-01,  4.92874906e-02],
       [-2.79216671e-03,  1.71563308e-02,  4.62987449e-02,  4.00607455e-02, -8.05070560e-02],
       [ 7.00004903e-03, -3.59194677e-02,  4.12421885e-02,  5.34890626e-03, -6.23493825e-02],
       [-3.82621095e-02,  5.91645186e-03, -1.47187881e-02,  9.23751425e-02, -2.29481452e-02],
       [ 8.40766869e-02,  5.78350141e-02, -4.09431426e-02, -1.43355693e-02,  6.98577012e-02],
       [-4.95114609e-02, -3.73818726e-02,  4.05173735e-02, -1.43412838e-02, -8.26331821e-02],
       [ 6.72529334e-02,  8.65069756e-02, -8.72415167e-02, -6.90709376e-02,  6.02805122e-02],
       [-1.28473335e-03,  5.15496315e-02, -8.48427623e-02, -2.70429082e-02,  5.43745530e-02],
       [ 4.54775341e-04, -8.60199845e-03, -5.83320111e-02, -9.30276249e-03,  7.51057775e-02],
       [-2.27154969e-03, -1.55045446e-02, -4.50304767e-02, -1.23349700e-01,  2.09839668e-02],
       [-4.90668825e-02,  8.13554954e-02,  3.23677118e-02,  7.82868014e-02, -4.38449920e-02],
       [ 5.42979738e-02, -1.41816109e-02, -5.85008913e-02, -3.24388182e-02,  4.72216346e-02],
       [ 1.07755596e-01,  2.81340457e-02, -2.01321283e-02,  3.77754054e-02,  6.19667778e-02],
       [ 6.72903384e-02, -3.00625807e-02, -4.77569956e-02, -3.51571413e-02, -4.39672684e-02],
       [-1.58390780e-02,  4.67946597e-02,  8.40453970e-02, -5.35339466e-02,  4.47891471e-02],
       [-7.47924966e-02,  4.69210187e-02,  6.73229366e-02, -8.63285080e-02,  4.18180130e-02],
       [ 8.04615519e-02,  1.90061539e-02, -7.19243666e-02,  3.12631704e-02, -6.78059265e-02],
       [ 7.88677426e-02, -3.05492884e-02, -5.36980147e-02,  5.08545885e-03, -5.88754524e-02],
       [-1.21011841e-02,  4.70754483e-03, -3.77686057e-02,  7.74431407e-02, -1.95330157e-02],
       [ 1.58033993e-04,  5.28015347e-02,  6.29804549e-02, -1.33876160e-02,  6.65805898e-02],
       [ 4.61711189e-02, -2.92446015e-02, -7.99567137e-02, -1.12737447e-02, -7.07752314e-02],
       [-1.81531604e-03,  8.22345262e-02,  5.52107639e-03, -6.57340242e-02,  5.81283780e-02],
       [-5.48509730e-02,  4.40106040e-02, -2.49975562e-03, -2.37407489e-02,  4.86221874e-02],
       [-7.79475895e-02, -8.21432082e-03,  5.39353310e-02, -6.74213775e-03,  6.55593189e-02],
       [-1.47617212e-02, -1.26341023e-02, -1.98675653e-02, -1.05579165e-01,  2.00138965e-02],
       [-3.37892909e-03,  7.20206898e-02, -2.39319727e-02,  6.69761180e-02, -3.83642991e-02],
       [ 1.48475979e-03, -1.44270149e-02,  1.28828130e-02, -3.29140897e-02,  4.56057309e-02],
       [ 2.55596307e-02,  2.31067136e-02,  6.69386261e-02,  3.33459435e-02,  5.34778286e-02],
       [ 1.86533766e-02, -6.59633830e-02, -5.12835271e-02, -1.60410691e-02, -4.26180612e-02],
       [ 7.07672818e-02, -6.22196554e-02, -3.47118512e-02,  1.95628479e-02, -3.77099673e-02],
       [-6.19158959e-02,  7.90050931e-03,  1.20238009e-02,  6.55315749e-02,  5.43248453e-02],
       [-5.31467239e-02,  4.10997074e-02,  5.21541371e-03,  6.74233469e-02,  4.32459172e-02],
       [ 5.41858800e-03,  5.64920939e-03,  2.12798744e-02, -3.68055601e-02,  1.86128429e-02],
       [ 3.83194204e-03, -5.57877143e-02, -7.21718712e-03, -6.90271317e-02, -4.81480992e-02],
       [-3.43215106e-02,  4.20137465e-02,  1.45268002e-02,  1.06779233e-01,  5.47057088e-02],
       [ 1.28712233e-03, -8.90532988e-02,  3.53145482e-02, -2.06404967e-02, -4.67696760e-02],
       [ 4.59549453e-02, -5.63206375e-02,  3.57759176e-02, -4.92550222e-02, -4.13942748e-02],
       [ 6.44757152e-02, -1.40272238e-02, -1.72540576e-03, -9.24173914e-02, -5.54864072e-02],
       [ 1.54264126e-02, -1.34988314e-03,  2.42204305e-02,  6.39691252e-02, -1.96725305e-02],
       [ 5.29727464e-03, -4.88970908e-02, -2.19370726e-03, -4.69644553e-03,  3.40978691e-02],
       [-3.62064662e-03, -3.01274961e-03,  2.08205236e-02, -3.37769923e-02, -3.64234803e-02],
       [-1.74297850e-02, -2.83858512e-02, -1.70335702e-02, -8.52781071e-02, -3.80698782e-02],
       [-2.22478486e-02,  5.78300710e-02,  5.72977964e-02, -8.15551776e-02,  3.36390807e-02],
       [-2.13178017e-03, -2.78107819e-02, -6.11364425e-02,  4.98536325e-02, -5.68629865e-02],
       [ 5.74183206e-03, -5.84727936e-02, -4.21024210e-02,  2.15029359e-02, -4.54045944e-02],
       [-2.86039232e-02, -3.24401553e-03, -3.24351165e-02,  7.00154293e-02, -1.56470006e-02],
       [ 5.44159680e-02,  7.55391120e-02,  5.03861063e-02, -3.01759239e-02,  5.04646952e-02],
       [-3.71012213e-02, -8.03561175e-02, -7.52868122e-02,  1.28083439e-02, -6.43814134e-02],
       [ 4.67841753e-02,  9.03490601e-02,  7.03238093e-03, -6.43714433e-02,  4.37233556e-02],
       [ 1.83571762e-03,  7.48309618e-02,  1.72119438e-03, -3.84614638e-02,  4.34881440e-02],
       [-1.23719340e-06,  3.91544371e-02,  5.12019849e-02, -2.91021467e-02,  5.90491398e-02],
       [ 4.51702880e-03, -3.65500080e-03, -1.34531087e-02, -9.08201169e-02,  1.60106763e-02],
       [-4.27778590e-02,  3.70015891e-02, -2.69792668e-02,  7.49349802e-02, -3.43293313e-02],
       [ 4.47518482e-02,  1.57809547e-02,  1.32012699e-02, -4.28711371e-02,  3.72177769e-02],
       [ 6.10670636e-02,  4.60668326e-02,  5.10850058e-02,  7.32441425e-03,  4.05474670e-02],
       [ 6.90158500e-02, -3.28832614e-02, -4.06416786e-02,  8.58404694e-02, -4.89130732e-02],
       [ 6.67175341e-02, -5.85677807e-02, -3.15901168e-02,  5.69026336e-02, -4.27701580e-02],
       [-8.84404133e-03, -1.18470983e-03, -2.21222857e-02,  6.62587482e-02, -1.26678968e-02],
       [-2.04029910e-02,  7.54344688e-02,  3.69950565e-02, -6.88352447e-02,  4.73793772e-02],
       [ 5.94133080e-02, -8.66062201e-02, -6.12731769e-02,  6.52345464e-02, -6.53537860e-02],
       [-2.01844639e-02,  8.75574276e-02, -1.14235888e-03, -9.28664085e-02,  4.07915024e-02],
       [-6.25486098e-02,  7.32412725e-02, -7.13717472e-03, -7.08228899e-02,  4.02949199e-02],
       [-8.34100112e-02,  4.18678059e-02,  3.53939868e-02, -7.61131120e-02,  5.49433639e-02],
       [-1.63372301e-02, -4.37852058e-03, -1.57104065e-02, -9.10525530e-02,  1.31464273e-02],
       [ 8.31386090e-03,  3.19596583e-02, -1.87335315e-02,  9.51640411e-02, -3.13436315e-02],
       [-1.08945847e-02,  1.83010821e-02,  4.78037928e-03, -6.92538371e-02,  3.45189843e-02],
       [ 8.11905012e-03,  5.79855415e-02,  4.66213451e-02, -2.85152942e-02,  4.38000284e-02],
       [-4.88257559e-02,  1.12556075e-04, -1.08670347e-03,  1.93071579e-02,  6.20339500e-02],
       [ 2.32277681e-02, -1.75130002e-02,  2.58293744e-02, -8.28772909e-02,  2.28141125e-02],
       [-3.51946628e-02, -1.98012508e-02, -4.62359943e-04, -1.44336514e-02, -7.56571761e-02],
       [-1.25637991e-02, -1.22724090e-02,  1.35449355e-02,  4.97214520e-02,  8.20370661e-02],
       [-2.96741281e-02, -5.96298970e-02,  5.86617944e-02,  5.07528717e-02, -6.70097209e-02],
       [ 4.14873107e-02, -2.25923513e-02,  5.83321424e-02,  6.03810569e-03, -6.05205139e-02],
       [ 5.07943615e-02,  5.06798891e-02,  6.60085771e-03, -2.32711258e-02, -7.46855866e-02],
       [ 7.48152654e-03,  2.18166543e-02,  3.73129327e-02,  1.17423629e-01, -2.28356936e-02],
       [ 2.43266820e-02, -1.02784116e-01, -6.50192834e-03, -6.22712138e-02,  4.37714495e-02],
       [-2.50465991e-02,  4.36419038e-02,  3.38248713e-02,  1.73400681e-02, -5.16503437e-02],
       [-5.39050749e-02,  4.31302032e-03, -1.75308403e-02, -5.71356877e-02, -5.55775936e-02],
       [ 1.67944263e-02, -1.02950978e-03,  2.00871311e-02, -6.39963412e-02,  2.05550191e-02],
       [-2.16589425e-02, -6.82805616e-02,  7.03160605e-03, -3.91318971e-02, -6.33909484e-02],
       [-2.03948132e-02,  4.69284089e-02,  3.21952102e-03,  7.02073767e-02,  6.90738276e-02],
       [-1.65420738e-02, -9.53056729e-02,  5.70680730e-02,  2.00938815e-02, -5.67670144e-02],
       [ 3.78158224e-02, -5.44605479e-02,  4.92769870e-02, -1.40070136e-02, -4.70149094e-02],
       [ 5.15035673e-02, -1.04832069e-02,  1.33240873e-02, -4.55975577e-02, -6.21843385e-02],
       [ 1.21683260e-02,  8.15258531e-03,  3.53005175e-02,  9.54063993e-02, -2.16489431e-02],
       [ 1.40199145e-02, -6.91525630e-02, -1.19601534e-02, -4.32735897e-02,  4.46118151e-02],
       [-1.53231200e-02,  4.05104593e-03,  3.44805972e-02, -2.65738248e-03, -4.47787690e-02],
       [-4.05011264e-02, -3.11524895e-02, -8.12753275e-03, -6.71253395e-02, -4.75132027e-02],
       [-4.65418669e-02, -3.20658453e-03, -2.35396975e-02,  7.32426534e-02, -2.21686112e-02],
       [ 3.91912037e-02, -2.37591043e-03,  3.32687345e-02, -7.95993748e-02,  2.72778189e-02],
       [-3.31577404e-02, -4.78135996e-03, -1.13524214e-02,  7.34525630e-02, -1.68357997e-02],
       [-1.61736598e-02, -5.32650691e-03, -3.79790979e-03,  6.42079898e-02, -1.77660242e-02],
       [-2.38649997e-02,  1.57876737e-02, -2.18654015e-02,  7.99618992e-02, -2.45874203e-02],
       [-7.53755510e-03,  8.14707297e-03,  1.21579085e-03,  4.74904421e-02, -5.93424681e-03],
       [ 2.45865871e-02, -2.31160843e-02,  1.29360349e-02, -5.91509265e-02,  1.21250807e-02],
       [-2.99831111e-02,  1.23928276e-02, -8.46166162e-03,  5.76171222e-02, -1.48389050e-02],
       [-4.47986291e-02,  1.37342809e-03, -2.34053808e-02,  4.60279059e-02, -1.80051818e-02],
       [-7.88481691e-02, -7.13612731e-02, -7.89047991e-03, -6.76852765e-02, -7.72599158e-02],
       [ 8.81076847e-02,  1.07678649e-01, -5.31019410e-02, -2.81876027e-02,  5.77316141e-02],
       [ 2.83030654e-02,  8.33634794e-02, -5.71136860e-02,  1.11222390e-02,  5.72643845e-02],
       [ 3.29319412e-02,  2.76427866e-02, -1.13230707e-02,  4.26245060e-02,  7.13714309e-02],
       [ 1.83085236e-02, -2.37162788e-03, -3.61793973e-02, -1.07674722e-01,  2.44983815e-02],
       [-7.83000029e-02,  6.13175457e-02,  9.57161975e-03,  5.16645753e-02, -4.67288054e-02],
       [ 8.06953950e-02,  9.11714948e-03, -3.44309010e-02, -2.52715702e-03,  4.94210245e-02],
       [ 1.03465347e-01,  4.40115169e-02,  1.18105833e-02,  6.61109939e-02,  5.16437637e-02],
       [-7.00589599e-02, -1.09857002e-01,  5.50377499e-02,  9.50386194e-03, -6.94694659e-02],
       [ 7.85375018e-03, -6.32630275e-02,  5.63689782e-02, -3.56845474e-02, -6.10198970e-02],
       [ 1.31691530e-02,  2.84264382e-03,  3.84552497e-03, -8.72706771e-02, -8.22816949e-02],
       [-4.45463129e-03,  8.16219665e-03,  3.99435560e-02,  1.18108125e-01, -3.40530825e-02],
       [ 5.88483103e-02, -9.51165467e-02, -6.86879383e-03, -3.83764904e-02,  5.44964915e-02],
       [-6.38233550e-02,  1.29868633e-02,  3.48042287e-02, -2.33560351e-02, -5.84434188e-02],
       [-1.02734456e-01, -3.36208553e-02, -2.58384759e-02, -1.18696103e-01, -6.55558752e-02],
       [ 1.80684284e-02,  8.93460112e-02, -8.10271549e-02, -3.41672914e-02,  4.52718753e-02],
       [ 2.90230986e-02,  6.84646495e-02, -7.41634814e-02, -2.63836068e-02,  6.90172960e-02],
       [ 6.36345957e-03, -6.50424553e-04, -4.26374694e-02, -1.02503448e-01,  1.81367310e-02],
       [-6.43494380e-02,  2.93804204e-02,  4.29905040e-02,  8.11256660e-02, -3.99710832e-02],
       [ 5.91303487e-02,  2.76119848e-02, -5.92306848e-02, -3.78245711e-02,  3.93840690e-02],
       [ 9.38735479e-02,  6.94474713e-02, -2.74474260e-02,  1.52190093e-02,  4.73724337e-02],
       [-4.27480254e-02,  2.95192215e-02, -7.19022820e-02,  1.90147260e-02,  6.06034495e-02],
       [-1.16999977e-02, -9.10501596e-04, -4.65161863e-02, -9.22297835e-02,  1.86365816e-02],
       [-1.78840669e-02,  4.51893463e-02,  4.41409578e-02,  5.09345946e-02, -3.62563168e-02],
       [ 1.86090650e-02,  1.06012817e-02, -6.45561802e-02, -1.21865550e-02,  3.87249197e-02],
       [ 4.78376975e-02,  4.77780508e-02, -3.23388318e-02,  4.82143243e-02,  4.64373780e-02],
       [-1.28964908e-02, -2.59899175e-02, -4.59419853e-02, -1.19304927e-01,  2.61505639e-02],
       [-2.27228775e-02,  1.20607279e-01,  2.12009535e-02,  5.10787686e-02, -5.29957366e-02],
       [ 2.56871933e-02, -4.13736054e-02, -4.64042949e-02,  3.82743455e-03,  5.34669928e-02],
       [ 6.14341269e-02,  3.78946072e-04,  7.29186041e-03,  9.13881655e-02,  6.15385462e-02],
       [-3.89507615e-03,  2.79377654e-02,  2.26305860e-02,  7.96065666e-02, -1.22349815e-02],
       [ 6.42737600e-03, -1.82583389e-02, -3.33025355e-02, -8.17088977e-02,  1.57885849e-02],
       [ 3.21716860e-02, -6.25633376e-03, -2.34986269e-02, -7.13421283e-02,  2.23320067e-02],
       [-4.19854737e-02,  6.40757558e-02,  2.22204631e-02,  4.46505350e-02, -2.75920405e-02],
       [-8.07466653e-02,  6.08725118e-02, -2.40284220e-03,  1.13850857e-02, -3.73412274e-02],
       [ 7.37355582e-02, -6.99090417e-03, -1.52908446e-02,  2.65287344e-02,  3.67228122e-02]])})
2026-01-20 11:02:10,551 - final_problem_set.kxor_instance_n29_k2_m245_ell2_eps0.25_kappa1.0_rho0.8 - INFO - Running key extraction (n=29, m=245, ell=2, phase_qubits=13)
2026-01-20 11:02:10,559 - final_problem_set.kxor_instance_n29_k2_m245_ell2_eps0.25_kappa1.0_rho0.8 - INFO - Built voting matrix V (n=29, ell=2, dtype=complex128) in 0.007s
2026-01-20 11:02:10,559 - final_problem_set.kxor_instance_n29_k2_m245_ell2_eps0.25_kappa1.0_rho0.8 - INFO - Eval: adv=0.8286, hamming=0/29 (0.000), corr=1.000
2026-01-20 11:02:10,559 - final_problem_set.kxor_instance_n29_k2_m245_ell2_eps0.25_kappa1.0_rho0.8 - INFO - Key extraction complete: x_hat=11
2026-01-20 11:02:10,560 - final_problem_set.kxor_instance_n29_k2_m245_ell2_eps0.25_kappa1.0_rho0.8 - INFO - Finished step 'KeyExtractionStep' in 0.008s (success: True, problem=kxor_instance_n29_k2_m245_ell2_eps0.25_kappa1.0_rho0.8)
2026-01-20 11:02:10,560 - final_problem_set.kxor_instance_n29_k2_m245_ell2_eps0.25_kappa1.0_rho0.8 - INFO - SUCCESS: len(z_hat)=29
2026-01-20 11:02:10,560 - final_problem_set.kxor_instance_n29_k2_m245_ell2_eps0.25_kappa1.0_rho0.8 - INFO - Metrics: adv=0.8285714285714286, ham_frac=0.0, corr=1.0
2026-01-20 11:02:10,560 - final_problem_set.kxor_instance_n29_k2_m245_ell2_eps0.25_kappa1.0_rho0.8 - INFO - z_hat (full): [-1,  1,  1, -1,  1, -1, -1,  1,  1, -1, -1, -1, -1, -1,  1, -1, -1,  1,  1,  1, -1,  1, -1, -1, -1, -1,  1, -1, -1]
