2026-01-20 11:00:54,149 - final_problem_set.kxor_instance_n20_k2_m144_ell2_eps0.2_kappa1.0_rho0.8 - INFO - Starting iteration for /Users/julian/CodingProjects/UniT3/QuarticSpeedupK-XOR/z_Daphne/data/final_problem_set/kxor_instance_n20_k2_m144_ell2_eps0.2_kappa1.0_rho0.8.npz
2026-01-20 11:00:54,150 - final_problem_set.kxor_instance_n20_k2_m144_ell2_eps0.2_kappa1.0_rho0.8 - INFO - Loaded instance (n=20, m=144, k=2)
2026-01-20 11:00:54,150 - final_problem_set.kxor_instance_n20_k2_m144_ell2_eps0.2_kappa1.0_rho0.8 - INFO - Starting step 'ComputeKikuchiStep' (version 0.1) on problem kxor_instance_n20_k2_m144_ell2_eps0.2_kappa1.0_rho0.8 (fields={'ell': 2, 'threshold': 0.0})
2026-01-20 11:00:54,168 - final_problem_set.kxor_instance_n20_k2_m144_ell2_eps0.2_kappa1.0_rho0.8 - INFO - Finished step 'ComputeKikuchiStep' in 0.018s (success: True, problem=kxor_instance_n20_k2_m144_ell2_eps0.2_kappa1.0_rho0.8)
2026-01-20 11:00:54,168 - final_problem_set.kxor_instance_n20_k2_m144_ell2_eps0.2_kappa1.0_rho0.8 - INFO - Starting step 'ClassicalEigenvaluesStep' (version 0.1) on problem kxor_instance_n20_k2_m144_ell2_eps0.2_kappa1.0_rho0.8 (fields={'ell': 2, 'threshold': 0.0, 'kikuchi_matrix': <Dictionary Of Keys sparse matrix of dtype 'int64'
	with 3600 stored elements and shape (190, 190)>, 'num_eigenvalues': 5})
2026-01-20 11:00:54,227 - final_problem_set.kxor_instance_n20_k2_m144_ell2_eps0.2_kappa1.0_rho0.8 - INFO - Finished step 'ClassicalEigenvaluesStep' in 0.060s (success: True, problem=kxor_instance_n20_k2_m144_ell2_eps0.2_kappa1.0_rho0.8)
2026-01-20 11:00:54,227 - final_problem_set.kxor_instance_n20_k2_m144_ell2_eps0.2_kappa1.0_rho0.8 - INFO - Starting step 'KeyExtractionStep' (version 0.1) on problem kxor_instance_n20_k2_m144_ell2_eps0.2_kappa1.0_rho0.8 (fields={'ell': 2, 'threshold': 0.0, 'kikuchi_matrix': <Dictionary Of Keys sparse matrix of dtype 'int64'
	with 3600 stored elements and shape (190, 190)>, 'num_eigenvalues': 5, 'eigenvalues': array([10.23586069, 10.42337123, 10.75551297, 11.88552129, 16.04236151]), 'eigenvectors': array([[ 4.70531832e-02,  2.89454837e-02,  1.07490873e-01, -2.35525633e-04,  3.84590688e-02],
       [ 3.85672831e-02,  4.43944714e-02, -1.33844867e-01, -8.82518605e-03, -6.07409961e-02],
       [ 5.45401991e-02,  3.16505999e-03, -1.50277151e-01, -2.16298402e-02, -6.50517640e-02],
       [ 1.97143331e-02, -4.46794628e-02,  1.07343171e-02, -8.37608320e-02, -5.51760344e-03],
       [-2.32159419e-02, -6.33414221e-02,  9.90178880e-02,  6.94383000e-02,  3.63587671e-02],
       [-2.44127026e-02, -2.54654956e-02,  1.45552668e-01,  4.89476795e-02,  6.46235831e-02],
       [ 2.69991083e-02,  4.58476470e-02, -1.30779661e-01, -4.24092489e-02, -5.08447850e-02],
       [ 2.27299175e-02, -6.93032765e-03, -1.08172880e-01, -9.10026522e-02, -5.89092136e-02],
       [-1.97256853e-02, -4.50883559e-03,  1.70758574e-01,  6.91490337e-02,  6.47396146e-02],
       [-8.71595664e-03, -4.31313493e-02,  1.65838727e-01,  5.86826160e-02,  6.06366984e-02],
       [-6.06968436e-02,  8.52403180e-04,  1.04645502e-01, -9.82165924e-03,  3.08275308e-02],
       [ 3.49679375e-02, -5.66431793e-02,  7.48297228e-02, -3.22869812e-02,  2.62801324e-02],
       [-5.44422029e-02, -6.07443509e-02,  3.07559489e-02,  6.78000183e-02,  4.77743777e-02],
       [-2.49405706e-02, -1.16029442e-02,  1.85892763e-01,  3.89131215e-02,  5.28493260e-02],
       [ 1.57373345e-02, -4.03605000e-02, -1.15132978e-01, -4.95634505e-02, -5.60892543e-02],
       [-7.06003376e-03,  4.59284164e-02, -1.80350028e-01, -7.66817515e-02, -7.26747062e-02],
       [-1.86204891e-03,  1.47573240e-02, -1.28221143e-01, -5.71574216e-02, -3.75579644e-02],
       [ 2.22686437e-02, -6.03257879e-02, -1.28767334e-01, -2.20114478e-02, -4.87603028e-02],
       [ 1.04262215e-01,  1.57960329e-02, -4.13643648e-02,  1.11626709e-02, -2.24020287e-02],
       [-9.35910963e-02, -5.76605360e-02,  1.34345330e-02,  1.04493374e-01, -6.55423078e-02],
       [-8.56012020e-02, -1.04572847e-01,  5.08119487e-03,  1.01632272e-01, -6.90524834e-02],
       [-5.61027470e-03, -5.84578359e-02,  3.22727400e-03, -8.68757568e-02, -9.81584207e-03],
       [ 7.99557920e-02, -2.64902012e-02,  3.56245649e-02,  1.61318535e-02,  5.41765891e-02],
       [ 1.18594620e-01,  8.53099625e-02, -8.45723058e-03, -7.37714330e-02,  7.03647705e-02],
       [-9.73495611e-02, -3.80085123e-02, -1.13178136e-02,  5.72323942e-02, -6.49141214e-02],
       [-1.00473646e-01, -8.77485021e-02,  2.51669377e-02,  1.39924865e-02, -5.89663123e-02],
       [ 1.27516693e-01,  9.99166308e-02,  2.07219179e-02, -4.92388937e-02,  7.22643791e-02],
       [ 1.63068331e-01,  5.89518288e-02,  1.23155691e-02, -6.42130675e-02,  7.89287750e-02],
       [-5.71449570e-03,  6.03588998e-02,  5.19772938e-02, -7.87025223e-02,  3.81709097e-02],
       [ 8.19445710e-02, -1.61502274e-02,  5.03529211e-03, -7.51403203e-02,  2.76179113e-02],
       [ 4.77136801e-02,  1.12176161e-02, -8.41420334e-02, -1.38745282e-02,  4.96170264e-02],
       [ 9.91691987e-02,  8.38163538e-02,  7.06659544e-02, -6.74653079e-02,  6.34482732e-02],
       [-9.31885360e-02, -1.13165393e-01,  1.25403439e-02,  4.58479975e-02, -5.38238028e-02],
       [-1.60002895e-01, -7.38751725e-02, -6.65448411e-03,  5.74281283e-02, -7.31435081e-02],
       [-8.87610177e-02, -4.24771981e-02, -6.02202422e-02,  1.91192345e-03, -4.58922724e-02],
       [-7.34428804e-02, -1.27825611e-01, -1.25842628e-02,  6.24222767e-02, -4.73231466e-02],
       [ 7.17450612e-02, -2.31509541e-02,  4.48971128e-03,  5.40986353e-02, -2.54278402e-02],
       [-5.40009308e-02, -3.84484174e-03, -7.16753195e-02, -1.17891830e-01,  9.70206519e-02],
       [-3.70814584e-02,  6.44482611e-02, -2.28826135e-02,  1.37297373e-01,  2.09635306e-02],
       [ 3.28353233e-02,  1.54480949e-01, -3.16658888e-03, -3.58960739e-02, -7.79005421e-02],
       [ 1.77171594e-02,  3.92822989e-02,  8.68874171e-02,  9.47130054e-02, -1.10870212e-01],
       [-2.15467211e-02, -7.76002537e-02, -3.28281245e-02, -5.90949758e-02,  8.92858670e-02],
       [-1.33386107e-02,  4.41282261e-03, -1.22755251e-01,  1.63542477e-03,  1.03295015e-01],
       [ 8.42807623e-03,  1.84026394e-02,  4.46712319e-02,  5.42886046e-02, -1.16619516e-01],
       [-1.77861639e-02,  8.13502040e-02,  5.19756199e-02,  7.03558723e-02, -1.08917517e-01],
       [ 1.12659167e-01, -3.44801285e-03, -4.85446427e-02,  1.12190417e-01, -5.95538307e-02],
       [-7.03507799e-02,  7.99685574e-02,  7.02055655e-03,  1.12494830e-01, -3.80387820e-02],
       [ 5.31107660e-02,  7.83184937e-02,  1.57100778e-01,  4.05634642e-05, -6.61769839e-02],
       [ 3.16164979e-02,  2.47508701e-02, -6.01170312e-02,  8.76237208e-02, -1.03627633e-01],
       [-1.65702600e-03,  6.45640773e-02, -8.23255997e-02, -5.01843174e-02,  8.63544902e-02],
       [ 3.66339823e-02, -7.41515605e-02, -6.69491363e-02, -6.20899571e-02,  1.17498085e-01],
       [ 2.02368274e-02, -4.39203925e-02,  6.36045242e-02,  1.04419012e-02,  8.25113092e-02],
       [-1.66663327e-02,  1.04822740e-01, -2.44296966e-02, -8.22185840e-02,  7.55111082e-02],
       [-1.61072152e-01, -1.32351667e-02, -1.41991177e-02, -6.23821381e-02,  3.15776687e-02],
       [-5.38465504e-02,  8.81259792e-02, -1.90349834e-02,  1.49522801e-01,  2.11625926e-02],
       [ 5.77202732e-02,  1.09060814e-01, -1.17125973e-02, -5.15937957e-02, -8.11376851e-02],
       [ 3.94760268e-02, -2.85554082e-02,  6.94287317e-02,  6.90611686e-02, -1.02372372e-01],
       [-5.39758936e-02, -3.44476595e-02, -3.92924752e-02, -5.58426789e-02,  1.06585604e-01],
       [-3.80970404e-02,  6.38818257e-02, -1.01111331e-01,  2.02164033e-02,  9.36084303e-02],
       [ 3.60120411e-02, -5.18381675e-02,  2.73804405e-02,  3.18043970e-02, -1.08227495e-01],
       [ 7.19590862e-03,  1.45172067e-02,  4.59656204e-02,  5.49199931e-02, -1.16275919e-01],
       [ 1.15543232e-01, -3.74218170e-02, -5.79962120e-02,  9.19676931e-02, -5.44034621e-02],
       [-6.92842514e-02,  6.83582821e-02,  1.44495977e-02,  1.28187703e-01, -4.88629529e-02],
       [ 8.50783742e-02,  4.97984029e-02,  1.83078703e-01, -6.76645631e-03, -7.60973269e-02],
       [ 6.29275643e-02, -5.34280613e-02, -8.56172710e-02,  8.05149693e-02, -1.17527935e-01],
       [-2.33629722e-02,  1.18542786e-01, -7.57714380e-02, -3.79375484e-02,  8.74322075e-02],
       [ 7.42571810e-03,  2.60072072e-03, -5.87866916e-02, -4.32383726e-02,  1.22745812e-01],
       [-1.79261731e-03,  1.16958695e-02,  7.70338968e-02,  2.58584651e-02,  8.77017205e-02],
       [-3.27034865e-02,  1.57770131e-01, -1.78973982e-02, -7.19476456e-02,  7.80462119e-02],
       [-1.78021407e-01, -3.54790339e-03, -1.75493447e-02, -6.17757535e-02,  3.47950858e-02],
       [ 2.16268344e-02, -5.58264665e-02,  6.27045651e-03, -1.16788536e-01, -6.62367258e-03],
       [ 3.31973711e-02, -8.23115695e-02,  9.25936354e-03, -1.63770122e-01, -1.44741317e-02],
       [-2.66689980e-02,  6.58880740e-02, -1.53554608e-02,  1.46097110e-01,  1.21409151e-02],
       [-2.79795922e-02,  7.46032231e-02,  1.93549492e-03,  1.43629990e-01,  5.58964047e-03],
       [ 3.48265382e-02, -8.78730981e-02,  1.21005946e-02, -1.74634522e-01, -1.21629252e-02],
       [ 2.58283591e-02, -8.70133235e-02,  1.48403234e-02, -1.83937221e-01, -1.58960824e-02],
       [ 4.79795057e-02, -5.08158328e-02, -4.20869863e-03, -7.49356709e-02, -1.10910139e-02],
       [-7.86617900e-03, -1.74764719e-02,  9.29637766e-03, -5.28206121e-02, -9.72506042e-03],
       [ 1.89314101e-02, -5.21929873e-02,  1.58724848e-06, -1.04196530e-01, -6.40346109e-03],
       [ 3.84095514e-02, -8.88313040e-02,  7.55495798e-03, -1.65061019e-01, -1.58195704e-02],
       [-2.75688406e-02,  5.93793072e-02, -6.09534753e-03,  1.34501958e-01,  7.72188254e-03],
       [-2.57157029e-02,  9.93411080e-02, -1.54620662e-02,  1.97295517e-01,  1.61843120e-02],
       [-1.86784839e-02,  6.30088495e-02, -1.56043426e-02,  1.13493995e-01,  5.61597508e-03],
       [-2.89254215e-02,  5.75761780e-02, -8.85305138e-03,  1.20865350e-01,  9.73850173e-03],
       [-4.11470181e-02,  2.60722854e-02, -4.04392169e-03,  4.20232385e-02,  7.07782896e-03],
       [-1.53916922e-02, -1.38076377e-01,  1.29337527e-02,  8.54453631e-02,  7.84417256e-02],
       [ 1.99534405e-02,  1.65443464e-01, -2.52798744e-02, -8.33126550e-02, -7.10686083e-02],
       [ 8.87188562e-03,  7.71063680e-02,  8.17726864e-03, -1.18800156e-01, -6.27630138e-02],
       [-9.35471834e-03, -1.07565097e-01,  3.35400994e-02,  1.05448779e-01,  7.30434938e-02],
       [ 1.10076228e-02, -1.62854743e-01,  3.19764467e-02,  1.00445235e-01,  7.69485643e-02],
       [-9.12349289e-02, -5.18653403e-02,  6.63998725e-02, -1.77931903e-03,  4.60939222e-02],
       [ 5.68426031e-02, -1.23451275e-01,  1.62243484e-02, -2.87171732e-02,  3.61579509e-02],
       [-4.07656936e-02, -1.18684820e-01, -5.79545583e-02,  8.04552551e-02,  4.69567764e-02],
       [-2.51595817e-02, -1.08904607e-01,  8.82895692e-02,  7.49485132e-02,  7.27943276e-02],
       [ 1.92291448e-03,  3.50918353e-02,  6.45423678e-03, -8.70220790e-02, -7.20778126e-02],
       [-2.04016631e-02,  1.64126332e-01, -2.92952541e-02, -1.15174485e-01, -7.86200831e-02],
       [-1.49831114e-02,  8.26601235e-02, -6.76264577e-02, -9.44393358e-02, -4.87856376e-02],
       [ 1.97992458e-02, -1.19266322e-02, -3.39100825e-02, -5.27942120e-02, -7.11488057e-02],
       [ 1.33326345e-01,  5.53354677e-02, -3.52981962e-03,  6.81272155e-03, -3.10880787e-02],
       [ 5.50756646e-03,  7.23054312e-02,  4.03705032e-02,  1.36453314e-02, -1.08314062e-01],
       [-9.30355706e-03, -3.45460347e-02,  9.62360355e-02, -5.75022327e-02, -9.34080657e-02],
       [ 1.62608993e-02,  1.80807403e-02, -2.99137713e-02,  1.32403080e-02,  1.09333576e-01],
       [ 4.98273975e-02, -5.16122101e-02, -4.59812370e-02, -6.74471229e-03,  1.16233487e-01],
       [-1.04777072e-01,  2.59034922e-02,  5.51070303e-02, -7.70706447e-02,  5.66232901e-02],
       [ 8.59549014e-02, -8.31172183e-02, -1.28378778e-02, -1.03529003e-01,  4.42122720e-02],
       [-4.64530778e-02, -7.09525387e-02, -1.61450754e-01,  3.40887752e-02,  6.97646433e-02],
       [-1.01942841e-02,  1.33718837e-02,  7.12620364e-02, -2.98429620e-02,  1.09976254e-01],
       [-1.65021372e-02, -9.55598169e-02,  7.83457981e-02,  5.31726860e-03, -9.07298394e-02],
       [-6.97428236e-02,  4.03738709e-02,  5.81983230e-02, -8.53531502e-03, -1.22013634e-01],
       [-4.24032265e-02,  1.84008749e-02, -7.36968692e-02, -6.26317830e-02, -8.65839568e-02],
       [ 1.34767099e-03, -1.54393814e-01,  2.70683369e-02,  5.00410249e-02, -8.97755402e-02],
       [ 1.83556232e-01,  1.22998140e-02,  2.55467600e-02,  6.08612508e-02, -4.25995436e-02],
       [ 3.68024401e-04, -2.57840362e-02, -7.82836245e-02,  7.13380392e-02,  9.82319900e-02],
       [-2.64524081e-03,  4.45387612e-02,  2.90816007e-03, -2.23538327e-02, -1.01723877e-01],
       [-3.19391451e-02,  1.08905829e-01,  1.14689508e-02, -8.61201171e-03, -1.06885772e-01],
       [ 1.08926959e-01,  1.05256057e-02, -6.72903435e-02,  7.17811422e-02, -6.10115633e-02],
       [-7.17434579e-02,  8.82088150e-02, -3.73167441e-03,  8.55556132e-02, -3.80324205e-02],
       [ 4.12331503e-02,  9.28175143e-02,  1.24506299e-01, -4.22882090e-02, -6.25062039e-02],
       [ 2.30288349e-02,  5.44523543e-02, -1.01940980e-01,  1.93063778e-02, -1.09690086e-01],
       [ 7.03905154e-03,  3.89880008e-02, -4.90939493e-02,  7.19016119e-03,  8.38140222e-02],
       [ 4.85030210e-02, -1.05110014e-01, -2.17026086e-02,  2.22430612e-02,  1.12167053e-01],
       [ 2.66074835e-02, -5.17219202e-02,  7.33129009e-02,  5.50001580e-02,  6.84839087e-02],
       [-1.24930386e-02,  8.96999957e-02,  3.91617583e-03, -3.52541102e-02,  8.34489538e-02],
       [-1.57884443e-01, -1.85365812e-02, -5.17067807e-03, -4.80829506e-02,  3.29316087e-02],
       [-1.54576071e-02, -5.99917848e-02,  6.57850409e-02, -9.70213466e-02, -9.72788485e-02],
       [-5.16554568e-02, -1.88631299e-03,  8.51274601e-02, -8.57810849e-02, -1.05728826e-01],
       [ 1.06979726e-01, -5.15118914e-02, -2.79801887e-02,  2.52696247e-02, -6.04747613e-02],
       [-9.22271730e-02,  6.37364134e-02,  4.81824661e-02,  5.54558664e-02, -5.32054042e-02],
       [ 3.52779300e-02,  3.67099865e-02,  1.61385893e-01, -7.48835301e-02, -6.01984404e-02],
       [ 1.31327616e-02, -6.53509698e-02, -2.87252069e-02, -6.49089065e-02, -1.10424001e-01],
       [ 1.54370220e-02,  1.08770016e-01, -9.88264709e-02,  6.27790464e-02,  8.03319177e-02],
       [ 6.34853043e-02,  1.72200246e-02, -9.60910820e-02,  1.04864879e-01,  1.07719422e-01],
       [ 3.83613615e-02,  2.07217024e-02,  3.54055820e-02,  1.19603961e-01,  7.63838047e-02],
       [-4.10279116e-03,  1.68678455e-01, -5.47890358e-02,  2.72796135e-02,  8.26777380e-02],
       [-1.69903933e-01,  4.23209838e-03, -3.55729431e-02, -2.51585249e-02,  4.07343865e-02],
       [ 7.53138322e-02, -3.06841162e-02, -3.50298384e-03,  4.39340781e-02,  1.34566031e-01],
       [-1.13584097e-01,  4.26408504e-02,  8.40382291e-02, -6.32125278e-02,  6.65431205e-02],
       [ 1.02919048e-01, -8.19953277e-02,  3.83331257e-03, -9.57492323e-02,  5.42502991e-02],
       [-4.44460590e-02, -5.97587299e-02, -1.57322513e-01,  6.86137179e-02,  8.16832363e-02],
       [-3.17659766e-03,  4.18172379e-02,  1.14512754e-01,  7.07934337e-03,  1.11801042e-01],
       [-2.18790755e-02, -1.15004235e-01,  4.40107249e-02, -2.87225845e-02, -9.21949503e-02],
       [-8.20590275e-02,  7.66223631e-03,  1.43654779e-02, -5.65561111e-02, -1.25808284e-01],
       [-4.25497879e-02, -6.19248466e-03, -9.35297101e-02, -8.24930886e-02, -7.66993824e-02],
       [-2.83455409e-03, -1.58118607e-01, -1.07782139e-02,  1.56974939e-02, -8.53596262e-02],
       [ 1.92603441e-01,  1.85199302e-03,  1.12341889e-02,  4.87793982e-02, -4.35256020e-02],
       [-1.03376154e-01, -2.72235188e-03,  7.97058172e-02, -8.19220643e-02,  7.12642988e-02],
       [ 1.05999601e-01, -1.05344989e-01,  5.62895094e-04, -1.05450503e-01,  4.57810441e-02],
       [-2.70332763e-02, -1.02156211e-01, -1.58341465e-01,  5.33783477e-02,  7.50899317e-02],
       [ 3.07644481e-02, -3.47529177e-02,  1.11445821e-01, -1.16642950e-02,  1.20504799e-01],
       [-6.56582248e-02, -7.32284706e-02,  6.98963720e-02, -1.85865069e-02, -1.11897344e-01],
       [-1.30182742e-01,  9.65039417e-02,  2.62496617e-02, -3.75642956e-02, -1.32378606e-01],
       [-8.50710856e-02,  5.54269195e-02, -1.01643754e-01, -8.49087857e-02, -9.38803263e-02],
       [-2.83550405e-02, -1.22360146e-01,  3.63615955e-04,  3.10916417e-02, -9.16799640e-02],
       [ 1.91098968e-01,  4.00160086e-02,  1.52691319e-02,  5.98650826e-02, -5.43086718e-02],
       [ 3.40061605e-04, -3.49758880e-02,  3.62517334e-02, -8.84950260e-02,  2.67242028e-02],
       [-1.09858195e-01, -2.19889988e-02, -2.93190469e-02, -2.44588778e-02,  4.63575769e-02],
       [-1.05754088e-01,  2.94991781e-02,  1.12195343e-01, -7.92891235e-02,  5.55683091e-02],
       [ 9.20326804e-02, -8.34288932e-02, -3.87526727e-02,  6.02311799e-02, -5.49813041e-02],
       [ 9.99058535e-02, -8.94209701e-03, -8.10729910e-02,  7.65498229e-02, -7.71810928e-02],
       [ 6.31609975e-02, -1.20774106e-02, -1.03808333e-01,  1.79370258e-02, -4.77054626e-02],
       [ 7.67196815e-02, -8.24467533e-02, -5.36495396e-02,  6.79911424e-02, -4.26415959e-02],
       [ 1.06807366e-01, -3.63026946e-04, -9.08266678e-03,  4.25183826e-02, -1.79569512e-02],
       [ 3.88541954e-02, -8.49111933e-02, -6.70454615e-02, -4.37516514e-02,  3.24162292e-02],
       [ 8.31894800e-02, -8.55892778e-02,  5.79014811e-02, -1.13208143e-01,  4.96527448e-02],
       [-8.19456161e-02,  2.35034955e-02,  2.42508473e-02,  8.17007855e-02, -4.30166372e-02],
       [-1.35971863e-01,  1.23199174e-01,  6.49802132e-03,  1.08350426e-01, -5.74594032e-02],
       [-7.99973669e-02,  7.37270359e-02, -4.63426045e-02,  4.27591282e-02, -3.70598752e-02],
       [-6.36308070e-02, -1.71627554e-03, -5.63653850e-03,  9.49105497e-02, -3.75776444e-02],
       [ 4.51857598e-02,  2.92332341e-02,  9.06896291e-04,  5.55336861e-02, -1.68005192e-02],
       [-7.29257667e-02, -6.79006161e-02, -7.02963510e-02,  3.93754640e-02,  9.12000378e-02],
       [ 2.96139331e-02, -8.30240273e-03,  1.68320281e-01, -4.47824524e-02, -6.60507672e-02],
       [ 1.82186384e-02,  9.96441289e-02,  1.75015375e-01, -6.53894091e-02, -7.83410583e-02],
       [ 9.89845824e-03,  6.11136472e-02,  3.70786891e-02, -8.09311594e-02, -5.80407944e-02],
       [ 4.49047627e-02, -4.84994474e-02,  1.16784745e-01, -1.26564964e-02, -6.37144614e-02],
       [ 1.23424609e-01,  2.16295236e-02,  3.70397786e-02,  2.21622294e-02, -2.66827371e-02],
       [ 1.02276679e-03, -1.26594762e-01, -5.08495366e-02,  6.79786169e-03, -1.03957370e-01],
       [-4.45588283e-02,  1.81968954e-02, -1.08820695e-01, -3.90191706e-03, -1.25943910e-01],
       [-2.48214382e-02,  2.60769183e-03, -1.47662900e-01, -5.02549003e-02, -7.46440557e-02],
       [ 1.37145200e-02, -1.47259340e-01, -8.14736143e-02,  4.44011419e-02, -8.17754126e-02],
       [ 1.80338266e-01,  1.05784060e-02, -7.56685466e-03,  5.62489440e-02, -3.69331178e-02],
       [ 8.31127100e-02,  9.40775774e-02, -8.35539326e-02,  3.53175767e-02,  1.16745656e-01],
       [ 4.10555187e-02,  6.49677262e-02,  4.70219673e-02,  6.60978402e-02,  7.37581947e-02],
       [ 1.66504393e-03,  1.73445352e-01, -2.79244930e-02, -2.31917557e-02,  6.72074597e-02],
       [-1.54762709e-01,  3.04644720e-02, -2.40234382e-02, -4.44459855e-02,  3.38221608e-02],
       [ 8.11343066e-02, -3.74320301e-02,  9.37283070e-02,  9.22802829e-02,  8.55957819e-02],
       [ 5.06503906e-02,  1.52734790e-01, -1.00742319e-02, -2.05122783e-02,  1.06995350e-01],
       [-1.93014152e-01, -3.36846521e-02, -2.22335288e-02, -5.48447655e-02,  5.81643353e-02],
       [ 2.28224502e-02,  9.46518721e-02,  8.03120159e-02,  2.83239070e-02,  6.69585435e-02],
       [-1.21505430e-01, -1.24039826e-02,  2.21524363e-02, -1.77229381e-02,  3.09905486e-02],
       [-1.38774583e-01,  4.04437480e-02, -8.11898188e-03, -5.20659172e-02,  2.99706049e-02]])})
2026-01-20 11:00:54,229 - final_problem_set.kxor_instance_n20_k2_m144_ell2_eps0.2_kappa1.0_rho0.8 - INFO - Running key extraction (n=20, m=144, ell=2, phase_qubits=12)
2026-01-20 11:00:54,231 - final_problem_set.kxor_instance_n20_k2_m144_ell2_eps0.2_kappa1.0_rho0.8 - INFO - Built voting matrix V (n=20, ell=2, dtype=complex128) in 0.002s
2026-01-20 11:00:54,232 - final_problem_set.kxor_instance_n20_k2_m144_ell2_eps0.2_kappa1.0_rho0.8 - INFO - Eval: adv=0.7917, hamming=0/20 (0.000), corr=1.000
2026-01-20 11:00:54,232 - final_problem_set.kxor_instance_n20_k2_m144_ell2_eps0.2_kappa1.0_rho0.8 - INFO - Key extraction complete: x_hat=16
2026-01-20 11:00:54,232 - final_problem_set.kxor_instance_n20_k2_m144_ell2_eps0.2_kappa1.0_rho0.8 - INFO - Finished step 'KeyExtractionStep' in 0.003s (success: True, problem=kxor_instance_n20_k2_m144_ell2_eps0.2_kappa1.0_rho0.8)
2026-01-20 11:00:54,232 - final_problem_set.kxor_instance_n20_k2_m144_ell2_eps0.2_kappa1.0_rho0.8 - INFO - SUCCESS: len(z_hat)=20
2026-01-20 11:00:54,232 - final_problem_set.kxor_instance_n20_k2_m144_ell2_eps0.2_kappa1.0_rho0.8 - INFO - Metrics: adv=0.7916666666666666, ham_frac=0.0, corr=1.0
2026-01-20 11:00:54,232 - final_problem_set.kxor_instance_n20_k2_m144_ell2_eps0.2_kappa1.0_rho0.8 - INFO - z_hat (full): [ 1,  1, -1, -1, -1,  1,  1, -1, -1,  1,  1,  1,  1,  1,  1, -1, -1, -1, -1, -1]
