2026-01-20 11:01:11,559 - final_problem_set.kxor_instance_n22_k2_m164_ell2_eps0.2_kappa1.0_rho0.8 - INFO - Starting iteration for /Users/julian/CodingProjects/UniT3/QuarticSpeedupK-XOR/z_Daphne/data/final_problem_set/kxor_instance_n22_k2_m164_ell2_eps0.2_kappa1.0_rho0.8.npz
2026-01-20 11:01:11,560 - final_problem_set.kxor_instance_n22_k2_m164_ell2_eps0.2_kappa1.0_rho0.8 - INFO - Loaded instance (n=22, m=164, k=2)
2026-01-20 11:01:11,560 - final_problem_set.kxor_instance_n22_k2_m164_ell2_eps0.2_kappa1.0_rho0.8 - INFO - Starting step 'ComputeKikuchiStep' (version 0.1) on problem kxor_instance_n22_k2_m164_ell2_eps0.2_kappa1.0_rho0.8 (fields={'ell': 2, 'threshold': 0.0})
2026-01-20 11:01:11,583 - final_problem_set.kxor_instance_n22_k2_m164_ell2_eps0.2_kappa1.0_rho0.8 - INFO - Finished step 'ComputeKikuchiStep' in 0.024s (success: True, problem=kxor_instance_n22_k2_m164_ell2_eps0.2_kappa1.0_rho0.8)
2026-01-20 11:01:11,583 - final_problem_set.kxor_instance_n22_k2_m164_ell2_eps0.2_kappa1.0_rho0.8 - INFO - Starting step 'ClassicalEigenvaluesStep' (version 0.1) on problem kxor_instance_n22_k2_m164_ell2_eps0.2_kappa1.0_rho0.8 (fields={'ell': 2, 'threshold': 0.0, 'kikuchi_matrix': <Dictionary Of Keys sparse matrix of dtype 'int64'
	with 4760 stored elements and shape (231, 231)>, 'num_eigenvalues': 5})
2026-01-20 11:01:11,660 - final_problem_set.kxor_instance_n22_k2_m164_ell2_eps0.2_kappa1.0_rho0.8 - INFO - Finished step 'ClassicalEigenvaluesStep' in 0.077s (success: True, problem=kxor_instance_n22_k2_m164_ell2_eps0.2_kappa1.0_rho0.8)
2026-01-20 11:01:11,660 - final_problem_set.kxor_instance_n22_k2_m164_ell2_eps0.2_kappa1.0_rho0.8 - INFO - Starting step 'KeyExtractionStep' (version 0.1) on problem kxor_instance_n22_k2_m164_ell2_eps0.2_kappa1.0_rho0.8 (fields={'ell': 2, 'threshold': 0.0, 'kikuchi_matrix': <Dictionary Of Keys sparse matrix of dtype 'int64'
	with 4760 stored elements and shape (231, 231)>, 'num_eigenvalues': 5, 'eigenvalues': array([10.84509786, 11.19619957, 11.50048696, 13.33955609, 17.39178877]), 'eigenvectors': array([[-1.28523165e-01, -7.39261099e-02, -4.76847460e-02, -6.77861434e-02,  6.37376432e-02],
       [-8.42309348e-02, -7.23043248e-02, -8.49878475e-02, -4.16966518e-02,  6.51186809e-02],
       [-1.02376414e-01, -2.15373423e-02, -9.54280317e-02,  5.67702561e-02,  5.40514707e-02],
       [-7.54827213e-02, -6.52172220e-02, -3.43142824e-02,  3.21659636e-02,  5.86923647e-02],
       [-1.89262067e-02,  1.25306351e-01,  4.42244217e-02,  6.06550604e-02, -6.74949672e-02],
       [ 3.72001344e-03, -1.32570913e-01, -3.00775528e-02,  2.80641122e-02,  3.01653760e-02],
       [-7.01992535e-02, -7.67388597e-02, -1.94265476e-02, -8.25764708e-02,  5.42408369e-02],
       [-1.92522065e-03, -5.43854548e-02,  1.28413134e-01, -3.52140974e-02,  4.03565666e-02],
       [-4.77901038e-02, -1.49033698e-01, -5.25138347e-03, -8.28020160e-02,  7.05765289e-02],
       [ 2.92059182e-02,  7.29937960e-02,  2.07454496e-02,  1.20110935e-01, -5.04091846e-02],
       [ 1.01848261e-01,  1.38679788e-01, -1.11739836e-02, -4.16459775e-03, -6.48537642e-02],
       [ 6.80119463e-03,  3.96803488e-02,  9.74882025e-02,  1.37736662e-02, -6.42477999e-02],
       [ 9.85615568e-03,  6.73696612e-02,  9.80936938e-02,  5.49772951e-02, -5.89573311e-02],
       [ 4.77934152e-02,  1.05659516e-01,  2.24931967e-02,  7.34552708e-02, -6.55078513e-02],
       [-8.50533486e-02,  1.15950997e-02,  3.95760025e-02,  4.83320046e-02,  3.26900840e-02],
       [ 1.40318259e-02,  1.59511686e-01,  3.08603179e-02, -2.39347181e-03, -7.70151615e-02],
       [ 1.06208644e-01,  1.24537589e-01,  6.20418624e-02,  2.85449971e-02, -7.19208075e-02],
       [-6.31807019e-04,  8.49096228e-02,  6.20212111e-02,  7.11911735e-03, -6.82153979e-02],
       [-8.84621775e-02, -1.34447541e-01, -5.53605348e-03, -2.76989242e-02,  7.36985884e-02],
       [-4.05542589e-02,  8.78081767e-03,  2.67512362e-03,  2.20595398e-02, -4.52310425e-02],
       [ 6.08633118e-02,  4.68436350e-02,  2.86405743e-03,  9.05933496e-02, -5.91452409e-02],
       [ 1.14251759e-01, -6.33699642e-02,  6.94487038e-02,  3.79472254e-02, -7.63858138e-02],
       [ 1.17397162e-01, -8.52952907e-02,  7.24471956e-02, -7.28112139e-02, -5.91627833e-02],
       [ 1.21083887e-01, -5.41066620e-02,  1.35864337e-02, -5.02490588e-02, -7.70112461e-02],
       [-3.70606559e-03,  1.09574002e-02, -3.30814875e-02, -6.46765601e-02,  8.97356219e-02],
       [ 1.83824792e-02,  1.25514028e-01,  3.03386107e-02, -4.35163876e-02, -4.70342719e-02],
       [ 1.14620681e-01, -3.70070409e-02,  5.41648427e-03,  9.49652338e-02, -6.91145769e-02],
       [ 1.72431994e-02, -3.79855381e-02, -1.69111273e-01,  2.70910007e-02, -4.94580972e-02],
       [ 9.49175681e-02,  8.80827447e-03, -2.20384541e-02,  9.00302736e-02, -9.43636475e-02],
       [-5.73332928e-02,  4.40090653e-02, -1.68926273e-02, -1.43270909e-01,  6.37897566e-02],
       [-1.79586431e-01, -3.54421189e-02,  5.15689409e-02,  2.40802433e-02,  9.38202300e-02],
       [-3.30555492e-02,  1.05509937e-01, -9.39333651e-02, -9.10048331e-03,  8.13733263e-02],
       [-3.01317387e-02,  5.94031100e-02, -1.07636951e-01, -6.05331455e-02,  7.66886424e-02],
       [-7.89471455e-02,  2.84228976e-02, -2.72657203e-03, -7.04373579e-02,  7.82713875e-02],
       [ 1.03552407e-01, -7.82052236e-02, -6.76913659e-02, -6.72519649e-02, -3.71145131e-02],
       [-5.30228883e-02, -2.08808984e-02, -5.38106811e-03,  2.15763211e-02,  1.09566311e-01],
       [-1.68344794e-01,  1.39889029e-02, -4.64153363e-02, -2.00014996e-02,  9.47016477e-02],
       [-2.56393961e-02,  5.56962803e-02, -5.02583335e-02,  2.75735368e-03,  8.90666229e-02],
       [ 1.47161824e-01, -1.13048285e-02, -2.77906969e-02,  1.75652962e-02, -9.83182911e-02],
       [ 3.31559848e-02,  1.00480171e-01,  1.03831554e-02, -2.13402723e-02,  5.81977493e-02],
       [-8.82854062e-02,  8.68067232e-02,  1.38596328e-02, -9.11176750e-02,  6.79996781e-02],
       [ 5.92581706e-02, -7.43978146e-02,  8.00087896e-02, -8.17370394e-02, -4.81888298e-02],
       [ 4.55656179e-02, -4.85762795e-02,  4.29067661e-02, -7.09646258e-02, -6.45310126e-02],
       [ 5.76314278e-02,  1.19856979e-02, -6.72157941e-02, -2.56564217e-02,  7.90321534e-02],
       [-1.88369718e-02,  1.10683246e-01,  4.87353715e-02, -5.55644026e-02, -3.88189852e-02],
       [ 5.90384679e-02, -3.40756754e-02,  3.71852140e-02,  6.15452148e-02, -6.75995301e-02],
       [-2.31471702e-02, -4.34262649e-02, -1.27602628e-01,  7.34768098e-03, -4.42273446e-02],
       [ 2.11687576e-02,  5.10631435e-03,  2.62307415e-02,  5.58336035e-02, -9.44151483e-02],
       [-1.55481691e-02,  4.28099499e-02, -4.43414629e-02, -1.08532294e-01,  6.12540963e-02],
       [-8.55779600e-02, -2.82814998e-02,  1.90670165e-03,  5.50874717e-02,  8.30015789e-02],
       [ 2.82466118e-02,  7.97826943e-02, -9.88070684e-02,  1.97964166e-02,  6.39650586e-02],
       [ 1.62766488e-02,  5.22718562e-02, -1.23602990e-01, -2.75490716e-02,  6.71208976e-02],
       [-2.28196180e-02,  3.42275765e-02, -4.01613981e-02, -4.22252551e-02,  7.76269408e-02],
       [ 7.03309460e-02, -7.84984017e-02, -4.13303352e-02, -7.65888991e-02, -3.54305754e-02],
       [ 2.77750709e-02, -9.79067329e-03, -4.18860323e-02,  4.52161064e-02,  7.92853866e-02],
       [-7.73024050e-02,  1.59327666e-02, -8.19542905e-02,  1.47716841e-02,  8.17473336e-02],
       [ 4.08618267e-02,  5.06878119e-02, -7.88451240e-02,  3.21207857e-02,  7.66670313e-02],
       [ 5.61650836e-02, -1.46442122e-02,  2.29108156e-02, -2.04630886e-02, -8.63243104e-02],
       [ 6.93648924e-02,  8.88649128e-02, -1.28746062e-02,  3.79435272e-03,  5.11346851e-02],
       [-4.06426051e-02,  9.46272023e-02, -2.01943995e-02, -6.61126227e-02,  7.02296468e-02],
       [ 2.89431423e-02, -5.04426383e-02,  3.91624432e-02, -1.11020151e-01, -3.65807922e-02],
       [ 1.24998460e-02,  5.15029942e-02, -6.76999389e-02,  8.33551825e-02,  5.96021670e-02],
       [-1.02834116e-02,  5.97437364e-02,  4.61843252e-02, -8.97067697e-02, -2.37055174e-02],
       [ 8.58117072e-02, -6.91871488e-02,  5.00133075e-02, -4.00483571e-02, -5.75427696e-02],
       [-8.69464308e-03, -6.82041598e-02, -8.69601132e-02, -5.43825132e-02, -3.38628663e-02],
       [ 5.78417555e-02, -5.09852232e-02,  3.86570511e-02, -7.86908247e-02, -7.18007920e-02],
       [-6.00638255e-02,  8.61933990e-02, -5.90942058e-02, -7.42010315e-03,  5.99997609e-02],
       [-5.79275880e-02,  2.40533107e-02, -2.51269503e-02,  1.28053821e-01,  4.99588856e-02],
       [-8.27922240e-04,  7.77600111e-02, -7.78817457e-02,  9.35203366e-02,  4.32952510e-02],
       [-2.40094658e-02,  7.75103609e-02, -1.20513792e-01,  7.14625932e-02,  5.46059717e-02],
       [-4.79113542e-02,  6.99539255e-02, -4.59585020e-02,  6.52716057e-02,  5.77324398e-02],
       [ 3.24989955e-02, -5.53321183e-02, -2.11975931e-02, -8.53532097e-02, -1.88954080e-02],
       [ 3.36501623e-03,  3.88035922e-02, -4.91498028e-02,  1.30879474e-01,  5.16575503e-02],
       [-7.36395695e-02,  5.61220773e-02, -7.98160812e-02,  1.16379191e-01,  5.64372545e-02],
       [-2.04801797e-04,  6.15318949e-02, -6.13405783e-02,  1.07397716e-01,  4.72622415e-02],
       [ 6.47627779e-02, -5.72570443e-02,  4.23396451e-02, -1.38479367e-01, -6.49749391e-02],
       [ 3.25998647e-02,  8.42686384e-02, -1.93254367e-02,  6.61527546e-02,  3.65955360e-02],
       [-6.62072057e-02,  1.11899461e-01, -2.73991845e-02,  3.83626181e-02,  5.43203309e-02],
       [ 5.65783813e-02,  1.43653734e-03, -5.26422482e-03,  6.21959447e-02,  6.95524826e-02],
       [-3.23907121e-02,  9.49561100e-02,  1.97032050e-02, -8.73872944e-02, -2.86368693e-02],
       [ 6.66021911e-02, -2.86679068e-02, -1.22697336e-02, -1.52769696e-02, -6.82025484e-02],
       [-2.85865618e-02, -3.54850305e-02, -1.31116308e-01, -3.54707486e-02, -3.58185605e-02],
       [ 2.03180260e-02,  1.05156672e-02, -4.25175434e-02, -5.02276573e-02, -8.27217111e-02],
       [-3.52646882e-02,  3.96141675e-02,  3.58680500e-03, -3.38773399e-02,  6.59732203e-02],
       [-3.50968244e-02, -2.43044392e-02,  3.85944385e-02,  1.14146736e-01,  5.91634602e-02],
       [ 3.28333454e-02,  5.31444195e-02, -4.10647739e-02,  8.28760063e-02,  5.37817974e-02],
       [ 1.17718718e-02,  4.23000317e-02, -7.34979009e-02,  5.18999543e-02,  6.63738163e-02],
       [-1.97144707e-02,  2.40868229e-02,  1.88159487e-02,  4.29092273e-02,  6.87151949e-02],
       [ 3.40598978e-02, -5.22537457e-02, -4.49246939e-02, -8.54832940e-02, -2.31889191e-02],
       [ 4.54971490e-02, -1.28165388e-02,  9.41377317e-03,  1.17673693e-01,  6.13875976e-02],
       [-5.08995177e-02,  7.46947314e-03, -1.78451147e-02,  9.85629436e-02,  6.85015854e-02],
       [ 3.88198302e-02,  2.53581708e-02, -1.30709434e-02,  9.46994364e-02,  5.66424086e-02],
       [ 2.97214697e-02, -5.06943092e-03, -2.76127341e-02, -1.07173676e-01, -6.98870316e-02],
       [ 6.43601091e-02,  6.43526720e-02,  1.97776636e-02,  5.49861834e-02,  4.36770221e-02],
       [-4.51091296e-02,  7.65473941e-02,  3.25465134e-02,  1.43568902e-02,  6.42590007e-02],
       [ 6.16969460e-02, -1.30814786e-01, -2.11718455e-02,  4.77136447e-02,  3.56562718e-02],
       [ 3.78724210e-02, -1.43219418e-02,  6.48521592e-05, -7.74023324e-02,  6.80692757e-02],
       [ 9.25542734e-02,  7.44239456e-03,  1.56892196e-01, -1.73988213e-02,  4.33323634e-02],
       [ 1.16384651e-01, -6.70044995e-02,  2.65062587e-02, -6.86950012e-02,  8.58722152e-02],
       [-7.58662915e-02,  4.86058366e-03,  1.19443504e-02,  1.27032012e-01, -6.25128612e-02],
       [-4.46575644e-02,  9.01531312e-02, -5.27658591e-02, -4.08883914e-02, -8.58148008e-02],
       [-1.20376788e-01, -3.68569542e-02,  6.75182587e-02, -9.19799680e-03, -6.71712883e-02],
       [-1.15797446e-01, -4.41016704e-03,  8.77600127e-02,  4.56191137e-02, -6.99545859e-02],
       [-8.49147118e-02,  2.02422772e-02, -5.55153314e-03,  5.28182507e-02, -7.07365228e-02],
       [-2.14438479e-02,  5.49891938e-02,  6.41313981e-02,  7.17791207e-02,  3.94152960e-02],
       [-1.48944448e-01,  6.60120536e-02, -3.80241293e-03, -3.21183364e-02, -8.07922696e-02],
       [-5.31269029e-02,  5.37109245e-02,  4.27518694e-02,  2.93319341e-03, -9.81420052e-02],
       [-1.61723742e-01,  4.61202011e-03,  3.36090633e-02, -1.71296431e-02, -7.83620451e-02],
       [ 7.84802978e-02, -5.17243894e-02,  3.06099894e-02,  1.59749226e-03,  9.09854049e-02],
       [-1.25965383e-01, -4.89463655e-02, -1.81628362e-02,  5.17730123e-03, -4.61251417e-02],
       [-7.31126316e-02, -4.00182514e-02, -2.01949251e-02,  8.44084106e-02, -7.29198358e-02],
       [-7.16904043e-03,  1.15374154e-01,  1.04180719e-02, -1.82373136e-02, -4.00843359e-02],
       [-4.22530546e-02,  5.75315489e-02, -6.85809191e-02, -2.46096548e-02, -2.16700588e-02],
       [-4.39013292e-02,  1.74584430e-01, -1.42311339e-03, -4.15961196e-02, -4.74469267e-02],
       [ 2.74726851e-02, -1.14010362e-01, -1.37385838e-02, -2.19906682e-02,  4.20045648e-02],
       [ 3.00220730e-02, -1.37425283e-01, -3.12471041e-03,  8.21116363e-02,  3.19633023e-02],
       [ 6.28992238e-02, -9.09708741e-02, -4.95667805e-02,  7.04863151e-02,  3.44256930e-02],
       [ 4.93936229e-02, -1.09317820e-01, -6.26548975e-02,  4.19857055e-02,  3.87065633e-02],
       [ 3.36929472e-02, -1.25842861e-01, -9.98253091e-03,  3.49433624e-02,  4.03100293e-02],
       [ 1.38300482e-03,  2.44281536e-02, -1.68159810e-02, -6.92052252e-02, -1.55421350e-02],
       [ 6.43399049e-02, -1.42861367e-01, -1.88388842e-02,  8.24952010e-02,  3.29824384e-02],
       [ 2.86963112e-02, -1.47309661e-01, -3.40336380e-02,  7.42141455e-02,  3.91683452e-02],
       [ 5.95631258e-02, -1.11250564e-01, -2.67842346e-02,  7.04578515e-02,  3.28998327e-02],
       [-3.70692813e-02,  1.64922339e-01,  6.26018785e-03, -8.80654030e-02, -4.36514400e-02],
       [ 6.47714419e-02, -5.17920954e-02, -1.18205310e-03,  4.26715484e-02,  2.53409659e-02],
       [ 1.93315508e-02, -8.89314626e-02,  4.31742010e-03,  1.30543030e-02,  4.25496991e-02],
       [-1.19621825e-02, -1.41933447e-02, -1.56897590e-01,  3.96494543e-02, -4.05379656e-02],
       [ 2.32987333e-02,  3.16290771e-02, -4.47855674e-02,  1.08646903e-01, -7.68369018e-02],
       [-1.03859324e-02,  1.45654993e-02,  3.51374234e-03, -1.40608548e-01,  5.25977618e-02],
       [-9.41782873e-02, -4.62971613e-02,  6.56590473e-02, -1.44430082e-02,  7.46917618e-02],
       [ 1.14335682e-02,  6.88078893e-02, -5.73526815e-02, -3.72139433e-02,  6.98472332e-02],
       [ 1.52384834e-02,  3.30518419e-02, -7.53870261e-02, -8.86734948e-02,  7.04595975e-02],
       [-2.24722479e-02,  3.50852222e-03,  1.87908789e-02, -8.56664686e-02,  6.35415610e-02],
       [ 8.70943943e-02, -6.48039593e-02, -7.04505337e-02, -4.02230901e-02, -3.69696301e-02],
       [ 1.72352318e-02, -4.79744616e-02,  2.90452334e-02, -2.05877797e-02,  9.46202156e-02],
       [-1.05796064e-01, -1.47020827e-02, -1.30082707e-02, -5.80146541e-02,  9.03449648e-02],
       [ 2.66507018e-02,  2.40552205e-02, -1.66590204e-02, -3.02431322e-02,  7.70023514e-02],
       [ 8.25523056e-02,  1.84086522e-02, -6.26329452e-02,  5.66321910e-02, -9.22362711e-02],
       [ 5.35546540e-02,  6.27483471e-02,  2.22222982e-02, -3.23717758e-02,  4.41707370e-02],
       [-3.50546886e-02,  5.18991621e-02,  2.82026105e-02, -1.01186849e-01,  5.75412957e-02],
       [-4.75166063e-02, -1.42591496e-03, -1.98725096e-01,  2.56354588e-02, -4.33313900e-02],
       [ 2.74729794e-02,  1.28900593e-02,  1.31382529e-01, -5.65081026e-02,  3.55660716e-02],
       [ 1.84804337e-02, -3.55426081e-03,  1.78538298e-01,  1.65850892e-02,  3.93646893e-02],
       [ 7.80185227e-02,  5.83576958e-02,  1.09595114e-01,  1.21195066e-02,  4.24132531e-02],
       [ 7.81151594e-02,  3.74530905e-02,  1.07380115e-01, -2.47582644e-02,  4.84508701e-02],
       [ 4.29754047e-02,  1.89310513e-02,  1.67858740e-01, -2.42593780e-02,  4.14742355e-02],
       [ 1.25430636e-02, -4.24978489e-02, -8.45239820e-02, -3.28579489e-02, -1.81553352e-02],
       [ 7.53678009e-02,  9.00391920e-03,  1.65948484e-01,  1.80526424e-02,  4.15106795e-02],
       [ 1.76410042e-02,  1.22178561e-02,  1.77828017e-01,  5.92567067e-03,  5.20795214e-02],
       [ 8.53381703e-02,  3.38923277e-02,  1.39568067e-01,  1.68243439e-02,  4.22852142e-02],
       [-3.60853342e-02, -1.40026193e-02, -1.98990520e-01, -1.33160461e-03, -4.46662906e-02],
       [ 6.92491877e-02,  4.10080454e-02,  9.50638443e-02, -1.38491011e-03,  2.66203910e-02],
       [ 2.38731836e-02,  3.85384010e-02,  1.45420571e-01, -2.95467593e-02,  3.53858939e-02],
       [ 2.77278440e-02, -2.44188272e-02,  2.32411091e-02, -1.63147426e-01,  7.04663873e-02],
       [-5.35695280e-02, -1.10721108e-01,  1.11184913e-01,  1.97812630e-02,  9.12671344e-02],
       [ 8.79962951e-02,  3.54814675e-02, -4.31639218e-02, -1.41777072e-02,  9.02677677e-02],
       [ 8.31627491e-02, -1.23203013e-02, -6.71461143e-02, -8.45025922e-02,  9.17391438e-02],
       [ 2.49635432e-02, -4.20231893e-02,  5.15545065e-02, -8.18237292e-02,  8.15053922e-02],
       [ 7.19927002e-02, -5.61608777e-02, -1.13032566e-01, -6.87576744e-02, -5.16483294e-02],
       [ 7.95004851e-02, -9.87205751e-02,  5.62410317e-02,  1.13370597e-02,  9.67727334e-02],
       [-5.32392100e-02, -8.79878777e-02,  1.92080682e-02, -3.32065932e-02,  1.14102676e-01],
       [ 9.34681936e-02, -1.79811651e-02,  7.54681776e-03, -1.77851955e-03,  8.63265686e-02],
       [ 2.01391984e-02,  8.07325281e-02, -1.00784353e-01,  2.63470615e-02, -1.04376328e-01],
       [ 1.23598246e-01,  5.25556081e-02,  5.42241900e-02, -2.62118766e-02,  6.27191749e-02],
       [ 2.43580636e-04,  2.50305143e-02,  6.11752457e-02, -1.05017175e-01,  7.46940277e-02],
       [ 6.64555980e-02,  5.10897539e-02, -6.73944980e-02,  7.76115866e-02, -8.48605601e-02],
       [-5.20785756e-02, -7.95724508e-02,  6.55766759e-02,  8.79558692e-02, -6.49733216e-02],
       [-5.47584981e-02, -3.72089485e-02,  6.95435570e-02,  1.24431897e-01, -5.83090941e-02],
       [-1.76443825e-02, -8.13433205e-03, -4.99878285e-03,  1.30273036e-01, -5.92185413e-02],
       [-7.25494046e-02,  7.45425372e-02,  6.79795536e-02,  5.36025755e-03,  4.09635454e-02],
       [-5.06038619e-02,  3.12935519e-02, -1.18865399e-02,  8.45040194e-02, -8.26372511e-02],
       [ 4.38242389e-02,  2.72711854e-03,  2.19760759e-02,  1.14807297e-01, -7.80782559e-02],
       [-6.82770939e-02, -3.56175927e-02,  3.01675401e-02,  8.65584560e-02, -7.22005527e-02],
       [-2.83858652e-02, -6.79484449e-03,  4.56060702e-02, -1.24654110e-01,  8.68695822e-02],
       [-8.20592078e-02, -7.39126445e-02, -1.60960188e-02,  7.29855696e-02, -4.53329628e-02],
       [-8.70436253e-03, -5.22578213e-02, -1.18500148e-02,  1.34803035e-01, -5.05640562e-02],
       [-2.69165846e-02, -1.89749293e-03,  1.38772617e-02, -8.82225854e-02, -7.72158541e-02],
       [ 1.88893461e-03,  3.46973777e-02,  3.53446605e-02, -3.08758501e-02, -8.59072728e-02],
       [ 4.58381635e-02,  5.55900471e-02, -7.25509115e-02, -1.60527862e-02, -7.68895784e-02],
       [-5.70724653e-02,  4.40042636e-02,  7.33201814e-02,  9.64849081e-02,  2.98451600e-02],
       [-2.75391380e-02,  1.00690385e-01, -6.40730096e-02, -1.12621350e-01, -7.88015515e-02],
       [ 9.96627844e-02,  8.57413290e-02, -3.98731243e-02, -8.40723731e-02, -8.83163594e-02],
       [-3.58657766e-02,  4.42735709e-02, -3.21327583e-02, -1.02201733e-01, -8.05471668e-02],
       [-7.22848308e-02, -9.17224766e-02,  1.01401090e-01,  9.37810568e-02,  8.79134708e-02],
       [-6.93842557e-02, -2.58691712e-02, -5.85255465e-02, -4.81519844e-02, -5.58240223e-02],
       [ 7.79249722e-02, -4.07753800e-03, -9.36201298e-02,  1.32574768e-02, -7.89329872e-02],
       [-7.70355533e-02, -7.18252662e-02,  1.25442278e-01,  4.58202582e-05, -6.24012112e-02],
       [-5.74187258e-02, -5.90677117e-02,  4.80735407e-02,  7.36838492e-03, -6.72838229e-02],
       [-2.33783959e-02,  7.91254039e-02,  3.25197568e-02,  8.59811971e-02,  3.23818421e-02],
       [-1.36521319e-01, -1.74952767e-02,  5.43170993e-02, -8.56515642e-02, -7.71292123e-02],
       [-2.86208099e-02, -4.68135362e-02,  9.45434235e-02, -4.80531275e-02, -7.83970739e-02],
       [-1.06479074e-01, -5.93672958e-02,  7.12989686e-02, -5.36530991e-02, -6.33668377e-02],
       [ 5.53419312e-02,  4.85338847e-02, -3.97123741e-02,  6.32087579e-02,  8.90012740e-02],
       [-9.65350092e-02, -8.31282016e-02,  1.27009679e-02, -1.96357925e-02, -4.13922186e-02],
       [-3.72120571e-02, -1.19994938e-01,  3.38565266e-02,  3.66508534e-02, -6.70737443e-02],
       [-6.02894312e-02, -2.65849161e-02,  7.58912435e-02,  6.55400386e-02, -7.52964204e-02],
       [-4.18938690e-02,  7.44098729e-02,  2.58016227e-02,  6.61782128e-02,  3.74499472e-02],
       [-9.92704300e-02,  1.75824804e-02,  7.51860969e-02, -2.16011664e-02, -7.96813237e-02],
       [-4.90167074e-03, -9.97764750e-03,  1.37583881e-01,  9.13185585e-03, -9.12540030e-02],
       [-9.38562816e-02, -3.52943270e-02,  9.69962650e-02, -6.63254867e-03, -6.82626507e-02],
       [ 3.33992266e-02,  7.24446857e-03, -6.39973240e-02, -6.07005813e-03,  9.51074215e-02],
       [-9.70000617e-02, -7.21510042e-02,  2.17089467e-02,  1.11007287e-02, -4.41207845e-02],
       [-3.36398962e-02, -7.48996492e-02,  4.55566372e-02,  7.88340331e-02, -6.27397395e-02],
       [-5.96856898e-02,  6.71271663e-02,  7.80073373e-02,  5.93879864e-02,  3.87154916e-02],
       [-6.13279611e-02,  4.13458806e-02, -2.90933449e-02, -1.06393323e-02, -8.18074201e-02],
       [ 5.00114101e-02,  2.62206022e-02,  8.68319220e-03,  2.41990228e-02, -9.47739134e-02],
       [-8.17051617e-02, -1.91679018e-02,  9.53428427e-03,  3.54476045e-04, -7.88469866e-02],
       [-2.22447247e-02, -2.83597416e-02,  6.99771238e-02, -2.01653995e-02,  9.69774380e-02],
       [-9.67796110e-02, -6.81592189e-02, -3.25878013e-02,  1.93080636e-02, -5.14058699e-02],
       [ 2.92571774e-04, -5.04502889e-02, -3.48333465e-02,  8.27705553e-02, -6.24277198e-02],
       [-1.93408999e-02,  5.02711242e-02,  7.19193446e-02,  1.13974166e-01,  3.78810746e-02],
       [-8.51068027e-02,  6.80865609e-02,  6.42230994e-02,  1.04133381e-01,  4.08272515e-02],
       [-1.99282065e-02,  6.53577418e-02,  5.36237043e-02,  9.55972290e-02,  3.44293241e-02],
       [ 6.57412205e-02, -6.68126584e-02, -8.16042579e-02, -1.02088866e-01, -3.55935413e-02],
       [-4.27978690e-03,  5.65712873e-02,  4.15880320e-02,  4.98335898e-02,  2.15940602e-02],
       [-7.33638626e-02,  8.99735818e-02,  7.95255034e-02,  4.02368116e-02,  3.63700503e-02],
       [-2.85783725e-02,  7.44413542e-02,  1.40994984e-02, -8.35264183e-02, -9.31690176e-02],
       [-1.34698362e-01,  2.42303757e-02,  1.06069094e-02, -8.84993557e-02, -7.43530004e-02],
       [ 5.64853600e-02, -7.83780348e-02,  5.19208569e-02,  9.34301374e-02,  9.27375925e-02],
       [-1.48152726e-01, -3.96966438e-02, -3.40149509e-02, -4.65432989e-02, -5.75157788e-02],
       [-3.63652928e-02, -2.24178633e-02, -4.92042681e-02,  2.01841199e-02, -8.33856821e-02],
       [-3.72126855e-02,  3.62291461e-03,  5.91299629e-02, -6.79807448e-02, -9.20670130e-02],
       [-8.24666879e-02, -5.37935466e-02,  1.72488731e-02,  5.65039219e-02,  1.02246741e-01],
       [-7.56421452e-02, -6.51462887e-02, -6.55085730e-03, -2.32957878e-02, -6.40599084e-02],
       [ 6.63601837e-02, -4.73916434e-02, -1.29786251e-02,  5.26139569e-02, -8.02675172e-02],
       [ 6.41205476e-02, -3.78320084e-03,  7.85783799e-03,  7.03170579e-02,  8.57815836e-02],
       [-1.15254445e-01, -6.44903290e-02, -1.02598305e-02, -2.55977347e-02, -4.51841093e-02],
       [-4.02678290e-02, -7.02371855e-02, -6.31509267e-03,  2.71769866e-02, -6.66032436e-02],
       [ 9.67751210e-02,  6.26889563e-02,  5.31270573e-02,  2.63779813e-02,  6.38953754e-02],
       [-5.21066513e-02,  4.95189820e-02,  8.39036936e-02, -5.52328549e-02,  8.93019879e-02],
       [-7.20333885e-02, -1.01642072e-01, -3.71381353e-02,  3.71862677e-02, -4.68672047e-02]])})
2026-01-20 11:01:11,663 - final_problem_set.kxor_instance_n22_k2_m164_ell2_eps0.2_kappa1.0_rho0.8 - INFO - Running key extraction (n=22, m=164, ell=2, phase_qubits=12)
2026-01-20 11:01:11,666 - final_problem_set.kxor_instance_n22_k2_m164_ell2_eps0.2_kappa1.0_rho0.8 - INFO - Built voting matrix V (n=22, ell=2, dtype=complex128) in 0.003s
2026-01-20 11:01:11,666 - final_problem_set.kxor_instance_n22_k2_m164_ell2_eps0.2_kappa1.0_rho0.8 - INFO - Eval: adv=0.8049, hamming=0/22 (0.000), corr=1.000
2026-01-20 11:01:11,666 - final_problem_set.kxor_instance_n22_k2_m164_ell2_eps0.2_kappa1.0_rho0.8 - INFO - Key extraction complete: x_hat=19
2026-01-20 11:01:11,666 - final_problem_set.kxor_instance_n22_k2_m164_ell2_eps0.2_kappa1.0_rho0.8 - INFO - Finished step 'KeyExtractionStep' in 0.004s (success: True, problem=kxor_instance_n22_k2_m164_ell2_eps0.2_kappa1.0_rho0.8)
2026-01-20 11:01:11,666 - final_problem_set.kxor_instance_n22_k2_m164_ell2_eps0.2_kappa1.0_rho0.8 - INFO - SUCCESS: len(z_hat)=22
2026-01-20 11:01:11,666 - final_problem_set.kxor_instance_n22_k2_m164_ell2_eps0.2_kappa1.0_rho0.8 - INFO - Metrics: adv=0.8048780487804879, ham_frac=0.0, corr=1.0
2026-01-20 11:01:11,667 - final_problem_set.kxor_instance_n22_k2_m164_ell2_eps0.2_kappa1.0_rho0.8 - INFO - z_hat (full): [-1,  1,  1,  1,  1, -1,  1,  1,  1,  1, -1, -1, -1, -1, -1,  1, -1, -1, -1,  1, -1, -1]
