2026-01-20 11:00:47,370 - final_problem_set.kxor_instance_n19_k2_m135_ell2_eps0.2_kappa1.0_rho0.0 - INFO - Starting iteration for /Users/julian/CodingProjects/UniT3/QuarticSpeedupK-XOR/z_Daphne/data/final_problem_set/kxor_instance_n19_k2_m135_ell2_eps0.2_kappa1.0_rho0.0.npz
2026-01-20 11:00:47,372 - final_problem_set.kxor_instance_n19_k2_m135_ell2_eps0.2_kappa1.0_rho0.0 - INFO - Loaded instance (n=19, m=135, k=2)
2026-01-20 11:00:47,372 - final_problem_set.kxor_instance_n19_k2_m135_ell2_eps0.2_kappa1.0_rho0.0 - INFO - Starting step 'ComputeKikuchiStep' (version 0.1) on problem kxor_instance_n19_k2_m135_ell2_eps0.2_kappa1.0_rho0.0 (fields={'ell': 2, 'threshold': 0.0})
2026-01-20 11:00:47,387 - final_problem_set.kxor_instance_n19_k2_m135_ell2_eps0.2_kappa1.0_rho0.0 - INFO - Finished step 'ComputeKikuchiStep' in 0.015s (success: True, problem=kxor_instance_n19_k2_m135_ell2_eps0.2_kappa1.0_rho0.0)
2026-01-20 11:00:47,387 - final_problem_set.kxor_instance_n19_k2_m135_ell2_eps0.2_kappa1.0_rho0.0 - INFO - Starting step 'ClassicalEigenvaluesStep' (version 0.1) on problem kxor_instance_n19_k2_m135_ell2_eps0.2_kappa1.0_rho0.0 (fields={'ell': 2, 'threshold': 0.0, 'kikuchi_matrix': <Dictionary Of Keys sparse matrix of dtype 'int64'
	with 2958 stored elements and shape (171, 171)>, 'num_eigenvalues': 5})
2026-01-20 11:00:47,436 - final_problem_set.kxor_instance_n19_k2_m135_ell2_eps0.2_kappa1.0_rho0.0 - INFO - Finished step 'ClassicalEigenvaluesStep' in 0.049s (success: True, problem=kxor_instance_n19_k2_m135_ell2_eps0.2_kappa1.0_rho0.0)
2026-01-20 11:00:47,436 - final_problem_set.kxor_instance_n19_k2_m135_ell2_eps0.2_kappa1.0_rho0.0 - INFO - Starting step 'KeyExtractionStep' (version 0.1) on problem kxor_instance_n19_k2_m135_ell2_eps0.2_kappa1.0_rho0.0 (fields={'ell': 2, 'threshold': 0.0, 'kikuchi_matrix': <Dictionary Of Keys sparse matrix of dtype 'int64'
	with 2958 stored elements and shape (171, 171)>, 'num_eigenvalues': 5, 'eigenvalues': array([-9.57693367, -8.9458149 ,  8.75332302,  9.16460118, 10.52313204]), 'eigenvectors': array([[-2.09643902e-02, -1.63878987e-02,  1.72159388e-01, -4.32466588e-02,  1.48242596e-01],
       [-1.54263374e-02, -6.36738664e-02,  6.51454109e-02, -4.55986105e-02,  9.47903491e-02],
       [ 2.69953014e-02, -2.24730514e-02,  2.46925631e-02, -1.96040874e-01, -5.51499625e-02],
       [-2.12789073e-02, -4.41111883e-02,  1.33431191e-01, -5.76702332e-02, -6.77272220e-02],
       [-4.82164531e-03, -5.24034469e-02, -1.97205266e-02,  1.04664146e-02,  1.05046922e-01],
       [ 8.94399904e-03,  2.08004134e-03,  1.10479931e-01,  3.34078545e-02,  7.45788305e-02],
       [ 2.90559530e-02,  6.51930658e-02, -3.95552580e-02,  1.08303160e-01,  1.18161719e-01],
       [-8.92324490e-03, -7.70174903e-02, -1.90275329e-01, -2.45064140e-02, -1.15324404e-01],
       [ 3.52930612e-02,  4.58235551e-02, -3.51690785e-02,  1.32449213e-01, -1.51000390e-01],
       [ 4.55117573e-03,  7.48521054e-02, -6.59441679e-02, -6.32315984e-02, -1.32310754e-01],
       [ 1.38176122e-02,  2.16990342e-02,  3.06511021e-02, -5.61414488e-02,  8.20154933e-02],
       [-4.48186232e-02, -5.00692756e-02, -5.34581826e-02,  3.90518010e-02, -2.58024297e-03],
       [ 3.08816928e-02,  4.56449622e-02,  9.14787422e-02, -1.04817199e-01,  1.01416581e-01],
       [-1.39743301e-02, -7.47256060e-02,  4.24349658e-02,  6.79653368e-02, -1.69636858e-03],
       [ 3.30315086e-03,  1.03279892e-02, -4.83773610e-02,  1.53909505e-01, -1.15889586e-01],
       [ 3.09229440e-02,  3.37073591e-02,  1.03043562e-01,  3.12182818e-02,  1.31731117e-01],
       [ 6.18027939e-03, -3.00488688e-02,  1.15647497e-01,  1.18608298e-01, -4.48547428e-02],
       [-6.83485844e-03, -6.13220750e-02,  1.03863576e-02,  6.40700260e-02,  1.08381718e-02],
       [-6.01836939e-02,  1.35267923e-02, -6.06470021e-02,  4.01950268e-02, -1.14313100e-01],
       [ 2.17574552e-02, -8.76088802e-02, -7.54997184e-02,  2.45187434e-01,  6.07330543e-02],
       [-6.92117683e-02,  6.77576224e-02, -2.02609899e-01,  7.36247767e-02,  8.98203022e-02],
       [-4.81115233e-02, -3.08205454e-02,  4.81731198e-02, -1.75973222e-02, -1.65378341e-01],
       [ 1.28035255e-02, -2.81539953e-02, -1.48180996e-01, -5.09495621e-02, -1.03916391e-01],
       [ 7.33190626e-02, -2.39301696e-02,  8.15642025e-02, -1.45288495e-01, -1.56797317e-01],
       [-6.32671514e-02,  7.30090784e-03,  2.43062893e-01,  5.29185924e-02,  1.55230095e-01],
       [ 6.91113654e-02, -6.51307082e-02, -6.79661827e-03, -1.32290228e-01,  1.63586535e-01],
       [ 9.72093157e-02, -3.52968153e-02,  4.93074688e-02,  9.00158269e-02,  1.68043817e-01],
       [ 4.19383841e-02, -4.82689500e-02,  5.36524661e-03,  5.58184872e-02, -8.21145572e-02],
       [-5.18487110e-02,  5.21177896e-02,  8.36272401e-02, -4.97556708e-02,  5.67797977e-03],
       [ 4.49670879e-02, -3.06720820e-02, -6.69543543e-02,  1.00161759e-01, -1.02102172e-01],
       [-8.48481179e-02,  6.33542410e-02, -8.45669376e-02, -8.23733221e-02, -1.41476837e-02],
       [ 1.89414533e-02, -2.99135981e-02,  2.63696484e-02, -1.79853180e-01,  1.46322504e-01],
       [ 4.95587976e-02, -6.25983806e-02, -8.18685926e-02, -5.12769615e-02, -1.42536792e-01],
       [-8.43055313e-03, -4.01220181e-02, -1.56983766e-01, -1.48544666e-01,  6.96971731e-02],
       [-4.53864994e-02, -2.89994009e-02, -1.23576715e-02, -8.66464066e-02, -1.26161457e-02],
       [ 7.72880993e-02, -1.00377990e-01, -4.72073815e-02,  8.72124389e-02,  2.96397764e-02],
       [-1.31362139e-01, -3.88863376e-03, -8.15768699e-02,  3.02202229e-02,  3.18731561e-02],
       [-5.05122378e-02, -1.16644796e-01,  3.46792035e-02,  1.05116379e-02, -7.03769575e-02],
       [ 3.96564919e-02, -2.75953769e-02, -5.59537741e-02, -2.08348176e-03, -7.06486788e-02],
       [ 8.50405339e-02,  6.10977623e-02,  4.25815415e-02, -4.26236844e-02, -6.10266611e-02],
       [-7.81756395e-02, -7.18653888e-02,  5.86177727e-02, -1.35826962e-02,  8.02375962e-02],
       [ 1.30636235e-01,  3.07414100e-02, -4.80173563e-03, -4.82871067e-02,  6.28991698e-02],
       [ 1.02585687e-01,  6.81397828e-02, -1.67900708e-03,  2.78093618e-02,  1.16023514e-01],
       [ 8.69540634e-02, -2.83477364e-02,  1.04305745e-02,  2.64512595e-02, -5.31673506e-02],
       [-1.20512237e-01, -2.33720285e-02,  4.83167234e-02, -2.67387401e-02,  1.82813561e-02],
       [ 7.52762220e-02,  3.29630666e-02, -6.72126312e-03,  4.09018556e-02, -4.49355020e-02],
       [-1.43801719e-01, -5.82353884e-02, -2.92295896e-02, -1.44730636e-02, -6.19336845e-03],
       [ 3.04093324e-02, -4.52800510e-03,  2.54386330e-03, -8.34782656e-02,  7.65712809e-02],
       [ 1.06521822e-01, -6.88598941e-03, -6.52570156e-03,  1.52990634e-03, -6.17589732e-02],
       [ 1.28871368e-02, -9.00319942e-02, -6.20897289e-02, -4.79343794e-02,  1.59748712e-02],
       [-3.42540249e-02, -9.07956042e-02,  5.26663412e-04, -2.94451064e-02, -1.20772605e-02],
       [ 4.85549574e-02, -1.50580591e-01,  2.39401301e-02, -1.02066815e-02, -8.33660376e-03],
       [ 6.62523560e-02, -1.55954734e-02, -3.89312198e-02,  1.03515952e-01,  2.69275471e-02],
       [-5.11580639e-03,  7.49022817e-02, -9.14061600e-03,  1.57275662e-01,  2.02569340e-02],
       [-6.92273849e-02,  1.16121852e-01, -2.00284856e-02,  8.78026121e-02,  9.51163018e-03],
       [ 8.55321496e-02, -7.44160064e-02,  3.17691397e-02, -2.37728138e-01, -3.61178739e-02],
       [-2.69124719e-02,  1.44946131e-01,  1.05824419e-01, -1.01158860e-01, -6.26151850e-02],
       [-9.69928930e-02,  1.75062101e-01,  4.12800714e-02, -1.69007029e-01, -1.63538962e-02],
       [-3.76110837e-02,  1.01532576e-01, -5.12714314e-02,  5.52474552e-02,  2.58198340e-02],
       [ 3.97141356e-02, -1.74387588e-01,  1.35475488e-03, -4.91111409e-02, -1.90834188e-02],
       [-4.15607096e-02,  1.23267232e-01, -7.39506395e-02,  9.15835011e-02,  4.43478576e-02],
       [ 6.68077411e-02, -2.01746319e-01,  2.83654199e-02,  6.49319989e-02, -1.20144052e-03],
       [-1.34396281e-02,  4.69685569e-02,  9.59511512e-02, -8.60937914e-02, -6.59923727e-02],
       [-2.33541612e-02,  1.64132681e-01, -5.23394609e-02,  1.52559780e-01,  2.13176707e-02],
       [ 1.61471986e-02,  3.69657213e-02,  5.56282112e-02,  3.86727772e-02, -1.74115186e-02],
       [ 6.93951989e-02, -1.65892120e-02,  4.84341823e-03,  1.94625762e-02,  1.72124234e-03],
       [-7.53776839e-02, -1.00548386e-01, -1.02708882e-01,  2.39878822e-02,  2.95446032e-02],
       [ 1.83967022e-02, -5.89351674e-02, -7.60353060e-02,  5.52383786e-02,  5.19730246e-02],
       [ 1.79033335e-01, -5.36057958e-03, -8.39702806e-02,  1.90452479e-02,  2.07697700e-02],
       [-8.71912462e-02, -3.81018795e-02,  1.01039010e-01, -9.15622202e-02, -8.30894595e-02],
       [ 1.12695100e-01, -6.93150036e-02,  1.63883087e-01, -3.83842310e-02, -3.88160586e-02],
       [ 1.19206379e-01, -2.87217144e-02,  1.56455784e-01, -4.00353645e-02, -5.12296435e-02],
       [ 5.32308454e-02, -7.64317669e-02, -1.30715597e-01, -3.50523303e-05,  3.08706277e-02],
       [-1.48448107e-01,  9.63033660e-02,  1.69924366e-02, -1.77250364e-02, -1.73229120e-02],
       [ 1.35306466e-01, -3.82237632e-02, -1.28542206e-01,  2.67108192e-02,  4.47929275e-02],
       [-1.19520729e-01,  7.06249869e-02,  2.92467448e-02,  2.41425115e-02,  1.57693184e-02],
       [ 2.86164409e-02, -3.74370757e-02,  1.77837882e-01, -1.92381454e-02, -4.93804463e-02],
       [ 1.17787390e-01, -1.38584643e-01, -1.27295690e-01,  4.96256506e-02,  5.00330345e-02],
       [-1.55824522e-02, -9.48695023e-02,  5.97399581e-02,  2.70088503e-02,  2.83266559e-03],
       [-9.47600017e-02, -1.00084909e-01, -2.15577640e-03,  1.16724124e-02,  8.94686967e-03],
       [ 3.42299863e-02,  2.07995179e-02, -7.16717417e-03, -4.63249459e-02, -8.62977694e-02],
       [ 6.14911689e-02,  1.18005097e-01,  8.52342399e-02, -5.93808473e-02, -7.22316428e-02],
       [-3.31488867e-02, -1.03089563e-01,  1.32570455e-02,  5.49642577e-02,  1.18673860e-01],
       [ 8.60349967e-02,  1.11166725e-01, -1.13227969e-01, -5.38649885e-02,  1.17278405e-01],
       [ 7.28488687e-02,  1.68585667e-01, -8.32034104e-02,  6.16336543e-02,  1.26709516e-01],
       [ 5.60185273e-02,  4.58431175e-02,  7.00026642e-02,  2.33948036e-02, -6.94070764e-02],
       [-9.46415025e-02, -1.15410009e-01,  2.69655542e-02, -1.38793929e-02,  2.24623729e-02],
       [ 6.81502227e-02,  1.03652933e-01,  5.33152836e-02,  3.70264824e-02, -8.83693390e-02],
       [-9.68283871e-02, -1.64605561e-01, -4.48547267e-02, -4.58439123e-02, -1.05584982e-02],
       [ 2.70462978e-02,  3.86456279e-02, -8.73591531e-02, -6.29810845e-02,  9.60003534e-02],
       [ 9.84580479e-02,  8.96981226e-02,  4.98899992e-02, -4.24846639e-02, -1.09876501e-01],
       [ 1.73416949e-02, -4.08268922e-02, -9.50776805e-02, -7.78168693e-02,  1.40508914e-02],
       [-1.20160465e-02, -8.53588533e-02,  8.27057660e-03, -4.06569008e-02, -1.71706465e-02],
       [-5.49563226e-02,  3.60058998e-02,  7.48741020e-03, -9.74881272e-02, -6.66185600e-02],
       [ 4.45680664e-02, -8.89071480e-03,  1.50680383e-01,  9.09813132e-02,  7.40229526e-02],
       [-2.89823681e-02,  6.59565032e-02,  4.23284404e-02, -5.30237045e-02,  1.19219120e-01],
       [-3.54467567e-02,  5.82415746e-02,  7.65489137e-02,  9.65170038e-02,  7.88388503e-02],
       [-1.88085486e-02,  5.40616696e-02, -3.64222279e-02,  1.86129311e-02, -6.22166860e-02],
       [ 3.27933284e-02, -6.91538553e-02,  4.81548596e-02, -1.04691768e-02,  1.01644912e-02],
       [-2.58827295e-02,  4.01093612e-02, -8.56603387e-02,  3.76830101e-02, -8.88701866e-02],
       [ 3.90085361e-02, -7.74443221e-02, -4.17543751e-02, -7.35657777e-02,  9.75694030e-04],
       [-6.94751405e-03,  3.00844112e-02,  5.46631291e-02, -8.43655805e-02,  1.07899385e-01],
       [-2.04017868e-02,  8.41481570e-02, -9.28509102e-02, -8.38986659e-02, -8.63836769e-02],
       [ 1.12408734e-02,  3.29758623e-02, -8.06659014e-02, -9.47687440e-02,  4.50596291e-02],
       [ 3.67490678e-02,  1.97483973e-02, -1.27075333e-02, -4.77884540e-02, -2.41283382e-03],
       [ 1.24896554e-01,  9.57481246e-02, -3.68090537e-03,  1.71987988e-01,  1.19063620e-01],
       [-1.00721348e-01, -2.60943915e-02, -1.24359088e-01,  2.81095960e-02,  1.01787131e-01],
       [-1.45192854e-01, -7.32431102e-02, -8.27986870e-02,  1.18776207e-01,  9.43274662e-02],
       [-1.21306045e-01,  3.94796629e-02,  8.91622695e-02, -1.00790847e-02, -6.58343760e-02],
       [ 1.00771766e-01,  2.02346862e-02,  1.27056241e-02,  2.58011454e-02,  3.00964328e-02],
       [-6.22604803e-02, -3.13625845e-02,  8.23743368e-02, -3.22272059e-02, -9.71569814e-02],
       [ 1.68623812e-01,  5.99073780e-02, -4.73786174e-02, -7.08112597e-02, -1.27331795e-02],
       [-4.00922756e-02,  5.29026336e-03, -1.29930973e-01,  1.15632427e-04,  1.13629000e-01],
       [-1.17510048e-01,  1.88009263e-02,  6.32331953e-02, -1.21076925e-01, -9.35804685e-02],
       [-2.08607502e-02,  1.09658097e-01, -1.09086499e-01, -7.60925390e-02,  2.08844195e-02],
       [ 4.52428537e-02,  1.05125329e-01, -1.23260752e-02, -2.96089016e-02, -5.39077729e-03],
       [ 1.34575128e-01,  5.31114465e-02, -8.61676223e-02,  7.82279486e-02, -1.68513083e-01],
       [ 9.21650968e-02,  9.97310742e-02, -1.27261547e-01, -1.51933009e-01, -1.36172267e-01],
       [ 5.31981229e-02, -2.30409609e-03,  8.50459186e-02, -1.50614049e-02,  1.04096720e-01],
       [-1.46376495e-01, -4.61145279e-02, -9.22549495e-02,  2.99162530e-02, -1.91766427e-02],
       [ 1.26909747e-01,  7.14297318e-02,  9.05867366e-02, -6.90276350e-02,  9.54698055e-02],
       [-1.18370975e-01, -8.46080025e-02,  3.42999310e-02,  7.58811695e-02, -1.23130513e-02],
       [ 3.02415834e-02,  1.38725605e-02, -1.13175949e-01,  1.28218998e-01, -1.56067539e-01],
       [ 1.43005012e-01,  7.07797808e-03,  1.16203794e-01,  9.28273358e-02,  1.07579598e-01],
       [ 1.28803782e-02, -6.58165090e-02,  8.31275873e-02,  1.19187628e-01, -7.25812330e-02],
       [-3.63960776e-02, -9.83128996e-02, -9.64955783e-03,  6.93461163e-02,  2.05345298e-04],
       [-1.50005179e-01, -1.94774891e-04,  8.87230116e-02,  4.90405175e-02, -1.67563802e-01],
       [-9.90821730e-02,  9.23976217e-02, -7.75119145e-02, -7.21788434e-02,  6.96667504e-02],
       [ 7.81899087e-02, -4.59884007e-02, -6.39134467e-02,  4.44127958e-02, -1.65305615e-02],
       [-6.79515550e-02,  8.86494048e-03, -1.65118109e-02, -8.48111744e-02,  7.13291192e-02],
       [ 1.14885289e-01, -3.32283583e-02,  5.30872231e-02,  9.14189072e-03,  3.35283444e-02],
       [-3.45687593e-02,  3.74904996e-02,  6.20135461e-02,  1.38920456e-01, -9.34518173e-02],
       [-7.30841431e-02,  8.27669949e-02, -3.21713988e-02, -4.54327298e-02,  1.17820097e-01],
       [-4.47415772e-03,  1.18426768e-01,  1.20618348e-01,  6.19910246e-02, -6.03863558e-03],
       [ 8.84345923e-02,  1.06858594e-01,  3.63684341e-04,  4.15905670e-02,  1.88911153e-02],
       [-7.94378897e-02,  6.52027987e-02, -4.19110794e-02, -2.87622185e-02,  7.40913196e-02],
       [ 1.69956582e-01, -8.82046971e-03, -5.63189998e-02,  4.46639365e-03, -2.64152328e-02],
       [-1.38143548e-01, -3.27714626e-02, -5.64412161e-03, -2.56411963e-02,  1.20287100e-01],
       [ 1.41937964e-01,  2.74479243e-02,  7.29267398e-02,  1.10209330e-01,  1.71814366e-02],
       [-3.17678518e-02,  2.18095719e-02,  6.45596502e-02,  8.67350047e-02, -1.55478953e-01],
       [-1.30746497e-01,  6.59173248e-02,  1.35263568e-02,  1.03355332e-01,  1.17343726e-01],
       [-7.95521809e-03,  1.35651768e-01,  1.57823216e-01,  1.26565160e-01, -5.10850538e-02],
       [ 7.67465499e-02,  1.60095617e-01,  1.41826788e-02,  6.48303903e-02,  6.02587357e-03],
       [ 1.11887694e-01, -1.03665773e-01,  3.24335205e-02, -2.91966204e-02,  1.16214051e-02],
       [-1.07688115e-01,  6.17322521e-02,  8.23971992e-03,  3.33841300e-02, -4.14128354e-02],
       [ 9.80006901e-02, -9.87503065e-02, -4.41314369e-02, -1.82022574e-02, -1.93005123e-02],
       [-1.71255564e-02,  2.55994224e-02, -4.45020095e-02, -6.31364895e-02,  5.12188267e-02],
       [-8.78517346e-02,  1.25835131e-01,  1.79597048e-02,  1.96135989e-02, -7.53253988e-02],
       [ 1.29545886e-02,  5.17772873e-02, -8.89129293e-02, -4.44332252e-02,  9.41143031e-03],
       [ 6.47380580e-02,  4.60967592e-02, -7.28068509e-03, -2.68933162e-02, -8.10500262e-03],
       [ 6.26817449e-02, -1.10791942e-02,  6.55622957e-02, -5.79724730e-02,  1.45275605e-02],
       [-1.35677242e-01,  4.37511692e-02,  6.57234229e-03,  9.03552429e-03,  2.83306875e-03],
       [ 3.48925316e-02, -4.17194715e-02, -5.78916539e-02,  6.68969002e-02, -1.32686675e-02],
       [ 7.92560881e-02, -8.99190488e-02,  6.92084620e-02, -1.08096269e-02,  3.02203650e-02],
       [ 9.36674183e-04, -1.23056893e-01,  1.01489123e-02,  2.67684238e-02, -9.29557257e-03],
       [-8.72510416e-02, -1.07611960e-01,  3.94873430e-03,  1.24066768e-02,  2.23405648e-03],
       [ 1.31763948e-01,  6.30006243e-03, -3.94612085e-02, -2.82620933e-03, -1.57165384e-02],
       [-2.78625319e-02,  2.29082919e-02,  9.74563931e-03, -9.89097697e-02,  6.34450291e-02],
       [-7.62421995e-02,  5.13834853e-02, -1.13946629e-02,  3.77388073e-02, -8.70617365e-02],
       [-7.92944772e-03,  9.79551449e-02, -8.20090115e-02, -4.71171269e-02,  1.71765689e-02],
       [ 4.97481202e-02,  8.49972802e-02,  5.73330523e-03, -4.06223055e-02, -7.17738344e-03],
       [ 2.09901507e-02, -3.44605762e-02,  5.09820551e-02, -6.57207859e-03,  3.13532512e-02],
       [ 1.11286775e-01, -9.97221435e-02, -5.55245227e-02, -5.67595491e-02, -8.02885976e-04],
       [ 2.20275102e-03, -1.49234129e-01,  1.01607949e-02, -3.09580965e-02,  2.04078891e-02],
       [-1.04451908e-01, -1.58926307e-01, -1.93434106e-03, -1.92971732e-02,  4.39707791e-04],
       [-2.58487983e-02,  5.57620775e-02, -1.22497547e-02, -8.65615148e-02,  1.31094397e-01],
       [ 4.16711359e-03,  3.59443850e-02,  1.17565506e-01,  4.93967849e-02, -4.28380658e-03],
       [ 2.54567405e-02,  3.15812742e-02, -4.90067300e-04,  3.77195314e-02,  1.70632849e-02],
       [ 9.68401755e-03,  1.15205719e-01, -1.13472294e-01, -9.76703804e-02,  4.23867923e-02],
       [ 1.03154803e-01,  8.07331430e-02, -8.56211252e-03, -6.61220410e-02, -1.77482537e-02],
       [ 2.18970844e-02, -4.64616099e-02, -8.00098297e-03, -8.13683130e-03,  1.05743585e-02]])})
2026-01-20 11:00:47,437 - final_problem_set.kxor_instance_n19_k2_m135_ell2_eps0.2_kappa1.0_rho0.0 - INFO - Running key extraction (n=19, m=135, ell=2, phase_qubits=12)
2026-01-20 11:00:47,439 - final_problem_set.kxor_instance_n19_k2_m135_ell2_eps0.2_kappa1.0_rho0.0 - INFO - Built voting matrix V (n=19, ell=2, dtype=complex128) in 0.002s
2026-01-20 11:00:47,440 - final_problem_set.kxor_instance_n19_k2_m135_ell2_eps0.2_kappa1.0_rho0.0 - INFO - Eval: adv=0.2741 (no ground-truth z available)
2026-01-20 11:00:47,440 - final_problem_set.kxor_instance_n19_k2_m135_ell2_eps0.2_kappa1.0_rho0.0 - INFO - Key extraction complete: x_hat=1
2026-01-20 11:00:47,440 - final_problem_set.kxor_instance_n19_k2_m135_ell2_eps0.2_kappa1.0_rho0.0 - INFO - Finished step 'KeyExtractionStep' in 0.002s (success: True, problem=kxor_instance_n19_k2_m135_ell2_eps0.2_kappa1.0_rho0.0)
2026-01-20 11:00:47,440 - final_problem_set.kxor_instance_n19_k2_m135_ell2_eps0.2_kappa1.0_rho0.0 - INFO - SUCCESS: len(z_hat)=19
2026-01-20 11:00:47,440 - final_problem_set.kxor_instance_n19_k2_m135_ell2_eps0.2_kappa1.0_rho0.0 - INFO - Metrics: adv=0.2740740740740741, ham_frac=None, corr=None
2026-01-20 11:00:47,440 - final_problem_set.kxor_instance_n19_k2_m135_ell2_eps0.2_kappa1.0_rho0.0 - INFO - z_hat (full): [-1,  1,  1, -1, -1,  1,  1,  1, -1, -1, -1,  1, -1,  1,  1, -1,  1, -1,  1]
