2026-01-20 11:01:22,461 - final_problem_set.kxor_instance_n23_k2_m204_ell2_eps0.15_kappa0.875_rho0.0 - INFO - Starting iteration for /Users/julian/CodingProjects/UniT3/QuarticSpeedupK-XOR/z_Daphne/data/final_problem_set/kxor_instance_n23_k2_m204_ell2_eps0.15_kappa0.875_rho0.0.npz
2026-01-20 11:01:22,462 - final_problem_set.kxor_instance_n23_k2_m204_ell2_eps0.15_kappa0.875_rho0.0 - INFO - Loaded instance (n=23, m=204, k=2)
2026-01-20 11:01:22,462 - final_problem_set.kxor_instance_n23_k2_m204_ell2_eps0.15_kappa0.875_rho0.0 - INFO - Starting step 'ComputeKikuchiStep' (version 0.1) on problem kxor_instance_n23_k2_m204_ell2_eps0.15_kappa0.875_rho0.0 (fields={'ell': 2, 'threshold': 0.0})
2026-01-20 11:01:22,494 - final_problem_set.kxor_instance_n23_k2_m204_ell2_eps0.15_kappa0.875_rho0.0 - INFO - Finished step 'ComputeKikuchiStep' in 0.032s (success: True, problem=kxor_instance_n23_k2_m204_ell2_eps0.15_kappa0.875_rho0.0)
2026-01-20 11:01:22,494 - final_problem_set.kxor_instance_n23_k2_m204_ell2_eps0.15_kappa0.875_rho0.0 - INFO - Starting step 'ClassicalEigenvaluesStep' (version 0.1) on problem kxor_instance_n23_k2_m204_ell2_eps0.15_kappa0.875_rho0.0 (fields={'ell': 2, 'threshold': 0.0, 'kikuchi_matrix': <Dictionary Of Keys sparse matrix of dtype 'int64'
	with 5922 stored elements and shape (253, 253)>, 'num_eigenvalues': 5})
2026-01-20 11:01:22,627 - final_problem_set.kxor_instance_n23_k2_m204_ell2_eps0.15_kappa0.875_rho0.0 - INFO - Finished step 'ClassicalEigenvaluesStep' in 0.133s (success: True, problem=kxor_instance_n23_k2_m204_ell2_eps0.15_kappa0.875_rho0.0)
2026-01-20 11:01:22,627 - final_problem_set.kxor_instance_n23_k2_m204_ell2_eps0.15_kappa0.875_rho0.0 - INFO - Starting step 'KeyExtractionStep' (version 0.1) on problem kxor_instance_n23_k2_m204_ell2_eps0.15_kappa0.875_rho0.0 (fields={'ell': 2, 'threshold': 0.0, 'kikuchi_matrix': <Dictionary Of Keys sparse matrix of dtype 'int64'
	with 5922 stored elements and shape (253, 253)>, 'num_eigenvalues': 5, 'eigenvalues': array([-11.63069428, -10.70856686,  10.60718688,  11.23590647,  11.44284287]), 'eigenvectors': array([[ 6.21686031e-03,  9.38504452e-03,  8.80297443e-02,  1.75281995e-02,  6.14821451e-02],
       [-2.01369677e-04,  4.47963963e-03, -7.80372145e-02, -3.76059962e-02, -5.48018673e-02],
       [ 1.62312827e-02, -4.79859616e-03, -2.69720559e-02, -6.10435781e-02, -4.58575411e-02],
       [ 7.71463304e-03,  2.34758725e-03, -3.47803831e-02, -6.60374359e-02,  1.33536619e-01],
       [-1.65642697e-03,  1.09454887e-02,  7.44960608e-02,  8.01180199e-02, -9.93931809e-02],
       [-3.81634598e-02,  1.14536981e-02, -3.06497466e-02, -8.76797181e-02,  6.08671985e-02],
       [-1.23100494e-03, -6.17621501e-03,  3.36299404e-02,  4.95259171e-02, -4.72175123e-03],
       [-9.99341422e-03,  1.72721694e-03, -2.06597252e-02, -7.02209336e-02, -9.33688926e-04],
       [ 6.94101404e-03, -2.08056123e-03, -1.05134639e-01, -1.13583977e-01,  9.16608459e-02],
       [ 2.98870966e-02,  1.00275342e-03,  4.14288506e-02,  9.12725572e-02, -7.85730802e-02],
       [-3.91693317e-03, -7.31655182e-03,  7.23099964e-02,  2.78349175e-02,  4.26158601e-02],
       [ 2.17121154e-03, -1.35775190e-02,  4.96594494e-03, -3.39994258e-02,  9.17468832e-04],
       [ 1.79764650e-02, -6.05770729e-03, -7.37286477e-03,  1.54200508e-02,  5.60448380e-03],
       [-1.94171235e-02, -1.06544309e-02,  1.01189046e-01,  1.09892195e-01, -3.15895899e-02],
       [-7.37891324e-03,  9.86527667e-03,  7.42946200e-02,  1.03275787e-01, -6.79341915e-02],
       [-1.16889866e-02,  2.24729875e-03, -5.03790547e-02,  4.93803053e-02, -7.66181635e-02],
       [-1.46795046e-03,  7.53984681e-03,  7.36927403e-02,  1.33756181e-01, -9.61544786e-02],
       [ 7.42323751e-03,  3.68454668e-03, -7.93612541e-02, -5.93745263e-02,  2.51878625e-02],
       [-1.76144133e-02,  1.12203115e-03, -7.73211909e-02, -5.14829073e-02, -1.44357687e-02],
       [-4.54634919e-03,  4.69939809e-03,  3.34079302e-02,  1.81035167e-03,  3.62628591e-03],
       [ 2.87762934e-03, -1.07730207e-02,  2.09436127e-02,  1.33453760e-02, -9.10835785e-02],
       [-3.82555382e-03,  7.95382230e-03, -5.11613386e-02, -1.97679972e-02, -3.08927094e-02],
       [-2.96029591e-02,  7.33051604e-02,  9.61592926e-02, -4.41074025e-02, -1.96208982e-02],
       [ 7.25997896e-02, -1.66813637e-03,  1.50497678e-01, -3.81940712e-02,  9.32644997e-04],
       [-1.94474451e-02,  6.78603856e-02, -1.40133582e-01,  8.95048461e-02,  1.16937750e-01],
       [-7.37108818e-02,  1.23297107e-02,  9.14722535e-02, -8.72461382e-02, -1.31962492e-01],
       [-1.88927394e-01,  6.33803223e-02,  5.34954623e-02,  5.81672050e-02,  9.40203054e-02],
       [ 3.09338299e-02, -5.28976839e-02, -6.41874724e-02, -1.84467866e-03, -4.41166252e-02],
       [-6.79095796e-02,  5.27425514e-03,  1.45463618e-01, -1.78868684e-02,  4.15025496e-02],
       [ 5.00691781e-02,  3.00410385e-02, -2.81561905e-02,  6.48619700e-02,  1.23116374e-01],
       [ 1.30144341e-01, -1.16089062e-02,  3.23729620e-02, -6.22511374e-02, -1.38392957e-01],
       [ 8.61092923e-02, -3.93712372e-02, -8.61992928e-02,  3.08156552e-02,  2.15871790e-02],
       [ 9.53149265e-02, -6.18131385e-03,  8.25525553e-02, -4.21410545e-03,  1.66746796e-02],
       [ 1.07024105e-01, -2.51866208e-02, -4.75255488e-02,  1.08301968e-02, -1.23948802e-02],
       [-9.73421724e-02, -5.75523564e-02, -5.26976055e-02, -6.65629587e-03, -7.45558851e-02],
       [-8.45607763e-02,  7.11426138e-02, -5.87150302e-02, -3.73717342e-02, -1.07925746e-01],
       [-7.27047885e-02,  5.09732644e-02,  5.85634450e-02, -6.85982262e-02, -8.02976437e-02],
       [-5.42339857e-02,  7.61979415e-02, -6.25684512e-03, -7.45212980e-02, -1.32403057e-01],
       [-1.39373712e-02, -4.38016221e-02,  3.15888866e-02,  1.49789096e-02,  5.82468436e-02],
       [-9.10242568e-02, -1.28704897e-02,  5.02864707e-02, -2.37171676e-02,  7.66205943e-04],
       [-4.35408787e-02,  7.71916778e-02, -8.65858507e-03,  3.24045086e-03, -1.11578485e-03],
       [ 1.01103589e-01, -3.21633724e-02,  1.66148826e-01, -7.01868369e-02, -6.61462187e-02],
       [-4.11318542e-02, -6.66137428e-02,  3.30700155e-02, -2.57862150e-02, -2.82654586e-02],
       [ 2.04432994e-02, -4.67976181e-02, -1.60402681e-01,  2.42216723e-02, -1.59230784e-02],
       [-5.38528406e-03,  3.91524897e-02,  1.19572084e-01, -9.97585726e-02, -7.08062231e-02],
       [-2.69274508e-02,  6.39476447e-02, -6.70054687e-02,  1.09428189e-01,  9.52885849e-02],
       [-3.98100243e-02,  1.34997733e-01, -6.50171077e-02, -7.99855512e-02, -8.42961011e-02],
       [ 1.46741899e-02, -6.17784503e-02,  8.52030198e-02,  1.81631135e-02,  3.99474264e-02],
       [-1.97499038e-02,  4.35150009e-02, -1.53048283e-01, -7.74121150e-04, -4.63667208e-02],
       [ 1.89895984e-02, -1.88263575e-02, -7.94405505e-03, -9.02340875e-02, -9.58034804e-02],
       [ 5.79208481e-02, -1.09020681e-01, -1.04486546e-02,  9.27400704e-02,  9.70627458e-02],
       [ 3.58749701e-02, -9.03651870e-02,  1.18993065e-01, -3.68977145e-02, -3.67137833e-03],
       [ 2.54607268e-02, -6.40694564e-02, -6.16761662e-02, -8.91114925e-03, -2.06495911e-02],
       [ 4.41319041e-02, -8.83720285e-02,  3.16757840e-02,  1.92038562e-03,  1.14557237e-02],
       [-3.24393895e-02,  2.80355408e-02,  9.48252285e-02,  3.26173713e-02,  6.43043061e-02],
       [-3.52625973e-02,  1.18519305e-01,  7.73919524e-02,  6.36478620e-02,  9.24859845e-02],
       [-3.33950924e-02,  9.44709128e-02, -6.99208145e-02,  8.62374671e-02,  5.57112350e-02],
       [-1.19043089e-02,  5.70374144e-02,  2.09092661e-02,  9.56578972e-02,  1.20322909e-01],
       [-1.39664896e-02,  1.35722603e-03, -4.98108960e-02, -2.92148307e-02, -4.82029715e-02],
       [-3.67983441e-02,  6.05603945e-02, -7.08605238e-02,  1.41506300e-02, -2.88745782e-03],
       [-4.58828002e-03,  4.39183611e-02,  8.50880935e-03,  1.76247226e-03,  1.31520240e-03],
       [ 3.51188569e-02, -8.41110318e-02, -1.59565409e-01,  7.28682622e-02,  3.75565863e-02],
       [-2.34960692e-02, -1.96066999e-03, -4.97683554e-02,  2.58598150e-02,  1.87225813e-02],
       [ 3.55481703e-02, -4.50710079e-02,  8.04675657e-02, -1.25480312e-01, -6.43676607e-03],
       [ 2.79676751e-02,  3.16841473e-02, -5.59252758e-03,  1.40265348e-01,  2.83592489e-02],
       [ 4.04049520e-02,  4.85019788e-02, -3.70859252e-02, -1.15811805e-01, -5.94465062e-02],
       [-3.29930068e-02,  3.19862056e-02,  9.18501196e-02,  4.44044907e-02,  3.33349656e-02],
       [ 2.65246024e-02,  2.62237872e-02, -1.19150037e-01, -3.32694710e-02, -4.47752471e-02],
       [-7.72560347e-03, -5.55756983e-02, -6.71530291e-02, -1.34070918e-01, -4.31988470e-02],
       [-4.21220402e-02, -6.35878943e-02, -6.19244847e-03,  1.29921958e-01,  5.19194020e-02],
       [-5.55875601e-02, -2.09136852e-02,  1.28514185e-01, -2.17868551e-02,  1.17154206e-02],
       [-4.57390029e-02, -5.27566875e-02, -5.15528096e-02, -2.58915687e-02, -2.67722998e-02],
       [-4.85256433e-02, -4.30991329e-02,  2.94816529e-02,  1.02048245e-02,  1.46249159e-02],
       [ 1.09132281e-02,  8.93341705e-02,  1.45725734e-01,  7.51991792e-02,  4.45726452e-02],
       [ 6.72332048e-02, -1.57240901e-02,  1.03337140e-01,  1.10317071e-01,  5.52787355e-02],
       [ 4.14644485e-02,  1.56050709e-03, -1.18986924e-01,  1.09496122e-01,  2.63188004e-02],
       [ 5.17126854e-02, -3.77360797e-02,  4.41519417e-02,  1.43248879e-01,  6.77232149e-02],
       [ 2.59198244e-02,  4.54605647e-02, -1.19167661e-01, -5.69224384e-02, -3.49441501e-02],
       [ 2.09965694e-02,  5.15642390e-02, -1.19687690e-01, -5.12824942e-03, -4.26942537e-03],
       [ 2.63696815e-02, -3.85741790e-02,  4.09463241e-02, -9.32758563e-04, -9.17193862e-04],
       [-5.43462615e-02, -4.21051934e-02, -1.03632176e-01,  6.69704393e-02, -9.50501044e-03],
       [ 1.90030427e-02,  8.57372846e-02, -9.46587273e-02,  2.39713705e-02,  4.53325948e-03],
       [-2.83621498e-02,  5.59049107e-02, -1.30118461e-02, -3.80620409e-02, -1.16750635e-01],
       [-7.29800483e-02,  1.36216485e-01,  1.07581103e-02, -1.86394654e-02,  1.59281861e-01],
       [ 3.48905981e-03, -3.64312141e-02, -5.15414219e-02,  6.69296634e-02, -5.47764893e-02],
       [-2.95344012e-02,  4.74952561e-02,  7.13660126e-02, -1.09570121e-01,  5.92665856e-02],
       [ 3.25511006e-02, -2.63201316e-02,  8.64305634e-02, -2.05254359e-03,  8.46858652e-02],
       [ 7.85656472e-02, -9.93864838e-02, -1.43902435e-02,  5.62354000e-03, -1.22773683e-01],
       [ 2.72759589e-02, -8.47754752e-02, -1.02621118e-01,  4.99381495e-02,  6.34627668e-02],
       [ 4.49098787e-02, -7.34472003e-02,  1.75648466e-02, -6.56104714e-02,  5.02753262e-02],
       [ 3.81098105e-02, -8.34962110e-02,  1.22102435e-02,  3.86121168e-02, -3.73760866e-02],
       [-5.35036699e-02,  3.72307676e-02, -1.36114096e-01,  6.24783762e-02, -4.23345427e-02],
       [-1.77742960e-02,  8.42526471e-02, -7.27874888e-02,  3.56788315e-02, -1.13020419e-01],
       [-2.36669088e-02,  6.66216465e-02,  8.38763052e-02, -2.36994513e-02, -1.46017013e-01],
       [-1.29921801e-02,  6.33798030e-02, -6.37288426e-02,  1.83396693e-02, -1.30823373e-01],
       [-8.29980095e-03,  3.05503575e-03,  7.89952269e-02, -3.30151689e-02,  4.48841117e-02],
       [-5.53602762e-02,  5.64146840e-02,  1.29775814e-01, -8.63745461e-02, -6.18659592e-02],
       [-4.90846821e-03,  4.92419276e-02, -1.68993847e-02,  1.29308028e-03,  7.73398331e-03],
       [ 3.94537001e-02, -8.93181237e-02,  2.01628403e-02, -8.10723917e-02, -4.38979217e-02],
       [-2.96630309e-02,  1.52973640e-02,  1.07379696e-01, -5.55743121e-02, -8.51920610e-02],
       [-9.23861694e-02, -2.71518382e-02,  2.41372960e-02,  4.24915160e-02, -1.22710331e-01],
       [ 2.92714020e-02, -3.32648945e-02,  1.36176228e-02, -7.90895017e-02,  2.60961319e-02],
       [-5.43727704e-02, -2.38080575e-02,  2.86368115e-03,  1.29200248e-01, -4.74049396e-02],
       [ 2.89927757e-02,  6.35494099e-02, -4.98928553e-02,  3.38961891e-02, -7.04302498e-02],
       [ 8.47767958e-02,  5.87175443e-02, -1.00722572e-02, -3.95478235e-02,  1.19857691e-01],
       [ 8.08554881e-02,  6.90670280e-03,  6.16603332e-02, -5.84228413e-02, -8.80176812e-02],
       [ 6.27581551e-02,  3.05229601e-02,  1.40535020e-02,  7.30611204e-02, -5.26872341e-02],
       [ 7.29507689e-02,  2.77318169e-02, -2.93065685e-02, -4.28523562e-02,  3.42684290e-02],
       [-4.42956642e-02, -8.77260729e-02,  7.48392193e-02, -8.90221908e-02,  2.68025818e-02],
       [-8.15685911e-02,  2.69333122e-02,  2.28724215e-02, -6.65917773e-02,  9.97741863e-02],
       [-5.34297790e-02,  3.59631745e-03, -6.89096288e-02,  7.57485729e-03,  1.72851531e-01],
       [-6.58898761e-02,  6.05488610e-02,  1.91404004e-02, -6.05289143e-02,  1.19407002e-01],
       [-2.04052691e-02, -3.74171293e-02, -4.41412324e-02,  4.75285918e-02, -1.74401082e-02],
       [-5.66129670e-02, -6.09052613e-02, -7.75849806e-02,  8.85927097e-02,  5.96454600e-02],
       [-3.67840888e-02,  5.93673451e-02,  9.15207679e-03, -1.18602977e-03, -3.01061280e-02],
       [ 6.49083802e-02,  1.97380960e-02,  2.24880577e-02,  7.21174594e-02,  6.32869711e-02],
       [-2.90242623e-02, -8.10706660e-02, -7.76981390e-02,  5.25910487e-02,  8.46131289e-02],
       [ 7.68318106e-02, -1.08057989e-01,  3.14405846e-02,  8.33538471e-02, -1.84011782e-02],
       [-8.24433355e-02, -2.39697550e-02, -3.12042105e-02, -1.17213768e-01,  9.57539280e-03],
       [ 4.63672553e-02,  9.83220183e-02, -3.76553696e-02, -7.53550770e-02,  8.70182432e-02],
       [ 1.71606742e-01,  7.25386796e-02,  2.73621288e-02,  1.07409151e-01, -1.51986233e-01],
       [ 1.73085242e-01, -2.70647164e-02,  2.59549208e-02,  3.56090975e-02,  9.23117539e-02],
       [ 1.35490596e-01,  4.98505966e-02, -1.31861531e-02, -6.09288005e-02,  1.14718910e-02],
       [ 1.17667580e-01,  1.45424761e-02,  1.95306040e-02,  4.63522383e-02, -2.41810341e-02],
       [-6.58746174e-02, -1.50932859e-01,  3.76433398e-02,  9.76326354e-02, -2.67216923e-02],
       [-1.59118413e-01,  1.10100674e-01,  3.03581721e-02,  8.87622288e-02, -7.91272778e-02],
       [-9.32274478e-02,  5.70938375e-02, -2.06310410e-02,  3.95146495e-02, -1.45276747e-01],
       [-1.07925927e-01,  1.28038304e-01,  3.06501449e-02,  1.07061595e-01, -1.15179359e-01],
       [-8.13977911e-02, -8.39094551e-02, -3.63579568e-02, -4.92699570e-02,  1.77228185e-02],
       [-9.50098692e-02, -8.12047914e-02, -3.84730281e-02, -7.73333841e-02, -4.13622338e-02],
       [-3.98584640e-02,  1.24768546e-01,  1.92724511e-02, -1.09778450e-02,  2.67011936e-02],
       [ 1.22144484e-01,  9.12976108e-03, -1.61255669e-02, -3.54794592e-02, -1.12195974e-01],
       [-7.48763501e-02, -1.70473561e-01, -1.63092857e-02, -3.10921835e-02, -7.15857005e-02],
       [ 3.90831654e-02, -3.68490500e-02,  6.24678418e-02,  4.94967401e-02,  8.02179662e-03],
       [-3.08952834e-02,  3.99836179e-03,  2.67900942e-02,  9.53613662e-02, -1.74966450e-02],
       [-7.11550348e-02,  6.99632563e-02, -4.71612467e-03, -9.20133603e-02,  2.50240387e-02],
       [-4.95900383e-02,  7.37022204e-02, -6.98418890e-02, -6.06689289e-03, -3.37041592e-02],
       [-5.77139923e-02,  4.77904160e-02,  2.98054383e-02,  3.49233264e-02,  2.77231178e-04],
       [-4.50779576e-02,  5.60646112e-02, -2.11761116e-02, -1.29211465e-02, -9.08468242e-04],
       [ 5.04814810e-02, -3.88475353e-03, -6.10284952e-02, -7.34056119e-02, -5.26183684e-03],
       [ 2.91668939e-02, -7.32115423e-02, -4.62047671e-02, -7.42198847e-02,  1.27273967e-02],
       [ 2.17211040e-02, -4.90259779e-02,  5.70812248e-02, -6.17398467e-02,  3.80058583e-02],
       [ 3.11171097e-02, -8.29244757e-02, -2.84582847e-02, -1.16854760e-01,  2.28269062e-02],
       [ 1.49742095e-02,  1.72617869e-02,  4.74027989e-02,  4.49972071e-02,  2.49116350e-03],
       [ 5.00307877e-02, -3.64254217e-02,  5.52166083e-02,  3.10845046e-02,  2.09007329e-02],
       [ 1.46157648e-02, -6.09303053e-02, -2.23935409e-02,  3.01230923e-03, -6.66973976e-03],
       [-4.82139997e-02,  6.50805443e-02,  7.08496198e-02, -2.52085737e-02,  3.67962566e-02],
       [ 3.23455390e-02,  2.14330578e-02,  2.90410190e-02,  4.11675217e-03,  2.45518880e-02],
       [ 2.50551958e-02,  4.53176450e-02, -6.33966423e-02, -1.34347568e-01,  1.86783091e-02],
       [ 8.53393891e-02,  5.62811486e-02,  6.63314866e-03,  1.31127664e-01, -2.49537735e-02],
       [ 6.89424350e-02,  1.18565953e-02,  1.21005186e-01, -8.47645428e-03,  4.17760746e-02],
       [ 5.31932200e-02,  2.91437901e-02, -2.94630594e-02, -3.62586989e-02, -8.34015048e-03],
       [ 5.78907149e-02,  1.80315176e-02,  2.02708726e-02,  1.50719508e-02,  4.77499402e-03],
       [-3.32509610e-02, -5.51804329e-02,  1.10773495e-01,  7.98861823e-02,  8.65108731e-03],
       [-6.68290399e-02,  1.96081602e-02,  6.94174171e-02,  1.01541970e-01, -2.04413975e-03],
       [-5.21155846e-02,  1.39824436e-02, -1.02224260e-01,  1.00909349e-01, -4.47947150e-02],
       [-4.03497623e-02,  2.79035233e-02,  4.27412006e-02,  1.45298889e-01, -1.21768843e-02],
       [-2.32943708e-02, -3.38409190e-02, -8.92518778e-02, -5.70224147e-02, -5.27747316e-03],
       [-4.85804988e-02, -4.64797218e-02, -1.11055934e-01, -2.63769863e-02, -2.19167138e-02],
       [-2.06548925e-02,  4.35744011e-02,  3.89950851e-02, -1.79493257e-03,  4.08741112e-03],
       [ 5.25865090e-02,  1.90025335e-02, -7.99704502e-02,  4.79125715e-02, -5.04872046e-02],
       [-2.78496999e-02, -6.83388469e-02, -7.96175902e-02,  7.31068487e-03, -2.28427605e-02],
       [-3.36434620e-02, -9.86213787e-02, -5.06781722e-03,  8.49435445e-02, -8.80522065e-02],
       [-4.07226218e-02, -5.53387430e-02, -7.21940936e-03,  3.35293507e-02,  9.49717604e-02],
       [-3.93953490e-02, -7.68239152e-02, -4.67984320e-02, -8.19351347e-02,  3.33220248e-02],
       [-5.06920158e-02, -7.51352583e-02,  4.76716218e-02,  5.46244505e-02, -3.47202029e-02],
       [ 1.33330121e-02,  9.17307600e-02, -3.68432336e-02,  1.03649264e-01,  5.83362316e-03],
       [ 6.72532269e-02,  2.84162636e-02,  3.06892938e-03,  8.82880575e-02, -5.34201666e-02],
       [ 3.90971307e-02,  3.11431466e-02,  1.56540513e-02,  4.27031920e-02, -1.49475241e-01],
       [ 3.98728902e-02, -4.85692981e-04, -2.25361965e-02,  1.00845820e-01, -6.94459209e-02],
       [ 1.75612109e-02,  3.60051633e-02,  1.44728208e-02, -6.12229784e-02,  2.66494144e-03],
       [ 1.84761081e-02,  7.25605658e-02,  3.37335305e-02, -7.55401999e-02, -6.97212507e-02],
       [ 2.81581951e-02, -1.16863188e-02,  6.83319524e-03, -8.98792021e-03,  2.36477714e-02],
       [-3.54792255e-02, -6.30167195e-02, -1.01075366e-01, -5.00901605e-02, -5.22108817e-02],
       [ 9.04074805e-03,  6.45776087e-02,  4.15962852e-02, -3.28386964e-02, -8.73815589e-02],
       [-1.38143272e-01, -2.84785815e-02,  4.72886712e-03, -5.55338134e-02, -7.19942121e-02],
       [-1.43209453e-01, -1.01055858e-01,  1.03584052e-02,  8.28819412e-02, -3.49647483e-02],
       [-1.36609931e-01, -7.20448137e-02, -1.81996618e-02, -3.63639439e-02,  1.58965847e-02],
       [ 6.88552193e-02,  1.63883348e-01,  2.00770582e-02, -1.04716583e-01,  2.23154872e-02],
       [ 1.48645514e-01, -4.05817811e-02, -1.00584603e-02, -9.63307639e-02,  9.27483742e-02],
       [ 9.63798899e-02, -1.49647249e-02, -1.11119284e-02, -2.73485657e-02,  1.40958135e-01],
       [ 1.05152714e-01, -8.80528627e-02,  2.12348455e-04, -1.06817488e-01,  1.14862511e-01],
       [ 5.04043091e-02,  9.07749320e-02,  5.02470952e-03,  6.97203201e-02, -3.25180643e-02],
       [ 8.53913891e-02,  1.11828378e-01, -2.58905215e-02,  9.22703371e-02,  5.24646526e-02],
       [ 8.10828023e-02, -8.88647004e-02, -1.15873972e-02, -1.03218781e-02,  2.42736651e-04],
       [-1.36349575e-01, -6.53516951e-02,  2.13537813e-02,  4.85821637e-02,  8.07196038e-02],
       [ 4.42077131e-02,  1.59689220e-01, -3.32723734e-02,  4.98325050e-02,  7.09413626e-02],
       [-1.16132304e-01, -2.54507865e-02,  6.65099409e-02, -3.13120895e-04,  1.82199164e-02],
       [-1.00156771e-01,  3.67105521e-03, -4.76812679e-02,  9.97887289e-04, -6.62131172e-03],
       [ 8.92367087e-02,  9.60872531e-02, -7.07271091e-02, -3.07334136e-03, -6.18583302e-02],
       [ 1.02336603e-01, -7.57885130e-02, -3.88319418e-02, -2.12257595e-02, -9.35162111e-02],
       [ 9.41230600e-02, -5.90201526e-02,  5.06714617e-02, -5.35211701e-02, -3.82373743e-02],
       [ 6.17015985e-02, -8.14471922e-02, -1.02719011e-02, -3.88263544e-02, -1.08938551e-01],
       [ 3.23646628e-02,  5.85529252e-02,  4.29625920e-02,  7.07030223e-03,  5.13857758e-02],
       [ 9.98939029e-02,  4.74180817e-02,  7.51929928e-02, -2.38001595e-02,  4.75078859e-03],
       [ 4.73297093e-02, -9.00085814e-02, -1.01612356e-02,  5.81978790e-03, -1.06945583e-02],
       [-9.34851803e-02,  9.19160971e-03,  1.18691436e-01, -3.35035351e-02, -3.16857693e-02],
       [ 4.89983925e-02,  1.02948305e-01,  5.47494002e-02, -2.79540611e-02, -1.62584261e-02],
       [-1.07578776e-01, -3.76476242e-02, -4.61491685e-04,  1.30256713e-02,  3.33798583e-03],
       [ 5.22875335e-02,  9.56445088e-02,  6.82756063e-02,  6.98293652e-02, -7.16365857e-03],
       [ 1.27041390e-01, -3.04222526e-02,  4.40950781e-02,  7.31531734e-02, -2.39776937e-02],
       [ 9.95771503e-02, -7.46690489e-03, -5.94880222e-02,  5.36741680e-02, -1.57304426e-02],
       [ 7.80182585e-02, -4.64720746e-02,  2.73576260e-02,  9.56064071e-02, -2.68808784e-02],
       [ 2.26609601e-02,  4.02875703e-02, -4.93719576e-02, -3.43607871e-02,  1.46910793e-02],
       [ 7.08026310e-02,  7.38784234e-02, -5.40567077e-02, -2.14925599e-02, -6.48726074e-03],
       [ 3.63609357e-02, -6.39049804e-02,  2.22319587e-02, -8.54274575e-04, -1.50732484e-03],
       [-1.02247413e-01, -3.82270781e-02, -2.59355841e-02,  2.87450562e-02, -3.85068249e-02],
       [ 3.32733391e-02,  9.66619417e-02, -3.95480774e-02, -9.22773955e-04, -1.63628458e-02],
       [ 5.75624142e-02,  9.23031548e-02, -5.28116971e-02, -2.30700923e-02,  1.51270437e-02],
       [ 9.26385785e-02, -4.68534227e-02, -3.69980117e-02, -2.88448146e-02,  1.54331613e-02],
       [ 5.57330484e-02, -2.03010471e-02,  2.52920956e-02, -3.27716435e-02,  1.15586083e-02],
       [ 7.40705433e-02, -8.08900771e-02, -4.00596677e-02, -5.65081245e-02,  2.96283197e-02],
       [ 4.06392026e-02,  5.20974391e-02,  3.52865175e-02,  1.71284297e-02, -1.01372049e-02],
       [ 8.49887533e-02,  7.22166434e-02,  4.11187192e-02,  9.28435905e-03, -1.04928759e-03],
       [ 2.58042701e-02, -7.91045661e-02, -1.24652775e-02, -2.72360329e-03,  5.57222301e-03],
       [-7.90644992e-02, -1.22870663e-02, -3.78584928e-03, -1.56461943e-02,  2.87616235e-02],
       [ 4.49293508e-02,  9.97850949e-02,  3.02786036e-02, -2.72341313e-04,  6.43184050e-04],
       [-1.05084366e-01, -5.47752395e-02, -3.18051942e-02, -8.45599433e-02,  2.31683579e-03],
       [-5.87442182e-02, -5.69852474e-02,  4.87404763e-02, -8.58280858e-02,  7.60742821e-02],
       [-7.22245469e-02, -7.62791624e-03,  6.01612168e-03, -1.20873896e-01,  8.07967676e-03],
       [-2.91425845e-02, -3.60290268e-02,  2.34460003e-02,  4.46537451e-02,  1.22978449e-02],
       [-3.12199175e-02, -1.14750559e-01,  3.13540893e-02,  3.91334340e-02,  4.25689230e-02],
       [-3.38459147e-02,  2.30957422e-02, -1.43789725e-02,  5.25533680e-03, -1.27864858e-02],
       [ 6.69069231e-02,  1.07418416e-01,  1.52614907e-01, -9.12078368e-03,  3.32152687e-02],
       [-1.63930016e-02, -9.43274451e-02,  1.14646786e-02,  4.95843508e-03,  4.49964721e-02],
       [-6.16982268e-02,  7.16645934e-02,  1.90798471e-02, -7.23850077e-02,  1.61440817e-01],
       [-6.82937513e-02,  1.33540774e-01, -1.88378199e-02, -1.35288961e-01,  9.41000897e-02],
       [-3.39287238e-02, -6.00616334e-02,  2.52867027e-02,  4.53261579e-02, -3.97897086e-04],
       [-1.08671262e-01,  2.45045071e-03,  3.84427217e-02,  6.63512483e-02,  5.29930884e-02],
       [-3.47534570e-02,  1.13271233e-01, -1.35343066e-02,  8.52148767e-03, -2.46356305e-02],
       [ 1.07332700e-01, -6.66155545e-02,  8.40961612e-02,  1.71448768e-02,  8.61357460e-02],
       [-7.12966170e-02, -8.01908075e-02,  1.96650602e-02,  3.15956802e-02,  6.05831511e-02],
       [-6.15650049e-02,  1.10710793e-01,  1.11295175e-02, -4.68880701e-02,  1.54510001e-01],
       [-3.65036713e-02, -3.88642289e-02, -9.01190974e-03,  4.87673430e-02, -7.96928681e-02],
       [-6.85657009e-02, -1.51314376e-02, -5.84322312e-02,  7.86592518e-02,  2.97925804e-02],
       [-2.27623818e-02,  7.33296354e-02, -1.22777580e-02, -5.07100418e-03,  1.69613924e-02],
       [ 6.31965038e-02, -3.26388243e-02, -9.54392655e-02,  5.58504588e-02,  8.19856486e-02],
       [-4.52474180e-02, -6.84922964e-02, -5.18598903e-02,  4.68545332e-02,  7.00581434e-02],
       [-2.59846839e-02, -2.09438509e-02,  1.52795099e-02,  8.53686114e-02, -2.44565740e-02],
       [-7.60778570e-02,  3.76348537e-02, -1.29734866e-02,  9.61764991e-02,  7.30669832e-02],
       [-1.78822452e-02,  6.54120952e-02, -1.51907383e-02, -1.11675929e-02, -7.31243862e-03],
       [ 6.16801124e-02, -7.44025574e-02,  7.76859524e-02,  5.20481432e-02,  8.07553897e-02],
       [-4.24681120e-02, -3.55369701e-02, -2.67924525e-02,  3.86258729e-02,  9.90301025e-02],
       [-3.28118364e-02, -6.19060033e-02, -2.63580397e-02, -3.14509540e-02, -2.98721377e-02],
       [-2.13897502e-02,  4.75317712e-05,  8.00374285e-04, -6.09205718e-03,  2.06901375e-02],
       [ 3.86773249e-02,  5.17068530e-02, -9.75638338e-02,  2.89634817e-03, -3.49366988e-02],
       [-6.73627761e-03, -2.33165965e-02, -1.10372994e-02, -1.08627608e-02, -3.03188823e-02],
       [-4.19420331e-02,  5.39222615e-02,  1.21059828e-02, -5.15949797e-03,  2.02653286e-03],
       [ 8.49325819e-02,  6.74673863e-02, -1.45591194e-01,  4.64545181e-02,  3.33499977e-02],
       [-3.26424045e-02, -1.32946367e-01, -1.46204360e-02,  1.58905985e-02, -2.83788863e-03],
       [ 3.38392431e-02, -7.93566032e-02,  2.78393556e-02, -3.70718214e-03, -1.95386605e-03],
       [-3.10254460e-02, -8.49976336e-03,  6.85895505e-03, -6.30438840e-03, -2.44470414e-03],
       [ 4.56432435e-02,  1.06045692e-01, -1.17633323e-01,  4.16306910e-02,  5.39297173e-02]])})
2026-01-20 11:01:22,629 - final_problem_set.kxor_instance_n23_k2_m204_ell2_eps0.15_kappa0.875_rho0.0 - INFO - Running key extraction (n=23, m=204, ell=2, phase_qubits=13)
2026-01-20 11:01:22,633 - final_problem_set.kxor_instance_n23_k2_m204_ell2_eps0.15_kappa0.875_rho0.0 - INFO - Built voting matrix V (n=23, ell=2, dtype=complex128) in 0.003s
2026-01-20 11:01:22,633 - final_problem_set.kxor_instance_n23_k2_m204_ell2_eps0.15_kappa0.875_rho0.0 - INFO - Eval: adv=0.2647 (no ground-truth z available)
2026-01-20 11:01:22,634 - final_problem_set.kxor_instance_n23_k2_m204_ell2_eps0.15_kappa0.875_rho0.0 - INFO - Key extraction complete: x_hat=16
2026-01-20 11:01:22,634 - final_problem_set.kxor_instance_n23_k2_m204_ell2_eps0.15_kappa0.875_rho0.0 - INFO - Finished step 'KeyExtractionStep' in 0.004s (success: True, problem=kxor_instance_n23_k2_m204_ell2_eps0.15_kappa0.875_rho0.0)
2026-01-20 11:01:22,634 - final_problem_set.kxor_instance_n23_k2_m204_ell2_eps0.15_kappa0.875_rho0.0 - INFO - SUCCESS: len(z_hat)=23
2026-01-20 11:01:22,634 - final_problem_set.kxor_instance_n23_k2_m204_ell2_eps0.15_kappa0.875_rho0.0 - INFO - Metrics: adv=0.2647058823529412, ham_frac=None, corr=None
2026-01-20 11:01:22,634 - final_problem_set.kxor_instance_n23_k2_m204_ell2_eps0.15_kappa0.875_rho0.0 - INFO - z_hat (full): [-1, -1,  1,  1, -1,  1, -1,  1, -1, -1,  1, -1, -1,  1,  1,  1,  1,  1, -1,  1, -1,  1,  1]
