2026-01-20 11:00:32,822 - final_problem_set.kxor_instance_n15_k2_m125_ell2_eps0.25_kappa0.875_rho0.2 - INFO - Starting iteration for /Users/julian/CodingProjects/UniT3/QuarticSpeedupK-XOR/z_Daphne/data/final_problem_set/kxor_instance_n15_k2_m125_ell2_eps0.25_kappa0.875_rho0.2.npz
2026-01-20 11:00:32,823 - final_problem_set.kxor_instance_n15_k2_m125_ell2_eps0.25_kappa0.875_rho0.2 - INFO - Loaded instance (n=15, m=125, k=2)
2026-01-20 11:00:32,823 - final_problem_set.kxor_instance_n15_k2_m125_ell2_eps0.25_kappa0.875_rho0.2 - INFO - Starting step 'ComputeKikuchiStep' (version 0.1) on problem kxor_instance_n15_k2_m125_ell2_eps0.25_kappa0.875_rho0.2 (fields={'ell': 2, 'threshold': 0.0})
2026-01-20 11:00:32,833 - final_problem_set.kxor_instance_n15_k2_m125_ell2_eps0.25_kappa0.875_rho0.2 - INFO - Finished step 'ComputeKikuchiStep' in 0.011s (success: True, problem=kxor_instance_n15_k2_m125_ell2_eps0.25_kappa0.875_rho0.2)
2026-01-20 11:00:32,833 - final_problem_set.kxor_instance_n15_k2_m125_ell2_eps0.25_kappa0.875_rho0.2 - INFO - Starting step 'ClassicalEigenvaluesStep' (version 0.1) on problem kxor_instance_n15_k2_m125_ell2_eps0.25_kappa0.875_rho0.2 (fields={'ell': 2, 'threshold': 0.0, 'kikuchi_matrix': <Dictionary Of Keys sparse matrix of dtype 'int64'
	with 1976 stored elements and shape (105, 105)>, 'num_eigenvalues': 5})
2026-01-20 11:00:32,871 - final_problem_set.kxor_instance_n15_k2_m125_ell2_eps0.25_kappa0.875_rho0.2 - INFO - Finished step 'ClassicalEigenvaluesStep' in 0.038s (success: True, problem=kxor_instance_n15_k2_m125_ell2_eps0.25_kappa0.875_rho0.2)
2026-01-20 11:00:32,871 - final_problem_set.kxor_instance_n15_k2_m125_ell2_eps0.25_kappa0.875_rho0.2 - INFO - Starting step 'KeyExtractionStep' (version 0.1) on problem kxor_instance_n15_k2_m125_ell2_eps0.25_kappa0.875_rho0.2 (fields={'ell': 2, 'threshold': 0.0, 'kikuchi_matrix': <Dictionary Of Keys sparse matrix of dtype 'int64'
	with 1976 stored elements and shape (105, 105)>, 'num_eigenvalues': 5, 'eigenvalues': array([-9.13501287, -8.31784889,  8.43965101,  8.7790975 ,  9.73507936]), 'eigenvectors': array([[ 4.23873760e-02,  9.15990448e-02,  1.21452855e-01,  5.17350218e-02, -5.24006856e-02],
       [ 4.51002925e-02,  5.32136433e-02, -8.71472107e-02, -1.11003857e-01, -1.49425631e-01],
       [-2.64454540e-02, -6.01582760e-02, -1.19943801e-01,  7.46309999e-02, -1.85307138e-02],
       [-1.02826090e-02, -1.11832779e-01,  1.67457490e-01, -5.80795030e-02, -1.08852298e-01],
       [-2.24445753e-02, -5.87595788e-02,  7.37527194e-02,  1.21229049e-01,  1.87783926e-01],
       [ 6.35723312e-02, -2.25238602e-02, -8.12520741e-02, -6.74159696e-02, -2.21595421e-02],
       [-1.27909938e-02, -8.02776675e-02,  4.88217815e-02,  1.16589084e-01,  1.66436060e-01],
       [ 2.82601672e-02,  2.27940388e-02, -4.73228262e-02,  5.57946232e-02, -7.04336452e-02],
       [ 1.21952606e-02, -5.33757218e-02,  6.12733056e-02,  1.59156745e-01,  5.19764784e-02],
       [-2.37357649e-02, -2.65720846e-02,  5.62368098e-02, -4.41419356e-02, -1.77190713e-01],
       [ 1.48498273e-03, -4.62485617e-02, -1.07998459e-01,  2.69772470e-02, -8.71078056e-02],
       [-3.24992891e-02, -2.32708714e-02,  7.44349312e-02,  2.24511001e-02, -1.62727741e-01],
       [-4.77963909e-02, -7.34429343e-02, -1.80126576e-01, -5.52139221e-02, -8.20094596e-02],
       [-7.00397198e-02, -1.44772462e-01, -1.74203447e-02, -1.10594568e-01, -8.40184741e-02],
       [-1.24240744e-01, -4.33651195e-02,  1.51398399e-01,  9.66648603e-02, -5.71981745e-02],
       [ 1.45665827e-01,  5.24042582e-02,  1.59205698e-02,  1.52084551e-02,  4.39287544e-03],
       [ 1.69521476e-02,  9.41777487e-02,  2.37720472e-02,  3.31254189e-02, -3.31702206e-04],
       [ 1.10160748e-01,  7.24613939e-02, -1.81516116e-01, -1.14476605e-01,  3.30216991e-02],
       [-1.44244336e-01,  2.75349691e-02,  1.99488528e-02,  1.61594182e-02,  3.17854903e-03],
       [ 8.90660542e-04,  8.86928731e-02, -1.51645935e-01, -9.60760888e-02,  4.60371237e-02],
       [-6.50904858e-02, -6.27231493e-02,  6.37409130e-02,  1.85243552e-02, -4.96275829e-03],
       [-8.07661984e-02,  6.14452051e-02, -9.43746029e-02, -5.37619285e-02,  3.87116782e-02],
       [ 1.04920573e-01,  2.54205911e-02,  6.43758200e-02,  4.99574426e-02,  8.10112367e-03],
       [-2.05982811e-02,  6.08610045e-02,  7.12066436e-02,  4.75871467e-02, -1.13946073e-02],
       [ 5.33727918e-02,  2.82100203e-02,  6.55745363e-02,  3.23189246e-02,  7.24451147e-03],
       [ 9.81557264e-02,  7.64806324e-02,  8.56326693e-02,  5.44383499e-02, -2.02286332e-02],
       [ 1.04937780e-01,  8.92860161e-02,  1.13233934e-01,  6.29856210e-02, -2.71596710e-02],
       [ 1.75666056e-01, -9.21001668e-02, -1.35192891e-01,  1.73038668e-01,  1.78867536e-02],
       [ 9.21852346e-02,  1.96202933e-01,  2.06105029e-01, -1.87255021e-02, -1.31884943e-01],
       [ 2.11490466e-01, -3.13994910e-02,  9.83957227e-02, -8.53212265e-04,  2.46563334e-01],
       [-1.48221577e-01,  1.98247234e-01, -1.03971071e-01, -7.44139808e-02, -2.69011502e-02],
       [ 7.21502195e-02,  1.76013310e-01,  7.44127917e-02,  1.98590988e-02,  2.23670887e-01],
       [-1.02398617e-01,  2.11625335e-03, -7.67452757e-02,  1.36186554e-01, -1.12104831e-01],
       [-6.04951767e-02,  2.02401534e-01,  7.12564781e-02,  2.15692744e-01,  1.03529256e-01],
       [ 1.25658564e-01, -1.11642653e-01,  6.38607216e-02,  6.29820033e-02, -1.68036521e-01],
       [ 2.09069442e-02,  1.30159737e-01, -1.38163768e-01,  1.39443479e-01, -1.09090513e-01],
       [ 1.03195795e-01, -2.03320054e-02,  7.69100379e-02,  1.46093002e-01, -1.69961635e-01],
       [ 1.66560049e-01,  1.77520624e-02, -2.07712706e-01,  1.12187588e-02, -9.29914006e-02],
       [ 2.25850690e-01,  5.82941950e-02, -2.77190485e-02, -1.23567799e-01, -1.46937826e-01],
       [-6.94127967e-02, -1.96747276e-01, -2.90228115e-02,  8.59854744e-02,  6.40736056e-03],
       [-1.44925855e-01, -4.78532461e-03,  1.47948100e-01, -1.98507367e-01, -2.86798669e-02],
       [ 1.49447005e-01, -1.69870518e-01, -1.65165272e-02,  8.86867240e-03, -6.64677166e-03],
       [-6.12343367e-02, -1.84411324e-01,  1.39563655e-01, -1.81940504e-01, -4.48537593e-03],
       [ 1.09163542e-01,  1.03844861e-02, -5.00386698e-02,  6.36178720e-02,  2.13302200e-03],
       [ 4.91088463e-02, -1.84963430e-01,  7.92697566e-02, -2.87370555e-02,  1.55560020e-02],
       [-9.67090648e-02,  7.78341947e-02, -6.18525693e-02,  1.58362480e-01,  1.37487827e-02],
       [-2.36080726e-02, -1.18393506e-01, -4.06258480e-02,  7.93816623e-02,  1.56834448e-02],
       [-1.49156692e-01,  2.44700385e-02, -8.98544396e-02,  1.29480591e-01,  2.43714652e-02],
       [-1.91185865e-01, -3.20843507e-02, -5.36778227e-02,  8.35191139e-02,  6.74416472e-03],
       [-2.18253861e-01, -8.14205475e-02, -1.02003092e-01,  7.00387424e-02, -1.93654167e-02],
       [-1.60246929e-02, -1.52848297e-01, -2.32644948e-01,  8.79079869e-03,  1.14245321e-01],
       [ 1.08569393e-01,  1.24556525e-01,  2.63856657e-03, -3.89761210e-02, -2.20287324e-03],
       [ 3.10151841e-02, -4.82887094e-02, -2.11053882e-01,  2.19440250e-02,  1.00719720e-01],
       [ 2.74207208e-03,  1.18765591e-01,  6.94843129e-02,  6.01280034e-02, -6.79832335e-02],
       [ 8.38735782e-02,  3.75714613e-02, -1.04972672e-01,  8.61593617e-02,  7.32768670e-02],
       [-8.75356776e-02, -1.41715318e-01,  1.20759332e-01,  4.70387215e-03, -5.67618424e-02],
       [ 4.52954893e-02, -1.49301568e-02,  3.68532309e-02,  7.68377828e-02, -4.93451894e-02],
       [-1.25605788e-02, -9.54693251e-02,  1.43163812e-01,  3.33790220e-02, -5.91948435e-02],
       [-6.74743495e-03, -1.44061435e-01,  2.25639943e-02,  1.75060111e-02, -6.87891197e-02],
       [ 4.79989717e-03, -1.80326781e-01,  1.92826653e-01, -8.54234359e-02, -1.03100961e-01],
       [ 1.77868934e-01, -1.06501997e-01,  9.56033539e-02,  7.66930382e-02,  9.90762790e-03],
       [-1.72969494e-02, -1.57356698e-01, -4.54439678e-02,  4.61893216e-04, -2.50815706e-01],
       [ 6.50552608e-02,  2.79155475e-02,  6.45556813e-02, -1.60502231e-01,  1.29949485e-01],
       [ 9.18344775e-02, -1.18937242e-01, -6.05080857e-02, -2.38261432e-01, -1.22872219e-01],
       [-1.25613615e-01,  2.23578727e-02, -8.81863971e-02, -8.92168899e-02,  1.72875703e-01],
       [ 2.73983165e-02, -9.37298838e-02,  1.22111517e-01, -1.60857017e-01,  9.56240311e-02],
       [-7.88605112e-02, -8.05860954e-03, -1.02267036e-01, -1.81909206e-01,  1.79097082e-01],
       [-1.10983063e-01, -4.68240886e-02,  2.09793805e-01, -2.23516682e-02,  1.04095847e-01],
       [-1.43104721e-01, -9.99556911e-02,  2.79044862e-03,  1.31609453e-01,  1.76740469e-01],
       [ 8.58425604e-02,  1.19624594e-01,  8.58668221e-02,  7.12339681e-02, -7.77591294e-03],
       [-8.19742179e-02,  2.84564912e-02, -4.68337112e-02,  7.26035232e-05, -1.23756223e-02],
       [-4.00796560e-02,  2.01943707e-01,  3.30372900e-02,  3.26276422e-02,  6.05137540e-03],
       [ 1.05471359e-01, -1.63557238e-01, -4.22148739e-02, -4.81170081e-02,  7.09865050e-03],
       [ 3.85034795e-02,  8.73907312e-02, -4.79537421e-02, -5.72562795e-03, -8.76810357e-03],
       [ 1.15218063e-01, -7.43311648e-02, -4.70598105e-02, -3.36788707e-02, -9.21423694e-03],
       [ 1.57646270e-01, -4.73410757e-02, -3.66265247e-02, -2.31589674e-02, -4.53598226e-03],
       [ 2.15752029e-01, -4.09614349e-02, -6.28714559e-02, -3.52904973e-02, -2.92091275e-04],
       [ 6.88819486e-03,  8.10653994e-02,  5.54918646e-02, -1.41151074e-01,  1.18153193e-01],
       [ 6.57926247e-02,  6.41480397e-02, -5.31690218e-02, -2.34323720e-01, -1.32952706e-01],
       [-6.02673925e-02, -1.42944101e-01, -7.83403478e-02, -6.26152703e-02,  1.49972165e-01],
       [ 3.05085789e-02, -1.05311796e-03,  1.12225341e-01, -1.40781182e-01,  9.42084398e-02],
       [-8.27846531e-03, -7.41337218e-02, -9.82935424e-02, -1.46988021e-01,  1.54896252e-01],
       [-9.05894658e-03, -1.31834534e-01,  2.03883999e-01, -1.12162067e-02,  1.21965837e-01],
       [ 5.19206815e-03, -1.56434261e-01, -1.19290863e-02,  1.26807632e-01,  1.51558315e-01],
       [-7.63906664e-02,  9.16662518e-02,  5.21811471e-02,  1.49309738e-02,  6.96510742e-02],
       [ 1.04808818e-01, -2.24196650e-02,  8.29828718e-03,  1.18383228e-01, -7.99202309e-02],
       [-1.43954252e-02,  4.44897199e-02, -3.34389274e-02,  7.62398160e-02, -4.01941137e-02],
       [ 2.69839335e-02,  5.26483366e-03,  2.26100490e-03,  1.23721328e-01, -6.73585113e-02],
       [ 2.75105379e-02,  5.12936877e-02, -6.77958233e-02,  5.07634275e-02, -4.63965686e-02],
       [ 5.42595748e-02,  7.77866050e-02, -4.06576461e-02,  4.75085137e-02, -6.56682849e-02],
       [ 6.28963914e-03, -1.42116301e-01, -4.15788288e-02,  1.30165490e-01,  1.25852504e-01],
       [ 4.29083994e-02,  6.64692004e-02,  8.68814813e-02,  4.43625756e-02,  6.60022588e-02],
       [ 7.97731334e-02, -7.14271547e-02, -4.97941673e-02,  7.74460876e-02,  1.36806556e-01],
       [ 1.34820476e-01, -1.24026688e-01,  1.08804350e-01,  8.58313240e-02,  4.63291267e-02],
       [ 1.75080534e-01, -1.21968239e-01,  2.07176486e-02,  1.42066202e-01,  5.77949283e-02],
       [-2.77603063e-02, -9.95479532e-02, -1.91767935e-02,  1.49946530e-01, -6.87199889e-02],
       [-1.19751147e-01,  4.55759445e-02,  8.37483628e-02,  1.33931063e-01, -8.19056364e-02],
       [-1.87565247e-01,  1.32522663e-02, -4.98336038e-02,  4.89939468e-02, -7.44259415e-02],
       [-2.13907360e-01, -2.74821210e-02,  8.12008223e-02, -5.95358267e-02, -1.38071824e-01],
       [ 1.83689605e-02, -5.59756144e-02, -2.30365499e-02,  1.82708596e-01, -7.01331447e-02],
       [ 2.91380552e-02, -8.56675219e-02, -8.60731006e-02,  5.06773114e-02, -3.53850520e-02],
       [ 5.15539787e-02, -8.34908307e-02, -8.39027229e-02,  1.96625692e-02, -9.70655108e-02],
       [-4.47450026e-02, -1.94321647e-02, -6.81906530e-02,  1.15877432e-01, -1.01963054e-01],
       [-9.14923603e-02, -4.92119293e-02,  1.01529005e-01, -7.60124823e-03, -1.38483595e-01],
       [-1.03373531e-01, -1.23210948e-01, -1.49738181e-01, -5.67019844e-02, -8.85569799e-02]])})
2026-01-20 11:00:32,872 - final_problem_set.kxor_instance_n15_k2_m125_ell2_eps0.25_kappa0.875_rho0.2 - INFO - Running key extraction (n=15, m=125, ell=2, phase_qubits=11)
2026-01-20 11:00:32,873 - final_problem_set.kxor_instance_n15_k2_m125_ell2_eps0.25_kappa0.875_rho0.2 - INFO - Built voting matrix V (n=15, ell=2, dtype=complex128) in 0.001s
2026-01-20 11:00:32,874 - final_problem_set.kxor_instance_n15_k2_m125_ell2_eps0.25_kappa0.875_rho0.2 - INFO - Eval: adv=0.3760, hamming=3/15 (0.200), corr=0.600
2026-01-20 11:00:32,874 - final_problem_set.kxor_instance_n15_k2_m125_ell2_eps0.25_kappa0.875_rho0.2 - INFO - Key extraction complete: x_hat=5
2026-01-20 11:00:32,874 - final_problem_set.kxor_instance_n15_k2_m125_ell2_eps0.25_kappa0.875_rho0.2 - INFO - Finished step 'KeyExtractionStep' in 0.001s (success: True, problem=kxor_instance_n15_k2_m125_ell2_eps0.25_kappa0.875_rho0.2)
2026-01-20 11:00:32,874 - final_problem_set.kxor_instance_n15_k2_m125_ell2_eps0.25_kappa0.875_rho0.2 - INFO - SUCCESS: len(z_hat)=15
2026-01-20 11:00:32,874 - final_problem_set.kxor_instance_n15_k2_m125_ell2_eps0.25_kappa0.875_rho0.2 - INFO - Metrics: adv=0.376, ham_frac=0.2, corr=0.6
2026-01-20 11:00:32,874 - final_problem_set.kxor_instance_n15_k2_m125_ell2_eps0.25_kappa0.875_rho0.2 - INFO - z_hat (full): [-1, -1, -1,  1, -1,  1, -1,  1, -1,  1, -1, -1, -1, -1, -1]
