2026-01-20 11:00:56,944 - final_problem_set.kxor_instance_n20_k2_m184_ell2_eps0.25_kappa0.875_rho0.2 - INFO - Starting iteration for /Users/julian/CodingProjects/UniT3/QuarticSpeedupK-XOR/z_Daphne/data/final_problem_set/kxor_instance_n20_k2_m184_ell2_eps0.25_kappa0.875_rho0.2.npz
2026-01-20 11:00:56,945 - final_problem_set.kxor_instance_n20_k2_m184_ell2_eps0.25_kappa0.875_rho0.2 - INFO - Loaded instance (n=20, m=184, k=2)
2026-01-20 11:00:56,945 - final_problem_set.kxor_instance_n20_k2_m184_ell2_eps0.25_kappa0.875_rho0.2 - INFO - Starting step 'ComputeKikuchiStep' (version 0.1) on problem kxor_instance_n20_k2_m184_ell2_eps0.25_kappa0.875_rho0.2 (fields={'ell': 2, 'threshold': 0.0})
2026-01-20 11:00:56,970 - final_problem_set.kxor_instance_n20_k2_m184_ell2_eps0.25_kappa0.875_rho0.2 - INFO - Finished step 'ComputeKikuchiStep' in 0.025s (success: True, problem=kxor_instance_n20_k2_m184_ell2_eps0.25_kappa0.875_rho0.2)
2026-01-20 11:00:56,970 - final_problem_set.kxor_instance_n20_k2_m184_ell2_eps0.25_kappa0.875_rho0.2 - INFO - Starting step 'ClassicalEigenvaluesStep' (version 0.1) on problem kxor_instance_n20_k2_m184_ell2_eps0.25_kappa0.875_rho0.2 (fields={'ell': 2, 'threshold': 0.0, 'kikuchi_matrix': <Dictionary Of Keys sparse matrix of dtype 'int64'
	with 4212 stored elements and shape (190, 190)>, 'num_eigenvalues': 5})
2026-01-20 11:00:57,051 - final_problem_set.kxor_instance_n20_k2_m184_ell2_eps0.25_kappa0.875_rho0.2 - INFO - Finished step 'ClassicalEigenvaluesStep' in 0.081s (success: True, problem=kxor_instance_n20_k2_m184_ell2_eps0.25_kappa0.875_rho0.2)
2026-01-20 11:00:57,051 - final_problem_set.kxor_instance_n20_k2_m184_ell2_eps0.25_kappa0.875_rho0.2 - INFO - Starting step 'KeyExtractionStep' (version 0.1) on problem kxor_instance_n20_k2_m184_ell2_eps0.25_kappa0.875_rho0.2 (fields={'ell': 2, 'threshold': 0.0, 'kikuchi_matrix': <Dictionary Of Keys sparse matrix of dtype 'int64'
	with 4212 stored elements and shape (190, 190)>, 'num_eigenvalues': 5, 'eigenvalues': array([-12.6451323 , -10.79222024, -10.41446602,  10.90155346,  11.68791146]), 'eigenvectors': array([[-1.96900870e-02,  8.17972476e-02,  5.94830555e-02, -1.42520803e-01,  8.52279953e-02],
       [-3.52964861e-03, -2.31846578e-02, -6.10650814e-03,  1.31670800e-01, -1.00338936e-01],
       [-8.49981500e-03,  6.75580361e-02,  3.17801451e-02,  5.00577601e-02, -6.06789775e-02],
       [-2.03320035e-02,  4.73781093e-02,  2.41961269e-02,  1.50229686e-01, -5.53173177e-02],
       [-9.27056722e-03,  2.24051366e-03, -3.62947347e-03, -3.26372500e-02,  8.89570134e-02],
       [-1.49594658e-02,  2.86955092e-02, -2.10728070e-02, -7.66330827e-02,  6.89402656e-02],
       [ 2.04233029e-02, -3.63510533e-02,  2.36512311e-02,  1.11102764e-01, -3.85056850e-02],
       [-5.85301248e-03,  3.01094037e-02,  6.70107799e-02, -3.48788250e-02, -6.66143259e-02],
       [ 1.98394025e-02, -6.02468343e-02, -4.62261982e-02,  1.23344203e-01, -9.33562142e-02],
       [-5.90621091e-03,  8.77048110e-02,  5.09410821e-02,  1.16135203e-01,  3.57814917e-02],
       [-1.80202268e-02,  1.18107150e-01,  5.24220143e-02, -2.09202505e-02,  6.74231233e-02],
       [-2.03204078e-02,  7.14122736e-02,  5.45342614e-02,  2.97614790e-02, -8.36989175e-02],
       [ 2.26852118e-02, -1.05596819e-01, -3.63352849e-02, -1.58822122e-03,  4.32771610e-02],
       [ 8.39912770e-03, -1.18580972e-01, -6.23653268e-02, -3.19380311e-02, -6.67661028e-05],
       [ 5.38934494e-03, -8.91206574e-02, -3.69756377e-02,  8.90106987e-02,  6.67219118e-03],
       [ 2.01919833e-02, -7.99191001e-02, -2.95698068e-02, -1.23515386e-01,  3.22844533e-02],
       [-7.59668281e-03,  2.50826031e-02, -1.65534711e-02, -4.76870616e-02, -9.50783378e-02],
       [ 7.08100617e-04, -1.93856945e-02, -2.02053983e-02,  4.73381739e-02,  6.99151168e-02],
       [ 8.15204740e-03, -4.59179092e-02,  3.34150322e-03, -1.31678850e-01,  9.41346110e-02],
       [-5.11777720e-03,  1.02679161e-01,  1.62752688e-02, -8.00628893e-02,  1.51589169e-01],
       [ 6.32378475e-02, -1.09861073e-01, -2.91854957e-02, -2.31258240e-02,  1.05235941e-01],
       [ 7.91519773e-02,  4.83804126e-02, -2.03812128e-02, -1.26940547e-01,  9.38591216e-02],
       [ 4.74514434e-02,  9.82931749e-02,  1.49749797e-02, -2.57348338e-02, -1.14430136e-01],
       [ 5.61429033e-02,  1.45156412e-02,  7.53555145e-02,  3.96893517e-02, -1.01445768e-01],
       [-8.42144946e-02, -5.48925699e-02, -7.68017293e-02, -1.40938025e-01,  9.70214354e-02],
       [ 2.64097016e-02,  1.85696531e-02, -1.11341452e-01,  9.85906937e-02,  7.65129137e-02],
       [-7.36455183e-02,  7.22190178e-03,  4.21556454e-02, -1.02985312e-01,  1.88965891e-01],
       [ 8.88891171e-02, -4.68866938e-02, -1.10063761e-01, -1.70219156e-01, -4.44580296e-02],
       [ 1.25577245e-01, -9.03744644e-02, -6.00164927e-02, -5.30431803e-03, -1.05170420e-01],
       [ 1.15375882e-01,  5.85296918e-02, -9.07905318e-02,  9.00678857e-03,  1.43212020e-01],
       [-1.25315723e-01,  8.91215667e-03,  3.10412510e-02, -3.16807692e-02, -4.75588413e-02],
       [-1.23979649e-01,  3.28870737e-02,  9.21061567e-02,  4.43981736e-02, -2.45586620e-03],
       [-1.15352816e-01,  2.03565912e-02,  7.34345189e-02, -8.99930023e-02, -1.32902824e-02],
       [-9.01226077e-02,  2.30479928e-02,  1.48596701e-02,  1.21906249e-01, -5.36339578e-02],
       [ 2.14694259e-02, -3.69153152e-02,  6.53898731e-02,  1.14844922e-01,  1.31968966e-01],
       [-2.27773609e-02, -1.44312827e-02,  5.82254978e-02, -1.06148329e-01, -9.80070080e-02],
       [-4.00873425e-02,  1.00297353e-01, -6.68085140e-02,  9.76942497e-02, -1.65967185e-01],
       [ 8.26770523e-03,  6.06227519e-02,  8.92819558e-03,  2.78230664e-03, -9.53387839e-02],
       [-6.82471127e-03,  9.37665366e-02, -5.15804339e-03,  9.32085437e-02, -9.15119612e-02],
       [-9.47848433e-03,  3.25657921e-02, -1.25904772e-02,  4.07186620e-02,  1.15090147e-01],
       [ 2.48869903e-05,  3.48479417e-02, -1.51163516e-02, -2.78564212e-02,  1.03960950e-01],
       [ 1.07022125e-02, -6.55153312e-02,  3.02055180e-02,  1.00145228e-01, -7.98530293e-02],
       [ 1.27245230e-03,  4.29012749e-02,  1.98891341e-02, -1.03872416e-01, -8.56593869e-02],
       [ 4.46799072e-03, -7.90170476e-02, -1.47212881e-02,  5.24642866e-02, -1.58266219e-01],
       [ 3.03229706e-03,  1.16373643e-01,  9.92511218e-03,  1.76213374e-01,  2.33924330e-02],
       [ 1.66347426e-02,  1.17807461e-01,  8.05898010e-03,  1.55557119e-02,  1.20372203e-01],
       [-9.66441827e-03,  1.18497025e-01,  2.56386856e-03, -3.07842631e-02, -1.25644057e-01],
       [ 5.52306223e-03, -1.45381404e-01,  6.47932238e-03,  3.28238552e-02,  6.37158723e-02],
       [ 3.85171831e-03, -1.60365861e-01, -1.34610406e-02, -4.53414938e-02,  1.19997141e-02],
       [ 3.62716070e-03, -1.26556316e-01,  1.14588879e-03,  8.76379354e-02,  8.26905968e-03],
       [ 2.40597398e-03, -9.96996954e-02, -6.04427742e-04, -1.16131031e-01,  6.86668906e-02],
       [ 3.22451227e-03,  1.35325948e-02, -2.47783631e-03, -1.23795737e-01, -1.05392349e-01],
       [-2.17880071e-04, -3.39308913e-02, -4.21658660e-03,  1.11160509e-01,  8.91593095e-02],
       [-3.46357152e-03, -3.00760624e-02, -4.36597723e-03, -6.09229602e-02,  1.65146554e-01],
       [ 8.99590254e-02, -4.54850287e-02,  1.55887639e-02,  3.45123742e-02, -6.33252597e-02],
       [ 4.84452637e-02,  3.48838892e-02,  3.53121053e-02,  3.80806717e-02,  7.55852629e-02],
       [ 3.70506801e-02, -3.04289952e-02,  7.88740435e-02, -4.01572972e-03,  8.79311439e-02],
       [-7.82935273e-02,  2.97348180e-02, -1.02417323e-01,  4.99863706e-02, -5.88611947e-02],
       [ 2.88189933e-02, -2.69571327e-02, -1.03749376e-01, -6.62083092e-02, -5.85040182e-02],
       [-5.99527303e-02,  7.09392484e-02,  1.95283545e-02,  7.38835214e-03, -9.76356936e-02],
       [ 7.51523828e-02, -1.38435765e-01, -5.70865193e-02,  1.04396221e-01,  3.01301122e-03],
       [ 8.45314527e-02, -1.73816967e-01, -8.03999090e-03,  1.36821307e-02,  5.94602526e-02],
       [ 1.19368137e-01, -6.81254979e-02, -4.22273851e-02, -2.09311794e-02, -6.65584731e-02],
       [-1.07822833e-01,  1.41471190e-01, -2.80217226e-02,  2.55252125e-02,  5.15924784e-02],
       [-1.16852267e-01,  1.82496906e-01,  3.65018387e-02, -1.47604832e-02, -1.89631873e-03],
       [-1.02080906e-01,  1.35276735e-01,  9.94945979e-03,  5.20067834e-02, -7.54536852e-05],
       [-7.08437768e-02,  1.08294852e-01, -1.72007633e-02, -6.76463661e-02,  5.50196339e-02],
       [ 1.15657657e-02, -4.09739244e-02,  6.15630490e-02, -7.86124806e-02, -7.00118926e-02],
       [-1.75166564e-02,  2.61144464e-02,  3.76047165e-02,  6.97782706e-02,  5.82930251e-02],
       [-2.20121638e-02,  9.81028446e-02, -6.19678252e-02, -2.36908010e-02,  1.41599468e-01],
       [ 1.87455919e-02,  9.26428331e-02,  2.31459477e-02, -5.31710857e-03,  8.26879205e-02],
       [ 4.73059625e-02,  5.05898380e-02,  8.29391639e-02, -7.25606854e-02,  8.36549280e-02],
       [-5.22040383e-02, -8.35660338e-02, -8.41940297e-02,  1.11924845e-01, -4.72030011e-02],
       [ 3.73758478e-02,  5.70723723e-02, -9.24793745e-02, -5.84040781e-02, -6.52150036e-02],
       [-6.82015362e-02, -5.14043343e-02, -3.08632041e-03,  1.03944744e-01, -1.03768082e-01],
       [ 9.45270799e-02,  5.59772720e-02, -6.32205399e-02,  1.41573582e-01,  3.13165506e-02],
       [ 1.25604071e-01,  3.64553961e-02,  1.96542958e-02, -1.60383429e-02,  7.69028087e-02],
       [ 7.34837843e-02,  1.22801805e-01, -2.22490890e-02,  1.96218571e-02, -9.99197095e-02],
       [-1.01868923e-01, -9.71985343e-02, -2.90147723e-02, -2.15685236e-03,  5.09433495e-02],
       [-1.31716609e-01, -1.06003647e-01,  1.54189164e-02, -4.21140194e-02,  8.17140739e-04],
       [-8.39417676e-02, -7.64509082e-02,  1.72846073e-03,  6.53707287e-02,  1.26596105e-02],
       [-9.63202325e-02, -6.51556870e-02, -3.72749602e-02, -1.21469693e-01,  4.01605626e-02],
       [ 2.15476293e-02, -2.57990452e-02,  6.06451003e-02, -6.82585780e-02, -1.02205067e-01],
       [-2.85613611e-02, -5.03022380e-02,  4.34558173e-02,  6.50665108e-02,  7.42704072e-02],
       [-5.77098871e-02,  5.74911277e-02, -9.81815666e-02, -1.14513739e-01,  1.07520563e-01],
       [ 2.02774229e-02,  4.74033652e-02,  4.62934060e-02, -3.22075844e-02, -8.75953660e-02],
       [-1.57825132e-02, -7.85857306e-02, -4.27009710e-02, -2.96530112e-02,  8.98953802e-02],
       [ 2.28380733e-02,  5.65789827e-02, -2.68560390e-02,  8.48166338e-02,  5.33947439e-02],
       [-3.42415652e-02, -8.42967603e-02, -3.35406900e-02,  3.43740788e-02,  1.41918718e-01],
       [ 5.62650130e-02,  1.07825754e-01, -6.19783715e-03, -9.23745985e-02,  2.45335792e-03],
       [ 7.52951870e-02,  1.05324911e-01,  5.81446246e-02, -2.90201669e-02, -6.01971666e-02],
       [ 2.76486551e-02,  1.29140181e-01,  2.61586563e-02,  4.38023252e-02,  7.78934635e-02],
       [-4.00115235e-02, -1.41534492e-01, -4.95809942e-02, -2.98824753e-02, -3.39187793e-02],
       [-4.97010779e-02, -1.59077482e-01, -5.50081487e-02,  1.88909290e-02, -5.04938357e-03],
       [-3.98853131e-02, -1.24848657e-01, -3.76533779e-02, -4.28071810e-02, -2.38879111e-03],
       [-4.43354105e-02, -1.02920097e-01, -5.39241193e-02,  3.79357512e-02, -5.98739880e-02],
       [ 1.67427321e-02,  1.30690576e-03,  3.22299842e-02,  9.93162736e-02,  7.21618528e-02],
       [-1.32259549e-02, -4.13697350e-02,  8.26223662e-03, -7.62204341e-02, -4.54779205e-02],
       [-2.74833534e-02, -3.56007523e-03, -6.39397325e-02, -3.01035007e-02, -1.43554290e-01],
       [-3.39414535e-02, -3.45136976e-02, -8.98711747e-02, -8.43505659e-02,  8.03974955e-02],
       [ 2.38040712e-02,  2.91849765e-02, -8.43008677e-03,  7.30682100e-02,  5.50416111e-02],
       [-4.18023626e-02, -2.67862200e-02, -7.12361634e-02, -3.96193889e-02,  1.36604525e-01],
       [ 6.33449828e-02,  1.46258928e-02,  7.30171346e-02, -1.09700035e-01, -1.98348661e-02],
       [ 5.54776577e-02,  2.06943503e-02,  1.26891713e-01, -1.70791468e-02, -8.41851422e-02],
       [ 6.57188992e-02,  7.04890114e-02,  9.38540657e-02,  2.11448242e-02,  9.37078696e-02],
       [-6.22604987e-02, -3.57406046e-02, -1.40604277e-01, -2.63863577e-02, -3.05407068e-02],
       [-8.14394092e-02, -3.71404041e-02, -1.36654386e-01,  2.95690949e-02, -1.58016816e-02],
       [-7.41744347e-02, -3.27393918e-02, -1.17511931e-01, -5.25484304e-02, -1.28830905e-02],
       [-4.31584045e-02, -2.04067561e-02, -9.84681054e-02,  6.53661396e-02, -4.15601964e-02],
       [ 4.76097710e-03, -8.84648905e-03,  3.72345372e-02,  8.02521052e-02,  7.41013123e-02],
       [-1.38942626e-02, -1.18355234e-02, -5.16886939e-03, -7.28984850e-02, -5.00896771e-02],
       [-1.73789125e-02,  3.13531360e-02, -7.10929378e-02,  3.47670873e-02, -1.12026193e-01],
       [-4.84842413e-02, -6.57988318e-02,  3.57685801e-02, -3.22016708e-02, -5.89891743e-02],
       [ 8.01982548e-02,  6.84900545e-02,  9.20878116e-02,  9.76213969e-02, -7.32143360e-02],
       [-1.00341633e-01, -5.52820599e-02, -6.49218822e-02,  1.10656210e-01,  2.90192033e-02],
       [-1.18289320e-01, -4.25619625e-02, -1.63408953e-01, -1.64266147e-02,  5.75305902e-02],
       [-7.70623924e-02, -1.14836432e-01, -9.09411548e-02,  1.63657072e-02, -6.40523954e-02],
       [ 9.24822210e-02,  8.76351005e-02,  1.64777827e-01,  3.17232271e-03,  4.23301874e-02],
       [ 1.31002291e-01,  1.04684300e-01,  1.52099871e-01, -4.20065134e-02,  6.58844652e-03],
       [ 7.84619582e-02,  7.09994143e-02,  1.23579404e-01,  7.59647381e-02,  2.02730926e-03],
       [ 7.92558978e-02,  5.91621289e-02,  1.25306079e-01, -9.16197392e-02,  2.65352983e-02],
       [-2.37645722e-02,  1.60600160e-02, -7.39096736e-02, -4.55139427e-02, -7.56335046e-02],
       [ 3.10360585e-02,  5.00033784e-02,  1.97914204e-03,  3.81610536e-02,  6.72758761e-02],
       [ 4.23288096e-02, -4.85500911e-02,  1.14216720e-01, -1.08158171e-01,  8.09296215e-02],
       [-1.89914795e-02, -1.41622870e-02,  8.71327165e-02, -9.93931155e-02, -8.03231804e-02],
       [ 2.68497856e-02,  2.07514518e-02, -1.47916923e-01,  3.70606459e-02,  7.76012560e-04],
       [ 3.79780000e-02,  1.74194767e-02, -1.63095013e-01,  4.43571227e-02,  3.26882609e-02],
       [ 3.51126722e-02,  5.22947201e-02, -1.35371299e-01, -8.58109902e-02, -5.86351114e-02],
       [-7.25037239e-02, -5.83604621e-02,  1.64353083e-01,  3.01632894e-02,  1.66092222e-02],
       [-3.75155568e-02, -3.66432262e-02,  1.90279146e-01,  5.90532158e-03,  1.42554194e-02],
       [-5.69408431e-02, -3.98761395e-02,  1.71961006e-01,  2.12812056e-03, -5.62568500e-03],
       [-4.07195480e-02, -2.65006192e-02,  1.16326604e-01,  1.96669378e-02,  3.52345150e-02],
       [ 6.40833870e-03, -1.99057792e-03,  3.97123531e-03, -7.04398528e-02, -3.25171945e-02],
       [-6.33651272e-03, -1.79196200e-02,  5.55770730e-02,  7.16782074e-02,  2.83897482e-02],
       [-2.00558978e-02,  3.37555836e-02,  2.64694184e-02,  1.04655523e-01,  7.50616292e-02],
       [-9.13573887e-02,  2.16625752e-02,  8.98854397e-02,  1.79518896e-01,  2.40725504e-02],
       [-1.09027320e-01,  4.10049935e-02,  2.68551458e-02,  1.64142350e-02,  1.02312848e-01],
       [-8.95729979e-02, -5.76130419e-02,  3.57917833e-02, -3.17009546e-02, -1.11439846e-01],
       [ 1.26681721e-01,  2.59533232e-02,  5.80187299e-03,  2.96437824e-02,  7.45207795e-02],
       [ 1.05640805e-01,  3.75984083e-03, -4.58574939e-02, -4.27984150e-02,  5.10625626e-03],
       [ 1.05458502e-01,  1.05803656e-02, -3.37713860e-02,  9.34337025e-02,  9.13528700e-04],
       [ 7.47173756e-02,  5.35232322e-03,  5.96071241e-03, -1.12910066e-01,  6.10222264e-02],
       [-1.46048991e-02,  2.29101976e-02, -5.11021532e-02, -1.22385226e-01, -1.06972814e-01],
       [ 1.97834318e-02,  1.72910680e-02, -4.75776037e-02,  1.09620334e-01,  9.93518300e-02],
       [ 3.52535327e-02, -6.62063293e-02,  5.98654654e-02, -6.89781531e-02,  1.73482684e-01],
       [ 1.21179369e-01, -1.01665728e-01, -1.06439581e-01, -5.92113011e-02, -2.96019458e-03],
       [ 1.09045599e-01,  5.33631177e-02, -1.34809855e-01,  8.53479219e-02, -4.54649800e-03],
       [-1.36345516e-01,  1.99431123e-02,  8.53463209e-02, -3.50308291e-02, -6.95388634e-03],
       [-1.37853719e-01,  5.21528508e-02,  1.63553108e-01, -3.55477481e-02, -6.49004203e-03],
       [-1.11697381e-01,  2.83874564e-02,  1.14215873e-01,  2.31466884e-02,  6.15168450e-03],
       [-1.31247718e-01,  4.61774162e-02,  7.02975384e-02, -7.20654353e-02, -2.41197073e-02],
       [ 2.17811862e-02, -3.63666940e-02,  7.79133272e-02,  4.56073455e-02, -1.47713547e-02],
       [-2.17041476e-02, -2.25890070e-02,  6.86778938e-02, -3.27893568e-02,  9.53766941e-03],
       [-6.29980102e-02,  1.43136789e-01, -5.42771554e-02, -1.70263233e-01, -4.77244554e-02],
       [ 1.47344017e-01,  3.17757361e-02, -4.90064003e-02,  3.08021350e-02,  5.22789958e-02],
       [-1.75986815e-01,  6.48300277e-02, -4.21117370e-02, -2.02919211e-02, -2.80041627e-02],
       [-1.76921833e-01,  1.02497473e-01,  5.28802812e-02,  1.68001069e-02, -1.11097177e-02],
       [-1.45261232e-01,  6.94065465e-02,  1.68061138e-02, -2.87529655e-02,  8.72784898e-03],
       [-1.24825833e-01,  6.38470337e-02, -2.97379230e-02,  2.11400381e-02, -4.00941327e-02],
       [ 1.78517733e-02, -3.66194292e-02,  9.81524936e-02,  5.47587135e-02,  4.85983454e-02],
       [-3.49810942e-02, -6.86230049e-03,  7.18952665e-02, -5.49298127e-02, -4.07228410e-02],
       [-4.90224879e-02,  1.43932517e-01, -1.14985713e-01, -1.96895473e-02, -9.49726458e-02],
       [-1.41480466e-01, -1.21933214e-01,  3.30275000e-02,  4.20353833e-02,  4.97149645e-02],
       [-1.52098220e-01, -1.14168861e-01,  9.93252383e-02, -1.72298983e-02,  1.89699981e-02],
       [-1.09745653e-01, -8.97651526e-02,  6.78971524e-02,  4.85576833e-02, -3.40283174e-03],
       [-1.30761618e-01, -7.94170857e-02,  1.34856241e-02, -3.20101409e-02,  5.75339375e-02],
       [ 4.01517525e-02, -1.19938337e-02,  7.51696472e-02, -8.13869589e-02, -5.36783822e-02],
       [-4.00574016e-02, -7.55454847e-02,  8.45828378e-02,  6.34844853e-02,  4.03734392e-02],
       [-7.85294666e-02,  8.06074741e-02, -9.14268492e-02,  2.90679162e-02,  1.19478422e-01],
       [ 1.95516686e-01,  1.74198163e-02, -5.97889416e-03,  6.39336640e-03, -8.87480887e-03],
       [ 1.43134435e-01,  1.82140546e-02,  1.53171819e-02, -1.49842775e-02, -7.16949346e-04],
       [ 1.54963816e-01,  6.60795164e-03,  7.52685791e-02,  1.67252062e-03, -2.12348152e-02],
       [-3.52046457e-02,  4.75040550e-02, -1.15232251e-01,  5.00392728e-02,  3.30260259e-02],
       [ 4.11144216e-02,  4.27710473e-02, -6.62735578e-02, -4.16065192e-02, -2.35493790e-02],
       [ 7.31290197e-02, -1.43733487e-01,  1.57928973e-01, -3.27438213e-02, -6.11247465e-02],
       [ 1.54932457e-01,  1.24238777e-03, -6.61553423e-02, -1.86710642e-02, -1.41528984e-03],
       [ 1.39498473e-01, -1.56432949e-02,  7.52280382e-03,  4.55381349e-02, -4.79081019e-03],
       [-4.13614941e-02,  5.29110425e-02, -1.06484495e-01,  4.13421119e-03,  1.91530292e-02],
       [ 2.27977587e-02,  3.31670357e-02, -8.07274491e-02, -9.61269506e-03, -1.83402072e-02],
       [ 6.14822404e-02, -1.58356528e-01,  1.30437210e-01,  5.97541934e-02, -3.54978514e-02],
       [ 1.15917698e-01, -4.69976083e-03,  1.80762984e-02, -3.90835453e-02, -6.62338725e-03],
       [-4.28301545e-02,  4.25418774e-02, -9.20235116e-02,  9.54640749e-03, -1.07384053e-02],
       [ 3.28800682e-02,  3.64936635e-02, -6.87141686e-02, -1.23197262e-02,  3.25543632e-03],
       [ 6.47876312e-02, -1.26928344e-01,  1.16515258e-01, -9.59210476e-02, -5.06254321e-03],
       [-2.42979829e-02,  3.60277068e-02, -7.78370969e-02,  2.37155665e-02,  5.59721325e-02],
       [ 2.03884986e-02,  1.70067107e-02, -4.78835071e-02, -2.15323166e-02, -4.81135886e-02],
       [ 4.00717887e-02, -1.03204734e-01,  1.09722299e-01,  1.20149109e-01, -6.30064047e-02],
       [-6.12714074e-03,  1.02924153e-02, -1.29563629e-02,  7.10938472e-02,  2.99460172e-02],
       [-6.27387646e-03,  2.93369918e-02, -4.61116973e-02,  1.25358183e-01,  1.24486656e-01],
       [ 1.17752483e-02, -3.57844206e-02,  1.12058730e-02, -1.13414368e-01, -8.19903395e-02]])})
2026-01-20 11:00:57,053 - final_problem_set.kxor_instance_n20_k2_m184_ell2_eps0.25_kappa0.875_rho0.2 - INFO - Running key extraction (n=20, m=184, ell=2, phase_qubits=12)
2026-01-20 11:00:57,055 - final_problem_set.kxor_instance_n20_k2_m184_ell2_eps0.25_kappa0.875_rho0.2 - INFO - Built voting matrix V (n=20, ell=2, dtype=complex128) in 0.002s
2026-01-20 11:00:57,056 - final_problem_set.kxor_instance_n20_k2_m184_ell2_eps0.25_kappa0.875_rho0.2 - INFO - Eval: adv=0.2935, hamming=10/20 (0.500), corr=0.000
2026-01-20 11:00:57,056 - final_problem_set.kxor_instance_n20_k2_m184_ell2_eps0.25_kappa0.875_rho0.2 - INFO - Key extraction complete: x_hat=19
2026-01-20 11:00:57,056 - final_problem_set.kxor_instance_n20_k2_m184_ell2_eps0.25_kappa0.875_rho0.2 - INFO - Finished step 'KeyExtractionStep' in 0.003s (success: True, problem=kxor_instance_n20_k2_m184_ell2_eps0.25_kappa0.875_rho0.2)
2026-01-20 11:00:57,056 - final_problem_set.kxor_instance_n20_k2_m184_ell2_eps0.25_kappa0.875_rho0.2 - INFO - SUCCESS: len(z_hat)=20
2026-01-20 11:00:57,056 - final_problem_set.kxor_instance_n20_k2_m184_ell2_eps0.25_kappa0.875_rho0.2 - INFO - Metrics: adv=0.29347826086956524, ham_frac=0.5, corr=0.0
2026-01-20 11:00:57,056 - final_problem_set.kxor_instance_n20_k2_m184_ell2_eps0.25_kappa0.875_rho0.2 - INFO - z_hat (full): [ 1, -1,  1,  1,  1, -1, -1,  1,  1,  1, -1, -1,  1, -1, -1, -1, -1,  1, -1, -1]
