2026-01-20 11:02:15,568 - final_problem_set.kxor_instance_n30_k2_m245_ell2_eps0.2_kappa1.0_rho0.4 - INFO - Starting iteration for /Users/julian/CodingProjects/UniT3/QuarticSpeedupK-XOR/z_Daphne/data/final_problem_set/kxor_instance_n30_k2_m245_ell2_eps0.2_kappa1.0_rho0.4.npz
2026-01-20 11:02:15,569 - final_problem_set.kxor_instance_n30_k2_m245_ell2_eps0.2_kappa1.0_rho0.4 - INFO - Loaded instance (n=30, m=245, k=2)
2026-01-20 11:02:15,569 - final_problem_set.kxor_instance_n30_k2_m245_ell2_eps0.2_kappa1.0_rho0.4 - INFO - Starting step 'ComputeKikuchiStep' (version 0.1) on problem kxor_instance_n30_k2_m245_ell2_eps0.2_kappa1.0_rho0.4 (fields={'ell': 2, 'threshold': 0.0})
2026-01-20 11:02:15,630 - final_problem_set.kxor_instance_n30_k2_m245_ell2_eps0.2_kappa1.0_rho0.4 - INFO - Finished step 'ComputeKikuchiStep' in 0.061s (success: True, problem=kxor_instance_n30_k2_m245_ell2_eps0.2_kappa1.0_rho0.4)
2026-01-20 11:02:15,630 - final_problem_set.kxor_instance_n30_k2_m245_ell2_eps0.2_kappa1.0_rho0.4 - INFO - Starting step 'ClassicalEigenvaluesStep' (version 0.1) on problem kxor_instance_n30_k2_m245_ell2_eps0.2_kappa1.0_rho0.4 (fields={'ell': 2, 'threshold': 0.0, 'kikuchi_matrix': <Dictionary Of Keys sparse matrix of dtype 'int64'
	with 9968 stored elements and shape (435, 435)>, 'num_eigenvalues': 5})
2026-01-20 11:02:15,868 - final_problem_set.kxor_instance_n30_k2_m245_ell2_eps0.2_kappa1.0_rho0.4 - INFO - Finished step 'ClassicalEigenvaluesStep' in 0.238s (success: True, problem=kxor_instance_n30_k2_m245_ell2_eps0.2_kappa1.0_rho0.4)
2026-01-20 11:02:15,868 - final_problem_set.kxor_instance_n30_k2_m245_ell2_eps0.2_kappa1.0_rho0.4 - INFO - Starting step 'KeyExtractionStep' (version 0.1) on problem kxor_instance_n30_k2_m245_ell2_eps0.2_kappa1.0_rho0.4 (fields={'ell': 2, 'threshold': 0.0, 'kikuchi_matrix': <Dictionary Of Keys sparse matrix of dtype 'int64'
	with 9968 stored elements and shape (435, 435)>, 'num_eigenvalues': 5, 'eigenvalues': array([-12.5173605 , -11.72934197,  11.7294227 ,  12.25005158,  14.36358792]), 'eigenvectors': array([[-4.92467473e-02, -4.68044677e-03, -7.87070078e-03, -2.65605479e-03, -4.40299608e-03],
       [-9.89037488e-02,  1.63281781e-02, -2.17193471e-02,  7.43905292e-03, -6.66704182e-03],
       [-3.51839077e-02, -9.63286862e-02, -3.51630903e-02,  1.07905337e-01, -3.34951790e-02],
       [-1.05276418e-01,  2.07772341e-02,  3.03514805e-02, -8.57192174e-02,  1.54790770e-02],
       [ 8.87036573e-02, -4.04455034e-02,  3.14001981e-02, -9.52929951e-02,  1.86463974e-02],
       [-8.76302118e-02,  5.20239393e-02,  2.15467180e-02, -5.93244736e-02,  1.96952402e-02],
       [-1.17425772e-01,  5.16859060e-02, -1.78945167e-02,  2.24176352e-02, -5.06291093e-03],
       [-6.28831074e-02, -4.70575465e-02,  5.68767963e-02, -1.59200241e-01,  3.79330449e-02],
       [-4.32043161e-02,  1.01516925e-01, -4.38085819e-02,  1.43322546e-01, -4.86418541e-02],
       [ 5.75839441e-02, -7.52359120e-02, -3.05710426e-02,  8.86908989e-02, -2.08299868e-02],
       [-1.23841561e-01,  2.72149282e-02, -5.24543713e-02,  1.34527988e-01, -3.33889175e-02],
       [-6.01131206e-02,  4.07676411e-03, -5.21690578e-02,  1.21974809e-01, -5.02981818e-02],
       [ 7.09931859e-02, -7.38487710e-02,  2.61226291e-02, -8.74414134e-02,  2.23100072e-02],
       [ 1.64753740e-01, -7.11542912e-02, -4.02489093e-03, -2.28441193e-02,  4.45966730e-03],
       [-1.07409791e-03,  7.86593961e-02,  1.77897697e-02, -6.19501080e-02,  1.49526439e-02],
       [ 1.40330899e-01, -4.02048762e-02, -3.19677661e-02,  6.67310352e-02, -2.24007421e-02],
       [-3.70111678e-02,  7.57429659e-02, -4.43233025e-02,  1.27278449e-01, -4.32072894e-02],
       [ 4.45865850e-02, -4.20081834e-02,  2.67386803e-02, -5.73493180e-02,  1.96266773e-02],
       [-2.23728471e-02,  1.51588415e-02,  1.57597638e-02, -5.74225995e-02,  1.04320186e-02],
       [-6.90563630e-03,  8.75588976e-02,  3.28302427e-02, -1.22553566e-01,  2.75309107e-02],
       [-1.16180016e-02,  3.82582051e-02, -8.10908260e-03,  1.87209067e-02, -4.68321110e-03],
       [ 3.92686474e-02, -8.51912910e-02, -7.25052734e-03, -1.40622764e-02, -3.10109570e-04],
       [ 9.13012022e-02,  4.69982349e-02, -3.69612855e-03,  1.09563826e-03, -9.94355820e-03],
       [ 1.19563014e-01, -1.59736636e-02, -2.56452623e-02,  6.93111918e-02, -1.33679671e-02],
       [-6.16680750e-02, -5.92029736e-02, -2.18650615e-02,  3.38652528e-02, -6.42057122e-03],
       [-9.07737329e-02,  2.11881858e-02,  4.01920157e-02, -1.15216133e-01,  2.89276977e-02],
       [ 9.31969905e-02, -4.06621237e-02, -2.42212185e-02,  6.90257405e-02, -1.35786201e-02],
       [-5.44060798e-03, -1.16440959e-01, -2.97254776e-02,  9.63992142e-02, -2.99272842e-02],
       [ 1.55937750e-02,  7.33522308e-02, -3.15174352e-02,  6.62917937e-02, -1.84680143e-02],
       [-5.92804875e-02, -3.88203383e-02, -6.66705907e-03, -1.44451560e-02,  3.71723037e-04],
       [-9.70822125e-03, -5.17322525e-02, -1.67628824e-02, -7.15159980e-02, -4.58763946e-04],
       [-5.29168091e-02, -3.54045031e-02,  9.03496748e-03,  4.96779778e-02,  7.48258316e-03],
       [ 2.78112062e-02,  1.11709989e-02,  9.53225475e-03,  4.73448203e-02,  6.27143290e-03],
       [-3.84623906e-02, -2.86957988e-03,  6.34328495e-03,  4.31630911e-02,  2.76657112e-03],
       [-4.80165103e-02, -1.63978999e-02, -8.78743917e-03, -1.39866769e-02, -1.33001432e-03],
       [-2.31020465e-02, -3.68216159e-02,  2.05390875e-02,  9.50657789e-02,  8.14140185e-03],
       [-2.56168096e-02,  3.20949922e-02, -2.29867507e-02, -9.27624090e-02, -4.40695915e-03],
       [ 3.15765696e-02, -1.66943198e-02, -1.44609730e-02, -5.36737937e-02, -2.96391054e-03],
       [-5.61070138e-02, -2.95283714e-02, -2.04084369e-02, -8.62745024e-02, -6.77260413e-03],
       [-2.88657284e-02, -2.29759132e-02, -2.17200904e-02, -9.57000487e-02, -2.42065442e-03],
       [ 3.24067297e-02, -1.18341668e-02,  1.00956678e-02,  5.39648533e-02,  7.24024461e-03],
       [ 7.09527935e-02,  2.99386580e-02, -6.44514470e-04,  1.27910849e-02, -1.28135103e-04],
       [-7.39139243e-03,  3.65099949e-02,  1.26278967e-02,  3.45340864e-02,  3.36468938e-03],
       [ 5.69203493e-02,  3.65262233e-02, -9.82693406e-03, -4.35117660e-02,  2.63579316e-03],
       [-2.64486233e-02,  2.43682441e-02, -2.14595937e-02, -7.77499160e-02,  4.17741804e-03],
       [ 1.03099950e-02, -3.98822665e-03,  1.63299107e-02,  4.51283193e-02, -9.74120823e-04],
       [-7.31980066e-03, -2.04582211e-03,  8.73334421e-03,  2.73505891e-02,  5.38701624e-03],
       [-6.48381438e-03,  3.82007456e-02,  4.22621138e-03,  6.31488701e-02,  1.00878143e-02],
       [-8.04866764e-03,  1.39503352e-02, -6.65888945e-03, -1.14364581e-02, -1.36991443e-03],
       [ 2.11753103e-02, -2.21416287e-02, -5.72407044e-03,  1.43313934e-03,  1.18299218e-03],
       [ 3.54481041e-02,  4.90773104e-02, -2.44707239e-03, -1.95990374e-02,  2.00227796e-03],
       [ 4.09906213e-02,  2.88151945e-02, -1.14148179e-02, -4.24569100e-02, -2.11029106e-03],
       [-2.47325676e-02, -4.74956119e-02, -1.00994730e-02, -1.84103437e-02, -2.75243058e-03],
       [-3.50178935e-02, -2.10740010e-02,  1.99968075e-02,  6.99651303e-02, -8.77561893e-04],
       [ 5.63345318e-02,  1.50052856e-02, -2.27467746e-02, -3.49670202e-02, -7.78331737e-03],
       [ 1.36559990e-03, -5.18205667e-02, -1.36989681e-02, -6.69403149e-02, -2.92560586e-03],
       [ 1.06819595e-02,  4.30338856e-02, -1.10126496e-02, -4.25294565e-02, -3.76773591e-03],
       [-2.63180540e-02, -9.00401684e-02, -5.84740057e-02, -7.08899962e-02, -1.70423988e-02],
       [-6.88120142e-02, -2.95581556e-02,  4.42500514e-02,  4.25247994e-02,  1.32997237e-02],
       [ 7.33343311e-02,  1.61950860e-02,  4.42400768e-02,  4.24708362e-02,  1.58429974e-02],
       [-7.14475115e-02,  1.44143130e-03,  3.30758102e-02,  3.93230972e-02,  8.90134718e-03],
       [-9.28006303e-02, -1.80794953e-02, -2.65861795e-02, -1.21392670e-02, -3.05064746e-03],
       [-4.43148903e-02, -6.19095826e-02,  8.54791914e-02,  8.53857551e-02,  2.49851898e-02],
       [-4.80920361e-02,  6.63349416e-02, -8.07695024e-02, -8.69877245e-02, -2.23585111e-02],
       [ 5.73508179e-02, -3.80728576e-02, -5.13557764e-02, -4.79845122e-02, -1.50309774e-02],
       [-8.66287255e-02, -3.28689504e-02, -7.83426905e-02, -7.84934702e-02, -1.97297933e-02],
       [-4.96502628e-02, -2.59856120e-02, -8.27036413e-02, -8.98277970e-02, -1.78292001e-02],
       [ 5.50000563e-02, -2.74672242e-02,  4.51650290e-02,  4.55302311e-02,  1.38542027e-02],
       [ 1.03896441e-01,  2.21824560e-02,  4.70323135e-03,  1.20125869e-02,  4.41414223e-03],
       [-1.41920269e-02,  6.73885235e-02,  3.97217787e-02,  2.86364870e-02,  1.09468199e-02],
       [ 1.03980631e-01,  3.98332483e-02, -4.71361138e-02, -4.56070987e-02, -8.07652476e-03],
       [-3.71083884e-02,  4.89154155e-02, -7.28950342e-02, -8.40520026e-02, -2.09569955e-02],
       [ 4.10953837e-02, -5.57849400e-03,  4.66532249e-02,  4.29502657e-02,  8.07739176e-03],
       [-2.46305770e-02, -1.07048104e-03,  2.81616483e-02,  1.79096438e-02,  1.08341652e-02],
       [-9.70412101e-03,  6.70436857e-02,  4.37914758e-02,  5.47571776e-02,  2.44887526e-02],
       [-8.01528595e-03,  2.59448030e-02, -1.89301454e-02, -1.06419531e-02, -2.61770788e-03],
       [ 2.59608395e-02, -5.04315907e-02, -1.23412574e-02,  2.12352914e-03,  2.83469963e-03],
       [ 4.75953839e-02,  6.59539793e-02, -6.49017894e-03, -2.34865061e-02, -5.84706140e-04],
       [ 1.03173769e-01,  5.08542548e-02, -5.37751198e-02, -3.36212279e-02, -1.16478497e-02],
       [-2.68222886e-02, -6.93664839e-02, -2.96486599e-02, -1.65516079e-02, -4.76047138e-03],
       [-8.68791690e-02, -2.89144011e-02,  5.68101528e-02,  6.88695654e-02,  2.00684495e-02],
       [ 6.57120815e-02,  4.23782533e-03, -4.53516129e-02, -3.27128706e-02, -9.86281024e-03],
       [ 2.07503578e-03, -9.10783715e-02, -5.71530776e-02, -6.19871239e-02, -1.52280393e-02],
       [ 1.83434525e-05,  5.91710027e-02, -4.05526315e-02, -3.52486012e-02, -9.55446475e-03],
       [-2.72448894e-02, -9.69950185e-02, -6.97985939e-02, -1.53252894e-02,  7.45933614e-02],
       [ 1.92139353e-02,  6.69666594e-02, -3.65315830e-02, -4.17402338e-03,  6.52201712e-02],
       [-1.82726084e-02, -5.45546395e-02, -5.16023417e-02,  4.62829974e-02,  4.76625791e-02],
       [-1.84236966e-02, -8.49406228e-02, -7.43912548e-02, -1.04942649e-02, -2.89942260e-02],
       [-7.41363584e-03, -4.09938099e-02, -4.67901915e-02,  3.91664032e-02,  1.02721054e-01],
       [-1.79595067e-02, -1.85369068e-02,  5.99890298e-02, -5.74114143e-02, -9.71874026e-02],
       [ 1.79681284e-02,  3.99922326e-02,  1.62988089e-02, -8.45846513e-03, -5.84899795e-02],
       [-2.31882664e-02, -8.81481939e-02,  2.48107639e-02, -6.54312853e-02, -1.05414076e-01],
       [-1.82569247e-02, -6.46020826e-02,  4.44803803e-02, -1.05703990e-01, -9.16732937e-02],
       [ 1.56732727e-02,  3.68868592e-02, -5.48665869e-02,  1.07796186e-02,  7.08006534e-02],
       [ 4.67967244e-02,  1.30900012e-01, -5.82105986e-02, -1.36398310e-02,  1.50567007e-02],
       [-7.13927150e-03,  9.16603617e-03, -6.65756978e-03, -2.77323535e-02,  5.61043477e-02],
       [ 2.44291413e-02,  1.25407756e-01, -4.50479998e-02, -7.47478285e-02, -5.02613001e-02],
       [-1.34792652e-02, -2.29159795e-02,  4.61538683e-02, -7.72440912e-02, -8.35855421e-02],
       [ 7.76400291e-03,  2.99169628e-02,  1.51096656e-02,  5.66022186e-02,  5.12565370e-02],
       [-6.85049885e-03, -2.16949318e-02, -4.19191817e-02, -6.56169014e-02,  4.99455840e-02],
       [-4.22470465e-03,  1.62106718e-02, -8.39633113e-02,  7.08413633e-03,  8.01704767e-02],
       [-4.21800605e-03, -4.85505463e-03, -4.25850338e-02,  5.73975452e-03, -1.38448566e-02],
       [ 1.26413791e-02,  1.55321142e-02, -8.25915486e-02, -2.52966972e-02, -1.18783185e-03],
       [ 1.23584603e-02,  5.88840515e-02,  2.94103682e-02, -9.36356250e-02, -5.90064407e-03],
       [ 2.47678460e-02,  1.00516136e-01, -5.75250338e-02,  9.52856076e-03, -6.46319112e-02],
       [-8.94061367e-03, -5.14771368e-02, -7.59867045e-02, -2.57051443e-03, -2.78475233e-02],
       [-1.90587662e-02, -7.60940366e-02, -6.56628109e-02,  4.63153681e-02,  7.58129943e-02],
       [ 2.31641704e-02,  6.93972916e-02, -4.50874217e-02,  3.27219086e-02, -6.47790487e-02],
       [ 5.65602059e-03, -1.64095203e-02,  7.16291793e-02, -6.15389715e-02, -8.76720364e-02],
       [ 3.40524753e-03,  2.78626706e-02, -3.68295351e-02, -1.86948855e-02, -4.52985182e-02],
       [ 6.46838186e-02,  1.29981312e-02,  3.59583034e-02,  5.35384944e-02, -4.39990130e-02],
       [-8.47533864e-02,  8.56345719e-04,  3.61883474e-02,  4.86413631e-03, -3.21388523e-02],
       [-9.93128124e-02, -1.91749487e-02,  5.60047621e-02, -1.34993599e-02,  1.80227168e-02],
       [-5.18590771e-02, -7.23618445e-02,  5.17588053e-02,  6.33897464e-02, -7.77916900e-02],
       [-5.32894870e-02,  7.31239628e-02, -7.45074916e-02, -4.95677914e-02,  9.14882439e-02],
       [ 5.99871236e-02, -4.13958907e-02, -2.92691763e-02, -4.70486927e-02,  5.73848225e-02],
       [-8.44478260e-02, -3.20712258e-02, -3.53210879e-02, -4.00189960e-02,  7.20345846e-02],
       [-5.73182334e-02, -2.96056171e-02, -5.81356380e-02, -4.40634657e-03,  8.77839590e-02],
       [ 4.98994152e-02, -2.88782224e-02,  3.96405102e-02,  4.30827390e-02, -4.48180774e-02],
       [ 1.09466816e-01,  2.32017353e-02,  4.36295914e-02,  1.25745834e-02, -1.48745293e-02],
       [-1.38547778e-02,  7.10767488e-02,  1.48933329e-02,  5.96254956e-02, -4.25065348e-02],
       [ 1.07903314e-01,  3.99999015e-02,  2.04890043e-02,  1.61991347e-02,  5.75525560e-02],
       [-4.06897651e-02,  5.07446763e-02, -6.53228983e-02, -2.10575594e-02,  8.50451122e-02],
       [ 4.13802560e-02, -6.66286526e-03,  1.21136066e-03,  8.92718572e-04, -4.31306450e-02],
       [-3.27595521e-02, -5.35536078e-03,  3.04885836e-02,  7.39812030e-02, -3.20496014e-02],
       [-3.79021630e-03,  7.36063122e-02,  7.89241527e-02,  6.87949189e-02, -6.35585946e-02],
       [-9.00743805e-03,  2.78899518e-02,  2.34116651e-02, -1.34328928e-02,  1.52244376e-02],
       [ 2.62107456e-02, -5.44359077e-02,  6.16233482e-02,  1.20254201e-02,  1.45993239e-03],
       [ 5.91374855e-02,  8.11710030e-02, -3.07997595e-02,  6.17732216e-02,  1.33016100e-02],
       [ 1.07153809e-01,  5.33111341e-02,  3.35462090e-02, -5.46142585e-02,  4.70487034e-02],
       [-2.22291462e-02, -6.64951427e-02,  5.42801294e-02, -1.44184456e-02,  1.91880238e-02],
       [-8.90303628e-02, -2.83216228e-02,  7.76796378e-02,  3.50364784e-02, -7.03956146e-02],
       [ 7.88225342e-02,  4.01428717e-03,  2.18302208e-02, -6.77982965e-02,  4.59091340e-02],
       [ 6.96847593e-03, -9.55586234e-02, -5.03501839e-02, -2.42762478e-02,  5.48789636e-02],
       [-8.42890418e-04,  6.03921470e-02,  1.69887528e-02, -3.15283200e-02,  4.88170357e-02],
       [ 5.22623730e-02, -1.29351368e-02,  3.06153561e-02,  7.97132283e-04, -3.75867521e-02],
       [ 5.91377525e-02, -3.16381040e-03,  6.10707427e-02, -1.48689466e-02,  2.07431198e-02],
       [ 3.11139526e-02,  4.04186912e-02,  1.59097325e-02,  4.75589525e-02, -7.13796751e-02],
       [ 3.81064175e-02, -6.10006331e-02, -3.82639895e-02, -3.50755156e-02,  8.78093059e-02],
       [-4.43430802e-02,  4.14541526e-02, -7.71980868e-03, -4.20006523e-02,  5.41648968e-02],
       [ 8.22959104e-02,  1.38784694e-02, -2.61038097e-03, -2.32924886e-02,  6.28118713e-02],
       [ 4.46571624e-02,  1.13030783e-02, -2.35753850e-02,  1.47503652e-02,  8.22576138e-02],
       [-3.57083240e-02,  2.68233333e-02,  3.42399223e-02,  4.62200532e-02, -5.97061920e-02],
       [-8.52367268e-02,  4.12731360e-04,  5.25537622e-02,  2.29005170e-02, -2.08687785e-02],
       [ 1.24182636e-02, -5.49374498e-02,  2.74439874e-03,  5.83222048e-02, -4.22424487e-02],
       [-1.00537438e-01, -1.27413326e-02,  4.10220275e-02,  2.37986603e-02,  4.64121791e-02],
       [ 3.99825160e-02, -4.69478714e-02, -2.09125650e-02, -9.82406306e-03,  6.31806488e-02],
       [-2.32296867e-02,  1.38563099e-02, -1.41651253e-02, -5.83000047e-03, -3.58281131e-02],
       [ 1.95345904e-02, -4.97327751e-03,  2.68158236e-02,  8.37291469e-02, -3.77121662e-02],
       [ 2.06039367e-03, -5.28185081e-02,  3.76616845e-02,  4.78742289e-02, -4.99699244e-02],
       [ 6.43816359e-03, -2.16828252e-02,  2.63693279e-02, -1.04571101e-02,  1.49306535e-02],
       [-2.78867183e-02,  4.28594238e-02,  5.76816082e-02,  1.65301958e-02,  7.85308485e-04],
       [-5.10069264e-02, -5.52689568e-02, -2.94502690e-02,  6.50582462e-02,  1.56503717e-02],
       [-6.27310729e-02, -1.48825702e-02,  4.22341793e-02, -4.32272942e-02,  3.95984562e-02],
       [ 2.86174653e-02,  5.28141256e-02,  6.46057468e-02, -1.42004667e-02,  1.89590375e-02],
       [ 6.12837658e-02,  4.07549357e-03,  3.45640892e-02,  2.16560437e-02, -5.42440696e-02],
       [-6.48689630e-02,  5.88006774e-03,  3.87024027e-02, -6.70797384e-02,  4.78535070e-02],
       [-1.26375087e-03,  7.20888418e-02, -4.13037539e-02, -1.67948195e-02,  6.07233252e-02],
       [-1.23705293e-02, -5.09992383e-02,  3.28335535e-02, -1.80017479e-02,  4.24307960e-02],
       [-5.49875339e-02,  1.70233307e-02,  4.52902207e-02, -1.19461422e-03,  1.11245918e-02],
       [-2.73595223e-02, -2.73247241e-02,  4.26160533e-02, -2.60278374e-02, -6.21585312e-02],
       [-3.02757244e-02,  5.41634990e-02, -4.52656107e-02,  3.25004924e-02,  5.03114271e-02],
       [ 4.22394504e-02, -4.39611326e-02, -2.19923273e-02,  1.03840406e-02,  4.04800471e-02],
       [-5.79802218e-02,  6.34487000e-03, -2.59572918e-02,  3.08881284e-02,  4.79424093e-02],
       [-4.15358103e-02,  6.69066377e-04, -3.84702905e-02,  5.21823102e-02,  4.49426853e-02],
       [ 3.56166516e-02, -2.99831754e-02,  2.65340877e-02, -3.66308627e-03, -2.89146128e-02],
       [ 9.52571442e-02, -2.54460732e-02,  3.75510181e-02, -8.62552493e-04, -1.41740299e-02],
       [-1.27858545e-02,  4.84686412e-02,  5.89042706e-03,  1.51228409e-02, -3.05860768e-02],
       [ 1.00357126e-01, -1.10101154e-02,  1.44653626e-02,  4.90267048e-02,  3.36901796e-02],
       [-3.23054557e-02,  4.58834009e-02, -4.92234795e-02,  5.63975257e-02,  5.77399161e-02],
       [ 2.93525398e-02, -1.83484786e-02, -4.29977637e-04, -3.03716131e-02, -2.83449941e-02],
       [-1.82040952e-02,  1.25405377e-02,  2.48293569e-02,  3.62708427e-02, -2.71278894e-02],
       [ 7.27272933e-04,  4.72364228e-02,  5.94072751e-02, -6.58526088e-03, -4.41876315e-02],
       [-2.43474783e-03,  2.00286775e-02,  2.18293021e-02, -2.74782002e-04,  1.14872189e-02],
       [ 3.05213326e-02, -4.25578909e-02,  5.35144011e-02,  7.10410059e-03, -1.79933980e-03],
       [ 3.93209338e-02,  3.01875416e-02, -2.34366957e-02,  5.52049405e-02,  2.96970066e-03],
       [ 5.75129606e-02, -5.34166488e-03,  3.15700039e-02, -7.14131328e-03,  3.93879128e-02],
       [-3.02834110e-02, -4.24499595e-02,  4.05871651e-02,  2.17758320e-03,  1.61549020e-02],
       [-6.77494732e-02,  8.26680518e-03,  5.86524846e-02, -3.19789425e-02, -4.63997193e-02],
       [ 4.58125168e-02, -1.36341662e-02,  2.37498374e-02, -2.10578657e-02,  3.63260210e-02],
       [ 1.31896817e-03, -6.24561707e-02, -4.12084152e-02,  3.02450096e-02,  4.08833927e-02],
       [ 1.61711763e-02,  4.54012891e-02,  1.54103793e-02,  1.20872834e-02,  3.12087813e-02],
       [-4.31185459e-02, -5.23918198e-02,  1.11546696e-01, -7.94906943e-03,  3.15955281e-02],
       [-4.89509142e-02,  7.99474541e-02, -1.05172337e-01, -6.23971144e-05, -2.94114559e-02],
       [ 4.91072805e-02, -4.88081582e-02, -6.17226319e-02,  2.58376793e-03, -1.61389136e-02],
       [-9.23339713e-02, -1.30986038e-02, -1.00899880e-01,  3.69431283e-03, -2.53757710e-02],
       [-5.81801169e-02, -1.49531120e-02, -1.07486406e-01, -8.08701063e-03, -2.79376403e-02],
       [ 5.47917408e-02, -3.90992169e-02,  6.07065644e-02, -5.94949960e-03,  1.60295439e-02],
       [ 1.11945977e-01, -3.11965221e-03,  5.10747475e-03, -1.25623263e-03,  5.69819895e-03],
       [-1.71066153e-02,  7.13291184e-02,  4.78643364e-02, -9.33028963e-03,  1.33299927e-02],
       [ 1.16666360e-01,  1.23141096e-02, -5.61671896e-02, -5.18281699e-03, -1.31802150e-02],
       [-4.53203990e-02,  5.80052378e-02, -9.46440428e-02, -5.15063103e-03, -2.91015881e-02],
       [ 3.67654750e-02, -2.00884353e-02,  5.27691208e-02,  3.80794718e-03,  1.26641426e-02],
       [-2.31352347e-02,  1.21685768e-02,  3.64823897e-02, -1.67913157e-02,  1.19206409e-02],
       [-2.27645948e-03,  7.16052071e-02,  7.07058989e-02, -1.14952080e-02,  2.38493390e-02],
       [-6.00397676e-03,  2.77126864e-02, -1.88275626e-02, -9.27874811e-04, -3.89751332e-03],
       [ 4.11852584e-02, -5.80354791e-02, -1.08564855e-02, -4.79545122e-03,  3.40516945e-03],
       [ 5.66377593e-02,  6.16877589e-02, -1.13351135e-02, -1.98745932e-02, -3.66221516e-03],
       [ 8.08395414e-02,  1.78456818e-02, -5.49180548e-02,  6.38858976e-03, -1.23211758e-02],
       [-4.29637588e-02, -7.39524651e-02, -2.89660478e-02,  2.88777480e-03, -5.41338918e-03],
       [-9.36629849e-02, -6.59108885e-03,  7.62272754e-02, -1.18183271e-03,  2.59135987e-02],
       [ 7.10845441e-02, -7.12463672e-03, -5.22725095e-02,  6.93035710e-03, -1.12826010e-02],
       [ 1.92425785e-03, -9.48161379e-02, -7.25011121e-02, -2.87629080e-04, -2.02520486e-02],
       [ 1.92620812e-02,  6.91798673e-02, -5.71991498e-02,  2.99245599e-04, -1.33756567e-02],
       [-2.84223327e-02,  1.02870550e-02, -4.17019410e-02,  4.42130667e-03,  1.49250587e-01],
       [ 3.51240067e-02,  8.98860431e-03, -9.98060082e-04, -2.83670901e-02,  8.17131203e-02],
       [-3.44118135e-02, -5.37148463e-02,  1.44641228e-02,  1.25626794e-02,  1.23792934e-01],
       [-2.48015005e-02, -3.73427545e-02, -1.55174059e-02,  7.66038998e-02,  1.27609771e-01],
       [ 2.32215880e-02,  1.52114239e-02,  3.41720362e-02,  3.21677387e-02, -7.97416334e-02],
       [ 5.94999393e-02,  7.71897045e-02,  7.89436094e-02,  2.15499426e-02, -2.98549201e-02],
       [-1.21221719e-02,  2.31823502e-02, -1.18399639e-02,  7.36451268e-02, -7.63734380e-02],
       [ 5.96907141e-02,  8.51809493e-02,  8.30737154e-02,  7.53085934e-02,  8.17778370e-02],
       [-2.07397383e-02,  3.55073557e-04, -2.57209199e-02,  4.44174472e-02,  1.19832440e-01],
       [ 1.91093552e-02,  1.52051575e-02, -4.03672952e-02, -3.88483350e-02, -7.17567584e-02],
       [-1.02600351e-02, -9.36165783e-03,  3.70524267e-02,  1.21065064e-01, -6.48493024e-02],
       [-2.64235306e-03,  2.60208077e-02,  6.75139556e-02,  4.49867147e-02, -9.35164022e-02],
       [-4.25968502e-03,  6.09229832e-03,  5.71488656e-02, -1.13258549e-02,  2.42009375e-02],
       [ 2.10368406e-02, -3.84797931e-03,  1.12346732e-01,  2.78995089e-02, -2.09716787e-03],
       [ 1.74547985e-02,  4.49476828e-02, -4.22342397e-02,  1.26478069e-01,  2.55575169e-02],
       [ 4.02369038e-02,  6.39009168e-02,  9.85150245e-02, -5.44172657e-02,  8.03443366e-02],
       [-1.29082352e-02, -4.48177114e-02,  1.11354477e-01, -1.04211670e-02,  2.67240922e-02],
       [-4.16297906e-02, -5.17113712e-02,  6.42377280e-02, -9.31999585e-03, -1.17108318e-01],
       [ 3.62936396e-02,  4.01028974e-02,  8.24423367e-02, -8.43167373e-02,  8.34911402e-02],
       [ 5.30499601e-03, -3.14353754e-02, -4.39592835e-02,  1.63024358e-02,  9.53147946e-02],
       [ 7.23458154e-03,  4.24734314e-02,  6.65500018e-02, -3.63410969e-03,  5.84856080e-02],
       [ 2.23931289e-02, -5.92472227e-02,  1.16651996e-02,  1.12222999e-02, -8.00125552e-02],
       [-5.12481958e-02,  7.06633729e-02,  1.21958541e-02, -4.11272161e-02, -1.37083205e-01],
       [-3.27775629e-02,  4.59566440e-02,  3.33501750e-02, -9.68038533e-02, -1.18781817e-01],
       [ 3.09960309e-02, -6.81939278e-02, -4.37877709e-02, -1.44079994e-02,  7.24352057e-02],
       [ 7.20873530e-02, -1.15326389e-01, -7.78913513e-02, -1.39225664e-02,  2.37242316e-02],
       [-3.60609855e-04,  3.34510482e-02,  4.08705828e-03, -5.05979169e-02,  5.69611865e-02],
       [ 7.31796955e-02, -1.04981308e-01, -6.94642408e-02, -9.01615410e-02, -8.00411076e-02],
       [-2.01026551e-02,  6.57369588e-02,  4.40972351e-02, -6.53409119e-02, -1.11946302e-01],
       [ 1.92151857e-02, -3.78951764e-02,  2.80743924e-02,  5.10310220e-02,  6.68305416e-02],
       [-1.23283113e-02,  2.05319003e-02, -4.00683618e-02, -9.78633081e-02,  5.02766465e-02],
       [ 3.85581298e-04,  2.87653821e-02, -8.51687356e-02, -2.51083396e-02,  9.47752588e-02],
       [-3.93273149e-03,  1.96032156e-02, -5.07021509e-02,  4.43159149e-03, -2.30885549e-02],
       [ 1.32201011e-02, -4.20053939e-02, -1.19064994e-01, -2.53486877e-02,  1.22152002e-02],
       [ 3.87402790e-02, -1.92463347e-02,  3.91810548e-02, -1.23804498e-01, -1.16628400e-02],
       [ 5.52564939e-02, -7.36091770e-02, -8.35305362e-02,  3.39317235e-02, -8.12033230e-02],
       [-2.69304091e-02,  1.74592133e-03, -1.01498818e-01,  5.61893621e-03, -4.30999275e-02],
       [-3.77854368e-02,  6.09802116e-02, -7.56743188e-02,  2.82388328e-02,  1.00149830e-01],
       [ 3.52283424e-02, -6.08908853e-02, -6.66470255e-02,  5.84871108e-02, -6.90999881e-02],
       [-5.21640227e-03, -4.07132398e-02,  5.63409733e-02, -3.24615234e-02, -8.81543867e-02],
       [ 9.48784055e-03,  1.53706815e-02, -5.83727124e-02, -1.14323987e-02, -6.82634298e-02],
       [ 6.29085676e-02, -4.17981713e-02, -1.49442620e-02,  4.34958635e-03, -9.09981500e-02],
       [ 3.64724867e-02, -2.26889492e-02,  1.80108487e-03, -3.78905309e-02, -8.95469366e-02],
       [-3.53410642e-02,  5.04039454e-02, -1.90821316e-02, -2.72803613e-02,  5.68435744e-02],
       [-7.21744622e-02,  7.16666251e-02, -4.09726364e-02, -1.21075130e-02,  1.01128786e-02],
       [ 1.27816423e-03, -3.63344551e-02,  1.14282725e-02, -5.14783444e-02,  4.85183224e-02],
       [-8.13527346e-02,  6.26170382e-02, -5.28394877e-02, -3.61168139e-02, -4.98244466e-02],
       [ 2.07598762e-02, -4.45728031e-02,  5.71669798e-03, -7.48266898e-03, -7.11472633e-02],
       [-2.45243156e-02,  3.28170364e-02,  2.92162521e-02,  1.86391624e-02,  4.52205505e-02],
       [ 1.62630452e-02, -2.43221284e-02, -1.68084476e-02, -6.49201668e-02,  3.19964885e-02],
       [-1.73053899e-04, -4.08980858e-02, -3.96826531e-02, -4.24884329e-02,  6.62600858e-02],
       [ 4.49606354e-03, -1.94691167e-02, -3.44455759e-02,  1.02867655e-02, -1.44446223e-02],
       [-2.11237369e-02,  5.07376213e-02, -6.58080369e-02, -1.99135086e-02,  3.82451822e-03],
       [-4.28082403e-02, -5.51107402e-03,  2.00434808e-02, -7.15968271e-02, -1.22825828e-02],
       [-6.32055109e-02,  4.07271579e-02, -5.93042399e-02,  3.64632211e-02, -4.98316587e-02],
       [ 2.97531199e-02,  1.87861245e-02, -6.37024098e-02,  1.08183184e-02, -2.23426053e-02],
       [ 5.54118435e-02, -3.90982619e-02, -3.01068947e-02, -6.87312136e-03,  7.32604060e-02],
       [-4.95057743e-02,  4.47177240e-02, -5.05522501e-02,  5.28443897e-02, -5.02714877e-02],
       [ 4.81535272e-03,  5.53054856e-02,  2.20731810e-02, -1.43302557e-03, -6.53665611e-02],
       [-1.24008466e-02, -2.75137703e-02, -3.83222791e-02,  5.43199341e-03, -3.52822480e-02],
       [-6.38021713e-02, -2.84158872e-02, -8.28854165e-03, -9.02098654e-02, -1.09678087e-01],
       [ 5.51365643e-02, -2.93187010e-02, -1.76919869e-02, -1.17555323e-02,  8.20662470e-02],
       [ 1.11125475e-01,  1.85203447e-02, -6.79250317e-02, -9.29690430e-03,  3.74345291e-02],
       [-2.09160213e-02,  6.82763185e-02,  1.83156425e-02, -4.59967770e-02,  6.76428842e-02],
       [ 1.16149336e-01,  3.62618171e-02, -7.62264521e-02, -7.65440662e-02, -6.29011835e-02],
       [-4.12247466e-02,  5.06876422e-02,  3.81066183e-03, -7.72934999e-02, -1.20129442e-01],
       [ 4.86781325e-02, -9.06807729e-03,  3.73461857e-02,  4.24474456e-02,  4.93198394e-02],
       [-2.53624719e-02,  4.72199779e-03, -2.27544459e-02, -9.18962039e-02,  6.36571828e-02],
       [ 2.66076091e-03,  7.28110581e-02, -4.21328084e-02, -1.53003639e-02,  8.83122297e-02],
       [-6.36478410e-03,  2.67640142e-02, -5.04358519e-02,  2.42052100e-03, -2.24993753e-02],
       [ 3.87698428e-02, -5.11013761e-02, -9.72639252e-02, -2.23952665e-02,  2.64168602e-03],
       [ 4.17167237e-02,  6.15330748e-02,  3.51928729e-02, -1.10253346e-01, -8.94310182e-03],
       [ 8.60696961e-02,  3.51975492e-02, -8.99606572e-02,  3.02375157e-02, -6.46047170e-02],
       [-2.77605397e-02, -7.29037999e-02, -1.05427993e-01,  4.33854541e-03, -3.01353341e-02],
       [-8.81988678e-02, -2.27376008e-02, -3.42227352e-02,  3.15417032e-02,  9.00112856e-02],
       [ 6.73714980e-02,  3.24675551e-03, -7.68625799e-02,  5.56208004e-02, -6.69671156e-02],
       [ 8.37520156e-03, -8.94710132e-02,  2.73844429e-02, -3.77284148e-02, -9.45381183e-02],
       [ 1.29509428e-02,  7.05749768e-02, -7.60102119e-02, -1.30720070e-02, -6.82985922e-02],
       [ 4.16639663e-02, -1.70935777e-02, -3.11842275e-02,  1.65403093e-02,  7.20171313e-02],
       [ 6.27631404e-02,  1.94212196e-02, -7.71336279e-02,  7.91436075e-03,  3.51287167e-02],
       [-8.84262990e-03,  4.41031926e-02,  1.28157525e-02, -1.95580254e-02,  6.96986126e-02],
       [ 6.41448127e-02,  3.16892800e-02, -7.34192190e-02, -1.08966131e-01, -6.23338096e-02],
       [-2.24231793e-02,  2.95893620e-02,  3.10405035e-02, -1.43977313e-01, -1.20214791e-01],
       [ 2.65677426e-02, -4.79878489e-03,  3.63128559e-02,  6.77708961e-02,  5.16740135e-02],
       [-9.67433069e-03,  3.19813934e-04, -3.55031871e-02, -7.05779182e-02,  6.60598363e-02],
       [-6.65739146e-03,  4.52028388e-02, -7.61214982e-02,  3.46441925e-02,  1.01527278e-01],
       [-7.99893187e-03,  1.68478266e-02, -5.57973381e-02, -5.17316802e-03, -2.33170118e-02],
       [ 2.22046722e-02, -3.38007965e-02, -1.12108956e-01, -1.99524799e-02,  6.05643493e-03],
       [ 3.13936548e-02,  4.40745037e-02,  3.56838080e-02, -1.13799129e-01, -1.16067482e-03],
       [ 6.35340438e-02,  3.61344739e-02, -9.51002868e-02, -2.11904977e-03, -7.86330243e-02],
       [-2.10806317e-02, -4.83262744e-02, -1.05836087e-01, -1.05434416e-02, -3.54255818e-02],
       [-4.75998389e-02, -1.88853784e-02, -5.95797992e-02,  8.02759770e-02,  9.44447287e-02],
       [ 5.36122742e-02,  7.30882284e-03, -8.02759584e-02,  2.73813918e-02, -7.86444558e-02],
       [-2.62756997e-03, -6.28261197e-02,  4.18864988e-02, -7.48002612e-02, -8.47140599e-02],
       [ 3.48655013e-03,  4.27570912e-02, -6.55960918e-02, -3.41629384e-02, -5.93785054e-02],
       [-7.99038433e-02,  5.58958826e-02,  4.62919452e-02,  9.73548729e-03, -1.58747876e-02],
       [ 6.13198830e-03, -3.75528163e-02,  3.89986792e-03,  3.75599089e-02, -3.58700835e-02],
       [-8.07007573e-02,  4.51229657e-02,  3.18192651e-02,  3.59401299e-02,  5.40246571e-02],
       [ 2.20920094e-02, -3.70245209e-02, -5.08121222e-02,  1.81609878e-02,  9.28042017e-02],
       [-2.08496315e-02,  2.08527993e-02, -9.26247056e-03, -1.44653071e-02, -4.98749739e-02],
       [ 1.99303524e-02, -1.80331690e-02,  3.02673826e-02,  6.98140938e-02, -3.31990113e-02],
       [-2.32807945e-03, -3.43294120e-02,  5.78237112e-02,  3.74320927e-02, -5.73334951e-02],
       [ 2.90124982e-03, -1.66416290e-02,  2.77384260e-02, -5.93587742e-03,  1.33058529e-02],
       [-2.01686332e-02,  4.41444678e-02,  6.84580751e-02,  1.52502196e-02, -3.22901546e-03],
       [-3.83407875e-02, -1.16440206e-02, -2.45282156e-02,  6.70621337e-02,  8.81021211e-03],
       [-6.02127558e-02,  2.75338389e-02,  4.36165749e-02, -3.76460409e-02,  5.02159042e-02],
       [ 2.07250767e-02,  2.14765953e-02,  5.63472061e-02, -1.13245648e-02,  2.26319092e-02],
       [ 5.53151948e-02, -3.06101266e-02,  6.45258975e-02,  8.63622083e-03, -7.37575637e-02],
       [-3.95130160e-02,  3.16604045e-02,  3.01273006e-02, -4.53583550e-02,  3.96956737e-02],
       [-1.14526738e-04,  4.64636547e-02, -3.57579942e-02, -3.38293732e-03,  5.24957219e-02],
       [-8.96105904e-03, -2.87665916e-02,  2.69273007e-02, -1.33072848e-02,  4.01314897e-02],
       [ 2.63561118e-02, -1.03052395e-01,  3.08111720e-02,  1.45132149e-02, -1.07422566e-02],
       [-1.51357050e-01, -2.10230675e-02, -2.80149792e-02, -1.82870172e-03,  1.52596749e-02],
       [ 5.92864052e-02, -8.46889208e-02, -7.25078821e-02, -1.39460526e-02,  2.18023743e-02],
       [-5.66304655e-02,  2.40410109e-02,  2.82227634e-02, -1.14670708e-04, -1.42320527e-02],
       [ 2.20820354e-02, -1.13676910e-02,  2.76324418e-02,  1.23014679e-02, -6.46190344e-03],
       [ 4.80623273e-03, -1.03869016e-01,  7.03874358e-02,  2.29868523e-02, -2.25332579e-02],
       [ 1.04540584e-02, -4.23672018e-02, -8.81553844e-04, -5.47216382e-03,  2.93123009e-03],
       [-5.09083155e-02,  8.43599632e-02,  2.00100823e-02,  7.62600257e-03, -1.37013106e-03],
       [-6.04653485e-02, -8.63830357e-02, -9.49489481e-03,  1.46935255e-02,  4.33688669e-03],
       [-1.18276415e-01, -3.24997000e-02, -2.44374100e-02, -1.16592721e-02,  1.19286108e-02],
       [ 3.42476002e-02,  9.58313283e-02,  1.61343538e-03, -7.50693003e-03,  9.42095906e-03],
       [ 1.30034685e-01,  1.39931368e-02,  7.16640756e-02,  1.25591933e-02, -2.42381114e-02],
       [-1.11801453e-01,  1.48663584e-02, -2.00072744e-02, -1.74904256e-02,  1.49043233e-02],
       [ 5.19770432e-03,  1.35537933e-01, -5.20974767e-02, -7.48626772e-03,  1.40832608e-02],
       [-1.69791007e-02, -9.54536795e-02, -2.27396900e-02, -6.42099424e-03,  1.19874217e-02],
       [ 2.12639928e-02, -9.96762568e-02,  4.45436052e-02,  2.65120879e-03,  4.06688063e-02],
       [ 1.93688515e-04,  2.61319020e-02,  4.78140824e-03, -3.79965193e-02,  5.75865368e-02],
       [ 5.68133161e-03, -3.10652975e-02, -2.18722081e-02,  7.67542758e-03, -3.29136361e-02],
       [-3.22629875e-03,  2.35178295e-02,  1.02053374e-02,  5.56079723e-02, -2.28286576e-02],
       [ 1.40099743e-03,  5.30870648e-03,  1.92495991e-02,  6.62831574e-02, -5.15808493e-02],
       [-3.43765570e-03,  6.09439912e-03,  1.92956350e-02, -4.69793376e-03,  7.51476052e-03],
       [ 8.01544654e-04, -2.98177587e-02,  4.64292114e-02,  1.79385617e-02, -5.00005234e-03],
       [ 1.87263516e-02, -3.70175003e-02, -1.00821035e-02,  4.31172707e-02,  9.46669087e-03],
       [ 2.67661184e-02, -7.04014713e-02,  3.58354943e-02, -3.72702364e-02,  3.15250242e-02],
       [-1.25417976e-02,  2.06473112e-02,  5.32677584e-02, -2.25667451e-02,  2.22684612e-02],
       [-9.03432135e-03,  6.21945857e-02,  1.47085695e-02,  4.26799636e-02, -5.59981792e-02],
       [ 1.50866870e-02, -5.74906353e-02,  3.17938922e-02, -4.42123928e-02,  2.95137564e-02],
       [-6.33719203e-03, -1.00003565e-02, -7.80986988e-03, -3.12221515e-02,  4.62548917e-02],
       [ 2.34193139e-03, -6.85858167e-03,  3.74603598e-02, -2.58317568e-02,  3.49830987e-02],
       [ 4.70672535e-02, -7.45238280e-02, -6.29946010e-02, -8.88728358e-02, -5.90504472e-02],
       [-4.46610997e-02,  1.91545006e-02,  4.81155609e-02,  4.66518334e-02,  2.64755417e-02],
       [ 2.04366987e-02, -6.85412042e-03,  2.08814443e-02, -2.52724151e-02,  4.31793758e-02],
       [ 9.72868377e-03, -1.02556217e-01,  2.77673598e-02,  4.17694755e-02,  6.19913203e-02],
       [ 1.57414073e-02, -3.81772935e-02, -3.92072041e-02, -6.54425243e-03, -1.15025430e-02],
       [-4.93089296e-02,  7.72331124e-02, -5.11807142e-02, -1.06426215e-02,  3.91267090e-03],
       [-7.63250396e-02, -1.01550956e-01,  7.42446242e-03, -7.04132441e-02, -3.64651945e-03],
       [-1.38031725e-01, -5.86930415e-02, -8.43320620e-02, -1.41299876e-02, -4.10527528e-02],
       [ 3.70993111e-02,  9.80387941e-02, -6.11122179e-02, -6.68457877e-03, -1.67443374e-02],
       [ 1.20567273e-01,  3.11512372e-02,  3.70508573e-02,  6.88198150e-02,  5.68755882e-02],
       [-1.14764633e-01, -2.70781347e-03, -7.90694164e-02, -5.48959757e-04, -4.52514438e-02],
       [-2.44488067e-03,  1.35281005e-01, -3.63012857e-02, -6.88283832e-02, -5.71322068e-02],
       [-1.22752096e-02, -9.61939944e-02, -7.54765697e-02, -3.70946699e-02, -3.77350851e-02],
       [ 2.06699904e-02, -3.48072047e-02,  2.81700522e-02,  5.49098480e-02,  4.82977749e-02],
       [-1.05675078e-02,  2.24687035e-02, -3.80552853e-02, -8.05935397e-02,  5.82830124e-02],
       [-8.33775207e-05,  2.58924591e-02, -6.95111943e-02,  6.11178279e-03,  8.53599641e-02],
       [-4.77924378e-03,  1.52940383e-02, -4.80363482e-02,  2.29720958e-04, -2.15474437e-02],
       [ 1.35891785e-02, -4.59737162e-02, -1.00875100e-01, -2.30293967e-02,  3.60677639e-03],
       [ 3.02315674e-02, -1.00982903e-02,  3.77836910e-02, -1.21537018e-01, -1.34900814e-02],
       [ 5.34641600e-02, -4.98947538e-02, -7.95524123e-02,  1.57469898e-02, -6.96410660e-02],
       [-1.85761295e-02, -2.65260524e-03, -9.62669675e-02, -4.73609859e-03, -3.59868940e-02],
       [-3.47360223e-02,  4.58666974e-02, -5.83392033e-02,  5.22589519e-02,  8.46006543e-02],
       [ 3.47373021e-02, -4.99295173e-02, -6.63469116e-02,  3.99524206e-02, -7.66960585e-02],
       [-3.81121263e-03, -3.66045829e-02,  5.18503174e-02, -5.48163314e-02, -8.22446202e-02],
       [ 4.13823158e-03,  1.75593410e-02, -5.73842185e-02, -3.14689412e-02, -6.36366860e-02],
       [ 7.86650588e-03, -8.95290137e-03, -2.86999055e-03,  2.99475635e-02, -3.36961483e-02],
       [ 4.90524243e-03, -2.91951051e-02,  5.28250847e-03, -1.35397567e-02, -5.83044870e-02],
       [ 5.15263483e-03, -1.28956988e-02,  2.78537614e-02,  4.51688083e-03,  1.12267664e-02],
       [-1.39684049e-02,  2.23784216e-02,  4.61595754e-02,  8.66948665e-03, -4.93357453e-03],
       [-2.83053284e-02, -1.75898841e-02, -8.75715122e-03,  5.71709344e-02,  3.35588029e-03],
       [-3.37830754e-02,  1.22804606e-02,  5.24102476e-02,  2.35262501e-03,  2.97961740e-02],
       [ 1.81159310e-02,  2.37391614e-02,  5.82043865e-02,  5.77699096e-03,  1.86182076e-02],
       [ 2.88385536e-02, -1.15914397e-02, -8.22297828e-03, -3.58639714e-02, -4.15323757e-02],
       [-3.86638243e-02,  1.48809400e-02,  5.53255320e-02, -1.05938657e-02,  3.86714461e-02],
       [-3.79978068e-04,  3.69629316e-02,  1.03677883e-02,  3.42955559e-02,  3.94357570e-02],
       [-8.18485914e-03, -2.55420498e-02,  5.95058448e-02,  2.59604999e-02,  3.92812707e-02],
       [-3.52653696e-03,  2.21827134e-02,  5.20959952e-02,  1.01435057e-01, -4.51808481e-02],
       [-3.91808812e-03,  1.09028387e-02,  1.26375854e-02, -2.06932118e-02,  1.00629719e-02],
       [ 1.21326442e-02, -1.67162447e-02,  4.24582572e-02,  1.76144257e-02, -3.43040823e-03],
       [ 1.21262345e-02,  5.92898572e-03, -1.92660723e-02,  2.78164200e-02,  1.13298478e-02],
       [ 2.17584393e-02, -4.69162336e-03,  1.82985207e-02, -6.33959767e-02,  3.17717096e-02],
       [-1.24000812e-02, -2.36796840e-02,  3.53559574e-02, -3.42528305e-02,  1.87423913e-02],
       [-2.19548551e-02,  1.20847713e-03,  4.74851356e-02,  8.06479969e-02, -5.21258766e-02],
       [ 3.00770371e-02, -7.91144244e-03,  1.07100005e-02, -6.38777666e-02,  2.63558595e-02],
       [-2.00584701e-03, -2.80148375e-02, -3.65851173e-02, -6.49019980e-02,  4.26133359e-02],
       [ 5.62371754e-03,  2.47638600e-02,  7.10398028e-03, -4.37964776e-02,  2.67258806e-02],
       [ 2.84967464e-03,  6.52488049e-03,  3.09404524e-02, -1.22357857e-02,  1.89992980e-02],
       [ 1.90730742e-03, -2.09369040e-02,  7.46578214e-02,  1.73463438e-02,  3.61666641e-03],
       [ 4.38000968e-03, -4.24650646e-02, -4.28661313e-02,  8.90666124e-02,  1.52648356e-02],
       [ 3.79667197e-03, -7.86060347e-02,  4.11564786e-02, -5.54528311e-02,  6.02658537e-02],
       [-2.22633690e-03,  2.69490099e-02,  6.96514741e-02, -1.56286639e-02,  2.61782295e-02],
       [-1.12892336e-02,  6.17014009e-02,  8.16831617e-02,  1.39326806e-02, -7.29683929e-02],
       [-1.08856783e-03, -5.69316851e-02,  2.93740969e-02, -7.59194232e-02,  5.84459879e-02],
       [-1.48164700e-03, -9.00977376e-04, -8.23993408e-02, -9.36020231e-03,  7.66549437e-02],
       [ 2.98817397e-03, -9.33300021e-03,  2.32635644e-02, -1.31454213e-02,  4.63656651e-02],
       [ 5.05275307e-03, -1.48016815e-02, -1.01001797e-02, -6.50789703e-03,  2.47204804e-03],
       [ 4.61132724e-03, -1.15699455e-02, -7.98901710e-03, -1.42284211e-02, -2.61015178e-03],
       [ 9.36556774e-04, -3.21179162e-02, -2.59427946e-02,  3.56278806e-03, -8.26898320e-03],
       [-2.83451505e-03,  5.84171086e-03, -2.45138785e-02,  2.60252736e-03, -5.39082785e-03],
       [-1.75962038e-02,  2.26525475e-02,  3.06728440e-02, -2.28979207e-03,  2.48735944e-02],
       [-5.39331572e-04, -2.19341025e-02, -2.62340028e-02,  5.93808047e-03, -8.50106430e-03],
       [ 1.18815048e-03, -8.21890409e-03, -3.24850484e-02,  3.86630227e-04, -1.68656279e-02],
       [ 4.33348491e-03,  2.52919343e-03, -3.42559840e-02,  4.49181044e-03, -8.88008934e-03],
       [-2.73550908e-02,  1.12754681e-02, -2.19597411e-02,  3.51967699e-03,  9.52656310e-04],
       [-5.18458248e-02,  5.05115844e-02, -3.59670578e-02, -2.11099401e-02,  7.45624006e-03],
       [ 1.39177871e-02, -8.56855376e-04, -1.50509823e-02, -5.63324316e-03,  3.37192752e-04],
       [ 2.59611060e-02, -4.53942770e-02,  8.09218292e-02,  2.21696627e-02,  3.78866417e-03],
       [-2.99683197e-02,  4.90856194e-02, -4.67867040e-02, -1.87900946e-02,  5.02067785e-03],
       [ 2.89272785e-03,  3.32468031e-02, -8.31175059e-02, -1.56342111e-02,  6.82500238e-03],
       [ 4.88005973e-05, -7.52344673e-03, -4.09748853e-02, -1.47496805e-02,  5.28964038e-03],
       [-4.88204555e-02, -7.25622314e-02, -7.15466541e-03, -5.04330733e-02, -1.27467081e-02],
       [ 1.37638928e-02,  6.79627676e-02, -6.36472699e-03, -2.75704217e-02, -6.49127706e-03],
       [ 6.15853547e-02,  6.39024107e-02, -4.07099399e-02,  9.87870795e-02,  9.91061010e-03],
       [-4.93238073e-02, -4.54847797e-02,  3.07585512e-03, -4.71604996e-02, -1.06885070e-02],
       [-8.24582180e-03,  4.75557737e-02,  2.46456981e-02, -8.36110125e-02, -7.03421820e-03],
       [-7.38911307e-03, -5.37735133e-02,  3.64684480e-03, -5.36865212e-02, -8.99572659e-03],
       [ 4.06653363e-02,  8.82300317e-02, -7.01672195e-02,  1.60454446e-02, -2.00194366e-02],
       [ 9.98919065e-02,  3.54864428e-02,  5.14123229e-02, -2.73847146e-02,  6.31487988e-02],
       [-8.42609743e-02, -1.36342020e-02, -7.69528694e-02,  5.04146273e-02, -3.93061170e-02],
       [-1.15170613e-02,  9.63736456e-02, -4.70954600e-02,  1.83315609e-02, -4.86506523e-02],
       [-2.75466586e-02, -8.79461619e-02, -6.57030499e-02,  1.43161057e-02, -3.46224430e-02],
       [-3.98642200e-02, -6.51707596e-02,  7.74521151e-02, -2.78325895e-03,  3.08797882e-02],
       [ 2.63875583e-02,  4.69700565e-02, -5.72623815e-02,  1.76880300e-02, -1.74031824e-02],
       [ 5.31040142e-03, -3.12739261e-02, -6.81513055e-02, -2.08155593e-03, -3.28856782e-02],
       [-7.42592926e-04,  2.79882389e-02, -5.53863330e-02,  6.06840525e-03, -1.40819145e-02],
       [ 8.15583427e-02,  2.08293814e-03,  3.81166016e-02, -4.98237878e-02,  6.53409202e-02],
       [-1.44059303e-03, -8.51921987e-02, -7.93833803e-02,  3.16849636e-02,  8.06146228e-02],
       [ 5.62295415e-03,  5.71695890e-02,  3.10665330e-02,  1.33979516e-02,  6.56714184e-02],
       [-2.55089716e-03,  7.46520491e-02, -4.07660552e-02,  3.78083960e-02, -5.64156220e-02],
       [-1.03028479e-02, -4.98916685e-02, -6.88769062e-02,  3.10525931e-02, -3.76928124e-02],
       [-1.37272020e-03,  1.49271317e-02, -3.19517936e-02, -1.42332100e-02, -5.16281129e-02]])})
2026-01-20 11:02:15,877 - final_problem_set.kxor_instance_n30_k2_m245_ell2_eps0.2_kappa1.0_rho0.4 - INFO - Running key extraction (n=30, m=245, ell=2, phase_qubits=13)
2026-01-20 11:02:15,886 - final_problem_set.kxor_instance_n30_k2_m245_ell2_eps0.2_kappa1.0_rho0.4 - INFO - Built voting matrix V (n=30, ell=2, dtype=complex128) in 0.009s
2026-01-20 11:02:15,888 - final_problem_set.kxor_instance_n30_k2_m245_ell2_eps0.2_kappa1.0_rho0.4 - INFO - Eval: adv=0.5184, hamming=1/30 (0.033), corr=0.933
2026-01-20 11:02:15,888 - final_problem_set.kxor_instance_n30_k2_m245_ell2_eps0.2_kappa1.0_rho0.4 - INFO - Key extraction complete: x_hat=8
2026-01-20 11:02:15,888 - final_problem_set.kxor_instance_n30_k2_m245_ell2_eps0.2_kappa1.0_rho0.4 - INFO - Finished step 'KeyExtractionStep' in 0.011s (success: True, problem=kxor_instance_n30_k2_m245_ell2_eps0.2_kappa1.0_rho0.4)
2026-01-20 11:02:15,888 - final_problem_set.kxor_instance_n30_k2_m245_ell2_eps0.2_kappa1.0_rho0.4 - INFO - SUCCESS: len(z_hat)=30
2026-01-20 11:02:15,888 - final_problem_set.kxor_instance_n30_k2_m245_ell2_eps0.2_kappa1.0_rho0.4 - INFO - Metrics: adv=0.5183673469387755, ham_frac=0.03333333333333333, corr=0.9333333333333333
2026-01-20 11:02:15,888 - final_problem_set.kxor_instance_n30_k2_m245_ell2_eps0.2_kappa1.0_rho0.4 - INFO - z_hat (full): [-1, -1, -1, -1,  1,  1,  1, -1,  1, -1, -1, -1, -1,  1,  1,  1, -1, -1,  1,  1,  1, -1,  1, -1, -1, -1,  1, -1, -1, -1]
