2026-01-20 11:01:49,063 - final_problem_set.kxor_instance_n26_k2_m221_ell2_eps0.3_kappa1.0_rho1.0 - INFO - Starting iteration for /Users/julian/CodingProjects/UniT3/QuarticSpeedupK-XOR/z_Daphne/data/final_problem_set/kxor_instance_n26_k2_m221_ell2_eps0.3_kappa1.0_rho1.0.npz
2026-01-20 11:01:49,064 - final_problem_set.kxor_instance_n26_k2_m221_ell2_eps0.3_kappa1.0_rho1.0 - INFO - Loaded instance (n=26, m=221, k=2)
2026-01-20 11:01:49,064 - final_problem_set.kxor_instance_n26_k2_m221_ell2_eps0.3_kappa1.0_rho1.0 - INFO - Starting step 'ComputeKikuchiStep' (version 0.1) on problem kxor_instance_n26_k2_m221_ell2_eps0.3_kappa1.0_rho1.0 (fields={'ell': 2, 'threshold': 0.0})
2026-01-20 11:01:49,102 - final_problem_set.kxor_instance_n26_k2_m221_ell2_eps0.3_kappa1.0_rho1.0 - INFO - Finished step 'ComputeKikuchiStep' in 0.038s (success: True, problem=kxor_instance_n26_k2_m221_ell2_eps0.3_kappa1.0_rho1.0)
2026-01-20 11:01:49,102 - final_problem_set.kxor_instance_n26_k2_m221_ell2_eps0.3_kappa1.0_rho1.0 - INFO - Starting step 'ClassicalEigenvaluesStep' (version 0.1) on problem kxor_instance_n26_k2_m221_ell2_eps0.3_kappa1.0_rho1.0 (fields={'ell': 2, 'threshold': 0.0, 'kikuchi_matrix': <Dictionary Of Keys sparse matrix of dtype 'int64'
	with 7584 stored elements and shape (325, 325)>, 'num_eigenvalues': 5})
2026-01-20 11:01:49,269 - final_problem_set.kxor_instance_n26_k2_m221_ell2_eps0.3_kappa1.0_rho1.0 - INFO - Finished step 'ClassicalEigenvaluesStep' in 0.167s (success: True, problem=kxor_instance_n26_k2_m221_ell2_eps0.3_kappa1.0_rho1.0)
2026-01-20 11:01:49,269 - final_problem_set.kxor_instance_n26_k2_m221_ell2_eps0.3_kappa1.0_rho1.0 - INFO - Starting step 'KeyExtractionStep' (version 0.1) on problem kxor_instance_n26_k2_m221_ell2_eps0.3_kappa1.0_rho1.0 (fields={'ell': 2, 'threshold': 0.0, 'kikuchi_matrix': <Dictionary Of Keys sparse matrix of dtype 'int64'
	with 7584 stored elements and shape (325, 325)>, 'num_eigenvalues': 5, 'eigenvalues': array([14.0877156 , 14.26490053, 14.44503235, 14.53113829, 24.01723322]), 'eigenvectors': array([[ 0.08029689,  0.08188605,  0.10352708,  0.0036132 ,  0.04663289],
       [-0.01705449, -0.02334648,  0.02404451, -0.03192617,  0.07127148],
       [-0.02000645, -0.03781964, -0.01919449, -0.08524402, -0.06590079],
       [-0.01172425, -0.05939973,  0.02365947, -0.04728061, -0.06478335],
       [-0.00937588,  0.02980237, -0.08418333, -0.01519174, -0.061439  ],
       [-0.05831005, -0.03675183,  0.03603911, -0.05921036, -0.0601105 ],
       [ 0.02803646,  0.03976117,  0.06207204,  0.05825573,  0.06108773],
       [-0.04397608, -0.02820865,  0.06151384,  0.05687315, -0.06375604],
       [-0.07440333, -0.06733519,  0.06498048,  0.05159773, -0.05311299],
       [ 0.06926432,  0.09983258, -0.02319813,  0.00220641,  0.05636553],
       [ 0.07097305, -0.0394712 ,  0.00659676, -0.03838212, -0.06370362],
       [ 0.07331673, -0.0600814 , -0.00199105,  0.04077341,  0.07268035],
       [-0.06703914,  0.08778435,  0.01231381, -0.04618348,  0.05433162],
       [ 0.05225251,  0.11933223, -0.01116488, -0.008482  ,  0.07359929],
       [ 0.08439179, -0.0306375 , -0.03438487, -0.01599647,  0.06593985],
       [ 0.03407767,  0.00515866,  0.02503084, -0.02049526,  0.07310764],
       [ 0.04638009,  0.05938208, -0.02563864,  0.00528265,  0.05829186],
       [ 0.06870688, -0.00963836, -0.0573982 ,  0.09698905,  0.03993933],
       [-0.04090804, -0.02783282, -0.02356156, -0.04282062, -0.0853515 ],
       [-0.05857979, -0.04234844, -0.07580224,  0.0091777 , -0.07154009],
       [ 0.07206814, -0.05087439, -0.00216182, -0.08151178,  0.0390154 ],
       [-0.03536376, -0.01318551,  0.00454839, -0.06133775,  0.05974433],
       [-0.1028718 , -0.00506348, -0.07938767,  0.01613108, -0.06327028],
       [ 0.02613363,  0.09749341,  0.0499485 , -0.0578718 ,  0.05911395],
       [-0.02677619,  0.0564486 , -0.00149979,  0.02440683,  0.06231088],
       [ 0.01842129,  0.01864674,  0.10820638, -0.02413977,  0.04840759],
       [-0.04554883, -0.0618571 , -0.10748328, -0.06230877, -0.04761646],
       [-0.03617671, -0.07014367, -0.06959263, -0.03004169, -0.04423201],
       [-0.02952946, -0.01110906, -0.12082236, -0.00798007, -0.03870729],
       [-0.07348197, -0.0595245 , -0.05763397, -0.04351844, -0.04401901],
       [ 0.04556757,  0.05626129,  0.11822067,  0.03728793,  0.04127452],
       [-0.06442784, -0.05318992, -0.04349449,  0.04623684, -0.04674653],
       [-0.08261793, -0.0765339 , -0.02587777,  0.03925711, -0.03926507],
       [ 0.07018901,  0.09128317,  0.05598927,  0.0003821 ,  0.03834281],
       [ 0.02051391, -0.05962641, -0.07849767, -0.02508461, -0.04390442],
       [ 0.08262149, -0.00453584,  0.09328373,  0.02653093,  0.04999946],
       [-0.02274018,  0.0815684 ,  0.07727748, -0.03191406,  0.03658155],
       [ 0.0624494 ,  0.10060188,  0.08321387, -0.00509383,  0.04636117],
       [ 0.08676376,  0.00963275,  0.0621357 , -0.01337742,  0.04499808],
       [ 0.05940215,  0.03968506,  0.12076286, -0.01680648,  0.0531744 ],
       [ 0.06325514,  0.07626785,  0.05987763,  0.00330118,  0.04289553],
       [ 0.06450141,  0.01248984,  0.0141362 ,  0.06566215,  0.02725999],
       [-0.06595969, -0.06155382, -0.12816532, -0.02568327, -0.05677689],
       [-0.06883021, -0.06062377, -0.13732384,  0.00520086, -0.04727488],
       [ 0.06607399, -0.0160398 ,  0.047658  , -0.05789229,  0.02694563],
       [ 0.00285863,  0.02093189,  0.08603638, -0.04791173,  0.0434523 ],
       [-0.09162288, -0.0347546 , -0.12621519,  0.01059534, -0.04166977],
       [ 0.03815202,  0.08159995,  0.09724713, -0.03455767,  0.03707737],
       [ 0.01001553,  0.07376769,  0.08777904,  0.01921867,  0.04571755],
       [ 0.0736852 ,  0.05589701, -0.02032847, -0.05030412, -0.06702888],
       [ 0.07544794,  0.03333182,  0.02242533, -0.01037045, -0.06172525],
       [ 0.06149366,  0.09433164, -0.07017076,  0.01614915, -0.05307625],
       [ 0.02440884,  0.04683201,  0.03825772, -0.02540055, -0.06179422],
       [-0.05631966, -0.04742636,  0.06767209,  0.0265342 ,  0.06280645],
       [ 0.03662231,  0.0518276 ,  0.05835598,  0.0859387 , -0.0595911 ],
       [-0.00468328,  0.0045269 ,  0.06887726,  0.08599158, -0.05481457],
       [-0.00135063,  0.02429554, -0.02267563, -0.02674002,  0.05423278],
       [ 0.13102853,  0.04258809,  0.0087278 , -0.00393012, -0.0559572 ],
       [-0.02676025, -0.13412385, -0.00286236, -0.0001899 ,  0.06331738],
       [-0.11480993,  0.0111495 ,  0.01036834, -0.06296391,  0.04680862],
       [-0.04883264,  0.01193529, -0.01096207, -0.04833004,  0.07012496],
       [-0.00726959, -0.10089157, -0.03058857, -0.04505756,  0.05703736],
       [-0.06251475, -0.0877171 ,  0.0226061 , -0.05747759,  0.06874147],
       [-0.03068702, -0.01887663, -0.02990162, -0.03094739,  0.05966686],
       [ 0.00913401, -0.06123406, -0.0542426 ,  0.07061709,  0.03765578],
       [ 0.07384776,  0.08592742, -0.02293811,  0.0057001 , -0.08014111],
       [ 0.03612335,  0.05302478, -0.07227544,  0.04434121, -0.06783491],
       [ 0.0167677 , -0.09705783, -0.00309095, -0.09854979,  0.03650782],
       [-0.10063454, -0.08415145,  0.00344408, -0.08493975,  0.05479806],
       [-0.01686866,  0.07139994, -0.07517303,  0.04845684, -0.05956707],
       [-0.05129913,  0.01202894,  0.04662514, -0.08850592,  0.05621554],
       [-0.10064798, -0.02681227, -0.00289515, -0.00907577,  0.05877783],
       [-0.03656556,  0.02044271, -0.02165809,  0.10123856,  0.05614392],
       [-0.0352425 , -0.05055611,  0.07196363,  0.07369761,  0.05376904],
       [ 0.010462  ,  0.00968838, -0.03906523,  0.13399448,  0.06060723],
       [ 0.01803511, -0.01044602, -0.05941368, -0.12058465, -0.05722355],
       [-0.00944486, -0.0029644 , -0.0684352 ,  0.01689333,  0.06500217],
       [ 0.03501033,  0.04435654, -0.07147592,  0.01216251,  0.05481195],
       [-0.02531636, -0.06947046,  0.02247234, -0.06052757, -0.05382506],
       [-0.10504211,  0.00631591, -0.00935951,  0.0951807 ,  0.05577726],
       [-0.00905131,  0.079876  ,  0.00417661, -0.107928  , -0.06383253],
       [ 0.10686048, -0.05465024, -0.00984249, -0.0170683 , -0.05119499],
       [ 0.00893341, -0.06826219,  0.01156442, -0.06871097, -0.0648576 ],
       [-0.02502061,  0.06135993,  0.03518383, -0.05954305, -0.06265881],
       [ 0.02605463,  0.02853981, -0.02062928, -0.06050541, -0.06801134],
       [-0.00306115, -0.03598841,  0.02987571, -0.07545415, -0.05963421],
       [-0.0311768 ,  0.02573831,  0.05150247, -0.11881543, -0.03388281],
       [-0.02948271, -0.01412815,  0.02173023,  0.13468006,  0.07973943],
       [ 0.00025071,  0.00570376,  0.07146526,  0.07206929,  0.06728039],
       [-0.03709969,  0.06636713,  0.00424091,  0.03454248, -0.03757176],
       [ 0.08669566,  0.04395362, -0.00200525, -0.00830349, -0.06029582],
       [ 0.05516397, -0.02364718,  0.08378126,  0.06206009,  0.06460017],
       [ 0.02239038, -0.06451883, -0.04777313, -0.01345971, -0.05676123],
       [ 0.07174853, -0.02515265,  0.00306062, -0.09099728, -0.05819848],
       [-0.04210304, -0.03627172,  0.03681173,  0.0443789 ,  0.05324994],
       [ 0.00125627,  0.02524927, -0.07493764,  0.08958575,  0.05629063],
       [ 0.0225479 , -0.0247299 , -0.01861484, -0.07980268, -0.05327345],
       [-0.01383505,  0.0131239 , -0.08913191, -0.01592687,  0.05492116],
       [ 0.02469327,  0.05521591, -0.09658879, -0.01826149,  0.04980166],
       [-0.01612692, -0.07587124,  0.04914857, -0.02758839, -0.04895299],
       [-0.10170614,  0.02054499, -0.04121946,  0.05811548,  0.05116112],
       [ 0.00049613,  0.06515768,  0.04666349, -0.07319711, -0.06341627],
       [ 0.10274452, -0.06438838,  0.02175766,  0.01109987, -0.04651234],
       [ 0.01752821, -0.0794097 ,  0.04939132, -0.02834966, -0.05926952],
       [-0.01581459,  0.03882118,  0.0702449 , -0.02075234, -0.05717158],
       [ 0.03229495,  0.00743788,  0.02361802, -0.019899  , -0.06323749],
       [ 0.00455489, -0.04294439,  0.05622449, -0.03343947, -0.05140846],
       [-0.02437391,  0.01651381,  0.06611961, -0.09251292, -0.03145419],
       [-0.03662066,  0.00961612, -0.03035757,  0.08014609,  0.07366274],
       [-0.00779604,  0.02397674,  0.02372938,  0.02903431,  0.06229636],
       [-0.03051353,  0.05070821,  0.02564482,  0.0503277 , -0.03420866],
       [ 0.07563044,  0.02002923,  0.03022732,  0.02195655, -0.05123296],
       [ 0.04328245, -0.00542247,  0.0373589 ,  0.02051398,  0.05994058],
       [ 0.02736658, -0.07491125, -0.00810841,  0.01901491, -0.05182158],
       [ 0.08237377, -0.04258344,  0.04386423, -0.05908135, -0.05813462],
       [ 0.00098039, -0.04943587,  0.0242718 ,  0.06014845,  0.05362038],
       [ 0.02768346,  0.04862369, -0.11408759, -0.05952454, -0.05366512],
       [-0.01362051, -0.05966614,  0.00170262, -0.0463183 ,  0.05644665],
       [ 0.02466027, -0.01155624, -0.01065616, -0.04214176,  0.04807197],
       [-0.01633885, -0.0145284 , -0.02971355, -0.00674965, -0.05049676],
       [-0.09430997, -0.04355475,  0.04334205,  0.03391198,  0.04825547],
       [ 0.00195859,  0.12417988, -0.05458521, -0.03578164, -0.05478888],
       [ 0.09709039, -0.00268164, -0.05628969,  0.03192518, -0.04472184],
       [ 0.0185274 , -0.00177112, -0.05333443,  0.00060566, -0.06154418],
       [-0.01487414,  0.10796982, -0.02647361,  0.00669403, -0.05370322],
       [ 0.03037144,  0.085198  , -0.08183285,  0.00853892, -0.05944976],
       [ 0.00537657,  0.02086489, -0.02522288, -0.00827789, -0.04845151],
       [-0.02300975,  0.05815192,  0.01267095, -0.08273586, -0.0326945 ],
       [-0.0357611 , -0.08619991,  0.09291474,  0.04242077,  0.06913353],
       [-0.01004936, -0.05563112,  0.12034624,  0.00178562,  0.05834302],
       [-0.02705355,  0.08923128, -0.02926009,  0.06387871, -0.03183734],
       [ 0.06988828,  0.08155503, -0.05166984,  0.04280463, -0.04820961],
       [ 0.03208495, -0.07013987,  0.11424362, -0.00585566,  0.05122849],
       [ 0.02778217, -0.0031557 , -0.09060713,  0.04150602, -0.04862032],
       [ 0.07656209,  0.03368748, -0.05702507, -0.02877989, -0.05450688],
       [-0.01885019, -0.01287208, -0.00630951, -0.09496329, -0.05299594],
       [ 0.03119722,  0.00244979, -0.11531348, -0.00275927,  0.05888243],
       [ 0.05709468,  0.03818784, -0.09517844, -0.00631732,  0.04577131],
       [-0.06118824, -0.07376933,  0.07083805, -0.04907714, -0.0531682 ],
       [-0.06199497,  0.00690413, -0.05162757,  0.07207144,  0.05101759],
       [-0.04572848,  0.06792315,  0.05373006, -0.07940322, -0.05817388],
       [ 0.06389166, -0.05327475,  0.03526476, -0.00045588, -0.04702849],
       [-0.0312999 , -0.06624583,  0.06322309, -0.04615737, -0.05945825],
       [-0.05291183,  0.04528513,  0.07270239, -0.03036737, -0.05253966],
       [-0.01885324,  0.02649537,  0.04004203, -0.04109638, -0.06760409],
       [-0.03518511, -0.03117945,  0.06661325, -0.04544763, -0.05039658],
       [-0.04603125,  0.01866858,  0.07187474, -0.10107628, -0.03125556],
       [ 0.02392385, -0.00721241, -0.0482627 ,  0.0994925 ,  0.07286074],
       [ 0.04151986,  0.0088805 ,  0.00947166,  0.04784828,  0.06218207],
       [-0.05632266,  0.05905811,  0.03396305,  0.04238854, -0.03434371],
       [ 0.04180016,  0.03736298,  0.04940855,  0.01013312, -0.0556831 ],
       [ 0.09116937, -0.01709785,  0.02232035,  0.03691722,  0.05887739],
       [-0.01558611, -0.05962822,  0.0035244 ,  0.00489487, -0.05158093],
       [ 0.02889654, -0.02432348,  0.04938099, -0.06559171, -0.05308241],
       [-0.00570364, -0.00368355,  0.0170457 ,  0.00490877, -0.06109498],
       [-0.04391471, -0.04741185,  0.02717139,  0.00704183, -0.05148429],
       [ 0.03691383,  0.0767255 ,  0.01555343,  0.04766046,  0.05413958],
       [ 0.08680493, -0.00881204, -0.0318837 , -0.0720576 , -0.05218023],
       [ 0.01808833, -0.06996731,  0.04191093,  0.08197206,  0.0597496 ],
       [-0.08144567,  0.0512805 ,  0.03951678, -0.00182277,  0.04494636],
       [ 0.00468224,  0.0778219 ,  0.03728327,  0.0488575 ,  0.06531218],
       [ 0.03484158, -0.05160456,  0.01205055,  0.03527677,  0.05842344],
       [-0.0126021 , -0.02157386,  0.06922488,  0.03650813,  0.06432253],
       [ 0.01261296,  0.03880012,  0.01492009,  0.05163708,  0.0558902 ],
       [ 0.03730232, -0.02177278, -0.02369727,  0.11341657,  0.03472022],
       [ 0.01416658,  0.00737388, -0.07784267, -0.10066446, -0.07453142],
       [-0.01067783, -0.00927309, -0.11005895, -0.04614114, -0.0620787 ],
       [ 0.04060717, -0.05868729,  0.021722  , -0.04409955,  0.03476509],
       [-0.06814818, -0.03781574,  0.04664473, -0.01094773,  0.05631054],
       [-0.05404882,  0.01586854, -0.10859925, -0.03354273, -0.05581335],
       [-0.01125291,  0.06415869,  0.0824412 , -0.00507469,  0.05278986],
       [-0.06244732,  0.03091278,  0.04353061,  0.07509372,  0.05858609],
       [ 0.04506536,  0.03169555, -0.11672127, -0.09090939,  0.04773909],
       [-0.04368898, -0.05731863,  0.08170099,  0.04676574, -0.05054455],
       [-0.08780364, -0.00043201, -0.08599011, -0.02333516,  0.05787497],
       [-0.03164584,  0.08145981,  0.08278276,  0.02876156, -0.06170845],
       [ 0.07261547, -0.04361269,  0.04617021,  0.08013672, -0.04543878],
       [-0.01588607, -0.05662671,  0.08925347,  0.06985746, -0.06235767],
       [-0.04440173,  0.05534379,  0.09798581,  0.0681966 , -0.05500219],
       [-0.00146746,  0.03734293,  0.06998865,  0.09414993, -0.07092644],
       [-0.02001034, -0.02273841,  0.09069827,  0.04876594, -0.05299474],
       [-0.04390192,  0.02937117,  0.09995918, -0.04980866, -0.03577501],
       [ 0.00404458, -0.02033767, -0.08376002, -0.0432944 ,  0.07723898],
       [ 0.03172424, -0.00094988, -0.01475122, -0.08196729,  0.07033025],
       [-0.04627281,  0.06118899,  0.03837007,  0.09882157, -0.0325727 ],
       [ 0.04993271,  0.04055549,  0.06359681,  0.1045714 , -0.05276874],
       [ 0.07849772, -0.02820853, -0.00051476, -0.08153124,  0.06178589],
       [-0.00279654, -0.05359908,  0.02572449,  0.11032369, -0.05427627],
       [ 0.05217902, -0.01890294,  0.08682649,  0.038793  , -0.06070131],
       [-0.06544328, -0.08215495,  0.08027077,  0.04327031, -0.04301185],
       [-0.03349555,  0.03666724, -0.0755515 , -0.02311201,  0.04600316],
       [-0.07190151,  0.03076606,  0.09005903,  0.02964026, -0.05605609],
       [ 0.03692938, -0.07321646,  0.05569409,  0.07965262, -0.04128463],
       [-0.05047858, -0.08955109,  0.0876809 ,  0.0605381 , -0.0519253 ],
       [-0.06935762,  0.00890588,  0.09364799,  0.06116838, -0.04668874],
       [-0.04207278, -0.01880753,  0.06997227,  0.07402077, -0.05547086],
       [-0.04887149, -0.05227472,  0.08493757,  0.043473  , -0.04404191],
       [-0.05980989, -0.00031731,  0.09155344, -0.04027754, -0.03066524],
       [ 0.05648187,  0.03828104, -0.09324608, -0.04157113,  0.07068917],
       [ 0.06866001,  0.04957341, -0.02794154, -0.07159398,  0.05873188],
       [-0.05618022,  0.03040123,  0.03992704,  0.0839928 , -0.02764913],
       [ 0.01259069, -0.00207095,  0.07359337,  0.10201103, -0.04829685],
       [ 0.1045591 ,  0.01814692, -0.01409622, -0.07059738,  0.05250969],
       [-0.03131846, -0.07359257,  0.03018885,  0.08403334, -0.0424033 ],
       [ 0.0049092 , -0.05691588,  0.08419931,  0.03572405, -0.05079949],
       [ 0.04717855, -0.07070926,  0.0443801 , -0.0273579 , -0.05196942],
       [ 0.06898277, -0.00194127, -0.04663663,  0.02826905,  0.05966843],
       [-0.04173688,  0.09023327, -0.01876765, -0.0355843 ,  0.04076079],
       [ 0.04749391,  0.12245972, -0.04704795, -0.0102129 ,  0.05548392],
       [ 0.0765992 ,  0.01548076, -0.06716349, -0.01764233,  0.05374009],
       [ 0.04113434,  0.05193623, -0.02478591, -0.0256569 ,  0.06403888],
       [ 0.04420119,  0.08119988, -0.05349956,  0.0007789 ,  0.04714298],
       [ 0.05327519,  0.01068569, -0.062819  ,  0.06852697,  0.0298981 ],
       [-0.04745217, -0.08071169,  0.0357462 , -0.03215654, -0.07443534],
       [-0.06486795, -0.08339511, -0.02120454,  0.01358867, -0.06213737],
       [ 0.06330225, -0.01736117, -0.02450591, -0.06928209,  0.03212948],
       [-0.01954825,  0.02788321, -0.03425345, -0.05835249,  0.05190785],
       [-0.09090443, -0.044082  , -0.02505123,  0.01632025, -0.05169076],
       [ 0.02898923,  0.11247033,  0.00433437, -0.05078885,  0.04847047],
       [-0.01250005,  0.09094507, -0.04344093,  0.01821733,  0.05446887],
       [ 0.07914117,  0.08074519,  0.03208701, -0.06343155, -0.06144673],
       [ 0.13680116, -0.04712648,  0.00992301,  0.01513103, -0.04247931],
       [ 0.09887036, -0.07029869,  0.0384812 , -0.02302173, -0.06306922],
       [ 0.05754038,  0.0538989 ,  0.05603634, -0.01418987, -0.05649819],
       [ 0.11984652,  0.02755553,  0.00800299, -0.01358212, -0.06645977],
       [ 0.0641069 , -0.02802454,  0.04330006, -0.02594113, -0.04954673],
       [ 0.01964212,  0.02442004,  0.06451561, -0.09659276, -0.03359093],
       [-0.12751745, -0.00966964, -0.01428837,  0.06948502,  0.07142489],
       [-0.09143123,  0.0082338 ,  0.04384531,  0.02382247,  0.06558589],
       [ 0.01444036,  0.06017655,  0.01697262,  0.05332133, -0.0340838 ],
       [ 0.13192425,  0.03278206,  0.02021298,  0.0259475 , -0.04983316],
       [-0.03249949, -0.01976332,  0.04994154,  0.01406217,  0.05855064],
       [ 0.09010168, -0.05786165, -0.02166227,  0.02371038, -0.05077755],
       [ 0.13259962, -0.02178095,  0.02484615, -0.04483798, -0.05212066],
       [-0.0738363 , -0.01633537, -0.00783783, -0.02130678,  0.05328806],
       [ 0.03957609, -0.02129987, -0.03710846,  0.02333487,  0.07236354],
       [ 0.05983454, -0.13083703, -0.04998243,  0.00943775,  0.05861628],
       [ 0.02015992, -0.12366024, -0.00182901,  0.01083784,  0.07043733],
       [ 0.03735838, -0.04118018, -0.04724711,  0.02742969,  0.05680082],
       [ 0.05106602, -0.06647446, -0.0632279 ,  0.09904901,  0.0347246 ],
       [-0.0238398 ,  0.12776362,  0.00677915, -0.0755376 , -0.08156388],
       [-0.05096606,  0.09559229, -0.05625023, -0.02492695, -0.07441165],
       [ 0.05594939, -0.10436302, -0.0141801 , -0.06222036,  0.03472751],
       [-0.04747971, -0.12969027, -0.01890099, -0.03578462,  0.06155307],
       [-0.08990067,  0.10018951, -0.05633503, -0.01114966, -0.06093166],
       [ 0.01666464, -0.01638856,  0.02832931, -0.0321329 ,  0.05848151],
       [-0.0351782 , -0.05463748, -0.0232375 ,  0.04821842,  0.05990167],
       [-0.08302392,  0.09569722, -0.01226583, -0.05088779,  0.04902802],
       [-0.05305795,  0.00199238, -0.03062306, -0.05665407,  0.04759465],
       [-0.10767003,  0.03207857,  0.01189581, -0.07031135,  0.05612212],
       [-0.06687118,  0.07072823, -0.02571192, -0.04030277,  0.04557547],
       [-0.02170536,  0.00729271, -0.04492085,  0.04249591,  0.02936641],
       [ 0.12589159, -0.05459293, -0.01206532,  0.02866019, -0.06597557],
       [ 0.07889866, -0.05535892, -0.04616135,  0.05452735, -0.05119047],
       [-0.01449708, -0.0217345 , -0.00471753, -0.08578323,  0.02838382],
       [-0.11581002,  0.01405195, -0.00105686, -0.07893759,  0.04223039],
       [ 0.0340142 , -0.03087807, -0.0580259 ,  0.06029041, -0.04948408],
       [-0.0716144 ,  0.07852551,  0.02692753, -0.07269875,  0.03958967],
       [-0.11712822,  0.06034582, -0.00668852, -0.02406516,  0.04458855],
       [ 0.04613168, -0.00016278, -0.05812612, -0.02829581,  0.06006148],
       [ 0.0001903 ,  0.03914373, -0.00990387, -0.03596006,  0.0715216 ],
       [ 0.0261884 ,  0.09749798, -0.05843595, -0.00893269,  0.06238935],
       [ 0.04796098,  0.01039779, -0.07450847,  0.08481708,  0.03874322],
       [-0.00136371, -0.0692349 ,  0.01708259, -0.02195097, -0.08408284],
       [-0.02779006, -0.07346878, -0.04175823,  0.02346912, -0.0698253 ],
       [ 0.05411376, -0.03113049, -0.0206421 , -0.09046067,  0.03891248],
       [-0.065155  ,  0.01829556, -0.02634579, -0.08003757,  0.06266796],
       [-0.08542423, -0.04252339, -0.05521096,  0.03281287, -0.06801679],
       [ 0.00046465,  0.10750001,  0.01897274, -0.06304758,  0.05377986],
       [-0.05129687,  0.08286632, -0.03230812,  0.01139823,  0.0610338 ],
       [ 0.03540763, -0.09162868, -0.03204186, -0.03906546,  0.06351418],
       [ 0.05247134, -0.02563277, -0.07406674, -0.01719186,  0.05581352],
       [ 0.05363079, -0.05141462, -0.07056929,  0.0669195 ,  0.03179376],
       [-0.04275127,  0.09091348,  0.0423402 , -0.00789415, -0.0740728 ],
       [-0.05858998,  0.05926677, -0.01421738,  0.02941902, -0.06263487],
       [ 0.06508948, -0.09413015, -0.03017076, -0.0831985 ,  0.03351884],
       [-0.02347044, -0.08673343, -0.03907139, -0.06992145,  0.05164105],
       [-0.09791897,  0.07437447, -0.02362545,  0.03476226, -0.05571034],
       [ 0.0290097 ,  0.00285881, -0.0011501 , -0.07090295,  0.05203622],
       [-0.0196622 , -0.03688512, -0.05380354,  0.00144387,  0.05877119],
       [ 0.01156265,  0.00404754, -0.0308148 , -0.02248213,  0.06606045],
       [ 0.04127652, -0.05133143, -0.05896727,  0.08380834,  0.04172098],
       [ 0.02165664,  0.06971485, -0.0302038 , -0.01077707, -0.09515075],
       [-0.01134744,  0.02976085, -0.08027933,  0.03678498, -0.07307738],
       [ 0.04503733, -0.08383252, -0.00303324, -0.09395836,  0.03681515],
       [-0.07667096, -0.07175845,  0.00406647, -0.08491724,  0.06097025],
       [-0.07173379,  0.06189716, -0.09431466,  0.0466743 , -0.07091089],
       [-0.01293646,  0.0349894 ,  0.0498189 , -0.07694269,  0.05756021],
       [-0.07160751, -0.00581609, -0.00225752,  0.00153536,  0.06458545],
       [ 0.04609126, -0.00741409, -0.0740221 ,  0.07860829,  0.03337611],
       [-0.01503914, -0.02517673,  0.0419624 , -0.03650776, -0.07658087],
       [-0.03685896, -0.03927649, -0.01896512,  0.01085437, -0.06511531],
       [ 0.0489632 , -0.0418988 , -0.02748943, -0.07040101,  0.03295394],
       [-0.04488963, -0.01278644, -0.04050648, -0.05851697,  0.05348421],
       [-0.06970065, -0.0070363 , -0.02328081,  0.01466638, -0.05316153],
       [ 0.00689774,  0.0715656 ,  0.00212159, -0.04578373,  0.04689407],
       [-0.03370654,  0.04575909, -0.04252754,  0.01741723,  0.05196418],
       [-0.04732436,  0.04243381,  0.06959772, -0.12553847, -0.04320058],
       [-0.0575421 ,  0.02945817,  0.02468873, -0.08941274, -0.04098978],
       [ 0.04946342, -0.0534217 , -0.03801237,  0.00377126,  0.0211929 ],
       [-0.00235204, -0.05191206, -0.05781185,  0.04246449,  0.03390665],
       [-0.08090834,  0.04151981,  0.01532655, -0.07519448, -0.0361615 ],
       [ 0.03190612,  0.01059859, -0.02937909,  0.04242669,  0.0323775 ],
       [ 0.00321203, -0.01228055, -0.06491816,  0.09521194,  0.03528789],
       [ 0.01456102, -0.01868854,  0.10208553,  0.02713914,  0.09329986],
       [-0.05639685,  0.10031769,  0.00484938,  0.08325487, -0.04855115],
       [ 0.08989044,  0.07059442, -0.00111519,  0.04931433, -0.0712681 ],
       [ 0.07852024, -0.04798664,  0.0963243 ,  0.00942927,  0.07692508],
       [ 0.01557788, -0.05904124, -0.05392634,  0.04270856, -0.06778776],
       [ 0.08371731, -0.01240124,  0.00680012, -0.05915352, -0.07512653],
       [-0.05656387,  0.06717826, -0.01961657,  0.0883312 , -0.03671344],
       [ 0.05618649,  0.04514909, -0.05540008,  0.08179   , -0.06460557],
       [ 0.0857498 , -0.02235186,  0.1261626 , -0.02880736,  0.06412   ],
       [-0.00673667, -0.06174685, -0.08623244,  0.06597071, -0.05636975],
       [ 0.04905803, -0.02848063, -0.0529495 , -0.0138296 , -0.06835764],
       [ 0.00856281, -0.07605621, -0.00852151, -0.09511635,  0.03048904],
       [-0.07329121,  0.07166118, -0.0240423 ,  0.08255028, -0.03274719],
       [ 0.03505358, -0.02354773,  0.0129453 , -0.09839435,  0.03090562],
       [ 0.00873979, -0.0505172 , -0.01564971, -0.06498826,  0.03558287],
       [ 0.0018245 ,  0.06705213, -0.06033691,  0.08207435, -0.05766763],
       [-0.05567321,  0.01516249,  0.02629533, -0.0970315 ,  0.04703777],
       [-0.12046435, -0.02263573, -0.01931056, -0.04188735,  0.05636908],
       [-0.04549227, -0.03216009, -0.08574578,  0.06661782, -0.05039478],
       [-0.00768509,  0.0014743 , -0.05921708, -0.00325445, -0.06111524],
       [-0.05056608,  0.06711402,  0.02412144, -0.03239298,  0.04905643]])})
2026-01-20 11:01:49,271 - final_problem_set.kxor_instance_n26_k2_m221_ell2_eps0.3_kappa1.0_rho1.0 - INFO - Running key extraction (n=26, m=221, ell=2, phase_qubits=13)
2026-01-20 11:01:49,276 - final_problem_set.kxor_instance_n26_k2_m221_ell2_eps0.3_kappa1.0_rho1.0 - INFO - Built voting matrix V (n=26, ell=2, dtype=complex128) in 0.005s
2026-01-20 11:01:49,277 - final_problem_set.kxor_instance_n26_k2_m221_ell2_eps0.3_kappa1.0_rho1.0 - INFO - Eval: adv=1.0000, hamming=0/26 (0.000), corr=1.000
2026-01-20 11:01:49,277 - final_problem_set.kxor_instance_n26_k2_m221_ell2_eps0.3_kappa1.0_rho1.0 - INFO - Key extraction complete: x_hat=19
2026-01-20 11:01:49,277 - final_problem_set.kxor_instance_n26_k2_m221_ell2_eps0.3_kappa1.0_rho1.0 - INFO - Finished step 'KeyExtractionStep' in 0.006s (success: True, problem=kxor_instance_n26_k2_m221_ell2_eps0.3_kappa1.0_rho1.0)
2026-01-20 11:01:49,277 - final_problem_set.kxor_instance_n26_k2_m221_ell2_eps0.3_kappa1.0_rho1.0 - INFO - SUCCESS: len(z_hat)=26
2026-01-20 11:01:49,277 - final_problem_set.kxor_instance_n26_k2_m221_ell2_eps0.3_kappa1.0_rho1.0 - INFO - Metrics: adv=1.0, ham_frac=0.0, corr=1.0
2026-01-20 11:01:49,277 - final_problem_set.kxor_instance_n26_k2_m221_ell2_eps0.3_kappa1.0_rho1.0 - INFO - z_hat (full): [-1, -1, -1,  1,  1,  1,  1, -1,  1,  1, -1,  1, -1, -1, -1, -1, -1, -1, -1,  1,  1, -1, -1,  1, -1, -1]
