2026-01-20 11:00:30,653 - final_problem_set.kxor_instance_n13_k2_m107_ell2_eps0.3_kappa0.875_rho1.0 - INFO - Starting iteration for /Users/julian/CodingProjects/UniT3/QuarticSpeedupK-XOR/z_Daphne/data/final_problem_set/kxor_instance_n13_k2_m107_ell2_eps0.3_kappa0.875_rho1.0.npz
2026-01-20 11:00:30,654 - final_problem_set.kxor_instance_n13_k2_m107_ell2_eps0.3_kappa0.875_rho1.0 - INFO - Loaded instance (n=13, m=107, k=2)
2026-01-20 11:00:30,654 - final_problem_set.kxor_instance_n13_k2_m107_ell2_eps0.3_kappa0.875_rho1.0 - INFO - Starting step 'ComputeKikuchiStep' (version 0.1) on problem kxor_instance_n13_k2_m107_ell2_eps0.3_kappa0.875_rho1.0 (fields={'ell': 2, 'threshold': 0.0})
2026-01-20 11:00:30,661 - final_problem_set.kxor_instance_n13_k2_m107_ell2_eps0.3_kappa0.875_rho1.0 - INFO - Finished step 'ComputeKikuchiStep' in 0.007s (success: True, problem=kxor_instance_n13_k2_m107_ell2_eps0.3_kappa0.875_rho1.0)
2026-01-20 11:00:30,661 - final_problem_set.kxor_instance_n13_k2_m107_ell2_eps0.3_kappa0.875_rho1.0 - INFO - Starting step 'ClassicalEigenvaluesStep' (version 0.1) on problem kxor_instance_n13_k2_m107_ell2_eps0.3_kappa0.875_rho1.0 (fields={'ell': 2, 'threshold': 0.0, 'kikuchi_matrix': <Dictionary Of Keys sparse matrix of dtype 'int64'
	with 1364 stored elements and shape (78, 78)>, 'num_eigenvalues': 5})
2026-01-20 11:00:30,681 - final_problem_set.kxor_instance_n13_k2_m107_ell2_eps0.3_kappa0.875_rho1.0 - INFO - Finished step 'ClassicalEigenvaluesStep' in 0.019s (success: True, problem=kxor_instance_n13_k2_m107_ell2_eps0.3_kappa0.875_rho1.0)
2026-01-20 11:00:30,681 - final_problem_set.kxor_instance_n13_k2_m107_ell2_eps0.3_kappa0.875_rho1.0 - INFO - Starting step 'KeyExtractionStep' (version 0.1) on problem kxor_instance_n13_k2_m107_ell2_eps0.3_kappa0.875_rho1.0 (fields={'ell': 2, 'threshold': 0.0, 'kikuchi_matrix': <Dictionary Of Keys sparse matrix of dtype 'int64'
	with 1364 stored elements and shape (78, 78)>, 'num_eigenvalues': 5, 'eigenvalues': array([ 8.07553801,  8.4489515 ,  9.10155845,  9.84559853, 17.71992641]), 'eigenvectors': array([[ 0.17563263,  0.15125291,  0.03330198, -0.04036077,  0.11915556],
       [-0.28344679, -0.00068075, -0.0600422 ,  0.01364568, -0.11847988],
       [-0.08960836,  0.00722503,  0.00122059,  0.02303894, -0.12980267],
       [ 0.0982065 ,  0.14925491, -0.00925602,  0.21169512,  0.08399511],
       [ 0.11101726,  0.07557437, -0.00481818,  0.04979327,  0.13761682],
       [-0.21091311, -0.13523813,  0.05153699,  0.06808582, -0.11081561],
       [ 0.21091311,  0.13523813, -0.05153699, -0.06808582,  0.11081561],
       [ 0.22939277,  0.11460594, -0.00504589,  0.05270566,  0.13384393],
       [-0.0795397 , -0.15962672,  0.1607267 , -0.04464658, -0.10594994],
       [-0.20530828,  0.10784132,  0.08997243, -0.1334348 , -0.09729486],
       [-0.09616332, -0.10397036, -0.19136136, -0.07571099, -0.0983926 ],
       [-0.26192193, -0.06954971, -0.04962321, -0.04722177, -0.12545357],
       [ 0.06348028, -0.04230389,  0.10635994, -0.13452332,  0.12217448],
       [-0.15257471, -0.04758145,  0.04089483, -0.13877992,  0.12149723],
       [ 0.05382453, -0.15745205, -0.02155417, -0.16472589, -0.09806218],
       [ 0.15079821, -0.02688141, -0.04094028,  0.07799058, -0.12997187],
       [ 0.00317767,  0.10583004, -0.01239248, -0.18275478,  0.1131681 ],
       [-0.00317767, -0.10583004,  0.01239248,  0.18275478, -0.1131681 ],
       [ 0.03489214, -0.07541752, -0.04444734,  0.07983636, -0.13952637],
       [-0.11825808,  0.13634219, -0.1366932 , -0.05003876,  0.1102036 ],
       [ 0.04215597, -0.16283903, -0.07105587,  0.05687554,  0.11182078],
       [-0.08347027,  0.08449834,  0.23722886, -0.01158452,  0.10149856],
       [ 0.02386508,  0.0304422 ,  0.09990225, -0.07470687,  0.13063502],
       [ 0.03755082,  0.20168296, -0.06860469,  0.10992249, -0.12081434],
       [ 0.04256797,  0.02651617,  0.04521156,  0.18574402,  0.09733502],
       [-0.02513687, -0.14221101,  0.07135951, -0.04729314,  0.12921117],
       [-0.11007015,  0.04148641, -0.0109736 ,  0.15585312, -0.11358251],
       [ 0.11007015, -0.04148641,  0.0109736 , -0.15585312,  0.11358251],
       [ 0.10192688, -0.11112014,  0.07801735, -0.0460979 ,  0.13869002],
       [ 0.01650797,  0.0040302 ,  0.12538139,  0.03272652, -0.1207677 ],
       [-0.12646168,  0.26488162,  0.04240949, -0.07684252, -0.10077818],
       [-0.01088642,  0.04522113, -0.25991841, -0.01234943, -0.10066028],
       [-0.14915903,  0.14059799, -0.13265854,  0.043527  , -0.12869282],
       [-0.13640205,  0.0226792 , -0.00673766,  0.17999352,  0.09687147],
       [-0.25798192, -0.14726444,  0.00196689, -0.05303487,  0.12723038],
       [ 0.08650247,  0.04671707,  0.04787368,  0.15944216, -0.11286423],
       [-0.08650247, -0.04671707, -0.04787368, -0.15944216,  0.11286423],
       [-0.15314251, -0.11650419,  0.00151676, -0.052284  ,  0.13789008],
       [ 0.20138107,  0.0037546 ,  0.16486115,  0.03074142, -0.1089411 ],
       [ 0.03944917,  0.26641465,  0.09107374, -0.07160241, -0.10018465],
       [ 0.16128596,  0.04737948, -0.20634817, -0.00817509, -0.10120445],
       [ 0.08582196,  0.14486735, -0.05925461,  0.04932601, -0.12914362],
       [ 0.10179277, -0.07946348,  0.00858863, -0.22003954, -0.09232304],
       [-0.00523927,  0.14366577, -0.05000286,  0.12735634,  0.09147464],
       [ 0.00523927, -0.14366577,  0.05000286, -0.12735634, -0.09147464],
       [ 0.03421336, -0.11324243,  0.00968175, -0.24369307, -0.09838252],
       [-0.08635252,  0.13902795, -0.11174997,  0.1838769 ,  0.07820055],
       [ 0.01246036, -0.04880199, -0.05890691,  0.22828709,  0.07012001],
       [-0.06224772,  0.08946582,  0.12325937,  0.19550723,  0.07208744],
       [ 0.00181544,  0.08132774,  0.0256537 ,  0.22420522,  0.09269838],
       [-0.08021042,  0.02123566, -0.05532436, -0.10629561,  0.12071037],
       [ 0.08021042, -0.02123566,  0.05532436,  0.10629561, -0.12071037],
       [ 0.14487632,  0.03715131,  0.00211917, -0.02324947, -0.14643381],
       [-0.20099992,  0.06046986, -0.17906417,  0.02412054,  0.11533896],
       [-0.02828244, -0.22789365, -0.09885603,  0.12724221,  0.10577523],
       [-0.1581973 ,  0.00685821,  0.21800989,  0.06133901,  0.10701107],
       [-0.07401774, -0.07471531,  0.06008098,  0.01993088,  0.13707468],
       [ 0.05153375,  0.09058592, -0.09261909, -0.19528142,  0.10424631],
       [ 0.03086878,  0.06491613, -0.06129075, -0.11134365,  0.12946131],
       [ 0.05885457, -0.11865913,  0.20163413,  0.07403046, -0.1015988 ],
       [-0.09199721,  0.15429411,  0.15147382, -0.02233194, -0.10327581],
       [ 0.04040855, -0.09043804, -0.17216379,  0.04648093, -0.10430154],
       [-0.07861912, -0.02500242,  0.00241023,  0.10352564, -0.12141751],
       [-0.03086878, -0.06491613,  0.06129075,  0.11134365, -0.12946131],
       [-0.05885457,  0.11865913, -0.20163413, -0.07403046,  0.1015988 ],
       [ 0.09199721, -0.15429411, -0.15147382,  0.02233194,  0.10327581],
       [-0.04040855,  0.09043804,  0.17216379, -0.04648093,  0.10430154],
       [ 0.07861912,  0.02500242, -0.00241023, -0.10352564,  0.12141751],
       [-0.1127081 ,  0.10395245, -0.19693859,  0.03116219,  0.12352955],
       [ 0.06461485, -0.21612329, -0.10849207,  0.1435916 ,  0.11314974],
       [-0.07428358,  0.04157981,  0.23834103,  0.07154663,  0.11451708],
       [ 0.05761694, -0.03380068,  0.06570184,  0.02826135,  0.14721444],
       [ 0.0198449 ,  0.09615285,  0.2095683 , -0.1074881 , -0.08948129],
       [ 0.1546348 , -0.11530341, -0.04819276, -0.06756496, -0.10072744],
       [ 0.06265066, -0.07081916,  0.14737141, -0.03224883, -0.12797721],
       [ 0.00530191,  0.14812973, -0.10253959, -0.15493655, -0.09065988],
       [-0.10030106,  0.22769668,  0.05664669, -0.13168236, -0.10635426],
       [ 0.02278677, -0.00637435, -0.26525231, -0.06369119, -0.10640828]])})
2026-01-20 11:00:30,681 - final_problem_set.kxor_instance_n13_k2_m107_ell2_eps0.3_kappa0.875_rho1.0 - INFO - Running key extraction (n=13, m=107, ell=2, phase_qubits=11)
2026-01-20 11:00:30,682 - final_problem_set.kxor_instance_n13_k2_m107_ell2_eps0.3_kappa0.875_rho1.0 - INFO - Built voting matrix V (n=13, ell=2, dtype=complex128) in 0.001s
2026-01-20 11:00:30,682 - final_problem_set.kxor_instance_n13_k2_m107_ell2_eps0.3_kappa0.875_rho1.0 - INFO - Eval: adv=1.0000, hamming=0/13 (0.000), corr=1.000
2026-01-20 11:00:30,682 - final_problem_set.kxor_instance_n13_k2_m107_ell2_eps0.3_kappa0.875_rho1.0 - INFO - Key extraction complete: x_hat=8
2026-01-20 11:00:30,682 - final_problem_set.kxor_instance_n13_k2_m107_ell2_eps0.3_kappa0.875_rho1.0 - INFO - Finished step 'KeyExtractionStep' in 0.001s (success: True, problem=kxor_instance_n13_k2_m107_ell2_eps0.3_kappa0.875_rho1.0)
2026-01-20 11:00:30,682 - final_problem_set.kxor_instance_n13_k2_m107_ell2_eps0.3_kappa0.875_rho1.0 - INFO - SUCCESS: len(z_hat)=13
2026-01-20 11:00:30,682 - final_problem_set.kxor_instance_n13_k2_m107_ell2_eps0.3_kappa0.875_rho1.0 - INFO - Metrics: adv=1.0, ham_frac=0.0, corr=1.0
2026-01-20 11:00:30,682 - final_problem_set.kxor_instance_n13_k2_m107_ell2_eps0.3_kappa0.875_rho1.0 - INFO - z_hat (full): [ 1, -1,  1,  1, -1, -1,  1, -1, -1,  1,  1,  1,  1]
