2026-01-20 11:02:09,356 - final_problem_set.kxor_instance_n29_k2_m245_ell2_eps0.25_kappa1.0_rho0.2 - INFO - Starting iteration for /Users/julian/CodingProjects/UniT3/QuarticSpeedupK-XOR/z_Daphne/data/final_problem_set/kxor_instance_n29_k2_m245_ell2_eps0.25_kappa1.0_rho0.2.npz
2026-01-20 11:02:09,357 - final_problem_set.kxor_instance_n29_k2_m245_ell2_eps0.25_kappa1.0_rho0.2 - INFO - Loaded instance (n=29, m=245, k=2)
2026-01-20 11:02:09,357 - final_problem_set.kxor_instance_n29_k2_m245_ell2_eps0.25_kappa1.0_rho0.2 - INFO - Starting step 'ComputeKikuchiStep' (version 0.1) on problem kxor_instance_n29_k2_m245_ell2_eps0.25_kappa1.0_rho0.2 (fields={'ell': 2, 'threshold': 0.0})
2026-01-20 11:02:09,404 - final_problem_set.kxor_instance_n29_k2_m245_ell2_eps0.25_kappa1.0_rho0.2 - INFO - Finished step 'ComputeKikuchiStep' in 0.048s (success: True, problem=kxor_instance_n29_k2_m245_ell2_eps0.25_kappa1.0_rho0.2)
2026-01-20 11:02:09,405 - final_problem_set.kxor_instance_n29_k2_m245_ell2_eps0.25_kappa1.0_rho0.2 - INFO - Starting step 'ClassicalEigenvaluesStep' (version 0.1) on problem kxor_instance_n29_k2_m245_ell2_eps0.25_kappa1.0_rho0.2 (fields={'ell': 2, 'threshold': 0.0, 'kikuchi_matrix': <Dictionary Of Keys sparse matrix of dtype 'int64'
	with 10422 stored elements and shape (406, 406)>, 'num_eigenvalues': 5})
2026-01-20 11:02:09,671 - final_problem_set.kxor_instance_n29_k2_m245_ell2_eps0.25_kappa1.0_rho0.2 - INFO - Finished step 'ClassicalEigenvaluesStep' in 0.267s (success: True, problem=kxor_instance_n29_k2_m245_ell2_eps0.25_kappa1.0_rho0.2)
2026-01-20 11:02:09,672 - final_problem_set.kxor_instance_n29_k2_m245_ell2_eps0.25_kappa1.0_rho0.2 - INFO - Starting step 'KeyExtractionStep' (version 0.1) on problem kxor_instance_n29_k2_m245_ell2_eps0.25_kappa1.0_rho0.2 (fields={'ell': 2, 'threshold': 0.0, 'kikuchi_matrix': <Dictionary Of Keys sparse matrix of dtype 'int64'
	with 10422 stored elements and shape (406, 406)>, 'num_eigenvalues': 5, 'eigenvalues': array([-11.91634875,  11.46371367,  11.81325894,  12.40068282,  13.47243739]), 'eigenvectors': array([[ 3.20827824e-02,  2.29490337e-02, -2.09071146e-02,  5.96777938e-03, -9.91758930e-03],
       [ 1.00023778e-02,  3.02127754e-02,  6.24063756e-02, -4.82366698e-02, -6.45991109e-02],
       [-3.56935058e-02, -4.64148109e-02, -1.00550575e-01, -6.43509347e-02,  2.70946695e-02],
       [ 1.91945444e-02,  2.01839356e-03,  1.07012335e-01,  2.02720646e-02, -2.70255460e-02],
       [ 8.65757876e-02, -1.12082470e-02,  1.81133017e-03, -7.81013319e-02,  8.82293384e-02],
       [-4.65350570e-02,  3.56112207e-02,  1.01535589e-01,  2.52675966e-02, -2.05514834e-02],
       [ 8.90010920e-03,  8.80436451e-02, -3.83475837e-02,  2.51906350e-04, -7.31917333e-03],
       [ 5.05040719e-02, -1.34457464e-01, -8.45232199e-02, -7.72482031e-02,  1.07704523e-01],
       [ 6.15816679e-02, -6.40171255e-02,  1.60854812e-02,  7.50213827e-02, -1.16313340e-03],
       [-5.11246936e-02,  6.61524052e-02,  3.73395598e-02,  8.57080692e-02, -6.68618689e-02],
       [-2.90889422e-02,  1.57965171e-02,  1.87812991e-02,  7.83992315e-02, -6.69013313e-02],
       [ 2.72753188e-02, -5.75869395e-02, -5.68545441e-02, -6.54143972e-02,  5.86377587e-02],
       [-7.84696922e-02,  1.06826806e-01, -4.64735229e-03,  6.90579590e-02, -7.47683237e-02],
       [ 6.61130019e-02,  2.55990431e-02,  3.72301494e-02,  1.21803711e-01, -3.63247809e-02],
       [ 9.72092813e-02,  6.39458515e-02, -6.74790680e-02, -3.42136603e-02, -9.35680604e-02],
       [-6.79186983e-02, -5.99150276e-02, -4.87468143e-02, -9.64783139e-02,  7.36285018e-02],
       [ 3.30509224e-02,  7.47435009e-02, -7.92462999e-03,  2.13162730e-02, -2.26032707e-02],
       [-4.84920713e-02, -2.51552336e-02, -9.66397203e-03, -9.87543070e-02,  2.65878220e-02],
       [-2.48003289e-02,  5.03530240e-02,  5.81901600e-02, -6.21969672e-02,  1.96959409e-02],
       [ 5.08413299e-02,  5.00167395e-02,  4.88910434e-02,  7.17049737e-03,  1.35268900e-03],
       [ 1.78240821e-02,  9.86050837e-02, -4.88316421e-03, -4.43828420e-02, -7.47683702e-02],
       [-9.13504236e-02, -1.05851756e-01, -7.89433236e-02,  5.34008186e-02,  7.20244767e-02],
       [ 1.53303517e-02,  3.68743848e-02, -7.59422383e-02,  1.01101352e-01, -3.95390167e-02],
       [-6.99216009e-02,  1.27349378e-02, -1.66506545e-02, -3.02663229e-02, -2.63762820e-03],
       [-9.51879525e-03, -4.42901750e-02, -9.22013289e-02, -3.17432831e-02,  8.93372173e-02],
       [ 1.97300620e-02, -1.12360615e-01, -2.65057078e-02, -6.07100534e-02,  9.36789573e-02],
       [-1.92478350e-02, -3.95223459e-02,  3.55123341e-02,  1.64430302e-02,  5.09076603e-02],
       [-6.01864925e-02,  5.66115394e-02,  2.19859436e-02, -3.30243388e-02, -4.56180483e-02],
       [-1.76015285e-03, -1.99339094e-02,  2.93830523e-03,  1.93078243e-02,  7.54814656e-03],
       [ 2.77122894e-02,  1.77962641e-02,  8.98195123e-03,  7.79106523e-03, -9.66593059e-03],
       [-3.04710219e-02, -9.27063156e-03, -6.29024530e-04,  1.22900788e-03,  7.73282595e-03],
       [-2.81378086e-02,  3.58654171e-02, -2.79648434e-02, -2.98425119e-03, -4.60188593e-03],
       [ 2.44749915e-02, -1.28746436e-02, -1.50113680e-02,  1.40561022e-03,  5.75650525e-03],
       [-5.15081884e-03, -8.90487193e-03,  6.43642383e-03,  9.71038579e-04,  2.28134028e-03],
       [-4.60679883e-02,  5.00894541e-02, -3.16130646e-02, -1.02235929e-02, -2.02852642e-02],
       [-3.05114254e-02,  5.68830243e-03, -1.69096840e-04, -1.46766362e-02, -1.52982108e-03],
       [ 4.97572232e-02, -2.99359886e-02,  2.47688804e-02, -1.04029769e-02,  1.99417824e-02],
       [ 3.68255513e-02, -2.15413845e-02,  2.56055127e-02, -7.49679250e-03,  1.12077042e-02],
       [-2.10341997e-02,  3.01045782e-02, -2.61700785e-02, -4.03144029e-03, -5.73235328e-03],
       [ 3.79238877e-02, -2.39751198e-02,  2.72956988e-02,  2.70409693e-03,  8.01113096e-03],
       [-4.47281124e-02, -1.41282347e-02,  2.23442925e-02, -1.84338127e-02,  8.75367669e-03],
       [-8.21573726e-02, -2.84074932e-02,  3.10666700e-02,  1.72976473e-02,  1.01726671e-02],
       [ 3.65250385e-02,  3.27394848e-02, -3.21402558e-02,  7.91997656e-04, -1.30676542e-02],
       [-2.53525051e-02, -8.17918987e-03,  1.02892775e-02, -1.94304384e-05,  3.40576346e-03],
       [ 3.23417849e-02,  1.25001221e-02, -1.77835875e-02,  1.01612693e-02, -4.39003694e-03],
       [ 3.95551514e-03, -3.09789046e-03, -2.68440877e-02,  1.17132049e-02, -1.15592894e-03],
       [-2.36742573e-02, -6.34916937e-03, -8.19799803e-03, -8.26596995e-04,  2.62564046e-03],
       [-1.63828178e-02, -2.28606649e-02,  1.39954592e-02,  1.73901441e-02,  8.73064231e-03],
       [ 3.02168714e-02,  3.09361956e-02, -1.56705220e-03, -3.26455645e-02, -1.02040081e-02],
       [-6.60855850e-03, -1.59952252e-02,  2.95661348e-02, -1.42473373e-02,  5.79323150e-03],
       [ 5.28681601e-02,  1.89488246e-03,  1.15970059e-03,  5.22799044e-03, -1.24855836e-04],
       [ 6.91235999e-03,  3.08356283e-02, -2.20005259e-02, -1.36699710e-02, -1.18967928e-02],
       [-9.97616881e-03,  3.75208670e-02, -3.37925143e-02, -9.07088664e-03, -1.35361352e-02],
       [ 1.11599831e-02,  1.72753739e-02, -1.67214423e-02, -8.66772878e-03, -5.55975727e-03],
       [ 2.61740890e-02, -1.38898443e-02,  1.15023940e-02,  1.39843788e-02,  7.44373442e-03],
       [ 6.60512557e-03, -1.10169647e-02,  6.00978030e-02, -3.13569850e-02, -3.01263415e-02],
       [-9.30068112e-03,  3.70338039e-02, -4.69627649e-02,  3.55507506e-02,  1.56163717e-02],
       [-1.02752993e-03, -6.59001569e-02,  2.16631158e-02, -7.53279458e-02, -4.67584216e-02],
       [ 4.86966554e-03,  7.50025889e-03, -5.10394290e-02,  1.81355533e-02,  1.82479259e-02],
       [-3.37774851e-03, -6.37261845e-02,  8.59002952e-03,  8.03779018e-03,  1.80848510e-02],
       [-9.80297876e-03, -6.54944969e-02,  7.48728787e-02, -1.33022363e-01, -8.03184595e-02],
       [-1.37629160e-02,  4.08986012e-02, -7.57551066e-03, -2.11903973e-02,  1.00612973e-02],
       [ 8.69158156e-03,  3.02003466e-02, -5.34340577e-02,  7.28891240e-02,  6.90022900e-02],
       [ 9.50796982e-03,  4.08516159e-02, -3.98965801e-02,  5.95388065e-02,  5.13280328e-02],
       [-4.16927623e-03, -3.44055563e-02,  5.57932555e-02, -7.69299109e-02, -4.93142677e-02],
       [ 1.31196499e-02, -2.40304327e-04, -2.09467948e-02,  7.40931812e-02,  7.28224447e-02],
       [-6.79482565e-03,  2.53418059e-02, -5.12464380e-02,  1.86146542e-02,  6.53648204e-02],
       [-3.43276283e-02,  5.74640493e-02,  9.91457455e-03,  8.53823446e-02,  2.89478217e-02],
       [ 3.95270947e-03, -5.42403597e-02,  4.98570363e-02, -9.11697040e-02, -6.95786570e-02],
       [-9.15404121e-03, -4.69787529e-02, -1.43845261e-02,  2.51349475e-02,  3.11496442e-02],
       [ 4.57727145e-03, -1.75496320e-02,  1.50752228e-02, -1.46519532e-02, -4.05333033e-02],
       [ 3.11822041e-03, -3.79807489e-02, -2.74994328e-02,  6.77825102e-03, -2.05893472e-02],
       [-6.73394834e-03, -3.79379337e-02, -3.10829227e-02,  5.85789810e-03,  1.18542719e-02],
       [ 4.60779440e-04,  2.13452321e-02, -6.99147461e-03,  6.71145073e-02,  2.29894497e-02],
       [ 1.42113267e-02, -3.23057651e-02,  3.07058354e-02, -7.99428615e-02, -2.11324764e-02],
       [ 1.80747664e-03,  8.00559249e-03,  1.96568510e-02,  2.14275811e-02,  4.81692046e-02],
       [ 9.99984336e-03,  8.76592691e-03,  1.77574413e-02, -4.78152208e-03, -3.82437368e-03],
       [-4.05584221e-04, -7.03335682e-02,  4.37570632e-02, -9.26870340e-02, -3.88219127e-02],
       [-2.37433969e-03, -4.53556964e-02,  3.01570969e-02, -1.03613536e-01, -6.36896177e-02],
       [-7.54211085e-04, -3.85951466e-02, -5.60219461e-03, -5.56874653e-02, -1.64658970e-02],
       [ 8.16843502e-03,  2.73923440e-02, -1.40747352e-02,  5.47367165e-02,  1.58271978e-02],
       [ 1.77466293e-02, -1.22958609e-02,  6.50983617e-02,  7.86455643e-03, -7.40396687e-03],
       [ 5.55380653e-02,  3.90144898e-02, -7.30622210e-02, -3.66661209e-02,  4.95758331e-02],
       [-2.49423862e-02,  9.12591526e-03,  5.94802711e-02,  1.32167888e-02, -8.40225631e-03],
       [ 6.71855317e-03,  6.39154861e-02, -7.11351062e-03,  5.76773929e-03, -8.92962872e-03],
       [ 4.39967755e-02, -1.98671570e-02, -1.37215088e-01, -4.05685220e-02,  4.44107608e-02],
       [ 5.57290900e-02, -4.21598376e-02,  8.88617732e-03,  3.47765725e-02, -2.42930949e-03],
       [-2.84072772e-02,  1.13206020e-02,  8.67555804e-02,  4.07479910e-02, -3.50641285e-02],
       [-2.48042424e-02, -1.39524612e-02,  7.04751177e-02,  3.70955082e-02, -3.52220362e-02],
       [ 3.29376558e-02, -2.17090144e-03, -1.02537410e-01, -3.95253456e-02,  3.07057088e-02],
       [-9.27075985e-02,  5.48983623e-02,  7.24852339e-02,  4.75747578e-02, -5.70834459e-02],
       [ 4.43291864e-02,  4.94085546e-03,  8.31752841e-02,  7.93990208e-02, -2.48848367e-02],
       [ 6.38591291e-02, -1.07627635e-02,  1.53568850e-02, -3.41911603e-02, -4.72070491e-02],
       [-4.95114398e-02,  4.15982836e-03, -1.15558514e-01, -5.96714291e-02,  4.58739639e-02],
       [ 2.55257380e-02,  5.39735110e-02,  3.02872655e-02,  2.08516999e-02, -1.87987473e-02],
       [-4.24759888e-02, -2.87747253e-03, -4.46279156e-02, -5.85976450e-02,  1.62705615e-02],
       [-8.05984921e-03,  3.73200414e-02,  8.20287648e-04, -3.85112972e-02,  1.59302334e-02],
       [ 3.62483012e-02,  3.81578782e-02,  2.56398090e-02,  7.38814541e-03, -6.39294425e-04],
       [ 2.63801004e-02,  2.81122998e-02,  2.91978840e-02, -3.21816129e-02, -3.51857664e-02],
       [-6.27549328e-02, -2.73200660e-02, -7.80821536e-02,  2.93175483e-02,  3.30301544e-02],
       [ 1.92320882e-02,  3.51938866e-03,  3.55403824e-03,  4.40455467e-02, -2.34978375e-02],
       [-4.65729245e-02,  4.45171150e-03, -1.45993354e-02, -1.40662753e-02, -4.67579905e-04],
       [-8.22370915e-03,  2.08521709e-02, -1.17758661e-01, -1.63845819e-02,  4.26489063e-02],
       [ 1.42202733e-03, -1.75978174e-02, -9.19978667e-02, -2.98743278e-02,  4.23977310e-02],
       [-1.23604773e-02,  5.74661029e-03, -1.11274107e-02,  1.84981175e-02,  2.38116505e-02],
       [-3.51986697e-02,  1.27124587e-02,  3.79878806e-02, -1.88338421e-02, -2.05067425e-02],
       [-6.51027475e-02, -9.49874109e-02,  7.17608930e-02, -3.29721267e-03, -4.23447116e-02],
       [ 1.82719302e-02,  9.01333878e-03, -6.88565472e-02, -1.12242716e-06,  5.64681176e-03],
       [ 3.11467889e-03, -4.35158458e-02, -6.36413498e-03,  8.61766680e-04,  1.12861278e-02],
       [-1.82940443e-02, -6.94271650e-02,  1.36757517e-01, -1.66803931e-02, -3.43678247e-02],
       [-3.87675387e-02,  3.69511552e-02, -1.02660176e-02, -2.62804492e-02,  3.47570581e-03],
       [ 1.52238544e-02,  4.47738608e-02, -9.25691938e-02,  1.33174435e-03,  3.19955084e-02],
       [ 7.01316832e-03,  5.40958883e-02, -7.50137688e-02,  9.79421353e-04,  2.91735233e-02],
       [-9.21249110e-03, -4.46527789e-02,  9.88058171e-02, -8.55585817e-04, -2.46205667e-02],
       [ 4.04526659e-02,  1.95917370e-02, -7.88003137e-02,  1.29834864e-03,  4.76848798e-02],
       [-1.70901762e-02,  3.17608107e-02, -9.04660937e-02, -3.31593247e-02,  2.56034029e-02],
       [-2.86278581e-02,  7.02831641e-02, -1.63856988e-02,  5.37510893e-02,  3.53620923e-02],
       [ 2.69620908e-02, -6.53312980e-02,  1.14532519e-01,  4.97896212e-03, -3.76732851e-02],
       [-9.07475248e-03, -2.84753581e-02, -4.06820690e-02, -1.96731142e-03,  1.83713818e-02],
       [ 2.57136772e-02, -2.32232256e-02,  4.75571787e-02,  2.72544367e-02, -1.79142357e-02],
       [ 2.38577503e-02, -3.90018415e-02, -3.59953905e-03,  2.13853587e-02, -1.44316416e-02],
       [-1.99706048e-02, -2.94042900e-02, -3.18248075e-02, -4.67583497e-03,  2.25609060e-03],
       [-1.10931617e-02,  2.02708739e-02, -3.15696288e-02,  4.38246553e-02,  2.44153373e-02],
       [ 5.19603719e-02, -2.43456870e-02,  7.16320996e-02, -4.44885842e-02, -2.02045425e-02],
       [-1.17857113e-02,  3.14199460e-02, -9.61564702e-03, -2.51901765e-02,  2.97121711e-02],
       [ 2.88237407e-02, -2.12974161e-03,  1.48254060e-02,  8.47884124e-03, -2.59180184e-05],
       [ 6.53310665e-03, -6.06543223e-02,  9.59696952e-02, -1.54182771e-02, -2.24381412e-02],
       [-8.76783980e-03, -5.11813093e-02,  9.02950733e-02, -1.50278761e-02, -3.95169119e-02],
       [ 1.86919241e-02, -3.84135850e-02,  9.83055469e-03, -2.86943469e-02, -1.68369302e-02],
       [ 3.43887820e-02,  1.64005923e-02, -3.44415056e-02,  2.82597586e-02,  1.12772947e-02],
       [ 6.04771313e-02, -2.52839749e-02,  7.62500947e-02,  1.17868578e-02, -3.51064436e-02],
       [-2.40493367e-02,  9.53736077e-02, -5.21069233e-02,  8.12166409e-03, -2.92610618e-02],
       [-1.04209272e-01,  1.13169603e-01,  2.26964259e-02,  3.17248862e-03,  1.45472092e-01],
       [-1.04439214e-01, -6.78328274e-02,  1.68409757e-02,  5.80800835e-02,  1.63417238e-03],
       [ 8.52687937e-02, -7.23022643e-02, -2.55177470e-02,  4.87304834e-02, -1.03773974e-01],
       [ 9.02571637e-02, -8.67998329e-02, -2.92087468e-02,  3.99372579e-02, -7.86668827e-02],
       [-6.60106517e-02,  5.72293378e-02,  1.79502176e-03, -1.94165775e-02,  7.06418721e-02],
       [ 1.42036697e-01, -1.45532120e-02, -9.16699111e-02,  2.99533930e-02, -1.10097827e-01],
       [-1.01489520e-01, -6.30852587e-02, -1.76933947e-02,  1.06950047e-01, -7.85190740e-02],
       [-1.71084067e-01, -6.95335385e-02, -1.04586231e-01, -7.52361368e-02, -6.91193402e-02],
       [ 8.20652573e-02,  9.35701714e-02,  3.56043274e-02, -3.61098394e-02,  9.45844225e-02],
       [-5.92548531e-02,  6.44070464e-02, -3.97917837e-02,  2.17222188e-02, -4.56853745e-02],
       [ 7.14455496e-02,  2.79969028e-02,  2.93011867e-02, -6.50079776e-02,  4.17586391e-02],
       [ 1.08653127e-02,  6.18405906e-02,  7.39955314e-02, -4.75833961e-02,  1.60402063e-02],
       [-5.61108601e-02,  4.74436778e-02,  4.27854895e-02,  1.43500397e-02, -1.90702486e-02],
       [-4.64803453e-02, -2.11676550e-02, -5.54136782e-02, -7.71828570e-02, -6.88382079e-02],
       [ 9.69070422e-02,  3.35800686e-02, -1.34694805e-02,  9.11029418e-02,  6.63170834e-02],
       [-1.45820987e-02, -1.07472255e-02, -9.37171276e-02,  6.35853639e-02, -4.99762604e-02],
       [ 9.81032373e-02, -1.23468334e-02, -2.50144428e-02, -2.20627936e-02, -5.45721236e-03],
       [ 1.09884122e-02,  1.22706600e-01, -5.69358809e-04,  2.82664414e-02,  8.30248945e-02],
       [-1.15880674e-02,  7.55139357e-02,  6.67103277e-02,  6.72434447e-03,  1.08936629e-01],
       [ 2.16671093e-02,  3.51180869e-02,  5.70899640e-02,  4.65023773e-02,  3.46924408e-02],
       [ 6.15486849e-02, -4.43378378e-02, -2.49963122e-02, -5.57435537e-02, -5.25936506e-02],
       [-6.40311351e-03, -4.16478055e-02,  5.84401382e-03, -4.14581906e-03,  7.63928465e-03],
       [ 6.08645094e-02,  1.40496331e-02,  1.37450057e-01,  5.90620855e-03, -3.07923974e-02],
       [ 4.52498137e-02,  2.96139333e-02, -4.14415101e-03, -2.03288544e-02,  1.49551925e-03],
       [-3.75158801e-02, -9.60805252e-03, -9.89399396e-02, -1.58615930e-02,  3.23906800e-02],
       [-3.07065108e-02,  1.19131546e-02, -8.18670640e-02, -1.37976127e-02,  3.05223928e-02],
       [ 2.03010292e-02,  5.52265670e-03,  9.98831672e-02,  8.65089401e-03, -2.29842087e-02],
       [-6.43601225e-02, -3.28251022e-02, -8.21945794e-02, -1.31951545e-02,  3.90349372e-02],
       [ 3.13608825e-02, -5.75669466e-03, -8.23237384e-02, -2.60005373e-02,  1.85434424e-02],
       [ 7.74685821e-02,  1.05352878e-02, -2.62306702e-02,  2.68346252e-02,  3.46377420e-02],
       [-3.53152232e-02,  2.60142773e-03,  1.10524439e-01,  1.37009626e-02, -2.75010085e-02],
       [ 2.56349587e-02, -3.69809211e-02, -3.51454753e-02, -5.78789064e-03,  1.37828915e-02],
       [-4.78261943e-02,  3.51199218e-03,  4.66631191e-02,  2.69996620e-02, -1.40943717e-02],
       [-1.20959830e-02, -2.56155951e-02,  4.86868565e-03,  1.85663271e-02, -1.26110812e-02],
       [ 2.43368382e-02, -2.89073623e-02, -2.97513685e-02, -4.89032205e-03,  1.62456551e-03],
       [ 2.45638886e-02, -1.35618372e-02, -3.59016978e-02,  2.38406006e-02,  2.48190034e-02],
       [-4.71080078e-02,  1.49263851e-02,  6.50452727e-02, -1.81658933e-02, -2.03648977e-02],
       [ 2.02595491e-02, -6.95674930e-03, -1.25140121e-02, -3.04881290e-02,  2.41186016e-02],
       [-4.64220921e-02, -2.26600610e-03,  1.69434069e-02,  8.64728048e-03,  5.24113954e-04],
       [-1.23169888e-02, -1.33216605e-02,  1.13061089e-01, -5.19030132e-03, -2.91256717e-02],
       [ 6.18515968e-03,  1.82723324e-02,  9.72011552e-02,  1.81108591e-03, -4.37549464e-02],
       [-2.42314514e-02, -7.15044933e-03,  1.86916449e-02, -1.80439052e-02, -1.74861278e-02],
       [-2.67132843e-02, -6.60458169e-03, -4.41217015e-02,  1.97980484e-02,  1.41792231e-02],
       [-1.17796787e-02,  1.91057335e-01, -4.91164339e-02,  5.81826241e-03, -2.75232083e-02],
       [ 1.91534545e-03,  7.05649135e-03,  5.87338400e-03, -1.27245783e-02,  9.29910788e-04],
       [ 5.87698890e-03, -1.21896630e-01,  3.92475460e-02, -9.61385202e-03,  1.42967958e-02],
       [-2.06715549e-03, -9.16014570e-02,  3.98872002e-02, -1.34474994e-02,  1.83142290e-02],
       [ 5.62976270e-03,  1.03920758e-01, -3.32843343e-02,  5.94070096e-03, -2.25060201e-02],
       [-4.79680570e-03, -1.12945239e-01,  3.50209124e-02, -4.26021689e-03,  2.69961260e-03],
       [ 8.28290608e-03, -7.93223647e-02,  3.60907200e-02, -2.49421060e-02,  1.06344727e-02],
       [-4.28454248e-03, -1.04334528e-01,  3.33532732e-02,  2.10266493e-03,  1.55083956e-02],
       [ 3.72180508e-03,  1.29242905e-01, -4.80629908e-02,  7.10630549e-03, -2.33889810e-02],
       [-1.40844489e-03, -3.77277088e-02,  1.69202086e-02, -3.63189070e-03,  1.04554158e-03],
       [ 1.61122873e-02,  5.03339264e-02, -2.48864543e-02,  6.21772450e-03, -6.14198869e-03],
       [ 4.94253797e-03,  7.19823040e-03, -2.31248415e-02,  7.78461943e-03, -6.19705525e-03],
       [-1.34178523e-04, -1.87764025e-02, -4.78726453e-03,  2.34021965e-03, -3.32460301e-03],
       [-4.39013998e-03, -8.11696390e-02,  1.44531749e-02, -2.61786997e-03,  9.25754362e-03],
       [ 4.29474071e-03,  9.61543405e-02, -1.07159389e-02, -1.05663175e-02, -1.57403874e-02],
       [-7.14122208e-03, -6.24057360e-02,  3.05703979e-02, -8.07517891e-03,  2.10889254e-03],
       [ 2.63220126e-03, -2.56664545e-03, -3.67176864e-03,  2.66729689e-03, -3.12037335e-03],
       [ 5.39368720e-03,  1.06264482e-01, -2.30095050e-02, -7.43677444e-03, -3.36370866e-02],
       [-6.05062425e-03,  1.44340709e-01, -3.97265830e-02,  1.46139825e-03, -1.92754750e-02],
       [ 1.09765034e-02,  5.74534839e-02, -1.90691029e-02,  2.29892734e-04, -9.51957443e-03],
       [ 3.46084840e-03, -5.95446124e-02,  8.27995802e-03,  5.26539267e-03,  9.41271802e-03],
       [-1.01995267e-01, -1.27664487e-01,  1.61929922e-02,  8.98210243e-02, -1.86459002e-02],
       [ 5.62612243e-02,  2.29728896e-02,  5.72030742e-02,  3.71226574e-02, -1.50266555e-01],
       [ 4.97959068e-02, -6.59475583e-02,  2.65355256e-02,  3.69784184e-02, -1.43874149e-01],
       [-4.02005944e-02, -2.47803811e-03, -7.22133694e-02, -4.74996894e-03,  9.61817108e-02],
       [ 1.05846503e-01,  1.16033820e-01, -2.90237349e-02,  1.32322570e-02, -1.58547006e-01],
       [-6.05628957e-02,  6.16113400e-03,  4.70957864e-02,  1.28309006e-01, -1.01734093e-01],
       [-1.27024236e-01, -4.69452690e-02, -1.11863199e-01, -1.28482189e-01, -1.04524255e-01],
       [ 6.11110010e-02,  2.24213188e-02, -4.79498448e-02, -2.55349606e-02,  1.40608198e-01],
       [-4.35427935e-02,  1.53210912e-01, -8.23028850e-03,  1.56074102e-02, -6.66528639e-02],
       [ 5.29264503e-02, -7.87323445e-03,  7.87088103e-03, -9.14647291e-02,  5.51946793e-02],
       [ 4.46667406e-02,  1.03579893e-01,  9.46746757e-02, -6.99347121e-02,  6.09699963e-02],
       [-5.46842508e-02,  1.14952186e-01,  8.27194221e-02,  1.30575328e-02, -1.15443975e-02],
       [-2.13538167e-02,  4.10887086e-02, -3.26412723e-02, -1.21286362e-01, -8.28404498e-02],
       [ 1.01286109e-01, -3.82683671e-02, -7.59212451e-02,  1.45525084e-01,  7.14919889e-02],
       [-1.60629235e-03,  2.76883668e-02, -1.15937278e-01,  8.87897038e-02, -7.90824614e-02],
       [ 8.59605047e-02,  4.18335213e-03, -3.49251154e-02, -3.10240757e-02,  1.14504409e-02],
       [ 8.83536430e-03,  8.73122860e-02, -8.78265397e-02,  6.67263195e-02,  1.15898465e-01],
       [-1.83629343e-02, -3.21184241e-02, -4.90996869e-03,  3.43702734e-02,  1.29203923e-01],
       [ 2.16618729e-02,  2.86479408e-02,  6.72329999e-02,  7.53381090e-02,  4.94755595e-02],
       [ 8.54832892e-02,  9.09095903e-03,  8.11176389e-03, -8.48320539e-02, -4.44654733e-02],
       [ 9.07970261e-02,  8.84226805e-02, -8.09565627e-03, -6.65637284e-02, -2.54372718e-04],
       [ 5.02656298e-02,  6.29324517e-02, -6.82109048e-03, -5.28470125e-02, -7.16805642e-03],
       [-4.43690197e-02, -7.17073976e-02,  1.37878911e-02,  6.34263248e-02, -7.44891174e-03],
       [ 1.04762838e-01,  9.02749198e-02, -7.91734852e-03, -6.19351795e-02,  2.70598607e-03],
       [-9.81340409e-02,  6.31578369e-02, -6.83923965e-03, -4.66044217e-02, -7.52373459e-03],
       [-1.40802259e-01,  6.61363763e-02,  8.19007000e-03, -2.43145286e-02,  1.49103656e-02],
       [ 8.97878204e-02, -9.85126049e-02,  1.50119869e-02,  8.07562884e-02, -6.09356214e-03],
       [-3.63951917e-02,  2.02806176e-02,  4.90739579e-04, -2.79842310e-02, -1.31458110e-03],
       [ 7.77721245e-02, -4.31649230e-02,  7.64246117e-03,  3.75504009e-02,  1.00728496e-03],
       [ 2.14221810e-02, -1.84400102e-02,  2.33085370e-03,  1.41029060e-02,  5.69694493e-03],
       [-5.86489483e-02,  1.08811165e-02, -4.68672635e-03, -1.21275559e-02,  1.36328959e-03],
       [-4.08024626e-02,  4.40725170e-02,  2.40756435e-03, -1.78800312e-02,  1.11833736e-02],
       [ 1.04140732e-01, -5.57499012e-02,  1.32654328e-02,  2.14520311e-02, -2.03498378e-02],
       [-3.81505051e-02,  4.74440214e-02, -3.82457311e-03, -3.52381851e-02, -2.39614236e-03],
       [ 1.01078469e-01, -3.08893715e-05,  4.10442433e-03,  1.44362232e-02,  7.57555085e-03],
       [ 1.94910318e-02, -8.62422353e-02,  1.81331277e-02,  5.84671610e-02, -1.44712804e-02],
       [-2.91051600e-02, -9.59863459e-02,  7.00172519e-03,  6.55840633e-02, -2.27797086e-02],
       [ 3.89952016e-02, -3.27858977e-02, -2.08003079e-03,  1.53790617e-02, -6.36558135e-03],
       [ 6.89860710e-02,  3.68061349e-02, -2.51978059e-03, -1.49148139e-02,  1.21534788e-02],
       [-4.48530478e-02,  3.91088844e-02,  2.98990878e-03, -5.85493712e-02,  7.78621840e-02],
       [ 3.40008248e-02, -1.48409904e-03,  4.57659950e-02,  5.06229500e-02, -9.00782110e-02],
       [-1.13148768e-01, -5.91588874e-02,  3.35053334e-02, -4.96299448e-02,  9.37724057e-02],
       [ 4.45887945e-02,  1.11488401e-02, -1.48646432e-02, -1.18760226e-01,  6.01059724e-02],
       [ 9.55660344e-02,  1.05446652e-02,  7.47134693e-02,  6.10798230e-02,  8.55683888e-02],
       [-5.12503337e-02, -2.26978048e-02,  2.01439334e-02,  7.07346081e-02, -1.02594661e-01],
       [ 3.87472352e-02, -9.32475384e-02,  1.79852634e-02, -2.69957139e-02,  3.85210235e-02],
       [-5.90289197e-02, -5.13804449e-03, -1.09154832e-02,  9.28863239e-02, -4.40795159e-02],
       [-2.59620156e-02, -7.44807636e-02, -7.53308034e-02,  6.22589667e-02, -2.38251630e-02],
       [ 3.64659672e-02, -6.42923413e-02, -5.05232125e-02, -6.24215492e-03,  1.47579215e-03],
       [ 3.06204246e-02, -4.48982536e-02,  2.02340335e-02,  6.88688985e-02,  7.54405031e-02],
       [-8.83175642e-02,  3.77824157e-02,  6.54372776e-02, -8.43858541e-02, -8.55783349e-02],
       [ 1.28611671e-02, -1.21938606e-02,  8.83612087e-02, -8.31538478e-02,  4.31352330e-02],
       [-5.47290124e-02, -7.18327168e-03,  1.66480550e-02,  2.45182024e-02,  5.50543825e-03],
       [-1.15844876e-02, -6.05338901e-02,  6.53082167e-02, -4.15989979e-03, -1.13190979e-01],
       [ 6.89288619e-03,  2.39868592e-02, -4.26350949e-03,  2.70350732e-02, -1.19072546e-01],
       [-1.90729154e-02, -5.90853297e-03, -4.42882422e-02, -3.89061931e-02, -4.32767227e-02],
       [-5.65420365e-02, -1.36630823e-02, -1.07981584e-02,  4.86385837e-02,  5.28102599e-02],
       [ 2.01933767e-02, -4.87412145e-02,  2.64968820e-02,  4.53246204e-02, -8.04078186e-02],
       [-7.29873986e-02, -4.08645883e-03,  5.44768841e-02, -5.47895828e-02,  1.00290868e-01],
       [ 4.28910577e-02,  4.10605895e-02, -5.72188556e-04, -9.94509586e-02,  5.55236024e-02],
       [ 6.73771377e-02,  4.09701577e-02,  7.42443406e-02,  4.58732666e-02,  7.64309139e-02],
       [-5.63217261e-02, -7.97534473e-02,  1.27681095e-04,  7.11140759e-02, -1.04569054e-01],
       [ 1.86959257e-02, -6.15822390e-02,  2.14999474e-02, -2.11506040e-02,  3.01274876e-02],
       [-4.57936220e-02, -2.88861493e-02, -1.92444810e-02,  8.02778696e-02, -4.42282236e-02],
       [-2.34030661e-02, -5.91330025e-02, -6.52099514e-02,  4.85516585e-02, -1.34768639e-02],
       [ 4.30322244e-02, -4.26598596e-02, -4.12824896e-02, -1.49059184e-02,  1.45867663e-02],
       [ 1.86549897e-02, -1.05146522e-02,  2.43633979e-02,  5.59586429e-02,  6.08807275e-02],
       [-9.02354375e-02, -1.57836036e-02,  4.77922279e-02, -7.33666382e-02, -8.60756317e-02],
       [ 2.52346484e-02,  1.04741579e-02,  9.04099948e-02, -8.30885086e-02,  4.65175345e-02],
       [-4.82475449e-02,  2.93879219e-03,  1.67561188e-02,  2.23742382e-02,  9.07266060e-03],
       [-1.02424786e-02, -1.02827716e-01,  4.20530266e-02, -2.44137716e-03, -9.99904560e-02],
       [ 1.74483272e-02, -4.42589626e-02, -2.55884041e-02,  2.81260257e-02, -1.16545875e-01],
       [-2.58811928e-02, -2.64539435e-02, -4.47684630e-02, -2.90738510e-02, -4.27132509e-02],
       [-4.96652394e-02,  1.63500961e-02, -3.66176618e-03,  4.13312844e-02,  4.97881277e-02],
       [ 3.06505854e-02,  6.32788624e-02, -1.35198251e-02,  3.59066920e-02, -1.06672286e-01],
       [-2.18907327e-02, -9.42920103e-03,  3.75300640e-02,  9.85290215e-02, -5.61076403e-02],
       [-7.14301514e-02, -2.65336772e-02, -6.57561996e-02, -7.40173099e-02, -7.58778135e-02],
       [ 2.71796748e-02,  1.96015135e-02, -4.22513396e-02, -4.10478432e-02,  7.48713714e-02],
       [-2.18423864e-02,  8.05482278e-02, -5.12525941e-03,  1.74011922e-02, -3.88571921e-02],
       [ 3.64693351e-02,  1.71620979e-04, -5.66634850e-03, -7.48623461e-02,  3.44041232e-02],
       [ 2.21377775e-02,  6.25356073e-02,  5.71896915e-02, -5.64500425e-02,  2.82254991e-02],
       [-2.27438185e-02,  6.17251762e-02,  5.24023241e-02,  1.21251192e-02, -1.00070918e-02],
       [-9.42060960e-03,  2.59803317e-02, -1.26302355e-02, -7.42463625e-02, -6.54796904e-02],
       [ 5.24087343e-02, -2.73646740e-02, -6.43871285e-02,  8.91389309e-02,  5.52416238e-02],
       [-6.79633863e-03,  9.06672527e-03, -6.97043583e-02,  7.51863736e-02, -5.19793932e-02],
       [ 3.54096941e-02,  2.64935322e-03, -1.71153997e-02, -2.22113673e-02, -1.89577728e-03],
       [ 8.40783417e-03,  4.66471693e-02, -6.78689121e-02,  2.10932635e-02,  6.45292189e-02],
       [-1.64983587e-02, -1.10923388e-02, -1.52360274e-02, -2.32503204e-03,  7.94667250e-02],
       [ 2.03695784e-02,  1.36335224e-02,  3.63314092e-02,  4.36336633e-02,  3.86084080e-02],
       [ 3.74663691e-02,  4.47083913e-03,  1.26675887e-02, -5.16598380e-02, -3.76733292e-02],
       [ 8.59390305e-02, -2.51915751e-02,  2.56124896e-02, -1.01296340e-01,  6.92975428e-02],
       [ 1.82118187e-01, -2.77810448e-02,  1.16759893e-01,  6.51644896e-02,  8.15155229e-02],
       [-8.18014668e-02,  4.21616384e-02, -4.78349762e-02,  4.79871756e-02, -1.10347945e-01],
       [ 4.91870876e-02, -9.41946965e-02,  3.17174403e-02, -1.79358088e-02,  3.14748422e-02],
       [-7.98777758e-02,  1.73166121e-02, -3.63041206e-02,  6.94144141e-02, -3.88236491e-02],
       [-4.86525813e-02, -6.52109395e-02, -9.68806131e-02,  5.20769647e-02, -2.47028464e-02],
       [ 5.48804667e-02, -6.39792679e-02, -5.92380362e-02, -7.05924398e-03,  1.20179715e-03],
       [ 2.98941512e-02, -6.39086178e-02,  4.52093099e-02,  6.76409144e-02,  6.60576301e-02],
       [-1.23556387e-01,  7.20127728e-02,  2.76360947e-02, -8.62259500e-02, -7.40995701e-02],
       [ 1.52814350e-02, -3.59400951e-02,  1.10289440e-01, -7.21622680e-02,  4.27677000e-02],
       [-1.22624636e-01, -2.89283247e-03,  1.46054557e-02,  2.77629269e-02, -7.50675315e-03],
       [-2.10076637e-02,  3.22901879e-03, -1.19680820e-03, -2.16373425e-02, -1.19939131e-01],
       [ 3.97812475e-02,  8.39365471e-02, -6.25920788e-02,  6.47393962e-03, -1.07332668e-01],
       [-5.12532532e-02,  1.71772320e-02, -7.20041960e-02, -4.08773670e-02, -4.76135111e-02],
       [-9.36354359e-02, -3.75127966e-02,  1.47059201e-02,  5.16257982e-02,  5.09684273e-02],
       [-1.09695120e-01,  1.67700678e-02,  8.13489762e-02, -2.04653201e-03,  8.83064921e-02],
       [ 5.39149356e-02, -3.18227383e-02,  2.66962674e-02,  1.45667203e-01, -7.61373650e-02],
       [-4.59524311e-02, -5.39129055e-02,  1.39021947e-02, -3.58576965e-02,  2.04299908e-02],
       [ 7.25581128e-02, -8.62421786e-03, -1.84921994e-03,  9.36223724e-02, -2.00711276e-02],
       [ 3.45195894e-02, -5.56483150e-02, -5.53702899e-02,  4.89872395e-02, -1.32813128e-02],
       [-3.92276812e-02, -4.40899912e-02, -4.66463723e-02, -1.94235898e-02,  1.32613608e-03],
       [-3.08852028e-02, -3.33859372e-02,  2.12022216e-02,  2.13765836e-02,  6.72960097e-02],
       [ 7.92512923e-02,  3.30055877e-02,  6.39513267e-02, -1.99912037e-02, -7.66752568e-02],
       [-1.20698859e-02,  5.37499383e-03,  8.14636977e-02, -1.14750824e-01,  3.22240529e-02],
       [ 5.75585267e-02, -1.24049958e-02,  1.62850370e-02,  4.54922436e-02,  4.00042299e-03],
       [ 1.39409980e-02, -4.38101900e-02,  6.70392439e-02,  6.78185043e-02, -8.64747502e-02],
       [-1.58056612e-02,  9.60643052e-03,  1.48261555e-03,  1.02892686e-01, -9.16884378e-02],
       [ 3.15942763e-02, -5.06068346e-03, -4.44496994e-02, -1.77010420e-03, -4.44369750e-02],
       [ 6.13636577e-02, -1.41580462e-02, -1.18244097e-02,  1.46982102e-02,  4.55915144e-02],
       [ 1.31183082e-01, -4.83905189e-02, -1.10963438e-01, -8.63966169e-02, -9.76949861e-02],
       [-4.96113475e-02, -7.78864476e-02,  5.73795650e-02,  2.29333376e-02,  4.35596009e-02],
       [ 1.03295903e-01, -1.17045553e-02, -7.58115792e-02, -5.42779695e-03, -5.02029281e-02],
       [ 4.56997482e-02, -5.03584571e-02, -7.90584816e-02,  1.63359549e-02, -2.68388662e-02],
       [-7.28156943e-02, -5.13085652e-02, -1.83462991e-02,  1.22569782e-02,  1.61920748e-02],
       [-7.35648970e-02,  7.14368251e-03,  5.14247517e-02,  7.62769017e-02,  3.03635751e-02],
       [ 1.84265199e-01, -3.01994949e-02, -3.16439329e-02, -1.14943608e-01, -3.74673927e-02],
       [-5.86418800e-02, -2.15509974e-02,  8.93190476e-02,  2.27751165e-03,  4.38861115e-02],
       [ 1.27662558e-01,  6.29718705e-03,  2.65692226e-03, -5.73763708e-03, -1.06731389e-02],
       [ 2.46907273e-02, -1.02054802e-01, -7.45088357e-02, -1.17086281e-01, -7.47707104e-02],
       [-1.61370912e-02, -2.91607373e-02, -1.08071621e-01, -9.87129941e-02, -7.41733344e-02],
       [ 6.99228410e-02, -2.71881183e-02, -5.06874239e-02, -5.07411942e-02, -1.60823114e-02],
       [ 9.85564722e-02,  2.37820437e-02,  3.22593247e-02,  5.77879753e-02,  2.35941082e-02],
       [ 4.15286677e-02,  9.43750723e-02, -2.11860249e-02,  2.88257226e-02, -4.84923348e-02],
       [-5.62579309e-02,  1.30736446e-02,  7.70765500e-03, -1.00000738e-01,  4.23928763e-02],
       [-3.61703375e-02,  7.84280927e-02,  8.32382428e-02, -6.34544222e-02,  2.14741870e-02],
       [ 3.28046069e-02,  7.09229297e-02,  6.74278515e-02,  2.17152044e-02, -1.70684211e-02],
       [ 2.04520180e-02,  1.72949818e-02, -3.86685829e-02, -8.72291096e-02, -9.48291123e-02],
       [-8.72127624e-02, -2.01170869e-02, -5.76628067e-02,  1.05804579e-01,  7.77340010e-02],
       [ 5.99580710e-03, -1.93459578e-03, -1.05065370e-01,  9.96040965e-02, -6.05270851e-02],
       [-7.79060326e-02,  5.64047006e-03, -2.43717224e-02, -3.28272409e-02,  1.87609260e-03],
       [-1.45722391e-02,  7.82845413e-02, -5.67899876e-02,  1.65834184e-02,  9.25454802e-02],
       [ 1.14148730e-02,  6.24497963e-03,  1.43026460e-02, -1.50722113e-02,  1.06143574e-01],
       [-2.76648166e-02,  2.73158312e-02,  6.34225525e-02,  5.11342278e-02,  5.35550204e-02],
       [-6.11226404e-02, -1.23629819e-03,  2.92000452e-03, -6.11221934e-02, -5.40498724e-02],
       [ 2.69067765e-02,  4.21625617e-02, -1.94732052e-02,  3.87086549e-02, -1.77886060e-02],
       [ 1.61430198e-02, -9.46467398e-03, -4.16043498e-02,  2.25339660e-02, -8.49024588e-03],
       [-2.58447147e-02, -2.78215780e-02, -2.24757265e-02, -3.20072613e-03,  4.36231295e-04],
       [-1.90144084e-02, -6.98125613e-02,  1.27457767e-02,  1.78774608e-02,  2.79412691e-02],
       [ 6.23621038e-02,  8.62219538e-02,  1.76990167e-02, -2.82650772e-02, -3.78614918e-02],
       [-1.82643563e-02, -4.94832705e-02,  5.70823988e-02, -3.69135214e-02,  1.87078164e-02],
       [ 4.70306542e-02, -3.05217068e-03,  5.98628527e-03,  1.25809890e-02,  5.01411496e-04],
       [ 8.68573316e-03,  7.92225761e-02,  7.10043965e-03, -1.21400566e-03, -5.16804854e-02],
       [-9.89970286e-03,  1.17346281e-01, -2.84034919e-02,  1.21188512e-02, -5.18253516e-02],
       [ 2.24279763e-02,  4.30821700e-02, -2.79156002e-02, -9.63935626e-03, -2.29850761e-02],
       [ 3.56279904e-02, -4.95699874e-02,  1.15059509e-03,  1.76960868e-02,  2.30052410e-02],
       [-2.99852032e-02,  3.42485584e-02,  3.57151069e-02, -3.18017451e-02,  9.13941748e-03],
       [ 4.16650687e-02,  2.97383117e-02,  2.84444970e-02,  1.61197649e-02, -1.23510548e-03],
       [ 1.84786518e-02,  2.07941888e-02, -3.54211220e-02, -1.44107519e-02, -4.35692160e-02],
       [-9.19547559e-02, -2.37568033e-02, -1.72611150e-02,  1.46798611e-02,  3.87709147e-02],
       [ 9.00805156e-03, -1.32917346e-03, -5.75768256e-02,  7.25333177e-02, -1.73317267e-02],
       [-7.90334329e-02,  5.19967876e-03, -9.33809481e-03, -2.57454278e-02,  1.03459815e-03],
       [-8.69877344e-03,  2.31136109e-02, -1.56229849e-02, -4.77393486e-02,  4.84056698e-02],
       [ 1.01452302e-02, -7.59357971e-03,  2.21027340e-02, -6.59537726e-02,  4.13622233e-02],
       [-2.41529901e-02,  2.13055198e-03,  4.15702811e-02,  3.87072142e-03,  2.55744937e-02],
       [-5.91041232e-02,  8.92791484e-03, -8.07544521e-03, -8.83695377e-03, -2.66796986e-02],
       [ 1.59042051e-02, -3.04921795e-03,  2.42671683e-03,  1.32330437e-02, -5.70731974e-03],
       [ 2.22010629e-02, -3.20536048e-02, -5.48862333e-02,  5.02845413e-03, -2.69488477e-02],
       [-1.64325242e-02,  4.06507180e-02,  3.61431226e-02, -2.39768526e-03,  3.29055830e-02],
       [ 1.38348935e-02, -3.73975910e-02, -5.33249211e-02,  3.77770319e-02, -9.33066539e-03],
       [-2.04521357e-02,  4.14158423e-03,  2.75418168e-03, -1.74383001e-02, -3.94254503e-03],
       [-4.66161478e-03,  6.71064281e-02,  6.43483390e-02, -4.59041351e-02,  2.83376065e-02],
       [ 1.20711187e-03,  7.65397757e-02,  8.80061821e-02, -5.37286395e-02,  3.49070426e-02],
       [-5.76255098e-03,  3.04727592e-02,  5.18410146e-02, -6.02876643e-03,  1.62256019e-02],
       [-5.31898398e-03, -2.47692093e-02, -3.09701765e-02,  6.55768226e-03, -2.04338402e-02],
       [-2.27336890e-02, -5.12870748e-02, -2.65914795e-02,  6.51471365e-03,  8.12715583e-03],
       [ 5.60797282e-02,  6.49322021e-02,  4.37650381e-02, -3.91063697e-03, -7.18057400e-03],
       [-1.14533405e-02, -2.90679866e-02, -1.30342168e-02, -1.07807213e-02,  3.50245710e-03],
       [ 5.17600002e-02, -4.18525927e-03,  4.74717138e-03,  4.04099026e-03, -1.01693938e-03],
       [ 9.24497155e-03,  6.94826681e-02,  6.23485717e-02,  9.54242586e-03, -1.47986320e-02],
       [-7.16975661e-03,  8.60222375e-02,  5.84396741e-02,  9.52081698e-03, -1.12465173e-02],
       [ 2.29224015e-02,  3.08288178e-02,  1.36854800e-02, -3.65388579e-03, -7.41260405e-03],
       [ 3.03124363e-02, -3.75211724e-02, -2.22919219e-02,  1.23454503e-03,  4.55674132e-03],
       [ 5.46064144e-02,  8.34486837e-03,  8.41123015e-05, -8.11790277e-02, -2.82072835e-02],
       [ 1.13061408e-03, -3.84543104e-02,  6.34461104e-02,  1.59917982e-02,  4.27354494e-02],
       [ 4.14133104e-02,  7.65207628e-03,  1.09581341e-02, -2.83237025e-03, -7.93143861e-03],
       [ 2.97365803e-03, -2.63193794e-02, -1.72668820e-02, -1.04264018e-01, -6.44347078e-02],
       [-1.23756364e-02,  3.53520545e-02, -4.89556233e-02, -9.99927003e-02, -7.20813527e-02],
       [ 1.06630655e-02, -8.88154718e-03, -2.97197190e-02, -4.38843268e-02, -1.50886106e-02],
       [ 3.33394669e-02, -9.88426795e-04,  8.99351892e-03,  4.61126209e-02,  1.63725731e-02],
       [ 1.55073893e-02,  3.38637792e-02, -2.91382979e-02, -2.75900553e-02, -5.47185021e-02],
       [-9.59233501e-02, -7.52627665e-03, -2.54114077e-02,  1.10888561e-02,  1.36726952e-02],
       [-2.51342890e-02,  2.03773490e-02, -5.13096610e-02,  1.07331400e-01,  4.36436002e-02],
       [ 1.40731996e-02, -3.28825159e-02, -3.31614648e-02,  1.12344906e-01,  5.45438911e-02],
       [-3.35508552e-02,  1.97038662e-02,  1.66390652e-02,  6.85752242e-02,  1.96603015e-02],
       [-6.64037475e-02,  1.39826439e-03,  1.03496624e-02, -5.63563458e-02, -1.22941273e-02],
       [ 2.25510579e-02, -3.23450223e-03, -7.63281827e-04,  2.31769659e-02,  2.29926778e-04],
       [ 1.78115315e-03, -3.08836624e-02, -6.35544674e-02,  3.97763968e-02, -7.60927345e-02],
       [-7.15453404e-03,  2.22997349e-02, -9.96301509e-02,  6.18966711e-02, -5.59410279e-02],
       [-1.39922944e-03,  1.32274527e-02, -5.93398633e-02, -2.37760520e-03, -2.45683863e-02],
       [ 2.67239534e-02, -1.36274047e-02,  4.16319255e-02,  8.85841670e-03,  3.56629903e-02],
       [-1.66451781e-02, -2.61182431e-04, -2.89139222e-02, -1.64346750e-02,  6.85160419e-03],
       [ 2.15936830e-02, -3.63614677e-04, -1.66288793e-02, -2.01171529e-02,  1.78747840e-02],
       [-3.12469328e-02, -6.54064957e-03, -6.59762395e-03, -8.04841454e-04,  3.75681336e-03],
       [-6.66217444e-02, -4.28381688e-04,  9.03923269e-03, -2.04054066e-03, -8.22565371e-03],
       [ 4.15575488e-03,  5.58941822e-02, -1.95095248e-02,  5.23325141e-02,  8.98618422e-02],
       [-2.79784659e-03,  5.93788108e-02,  4.21603611e-02,  7.02804729e-02,  3.94019312e-02],
       [-1.05190075e-02, -1.98454075e-02,  5.10957679e-03, -6.34389771e-02, -2.95878436e-02],
       [ 4.55344273e-03,  1.78697061e-02,  6.87583032e-02,  6.30897554e-02,  4.44961919e-02],
       [ 6.67346179e-03,  1.16218210e-02, -1.14346367e-02, -6.83765544e-02, -4.14408722e-02],
       [-2.65957650e-02, -1.83134306e-02, -2.26289380e-02, -3.77025044e-02, -1.30413058e-02]])})
2026-01-20 11:02:09,675 - final_problem_set.kxor_instance_n29_k2_m245_ell2_eps0.25_kappa1.0_rho0.2 - INFO - Running key extraction (n=29, m=245, ell=2, phase_qubits=13)
2026-01-20 11:02:09,682 - final_problem_set.kxor_instance_n29_k2_m245_ell2_eps0.25_kappa1.0_rho0.2 - INFO - Built voting matrix V (n=29, ell=2, dtype=complex128) in 0.007s
2026-01-20 11:02:09,683 - final_problem_set.kxor_instance_n29_k2_m245_ell2_eps0.25_kappa1.0_rho0.2 - INFO - Eval: adv=0.2653, hamming=11/29 (0.379), corr=0.241
2026-01-20 11:02:09,683 - final_problem_set.kxor_instance_n29_k2_m245_ell2_eps0.25_kappa1.0_rho0.2 - INFO - Key extraction complete: x_hat=8
2026-01-20 11:02:09,683 - final_problem_set.kxor_instance_n29_k2_m245_ell2_eps0.25_kappa1.0_rho0.2 - INFO - Finished step 'KeyExtractionStep' in 0.008s (success: True, problem=kxor_instance_n29_k2_m245_ell2_eps0.25_kappa1.0_rho0.2)
2026-01-20 11:02:09,683 - final_problem_set.kxor_instance_n29_k2_m245_ell2_eps0.25_kappa1.0_rho0.2 - INFO - SUCCESS: len(z_hat)=29
2026-01-20 11:02:09,683 - final_problem_set.kxor_instance_n29_k2_m245_ell2_eps0.25_kappa1.0_rho0.2 - INFO - Metrics: adv=0.2653061224489796, ham_frac=0.3793103448275862, corr=0.2413793103448276
2026-01-20 11:02:09,683 - final_problem_set.kxor_instance_n29_k2_m245_ell2_eps0.25_kappa1.0_rho0.2 - INFO - z_hat (full): [ 1, -1, -1,  1, -1,  1, -1, -1,  1, -1, -1, -1,  1, -1, -1, -1,  1, -1,  1,  1, -1, -1,  1, -1,  1,  1,  1,  1, -1]
