2026-01-20 11:00:36,401 - final_problem_set.kxor_instance_n16_k2_m222_ell2_eps0.2_kappa0.625_rho0.2 - INFO - Starting iteration for /Users/julian/CodingProjects/UniT3/QuarticSpeedupK-XOR/z_Daphne/data/final_problem_set/kxor_instance_n16_k2_m222_ell2_eps0.2_kappa0.625_rho0.2.npz
2026-01-20 11:00:36,403 - final_problem_set.kxor_instance_n16_k2_m222_ell2_eps0.2_kappa0.625_rho0.2 - INFO - Loaded instance (n=16, m=222, k=2)
2026-01-20 11:00:36,403 - final_problem_set.kxor_instance_n16_k2_m222_ell2_eps0.2_kappa0.625_rho0.2 - INFO - Starting step 'ComputeKikuchiStep' (version 0.1) on problem kxor_instance_n16_k2_m222_ell2_eps0.2_kappa0.625_rho0.2 (fields={'ell': 2, 'threshold': 0.0})
2026-01-20 11:00:36,423 - final_problem_set.kxor_instance_n16_k2_m222_ell2_eps0.2_kappa0.625_rho0.2 - INFO - Finished step 'ComputeKikuchiStep' in 0.020s (success: True, problem=kxor_instance_n16_k2_m222_ell2_eps0.2_kappa0.625_rho0.2)
2026-01-20 11:00:36,423 - final_problem_set.kxor_instance_n16_k2_m222_ell2_eps0.2_kappa0.625_rho0.2 - INFO - Starting step 'ClassicalEigenvaluesStep' (version 0.1) on problem kxor_instance_n16_k2_m222_ell2_eps0.2_kappa0.625_rho0.2 (fields={'ell': 2, 'threshold': 0.0, 'kikuchi_matrix': <Dictionary Of Keys sparse matrix of dtype 'int64'
	with 2884 stored elements and shape (120, 120)>, 'num_eigenvalues': 5})
2026-01-20 11:00:36,472 - final_problem_set.kxor_instance_n16_k2_m222_ell2_eps0.2_kappa0.625_rho0.2 - INFO - Finished step 'ClassicalEigenvaluesStep' in 0.049s (success: True, problem=kxor_instance_n16_k2_m222_ell2_eps0.2_kappa0.625_rho0.2)
2026-01-20 11:00:36,472 - final_problem_set.kxor_instance_n16_k2_m222_ell2_eps0.2_kappa0.625_rho0.2 - INFO - Starting step 'KeyExtractionStep' (version 0.1) on problem kxor_instance_n16_k2_m222_ell2_eps0.2_kappa0.625_rho0.2 (fields={'ell': 2, 'threshold': 0.0, 'kikuchi_matrix': <Dictionary Of Keys sparse matrix of dtype 'int64'
	with 2884 stored elements and shape (120, 120)>, 'num_eigenvalues': 5, 'eigenvalues': array([-10.55527847, -10.1779798 ,   9.91831543,  11.29908829,  11.82810681]), 'eigenvectors': array([[-6.13171142e-02, -4.01333589e-02, -7.13155009e-02,  9.37935437e-02, -9.78070587e-02],
       [-3.08443601e-02, -8.35967739e-03,  5.15134455e-02,  8.51768183e-03, -1.76914636e-01],
       [-7.06552124e-02, -6.40361504e-02, -1.14041698e-01,  1.20673915e-01,  8.28077622e-02],
       [-7.25047486e-03, -3.55172659e-02, -1.92900740e-02,  5.02193665e-03, -1.58038448e-01],
       [-2.29023741e-02, -5.21015424e-02, -1.97687601e-02, -5.64629086e-02,  1.79893835e-01],
       [ 6.55092609e-02,  3.16047071e-02, -1.07234030e-01,  1.07576618e-01,  9.72347043e-02],
       [ 7.96475466e-02,  7.56450292e-02,  1.19695451e-01, -8.33938467e-02, -5.88536135e-02],
       [-8.92097546e-02, -3.98180324e-02, -6.62691889e-02, -1.14913431e-02,  3.14630937e-02],
       [-1.68726596e-02, -1.95584739e-02,  5.10050903e-02, -1.67461644e-02, -1.76360853e-01],
       [ 5.71955562e-02,  8.19445866e-02, -1.52751779e-01,  8.99796120e-02,  4.55706505e-02],
       [-8.27326117e-02, -1.08109939e-02,  1.29864482e-01, -9.84580015e-02,  1.39592700e-01],
       [ 9.26077505e-03, -3.98953753e-02,  9.07125521e-02, -3.43542395e-02, -9.96320499e-02],
       [ 4.71769099e-02,  4.72923272e-02,  1.27857377e-01, -1.56723444e-01, -5.31780776e-02],
       [-5.23677284e-02, -6.95217923e-02,  7.79606396e-02, -1.31445456e-01,  1.07405368e-01],
       [ 8.01635588e-02,  7.30048994e-02, -3.47170194e-02, -6.04575758e-03,  1.60346340e-01],
       [ 6.77625120e-02, -9.39872779e-02,  3.47283105e-02,  1.51465099e-01, -6.90606501e-02],
       [ 1.45396478e-01, -8.69340421e-02,  9.81211365e-02,  2.46992189e-02,  9.58029456e-02],
       [ 9.90785376e-02,  8.62315941e-02,  4.37248636e-02,  1.31203808e-01, -7.36907257e-02],
       [ 1.10141778e-01,  2.09111091e-02, -1.03476056e-01, -1.61788346e-01,  5.54994814e-02],
       [-4.59910834e-02,  1.55887961e-01,  9.51059904e-02,  1.11522412e-02,  9.91796111e-02],
       [-1.20658584e-01,  1.45463379e-01, -8.95245128e-02, -7.25783154e-03, -5.04201589e-02],
       [ 7.93475202e-02, -1.39190496e-01, -7.52777327e-03, -5.16675562e-02,  1.39782339e-02],
       [ 6.61083170e-02,  2.02297010e-02,  1.59453340e-02,  1.53310534e-01, -8.05669335e-02],
       [-1.30214257e-01,  3.96328216e-02,  7.32063193e-02,  4.26548062e-02,  5.02079686e-02],
       [ 5.45088957e-02, -1.65370187e-01, -1.24742463e-01, -1.75295273e-01,  2.73767435e-02],
       [ 7.42959630e-02,  1.46202657e-01, -4.78557984e-02,  3.32442232e-02, -7.23629818e-02],
       [-9.48478033e-02,  2.76546807e-02, -1.28771152e-01, -7.00753820e-02, -8.89754239e-02],
       [ 1.38403861e-01, -4.45764176e-02, -1.37241429e-01, -1.38421100e-01,  1.52487513e-03],
       [-7.62506848e-02,  1.57487067e-01, -6.10945557e-02, -1.80383327e-01,  8.37792163e-02],
       [ 4.60069014e-02,  8.43522482e-04,  4.47928482e-03,  1.13179263e-01,  1.21033604e-01],
       [ 2.59448548e-02,  6.13362743e-02,  3.89065650e-02,  8.30475767e-02, -1.78878318e-01],
       [ 4.40657273e-02,  2.35788701e-02, -4.75835049e-02, -1.03937304e-01,  1.19751729e-01],
       [-3.77124247e-02,  4.49828213e-02, -3.87427394e-02,  9.29045549e-02,  1.60243647e-01],
       [-6.24832090e-02,  3.58920725e-02,  3.82625824e-02, -5.95310458e-02, -6.76109188e-02],
       [ 7.61125035e-02, -5.61182949e-02, -6.34129409e-02, -3.80449657e-02,  3.14173892e-02],
       [ 1.12541304e-02,  2.91763638e-02,  7.18350827e-02,  7.28604413e-02, -1.76399995e-01],
       [-9.94962811e-02,  2.86064483e-03, -5.00552372e-03,  1.07591312e-01,  4.72737338e-02],
       [ 3.88906303e-02, -4.21282533e-02, -2.06665144e-02, -1.68730935e-01,  1.10075609e-01],
       [ 4.47224375e-03,  7.42493644e-02,  1.99575831e-02, -2.16126291e-02, -1.01057159e-01],
       [-5.99338976e-02, -1.25045982e-02,  8.96517199e-03, -1.61367118e-01, -1.10973758e-01],
       [ 8.04315372e-02, -1.58247610e-02,  1.07192886e-02, -1.54327205e-01,  4.17370569e-02],
       [-1.07344693e-01,  8.25433336e-02, -5.87374980e-02, -8.07865893e-02,  1.43878347e-01],
       [ 7.72021728e-03,  1.26505722e-01,  5.61640584e-02,  9.41825472e-02,  1.05955297e-01],
       [ 8.52136225e-02,  9.73415937e-02, -7.99799677e-02, -7.00450622e-02, -1.16019093e-01],
       [-1.30001582e-01,  6.20052857e-02,  1.59436493e-01, -8.15133587e-02, -3.48107818e-02],
       [-1.30820728e-01, -2.53115016e-02, -1.88354752e-01,  8.53406498e-02,  2.81958884e-02],
       [ 1.02545366e-01, -7.25896011e-03,  6.94462107e-02, -4.40812018e-02, -3.20919495e-02],
       [-2.48732134e-04,  7.61796877e-02, -2.41693906e-02,  1.32407285e-01,  1.19010199e-01],
       [-1.02778735e-01, -7.02988297e-02,  1.58675903e-01, -4.41355804e-02, -2.72161067e-03],
       [ 1.01499140e-01, -3.96328043e-02, -1.82160458e-01, -3.80882605e-02, -1.27315818e-01],
       [-2.89042987e-02,  1.57897795e-01, -8.87926955e-02,  5.97736733e-02,  5.16939871e-02],
       [-8.58268852e-02, -7.83097217e-02, -2.07942046e-01,  8.19543020e-02,  3.46527536e-03],
       [ 9.73932090e-02,  7.44978366e-02, -1.87318938e-01,  3.47554462e-03, -8.92557686e-02],
       [-1.89202701e-01,  2.64004761e-02, -1.94566776e-05, -1.16560675e-01, -1.21746475e-01],
       [ 2.61268922e-03,  6.87337300e-02, -3.69135134e-02, -9.02645427e-02,  1.17900851e-01],
       [-1.02561301e-01, -8.83463472e-02,  5.24885906e-02,  8.47805132e-02,  1.08309465e-01],
       [-6.77733256e-02, -1.75015733e-01,  2.42203652e-02, -4.57196126e-02, -7.69672495e-02],
       [ 6.16051191e-02,  1.27136653e-01, -6.73602571e-02, -4.35163216e-02,  5.02847921e-02],
       [-3.11911610e-02,  5.67772388e-02,  1.17763318e-02,  5.65552974e-02, -1.53241986e-01],
       [-4.13224376e-03, -1.14622969e-01, -2.07539806e-02,  7.61444432e-02,  7.23794094e-02],
       [ 9.21755783e-02,  1.15576847e-01,  1.65628056e-02, -1.26541952e-01,  8.92881595e-02],
       [-7.15103367e-02,  8.57635610e-03,  9.96667926e-03, -4.30897693e-03, -1.33595367e-01],
       [-1.26300494e-02, -6.73126801e-02, -6.24766890e-02, -1.39169252e-01, -8.73554688e-02],
       [ 1.39206955e-03,  1.20077608e-01, -2.65332309e-02, -1.34379994e-01,  5.20435328e-02],
       [-1.11076521e-01, -1.46463473e-01, -2.23293204e-02, -6.56361417e-02,  1.40679543e-01],
       [-9.74994255e-02, -2.24277337e-02, -7.90519718e-02, -5.76316212e-02, -1.15002605e-01],
       [-1.09759321e-01, -1.00843528e-01, -9.24087611e-03,  1.67888236e-02,  7.80008974e-02],
       [ 1.25951737e-01,  5.66621568e-02,  4.21112073e-02,  4.00767349e-02, -2.29247059e-02],
       [ 1.23124085e-02,  4.20320730e-02, -4.35494943e-02, -1.01901530e-01,  1.33375446e-01],
       [-7.72056245e-02, -9.65579732e-02, -7.10264866e-02, -8.27933053e-02, -4.92536316e-02],
       [ 1.13021201e-01,  1.72015998e-02,  6.97835061e-02,  1.52649481e-01, -6.65183334e-02],
       [-2.39856563e-02,  7.71177020e-02,  1.94982670e-02, -3.48045051e-03,  9.20610609e-02],
       [-5.72785301e-02, -5.68365393e-02,  5.57392301e-02,  1.10804877e-01,  1.10779937e-01],
       [ 9.89115035e-02,  1.32063501e-01,  5.11942190e-02,  1.26059103e-01, -1.39560136e-02],
       [-1.30558694e-01, -7.87940934e-02,  5.85840903e-02,  9.59808303e-02, -1.11399109e-01],
       [ 1.19456019e-01, -1.38149281e-01, -1.41917795e-01,  5.46806425e-02,  3.34995256e-02],
       [-1.05578872e-01,  1.58086897e-01,  5.27467433e-02, -2.69686819e-02, -3.37564480e-02],
       [-6.39165662e-02, -1.17189676e-02, -1.59328944e-02,  1.14052854e-01,  1.24152170e-01],
       [ 1.77105590e-01, -6.30558916e-02,  1.52944061e-01, -3.72100036e-02, -1.02784925e-02],
       [-3.45115467e-02,  1.38823543e-01, -2.06207469e-01, -4.00306389e-02, -1.20189454e-01],
       [-8.40846418e-02, -1.29458557e-01, -1.03464757e-01,  4.87168249e-02,  6.77370620e-02],
       [ 9.94458318e-02, -9.99993961e-03, -2.00447973e-01,  7.90664170e-02,  1.48673215e-02],
       [-1.82339572e-01,  5.92924713e-02, -1.54803823e-01,  1.39133927e-02, -9.37983166e-02],
       [ 9.58872646e-02, -1.63978432e-01,  2.30317644e-02, -9.83190348e-02, -1.44202843e-01],
       [-1.59753994e-01,  9.01362488e-02, -2.08021577e-02,  2.03344655e-02,  1.31464634e-02],
       [-3.31368253e-02, -8.60561378e-02,  5.49398220e-02, -6.99385857e-02, -6.64443296e-02],
       [ 1.65206066e-01,  5.32891958e-02, -1.13779953e-01,  3.37092340e-02,  6.09635737e-03],
       [-1.14337878e-01,  1.25925172e-01,  7.49952647e-02, -1.00005372e-02,  7.68798808e-02],
       [-2.47481759e-02, -2.31322208e-01,  9.52558096e-02, -4.75955370e-02, -3.79746184e-02],
       [ 1.44754340e-01,  5.23657111e-02,  1.48919934e-01, -6.74378296e-02, -1.08421006e-02],
       [-1.67597438e-01, -5.87076723e-02,  9.03891927e-02, -3.00650573e-02,  5.03384411e-02],
       [ 1.91372549e-01, -1.04695029e-01, -3.00975818e-02,  5.28012343e-02,  6.47723761e-02],
       [ 3.55236195e-02,  7.26486729e-02, -6.40847578e-02, -3.03829035e-02,  2.60621498e-02],
       [-1.09801761e-01, -1.67993419e-02,  1.66559274e-02, -3.54263731e-02, -1.12576083e-02],
       [ 7.29243890e-02, -1.19157770e-01,  4.27985535e-02,  8.97909917e-02, -2.67955627e-02],
       [ 2.68977712e-02,  1.88959851e-01, -4.57378088e-02,  8.26511012e-03,  2.22566435e-02],
       [-6.74979419e-02, -2.99249884e-02, -7.04322997e-02,  5.85094044e-02,  2.51199675e-02],
       [ 1.11992720e-01,  1.61903806e-02,  2.32498546e-02,  7.34471010e-02, -1.02267522e-02],
       [-1.23263134e-01,  1.18110412e-01,  6.69491667e-02,  3.57387969e-02, -2.45807747e-02],
       [-1.51248521e-02, -8.76017921e-02, -6.02466447e-02,  1.05427734e-01,  6.26643860e-02],
       [ 4.56688259e-02,  4.60443936e-02,  3.19248017e-02, -1.61941827e-01,  1.11158057e-01],
       [-3.24709751e-02,  4.36671687e-02,  7.16294570e-02, -2.11622659e-02, -1.50180328e-01],
       [-1.83091918e-02, -5.89113248e-02,  4.43639146e-02, -1.83193901e-01, -1.07386373e-01],
       [ 1.42001569e-02,  9.46782504e-02, -5.58675807e-03, -1.80627260e-01,  7.25749056e-02],
       [-8.24171277e-02, -6.08828525e-02, -6.51514816e-02, -6.65766714e-02,  1.60487024e-01],
       [-1.59547346e-01,  4.73597588e-02, -9.66982992e-02, -4.77509388e-02, -7.26805029e-02],
       [ 4.51506020e-02, -1.65329498e-01, -7.83081316e-02,  5.49606980e-02,  1.30929364e-02],
       [ 6.32022268e-02,  5.78544794e-02, -1.92778448e-01,  2.79933588e-02, -3.22590365e-03],
       [-8.35950835e-02, -1.09132347e-01, -1.81673926e-01, -4.01815815e-02, -4.96515900e-02],
       [ 1.65717320e-01,  1.76329985e-02,  3.27035659e-02, -9.65975441e-02, -6.66224540e-02],
       [ 6.75011039e-02,  1.43436760e-01,  5.58192598e-02, -5.53542718e-02,  1.11895159e-01],
       [-8.65492776e-02, -5.47195863e-03,  1.98610316e-01,  9.17011153e-02,  1.17824217e-01],
       [ 1.59449531e-01, -4.46118059e-02,  1.57511347e-01,  1.52319738e-01, -4.01978716e-03],
       [-1.03069281e-01,  1.66116975e-01,  1.79914493e-02,  1.59021418e-01, -9.72407153e-02],
       [ 1.47072583e-02, -8.67681475e-02,  1.02476811e-01, -7.42133471e-02, -3.37264091e-02],
       [-4.77906259e-02,  1.63947191e-01,  1.15819972e-01, -4.28490237e-02,  5.57502995e-02],
       [-6.92835505e-02, -2.15783966e-01, -2.20410777e-02,  1.69453743e-02,  1.00169012e-01],
       [-6.97580323e-02, -6.67278219e-02,  2.08740252e-01,  3.67364147e-02,  8.79583760e-02],
       [ 1.03892777e-01,  2.92358715e-02,  3.40848748e-02,  1.62561292e-01,  9.17185688e-02],
       [-1.80405907e-01, -1.81932702e-02,  1.13399035e-02,  1.53406508e-01, -4.12100414e-02]])})
2026-01-20 11:00:36,474 - final_problem_set.kxor_instance_n16_k2_m222_ell2_eps0.2_kappa0.625_rho0.2 - INFO - Running key extraction (n=16, m=222, ell=2, phase_qubits=12)
2026-01-20 11:00:36,475 - final_problem_set.kxor_instance_n16_k2_m222_ell2_eps0.2_kappa0.625_rho0.2 - INFO - Built voting matrix V (n=16, ell=2, dtype=complex128) in 0.001s
2026-01-20 11:00:36,475 - final_problem_set.kxor_instance_n16_k2_m222_ell2_eps0.2_kappa0.625_rho0.2 - INFO - Eval: adv=0.1802, hamming=8/16 (0.500), corr=0.000
2026-01-20 11:00:36,475 - final_problem_set.kxor_instance_n16_k2_m222_ell2_eps0.2_kappa0.625_rho0.2 - INFO - Key extraction complete: x_hat=9
2026-01-20 11:00:36,475 - final_problem_set.kxor_instance_n16_k2_m222_ell2_eps0.2_kappa0.625_rho0.2 - INFO - Finished step 'KeyExtractionStep' in 0.002s (success: True, problem=kxor_instance_n16_k2_m222_ell2_eps0.2_kappa0.625_rho0.2)
2026-01-20 11:00:36,475 - final_problem_set.kxor_instance_n16_k2_m222_ell2_eps0.2_kappa0.625_rho0.2 - INFO - SUCCESS: len(z_hat)=16
2026-01-20 11:00:36,475 - final_problem_set.kxor_instance_n16_k2_m222_ell2_eps0.2_kappa0.625_rho0.2 - INFO - Metrics: adv=0.18018018018018017, ham_frac=0.5, corr=0.0
2026-01-20 11:00:36,475 - final_problem_set.kxor_instance_n16_k2_m222_ell2_eps0.2_kappa0.625_rho0.2 - INFO - z_hat (full): [-1, -1, -1,  1, -1,  1,  1, -1,  1, -1,  1,  1, -1, -1,  1,  1]
