2026-01-20 11:01:19,919 - final_problem_set.kxor_instance_n23_k2_m174_ell2_eps0.2_kappa1.0_rho0.2 - INFO - Starting iteration for /Users/julian/CodingProjects/UniT3/QuarticSpeedupK-XOR/z_Daphne/data/final_problem_set/kxor_instance_n23_k2_m174_ell2_eps0.2_kappa1.0_rho0.2.npz
2026-01-20 11:01:19,920 - final_problem_set.kxor_instance_n23_k2_m174_ell2_eps0.2_kappa1.0_rho0.2 - INFO - Loaded instance (n=23, m=174, k=2)
2026-01-20 11:01:19,920 - final_problem_set.kxor_instance_n23_k2_m174_ell2_eps0.2_kappa1.0_rho0.2 - INFO - Starting step 'ComputeKikuchiStep' (version 0.1) on problem kxor_instance_n23_k2_m174_ell2_eps0.2_kappa1.0_rho0.2 (fields={'ell': 2, 'threshold': 0.0})
2026-01-20 11:01:19,947 - final_problem_set.kxor_instance_n23_k2_m174_ell2_eps0.2_kappa1.0_rho0.2 - INFO - Finished step 'ComputeKikuchiStep' in 0.027s (success: True, problem=kxor_instance_n23_k2_m174_ell2_eps0.2_kappa1.0_rho0.2)
2026-01-20 11:01:19,947 - final_problem_set.kxor_instance_n23_k2_m174_ell2_eps0.2_kappa1.0_rho0.2 - INFO - Starting step 'ClassicalEigenvaluesStep' (version 0.1) on problem kxor_instance_n23_k2_m174_ell2_eps0.2_kappa1.0_rho0.2 (fields={'ell': 2, 'threshold': 0.0, 'kikuchi_matrix': <Dictionary Of Keys sparse matrix of dtype 'int64'
	with 4956 stored elements and shape (253, 253)>, 'num_eigenvalues': 5})
2026-01-20 11:01:20,040 - final_problem_set.kxor_instance_n23_k2_m174_ell2_eps0.2_kappa1.0_rho0.2 - INFO - Finished step 'ClassicalEigenvaluesStep' in 0.093s (success: True, problem=kxor_instance_n23_k2_m174_ell2_eps0.2_kappa1.0_rho0.2)
2026-01-20 11:01:20,040 - final_problem_set.kxor_instance_n23_k2_m174_ell2_eps0.2_kappa1.0_rho0.2 - INFO - Starting step 'KeyExtractionStep' (version 0.1) on problem kxor_instance_n23_k2_m174_ell2_eps0.2_kappa1.0_rho0.2 (fields={'ell': 2, 'threshold': 0.0, 'kikuchi_matrix': <Dictionary Of Keys sparse matrix of dtype 'int64'
	with 4956 stored elements and shape (253, 253)>, 'num_eigenvalues': 5, 'eigenvalues': array([-10.60304102, -10.00115795,   9.62466994,  10.21854304,  11.35926821]), 'eigenvectors': array([[-1.56385411e-01,  1.15188422e-01, -2.77184023e-02, -3.35274220e-02,  1.06825014e-01],
       [ 1.12582012e-02,  5.12008217e-02,  9.34553131e-02,  3.69199910e-02, -1.22276324e-01],
       [ 1.36821034e-02,  1.50527900e-01, -4.22333695e-03,  1.04003147e-01,  1.11841880e-01],
       [ 8.97272870e-03, -1.42724993e-01,  1.32019295e-01,  8.20088139e-02, -9.78838349e-02],
       [-2.49822737e-02, -1.32401891e-01, -3.69082926e-02,  1.11210718e-01, -4.35472046e-02],
       [ 3.24784652e-04, -1.72070276e-01,  1.23092703e-02, -5.59333216e-02,  1.28824064e-01],
       [ 1.03915834e-03, -5.82436827e-02, -3.87288582e-02,  3.12876876e-02,  1.34173307e-01],
       [ 5.08284666e-02,  1.40408117e-01,  1.53571626e-01, -9.10625155e-02,  6.11260288e-02],
       [ 2.51703869e-02,  9.75255868e-02,  2.01862746e-02, -3.47418923e-04,  1.84760893e-02],
       [ 1.63058397e-01, -1.48204356e-02, -2.51241318e-02,  5.56453843e-02,  5.73483467e-02],
       [ 1.12765343e-02, -1.69964757e-02,  3.52703919e-02, -8.70250941e-02, -1.11020437e-01],
       [-1.27242122e-01,  7.24957746e-02,  6.40661747e-02,  1.14180635e-01, -9.66008539e-02],
       [ 2.24951458e-01, -6.10449842e-02,  1.63138728e-01,  6.77911156e-02, -7.04114054e-02],
       [-1.11271187e-01, -3.29497489e-02,  1.14445688e-01,  1.14925401e-02, -3.33768220e-02],
       [-1.54646294e-01, -5.79649282e-02,  4.29800208e-02,  1.86291247e-01,  2.61228583e-02],
       [-1.13150302e-01, -1.12394873e-01,  5.65599564e-02, -3.47720367e-02, -1.49178416e-01],
       [ 8.35285071e-03, -1.23894067e-01, -1.58234023e-01,  9.43497057e-02,  5.42743799e-02],
       [-9.33643901e-02, -1.45837899e-01,  3.02090756e-02, -1.55337766e-01,  8.60545066e-02],
       [ 1.63520606e-01,  4.07073751e-02,  4.81793314e-02,  1.23015193e-03,  1.64893475e-01],
       [-1.48274682e-01,  3.55041940e-02,  1.50157474e-02,  9.16070611e-02,  1.12370741e-01],
       [-1.35443180e-01, -9.21618214e-02,  1.68570706e-01, -5.64139599e-02,  1.28798867e-01],
       [-1.41788253e-01,  6.20083565e-02, -7.67652470e-03, -3.71455858e-02, -1.09814218e-01],
       [-2.90075777e-02,  8.62378667e-03, -5.08168814e-02, -3.26017021e-02,  8.93414642e-02],
       [-7.06712096e-02,  1.33934858e-02, -1.60025862e-02, -6.92333832e-02, -8.45776746e-02],
       [ 4.55208630e-02,  2.75504418e-02, -8.65794510e-02, -6.64246004e-02,  7.87636308e-02],
       [ 7.23312363e-02, -1.26841459e-02,  2.18901136e-02, -8.29278790e-02,  3.86368307e-02],
       [ 2.07163760e-02,  3.65993030e-02, -1.97545234e-02,  4.39172544e-02, -9.28237099e-02],
       [-1.58944199e-03,  1.71102283e-02,  1.25715303e-02, -1.73430988e-02, -1.04242113e-01],
       [-7.69984449e-02,  1.54333311e-02, -9.93682216e-02,  6.46785648e-02, -4.67779363e-02],
       [-6.58955793e-02,  2.16737514e-02, -1.02849971e-02,  2.64547028e-03, -1.77714370e-02],
       [-4.23107864e-02,  9.34300593e-02,  1.02431305e-02, -3.37387730e-02, -3.90577459e-02],
       [ 2.41828305e-02, -8.06583774e-03, -8.13255102e-03,  5.69022753e-02,  8.40627123e-02],
       [ 2.54293690e-02, -9.08885483e-02, -4.03282073e-02, -9.11730355e-02,  8.21580545e-02],
       [-2.98254800e-02,  1.07432364e-01, -1.10262760e-01, -6.04052165e-02,  5.99118675e-02],
       [ 6.83984662e-02, -8.07755652e-02, -6.99946020e-02, -8.44134581e-03,  2.54672189e-02],
       [ 6.19505108e-02, -8.74514777e-02, -3.75296517e-02, -1.25272931e-01, -1.18048237e-02],
       [ 5.97367486e-02, -4.53347885e-02, -1.73160241e-02,  2.34658282e-02,  1.01327302e-01],
       [ 4.12342747e-02, -1.21866691e-03,  8.29872712e-02, -5.67418412e-02, -3.55488408e-02],
       [ 8.88091645e-02, -5.11446117e-02, -1.78543284e-02,  9.07411900e-02, -4.11247060e-02],
       [-6.29850288e-02,  1.07799230e-01, -3.90618096e-02,  3.03812797e-03, -1.06097027e-01],
       [ 3.64873674e-02, -9.70970848e-02, -2.65038170e-02, -6.01410561e-02, -7.48183966e-02],
       [ 9.72549370e-02, -9.50644984e-02, -1.10638339e-01,  3.08520153e-02, -7.21041203e-02],
       [ 1.65773176e-02, -6.56139812e-02,  1.14134977e-02,  2.15667276e-02,  6.30292107e-02],
       [-4.65192376e-03,  2.47307074e-02, -3.26696356e-02,  3.59458185e-02,  6.33836831e-02],
       [ 2.98840602e-03, -1.72006218e-02,  8.02541262e-02,  4.41888078e-02, -5.71971452e-02],
       [ 4.39930311e-03, -2.69154969e-02, -7.06900301e-03,  7.13864603e-02, -3.50677247e-02],
       [ 7.74011004e-03, -1.96909015e-02, -2.55157382e-02, -4.76633602e-02,  7.78461451e-02],
       [ 4.72938259e-03, -4.99003352e-03, -5.36933803e-02,  6.77354486e-03,  9.90532134e-02],
       [ 3.14624672e-05,  3.05408954e-02,  7.47573964e-02, -6.16803640e-02,  5.29992331e-02],
       [-2.65846057e-03,  2.22626860e-02, -7.27199217e-04, -3.83525005e-04,  2.48434087e-02],
       [ 2.66618089e-02,  1.59846838e-02, -3.59926335e-02,  3.33420310e-02,  5.68181910e-02],
       [ 2.27044296e-03, -7.45776892e-03,  5.06943202e-02, -4.73505155e-02, -8.74265812e-02],
       [-2.04345035e-02, -9.49810399e-03,  4.36192059e-02,  6.29566898e-02, -5.97023743e-02],
       [ 4.53124764e-02,  1.37966299e-04,  8.12932835e-02,  2.95116805e-02, -3.99577650e-02],
       [-1.43892742e-02, -2.48148373e-02,  7.76128404e-02,  4.70686521e-03, -2.91031571e-02],
       [-2.44232392e-02, -2.74250630e-02,  2.41128556e-02,  1.08748459e-01,  1.25734882e-02],
       [-5.69134565e-03, -2.46278255e-02,  5.12797222e-02, -7.13641667e-03, -7.33088377e-02],
       [ 9.63160076e-03, -2.10331527e-02, -1.03198415e-01,  4.78396001e-02,  3.40795096e-02],
       [-7.24680267e-03, -4.08808148e-02,  2.19210593e-02, -8.19918538e-02,  4.57391305e-02],
       [ 2.57328085e-02,  2.68949537e-02, -1.11113897e-04, -8.54376840e-03,  1.27538084e-01],
       [-2.19517035e-02, -1.03322577e-02, -1.55662634e-02,  4.85635784e-02,  7.81361201e-02],
       [-1.34827659e-02, -3.13913202e-02,  7.58637319e-02, -4.13264226e-02,  6.77786803e-02],
       [-2.13658886e-02, -2.53365406e-03,  1.35818122e-02, -1.39599844e-02, -7.44221275e-02],
       [ 1.77694544e-02, -8.17477684e-02, -8.48121464e-02,  1.41710266e-02,  7.73656242e-02],
       [ 1.19268262e-02, -6.23007169e-02,  3.21244670e-02, -2.35916860e-02,  4.46792924e-02],
       [ 8.32807430e-03, -6.83529841e-02, -3.76950393e-02, -5.47544465e-02, -7.62782661e-02],
       [ 5.23690913e-03, -7.91699954e-03, -1.77744264e-02, -9.82121226e-02, -7.60659615e-02],
       [-3.82308010e-04,  1.12357402e-01, -1.17578265e-01, -6.08939480e-04, -5.18734577e-02],
       [-9.15309165e-03,  4.86897429e-02, -1.84450869e-02, -4.18186311e-02, -2.76952514e-02],
       [ 6.31852939e-02,  6.06531580e-02, -1.07674061e-02, -1.13579964e-01, -5.68674179e-02],
       [ 9.92064898e-03, -1.41458163e-02,  2.73425345e-02,  1.40174985e-01,  7.59918779e-02],
       [-6.25425618e-02, -2.15573893e-02, -2.99138680e-02, -1.02323619e-02,  8.22745596e-02],
       [ 1.03237980e-01,  4.81169240e-02, -9.77427095e-02,  1.62553740e-02,  6.02186719e-02],
       [-3.36775603e-02, -8.30649393e-02, -7.90931083e-02,  1.46725276e-02,  3.53294446e-02],
       [-5.04847418e-02, -9.95847740e-02, -4.93021103e-02, -1.05183474e-01,  4.64948667e-03],
       [-3.37616151e-02, -1.07786563e-01,  1.20639635e-02,  8.38856884e-02,  6.49430289e-02],
       [ 1.91246384e-02, -5.16107069e-02,  6.98070795e-02, -7.23486592e-02, -2.57284818e-02],
       [-2.61920951e-02, -1.59605228e-01, -3.19570254e-02,  4.04420178e-02, -5.95456278e-02],
       [ 5.87422272e-02,  9.98294323e-02, -9.29907904e-02, -1.26142915e-01, -1.13281775e-01],
       [-6.35786556e-02, -3.95355398e-02, -5.90660618e-02, -1.24233160e-01, -6.42974610e-02],
       [-2.49184434e-02, -8.93302233e-02, -1.21808155e-01, -2.56634257e-02, -5.45674328e-02],
       [-6.18748797e-02, -1.69967547e-02,  2.68899217e-02,  7.73704974e-02,  5.68927719e-02],
       [-1.28762239e-02,  7.42761508e-02,  5.11414285e-03,  8.99127694e-02, -3.00733638e-02],
       [-1.33928282e-02,  1.94653735e-02, -6.94326606e-02, -8.93824623e-02,  7.93864641e-02],
       [-3.81469312e-03,  3.66764930e-03, -1.05708627e-01, -2.98031750e-02,  9.85062752e-02],
       [ 8.36978359e-03, -5.55150246e-02,  4.85959051e-02, -9.72353973e-02,  5.24927087e-02],
       [ 1.18108889e-02, -6.61018147e-02, -8.62816171e-03, -1.20561600e-02,  1.97816720e-02],
       [-3.54036866e-02, -7.66776355e-02, -6.24759538e-02,  9.87990364e-03,  5.09499431e-02],
       [-9.34527225e-03,  1.67098079e-02,  1.01738722e-01, -1.68996034e-02, -8.82759692e-02],
       [ 3.21039966e-02,  3.40855964e-02,  5.46091807e-02,  7.96981763e-02, -5.30563359e-02],
       [-4.93639030e-02, -8.07820471e-02,  8.24302187e-02,  4.36255424e-02, -3.07191053e-02],
       [ 1.82580644e-02,  8.48069418e-02,  6.26345942e-02, -6.62484288e-04, -1.84947432e-02],
       [ 1.83660874e-02,  9.88938013e-02,  1.28261669e-05,  1.05822223e-01,  2.09851996e-02],
       [ 1.19828781e-02,  6.11676450e-02,  1.08787003e-01,  1.63364089e-02, -9.12785135e-02],
       [-1.76527087e-02,  4.13802916e-02, -1.27175874e-01,  3.85486442e-02,  3.61796211e-02],
       [-3.76173965e-03,  7.41205487e-02,  2.19378971e-02, -8.47615368e-02,  3.77420979e-02],
       [-2.84336607e-02, -1.08107320e-01, -6.50352688e-02, -5.98640669e-02,  1.22895933e-01],
       [ 3.83165013e-02,  5.28287282e-02, -6.73706534e-02,  2.45989137e-02,  8.85815728e-02],
       [ 1.30415114e-02,  1.21525545e-01,  3.70200025e-02, -7.08682113e-02,  7.32880557e-02],
       [ 3.42042353e-02,  3.08078135e-02,  4.29097406e-02,  1.49371793e-02, -6.37839620e-02],
       [-3.32601407e-03,  5.98597818e-02,  2.55276599e-02, -8.59380548e-02,  3.05491725e-02],
       [-6.89838861e-03,  1.16136280e-02,  3.37707246e-02, -7.02826400e-02,  5.35201760e-02],
       [-7.02302360e-06, -9.25211283e-02,  4.70410299e-02, -6.18925175e-02,  1.59111084e-02],
       [ 8.81565947e-03, -4.69430624e-02,  1.20564289e-02, -2.66534354e-02,  9.08924686e-03],
       [-7.72640763e-02, -5.15449084e-02,  1.62066546e-02, -2.73383833e-02,  2.61755967e-02],
       [-6.96656943e-03,  1.81087791e-02, -2.85801708e-02,  3.63974532e-02, -4.61297112e-02],
       [ 6.77955468e-02,  1.42908256e-02, -1.22386025e-02,  8.05524354e-02, -2.48626493e-02],
       [-1.02422885e-01, -4.23742132e-02,  1.54781907e-02,  6.59030054e-02, -2.22932888e-02],
       [ 2.67489888e-02,  6.61718066e-02,  1.49300354e-02,  3.33178772e-02, -1.61967619e-02],
       [ 7.48706143e-02,  9.94800939e-02,  2.59526720e-02,  5.01475917e-02,  1.45972772e-02],
       [ 3.02363786e-02,  8.33843301e-02, -1.85681307e-02,  5.50973157e-02, -4.81861373e-02],
       [-2.04837119e-02,  5.50224055e-02, -1.89993033e-02, -2.92674144e-03,  2.36187908e-02],
       [ 3.04834067e-02,  1.26437191e-01,  1.73283021e-02, -7.67576391e-02,  2.09863408e-02],
       [-6.23120885e-02, -8.88394804e-02,  6.00642339e-02, -9.51256465e-02,  6.05656500e-02],
       [ 5.80101900e-02,  3.09815777e-02,  3.83956598e-02, -2.26066362e-02,  4.28155070e-02],
       [ 2.47447851e-02,  8.22811647e-02,  4.32613300e-02, -5.58915791e-02,  3.05477004e-02],
       [ 6.30262674e-02,  9.61101386e-03, -3.05301761e-02,  4.76532294e-02, -3.98474270e-02],
       [-5.85004449e-03, -9.02031693e-03, -3.64990458e-02,  1.17858155e-03, -1.25586857e-01],
       [ 1.11870953e-02, -4.82960583e-02, -1.22230788e-01,  7.26924156e-02, -4.99087265e-02],
       [ 6.14210577e-03, -6.17286778e-02, -2.19785035e-02,  3.53129955e-03, -2.77484076e-02],
       [-1.33522564e-02, -9.12741629e-02, -1.81898897e-02, -4.11322972e-02, -6.73304545e-02],
       [-5.60527052e-03,  2.10388640e-02,  3.72136782e-02,  5.84319889e-02,  1.09817342e-01],
       [ 1.24909863e-02,  5.88696730e-02, -1.86735805e-02, -1.20040759e-01,  9.02573259e-02],
       [-2.34373935e-02, -9.51329489e-02, -9.01580475e-02, -7.16196539e-02,  6.60201723e-02],
       [ 8.76607970e-03,  8.70531627e-02, -7.26355786e-02, -3.05558314e-02,  4.96875278e-02],
       [-6.47392457e-03,  1.02288300e-01, -6.77713980e-02, -1.45049947e-01, -2.49689085e-02],
       [-6.61679258e-03,  5.18385019e-02,  1.41953122e-02,  6.30958407e-03,  9.83956968e-02],
       [-1.35032401e-02,  2.95539104e-02,  8.24507755e-02, -5.96795461e-02, -4.65757902e-02],
       [-1.80975530e-02,  6.83181981e-02, -4.36202782e-02,  1.35427921e-01, -6.90318450e-02],
       [-1.16493565e-02, -1.13492519e-01, -1.18657807e-01,  2.16752930e-02, -1.53799188e-01],
       [ 1.75198913e-02,  6.98458398e-02, -7.36899766e-02, -6.21267824e-02, -1.01299455e-01],
       [ 1.03936915e-02,  1.27306606e-01, -1.33471688e-01,  4.44873677e-02, -7.17489816e-02],
       [ 1.20280602e-02,  4.49758278e-02,  4.99741038e-02,  1.18438303e-02,  9.01924041e-02],
       [ 7.85503727e-03, -1.55933212e-02, -1.27339358e-01,  4.65300153e-02, -6.00904291e-02],
       [ 6.14133479e-03, -1.29183137e-02, -1.12829287e-02, -1.44131482e-02, -2.51238233e-02],
       [-9.78102043e-05, -2.54448484e-02,  1.52450313e-02, -7.34224354e-02, -5.44798510e-02],
       [ 2.05749331e-03,  6.14296956e-03, -1.16733198e-02,  1.10641963e-01,  9.05000953e-02],
       [ 2.50264359e-03,  1.90353362e-02, -4.84990396e-02, -6.08946970e-02,  9.78876090e-02],
       [-4.94156010e-03, -1.83900084e-02, -1.14849330e-01, -2.71593518e-02,  5.31637457e-02],
       [-6.70522541e-03,  2.94539031e-02, -1.01430982e-01,  3.34797670e-03,  3.88479143e-02],
       [-8.49488663e-03,  3.21406888e-02, -3.90942960e-02, -1.42123011e-01,  6.59415965e-03],
       [-1.41211012e-02,  1.15397250e-02, -1.40403953e-02,  5.94090843e-02,  9.49386284e-02],
       [-7.36664854e-03,  2.48600010e-03,  1.06245328e-01, -8.77318400e-02, -4.17273805e-02],
       [-1.01665317e-02,  2.49367644e-02, -2.29194249e-02,  8.93276142e-02, -5.83820914e-02],
       [ 1.43217620e-02, -3.41234784e-02, -5.21425369e-02, -5.47353805e-02, -1.14348569e-01],
       [ 2.15982302e-03,  1.28193776e-02, -2.45766464e-02, -9.06514418e-02, -6.71048929e-02],
       [-1.23960279e-02,  2.94353112e-02, -1.41368829e-01,  8.11609606e-03, -8.18112928e-02],
       [-4.06484371e-03,  2.06389149e-02,  1.56528033e-02,  5.47295068e-02,  6.65512377e-02],
       [ 3.60022440e-03,  8.01040601e-02, -2.70332922e-02,  1.45389976e-02, -9.27290334e-03],
       [ 8.50763229e-02,  4.83694722e-02, -6.27623365e-02,  1.11129759e-02, -2.84444107e-02],
       [ 5.57630393e-03, -2.52122481e-02,  1.09571458e-01, -8.94695188e-03,  5.14990352e-02],
       [-7.12780142e-02, -6.05333574e-03,  6.01825766e-02, -7.77124270e-02,  3.95250674e-02],
       [ 1.10666222e-01,  2.76925701e-02,  8.92832106e-03, -6.79431264e-02,  3.19106606e-02],
       [-4.30350580e-02, -6.34669372e-02,  1.12387902e-02, -2.98233157e-02,  2.59073926e-02],
       [-7.56343071e-02, -8.57499025e-02, -3.53024659e-02, -7.17873941e-02, -5.45332232e-03],
       [-3.24826397e-02, -5.51262519e-02,  1.14570887e-01, -2.98265980e-02,  6.91297947e-02],
       [ 1.63096801e-02, -7.39932920e-02, -2.32011872e-02, -9.94760946e-03, -3.48156236e-02],
       [-3.25363824e-02, -8.24228779e-02, -2.43386911e-02,  6.72646253e-02, -2.13410050e-02],
       [ 8.88092545e-02,  8.90640002e-02, -1.40432620e-01,  6.39215135e-02, -4.86819309e-02],
       [-6.96864491e-02, -2.49855789e-02, -1.10688953e-01, -3.41140645e-03, -4.32155503e-02],
       [-4.97227694e-02, -1.05829477e-01, -9.21184380e-02,  3.87286070e-02, -2.97021378e-02],
       [-6.18912845e-02,  1.22023116e-04,  8.67013448e-02, -3.25559096e-02,  3.84763498e-02],
       [ 7.56083028e-02,  3.03207562e-02, -4.46315133e-03, -2.15956717e-03, -5.10118790e-03],
       [ 7.55297153e-03, -1.36123620e-02,  8.41595225e-03,  1.65911745e-02,  1.73939142e-02],
       [-5.93373755e-02, -3.76340962e-03, -2.95270318e-04, -2.12306742e-02,  1.91533452e-02],
       [ 9.15642578e-02,  2.31887663e-02, -1.63593761e-02, -1.43629453e-02,  1.21517351e-02],
       [-3.36297054e-02, -5.03652783e-02, -1.34926437e-02, -1.43952965e-03,  5.71143627e-03],
       [-6.18806589e-02, -6.99551413e-02, -6.37455063e-03, -3.54826203e-02, -2.04719643e-03],
       [-2.98330592e-02, -7.07614536e-02,  5.84374731e-03,  1.49071220e-02,  2.72507443e-02],
       [ 1.70054553e-02, -4.75144567e-02,  1.32229145e-02, -2.09511263e-02, -1.16311574e-02],
       [-3.00195312e-02, -1.06422678e-01, -2.06969083e-03,  2.65015604e-02, -1.00286026e-02],
       [ 5.89982530e-02,  6.26963010e-02, -2.16694133e-02, -5.56582753e-03, -2.50819244e-02],
       [-5.71148081e-02, -1.68028606e-02, -1.23902346e-02, -1.68593349e-02, -1.63359198e-02],
       [-2.37041842e-02, -5.94553829e-02, -2.12448250e-02,  5.39168206e-04, -1.77320258e-02],
       [-5.47227017e-02, -2.80303842e-03,  1.05692951e-02,  1.41762791e-02,  1.75182700e-02],
       [-2.25317242e-02, -2.11563027e-03, -1.35379706e-02,  5.78689066e-02,  3.18280672e-02],
       [-4.88671470e-02,  7.15271223e-02, -3.96671264e-02, -1.83729371e-02,  5.31711169e-02],
       [ 9.09935684e-02, -8.94835571e-02, -6.46645731e-02, -2.28003673e-03,  2.85145059e-02],
       [-1.07092980e-01,  4.39519525e-02, -5.90273782e-02,  4.48587732e-03,  1.48436458e-02],
       [-9.72712840e-02,  3.51869816e-02, -1.70655633e-02, -6.78048569e-02,  2.41809791e-03],
       [-8.69212695e-02, -1.08716038e-02, -1.64152972e-02,  6.45112624e-02,  5.71105389e-02],
       [-3.53042188e-02, -4.95286737e-02,  5.58554224e-02, -5.95306126e-02, -1.99066893e-02],
       [-1.03598544e-01, -2.45336241e-02, -1.82495913e-03,  4.27889345e-02, -2.68011524e-02],
       [ 1.18680924e-01, -5.94447305e-02, -1.64539009e-02, -6.24268034e-02, -5.70977913e-02],
       [-7.02526333e-02,  6.56126251e-02,  4.23194713e-04, -5.22272884e-02, -3.01751748e-02],
       [-1.38807222e-01,  1.87743536e-02, -7.19117345e-02, -2.16744882e-02, -4.63127341e-02],
       [-5.92267250e-02,  7.41137401e-02,  4.82204964e-03,  6.21760782e-02,  3.79772173e-02],
       [ 1.61277865e-02, -4.23401357e-04,  5.24939137e-02,  1.63868674e-02, -8.34279249e-02],
       [-2.81252343e-02, -5.16618296e-03,  1.15062574e-01, -3.46783697e-03, -5.44846547e-02],
       [ 7.50792356e-03,  1.38874603e-02,  9.44287911e-02, -1.12441518e-02, -3.05242608e-02],
       [ 6.34858234e-03,  1.40972758e-02,  3.81686792e-02,  1.01673980e-01, -1.32069454e-02],
       [ 1.16689185e-02,  2.78753169e-02,  7.68649776e-03, -8.10994083e-02, -7.63736619e-02],
       [-4.75836676e-03,  1.25059449e-02, -8.04682851e-02,  7.34490790e-02,  2.73791450e-02],
       [ 1.55926192e-03,  2.83708903e-02,  1.04526739e-02, -5.63679230e-02,  4.81425868e-02],
       [-2.36269383e-02, -1.42061699e-02,  4.18073311e-02,  9.64993471e-02,  9.33384355e-02],
       [ 1.74802348e-02,  1.03728447e-02,  2.07295900e-02,  8.73174619e-02,  4.79881390e-02],
       [ 7.89022629e-03,  2.09844070e-02,  1.28027373e-01,  3.28429829e-02,  7.09310028e-02],
       [ 1.71652304e-02,  3.16331163e-03, -1.42342908e-02, -9.56546422e-02, -6.86391797e-02],
       [-5.17683474e-02,  9.54515212e-02,  6.80926664e-02,  5.47778612e-02, -3.52953927e-02],
       [ 8.86381448e-02, -7.62113008e-02,  5.04065060e-02,  1.03795998e-02, -1.68452521e-02],
       [ 7.48276318e-02, -7.31974672e-02,  8.28652979e-03,  9.33360596e-02,  1.88934643e-02],
       [ 5.95168007e-02, -1.88311427e-02,  5.36712419e-02,  4.94520252e-02, -8.80553878e-02],
       [ 3.24362033e-02,  2.32006410e-02, -9.56054908e-02,  1.75115924e-02,  3.96001012e-02],
       [ 7.23124132e-02, -2.49782033e-02,  2.32523418e-02, -8.17526463e-02,  3.21317731e-02],
       [-8.56542419e-02,  9.35610270e-02, -8.98466382e-03, -9.09126784e-02,  1.17698371e-01],
       [ 4.28408837e-02, -6.53860043e-02, -2.29711996e-02, -3.44807323e-03,  6.86367523e-02],
       [ 1.05505397e-01, -5.30532658e-02,  6.37200621e-02, -7.94176996e-02,  7.18616669e-02],
       [ 2.82007600e-02, -5.72582443e-02,  1.28746381e-02,  4.00573596e-02, -8.15593308e-02],
       [-1.28264627e-01,  7.97880868e-02,  6.73808850e-02,  3.11436373e-03, -1.56425990e-02],
       [-1.15711640e-01,  6.58202377e-02, -1.60350313e-02,  7.11933890e-02,  7.90119739e-03],
       [-1.00432412e-01,  1.88176563e-02,  1.12622887e-01,  1.46948579e-02, -6.40404195e-02],
       [-5.70768534e-02, -3.66358340e-02, -9.12191915e-02,  2.64901651e-02,  2.29772403e-02],
       [-1.32152819e-01,  1.24107570e-02, -7.26036655e-03, -6.96255121e-02,  2.48017607e-02],
       [ 1.22433054e-01, -9.26169930e-02, -1.08744869e-01, -5.32441603e-02,  6.58611270e-02],
       [-7.34318479e-02,  9.19287151e-02, -9.03134836e-02,  1.26973544e-02,  5.41512991e-02],
       [-1.50831510e-01,  4.58549503e-02,  7.57257205e-04, -5.89644951e-02,  5.49679094e-02],
       [-4.72638631e-02,  8.47573953e-02,  6.09854847e-02,  1.72328578e-02, -3.92942879e-02],
       [ 1.12992319e-01, -1.73413517e-03, -1.58739002e-02,  3.42027963e-02,  6.61021556e-03],
       [ 6.79037365e-02,  3.20297768e-02,  9.68570217e-02, -1.43899160e-03, -3.56496284e-02],
       [ 7.69416311e-03,  6.40935748e-02, -8.38672825e-02,  1.81413298e-02,  1.10485678e-02],
       [ 6.79119320e-02,  5.00140153e-02,  1.80737699e-03, -1.48283700e-02,  1.36956665e-02],
       [-8.99947390e-02,  1.13217790e-02, -8.28679456e-02, -1.63147253e-03,  5.80712703e-02],
       [ 7.07879938e-02, -4.75387590e-02, -7.22807777e-02,  3.95115305e-03,  2.49998712e-02],
       [ 1.01373647e-01,  2.03457598e-02, -3.68244662e-03, -1.95845386e-02,  3.78288916e-02],
       [ 8.02003947e-02, -6.43347089e-02,  5.55506475e-02, -7.87454968e-03, -3.14639862e-02],
       [ 9.01491752e-02,  4.18286095e-02,  4.92650690e-02,  1.19972503e-01, -2.76989093e-03],
       [ 2.34366733e-02,  7.03578284e-02, -1.32573157e-02, -5.23745056e-02,  1.71191499e-03],
       [ 8.37913697e-02,  5.79665803e-02, -3.24657425e-03, -4.88768592e-02, -9.83729164e-04],
       [-1.15781657e-01,  1.09425067e-02, -4.10695407e-02, -1.66761031e-01,  1.67616034e-02],
       [ 1.12558327e-01, -6.02904330e-02, -3.09286600e-02, -8.13022749e-02,  1.66108420e-02],
       [ 1.42561103e-01,  4.58474045e-02, -5.08255292e-02, -9.26027005e-02,  4.36326568e-03],
       [ 6.68623184e-02, -5.66670860e-02,  2.25707407e-02,  9.98759298e-02, -8.11937820e-03],
       [ 6.43468242e-04,  5.33206251e-02, -8.76962362e-02,  6.09543969e-02,  2.91557687e-02],
       [ 5.23883456e-02,  5.05864187e-02,  1.98223007e-02, -6.90089237e-02,  4.95001210e-02],
       [-9.08825538e-02, -3.34634711e-02,  5.48801399e-02,  6.61774854e-02,  1.34601933e-01],
       [ 5.97241877e-02, -5.52701844e-03,  2.54221015e-02,  7.51967467e-02,  6.22335890e-02],
       [ 7.21739677e-02,  6.72922625e-02,  1.15576966e-01,  1.79356134e-03,  6.46473873e-02],
       [ 4.60253943e-02, -2.56086599e-02, -1.31482839e-02, -7.45480572e-02, -8.98458392e-02],
       [-4.35492179e-03,  7.77419956e-02,  1.96135202e-02,  1.42399677e-02, -2.97011941e-02],
       [-2.32536566e-02, -7.23327761e-02,  7.48261140e-02, -9.50432920e-02, -5.95066676e-02],
       [ 2.91983662e-02,  3.69402723e-02,  5.95356107e-02, -7.41736642e-02, -2.95351794e-02],
       [-2.83476988e-03,  7.68785352e-02, -2.17342758e-02, -3.17433469e-02, -4.20580893e-02],
       [ 3.04011631e-02,  1.61907334e-02, -5.42701947e-02,  7.07110577e-02,  3.41880590e-02],
       [-9.35379917e-02, -5.96669571e-02, -1.92284353e-02,  1.13621915e-01, -4.93628346e-02],
       [ 8.66909675e-02,  1.94050392e-03, -1.79462390e-02,  3.92762204e-02, -3.70298713e-02],
       [ 1.14812431e-01,  1.32958518e-01, -2.72726858e-02,  6.35295822e-02, -2.74365106e-02],
       [ 8.01371266e-02, -2.78953667e-02,  1.84826233e-02, -5.68011925e-02,  3.71696292e-02],
       [-8.52386291e-02,  6.55778638e-02, -7.11509448e-02, -9.54767578e-02, -7.73814234e-02],
       [-1.27599077e-01, -1.97737943e-02, -1.69997434e-01,  1.57915644e-02, -7.86279834e-02],
       [-9.31407787e-02,  8.96608468e-02,  4.88390687e-02,  5.12370371e-02,  7.23192051e-02],
       [ 1.08490212e-01, -3.83105428e-02, -1.32871721e-01, -3.72016530e-02, -5.52009822e-02],
       [ 4.93047511e-02, -7.59768774e-02,  3.52947156e-02,  8.73668990e-02,  5.90894765e-02],
       [ 8.47248683e-02, -5.15603797e-02,  8.78817139e-02,  1.25648699e-03,  4.69625152e-02]])})
2026-01-20 11:01:20,043 - final_problem_set.kxor_instance_n23_k2_m174_ell2_eps0.2_kappa1.0_rho0.2 - INFO - Running key extraction (n=23, m=174, ell=2, phase_qubits=12)
2026-01-20 11:01:20,046 - final_problem_set.kxor_instance_n23_k2_m174_ell2_eps0.2_kappa1.0_rho0.2 - INFO - Built voting matrix V (n=23, ell=2, dtype=complex128) in 0.003s
2026-01-20 11:01:20,047 - final_problem_set.kxor_instance_n23_k2_m174_ell2_eps0.2_kappa1.0_rho0.2 - INFO - Eval: adv=0.2874, hamming=10/23 (0.435), corr=0.130
2026-01-20 11:01:20,047 - final_problem_set.kxor_instance_n23_k2_m174_ell2_eps0.2_kappa1.0_rho0.2 - INFO - Key extraction complete: x_hat=0
2026-01-20 11:01:20,047 - final_problem_set.kxor_instance_n23_k2_m174_ell2_eps0.2_kappa1.0_rho0.2 - INFO - Finished step 'KeyExtractionStep' in 0.005s (success: True, problem=kxor_instance_n23_k2_m174_ell2_eps0.2_kappa1.0_rho0.2)
2026-01-20 11:01:20,047 - final_problem_set.kxor_instance_n23_k2_m174_ell2_eps0.2_kappa1.0_rho0.2 - INFO - SUCCESS: len(z_hat)=23
2026-01-20 11:01:20,047 - final_problem_set.kxor_instance_n23_k2_m174_ell2_eps0.2_kappa1.0_rho0.2 - INFO - Metrics: adv=0.28735632183908044, ham_frac=0.43478260869565216, corr=0.13043478260869565
2026-01-20 11:01:20,047 - final_problem_set.kxor_instance_n23_k2_m174_ell2_eps0.2_kappa1.0_rho0.2 - INFO - z_hat (full): [-1,  1, -1,  1, -1, -1,  1,  1,  1,  1,  1, -1, -1, -1, -1,  1, -1,  1,  1,  1,  1,  1, -1]
