2026-01-20 11:01:25,096 - final_problem_set.kxor_instance_n23_k2_m221_ell2_eps0.25_kappa0.875_rho0.8 - INFO - Starting iteration for /Users/julian/CodingProjects/UniT3/QuarticSpeedupK-XOR/z_Daphne/data/final_problem_set/kxor_instance_n23_k2_m221_ell2_eps0.25_kappa0.875_rho0.8.npz
2026-01-20 11:01:25,096 - final_problem_set.kxor_instance_n23_k2_m221_ell2_eps0.25_kappa0.875_rho0.8 - INFO - Loaded instance (n=23, m=221, k=2)
2026-01-20 11:01:25,097 - final_problem_set.kxor_instance_n23_k2_m221_ell2_eps0.25_kappa0.875_rho0.8 - INFO - Starting step 'ComputeKikuchiStep' (version 0.1) on problem kxor_instance_n23_k2_m221_ell2_eps0.25_kappa0.875_rho0.8 (fields={'ell': 2, 'threshold': 0.0})
2026-01-20 11:01:25,129 - final_problem_set.kxor_instance_n23_k2_m221_ell2_eps0.25_kappa0.875_rho0.8 - INFO - Finished step 'ComputeKikuchiStep' in 0.033s (success: True, problem=kxor_instance_n23_k2_m221_ell2_eps0.25_kappa0.875_rho0.8)
2026-01-20 11:01:25,129 - final_problem_set.kxor_instance_n23_k2_m221_ell2_eps0.25_kappa0.875_rho0.8 - INFO - Starting step 'ClassicalEigenvaluesStep' (version 0.1) on problem kxor_instance_n23_k2_m221_ell2_eps0.25_kappa0.875_rho0.8 (fields={'ell': 2, 'threshold': 0.0, 'kikuchi_matrix': <Dictionary Of Keys sparse matrix of dtype 'int64'
	with 6384 stored elements and shape (253, 253)>, 'num_eigenvalues': 5})
2026-01-20 11:01:25,235 - final_problem_set.kxor_instance_n23_k2_m221_ell2_eps0.25_kappa0.875_rho0.8 - INFO - Finished step 'ClassicalEigenvaluesStep' in 0.106s (success: True, problem=kxor_instance_n23_k2_m221_ell2_eps0.25_kappa0.875_rho0.8)
2026-01-20 11:01:25,235 - final_problem_set.kxor_instance_n23_k2_m221_ell2_eps0.25_kappa0.875_rho0.8 - INFO - Starting step 'KeyExtractionStep' (version 0.1) on problem kxor_instance_n23_k2_m221_ell2_eps0.25_kappa0.875_rho0.8 (fields={'ell': 2, 'threshold': 0.0, 'kikuchi_matrix': <Dictionary Of Keys sparse matrix of dtype 'int64'
	with 6384 stored elements and shape (253, 253)>, 'num_eigenvalues': 5, 'eigenvalues': array([12.34250054, 12.92009551, 13.34670864, 13.4273631 , 19.5934064 ]), 'eigenvectors': array([[ 9.82061652e-02,  6.13163538e-02,  2.66329066e-02, -1.08196623e-02,  8.68350791e-02],
       [ 6.73724127e-02,  2.03046240e-02,  7.89032353e-02,  6.01109440e-02,  7.36482720e-02],
       [-3.49614381e-03,  4.02954915e-02, -5.61884327e-02,  1.01454688e-01, -6.65231795e-02],
       [ 5.77033377e-02, -7.28108945e-02, -1.16044215e-01,  8.90857577e-03, -6.29195665e-02],
       [-3.45653082e-02, -4.16716753e-02,  9.43060028e-02,  6.51846457e-02,  6.76841994e-02],
       [ 6.44528479e-02,  6.35630313e-02, -2.08945968e-02,  6.85972411e-02,  8.82226265e-02],
       [ 3.29571390e-02,  8.46832506e-02, -2.07504577e-02, -1.88558135e-03, -7.54671150e-02],
       [-6.08888068e-02, -2.78915053e-02, -6.13270508e-02, -1.31112185e-01, -8.40216074e-02],
       [ 5.04945606e-02, -2.20989585e-02,  8.11403660e-02,  7.46709991e-02,  7.67726353e-02],
       [ 9.71627103e-02,  3.63149905e-02,  5.44770541e-02, -8.35998540e-03,  6.42566559e-02],
       [ 5.61948312e-03,  7.67769574e-02,  1.24316035e-03, -5.34479866e-03,  8.85540746e-02],
       [-1.42105844e-02, -4.60564497e-02,  7.07063179e-02, -9.42658156e-02, -8.20328171e-02],
       [ 6.98985157e-02,  1.51286093e-01,  3.74506677e-02,  2.42260097e-02,  6.68626869e-02],
       [ 2.29376854e-02,  4.06816112e-02, -5.10090704e-02, -4.64450303e-02,  8.04891280e-02],
       [ 1.42037387e-01,  3.35640064e-02,  3.97379832e-02,  4.69312082e-02,  8.93495514e-02],
       [ 8.91580704e-03, -2.26682656e-02, -4.11741935e-02, -1.45309696e-01, -6.40252216e-02],
       [-3.67636642e-03,  5.26301616e-02, -3.41558895e-02, -1.09470778e-03,  5.53433757e-02],
       [ 6.68436931e-02, -8.19928426e-02, -1.84889569e-02,  7.46309534e-02,  9.08403672e-02],
       [-6.17928057e-02,  2.74790992e-02, -1.78849344e-02, -9.26349135e-02, -5.76049415e-02],
       [-4.46911064e-02,  5.49208411e-03,  5.34673565e-02,  4.40371464e-02,  8.55673596e-02],
       [ 1.29378717e-01, -8.83452901e-02,  2.77355846e-02, -2.52727912e-02,  4.06045066e-02],
       [-3.66592014e-02, -3.27085870e-02, -1.40112822e-01,  2.24028405e-05, -4.43087419e-02],
       [-6.21965018e-02, -3.03008581e-02, -2.52036438e-02,  3.40453568e-02, -7.02693436e-02],
       [-2.52576542e-03, -2.98303660e-02,  1.32716426e-02, -1.50444991e-01,  5.32563344e-02],
       [-5.34020937e-02,  7.41516082e-02,  7.35756934e-02, -7.41397347e-02,  5.93541373e-02],
       [ 3.57768859e-02,  3.06495570e-02, -5.31988553e-02,  1.56570099e-02, -7.29957506e-02],
       [-5.77022214e-02, -6.57189389e-02,  7.39325337e-02,  3.96012643e-02, -8.26782703e-02],
       [-3.06137293e-02, -6.85489135e-02, -2.81794478e-02, -8.44356673e-02,  6.96621288e-02],
       [ 6.47799442e-02,  4.35980023e-02,  1.67777133e-03,  2.50116364e-02,  9.19454683e-02],
       [-3.47631766e-02,  9.54149722e-03, -2.15785865e-02,  1.98837566e-02, -6.73718116e-02],
       [-9.11679435e-02, -4.03989618e-02, -1.50830667e-02,  7.43699378e-02, -6.00675177e-02],
       [-2.00269482e-03, -6.94906908e-02,  5.08059783e-02,  1.00104371e-01, -7.35324386e-02],
       [ 1.41366618e-02,  4.91597524e-02, -1.17235118e-01, -7.64320771e-03,  7.69222787e-02],
       [-6.59770350e-02, -1.44088309e-01,  3.56887071e-03,  5.36112552e-02, -6.17422968e-02],
       [-1.58081957e-02, -3.69970674e-02,  8.40806220e-02,  1.18669243e-01, -6.43370270e-02],
       [-1.28233316e-01, -4.11006081e-02,  1.96633608e-02,  6.45841712e-02, -8.25061222e-02],
       [-8.73134056e-03,  3.37338781e-02, -3.69340413e-04,  6.75327800e-02,  7.00826651e-02],
       [-2.33907757e-04, -5.20149787e-02,  6.05933551e-02,  5.88531942e-02, -5.06735542e-02],
       [-6.03165210e-02,  6.19716394e-02,  7.87196667e-02,  3.91678161e-02, -8.53258770e-02],
       [ 6.84965659e-02, -1.84338369e-02, -2.04645803e-02,  2.36732620e-02,  6.33302003e-02],
       [ 4.49074330e-02, -1.74103196e-02,  5.66778356e-03,  6.04361285e-02, -7.98107737e-02],
       [-1.18187071e-01,  7.31630429e-02, -8.35380442e-04,  6.47974486e-02, -3.73291345e-02],
       [ 4.08496341e-02,  4.32122577e-02,  1.15996750e-01, -5.15654427e-02,  4.80056927e-02],
       [-4.17548510e-03, -4.69395009e-02,  5.64640807e-02, -1.07729397e-01,  5.55310930e-02],
       [-5.86578221e-02,  4.98508762e-02,  1.17726832e-01, -2.37087483e-02,  5.77550542e-02],
       [ 4.05576639e-02,  5.40170567e-02, -1.01899608e-01, -4.64052052e-02, -6.48857715e-02],
       [-4.63411117e-02, -3.98495280e-02,  1.40975089e-02, -4.01706436e-02, -8.51370465e-02],
       [-3.43307582e-02, -7.79242572e-02,  2.28199889e-02, -1.81625966e-02,  5.93025412e-02],
       [ 4.06531820e-02,  6.14689784e-03,  6.39488048e-02,  9.28099633e-02,  7.48385309e-02],
       [-2.49279005e-02,  3.09887456e-02, -7.00854074e-02, -3.66068740e-02, -5.97071193e-02],
       [-8.53942530e-02, -1.67644486e-02, -6.25235579e-02,  2.52215638e-02, -6.12855082e-02],
       [ 8.40617931e-03, -3.81450143e-02, -3.96518445e-03,  2.68188904e-02, -6.60840348e-02],
       [ 3.11361649e-04,  2.53504077e-02, -6.24920020e-02,  6.71911706e-02,  7.62904783e-02],
       [-5.03495378e-02, -1.09782731e-01, -3.47604902e-02, -2.37594924e-03, -5.84182389e-02],
       [-1.09563967e-02, -2.12192091e-02,  4.20609292e-02,  6.99939006e-02, -7.41026127e-02],
       [-1.06010440e-01, -7.76279695e-03, -4.21135587e-02, -1.45977050e-02, -7.67788946e-02],
       [-1.67389481e-02,  6.01489940e-03,  4.80299347e-02,  1.22214980e-01,  6.05399245e-02],
       [ 9.83364609e-03, -3.86197679e-02,  2.51348526e-02,  1.62413478e-02, -5.28717414e-02],
       [-3.95259175e-02,  7.43248052e-02,  8.63307014e-03, -3.36582634e-02, -7.23511197e-02],
       [ 5.16170619e-02, -3.86663577e-02,  2.91323069e-02,  7.66716767e-02,  5.69008641e-02],
       [ 4.49706978e-02,  9.32607666e-03, -4.73384986e-02, -1.00836131e-02, -6.67691794e-02],
       [-1.12237181e-01,  8.29389613e-02, -3.31355277e-02,  3.42593599e-02, -3.65373573e-02],
       [ 2.59499304e-02,  1.63837933e-02,  1.31134535e-01, -1.04459425e-02,  3.87750574e-02],
       [ 6.39272665e-02,  3.59434031e-03, -7.03850849e-02,  1.07446633e-01, -4.19342577e-02],
       [-6.18616733e-02, -7.69125097e-02,  5.72342734e-02, -7.27154711e-02,  4.76060174e-02],
       [-2.69440606e-02, -3.41155096e-02, -1.86606673e-02, -1.29183904e-01,  6.78449353e-02],
       [ 5.36167166e-02,  8.91452860e-02, -1.02664151e-02,  1.08813014e-01, -4.28134753e-02],
       [ 2.59584627e-02,  6.11436986e-02, -4.74993889e-02,  7.89862571e-02, -7.52446541e-02],
       [-2.35829726e-02, -7.63856959e-02,  5.18273716e-02, -9.34931597e-02,  5.33034324e-02],
       [ 1.87863870e-02, -2.99226067e-02,  3.66841591e-02, -1.11672105e-01,  4.34830670e-02],
       [-4.53107047e-02, -1.95017362e-02, -1.86740909e-03, -1.32635118e-01,  4.93878566e-02],
       [ 5.56744682e-02,  3.79082884e-02,  5.46255698e-02,  9.49137349e-02, -6.27437463e-02],
       [ 1.84743173e-03,  4.47245527e-02,  2.63671799e-02, -1.19135841e-01,  5.22055426e-02],
       [-3.24171072e-02, -2.87818033e-02, -2.77059785e-02, -1.46080385e-01,  4.47244241e-02],
       [ 3.10114434e-02, -5.54800056e-02,  2.78983933e-02, -1.49392994e-01,  6.61568829e-02],
       [ 6.55399318e-02,  4.79981993e-02, -3.23675719e-02,  2.34870012e-02, -5.52608531e-02],
       [-4.03894001e-02, -1.06689867e-02, -2.25458123e-02, -1.04094682e-01,  4.02712409e-02],
       [-2.36766837e-02, -1.06552957e-01, -8.82044949e-03, -1.07575888e-01,  5.74072150e-02],
       [ 1.69145517e-03,  7.12540199e-02, -1.39765128e-02,  4.74145965e-02, -4.69064127e-02],
       [-7.17912794e-02, -5.21811937e-02,  2.90663919e-02, -1.11310790e-01,  5.24771573e-02],
       [ 5.67079229e-02, -7.63348655e-02,  2.11166882e-02, -8.10494737e-02,  2.68820367e-02],
       [-7.31706561e-04,  1.14240053e-02, -9.11316593e-02,  7.18251580e-02, -3.12528428e-02],
       [-1.08130409e-01,  7.89150098e-03,  1.06907679e-01, -8.39177778e-03,  4.89371920e-02],
       [-9.92758815e-02,  9.62514422e-02,  5.02240025e-02, -2.95084250e-02,  7.33091960e-02],
       [ 1.08058026e-01,  2.30653577e-02, -5.52969305e-02,  5.13712422e-02, -5.07989663e-02],
       [ 8.70563257e-02, -6.00961612e-02, -1.06318679e-01, -1.48870969e-02, -6.55335749e-02],
       [-6.48413984e-02,  1.61603002e-02,  9.97429286e-02, -1.58256100e-02,  5.23273431e-02],
       [-1.94718584e-02,  5.85393664e-02,  9.67106703e-02, -6.30298624e-02,  5.07948808e-02],
       [-1.01619126e-01,  7.74065757e-02,  5.08696577e-02, -6.15047415e-02,  5.55459955e-02],
       [ 1.40991977e-01, -8.57982696e-02,  5.99905738e-04, -2.97063384e-03, -7.23293413e-02],
       [-4.82397528e-02,  1.31771188e-01,  7.38026143e-02, -3.85083202e-02,  4.91979606e-02],
       [-9.60461902e-02,  6.33793534e-02,  1.53305971e-02, -9.52159812e-02,  5.84361072e-02],
       [-2.82730240e-02,  6.99584670e-02,  1.03053051e-01, -5.11160284e-02,  7.46091889e-02],
       [ 1.14784863e-01, -5.27716722e-02, -7.88115261e-02, -5.40481662e-02, -5.32021616e-02],
       [-7.98592290e-02,  5.70677466e-02,  1.03920366e-02, -4.15882480e-02,  4.06533452e-02],
       [-9.45099060e-02, -2.41362390e-02,  4.88488063e-02, -2.60971413e-02,  7.57275362e-02],
       [ 4.72138861e-02, -1.04743239e-02, -6.17491453e-02, -2.05040862e-02, -5.05508258e-02],
       [-1.32499900e-01,  4.02048887e-02,  8.15718921e-02, -3.62308176e-02,  5.64475909e-02],
       [ 4.01205396e-02, -4.56723175e-02,  6.65649498e-02, -6.33325440e-02,  3.53490201e-02],
       [ 2.09280765e-02, -3.96975404e-02, -1.28093685e-01,  3.31057827e-02, -3.16705272e-02],
       [ 7.26307298e-02,  3.44100832e-02, -1.76386890e-02, -4.64095695e-02, -7.39430661e-02],
       [-1.01804707e-01, -1.18466703e-01,  3.47818538e-02,  3.49052286e-04,  5.31454155e-02],
       [-6.64154333e-02, -6.00562073e-02,  8.22529792e-02,  9.36518234e-02,  6.96020731e-02],
       [ 4.97329729e-02,  8.10806483e-02, -8.14859670e-02, -4.42632173e-02, -5.63703021e-02],
       [ 2.70825432e-03,  3.50416725e-02, -7.71714524e-02,  9.99736767e-03, -5.69915031e-02],
       [ 1.03627050e-01,  1.70802815e-02, -2.87879275e-02,  9.39704362e-03, -6.75925204e-02],
       [-1.12407376e-01, -4.14114060e-02, -3.02429537e-02,  7.52997177e-02,  7.25990169e-02],
       [ 3.68618219e-02, -7.36998631e-02, -7.01787927e-02, -1.89051452e-02, -6.68166632e-02],
       [ 8.53072729e-02,  3.68656553e-02,  1.37900055e-02,  4.05333824e-02, -6.53693951e-02],
       [-3.48616196e-04,  6.32468046e-02, -7.52372689e-02, -3.24047053e-02, -8.13147267e-02],
       [-8.70106164e-02, -4.18020004e-02,  5.31865985e-02,  1.01715778e-01,  5.05496246e-02],
       [ 8.65325558e-02,  1.13404722e-02,  6.69058488e-03,  1.06609882e-03, -4.89777705e-02],
       [ 6.97396126e-02,  1.51626411e-01, -1.86585267e-02, -5.13911199e-02, -7.18511633e-02],
       [-2.55079559e-02, -7.52313228e-02,  3.66796739e-02,  6.81411781e-02,  4.78477870e-02],
       [ 1.23734222e-01,  6.16662875e-02, -6.24325764e-02, -2.67594385e-02, -6.19561032e-02],
       [-5.61655693e-02,  1.11958695e-01, -4.53109001e-02,  1.97181051e-02, -3.58337180e-02],
       [-1.16192143e-02, -7.84942460e-03,  1.28188002e-01, -1.53499664e-03,  3.68873248e-02],
       [-6.80018012e-02, -7.98236161e-02, -7.26813377e-02, -2.44064947e-02,  7.78699101e-02],
       [ 2.71371149e-02,  4.49885991e-02, -4.89400665e-02,  1.09267776e-01,  9.14707916e-02],
       [-1.49298099e-02,  1.01797166e-02,  1.85579504e-02, -4.91439020e-02, -8.17208756e-02],
       [-7.81892488e-02, -4.45388843e-02,  1.79943234e-02,  2.69194881e-02, -6.67915584e-02],
       [ 2.93958098e-02, -7.04642671e-02,  8.84189889e-02,  3.28619350e-02, -7.63948080e-02],
       [-1.67480223e-02,  5.15395683e-02, -1.70731806e-01,  6.82099396e-02,  8.00449947e-02],
       [-4.88419344e-02, -1.67903586e-01,  3.79307297e-02, -3.87484257e-03, -6.99528758e-02],
       [ 1.02448541e-02, -4.03780755e-02,  1.30845959e-01,  6.87415076e-02, -7.17495226e-02],
       [-1.16824580e-01, -4.60164171e-02,  7.16160553e-02, -1.76045592e-02, -9.27632003e-02],
       [-3.79591553e-02,  3.32475714e-02, -3.39666236e-02,  1.31080135e-01,  6.71148990e-02],
       [ 2.65058617e-02, -5.85571095e-02,  9.32573074e-02,  1.76267644e-02, -5.47412866e-02],
       [-2.95774664e-02,  6.80159607e-02,  1.26165814e-01, -3.95327988e-02, -8.61332338e-02],
       [ 4.86742519e-02, -2.02831587e-02, -6.13460466e-02,  8.66019027e-02,  6.66608349e-02],
       [ 8.95910482e-02, -2.05147224e-02,  5.34518054e-02, -1.31747695e-02, -8.89505336e-02],
       [-1.31277171e-01,  8.77095656e-02,  2.88472188e-02,  3.93943441e-02, -4.69330762e-02],
       [ 2.79593916e-02,  5.84015146e-02,  1.01695947e-01, -1.11709494e-02,  6.01277346e-02],
       [ 7.01121570e-02,  1.06442064e-01, -1.24542875e-03, -3.19021265e-02, -7.73414876e-02],
       [-5.85415652e-02, -1.20582515e-01,  1.93736317e-02, -9.65019263e-03,  6.05956856e-02],
       [ 1.54247281e-03, -6.56235794e-02,  1.20722866e-02, -6.04624258e-02,  5.68820957e-02],
       [-8.14173452e-02, -4.83496640e-02, -3.83333624e-02, -6.27623715e-02,  5.80471185e-02],
       [ 8.87756475e-02,  7.35268309e-02,  9.28833975e-02, -2.10496834e-03, -6.41208344e-02],
       [-2.91862539e-02,  3.05686108e-02, -6.04599194e-03, -4.68002360e-02,  6.59454131e-02],
       [-6.28476653e-02, -5.94248410e-02, -6.88353282e-02, -8.77833755e-02,  5.52259062e-02],
       [ 4.16241594e-03, -1.03252943e-01, -1.53435972e-02, -4.72247711e-02,  7.79376012e-02],
       [ 9.65999284e-02,  8.09713395e-02, -5.65589896e-04, -6.23771696e-02, -5.63128627e-02],
       [-7.45794425e-02, -3.57102163e-02, -5.54435607e-02, -4.64646266e-02,  4.67239265e-02],
       [-5.84255982e-02, -1.57983293e-01, -5.16240335e-02, -1.69315398e-02,  6.27544375e-02],
       [ 2.29634972e-02,  9.72314176e-02,  1.25170359e-02, -2.43927149e-02, -4.77592285e-02],
       [-1.16909431e-01, -9.09831289e-02, -3.83335776e-03, -3.07691839e-02,  5.96464647e-02],
       [ 5.58280190e-02, -1.07521222e-01,  2.62074315e-03, -4.68935663e-02,  3.19810458e-02],
       [ 2.01047971e-02,  3.45265433e-02, -9.60111408e-02,  3.59965835e-02, -4.09779189e-02],
       [ 1.64986079e-02, -3.53380540e-02,  5.49201378e-02,  9.50680554e-02,  7.16360833e-02],
       [ 7.90466089e-02,  2.24643877e-02,  4.27656787e-02,  1.69450917e-02,  6.92723805e-02],
       [-3.34698908e-02,  5.18990785e-02, -2.37781881e-02,  2.79436934e-02,  8.65104995e-02],
       [ 2.14852576e-02, -2.89099369e-02,  9.85041647e-02, -1.31938996e-01, -8.37454533e-02],
       [ 4.99625214e-02,  1.43985560e-01,  2.10446333e-02,  5.48978932e-02,  7.11526212e-02],
       [-1.08792451e-02,  2.54558688e-02, -8.13500251e-02, -1.24166344e-02,  9.07316948e-02],
       [ 1.27829233e-01,  1.71531428e-02,  1.96133772e-02,  9.81422607e-02,  1.01899553e-01],
       [ 3.53429729e-02, -1.04900634e-02, -2.62969027e-02, -1.74608291e-01, -6.38093494e-02],
       [-3.18873761e-02,  4.22852819e-02, -5.03524238e-02,  1.92052874e-02,  5.63909200e-02],
       [ 2.38722968e-02, -9.47333640e-02, -4.18068035e-02,  1.01079563e-01,  8.59467303e-02],
       [-4.08641080e-02,  4.14656822e-02, -5.56717924e-03, -1.21147707e-01, -6.04128846e-02],
       [-7.86251727e-02, -1.23256560e-02,  2.66346366e-02,  6.86233162e-02,  8.02898222e-02],
       [ 1.20402308e-01, -9.90814135e-02,  1.90628412e-02, -1.32137093e-02,  4.24133402e-02],
       [-2.87214372e-02, -2.71906532e-02, -1.52503183e-01, -2.62141138e-02, -5.28656025e-02],
       [-6.27397855e-02,  1.92311984e-02, -6.05961826e-02,  1.53026393e-02, -5.98415889e-02],
       [ 3.46638909e-02,  6.68795548e-04, -3.88062322e-04,  2.00498060e-02, -6.91106271e-02],
       [-2.84768366e-02, -2.08611806e-02, -6.53762914e-02,  7.48412233e-02,  7.45153598e-02],
       [-3.65729967e-02, -8.57140888e-02, -3.89633933e-02, -1.39891053e-02, -6.27691812e-02],
       [ 1.73601925e-02,  2.06236881e-02,  4.08160911e-02,  5.12460462e-02, -6.71301433e-02],
       [-7.62941248e-02,  3.49740975e-02, -4.05176135e-02, -2.60621400e-02, -7.52840239e-02],
       [-2.92105573e-02, -2.57180839e-02,  3.71260680e-02,  1.09062707e-01,  5.37399737e-02],
       [ 2.94273965e-02, -6.03194733e-03,  2.70410584e-02,  5.75191732e-03, -5.12878501e-02],
       [-8.38589921e-03,  1.13647844e-01,  1.04450318e-02, -4.03939898e-02, -6.82702419e-02],
       [ 3.10374912e-02, -7.12483924e-02,  2.44819824e-02,  7.88585737e-02,  5.47727371e-02],
       [ 6.11985356e-02,  4.52695068e-02, -3.98227985e-02, -1.69504696e-02, -6.31177231e-02],
       [-8.63931054e-02,  9.24501043e-02, -2.79904081e-02,  2.57270422e-02, -3.25370948e-02],
       [ 2.20089686e-02, -4.06348977e-03,  1.37570526e-01, -5.01952628e-03,  4.13428078e-02],
       [-2.88408619e-02, -4.52010355e-02,  2.70411066e-03,  6.40126225e-02, -5.65308798e-02],
       [ 4.63006579e-02,  4.10890937e-02, -7.59284398e-02,  1.91164106e-03,  7.30698228e-02],
       [-8.45125809e-02, -1.24068636e-01, -2.90140560e-02,  4.31394033e-02, -5.48157801e-02],
       [-3.73192436e-02, -2.50012757e-02,  3.76675421e-02,  8.56078704e-02, -5.35580829e-02],
       [-1.31269355e-01, -2.27509508e-02, -2.59705277e-02,  4.40708292e-02, -6.61659608e-02],
       [ 1.68675525e-02,  1.70625568e-02,  3.08665818e-02,  5.67397591e-02,  5.50833560e-02],
       [-2.25674187e-02, -4.20815757e-02,  2.83458268e-02,  4.99168772e-02, -4.54000990e-02],
       [-8.09152835e-02,  6.40240769e-02,  2.16598161e-02,  2.39343920e-02, -6.96431376e-02],
       [ 6.48823295e-02, -2.03767958e-02,  8.84170757e-03,  1.97257613e-02,  4.57253511e-02],
       [ 5.22857744e-03, -4.60930785e-03, -3.70218160e-02,  4.16430230e-02, -6.70499258e-02],
       [-1.18217010e-01,  6.77319452e-02, -2.38791625e-02,  5.61621215e-02, -3.22165825e-02],
       [ 4.11248221e-02,  2.55136826e-02,  1.06980513e-01, -3.40530726e-02,  3.40487574e-02],
       [-6.11029436e-02,  5.58872970e-02, -1.22344788e-01, -4.20589040e-03,  6.97786103e-02],
       [-1.80820690e-03, -1.39932896e-01,  1.93596547e-02,  4.61950505e-02, -5.84367107e-02],
       [ 4.31492039e-02, -4.24028609e-02,  9.10123635e-02,  1.02816787e-01, -5.84636109e-02],
       [-3.87075317e-02, -4.83154664e-02,  4.04821839e-02,  5.57989363e-02, -7.80005908e-02],
       [-7.14723031e-02,  3.46149375e-02, -1.51561679e-02,  6.02930620e-02,  5.92668172e-02],
       [ 4.60253583e-02, -5.50563431e-02,  6.73501439e-02,  4.95762716e-02, -4.77239126e-02],
       [ 2.82154159e-02,  4.59665026e-02,  9.43208518e-02,  3.20064144e-02, -7.85120489e-02],
       [ 9.47906128e-04, -6.89994675e-03, -3.48978869e-02,  2.49366791e-02,  5.83286828e-02],
       [ 1.18326681e-01, -2.68579351e-02,  2.65465410e-02,  4.99716591e-02, -7.30409962e-02],
       [-8.30581891e-02,  6.27841896e-02,  1.26543433e-02,  6.56161112e-02, -4.05767199e-02],
       [-7.20119798e-03,  4.69057435e-02,  9.21554205e-02, -4.40160022e-02,  4.51649939e-02],
       [ 1.08957905e-02,  1.40329231e-01, -7.49305355e-02,  2.75357155e-02,  6.39967295e-02],
       [-3.67674201e-02,  2.91523689e-02, -1.55584693e-01, -3.78496016e-02,  6.47637297e-02],
       [ 6.30575408e-02,  2.92597247e-02, -1.20958533e-01,  4.84400983e-02,  8.50148045e-02],
       [ 6.61089773e-02, -2.16947772e-02,  6.52795789e-02, -1.38378650e-01, -5.97438496e-02],
       [-4.99864556e-02,  4.74811891e-02, -1.12706318e-01,  2.92800129e-03,  5.01214344e-02],
       [-9.89886701e-03, -6.81039435e-02, -1.58981477e-01,  6.38442262e-02,  7.55320205e-02],
       [-1.17357918e-02,  2.46844345e-02,  7.96530704e-02, -9.07532691e-02, -5.59500545e-02],
       [-1.12222624e-01,  6.37131633e-03, -8.62739314e-02,  3.97076363e-02,  7.37281177e-02],
       [ 1.01860077e-01, -8.79966597e-02, -6.75431113e-02, -1.47006809e-02,  4.65736076e-02],
       [ 9.08163028e-03, -4.53556328e-02, -5.67784862e-02, -1.24538011e-02, -5.65076832e-02],
       [-1.57607279e-02, -1.14167976e-01,  5.40273370e-02,  7.35176636e-02, -5.69250534e-02],
       [-1.07308419e-01, -1.42201500e-01, -4.83240344e-03,  1.51493404e-02, -6.96001927e-02],
       [-8.92124587e-03,  1.16821176e-01,  1.74575915e-02,  9.04023614e-02,  5.71774097e-02],
       [-2.12865114e-03, -1.20944955e-01,  4.29474223e-02,  3.26552817e-02, -4.66827464e-02],
       [-5.99856135e-02, -5.85880386e-02,  5.24592173e-02, -5.29887064e-03, -8.06312595e-02],
       [ 5.53816971e-02,  6.64220401e-02, -1.28581703e-03,  4.83609680e-02,  5.46438703e-02],
       [ 3.40863797e-02, -1.03232569e-01, -1.43215125e-02,  1.48953131e-02, -6.33603740e-02],
       [-1.12663370e-01,  1.36002990e-02, -9.06158138e-03,  4.81910989e-02, -3.69647361e-02],
       [ 2.58401089e-02,  8.07196288e-02,  9.91345962e-02, -2.14259429e-02,  3.71275405e-02],
       [-5.37652597e-02, -2.08670172e-02,  8.73001276e-02,  9.31661447e-02, -7.35111959e-02],
       [-5.99408893e-02,  1.70809847e-02, -5.64204165e-02,  3.11410961e-02,  6.16690846e-02],
       [ 3.26099959e-02, -3.81470721e-02,  8.78858464e-02,  6.89325848e-02, -4.45332610e-02],
       [ 3.41783226e-03,  5.68531542e-02,  1.23269948e-01,  6.14083337e-02, -6.86454204e-02],
       [ 1.31648714e-02, -2.47757870e-02, -7.01035212e-02, -4.20248213e-03,  5.60635578e-02],
       [ 8.35845632e-02, -5.56249360e-03,  6.17179259e-02,  7.45661322e-02, -6.54758406e-02],
       [-8.80098687e-02,  7.00339919e-02,  3.67428366e-02,  7.88450433e-02, -3.71846028e-02],
       [ 4.36991179e-04,  3.30069816e-02,  6.11611062e-02, -6.48463569e-02,  4.47368966e-02],
       [ 3.22064295e-02,  1.03221640e-02,  1.33865093e-02,  1.26317261e-01,  7.44156153e-02],
       [-4.62741996e-02, -5.35673733e-02,  7.11850670e-02,  3.96051574e-02, -6.89489624e-02],
       [-1.07303090e-01,  9.19040629e-02,  6.66263973e-02, -1.68724670e-02, -8.73692306e-02],
       [ 9.61460005e-02, -4.08043528e-02, -9.90318894e-03,  6.70589484e-02,  6.24375472e-02],
       [ 2.77894532e-03,  1.06289653e-02, -1.19053990e-02,  1.00693314e-02, -9.09335080e-02],
       [-1.49600950e-01,  9.64645560e-02, -7.11676744e-03,  4.96468191e-02, -4.06692629e-02],
       [ 5.44955643e-02,  2.70264652e-02,  1.33590802e-01, -2.45808403e-02,  4.83555956e-02],
       [-7.23851740e-02,  3.84449653e-02, -4.10686714e-02,  6.28196313e-02,  4.94446686e-02],
       [-3.32789983e-02, -7.07333689e-02, -3.00903986e-02,  1.19554680e-01,  6.25897981e-02],
       [ 5.93446708e-03,  2.93329904e-02, -3.10566009e-03, -1.17475163e-01, -4.42499421e-02],
       [-1.02825505e-01, -7.23690171e-03,  1.85907487e-02,  9.41718698e-02,  5.89872644e-02],
       [ 7.00751305e-02, -8.41877720e-02,  1.50144866e-02,  3.01675399e-02,  3.82717255e-02],
       [ 7.98542380e-03, -2.06873508e-02, -9.89191863e-02, -3.78625065e-02, -3.69981699e-02],
       [ 2.52888150e-02,  1.99400194e-02,  8.78809452e-02,  1.57042551e-02, -5.36422612e-02],
       [-2.49596939e-03, -5.54509168e-04, -4.93416237e-02,  2.28610097e-02,  4.28618749e-02],
       [ 9.70555231e-02, -2.67385119e-02,  4.81167638e-02,  2.95117264e-02, -5.44555584e-02],
       [-6.04803866e-02,  4.34175451e-02,  2.52095354e-02,  4.86760773e-02, -2.90137855e-02],
       [-5.69964972e-03,  4.04339303e-02,  4.93925321e-02, -2.95606123e-02,  3.54400362e-02],
       [ 3.93816593e-02, -1.06515360e-01, -4.43694340e-02,  7.48349286e-02,  5.70577809e-02],
       [ 7.09089034e-02,  9.44075841e-02,  3.97563422e-02, -1.39068733e-02, -7.48403325e-02],
       [-1.10371175e-01,  1.24041306e-01,  1.69291561e-02,  3.13753329e-02, -3.73932288e-02],
       [ 2.39602447e-02, -3.16636417e-02,  9.89587880e-02, -8.83637984e-03,  5.26256959e-02],
       [-4.19731047e-02, -5.91547652e-02,  3.51790732e-03,  6.51094278e-02,  6.56401862e-02],
       [ 9.75546884e-02, -9.31426169e-02,  2.22337203e-03,  1.78729508e-03,  3.08483078e-02],
       [-2.85259606e-02,  6.94204095e-03, -8.89277126e-02, -2.07673795e-02, -3.58053926e-02],
       [-6.23064020e-02,  9.48064141e-02, -1.60481543e-02,  4.43603129e-02, -4.10644968e-02],
       [-2.68493936e-02,  1.28536127e-02,  1.26330705e-01, -2.15420733e-02,  4.62825334e-02],
       [ 6.78425115e-02, -4.24771409e-02,  7.69785510e-02, -3.59126725e-02,  2.37008701e-02]])})
2026-01-20 11:01:25,238 - final_problem_set.kxor_instance_n23_k2_m221_ell2_eps0.25_kappa0.875_rho0.8 - INFO - Running key extraction (n=23, m=221, ell=2, phase_qubits=13)
2026-01-20 11:01:25,241 - final_problem_set.kxor_instance_n23_k2_m221_ell2_eps0.25_kappa0.875_rho0.8 - INFO - Built voting matrix V (n=23, ell=2, dtype=complex128) in 0.003s
2026-01-20 11:01:25,242 - final_problem_set.kxor_instance_n23_k2_m221_ell2_eps0.25_kappa0.875_rho0.8 - INFO - Eval: adv=0.7466, hamming=0/23 (0.000), corr=1.000
2026-01-20 11:01:25,242 - final_problem_set.kxor_instance_n23_k2_m221_ell2_eps0.25_kappa0.875_rho0.8 - INFO - Key extraction complete: x_hat=15
2026-01-20 11:01:25,242 - final_problem_set.kxor_instance_n23_k2_m221_ell2_eps0.25_kappa0.875_rho0.8 - INFO - Finished step 'KeyExtractionStep' in 0.004s (success: True, problem=kxor_instance_n23_k2_m221_ell2_eps0.25_kappa0.875_rho0.8)
2026-01-20 11:01:25,242 - final_problem_set.kxor_instance_n23_k2_m221_ell2_eps0.25_kappa0.875_rho0.8 - INFO - SUCCESS: len(z_hat)=23
2026-01-20 11:01:25,242 - final_problem_set.kxor_instance_n23_k2_m221_ell2_eps0.25_kappa0.875_rho0.8 - INFO - Metrics: adv=0.746606334841629, ham_frac=0.0, corr=1.0
2026-01-20 11:01:25,242 - final_problem_set.kxor_instance_n23_k2_m221_ell2_eps0.25_kappa0.875_rho0.8 - INFO - z_hat (full): [-1,  1,  1, -1, -1,  1,  1, -1, -1,  1,  1,  1, -1,  1,  1,  1, -1,  1,  1, -1,  1,  1, -1]
