2026-01-20 11:01:08,389 - final_problem_set.kxor_instance_n21_k2_m229_ell2_eps0.15_kappa0.75_rho1.0 - INFO - Starting iteration for /Users/julian/CodingProjects/UniT3/QuarticSpeedupK-XOR/z_Daphne/data/final_problem_set/kxor_instance_n21_k2_m229_ell2_eps0.15_kappa0.75_rho1.0.npz
2026-01-20 11:01:08,390 - final_problem_set.kxor_instance_n21_k2_m229_ell2_eps0.15_kappa0.75_rho1.0 - INFO - Loaded instance (n=21, m=229, k=2)
2026-01-20 11:01:08,390 - final_problem_set.kxor_instance_n21_k2_m229_ell2_eps0.15_kappa0.75_rho1.0 - INFO - Starting step 'ComputeKikuchiStep' (version 0.1) on problem kxor_instance_n21_k2_m229_ell2_eps0.15_kappa0.75_rho1.0 (fields={'ell': 2, 'threshold': 0.0})
2026-01-20 11:01:08,420 - final_problem_set.kxor_instance_n21_k2_m229_ell2_eps0.15_kappa0.75_rho1.0 - INFO - Finished step 'ComputeKikuchiStep' in 0.030s (success: True, problem=kxor_instance_n21_k2_m229_ell2_eps0.15_kappa0.75_rho1.0)
2026-01-20 11:01:08,420 - final_problem_set.kxor_instance_n21_k2_m229_ell2_eps0.15_kappa0.75_rho1.0 - INFO - Starting step 'ClassicalEigenvaluesStep' (version 0.1) on problem kxor_instance_n21_k2_m229_ell2_eps0.15_kappa0.75_rho1.0 (fields={'ell': 2, 'threshold': 0.0, 'kikuchi_matrix': <Dictionary Of Keys sparse matrix of dtype 'int64'
	with 5244 stored elements and shape (210, 210)>, 'num_eigenvalues': 5})
2026-01-20 11:01:08,516 - final_problem_set.kxor_instance_n21_k2_m229_ell2_eps0.15_kappa0.75_rho1.0 - INFO - Finished step 'ClassicalEigenvaluesStep' in 0.096s (success: True, problem=kxor_instance_n21_k2_m229_ell2_eps0.15_kappa0.75_rho1.0)
2026-01-20 11:01:08,516 - final_problem_set.kxor_instance_n21_k2_m229_ell2_eps0.15_kappa0.75_rho1.0 - INFO - Starting step 'KeyExtractionStep' (version 0.1) on problem kxor_instance_n21_k2_m229_ell2_eps0.15_kappa0.75_rho1.0 (fields={'ell': 2, 'threshold': 0.0, 'kikuchi_matrix': <Dictionary Of Keys sparse matrix of dtype 'int64'
	with 5244 stored elements and shape (210, 210)>, 'num_eigenvalues': 5, 'eigenvalues': array([13.4186219 , 13.82833199, 14.48045996, 15.45645326, 25.53090023]), 'eigenvectors': array([[ 5.38229831e-02,  6.87785293e-02, -1.05147942e-01, -1.01329025e-01,  6.37784320e-02],
       [-1.69632575e-02,  4.51813500e-02, -9.35422520e-02, -1.09632186e-01,  6.71501893e-02],
       [ 8.52342552e-03, -7.57690142e-02, -1.25511123e-01,  1.69188037e-02,  6.17827546e-02],
       [ 1.74547679e-02, -3.05463897e-02,  1.21339327e-01,  4.64101089e-02, -7.88922120e-02],
       [-6.05590460e-02,  5.05639948e-02, -3.94534903e-02,  1.43637259e-02,  5.99945252e-02],
       [-5.93352052e-02,  7.57768426e-02, -1.48918141e-01, -2.40233790e-02,  5.46457430e-02],
       [-8.12035791e-02, -9.95736743e-02,  1.20264062e-01,  4.46500873e-02, -6.51519204e-02],
       [ 3.96790715e-03,  6.74727289e-02, -8.58081919e-02, -4.94842208e-02,  7.89839071e-02],
       [-7.75971721e-03,  3.24519962e-02, -2.54388000e-02,  9.57152224e-02, -5.04972344e-02],
       [-9.40371781e-02, -1.01497411e-01, -1.83370106e-02,  2.17753281e-02, -6.19184773e-02],
       [ 2.65384197e-02, -1.84214291e-02, -1.11388074e-01, -1.03065852e-01,  7.25889926e-02],
       [-8.48930212e-02,  6.05548539e-02,  1.17450268e-01,  6.56466901e-02, -5.75697247e-02],
       [ 3.97658809e-02,  3.35975429e-02, -1.07380383e-01, -3.32659662e-02,  7.49914595e-02],
       [ 2.51995632e-02,  2.67214712e-02,  1.22678303e-01,  1.48652498e-02, -6.65540636e-02],
       [-6.42176440e-02,  5.47750953e-02, -4.22846413e-02, -9.06199913e-02,  7.34454797e-02],
       [-1.25861489e-02,  2.54693302e-02,  4.05109622e-02,  5.62232883e-02, -7.65174455e-02],
       [ 5.31905533e-02,  1.59073658e-02, -1.00499793e-01, -9.85056058e-02,  7.17235461e-02],
       [ 4.31163189e-02,  3.97314557e-02, -8.46992888e-02, -8.15215999e-02,  6.48320734e-02],
       [-4.10058634e-02, -4.00037047e-02,  1.06111755e-01, -6.49103134e-02, -5.62313177e-02],
       [ 8.95053658e-02,  1.43619896e-02, -4.61892734e-02,  6.27456837e-02,  4.92297307e-02],
       [-3.08590904e-03, -6.97171184e-02,  2.39180230e-02,  1.22694540e-01, -7.08526115e-02],
       [-2.68333828e-02,  6.12549688e-02,  6.27989904e-02, -1.16277375e-02, -6.55065385e-02],
       [ 4.95660989e-03,  5.79158606e-02, -3.81626295e-02, -5.65202405e-02,  8.37880775e-02],
       [ 4.63569908e-02, -7.15615521e-02, -2.46963304e-02, -9.41115219e-03, -6.32345470e-02],
       [ 4.86404614e-02, -9.74135675e-02,  9.96467158e-02,  2.98983451e-02, -5.83564742e-02],
       [ 1.03996147e-01,  1.25915066e-01, -5.49238194e-02, -5.44653217e-02,  6.92779054e-02],
       [-2.79002398e-02, -1.07291034e-01,  2.37350992e-04,  6.46021815e-02, -8.95979152e-02],
       [ 2.38836887e-02, -1.81044970e-02,  8.20738298e-02, -1.05567428e-01,  5.28407272e-02],
       [ 1.04192320e-01,  1.12194450e-01,  7.96234284e-02, -2.50693224e-02,  6.04973856e-02],
       [-5.08906582e-02, -2.84991779e-03,  3.56023482e-02,  1.16743347e-01, -7.70056644e-02],
       [ 1.06667927e-01, -4.79116005e-02, -6.24792275e-02, -7.53746522e-02,  6.09757746e-02],
       [-6.35352731e-02, -5.80584790e-02,  2.95047922e-02,  4.25379624e-02, -7.88194306e-02],
       [-9.10677169e-03, -1.00735464e-02, -6.34468198e-02, -2.36208448e-02,  7.57204222e-02],
       [ 3.91842621e-02, -7.17806111e-02, -3.30059707e-02,  9.26979444e-02, -7.22017621e-02],
       [ 3.28952700e-02, -1.52189712e-03,  3.73443912e-02, -6.09249261e-02,  7.52158611e-02],
       [-7.76989877e-02, -3.72096741e-02,  2.56493906e-02,  1.11983371e-01, -7.61367868e-02],
       [-6.38855154e-02, -6.05652523e-02,  1.90792678e-02,  9.24064454e-02, -6.83624591e-02],
       [ 5.77779303e-02,  5.93407629e-02, -4.93211391e-02,  6.32690069e-02,  6.00826815e-02],
       [-1.06863335e-01, -3.05306111e-02, -5.72962761e-03, -6.14032173e-02, -5.22425055e-02],
       [ 5.16177583e-02,  9.44386020e-02,  4.63220651e-02, -9.32378525e-03, -6.91348381e-02],
       [-9.48970909e-02,  2.31074919e-02, -1.60938612e-02, -6.19691549e-02,  8.75652738e-02],
       [ 1.10948712e-01, -4.18988707e-02, -4.21543901e-02, -9.25965293e-03, -6.19778441e-02],
       [ 1.18056898e-01, -7.80338666e-02,  8.92290672e-02,  3.34791471e-02, -6.13391451e-02],
       [ 3.12561858e-02,  1.03381250e-01, -3.71036378e-02, -6.01379214e-02,  7.25721237e-02],
       [ 7.07753913e-02, -6.44775480e-02, -2.36106499e-02,  6.54650065e-02, -8.75936530e-02],
       [-3.20659898e-02, -3.96133253e-02,  9.45450515e-02, -1.00094372e-01,  5.12152058e-02],
       [ 4.67251690e-02,  1.04189901e-01,  1.11276172e-01, -3.29209250e-02,  6.80338324e-02],
       [ 3.86198466e-02,  3.10558024e-02,  1.55909954e-02,  1.25151393e-01, -8.08131829e-02],
       [ 4.31126920e-02, -7.60234915e-02, -4.95407816e-02, -8.09715396e-02,  6.43474838e-02],
       [ 2.78537110e-02, -2.98238457e-02,  7.50955720e-03,  5.19940937e-02, -8.91591750e-02],
       [-1.01378908e-01, -4.53281718e-02, -4.38311572e-02, -2.85675324e-02,  7.89675455e-02],
       [ 1.24405746e-01, -4.51754869e-02, -5.60438142e-02,  9.96706891e-02, -7.57008077e-02],
       [-5.22966979e-02, -3.39060947e-02,  6.17573854e-02, -6.61302051e-02,  7.89040000e-02],
       [ 7.64313279e-03, -6.85681513e-03,  4.22406863e-03,  1.20582136e-01, -8.02464578e-02],
       [ 1.13653323e-02, -3.55637701e-02, -1.22104582e-03,  1.00680950e-01, -7.23268962e-02],
       [-1.00050184e-02,  3.56925767e-02, -3.30884974e-02,  6.40620357e-02,  6.32056133e-02],
       [-5.03398946e-02, -9.28864409e-03, -2.33339529e-02, -6.29744620e-02, -5.51890252e-02],
       [-5.19250636e-02, -1.23093199e-01, -5.46105674e-02,  8.82321651e-02,  7.40936335e-02],
       [ 7.37640818e-02,  5.88844377e-02, -8.31302258e-03, -9.99727128e-02, -5.21104445e-02],
       [ 7.96998162e-02,  2.77763394e-02,  1.01656368e-01, -6.41611587e-02, -5.23454043e-02],
       [ 5.44481083e-02, -3.11260755e-02, -7.57557255e-02,  7.03603066e-02,  6.67920479e-02],
       [ 3.86977888e-02,  9.73161009e-02,  2.23532490e-02, -9.52195580e-02, -7.98218006e-02],
       [-1.83488739e-02, -1.30701357e-01,  6.17901252e-02, -1.83121447e-03,  4.78841261e-02],
       [ 5.80739878e-02, -2.57246907e-02,  6.19051154e-02,  8.21774047e-02,  5.79654908e-02],
       [ 7.85302302e-03,  1.57452987e-01,  5.20091300e-02, -2.79764230e-02, -6.93288794e-02],
       [ 5.48525319e-02, -1.59404864e-01, -7.03290478e-02,  2.98983273e-02,  5.44525051e-02],
       [-1.59256471e-03,  1.11105588e-01,  4.47448297e-02, -9.17952907e-02, -6.96897839e-02],
       [-5.15138655e-02, -1.44653602e-01, -6.39792445e-02,  9.17705009e-02,  6.14888873e-02],
       [ 9.49706435e-02,  9.48861725e-02, -1.58771077e-02, -4.23286382e-02, -6.94297650e-02],
       [-2.23249407e-02, -1.52756187e-01,  1.52008585e-02,  6.98305727e-02,  6.65409217e-02],
       [-1.79185816e-02,  1.24976926e-01,  4.19682890e-02, -3.03156073e-02, -6.89363454e-02],
       [-1.19817807e-02,  8.44820320e-02,  3.43122215e-02, -3.23318555e-02, -6.20078441e-02],
       [ 1.10057570e-02, -5.84640007e-02, -4.82355941e-02,  1.33870999e-01,  4.85458563e-02],
       [-5.36287587e-02,  6.58432153e-02,  3.00689842e-03, -1.23133767e-01, -4.22633330e-02],
       [-1.30727830e-01,  2.99559878e-02,  4.55137917e-02,  8.50287041e-02,  7.08811165e-02],
       [-1.38016909e-01,  7.35890127e-02, -1.09845715e-01,  3.37114475e-02,  7.03248637e-02],
       [-3.82645771e-02, -9.77404441e-02,  5.40437189e-02, -1.87485267e-02, -8.53152563e-02],
       [-8.61262308e-02,  4.45171475e-02,  1.98668719e-02,  3.56858408e-02,  1.01827896e-01],
       [ 3.94341745e-02,  6.82478078e-02, -1.08850926e-01,  5.65645917e-02, -6.03613215e-02],
       [-5.05362113e-02, -9.64767434e-02, -1.23535070e-01, -4.82632544e-02, -7.91941299e-02],
       [-4.43438727e-02, -6.73578015e-02, -2.72219401e-02, -4.48533725e-02,  9.49110629e-02],
       [-5.47852780e-02,  1.22071275e-01,  7.10961558e-02,  1.93139570e-02, -8.00939131e-02],
       [-3.09160873e-02,  1.59199292e-03, -1.65050595e-02,  4.89313422e-02,  9.68149387e-02],
       [ 1.05946677e-01,  7.33776447e-02,  5.31376290e-02, -6.06714599e-02, -8.55384078e-02],
       [-1.50687540e-01,  2.68540368e-02,  6.11479358e-02, -2.07053037e-02,  8.86072837e-02],
       [ 6.30805875e-02,  6.86801145e-02, -6.67573658e-02, -2.13350183e-02, -9.18530860e-02],
       [-6.95766336e-03, -2.09426176e-02, -1.36520451e-02, -4.04038748e-02,  9.41911391e-02],
       [-1.66159935e-02,  2.05334296e-02, -6.90779589e-03, -2.95821491e-02,  9.05516227e-02],
       [ 7.46792654e-03, -1.84180069e-02,  4.00240330e-02, -1.40394655e-01, -6.70237850e-02],
       [ 5.73656856e-02, -6.42701986e-03,  2.24934736e-02,  1.31062416e-01,  5.78915008e-02],
       [ 1.45287084e-01, -7.95367468e-02,  3.55809813e-02, -6.88386219e-02, -5.28997536e-02],
       [-2.21285813e-02,  8.92013754e-02,  1.37886017e-02,  6.06301642e-02,  6.01421322e-02],
       [ 1.14032576e-01, -5.83081236e-02, -7.45522311e-02, -8.32705815e-02, -7.08226335e-02],
       [-6.63263349e-02, -3.28568425e-02,  1.18839390e-01, -3.16145128e-03,  4.55667671e-02],
       [-6.73735632e-03,  7.76577274e-02,  1.17773288e-01,  6.94821425e-02,  5.13549659e-02],
       [ 8.80212158e-02,  2.00711688e-02, -4.40921585e-02, -2.45602346e-02, -7.16111524e-02],
       [-3.58640152e-03, -5.97960636e-02,  1.37818766e-03,  3.08777482e-02,  5.66651235e-02],
       [ 7.44289574e-02, -3.04539033e-02, -4.64385582e-02, -8.78869600e-02, -6.76521645e-02],
       [-1.15703010e-01, -2.19133160e-02,  1.61975693e-02,  8.92206516e-02,  6.00794936e-02],
       [ 1.47281082e-01, -4.32431307e-02, -9.27642736e-02, -3.76086575e-02, -6.19006496e-02],
       [-9.05703812e-02, -1.78221887e-02,  9.85267540e-02,  6.70378643e-02,  6.36658431e-02],
       [ 5.96273826e-02, -1.39115459e-02, -5.25693745e-02, -2.70163977e-02, -7.08272336e-02],
       [ 5.90249495e-02, -4.14800687e-02, -4.99890909e-02, -3.11086991e-02, -6.33018147e-02],
       [-4.11700263e-02,  3.03301613e-02,  1.14281180e-02,  1.28666618e-01,  4.64000634e-02],
       [-4.26455768e-03, -1.32249880e-02, -5.28419629e-02, -1.30071843e-01, -4.29397758e-02],
       [-2.81074043e-02,  1.25565165e-01, -1.11477477e-01,  1.98552139e-02,  5.94376317e-02],
       [ 1.21527049e-01, -1.05633589e-01,  8.04026311e-02, -3.19634071e-02, -7.10466254e-02],
       [-7.21608118e-02, -2.18368904e-03,  1.97179914e-02, -3.66425120e-02,  4.60623521e-02],
       [-1.37778334e-02,  1.26146767e-01,  1.42400855e-02,  3.95547677e-02,  5.56548487e-02],
       [ 9.71374236e-02, -2.49687439e-02,  1.14163425e-01,  2.68263444e-02, -7.09578174e-02],
       [-1.14572403e-02, -2.51880848e-02, -1.20207553e-01, -8.53964232e-03,  5.61032767e-02],
       [ 8.14799876e-02, -7.35294651e-02,  9.90747492e-02, -4.03580629e-02, -6.74969944e-02],
       [-1.22342364e-01,  1.49644821e-02, -1.11740075e-01,  4.68350734e-02,  5.99667169e-02],
       [ 1.54982260e-01, -8.30724143e-02,  4.00034671e-02,  6.54752362e-03, -6.21134119e-02],
       [-1.10068888e-01,  2.21850121e-02, -3.92474423e-02,  2.42537288e-02,  6.90300806e-02],
       [ 6.75062976e-02, -6.01704028e-02,  1.03102965e-01,  2.33412461e-02, -7.00960079e-02],
       [ 6.63790558e-02, -8.17485979e-02,  8.74448259e-02,  1.35269964e-02, -6.30677237e-02],
       [-4.43921451e-02,  6.01977595e-02, -8.31854653e-02,  9.80151714e-02,  4.66269949e-02],
       [-9.27577713e-04, -4.23047421e-02,  4.00034849e-02, -1.00478289e-01, -4.35691595e-02],
       [ 5.96726715e-02,  1.35223719e-01, -1.71198714e-02,  1.50360668e-02,  8.49996360e-02],
       [-4.53491218e-02, -6.20657693e-03, -7.49964828e-02,  5.80438067e-02, -5.43807892e-02],
       [-1.26585587e-01, -1.38833138e-01, -7.05444757e-02, -2.52444318e-02, -6.16160434e-02],
       [ 8.40258576e-02,  3.94553421e-02, -5.06627336e-02, -4.70102409e-02,  7.96023035e-02],
       [-1.33594433e-01,  2.18903949e-02,  7.43990570e-02,  2.29287597e-02, -6.27632635e-02],
       [ 1.06361648e-01,  1.05409368e-01, -4.91805574e-02,  3.10161297e-02,  8.62378298e-02],
       [-2.12880159e-02, -2.55199618e-02,  7.76821441e-02, -4.38557199e-02, -7.67326723e-02],
       [-1.40378012e-02,  1.20323129e-01,  2.44016504e-02, -3.15595270e-02,  7.96317178e-02],
       [-7.00706946e-02, -3.55750677e-02, -2.87327355e-02, -6.84675513e-03, -8.25781992e-02],
       [ 1.10558146e-01,  7.49914156e-02, -4.09101975e-02, -4.31152906e-02,  7.82553249e-02],
       [ 9.29645135e-02,  9.47810099e-02, -3.17649399e-02, -3.16118370e-02,  7.06543604e-02],
       [-7.09702613e-02, -7.40636977e-02,  5.50823645e-02, -1.05760688e-01, -5.60967012e-02],
       [ 1.13495742e-01,  4.40472203e-02, -1.40049224e-03,  1.00313417e-01,  4.91497688e-02],
       [-2.43479241e-02, -4.31145764e-02,  1.32697481e-01, -5.88690766e-02,  6.00414616e-02],
       [ 6.75569359e-02,  1.19476354e-01,  1.44065006e-01,  4.03954913e-02,  7.31212228e-02],
       [ 1.78371858e-02,  2.35569883e-02, -1.66449887e-02,  4.80177585e-02, -9.53024940e-02],
       [ 7.89500569e-02, -8.46198554e-02, -3.34241046e-02, -2.22242404e-02,  8.08666765e-02],
       [ 5.54605496e-03, -4.47287414e-02, -2.60547095e-02, -4.58661862e-02, -9.68703381e-02],
       [-8.38861279e-02, -3.65131510e-02, -1.50539388e-02,  5.93650482e-02,  8.56101458e-02],
       [ 1.26639516e-01, -6.71041114e-02, -9.92373318e-02,  2.41357021e-02, -8.82029567e-02],
       [-3.89488933e-02, -2.83334910e-02,  1.06765074e-01,  1.84387916e-02,  9.18358337e-02],
       [-1.82942163e-02, -2.15620420e-02, -2.82319998e-02,  4.36112153e-02, -9.41624895e-02],
       [-9.14515955e-03, -5.58388807e-02, -3.07705256e-02,  3.05925512e-02, -8.42879716e-02],
       [ 7.50775959e-03,  4.41442270e-02, -1.34048366e-02,  1.39042091e-01,  6.70868115e-02],
       [-6.95810320e-02, -1.47058090e-02, -4.47396094e-02, -1.29901691e-01, -5.78621549e-02],
       [-4.37445018e-02, -2.78925500e-03, -1.47416348e-01,  2.99527408e-02, -4.39035445e-02],
       [-2.99318734e-03, -9.53927866e-02,  9.96485920e-02, -9.69568146e-02,  5.56180750e-02],
       [-4.41623466e-02,  1.06456409e-01, -5.11850987e-02,  6.49273933e-02, -4.46648401e-02],
       [ 4.39479442e-03, -6.65239425e-02,  1.14373768e-01, -4.83954134e-02,  6.17640819e-02],
       [ 4.88173373e-02,  1.07318183e-01, -7.64794260e-02,  2.99105671e-02, -5.47569209e-02],
       [-6.21420998e-02, -4.28844353e-02,  1.35952454e-01, -7.84880213e-02,  5.18467446e-02],
       [ 1.48083158e-02,  9.61785394e-02, -1.44133096e-01,  5.72239953e-02, -5.37412016e-02],
       [ 1.55088598e-02, -7.13085974e-02,  1.04434715e-01, -9.36853147e-02,  5.50784030e-02],
       [ 1.40677657e-02, -4.76344670e-02,  1.03848662e-01, -8.83973002e-02,  5.36657003e-02],
       [-8.00122607e-03,  3.60549572e-02, -6.02894220e-02, -3.63669917e-02, -4.37586254e-02],
       [ 4.87326846e-02, -4.71758070e-02,  8.75576138e-02,  3.58917993e-02,  3.77823769e-02],
       [ 9.86218073e-02,  3.80215402e-02,  1.14917578e-01, -1.79947154e-02,  7.39127420e-02],
       [-1.43358749e-01,  1.66384797e-02, -5.51281690e-02,  1.40968931e-03, -5.84682795e-02],
       [ 9.75883258e-02,  8.43473104e-02,  1.11943733e-01,  4.90828667e-02,  6.93618480e-02],
       [-3.37801550e-02, -2.36779548e-02, -7.85059470e-02, -6.33956851e-02, -6.68971652e-02],
       [ 6.23089941e-03,  9.46843915e-02,  1.52985582e-01,  1.40582971e-03,  6.36944679e-02],
       [-6.97818351e-02, -3.13072765e-02, -1.61281936e-01, -2.99848055e-02, -6.59855687e-02],
       [ 1.11865856e-01,  6.66831020e-02,  1.12270099e-01, -1.11141720e-02,  6.80198915e-02],
       [ 9.36684260e-02,  8.32863531e-02,  1.02389567e-01, -4.70173098e-03,  6.06800053e-02],
       [-6.94175613e-02, -6.55726393e-02, -5.29336612e-02, -1.07371158e-01, -4.88151168e-02],
       [ 1.01866542e-01,  3.95285644e-02,  8.34900932e-02,  9.93010127e-02,  4.20377944e-02],
       [ 9.01468871e-02, -1.45033230e-01, -5.97234731e-02, -7.26200156e-02,  6.88165879e-02],
       [-2.84655999e-02,  5.86673328e-02,  1.63001801e-02,  3.02224082e-02, -9.02636434e-02],
       [-4.99609938e-02, -1.19628965e-01, -5.05730801e-02, -8.54062708e-03,  7.98786578e-02],
       [ 8.76107520e-02,  3.03652321e-02, -5.44401786e-02,  8.95468766e-02, -8.22701655e-02],
       [-3.56011362e-03, -1.19191317e-01,  6.11583687e-02, -5.19531471e-02,  8.49722635e-02],
       [-4.78770481e-02,  7.62527353e-02,  1.24671737e-02,  1.10757477e-01, -8.62422666e-02],
       [-3.76079893e-02,  3.50562524e-02,  5.61244691e-03,  9.13391051e-02, -7.75982033e-02],
       [ 3.26154269e-02, -2.70569459e-02, -4.25963946e-02,  8.53960146e-02,  6.82194587e-02],
       [-9.41824805e-02,  4.80004906e-02, -2.01087235e-02, -8.14505877e-02, -5.89957977e-02],
       [ 1.03130468e-01, -1.01985075e-01, -5.42148544e-02, -9.38781582e-03,  7.12577617e-02],
       [-3.36135612e-02,  1.39767520e-01,  7.43628802e-02, -4.69437103e-03, -6.33150443e-02],
       [ 5.59426489e-03, -8.30494849e-02,  5.11592063e-03, -6.07054299e-02,  7.02884764e-02],
       [-7.44950259e-02,  1.43926765e-01, -6.24511005e-03,  2.59558468e-02, -6.75208271e-02],
       [ 1.14291173e-01, -1.13310383e-01, -4.97242196e-02, -6.92893436e-02,  6.83959426e-02],
       [ 1.10078367e-01, -8.37806397e-02, -4.39657457e-02, -6.32860370e-02,  6.59038183e-02],
       [-7.59930933e-02,  5.38760633e-02,  5.67563040e-02, -7.07003687e-02, -5.00751729e-02],
       [ 1.25891815e-01, -7.28689728e-02, -1.16350657e-02,  7.22834569e-02,  4.64430281e-02],
       [-4.19030095e-02, -7.13517921e-02, -4.67040388e-02,  7.53412739e-02,  8.64092230e-02],
       [ 7.84281268e-02, -2.59768964e-02, -6.40093865e-02,  8.98624806e-03, -8.39895123e-02],
       [ 5.52969250e-03, -6.17748527e-02,  6.96975050e-02,  3.06987935e-02,  8.66392168e-02],
       [-6.17029100e-02,  1.59991790e-02,  4.86546366e-03,  2.62857818e-02, -8.92226778e-02],
       [-4.84857490e-02, -2.02585841e-02,  1.37528768e-04,  1.55922226e-02, -7.99130966e-02],
       [ 3.73225673e-02,  2.02805947e-02, -3.40137219e-02,  1.39353445e-01,  6.34391544e-02],
       [-9.18782302e-02,  4.65613095e-03, -2.32491925e-02, -1.29752241e-01, -5.50025317e-02],
       [-1.35411365e-01, -4.07612600e-02,  2.32871643e-02,  8.64726520e-03,  7.47933560e-02],
       [ 6.44698064e-02,  1.18192857e-01, -2.72679037e-02, -4.34432129e-02, -7.70633427e-02],
       [-1.90721085e-02, -8.14975766e-02, -3.90294304e-02, -5.21604757e-03,  7.93605889e-02],
       [-2.12083887e-02, -4.13843906e-02, -3.07127297e-02,  1.98027581e-03,  7.12482814e-02],
       [ 1.37458559e-02,  2.60249364e-02,  5.10591029e-02, -1.32689789e-01, -5.63626811e-02],
       [ 4.08180915e-02, -4.10380327e-02,  2.00610286e-03,  1.23136437e-01,  4.89847217e-02],
       [-1.00881893e-01, -3.52656874e-02,  1.28991239e-01, -2.93855090e-02,  7.89448362e-02],
       [ 5.61065941e-02, -7.53016766e-03, -6.36327955e-02,  8.49811747e-02, -8.13693061e-02],
       [ 5.50858540e-02, -3.78179423e-02, -6.09706010e-02,  6.83211999e-02, -7.28921558e-02],
       [-4.92846384e-02,  3.66744251e-02,  2.15261938e-02,  9.43974915e-02,  6.35092763e-02],
       [-1.51355967e-02, -1.07721750e-02, -7.15714330e-02, -8.98729121e-02, -5.50710359e-02],
       [ 3.12742734e-02, -8.87573989e-02,  7.88982761e-02, -5.35893313e-02,  9.01329461e-02],
       [ 1.95128653e-02, -3.82613685e-02,  6.71027064e-02, -3.61722439e-02,  7.56043542e-02],
       [-1.39658372e-02,  2.86867256e-02, -2.47164688e-02, -1.26507093e-01, -6.50027891e-02],
       [ 6.91302356e-02, -4.00128806e-02,  6.55732799e-02,  1.09770890e-01,  5.21870144e-02],
       [-6.47074461e-02,  5.09343735e-05, -3.82776513e-03,  8.68987839e-02, -7.67200960e-02],
       [ 5.76753396e-02,  6.12072443e-03, -3.41923475e-02,  8.66407688e-02,  6.70904922e-02],
       [-1.14699168e-01,  2.02050186e-02, -2.71719463e-02, -8.25669047e-02, -5.83486719e-02],
       [ 4.66429684e-02,  3.15388703e-02, -2.71672619e-02,  8.40520084e-02,  6.06120973e-02],
       [-9.65599570e-02, -6.18936409e-03, -2.66315862e-02, -7.93477395e-02, -5.21769192e-02],
       [ 6.32474781e-02,  5.22705524e-03,  5.94247010e-04,  1.40033710e-01,  3.75433947e-02]])})
2026-01-20 11:01:08,518 - final_problem_set.kxor_instance_n21_k2_m229_ell2_eps0.15_kappa0.75_rho1.0 - INFO - Running key extraction (n=21, m=229, ell=2, phase_qubits=13)
2026-01-20 11:01:08,521 - final_problem_set.kxor_instance_n21_k2_m229_ell2_eps0.15_kappa0.75_rho1.0 - INFO - Built voting matrix V (n=21, ell=2, dtype=complex128) in 0.003s
2026-01-20 11:01:08,521 - final_problem_set.kxor_instance_n21_k2_m229_ell2_eps0.15_kappa0.75_rho1.0 - INFO - Eval: adv=1.0000, hamming=0/21 (0.000), corr=1.000
2026-01-20 11:01:08,522 - final_problem_set.kxor_instance_n21_k2_m229_ell2_eps0.15_kappa0.75_rho1.0 - INFO - Key extraction complete: x_hat=8
2026-01-20 11:01:08,522 - final_problem_set.kxor_instance_n21_k2_m229_ell2_eps0.15_kappa0.75_rho1.0 - INFO - Finished step 'KeyExtractionStep' in 0.003s (success: True, problem=kxor_instance_n21_k2_m229_ell2_eps0.15_kappa0.75_rho1.0)
2026-01-20 11:01:08,522 - final_problem_set.kxor_instance_n21_k2_m229_ell2_eps0.15_kappa0.75_rho1.0 - INFO - SUCCESS: len(z_hat)=21
2026-01-20 11:01:08,522 - final_problem_set.kxor_instance_n21_k2_m229_ell2_eps0.15_kappa0.75_rho1.0 - INFO - Metrics: adv=1.0, ham_frac=0.0, corr=1.0
2026-01-20 11:01:08,522 - final_problem_set.kxor_instance_n21_k2_m229_ell2_eps0.15_kappa0.75_rho1.0 - INFO - z_hat (full): [ 1, -1, -1, -1,  1, -1, -1,  1, -1,  1,  1, -1,  1, -1,  1, -1,  1, -1, -1,  1, -1]
