2026-01-20 11:01:52,841 - final_problem_set.kxor_instance_n27_k2_m205_ell2_eps0.15_kappa1.0_rho0.8 - INFO - Starting iteration for /Users/julian/CodingProjects/UniT3/QuarticSpeedupK-XOR/z_Daphne/data/final_problem_set/kxor_instance_n27_k2_m205_ell2_eps0.15_kappa1.0_rho0.8.npz
2026-01-20 11:01:52,842 - final_problem_set.kxor_instance_n27_k2_m205_ell2_eps0.15_kappa1.0_rho0.8 - INFO - Loaded instance (n=27, m=205, k=2)
2026-01-20 11:01:52,842 - final_problem_set.kxor_instance_n27_k2_m205_ell2_eps0.15_kappa1.0_rho0.8 - INFO - Starting step 'ComputeKikuchiStep' (version 0.1) on problem kxor_instance_n27_k2_m205_ell2_eps0.15_kappa1.0_rho0.8 (fields={'ell': 2, 'threshold': 0.0})
2026-01-20 11:01:52,879 - final_problem_set.kxor_instance_n27_k2_m205_ell2_eps0.15_kappa1.0_rho0.8 - INFO - Finished step 'ComputeKikuchiStep' in 0.036s (success: True, problem=kxor_instance_n27_k2_m205_ell2_eps0.15_kappa1.0_rho0.8)
2026-01-20 11:01:52,879 - final_problem_set.kxor_instance_n27_k2_m205_ell2_eps0.15_kappa1.0_rho0.8 - INFO - Starting step 'ClassicalEigenvaluesStep' (version 0.1) on problem kxor_instance_n27_k2_m205_ell2_eps0.15_kappa1.0_rho0.8 (fields={'ell': 2, 'threshold': 0.0, 'kikuchi_matrix': <Dictionary Of Keys sparse matrix of dtype 'int64'
	with 7850 stored elements and shape (351, 351)>, 'num_eigenvalues': 5})
2026-01-20 11:01:53,026 - final_problem_set.kxor_instance_n27_k2_m205_ell2_eps0.15_kappa1.0_rho0.8 - INFO - Finished step 'ClassicalEigenvaluesStep' in 0.147s (success: True, problem=kxor_instance_n27_k2_m205_ell2_eps0.15_kappa1.0_rho0.8)
2026-01-20 11:01:53,026 - final_problem_set.kxor_instance_n27_k2_m205_ell2_eps0.15_kappa1.0_rho0.8 - INFO - Starting step 'KeyExtractionStep' (version 0.1) on problem kxor_instance_n27_k2_m205_ell2_eps0.15_kappa1.0_rho0.8 (fields={'ell': 2, 'threshold': 0.0, 'kikuchi_matrix': <Dictionary Of Keys sparse matrix of dtype 'int64'
	with 7850 stored elements and shape (351, 351)>, 'num_eigenvalues': 5, 'eigenvalues': array([12.58018063, 12.88056976, 13.46797598, 14.1055456 , 19.61643234]), 'eigenvectors': array([[ 2.47184975e-02,  4.62680214e-02, -1.18680884e-01, -4.81903983e-02,  6.14976904e-02],
       [ 1.71682814e-02,  1.37650608e-02,  7.09838038e-02, -3.64889184e-02, -6.53848168e-02],
       [ 3.70399624e-02,  2.01855368e-02, -7.65012771e-02, -3.86480133e-02,  6.26797076e-02],
       [ 9.07660495e-03,  9.80421119e-02, -5.04261402e-03, -4.79161799e-03,  7.02934000e-02],
       [ 1.19712752e-03,  6.07571292e-02,  1.76171069e-02, -1.03690107e-02,  8.02548178e-02],
       [ 2.12808382e-02, -7.56352568e-02,  2.95612645e-02,  7.79223788e-02, -4.01899963e-02],
       [ 7.75546319e-02, -2.22006829e-02,  1.10673221e-01,  1.99854710e-02, -1.95688108e-02],
       [ 4.63824661e-02, -1.25790003e-01,  2.57925097e-02,  4.71752102e-02, -4.48710476e-02],
       [-1.07698388e-02,  6.18826692e-02, -8.99496458e-02,  6.62268721e-03,  7.12512380e-02],
       [ 4.83061259e-02,  1.17176447e-02,  7.73018583e-02,  7.00805302e-02, -3.73090979e-02],
       [ 1.05723519e-02,  6.64129552e-02, -6.63043737e-02, -9.23350142e-02,  8.09483705e-02],
       [ 2.27521285e-03,  5.39412275e-02, -7.98916311e-03,  2.33248959e-02,  7.75033239e-02],
       [-5.28831871e-02,  4.71161131e-02, -4.04211831e-02,  3.72338991e-02,  5.93544345e-02],
       [ 1.58149620e-02,  1.07748660e-01, -4.92407316e-02,  1.44003013e-02,  6.22927378e-02],
       [-2.15396057e-02,  8.72346028e-02, -6.47044008e-03, -2.27540594e-02,  7.97311947e-02],
       [-6.14496910e-04, -2.45334460e-02, -2.96662365e-03,  4.15055778e-02, -6.83829291e-02],
       [ 6.63547794e-03, -1.53219503e-02, -1.55963498e-02,  6.18600117e-02, -5.30803300e-02],
       [ 1.08447894e-02,  1.00404631e-01, -7.67189265e-02,  2.16490544e-02,  6.14277735e-02],
       [ 1.92403573e-02, -4.38238647e-02,  2.30468373e-02,  7.84650445e-02, -7.39381703e-02],
       [ 1.83477424e-03, -5.17619017e-02, -2.43006440e-02, -6.20129600e-02,  1.67777787e-02],
       [ 4.84057303e-03,  2.96175361e-02,  7.04491061e-02, -3.33419421e-03, -5.99433044e-02],
       [ 2.93773529e-04, -1.26657577e-03, -3.39931183e-02, -7.68528705e-02,  6.87240233e-02],
       [-5.88616516e-02, -6.65703704e-02,  4.51479800e-02,  6.72170476e-02, -6.42461172e-02],
       [-1.16040518e-01, -5.55292852e-02,  1.64902380e-02,  4.58712302e-02, -3.16012787e-02],
       [-2.76187677e-02,  7.54942427e-02, -1.17455344e-02,  4.94485094e-02,  6.07843515e-02],
       [-8.64577705e-02, -1.94218992e-03,  1.00110465e-01, -5.33379959e-02, -2.54778770e-02],
       [ 7.95112284e-03, -6.59108348e-02, -8.38616494e-02,  3.41998406e-02,  5.79149680e-02],
       [-6.21036039e-02,  3.53049022e-02,  1.03868682e-01,  3.52075623e-02, -6.12246514e-02],
       [-3.88204763e-02, -3.21209745e-02,  3.98541100e-02,  3.09219953e-03, -6.99010685e-02],
       [-3.83167717e-02,  1.74073872e-02,  2.09671339e-02,  9.02124220e-03, -8.44545349e-02],
       [-4.80349461e-03,  4.66755635e-02, -5.86549242e-02, -8.36196308e-02,  4.41356172e-02],
       [-7.11211948e-02,  1.19604729e-02, -1.13292793e-01, -1.96831133e-02,  1.86398794e-02],
       [-2.88729024e-02,  9.73686423e-02, -5.55117482e-02, -5.07719911e-02,  4.79004099e-02],
       [-1.53073079e-02,  2.69253396e-03,  1.03460051e-01, -5.40558757e-03, -6.32822373e-02],
       [-3.25140940e-02, -4.01019698e-02, -8.00849986e-02, -6.06694957e-02,  3.23593977e-02],
       [-4.34594328e-02,  7.16072423e-03,  1.01811732e-01,  8.70641082e-02, -7.69931767e-02],
       [-3.34854302e-02,  1.73443680e-02,  4.52641275e-02, -2.74155923e-02, -7.61980221e-02],
       [ 3.30581936e-02,  4.66753476e-03,  7.67203874e-02, -4.29657378e-02, -6.36235228e-02],
       [-4.34065251e-02, -6.00528102e-02,  8.87299363e-02, -1.80863686e-02, -6.71255455e-02],
       [-1.03873940e-02, -1.21806677e-02,  4.28079275e-02,  1.56722902e-02, -7.21869394e-02],
       [ 2.91344947e-02, -3.94914011e-02, -2.93847877e-02, -3.60323098e-02,  6.55904513e-02],
       [ 1.64810984e-02, -3.43195595e-02, -1.30700010e-02, -5.65808083e-02,  5.10691773e-02],
       [-3.18968092e-02, -4.77257745e-02,  1.02325317e-01, -2.27793259e-02, -6.05770255e-02],
       [ 1.34986611e-02, -2.32484174e-02, -5.83118690e-02, -7.37703077e-02,  7.17034547e-02],
       [-8.86728637e-03,  6.38429681e-02,  3.07929370e-02,  5.78232567e-02, -1.55158788e-02],
       [ 2.11021782e-02, -8.72291254e-02, -1.03307634e-01,  5.15673192e-03,  6.18486765e-02],
       [-2.54712140e-02,  5.67556188e-02,  6.05069996e-02,  6.38506581e-02, -6.06673838e-02],
       [ 8.60529969e-02,  7.85380933e-03, -7.56822234e-02, -6.57107805e-02,  6.37911614e-02],
       [ 1.22107459e-01,  2.81323658e-02, -2.92347165e-02, -4.30264929e-02,  3.06728623e-02],
       [ 2.81574087e-03, -1.92396164e-02,  3.91493991e-02, -5.03940273e-02, -5.94203314e-02],
       [ 8.51269602e-02, -1.87089687e-02, -9.15456294e-02,  5.21180779e-02,  2.10705182e-02],
       [ 1.77351260e-02, -8.19587256e-02, -4.04097068e-02,  4.06506058e-02,  5.22360491e-02],
       [-1.06960079e-02, -3.84642246e-02,  2.08460668e-02,  8.65034053e-02,  6.25535610e-02],
       [-1.63311325e-02, -8.18447834e-02,  3.54027030e-02,  7.79688686e-02,  6.27403075e-02],
       [ 4.22215681e-02,  5.19869214e-03,  2.34708681e-02,  2.01081875e-02, -4.66807498e-02],
       [ 8.52783864e-02,  8.06787709e-03,  9.95790714e-02, -5.62819550e-03, -2.17215385e-02],
       [ 6.65226430e-02, -4.18968220e-02,  1.31528976e-02, -1.78105355e-02, -4.72649873e-02],
       [-2.68079734e-02, -6.05154260e-02, -4.55872649e-02,  8.21240553e-02,  5.65317205e-02],
       [ 5.84589252e-02,  7.70002042e-02,  5.58171904e-02,  1.54963874e-02, -3.45928177e-02],
       [-1.32146427e-02, -9.02004739e-02, -2.90854010e-02,  2.13978128e-02,  7.52576989e-02],
       [-1.34534076e-02, -8.01859584e-02,  1.51946046e-02,  1.03859841e-01,  6.13384600e-02],
       [-6.18116239e-02, -5.34728058e-02, -1.97088559e-02,  1.00641287e-01,  5.05964484e-02],
       [-1.60674390e-03, -8.51123679e-03, -2.74356985e-02,  1.00740938e-01,  6.13913553e-02],
       [-4.17796842e-02, -6.95529580e-02,  2.08922830e-02,  8.18656693e-02,  7.01764827e-02],
       [ 1.62073544e-02,  1.05506240e-01, -2.66958836e-02, -4.90519930e-02, -5.93180775e-02],
       [ 1.89117685e-02,  8.83815168e-02, -3.48068285e-02, -1.34850632e-02, -4.79096842e-02],
       [-7.97811898e-03, -1.30547532e-02, -5.33656502e-02,  1.04600563e-01,  5.94349696e-02],
       [ 3.86096261e-02,  9.71486297e-02, -3.46405564e-03, -2.32597794e-02, -6.73281939e-02],
       [-5.36153361e-03, -7.79994320e-02, -1.34506257e-02, -3.16188503e-02,  1.55160855e-02],
       [ 1.85773304e-02,  1.20519714e-01,  3.67384675e-02, -7.03003906e-02, -5.06448997e-02],
       [-2.11780971e-02, -1.29203994e-01, -3.60322823e-03,  1.96567777e-02,  6.15454951e-02],
       [-4.65547952e-02,  6.01952568e-02,  2.15357926e-02, -2.25418645e-02, -6.58711455e-02],
       [-1.13186165e-01,  1.39602453e-02,  1.00080083e-02, -4.59477337e-03, -3.66678689e-02],
       [-3.34116627e-02, -3.35595081e-02,  8.94641941e-03,  1.02485105e-01,  4.70052046e-02],
       [-7.52057578e-02,  2.88167347e-02,  7.23178997e-02, -6.86755994e-02, -1.93019647e-02],
       [-4.47451071e-02,  9.47570198e-04, -1.33257372e-02, -1.07670524e-02, -6.24646074e-02],
       [-3.79180418e-02,  4.28765197e-02, -3.06534855e-02, -6.22225044e-03, -6.40699378e-02],
       [ 6.00091219e-04,  2.46341747e-02, -2.44310360e-02, -6.92709684e-02,  4.07417388e-02],
       [-6.26551758e-02,  5.50975364e-03, -9.75180350e-02, -1.61310677e-02,  1.95170462e-02],
       [-2.10765824e-02,  6.73770022e-02, -1.78057215e-02, -3.81907426e-02,  4.54545533e-02],
       [-2.83259240e-02,  3.14892190e-02,  6.31435469e-02, -1.97286950e-02, -6.29193318e-02],
       [-2.45105669e-02, -5.47600848e-02, -6.08967205e-02, -5.61135827e-02,  3.43247674e-02],
       [-5.19681100e-02,  4.05652893e-02,  4.08887401e-02,  6.58225126e-02, -7.22041197e-02],
       [-4.22537036e-02,  4.77692028e-02, -1.21745970e-02, -3.77211168e-02, -6.77473087e-02],
       [ 1.89896891e-02,  2.92529827e-02,  2.67006128e-02, -4.94796905e-02, -5.68748159e-02],
       [-4.42458381e-02, -2.28837768e-02,  2.95432636e-02, -2.66229082e-02, -5.61219131e-02],
       [-2.26982059e-02,  2.28711866e-02, -1.24901897e-02,  9.10800909e-04, -7.08284359e-02],
       [ 3.65566782e-02, -6.63114796e-02,  1.92652027e-02, -2.08761399e-02,  6.01847872e-02],
       [ 2.17432849e-02, -5.22775452e-02,  2.79971954e-02, -4.16132902e-02,  4.67981094e-02],
       [-4.03305863e-02, -1.83555800e-02,  5.57312379e-02, -3.23754317e-02, -5.58939004e-02],
       [ 2.38225965e-02, -5.89195950e-02, -3.80737737e-03, -6.35068806e-02,  7.19310943e-02],
       [-4.23711470e-03,  5.84272167e-02,  1.25354044e-02,  4.68975780e-02, -1.15374828e-02],
       [ 2.59539235e-02, -9.20525179e-02, -4.58911027e-02,  1.56505768e-02,  5.17432772e-02],
       [-3.20722759e-02,  7.54558231e-02,  1.12462529e-02,  4.64508902e-02, -5.58521163e-02],
       [ 8.52910421e-02, -1.91146476e-02, -2.67519169e-02, -4.82555611e-02,  5.74783512e-02],
       [ 1.18478611e-01,  1.32382229e-02, -1.06945998e-02, -3.41234895e-02,  2.91969527e-02],
       [-7.53330570e-03,  8.81781834e-03, -4.14375866e-03, -5.71619839e-02, -5.33015086e-02],
       [ 9.10852973e-02, -2.71968725e-02, -8.26351353e-02,  5.27658252e-02,  2.18162041e-02],
       [-7.99284832e-03, -2.61200448e-02, -1.13235651e-01, -4.51107889e-02, -6.84873089e-02],
       [-2.05003719e-02,  7.68146270e-02,  2.59615335e-02, -5.41013148e-02,  4.56425225e-02],
       [-8.33485306e-02,  2.64595622e-02, -8.95227512e-02, -6.52132055e-03,  2.54999261e-02],
       [-4.41083331e-02,  1.11517958e-01,  3.12038467e-02, -1.75836916e-02,  4.48021450e-02],
       [ 3.31308664e-03, -3.06232470e-02, -8.11054410e-03, -5.43797807e-02, -6.37074420e-02],
       [-4.92197263e-02, -2.06464563e-02, -2.24581774e-02, -4.26630326e-02,  4.34935013e-02],
       [-2.47358546e-02, -4.43514637e-02, -5.47633655e-02,  3.71333459e-02, -8.97553744e-02],
       [-8.08900147e-03, -2.05536543e-02, -8.41189871e-02, -7.42269552e-02, -6.54838981e-02],
       [ 5.44746333e-02, -3.10287069e-02, -3.91137390e-02, -9.01541475e-02, -6.11726071e-02],
       [-2.11095786e-02, -8.35933569e-02, -3.26895027e-02, -6.13613480e-02, -5.95899560e-02],
       [ 1.05073366e-02, -4.78408758e-02, -8.84952255e-02, -3.54071759e-02, -6.95045869e-02],
       [ 7.83738936e-03, -1.74846991e-03,  9.84297531e-02,  1.18601665e-02,  6.53661708e-02],
       [ 6.77385179e-05, -6.61807624e-03,  7.88277464e-02, -1.95901665e-02,  4.68636209e-02],
       [-1.62915814e-02, -7.81585327e-02, -4.26708398e-03, -6.75702145e-02, -5.97104919e-02],
       [-1.27435961e-02,  1.96690463e-02,  7.82683315e-02, -2.29247625e-02,  7.32826193e-02],
       [-2.38199990e-03,  5.69471391e-02,  2.66681289e-04,  4.73135180e-02, -1.70736999e-02],
       [-1.90833386e-03, -4.88826593e-02,  9.97218279e-03,  4.89418757e-02,  5.73909134e-02],
       [-7.90532025e-03,  2.50316681e-02, -6.24347714e-02,  2.27709694e-02, -6.76829237e-02],
       [ 6.95506720e-02,  4.76666938e-02,  4.31659773e-02, -2.06754955e-02,  6.47403705e-02],
       [ 1.32869415e-01,  5.47647828e-02,  2.63475189e-02, -2.51551203e-02,  3.61867726e-02],
       [ 2.07515210e-02, -4.91343326e-02, -6.80879746e-02, -9.41540123e-02, -5.57136320e-02],
       [ 9.21839238e-02, -6.61975263e-03, -6.38409168e-02,  7.22830339e-02,  2.55081330e-02],
       [-3.03203922e-02,  4.89731480e-02,  3.58412024e-02, -6.03326816e-02,  4.62587575e-02],
       [-9.95558550e-02,  9.86709058e-03, -8.61053269e-02, -7.70798206e-03,  3.27117537e-02],
       [-6.11129305e-02,  1.08876136e-01,  5.96150644e-02, -2.07119523e-02,  5.48872245e-02],
       [ 1.19974960e-02,  9.40988342e-03, -2.63178951e-02, -5.50228168e-02, -7.13073684e-02],
       [-5.95421563e-02, -5.52475888e-02, -1.57767596e-02, -4.98502575e-02,  4.39934222e-02],
       [-1.14899469e-02,  1.63572556e-02, -8.33177338e-02,  4.18618189e-02, -8.99132200e-02],
       [-3.93611135e-03,  2.39393879e-02, -1.16377110e-01, -7.40697600e-02, -7.37466539e-02],
       [ 6.10270842e-02,  6.64488435e-03, -5.38862090e-02, -8.35759943e-02, -6.28340309e-02],
       [-2.00025461e-02, -6.36662213e-02, -6.55149533e-02, -7.05280236e-02, -7.38909628e-02],
       [ 2.09277434e-02, -3.91153199e-03, -1.24138367e-01, -3.13576856e-02, -7.74872974e-02],
       [ 7.01914357e-04, -4.59937065e-02,  1.13760664e-01,  5.33994735e-03,  6.40338971e-02],
       [-7.56775826e-03, -4.87724937e-02,  1.20744628e-01, -2.73409421e-02,  5.67395684e-02],
       [-1.41848855e-02, -5.71507251e-02, -2.79564490e-02, -7.85891861e-02, -7.45111992e-02],
       [-2.40487575e-02, -3.44146566e-02,  1.11259564e-01, -3.30522509e-02,  7.98293565e-02],
       [ 9.10745701e-04,  7.79640713e-02, -8.27188585e-03,  5.32617032e-02, -1.89617930e-02],
       [-7.72190480e-03, -1.09060413e-01,  3.66405273e-02,  5.23730070e-02,  6.89623496e-02],
       [ 1.31101421e-03,  8.34422073e-02, -9.40372984e-02,  3.07693929e-02, -7.45232977e-02],
       [ 6.97628415e-02,  5.24384397e-03,  6.86496121e-02, -2.66045983e-02,  7.21217050e-02],
       [ 1.44314474e-01,  3.40552399e-02,  4.25013055e-02, -2.96902636e-02,  4.03165598e-02],
       [ 2.58758794e-02, -1.56872142e-02, -8.41394539e-02, -8.81740102e-02, -5.72809351e-02],
       [ 1.04152102e-01, -2.47756934e-02, -6.61617277e-02,  7.98227648e-02,  2.96606417e-02],
       [ 5.58471651e-02, -1.71559958e-02,  6.40086624e-02,  2.53983114e-02, -1.44639997e-02],
       [ 4.28672572e-02, -8.93772866e-02, -2.19847707e-03,  6.20375205e-02, -2.89116158e-02],
       [-3.37489989e-02,  5.02939873e-02, -3.10721966e-02, -4.63793857e-02,  4.70916331e-02],
       [ 4.36085680e-02,  2.24035026e-03,  3.50470062e-02,  7.18998190e-02, -2.38818124e-02],
       [-2.39189806e-02,  5.82416262e-02, -9.01637653e-03, -1.16923031e-01,  4.93797014e-02],
       [-2.87150044e-02,  5.02169233e-02,  2.70984583e-02, -3.81702904e-02,  5.15962855e-02],
       [-6.55387876e-02,  4.59897164e-02, -3.83145571e-03, -1.73164307e-02,  4.35416864e-02],
       [-1.40575038e-02,  9.34926549e-02, -6.38596007e-03, -3.77380472e-02,  4.52830103e-02],
       [-4.40546292e-02,  7.26561266e-02,  2.94009449e-02, -7.19069001e-02,  5.12134042e-02],
       [ 2.64385135e-02, -2.89626815e-02, -2.94091840e-02,  7.46946425e-02, -4.25392063e-02],
       [ 2.35243538e-02, -2.04933073e-02, -3.33325432e-02,  7.75242980e-02, -3.33661889e-02],
       [-1.65090625e-02,  8.83245999e-02, -2.87305330e-02, -3.18525489e-02,  4.54150071e-02],
       [ 3.90164168e-02, -4.35903080e-02, -1.31839177e-02,  1.02049751e-01, -4.52092555e-02],
       [-3.72321234e-03, -2.99729185e-02, -8.68389560e-03, -5.13907434e-02,  1.01618673e-02],
       [ 3.03718271e-02,  1.28424924e-02,  2.42435537e-02,  4.21205251e-02, -4.28181462e-02],
       [-2.24241526e-02,  1.48626878e-02,  5.40237044e-03, -8.86134206e-02,  3.97356825e-02],
       [-1.19216475e-02, -5.53405244e-02,  3.68150879e-03,  9.11226143e-02, -4.00714564e-02],
       [-6.83763282e-02, -5.08259276e-02, -1.39730858e-03,  6.00706695e-02, -2.19883072e-02],
       [-4.32076287e-02,  6.07167414e-02,  1.75059202e-02, -8.95394228e-03,  4.08226956e-02],
       [-4.80108283e-02, -5.90336821e-03,  5.80142994e-02, -1.66762600e-02, -1.89883775e-02],
       [ 7.43992683e-02, -3.85489421e-02,  7.21193781e-02,  1.92280748e-02, -1.65079181e-02],
       [-8.49117327e-02,  1.35568542e-02, -1.06906949e-01, -6.67613228e-03,  2.13116239e-02],
       [ 5.38005259e-02,  5.05560123e-03,  6.30940864e-02,  2.17814523e-02, -1.16331480e-02],
       [-1.03666963e-01,  1.42957871e-02, -1.34278974e-01, -4.08999989e-02,  3.03364611e-02],
       [-9.15704592e-02,  1.04573945e-02, -9.58751477e-02,  3.87261935e-03,  2.80782807e-02],
       [-8.62788449e-02,  1.04113954e-02, -8.74404231e-02,  3.81279531e-03,  1.97613550e-02],
       [-7.53652046e-02,  3.36802021e-02, -1.03643525e-01,  6.43616469e-04,  2.30147744e-02],
       [-1.04657970e-01,  2.05727335e-02, -9.96403114e-02, -1.24334838e-02,  2.85403451e-02],
       [ 8.51656917e-02,  3.82737081e-03,  7.98530984e-02,  2.10362010e-02, -2.74654083e-02],
       [ 6.59558473e-02, -6.11830353e-05,  6.19689478e-02,  2.50412533e-02, -1.90099634e-02],
       [-7.61704325e-02,  3.02200973e-02, -1.09137703e-01,  2.44170082e-03,  2.15064213e-02],
       [ 1.05761417e-01, -5.54297565e-03,  1.07491157e-01,  3.38861039e-02, -2.85040725e-02],
       [-1.80992412e-02, -1.72502055e-02, -2.71261717e-02, -2.05503889e-02,  5.39250999e-03],
       [ 7.75031954e-02,  1.22072865e-02,  1.01418821e-01,  4.34825416e-03, -2.07680811e-02],
       [-8.39862244e-02, -7.33011135e-03, -9.61117508e-02, -2.93687242e-02,  2.37657886e-02],
       [ 6.29234317e-02, -1.75591661e-02,  1.05620813e-01,  3.02418696e-02, -2.52625913e-02],
       [-2.71951189e-03, -2.02396042e-02,  5.55824331e-02,  2.18794441e-02, -1.30615608e-02],
       [-8.10144887e-02,  1.93453708e-02, -7.65319108e-02,  1.19042872e-02,  2.10427226e-02],
       [ 4.76029500e-04, -1.24741859e-03,  6.19301822e-02, -1.49694657e-02, -7.74205709e-03],
       [-5.65940215e-02,  9.22836762e-02, -2.03221125e-02, -7.32336630e-03,  4.58467665e-02],
       [ 5.61790455e-02, -1.92143172e-02,  3.03021338e-02,  4.93084173e-02, -2.54714392e-02],
       [-5.38584542e-02,  1.22516727e-01,  3.09634826e-03, -7.68933942e-02,  5.58608012e-02],
       [-5.98929672e-02,  9.93850952e-02,  3.86306973e-02,  3.61295326e-03,  5.48940929e-02],
       [-9.45244423e-02,  8.75940043e-02,  2.88125936e-03,  2.01482829e-02,  4.50855017e-02],
       [-3.54624264e-02,  1.24080896e-01, -8.62307977e-04, -2.91500724e-03,  4.30965876e-02],
       [-6.87735677e-02,  1.16210717e-01,  3.34167233e-02, -2.79373556e-02,  4.97416158e-02],
       [ 5.15150151e-02, -7.65786738e-02, -4.35853569e-02,  4.00743810e-02, -4.73670974e-02],
       [ 4.55777536e-02, -5.41345951e-02, -4.17324903e-02,  5.28971361e-02, -3.70666882e-02],
       [-3.86970537e-02,  1.18317985e-01, -1.94449146e-02,  2.47800579e-03,  4.26909209e-02],
       [ 7.78419135e-02, -1.04735408e-01, -3.19428445e-02,  7.59627212e-02, -5.65660156e-02],
       [-1.05464616e-02, -2.25385781e-02, -6.75717596e-03, -4.54738161e-02,  1.19974525e-02],
       [ 6.08080495e-02, -2.79138441e-02,  2.11848464e-02,  6.18512971e-03, -5.04811399e-02],
       [-5.31808272e-02,  5.70917022e-02,  1.61350868e-02, -6.57134553e-02,  4.91637657e-02],
       [ 3.70666742e-03, -1.15410626e-01, -5.77168803e-03,  6.82985706e-02, -5.02604057e-02],
       [-6.47435306e-02, -8.10639658e-02, -5.88996106e-03,  4.38822100e-02, -2.48259258e-02],
       [-6.64513796e-02,  1.00020081e-01,  2.61328194e-02,  2.45775581e-02,  4.15628920e-02],
       [-4.26034241e-02, -2.89521563e-02,  6.15779154e-02, -3.38672961e-02, -2.03112611e-02],
       [-5.81139284e-02, -4.25097510e-02, -6.85033346e-02, -3.54003847e-02,  3.84038095e-02],
       [ 3.24086610e-03,  2.90754050e-03,  4.98146738e-02,  1.85192135e-02, -8.20249316e-02],
       [ 1.25342054e-02,  1.36837591e-02, -5.96545320e-03, -9.44420890e-02, -7.52428402e-02],
       [ 7.24773611e-02, -1.73424195e-03,  3.53034693e-02, -9.90212176e-02, -6.19886650e-02],
       [-5.45993906e-03, -6.44738378e-02,  4.39249006e-02, -8.04367486e-02, -6.80073247e-02],
       [ 3.75470397e-02, -1.41152291e-02, -6.62062359e-03, -5.44202216e-02, -7.78107180e-02],
       [-1.13723187e-02, -3.42492071e-02,  1.50736602e-02,  2.08072742e-02,  6.21319507e-02],
       [-1.60341604e-02, -3.57697575e-02,  2.64281889e-02, -1.21226271e-02,  5.32878068e-02],
       [ 1.09162960e-03, -5.06338080e-02,  6.37637827e-02, -7.64797797e-02, -6.04554553e-02],
       [-3.85520373e-02, -2.35520367e-02, -1.00491880e-02, -1.45162423e-02,  8.12874709e-02],
       [ 2.67567605e-03,  6.72751539e-02,  1.97456873e-02,  4.40821926e-02, -1.75604916e-02],
       [-1.66701138e-02, -7.58084962e-02, -5.47373507e-02,  5.45018834e-02,  5.83457640e-02],
       [ 1.50333112e-02,  6.41631455e-02,  1.87255940e-02,  1.14488076e-02, -6.93794647e-02],
       [ 5.87182604e-02,  1.65047382e-02, -3.93936943e-02, -1.17781509e-02,  7.18362949e-02],
       [ 1.22397818e-01,  3.41006854e-02, -1.67735935e-02, -1.71424814e-02,  3.73817339e-02],
       [ 3.42261554e-02, -2.05234333e-02, -1.84147392e-03, -9.30503891e-02, -5.31736574e-02],
       [ 8.25250725e-02, -1.37443786e-02, -8.32205576e-02,  6.81232083e-02,  2.06935929e-02],
       [-5.59752439e-02, -5.50398368e-02, -6.41669543e-02, -9.30190527e-02,  4.08814998e-02],
       [-5.60388885e-02, -5.15233753e-02, -2.81379764e-02, -2.83624733e-02,  4.35811685e-02],
       [-8.10274644e-02, -3.73938258e-02, -4.56534389e-02, -1.21417234e-02,  3.57455745e-02],
       [-4.03563286e-02, -4.06499036e-03, -5.26224500e-02, -2.83705323e-02,  3.94396250e-02],
       [-7.18113752e-02, -3.88643598e-02, -2.78759534e-02, -5.42233398e-02,  4.34393456e-02],
       [ 4.64440240e-02,  5.37547240e-02,  2.37212596e-02,  5.40389910e-02, -3.26029305e-02],
       [ 4.15769194e-02,  4.76265380e-02,  7.64869890e-03,  6.10012265e-02, -2.83040533e-02],
       [-4.35296794e-02, -7.90939069e-03, -6.82107789e-02, -2.29285259e-02,  3.83760905e-02],
       [ 6.38044284e-02,  5.57361276e-02,  4.04184717e-02,  8.19380279e-02, -3.82509131e-02],
       [-5.73759177e-03, -3.92914292e-02, -1.36945095e-02, -3.63917316e-02,  7.43950110e-03],
       [ 4.65008286e-02,  7.33387057e-02,  5.51081065e-02,  3.40659827e-02, -3.27469491e-02],
       [-4.95621713e-02, -7.17757873e-02, -4.01363299e-02, -7.70025957e-02,  3.54437751e-02],
       [ 1.34063958e-02,  3.48723465e-02,  5.08554669e-02,  8.25693888e-02, -3.81085930e-02],
       [-4.23573257e-02,  3.99853652e-03,  2.42973395e-02,  4.82878335e-02, -1.93416504e-02],
       [-6.21117576e-02, -2.38622423e-02, -2.46654815e-02, -4.73504119e-03,  3.44129828e-02],
       [-2.85886619e-02,  2.35397259e-02,  6.11224422e-02, -1.39970780e-02, -1.46977582e-02],
       [-1.71037178e-02,  2.16571955e-02, -6.03737618e-02,  3.43408670e-03, -1.06285172e-01],
       [ 6.98915385e-02,  2.71392229e-03,  7.76950679e-03, -2.66686345e-02, -8.33326552e-02],
       [-3.42716207e-02, -8.40067408e-02,  1.29389137e-02,  7.03883763e-03, -8.87718402e-02],
       [ 1.43521706e-02, -1.83489893e-02, -5.44742844e-02,  5.28530318e-02, -9.13678100e-02],
       [ 9.98258724e-03, -4.50480606e-02,  5.77247599e-02, -6.90949210e-02,  7.56277574e-02],
       [-9.69477321e-04, -4.07254601e-02,  6.21735868e-02, -8.73613400e-02,  5.89822733e-02],
       [-2.60598146e-02, -7.48809324e-02,  5.33846260e-02, -3.48543171e-03, -8.77932246e-02],
       [-1.28979792e-02, -2.93553964e-02,  3.49178177e-02, -1.30423225e-01,  8.98344883e-02],
       [-4.62237380e-03,  8.36040876e-02,  1.61765075e-02,  8.24390904e-02, -1.91775795e-02],
       [ 2.35868829e-03, -1.16768918e-01, -4.23618006e-02, -2.28852930e-02,  8.16276279e-02],
       [-9.38414850e-03,  7.52733969e-02, -1.52326160e-02,  1.10595914e-01, -7.69871757e-02],
       [ 8.95533222e-02,  1.30804211e-02, -3.64759685e-03, -1.15473392e-01,  7.96116167e-02],
       [ 1.56365310e-01,  4.15718016e-02,  3.96026175e-03, -6.78638665e-02,  3.87375082e-02],
       [ 2.66050162e-02, -2.85224792e-02, -3.65809439e-02, -3.90631931e-02, -7.71535112e-02],
       [ 1.17775680e-01, -2.49965189e-02, -1.06958140e-01,  5.70850288e-02,  3.42109622e-02],
       [ 5.55444101e-02,  1.07633191e-02, -3.04848009e-02, -1.03961197e-01, -5.74572947e-02],
       [-1.79210263e-02, -4.76042820e-02, -3.19209718e-02, -8.86498157e-02, -6.42778683e-02],
       [ 1.90690139e-02,  4.56883952e-04, -9.05877370e-02, -6.54798450e-02, -7.44648660e-02],
       [ 2.98037618e-03, -4.58548886e-02,  8.90994734e-02,  3.54338834e-02,  6.45989485e-02],
       [-6.10519449e-03, -4.60123075e-02,  9.34412940e-02,  5.79189979e-04,  5.54545356e-02],
       [-1.08414075e-02, -4.19344421e-02, -6.54543041e-04, -9.65152861e-02, -6.43309223e-02],
       [-2.11246943e-02, -3.30690246e-02,  8.13559130e-02,  5.80563864e-03,  7.96699838e-02],
       [ 2.60761479e-04,  7.30129361e-02, -8.89063429e-04,  4.08619411e-02, -1.86051530e-02],
       [-3.57468445e-03, -9.34477497e-02,  8.54254531e-03,  7.50373541e-02,  6.10632103e-02],
       [ 1.90301779e-04,  7.04813956e-02, -5.69526114e-02, -4.01965007e-03, -6.74167848e-02],
       [ 7.71355759e-02,  3.07350307e-03,  4.98738197e-02,  7.11166903e-03,  7.81104819e-02],
       [ 1.32538502e-01,  2.87818020e-02,  2.23203360e-02, -1.56478448e-02,  3.72122343e-02],
       [ 2.41528818e-02, -8.80864079e-03, -6.07418346e-02, -1.08277308e-01, -5.39427269e-02],
       [ 9.65156875e-02, -2.63781204e-02, -7.11654289e-02,  8.76138779e-02,  2.65518933e-02],
       [ 3.62026676e-02, -4.67400625e-02,  7.40926412e-03, -9.13134867e-02, -5.36606743e-02],
       [ 7.93687167e-02, -9.74209788e-03, -3.21233183e-02, -7.70550157e-02, -6.23667370e-02],
       [-5.30014023e-02, -2.87347727e-02,  3.76884868e-02,  4.83691211e-02,  5.52914735e-02],
       [-5.33250883e-02, -3.09534821e-02,  4.82209991e-02,  1.63314835e-02,  4.77100498e-02],
       [ 4.22973228e-02, -4.15878187e-02,  3.15049130e-02, -9.72190278e-02, -5.30451216e-02],
       [-9.50342502e-02, -1.95424002e-02,  2.91258601e-02,  2.87160545e-02,  7.36586275e-02],
       [ 1.62658623e-02,  5.91195736e-02,  8.85944461e-03,  2.87619832e-02, -1.60885478e-02],
       [-5.22660180e-02, -6.63857904e-02, -2.31750900e-02,  7.83339961e-02,  5.15125821e-02],
       [ 6.38208518e-02,  5.60966058e-02, -1.25019349e-02, -2.49463049e-02, -6.19314624e-02],
       [ 2.10456803e-03,  1.60248251e-02, -6.11336491e-04,  2.93574601e-02,  7.15611237e-02],
       [ 8.45443736e-02,  2.94825522e-02,  6.02950666e-04,  2.73661405e-03,  3.45114561e-02],
       [ 6.28881644e-02, -1.51568011e-02, -2.01739945e-02, -1.02628044e-01, -4.46237904e-02],
       [ 6.09277982e-02, -1.58353132e-02, -7.32336964e-02,  7.92212681e-02,  2.13839978e-02],
       [-1.28188402e-03, -7.69024816e-02, -3.28096054e-02, -5.34292972e-02, -6.79002057e-02],
       [ 1.75618521e-02,  2.94004546e-02,  4.55916173e-02,  3.13695185e-02,  6.52636764e-02],
       [ 7.48016672e-03,  1.74445385e-02,  4.74441639e-02, -4.60531405e-03,  5.15114283e-02],
       [-2.23801620e-02, -9.49688314e-02,  3.76992134e-02, -7.85544770e-02, -5.57598814e-02],
       [-3.61791046e-03,  5.63991655e-02,  2.72191168e-02, -1.32657996e-03,  7.96475594e-02],
       [-3.26660060e-03,  4.66391830e-02,  1.10010838e-02,  3.93595212e-02, -1.69255896e-02],
       [ 6.91098192e-03, -2.38719862e-02, -3.41829288e-02,  7.08489311e-02,  6.04487985e-02],
       [-1.52901970e-02, -5.91493245e-03, -1.00900294e-02,  1.94025705e-03, -6.73857374e-02],
       [ 7.27545470e-02,  7.46212634e-02, -3.49551330e-03,  2.05258186e-03,  6.44474774e-02],
       [ 1.27804990e-01,  6.69724597e-02,  8.95548142e-04, -1.37652886e-02,  3.43359004e-02],
       [ 9.64481706e-03, -6.26732368e-02, -2.07762744e-02, -9.44561813e-02, -4.99127783e-02],
       [ 8.41070263e-02, -2.66344805e-03, -7.81006161e-02,  7.08021169e-02,  2.08689245e-02],
       [-1.79978648e-02, -2.19671691e-02,  9.47306260e-02, -2.95020511e-03,  6.62614022e-02],
       [-2.08288854e-02, -2.40200590e-02,  8.70627280e-02, -3.25368869e-02,  5.17134494e-02],
       [ 8.39237312e-03, -7.79057764e-02, -2.83877261e-03, -6.91228400e-02, -7.35787548e-02],
       [-5.39086294e-02, -3.25950666e-03,  9.74854559e-02, -4.86650153e-02,  8.81361392e-02],
       [ 5.21150664e-03,  6.84456290e-02,  2.69617144e-04,  5.45149661e-02, -1.86129128e-02],
       [-2.88452735e-02, -8.45720069e-02,  1.10479800e-02,  4.67465705e-02,  7.10530363e-02],
       [ 2.13101035e-02,  4.71305051e-02, -5.96820525e-02,  3.62098257e-02, -6.84168061e-02],
       [ 5.57913546e-02,  3.55938221e-02,  5.49163979e-02, -4.29000528e-02,  8.01665838e-02],
       [ 1.32877439e-01,  5.11902041e-02,  2.98210563e-02, -3.62719107e-02,  3.98025579e-02],
       [ 4.29953166e-02, -3.11544313e-02, -6.35655924e-02, -8.30763922e-02, -5.76628121e-02],
       [ 9.25491008e-02, -1.69840051e-02, -7.41716301e-02,  7.87450615e-02,  2.94271480e-02],
       [ 6.09372086e-03,  5.93920941e-02, -9.42196770e-02,  4.48395427e-02, -4.86161938e-02],
       [ 1.16781018e-02,  2.33347131e-02,  1.40559481e-02,  3.89049528e-02,  6.53090658e-02],
       [ 1.92205021e-02,  5.49383477e-02, -8.29811303e-02,  5.74812281e-02, -6.74943484e-02],
       [ 1.42351737e-03, -7.09010762e-02,  2.01111514e-03, -5.27140299e-02,  1.53283676e-02],
       [ 5.59468633e-03,  1.18604962e-01, -2.03185215e-02, -1.87695763e-02, -5.98309676e-02],
       [-2.89067167e-04, -8.42182114e-02,  5.95851683e-02, -4.97310891e-02,  5.77626832e-02],
       [-5.96597649e-02,  2.03055256e-02, -4.97404500e-02,  5.16572296e-02, -6.21357433e-02],
       [-1.22633858e-01, -1.61246507e-02, -3.04311186e-02,  4.18944528e-02, -3.38219288e-02],
       [-2.58703307e-02, -9.87485901e-03,  7.37370317e-02,  5.98903677e-02,  5.51780046e-02],
       [-8.78190188e-02,  3.35388568e-02,  6.00793051e-02, -5.79990855e-02, -2.57503701e-02],
       [ 2.10483770e-03,  1.27897841e-02,  2.17628582e-02,  2.64805330e-03,  5.16937859e-02],
       [ 2.12240564e-02,  4.77102144e-02, -8.05494263e-02,  7.48953765e-02, -5.28823027e-02],
       [-2.99920392e-04, -4.85587630e-02, -1.00855484e-03, -4.15085980e-02,  9.95104330e-03],
       [ 8.38328092e-03,  8.45509527e-02, -2.48864580e-02,  1.05979778e-02, -4.37581656e-02],
       [-5.68374826e-03, -6.37918170e-02,  5.79730623e-02, -6.13503305e-02,  4.42799592e-02],
       [-4.56134497e-02,  2.19230511e-02, -5.80056549e-02,  7.64845099e-02, -5.24109816e-02],
       [-8.56838455e-02, -1.06659024e-02, -2.47144732e-02,  4.19226501e-02, -2.45217030e-02],
       [-2.39354046e-02, -1.24967474e-02,  6.23774223e-02,  2.07340368e-02,  4.10103730e-02],
       [-6.84142430e-02,  3.18641185e-02,  4.05056458e-02, -3.38656143e-02, -2.26190822e-02],
       [-1.01876525e-02,  4.83828400e-02, -1.14929414e-02,  8.68274474e-03,  7.90919930e-02],
       [-1.72517198e-03,  4.75917614e-02,  1.90246960e-02,  3.64731784e-02, -1.67900499e-02],
       [ 2.16485733e-03, -2.80837582e-02, -6.18907853e-02,  7.56999986e-02,  5.95146511e-02],
       [-7.67271016e-03,  2.60683128e-04,  2.13228975e-02, -7.25348452e-03, -6.69302090e-02],
       [ 7.67367983e-02,  7.57695893e-02, -3.75754707e-02,  9.55702384e-03,  6.94184627e-02],
       [ 1.23323742e-01,  6.27633611e-02, -1.45882343e-02, -9.23651216e-03,  3.41752447e-02],
       [ 1.48094911e-02, -5.78129042e-02,  1.44149701e-03, -9.86794239e-02, -4.93755582e-02],
       [ 7.99425742e-02, -4.18207185e-03, -8.06512687e-02,  6.96731814e-02,  1.93837244e-02],
       [-1.91796591e-03, -7.97651023e-02, -5.80276859e-03, -7.29701043e-02,  1.77951201e-02],
       [ 2.80318133e-02,  1.23208057e-01,  4.29243792e-03,  1.35613327e-02, -7.18772566e-02],
       [-1.87477726e-02, -8.24148085e-02,  4.63649510e-02, -9.42964054e-02,  6.89600008e-02],
       [-5.29404192e-02,  6.47194943e-03, -3.14499165e-02,  9.84133158e-02, -7.20507918e-02],
       [-1.36141880e-01, -2.88608717e-02, -2.20691950e-02,  7.01490856e-02, -3.99225641e-02],
       [-5.46287600e-02,  9.14665633e-03,  6.58607362e-02,  3.98058489e-02,  6.86848348e-02],
       [-9.69474517e-02,  3.56750901e-02,  8.10581408e-02, -4.95215287e-02, -3.55883946e-02],
       [-6.09549577e-04, -7.48409485e-02, -1.60432927e-02, -3.92856984e-02,  1.41436485e-02],
       [-1.14715200e-03,  6.44240335e-02,  9.42834977e-03,  5.38788282e-02, -1.16204018e-02],
       [ 1.74192516e-02, -6.37927973e-02, -1.08363428e-02, -6.75718698e-02,  1.62303049e-02],
       [ 2.83325003e-02, -2.47936852e-02, -5.72180414e-03, -3.57370495e-02,  7.89280390e-03],
       [ 1.07300317e-02,  5.00257472e-02, -1.69404876e-03,  1.86098090e-02, -1.71382137e-02],
       [ 2.02060467e-02, -2.85809910e-02, -2.24876434e-02, -3.94652537e-03,  6.62216154e-03],
       [-6.87184175e-03, -1.23942724e-01, -1.25904216e-02, -9.77579742e-03,  5.62238024e-02],
       [-4.92974361e-02,  7.15895583e-02,  2.66826453e-02,  9.13933300e-03, -6.00723992e-02],
       [-1.17667466e-01,  2.41512098e-02,  1.65043156e-02,  1.53739073e-02, -3.60723751e-02],
       [-2.92948292e-02, -5.17499466e-02,  4.12166336e-03,  9.17213186e-02,  5.21566654e-02],
       [-7.73879681e-02,  3.37487833e-02,  7.51246501e-02, -6.10769697e-02, -1.92960535e-02],
       [ 6.82362701e-02, -4.77840091e-02,  2.00954218e-02, -9.50163241e-02,  6.77323584e-02],
       [ 1.23154411e-01,  3.69699408e-03,  1.16321755e-02, -6.00461343e-02,  3.39639898e-02],
       [ 3.04776472e-02,  3.25768152e-02, -4.51584687e-02, -3.47804453e-02, -5.84540793e-02],
       [ 8.64817401e-02, -4.24956569e-02, -7.27091944e-02,  4.57075268e-02,  2.62857951e-02],
       [-1.43162633e-01, -3.76629659e-02, -6.03600599e-03,  5.31026322e-02, -3.10641561e-02],
       [ 3.06675907e-02,  3.76527962e-02,  3.42547239e-02,  3.83690380e-02,  6.25526686e-02],
       [-1.13176610e-01,  1.50874408e-02,  8.32716603e-02, -4.98691643e-02, -2.65837879e-02],
       [ 9.39427121e-02,  4.14682996e-02,  1.77869498e-02,  8.10359162e-03,  3.15607808e-02],
       [-7.52257033e-02,  3.70364620e-03,  3.75487989e-02, -2.15473825e-02, -1.28477002e-02],
       [ 6.66833729e-02, -9.07761449e-03, -5.63210034e-02,  7.75767093e-02,  2.01165878e-02]])})
2026-01-20 11:01:53,029 - final_problem_set.kxor_instance_n27_k2_m205_ell2_eps0.15_kappa1.0_rho0.8 - INFO - Running key extraction (n=27, m=205, ell=2, phase_qubits=13)
2026-01-20 11:01:53,035 - final_problem_set.kxor_instance_n27_k2_m205_ell2_eps0.15_kappa1.0_rho0.8 - INFO - Built voting matrix V (n=27, ell=2, dtype=complex128) in 0.006s
2026-01-20 11:01:53,035 - final_problem_set.kxor_instance_n27_k2_m205_ell2_eps0.15_kappa1.0_rho0.8 - INFO - Eval: adv=0.8341, hamming=0/27 (0.000), corr=1.000
2026-01-20 11:01:53,035 - final_problem_set.kxor_instance_n27_k2_m205_ell2_eps0.15_kappa1.0_rho0.8 - INFO - Key extraction complete: x_hat=11
2026-01-20 11:01:53,035 - final_problem_set.kxor_instance_n27_k2_m205_ell2_eps0.15_kappa1.0_rho0.8 - INFO - Finished step 'KeyExtractionStep' in 0.006s (success: True, problem=kxor_instance_n27_k2_m205_ell2_eps0.15_kappa1.0_rho0.8)
2026-01-20 11:01:53,036 - final_problem_set.kxor_instance_n27_k2_m205_ell2_eps0.15_kappa1.0_rho0.8 - INFO - SUCCESS: len(z_hat)=27
2026-01-20 11:01:53,036 - final_problem_set.kxor_instance_n27_k2_m205_ell2_eps0.15_kappa1.0_rho0.8 - INFO - Metrics: adv=0.8341463414634146, ham_frac=0.0, corr=1.0
2026-01-20 11:01:53,036 - final_problem_set.kxor_instance_n27_k2_m205_ell2_eps0.15_kappa1.0_rho0.8 - INFO - z_hat (full): [ 1, -1,  1, -1, -1, -1,  1,  1,  1, -1,  1, -1, -1, -1, -1, -1,  1,  1, -1,  1, -1,  1, -1,  1,  1, -1,  1]
