2026-01-20 11:01:45,487 - final_problem_set.kxor_instance_n26_k2_m204_ell2_eps0.2_kappa1.0_rho0.2 - INFO - Starting iteration for /Users/julian/CodingProjects/UniT3/QuarticSpeedupK-XOR/z_Daphne/data/final_problem_set/kxor_instance_n26_k2_m204_ell2_eps0.2_kappa1.0_rho0.2.npz
2026-01-20 11:01:45,489 - final_problem_set.kxor_instance_n26_k2_m204_ell2_eps0.2_kappa1.0_rho0.2 - INFO - Loaded instance (n=26, m=204, k=2)
2026-01-20 11:01:45,489 - final_problem_set.kxor_instance_n26_k2_m204_ell2_eps0.2_kappa1.0_rho0.2 - INFO - Starting step 'ComputeKikuchiStep' (version 0.1) on problem kxor_instance_n26_k2_m204_ell2_eps0.2_kappa1.0_rho0.2 (fields={'ell': 2, 'threshold': 0.0})
2026-01-20 11:01:45,524 - final_problem_set.kxor_instance_n26_k2_m204_ell2_eps0.2_kappa1.0_rho0.2 - INFO - Finished step 'ComputeKikuchiStep' in 0.035s (success: True, problem=kxor_instance_n26_k2_m204_ell2_eps0.2_kappa1.0_rho0.2)
2026-01-20 11:01:45,524 - final_problem_set.kxor_instance_n26_k2_m204_ell2_eps0.2_kappa1.0_rho0.2 - INFO - Starting step 'ClassicalEigenvaluesStep' (version 0.1) on problem kxor_instance_n26_k2_m204_ell2_eps0.2_kappa1.0_rho0.2 (fields={'ell': 2, 'threshold': 0.0, 'kikuchi_matrix': <Dictionary Of Keys sparse matrix of dtype 'int64'
	with 7536 stored elements and shape (325, 325)>, 'num_eigenvalues': 5})
2026-01-20 11:01:45,707 - final_problem_set.kxor_instance_n26_k2_m204_ell2_eps0.2_kappa1.0_rho0.2 - INFO - Finished step 'ClassicalEigenvaluesStep' in 0.182s (success: True, problem=kxor_instance_n26_k2_m204_ell2_eps0.2_kappa1.0_rho0.2)
2026-01-20 11:01:45,707 - final_problem_set.kxor_instance_n26_k2_m204_ell2_eps0.2_kappa1.0_rho0.2 - INFO - Starting step 'KeyExtractionStep' (version 0.1) on problem kxor_instance_n26_k2_m204_ell2_eps0.2_kappa1.0_rho0.2 (fields={'ell': 2, 'threshold': 0.0, 'kikuchi_matrix': <Dictionary Of Keys sparse matrix of dtype 'int64'
	with 7536 stored elements and shape (325, 325)>, 'num_eigenvalues': 5, 'eigenvalues': array([-11.82411121, -11.7552185 , -10.90054335,  11.17205054,  11.53912695]), 'eigenvectors': array([[ 3.90037170e-02, -9.22214504e-02,  2.52160103e-02, -6.31221579e-02, -3.63848462e-02],
       [ 5.45235350e-02, -1.10803883e-01,  4.52113458e-02,  2.73107456e-03, -1.19171930e-01],
       [-4.69891504e-02,  1.51683357e-01, -1.74392971e-02,  1.91106329e-02,  8.41423626e-02],
       [-4.70452321e-03, -7.48883605e-02, -2.94968002e-02,  2.58515224e-02,  6.27083979e-02],
       [ 1.06737059e-01, -2.22327446e-02,  8.71209049e-02, -1.08796183e-02, -6.24199496e-02],
       [ 5.45255286e-02,  3.83182637e-02,  3.35824773e-02,  5.37459256e-02,  2.79731049e-02],
       [-4.23266352e-02, -2.21070195e-02, -6.27505053e-02, -2.56158247e-02,  1.64701084e-02],
       [ 6.22083124e-02, -1.30126274e-01,  3.25574404e-02,  5.83224838e-02, -5.77831421e-03],
       [-1.85195458e-02,  6.69835256e-02, -2.05901549e-02,  9.43326900e-03,  3.43327744e-02],
       [-8.13413624e-02,  4.75834590e-02, -6.09808590e-02,  5.38137373e-02, -5.00780734e-02],
       [-4.59427447e-02,  7.94216134e-02, -4.38265116e-02,  1.02501929e-02,  2.38373069e-02],
       [-9.40310585e-02, -4.25393574e-03, -8.29037590e-02, -5.03699181e-02,  6.82759842e-02],
       [-7.02013151e-02, -1.78114727e-02, -8.08774279e-02, -3.36131548e-02, -6.77480345e-02],
       [-2.06710759e-02,  2.00944580e-02, -9.05423931e-03,  4.04957319e-02, -1.01228049e-01],
       [-6.55908647e-02,  1.26719161e-01, -3.74143573e-02,  7.52838464e-02, -5.61535036e-02],
       [ 6.52808120e-02,  1.04113799e-01,  7.82984850e-02, -6.28087594e-02, -7.05973986e-05],
       [-1.99627556e-02, -4.46355791e-02, -3.20007681e-02,  4.07995536e-02, -2.65948683e-02],
       [ 3.12763831e-02, -3.87204753e-02,  1.55567393e-02, -8.14186337e-02,  2.14903050e-02],
       [ 8.23861440e-02,  5.30976397e-04,  6.41646123e-02,  4.12838014e-02,  3.77617038e-02],
       [-2.01757170e-03, -1.09375264e-01, -3.94624655e-02,  5.78400314e-02,  5.57783749e-02],
       [-4.74154910e-02, -2.84472911e-02, -3.70889380e-02,  1.65724131e-02, -1.00297286e-01],
       [-2.85864772e-02, -5.78176709e-02, -5.00148488e-02, -1.27295894e-02, -3.36326514e-03],
       [ 6.69804392e-02, -7.78755183e-02,  7.52671553e-02,  6.69641506e-02,  6.98368424e-02],
       [-3.63798378e-03,  1.25098584e-01,  7.17880451e-05, -1.49428084e-02, -9.80297142e-02],
       [-2.50509543e-02, -2.17675529e-02, -2.59681710e-03, -4.95893117e-02,  5.63509212e-02],
       [ 1.85162552e-02, -8.75906915e-02,  2.39282468e-02, -8.06813154e-02, -8.76011485e-02],
       [ 6.35490613e-04,  1.25732139e-01, -2.99264088e-02,  7.23541099e-02,  4.93857332e-02],
       [-2.48392154e-02, -7.16036885e-02,  8.37035608e-03,  6.17298462e-02,  3.84234180e-02],
       [ 9.50108427e-02, -2.72768841e-02,  1.57689805e-02, -5.09381866e-02, -3.64910412e-02],
       [ 6.06608678e-02,  1.69119537e-02, -2.12075217e-04,  5.32780182e-02,  7.29772181e-03],
       [-4.80843040e-02, -2.86034864e-02, -1.70301445e-04, -7.07169901e-03,  1.12514935e-02],
       [ 1.81368255e-02, -9.44928992e-02,  2.59021432e-02,  3.64108605e-02, -7.86503660e-03],
       [ 2.05528386e-03,  3.98845312e-02, -1.32148349e-02,  4.19427248e-02,  2.05610767e-02],
       [-7.46308742e-02,  5.76467925e-02, -1.73183580e-02,  1.48612829e-02, -4.52985743e-02],
       [-1.38735137e-02,  6.85903532e-02, -3.00277065e-02,  3.10191959e-02,  2.07841258e-02],
       [-8.75687160e-02,  6.38431662e-03, -2.19854499e-02, -2.52411742e-03,  5.92242176e-02],
       [-6.69876510e-02, -9.71059538e-03, -1.98775897e-02, -7.84191277e-02, -3.95643693e-02],
       [-8.08772163e-03, -2.29023499e-03,  4.40502259e-03, -2.59712172e-02, -6.83825329e-02],
       [-1.68979646e-02,  1.03155381e-01, -2.65885142e-02,  3.28439830e-02, -5.51230123e-02],
       [ 7.83190015e-02,  6.76475349e-02,  1.96276145e-02, -4.05987943e-02,  1.07456279e-02],
       [-3.43681039e-02, -4.86724872e-02,  1.01643962e-02,  2.80258354e-02, -1.81137315e-02],
       [ 2.62134392e-02, -6.29095984e-02,  2.06296011e-02, -4.74809966e-02,  2.57942579e-02],
       [ 8.11286712e-02, -1.45586680e-02,  1.25197895e-02,  7.94203849e-02,  2.27278514e-02],
       [-3.51827530e-02, -1.03614239e-01,  1.51675017e-02,  1.11522606e-01,  3.60903965e-02],
       [-5.46411767e-02, -3.05266878e-03, -1.04456706e-02, -5.54643381e-02, -8.25209692e-02],
       [-4.14963333e-02, -5.51123992e-02,  7.37843199e-03, -1.07706068e-02, -6.36984164e-03],
       [ 3.74712072e-02, -7.05916503e-02,  3.25523033e-02,  1.01350945e-01,  3.10103838e-02],
       [ 2.12570621e-02,  7.36268841e-02, -5.62548855e-03, -8.02210056e-02, -5.51549904e-02],
       [-3.62637962e-02, -8.77956393e-03,  1.15103618e-02, -9.85073408e-04,  4.93755656e-02],
       [-1.17065010e-02,  1.43468273e-01, -3.53168311e-02, -1.49050911e-02,  1.33364318e-01],
       [-2.68722427e-02, -8.63142991e-02,  8.87820579e-03,  1.16283265e-02,  7.69076013e-02],
       [ 1.15682297e-01, -2.71640032e-02,  3.04959247e-02,  1.81689117e-02, -1.26361451e-01],
       [ 7.55871543e-02,  6.06143111e-03,  3.87442766e-02,  7.78110048e-02,  1.31708870e-01],
       [-5.16967415e-02, -4.68876800e-02,  1.13131389e-02, -6.30717546e-02,  7.24064074e-02],
       [ 3.16326085e-02, -1.10501844e-01,  3.80808529e-02,  9.88068990e-02, -8.94352737e-03],
       [-3.69609793e-03,  5.65612235e-02, -1.68222955e-02, -6.23756325e-03,  8.64092155e-02],
       [-8.53356286e-02,  5.85834684e-02, -2.31922539e-02,  9.60338492e-02, -5.50126043e-02],
       [-2.49686165e-02,  7.28197952e-02, -2.82464912e-02,  8.07409205e-03,  2.63351538e-03],
       [-1.12158169e-01,  9.12022437e-03, -5.41679877e-02, -9.08079981e-02,  4.02206625e-02],
       [-8.07091776e-02, -1.53128710e-02, -2.69473692e-02, -8.76031846e-03, -1.19409191e-01],
       [-8.35972968e-03, -8.80364261e-03,  9.72874980e-03,  7.90222515e-02, -8.26689742e-02],
       [-3.39015443e-02,  1.29652693e-01, -4.43580999e-02,  1.39257884e-01, -3.23572703e-03],
       [ 9.44288450e-02,  9.00517935e-02,  1.92699576e-02, -9.99921423e-02, -4.51822203e-02],
       [-3.72594929e-02, -6.26651875e-02,  8.92066990e-03,  7.37487702e-02, -2.15496632e-02],
       [ 3.49512125e-02, -6.11277533e-02,  3.42493654e-02, -1.32996596e-01, -3.68919308e-02],
       [ 9.13905026e-02, -1.00136006e-02,  7.04020327e-03,  4.08867530e-02,  9.49963556e-02],
       [-2.92879229e-02, -1.10413431e-01,  1.65831114e-02,  6.16726702e-02,  1.10897281e-01],
       [-6.34776666e-02, -1.50082724e-02, -1.40321133e-02,  6.79021284e-02, -9.64998110e-02],
       [-4.33647901e-02, -6.49084547e-02,  1.07514435e-03, -2.19710344e-02,  3.32239624e-02],
       [ 5.18470242e-02, -7.79197613e-02,  3.93456278e-02,  8.08350959e-02,  1.74919790e-01],
       [ 2.05039144e-02,  8.71909586e-02, -1.31847124e-03,  3.45523885e-02, -1.57258271e-01],
       [-4.08625880e-02,  4.01416962e-03,  4.73643013e-03, -7.94663084e-02,  9.97443293e-03],
       [ 5.18983484e-02,  1.10726884e-01, -4.74534970e-02, -2.34160045e-02, -6.48577262e-02],
       [-1.41162411e-01,  5.71874155e-02,  3.60690146e-02,  7.69001924e-03,  8.12394634e-02],
       [-9.33795505e-02, -3.99659867e-03,  2.83704068e-02, -7.06098347e-02, -5.24019673e-02],
       [ 7.64210973e-02,  3.58741510e-02, -3.36415727e-02,  3.53954120e-02, -3.01062088e-02],
       [-1.19814351e-02,  1.38713492e-01, -2.36732967e-02, -7.04124094e-02,  8.20853955e-03],
       [-9.81966681e-03, -7.93137442e-02,  2.53827440e-02, -1.06341054e-02, -4.73877317e-02],
       [ 1.07137184e-01, -1.11657568e-01, -1.54750956e-02, -7.21682032e-02,  6.43546367e-02],
       [ 1.02486863e-02, -7.90312114e-02,  2.02667146e-02, -1.15562994e-02, -3.11694101e-02],
       [ 1.32504511e-01, -1.78866218e-02, -4.17252323e-02,  7.25796174e-02, -7.37006457e-02],
       [ 1.04245254e-01,  1.65104615e-02, -3.75861303e-02,  2.77036075e-02,  6.90700028e-02],
       [ 1.36376105e-02,  1.71229102e-02, -1.01616209e-02, -4.76593263e-02,  8.64156478e-02],
       [ 8.55944293e-03, -1.72318136e-01,  3.50344018e-02, -1.07616405e-01,  4.91995147e-02],
       [-1.28347617e-01, -7.66396099e-02,  3.20393048e-02,  7.77729660e-02,  2.00223686e-03],
       [ 6.12253511e-02,  7.26493381e-02, -4.15257197e-02, -5.74259975e-02,  1.94894025e-02],
       [-3.14127951e-02,  5.52655525e-02,  1.80472208e-03,  1.04786968e-01, -6.30408467e-03],
       [-1.21692219e-01,  4.62487035e-02,  2.62212438e-02, -5.52626463e-02, -6.64380822e-02],
       [ 5.85167512e-02,  1.15449126e-01, -3.49318091e-02, -7.35406729e-02, -7.77574328e-02],
       [ 8.67020329e-02,  2.55871245e-03, -3.22495940e-02, -3.97716728e-02,  1.23832383e-01],
       [ 6.00388358e-02,  3.42629292e-02, -1.01078318e-02,  1.60146614e-02,  7.87610506e-03],
       [-4.41036282e-02,  1.22790878e-01, -2.44305427e-02, -8.24391177e-02, -9.56704705e-02],
       [-4.90700443e-02, -1.08603938e-01,  3.69566181e-02,  4.30759932e-03,  1.10134835e-01],
       [ 5.83975098e-02, -3.08336823e-03, -3.01697709e-02,  6.27251014e-02, -5.41529837e-02],
       [ 6.68117504e-02, -4.18387453e-02, -5.30098959e-02,  1.81256636e-02,  7.19969071e-02],
       [ 5.57214507e-02,  8.46400884e-03, -5.30408557e-02, -6.57525830e-02, -6.10368234e-02],
       [-4.09252717e-02, -1.23911787e-02,  2.82392253e-02,  3.17148144e-02, -4.00586403e-02],
       [-3.13634233e-02, -1.09490583e-01,  2.30166537e-02, -6.27401544e-02,  7.01499424e-03],
       [ 2.89471279e-02,  6.10106063e-02, -2.78818532e-02, -1.84689858e-02, -5.76576630e-02],
       [-3.43804146e-02,  5.94523463e-02,  5.60813730e-02, -5.93220597e-02,  5.40440351e-02],
       [ 1.77374071e-02,  7.18436296e-02, -3.05366780e-02, -2.12214519e-02, -8.16771417e-03],
       [-6.59039036e-02,  2.38021357e-02,  2.92034376e-02,  5.51052367e-02, -4.77819426e-02],
       [-5.31775084e-02,  4.93689564e-03,  2.55565842e-02,  3.53459448e-02,  5.99412076e-02],
       [-4.29380334e-04,  9.99660078e-03, -2.24371289e-03, -2.55262540e-02,  5.75000342e-02],
       [ 4.08279261e-02,  1.26274752e-01, -2.05130412e-02, -8.85016251e-02,  1.85542618e-02],
       [ 9.88773847e-02,  5.89099196e-02, -7.39517241e-02,  6.91336696e-02,  1.19637952e-02],
       [-3.96505928e-02, -3.30627691e-02,  2.20997277e-02, -5.24860976e-02,  1.24990750e-02],
       [ 2.26706362e-03, -4.41879765e-02,  5.58500299e-05,  9.05118199e-02,  1.01978980e-02],
       [ 5.81017519e-02, -2.53061560e-02, -6.90041856e-02, -5.79318642e-02, -5.80895648e-02],
       [-7.00789495e-02, -8.84536883e-02,  5.64373222e-02, -8.63243890e-02, -6.97791764e-02],
       [-4.62612662e-02, -2.72637631e-03,  3.84778800e-02, -8.81927777e-03,  6.76524251e-02],
       [-4.85507298e-02, -3.57055848e-02,  4.56295421e-02,  1.37780860e-02, -8.79300715e-03],
       [-2.02378320e-03, -8.65432198e-02, -1.22344264e-03, -9.85315618e-02, -9.58042277e-02],
       [ 6.03473460e-02,  8.52193201e-02, -5.29498367e-02,  2.01529131e-02,  1.01295806e-01],
       [-3.28472634e-02, -6.62552463e-03,  5.23865851e-02,  4.55179791e-02, -2.76324190e-02],
       [ 1.33310335e-02,  2.07732831e-02,  1.14704322e-01,  4.51221379e-02,  1.99619327e-02],
       [ 3.37449453e-03, -2.95436605e-02, -9.40080056e-02, -2.70066185e-02,  5.92445146e-03],
       [ 1.32294869e-01, -3.94431977e-02,  1.36027757e-02,  5.37918096e-02,  7.40406739e-03],
       [-5.89292167e-02,  1.82981849e-02,  1.05668815e-02,  1.00982708e-02,  3.02382247e-02],
       [-8.02208323e-02, -2.26198113e-03, -1.29543278e-01,  5.48258914e-02, -4.02026123e-02],
       [-8.26759403e-02,  2.09326347e-02, -9.57212209e-03,  8.23677692e-03,  4.04406298e-02],
       [-4.43836711e-02, -2.20111109e-02, -1.43531618e-01, -6.69538335e-02,  7.51181956e-02],
       [-2.85013849e-02, -3.01788587e-02, -1.41887531e-01, -2.52462788e-02, -7.31337301e-02],
       [-8.49346656e-03,  4.94400538e-03,  1.77311731e-02,  3.80033329e-02, -7.84209348e-02],
       [-1.60894829e-01,  4.44550741e-02, -3.55157691e-02,  9.14173803e-02, -5.74093021e-02],
       [-3.03046830e-02,  6.54733963e-02,  1.65798575e-01, -6.24759488e-02, -4.51161521e-03],
       [ 4.02332136e-02, -2.95205339e-02, -4.41068020e-02,  4.76418324e-02, -9.58385971e-03],
       [ 5.45331152e-02, -1.50631747e-02,  3.72293722e-02, -8.23986958e-02,  2.05026770e-02],
       [ 4.87101285e-02,  1.96500188e-02,  1.47528767e-01,  3.67365598e-02,  4.21587111e-02],
       [ 8.53158460e-02, -6.21363105e-02, -1.00741977e-01,  6.28453767e-02,  7.57413874e-02],
       [-4.18871597e-03, -1.98377431e-02, -9.97218550e-02,  3.36105957e-02, -1.02238385e-01],
       [ 1.88800215e-02, -4.06868352e-02, -1.06484582e-01, -1.45267809e-02, -1.33189687e-02],
       [ 1.09323361e-01, -5.75879114e-03,  8.45581925e-02,  5.71695001e-02,  6.78902400e-02],
       [-8.27849185e-02,  4.53621387e-02,  9.54873045e-02,  7.27778810e-04, -7.64690715e-02],
       [ 3.59934302e-03, -7.50472385e-03, -5.53063181e-02, -5.30068967e-02,  5.90149199e-02],
       [ 1.76513175e-02, -6.75104791e-04, -9.46255283e-02,  2.80836769e-03,  1.17341306e-02],
       [ 7.98231898e-02,  1.46273605e-02,  1.76277154e-03, -3.85001023e-02,  9.45064707e-04],
       [-4.05127120e-02, -2.72599408e-03,  7.53284043e-03, -3.86941222e-02, -2.65300309e-03],
       [-3.37464874e-02, -2.98042208e-02, -1.02591840e-01, -1.05111596e-02,  4.78548793e-02],
       [-5.58300658e-02, -5.41287178e-03, -2.33422647e-02, -2.98994237e-02, -3.94151068e-02],
       [-1.35748838e-03, -1.92539491e-02, -9.41930574e-02,  2.66318136e-03, -8.54655726e-02],
       [ 2.18642972e-03, -1.47041704e-02, -1.06578640e-01,  7.86406544e-02,  3.95107809e-02],
       [-5.62033526e-03,  6.98355404e-03, -6.35512477e-03,  2.69319822e-02,  9.07445770e-02],
       [-9.85884927e-02, -3.42592581e-02, -3.10809171e-03, -3.47196383e-02,  8.02596219e-02],
       [-3.80731181e-02,  1.68096099e-02,  1.21063154e-01,  3.92193204e-02, -2.14054342e-02],
       [ 3.68802166e-02,  6.30111343e-03, -5.31797977e-02, -2.54563303e-02,  1.96498326e-02],
       [ 2.67134033e-02,  8.43544613e-03,  9.75537101e-03,  4.45566345e-02, -4.77455861e-02],
       [ 1.16922677e-02,  2.90435546e-02,  1.24395145e-01, -7.62648483e-02, -1.38748094e-02],
       [ 6.55547018e-02, -2.47634080e-03, -8.63309380e-02, -1.07330778e-01, -3.65155019e-02],
       [ 1.27096665e-02, -1.34619588e-02, -8.36175211e-02,  5.09359833e-02,  1.13928300e-01],
       [ 1.97864976e-02, -7.42831207e-03, -7.46149633e-02,  1.96550259e-02,  2.09154778e-02],
       [ 7.11550884e-02,  2.20667418e-02,  7.57604818e-02, -9.05237475e-02, -1.29763961e-02],
       [-5.80597744e-02,  1.20147677e-02,  4.45489797e-02,  7.99558658e-02,  5.02024341e-02],
       [ 1.40791791e-02, -1.52799769e-02, -4.80791635e-02, -1.08564012e-03, -8.02797919e-02],
       [-6.35132705e-02, -3.07570698e-02, -5.33148690e-03, -1.01102099e-02, -8.07111358e-03],
       [ 2.99763195e-02,  1.97517508e-02, -1.67795806e-02,  4.42823620e-03,  1.43127933e-03],
       [ 1.24444697e-02,  3.18992241e-02,  6.83603502e-02, -2.23579335e-02,  1.42750243e-02],
       [ 4.00332940e-02,  2.92464794e-02, -9.00165028e-03,  1.31446680e-02, -2.48619226e-02],
       [-9.21374800e-03,  1.66149244e-02,  9.98610147e-02,  3.98399690e-02, -3.41028516e-02],
       [-1.30440748e-02,  1.18586565e-02,  5.85851102e-02, -2.68804771e-02,  1.97581281e-02],
       [ 3.22077188e-03,  4.98413815e-03, -1.03785003e-02, -4.87757835e-02,  4.31759765e-02],
       [ 7.63009770e-02,  4.41904667e-02,  7.04202440e-03, -4.43505928e-02,  3.48046513e-02],
       [ 5.53608027e-02,  2.00361041e-03, -1.11606592e-01,  8.82624407e-03, -2.61179490e-03],
       [-2.99357123e-02, -5.47264257e-03,  3.18014841e-02, -1.55490426e-02,  3.89476959e-03],
       [-1.99425908e-02, -9.83683186e-03, -3.22328722e-02,  2.86464819e-02, -1.89159503e-02],
       [ 7.35209580e-03, -2.07176876e-02, -7.65756647e-02,  1.86730113e-02, -9.47027342e-03],
       [-5.35112278e-02, -1.05296458e-02,  4.58870797e-02,  8.63550935e-03, -3.15493253e-02],
       [-1.84879765e-02,  5.80708143e-03,  7.28436374e-02, -6.26144064e-02,  5.37289879e-02],
       [-2.72624642e-02,  5.39938292e-03,  5.52516464e-02, -9.83569658e-04,  1.63138560e-02],
       [-4.41231281e-02, -4.44442885e-02, -3.54908296e-02,  1.87023790e-02, -2.03583112e-02],
       [ 6.40124957e-02,  3.08287911e-02, -6.78803818e-02, -4.42020810e-02,  1.24181367e-02],
       [-1.39864514e-02, -2.55108098e-03,  4.95915781e-02,  3.28707955e-02, -3.31330883e-02],
       [-5.65903347e-03,  6.81603391e-02, -1.83065887e-02, -2.86380660e-02, -3.60789241e-04],
       [-9.73646706e-02,  7.43009561e-02, -1.20033371e-02,  2.17439103e-02,  1.17695466e-02],
       [-3.16185153e-02,  9.09470758e-02, -3.37907607e-02, -2.28112920e-02,  7.17232908e-03],
       [-1.15179196e-01, -1.40206495e-03,  4.92910986e-03, -4.36874559e-02, -6.55066179e-03],
       [-9.22373878e-02, -1.46651675e-02, -1.33029396e-02,  6.48766158e-02, -6.72984918e-03],
       [-9.77807596e-03, -1.73810669e-02,  7.23225352e-03,  5.45416141e-02,  9.77204788e-03],
       [-3.90873933e-02,  1.50444316e-01, -3.72987579e-02,  2.12638066e-02,  5.16090777e-03],
       [ 1.08020490e-01,  8.99684281e-02,  1.20378934e-02,  1.27426532e-02, -1.12331123e-02],
       [-4.07938354e-02, -6.91904561e-02,  1.83948192e-02,  6.53381886e-03,  9.37890005e-03],
       [ 3.35896293e-02, -5.34482519e-02,  7.29378851e-03,  1.04429766e-03, -5.22820294e-03],
       [ 1.12392052e-01, -2.57543881e-02,  1.93616202e-02, -5.45468564e-02,  7.27969133e-03],
       [-3.66285326e-02, -1.24946365e-01,  5.74933360e-03, -6.75300925e-02,  1.64599107e-02],
       [-7.37273400e-02, -8.04000642e-03, -3.98666295e-03,  8.43404300e-02,  6.25671985e-03],
       [-5.22630088e-02, -4.35351020e-02, -1.89032496e-02,  4.19582659e-03, -3.73964468e-03],
       [ 7.01895676e-02, -1.14087967e-01,  5.35558598e-02, -7.85967045e-02,  1.33969035e-02],
       [ 2.53478703e-02,  9.78391559e-02, -1.04001063e-02,  8.82079937e-02,  1.12303833e-02],
       [-4.53092808e-02, -6.06685205e-03,  1.03700458e-02, -2.92171528e-02, -6.80431492e-03],
       [ 3.76450467e-02, -4.01208859e-02, -8.41913231e-03, -1.86734543e-02,  3.06968667e-02],
       [ 4.14046234e-03, -4.09645737e-02,  1.31170898e-02,  9.18325493e-03, -2.48770140e-02],
       [ 5.67751965e-02, -6.08061196e-03, -1.69637809e-02,  2.87464099e-02, -5.04285607e-02],
       [ 4.24033063e-02,  5.81589262e-03, -2.32365386e-02,  1.17931765e-02,  3.05639130e-02],
       [ 7.16657053e-03,  3.85081897e-03, -2.35194139e-03, -1.80210013e-02,  6.61605371e-02],
       [ 3.13120967e-03, -7.83510632e-02,  2.43945047e-02, -4.68333155e-02,  5.19524349e-02],
       [-5.77767133e-02, -4.16853113e-02,  2.59104080e-02,  3.75775300e-02, -6.77285903e-03],
       [ 2.74115181e-02,  3.63281942e-02, -2.26725970e-02, -1.49671491e-02,  1.60462788e-02],
       [-1.43024345e-02,  3.93550950e-02, -8.48656098e-03,  4.37438190e-02, -2.35644865e-02],
       [-4.99852858e-02,  1.50076213e-02,  3.90733708e-03, -2.49932455e-02, -1.87335020e-02],
       [ 2.19281618e-02,  5.63027922e-02, -2.43609658e-02, -1.80689354e-02, -2.83049667e-02],
       [ 3.44946525e-02,  8.98791553e-04, -3.88058151e-04, -2.14904270e-02,  9.08741463e-02],
       [ 2.68549875e-02,  3.03033418e-02, -1.64319555e-02,  4.12308220e-03,  8.81950897e-03],
       [-1.46396558e-02,  4.63627541e-02, -5.66896988e-03, -2.99998484e-02, -2.86673419e-02],
       [-1.82732084e-02, -4.24409807e-02,  1.41189686e-02,  1.13053765e-02,  4.31836578e-02],
       [ 2.19135642e-02, -1.53335170e-03, -2.21672905e-03,  2.39862843e-02, -4.67073076e-02],
       [ 8.34359440e-02, -6.14507923e-02,  4.23713352e-02, -2.29886893e-02,  1.58914286e-02],
       [ 6.42113907e-02,  1.58135879e-02,  1.28572692e-01, -5.95962431e-02,  1.90927182e-02],
       [ 4.15977325e-02,  2.50238238e-02,  1.05449466e-01,  5.45788678e-02, -6.56065115e-02],
       [ 1.87207612e-02, -5.53668479e-03,  1.47062486e-03,  7.46211554e-02, -3.25935059e-02],
       [ 1.28574921e-01, -9.69442242e-02,  3.75296666e-02,  7.53331384e-02, -1.73815959e-03],
       [-9.16173612e-03, -9.10628759e-02, -1.53690981e-01, -2.16330351e-02, -2.62119636e-02],
       [-1.58325067e-02,  4.52316205e-02,  4.71014532e-02,  3.10435053e-02, -7.21198614e-04],
       [-4.80364696e-02,  3.27538918e-02, -3.57921570e-02, -4.42516973e-02, -1.84363829e-02],
       [-6.16546143e-02, -1.42126736e-02, -1.12982720e-01, -3.12622874e-02,  5.09329107e-02],
       [-4.87897328e-02,  9.74492046e-02,  7.32306855e-02, -3.69086590e-02,  6.64126030e-02],
       [ 2.63284685e-02,  2.43624990e-02,  9.48979663e-02,  1.05226878e-01, -5.09603730e-02],
       [ 2.87936299e-03,  5.49899555e-02,  9.04692714e-02, -4.26370927e-03,  1.96150365e-03],
       [-1.06185356e-01,  4.74167656e-02, -9.68520003e-02, -4.65571666e-02,  8.11491775e-02],
       [ 5.22612998e-02, -8.22062898e-02, -6.04308344e-02,  9.26152369e-02, -6.82544482e-02],
       [ 4.75935901e-03,  1.69250001e-02,  3.39272169e-02, -4.26666545e-02,  9.73141718e-03],
       [ 8.15513271e-02, -3.48248139e-03,  1.27405435e-02,  8.80937212e-03,  3.99963002e-03],
       [ 6.05041830e-02,  1.55030192e-02, -1.56577688e-03,  7.05883781e-03,  1.78752444e-02],
       [ 7.85573208e-03,  3.86929730e-03, -6.15395314e-03, -5.14592902e-03,  1.33039542e-02],
       [ 2.73245524e-02, -8.47628010e-02,  3.85793392e-02, -1.16133062e-02, -8.07888767e-03],
       [-6.88732679e-02, -5.86627792e-02, -2.58219406e-03,  2.41730490e-02,  1.29082054e-02],
       [ 2.52930755e-02,  3.75687976e-02, -1.40560305e-02, -8.36472062e-03,  7.61042868e-03],
       [-2.71143640e-02,  3.81565235e-02, -1.57474372e-02,  2.21334686e-02,  1.74990727e-02],
       [-7.72082872e-02,  1.47411664e-02, -2.44036951e-02, -1.56211243e-02, -2.34660025e-02],
       [ 1.80831331e-02,  7.05058011e-02, -1.19460423e-02, -5.82135908e-03, -1.55069161e-02],
       [ 4.85675728e-02,  9.12667377e-03, -1.70247150e-03,  1.49214458e-02,  3.79452983e-03],
       [ 2.88406560e-02,  3.40334545e-02,  5.62195737e-03,  2.86868500e-03, -1.74386444e-02],
       [-3.45109037e-02,  5.31408327e-02, -2.42179152e-02, -1.99043864e-02, -4.35291790e-02],
       [-1.67496996e-02, -7.16413458e-02,  1.16324752e-02,  9.61859599e-03,  4.15971034e-02],
       [ 3.49002916e-02, -6.21364532e-03,  9.74372174e-03,  1.00312598e-02,  8.43475884e-03],
       [ 1.29235220e-02,  2.21656865e-02,  1.06593527e-01, -5.08888250e-02,  6.23487849e-02],
       [ 1.21036240e-02,  2.28502458e-03,  2.86617450e-03, -9.44655719e-02,  3.53468751e-02],
       [ 1.44896181e-01,  2.47027759e-03,  2.10146779e-02, -6.98329202e-02, -1.94041576e-02],
       [ 3.93671467e-02, -3.94302890e-02, -1.57066778e-01,  2.59960528e-02,  3.66024568e-02],
       [-4.06786770e-02,  1.33177293e-02,  4.11705538e-02, -3.21230347e-02,  3.91909978e-03],
       [-4.26820870e-02,  1.11682987e-03, -1.15811546e-02,  5.12469397e-02,  3.87728247e-02],
       [-4.13045199e-02, -2.82178033e-02, -1.76327264e-01,  2.77675847e-02, -6.38147428e-02],
       [-8.66359496e-02,  2.89451191e-02,  1.06409935e-01,  3.00297728e-02, -7.55044009e-02],
       [-1.71009576e-03,  1.48434637e-02,  9.55863879e-02, -9.31108446e-02,  3.48555091e-02],
       [-2.27935521e-02,  2.06086995e-02,  1.12464881e-01,  6.52213197e-03, -1.82027469e-02],
       [-1.04364871e-01, -9.44623666e-03, -9.14968363e-02,  3.41894575e-02, -1.18606676e-01],
       [ 8.23993040e-02, -2.51359654e-02, -7.20336306e-02, -9.75226020e-02,  8.78125883e-02],
       [-5.27132201e-03,  1.41734065e-02,  8.72680289e-02,  4.81251786e-02,  1.11830247e-02],
       [ 8.99523463e-03,  2.64412112e-03, -9.76620248e-05,  3.00228354e-02, -9.30797469e-02],
       [ 1.13521516e-01,  2.13412104e-02,  2.80754911e-02,  8.86840944e-02, -5.18840974e-02],
       [ 3.59855011e-02, -2.30124035e-02, -1.23123198e-01, -7.03658171e-02,  7.92296287e-04],
       [-3.76289362e-02,  3.07433968e-03,  4.69703709e-02,  4.28250104e-02, -2.21035872e-02],
       [-3.39401134e-02, -7.67760240e-03, -3.02665244e-02, -9.25626567e-02,  1.54049514e-02],
       [-2.35722942e-02, -2.87669250e-02, -1.35672530e-01,  5.94751562e-02,  4.73964222e-02],
       [-6.54262934e-02,  1.21389553e-02,  6.18252922e-02,  7.19326502e-02,  5.75385128e-02],
       [-6.75430777e-03,  1.49833198e-02,  9.43406785e-02,  1.25360969e-02, -1.11453180e-01],
       [-2.33792820e-02,  1.37207692e-02,  8.32656417e-02, -9.30847491e-03, -1.15838822e-03],
       [-7.65107535e-02, -3.13539237e-02, -6.43679431e-02,  1.02837932e-01,  8.51248018e-02],
       [ 6.46051349e-02, -4.69650194e-03, -5.37143142e-02, -2.63632213e-02, -8.78284010e-02],
       [-7.93051352e-03,  6.01473963e-03,  7.38757049e-02, -5.16246626e-02,  5.02496364e-02],
       [ 1.41700162e-02,  5.55551061e-03, -8.19345148e-03,  1.19861091e-01,  8.94120650e-04],
       [-2.71643235e-03,  8.84267069e-03, -5.95769653e-03, -6.15157613e-02, -3.61091718e-02],
       [-6.20726743e-04,  5.64816705e-03, -5.08197834e-03,  6.00958522e-02, -3.46940615e-03],
       [-1.13332414e-02,  3.25229895e-03, -4.29373132e-03, -8.51887346e-02, -3.35404879e-02],
       [-6.73458890e-03,  9.17192975e-03,  1.71723156e-02,  1.28263262e-03,  9.20941047e-02],
       [-5.42736935e-03, -3.72634357e-03,  1.90480982e-03,  1.36579346e-02,  1.04862280e-01],
       [ 4.98069704e-03, -4.02001441e-03,  6.98702449e-03,  9.07462106e-02, -7.06182575e-02],
       [ 1.33499244e-03, -4.50943550e-03,  3.61907196e-03, -1.40905142e-02,  8.87570766e-03],
       [-2.09553957e-02,  5.31691597e-03, -2.78945670e-03,  9.21786263e-03,  1.30497106e-01],
       [ 5.86596857e-03,  1.24566461e-02, -1.36713646e-02,  7.62444913e-02, -1.22799440e-01],
       [ 3.05935759e-03, -8.65908659e-03, -3.32697488e-03, -6.20381327e-02,  1.06112011e-02],
       [-1.31968647e-01, -1.05042015e-01, -3.16215093e-02, -6.82887518e-03, -4.00724730e-02],
       [ 5.46127619e-02,  6.37934275e-02, -8.43329193e-03,  3.04708628e-02,  4.12515367e-03],
       [-4.86597989e-02,  8.96172834e-02, -2.42953740e-02, -3.54758750e-02, -5.25828763e-02],
       [-1.31048323e-01,  1.24736264e-02, -1.61420346e-02, -6.21950173e-02,  5.65289417e-02],
       [ 4.70009308e-02,  1.38869881e-01, -6.77553013e-03, -6.95406561e-02,  6.73431845e-02],
       [ 9.27989207e-02,  5.57814914e-03,  2.06192636e-02,  1.27586926e-01,  6.52731910e-03],
       [ 6.14408718e-02,  7.25801373e-02,  1.20194150e-02, -4.55864117e-04,  2.12344350e-02],
       [-7.00634690e-02,  1.10571806e-01, -6.04740596e-02, -7.97267375e-02,  1.10478609e-01],
       [-3.61462090e-02, -1.40781751e-01,  2.04294405e-02,  1.43270009e-01, -6.30628979e-02],
       [ 5.80947482e-02,  5.72252895e-03, -8.96617002e-03, -6.63970775e-02, -3.77933191e-02],
       [ 7.77961702e-02,  3.32108295e-02, -8.15589829e-02,  3.80730564e-03, -1.23036773e-02],
       [ 2.59887271e-02,  4.60420322e-02,  3.50793678e-02, -1.23229438e-02,  3.54750607e-02],
       [-2.38924565e-02,  5.87705211e-02,  1.58280946e-01,  6.01735691e-02, -4.98900022e-03],
       [ 1.02264200e-01,  4.13335777e-02, -8.57843531e-02,  9.47453841e-02, -6.02009609e-03],
       [ 5.13476095e-02, -2.09665168e-02, -1.29166872e-01, -8.16609921e-02, -4.73996728e-02],
       [ 4.82288488e-02,  2.25962060e-03, -8.81465180e-02, -8.54724777e-03, -1.45524914e-02],
       [ 7.49119833e-02,  1.06886095e-01,  5.25718395e-02,  8.24299955e-02, -2.37270763e-02],
       [-9.49427598e-02, -4.48814493e-02,  7.18383792e-02, -9.71228829e-02, -1.99063727e-02],
       [ 3.86563319e-02, -1.02783042e-02, -9.74849360e-02,  2.54777706e-02,  3.96947153e-02],
       [-6.74560485e-03, -2.90255898e-02, -5.13234647e-03, -1.61822443e-02, -1.48773474e-02],
       [ 3.54231715e-02, -1.74554796e-02, -6.99592276e-02, -3.07613883e-02,  2.23043667e-02],
       [-7.09375595e-02, -5.72695587e-02,  6.17997722e-02, -2.50688094e-02,  3.73770858e-02],
       [-3.50147258e-02, -6.92714352e-04,  4.60049443e-02,  7.27675860e-02, -1.09596308e-02],
       [-3.32139430e-02, -1.85532644e-02,  4.19354839e-02, -3.24304980e-04, -8.05051128e-04],
       [-1.83795335e-02, -5.42315848e-02, -1.34591910e-02, -4.85762822e-02,  3.71269789e-02],
       [ 5.70507734e-02,  5.60065540e-02, -5.80489765e-02,  7.19202386e-02, -1.98917114e-02],
       [-2.45246018e-02, -1.79944471e-03,  4.14576136e-02, -2.78098843e-02, -1.77153357e-03],
       [ 4.74638645e-02, -1.03545399e-02,  4.84718896e-02,  7.61031485e-02, -2.96447616e-02],
       [ 1.02267461e-02, -4.62662272e-02, -2.91511344e-02,  8.42322523e-02, -2.83018672e-02],
       [-2.33287010e-02, -1.35854473e-02, -1.23846705e-02, -1.18839713e-01, -4.30104850e-02],
       [-1.05114250e-02, -1.40251699e-02, -3.72017221e-02, -4.73701429e-03, -1.02966050e-02],
       [ 3.56331320e-02, -4.70644057e-02,  3.87887785e-02,  9.02258888e-02, -5.64045289e-02],
       [-6.50365336e-03,  5.87273805e-02, -7.13084534e-04, -1.33271009e-01,  1.35151268e-02],
       [-1.51624528e-02, -6.95319740e-03, -1.08448516e-02,  4.55967333e-02,  4.81409356e-02],
       [ 6.92627261e-02, -5.27624535e-02, -7.35164841e-02, -8.04294684e-02, -3.70660754e-02],
       [-4.72222329e-03, -2.32582549e-02, -1.14296361e-01,  2.03244616e-02,  9.72909923e-02],
       [ 1.69320387e-02, -3.96444616e-02, -9.59446256e-02,  7.63098548e-03,  3.75418346e-03],
       [ 1.01299321e-01,  6.39515586e-03,  8.93739360e-02, -1.14103843e-01, -5.09224123e-02],
       [-7.10493119e-02,  4.41380698e-02,  6.36786767e-02,  5.41637429e-02,  6.14540183e-02],
       [ 7.04472887e-03, -8.20160365e-03, -4.26885310e-02,  3.27966165e-02, -5.45171464e-02],
       [-6.57170065e-02,  3.05166389e-03,  8.04149818e-02,  4.15632401e-02,  1.24197486e-01],
       [-4.80010248e-02, -1.74218797e-02,  4.07557407e-02,  6.23733118e-03, -6.23207570e-03],
       [-5.77180438e-03, -1.26936300e-01, -2.21950843e-03, -1.32219461e-01, -6.51785267e-02],
       [ 7.06340153e-02,  9.13048677e-02, -6.31530345e-02,  8.57540061e-02,  1.07987154e-01],
       [-4.22777795e-02,  3.73696006e-03,  5.87692372e-02,  3.52678043e-02, -5.98854689e-02],
       [-2.76563230e-02,  9.22958656e-03,  7.91742323e-02, -1.68151270e-02,  1.96307389e-02],
       [-5.33047476e-02, -2.22308397e-02, -5.68585171e-02,  4.94020848e-02,  1.76288799e-01],
       [ 5.46388271e-02, -1.04243504e-02, -4.81716615e-02,  6.09939979e-02, -1.37763463e-01],
       [-1.01980391e-02,  5.99927677e-03,  4.21745695e-02, -7.81788074e-02,  9.43154185e-03],
       [-2.80897981e-02, -6.98994434e-02, -2.49158147e-02,  3.54277005e-02,  1.79378107e-02],
       [ 5.27741194e-02,  3.33740660e-02, -5.21338983e-02, -1.57161166e-02, -5.92409117e-03],
       [-1.80505962e-02,  4.99934638e-03,  5.45552371e-02,  8.35378260e-04, -2.13949627e-02],
       [-3.30798949e-03,  9.86562328e-02,  1.40727319e-02,  1.02647150e-01,  1.31323259e-01],
       [-4.13763911e-02, -3.22581993e-03, -4.26099567e-02,  2.16739467e-02, -1.04062013e-01],
       [ 4.07532122e-02, -6.63015491e-03, -4.35994817e-02, -8.53177322e-02,  6.58180937e-02]])})
2026-01-20 11:01:45,710 - final_problem_set.kxor_instance_n26_k2_m204_ell2_eps0.2_kappa1.0_rho0.2 - INFO - Running key extraction (n=26, m=204, ell=2, phase_qubits=13)
2026-01-20 11:01:45,715 - final_problem_set.kxor_instance_n26_k2_m204_ell2_eps0.2_kappa1.0_rho0.2 - INFO - Built voting matrix V (n=26, ell=2, dtype=complex128) in 0.005s
2026-01-20 11:01:45,716 - final_problem_set.kxor_instance_n26_k2_m204_ell2_eps0.2_kappa1.0_rho0.2 - INFO - Eval: adv=0.2745, hamming=12/26 (0.462), corr=0.077
2026-01-20 11:01:45,716 - final_problem_set.kxor_instance_n26_k2_m204_ell2_eps0.2_kappa1.0_rho0.2 - INFO - Key extraction complete: x_hat=2
2026-01-20 11:01:45,716 - final_problem_set.kxor_instance_n26_k2_m204_ell2_eps0.2_kappa1.0_rho0.2 - INFO - Finished step 'KeyExtractionStep' in 0.006s (success: True, problem=kxor_instance_n26_k2_m204_ell2_eps0.2_kappa1.0_rho0.2)
2026-01-20 11:01:45,716 - final_problem_set.kxor_instance_n26_k2_m204_ell2_eps0.2_kappa1.0_rho0.2 - INFO - SUCCESS: len(z_hat)=26
2026-01-20 11:01:45,716 - final_problem_set.kxor_instance_n26_k2_m204_ell2_eps0.2_kappa1.0_rho0.2 - INFO - Metrics: adv=0.27450980392156865, ham_frac=0.46153846153846156, corr=0.07692307692307693
2026-01-20 11:01:45,716 - final_problem_set.kxor_instance_n26_k2_m204_ell2_eps0.2_kappa1.0_rho0.2 - INFO - z_hat (full): [-1, -1, -1,  1,  1, -1,  1,  1, -1,  1, -1,  1,  1, -1, -1, -1, -1, -1,  1,  1,  1, -1,  1,  1, -1,  1]
