2026-01-20 11:00:44,073 - final_problem_set.kxor_instance_n18_k2_m166_ell2_eps0.3_kappa0.875_rho1.0 - INFO - Starting iteration for /Users/julian/CodingProjects/UniT3/QuarticSpeedupK-XOR/z_Daphne/data/final_problem_set/kxor_instance_n18_k2_m166_ell2_eps0.3_kappa0.875_rho1.0.npz
2026-01-20 11:00:44,074 - final_problem_set.kxor_instance_n18_k2_m166_ell2_eps0.3_kappa0.875_rho1.0 - INFO - Loaded instance (n=18, m=166, k=2)
2026-01-20 11:00:44,074 - final_problem_set.kxor_instance_n18_k2_m166_ell2_eps0.3_kappa0.875_rho1.0 - INFO - Starting step 'ComputeKikuchiStep' (version 0.1) on problem kxor_instance_n18_k2_m166_ell2_eps0.3_kappa0.875_rho1.0 (fields={'ell': 2, 'threshold': 0.0})
2026-01-20 11:00:44,092 - final_problem_set.kxor_instance_n18_k2_m166_ell2_eps0.3_kappa0.875_rho1.0 - INFO - Finished step 'ComputeKikuchiStep' in 0.018s (success: True, problem=kxor_instance_n18_k2_m166_ell2_eps0.3_kappa0.875_rho1.0)
2026-01-20 11:00:44,092 - final_problem_set.kxor_instance_n18_k2_m166_ell2_eps0.3_kappa0.875_rho1.0 - INFO - Starting step 'ClassicalEigenvaluesStep' (version 0.1) on problem kxor_instance_n18_k2_m166_ell2_eps0.3_kappa0.875_rho1.0 (fields={'ell': 2, 'threshold': 0.0, 'kikuchi_matrix': <Dictionary Of Keys sparse matrix of dtype 'int64'
	with 3264 stored elements and shape (153, 153)>, 'num_eigenvalues': 5})
2026-01-20 11:00:44,159 - final_problem_set.kxor_instance_n18_k2_m166_ell2_eps0.3_kappa0.875_rho1.0 - INFO - Finished step 'ClassicalEigenvaluesStep' in 0.067s (success: True, problem=kxor_instance_n18_k2_m166_ell2_eps0.3_kappa0.875_rho1.0)
2026-01-20 11:00:44,159 - final_problem_set.kxor_instance_n18_k2_m166_ell2_eps0.3_kappa0.875_rho1.0 - INFO - Starting step 'KeyExtractionStep' (version 0.1) on problem kxor_instance_n18_k2_m166_ell2_eps0.3_kappa0.875_rho1.0 (fields={'ell': 2, 'threshold': 0.0, 'kikuchi_matrix': <Dictionary Of Keys sparse matrix of dtype 'int64'
	with 3264 stored elements and shape (153, 153)>, 'num_eigenvalues': 5, 'eigenvalues': array([11.12957709, 11.59927432, 12.21848814, 12.75528834, 21.8161121 ]), 'eigenvectors': array([[ 0.0798925 ,  0.02802383, -0.06873918, -0.08792535,  0.08540841],
       [ 0.06565154, -0.1779782 , -0.07788031,  0.07940364,  0.06969974],
       [-0.02578295, -0.02823619, -0.07626098, -0.03033   , -0.10601567],
       [ 0.03833284,  0.02945825,  0.06740668, -0.05102135,  0.09548442],
       [-0.04579762,  0.02846607,  0.13369552,  0.11746349,  0.08077462],
       [ 0.04756445, -0.03887406,  0.00314175, -0.02219296, -0.08861989],
       [ 0.01548029, -0.04914956, -0.12919781, -0.05315433, -0.10636443],
       [-0.01724487, -0.01247394,  0.0357843 ,  0.02948239,  0.11352398],
       [-0.20911587, -0.03838244, -0.12482645,  0.00566556, -0.08162205],
       [-0.10819548, -0.0674728 ,  0.09488753, -0.10563612,  0.07317012],
       [-0.01054194,  0.09066637, -0.15854132,  0.02103791, -0.0788571 ],
       [ 0.05100803,  0.03118279,  0.06775213,  0.12830544,  0.0872156 ],
       [ 0.09152569,  0.04210369,  0.03356738,  0.05811671,  0.10160644],
       [ 0.02760447, -0.04492683,  0.08313789,  0.08367982,  0.10019724],
       [-0.01380876,  0.00180012,  0.0160632 ,  0.15705273,  0.08160125],
       [ 0.00175908,  0.08019815,  0.09719367, -0.00442588,  0.09267375],
       [-0.02729391,  0.16578406, -0.04539334,  0.0285698 ,  0.08936033],
       [ 0.06020172, -0.11609113, -0.14819387, -0.02772885,  0.0482797 ],
       [-0.05550159, -0.01813919,  0.11704727,  0.11822085, -0.07927633],
       [ 0.06001991,  0.0181978 , -0.10178921, -0.15971635,  0.07063859],
       [-0.00894751,  0.02483695, -0.03539063, -0.02324813,  0.06850788],
       [ 0.00339702, -0.02671893,  0.13517574,  0.09885874, -0.06600044],
       [-0.02758903, -0.04014098,  0.0876231 ,  0.11576906, -0.08792604],
       [ 0.03070041, -0.00734712, -0.15748222, -0.13191857,  0.08412537],
       [-0.17501964, -0.02705334,  0.03890412,  0.11081413, -0.06232788],
       [-0.04813559, -0.04425131, -0.04256357, -0.1533282 ,  0.05015609],
       [-0.03899182,  0.06829715,  0.01022289,  0.13220752, -0.06451365],
       [ 0.07524686,  0.0270068 , -0.10065235, -0.0233805 ,  0.07240583],
       [ 0.09420535,  0.02900241, -0.13697983, -0.09425623,  0.0758674 ],
       [ 0.0606004 , -0.03359304, -0.11575043, -0.07960117,  0.08264799],
       [ 0.018472  ,  0.00300179, -0.13239719,  0.00780943,  0.06787487],
       [ 0.033298  ,  0.05508333, -0.07398543, -0.12267801,  0.06939079],
       [ 0.00921502,  0.09981216, -0.15576403, -0.08712366,  0.06094866],
       [-0.04916974,  0.18607034,  0.12838131, -0.04572438, -0.07081475],
       [ 0.05569971, -0.16493985, -0.11556667, -0.01035306,  0.06416371],
       [-0.00847372, -0.1360149 , -0.04623481,  0.09851186,  0.0551207 ],
       [ 0.00377576,  0.12968904,  0.13117122, -0.03536147, -0.05493636],
       [-0.02084176,  0.17359811,  0.09494545, -0.06044038, -0.07211893],
       [ 0.02219721, -0.20524354, -0.151972  ,  0.04379027,  0.06853211],
       [-0.16751035,  0.13155501,  0.05246899, -0.01678341, -0.05581783],
       [-0.04703505, -0.16837867, -0.05678914, -0.04725877,  0.04544575],
       [-0.0291974 ,  0.18644778,  0.02523003, -0.0069749 , -0.05028636],
       [ 0.05338876, -0.13123681, -0.09132117,  0.0919635 ,  0.05447483],
       [ 0.07826288, -0.15472052, -0.13348546,  0.05718591,  0.06274425],
       [ 0.04435417, -0.19968467, -0.1059965 ,  0.06919317,  0.06184462],
       [ 0.01242944, -0.13584372, -0.11016144,  0.10548715,  0.05032071],
       [ 0.02791744, -0.12329104, -0.08760988,  0.02188615,  0.06237236],
       [ 0.00525333, -0.0591775 , -0.16459969,  0.03560401,  0.05501271],
       [-0.01840741, -0.02173755, -0.00446658,  0.09565136, -0.09671331],
       [ 0.06701775, -0.02611305, -0.08435658, -0.08105067, -0.08417591],
       [-0.06994292,  0.03260023, -0.06035429, -0.01997937,  0.09074013],
       [-0.04532676,  0.04977281,  0.06586647,  0.00029485,  0.11857855],
       [ 0.04330841,  0.02100403,  0.04269722,  0.02663078, -0.11575671],
       [ 0.19658757,  0.03553125,  0.07539697, -0.04486652,  0.08427183],
       [ 0.11756787,  0.06695073, -0.04143985,  0.13176416, -0.06866692],
       [-0.00543053, -0.09512815,  0.11049804, -0.05911188,  0.08150551],
       [-0.03304761, -0.02606812, -0.01138062, -0.08777653, -0.09015924],
       [-0.06886064, -0.03482188,  0.03421934, -0.00850305, -0.10414028],
       [-0.00616776,  0.05141891, -0.0130054 , -0.03575767, -0.10288615],
       [ 0.03251934,  0.00535788,  0.03812019, -0.12021462, -0.08375889],
       [ 0.02068814, -0.08524806, -0.04382616,  0.05406657, -0.10272176],
       [ 0.04569253, -0.14432213,  0.0978067 ,  0.01464058, -0.08425264],
       [-0.05295544,  0.03017334,  0.08391723,  0.01230204,  0.08256338],
       [ 0.04734929, -0.03107617,  0.05160363,  0.08340541, -0.08089706],
       [ 0.01778586, -0.04308845, -0.05060665,  0.08021151, -0.09841945],
       [-0.01773574, -0.01409582, -0.03826537, -0.10987065,  0.10341928],
       [-0.18388428, -0.03424154, -0.06514354,  0.09928206, -0.0751495 ],
       [-0.09125793, -0.05568519,  0.03521752, -0.16238981,  0.06073089],
       [-0.00697789,  0.07986856, -0.09619775,  0.10923476, -0.07265305],
       [ 0.04869431,  0.03006188,  0.01118696,  0.0148355 ,  0.0883463 ],
       [ 0.0746896 ,  0.0335813 , -0.03002396, -0.06904518,  0.09329103],
       [ 0.02107674, -0.04185094,  0.01115242, -0.04259752,  0.09274064],
       [-0.01828852, -0.00164985, -0.03779095,  0.05150419,  0.08228368],
       [-0.00167151,  0.08018539,  0.03969113, -0.12539637,  0.09187645],
       [-0.02685349,  0.129578  , -0.08651703, -0.07181071,  0.07561981],
       [ 0.1075855 , -0.03249444, -0.01790541, -0.06487465, -0.07038036],
       [ 0.09791825, -0.04107668, -0.12392937, -0.09908868, -0.0842589 ],
       [-0.12408571, -0.00776167,  0.05664703,  0.09279778,  0.0972316 ],
       [-0.11095212, -0.03762242, -0.13100944, -0.04453767, -0.07021775],
       [-0.14793141, -0.05070255,  0.089241  , -0.04328547,  0.0584473 ],
       [ 0.05229658,  0.06633321, -0.14007636, -0.02609467, -0.06329181],
       [-0.02961776,  0.02666219,  0.07206351,  0.14370995,  0.06897928],
       [-0.01319445,  0.03613496,  0.05075415,  0.09984201,  0.08072894],
       [-0.06028078, -0.02938262,  0.08838826,  0.11776236,  0.07951611],
       [-0.07573795,  0.00423505,  0.03081922,  0.16109331,  0.06427039],
       [-0.07133877,  0.0631997 ,  0.09511788,  0.04775869,  0.07342242],
       [-0.09835186,  0.13160474, -0.01656047,  0.07016144,  0.07097541],
       [-0.1045161 ,  0.05053433, -0.01974894, -0.00331298,  0.09168532],
       [ 0.11517737, -0.00141239,  0.10281244,  0.02445917, -0.09588726],
       [ 0.12218248,  0.04626417,  0.01340639, -0.0442964 ,  0.07641522],
       [ 0.1568495 ,  0.0505787 ,  0.00700594,  0.12153671, -0.06167196],
       [-0.06394935, -0.07295292,  0.04810475, -0.05917589,  0.07301904],
       [ 0.03452016, -0.04067161,  0.04900619, -0.07816484, -0.08071424],
       [ 0.01160777, -0.05155668,  0.10032321, -0.00541329, -0.09311055],
       [ 0.06326086,  0.02264292,  0.05105469, -0.02567287, -0.08618842],
       [ 0.09292299, -0.01302676,  0.09106601, -0.10781665, -0.07561854],
       [ 0.0739291 , -0.0729328 ,  0.02249859,  0.04294633, -0.07918268],
       [ 0.08942923, -0.12714259,  0.12751485,  0.01119306, -0.06988204],
       [ 0.0898577 , -0.00247588, -0.01347386,  0.00365659, -0.11699735],
       [ 0.16937663,  0.05185126,  0.11431383, -0.02993601,  0.08503789],
       [ 0.14216517,  0.05578946, -0.07062107,  0.12202577, -0.06935776],
       [-0.0344844 , -0.08149806,  0.1481101 , -0.04332162,  0.08170239],
       [ 0.00052909, -0.04247645, -0.05422724, -0.10717805, -0.09038388],
       [-0.03027998, -0.05632596, -0.01515446, -0.0291017 , -0.10525828],
       [ 0.0343446 ,  0.03091824, -0.06496992, -0.05739332, -0.10402928],
       [ 0.06475487, -0.01105181, -0.00183393, -0.13878808, -0.08460015],
       [ 0.05241086, -0.09315222, -0.08154404,  0.03048367, -0.09480003],
       [ 0.07656344, -0.16254417,  0.06171098, -0.00036895, -0.08513692],
       [-0.19646836, -0.00352204, -0.04571627,  0.05862935, -0.09744839],
       [-0.15122823, -0.09728672,  0.01513932, -0.14408598,  0.07216369],
       [ 0.03701703,  0.13175895, -0.08637291,  0.06688725, -0.08654037],
       [-0.00164842, -0.00503193, -0.0247802 ,  0.09180807,  0.09584854],
       [ 0.0301546 , -0.00198345, -0.08197822,  0.00473349,  0.11093108],
       [-0.03813668, -0.09400092, -0.02969974,  0.03433092,  0.11021899],
       [-0.07338702, -0.03481876, -0.07515599,  0.127066  ,  0.08903772],
       [-0.05795319,  0.04459008,  0.00155515, -0.0553049 ,  0.10106013],
       [-0.0834362 ,  0.12197318, -0.14199609, -0.01921728,  0.08875498],
       [-0.03843674,  0.04339764, -0.08254037,  0.12980466, -0.05746602],
       [ 0.13375326, -0.05874622,  0.13181472, -0.06505973,  0.06282975],
       [-0.18257219, -0.03444727, -0.06488523, -0.04264425, -0.07001783],
       [-0.23689976, -0.04365291, -0.04295994,  0.02045003, -0.08043054],
       [-0.19038195,  0.02122313, -0.07882909,  0.00174055, -0.0803543 ],
       [-0.14235658, -0.0131454 , -0.02881141, -0.07773311, -0.07110478],
       [-0.15098882, -0.07214029, -0.08858501,  0.0620961 , -0.07357486],
       [-0.12959072, -0.13969542,  0.02383935,  0.03706942, -0.07110291],
       [ 0.08338231,  0.11068367, -0.08996589,  0.1188705 , -0.05072906],
       [-0.083955  , -0.05533578,  0.042387  , -0.04588992,  0.06235315],
       [-0.0751828 , -0.06070898,  0.01582948, -0.11858867,  0.07157872],
       [-0.10888462, -0.10721742,  0.04488139, -0.09379138,  0.0657352 ],
       [-0.12544135, -0.07164141,  0.00538465, -0.01663525,  0.05864917],
       [-0.10994912, -0.02365612,  0.05495709, -0.1309869 ,  0.06021271],
       [-0.13179612,  0.03103574, -0.03749052, -0.10921823,  0.05775553],
       [-0.01903204,  0.07882495, -0.10694571, -0.03249414, -0.07257277],
       [-0.04982183,  0.08748947, -0.08440712,  0.04024998, -0.08415562],
       [ 0.00255388,  0.15921595, -0.12576959,  0.01518445, -0.08354398],
       [ 0.03284971,  0.09704988, -0.06219851, -0.06124958, -0.0686215 ],
       [ 0.01760024,  0.03876349, -0.115267  ,  0.07304242, -0.07059078],
       [ 0.04354815, -0.02585593, -0.00941221,  0.05033999, -0.06909032],
       [ 0.09859177,  0.04463342, -0.02400548,  0.11923814,  0.09236401],
       [ 0.03238489, -0.02829928,  0.01868157,  0.12663486,  0.08489947],
       [-0.00174388,  0.00604955, -0.02273937,  0.17123693,  0.06796965],
       [ 0.01114588,  0.06614576,  0.03610287,  0.05180691,  0.07861715],
       [-0.01139406,  0.12377542, -0.07537171,  0.06664548,  0.0700045 ],
       [ 0.06786824, -0.03094015, -0.02437782,  0.06048192,  0.09875615],
       [ 0.01924605,  0.01006279, -0.06372213,  0.13531966,  0.07955279],
       [ 0.03851816,  0.08389574,  0.00396339, -0.02169073,  0.0912124 ],
       [ 0.00630787,  0.14905331, -0.12334242,  0.00860825,  0.08034032],
       [-0.02912577, -0.05223624, -0.02830744,  0.1532037 ,  0.07876455],
       [-0.0162764 ,  0.01128241,  0.05004286,  0.00246645,  0.09831796],
       [-0.0452024 ,  0.09360924, -0.09813944,  0.03224608,  0.0872205 ],
       [-0.04971423,  0.044878  , -0.00661539,  0.08952142,  0.07988131],
       [-0.06037839,  0.09308625, -0.10563452,  0.09075633,  0.06516449],
       [-0.05302127,  0.16418166, -0.05696189, -0.03536149,  0.0734363 ]])})
2026-01-20 11:00:44,161 - final_problem_set.kxor_instance_n18_k2_m166_ell2_eps0.3_kappa0.875_rho1.0 - INFO - Running key extraction (n=18, m=166, ell=2, phase_qubits=12)
2026-01-20 11:00:44,162 - final_problem_set.kxor_instance_n18_k2_m166_ell2_eps0.3_kappa0.875_rho1.0 - INFO - Built voting matrix V (n=18, ell=2, dtype=complex128) in 0.002s
2026-01-20 11:00:44,163 - final_problem_set.kxor_instance_n18_k2_m166_ell2_eps0.3_kappa0.875_rho1.0 - INFO - Eval: adv=1.0000, hamming=0/18 (0.000), corr=1.000
2026-01-20 11:00:44,163 - final_problem_set.kxor_instance_n18_k2_m166_ell2_eps0.3_kappa0.875_rho1.0 - INFO - Key extraction complete: x_hat=8
2026-01-20 11:00:44,163 - final_problem_set.kxor_instance_n18_k2_m166_ell2_eps0.3_kappa0.875_rho1.0 - INFO - Finished step 'KeyExtractionStep' in 0.002s (success: True, problem=kxor_instance_n18_k2_m166_ell2_eps0.3_kappa0.875_rho1.0)
2026-01-20 11:00:44,163 - final_problem_set.kxor_instance_n18_k2_m166_ell2_eps0.3_kappa0.875_rho1.0 - INFO - SUCCESS: len(z_hat)=18
2026-01-20 11:00:44,163 - final_problem_set.kxor_instance_n18_k2_m166_ell2_eps0.3_kappa0.875_rho1.0 - INFO - Metrics: adv=1.0, ham_frac=0.0, corr=1.0
2026-01-20 11:00:44,163 - final_problem_set.kxor_instance_n18_k2_m166_ell2_eps0.3_kappa0.875_rho1.0 - INFO - z_hat (full): [-1, -1, -1,  1, -1, -1,  1,  1, -1,  1, -1,  1, -1, -1, -1, -1, -1, -1]
