2026-01-20 11:01:11,178 - final_problem_set.kxor_instance_n22_k2_m164_ell2_eps0.2_kappa1.0_rho0.2 - INFO - Starting iteration for /Users/julian/CodingProjects/UniT3/QuarticSpeedupK-XOR/z_Daphne/data/final_problem_set/kxor_instance_n22_k2_m164_ell2_eps0.2_kappa1.0_rho0.2.npz
2026-01-20 11:01:11,179 - final_problem_set.kxor_instance_n22_k2_m164_ell2_eps0.2_kappa1.0_rho0.2 - INFO - Loaded instance (n=22, m=164, k=2)
2026-01-20 11:01:11,179 - final_problem_set.kxor_instance_n22_k2_m164_ell2_eps0.2_kappa1.0_rho0.2 - INFO - Starting step 'ComputeKikuchiStep' (version 0.1) on problem kxor_instance_n22_k2_m164_ell2_eps0.2_kappa1.0_rho0.2 (fields={'ell': 2, 'threshold': 0.0})
2026-01-20 11:01:11,202 - final_problem_set.kxor_instance_n22_k2_m164_ell2_eps0.2_kappa1.0_rho0.2 - INFO - Finished step 'ComputeKikuchiStep' in 0.023s (success: True, problem=kxor_instance_n22_k2_m164_ell2_eps0.2_kappa1.0_rho0.2)
2026-01-20 11:01:11,202 - final_problem_set.kxor_instance_n22_k2_m164_ell2_eps0.2_kappa1.0_rho0.2 - INFO - Starting step 'ClassicalEigenvaluesStep' (version 0.1) on problem kxor_instance_n22_k2_m164_ell2_eps0.2_kappa1.0_rho0.2 (fields={'ell': 2, 'threshold': 0.0, 'kikuchi_matrix': <Dictionary Of Keys sparse matrix of dtype 'int64'
	with 4800 stored elements and shape (231, 231)>, 'num_eigenvalues': 5})
2026-01-20 11:01:11,308 - final_problem_set.kxor_instance_n22_k2_m164_ell2_eps0.2_kappa1.0_rho0.2 - INFO - Finished step 'ClassicalEigenvaluesStep' in 0.106s (success: True, problem=kxor_instance_n22_k2_m164_ell2_eps0.2_kappa1.0_rho0.2)
2026-01-20 11:01:11,308 - final_problem_set.kxor_instance_n22_k2_m164_ell2_eps0.2_kappa1.0_rho0.2 - INFO - Starting step 'KeyExtractionStep' (version 0.1) on problem kxor_instance_n22_k2_m164_ell2_eps0.2_kappa1.0_rho0.2 (fields={'ell': 2, 'threshold': 0.0, 'kikuchi_matrix': <Dictionary Of Keys sparse matrix of dtype 'int64'
	with 4800 stored elements and shape (231, 231)>, 'num_eigenvalues': 5, 'eigenvalues': array([-12.14120542, -11.27936004, -10.73510046,  -9.99868173,  10.35273839]), 'eigenvectors': array([[ 1.82517529e-03,  7.17532963e-03, -2.51913817e-02,  1.92504662e-02, -9.57666119e-03],
       [-3.74075746e-03, -1.09556817e-02,  5.35015515e-02, -8.02930701e-02, -2.02912707e-02],
       [ 2.10219647e-03, -3.08580688e-02,  9.80912744e-02,  5.04606135e-03, -7.57139723e-02],
       [-1.09172043e-02,  1.09976488e-02, -6.98436166e-02, -6.70485611e-04,  3.89061253e-02],
       [ 5.74433898e-03, -4.10039237e-02,  1.61079812e-01,  8.49900232e-02, -3.26086070e-02],
       [ 1.17235360e-02,  2.41108885e-05, -3.63133505e-02, -3.99177684e-03,  4.65190236e-02],
       [ 5.90232787e-03,  2.85798473e-02, -1.38028016e-01, -4.09134984e-02, -3.54055285e-02],
       [ 1.30113967e-02,  4.30818143e-02, -2.13191058e-01,  2.20393164e-02, -2.91316537e-02],
       [-9.33868201e-03,  3.65996059e-02, -9.98817812e-02, -8.73636641e-02,  1.88840505e-02],
       [ 3.92481018e-03, -4.09673599e-03,  2.10876304e-03, -1.73182106e-02, -4.37577017e-02],
       [-4.89215217e-03, -4.20164922e-03,  4.64987141e-02, -9.32540247e-02,  6.32688507e-02],
       [-1.40914444e-02,  2.64168016e-02, -9.01049652e-02, -2.40900849e-02, -4.21039570e-02],
       [-1.41812978e-02, -1.34735911e-02,  1.36058637e-01,  5.02137731e-02,  2.89859136e-02],
       [-1.19496350e-02,  7.62256960e-03,  2.09899779e-03, -7.63131169e-02,  3.01881558e-03],
       [-1.78478003e-02, -2.56853312e-02,  1.46959821e-01,  2.48006220e-02, -3.70279023e-03],
       [-6.98019095e-03,  4.30794448e-04,  3.59637527e-02, -8.43637996e-02, -4.26317065e-02],
       [ 1.88924957e-02, -3.70148611e-02,  9.95806675e-02,  7.39557299e-02,  8.87881770e-02],
       [-5.80653689e-03,  3.58154947e-03, -1.61051111e-03,  9.96556592e-03,  1.39665203e-02],
       [ 6.65227916e-03,  2.04240767e-02, -1.15763889e-01, -3.30946992e-02,  5.08453006e-02],
       [-7.17408512e-03,  3.00264984e-02, -1.28632210e-01, -2.74534370e-02,  4.07815673e-02],
       [-1.05505022e-02, -2.23959373e-02,  8.81893976e-02, -5.85715733e-02,  2.29278452e-02],
       [ 1.70387633e-03, -2.16867394e-02, -1.43215589e-02, -1.47921968e-02, -4.01047337e-02],
       [-1.22481953e-02, -1.57204616e-02, -3.54289213e-02, -2.12236586e-02, -5.86694024e-02],
       [ 6.40749403e-03,  1.41352564e-02,  2.01461630e-02,  2.35913547e-02,  4.04284546e-02],
       [-2.68626164e-02, -1.34118168e-02, -6.70739155e-02, -9.24735344e-03, -3.35185368e-02],
       [ 3.81350199e-03, -8.79122174e-03,  2.83004912e-02, -4.13026718e-02,  2.64680543e-02],
       [ 2.18575585e-02,  1.82992456e-04,  6.73624179e-02, -7.71409467e-03, -4.65033265e-02],
       [ 9.64868251e-03,  1.56653876e-02,  7.77613395e-02,  4.11084293e-03, -1.98839906e-02],
       [ 1.94085740e-02,  1.20323071e-02,  5.18190487e-02,  3.32168385e-03,  2.95585336e-02],
       [-1.54888267e-03,  1.14015617e-03, -4.58500460e-03, -1.08345989e-02, -3.20414891e-02],
       [ 3.22585669e-03, -1.30423693e-02, -1.47179822e-02, -1.41471848e-02,  5.67593626e-02],
       [ 1.46666526e-02,  2.31629374e-02,  2.27068238e-02,  3.59435240e-02, -7.26468320e-02],
       [-2.79697124e-02,  1.34010476e-02, -7.88870213e-02,  1.72753589e-02,  3.96924666e-02],
       [ 6.36736037e-03, -2.49805852e-03, -8.91787611e-03,  6.09785384e-03,  1.31943178e-02],
       [-2.05937398e-02, -1.14993072e-02, -7.33382357e-02,  1.13224017e-02, -2.22811246e-04],
       [ 2.38736735e-03, -1.59889982e-02, -7.29773119e-03, -1.46600378e-02, -3.06850678e-02],
       [-2.77922019e-02, -1.25189815e-02, -3.88099956e-02, -1.81333486e-02,  7.71771702e-02],
       [ 2.50647296e-03,  1.66831623e-02, -1.43940386e-02,  1.92232529e-02,  2.09662076e-02],
       [ 2.15622728e-02, -3.74293296e-03,  6.03176971e-02, -7.56246398e-03,  5.97809400e-02],
       [ 3.19140158e-02,  4.95123545e-03,  5.07907690e-02,  1.29094084e-02,  6.99239667e-02],
       [-9.11636721e-03, -1.50809938e-02, -4.04263204e-02, -6.53565576e-03,  3.27908899e-02],
       [ 2.58968667e-02,  8.50734867e-02,  1.10029842e-02,  7.13714888e-02, -8.30184425e-02],
       [-2.03238758e-02, -9.18272920e-02,  2.12592759e-02, -1.62432022e-01,  6.37342809e-02],
       [ 7.59292130e-02,  1.44054351e-01,  3.73656775e-02, -2.63201143e-02, -3.92058453e-02],
       [-1.65877745e-02, -2.65551041e-03, -5.49875387e-02,  1.65607914e-01,  5.90378757e-02],
       [-6.34270455e-02, -8.90380312e-02, -6.28416969e-02,  8.66328484e-02, -4.83906207e-02],
       [-5.16955842e-02, -1.62159284e-01, -4.61999414e-02, -4.90814439e-02, -1.90948191e-02],
       [-6.48168562e-02, -9.10120736e-02, -2.89800239e-02,  7.60408494e-02,  5.97045510e-02],
       [-6.13791499e-04, -1.45564634e-03,  5.74478429e-03,  4.57381857e-02, -4.34335310e-02],
       [-8.92656248e-03,  3.14670986e-02,  3.13301666e-03,  1.37863778e-01,  6.54013340e-02],
       [-2.96983966e-02, -9.75309112e-02,  8.63379027e-03, -1.39666327e-01, -7.10936474e-02],
       [ 7.28105550e-02,  8.48153817e-02,  7.96380897e-02, -1.63081717e-01,  7.65897374e-02],
       [-1.48618945e-02, -1.92269867e-02,  2.01087964e-02,  1.49902943e-02,  5.02806567e-03],
       [ 6.65062636e-02,  1.20094804e-01,  6.34293641e-02, -7.09009408e-02,  6.99179972e-03],
       [-3.65072282e-03,  3.83045351e-02, -1.18958233e-02,  1.32513201e-01, -5.41021342e-02],
       [ 6.80696834e-02,  1.14759687e-01,  7.26218703e-03,  1.57715974e-02,  9.09503165e-02],
       [-1.50290323e-03, -3.13312168e-02,  4.09084242e-02, -9.65968795e-02,  2.90957302e-02],
       [-6.11824448e-02, -6.65955593e-02, -7.16478061e-02,  7.69204676e-02,  6.85480828e-02],
       [-6.54274938e-02, -1.04677634e-01, -3.08916022e-02, -2.41405347e-02,  5.47006361e-02],
       [ 2.11452209e-02,  6.91964302e-02,  1.88337518e-02,  6.36834186e-02,  3.58231229e-02],
       [-5.08789731e-02, -8.46222951e-02,  4.54018089e-02, -7.29546471e-02,  9.46931264e-02],
       [ 9.51153036e-02,  2.35460308e-02, -1.98412903e-02, -1.23151990e-02, -6.16179781e-02],
       [-2.40146966e-02,  5.41942470e-02, -6.74863321e-02,  4.80272014e-02,  4.35903102e-02],
       [-8.00933120e-02,  1.00484786e-02, -2.28137375e-02,  2.04532467e-02, -6.36953522e-02],
       [-1.18554650e-01, -6.06890245e-02, -2.15600964e-02, -7.72027648e-02, -4.40832893e-03],
       [-8.33027615e-02,  1.10018557e-02,  3.02753674e-02,  4.58868035e-02,  9.10868369e-02],
       [ 5.24448324e-03,  5.31483913e-03,  2.08019287e-02,  4.73172513e-02, -4.35680594e-02],
       [ 1.25326969e-02,  6.77419437e-02,  4.05852323e-02,  1.00041918e-01,  8.60214093e-02],
       [-6.22363016e-02, -6.15554370e-02,  5.08193596e-02, -5.60681277e-02, -1.35678207e-01],
       [ 9.96248091e-02, -3.88762373e-02,  3.88227818e-02, -4.43458139e-02,  1.32412300e-01],
       [-6.95881324e-03,  1.81043080e-02,  6.33718199e-02,  3.46370184e-02,  1.69996474e-02],
       [ 1.12064809e-01,  1.13751462e-02,  3.80054974e-02,  1.08281961e-02,  1.18813523e-02],
       [ 2.98331347e-02,  9.19200361e-02,  7.14406790e-03,  1.12522828e-01, -3.85943648e-02],
       [ 8.64576396e-02,  2.21168685e-02, -4.96118287e-02,  5.82296214e-03,  9.82267267e-02],
       [-1.52132073e-02, -6.28796479e-02,  6.05221240e-02, -2.99651273e-02,  4.68624855e-02],
       [-9.06662410e-02,  3.37311024e-02, -4.28516530e-02, -6.64283275e-03,  9.68635392e-02],
       [-9.46461964e-02, -1.79619984e-02,  1.22939693e-02, -3.16786809e-02,  1.15404407e-01],
       [ 6.62873329e-02,  6.04169092e-02,  4.04253322e-02,  8.23522362e-02,  7.24278131e-02],
       [-9.05290663e-02, -8.80278321e-02,  6.76245847e-02,  5.77363714e-02,  7.47718259e-02],
       [ 2.67150604e-02, -2.74011930e-02,  4.01386664e-02, -9.03093401e-02, -5.92074675e-02],
       [ 8.85198283e-02,  3.88270942e-02, -2.20256751e-02, -6.14486209e-02,  8.03080651e-02],
       [ 1.04134266e-01,  1.22072416e-01, -6.19072596e-02,  7.97096214e-02,  1.62401173e-02],
       [ 7.91175980e-02,  4.15459441e-02, -5.86681038e-02, -9.87449167e-02, -8.39900039e-02],
       [-3.34516857e-03, -4.88757133e-03, -1.64575730e-02, -5.63324053e-02,  6.14787592e-02],
       [-7.04645799e-03, -5.65959191e-02, -1.51406174e-02, -1.61122447e-01, -9.83098934e-02],
       [ 4.81626959e-02,  9.02805117e-02, -7.51093756e-02,  8.45279825e-02,  1.24269490e-01],
       [-1.00787301e-01, -1.95910072e-02,  1.11026951e-02,  1.17659405e-01, -1.18915377e-01],
       [ 6.43597204e-03, -4.48253156e-03, -4.77296636e-02, -6.93081642e-02, -8.80630360e-03],
       [-1.04072938e-01, -7.11410204e-02,  2.40390553e-02,  3.32625125e-02, -8.96283947e-03],
       [-1.50519370e-02, -6.57117801e-02,  7.97296417e-03, -1.43491776e-01,  7.58532275e-02],
       [-7.58568331e-02, -7.12824548e-02,  7.17062003e-02,  3.20996361e-02, -1.13009714e-01],
       [ 6.05067877e-03,  5.88460943e-02, -5.76957338e-02,  7.05408122e-02, -3.69705505e-02],
       [ 8.61859541e-02,  1.71931713e-02, -3.40427978e-03, -4.85494345e-02, -9.15878679e-02],
       [ 8.56724848e-02,  6.41743724e-02, -5.34735876e-02,  6.76886616e-03, -1.15516745e-01],
       [-5.66434998e-02, -8.28418658e-02,  7.49734015e-03, -1.14480193e-01, -7.13967225e-02],
       [-1.74324078e-02,  1.15690001e-01, -8.16866774e-02, -4.14340803e-02,  3.58969788e-02],
       [-1.15427440e-01,  1.05935035e-01,  8.07354166e-03, -4.19220765e-02, -4.10690873e-02],
       [-2.07946900e-01,  2.03541702e-02,  2.97955719e-03, -2.27527980e-02, -1.59914628e-02],
       [-1.00638658e-01,  9.81406755e-02,  9.38454560e-02,  3.35357935e-02,  5.80042548e-02],
       [ 2.41399228e-02,  7.33194425e-03,  3.60726025e-02,  5.96274947e-02, -1.47602014e-02],
       [ 5.20604693e-02,  1.17951717e-01,  9.44171676e-02,  5.27829504e-02,  4.81818016e-02],
       [-1.16336183e-01, -4.77175313e-02,  1.03260601e-01,  6.42427386e-02, -7.56190846e-02],
       [ 1.20479539e-01, -1.46952367e-01, -6.52795352e-03,  3.03078011e-02,  5.69566525e-02],
       [ 4.88011556e-03,  5.03256851e-02,  1.19341837e-01,  3.36539131e-02,  2.04391127e-02],
       [ 1.47596048e-01, -7.88196354e-02,  7.73854946e-04,  2.81840157e-02,  1.27350672e-02],
       [ 7.29127086e-02,  1.35412630e-01,  2.56848787e-02,  7.52586495e-03, -2.32786199e-02],
       [ 1.26442211e-01, -5.80992339e-02, -1.32639485e-01, -3.29641505e-02,  6.38111609e-02],
       [-3.68737631e-02, -9.62717845e-02,  9.33609051e-02,  9.34975438e-02,  2.79568635e-02],
       [-1.19821650e-01,  1.35882535e-01, -5.31209282e-03, -7.08103906e-02,  8.01959826e-02],
       [-1.48346060e-01,  6.69899133e-02,  7.03991838e-02, -1.94052793e-02,  5.13559234e-02],
       [ 1.21542904e-01,  5.24081854e-02,  6.05322171e-02,  3.19643364e-02,  2.77966879e-02],
       [-2.06207466e-04, -9.19497712e-02,  8.53932541e-02,  5.94290267e-02,  6.00632702e-02],
       [ 4.72506028e-03, -1.15272066e-01,  1.35527122e-01, -1.04486543e-01,  1.01875988e-03],
       [ 9.65335985e-03, -8.84684684e-02,  4.42868420e-02,  8.08934316e-02, -6.54880501e-02],
       [-2.85289701e-03,  1.43762496e-03, -1.69119727e-02,  1.13483705e-02,  1.58828810e-02],
       [-9.59012278e-03, -9.36998394e-03, -5.94378974e-02,  1.40017898e-01, -5.08145113e-02],
       [ 3.58170512e-02, -5.00065879e-02,  3.92828929e-02, -7.00203005e-02,  1.27777301e-01],
       [ 1.32942672e-02,  8.21956479e-02, -7.44639604e-02, -7.69654123e-02, -7.39028923e-02],
       [ 7.70524308e-03, -2.62764014e-02, -2.99340447e-02,  7.25745763e-02, -2.99303568e-02],
       [ 8.04023131e-03,  8.90291762e-02, -8.82526786e-02, -4.00274187e-03, -1.12499703e-02],
       [-4.71400119e-03, -1.29275337e-02, -4.31717307e-02,  1.47154515e-01,  1.86809470e-02],
       [-2.25313182e-02,  9.28714598e-02, -4.37116217e-02, -3.21385517e-02, -7.58695402e-02],
       [ 1.65323602e-02,  4.70857566e-03, -7.52785834e-03, -9.14428594e-02, -3.75765067e-02],
       [-5.12560737e-03, -8.08018933e-02,  6.88798121e-02,  6.53160086e-02, -8.56738711e-02],
       [ 1.25615598e-02, -8.48136136e-02,  7.29407834e-02,  3.53104909e-03, -7.91060412e-02],
       [-7.23033747e-03,  3.59925912e-02, -8.26735593e-02,  1.11166562e-01, -4.10460437e-02],
       [ 1.41451793e-01, -6.07699363e-02,  9.99294973e-02, -1.61333820e-02, -1.97665307e-02],
       [ 8.00922747e-02, -1.01396414e-01, -3.30101857e-02,  5.25831426e-02,  5.45897946e-02],
       [-6.08274219e-03, -1.51175946e-02, -3.27768162e-02, -1.43523758e-02, -5.09565022e-02],
       [-3.32371548e-02, -8.37462005e-02, -1.00886396e-01,  5.90622604e-02,  8.76699611e-02],
       [ 1.18149294e-01,  4.28834670e-03, -4.83397244e-02, -3.57144890e-02, -8.03690734e-02],
       [-6.94802449e-02,  1.24928600e-01, -5.52413500e-02, -7.01908532e-02,  1.06752359e-01],
       [ 1.38735778e-02, -5.23196733e-02, -1.04752955e-01,  3.15936369e-02,  4.55792675e-03],
       [-1.12557042e-01,  1.04200268e-01, -8.34136946e-02, -4.57404401e-02, -1.49152169e-04],
       [-4.67205403e-02, -9.45164341e-02, -5.55611554e-02,  8.08612309e-02, -4.47265477e-02],
       [-1.10876018e-01,  8.59344991e-02,  5.99422063e-02, -3.11327528e-02,  1.00018550e-01],
       [ 4.62910186e-02,  5.05321787e-02, -6.17045885e-02, -6.84310141e-02,  3.67909651e-02],
       [ 6.21831832e-02, -9.92202206e-02,  5.16333486e-02,  6.93062631e-02,  7.47047678e-02],
       [ 8.76653738e-02, -6.38935116e-02,  8.45011577e-03,  2.14982994e-02,  7.49133326e-02],
       [-8.13020985e-02, -1.70682186e-02, -1.05527625e-01,  2.91275686e-02,  5.27157907e-02],
       [ 1.72260996e-01, -6.61164893e-02, -3.09846303e-02, -1.65703364e-02,  3.14242969e-02],
       [-6.24252708e-03, -1.77258009e-02, -4.97232272e-02, -6.62278957e-02, -5.15413458e-03],
       [-8.40519164e-03, -1.35881306e-01, -1.11720800e-01, -8.60668407e-02,  2.12493554e-02],
       [ 1.40819977e-01,  9.60311391e-02, -8.57233432e-02,  9.22358770e-02, -5.38029826e-02],
       [-1.50932971e-01,  1.01865201e-01, -1.20035561e-01,  8.01929082e-02,  4.76567134e-02],
       [ 3.71586913e-02, -5.25103028e-02, -1.41594298e-01,  8.39490499e-03,  4.28555393e-03],
       [-1.73507074e-01,  1.97616292e-02, -1.19673290e-01,  2.33203666e-02,  2.88608590e-03],
       [-2.57681832e-02, -1.58720581e-01, -3.92075353e-02, -4.49816984e-02, -7.38077225e-03],
       [-1.97524713e-01,  3.16526096e-03,  8.11633229e-02, -4.44116793e-02,  1.48202724e-02],
       [ 4.55418598e-02,  1.09271711e-01, -1.23786516e-01,  1.90214594e-02,  1.29048539e-02],
       [ 1.21082032e-01, -7.81976470e-02,  1.11200728e-01, -1.55019351e-02,  1.88212074e-02],
       [ 1.52565653e-01, -1.79009158e-03,  2.37252843e-02,  3.51818017e-02,  2.67413249e-02],
       [-9.47092333e-02, -8.89433752e-02, -1.20009956e-01, -4.23169017e-02,  1.95248957e-02],
       [-1.11757015e-02, -8.70126809e-03, -3.07483075e-02, -3.87075763e-02,  6.44875787e-02],
       [-5.22618332e-02, -7.15474039e-02, -6.05918853e-02, -4.34143926e-03, -1.15400053e-01],
       [ 9.01013206e-02,  6.55519048e-03, -7.84536163e-02, -1.12380084e-01,  9.14522928e-02],
       [-7.98191737e-02,  1.31552012e-01,  3.72409455e-02, -6.16140177e-02, -8.57965953e-02],
       [-1.54460584e-03, -4.70903925e-02, -9.16189859e-02, -2.90400817e-02, -4.26614095e-03],
       [-1.02308783e-01,  9.11741456e-02,  2.85859075e-02, -2.79800835e-02,  4.97252638e-03],
       [-5.77083873e-02, -8.58499421e-02, -1.82830261e-02,  4.09868594e-02,  5.31261649e-02],
       [-8.28738865e-02,  7.11452807e-02,  1.05735652e-01,  4.43035491e-02, -1.12526645e-01],
       [ 2.84283665e-02,  6.19305385e-02, -5.74329820e-02, -1.19005863e-01, -2.96445847e-02],
       [ 7.69991618e-02, -1.20986063e-01, -2.11587224e-02,  7.95764822e-02, -8.83514609e-02],
       [ 1.03633465e-01, -8.11939888e-02, -7.19355587e-02,  4.61106148e-03, -9.82373101e-02],
       [-9.09237982e-02, -1.53588185e-02, -3.31758471e-02,  7.88287342e-03, -5.89245483e-02],
       [-2.12418130e-03, -4.30245135e-04,  4.55348151e-04,  3.80134257e-03,  2.05844224e-02],
       [-3.64718839e-03, -1.00693421e-02, -2.05065770e-02, -6.67356830e-02, -1.00922623e-01],
       [ 9.75369976e-03,  1.21732406e-02,  4.04389618e-02,  1.60093122e-02,  6.33247594e-02],
       [-6.27591984e-03, -2.29544777e-03, -7.97261837e-03, -2.04795770e-02,  3.41854115e-02],
       [ 1.69154100e-02,  7.95274098e-03,  4.95366484e-02,  3.85674898e-02,  2.33520975e-02],
       [-4.20577754e-03,  1.97275626e-03,  5.74549873e-03,  2.62469814e-02, -1.23619788e-02],
       [ 1.36990549e-03,  1.71481732e-02,  4.37655127e-02,  5.99046726e-02,  4.27914932e-02],
       [ 1.78068556e-03, -4.71591523e-04, -1.33891161e-03, -4.96598450e-02,  3.18127870e-02],
       [ 1.05544107e-03, -2.49027765e-02, -2.90267936e-02,  4.12123848e-03,  9.70579074e-02],
       [ 1.28297878e-03, -1.85947817e-02, -3.45446754e-02, -3.00362812e-02,  4.32260936e-02],
       [-2.60399228e-03,  2.09596471e-03,  1.52480716e-02,  3.23801305e-02,  1.76132097e-02],
       [-1.49873895e-02, -8.40245523e-02, -2.34137123e-02, -1.86600753e-01,  1.63532923e-01],
       [ 4.56739928e-02,  7.34423765e-02,  1.26341565e-01, -9.46565289e-02, -1.07890473e-01],
       [-1.59854301e-02, -1.47890347e-02,  7.64686488e-03, -1.63051056e-02, -4.58948288e-02],
       [ 4.06144731e-02,  1.02938695e-01,  1.14011496e-01, -1.51796574e-02, -2.85703655e-02],
       [-1.32593294e-02,  2.50512063e-02,  1.78747295e-03,  1.11019807e-01,  4.22215514e-02],
       [ 5.05836030e-02,  9.60585334e-02,  4.67815805e-02,  8.07176617e-02, -1.09354206e-01],
       [ 2.35979326e-04, -2.52837931e-02,  2.97320700e-02, -1.56106630e-01, -6.24792603e-02],
       [-3.04593256e-02, -7.49883595e-02, -9.77111290e-02,  7.74443034e-02, -1.46006496e-01],
       [-2.35495242e-02, -9.55245512e-02, -8.08235335e-02, -2.77783476e-02, -8.60444668e-02],
       [ 2.16766794e-03,  6.28066393e-02,  5.09247655e-02,  7.82379828e-02, -5.14711398e-02],
       [-1.30765674e-01,  2.67370657e-02,  4.04383154e-02,  9.02203689e-02,  1.42582157e-01],
       [ 3.88108194e-03, -2.42037926e-02, -5.89409244e-02, -8.33695410e-02, -5.43020643e-03],
       [-1.31605676e-01, -3.92648405e-02,  4.97141811e-02,  2.07749485e-02,  4.15084341e-03],
       [-2.73434515e-02, -9.60336899e-02,  1.07330374e-02, -1.61533924e-01, -1.02440934e-01],
       [-1.00749001e-01, -4.85072175e-02,  1.19400321e-01,  4.66912204e-02,  1.84880686e-01],
       [ 6.93900240e-03,  6.10247212e-02, -5.90308212e-02,  3.22723163e-02,  3.99728414e-02],
       [ 9.35476541e-02, -1.35959611e-02, -2.02525254e-02, -4.63736107e-02,  1.25998300e-01],
       [ 9.78559264e-02,  3.61758516e-02, -7.44817039e-02,  5.90287919e-03,  1.33707618e-01],
       [-7.47211171e-02, -8.03438610e-02,  9.81112429e-03, -1.19254762e-01,  9.26110007e-02],
       [-1.46712652e-02,  6.14664594e-02,  1.15043192e-01, -5.04911162e-02, -2.98494412e-02],
       [ 9.44294195e-02, -1.20120731e-01,  7.42061303e-02,  2.07880179e-02, -1.72281279e-02],
       [ 4.96838811e-02,  9.54815157e-02,  6.83477600e-02, -1.54350419e-01,  7.20238045e-02],
       [ 1.13999318e-01, -1.22021645e-01, -6.10964067e-02,  1.58561364e-02, -1.61477563e-01],
       [-4.62921227e-02, -5.36109753e-02,  6.38329567e-02,  1.34351150e-01, -4.82350104e-02],
       [-5.75490827e-02,  1.23786896e-01, -5.28775137e-02, -8.65841084e-02, -1.36415215e-01],
       [-9.22015818e-02,  9.50454886e-02, -1.49281027e-02, -5.52706975e-03, -1.11237283e-01],
       [ 8.26924243e-02,  2.66120276e-03,  1.17384505e-01, -8.80661752e-02, -6.63426095e-02],
       [-2.04459158e-02,  5.37174413e-02,  1.13513244e-01, -2.94245436e-02,  7.75057024e-03],
       [-2.00276864e-02, -1.66158822e-02,  1.04389763e-02,  3.11040920e-03,  2.96295388e-02],
       [ 5.52905433e-03,  3.98419963e-02,  8.25193278e-02,  4.66106844e-02, -1.77709371e-02],
       [-8.06251779e-05,  1.34764400e-02, -4.22497328e-03, -6.62242628e-02,  4.53369177e-03],
       [ 1.65022256e-02, -6.16309949e-02, -8.60928008e-02,  4.61036953e-02,  1.36422928e-02],
       [ 1.48476868e-02, -4.64528271e-02, -9.88063212e-02, -6.28101209e-03, -2.95875809e-02],
       [-2.64738737e-02,  7.22214577e-03,  4.83539388e-02, -1.71436519e-02, -2.68307989e-02],
       [ 3.69318765e-02,  1.23438920e-01,  4.67899000e-02, -7.51544839e-02,  8.28960706e-03],
       [ 1.26028177e-01, -5.48161412e-02, -5.70428884e-02,  2.41546998e-02, -3.35380268e-02],
       [-3.83574278e-02, -7.86651737e-02,  8.42611346e-02,  7.68403549e-02, -3.58160752e-03],
       [-8.17877212e-02,  9.89862600e-02, -7.43201629e-02, -4.72853358e-02,  5.93091149e-03],
       [-1.29505107e-01,  5.76478066e-02, -2.55745502e-02, -2.29804607e-02, -2.39385993e-02],
       [ 8.06639735e-02,  4.42671061e-02,  1.02021236e-01, -3.58313293e-02, -1.52741949e-02],
       [ 5.26813226e-02,  1.11227075e-01,  1.41628458e-02,  3.08819035e-02,  7.26874172e-02],
       [-2.85224971e-03, -1.98735191e-02,  3.10509951e-02, -1.09776306e-01,  3.74535461e-02],
       [-3.36075190e-02, -8.44187567e-02, -5.81602981e-02,  1.03748481e-01,  8.49716793e-02],
       [-3.65464036e-02, -1.06617419e-01, -3.60976039e-02, -5.43613853e-03,  6.35576231e-02],
       [ 4.30316878e-03,  6.48229645e-02,  1.26688743e-02,  4.83460217e-02,  3.05032747e-02],
       [-1.97610416e-02, -7.69604526e-02,  5.83335030e-02,  6.81933657e-02, -4.45660416e-02],
       [-8.76810171e-02,  8.67293391e-02,  3.35312104e-02, -4.65513847e-02, -1.37312422e-01],
       [-1.06248807e-01,  3.70715061e-02,  8.80478775e-02, -1.62153226e-02, -1.25572739e-01],
       [ 9.85901178e-02,  4.71417576e-02,  1.12752630e-02,  4.93658490e-02, -8.27663273e-02],
       [ 3.84612077e-02,  3.59336302e-02, -4.39590116e-02, -6.44925955e-02, -3.32814023e-02],
       [ 3.32829975e-02,  6.31842670e-02, -7.08652523e-02, -2.28737881e-02, -5.09258402e-02],
       [-1.56660978e-02, -4.25548180e-02,  6.27802241e-02, -5.32300028e-02, -2.82601259e-02],
       [ 6.68117699e-02, -6.78686524e-02,  2.46370548e-02,  1.75542379e-02, -1.55877004e-01],
       [-6.38829560e-02, -7.67850374e-03, -1.03330992e-01,  4.28997343e-02, -9.58629814e-02],
       [-7.30343959e-02, -4.38699183e-02, -6.13501019e-02, -2.46102837e-02, -4.52491986e-02]])})
2026-01-20 11:01:11,310 - final_problem_set.kxor_instance_n22_k2_m164_ell2_eps0.2_kappa1.0_rho0.2 - INFO - Running key extraction (n=22, m=164, ell=2, phase_qubits=12)
2026-01-20 11:01:11,313 - final_problem_set.kxor_instance_n22_k2_m164_ell2_eps0.2_kappa1.0_rho0.2 - INFO - Built voting matrix V (n=22, ell=2, dtype=complex128) in 0.003s
2026-01-20 11:01:11,314 - final_problem_set.kxor_instance_n22_k2_m164_ell2_eps0.2_kappa1.0_rho0.2 - INFO - Eval: adv=0.3293, hamming=7/22 (0.318), corr=0.364
2026-01-20 11:01:11,314 - final_problem_set.kxor_instance_n22_k2_m164_ell2_eps0.2_kappa1.0_rho0.2 - INFO - Key extraction complete: x_hat=12
2026-01-20 11:01:11,314 - final_problem_set.kxor_instance_n22_k2_m164_ell2_eps0.2_kappa1.0_rho0.2 - INFO - Finished step 'KeyExtractionStep' in 0.004s (success: True, problem=kxor_instance_n22_k2_m164_ell2_eps0.2_kappa1.0_rho0.2)
2026-01-20 11:01:11,314 - final_problem_set.kxor_instance_n22_k2_m164_ell2_eps0.2_kappa1.0_rho0.2 - INFO - SUCCESS: len(z_hat)=22
2026-01-20 11:01:11,314 - final_problem_set.kxor_instance_n22_k2_m164_ell2_eps0.2_kappa1.0_rho0.2 - INFO - Metrics: adv=0.32926829268292684, ham_frac=0.3181818181818182, corr=0.36363636363636365
2026-01-20 11:01:11,314 - final_problem_set.kxor_instance_n22_k2_m164_ell2_eps0.2_kappa1.0_rho0.2 - INFO - z_hat (full): [-1, -1, -1, -1,  1, -1,  1, -1, -1,  1, -1,  1, -1,  1,  1,  1, -1,  1,  1,  1,  1,  1]
