2026-01-20 11:01:23,365 - final_problem_set.kxor_instance_n23_k2_m212_ell2_eps0.2_kappa0.875_rho0.0 - INFO - Starting iteration for /Users/julian/CodingProjects/UniT3/QuarticSpeedupK-XOR/z_Daphne/data/final_problem_set/kxor_instance_n23_k2_m212_ell2_eps0.2_kappa0.875_rho0.0.npz
2026-01-20 11:01:23,365 - final_problem_set.kxor_instance_n23_k2_m212_ell2_eps0.2_kappa0.875_rho0.0 - INFO - Loaded instance (n=23, m=212, k=2)
2026-01-20 11:01:23,365 - final_problem_set.kxor_instance_n23_k2_m212_ell2_eps0.2_kappa0.875_rho0.0 - INFO - Starting step 'ComputeKikuchiStep' (version 0.1) on problem kxor_instance_n23_k2_m212_ell2_eps0.2_kappa0.875_rho0.0 (fields={'ell': 2, 'threshold': 0.0})
2026-01-20 11:01:23,398 - final_problem_set.kxor_instance_n23_k2_m212_ell2_eps0.2_kappa0.875_rho0.0 - INFO - Finished step 'ComputeKikuchiStep' in 0.032s (success: True, problem=kxor_instance_n23_k2_m212_ell2_eps0.2_kappa0.875_rho0.0)
2026-01-20 11:01:23,398 - final_problem_set.kxor_instance_n23_k2_m212_ell2_eps0.2_kappa0.875_rho0.0 - INFO - Starting step 'ClassicalEigenvaluesStep' (version 0.1) on problem kxor_instance_n23_k2_m212_ell2_eps0.2_kappa0.875_rho0.0 (fields={'ell': 2, 'threshold': 0.0, 'kikuchi_matrix': <Dictionary Of Keys sparse matrix of dtype 'int64'
	with 6216 stored elements and shape (253, 253)>, 'num_eigenvalues': 5})
2026-01-20 11:01:23,543 - final_problem_set.kxor_instance_n23_k2_m212_ell2_eps0.2_kappa0.875_rho0.0 - INFO - Finished step 'ClassicalEigenvaluesStep' in 0.145s (success: True, problem=kxor_instance_n23_k2_m212_ell2_eps0.2_kappa0.875_rho0.0)
2026-01-20 11:01:23,543 - final_problem_set.kxor_instance_n23_k2_m212_ell2_eps0.2_kappa0.875_rho0.0 - INFO - Starting step 'KeyExtractionStep' (version 0.1) on problem kxor_instance_n23_k2_m212_ell2_eps0.2_kappa0.875_rho0.0 (fields={'ell': 2, 'threshold': 0.0, 'kikuchi_matrix': <Dictionary Of Keys sparse matrix of dtype 'int64'
	with 6216 stored elements and shape (253, 253)>, 'num_eigenvalues': 5, 'eigenvalues': array([-11.99602605, -11.43747619, -10.8978888 ,  10.56196981,  11.12700627]), 'eigenvectors': array([[-0.0577349 , -0.01992715,  0.06869732,  0.04156534,  0.00292121],
       [ 0.04450026,  0.06212765, -0.00445792,  0.01414446,  0.06136644],
       [-0.05966253, -0.10396212, -0.03955816,  0.06974569, -0.07917845],
       [ 0.04535736,  0.03203721, -0.06894029, -0.08763123, -0.00610574],
       [ 0.00772779, -0.00237006, -0.02191674, -0.08715857,  0.10751318],
       [-0.01775339,  0.01740035,  0.03388927, -0.0834062 ,  0.04618853],
       [ 0.06025279, -0.0011013 , -0.12976429,  0.01170914,  0.06628308],
       [ 0.09464191,  0.12628089, -0.06210918, -0.05896306,  0.07033396],
       [-0.01918409, -0.02344919,  0.01209897, -0.12498126,  0.11387874],
       [ 0.00450446,  0.04568814,  0.04218544, -0.02848006, -0.01671935],
       [-0.01414828,  0.04037748,  0.07532715,  0.00501612,  0.15473107],
       [-0.00777126, -0.05660995, -0.06421711, -0.02649901,  0.08261705],
       [ 0.0661102 ,  0.08733167, -0.00933123, -0.04399886, -0.04881672],
       [ 0.04581331, -0.02160476, -0.06511045, -0.11397052,  0.05312863],
       [ 0.01227723,  0.00609833, -0.02113068,  0.07416054,  0.0922864 ],
       [-0.05825001, -0.06568944,  0.02609567, -0.13513409,  0.08846226],
       [-0.06295795, -0.08479427,  0.02094154, -0.02218351,  0.04775331],
       [ 0.05404098,  0.12651364,  0.01031364,  0.07699312, -0.05110884],
       [ 0.01957158, -0.03761136, -0.07440636,  0.12703632, -0.07135596],
       [-0.07788287, -0.05394274,  0.08599195, -0.11433034,  0.0007005 ],
       [-0.03823914, -0.03555222,  0.06579202,  0.13154096, -0.01579244],
       [ 0.04677614, -0.0108231 , -0.09383073, -0.0014641 , -0.01305583],
       [ 0.09750942,  0.02937698,  0.0047265 , -0.01709875, -0.00298721],
       [-0.13590218, -0.05219484, -0.09493266,  0.0343317 , -0.01842276],
       [ 0.05045231,  0.01507497, -0.10093407, -0.01752431,  0.00036957],
       [ 0.02077613,  0.00273419, -0.06272667, -0.05276282, -0.00580007],
       [-0.01478568,  0.00940017,  0.08145419, -0.02759991, -0.00156363],
       [ 0.03750561, -0.01456966, -0.17004601, -0.00666802,  0.00709658],
       [ 0.15561726,  0.05563776, -0.04903326, -0.03910805, -0.01703501],
       [-0.03602968, -0.01384109,  0.04289772, -0.07028438,  0.00480476],
       [ 0.03095767,  0.03019653,  0.07480162,  0.00443548,  0.00345085],
       [ 0.01811565,  0.04727925,  0.09573602, -0.05829126, -0.00825579],
       [-0.051749  , -0.04849738, -0.1076019 , -0.03658196, -0.00475431],
       [ 0.14814415,  0.06308435, -0.01324897,  0.01940704,  0.00071282],
       [ 0.03253102, -0.02162875, -0.14181242, -0.03821414, -0.01500481],
       [ 0.02732893,  0.01368122, -0.0610952 , -0.00707523,  0.00935708],
       [-0.12468223, -0.05157715,  0.04925905, -0.06257085, -0.00783813],
       [-0.1396948 , -0.06464907,  0.01408581, -0.01525884,  0.00703065],
       [ 0.12260088,  0.06800035,  0.06943264,  0.0278182 ,  0.00732774],
       [-0.01242918, -0.03395882, -0.14284084,  0.03998182,  0.02275062],
       [-0.08576695, -0.01727478,  0.102563  , -0.00543057, -0.00344297],
       [-0.04710944, -0.01905418,  0.09500953,  0.03648671,  0.00433258],
       [ 0.03185638, -0.00769822, -0.17847976,  0.01196255,  0.00661781],
       [ 0.00603858,  0.12883038,  0.0013659 ,  0.07596685,  0.05318007],
       [-0.04104609, -0.04186907,  0.01680637,  0.00080494, -0.0346116 ],
       [-0.01165744, -0.01563308,  0.02320907, -0.07416425, -0.04661957],
       [ 0.03850951, -0.00751124, -0.01630593, -0.04115859, -0.02018882],
       [-0.11150341,  0.01416526,  0.02476559, -0.06213073, -0.01907722],
       [-0.03836361, -0.12864897,  0.02631186, -0.02292847, -0.03742496],
       [ 0.01764561,  0.03255976, -0.00065861, -0.08772132, -0.05314739],
       [ 0.02989726, -0.05585789, -0.00250856, -0.00524255, -0.00535849],
       [ 0.06683634, -0.08433193,  0.00364991, -0.05561843, -0.01418922],
       [-0.04699272,  0.08901009,  0.01414034, -0.03101452, -0.03499742],
       [-0.01640354, -0.14165884,  0.01818035, -0.00304457,  0.01399452],
       [-0.11082052,  0.02204925,  0.00947764, -0.01729598, -0.02311381],
       [-0.0136947 , -0.04393433,  0.00178352, -0.0610154 , -0.00681938],
       [ 0.03769169,  0.13571724, -0.0359955 , -0.065047  , -0.05953373],
       [ 0.02191364,  0.15789035, -0.03344669, -0.05977219, -0.0330554 ],
       [ 0.00348179, -0.12994919,  0.01804474,  0.0268319 ,  0.01386513],
       [-0.06803429,  0.06442865, -0.00981804,  0.04977358,  0.05438534],
       [ 0.09719745,  0.06398381, -0.03155294, -0.00444639, -0.03441891],
       [ 0.03148437,  0.04727927, -0.02787337,  0.01808238,  0.04640653],
       [-0.10314749, -0.00736225,  0.05505226, -0.01407927,  0.00810743],
       [ 0.04549734,  0.08276875,  0.00823343, -0.08039565,  0.0243405 ],
       [ 0.01129732,  0.03125522,  0.00256923,  0.02694471,  0.08621438],
       [-0.05490861,  0.00791127, -0.03336928, -0.00591255,  0.0441656 ],
       [ 0.15350189,  0.00149921,  0.05952506,  0.05401992,  0.03118206],
       [ 0.01725146,  0.18205638, -0.00384638,  0.00347426,  0.13041264],
       [-0.0261827 , -0.061584  , -0.00856488,  0.01989517,  0.11399643],
       [-0.05355336,  0.06766511, -0.0232943 , -0.03328782, -0.01961732],
       [-0.10284307,  0.09618282, -0.06743184,  0.1285917 ,  0.13078093],
       [ 0.08138317, -0.12402681,  0.050168  ,  0.0337593 ,  0.1061111 ],
       [-0.01144868,  0.18819331,  0.00158209, -0.04818196, -0.05660873],
       [ 0.16220458, -0.03525358,  0.11337745, -0.03290706,  0.09266102],
       [ 0.01710509,  0.09458236,  0.00493837,  0.1234445 ,  0.04536886],
       [-0.02284808, -0.15315135, -0.01485266, -0.01260556,  0.11762788],
       [ 0.00354345, -0.18681484,  0.01047968,  0.01716415,  0.0361293 ],
       [-0.03749582,  0.15205827, -0.02277965,  0.00200004, -0.05526639],
       [ 0.10146173, -0.03442897,  0.03284215,  0.0550464 , -0.15560132],
       [-0.1036429 , -0.05578571, -0.0763815 , -0.08687307,  0.03730739],
       [-0.03364136, -0.0866561 ,  0.01113212,  0.08771284, -0.05527299],
       [ 0.14339729,  0.01344568,  0.06172146,  0.01394516, -0.03781114],
       [-0.00642148,  0.00389466,  0.02566518,  0.09972989, -0.04808091],
       [ 0.0133773 , -0.00911506, -0.04867484,  0.07509513, -0.01533755],
       [-0.03276823,  0.01906733,  0.07652978,  0.01682321, -0.03164727],
       [-0.04756532, -0.02738905,  0.01315004,  0.0796054 , -0.04263956],
       [ 0.01685435,  0.01797384, -0.02261011,  0.13638134, -0.03636512],
       [-0.00445158, -0.02059097, -0.03529084,  0.01654746,  0.0173294 ],
       [ 0.00225654, -0.02862563, -0.0759585 ,  0.03148157, -0.09227404],
       [ 0.00800237,  0.0492807 ,  0.05235143,  0.05122648, -0.04551237],
       [-0.05133806, -0.03852071,  0.01237866,  0.02017505,  0.03273518],
       [-0.03825801,  0.00343672,  0.11536243,  0.0859915 , -0.02031187],
       [-0.01582723, -0.00922904,  0.03549187, -0.02613622, -0.05346686],
       [ 0.04997932,  0.04222328, -0.03580076,  0.14390354, -0.0348676 ],
       [ 0.04967939,  0.05151495, -0.0120827 ,  0.04778921, -0.01644845],
       [-0.03494504, -0.04757898, -0.03613885, -0.06247279,  0.02142664],
       [-0.01642486,  0.03254261,  0.06223325, -0.11955903,  0.02243236],
       [ 0.03751877,  0.0116481 , -0.06644503,  0.0773479 ,  0.01093381],
       [ 0.01934919, -0.00375747, -0.0200141 , -0.11276499, -0.0150685 ],
       [-0.03425227,  0.01550295,  0.10387499, -0.00262492,  0.00829401],
       [ 0.00297401, -0.00540521, -0.00647769,  0.00311519, -0.03941417],
       [-0.01070962,  0.01341971,  0.06347461, -0.07670214, -0.0424239 ],
       [-0.01538746, -0.00606636,  0.02135489,  0.00618   , -0.11551356],
       [ 0.00415885,  0.01047347, -0.01691045, -0.01414775, -0.13510451],
       [-0.00083605, -0.0077317 , -0.01744734,  0.02921985,  0.00883257],
       [ 0.00851531, -0.0038854 , -0.03268936, -0.11487455, -0.10857554],
       [ 0.00022507,  0.00887501,  0.01651254, -0.02580073, -0.12853493],
       [-0.01258345, -0.00690864,  0.0055531 ,  0.03272355,  0.06687621],
       [-0.01051968, -0.00041434,  0.04556634,  0.04385487, -0.07516487],
       [-0.0045998 ,  0.00676405,  0.01447732, -0.1527746 , -0.05872727],
       [ 0.00655057, -0.00956744, -0.00171065,  0.02039789, -0.124427  ],
       [ 0.01050167, -0.01219267,  0.00098134, -0.03565091, -0.05214701],
       [-0.00924677, -0.01488361, -0.01012356, -0.00733659,  0.05238877],
       [-0.00395532,  0.00571901,  0.04993649, -0.05894865,  0.15183806],
       [ 0.01549683,  0.00321698, -0.03025479,  0.09086271, -0.05274644],
       [ 0.00390042, -0.00787645, -0.01527769, -0.11114418,  0.0769572 ],
       [-0.00922655,  0.01515362,  0.01783364, -0.03580273,  0.02588631],
       [-0.00218604, -0.00294845, -0.09863715, -0.03934575, -0.02815141],
       [ 0.05470926, -0.01334497, -0.02968847,  0.01801197, -0.05105204],
       [-0.01243646,  0.00230008,  0.02469736,  0.01792679, -0.04729355],
       [ 0.01728803,  0.00070188,  0.03691911,  0.01660753,  0.00696056],
       [ 0.01584648, -0.00319566,  0.05928442, -0.0655194 , -0.05663872],
       [-0.02851598,  0.00165696, -0.04333914,  0.00503788, -0.06669154],
       [ 0.0552262 , -0.03324776,  0.00050812,  0.00822168,  0.03976221],
       [-0.00288015, -0.00395901, -0.06564888,  0.0226996 , -0.02030784],
       [ 0.01083609, -0.01412989, -0.03135428, -0.08408041, -0.0360335 ],
       [-0.04061241,  0.02268564,  0.00793528,  0.03414179, -0.04944665],
       [-0.05028431,  0.02073083, -0.00079276, -0.00434579, -0.02692371],
       [ 0.04601681,  0.00300072,  0.02915404, -0.0041219 ,  0.01547532],
       [-0.01491933, -0.0019227 , -0.08372202, -0.05682196,  0.06077996],
       [-0.02271693,  0.00860898,  0.05185621,  0.06424741, -0.01919152],
       [-0.0121562 ,  0.00606693,  0.04109122, -0.07899441,  0.02236651],
       [-0.00322627, -0.00637329, -0.06402472, -0.0225679 ,  0.01761004],
       [-0.146523  ,  0.05213655,  0.01239188, -0.06834617, -0.0758779 ],
       [ 0.03396545, -0.00058756, -0.06412387, -0.10112199, -0.08188021],
       [-0.045862  ,  0.00236481, -0.06606199,  0.02659656,  0.00551962],
       [-0.0472492 , -0.01086657, -0.11646527, -0.11917372, -0.05124995],
       [ 0.0839302 , -0.00518611,  0.11727146, -0.07222523, -0.06198367],
       [-0.15881407,  0.00958695,  0.0355619 ,  0.0411584 ,  0.03013458],
       [ 0.00649073, -0.00368147,  0.20058207, -0.03322238, -0.05985897],
       [-0.03259933,  0.01419258,  0.10186767, -0.07687183, -0.00984212],
       [ 0.12154   , -0.02254576, -0.0508021 , -0.07718315, -0.08486943],
       [ 0.1463609 , -0.0366329 ,  0.0108887 , -0.0403447 , -0.01723117],
       [-0.13688089,  0.01890424, -0.09901469,  0.03607359,  0.03255873],
       [ 0.03892347,  0.00720546,  0.16193082,  0.06044254,  0.08737935],
       [ 0.05439459, -0.01938856, -0.10479777,  0.00811828, -0.03616376],
       [ 0.03359408, -0.02356784, -0.05431342, -0.01014718,  0.05552122],
       [ 0.00833497,  0.01755543,  0.18281059, -0.01075453,  0.01988042],
       [ 0.03743675,  0.07474656, -0.03195586,  0.03422216, -0.15193393],
       [ 0.04019292, -0.05944974, -0.01441445,  0.01805752, -0.00937259],
       [ 0.08521845, -0.11194274, -0.01718772, -0.03361478, -0.08435112],
       [-0.05956273,  0.1284629 ,  0.01867184,  0.00666242, -0.07456827],
       [-0.03279749, -0.17865014,  0.02696279, -0.00065697,  0.03405437],
       [-0.16409312,  0.00694441,  0.07151294,  0.05561376, -0.03203852],
       [-0.03228051, -0.06841467,  0.03989882, -0.09453296, -0.07205788],
       [ 0.05447822,  0.13826139, -0.02948159,  0.04451426, -0.0972383 ],
       [ 0.03497484,  0.15672571, -0.00960015, -0.03668073, -0.0752455 ],
       [ 0.00615238, -0.13810097, -0.0243533 , -0.03290409,  0.03196314],
       [-0.09652302,  0.07322247,  0.03908163, -0.05011017,  0.07785636],
       [ 0.11250448,  0.03980184, -0.01422811,  0.04392589, -0.03137881],
       [ 0.03599298,  0.02485385, -0.00941441, -0.11033176,  0.06349672],
       [-0.14351278,  0.02340909,  0.0474271 , -0.03430577,  0.00749507],
       [-0.00064491,  0.02550507,  0.01905328,  0.03478862,  0.01562396],
       [-0.00852038,  0.02969121,  0.04105525, -0.13600755, -0.16256987],
       [ 0.00323204, -0.04356307, -0.02950096, -0.01295036, -0.17259851],
       [ 0.02968725,  0.07085098, -0.00839034,  0.03992954,  0.0887014 ],
       [ 0.03226528, -0.0126858 , -0.03548212,  0.07203741, -0.0778605 ],
       [ 0.00525912,  0.01638506, -0.00785573, -0.18998564, -0.0840807 ],
       [-0.03484524, -0.07194994,  0.02559762,  0.05657343, -0.1546788 ],
       [-0.03089081, -0.09102618,  0.02326953, -0.03723648, -0.07004633],
       [ 0.0213002 ,  0.06986224,  0.00024182, -0.02231921,  0.06915817],
       [ 0.01366466, -0.03238264, -0.02527879, -0.10656154,  0.18901411],
       [-0.03959502, -0.03308723,  0.05185717,  0.13639311, -0.06094375],
       [-0.01507129, -0.02330811,  0.0287116 , -0.15084613,  0.07091995],
       [ 0.03179224,  0.00619465, -0.06447843, -0.03905687,  0.04419772],
       [ 0.03727439, -0.02436466,  0.04546367, -0.00165999, -0.01704201],
       [-0.0514708 ,  0.04760175, -0.05158862,  0.01437848, -0.00144816],
       [ 0.04759532, -0.0737947 , -0.00712096,  0.00726235,  0.00726264],
       [-0.05197878, -0.0002121 , -0.08650845,  0.00396941, -0.00036883],
       [ 0.0035971 , -0.03198905, -0.02411515,  0.00859959, -0.00601234],
       [-0.02665916,  0.06141198,  0.02126418,  0.02986434,  0.01095766],
       [-0.04372738,  0.0722591 , -0.00039579,  0.03148594,  0.01142983],
       [ 0.04666509, -0.04596418,  0.0266448 , -0.0005007 , -0.00074708],
       [-0.04579712,  0.01522758, -0.06454049, -0.02774045, -0.01083063],
       [ 0.01386151,  0.02493269,  0.05815292,  0.02835882,  0.01348014],
       [ 0.00053647,  0.02040749,  0.02395353, -0.00244808, -0.01823742],
       [-0.04825574, -0.00228304, -0.08519373,  0.00838929,  0.00365527],
       [-0.06858814,  0.05302035, -0.07070813, -0.05231225, -0.10288338],
       [ 0.09592835, -0.08194085, -0.01030342, -0.00587052,  0.03829536],
       [-0.04654304, -0.00137321, -0.11118523, -0.00219998, -0.06384382],
       [ 0.01719064, -0.03025607, -0.05009551, -0.13469157, -0.0272167 ],
       [-0.06709238,  0.065041  ,  0.0369757 , -0.09283484, -0.14290388],
       [-0.09083912,  0.08907382,  0.00206043, -0.11489343, -0.08552085],
       [ 0.08708368, -0.07147113,  0.05437166,  0.02523532,  0.04059258],
       [-0.05919631,  0.01176092, -0.11789924,  0.04877799,  0.16330256],
       [-0.00406843,  0.04539201,  0.06825427,  0.00368962, -0.08839982],
       [-0.00575825,  0.02683646,  0.06843316, -0.02006125,  0.12477585],
       [-0.04847381, -0.00087486, -0.14352537, -0.04932393,  0.02319692],
       [-0.08676377,  0.16948877, -0.01121915,  0.01381035,  0.02613567],
       [ 0.07796334,  0.00327872,  0.09237123,  0.05082481, -0.07802246],
       [-0.00075401,  0.03584065,  0.05299164, -0.09405298, -0.05526629],
       [ 0.04547425, -0.11604107, -0.01206917,  0.01799883, -0.14240415],
       [ 0.0656957 , -0.11508983,  0.0015266 , -0.05634118, -0.08210596],
       [-0.08807198,  0.12990152, -0.06104907, -0.01988793,  0.05166389],
       [ 0.06547939, -0.03069292,  0.0979303 , -0.02363958,  0.11530395],
       [-0.02695163, -0.07503975, -0.05211518,  0.04014724, -0.04135753],
       [-0.0012562 , -0.04340569, -0.04440347, -0.07203784,  0.08080086],
       [ 0.07341948,  0.00298314,  0.09614016, -0.02619612,  0.00698638],
       [-0.16372259,  0.0293463 ,  0.00126159, -0.02161394,  0.04186866],
       [-0.01996289, -0.05604164,  0.01410351,  0.02087913,  0.01626171],
       [ 0.03416267,  0.14118044, -0.01189628,  0.01291044,  0.08784499],
       [ 0.00878756,  0.17953066, -0.02127548,  0.05022091,  0.04104495],
       [ 0.02392436, -0.16621717,  0.0042241 ,  0.0085155 , -0.03060467],
       [-0.10820944,  0.06609063,  0.01806316, -0.0150561 , -0.07157408],
       [ 0.11345765,  0.05324009, -0.00086436,  0.00563409,  0.03105011],
       [ 0.04097744,  0.0557254 , -0.02354005, -0.00817957, -0.05410419],
       [-0.14948433,  0.01011021,  0.02248127,  0.00476716, -0.00033427],
       [-0.02746033,  0.00874565,  0.08117097, -0.06376062, -0.06422689],
       [ 0.12183061, -0.02442737, -0.0285017 ,  0.07267883, -0.04775484],
       [ 0.14966951, -0.00355761, -0.02143658,  0.0069907 , -0.0571843 ],
       [-0.14662039,  0.00526659, -0.07748859, -0.02702869,  0.013451  ],
       [ 0.04258023,  0.00187247,  0.16739042, -0.08536894,  0.04738983],
       [ 0.06180625, -0.01407114, -0.10185222,  0.06139878, -0.01907439],
       [ 0.03800655, -0.00023588, -0.12105793, -0.0835096 ,  0.0243097 ],
       [ 0.01127661, -0.00025404,  0.18111623, -0.03048233,  0.01246405],
       [ 0.02250354,  0.04862011, -0.03497615, -0.15814984, -0.10366511],
       [ 0.0210504 ,  0.0491489 , -0.02227817, -0.08841428, -0.03088578],
       [-0.01131983, -0.08960587,  0.00371001,  0.06959145,  0.0365597 ],
       [-0.01215543,  0.03619635,  0.04399008,  0.12289163,  0.11851691],
       [ 0.04161935,  0.03643831, -0.08339397, -0.03696604, -0.05789348],
       [ 0.01174233,  0.01207711, -0.03284078,  0.0516481 ,  0.08314746],
       [-0.02731325,  0.0158968 ,  0.08702816, -0.01080123,  0.01901883],
       [-0.03201347, -0.11894799, -0.0012382 , -0.01172465, -0.09114199],
       [ 0.00931882,  0.14469095,  0.02135551, -0.03407703,  0.04696424],
       [ 0.07336896, -0.03749546, -0.07257171, -0.11344635,  0.12419523],
       [-0.10466235, -0.0479236 ,  0.0106129 ,  0.12810077, -0.0360471 ],
       [-0.03358457, -0.0317193 ,  0.02800662, -0.14971427,  0.04894845],
       [ 0.10857278, -0.03659867, -0.01016503, -0.04740192,  0.03969772],
       [-0.0180983 ,  0.15560436,  0.00635035,  0.01058909,  0.03962179],
       [ 0.09265653, -0.03944319, -0.03766745,  0.00684499,  0.08329484],
       [-0.11107108, -0.06281266, -0.01294663,  0.04575267, -0.02391736],
       [-0.03682485, -0.04230003,  0.00159144, -0.05820404,  0.03952231],
       [ 0.13554226, -0.04033698,  0.02501902, -0.00105633,  0.02215935],
       [-0.09626353,  0.03279952, -0.03844814,  0.04439014, -0.04222225],
       [ 0.08394035,  0.03964055,  0.08767286, -0.05782437,  0.01810141],
       [ 0.02784351,  0.03834207,  0.03057548,  0.04745396, -0.02720269],
       [-0.13340085,  0.00518845, -0.0936738 ,  0.02329836, -0.01233095],
       [ 0.01806669, -0.02248125, -0.15519777, -0.10369889,  0.01772837],
       [ 0.01793795, -0.02620915, -0.05592725,  0.15265685, -0.04584909],
       [ 0.04179914,  0.00233764,  0.20158019,  0.03276712, -0.01818338],
       [-0.0416403 , -0.01226165,  0.06190622, -0.13160175, -0.00723998],
       [ 0.05334483, -0.01324034, -0.09999803, -0.01765737,  0.00548537],
       [ 0.03280046, -0.02002211, -0.06369698,  0.00193665, -0.01884434]])})
2026-01-20 11:01:23,545 - final_problem_set.kxor_instance_n23_k2_m212_ell2_eps0.2_kappa0.875_rho0.0 - INFO - Running key extraction (n=23, m=212, ell=2, phase_qubits=13)
2026-01-20 11:01:23,549 - final_problem_set.kxor_instance_n23_k2_m212_ell2_eps0.2_kappa0.875_rho0.0 - INFO - Built voting matrix V (n=23, ell=2, dtype=complex128) in 0.004s
2026-01-20 11:01:23,550 - final_problem_set.kxor_instance_n23_k2_m212_ell2_eps0.2_kappa0.875_rho0.0 - INFO - Eval: adv=0.2830 (no ground-truth z available)
2026-01-20 11:01:23,550 - final_problem_set.kxor_instance_n23_k2_m212_ell2_eps0.2_kappa0.875_rho0.0 - INFO - Key extraction complete: x_hat=9
2026-01-20 11:01:23,550 - final_problem_set.kxor_instance_n23_k2_m212_ell2_eps0.2_kappa0.875_rho0.0 - INFO - Finished step 'KeyExtractionStep' in 0.005s (success: True, problem=kxor_instance_n23_k2_m212_ell2_eps0.2_kappa0.875_rho0.0)
2026-01-20 11:01:23,550 - final_problem_set.kxor_instance_n23_k2_m212_ell2_eps0.2_kappa0.875_rho0.0 - INFO - SUCCESS: len(z_hat)=23
2026-01-20 11:01:23,550 - final_problem_set.kxor_instance_n23_k2_m212_ell2_eps0.2_kappa0.875_rho0.0 - INFO - Metrics: adv=0.2830188679245283, ham_frac=None, corr=None
2026-01-20 11:01:23,550 - final_problem_set.kxor_instance_n23_k2_m212_ell2_eps0.2_kappa0.875_rho0.0 - INFO - z_hat (full): [ 1, -1, -1,  1, -1, -1, -1, -1, -1, -1,  1, -1, -1,  1, -1, -1, -1, -1,  1,  1, -1,  1,  1]
