2026-01-20 11:00:30,019 - final_problem_set.kxor_instance_n12_k2_m78_ell2_eps0.3_kappa1.0_rho1.0 - INFO - Starting iteration for /Users/julian/CodingProjects/UniT3/QuarticSpeedupK-XOR/z_Daphne/data/final_problem_set/kxor_instance_n12_k2_m78_ell2_eps0.3_kappa1.0_rho1.0.npz
2026-01-20 11:00:30,020 - final_problem_set.kxor_instance_n12_k2_m78_ell2_eps0.3_kappa1.0_rho1.0 - INFO - Loaded instance (n=12, m=78, k=2)
2026-01-20 11:00:30,020 - final_problem_set.kxor_instance_n12_k2_m78_ell2_eps0.3_kappa1.0_rho1.0 - INFO - Starting step 'ComputeKikuchiStep' (version 0.1) on problem kxor_instance_n12_k2_m78_ell2_eps0.3_kappa1.0_rho1.0 (fields={'ell': 2, 'threshold': 0.0})
2026-01-20 11:00:30,024 - final_problem_set.kxor_instance_n12_k2_m78_ell2_eps0.3_kappa1.0_rho1.0 - INFO - Finished step 'ComputeKikuchiStep' in 0.005s (success: True, problem=kxor_instance_n12_k2_m78_ell2_eps0.3_kappa1.0_rho1.0)
2026-01-20 11:00:30,024 - final_problem_set.kxor_instance_n12_k2_m78_ell2_eps0.3_kappa1.0_rho1.0 - INFO - Starting step 'ClassicalEigenvaluesStep' (version 0.1) on problem kxor_instance_n12_k2_m78_ell2_eps0.3_kappa1.0_rho1.0 (fields={'ell': 2, 'threshold': 0.0, 'kikuchi_matrix': <Dictionary Of Keys sparse matrix of dtype 'int64'
	with 920 stored elements and shape (66, 66)>, 'num_eigenvalues': 5})
2026-01-20 11:00:30,036 - final_problem_set.kxor_instance_n12_k2_m78_ell2_eps0.3_kappa1.0_rho1.0 - INFO - Finished step 'ClassicalEigenvaluesStep' in 0.012s (success: True, problem=kxor_instance_n12_k2_m78_ell2_eps0.3_kappa1.0_rho1.0)
2026-01-20 11:00:30,036 - final_problem_set.kxor_instance_n12_k2_m78_ell2_eps0.3_kappa1.0_rho1.0 - INFO - Starting step 'KeyExtractionStep' (version 0.1) on problem kxor_instance_n12_k2_m78_ell2_eps0.3_kappa1.0_rho1.0 (fields={'ell': 2, 'threshold': 0.0, 'kikuchi_matrix': <Dictionary Of Keys sparse matrix of dtype 'int64'
	with 920 stored elements and shape (66, 66)>, 'num_eigenvalues': 5, 'eigenvalues': array([ 6.57291484,  6.96363483,  7.67377075,  8.04691526, 14.27372341]), 'eigenvectors': array([[ 0.21850428, -0.09978965,  0.19118558, -0.05243339, -0.1093013 ],
       [-0.0257302 , -0.06163588, -0.25637107,  0.05624941,  0.09925545],
       [ 0.18109437,  0.11047729,  0.11803715, -0.11388997, -0.12133317],
       [-0.06073876, -0.03065183,  0.13879874, -0.03886351, -0.1284258 ],
       [-0.00253384,  0.22505775, -0.08993551,  0.11255349,  0.12246798],
       [-0.18250135,  0.07169214, -0.03048585,  0.02696969,  0.11733186],
       [ 0.02097525, -0.01347311,  0.02336723, -0.24296412, -0.05820936],
       [ 0.04048235, -0.06818424,  0.18322415, -0.13710811, -0.1284246 ],
       [-0.00974992, -0.14963853,  0.2387312 , -0.06212717, -0.11011413],
       [-0.13634181,  0.14902293, -0.12868039,  0.06133333,  0.11296034],
       [ 0.07166008, -0.05034503,  0.20621364, -0.07087291, -0.12281627],
       [ 0.10093211,  0.10392313,  0.17376133,  0.068963  , -0.11585228],
       [-0.24766124, -0.13758578,  0.02295802, -0.02437201,  0.1246933 ],
       [-0.03610961, -0.01035089,  0.01085117, -0.13456746,  0.14512236],
       [ 0.08694809, -0.1732472 , -0.05142639,  0.02837708, -0.12588194],
       [ 0.23862176, -0.03204838, -0.0984794 ,  0.1082157 , -0.11748296],
       [-0.09582248,  0.00730085,  0.03192674,  0.24642062,  0.07656163],
       [-0.16278541,  0.03608124, -0.04305657, -0.0102124 ,  0.16575353],
       [-0.07718605,  0.13418666, -0.13364955, -0.08268118,  0.12858329],
       [ 0.23597044, -0.13405043,  0.0040142 ,  0.07824276, -0.12756039],
       [-0.17340181,  0.01355941, -0.07610457, -0.08839021,  0.13954622],
       [ 0.03088539,  0.29765478,  0.07992665,  0.01054651, -0.11338396],
       [-0.17925856,  0.19048982,  0.09723112,  0.08814051, -0.11920707],
       [ 0.15408133, -0.01935079, -0.05887291, -0.01569365,  0.13050652],
       [-0.04296779, -0.16189337, -0.00049968, -0.10523719,  0.12199228],
       [-0.05377419,  0.10383541,  0.03200094, -0.23298814, -0.0695955 ],
       [-0.12155565,  0.190755  ,  0.15783289, -0.00523561, -0.13537658],
       [-0.1385227 ,  0.06115093,  0.22395781,  0.05815327, -0.11681171],
       [-0.0172006 , -0.06479088, -0.1219035 , -0.07107193,  0.1323599 ],
       [-0.07641014,  0.19288639,  0.18168588,  0.06269642, -0.1263336 ],
       [ 0.05796734, -0.23240528,  0.12664224, -0.04473709,  0.12605013],
       [ 0.0007369 ,  0.05676341, -0.19527057, -0.03484653, -0.13696623],
       [ 0.15590089,  0.16591807, -0.20225973,  0.04677008, -0.11268256],
       [-0.02261996, -0.08551162,  0.0811198 ,  0.24872091,  0.06524724],
       [-0.03809964, -0.23404455,  0.09609799,  0.06123457,  0.14423419],
       [ 0.01242145, -0.10966713, -0.02686986, -0.01914955,  0.14338322],
       [ 0.15157793,  0.08637753, -0.10837196,  0.01237149, -0.12620918],
       [-0.07643859, -0.24000518,  0.05078533, -0.01384747,  0.13800002],
       [-0.22968586, -0.08508355, -0.15847043,  0.04937782, -0.1273037 ],
       [-0.04274584,  0.05171548, -0.19915201,  0.13040204, -0.11840182],
       [ 0.11490123, -0.05159294,  0.09521473,  0.24530863,  0.0780863 ],
       [ 0.25600946, -0.08107657,  0.08497751, -0.03136867,  0.14930082],
       [ 0.25033839,  0.04786012, -0.04011315, -0.1053831 ,  0.13246707],
       [-0.0756359 , -0.04996946, -0.09787915,  0.10031852, -0.13082898],
       [ 0.18979087, -0.09269863,  0.03499098, -0.11390302,  0.14339797],
       [-0.01339871,  0.11528228,  0.23276882, -0.05135129,  0.11394678],
       [-0.03974069, -0.03759849, -0.09404194, -0.25161344, -0.06602895],
       [-0.16546452, -0.14759931, -0.13297592, -0.05830743, -0.14576677],
       [-0.18254294, -0.23855291, -0.00468511,  0.0193922 , -0.12722265],
       [ 0.01157205,  0.23457959,  0.14208279, -0.0146145 ,  0.12540773],
       [-0.11686826, -0.12219581, -0.08420302,  0.01880726, -0.13967579],
       [ 0.04835062,  0.01737105, -0.14424755, -0.21512397, -0.07014861],
       [ 0.04895252,  0.02112887, -0.19030146,  0.04145127, -0.13700117],
       [-0.00123427, -0.10315936, -0.06931711,  0.12332611, -0.13518819],
       [-0.14931464,  0.08750227,  0.18193199, -0.09516284,  0.11704434],
       [ 0.08271481,  0.03565298, -0.13835595,  0.1117628 , -0.13017552],
       [ 0.04379332, -0.02736298,  0.07114113,  0.31010798,  0.07452164],
       [ 0.0815408 ,  0.03627955,  0.00218097,  0.26052763,  0.07808605],
       [ 0.03065798, -0.0449365 , -0.08941466, -0.25597466, -0.07572161],
       [ 0.03361414, -0.04626141,  0.04921949,  0.28554107,  0.08415215],
       [ 0.19287859,  0.09985699, -0.09793834,  0.0019397 ,  0.15098157],
       [ 0.0173723 , -0.10288299, -0.06786759, -0.00467175, -0.14936231],
       [ 0.10619133, -0.06366127, -0.01558029,  0.00573115,  0.16418719],
       [-0.02799029, -0.19531626,  0.05055455,  0.07138797, -0.13070692],
       [ 0.13485286,  0.07612398, -0.13364013, -0.079727  ,  0.14291741],
       [ 0.06832455, -0.09080914, -0.02212439,  0.09034501, -0.15925463]])})
2026-01-20 11:00:30,037 - final_problem_set.kxor_instance_n12_k2_m78_ell2_eps0.3_kappa1.0_rho1.0 - INFO - Running key extraction (n=12, m=78, ell=2, phase_qubits=10)
2026-01-20 11:00:30,037 - final_problem_set.kxor_instance_n12_k2_m78_ell2_eps0.3_kappa1.0_rho1.0 - INFO - Built voting matrix V (n=12, ell=2, dtype=complex128) in 0.000s
2026-01-20 11:00:30,038 - final_problem_set.kxor_instance_n12_k2_m78_ell2_eps0.3_kappa1.0_rho1.0 - INFO - Eval: adv=1.0000, hamming=0/12 (0.000), corr=1.000
2026-01-20 11:00:30,038 - final_problem_set.kxor_instance_n12_k2_m78_ell2_eps0.3_kappa1.0_rho1.0 - INFO - Key extraction complete: x_hat=8
2026-01-20 11:00:30,038 - final_problem_set.kxor_instance_n12_k2_m78_ell2_eps0.3_kappa1.0_rho1.0 - INFO - Finished step 'KeyExtractionStep' in 0.001s (success: True, problem=kxor_instance_n12_k2_m78_ell2_eps0.3_kappa1.0_rho1.0)
2026-01-20 11:00:30,038 - final_problem_set.kxor_instance_n12_k2_m78_ell2_eps0.3_kappa1.0_rho1.0 - INFO - SUCCESS: len(z_hat)=12
2026-01-20 11:00:30,038 - final_problem_set.kxor_instance_n12_k2_m78_ell2_eps0.3_kappa1.0_rho1.0 - INFO - Metrics: adv=1.0, ham_frac=0.0, corr=1.0
2026-01-20 11:00:30,038 - final_problem_set.kxor_instance_n12_k2_m78_ell2_eps0.3_kappa1.0_rho1.0 - INFO - z_hat (full): [ 1, -1,  1, -1, -1,  1,  1, -1, -1, -1,  1, -1]
