2026-01-20 11:00:31,446 - final_problem_set.kxor_instance_n14_k2_m118_ell2_eps0.3_kappa0.875_rho0.2 - INFO - Starting iteration for /Users/julian/CodingProjects/UniT3/QuarticSpeedupK-XOR/z_Daphne/data/final_problem_set/kxor_instance_n14_k2_m118_ell2_eps0.3_kappa0.875_rho0.2.npz
2026-01-20 11:00:31,447 - final_problem_set.kxor_instance_n14_k2_m118_ell2_eps0.3_kappa0.875_rho0.2 - INFO - Loaded instance (n=14, m=118, k=2)
2026-01-20 11:00:31,447 - final_problem_set.kxor_instance_n14_k2_m118_ell2_eps0.3_kappa0.875_rho0.2 - INFO - Starting step 'ComputeKikuchiStep' (version 0.1) on problem kxor_instance_n14_k2_m118_ell2_eps0.3_kappa0.875_rho0.2 (fields={'ell': 2, 'threshold': 0.0})
2026-01-20 11:00:31,456 - final_problem_set.kxor_instance_n14_k2_m118_ell2_eps0.3_kappa0.875_rho0.2 - INFO - Finished step 'ComputeKikuchiStep' in 0.009s (success: True, problem=kxor_instance_n14_k2_m118_ell2_eps0.3_kappa0.875_rho0.2)
2026-01-20 11:00:31,456 - final_problem_set.kxor_instance_n14_k2_m118_ell2_eps0.3_kappa0.875_rho0.2 - INFO - Starting step 'ClassicalEigenvaluesStep' (version 0.1) on problem kxor_instance_n14_k2_m118_ell2_eps0.3_kappa0.875_rho0.2 (fields={'ell': 2, 'threshold': 0.0, 'kikuchi_matrix': <Dictionary Of Keys sparse matrix of dtype 'int64'
	with 1656 stored elements and shape (91, 91)>, 'num_eigenvalues': 5})
2026-01-20 11:00:31,487 - final_problem_set.kxor_instance_n14_k2_m118_ell2_eps0.3_kappa0.875_rho0.2 - INFO - Finished step 'ClassicalEigenvaluesStep' in 0.031s (success: True, problem=kxor_instance_n14_k2_m118_ell2_eps0.3_kappa0.875_rho0.2)
2026-01-20 11:00:31,487 - final_problem_set.kxor_instance_n14_k2_m118_ell2_eps0.3_kappa0.875_rho0.2 - INFO - Starting step 'KeyExtractionStep' (version 0.1) on problem kxor_instance_n14_k2_m118_ell2_eps0.3_kappa0.875_rho0.2 (fields={'ell': 2, 'threshold': 0.0, 'kikuchi_matrix': <Dictionary Of Keys sparse matrix of dtype 'int64'
	with 1656 stored elements and shape (91, 91)>, 'num_eigenvalues': 5, 'eigenvalues': array([-10.39384494,  -9.51739136,  -8.68037539,  -7.73387057,   8.281406  ]), 'eigenvectors': array([[-0.20679072, -0.05728205,  0.08371394, -0.17535469, -0.0004012 ],
       [-0.0330841 , -0.06172218,  0.13411093,  0.00123377,  0.02879483],
       [ 0.17964882,  0.0569951 ,  0.01630445,  0.02687922,  0.18003785],
       [ 0.08209163,  0.13715735,  0.06028364, -0.23418497, -0.0148268 ],
       [-0.15616509, -0.06585518,  0.03598953,  0.00904228, -0.03605707],
       [-0.02736192, -0.05308659,  0.15248988, -0.10027469, -0.16670744],
       [ 0.10649016,  0.05695405, -0.16659557,  0.10477763, -0.19021648],
       [ 0.17665983,  0.08696346,  0.06853717, -0.10740602, -0.12706036],
       [ 0.10239053, -0.12981283,  0.12709398,  0.13673348, -0.06896088],
       [-0.06471291, -0.14511135,  0.01322842,  0.11916702,  0.17540295],
       [-0.17163719, -0.12212576,  0.02084429,  0.07178442, -0.16285008],
       [-0.06119549,  0.1305213 ,  0.02703555, -0.27218464,  0.06429895],
       [ 0.19005942,  0.04511721, -0.01820119,  0.10033567, -0.0182223 ],
       [-0.01055058,  0.00655222, -0.14490816, -0.09549597, -0.02839448],
       [-0.19196917,  0.12393526,  0.03942455,  0.01386496,  0.09793961],
       [-0.19538878, -0.10307925, -0.10463698, -0.02793603,  0.0224311 ],
       [ 0.16045011, -0.11983317, -0.09256016, -0.1079456 ,  0.01787203],
       [ 0.02092522,  0.05777882, -0.1799758 ,  0.15890133, -0.09195051],
       [-0.10572295,  0.08053294,  0.22171071, -0.00463212, -0.09999303],
       [-0.17395728,  0.07864518, -0.02501714,  0.08448322, -0.05140565],
       [-0.02758012,  0.24734638, -0.06583262,  0.1584387 , -0.00371842],
       [ 0.13987374,  0.15463778,  0.0080493 ,  0.20337731,  0.09235916],
       [ 0.21485303, -0.06043453, -0.05311291,  0.01711823, -0.08510322],
       [-0.01459627, -0.22229347, -0.07196885, -0.02617755,  0.00372374],
       [-0.15676759,  0.12858976,  0.08522727, -0.01710172, -0.03006035],
       [-0.02334855,  0.00261837,  0.14387343,  0.11312645, -0.19797272],
       [-0.03490092, -0.05218861,  0.07272066,  0.0386213 , -0.02729573],
       [-0.0025993 ,  0.01187305, -0.11856348, -0.07331603, -0.01073491],
       [-0.00195435,  0.01983805, -0.02811177,  0.05289923,  0.21463394],
       [ 0.00554512, -0.01368283,  0.06786912,  0.02374947,  0.21051364],
       [-0.02102838, -0.00412599,  0.12949432,  0.09993499,  0.13302427],
       [ 0.0100672 ,  0.06236918,  0.05550201,  0.14287075,  0.01842382],
       [ 0.03102337,  0.04481454, -0.07393684,  0.0256572 , -0.19990728],
       [ 0.02175168,  0.0233727 , -0.15344659, -0.07181147,  0.20065002],
       [-0.01966035, -0.05209333, -0.03043591, -0.08879478, -0.03470738],
       [-0.01484374,  0.01189771,  0.14011265,  0.09324833,  0.0470687 ],
       [ 0.11798205,  0.09656305,  0.1634707 , -0.01497943,  0.08730752],
       [-0.18596519,  0.09242704, -0.02079736,  0.11040986,  0.15224617],
       [-0.05635837, -0.03459825,  0.16888041, -0.08774341,  0.05393998],
       [ 0.12415821, -0.05660767, -0.16155555, -0.03959103,  0.0884609 ],
       [ 0.15321514, -0.04392598,  0.13825101, -0.06234844,  0.10612216],
       [ 0.04149651, -0.18850489,  0.12085596,  0.00262081,  0.17311054],
       [-0.0884987 , -0.13437462, -0.05955843, -0.08807641, -0.07716104],
       [-0.21542219,  0.03262435, -0.09199804,  0.04262572,  0.09425288],
       [-0.01129556,  0.17621505,  0.05291726, -0.08532744, -0.1491391 ],
       [ 0.15181161, -0.08145986,  0.03937955,  0.04292027, -0.04719998],
       [-0.11171455, -0.10186438, -0.10367455,  0.02203482,  0.01094878],
       [-0.04610841, -0.06272576,  0.09147978,  0.05215932, -0.11157301],
       [ 0.10474825,  0.08843474, -0.04340117, -0.02483695, -0.11028862],
       [ 0.09333179,  0.09918815,  0.16928962, -0.05900874, -0.07742509],
       [ 0.07309891, -0.04906175,  0.19570045,  0.21649763,  0.00663261],
       [-0.02710282, -0.09838767, -0.03584073,  0.21266381,  0.10121918],
       [-0.1039771 , -0.13210373, -0.13418785,  0.1327669 , -0.11492048],
       [-0.06377556,  0.0600543 , -0.04570114, -0.23794047,  0.01637407],
       [ 0.13457596,  0.08555534,  0.14830688,  0.02944065, -0.02400297],
       [ 0.03817516,  0.04312908, -0.15721959,  0.05959428, -0.15743651],
       [-0.09304014,  0.05009357,  0.15100384,  0.05820378, -0.15367698],
       [-0.1378249 ,  0.04220055, -0.05317982,  0.11463649, -0.10051521],
       [-0.04311704,  0.1983909 , -0.08230226,  0.06278105, -0.02144005],
       [ 0.11957481,  0.13476466,  0.0148969 ,  0.00183785,  0.14787674],
       [ 0.16341134, -0.02222841,  0.00038178, -0.09494009, -0.15068475],
       [ 0.02308913, -0.19779503, -0.04849069, -0.00464945,  0.04480253],
       [-0.16735083,  0.10167326,  0.0291682 ,  0.07173324, -0.02842587],
       [-0.0123883 , -0.04027586,  0.10142787, -0.12754329,  0.02556263],
       [-0.05126902, -0.04220234,  0.14766374, -0.00072499, -0.03108104],
       [-0.01421737,  0.03441556,  0.05603213,  0.0087294 , -0.16846052],
       [ 0.02667787,  0.04032975, -0.08384269,  0.03696826, -0.02825905],
       [ 0.06077588,  0.06911239, -0.19040602,  0.07332917,  0.02424546],
       [-0.00296429, -0.02471921, -0.02999578,  0.07589676,  0.13360655],
       [-0.02861059, -0.03808759,  0.16097532, -0.0797713 ,  0.05331254],
       [ 0.14608998, -0.04224962, -0.12091516, -0.11151853, -0.05726995],
       [ 0.04585497, -0.18390584, -0.03075911, -0.1418876 , -0.16682901],
       [-0.08808526, -0.11467778,  0.10260461, -0.08171594, -0.00111161],
       [-0.12762892,  0.00886601,  0.18010053,  0.01071244, -0.00577754],
       [-0.00074001,  0.14025919,  0.03734639, -0.01831988,  0.16036439],
       [ 0.12434035, -0.07343002, -0.18579679, -0.00142545,  0.05334325],
       [ 0.03066779, -0.15778063,  0.13246378,  0.06650487, -0.14704127],
       [-0.08582482, -0.1322864 , -0.0953015 ,  0.02509872,  0.05283488],
       [-0.16074065, -0.00384486, -0.12710195,  0.10884443, -0.04979441],
       [-0.03548027,  0.17522319,  0.01977141, -0.04620987,  0.08893274],
       [ 0.13255867, -0.05083211,  0.09093444, -0.02459401,  0.02021955],
       [-0.05630231,  0.01039957, -0.12893907, -0.21154689,  0.16318584],
       [-0.07631929,  0.20696497, -0.16056071, -0.0576773 , -0.16928551],
       [ 0.01939892,  0.09348104,  0.05427903,  0.19026301,  0.0905883 ],
       [ 0.02476799, -0.17543421,  0.08698926, -0.03577628, -0.01975931],
       [ 0.08638096,  0.1622926 ,  0.03128129, -0.02822239,  0.00120484],
       [ 0.04081026, -0.02402469,  0.01058421,  0.2723745 , -0.13528926],
       [-0.08549991, -0.12072201, -0.05517326, -0.14406432, -0.05371226],
       [ 0.04601599, -0.19801693, -0.02836635,  0.16087848,  0.13882147],
       [-0.17539709,  0.04244956, -0.03180198, -0.03138519,  0.04840291],
       [ 0.0003086 ,  0.16407355,  0.06076586, -0.03763555,  0.01718151]])})
2026-01-20 11:00:31,488 - final_problem_set.kxor_instance_n14_k2_m118_ell2_eps0.3_kappa0.875_rho0.2 - INFO - Running key extraction (n=14, m=118, ell=2, phase_qubits=11)
2026-01-20 11:00:31,489 - final_problem_set.kxor_instance_n14_k2_m118_ell2_eps0.3_kappa0.875_rho0.2 - INFO - Built voting matrix V (n=14, ell=2, dtype=complex128) in 0.001s
2026-01-20 11:00:31,489 - final_problem_set.kxor_instance_n14_k2_m118_ell2_eps0.3_kappa0.875_rho0.2 - INFO - Eval: adv=0.1356, hamming=7/14 (0.500), corr=0.000
2026-01-20 11:00:31,489 - final_problem_set.kxor_instance_n14_k2_m118_ell2_eps0.3_kappa0.875_rho0.2 - INFO - Key extraction complete: x_hat=3
2026-01-20 11:00:31,489 - final_problem_set.kxor_instance_n14_k2_m118_ell2_eps0.3_kappa0.875_rho0.2 - INFO - Finished step 'KeyExtractionStep' in 0.001s (success: True, problem=kxor_instance_n14_k2_m118_ell2_eps0.3_kappa0.875_rho0.2)
2026-01-20 11:00:31,489 - final_problem_set.kxor_instance_n14_k2_m118_ell2_eps0.3_kappa0.875_rho0.2 - INFO - SUCCESS: len(z_hat)=14
2026-01-20 11:00:31,489 - final_problem_set.kxor_instance_n14_k2_m118_ell2_eps0.3_kappa0.875_rho0.2 - INFO - Metrics: adv=0.13559322033898305, ham_frac=0.5, corr=0.0
2026-01-20 11:00:31,489 - final_problem_set.kxor_instance_n14_k2_m118_ell2_eps0.3_kappa0.875_rho0.2 - INFO - z_hat (full): [ 1,  1, -1, -1,  1,  1,  1,  1,  1,  1, -1,  1, -1, -1]
