2026-01-20 11:00:42,304 - final_problem_set.kxor_instance_n18_k2_m147_ell2_eps0.15_kappa0.875_rho0.0 - INFO - Starting iteration for /Users/julian/CodingProjects/UniT3/QuarticSpeedupK-XOR/z_Daphne/data/final_problem_set/kxor_instance_n18_k2_m147_ell2_eps0.15_kappa0.875_rho0.0.npz
2026-01-20 11:00:42,305 - final_problem_set.kxor_instance_n18_k2_m147_ell2_eps0.15_kappa0.875_rho0.0 - INFO - Loaded instance (n=18, m=147, k=2)
2026-01-20 11:00:42,305 - final_problem_set.kxor_instance_n18_k2_m147_ell2_eps0.15_kappa0.875_rho0.0 - INFO - Starting step 'ComputeKikuchiStep' (version 0.1) on problem kxor_instance_n18_k2_m147_ell2_eps0.15_kappa0.875_rho0.0 (fields={'ell': 2, 'threshold': 0.0})
2026-01-20 11:00:42,321 - final_problem_set.kxor_instance_n18_k2_m147_ell2_eps0.15_kappa0.875_rho0.0 - INFO - Finished step 'ComputeKikuchiStep' in 0.016s (success: True, problem=kxor_instance_n18_k2_m147_ell2_eps0.15_kappa0.875_rho0.0)
2026-01-20 11:00:42,321 - final_problem_set.kxor_instance_n18_k2_m147_ell2_eps0.15_kappa0.875_rho0.0 - INFO - Starting step 'ClassicalEigenvaluesStep' (version 0.1) on problem kxor_instance_n18_k2_m147_ell2_eps0.15_kappa0.875_rho0.0 (fields={'ell': 2, 'threshold': 0.0, 'kikuchi_matrix': <Dictionary Of Keys sparse matrix of dtype 'int64'
	with 2912 stored elements and shape (153, 153)>, 'num_eigenvalues': 5})
2026-01-20 11:00:42,386 - final_problem_set.kxor_instance_n18_k2_m147_ell2_eps0.15_kappa0.875_rho0.0 - INFO - Finished step 'ClassicalEigenvaluesStep' in 0.065s (success: True, problem=kxor_instance_n18_k2_m147_ell2_eps0.15_kappa0.875_rho0.0)
2026-01-20 11:00:42,386 - final_problem_set.kxor_instance_n18_k2_m147_ell2_eps0.15_kappa0.875_rho0.0 - INFO - Starting step 'KeyExtractionStep' (version 0.1) on problem kxor_instance_n18_k2_m147_ell2_eps0.15_kappa0.875_rho0.0 (fields={'ell': 2, 'threshold': 0.0, 'kikuchi_matrix': <Dictionary Of Keys sparse matrix of dtype 'int64'
	with 2912 stored elements and shape (153, 153)>, 'num_eigenvalues': 5, 'eigenvalues': array([-8.94566698, -8.73302985,  8.7968323 ,  9.77893084, 10.43894991]), 'eigenvectors': array([[-1.58951549e-02, -2.20463294e-02,  4.89708402e-02, -2.06420401e-03, -2.46424003e-02],
       [ 4.69386651e-02, -1.28622896e-02, -1.22625228e-01, -2.36965729e-02, -5.09030622e-02],
       [-2.42562186e-03,  9.28948479e-03, -4.80071957e-02, -7.21209521e-02, -1.27032931e-01],
       [-5.40060676e-02, -2.02566088e-02, -8.29872339e-02, -1.02265301e-01, -1.45186207e-01],
       [-4.59637451e-02, -1.32437929e-02, -1.23351657e-02, -2.99129281e-02, -6.02239846e-02],
       [ 3.78661198e-02,  1.38516643e-02, -2.68495291e-03, -8.48255777e-02, -6.58798339e-02],
       [ 3.61109464e-02,  3.52830458e-02, -1.11613033e-01,  6.36316333e-02,  3.33725879e-02],
       [-6.69773590e-03,  3.21645294e-02, -4.38087634e-02, -8.53225434e-02, -1.34293996e-01],
       [ 3.44982672e-02, -2.50492722e-02, -2.94261851e-02, -8.06417788e-02, -3.31815081e-02],
       [ 3.84683771e-02, -2.13975726e-03,  1.31640834e-01, -1.07778023e-02,  6.42699430e-02],
       [-3.45775865e-02, -1.21986414e-02,  6.62858688e-02, -7.21022958e-02,  6.36426661e-02],
       [ 6.17282735e-02, -1.63386956e-03, -7.97306329e-03,  1.63484613e-02, -1.23576904e-01],
       [-1.94374867e-02, -2.13999838e-02,  3.13483521e-02,  7.98569556e-02,  9.87271617e-02],
       [-2.54874016e-02, -3.09461269e-02, -1.15461464e-01, -7.63756303e-02, -1.56440109e-01],
       [-2.95305451e-02, -3.49895179e-02, -4.04294445e-02,  3.57817149e-02,  5.16288616e-02],
       [ 7.56191392e-03,  3.17015409e-02, -3.39122456e-02, -9.92168355e-02, -4.34526221e-02],
       [-5.28939126e-02, -1.30394237e-02, -1.93432115e-02,  5.57019166e-02,  7.14886394e-03],
       [-5.51497829e-02, -6.07937373e-02, -2.02443744e-02, -3.25460990e-02,  3.86171855e-03],
       [-2.70874945e-02, -4.10801343e-02, -1.10409413e-01, -5.57980292e-02,  8.00998152e-03],
       [ 1.20236652e-01,  1.35288561e-01, -1.22155710e-01, -5.48344714e-02, -4.69194107e-03],
       [ 7.46262008e-02,  1.04824251e-01, -6.02423443e-02, -2.57406720e-02,  1.08761164e-02],
       [-9.05206202e-02, -1.22048064e-01, -7.52367739e-02, -1.27566426e-02,  1.48523021e-02],
       [-8.64587191e-02, -1.23421783e-01,  5.34023754e-02, -3.28860136e-03, -1.05911194e-02],
       [ 1.53658938e-02,  1.26912571e-02, -1.11544377e-01, -4.94520836e-02, -3.51932401e-03],
       [-3.09198493e-02, -2.26575515e-02, -3.76403363e-02,  2.48780848e-03,  9.45136796e-03],
       [-5.22998753e-02, -8.23504500e-02,  1.95679433e-02,  4.60286959e-02, -8.97076803e-03],
       [ 2.62938998e-02,  4.15771891e-02,  2.70460096e-02,  4.38595342e-02, -9.19405425e-04],
       [-6.71316021e-02, -7.63509166e-02, -8.97207029e-02, -6.09154673e-02, -7.35072582e-04],
       [ 6.55038389e-02,  9.44783943e-02,  9.86401071e-02,  3.67380879e-02, -1.82933227e-02],
       [ 1.57869574e-02,  2.37435675e-02, -1.11681463e-01, -8.21603119e-02,  2.67363352e-02],
       [ 3.65246061e-02,  4.35868004e-02,  4.56230364e-02,  1.88509833e-02, -4.61372282e-03],
       [-2.55865549e-03, -5.53982699e-03, -4.38901207e-02,  2.14642827e-03,  2.09809401e-02],
       [ 6.87864783e-02,  9.54252843e-02,  1.59246718e-02, -6.75501799e-03, -5.88236743e-04],
       [ 5.72057852e-02, -8.96520269e-02,  9.98732894e-02, -5.41627784e-02,  3.75683110e-02],
       [-1.33696128e-01,  7.38543656e-02,  1.53150459e-01, -5.07904930e-02,  3.83117260e-02],
       [-1.17463458e-01,  7.68462816e-02,  5.47818419e-02, -3.35669221e-02,  4.77105803e-02],
       [ 9.90691432e-02, -7.42821363e-02,  9.18886801e-02,  1.14566838e-02,  6.53118298e-02],
       [ 1.69911244e-01, -6.60124569e-02,  2.64820200e-02, -1.41390272e-02, -3.57121580e-02],
       [ 1.09120002e-02,  1.05525355e-01,  1.21917857e-01, -6.26466651e-02,  6.61882339e-02],
       [-6.75300724e-04, -2.34829103e-02,  1.25887727e-01,  3.17725903e-02,  3.77060563e-02],
       [ 5.46694411e-02, -3.08086827e-02, -7.23688550e-02,  3.99230741e-02, -1.49098517e-02],
       [-6.44331174e-02, -2.22587910e-02, -2.08336710e-02,  9.22863808e-02,  1.63531341e-03],
       [ 6.37080523e-02, -1.28849880e-02,  3.55585081e-02, -1.12192712e-01,  3.30337998e-02],
       [-1.38402738e-01,  1.10675183e-01, -1.33518074e-01,  3.35425261e-02, -6.55777183e-02],
       [-8.20497091e-02, -4.38799275e-02,  1.39624039e-01, -5.88206507e-02,  3.22370167e-02],
       [-1.07254100e-01, -3.66686890e-02, -1.23342309e-02,  1.88102844e-02, -9.65120370e-03],
       [ 4.11097604e-02,  7.52830605e-02,  1.04540283e-01,  3.85809003e-02,  3.40245616e-02],
       [-1.30923169e-01,  5.24193790e-02, -1.49795436e-03, -2.71206708e-02, -1.48639536e-02],
       [ 1.45857835e-02,  5.92573785e-02, -3.47948221e-02, -6.73703725e-02,  1.76876185e-01],
       [ 7.46778905e-03,  3.89577550e-02, -5.71911483e-02, -5.01322956e-02,  8.26504866e-02],
       [ 1.69212801e-02, -9.22453720e-02, -5.36858944e-02,  4.55671582e-02,  1.49697857e-01],
       [-3.25121083e-02, -2.08170735e-02,  1.65143472e-01, -7.13403126e-02, -6.17128518e-02],
       [-1.82812505e-02,  8.86066462e-02, -8.52590964e-02, -8.25304572e-02,  1.51486681e-01],
       [ 5.38284807e-02, -7.95522948e-02,  5.55835590e-02,  8.90257699e-02,  1.14100170e-01],
       [ 3.36834191e-02, -7.65715863e-02, -9.87800577e-02,  1.07673010e-01, -6.70425705e-02],
       [-4.65665237e-02,  8.05908580e-03,  1.58520760e-02,  2.00353753e-01, -9.04710105e-03],
       [ 4.85827186e-02, -7.66800600e-02, -1.22360755e-01, -1.68266314e-01,  9.05075876e-02],
       [ 3.40311112e-02,  1.55438320e-02,  5.61646985e-02,  2.96014826e-02, -2.12556160e-01],
       [-2.31457579e-02, -4.45902009e-02, -2.56034341e-02, -1.08290225e-01,  1.64961510e-01],
       [-5.05404612e-03, -4.28807855e-02,  1.06247478e-01,  1.97190564e-02, -4.96534454e-02],
       [-6.42442048e-03,  6.85152924e-02,  5.22565170e-02,  1.21961781e-01,  1.37913216e-01],
       [-2.93275610e-02,  4.53396393e-02,  2.53854908e-02, -6.89214673e-02, -3.82494809e-03],
       [ 1.19377693e-01, -4.26532584e-02, -3.50347374e-02, -5.08014219e-02,  1.48675292e-01],
       [-1.61191064e-01,  1.09631256e-01, -2.27382002e-02,  8.43842534e-02,  1.43180464e-01],
       [-1.09101871e-01,  5.14725287e-03,  2.15616760e-01, -9.33734194e-02, -9.81740091e-02],
       [ 1.84056042e-02, -2.39027715e-01, -1.80127442e-02, -4.75392923e-02,  1.76985130e-01],
       [-8.03275935e-02,  9.95664784e-02,  8.50738122e-02,  1.15787911e-01,  7.80464164e-02],
       [-1.35414286e-01,  7.37342051e-02, -1.83393661e-01,  1.05653316e-01, -7.95736227e-02],
       [ 1.63541082e-01,  5.85681671e-02, -3.41644325e-02,  2.37105031e-01, -4.83470399e-02],
       [-1.24480983e-01,  4.34964807e-02, -6.98655207e-02, -1.63596512e-01,  1.16469006e-01],
       [ 9.95765895e-02, -6.54412710e-02, -2.11491592e-02, -1.48391897e-02, -1.67942121e-01],
       [ 1.33044517e-01,  1.48057934e-01,  7.96716026e-02, -7.69853361e-02,  1.81131254e-01],
       [ 1.02668178e-01,  1.30956184e-01,  1.13696501e-01,  9.82013327e-03, -5.05019177e-02],
       [-1.11028092e-02, -1.89973982e-01,  7.92233047e-02,  1.54765024e-01,  9.64853104e-02],
       [ 1.72247912e-01, -3.77480289e-02,  5.29997365e-02, -8.00501258e-02, -3.84705953e-02],
       [-1.21699317e-01,  9.10899694e-02, -3.30924297e-02,  1.57651708e-02,  6.80637338e-02],
       [-1.15211796e-01,  2.16620142e-03,  1.05307629e-01, -3.31591556e-02, -2.72369246e-02],
       [ 1.14057160e-02, -1.89091302e-01, -5.12057439e-02, -4.56475909e-02,  7.66925292e-02],
       [-7.13946336e-02,  9.59444138e-02,  2.18626790e-02,  4.58928390e-02,  5.90902659e-02],
       [-1.08849785e-01,  6.79975228e-02, -5.13382654e-02,  6.05142887e-02, -4.43845711e-02],
       [ 9.33498941e-02,  3.48441011e-02,  1.05059638e-02,  1.03423298e-01, -2.07852271e-02],
       [-1.32694939e-01,  5.16600658e-02, -8.58017862e-02, -1.02275011e-01,  6.65317966e-02],
       [ 6.81346857e-02, -4.47061841e-02,  4.11686960e-02,  1.81960675e-02, -9.85965049e-02],
       [ 9.13113050e-02,  1.12013767e-01, -3.01722872e-02, -7.30312311e-02,  1.27223765e-01],
       [ 9.42805413e-02,  1.01964402e-01,  7.79678484e-02,  1.83794193e-02, -5.17171811e-02],
       [-3.33883461e-02, -1.39373649e-01,  1.61634070e-02,  6.69276131e-02,  8.95954564e-02],
       [ 1.15187725e-01, -3.10857431e-02,  9.58889349e-03, -3.60840155e-02,  4.27276329e-03],
       [ 1.55656321e-01, -6.25518343e-02,  1.28878228e-01, -5.84220166e-02, -3.60811675e-02],
       [ 1.92751257e-02,  1.93533771e-01, -4.46678265e-02,  6.83129916e-02,  1.24675206e-01],
       [ 5.69852356e-02, -9.56699609e-02,  3.04180693e-03,  1.07068528e-01,  4.81121721e-02],
       [ 8.97756879e-02, -7.50387364e-02, -9.84782846e-02,  2.84840226e-02, -6.22890466e-02],
       [-1.07859813e-01, -4.45894701e-02, -1.46716638e-02,  1.02036227e-01, -6.63419081e-02],
       [ 1.43691482e-01, -6.99069381e-02, -6.14536196e-02, -3.12764393e-02,  1.15874935e-01],
       [-1.26498604e-01,  1.22170413e-01,  4.16846369e-02, -8.83471603e-02, -1.23820086e-01],
       [-1.30084950e-01, -1.11569073e-01,  8.72651654e-03,  5.22599119e-02,  1.74796278e-01],
       [-1.42329168e-01, -9.02591615e-02,  8.67378381e-02, -2.53451791e-02, -6.07410622e-02],
       [ 5.80015475e-02,  1.45893800e-01,  8.18972833e-03,  1.10745196e-01,  6.24960617e-02],
       [-1.74569602e-01,  7.97818362e-02,  2.69881357e-02, -5.42526880e-02, -7.46259153e-03],
       [-1.66387375e-02,  1.86153005e-01,  2.06883973e-01, -8.30868728e-02, -7.06624009e-02],
       [ 1.18572498e-01, -9.30279344e-02,  1.07790797e-01, -7.69823364e-02, -3.27192711e-02],
       [ 1.22274609e-01, -4.74457591e-02, -2.83031043e-02,  3.76917703e-03,  3.77828051e-02],
       [-1.62349852e-01, -6.95518771e-02, -4.86315935e-02, -3.00140400e-02,  2.62998833e-02],
       [ 1.16528931e-01, -4.04286742e-02,  1.17658948e-01, -3.49763740e-02, -5.15696708e-02],
       [-5.53355521e-02,  4.87776306e-03, -1.83563493e-01,  7.53606976e-02,  5.59459157e-02],
       [-9.12562595e-02, -1.39614839e-01,  1.91786191e-01, -7.26672128e-02, -8.81831742e-02],
       [-6.88935598e-02, -1.18421898e-01, -7.75512898e-02,  2.71575484e-02,  2.66703239e-02],
       [-1.17863087e-02,  1.56918321e-01,  9.34066412e-02, -5.78178618e-02, -3.65756409e-02],
       [-1.17740990e-01,  1.61239625e-04, -1.95936774e-02,  2.14177790e-02,  2.76327493e-03],
       [ 5.78440616e-03,  5.40906233e-02,  6.30561853e-02,  1.04986136e-01,  8.45327312e-02],
       [ 1.56520895e-02,  1.26692155e-01, -1.35364728e-01,  1.08014889e-01, -7.22491670e-02],
       [ 4.59520813e-03, -5.23051835e-02,  3.98543470e-03,  2.26224843e-01, -3.26543962e-02],
       [ 3.00940356e-03,  1.11831017e-01, -1.07971526e-01, -1.61357817e-01,  9.36219191e-02],
       [ 1.57234996e-02, -1.66343389e-01,  3.09771065e-02, -1.58658308e-03, -1.60830982e-01],
       [ 2.91569453e-02, -1.14654960e-02, -1.22004229e-03, -9.88891866e-02,  1.84385648e-01],
       [ 3.08491614e-02, -4.46245618e-02,  1.49147187e-01,  2.84096009e-02, -8.67652518e-02],
       [-1.84473057e-02, -3.03535593e-02,  4.64892701e-02,  1.44427455e-01,  1.46814345e-01],
       [ 7.86917522e-04, -1.44367310e-01,  3.22659126e-02, -7.50195777e-02, -4.32512352e-03],
       [ 2.47173528e-02, -4.64429095e-02, -1.34468782e-01, -1.35099000e-03, -5.14577244e-02],
       [-2.35910093e-02,  1.08978681e-02, -8.14101970e-02,  5.70342245e-02, -5.66044847e-02],
       [ 2.87653071e-02, -2.33266663e-02,  2.96133800e-02,  9.23083976e-03,  9.40483441e-02],
       [-9.90816724e-02,  1.19774103e-01, -4.11529248e-02, -9.44747459e-02, -5.73310723e-02],
       [-5.42409842e-02, -5.71415145e-03,  1.28905895e-01,  9.61181850e-02,  1.15911085e-01],
       [-6.85424771e-02,  4.42011576e-03,  3.30673653e-02, -4.14807503e-02, -3.89608149e-02],
       [ 2.71167304e-02,  3.69016943e-02,  2.24038216e-02,  9.60629561e-02,  2.10813666e-02],
       [-7.71685994e-02,  6.99986477e-02,  2.17938360e-02, -5.31694966e-02, -1.05867320e-02],
       [-6.95126053e-02, -3.14543684e-02,  1.01367657e-02, -8.63715437e-02,  1.39500256e-03],
       [ 7.26568646e-02, -2.19069440e-02, -4.58749104e-02,  9.68841555e-02, -3.19664331e-02],
       [-1.12239938e-01,  9.18563282e-02,  1.54537912e-01, -6.49172125e-02,  7.82487155e-02],
       [-9.42977881e-02, -7.07481760e-02, -1.51982663e-01,  9.96608004e-02, -5.51741951e-02],
       [-1.12097633e-01, -6.18184685e-02,  7.49633863e-03, -4.38346143e-02,  2.94418974e-02],
       [ 3.48168676e-02,  9.60202028e-02, -1.30682110e-01, -1.69598381e-02, -5.76265637e-02],
       [-1.21287389e-01,  4.48172833e-02, -1.97589619e-03,  1.13503140e-02,  1.45491743e-02],
       [-1.07911833e-01, -4.59365899e-02,  4.32172729e-02,  1.59943998e-01,  1.05184703e-02],
       [ 1.10199503e-01,  1.55967295e-02,  3.76759754e-02, -1.69931853e-01,  6.24757950e-02],
       [ 5.68124218e-02,  4.53661108e-02, -3.61796899e-04,  2.27940941e-01, -1.48068216e-02],
       [ 8.76293270e-02,  6.46025341e-02, -2.57861886e-02, -7.94198681e-02,  1.10465190e-02],
       [-3.28492583e-02, -4.98041677e-02, -7.40628497e-02,  4.54372477e-02, -6.63581673e-02],
       [ 1.02913830e-01,  4.04188789e-02, -1.08814823e-02, -1.37402928e-02,  5.56616680e-03],
       [-1.37453640e-01,  8.40306577e-02,  4.86756620e-02,  9.47089956e-02, -1.17263115e-01],
       [-7.98331185e-02, -6.65546837e-02, -7.83878311e-02, -1.85316903e-01,  9.92433183e-02],
       [-8.70959717e-02, -5.97669053e-02,  1.04966459e-01,  6.28493625e-02, -4.17558119e-02],
       [ 8.19693079e-03,  9.55419205e-02,  2.77892095e-02,  2.90741663e-02,  1.16772718e-01],
       [-1.08229954e-01,  2.20730543e-02,  4.63523230e-02, -1.10769364e-02, -2.35400482e-02],
       [ 6.88960234e-02,  1.04813147e-01, -5.13217546e-02,  2.33195695e-02, -1.78466394e-01],
       [ 6.68692235e-02,  8.93715741e-02, -1.05446304e-01, -6.00134158e-05,  6.94227284e-02],
       [-7.47087179e-03, -1.36284255e-01, -4.06884301e-02, -1.21248885e-01, -7.83143851e-02],
       [ 9.63862081e-02, -4.10549342e-02, -5.01335217e-02,  6.97070648e-02,  4.01980062e-02],
       [ 3.44812547e-02,  6.38085770e-02,  1.04970540e-01,  2.60326906e-02, -5.36863223e-02],
       [ 7.08026615e-03, -2.72147442e-02,  1.15317215e-01,  1.38689608e-01,  1.19619125e-01],
       [ 8.55838558e-02,  1.01940281e-01,  4.31297231e-02, -6.76093233e-02, -3.85126241e-02],
       [ 1.54255777e-02, -5.90312697e-02,  2.65393392e-02, -5.33280654e-02, -3.38639710e-02],
       [ 8.08795039e-02,  8.48047595e-02, -3.38197129e-02,  2.67271077e-02,  1.51228357e-02],
       [-1.38786164e-02, -1.27437554e-01,  2.59063565e-02, -5.66022687e-02, -2.36074974e-02]])})
2026-01-20 11:00:42,388 - final_problem_set.kxor_instance_n18_k2_m147_ell2_eps0.15_kappa0.875_rho0.0 - INFO - Running key extraction (n=18, m=147, ell=2, phase_qubits=12)
2026-01-20 11:00:42,389 - final_problem_set.kxor_instance_n18_k2_m147_ell2_eps0.15_kappa0.875_rho0.0 - INFO - Built voting matrix V (n=18, ell=2, dtype=complex128) in 0.002s
2026-01-20 11:00:42,390 - final_problem_set.kxor_instance_n18_k2_m147_ell2_eps0.15_kappa0.875_rho0.0 - INFO - Eval: adv=0.2789 (no ground-truth z available)
2026-01-20 11:00:42,390 - final_problem_set.kxor_instance_n18_k2_m147_ell2_eps0.15_kappa0.875_rho0.0 - INFO - Key extraction complete: x_hat=14
2026-01-20 11:00:42,390 - final_problem_set.kxor_instance_n18_k2_m147_ell2_eps0.15_kappa0.875_rho0.0 - INFO - Finished step 'KeyExtractionStep' in 0.002s (success: True, problem=kxor_instance_n18_k2_m147_ell2_eps0.15_kappa0.875_rho0.0)
2026-01-20 11:00:42,390 - final_problem_set.kxor_instance_n18_k2_m147_ell2_eps0.15_kappa0.875_rho0.0 - INFO - SUCCESS: len(z_hat)=18
2026-01-20 11:00:42,390 - final_problem_set.kxor_instance_n18_k2_m147_ell2_eps0.15_kappa0.875_rho0.0 - INFO - Metrics: adv=0.2789115646258503, ham_frac=None, corr=None
2026-01-20 11:00:42,390 - final_problem_set.kxor_instance_n18_k2_m147_ell2_eps0.15_kappa0.875_rho0.0 - INFO - z_hat (full): [ 1, -1, -1, -1, -1, -1, -1,  1, -1, -1,  1,  1, -1,  1, -1,  1, -1,  1]
