2026-01-20 11:00:45,317 - final_problem_set.kxor_instance_n18_k2_m203_ell2_eps0.25_kappa0.75_rho0.2 - INFO - Starting iteration for /Users/julian/CodingProjects/UniT3/QuarticSpeedupK-XOR/z_Daphne/data/final_problem_set/kxor_instance_n18_k2_m203_ell2_eps0.25_kappa0.75_rho0.2.npz
2026-01-20 11:00:45,318 - final_problem_set.kxor_instance_n18_k2_m203_ell2_eps0.25_kappa0.75_rho0.2 - INFO - Loaded instance (n=18, m=203, k=2)
2026-01-20 11:00:45,318 - final_problem_set.kxor_instance_n18_k2_m203_ell2_eps0.25_kappa0.75_rho0.2 - INFO - Starting step 'ComputeKikuchiStep' (version 0.1) on problem kxor_instance_n18_k2_m203_ell2_eps0.25_kappa0.75_rho0.2 (fields={'ell': 2, 'threshold': 0.0})
2026-01-20 11:00:45,340 - final_problem_set.kxor_instance_n18_k2_m203_ell2_eps0.25_kappa0.75_rho0.2 - INFO - Finished step 'ComputeKikuchiStep' in 0.022s (success: True, problem=kxor_instance_n18_k2_m203_ell2_eps0.25_kappa0.75_rho0.2)
2026-01-20 11:00:45,341 - final_problem_set.kxor_instance_n18_k2_m203_ell2_eps0.25_kappa0.75_rho0.2 - INFO - Starting step 'ClassicalEigenvaluesStep' (version 0.1) on problem kxor_instance_n18_k2_m203_ell2_eps0.25_kappa0.75_rho0.2 (fields={'ell': 2, 'threshold': 0.0, 'kikuchi_matrix': <Dictionary Of Keys sparse matrix of dtype 'int64'
	with 3424 stored elements and shape (153, 153)>, 'num_eigenvalues': 5})
2026-01-20 11:00:45,406 - final_problem_set.kxor_instance_n18_k2_m203_ell2_eps0.25_kappa0.75_rho0.2 - INFO - Finished step 'ClassicalEigenvaluesStep' in 0.066s (success: True, problem=kxor_instance_n18_k2_m203_ell2_eps0.25_kappa0.75_rho0.2)
2026-01-20 11:00:45,406 - final_problem_set.kxor_instance_n18_k2_m203_ell2_eps0.25_kappa0.75_rho0.2 - INFO - Starting step 'KeyExtractionStep' (version 0.1) on problem kxor_instance_n18_k2_m203_ell2_eps0.25_kappa0.75_rho0.2 (fields={'ell': 2, 'threshold': 0.0, 'kikuchi_matrix': <Dictionary Of Keys sparse matrix of dtype 'int64'
	with 3424 stored elements and shape (153, 153)>, 'num_eigenvalues': 5, 'eigenvalues': array([-10.06991698,  -9.95074308,   9.84363605,  10.53523164,  11.21059205]), 'eigenvectors': array([[-1.99583412e-01,  5.82554275e-02, -6.60454292e-02,  5.59821785e-02,  1.46811794e-01],
       [-1.47685034e-01,  7.23663622e-03, -4.88613064e-02,  1.39651000e-02, -1.72052816e-01],
       [-1.17297934e-01,  1.01766124e-01, -7.45475060e-02, -2.34766968e-02,  1.12604976e-01],
       [-1.69250059e-02,  6.71975374e-02,  1.04940997e-02,  1.66156373e-01,  5.51509672e-02],
       [ 1.39606512e-01,  3.51846224e-02, -1.65954016e-01,  1.84838942e-02, -4.66998314e-02],
       [-2.09286476e-01, -1.60361838e-01, -1.27885828e-02,  1.40109546e-01, -8.92560055e-02],
       [-1.28396855e-01, -8.07145395e-02,  1.89772504e-02, -1.00690075e-01, -1.15504051e-01],
       [ 1.46082745e-01,  1.42117768e-01, -2.76911783e-02, -9.00171101e-03,  2.00535222e-01],
       [ 3.34738842e-02,  1.76038732e-01,  1.10583897e-01, -8.80536084e-02, -1.09353647e-01],
       [ 2.04995450e-02,  1.81618043e-02,  1.06858909e-02,  7.63058910e-02, -1.02949621e-01],
       [-8.04554594e-02, -1.04160906e-01,  1.49873387e-01, -1.01819485e-01,  5.50900190e-02],
       [ 2.16360753e-02,  1.19814535e-01, -3.17834559e-02, -1.77381414e-01, -1.61714800e-01],
       [-2.42386501e-02,  1.15160621e-01, -1.20771709e-01, -9.59395743e-03, -1.09386349e-01],
       [-1.75335483e-02,  5.69132056e-02,  1.20538181e-01,  1.51031389e-01, -7.80761121e-02],
       [ 1.21010268e-01,  1.66396392e-01,  1.05686561e-01,  1.55182693e-01, -6.12402420e-02],
       [ 8.19533148e-02, -3.71102303e-02,  2.32148559e-02,  1.50531774e-02, -1.55954189e-01],
       [-9.35607554e-02,  8.85445865e-02,  1.20290224e-01, -8.98589115e-02,  7.37319377e-02],
       [ 6.49580633e-02, -8.59433371e-02, -9.83256856e-03,  6.11142376e-02,  1.41263655e-01],
       [-5.00137748e-02, -5.70124621e-02,  1.34286686e-01, -2.86474674e-02, -1.15975540e-01],
       [-5.93066657e-02,  7.01601656e-04, -1.17138782e-02, -1.43334666e-01, -3.54637896e-02],
       [ 6.35296203e-03,  1.01178303e-01,  1.34908452e-01,  5.44290771e-03,  4.72633728e-02],
       [ 1.12498080e-01, -1.93442146e-01, -1.62542277e-02, -7.81458395e-02,  9.60123575e-02],
       [ 1.07823084e-01, -1.05840066e-01, -2.60175954e-02,  9.50421181e-02,  6.40966431e-02],
       [-8.58747558e-02,  1.46574068e-01,  8.98436650e-02, -7.99723158e-02, -1.58500699e-01],
       [-9.13537919e-02,  9.01380221e-02, -1.07305053e-01,  7.60377536e-02,  6.70966990e-02],
       [-9.40168408e-03,  1.42310298e-02, -3.54544363e-02, -2.56635353e-04,  9.20720842e-02],
       [ 1.60479950e-01, -7.01753609e-02, -1.13144177e-01,  4.57233290e-02, -5.88348299e-02],
       [-1.68386809e-01,  2.48839438e-02,  5.51744521e-03,  1.46992752e-01,  8.59795616e-02],
       [ 4.39415347e-02,  4.17750136e-02,  9.06349715e-02,  5.56060860e-02,  9.35395000e-02],
       [ 4.10590327e-02, -1.63869889e-02, -1.65201074e-01, -8.07327859e-02,  9.82777466e-02],
       [-1.52287811e-01,  1.54898344e-01, -1.26410559e-01, -8.61610450e-02,  5.23544404e-02],
       [ 4.60267444e-02,  6.62102444e-02, -7.95390713e-02,  5.93753723e-02,  1.41300945e-01],
       [-2.33559324e-02, -3.82756128e-02, -8.54900575e-02,  3.39970840e-02, -9.79839000e-02],
       [-2.23612321e-03, -7.06265430e-02, -5.11655749e-02, -1.91725033e-02,  9.30797940e-02],
       [-3.58750105e-02, -2.41269329e-02,  3.79071805e-02,  1.57861794e-01,  5.12630206e-02],
       [-3.69161030e-02,  5.18648539e-02, -1.43088426e-01,  1.86055246e-02, -2.02227307e-02],
       [ 1.49957250e-01, -8.22083084e-02, -4.94605450e-02,  1.37663911e-01, -1.35188799e-01],
       [ 1.51986117e-01, -6.63810082e-02,  5.01503157e-03, -9.28270673e-02, -5.78052870e-02],
       [-1.35850470e-01,  6.32444080e-02,  3.21182045e-02,  1.30081603e-02,  1.64759803e-01],
       [-9.79378082e-02,  4.96737530e-05,  7.90289919e-02, -7.91135387e-02, -1.13999522e-01],
       [-1.70193352e-02,  5.00810224e-03, -4.22070355e-02,  5.87898207e-02, -1.28795371e-01],
       [ 1.43164985e-01, -2.35007830e-02,  1.34405098e-01, -7.81303768e-02,  2.21170441e-02],
       [-1.24448081e-01, -1.00635336e-02, -4.91205799e-02, -1.46909923e-01, -9.16328576e-02],
       [ 3.79723526e-02, -2.10317146e-02, -1.74915316e-01, -2.29350862e-02, -1.24087107e-01],
       [ 3.87062537e-02, -2.72903267e-02,  9.59288902e-02,  1.38965342e-01, -1.02780187e-01],
       [-1.45427171e-01,  5.45592745e-02,  9.15283997e-02,  1.25047440e-01, -3.30714938e-02],
       [ 4.24539684e-03,  4.58919335e-02, -2.01796869e-02,  1.06663369e-03, -1.27894725e-01],
       [ 5.16639125e-03, -5.67936383e-02,  1.23575646e-01, -7.58875617e-02,  7.52454579e-02],
       [-4.17608620e-02,  2.92943862e-02,  3.09646433e-02, -7.62312089e-02, -3.97572052e-02],
       [ 5.34724755e-02,  9.56290170e-02,  8.86980937e-02, -2.52609596e-02,  1.98005147e-02],
       [ 5.61399977e-03, -2.05541815e-01,  2.79670169e-03, -7.04976668e-02,  6.93308603e-02],
       [ 4.83005065e-02, -1.13632443e-01, -7.20520699e-02,  4.23263952e-02,  5.62818893e-02],
       [-1.27496303e-02,  1.64796466e-01,  9.95791930e-02,  1.71870179e-02, -1.09880891e-01],
       [-5.02380778e-02,  1.17103641e-01, -9.27701727e-02,  3.75678017e-02,  5.17686743e-02],
       [-4.30124263e-03,  7.57532795e-03, -6.01715030e-02, -5.33968859e-02,  9.83033859e-02],
       [ 8.84979532e-02, -1.02376621e-01, -8.50679495e-02,  5.55529716e-02, -2.77141755e-02],
       [-1.03558135e-01,  6.82309072e-02, -4.96759555e-02,  6.19510955e-02,  6.88621340e-02],
       [ 2.82659899e-02,  5.37234270e-02,  3.22855222e-02, -9.24287615e-03,  9.34697654e-02],
       [ 3.80493091e-02,  6.80732366e-03, -7.56938292e-02, -6.39205536e-02,  4.80965961e-02],
       [-7.11130424e-02,  1.71699184e-01, -6.36778495e-02, -6.22971088e-02,  2.14813941e-02],
       [ 5.52013334e-02,  3.09214968e-02, -8.85125137e-02, -1.82109634e-02,  1.01642441e-01],
       [-3.47825116e-02,  3.56456129e-03, -5.78127214e-02,  6.28088420e-02, -6.21541835e-02],
       [ 3.71098885e-02,  2.57654448e-02,  7.07388611e-02,  3.33769173e-02,  1.29212434e-02],
       [-2.99442612e-02, -9.76469813e-02, -8.39718894e-04,  3.37609121e-02,  5.31555494e-02],
       [-3.45066393e-02, -5.37892505e-02,  2.43722248e-02,  8.07435473e-02,  1.29991871e-02],
       [ 2.90115620e-02,  7.92215538e-02, -1.08088925e-02, -1.91046178e-01, -6.36502848e-02],
       [ 2.19556040e-04,  6.70632122e-02, -1.10614339e-02,  6.47765389e-02,  2.10887739e-02],
       [-3.74076574e-03,  3.65999599e-03,  5.18159266e-03,  1.00698368e-01,  4.86107630e-02],
       [-7.42121314e-04, -6.27011236e-02, -4.62327891e-02, -1.50842765e-02, -2.40250326e-02],
       [-1.61392446e-02,  5.81901089e-02,  4.35949198e-02,  1.08990166e-01,  1.28369792e-02],
       [-2.47715822e-03,  3.67120749e-02,  5.38026498e-02,  1.11319468e-01,  3.09597914e-02],
       [-1.48349066e-02,  1.39962045e-02, -6.99775708e-02,  3.59411931e-02,  5.41991265e-02],
       [ 3.21168935e-02,  1.05259165e-01, -5.72642848e-02,  7.36599600e-03,  3.32116234e-02],
       [ 3.66284305e-02, -8.57428590e-03,  5.06710821e-03,  1.41361273e-01,  5.15444049e-02],
       [-3.40185789e-02,  2.51505998e-02, -4.26879934e-02, -4.98546823e-02, -3.90580381e-02],
       [-4.69742295e-02,  9.76315999e-02, -5.54106469e-02,  2.18364974e-02, -2.64948800e-02],
       [-7.94521716e-02,  6.15952604e-02, -8.52229318e-02, -1.10008390e-02, -1.95461196e-02],
       [ 2.86827449e-02, -7.01277930e-02,  1.90879896e-01, -2.82424371e-02,  3.25258000e-02],
       [ 5.18753201e-02, -2.56433718e-02, -7.73801384e-02, -3.95092986e-03, -2.83487797e-02],
       [ 5.86126572e-03,  3.74479939e-03, -1.05209698e-01,  2.02525223e-02, -3.35319088e-02],
       [-1.35048395e-01, -3.53209784e-03,  2.04639477e-02, -7.79741561e-03,  9.99036181e-04],
       [ 1.25320464e-01,  5.80067435e-02, -1.08104901e-01, -8.37382710e-03, -1.94930580e-02],
       [-5.41928356e-02, -1.50738731e-02, -1.08109503e-01, -3.27281993e-03, -2.24225999e-02],
       [-2.88630330e-02,  3.80423976e-02, -5.76019860e-02,  5.22365043e-02, -2.68672780e-02],
       [ 7.47275166e-02, -6.27556198e-02, -2.62841790e-02,  4.08511510e-02, -7.86340188e-03],
       [-4.18665021e-02, -7.39168874e-02, -1.43035238e-01,  2.17108796e-02, -4.48765824e-02],
       [ 3.28196841e-02,  8.06193180e-02,  4.98664575e-02, -1.07095333e-02,  9.81384704e-03],
       [ 1.75919959e-01, -2.66298775e-02, -1.77973401e-03,  1.60352616e-02, -8.81715344e-02],
       [-1.29810093e-01,  4.64483404e-03,  1.33170455e-02, -1.60966399e-01,  1.53976176e-01],
       [-7.73818960e-02, -8.25840502e-02,  2.72222617e-02,  4.45608654e-03, -6.25166156e-02],
       [-1.32172707e-03, -9.95297877e-03, -2.88805620e-03,  1.09836688e-01, -5.42356143e-02],
       [ 2.08762659e-01,  8.33595324e-02,  5.53276375e-02, -5.46729362e-02,  2.14120587e-02],
       [-1.86349691e-01, -1.73548275e-01, -1.35762698e-02, -1.00503561e-03, -1.10739677e-01],
       [ 1.00180183e-01, -5.18884001e-02, -2.83727874e-02,  7.54910419e-02, -6.37089969e-02],
       [ 8.11297362e-02, -6.68823997e-02,  8.70764993e-03,  1.09655708e-01, -3.39084572e-02],
       [-1.96227144e-01, -3.84475260e-02,  1.06463638e-02,  8.47855556e-02, -2.46181752e-02],
       [-7.63208936e-04,  1.48417756e-01, -1.21144198e-02,  1.21754679e-01, -1.10078925e-01],
       [ 2.36217656e-02, -1.64648988e-01,  4.48808466e-02, -7.78801009e-02,  3.50853687e-02],
       [-1.27616780e-01,  5.72006484e-03, -3.88764882e-02,  1.23218628e-01,  9.69650257e-02],
       [-4.35131491e-02, -4.32615594e-02,  5.68266789e-02, -5.12643596e-02, -4.02957868e-02],
       [-1.77743913e-02, -1.32719341e-03,  5.44538332e-03, -4.90814534e-02, -7.94884938e-02],
       [ 1.17358687e-01,  3.29981997e-02,  7.23553790e-02, -1.40477684e-02,  2.41659768e-02],
       [-9.33745018e-02, -8.14164654e-02, -1.74143130e-02, -9.98810090e-02, -2.70790511e-02],
       [ 2.52092535e-02, -2.67161949e-02, -9.77482558e-02, -9.04972575e-02, -7.96569626e-02],
       [ 1.47870907e-02, -3.00524573e-02,  1.09477217e-01,  1.52871557e-02, -7.22475011e-02],
       [-1.28106875e-01, -8.52816447e-03,  8.48733232e-02,  3.02445561e-02, -2.79612701e-02],
       [-1.71639243e-02,  7.33440399e-02,  3.18761504e-02, -8.17704659e-02, -6.48373544e-02],
       [ 4.32693884e-02, -9.10757947e-02,  6.04915483e-02,  9.09733946e-03,  6.08752057e-02],
       [ 4.56848530e-02,  7.45433482e-02, -1.30567627e-01,  9.24629559e-02,  9.84047289e-02],
       [ 4.66313595e-03,  6.34054668e-03, -1.37110351e-02, -6.14679015e-02,  1.31468702e-01],
       [-1.65382596e-01, -8.55728294e-02, -1.72918189e-01,  9.86999070e-02, -5.43034755e-02],
       [ 1.25100805e-01,  1.44471018e-01,  1.70197494e-02,  1.80471040e-01,  1.17106990e-01],
       [-7.66441735e-02,  3.57280884e-02,  1.47925580e-01,  2.33427007e-02,  1.35827595e-01],
       [-5.55669205e-02,  4.70816930e-02, -1.48347089e-01, -1.54346551e-01,  1.01071641e-01],
       [ 1.24252162e-01,  4.54617437e-02, -1.24366544e-01, -1.45013688e-01,  4.15607075e-02],
       [-6.20689861e-03, -1.14317901e-01, -4.59227299e-02,  8.03489367e-03,  1.62995194e-01],
       [-2.83872353e-02,  1.32664780e-01, -1.42943919e-01,  9.71359089e-02, -1.11370379e-01],
       [ 5.85286228e-03,  1.86924399e-02,  7.81903994e-02, -3.74061268e-02, -7.76865079e-02],
       [-4.93625798e-02, -1.11974532e-01,  5.63518916e-02, -1.10334172e-02,  4.31446690e-02],
       [ 2.54242147e-02,  1.83963775e-01,  3.76864650e-02, -7.69939335e-02, -4.85720207e-02],
       [-3.02198129e-02,  2.71700244e-02, -1.71859843e-02, -6.80866988e-02, -8.32145185e-02],
       [-1.69031633e-02,  4.76245342e-02,  1.14886219e-01, -2.95718246e-03, -5.28168254e-02],
       [ 4.32398970e-02,  1.06197956e-01,  1.06268338e-01,  2.20729301e-02, -3.39387654e-02],
       [ 3.08432379e-02, -8.63559925e-02,  1.16232872e-01, -7.19969998e-02, -9.41958013e-02],
       [-4.64058170e-02,  9.86882853e-02,  3.04817469e-02,  7.63921760e-03,  6.69014160e-02],
       [-1.36467080e-02,  2.21153021e-03,  9.74723122e-02, -7.40995167e-02,  2.76924668e-02],
       [ 1.36927650e-02, -9.60516668e-03, -2.27134857e-02, -9.34199393e-02, -1.14986406e-01],
       [-1.05884852e-02,  1.33968142e-02, -7.23814160e-02,  2.19498346e-02, -6.97217632e-02],
       [-1.47492684e-02, -5.53232011e-03,  8.01291558e-02,  1.37281005e-01, -5.61139409e-02],
       [ 3.54888410e-02,  2.05108858e-02,  5.70487347e-02,  1.02735128e-01, -2.65381213e-02],
       [-1.40738987e-03, -2.04491546e-03,  8.88785008e-03,  5.03577021e-02, -1.00970774e-01],
       [-4.70013277e-03,  6.76039768e-03,  7.99586049e-02, -8.70011295e-02,  5.41867778e-02],
       [-5.17130512e-02, -8.79318854e-02,  9.79348165e-02,  3.13070958e-03,  3.78003070e-02],
       [ 1.09182375e-02, -8.44064092e-02,  8.32775190e-02, -4.42393972e-02,  2.53822438e-02],
       [ 2.42107696e-02, -3.60236033e-02,  6.79971028e-02, -8.20361599e-02,  1.98343242e-02],
       [-1.65214242e-01, -1.13916381e-01,  3.99003900e-02, -5.73983440e-02,  1.36368161e-03],
       [-6.87004160e-02,  4.48605226e-02,  1.38114615e-01, -7.71546517e-02,  2.63410385e-02],
       [ 7.77836416e-02, -8.05562722e-02, -4.78572894e-02,  4.31307310e-02, -4.39409080e-03],
       [-1.04564709e-02,  1.10315561e-01, -1.14243580e-01, -1.15236012e-01, -8.39609682e-02],
       [-1.15984558e-02,  1.69657162e-02,  9.94052923e-02, -6.93485511e-03, -1.02736068e-01],
       [ 1.02581157e-01,  1.71199703e-01,  8.79354264e-02,  2.02526092e-02, -4.88980886e-02],
       [ 7.21567956e-02, -5.81323147e-03, -6.19165309e-03, -1.34181966e-01, -1.02172131e-01],
       [-8.24354257e-02,  6.64138382e-02,  8.79094676e-02,  3.07045293e-02,  8.19054301e-02],
       [-6.15239154e-03,  1.66149662e-02,  1.60933141e-02,  1.04020338e-01, -8.34891961e-02],
       [-6.99074813e-02,  5.44661959e-02,  1.62476400e-02,  9.30255446e-02, -4.99731070e-02],
       [-2.17126776e-02, -5.00077820e-02, -1.18391647e-01, -1.60412886e-02, -1.20242058e-01],
       [ 2.25510670e-02,  4.29171616e-02,  9.08964909e-02, -3.93897228e-02,  4.94899630e-02],
       [-2.51575394e-02,  6.48796019e-02,  4.40414633e-02,  8.10803622e-02, -7.88531621e-03],
       [-1.64364522e-02,  2.23671257e-03,  1.15043036e-01,  1.17713146e-01, -7.71945243e-02],
       [ 2.45916008e-02,  6.39504094e-03,  3.18091914e-02, -9.66710421e-02,  3.63835130e-02],
       [ 2.36985575e-02, -1.20202050e-01,  9.88507019e-02,  1.16012533e-01, -3.72223241e-02],
       [-5.83221878e-02,  1.47450007e-01,  1.09169667e-02, -8.78424391e-02,  2.02112285e-02],
       [ 3.62697517e-02,  2.01257449e-02,  1.12417680e-01, -7.77154408e-02,  8.09874802e-02]])})
2026-01-20 11:00:45,407 - final_problem_set.kxor_instance_n18_k2_m203_ell2_eps0.25_kappa0.75_rho0.2 - INFO - Running key extraction (n=18, m=203, ell=2, phase_qubits=12)
2026-01-20 11:00:45,409 - final_problem_set.kxor_instance_n18_k2_m203_ell2_eps0.25_kappa0.75_rho0.2 - INFO - Built voting matrix V (n=18, ell=2, dtype=complex128) in 0.002s
2026-01-20 11:00:45,410 - final_problem_set.kxor_instance_n18_k2_m203_ell2_eps0.25_kappa0.75_rho0.2 - INFO - Eval: adv=0.2512, hamming=8/18 (0.444), corr=0.111
2026-01-20 11:00:45,410 - final_problem_set.kxor_instance_n18_k2_m203_ell2_eps0.25_kappa0.75_rho0.2 - INFO - Key extraction complete: x_hat=8
2026-01-20 11:00:45,410 - final_problem_set.kxor_instance_n18_k2_m203_ell2_eps0.25_kappa0.75_rho0.2 - INFO - Finished step 'KeyExtractionStep' in 0.002s (success: True, problem=kxor_instance_n18_k2_m203_ell2_eps0.25_kappa0.75_rho0.2)
2026-01-20 11:00:45,410 - final_problem_set.kxor_instance_n18_k2_m203_ell2_eps0.25_kappa0.75_rho0.2 - INFO - SUCCESS: len(z_hat)=18
2026-01-20 11:00:45,410 - final_problem_set.kxor_instance_n18_k2_m203_ell2_eps0.25_kappa0.75_rho0.2 - INFO - Metrics: adv=0.2512315270935961, ham_frac=0.4444444444444444, corr=0.1111111111111111
2026-01-20 11:00:45,410 - final_problem_set.kxor_instance_n18_k2_m203_ell2_eps0.25_kappa0.75_rho0.2 - INFO - z_hat (full): [-1,  1, -1,  1,  1, -1, -1, -1,  1, -1, -1,  1, -1, -1, -1, -1, -1,  1]
