2026-01-20 11:00:47,905 - final_problem_set.kxor_instance_n19_k2_m140_ell2_eps0.25_kappa1.0_rho0.2 - INFO - Starting iteration for /Users/julian/CodingProjects/UniT3/QuarticSpeedupK-XOR/z_Daphne/data/final_problem_set/kxor_instance_n19_k2_m140_ell2_eps0.25_kappa1.0_rho0.2.npz
2026-01-20 11:00:47,906 - final_problem_set.kxor_instance_n19_k2_m140_ell2_eps0.25_kappa1.0_rho0.2 - INFO - Loaded instance (n=19, m=140, k=2)
2026-01-20 11:00:47,906 - final_problem_set.kxor_instance_n19_k2_m140_ell2_eps0.25_kappa1.0_rho0.2 - INFO - Starting step 'ComputeKikuchiStep' (version 0.1) on problem kxor_instance_n19_k2_m140_ell2_eps0.25_kappa1.0_rho0.2 (fields={'ell': 2, 'threshold': 0.0})
2026-01-20 11:00:47,922 - final_problem_set.kxor_instance_n19_k2_m140_ell2_eps0.25_kappa1.0_rho0.2 - INFO - Finished step 'ComputeKikuchiStep' in 0.016s (success: True, problem=kxor_instance_n19_k2_m140_ell2_eps0.25_kappa1.0_rho0.2)
2026-01-20 11:00:47,922 - final_problem_set.kxor_instance_n19_k2_m140_ell2_eps0.25_kappa1.0_rho0.2 - INFO - Starting step 'ClassicalEigenvaluesStep' (version 0.1) on problem kxor_instance_n19_k2_m140_ell2_eps0.25_kappa1.0_rho0.2 (fields={'ell': 2, 'threshold': 0.0, 'kikuchi_matrix': <Dictionary Of Keys sparse matrix of dtype 'int64'
	with 3264 stored elements and shape (171, 171)>, 'num_eigenvalues': 5})
2026-01-20 11:00:47,985 - final_problem_set.kxor_instance_n19_k2_m140_ell2_eps0.25_kappa1.0_rho0.2 - INFO - Finished step 'ClassicalEigenvaluesStep' in 0.063s (success: True, problem=kxor_instance_n19_k2_m140_ell2_eps0.25_kappa1.0_rho0.2)
2026-01-20 11:00:47,985 - final_problem_set.kxor_instance_n19_k2_m140_ell2_eps0.25_kappa1.0_rho0.2 - INFO - Starting step 'KeyExtractionStep' (version 0.1) on problem kxor_instance_n19_k2_m140_ell2_eps0.25_kappa1.0_rho0.2 (fields={'ell': 2, 'threshold': 0.0, 'kikuchi_matrix': <Dictionary Of Keys sparse matrix of dtype 'int64'
	with 3264 stored elements and shape (171, 171)>, 'num_eigenvalues': 5, 'eigenvalues': array([-10.29191709, -10.09477114,  -9.03297614,   9.13674143,   9.48697449]), 'eigenvectors': array([[-9.41216437e-02,  5.80587480e-02, -1.61760001e-02, -1.13865164e-01, -1.34100415e-01],
       [ 5.07882796e-02,  1.35365992e-01, -1.80106980e-02, -1.35050818e-01, -1.86163838e-01],
       [ 1.24450322e-01,  7.40595696e-02, -2.58582473e-02, -7.75507320e-02, -4.75021773e-02],
       [-8.86195129e-02,  4.69388435e-02,  1.29146277e-02, -1.38203358e-01, -3.88945402e-02],
       [ 2.37122324e-03, -8.41607498e-02, -2.15955842e-03, -2.10271971e-02, -7.27402188e-02],
       [ 9.77383896e-02,  1.18815395e-01, -3.92672139e-02,  7.67793629e-02, -3.66344194e-02],
       [-1.07090721e-01, -1.06186483e-01, -1.14219034e-02, -4.30265428e-02, -1.64956803e-01],
       [ 1.99487992e-02,  1.87794898e-02,  4.09613932e-03, -6.08307030e-02, -7.36528143e-02],
       [-5.54195606e-02,  5.18560724e-02, -2.40926692e-02, -1.07780469e-01, -2.73598401e-02],
       [ 1.59828782e-01, -1.57385565e-02, -1.28757782e-02,  4.74595706e-03, -1.73114071e-01],
       [ 5.14579832e-02, -1.34567171e-01,  2.60207873e-02, -5.84470486e-02, -1.55743338e-01],
       [-3.11391855e-02, -2.03763432e-01,  5.03949888e-02, -1.11976304e-01, -1.17958851e-01],
       [ 2.61897197e-02, -1.94809424e-01,  3.17076787e-02, -6.85765975e-02,  1.24482930e-01],
       [-6.78718318e-02,  1.38329780e-01, -4.07469858e-02, -1.47635852e-01,  5.82587180e-02],
       [ 3.89320018e-03,  1.95223885e-01, -6.32650757e-02,  1.09610874e-01,  1.65776273e-02],
       [ 1.42922682e-03, -1.18718052e-01,  2.95343490e-02,  1.18362460e-01, -4.35841660e-02],
       [-1.85282893e-01, -8.39216357e-03,  3.66723376e-02,  1.16775532e-01,  4.59102963e-02],
       [-1.49361271e-01,  8.69038047e-02,  2.16733126e-02,  8.74220834e-02, -1.53474481e-01],
       [-4.35796748e-02,  4.14787412e-02,  5.13334261e-02, -1.86344706e-02, -1.72366896e-01],
       [-3.45365360e-03, -2.67327447e-04,  9.75922682e-02, -4.24859015e-02, -8.27497982e-02],
       [-2.98029838e-02,  8.57664151e-03, -7.07053759e-02, -1.17208318e-01, -8.07218922e-02],
       [ 4.47785020e-02, -3.71316775e-02,  1.85198121e-02,  2.45517477e-03, -1.38951365e-01],
       [-3.41611059e-02,  2.43097285e-02,  9.60874080e-02,  1.05913110e-01, -2.94563685e-02],
       [ 4.47839226e-02, -3.81865052e-02, -1.42785761e-01,  4.41862298e-02, -1.18223233e-01],
       [-2.10536414e-02,  1.79323076e-02,  3.33432595e-02, -3.55847358e-03, -3.53433091e-02],
       [-1.74272715e-02, -1.43948951e-02, -7.04821008e-02, -1.07769846e-01, -1.07348474e-01],
       [ 2.46916057e-02, -7.17172455e-03,  1.32832121e-01,  8.93416282e-02, -1.23963147e-01],
       [ 5.15223220e-02, -1.95175747e-02,  6.81137780e-02,  2.50484393e-02, -1.45641569e-01],
       [ 8.55075672e-02, -1.31435150e-02, -4.73179771e-02, -3.84185526e-02, -1.79199378e-01],
       [ 1.00632555e-01, -4.04273917e-02,  3.71380801e-02, -1.29299073e-01,  1.15701628e-01],
       [-4.66428856e-02, -2.91356355e-03, -7.49970075e-02, -1.78799018e-01, -6.22522276e-03],
       [-8.30288012e-02,  8.53648920e-03, -4.28398005e-03,  1.04861685e-01,  6.77638860e-02],
       [ 5.65078949e-02, -2.22771449e-02,  2.06780465e-02,  1.26872542e-01, -4.34160029e-02],
       [-2.22198713e-02,  3.30526174e-03, -1.42014460e-01,  9.74151887e-02,  7.68920389e-02],
       [-5.31714397e-02,  8.91386917e-03, -1.64179639e-01,  1.70683825e-01, -9.95378174e-02],
       [ 9.29749662e-02,  2.38149337e-02, -8.98283273e-02, -5.02219846e-02, -1.23299068e-01],
       [-4.80349692e-02,  3.52385724e-02,  5.54246301e-02, -1.08963810e-01, -8.50544234e-02],
       [-1.91306664e-02, -6.26517144e-02,  4.40980777e-03,  6.61312071e-03, -8.90218857e-02],
       [ 9.05060057e-02,  6.72437477e-02, -8.40301233e-02,  1.03984684e-01, -2.89843184e-02],
       [-9.93582788e-02, -5.70394563e-02,  8.38663212e-02,  5.01366301e-02, -1.29953294e-01],
       [ 3.76172946e-02,  2.16387466e-02, -2.10287535e-02,  4.06810150e-03,  2.67671344e-03],
       [-2.36117955e-02,  3.89993956e-02,  2.48165062e-02, -9.88116805e-02, -9.91745206e-02],
       [ 1.02232322e-01, -2.52755255e-02, -1.28131604e-01,  1.05627558e-01, -9.07283048e-02],
       [ 2.12702016e-03, -8.02339721e-02, -3.36476596e-02,  3.30293590e-02, -1.03774793e-01],
       [-7.62770311e-02, -1.22629820e-01,  5.28129993e-02, -2.61684355e-02, -1.65886245e-01],
       [-5.05681456e-02, -1.29768572e-01, -1.24471544e-02, -1.40607001e-01,  1.18040201e-01],
       [-9.72041016e-03,  9.87547647e-02,  3.34076156e-02, -1.79718541e-01, -3.71376705e-03],
       [ 6.69386215e-02,  1.46232481e-01, -2.53888028e-02,  1.23168986e-01,  1.16745700e-01],
       [-3.78782240e-02, -1.00908484e-01,  1.44152860e-02,  1.22018981e-01, -3.92257132e-02],
       [-1.21820460e-01,  2.31821567e-02,  1.21067849e-01,  1.11273964e-01,  1.12149249e-01],
       [-8.30358139e-02,  9.70435035e-02,  8.25027021e-02,  1.65612483e-01, -4.93266639e-02],
       [-3.67795535e-03,  2.13790413e-02,  5.68112921e-02, -8.02102373e-02, -3.40765746e-02],
       [-5.99649157e-02, -4.66316186e-02,  1.16102330e-02, -9.41355705e-03, -5.97257461e-02],
       [ 9.72656467e-02,  5.74434201e-03, -9.82097230e-02,  6.06406593e-02, -1.45699860e-02],
       [-8.76281830e-02, -9.80564448e-03,  1.31124957e-01, -5.73829170e-03, -9.39645378e-02],
       [ 3.15529515e-02,  1.05663985e-02, -5.82432581e-02, -1.91372262e-02, -4.02104039e-02],
       [-1.88438960e-03,  9.15918130e-03,  1.03728891e-01, -6.99624872e-02, -3.53701468e-02],
       [ 2.42292989e-02, -2.89328012e-02, -1.11215476e-01,  4.02364800e-02, -1.08413414e-01],
       [-5.69302311e-02, -4.56443396e-02, -6.22354942e-02, -1.48241838e-02, -9.40884488e-02],
       [-1.19032878e-01, -1.55554568e-02,  7.00315458e-03, -4.39951372e-02, -8.40676085e-02],
       [-1.32024309e-01, -6.76026395e-02, -2.85237823e-02, -6.30181071e-02,  6.97020135e-02],
       [ 5.33952871e-02,  3.66597041e-02,  1.27271771e-01, -1.03559721e-01,  2.41824847e-02],
       [ 1.17921145e-01,  2.90212484e-02,  4.57954365e-02,  6.76018193e-02,  1.90240999e-02],
       [-8.34340138e-02, -4.06567444e-02, -2.61960841e-02,  7.03593946e-02, -2.69558150e-02],
       [-3.96155361e-02,  3.05018824e-02,  1.31254910e-01,  9.13988793e-02,  4.58858531e-02],
       [ 4.92942134e-03,  6.06516262e-02,  1.77775617e-01,  7.73534579e-02, -8.71785876e-02],
       [ 4.01160451e-02, -2.28008419e-02, -1.77490861e-02, -3.56697730e-02, -2.37305368e-02],
       [-3.40851682e-02,  4.28585701e-02,  4.02587056e-02,  5.40364193e-02, -5.67407905e-03],
       [ 3.94256952e-02, -3.81422730e-02, -1.03365659e-01, -6.17838984e-02, -9.13320247e-02],
       [-1.35301637e-02,  5.09363532e-03,  4.65356528e-02, -2.67879687e-02, -3.19672690e-02],
       [-1.65214902e-02,  4.40059910e-03, -6.66380055e-02, -9.13950934e-02, -1.07933183e-02],
       [ 2.29876788e-02,  2.31792660e-03,  5.44618682e-02, -2.75056557e-02, -6.99943541e-02],
       [ 4.60585419e-02, -1.76123014e-02,  3.77053477e-02, -3.73991788e-02, -5.89100960e-02],
       [ 8.88953710e-02, -4.67623709e-02, -9.75230833e-04, -9.01234833e-02, -3.89722605e-02],
       [ 1.03620320e-01, -4.94135610e-02,  1.63032398e-02, -2.26250299e-02,  4.52093941e-02],
       [-6.81108040e-02,  2.97995609e-02, -1.02450382e-01, -5.24903821e-02,  2.88025949e-02],
       [-8.77283861e-02,  5.97514851e-02, -3.97954807e-02,  8.44804752e-02,  1.91076338e-02],
       [ 5.96679902e-02, -4.70636033e-02,  2.97858425e-02,  3.57740271e-02, -2.06673691e-02],
       [-2.50147193e-02, -9.82190234e-03, -7.26097895e-02,  7.35507464e-02,  2.96784368e-02],
       [-4.44413652e-02,  1.18162674e-02, -8.34476746e-02,  3.91642492e-02, -6.09941708e-02],
       [-5.51450749e-02, -8.77308956e-02,  3.68073502e-02,  3.13493601e-02, -7.30130570e-04],
       [ 4.44930682e-02,  6.21422000e-02,  1.29805901e-02,  3.47096520e-02, -1.32512386e-01],
       [-8.61596185e-03, -1.23423624e-02, -6.43979838e-03, -1.47029053e-03, -3.06846813e-02],
       [ 1.85983572e-02, -2.80052978e-02,  7.97825394e-03, -2.04148340e-02, -1.58272934e-02],
       [-7.80733644e-02, -7.15941593e-03,  2.31730630e-02,  4.70750116e-02, -8.06535143e-02],
       [-2.07894639e-02,  6.79699534e-02, -7.09797961e-03,  1.15409009e-02, -7.21105558e-02],
       [ 2.66106103e-02,  1.52095068e-01, -3.21013427e-02,  7.14970751e-04, -4.74942429e-02],
       [-1.06476879e-02,  9.56164729e-02, -2.37132465e-03, -4.51285205e-02,  5.05297304e-02],
       [ 2.81691650e-02, -8.19212381e-02,  2.73816113e-02, -6.72584588e-02,  3.56221294e-02],
       [-7.74955185e-03, -1.30289864e-01,  3.41073169e-02,  4.16295203e-02,  4.77966094e-02],
       [ 2.88252879e-03,  7.58020984e-02, -1.29875256e-02,  4.49634015e-02, -1.80117358e-02],
       [ 8.85340328e-02,  1.05359308e-02, -1.74617243e-02,  3.89772775e-02,  6.26299431e-02],
       [ 6.40223597e-02, -4.25694763e-02, -3.70365289e-02,  4.76032792e-02, -6.13029026e-02],
       [-1.44515569e-01, -5.97509359e-02,  1.62093522e-01,  6.96141134e-02, -1.48243169e-02],
       [ 4.49039673e-02,  2.84256808e-02, -6.37168131e-02,  2.78257666e-02, -1.55601205e-03],
       [-2.47369302e-02,  2.55234201e-02,  8.44006505e-02,  5.90447329e-02, -1.62723475e-02],
       [ 7.81077970e-02, -4.91039598e-02, -9.41898622e-02,  6.53158679e-02,  7.46746745e-05],
       [-2.09399231e-02, -8.62445216e-02, -5.64457350e-02,  4.97007214e-02,  7.65176001e-03],
       [-1.17227536e-01, -8.90150077e-02,  3.17821029e-02,  9.52151970e-02, -2.50924073e-03],
       [-1.19796082e-01, -1.75129233e-01,  2.22170183e-02, -9.41083535e-03, -1.93933548e-02],
       [ 1.89000350e-02,  8.54737831e-02,  1.06119292e-01,  1.82847756e-02, -5.71655475e-03],
       [ 1.01615314e-01,  9.93927445e-02,  1.63177613e-02, -5.25976456e-02,  2.16615578e-02],
       [-6.07039900e-02, -7.79567080e-02, -1.44145375e-02, -1.81372976e-02,  5.79600086e-03],
       [-1.01526378e-01,  3.90051295e-02,  1.21325664e-01, -4.39904729e-02,  2.28515531e-02],
       [-5.16942632e-02,  1.00006471e-01,  1.18877021e-01,  2.88551371e-03,  5.99977062e-03],
       [-2.68036307e-02, -5.58893490e-03,  2.54201476e-02,  1.13624743e-02,  7.70039176e-03],
       [ 9.34274724e-03, -4.27395072e-02, -7.39673730e-02, -5.29361885e-02, -1.40787269e-01],
       [-8.11092021e-02,  4.10259685e-02,  1.87843778e-01,  9.96084726e-02, -7.18294132e-02],
       [ 4.43755629e-02,  1.07058732e-01,  5.02757569e-02,  4.74485463e-02, -7.86743996e-02],
       [ 1.30455539e-01,  1.01553250e-01, -3.85558999e-02,  2.86321233e-02, -2.11580954e-01],
       [ 1.12520042e-01,  1.25269244e-01,  6.26257087e-02, -1.00589342e-01,  7.15034408e-02],
       [-3.59742650e-02, -1.12977999e-01, -9.28545361e-02, -1.23709591e-01, -4.10495861e-02],
       [-1.31807084e-01, -1.32823854e-01, -4.57455885e-03,  6.11677835e-02,  8.97304214e-02],
       [ 8.71417610e-02,  9.61878669e-02,  7.06348600e-03,  9.45652415e-02, -2.50417374e-02],
       [ 1.08846572e-01, -3.70577910e-02, -2.06282109e-01,  4.39885759e-02,  7.80929860e-02],
       [ 5.67248331e-02, -1.05387831e-01, -2.15924664e-01,  1.49041253e-01, -2.72348651e-02],
       [-1.08824854e-02,  1.79430857e-02,  6.74731123e-03, -3.17843597e-02, -5.02667018e-02],
       [ 3.11326717e-02, -5.62729278e-03, -7.91291807e-02,  4.07112983e-02,  1.06427930e-02],
       [-8.45971579e-03, -2.44147192e-02, -1.37778516e-02,  1.01117556e-02,  2.15350138e-03],
       [-3.18044832e-02, -4.16787546e-02,  3.39004194e-02, -5.18880620e-03, -5.84343206e-02],
       [-2.27617695e-02, -2.29022347e-02, -1.88689940e-02, -4.69648897e-02,  1.05558861e-02],
       [-7.75848451e-03,  4.15841753e-02, -2.35608657e-03, -4.79777194e-02, -3.57331815e-02],
       [ 2.67852909e-02,  4.99441307e-02, -2.17832808e-02,  3.68253492e-02,  4.86885740e-02],
       [-1.66139736e-02, -3.94282681e-02,  1.56645246e-02,  2.59073568e-02, -3.11961034e-04],
       [-4.44880411e-02,  4.91558114e-03,  7.76097536e-02,  3.35075241e-02,  3.36979200e-02],
       [-3.75703794e-02,  2.76062038e-02,  4.31874956e-02,  4.13276720e-02,  2.57986826e-02],
       [ 1.82599270e-02,  5.99333854e-03,  1.33086064e-01, -1.15015573e-02, -1.08316274e-01],
       [ 3.46037960e-02, -1.44230835e-02,  4.59893388e-02, -4.62405973e-02, -9.38275158e-02],
       [ 5.59951499e-02, -2.01456739e-02, -3.35864739e-02, -8.56217950e-02, -3.90902008e-02],
       [ 6.22468983e-02, -3.75527905e-02,  4.49942880e-02, -3.83015199e-02,  7.31447937e-02],
       [-3.76135820e-02, -2.80566364e-03, -5.36952998e-02, -8.52586175e-02,  5.58011300e-02],
       [-5.78096963e-02,  7.74086721e-03,  3.32210844e-03,  7.58768794e-02,  1.52649264e-02],
       [ 3.63423846e-02, -1.79009170e-02,  4.76262579e-03,  5.94181296e-02, -2.83759046e-02],
       [-1.58519643e-02, -9.12182739e-03, -1.46674612e-01,  9.96528617e-02,  3.84543297e-02],
       [-2.32994610e-02,  1.31034051e-03, -9.87574549e-02,  4.43228879e-02, -9.62818483e-02],
       [-8.93834950e-02, -2.81512685e-03, -8.95234599e-02,  9.25429681e-02, -6.57031048e-02],
       [-1.50506827e-01,  5.99384093e-02, -2.81771160e-03,  7.37449293e-02, -1.29301283e-01],
       [-1.79369978e-01, -6.40555682e-03, -2.33070790e-02, -9.15322060e-02,  4.77024184e-02],
       [ 1.01708324e-01, -8.34870278e-04,  1.99639030e-01, -8.64737293e-02, -3.29375612e-02],
       [ 1.56664088e-01, -2.18413066e-02,  4.57263448e-02,  2.70388372e-02,  1.12071461e-01],
       [-1.06448130e-01,  9.30496392e-03, -4.29224299e-02,  7.58029159e-02, -1.50996445e-02],
       [ 1.06130931e-02,  2.72357064e-02,  1.88359638e-01,  7.58839052e-03,  1.01504811e-01],
       [ 5.86599024e-02,  2.48067821e-02,  2.06545150e-01,  1.27428818e-01, -3.50529273e-03],
       [-2.45386049e-02,  1.40287945e-01, -6.93640734e-03,  1.48170136e-02, -1.37643862e-01],
       [-5.51789600e-02,  1.21538686e-01, -4.52470180e-02, -7.66466088e-02,  4.57668744e-02],
       [ 5.30661284e-02, -5.96876967e-02,  6.07544881e-02, -1.00701509e-01, -1.24037388e-02],
       [ 4.39753291e-02, -1.34381046e-01,  3.82885633e-02,  6.03307939e-02,  8.74018963e-02],
       [-3.40975473e-02,  9.14217629e-02, -2.60278684e-02,  6.05032012e-02, -1.72798618e-02],
       [ 9.68593453e-02,  1.36980177e-02,  9.82368128e-02,  4.64173139e-02,  8.56059323e-02],
       [ 8.64755466e-02, -4.46341975e-02,  8.31070675e-02,  9.71324670e-02, -1.87804653e-02],
       [ 2.67078249e-02,  2.19081538e-01, -3.57250317e-02, -1.02888851e-01,  8.93835312e-02],
       [ 3.95503830e-02, -1.07713436e-01, -4.02069578e-02, -1.45521473e-01,  4.82436012e-02],
       [-4.48132465e-02, -1.65365364e-01,  1.23935101e-02,  1.17640525e-01,  8.23945478e-02],
       [ 3.05719244e-02,  1.47704233e-01, -1.50546367e-02,  1.03731656e-01, -3.49093567e-02],
       [ 1.84024274e-01, -3.44590380e-02, -3.33015843e-02,  1.07345258e-01,  1.02522994e-01],
       [ 1.40093464e-01, -1.35092722e-01, -3.47192987e-02,  1.31866521e-01, -1.13058878e-01],
       [ 7.42471845e-02, -1.21147139e-01,  6.93624910e-02,  3.21023185e-02,  7.83669299e-03],
       [ 2.96351772e-03, -2.05954205e-01,  5.72767566e-02,  2.38087843e-02, -6.52713974e-02],
       [-7.10262062e-03,  1.38673207e-01, -4.10245892e-02, -2.25829453e-02,  4.82439996e-03],
       [ 2.10536693e-01,  5.35532937e-03,  4.86220784e-02,  3.79835009e-02, -7.13597779e-02],
       [ 1.83095517e-01, -1.02850372e-01,  5.61289034e-02, -7.99754666e-02,  1.90433568e-02],
       [-5.54889780e-02,  9.51777485e-02, -1.68159106e-02,  6.59051348e-02, -3.21570695e-02],
       [ 3.98954608e-02, -7.81273366e-02,  1.71831789e-02, -6.87915261e-03, -5.85407922e-03],
       [-9.58870079e-02, -1.24272466e-02, -1.60498460e-01,  7.84502773e-02, -1.95588879e-02],
       [-9.32977312e-02,  3.83614098e-02, -1.44542805e-01, -4.43323272e-02, -3.95848938e-02],
       [-5.98048202e-03, -1.13800492e-01,  1.95371733e-02, -3.97508629e-02,  2.71022888e-02],
       [-1.81563973e-01,  2.72259053e-02, -7.60103984e-02, -7.64813787e-02, -1.60745231e-02],
       [-1.50822364e-01,  1.08701289e-01, -4.48475458e-02, -2.70125011e-02,  9.53325179e-02],
       [ 1.21900687e-01, -2.10588804e-03,  4.15632698e-02, -5.50350256e-02,  2.88664640e-02],
       [ 9.37684152e-02, -5.75734328e-02,  1.20965395e-02,  2.43190380e-02, -5.32392301e-03],
       [-5.02072188e-02, -4.05941271e-02, -2.23468264e-01, -4.93627015e-02,  7.84545522e-02]])})
2026-01-20 11:00:47,987 - final_problem_set.kxor_instance_n19_k2_m140_ell2_eps0.25_kappa1.0_rho0.2 - INFO - Running key extraction (n=19, m=140, ell=2, phase_qubits=12)
2026-01-20 11:00:47,989 - final_problem_set.kxor_instance_n19_k2_m140_ell2_eps0.25_kappa1.0_rho0.2 - INFO - Built voting matrix V (n=19, ell=2, dtype=complex128) in 0.002s
2026-01-20 11:00:47,989 - final_problem_set.kxor_instance_n19_k2_m140_ell2_eps0.25_kappa1.0_rho0.2 - INFO - Eval: adv=0.3857, hamming=7/19 (0.368), corr=0.263
2026-01-20 11:00:47,989 - final_problem_set.kxor_instance_n19_k2_m140_ell2_eps0.25_kappa1.0_rho0.2 - INFO - Key extraction complete: x_hat=1
2026-01-20 11:00:47,989 - final_problem_set.kxor_instance_n19_k2_m140_ell2_eps0.25_kappa1.0_rho0.2 - INFO - Finished step 'KeyExtractionStep' in 0.002s (success: True, problem=kxor_instance_n19_k2_m140_ell2_eps0.25_kappa1.0_rho0.2)
2026-01-20 11:00:47,989 - final_problem_set.kxor_instance_n19_k2_m140_ell2_eps0.25_kappa1.0_rho0.2 - INFO - SUCCESS: len(z_hat)=19
2026-01-20 11:00:47,989 - final_problem_set.kxor_instance_n19_k2_m140_ell2_eps0.25_kappa1.0_rho0.2 - INFO - Metrics: adv=0.38571428571428573, ham_frac=0.3684210526315789, corr=0.2631578947368421
2026-01-20 11:00:47,989 - final_problem_set.kxor_instance_n19_k2_m140_ell2_eps0.25_kappa1.0_rho0.2 - INFO - z_hat (full): [-1, -1, -1, -1, -1, -1, -1, -1, -1, -1, -1, -1, -1,  1,  1,  1, -1,  1, -1]
