2026-01-20 11:00:33,008 - final_problem_set.kxor_instance_n15_k2_m125_ell2_eps0.25_kappa0.875_rho1.0 - INFO - Starting iteration for /Users/julian/CodingProjects/UniT3/QuarticSpeedupK-XOR/z_Daphne/data/final_problem_set/kxor_instance_n15_k2_m125_ell2_eps0.25_kappa0.875_rho1.0.npz
2026-01-20 11:00:33,009 - final_problem_set.kxor_instance_n15_k2_m125_ell2_eps0.25_kappa0.875_rho1.0 - INFO - Loaded instance (n=15, m=125, k=2)
2026-01-20 11:00:33,009 - final_problem_set.kxor_instance_n15_k2_m125_ell2_eps0.25_kappa0.875_rho1.0 - INFO - Starting step 'ComputeKikuchiStep' (version 0.1) on problem kxor_instance_n15_k2_m125_ell2_eps0.25_kappa0.875_rho1.0 (fields={'ell': 2, 'threshold': 0.0})
2026-01-20 11:00:33,020 - final_problem_set.kxor_instance_n15_k2_m125_ell2_eps0.25_kappa0.875_rho1.0 - INFO - Finished step 'ComputeKikuchiStep' in 0.011s (success: True, problem=kxor_instance_n15_k2_m125_ell2_eps0.25_kappa0.875_rho1.0)
2026-01-20 11:00:33,020 - final_problem_set.kxor_instance_n15_k2_m125_ell2_eps0.25_kappa0.875_rho1.0 - INFO - Starting step 'ClassicalEigenvaluesStep' (version 0.1) on problem kxor_instance_n15_k2_m125_ell2_eps0.25_kappa0.875_rho1.0 (fields={'ell': 2, 'threshold': 0.0, 'kikuchi_matrix': <Dictionary Of Keys sparse matrix of dtype 'int64'
	with 1924 stored elements and shape (105, 105)>, 'num_eigenvalues': 5})
2026-01-20 11:00:33,048 - final_problem_set.kxor_instance_n15_k2_m125_ell2_eps0.25_kappa0.875_rho1.0 - INFO - Finished step 'ClassicalEigenvaluesStep' in 0.028s (success: True, problem=kxor_instance_n15_k2_m125_ell2_eps0.25_kappa0.875_rho1.0)
2026-01-20 11:00:33,048 - final_problem_set.kxor_instance_n15_k2_m125_ell2_eps0.25_kappa0.875_rho1.0 - INFO - Starting step 'KeyExtractionStep' (version 0.1) on problem kxor_instance_n15_k2_m125_ell2_eps0.25_kappa0.875_rho1.0 (fields={'ell': 2, 'threshold': 0.0, 'kikuchi_matrix': <Dictionary Of Keys sparse matrix of dtype 'int64'
	with 1924 stored elements and shape (105, 105)>, 'num_eigenvalues': 5, 'eigenvalues': array([ 9.17929484,  9.54017499,  9.85404766, 10.78358285, 18.55419701]), 'eigenvectors': array([[-0.04614058,  0.00660812, -0.04883843, -0.1423479 ,  0.10749437],
       [-0.04465017,  0.06446384, -0.17060376, -0.03246578,  0.10772739],
       [-0.03772121,  0.00704375, -0.12528868,  0.07346934, -0.10376758],
       [-0.00494035,  0.06638139, -0.09284532, -0.11159186,  0.11568441],
       [-0.17598035,  0.00744219,  0.02317599, -0.04926546,  0.12294571],
       [ 0.03542437,  0.01254531, -0.08488254, -0.11003411,  0.11263256],
       [ 0.06592165,  0.01233319, -0.11092   , -0.14464545, -0.08382811],
       [-0.06747615, -0.02541636, -0.04032082,  0.13960111, -0.10610841],
       [ 0.08565778,  0.14489139,  0.10769319, -0.03887406, -0.09548908],
       [-0.08523673, -0.13522815,  0.01883496, -0.16367865,  0.08716517],
       [-0.08854776,  0.18482597,  0.02821116, -0.03969014,  0.09693599],
       [ 0.00975734, -0.01881273, -0.04113547, -0.00534437,  0.11496642],
       [ 0.06701302, -0.05318549,  0.11457653, -0.01079322, -0.11489049],
       [-0.20811627,  0.03522745,  0.06618796, -0.04281842, -0.10483529],
       [-0.03847855,  0.0484962 , -0.13929385, -0.05780704,  0.10171386],
       [-0.03948052,  0.01280173, -0.1354481 ,  0.09403522, -0.09710424],
       [ 0.00048932,  0.05259323, -0.0619722 , -0.13363859,  0.10816195],
       [-0.13659196, -0.00495593,  0.03986527, -0.06707221,  0.1055274 ],
       [ 0.03362353,  0.00077868, -0.05789963, -0.13228046,  0.10715367],
       [ 0.05878   ,  0.02121874, -0.12048626, -0.11583806, -0.07919551],
       [-0.06687138, -0.01707044, -0.05767765,  0.15620897, -0.09914916],
       [ 0.08750073,  0.16917946,  0.09722096, -0.01111914, -0.09822571],
       [-0.07469027, -0.13603469,  0.03039395, -0.17160021,  0.08152803],
       [-0.09062306,  0.19043693,  0.05062178, -0.07312361,  0.09964081],
       [ 0.0139776 , -0.03357398, -0.01764023, -0.0336527 ,  0.10744671],
       [ 0.05924614, -0.03690708,  0.08494764,  0.01913523, -0.10845937],
       [-0.1984104 ,  0.04928068,  0.04151636, -0.01432728, -0.0990868 ],
       [-0.04142367, -0.04251009, -0.03043773, -0.00064419, -0.1070909 ],
       [-0.00596566,  0.107813  , -0.18784271, -0.02133843,  0.10746949],
       [-0.134963  ,  0.05205975, -0.07814312,  0.03871682,  0.10556101],
       [ 0.02961974,  0.05826375, -0.17537744, -0.02490602,  0.10649751],
       [ 0.05970744, -0.02825272, -0.02981937, -0.19252409, -0.07676962],
       [-0.07396456, -0.07807278,  0.06231097,  0.06634732, -0.10959161],
       [ 0.08166956,  0.09265571,  0.17726063, -0.09666971, -0.0875735 ],
       [-0.08711136, -0.10340098, -0.06963871, -0.10710467,  0.09118028],
       [-0.07473598,  0.21129431, -0.05549784,  0.03064183,  0.09089978],
       [ 0.00961637,  0.03516397, -0.13638373,  0.0749213 ,  0.10644332],
       [ 0.06153847, -0.09738201,  0.20319715, -0.09031719, -0.1044606 ],
       [-0.16712407, -0.01332461,  0.1285137 , -0.10171788, -0.08926965],
       [-0.0908319 , -0.04490092, -0.12814064,  0.07657508, -0.11386535],
       [ 0.0473534 ,  0.01715478, -0.19662711,  0.00836941, -0.10089464],
       [-0.10612161,  0.01147485, -0.11447715,  0.06523699, -0.1026173 ],
       [-0.00430765, -0.02650516,  0.19431842,  0.13325599,  0.06686776],
       [ 0.12807818,  0.00149107,  0.20552565, -0.09266267,  0.09316998],
       [-0.01176977, -0.16481833,  0.06576547,  0.06220711,  0.09341834],
       [ 0.01243507,  0.13571586, -0.15300606,  0.11894691, -0.07805754],
       [ 0.00638215, -0.14294737, -0.17332262,  0.01185965, -0.08708316],
       [-0.0868819 ,  0.0382951 , -0.14983672, -0.02265156, -0.10280739],
       [ 0.02507625,  0.02882135,  0.09822198,  0.04404883,  0.11319797],
       [ 0.21895379, -0.04551837,  0.09875016,  0.05769372,  0.08657571],
       [-0.10579528,  0.0519176 ,  0.00604472, -0.0305075 ,  0.11347319],
       [ 0.07610486,  0.05952044, -0.10028237, -0.10149786,  0.11432532],
       [ 0.03291462, -0.02325441, -0.10054621, -0.15403276, -0.08423683],
       [-0.10929804, -0.07105826, -0.02955605,  0.13129846, -0.10612784],
       [ 0.05959149,  0.11886193,  0.14264084, -0.0502562 , -0.10463858],
       [-0.0509561 , -0.10568215,  0.00798077, -0.1581755 ,  0.08857405],
       [-0.04756721,  0.22734236,  0.01769144, -0.03105936,  0.09742871],
       [ 0.05359705,  0.02905712, -0.05676248,  0.0060574 ,  0.11548676],
       [ 0.02479521, -0.10032989,  0.1330888 , -0.02272553, -0.11465155],
       [-0.21889061, -0.00515458,  0.06819486, -0.05146714, -0.09681459],
       [-0.07839284,  0.0004838 ,  0.01204049, -0.03835107,  0.12243304],
       [ 0.10267052,  0.01776591, -0.14815696, -0.17141067, -0.07171137],
       [ 0.0244608 , -0.0132539 , -0.12387392,  0.06633841, -0.10413926],
       [ 0.15620199,  0.14630516,  0.03319634, -0.09193683, -0.09277556],
       [-0.15146281, -0.13993405,  0.08393192, -0.10530096,  0.08590438],
       [-0.16009062,  0.16710689,  0.09772003,  0.01952259,  0.09439341],
       [-0.08719842, -0.0279106 ,  0.05102296,  0.06667402,  0.11044295],
       [ 0.15971101, -0.03986645,  0.01929263, -0.08170755, -0.11155667],
       [-0.10529967,  0.0439145 , -0.02376201, -0.10974046, -0.10185897],
       [ 0.00632293,  0.01596088, -0.10262572, -0.14787068, -0.08290816],
       [-0.13792687, -0.02008865, -0.03083731,  0.12973281, -0.10490753],
       [ 0.0228262 ,  0.14575423,  0.11229   , -0.04395022, -0.0943899 ],
       [-0.02489867, -0.13632665,  0.01145241, -0.15468732,  0.08610942],
       [-0.01979027,  0.1765854 ,  0.01989832, -0.03225087,  0.09564455],
       [ 0.10435263, -0.02731318, -0.05803824,  0.00241122,  0.12450538],
       [-0.01380943, -0.04682602,  0.12112451, -0.018028  , -0.11355785],
       [-0.24122028,  0.03512596,  0.06187762, -0.04652126, -0.09435653],
       [ 0.02174993, -0.00753308,  0.18160406,  0.11062768,  0.07692534],
       [-0.07079691, -0.09353363,  0.0526956 ,  0.17829373,  0.06061971],
       [ 0.08012811,  0.11944514, -0.13901585, -0.05536487, -0.0646498 ],
       [ 0.06505986, -0.08749696, -0.12915601, -0.14628231, -0.06333891],
       [ 0.02419444,  0.02455044, -0.11818173, -0.19545788, -0.07290303],
       [-0.0630481 ,  0.01260391,  0.07747909,  0.20553176,  0.07311809],
       [ 0.07637972, -0.02753561,  0.08215229,  0.1831073 ,  0.06124011],
       [ 0.01496417, -0.14292685, -0.01110502,  0.00933475,  0.09728273],
       [-0.00585852,  0.11805806, -0.0953666 ,  0.16748108, -0.07959029],
       [-0.0144932 , -0.17642728, -0.11342828,  0.0607933 , -0.08965567],
       [-0.1191926 ,  0.00897356, -0.07172755,  0.03532345, -0.10613901],
       [ 0.05856251,  0.06673564,  0.00499916, -0.0222834 ,  0.11671508],
       [ 0.2527392 , -0.02331066,  0.03552609,  0.01376321,  0.08930651],
       [ 0.0950606 ,  0.22552793,  0.02072354,  0.03370298, -0.07360442],
       [ 0.11985417, -0.02138608,  0.02179772, -0.0877901 , -0.08787752],
       [ 0.03822574,  0.16941769,  0.08120461, -0.12025832, -0.09333192],
       [-0.09924005, -0.11056852, -0.13828064,  0.13385032,  0.09238943],
       [ 0.10103949, -0.14586903, -0.0803722 ,  0.13068977,  0.07782893],
       [-0.12142891,  0.01775005,  0.09172742, -0.10528209,  0.08122401],
       [-0.03969385, -0.18963351,  0.04666902, -0.08678214,  0.09613397],
       [ 0.10989942,  0.12392867,  0.0151594 ,  0.07384368, -0.09715561],
       [-0.11442546,  0.17094142, -0.01906408,  0.03508464, -0.08115246],
       [-0.03642798,  0.17733009,  0.0579367 ,  0.06263885,  0.10550039],
       [ 0.09260566, -0.21171458,  0.00613426, -0.06628517, -0.09603009],
       [-0.13129989, -0.13023844, -0.02619226, -0.09317125, -0.08795283],
       [ 0.00671484, -0.02217747,  0.08045185, -0.1207985 , -0.11254393],
       [-0.21961443,  0.05578536,  0.03074976, -0.12544748, -0.09351821],
       [ 0.16444687,  0.00212646, -0.08532013,  0.14021546,  0.09417796]])})
2026-01-20 11:00:33,049 - final_problem_set.kxor_instance_n15_k2_m125_ell2_eps0.25_kappa0.875_rho1.0 - INFO - Running key extraction (n=15, m=125, ell=2, phase_qubits=11)
2026-01-20 11:00:33,050 - final_problem_set.kxor_instance_n15_k2_m125_ell2_eps0.25_kappa0.875_rho1.0 - INFO - Built voting matrix V (n=15, ell=2, dtype=complex128) in 0.001s
2026-01-20 11:00:33,050 - final_problem_set.kxor_instance_n15_k2_m125_ell2_eps0.25_kappa0.875_rho1.0 - INFO - Eval: adv=1.0000, hamming=0/15 (0.000), corr=1.000
2026-01-20 11:00:33,050 - final_problem_set.kxor_instance_n15_k2_m125_ell2_eps0.25_kappa0.875_rho1.0 - INFO - Key extraction complete: x_hat=4
2026-01-20 11:00:33,051 - final_problem_set.kxor_instance_n15_k2_m125_ell2_eps0.25_kappa0.875_rho1.0 - INFO - Finished step 'KeyExtractionStep' in 0.001s (success: True, problem=kxor_instance_n15_k2_m125_ell2_eps0.25_kappa0.875_rho1.0)
2026-01-20 11:00:33,051 - final_problem_set.kxor_instance_n15_k2_m125_ell2_eps0.25_kappa0.875_rho1.0 - INFO - SUCCESS: len(z_hat)=15
2026-01-20 11:00:33,051 - final_problem_set.kxor_instance_n15_k2_m125_ell2_eps0.25_kappa0.875_rho1.0 - INFO - Metrics: adv=1.0, ham_frac=0.0, corr=1.0
2026-01-20 11:00:33,051 - final_problem_set.kxor_instance_n15_k2_m125_ell2_eps0.25_kappa0.875_rho1.0 - INFO - z_hat (full): [ 1,  1,  1, -1,  1,  1,  1, -1, -1, -1,  1,  1,  1, -1, -1]
