2026-01-20 11:00:30,114 - final_problem_set.kxor_instance_n12_k2_m92_ell2_eps0.25_kappa0.875_rho0.6 - INFO - Starting iteration for /Users/julian/CodingProjects/UniT3/QuarticSpeedupK-XOR/z_Daphne/data/final_problem_set/kxor_instance_n12_k2_m92_ell2_eps0.25_kappa0.875_rho0.6.npz
2026-01-20 11:00:30,114 - final_problem_set.kxor_instance_n12_k2_m92_ell2_eps0.25_kappa0.875_rho0.6 - INFO - Loaded instance (n=12, m=92, k=2)
2026-01-20 11:00:30,115 - final_problem_set.kxor_instance_n12_k2_m92_ell2_eps0.25_kappa0.875_rho0.6 - INFO - Starting step 'ComputeKikuchiStep' (version 0.1) on problem kxor_instance_n12_k2_m92_ell2_eps0.25_kappa0.875_rho0.6 (fields={'ell': 2, 'threshold': 0.0})
2026-01-20 11:00:30,121 - final_problem_set.kxor_instance_n12_k2_m92_ell2_eps0.25_kappa0.875_rho0.6 - INFO - Finished step 'ComputeKikuchiStep' in 0.006s (success: True, problem=kxor_instance_n12_k2_m92_ell2_eps0.25_kappa0.875_rho0.6)
2026-01-20 11:00:30,121 - final_problem_set.kxor_instance_n12_k2_m92_ell2_eps0.25_kappa0.875_rho0.6 - INFO - Starting step 'ClassicalEigenvaluesStep' (version 0.1) on problem kxor_instance_n12_k2_m92_ell2_eps0.25_kappa0.875_rho0.6 (fields={'ell': 2, 'threshold': 0.0, 'kikuchi_matrix': <Dictionary Of Keys sparse matrix of dtype 'int64'
	with 940 stored elements and shape (66, 66)>, 'num_eigenvalues': 5})
2026-01-20 11:00:30,137 - final_problem_set.kxor_instance_n12_k2_m92_ell2_eps0.25_kappa0.875_rho0.6 - INFO - Finished step 'ClassicalEigenvaluesStep' in 0.016s (success: True, problem=kxor_instance_n12_k2_m92_ell2_eps0.25_kappa0.875_rho0.6)
2026-01-20 11:00:30,137 - final_problem_set.kxor_instance_n12_k2_m92_ell2_eps0.25_kappa0.875_rho0.6 - INFO - Starting step 'KeyExtractionStep' (version 0.1) on problem kxor_instance_n12_k2_m92_ell2_eps0.25_kappa0.875_rho0.6 (fields={'ell': 2, 'threshold': 0.0, 'kikuchi_matrix': <Dictionary Of Keys sparse matrix of dtype 'int64'
	with 940 stored elements and shape (66, 66)>, 'num_eigenvalues': 5, 'eigenvalues': array([-7.64725039, -7.06961277,  6.90075139,  7.66906003,  8.36958334]), 'eigenvectors': array([[ 3.06047177e-02, -2.62866169e-01, -5.06367959e-02,  4.82211401e-02,  2.00399287e-01],
       [-1.49058300e-02,  2.09418255e-01,  4.90021347e-04,  9.70751278e-02,  3.74785251e-04],
       [ 6.21156672e-02, -2.37686798e-01, -3.53398917e-02, -2.91477313e-02, -2.55089727e-01],
       [ 2.26146391e-02, -1.06061561e-01,  1.61650713e-02, -2.03510485e-02,  2.03366096e-01],
       [-1.06753504e-03,  2.24779746e-01, -9.48365460e-02,  1.65627630e-03, -1.37083531e-02],
       [-1.04070821e-02,  7.40828430e-02, -1.19868989e-02,  6.05390750e-02,  1.52807714e-01],
       [-4.74428939e-03, -5.28865098e-02, -5.34569709e-02,  4.79069650e-02,  2.19866625e-01],
       [ 4.39682921e-02, -1.57485061e-01,  2.79878308e-03, -2.96906704e-02, -7.37994452e-02],
       [-2.49908295e-02, -7.24248586e-02,  1.43920819e-02,  6.01585773e-02, -2.59421246e-01],
       [-2.31706593e-03, -1.84098724e-01, -6.74321112e-03,  5.73332673e-02,  9.84249313e-02],
       [-1.69322448e-03,  3.35997920e-02,  8.91916478e-02, -1.07285671e-01,  7.18363224e-02],
       [ 1.84990771e-01,  6.86927990e-02,  1.03359696e-02,  1.70049061e-01,  1.30442226e-01],
       [-2.42879633e-01, -1.16214213e-01,  2.43421629e-02,  2.03769891e-01, -1.14309693e-01],
       [-1.29874109e-01, -9.76453078e-02,  8.24755194e-02, -1.75856125e-01,  7.62486973e-02],
       [ 2.34916043e-01,  3.37544218e-02, -1.26153049e-01, -5.81175268e-03, -8.73512952e-02],
       [ 3.23442909e-02,  2.15337816e-01, -1.53399650e-01, -6.67684964e-02,  1.18143928e-01],
       [-1.84916489e-01,  1.15220665e-01, -2.67455913e-03, -1.17930063e-01,  9.87096403e-02],
       [-1.93572327e-01, -1.64458390e-01, -1.40070085e-01, -3.22569857e-02, -1.00455760e-01],
       [-1.56605452e-01,  1.83508981e-01,  2.84927524e-03,  2.10254692e-01, -5.87615771e-02],
       [-1.92884897e-01,  6.27256272e-03, -1.37672218e-01, -2.07344866e-03,  1.69416623e-01],
       [ 8.60528050e-03,  8.46787598e-02,  1.75853572e-01, -1.93456225e-01, -6.79646934e-02],
       [ 1.95790289e-01,  6.18052421e-02, -1.10314922e-01, -1.56096764e-01, -2.07421682e-01],
       [ 1.13919672e-01,  7.05197478e-02,  2.35738652e-02,  1.20101148e-01,  1.49046414e-01],
       [-1.85159557e-01, -7.68290377e-03,  1.12438427e-02,  2.22766508e-02,  1.03558242e-02],
       [-6.12472392e-02, -1.91979731e-01,  1.11623911e-01,  1.40851437e-01,  1.01371767e-01],
       [ 1.25489174e-01, -9.94892616e-02,  8.85666827e-03,  1.87934267e-01,  1.53279144e-01],
       [ 2.23407275e-01,  1.62416083e-01,  1.04897323e-01, -5.77236115e-02, -4.07210912e-03],
       [ 1.12261565e-01, -1.54529606e-01, -8.54497898e-02, -1.20398256e-01, -2.01675218e-01],
       [ 1.50579732e-01, -2.64857549e-02,  8.05178407e-02,  7.28617692e-02,  3.89450482e-02],
       [ 3.26156817e-03, -6.64878354e-02,  3.08591686e-02,  2.03278753e-04,  8.99066338e-02],
       [-1.03277478e-01, -6.92706304e-02, -6.10413381e-02,  2.40630765e-01, -7.98912834e-02],
       [ 2.12899146e-01,  3.45949089e-02,  2.25900649e-01,  7.50099432e-02,  9.59000834e-02],
       [ 7.98365457e-02,  2.67274270e-01,  2.17992636e-01,  1.21370066e-01, -1.25355858e-01],
       [-1.13550431e-01,  1.28006887e-01,  1.86339523e-02,  2.51237599e-01, -1.40540505e-01],
       [-1.56976482e-01, -1.50023423e-01,  2.60528883e-01, -4.51029533e-02,  1.92009866e-01],
       [-2.19283493e-01,  1.97098845e-01, -1.01432614e-01, -3.11678371e-01,  4.42739756e-02],
       [-2.13130951e-01,  1.24326651e-02,  1.38293245e-01,  1.90848942e-04, -1.67145674e-01],
       [ 2.97631729e-02,  1.19181328e-01, -1.44671496e-01,  2.00869015e-01,  1.05238687e-01],
       [ 1.25022948e-01,  4.59573088e-02, -1.31410572e-01, -2.58000155e-02, -8.12271588e-02],
       [ 2.95558527e-02,  1.05634865e-01, -1.19540385e-01, -1.49863474e-01,  1.22504483e-01],
       [-7.42352473e-02,  4.59799172e-02,  9.80977111e-02, -1.79264584e-01,  7.92558620e-02],
       [-7.46785056e-02, -7.20706749e-02, -1.90315542e-01, -9.04540052e-03, -1.04911954e-01],
       [-8.45451637e-02,  4.86708187e-02, -6.80813924e-02,  2.33287176e-01, -2.63480822e-02],
       [-1.19669252e-01, -3.24891413e-02, -9.29265023e-02, -4.42021753e-02,  1.46833068e-01],
       [ 3.36806108e-03,  3.21960383e-02,  1.66223315e-01, -1.30352727e-01, -8.47539840e-02],
       [-6.22230990e-02, -1.91126161e-01, -1.40357615e-01, -3.02623695e-02, -5.54656104e-02],
       [ 9.20099947e-02, -1.12450840e-01, -1.63366521e-01, -4.90446160e-03, -1.02776306e-01],
       [ 1.62939317e-01,  1.05035122e-01,  2.34246028e-02, -2.41623083e-02,  2.52984055e-02],
       [ 1.79135674e-01, -2.00784744e-01,  1.78505407e-01,  2.98391349e-02,  1.06796463e-01],
       [ 2.40545784e-01, -6.74318283e-02, -1.03715351e-01, -2.02374039e-02, -2.37197315e-02],
       [ 2.88500673e-02, -8.39433296e-02, -3.88886071e-02, -1.93379199e-02, -5.21090131e-02],
       [ 5.00043225e-02,  3.61812279e-02, -2.10060895e-01, -1.13845529e-01,  1.66546396e-01],
       [ 2.76664828e-02,  1.55736648e-01, -6.74957497e-02, -1.09589031e-02, -1.40806431e-01],
       [ 5.34887202e-02,  2.76145219e-02,  2.31833199e-01,  1.58459529e-01, -1.01569441e-01],
       [ 4.79144245e-02,  1.51779345e-01, -9.39759475e-02,  3.32468023e-02,  1.01764947e-01],
       [ 2.11906663e-03, -1.24904688e-02, -1.08254561e-02, -1.73575793e-01, -2.14959060e-02],
       [-8.69472772e-02,  6.18793933e-02, -1.84200722e-01, -4.29103903e-02, -1.13121272e-01],
       [-8.55714847e-02,  9.82398708e-02, -1.23295737e-03,  2.61110179e-01, -7.83226141e-02],
       [-1.31825944e-01,  1.21087030e-01, -1.60750232e-01, -1.10547107e-02,  1.85698782e-01],
       [ 1.36170489e-03,  2.81450151e-02,  2.23479898e-01, -2.18473738e-01, -7.81848025e-02],
       [-1.75302742e-01,  8.54064577e-02,  2.63548044e-01, -2.96042275e-02,  1.54098615e-01],
       [-2.11615959e-01, -7.10684622e-02, -2.42576334e-02, -1.45014259e-02, -9.87345615e-02],
       [ 3.21961219e-04,  7.49453973e-02, -1.94820808e-01,  5.97571350e-02, -3.20911289e-02],
       [-1.04258614e-01,  1.51120097e-01,  1.61336961e-01,  3.59617834e-02, -1.59355858e-01],
       [ 1.34117594e-02, -1.32959475e-03, -1.50832315e-01,  1.66780627e-01,  1.23739635e-01],
       [ 3.75422994e-02,  4.49407850e-02, -5.76233467e-03, -8.84607556e-02,  2.83350815e-02]])})
2026-01-20 11:00:30,137 - final_problem_set.kxor_instance_n12_k2_m92_ell2_eps0.25_kappa0.875_rho0.6 - INFO - Running key extraction (n=12, m=92, ell=2, phase_qubits=11)
2026-01-20 11:00:30,138 - final_problem_set.kxor_instance_n12_k2_m92_ell2_eps0.25_kappa0.875_rho0.6 - INFO - Built voting matrix V (n=12, ell=2, dtype=complex128) in 0.000s
2026-01-20 11:00:30,138 - final_problem_set.kxor_instance_n12_k2_m92_ell2_eps0.25_kappa0.875_rho0.6 - INFO - Eval: adv=0.6087, hamming=0/12 (0.000), corr=1.000
2026-01-20 11:00:30,138 - final_problem_set.kxor_instance_n12_k2_m92_ell2_eps0.25_kappa0.875_rho0.6 - INFO - Key extraction complete: x_hat=0
2026-01-20 11:00:30,138 - final_problem_set.kxor_instance_n12_k2_m92_ell2_eps0.25_kappa0.875_rho0.6 - INFO - Finished step 'KeyExtractionStep' in 0.001s (success: True, problem=kxor_instance_n12_k2_m92_ell2_eps0.25_kappa0.875_rho0.6)
2026-01-20 11:00:30,138 - final_problem_set.kxor_instance_n12_k2_m92_ell2_eps0.25_kappa0.875_rho0.6 - INFO - SUCCESS: len(z_hat)=12
2026-01-20 11:00:30,138 - final_problem_set.kxor_instance_n12_k2_m92_ell2_eps0.25_kappa0.875_rho0.6 - INFO - Metrics: adv=0.6086956521739131, ham_frac=0.0, corr=1.0
2026-01-20 11:00:30,138 - final_problem_set.kxor_instance_n12_k2_m92_ell2_eps0.25_kappa0.875_rho0.6 - INFO - z_hat (full): [-1, -1, -1,  1, -1,  1, -1, -1,  1,  1, -1,  1]
