2026-01-20 11:00:51,559 - final_problem_set.kxor_instance_n19_k2_m201_ell2_eps0.15_kappa0.75_rho1.0 - INFO - Starting iteration for /Users/julian/CodingProjects/UniT3/QuarticSpeedupK-XOR/z_Daphne/data/final_problem_set/kxor_instance_n19_k2_m201_ell2_eps0.15_kappa0.75_rho1.0.npz
2026-01-20 11:00:51,560 - final_problem_set.kxor_instance_n19_k2_m201_ell2_eps0.15_kappa0.75_rho1.0 - INFO - Loaded instance (n=19, m=201, k=2)
2026-01-20 11:00:51,560 - final_problem_set.kxor_instance_n19_k2_m201_ell2_eps0.15_kappa0.75_rho1.0 - INFO - Starting step 'ComputeKikuchiStep' (version 0.1) on problem kxor_instance_n19_k2_m201_ell2_eps0.15_kappa0.75_rho1.0 (fields={'ell': 2, 'threshold': 0.0})
2026-01-20 11:00:51,583 - final_problem_set.kxor_instance_n19_k2_m201_ell2_eps0.15_kappa0.75_rho1.0 - INFO - Finished step 'ComputeKikuchiStep' in 0.023s (success: True, problem=kxor_instance_n19_k2_m201_ell2_eps0.15_kappa0.75_rho1.0)
2026-01-20 11:00:51,583 - final_problem_set.kxor_instance_n19_k2_m201_ell2_eps0.15_kappa0.75_rho1.0 - INFO - Starting step 'ClassicalEigenvaluesStep' (version 0.1) on problem kxor_instance_n19_k2_m201_ell2_eps0.15_kappa0.75_rho1.0 (fields={'ell': 2, 'threshold': 0.0, 'kikuchi_matrix': <Dictionary Of Keys sparse matrix of dtype 'int64'
	with 3706 stored elements and shape (171, 171)>, 'num_eigenvalues': 5})
2026-01-20 11:00:51,643 - final_problem_set.kxor_instance_n19_k2_m201_ell2_eps0.15_kappa0.75_rho1.0 - INFO - Finished step 'ClassicalEigenvaluesStep' in 0.060s (success: True, problem=kxor_instance_n19_k2_m201_ell2_eps0.15_kappa0.75_rho1.0)
2026-01-20 11:00:51,643 - final_problem_set.kxor_instance_n19_k2_m201_ell2_eps0.15_kappa0.75_rho1.0 - INFO - Starting step 'KeyExtractionStep' (version 0.1) on problem kxor_instance_n19_k2_m201_ell2_eps0.15_kappa0.75_rho1.0 (fields={'ell': 2, 'threshold': 0.0, 'kikuchi_matrix': <Dictionary Of Keys sparse matrix of dtype 'int64'
	with 3706 stored elements and shape (171, 171)>, 'num_eigenvalues': 5, 'eigenvalues': array([11.80466619, 12.22323335, 12.79925125, 13.00388433, 22.08148104]), 'eigenvectors': array([[-9.34621194e-02,  6.27134089e-02,  6.79783368e-02,  4.82542914e-02,  6.33293998e-02],
       [ 7.92749233e-02, -8.02215887e-02,  8.44540910e-02, -1.63100097e-02,  9.19288188e-02],
       [ 1.11925931e-01, -6.25099674e-02,  4.95581827e-02,  1.53845047e-02,  8.80374157e-02],
       [ 2.70872686e-02,  6.44420104e-02, -1.18243675e-01, -6.47457841e-02, -7.52157785e-02],
       [ 8.22853870e-03, -1.08254315e-01, -5.95003692e-02, -5.63209938e-02,  6.31847956e-02],
       [-4.20056874e-02, -2.70509618e-02, -1.28813731e-01,  7.98702903e-02, -7.60643415e-02],
       [-7.67669687e-02,  1.16272320e-01, -9.38478946e-02, -7.06510550e-02, -7.83589115e-02],
       [ 5.34412185e-02, -7.21754054e-02,  6.69328533e-02, -8.10315961e-03,  8.96398573e-02],
       [ 1.44308708e-03,  1.24977084e-01, -1.30357111e-01,  9.74590768e-03, -7.03065964e-02],
       [-2.17291785e-02,  1.36411324e-01, -1.20347805e-01,  4.00510170e-02, -7.63995894e-02],
       [ 7.09781302e-02, -9.13940169e-02,  9.80120106e-02, -3.90509676e-02,  8.26301933e-02],
       [ 4.28650361e-02, -1.21146087e-01,  1.75928664e-02,  5.84687936e-03,  8.14158496e-02],
       [-7.78565923e-02, -1.55714911e-02,  1.29221889e-02,  1.08539767e-01, -5.77457863e-02],
       [-3.00942688e-02,  3.62939945e-02, -1.24335680e-02, -9.29028503e-02, -7.71132245e-02],
       [-8.16921065e-02,  1.61450350e-02, -1.31434152e-01, -3.84777475e-02, -7.83796015e-02],
       [-8.99569398e-02, -8.69484971e-03, -1.21595683e-01, -2.19230595e-02, -7.57693881e-02],
       [-8.82690987e-02, -5.12596810e-02,  9.13414647e-02, -9.42197693e-02,  6.14066497e-02],
       [-4.02271047e-02, -9.81385412e-02, -1.66169652e-02,  8.30828871e-02,  7.11172097e-02],
       [-1.18173751e-01,  1.40412305e-01, -6.66974338e-03,  4.18544110e-02,  7.28728746e-02],
       [-8.39460975e-02,  1.59910413e-01, -3.54740956e-02,  6.73873038e-02,  7.49137623e-02],
       [ 1.54860624e-01, -1.06374102e-01, -3.61513170e-02, -8.70583020e-02, -5.94854685e-02],
       [-1.12245186e-01,  5.59235017e-02, -9.36458733e-02, -1.14874553e-02,  4.99311799e-02],
       [ 1.02817490e-01, -1.61936634e-01, -3.10923714e-02,  1.32061649e-02, -5.57931936e-02],
       [ 9.58887196e-02, -8.55012569e-02, -1.76841471e-02, -1.09681606e-01, -6.76775198e-02],
       [-1.30473217e-01,  1.42483469e-01, -2.00062641e-02,  4.37030461e-02,  7.05371653e-02],
       [ 1.48742122e-01, -5.28311039e-02, -5.79988063e-02, -3.52234637e-02, -6.10765632e-02],
       [ 1.45421307e-01, -5.84671879e-02, -4.18243510e-02, -1.31914473e-02, -6.66854132e-02],
       [-1.13664058e-01,  1.16803947e-01,  1.39699404e-02,  1.55079952e-02,  7.14596427e-02],
       [-1.19410598e-01,  8.39987553e-02, -4.38191964e-02,  4.79240003e-02,  6.48635815e-02],
       [ 4.97252968e-02, -1.37704688e-01,  5.83786494e-02,  4.87259969e-02, -4.51488124e-02],
       [ 1.05013045e-01, -1.24653833e-01,  4.28855387e-02, -9.55093895e-02, -5.55798342e-02],
       [ 8.49155196e-02, -1.51108566e-01, -3.86440587e-02, -7.22842914e-02, -6.19748994e-02],
       [ 7.25112326e-02, -1.62359589e-01, -3.41057093e-02, -5.90171203e-02, -5.98976205e-02],
       [-1.76060581e-01,  8.06945321e-02,  2.63642514e-02, -3.82158550e-02,  4.90887337e-02],
       [-1.40346997e-01,  7.18353333e-02, -5.69614941e-02,  8.77293370e-02,  5.13582688e-02],
       [ 1.35233544e-01,  2.41136356e-02, -6.80547320e-02,  2.39304432e-05,  1.09382641e-01],
       [ 4.65848520e-02, -4.46396660e-04, -5.01993337e-02, -6.89589665e-02, -1.02899257e-01],
       [-7.70736631e-04, -5.75691144e-02, -1.53003820e-01, -8.18153242e-02,  7.20708261e-02],
       [-3.65873585e-02, -1.06591027e-01, -4.29569600e-02,  1.09141247e-01, -8.72499226e-02],
       [-9.40727796e-02,  6.05388386e-02, -6.25287829e-03, -7.25139952e-02, -9.89821129e-02],
       [ 4.93938167e-02,  1.18265096e-02, -4.58639193e-02, -3.00902350e-02,  1.03659848e-01],
       [ 1.25201881e-02,  8.83701966e-02, -6.95615662e-02,  3.22958322e-02, -8.92088480e-02],
       [-1.54200239e-02,  9.42941791e-02, -4.52906290e-02,  7.21247285e-02, -9.64664560e-02],
       [ 8.17317596e-02, -2.36772575e-02,  2.37648116e-03, -7.38319721e-02,  1.03629817e-01],
       [ 4.81536066e-02, -6.22302958e-02, -9.47708369e-02, -1.45850213e-02,  1.00400355e-01],
       [-7.82097695e-02, -7.88998340e-02,  9.31927096e-02,  1.37626035e-01, -6.48790227e-02],
       [-3.53910523e-02, -4.67631128e-02,  9.81462011e-02, -9.56970416e-02, -9.60444089e-02],
       [-9.98170337e-02, -6.80515543e-02, -5.14290779e-02, -3.16923153e-02, -9.84666719e-02],
       [-1.10009333e-01, -9.53027941e-02, -4.46537737e-02, -1.25078114e-02, -9.52488125e-02],
       [-1.31833051e-01, -5.97742729e-03,  3.65798556e-02, -1.46891266e-01,  8.28605625e-02],
       [-5.29722080e-02, -3.62326455e-02, -1.13281832e-01,  7.95470339e-02,  8.13239869e-02],
       [ 5.62869256e-03, -1.59557408e-02, -1.35672414e-02, -8.99366269e-02, -9.05000771e-02],
       [ 2.52916940e-02, -4.35927802e-02, -1.64532931e-01, -5.49904124e-02,  6.86410948e-02],
       [-6.75475688e-02, -1.17986412e-01, -1.31199635e-02,  7.40530393e-02, -8.45252859e-02],
       [-1.28381476e-01,  4.17402793e-02,  2.59484897e-02, -9.97847697e-02, -9.38541771e-02],
       [ 8.77651744e-02,  2.89983004e-02, -7.65183183e-02,  5.62879321e-03,  9.78681372e-02],
       [-3.12528101e-02,  7.65508675e-02, -3.83386052e-02,  2.83313624e-04, -9.27582370e-02],
       [-6.35949962e-02,  8.23364936e-02, -1.06706660e-02,  3.90638637e-02, -1.00075830e-01],
       [ 1.18322306e-01, -6.13948088e-03, -3.05163193e-02, -3.44172626e-02,  9.91211764e-02],
       [ 8.49741329e-02, -4.22536951e-02, -1.21429094e-01,  2.07434235e-02,  9.62931156e-02],
       [-9.62116401e-02, -8.62616352e-02,  1.07684059e-01,  1.08376777e-01, -6.18354399e-02],
       [-6.03847801e-02, -5.65551232e-02,  1.10817860e-01, -1.10593981e-01, -8.31507183e-02],
       [-1.32377047e-01, -8.18575750e-02, -1.54495202e-02, -6.18708777e-02, -9.33138412e-02],
       [-1.39605311e-01, -1.07032187e-01, -1.08987339e-02, -4.31301909e-02, -9.03113382e-02],
       [-9.27107169e-02,  9.15377135e-03,  7.01049787e-03, -1.11102134e-01,  7.98223350e-02],
       [-1.92307793e-02, -1.95878510e-02, -1.31045255e-01,  1.00048675e-01,  7.69980081e-02],
       [ 7.80576588e-02,  5.45481772e-02,  8.72344636e-02,  5.28442760e-03, -6.56711983e-02],
       [-6.20713577e-02,  9.55099470e-02,  9.83313038e-02, -1.43388155e-02,  7.85351331e-02],
       [-2.60726163e-02, -4.94474714e-02,  6.37908227e-02,  1.35966560e-01,  7.99807550e-02],
       [ 6.28819581e-02, -7.57178011e-03, -2.79026169e-02, -6.15976896e-02, -8.50964642e-02],
       [-9.36573533e-02, -6.94889058e-02,  1.06417791e-01,  4.86589842e-02,  7.35819301e-02],
       [-8.21548883e-02, -7.56812615e-02,  9.16693252e-02,  2.48745578e-02,  7.98476567e-02],
       [ 4.45448740e-02,  2.51448008e-02, -7.38435537e-02, -3.29303139e-02, -9.28551621e-02],
       [ 7.10381883e-02,  6.15450748e-02,  1.80781472e-02, -8.08783111e-02, -9.03297897e-02],
       [-1.37920197e-03,  6.87550848e-02, -3.98585323e-02, -5.91318393e-02,  5.98987850e-02],
       [-6.25295391e-02,  2.63407366e-02, -1.71737572e-02,  1.37105257e-01,  7.20658647e-02],
       [-2.01520901e-02,  5.02873877e-02,  1.01265845e-01,  1.03579792e-01,  8.01090014e-02],
       [-6.65198322e-03,  7.35309976e-02,  9.29478065e-02,  8.45970122e-02,  7.80600439e-02],
       [ 1.65475828e-01,  3.82764537e-03, -6.85968496e-02,  4.69909805e-02, -6.28542704e-02],
       [ 1.16793181e-01,  3.30659634e-02,  4.26517132e-02, -1.24541104e-01, -6.65547037e-02],
       [ 1.97995365e-02, -2.62244797e-02,  8.29343354e-02,  1.17660247e-01, -6.02777893e-02],
       [-1.32041020e-02,  1.00640898e-01,  1.19777697e-01,  3.32785045e-03, -6.81542200e-02],
       [-2.01774130e-02, -4.99233461e-02, -1.60336868e-01, -7.32818481e-02,  6.97564260e-02],
       [ 5.21415122e-02,  1.10887060e-01,  6.58012959e-02,  6.70064317e-02, -6.13166220e-02],
       [ 3.31970870e-02,  1.04598671e-01,  8.67369676e-02,  8.60105042e-02, -6.12362463e-02],
       [-2.56986879e-04, -6.57954075e-02, -1.18672212e-01, -9.21992684e-02,  6.48586326e-02],
       [-2.03487863e-02, -8.80074272e-02, -1.67076298e-01, -5.73886658e-02,  6.24724965e-02],
       [-1.83893240e-02, -1.68056522e-02,  1.23664170e-01,  1.08179338e-01, -4.10568685e-02],
       [ 2.32508067e-02,  1.86035911e-02,  1.49375958e-01, -8.19201054e-03, -5.59575594e-02],
       [-1.72364474e-02,  7.53406477e-03,  9.00835672e-02,  3.04419493e-02, -6.82686077e-02],
       [-2.55955732e-02, -1.18714778e-02,  8.83557194e-02,  4.16585079e-02, -6.61525321e-02],
       [-1.05647753e-01, -4.01119273e-02, -6.44860370e-02, -1.11313938e-01,  4.85766519e-02],
       [-6.82119582e-02, -6.26366383e-02, -1.54016687e-01,  5.82747649e-03,  5.11358177e-02],
       [ 4.88272132e-02,  4.99505922e-02,  6.95248773e-02, -1.18712403e-02,  8.28567137e-02],
       [-9.09433385e-03, -1.02657762e-01, -2.47146118e-02,  8.71199097e-02, -7.89552742e-02],
       [-2.89284710e-02,  1.45568640e-02,  9.98771800e-02, -7.86141992e-02,  6.87385126e-02],
       [-9.79078086e-03,  1.88803775e-02,  8.67536098e-02, -1.14201320e-01,  7.39108561e-02],
       [-3.29343495e-02, -7.75562936e-02, -5.92877098e-02,  1.21345398e-01, -7.86273283e-02],
       [-1.00884034e-02, -4.88706073e-02,  1.76751260e-02,  8.58850459e-02, -8.44160431e-02],
       [ 4.26083592e-02,  1.09558363e-01, -3.61586933e-02, -1.38788759e-01,  4.96933289e-02],
       [-3.44794950e-03,  1.24534662e-01, -2.03465728e-02,  8.10898768e-03,  7.42915954e-02],
       [ 4.63102802e-02,  1.37153193e-01,  9.48767171e-02, -4.23778091e-02,  7.48592120e-02],
       [ 5.47708884e-02,  1.51972102e-01,  8.75532118e-02, -5.29752976e-02,  7.25461375e-02],
       [ 1.04093049e-01, -5.97371557e-02, -6.50233994e-02,  1.41839610e-01, -5.77748734e-02],
       [ 6.82375428e-02, -5.22447764e-02,  4.51391847e-02, -5.49016926e-03, -6.86679411e-02],
       [-5.57126056e-02,  4.68630250e-02,  7.53896810e-03, -6.80405946e-02, -8.87708543e-02],
       [ 1.53679578e-03, -1.19682652e-01,  8.25642964e-02,  5.29928175e-02,  7.66789148e-02],
       [ 2.53837418e-02, -1.31791801e-01,  6.35705404e-02,  2.78007108e-02,  8.32647750e-02],
       [-9.26635612e-02,  8.93059757e-02, -3.65851155e-02, -3.85666713e-02, -9.68509830e-02],
       [-5.30263349e-02,  1.08541550e-01,  5.20963118e-02, -8.08734110e-02, -8.67976306e-02],
       [ 8.56040681e-02,  3.33793113e-02, -6.72704604e-02, -6.08611765e-02,  6.22112182e-02],
       [ 3.47776751e-02, -1.40665791e-02, -4.94733462e-02,  1.51412792e-01,  7.56208465e-02],
       [ 9.44906334e-02,  3.50800282e-03,  7.17716334e-02,  1.15962304e-01,  8.41535138e-02],
       [ 1.04456200e-01,  3.03573508e-02,  6.43168651e-02,  9.54792639e-02,  8.19532946e-02],
       [ 1.03952608e-01,  5.02742968e-02, -5.40424087e-02,  4.93559751e-02, -7.24413331e-02],
       [ 3.42833070e-02,  7.29934614e-02,  7.26722322e-02, -1.36169398e-01, -6.90588182e-02],
       [ 3.55039986e-02,  7.99656959e-02, -5.25842704e-02,  2.37906164e-02, -8.71306010e-02],
       [ 1.12594001e-02,  7.85094122e-02, -2.32557377e-02,  5.56898120e-02, -8.65779998e-02],
       [ 4.40548655e-02, -1.49830817e-02, -1.33577219e-02, -5.68480953e-02,  9.35214260e-02],
       [ 1.20027147e-02, -4.98492490e-02, -9.92813983e-02, -6.96878392e-03,  9.08505971e-02],
       [-5.41489081e-02, -7.52171255e-02,  9.32880423e-02,  1.15265210e-01, -5.86544686e-02],
       [-7.47282604e-04, -4.55919994e-02,  9.17598031e-02, -8.10738745e-02, -7.91806095e-02],
       [-6.06392942e-02, -6.86125950e-02, -3.09614083e-02, -3.36600709e-02, -8.82003630e-02],
       [-8.06770697e-02, -1.03704070e-01, -2.95028175e-02, -1.83733540e-02, -9.30858133e-02],
       [-1.29349790e-01, -1.14750067e-03,  1.85035937e-02, -1.12335397e-01,  6.88053346e-02],
       [-7.02714548e-02, -2.67608354e-02, -1.12286848e-01,  7.21386271e-02,  7.28287689e-02],
       [-5.14991217e-02, -1.40341965e-01,  1.05797526e-01, -5.03694630e-02,  7.40467923e-02],
       [ 1.02867339e-02,  9.88144681e-02, -8.30610536e-02,  5.07633423e-02, -8.07124241e-02],
       [ 3.54075734e-02,  1.25002838e-01, -7.23015135e-03,  1.10696039e-02, -7.89522255e-02],
       [ 1.92344302e-02,  6.61260456e-03, -2.22893740e-02, -1.13680240e-01,  5.60377323e-02],
       [-4.42406625e-02, -4.22382023e-02,  3.40499576e-03,  7.47223663e-02,  7.55352814e-02],
       [ 7.57301144e-03, -2.69644944e-02,  1.32109358e-01,  2.87887375e-02,  8.30104994e-02],
       [ 1.67314366e-02, -1.19651502e-03,  1.07537497e-01,  9.50711311e-03,  7.42028792e-02],
       [ 1.38751637e-01,  5.76714001e-02, -7.82233201e-02,  9.86483646e-02, -5.90142948e-02],
       [ 9.40321800e-02,  8.89544522e-02,  2.37405562e-02, -5.81961557e-02, -6.39047852e-02],
       [-1.56849766e-02,  1.04180695e-01, -6.45016187e-02,  8.85955977e-02, -8.65396744e-02],
       [ 1.46952834e-02,  1.35511101e-01,  1.86882588e-02,  4.25360781e-02, -8.52221169e-02],
       [ 4.06296218e-02,  1.01292997e-02, -3.97765697e-02, -1.45440230e-01,  6.02924684e-02],
       [-2.53109263e-02, -4.50218464e-02, -2.16494743e-02,  5.06055590e-02,  8.14337496e-02],
       [ 3.05720141e-02, -2.53208182e-02,  1.01703352e-01, -4.98842724e-03,  8.27813828e-02],
       [ 4.86964824e-02,  1.09701809e-03,  1.06108929e-01, -2.33966739e-02,  8.72117960e-02],
       [ 1.32950398e-01,  5.97895663e-02, -6.82079803e-02,  1.28519598e-01, -6.30282121e-02],
       [ 9.57222468e-02,  1.10482124e-01,  4.98178671e-02, -4.32448318e-02, -7.45202381e-02],
       [ 4.09235262e-02, -7.90587296e-02, -5.84412198e-02, -4.30318902e-02,  9.15006997e-02],
       [-8.07141831e-02, -5.99244245e-02,  7.16390362e-02,  1.54799133e-01, -6.38728720e-02],
       [-2.17232311e-02, -1.63923282e-02,  5.48137486e-02, -5.39622708e-02, -8.05986590e-02],
       [-8.55819083e-02, -3.71784306e-02, -7.33110887e-02,  1.50216291e-03, -8.87842429e-02],
       [-9.62283521e-02, -6.34892028e-02, -6.58928067e-02,  1.84180504e-02, -8.63944963e-02],
       [-1.09933291e-01, -1.78279512e-02,  4.85050309e-02, -1.38664867e-01,  6.85622428e-02],
       [-5.32189580e-02, -5.86789177e-02, -8.66640988e-02,  5.01266419e-02,  8.04378761e-02],
       [-5.10591614e-02, -3.58247307e-02,  1.15157659e-01,  1.07648416e-01, -5.78016718e-02],
       [-2.10259119e-03,  1.30846671e-02,  1.23315849e-01, -9.19974086e-02, -7.77199818e-02],
       [-6.71057051e-02, -2.92306466e-03,  1.53074212e-02, -5.16717364e-02, -9.42611527e-02],
       [-7.86778868e-02, -3.22111998e-02,  1.95557017e-02, -3.19069874e-02, -9.13391687e-02],
       [-1.40876144e-01, -5.34242097e-02, -1.85699726e-02, -1.10972899e-01,  7.28944874e-02],
       [-6.67141936e-02, -7.62246844e-02, -1.39013773e-01,  8.03578407e-02,  7.03525307e-02],
       [ 4.10930653e-02,  9.36576215e-02, -1.18552669e-01, -3.84835025e-02,  5.53588480e-02],
       [ 9.00338632e-02,  1.14909125e-01, -3.93671543e-02, -8.56770000e-02,  6.17441278e-02],
       [ 8.20032589e-02,  1.12042078e-01, -4.07826761e-02, -8.69795175e-02,  5.50704274e-02],
       [ 4.26788875e-02, -4.34170755e-02,  2.91646143e-02,  1.39548431e-01, -4.40216029e-02],
       [ 1.23017641e-02, -3.84134250e-02,  1.26915453e-01,  3.67201338e-02, -5.05867199e-02],
       [ 3.94713944e-02,  7.99944265e-02, -1.83354537e-02,  1.20843935e-01,  7.53472252e-02],
       [ 4.95123963e-02,  1.00599637e-01, -2.13609023e-02,  1.03046769e-01,  7.34396560e-02],
       [ 1.31107572e-01, -2.32054061e-02,  1.82563620e-02,  2.67805492e-02, -6.47394127e-02],
       [ 6.07740623e-02,  9.79354354e-04,  1.22615935e-01, -1.33168657e-01, -6.15378024e-02],
       [ 1.07332931e-01,  1.29186647e-01,  1.00693724e-01,  6.05378799e-02,  8.03415871e-02],
       [ 9.59740060e-02, -4.32095270e-02, -8.76147284e-02,  7.77289754e-02, -7.10288734e-02],
       [ 3.00789490e-02, -1.46133249e-02,  4.53927318e-02, -1.23798942e-01, -7.58519488e-02],
       [ 8.17764369e-02, -6.21884500e-02, -8.06286926e-02,  8.76658955e-02, -6.89268222e-02],
       [ 1.66370687e-02, -3.96170511e-02,  4.91440132e-02, -1.04667647e-01, -7.34139719e-02],
       [-1.75788882e-01, -3.40012027e-02, -4.11588499e-02, -2.76033108e-02,  5.94258031e-02]])})
2026-01-20 11:00:51,645 - final_problem_set.kxor_instance_n19_k2_m201_ell2_eps0.15_kappa0.75_rho1.0 - INFO - Running key extraction (n=19, m=201, ell=2, phase_qubits=12)
2026-01-20 11:00:51,647 - final_problem_set.kxor_instance_n19_k2_m201_ell2_eps0.15_kappa0.75_rho1.0 - INFO - Built voting matrix V (n=19, ell=2, dtype=complex128) in 0.002s
2026-01-20 11:00:51,647 - final_problem_set.kxor_instance_n19_k2_m201_ell2_eps0.15_kappa0.75_rho1.0 - INFO - Eval: adv=1.0000, hamming=0/19 (0.000), corr=1.000
2026-01-20 11:00:51,647 - final_problem_set.kxor_instance_n19_k2_m201_ell2_eps0.15_kappa0.75_rho1.0 - INFO - Key extraction complete: x_hat=2
2026-01-20 11:00:51,647 - final_problem_set.kxor_instance_n19_k2_m201_ell2_eps0.15_kappa0.75_rho1.0 - INFO - Finished step 'KeyExtractionStep' in 0.002s (success: True, problem=kxor_instance_n19_k2_m201_ell2_eps0.15_kappa0.75_rho1.0)
2026-01-20 11:00:51,647 - final_problem_set.kxor_instance_n19_k2_m201_ell2_eps0.15_kappa0.75_rho1.0 - INFO - SUCCESS: len(z_hat)=19
2026-01-20 11:00:51,647 - final_problem_set.kxor_instance_n19_k2_m201_ell2_eps0.15_kappa0.75_rho1.0 - INFO - Metrics: adv=1.0, ham_frac=0.0, corr=1.0
2026-01-20 11:00:51,647 - final_problem_set.kxor_instance_n19_k2_m201_ell2_eps0.15_kappa0.75_rho1.0 - INFO - z_hat (full): [ 1,  1,  1,  1, -1,  1, -1, -1,  1, -1, -1,  1,  1, -1, -1, -1, -1,  1,  1]
