2026-01-20 11:01:26,440 - final_problem_set.kxor_instance_n23_k2_m230_ell2_eps0.3_kappa0.875_rho1.0 - INFO - Starting iteration for /Users/julian/CodingProjects/UniT3/QuarticSpeedupK-XOR/z_Daphne/data/final_problem_set/kxor_instance_n23_k2_m230_ell2_eps0.3_kappa0.875_rho1.0.npz
2026-01-20 11:01:26,441 - final_problem_set.kxor_instance_n23_k2_m230_ell2_eps0.3_kappa0.875_rho1.0 - INFO - Loaded instance (n=23, m=230, k=2)
2026-01-20 11:01:26,441 - final_problem_set.kxor_instance_n23_k2_m230_ell2_eps0.3_kappa0.875_rho1.0 - INFO - Starting step 'ComputeKikuchiStep' (version 0.1) on problem kxor_instance_n23_k2_m230_ell2_eps0.3_kappa0.875_rho1.0 (fields={'ell': 2, 'threshold': 0.0})
2026-01-20 11:01:26,478 - final_problem_set.kxor_instance_n23_k2_m230_ell2_eps0.3_kappa0.875_rho1.0 - INFO - Finished step 'ComputeKikuchiStep' in 0.037s (success: True, problem=kxor_instance_n23_k2_m230_ell2_eps0.3_kappa0.875_rho1.0)
2026-01-20 11:01:26,478 - final_problem_set.kxor_instance_n23_k2_m230_ell2_eps0.3_kappa0.875_rho1.0 - INFO - Starting step 'ClassicalEigenvaluesStep' (version 0.1) on problem kxor_instance_n23_k2_m230_ell2_eps0.3_kappa0.875_rho1.0 (fields={'ell': 2, 'threshold': 0.0, 'kikuchi_matrix': <Dictionary Of Keys sparse matrix of dtype 'int64'
	with 6384 stored elements and shape (253, 253)>, 'num_eigenvalues': 5})
2026-01-20 11:01:26,607 - final_problem_set.kxor_instance_n23_k2_m230_ell2_eps0.3_kappa0.875_rho1.0 - INFO - Finished step 'ClassicalEigenvaluesStep' in 0.130s (success: True, problem=kxor_instance_n23_k2_m230_ell2_eps0.3_kappa0.875_rho1.0)
2026-01-20 11:01:26,607 - final_problem_set.kxor_instance_n23_k2_m230_ell2_eps0.3_kappa0.875_rho1.0 - INFO - Starting step 'KeyExtractionStep' (version 0.1) on problem kxor_instance_n23_k2_m230_ell2_eps0.3_kappa0.875_rho1.0 (fields={'ell': 2, 'threshold': 0.0, 'kikuchi_matrix': <Dictionary Of Keys sparse matrix of dtype 'int64'
	with 6384 stored elements and shape (253, 253)>, 'num_eigenvalues': 5, 'eigenvalues': array([13.89539938, 14.14233003, 15.00209044, 15.4357114 , 25.5579224 ]), 'eigenvectors': array([[-1.76566798e-02,  1.34842096e-01,  1.66161229e-02, -2.55927227e-03, -5.98894078e-02],
       [ 1.03139632e-01, -1.13390322e-02, -9.09764032e-02, -2.16739514e-03,  7.61314751e-02],
       [-1.33379928e-02, -1.60002242e-02,  9.73426062e-02, -8.38573137e-02, -5.91556798e-02],
       [-1.01067691e-01, -1.28095539e-02, -4.46606904e-02, -4.20306687e-02,  6.61928897e-02],
       [-5.47986146e-03, -7.85729206e-02, -8.41410394e-02, -5.73765613e-03,  6.71333823e-02],
       [-4.66546365e-02,  7.57226102e-03, -2.32686796e-02,  1.28669887e-02, -6.70032444e-02],
       [-7.45136032e-04, -4.20071768e-02, -1.40811213e-01, -5.66027927e-02,  5.30034103e-02],
       [-6.59088602e-02,  2.02508387e-02,  7.63215361e-02, -8.28269060e-02, -5.45816047e-02],
       [ 5.14594603e-02,  1.05027621e-01,  1.15857895e-01, -1.50770655e-02, -5.78840257e-02],
       [-5.53589557e-02,  7.76900680e-02,  5.04670060e-02, -8.53325953e-02, -6.77681310e-02],
       [ 3.09009351e-02,  3.73369202e-02, -3.04028159e-02,  2.79430835e-02,  7.25989934e-02],
       [ 4.12369992e-02, -8.42890241e-02, -6.83719991e-02,  1.87719486e-02,  7.07007822e-02],
       [-3.68186792e-02, -7.80435621e-02,  1.25419004e-01,  7.55948110e-03, -5.75239561e-02],
       [ 1.87302689e-03,  1.35236984e-02,  1.11675126e-01, -5.57858707e-02, -7.91537927e-02],
       [-5.48847717e-02,  5.73296447e-02,  6.78959335e-03, -2.99356041e-02, -6.50409628e-02],
       [ 1.76364757e-02, -3.23293935e-02,  6.12969455e-02, -5.40044944e-02, -7.70238170e-02],
       [-3.11984437e-02,  4.47089018e-02,  9.99400291e-02, -5.39541201e-02, -7.12989181e-02],
       [ 5.78529623e-02, -1.34212669e-02, -3.99398202e-02, -8.50143531e-02,  5.61704203e-02],
       [-3.13763878e-02,  2.26345656e-02,  1.04003128e-02,  1.94392781e-02, -5.91777591e-02],
       [ 1.08058450e-01, -4.08258645e-02, -5.65865670e-02, -7.17937396e-02,  5.56817814e-02],
       [-9.81291049e-02,  6.28856128e-02,  7.12211124e-02, -5.95289395e-02, -7.21674554e-02],
       [-5.23666381e-02, -1.66307708e-02,  2.35265857e-02,  5.64155800e-02,  6.40408525e-02],
       [-4.83260598e-02,  8.71248512e-02, -4.15640715e-02,  3.57165016e-02, -6.48747099e-02],
       [-1.63524154e-02, -4.96182536e-02,  5.20946368e-03,  4.97027009e-02,  5.41774291e-02],
       [ 9.76809922e-02,  6.86222963e-02, -5.45576082e-02,  5.65541712e-02, -5.18271112e-02],
       [ 3.34179221e-02,  1.32855280e-01, -2.92011689e-02,  3.24390607e-02, -5.69869218e-02],
       [ 9.31645581e-03, -7.41011951e-02,  1.19037060e-01, -3.84680828e-02,  5.53392151e-02],
       [ 2.58804201e-02,  9.82787526e-02,  4.60599184e-02,  7.54180020e-02, -4.86563143e-02],
       [ 3.05922925e-02, -6.96129103e-02,  1.50769146e-02,  4.60960376e-02,  4.69250326e-02],
       [-6.66223243e-02, -1.43050169e-01, -1.25689498e-02, -1.06289366e-02,  4.91889196e-02],
       [ 1.53351960e-02, -1.31855072e-01,  5.84799690e-02,  4.03104772e-02,  5.72928295e-02],
       [ 7.24931664e-03,  4.21414217e-02, -8.50560597e-02,  7.79936290e-03, -6.09839946e-02],
       [-4.35988923e-03,  1.57224745e-01, -5.24899642e-02,  1.68506561e-02, -6.33960174e-02],
       [ 6.08028797e-03,  9.97994066e-03, -2.50509577e-02, -3.23143475e-02,  5.27016234e-02],
       [-4.19672385e-02, -9.82875347e-02,  2.67030699e-02,  1.39723869e-02,  7.21649365e-02],
       [ 1.63238222e-02, -1.12173629e-01,  8.90221275e-02, -3.61362323e-03,  5.46252085e-02],
       [-4.84988498e-02, -5.02857221e-02,  6.67605626e-02,  1.11938167e-02,  6.47519247e-02],
       [-5.86913626e-03, -1.08839125e-01,  2.29320868e-02,  1.17947857e-02,  6.05211741e-02],
       [-2.38319761e-02,  6.34787138e-02, -4.40206257e-02,  9.04476527e-02, -4.69378969e-02],
       [ 1.25871897e-03, -7.45606035e-02,  7.35636791e-02, -3.80083343e-02,  4.89722087e-02],
       [-5.64580409e-02,  7.72359195e-02, -3.19029505e-02,  7.55408669e-02, -4.36270905e-02],
       [ 4.52796051e-02, -1.24338946e-01,  5.05031937e-02,  1.82932979e-02,  6.09641413e-02],
       [ 6.16620766e-02,  6.95291517e-02, -1.03094108e-01, -1.69632372e-02, -4.98980455e-02],
       [-4.33222910e-02, -7.24537678e-02,  5.10198858e-02, -5.47167268e-02, -6.40832602e-02],
       [-7.69245682e-02,  5.04431752e-02,  1.61817919e-02, -8.99751854e-02,  7.08338399e-02],
       [ 2.35037415e-02, -2.33530409e-02, -2.80636062e-02, -4.97109192e-02,  7.20308192e-02],
       [-7.10334731e-02, -5.10563873e-02, -8.25367722e-02,  5.04405617e-02, -6.60740593e-02],
       [ 1.88559326e-02,  1.76556565e-03, -1.05195853e-01, -9.36860843e-02,  5.71993845e-02],
       [-1.12779514e-01, -3.25504538e-02,  3.67289362e-02, -6.11174466e-02, -6.33811967e-02],
       [ 3.06229261e-02,  6.68801179e-02,  7.98474507e-02,  2.26343143e-02, -6.72542712e-02],
       [-9.36807840e-02,  2.04587306e-02, -9.84504546e-03, -5.11009531e-02, -7.35389909e-02],
       [ 6.88070538e-02,  1.11939669e-01,  3.94459321e-02, -1.77275561e-02,  7.71818696e-02],
       [ 7.67390710e-02, -2.48114650e-02, -6.97640158e-03, -2.37960028e-02,  7.62327425e-02],
       [-6.54942084e-02, -1.37934505e-01,  8.25509153e-02,  4.26341413e-02, -6.16401121e-02],
       [-3.72228270e-02, -6.35747657e-02,  4.37779407e-02, -8.45007416e-03, -8.58580125e-02],
       [-8.95043004e-02,  1.03193337e-03, -5.47384010e-02,  9.32570588e-03, -6.93121437e-02],
       [-1.74465712e-02, -9.92646807e-02, -9.26895441e-03, -5.87181461e-03, -7.69538346e-02],
       [-6.94119726e-02, -1.92939053e-02,  3.99046844e-02, -1.28430406e-02, -7.73496787e-02],
       [ 8.34804076e-02,  3.62896878e-02,  7.90124309e-03, -1.24521874e-01,  5.96244028e-02],
       [-5.87821362e-02, -2.97399577e-02, -4.36610036e-02,  5.66385433e-02, -6.26564472e-02],
       [ 1.22561796e-01,  7.06948028e-03, -5.69866893e-03, -1.02298189e-01,  5.50393891e-02],
       [-1.41839232e-01, -1.66016850e-03,  5.78255453e-03, -1.91074613e-02, -7.75973783e-02],
       [-2.27444989e-02,  4.56821457e-02,  8.85313307e-02,  1.74593801e-02,  6.83293129e-02],
       [ 1.25145506e-01, -6.44656521e-02,  1.98440713e-02, -1.26364817e-02, -5.90969471e-02],
       [ 4.09510035e-02, -6.14566505e-03,  5.39989427e-02, -4.69723935e-02, -6.02199967e-02],
       [ 6.08952896e-03,  7.00431825e-02,  4.28115897e-02,  4.02782139e-02,  5.95022669e-02],
       [ 3.29340039e-02, -2.47110896e-02,  1.24002272e-01,  9.66925609e-03, -5.16019192e-02],
       [ 3.02326787e-02,  4.10454765e-02, -5.11955580e-02,  1.15718601e-01,  4.87378146e-02],
       [-7.59864994e-02, -2.94519242e-02, -8.72782966e-02,  5.81643741e-02,  5.21070894e-02],
       [ 1.23779999e-02,  8.05539645e-03, -2.42180451e-02,  1.29305829e-01,  6.01791231e-02],
       [ 9.62211657e-03, -1.03699104e-01,  4.47055074e-03, -7.45749429e-02, -6.02896857e-02],
       [ 1.90650254e-03, -4.43066609e-03,  4.44721510e-02, -8.01046775e-02, -6.78036230e-02],
       [ 2.52703967e-03,  1.29674033e-01, -9.47642570e-02,  3.57445005e-02,  5.10673729e-02],
       [-4.37736824e-02,  7.80963517e-02, -7.40981249e-02,  1.12048022e-01,  6.99210788e-02],
       [ 1.71063642e-02,  2.33919025e-02,  1.57300815e-02,  8.43417284e-02,  6.15701128e-02],
       [-4.95579736e-02,  1.02968352e-01, -2.69124385e-02,  9.87972588e-02,  6.32208024e-02],
       [-1.16716470e-02,  4.42232668e-02, -7.53003633e-02,  1.14772140e-01,  6.78857203e-02],
       [-2.40608174e-02, -5.62816422e-02,  2.17994431e-02,  3.64355793e-02, -5.41808767e-02],
       [-2.14017149e-03,  5.15156105e-02,  8.82487036e-03,  3.09676880e-02,  5.63659224e-02],
       [-6.52529880e-02, -2.81805094e-02,  3.30511173e-02,  2.17809880e-02, -5.01707653e-02],
       [ 4.69546429e-02,  2.63719619e-02, -3.95177837e-02,  1.10912171e-01,  6.42481389e-02],
       [ 7.11664008e-02, -5.20003366e-02, -3.75984274e-02, -9.11313909e-02, -5.32775350e-02],
       [-1.44753493e-01, -1.91775589e-02,  6.10228221e-03, -7.88066145e-02,  6.16253976e-02],
       [ 8.87654432e-02, -3.75178947e-02, -9.18768380e-02,  7.72964722e-02, -5.64170645e-02],
       [-1.09230912e-01,  1.55208059e-03, -6.44239148e-02, -1.07928946e-01,  4.90167297e-02],
       [ 6.17782484e-02, -2.47162054e-02,  5.96009208e-03, -1.89598561e-02, -5.50527461e-02],
       [ 1.65743713e-01,  5.12810009e-02,  3.57226953e-02,  4.83149825e-02, -5.36035949e-02],
       [ 1.04903650e-01,  2.29290674e-02, -4.07792034e-02, -5.30458813e-03, -6.80284980e-02],
       [-1.16217931e-01,  7.74186484e-02,  5.65109516e-02, -5.15887880e-02,  6.20090285e-02],
       [-1.12274212e-01, -2.44815480e-02,  2.44624473e-02, -6.11186166e-02,  6.55838963e-02],
       [ 8.51841187e-02, -1.12265835e-01,  4.61640955e-02,  6.81901923e-02, -5.30728073e-02],
       [ 1.73618745e-01, -4.84693869e-02,  1.75864503e-03,  3.96591813e-02, -7.36974594e-02],
       [ 9.58671172e-02,  5.57178813e-03, -8.00607311e-02,  4.99319917e-02, -6.37404185e-02],
       [ 1.63511523e-01, -7.79686355e-02, -3.66889095e-02,  3.68789181e-02, -6.57550753e-02],
       [ 1.36540307e-01, -1.43013471e-02,  4.35844492e-03,  3.32847201e-02, -7.08434015e-02],
       [-6.06433451e-02,  2.80658241e-02,  2.82217951e-02, -1.33867826e-01,  5.07372049e-02],
       [ 8.99519499e-02, -2.24960284e-02, -5.75745499e-02,  8.04435585e-02, -5.37046398e-02],
       [-2.31540385e-02,  6.60023017e-03,  1.78817197e-02, -1.26175463e-01,  5.04911119e-02],
       [ 7.16772926e-02,  3.23681028e-03, -2.91642611e-02,  2.74643332e-02, -7.26451543e-02],
       [-1.61852423e-01,  2.93507773e-02,  8.84883908e-02, -1.86838243e-02,  5.41430996e-02],
       [ 1.47783672e-02,  1.84479244e-02, -6.93777611e-02,  5.13846729e-02, -6.25611809e-02],
       [-4.80579815e-02, -4.92263337e-02, -1.03832753e-01, -9.06945821e-02,  5.36086268e-02],
       [-1.86447920e-02,  3.44407309e-02,  4.29734498e-02, -5.41031500e-02, -5.98937953e-02],
       [ 1.01976098e-01,  1.15432879e-01,  7.31221729e-02,  2.11228334e-02, -5.84406373e-02],
       [ 9.98362300e-03,  1.02255829e-01, -1.24183311e-03, -4.83861899e-02, -7.37604111e-02],
       [-3.89474023e-02,  2.40677649e-02,  2.61382754e-02, -2.11730235e-02,  7.33996415e-02],
       [-2.46720401e-02, -9.88523153e-02, -1.45276779e-02, -2.60260588e-02,  7.15085426e-02],
       [ 1.68419882e-02, -7.57476378e-02,  9.40217696e-02,  4.92858777e-02, -6.24286356e-02],
       [ 7.79469511e-02,  2.78908283e-02,  5.07017236e-02, -3.12156809e-03, -8.08201781e-02],
       [ 6.74282877e-03,  6.89462212e-02, -4.25331015e-02,  1.23740049e-02, -6.47772412e-02],
       [ 8.22198427e-02, -1.58515288e-02,  1.39224004e-03, -7.94418822e-04, -7.25484033e-02],
       [ 4.04569589e-02,  6.47082930e-02,  5.17370084e-02, -8.70673131e-03, -7.82370050e-02],
       [ 7.79658562e-03, -1.96823318e-02, -2.32555129e-06, -1.20409327e-01,  5.59066801e-02],
       [ 2.51319582e-02,  3.74835544e-02, -3.56467625e-02,  6.32174096e-02, -6.31790425e-02],
       [ 5.31543288e-02, -4.83776210e-02, -1.37080103e-02, -1.10232169e-01,  5.58810074e-02],
       [-3.00642006e-02,  7.74607908e-02,  1.45045100e-02, -1.24369465e-02, -7.34916208e-02],
       [-1.13062570e-01, -2.94905034e-02,  7.39793186e-02,  1.37855130e-02,  6.44812536e-02],
       [ 1.13508449e-02, -5.26029634e-03,  1.80250778e-02,  9.68648241e-02, -5.37072348e-02],
       [ 5.63972719e-02,  2.72305547e-02,  4.69238505e-02,  4.08247131e-02,  5.19402014e-02],
       [-6.25884823e-02, -5.67397934e-02,  2.03954404e-02, -2.83748204e-02,  5.86060399e-02],
       [ 4.13357464e-02, -1.64454976e-02,  1.02552985e-01,  3.19530651e-02,  6.34083092e-02],
       [-1.81972036e-02, -8.45433083e-02, -1.19927596e-01,  2.25365060e-02, -6.20306994e-02],
       [-2.76035077e-02,  2.11313785e-02, -9.04656039e-02,  3.16962303e-02, -6.49625694e-02],
       [ 2.89937018e-02,  1.31981269e-01,  8.10602874e-03, -4.98071281e-02,  5.74934568e-02],
       [-1.44969423e-02,  6.16952152e-02,  7.98844227e-02, -4.15599242e-03,  7.97693414e-02],
       [ 4.13411283e-02, -9.94235951e-04,  1.32763382e-01, -1.77644236e-02,  5.92547634e-02],
       [-2.09870462e-02,  8.35239998e-02,  1.05831098e-01, -5.52507507e-03,  6.62473256e-02],
       [ 2.18183165e-02,  1.91015557e-02,  7.15603072e-02, -8.62382197e-04,  7.18597172e-02],
       [-4.30866728e-02, -3.09396902e-02, -7.74782757e-02,  1.12247619e-01, -5.10090228e-02],
       [ 2.25399309e-02,  2.47989119e-02,  1.14099312e-01, -5.47002943e-02,  5.40973409e-02],
       [-7.81004854e-02, -6.66113899e-03, -6.16992448e-02,  9.45083582e-02, -4.76787382e-02],
       [ 9.01263510e-02,  1.74597643e-03,  1.07513098e-01,  7.14415018e-03,  7.20494236e-02],
       [ 4.71345747e-02, -3.33684878e-02, -1.44774432e-01, -5.84155078e-03, -5.43745722e-02],
       [-1.85208836e-02,  9.20555489e-03,  1.04044637e-01,  4.48085429e-03, -4.80294724e-02],
       [ 7.59875780e-02,  7.02558239e-02,  1.22161216e-01,  6.05527361e-02, -4.61955800e-02],
       [ 2.08635332e-03,  5.79640196e-02,  8.65606416e-02,  2.07796459e-02, -5.93711757e-02],
       [-2.72328291e-02,  4.17977362e-02, -6.47902103e-02, -7.30450583e-02,  5.86354332e-02],
       [-1.56075741e-02, -5.38243468e-02, -9.36636978e-02, -7.61922582e-02,  5.65670644e-02],
       [ 1.10812564e-02, -6.73664487e-02,  1.28660387e-01,  7.56411415e-02, -4.55445509e-02],
       [ 5.55514223e-02, -1.68539514e-03,  1.34848117e-01,  6.28494341e-02, -6.40423681e-02],
       [ 1.59333341e-03,  4.01460580e-02,  4.46473464e-02,  6.70271899e-02, -5.63416055e-02],
       [ 6.85313041e-02, -4.00780056e-02,  9.24647841e-02,  6.04220915e-02, -6.23204651e-02],
       [ 2.52532716e-02,  2.43772453e-02,  1.19786939e-01,  5.28985702e-02, -5.76370175e-02],
       [ 6.10742124e-03, -3.22439482e-03, -6.02481378e-02, -1.32895915e-01,  4.43434241e-02],
       [ 1.75916839e-02,  9.95340552e-03,  4.52040857e-02,  9.89857924e-02, -5.03854781e-02],
       [ 3.91990969e-02, -2.04472955e-02, -6.52666828e-02, -1.14423044e-01,  4.13144168e-02],
       [-3.23370640e-02,  4.31907869e-02,  1.07233745e-01,  5.03227078e-02, -6.31173399e-02],
       [-8.71374453e-02, -1.87092600e-03, -1.67204775e-02, -4.09747810e-02,  5.20776295e-02],
       [-2.68301488e-02, -6.31852323e-02, -7.74681249e-02,  6.51091618e-02,  5.14094581e-02],
       [ 6.63891083e-02, -2.49365353e-02, -9.18012307e-03,  1.25229959e-01,  5.54691274e-02],
       [-5.12581116e-02, -6.99751112e-02, -1.22542962e-02, -8.30759109e-02, -5.95129750e-02],
       [-5.64353001e-02,  3.11169896e-02,  2.39949934e-02, -7.48793262e-02, -5.88101104e-02],
       [ 5.01335167e-02,  9.12913835e-02, -7.54976236e-02,  3.86214959e-02,  4.76066765e-02],
       [ 2.64241401e-02,  3.02748256e-02, -5.23300176e-02,  1.12867406e-01,  6.57460456e-02],
       [ 7.51271807e-02, -1.35980767e-02,  2.84885026e-02,  8.53177600e-02,  5.73106858e-02],
       [ 1.32921789e-02,  5.79865470e-02, -1.08506878e-02,  9.98333075e-02,  5.93010849e-02],
       [ 4.94042053e-02,  2.33732739e-03, -4.72883755e-02,  1.02542673e-01,  5.85400936e-02],
       [-7.49249509e-02, -2.04883066e-02,  9.33026627e-03,  2.79146796e-02, -5.05245508e-02],
       [ 5.18070033e-02,  1.48858384e-02,  2.06652008e-02,  3.47094339e-02,  5.19147118e-02],
       [-1.07992716e-01,  2.31161349e-03,  2.08768527e-02,  1.46171916e-02, -4.64183906e-02],
       [ 1.03734335e-01, -1.10955999e-02, -2.17518496e-02,  1.08420698e-01,  5.93146905e-02],
       [ 1.96642458e-02, -2.20641087e-02, -5.14123780e-02, -9.94706610e-02, -5.22593933e-02],
       [-5.60406665e-02, -1.16843656e-01, -4.56706299e-02,  5.76151810e-02,  5.96892534e-02],
       [ 8.59914897e-02,  2.20250048e-02,  2.74488983e-02, -5.52096904e-03, -6.35784126e-02],
       [ 7.12009470e-02,  1.23833713e-01,  6.01361752e-02, -8.94418089e-04, -6.18162317e-02],
       [-5.83308863e-02,  2.91101443e-02, -1.23119399e-01, -2.21952920e-02,  5.37652695e-02],
       [-1.23007391e-01, -7.23036912e-02, -9.91963459e-02,  2.84323156e-02,  6.95923279e-02],
       [-5.54706421e-02, -1.08654511e-01, -6.99122451e-03,  9.99211863e-03,  6.10989559e-02],
       [-1.21083938e-01, -3.03061854e-02, -5.08122888e-02,  2.42449095e-02,  6.33162649e-02],
       [-8.20525427e-02, -9.01552319e-02, -8.93305300e-02,  2.88352683e-02,  6.25701337e-02],
       [ 3.59379548e-02,  5.53157584e-02,  4.06449057e-02,  9.53731046e-02, -5.27500322e-02],
       [-6.57723274e-02, -6.86035404e-02, -1.24129115e-02, -3.41569693e-02,  5.50804098e-02],
       [-9.13345638e-03,  6.43625801e-02,  4.39751037e-02,  7.03944767e-02, -4.58470162e-02],
       [-2.65014016e-02, -1.19469777e-01, -6.86693376e-02,  3.89825719e-02,  6.78780661e-02],
       [ 1.42694597e-01,  6.18137325e-02, -1.98863119e-02, -3.20321843e-02, -5.55078757e-02],
       [-2.83251817e-02, -2.51196703e-02, -5.90898836e-02, -7.50542124e-02, -6.87008815e-02],
       [-3.91895480e-02,  9.77158047e-02, -2.08123672e-02, -7.11268840e-02, -7.15532340e-02],
       [ 4.18804227e-02,  7.94866822e-02, -6.16272426e-02,  3.83472018e-02,  6.34933001e-02],
       [-4.15429076e-03, -2.54831354e-02, -8.64281437e-03,  1.18336467e-01,  8.13105476e-02],
       [ 5.41490172e-02, -6.78117218e-02,  7.59398403e-02,  7.73917184e-02,  6.54276170e-02],
       [-1.93968128e-02,  2.08051219e-02,  4.18612272e-02,  1.15373064e-01,  7.82890498e-02],
       [ 3.10868933e-02, -5.39769686e-02, -8.94919856e-03,  1.08367993e-01,  7.25492043e-02],
       [-6.49573461e-02,  2.51015555e-02, -3.10589263e-02,  5.09466103e-02, -6.19612639e-02],
       [ 3.64304462e-02, -3.46495009e-02,  7.20049427e-02,  2.68742021e-02,  6.42385579e-02],
       [-1.09497546e-01,  4.88415741e-02, -1.50196614e-02,  3.31355108e-02, -5.69392946e-02],
       [ 9.76900202e-02, -7.44595761e-02,  2.54001712e-02,  1.16292625e-01,  7.33626232e-02],
       [ 4.83160615e-02,  2.20479318e-02, -9.81741105e-02, -9.45360014e-02, -5.99116071e-02],
       [ 1.16643439e-02,  2.17073705e-02,  4.40413789e-02,  6.62832967e-03,  7.16633542e-02],
       [-1.54274129e-02, -1.63090860e-01,  3.64646520e-02,  1.70618901e-02, -5.80565925e-02],
       [ 3.42902920e-02, -1.11094815e-01, -1.93916977e-02, -4.11182188e-02, -8.09332041e-02],
       [-2.92933714e-02, -3.92721534e-02, -9.72158936e-02, -1.71684871e-02, -6.51589235e-02],
       [ 4.25883514e-02, -1.36556063e-01, -6.18287137e-02, -3.52450413e-02, -7.22109207e-02],
       [-2.98016466e-03, -6.51064493e-02, -1.63623395e-02, -4.10288459e-02, -7.29247591e-02],
       [ 3.50725821e-02,  6.75982416e-02,  4.62708159e-02, -9.59938006e-02,  5.68169683e-02],
       [-1.13949526e-02, -7.37182052e-02, -9.23070519e-02,  3.18822910e-02, -6.32826254e-02],
       [ 7.48977261e-02,  3.81734036e-02,  3.07186015e-02, -7.73070224e-02,  5.24340875e-02],
       [-6.94616781e-02, -4.91220584e-02, -5.09121187e-02, -4.79862837e-02, -7.36033002e-02],
       [-6.72136595e-02,  7.20857687e-02,  1.16025539e-01,  3.92801996e-02,  5.89779541e-02],
       [-2.67052544e-02, -7.84551008e-02,  7.92924330e-02,  2.62823506e-02, -6.58883352e-02],
       [ 2.76854391e-02,  3.31001222e-02,  3.29400730e-02, -4.04305690e-02, -9.07770759e-02],
       [-3.99909144e-02,  7.63060178e-02, -6.42755612e-02, -1.08282549e-02, -6.84335015e-02],
       [ 3.96512480e-02, -1.68599887e-02, -2.26992276e-02, -3.40975502e-02, -8.17307938e-02],
       [-1.35841511e-02,  6.27335395e-02,  2.59777764e-02, -3.52334881e-02, -7.61183912e-02],
       [ 5.15692728e-02, -3.10000224e-02,  1.88049758e-02, -1.16365381e-01,  6.32638778e-02],
       [-2.06170946e-02,  4.26652885e-02, -5.86426367e-02,  4.16667805e-02, -6.68784034e-02],
       [ 8.88871231e-02, -4.82394860e-02,  3.30455525e-03, -8.75419053e-02,  5.45917105e-02],
       [-8.28705382e-02,  8.34674566e-02, -8.12715802e-03, -4.29789393e-02, -7.70195862e-02],
       [-6.53203047e-02, -2.85112387e-02,  8.84837842e-02,  3.68370670e-02,  6.30928918e-02],
       [-1.18375929e-02,  1.53592314e-01, -1.10311032e-01, -1.41804127e-03,  6.82052298e-02],
       [ 4.24581843e-02,  9.16216730e-02, -1.90855021e-02, -1.36649689e-02,  6.05701162e-02],
       [-2.17399521e-02,  1.69448946e-01, -6.18220644e-02, -3.33779972e-03,  6.16380681e-02],
       [ 1.57341191e-02,  1.08732066e-01, -9.89320181e-02,  2.91413639e-03,  6.16592447e-02],
       [-3.82810575e-02, -9.70663072e-02,  4.32419987e-02,  1.00330364e-01, -4.78992105e-02],
       [ 2.04041476e-02,  1.10721102e-01, -2.22032929e-02, -5.41922993e-02,  5.38409010e-02],
       [-7.19783287e-02, -6.94428732e-02,  5.12393429e-02,  8.36911790e-02, -4.47972551e-02],
       [ 8.25032869e-02,  1.04072714e-01, -8.08365334e-02,  9.93419258e-03,  6.72311813e-02],
       [ 5.18947208e-02, -1.19948793e-01, -9.04471267e-03, -9.09576224e-03, -5.52423823e-02],
       [-5.81109391e-05, -4.21444365e-03,  4.30424610e-02,  4.63616443e-02,  7.77707944e-02],
       [-9.19223016e-02,  1.07981275e-01, -1.15734783e-02,  7.10130119e-02,  8.48508614e-02],
       [-3.73104281e-02,  1.89815173e-02, -6.72293774e-02,  7.86746017e-02,  8.52043201e-02],
       [-1.27851350e-02, -4.61573520e-02,  9.51151999e-03,  1.01633732e-01, -7.20822606e-02],
       [-1.94441206e-02,  3.30599569e-02,  3.26644725e-02, -1.55408632e-02,  7.01513317e-02],
       [-6.91116209e-02, -1.08048227e-02,  2.53613847e-02,  7.85975399e-02, -6.73133996e-02],
       [ 4.32351968e-02, -1.93549094e-03, -2.87365074e-02,  8.69256468e-02,  8.66596198e-02],
       [ 1.16786804e-01, -4.18133133e-02, -7.36382077e-02, -7.19641139e-02, -7.08005657e-02],
       [-1.23354740e-02,  3.44493720e-02,  8.04591404e-02,  4.05705445e-02,  6.97782226e-02],
       [ 3.62803143e-02, -3.99198676e-02,  3.96904861e-02,  4.99631429e-02,  7.46610198e-02],
       [-5.49584913e-02,  5.39857761e-03, -5.96829517e-02,  8.87723018e-02, -5.40260456e-02],
       [ 3.62017293e-02, -1.75542205e-02,  1.07662591e-01, -2.65958023e-02,  6.05924993e-02],
       [-1.02802611e-01,  3.30077314e-02, -4.94937237e-02,  7.68759741e-02, -5.38933100e-02],
       [ 9.66646385e-02, -5.21381793e-02,  7.01335278e-02,  5.17598553e-02,  6.99499326e-02],
       [ 4.25878234e-02,  7.73085807e-03, -1.28530048e-01, -4.27754631e-02, -5.71490739e-02],
       [-4.73964500e-02,  5.99208763e-02, -1.17047415e-02,  6.84381182e-02,  7.71644410e-02],
       [ 6.48239923e-04, -7.77560049e-02, -3.09868620e-02,  9.28405579e-02, -6.45756715e-02],
       [-2.77944180e-02,  6.28568259e-02,  6.54724917e-02, -1.45716746e-02,  6.26746569e-02],
       [-4.93822428e-02, -4.38087602e-02, -1.53697830e-02,  7.24430490e-02, -6.00840097e-02],
       [ 2.38171375e-02,  4.24610086e-02,  2.48243518e-02,  7.60847149e-02,  7.80749591e-02],
       [ 1.12371568e-01, -7.01596524e-02, -1.02744487e-01, -6.28996205e-02, -6.32121561e-02],
       [-4.26244363e-02, -8.70358131e-03,  8.61605475e-03,  8.80440127e-02, -6.51089991e-02],
       [ 1.05640152e-02,  1.28606964e-03,  2.75823407e-02, -1.04793795e-02,  6.27951445e-02],
       [-9.06219425e-02,  1.85998581e-02,  2.26095881e-02,  6.64063366e-02, -5.95466632e-02],
       [ 7.45360514e-02, -3.72700987e-02, -2.71236352e-02,  8.17552058e-02,  7.76404592e-02],
       [ 7.46305454e-02, -9.91519440e-03, -6.37736062e-02, -6.74519581e-02, -6.36432407e-02],
       [-3.42381873e-02, -1.91505460e-02, -4.84220489e-02,  1.12244230e-01, -4.86291989e-02],
       [ 8.17658680e-02, -1.46934235e-04,  1.00980412e-02, -1.35465561e-01,  4.23695202e-02],
       [-1.05326786e-01,  5.38044712e-03, -1.97800360e-02,  8.31317404e-02, -6.55455594e-02],
       [-3.00479402e-02,  2.88365304e-02,  8.55534344e-02, -6.66413887e-02,  5.35922646e-02],
       [-6.70561562e-02,  2.77582312e-03, -3.37517805e-02,  9.46096202e-02, -4.52191273e-02],
       [ 6.60589997e-02, -1.35854460e-02,  5.77955422e-02, -3.90601556e-03,  6.36549186e-02],
       [ 4.92004230e-02, -1.90584921e-02, -1.10456906e-01,  6.65850828e-04, -5.18240070e-02],
       [-1.33500116e-01,  3.00523645e-02, -2.25154243e-03,  6.06459686e-02, -5.65578414e-02],
       [ 1.34353912e-02,  3.89946280e-03,  6.87292069e-02, -5.01101701e-02,  4.98394691e-02],
       [ 1.71740772e-02,  7.63615174e-03, -1.03831766e-01, -8.22091496e-02, -6.88870397e-02]])})
2026-01-20 11:01:26,610 - final_problem_set.kxor_instance_n23_k2_m230_ell2_eps0.3_kappa0.875_rho1.0 - INFO - Running key extraction (n=23, m=230, ell=2, phase_qubits=13)
2026-01-20 11:01:26,613 - final_problem_set.kxor_instance_n23_k2_m230_ell2_eps0.3_kappa0.875_rho1.0 - INFO - Built voting matrix V (n=23, ell=2, dtype=complex128) in 0.003s
2026-01-20 11:01:26,614 - final_problem_set.kxor_instance_n23_k2_m230_ell2_eps0.3_kappa0.875_rho1.0 - INFO - Eval: adv=1.0000, hamming=0/23 (0.000), corr=1.000
2026-01-20 11:01:26,614 - final_problem_set.kxor_instance_n23_k2_m230_ell2_eps0.3_kappa0.875_rho1.0 - INFO - Key extraction complete: x_hat=14
2026-01-20 11:01:26,614 - final_problem_set.kxor_instance_n23_k2_m230_ell2_eps0.3_kappa0.875_rho1.0 - INFO - Finished step 'KeyExtractionStep' in 0.005s (success: True, problem=kxor_instance_n23_k2_m230_ell2_eps0.3_kappa0.875_rho1.0)
2026-01-20 11:01:26,614 - final_problem_set.kxor_instance_n23_k2_m230_ell2_eps0.3_kappa0.875_rho1.0 - INFO - SUCCESS: len(z_hat)=23
2026-01-20 11:01:26,614 - final_problem_set.kxor_instance_n23_k2_m230_ell2_eps0.3_kappa0.875_rho1.0 - INFO - Metrics: adv=1.0, ham_frac=0.0, corr=1.0
2026-01-20 11:01:26,614 - final_problem_set.kxor_instance_n23_k2_m230_ell2_eps0.3_kappa0.875_rho1.0 - INFO - z_hat (full): [-1,  1, -1,  1, -1, -1,  1, -1,  1,  1,  1, -1, -1,  1,  1,  1,  1,  1, -1,  1, -1,  1, -1]
