2026-01-20 11:00:49,152 - final_problem_set.kxor_instance_n19_k2_m158_ell2_eps0.15_kappa0.875_rho0.8 - INFO - Starting iteration for /Users/julian/CodingProjects/UniT3/QuarticSpeedupK-XOR/z_Daphne/data/final_problem_set/kxor_instance_n19_k2_m158_ell2_eps0.15_kappa0.875_rho0.8.npz
2026-01-20 11:00:49,154 - final_problem_set.kxor_instance_n19_k2_m158_ell2_eps0.15_kappa0.875_rho0.8 - INFO - Loaded instance (n=19, m=158, k=2)
2026-01-20 11:00:49,154 - final_problem_set.kxor_instance_n19_k2_m158_ell2_eps0.15_kappa0.875_rho0.8 - INFO - Starting step 'ComputeKikuchiStep' (version 0.1) on problem kxor_instance_n19_k2_m158_ell2_eps0.15_kappa0.875_rho0.8 (fields={'ell': 2, 'threshold': 0.0})
2026-01-20 11:00:49,172 - final_problem_set.kxor_instance_n19_k2_m158_ell2_eps0.15_kappa0.875_rho0.8 - INFO - Finished step 'ComputeKikuchiStep' in 0.018s (success: True, problem=kxor_instance_n19_k2_m158_ell2_eps0.15_kappa0.875_rho0.8)
2026-01-20 11:00:49,172 - final_problem_set.kxor_instance_n19_k2_m158_ell2_eps0.15_kappa0.875_rho0.8 - INFO - Starting step 'ClassicalEigenvaluesStep' (version 0.1) on problem kxor_instance_n19_k2_m158_ell2_eps0.15_kappa0.875_rho0.8 (fields={'ell': 2, 'threshold': 0.0, 'kikuchi_matrix': <Dictionary Of Keys sparse matrix of dtype 'int64'
	with 3468 stored elements and shape (171, 171)>, 'num_eigenvalues': 5})
2026-01-20 11:00:49,228 - final_problem_set.kxor_instance_n19_k2_m158_ell2_eps0.15_kappa0.875_rho0.8 - INFO - Finished step 'ClassicalEigenvaluesStep' in 0.056s (success: True, problem=kxor_instance_n19_k2_m158_ell2_eps0.15_kappa0.875_rho0.8)
2026-01-20 11:00:49,228 - final_problem_set.kxor_instance_n19_k2_m158_ell2_eps0.15_kappa0.875_rho0.8 - INFO - Starting step 'KeyExtractionStep' (version 0.1) on problem kxor_instance_n19_k2_m158_ell2_eps0.15_kappa0.875_rho0.8 (fields={'ell': 2, 'threshold': 0.0, 'kikuchi_matrix': <Dictionary Of Keys sparse matrix of dtype 'int64'
	with 3468 stored elements and shape (171, 171)>, 'num_eigenvalues': 5, 'eigenvalues': array([ 9.90993112, 10.9877658 , 11.89110168, 12.34973292, 17.53006872]), 'eigenvectors': array([[-5.50400287e-02, -3.49488592e-02, -2.50907915e-02,  1.82159577e-01, -6.98213535e-02],
       [ 1.60697263e-01,  8.10146076e-02,  8.69201799e-02,  9.80585701e-02,  6.65084370e-02],
       [ 5.55642419e-04, -5.38579488e-02,  1.92553939e-02,  6.53134511e-02,  1.17501946e-01],
       [ 2.22598084e-02, -4.60334108e-02, -9.83467394e-02, -8.36396717e-02, -8.69855000e-02],
       [-7.69114667e-02,  2.17595322e-01, -1.19233564e-02, -3.41817689e-02, -5.42461349e-02],
       [-1.88282933e-02,  8.19815981e-03,  5.36774046e-02, -1.20493391e-01, -9.72857559e-02],
       [ 1.49876308e-01,  5.13636659e-02, -1.19872930e-01, -5.03609397e-02,  2.50495586e-02],
       [-5.92827818e-02, -7.38639629e-02, -1.22926407e-01,  5.64566327e-02, -9.58960697e-02],
       [-2.85624254e-02,  2.92554167e-02, -1.98519268e-01,  4.86497056e-02, -8.59932436e-02],
       [-5.79176285e-02,  1.52764772e-01,  2.82273878e-02,  3.43537339e-02,  9.84640363e-02],
       [ 2.21126514e-02,  3.68171750e-02, -1.13404804e-01, -4.43097883e-02,  1.02719345e-01],
       [-1.20279623e-01,  1.35458366e-02,  6.19140536e-03, -4.61304471e-02,  1.01678810e-01],
       [ 1.25383744e-02,  1.95066155e-03, -2.61112848e-02,  4.62668612e-02, -1.28032825e-01],
       [ 2.20580125e-02,  5.14508378e-02, -9.70445320e-02,  2.23999190e-02, -1.13978541e-01],
       [-2.83191615e-02,  6.49500972e-02, -3.78829199e-02,  5.78888040e-02, -1.10928443e-01],
       [-7.14471069e-03,  3.42450753e-02, -4.90764376e-02,  1.16397406e-01, -9.25472005e-02],
       [ 8.44765875e-02,  2.49486610e-03,  4.17185180e-03,  2.19111915e-03,  1.25042244e-01],
       [-7.70166574e-02,  4.42168224e-02,  3.65188754e-02, -2.23297308e-02,  9.83608467e-02],
       [-1.36334130e-01, -7.17939727e-02, -3.23002528e-02,  3.19603220e-02, -4.78871041e-02],
       [-4.89042800e-02,  1.49858943e-02,  2.95710134e-02,  1.21800658e-01, -8.58327003e-02],
       [ 2.20898106e-02,  6.14326771e-02,  4.10684145e-02, -7.33250214e-02,  6.53677833e-02],
       [ 6.36108873e-02, -1.17453270e-01, -1.39591035e-02, -4.89228818e-02,  3.42703130e-02],
       [ 5.52812987e-02,  1.65535519e-02, -6.62408075e-02, -4.79094609e-02,  6.45090619e-02],
       [-8.20590503e-02, -2.56093694e-02,  6.53237381e-02,  4.02570714e-02, -1.17202137e-02],
       [ 5.81891856e-02,  6.51595725e-02,  3.89911616e-02, -1.53078779e-01,  5.53050904e-02],
       [ 3.93784722e-02,  1.21601120e-02,  7.99008987e-02, -1.36390717e-01,  4.93715794e-02],
       [-5.00301810e-03, -1.12961309e-01,  7.97359201e-03,  9.88116396e-02, -5.76263685e-02],
       [-3.85395000e-02, -3.22059920e-02,  7.21222819e-02,  1.27354263e-01, -5.31781386e-02],
       [ 3.21491139e-02, -2.59289374e-02,  1.82741337e-02,  1.54913514e-01, -5.92236421e-02],
       [ 3.12584889e-02,  2.37792679e-02, -1.80523791e-02, -1.66713870e-01,  6.58487179e-02],
       [ 2.39019036e-02, -6.69449127e-03,  2.39366121e-02, -1.77772561e-01,  7.40464296e-02],
       [ 4.43605448e-02, -8.55107045e-03, -9.65083320e-03, -1.64448899e-01,  6.10343039e-02],
       [ 2.17228667e-02,  3.64712797e-03,  2.94537799e-03, -1.72011960e-01,  4.91114843e-02],
       [-1.01933340e-01, -2.82027659e-02,  3.58450296e-02,  1.69853127e-01, -8.02688844e-02],
       [ 7.56178262e-03, -4.04872607e-02,  7.46869016e-03,  1.35829741e-01, -5.70909825e-02],
       [ 1.29649483e-01,  4.89095010e-02,  4.59443770e-02,  1.40438881e-01,  6.15982794e-02],
       [-7.69754138e-02, -6.44818832e-02, -6.72511861e-02, -1.15894358e-01, -4.46949395e-02],
       [-1.00428430e-01,  7.66906446e-02, -2.37523200e-02, -6.84227614e-02, -2.95426198e-02],
       [-9.70231796e-02, -4.27819093e-02, -3.99958722e-03, -1.25398074e-01, -4.48360124e-02],
       [ 1.08615841e-01,  4.47085259e-02, -5.57001762e-02, -6.37475698e-03,  1.39088526e-02],
       [-1.45304976e-01, -9.10406097e-02, -8.41960586e-02, -6.38051482e-02, -5.38416566e-02],
       [-1.19830654e-01, -3.05343745e-02, -1.16525881e-01, -5.80459502e-02, -4.89051345e-02],
       [ 6.66253288e-02,  1.09893686e-01,  3.28929511e-02,  9.12609771e-02,  4.69671981e-02],
       [ 1.30593914e-01,  8.12968908e-02, -3.33809083e-02,  6.40405962e-02,  5.70317522e-02],
       [ 5.43016718e-02,  8.36292173e-02,  3.11746155e-02,  8.35512860e-02,  6.85356832e-02],
       [-1.47740426e-01, -7.43609341e-02, -4.75026936e-02, -9.19938179e-02, -7.05155808e-02],
       [-1.32954652e-01, -4.69209377e-02, -8.90809120e-02, -1.10364392e-01, -6.99141244e-02],
       [-1.64269497e-01, -3.65693005e-02, -5.27138279e-02, -7.70407461e-02, -6.85796720e-02],
       [-1.48159012e-01, -4.42690905e-02, -6.07749664e-02, -2.63193203e-02, -6.37140273e-02],
       [ 1.81105127e-01,  7.67277090e-02,  4.13087971e-02,  1.17131807e-01,  6.59991006e-02],
       [ 7.89509823e-02,  9.07482129e-02,  4.98040229e-02,  8.69527010e-02,  5.92849653e-02],
       [ 4.52723215e-02, -2.29066701e-03, -3.63361803e-02, -1.50366782e-01, -8.04320783e-02],
       [-4.61184363e-02,  2.03503605e-01,  2.05274793e-02, -6.25064123e-02, -4.18054323e-02],
       [ 2.05664720e-02,  3.91229545e-02,  1.02107168e-01, -1.66542588e-01, -7.40645119e-02],
       [ 1.30198082e-01,  3.67970839e-02, -1.32813612e-01, -2.92587806e-02,  2.22941257e-02],
       [-4.44361845e-02, -2.04192550e-02, -5.68134641e-02, -3.31458916e-02, -1.05989185e-01],
       [-1.36591081e-02,  8.31330380e-02, -1.43167793e-01, -3.33648109e-02, -9.58152077e-02],
       [-8.36598344e-02,  8.52046207e-02, -4.09064444e-02,  1.17116244e-01,  8.96055016e-02],
       [-1.09364116e-02, -1.25150454e-02, -1.63137318e-01,  3.26643916e-02,  8.41108403e-02],
       [-1.38893659e-01, -3.85913200e-02, -6.99296261e-02,  4.38842473e-02,  9.51972200e-02],
       [ 4.32757469e-02,  6.17970912e-02,  5.95281254e-02, -5.70977259e-02, -1.08586975e-01],
       [ 5.25341992e-02,  1.03580577e-01, -8.11613413e-03, -8.06666958e-02, -1.08261040e-01],
       [ 1.11852574e-04,  1.12870348e-01,  3.78034656e-02, -3.33278776e-02, -1.05077003e-01],
       [ 1.50774905e-02,  9.36530037e-02,  1.88473413e-02,  3.41245208e-02, -9.95833536e-02],
       [ 3.29875665e-02, -5.66857684e-02, -8.28339096e-02,  1.07483200e-01,  1.13638430e-01],
       [-9.43936402e-02, -4.92678143e-03, -3.53628903e-02,  5.84519214e-02,  9.24471535e-02],
       [ 3.09314420e-02, -1.30079614e-01,  1.89948371e-02,  7.46945689e-02,  3.87354329e-02],
       [-2.32866543e-02,  1.47174994e-02, -1.74444147e-02,  1.47698689e-01,  6.04332525e-02],
       [-9.88583580e-02, -4.71030607e-02,  7.95944239e-02,  1.51970034e-02, -1.93155062e-02],
       [ 8.16423540e-03,  7.92858131e-02,  1.00727448e-01,  4.66688410e-02,  7.14126679e-02],
       [-7.70753745e-03,  1.27946235e-03,  1.48290040e-01,  4.18571846e-02,  6.35381613e-02],
       [ 6.45315134e-02, -1.09478377e-01, -2.91972224e-02, -9.49819968e-02, -6.21176096e-02],
       [ 1.64576456e-02, -5.69451271e-02,  6.20042302e-02, -5.56367654e-02, -7.42277785e-02],
       [ 1.09347923e-01, -4.24280113e-02, -2.33949217e-02, -6.12567518e-02, -7.37136823e-02],
       [-5.31553357e-02,  3.73126359e-02,  4.02268683e-02,  8.12959599e-02,  9.27035844e-02],
       [-5.43828659e-02,  4.80327520e-03,  8.55637674e-02,  9.46898986e-02,  8.13260767e-02],
       [-1.80693823e-02, -1.18541203e-02,  5.26952970e-02,  6.18213084e-02,  8.84583813e-02],
       [-2.44287188e-02,  7.59826250e-03,  5.76117272e-02,  2.19234378e-03,  7.65637129e-02],
       [-1.38849285e-02, -4.25220055e-02, -2.68098173e-02, -1.26616693e-01, -9.56440644e-02],
       [ 9.51299198e-02, -6.80584429e-02, -4.93859012e-02, -7.81464468e-02, -7.62247594e-02],
       [ 3.15542447e-02, -1.31995448e-01, -3.44108096e-02,  6.83858647e-02,  3.24342055e-02],
       [-6.53733439e-02,  2.02741933e-02,  5.31771803e-02,  1.29618565e-02, -9.63851202e-03],
       [ 9.29292232e-02, -1.49098341e-01,  3.42409222e-02,  1.58301254e-02,  4.98137275e-02],
       [ 5.79380978e-02, -1.52343593e-01,  4.58117625e-02,  2.11787784e-02,  3.68941452e-02],
       [-7.89273347e-03,  9.46561528e-02,  1.92897684e-02, -5.98765722e-02, -4.36540988e-02],
       [-4.16741504e-02,  1.46237049e-01,  7.27930679e-02, -1.75131830e-02, -3.94133845e-02],
       [ 1.18681483e-02,  1.76685063e-01,  3.21979629e-02, -2.35854452e-02, -4.45701227e-02],
       [ 4.47455189e-02, -2.03623013e-01, -2.86116217e-02,  2.98156610e-02,  4.91026160e-02],
       [ 4.67014184e-02, -2.09164034e-01,  2.82077518e-04,  3.81676474e-02,  4.40428900e-02],
       [ 5.92783353e-02, -2.01174055e-01, -1.53346356e-02,  2.06866113e-02,  4.23865552e-02],
       [ 5.11735156e-02, -1.83605472e-01, -9.03335575e-03, -1.16142520e-02,  4.11202213e-02],
       [-7.73662599e-02,  2.05186736e-01,  2.80172594e-02, -4.69662057e-02, -4.69678542e-02],
       [-1.02604957e-02,  1.54055683e-01,  1.42730458e-02, -2.94718620e-02, -4.44190925e-02],
       [-9.35696508e-02, -3.38522376e-02,  1.07945504e-01,  1.05913189e-02, -1.50295619e-02],
       [ 5.17391609e-02,  4.27907053e-02, -1.37521975e-02,  7.76790688e-02,  8.00073419e-02],
       [ 3.05589743e-02, -4.20849773e-02,  6.22183633e-02,  7.97489724e-02,  7.83750508e-02],
       [ 3.92175881e-02, -6.49610730e-02,  6.59839885e-02, -1.11807094e-01, -5.83949819e-02],
       [-1.42551727e-03, -1.05911376e-02,  1.56229111e-01, -6.62447958e-02, -5.89715194e-02],
       [ 9.92645406e-02,  5.53245944e-03,  1.15558366e-01, -9.27502496e-02, -7.70789479e-02],
       [-1.12148265e-02, -1.84901667e-02, -9.80227113e-02,  9.91545285e-02,  7.80578557e-02],
       [-2.93822424e-02, -5.37724124e-02, -5.83475683e-02,  1.30787748e-01,  8.95328453e-02],
       [ 1.59631120e-02, -4.96488749e-02, -8.24215141e-02,  8.13654688e-02,  7.80336383e-02],
       [ 7.50282056e-03, -4.00572141e-02, -6.40931639e-02,  2.75684577e-02,  7.50329374e-02],
       [-3.15017754e-02,  1.25443855e-02,  1.20308356e-01, -1.37890608e-01, -8.21074999e-02],
       [ 5.02211714e-02, -1.65459701e-02,  7.65709969e-02, -9.07883245e-02, -6.84397265e-02],
       [-1.27063500e-01, -5.47970926e-02,  8.64670099e-02,  4.42436850e-02, -2.02480815e-02],
       [-1.19255310e-01, -2.67440449e-02,  4.65430580e-02,  4.44297435e-02, -2.32587690e-02],
       [ 8.75499560e-02,  6.01752019e-02, -8.97914339e-02, -2.34139684e-02,  1.65405720e-02],
       [ 9.17395973e-02,  3.41061547e-02, -1.00444266e-01, -3.04508302e-02,  1.11098995e-02],
       [ 9.11937125e-02,  4.03055005e-02, -1.15201499e-01, -4.05851035e-02,  1.85259521e-02],
       [-1.24793427e-01, -4.17928355e-02,  1.24321605e-01,  4.59068765e-02, -2.14182387e-02],
       [-1.27191578e-01, -3.48030688e-02,  1.15037866e-01,  4.57489604e-02, -2.37654260e-02],
       [-1.30578762e-01, -2.83375613e-02,  1.16000255e-01,  4.72788680e-02, -2.15626844e-02],
       [-1.03956680e-01, -2.67679450e-02,  9.14599672e-02,  5.18208351e-02, -1.74843607e-02],
       [ 1.36952209e-01,  4.82036720e-02, -1.29672214e-01, -4.48031766e-02,  1.60844578e-02],
       [ 9.62739636e-02,  4.66786894e-02, -1.08945952e-01, -3.63176287e-02,  1.93623564e-02],
       [ 4.68921289e-02,  2.05788849e-02,  1.76107133e-01, -5.37622743e-02,  6.83349327e-02],
       [ 1.63583176e-02, -1.75276900e-01, -4.96005946e-02, -5.92208052e-03, -7.90263903e-02],
       [-5.09552755e-02, -8.71794689e-02,  5.91437503e-02,  5.39395763e-02, -8.41223198e-02],
       [ 7.29518120e-02, -7.58388985e-02, -4.16940708e-02,  6.35376063e-02, -9.12289166e-02],
       [ 3.41050455e-02,  7.02737284e-02,  5.87130206e-02, -5.97509436e-02,  1.03084484e-01],
       [ 2.07106153e-02,  2.20893886e-02,  1.11137900e-01, -4.03650479e-02,  9.27816263e-02],
       [ 5.74919612e-02,  8.74576763e-03,  6.32645141e-02, -6.49963220e-02,  9.05420021e-02],
       [ 3.46874670e-02,  2.55381243e-02,  6.55177038e-02, -1.05331681e-01,  7.35187240e-02],
       [-1.08693484e-01, -6.97436661e-02, -4.30451148e-02,  2.35144848e-02, -1.01984108e-01],
       [ 3.01243730e-02, -8.67574832e-02, -5.85875946e-02,  3.61404689e-02, -8.02061082e-02],
       [ 2.72723243e-02, -6.74441650e-02, -9.72599583e-02, -7.63435222e-03, -6.67301696e-02],
       [-3.34802257e-02,  5.36143166e-03, -1.87121025e-02,  5.11495999e-02, -8.31727774e-02],
       [ 8.86281064e-02,  2.29679830e-02, -1.18111069e-01,  5.63830617e-02, -8.29911754e-02],
       [ 9.25376592e-03, -3.31563097e-02,  1.29383427e-01, -4.34868722e-02,  8.47325348e-02],
       [-2.82477284e-03, -6.46243776e-02,  1.80596801e-01, -3.38801845e-02,  8.16658482e-02],
       [ 2.80421619e-02, -7.12499333e-02,  1.32494796e-01, -5.33781791e-02,  7.98664714e-02],
       [ 1.74092035e-02, -4.30075611e-02,  1.20592817e-01, -9.07722004e-02,  6.55448816e-02],
       [-8.83456598e-02,  4.01671204e-02, -1.36295578e-01,  1.86324769e-02, -1.00670917e-01],
       [ 5.31496391e-02, -6.94575245e-04, -1.38024823e-01,  3.37216030e-02, -7.84092790e-02],
       [-3.61622067e-02,  1.05983867e-01, -1.01547765e-01,  1.56233520e-02,  6.36227974e-02],
       [-1.33464511e-01,  1.09855220e-01, -3.71684379e-02,  2.17252899e-02,  7.29692525e-02],
       [ 7.21814209e-02, -1.11803129e-01,  3.06620655e-02, -2.91981713e-02, -8.08188316e-02],
       [ 9.80788446e-02, -9.26589527e-02, -1.83762752e-02, -5.06626006e-02, -9.19500127e-02],
       [ 4.85659465e-02, -7.59241936e-02,  2.10307179e-02, -1.47661683e-02, -8.84623171e-02],
       [ 5.40300026e-02, -8.49614819e-02,  1.88294205e-03,  3.90116875e-02, -7.53550609e-02],
       [-2.43778259e-02,  1.25921100e-01, -4.57462383e-02,  6.33609649e-02,  8.70632852e-02],
       [-1.00920227e-01,  1.26649734e-01, -1.47379299e-02,  3.21376399e-02,  6.98472848e-02],
       [-9.01477314e-02,  2.18540605e-02, -1.46178942e-01, -3.73640288e-02,  7.33203904e-02],
       [ 1.71921712e-02, -1.39461070e-02,  1.50140529e-01,  3.74413953e-02, -8.15872875e-02],
       [ 3.03246542e-02,  1.96900244e-02,  1.17121963e-01,  2.79165280e-02, -9.61129615e-02],
       [-1.43517245e-02,  2.29519832e-02,  1.30562234e-01,  4.86524522e-02, -7.98900296e-02],
       [ 3.14091843e-03,  1.02898333e-02,  9.48259727e-02,  8.63647109e-02, -6.88433708e-02],
       [ 4.24775983e-02,  2.20856538e-02, -1.77571825e-01, -1.03687025e-02,  8.73505426e-02],
       [-6.51987046e-02,  5.26081467e-02, -1.35108604e-01, -2.82433087e-02,  7.89573443e-02],
       [ 1.71080701e-01,  5.39471093e-03,  7.06685609e-02,  4.95028453e-02, -1.03779757e-01],
       [ 1.59494789e-01,  3.88873998e-02,  4.74539508e-03,  3.09491318e-02, -9.56604607e-02],
       [ 1.12795081e-01,  5.09333550e-02,  4.39628118e-02,  5.79516225e-02, -9.18767000e-02],
       [ 1.28070085e-01,  3.23179317e-02,  2.46419656e-02,  1.17656173e-01, -8.42007513e-02],
       [-8.52698747e-02,  3.64741682e-03, -8.55120787e-02, -8.60823707e-03,  1.02312409e-01],
       [-1.69218713e-01,  3.50615734e-02, -3.98995431e-02, -2.67432257e-02,  8.02020730e-02],
       [-6.30235746e-02, -5.91587541e-02,  9.95071697e-03, -2.18502869e-02,  1.09006423e-01],
       [-1.25164310e-02, -6.95608753e-02, -3.56447250e-02, -5.55703314e-02,  1.02336270e-01],
       [-2.39707998e-02, -4.09717940e-02, -1.27710785e-02, -1.06219492e-01,  8.53590247e-02],
       [-3.25568731e-02,  1.37468253e-02,  7.67666451e-02,  1.89808873e-03, -1.14547298e-01],
       [ 1.00193640e-01, -2.73414224e-02,  3.05585195e-02,  2.49949154e-02, -9.12806109e-02],
       [-2.65883459e-02, -1.29631974e-01,  3.02682219e-02, -4.52401225e-02,  1.14235925e-01],
       [-3.32206753e-02, -7.76312576e-02,  3.70427976e-02, -9.85381519e-02,  8.68126368e-02],
       [-2.02628634e-02,  5.61112897e-02,  6.07535391e-03, -2.27070916e-02, -1.15436089e-01],
       [ 1.12216922e-01,  5.23246507e-03, -2.60029806e-02,  7.41112355e-03, -9.16265814e-02],
       [ 2.30580178e-03, -8.40866329e-02, -1.16341646e-03, -1.13640593e-01,  8.13616849e-02],
       [-8.42777663e-02,  8.02421292e-02,  6.30925934e-02,  2.32911787e-02, -1.21160204e-01],
       [ 7.81621346e-02,  2.36252111e-02,  1.73060199e-02,  4.37724762e-02, -9.66681964e-02],
       [-4.81368915e-02,  4.32938844e-02,  2.71035931e-02,  8.52636082e-02, -9.37835945e-02],
       [ 8.33206690e-02,  2.84244339e-03,  5.78233928e-04,  9.46509172e-02, -8.22603060e-02],
       [-3.98160674e-02,  4.09976184e-02, -5.81100813e-02,  1.22051365e-02,  1.07192660e-01]])})
2026-01-20 11:00:49,229 - final_problem_set.kxor_instance_n19_k2_m158_ell2_eps0.15_kappa0.875_rho0.8 - INFO - Running key extraction (n=19, m=158, ell=2, phase_qubits=12)
2026-01-20 11:00:49,231 - final_problem_set.kxor_instance_n19_k2_m158_ell2_eps0.15_kappa0.875_rho0.8 - INFO - Built voting matrix V (n=19, ell=2, dtype=complex128) in 0.002s
2026-01-20 11:00:49,232 - final_problem_set.kxor_instance_n19_k2_m158_ell2_eps0.15_kappa0.875_rho0.8 - INFO - Eval: adv=0.8101, hamming=0/19 (0.000), corr=1.000
2026-01-20 11:00:49,232 - final_problem_set.kxor_instance_n19_k2_m158_ell2_eps0.15_kappa0.875_rho0.8 - INFO - Key extraction complete: x_hat=0
2026-01-20 11:00:49,232 - final_problem_set.kxor_instance_n19_k2_m158_ell2_eps0.15_kappa0.875_rho0.8 - INFO - Finished step 'KeyExtractionStep' in 0.002s (success: True, problem=kxor_instance_n19_k2_m158_ell2_eps0.15_kappa0.875_rho0.8)
2026-01-20 11:00:49,232 - final_problem_set.kxor_instance_n19_k2_m158_ell2_eps0.15_kappa0.875_rho0.8 - INFO - SUCCESS: len(z_hat)=19
2026-01-20 11:00:49,232 - final_problem_set.kxor_instance_n19_k2_m158_ell2_eps0.15_kappa0.875_rho0.8 - INFO - Metrics: adv=0.810126582278481, ham_frac=0.0, corr=1.0
2026-01-20 11:00:49,232 - final_problem_set.kxor_instance_n19_k2_m158_ell2_eps0.15_kappa0.875_rho0.8 - INFO - z_hat (full): [ 1, -1,  1,  1, -1, -1, -1,  1, -1, -1,  1,  1,  1, -1, -1, -1, -1,  1,  1]
