2026-01-20 11:00:51,133 - final_problem_set.kxor_instance_n19_k2_m201_ell2_eps0.15_kappa0.75_rho0.2 - INFO - Starting iteration for /Users/julian/CodingProjects/UniT3/QuarticSpeedupK-XOR/z_Daphne/data/final_problem_set/kxor_instance_n19_k2_m201_ell2_eps0.15_kappa0.75_rho0.2.npz
2026-01-20 11:00:51,135 - final_problem_set.kxor_instance_n19_k2_m201_ell2_eps0.15_kappa0.75_rho0.2 - INFO - Loaded instance (n=19, m=201, k=2)
2026-01-20 11:00:51,135 - final_problem_set.kxor_instance_n19_k2_m201_ell2_eps0.15_kappa0.75_rho0.2 - INFO - Starting step 'ComputeKikuchiStep' (version 0.1) on problem kxor_instance_n19_k2_m201_ell2_eps0.15_kappa0.75_rho0.2 (fields={'ell': 2, 'threshold': 0.0})
2026-01-20 11:00:51,158 - final_problem_set.kxor_instance_n19_k2_m201_ell2_eps0.15_kappa0.75_rho0.2 - INFO - Finished step 'ComputeKikuchiStep' in 0.023s (success: True, problem=kxor_instance_n19_k2_m201_ell2_eps0.15_kappa0.75_rho0.2)
2026-01-20 11:00:51,158 - final_problem_set.kxor_instance_n19_k2_m201_ell2_eps0.15_kappa0.75_rho0.2 - INFO - Starting step 'ClassicalEigenvaluesStep' (version 0.1) on problem kxor_instance_n19_k2_m201_ell2_eps0.15_kappa0.75_rho0.2 (fields={'ell': 2, 'threshold': 0.0, 'kikuchi_matrix': <Dictionary Of Keys sparse matrix of dtype 'int64'
	with 4284 stored elements and shape (171, 171)>, 'num_eigenvalues': 5})
2026-01-20 11:00:51,268 - final_problem_set.kxor_instance_n19_k2_m201_ell2_eps0.15_kappa0.75_rho0.2 - INFO - Finished step 'ClassicalEigenvaluesStep' in 0.110s (success: True, problem=kxor_instance_n19_k2_m201_ell2_eps0.15_kappa0.75_rho0.2)
2026-01-20 11:00:51,268 - final_problem_set.kxor_instance_n19_k2_m201_ell2_eps0.15_kappa0.75_rho0.2 - INFO - Starting step 'KeyExtractionStep' (version 0.1) on problem kxor_instance_n19_k2_m201_ell2_eps0.15_kappa0.75_rho0.2 (fields={'ell': 2, 'threshold': 0.0, 'kikuchi_matrix': <Dictionary Of Keys sparse matrix of dtype 'int64'
	with 4284 stored elements and shape (171, 171)>, 'num_eigenvalues': 5, 'eigenvalues': array([-10.76854979, -10.08950095,  10.72663827,  11.28955405,  12.51131211]), 'eigenvectors': array([[-6.26449923e-03,  5.17830096e-02,  3.15846148e-02,  1.02681971e-01,  8.34891804e-02],
       [ 3.44073767e-03,  2.06302069e-03,  3.84177681e-03,  1.83582384e-02, -1.15159163e-01],
       [ 1.12021961e-01, -3.14166522e-02,  6.59472923e-03,  1.26020346e-01,  8.52094006e-03],
       [-3.46307876e-02, -1.83607872e-02,  7.29353699e-02, -4.66713905e-02,  8.42622785e-02],
       [ 4.23916756e-02, -5.19990100e-02, -5.92660890e-03, -8.56090067e-02, -1.09703026e-01],
       [-1.16754747e-01,  6.58753197e-02, -9.81120572e-02, -1.52868511e-01, -1.06470464e-01],
       [ 1.09840483e-01, -6.92553185e-02, -2.88455055e-02, -1.31191384e-01, -4.34527658e-02],
       [ 6.71279085e-02, -1.55490462e-02, -6.66898934e-02, -1.13178086e-01, -7.47121176e-02],
       [-1.59776209e-01,  5.79026742e-02,  1.76757003e-02,  8.02734345e-02,  1.11346200e-01],
       [-1.42617797e-01,  8.09743467e-02, -3.36632848e-02,  6.23862093e-02, -4.68821332e-02],
       [ 8.10071352e-02, -5.21943960e-02,  8.75961179e-02,  4.04886600e-02,  6.85084561e-02],
       [-7.97955236e-02,  9.17297792e-02,  1.13846575e-01,  2.02510057e-02, -7.34161587e-04],
       [-7.38632598e-03,  9.33971646e-03,  2.16200433e-03,  5.62829132e-02,  4.94504424e-02],
       [-1.48290579e-01,  1.15917656e-01,  7.20587083e-02, -2.18376113e-02, -3.19409117e-02],
       [ 1.62896640e-02, -5.36934136e-02,  4.18439939e-02, -1.74288636e-02, -3.84430327e-02],
       [-3.24246691e-02,  4.71448460e-02, -3.35965611e-02, -1.26085304e-01, -7.84369759e-02],
       [-4.68997239e-02, -5.41391381e-03, -1.35484904e-01, -6.11857772e-02, -6.01909929e-02],
       [ 3.23756593e-02, -6.51096437e-02,  3.54734365e-02,  1.07480212e-01, -5.43172203e-03],
       [-9.60458885e-03,  1.08388165e-02, -7.50208643e-02, -9.92326443e-02,  1.16823382e-01],
       [ 1.24162681e-01,  2.39696336e-02,  4.22283573e-02, -1.53955757e-01, -4.45285142e-02],
       [-1.79111335e-02, -3.99736220e-02, -4.03291076e-02,  1.21143233e-01, -8.92674376e-02],
       [ 5.11985236e-02, -3.36467124e-02, -1.26802709e-01,  6.89472235e-04,  1.76596866e-01],
       [-1.19231784e-01, -1.91018260e-03, -6.36666678e-03,  5.44264552e-02,  1.77216710e-01],
       [ 1.29686190e-01,  1.33028666e-02, -3.98948088e-02,  1.02501720e-01,  8.95799148e-02],
       [ 6.97084688e-02,  2.37312684e-02, -6.47983018e-03,  5.27023480e-02,  1.31769231e-01],
       [-1.74555588e-01, -4.38000116e-02,  6.00027998e-02,  4.66848818e-03, -1.16940596e-01],
       [-1.48817713e-01, -1.58359090e-02,  3.70940020e-02, -1.00876337e-01,  4.51175208e-02],
       [ 8.07316318e-02,  6.44855227e-03, -6.13121771e-02,  1.15043696e-02, -1.09962288e-01],
       [-9.65883815e-02,  2.13553448e-02, -1.54236528e-01, -2.66704754e-02, -3.08329190e-02],
       [-5.96618443e-03,  1.59583095e-02,  5.28441398e-02, -1.50886611e-02, -7.64253774e-02],
       [-1.67760182e-01,  1.53610147e-02, -1.24138973e-01, -1.73508613e-02,  2.95147631e-02],
       [ 3.36291099e-02, -2.21597892e-02, -1.10802669e-01, -1.36250418e-02,  5.96243543e-02],
       [-4.06976975e-02, -2.63413935e-03, -7.04026921e-02,  6.24756570e-02,  1.38273454e-01],
       [-5.13656248e-02, -4.06905388e-02,  1.41760940e-01,  1.13180382e-02,  8.76170711e-02],
       [ 5.78311424e-02, -1.98408186e-02, -2.62812409e-02, -1.04294794e-01,  6.97340016e-03],
       [ 7.16570738e-02, -3.75046151e-02, -6.36868515e-02,  5.50307638e-02,  6.14572310e-02],
       [-2.08825511e-02, -1.17111680e-02,  3.14121642e-02, -1.40153949e-01,  4.51446508e-02],
       [ 3.05221369e-02, -4.86309167e-03,  1.01407935e-01,  1.33898098e-01, -1.17278497e-01],
       [-7.21091317e-02,  1.00621657e-02,  5.29096222e-02,  1.53382543e-01, -1.58108102e-01],
       [ 6.84924003e-02, -3.60696579e-02,  7.51215004e-02,  1.71865945e-02, -1.16455972e-01],
       [ 3.68649819e-02, -5.89528698e-03,  3.72470661e-02,  9.07268574e-02, -1.24019250e-01],
       [-9.19447742e-02,  5.05214556e-02, -6.45844399e-02, -1.13873628e-01,  8.42110501e-02],
       [-8.19975589e-02,  1.08177419e-02, -4.57185381e-02,  7.76558172e-02, -1.95207340e-02],
       [ 4.67594038e-02, -1.24498777e-02,  3.20875351e-02, -8.14345053e-02,  6.26496964e-02],
       [-6.69241235e-02,  2.96690206e-02,  1.01247361e-01, -2.81598555e-02,  3.81839838e-02],
       [-1.04706251e-03, -1.65360174e-02, -6.03989053e-02, -6.29159448e-02,  7.61549244e-02],
       [-9.26187132e-02,  4.14707655e-02,  1.08924294e-01,  4.83669073e-02, -2.79105230e-02],
       [ 9.92802296e-03, -1.37771608e-02,  7.04775198e-02,  4.38664044e-02, -1.99671181e-02],
       [-1.85399835e-02,  6.43010880e-03,  1.00262789e-01,  1.09915212e-01, -1.40302020e-01],
       [-3.59069706e-02,  2.15289704e-02, -8.65413766e-02,  8.65995229e-02, -9.83942182e-02],
       [ 1.38181266e-02, -1.66661711e-02, -5.81678778e-03,  4.62153522e-02,  2.13000289e-02],
       [-1.16802874e-01,  7.05150039e-02, -1.92492898e-02, -1.76556252e-02, -4.54735763e-02],
       [-3.80358137e-02, -3.88750526e-02, -6.00602598e-02,  1.45100252e-01,  3.74255019e-02],
       [-1.64075940e-02,  1.61441617e-01, -1.45871625e-02,  2.21951212e-01,  5.37837928e-02],
       [-1.32931816e-02, -1.35920821e-01, -2.64484592e-02,  1.38164309e-01,  1.56801725e-02],
       [ 2.27910279e-02, -7.79416144e-02, -7.46749543e-03,  1.32529856e-01,  2.22380506e-02],
       [-6.88716142e-03,  1.81220372e-01,  3.54321378e-02, -1.15672832e-01, -4.25392935e-02],
       [-1.54204147e-02,  1.73452317e-01,  1.03491876e-02, -1.21506846e-02,  2.48133042e-02],
       [ 2.66594614e-02, -1.09222113e-01, -2.67587154e-02, -7.54908391e-02, -3.30236402e-02],
       [ 8.10007957e-02,  1.37985598e-01, -7.72228367e-02, -3.31213848e-02,  6.04027833e-04],
       [ 8.40244257e-03,  1.08809531e-02,  5.40520791e-02, -1.06886305e-01, -2.79882214e-02],
       [ 1.54820810e-02,  1.66146147e-01, -7.12925907e-02,  3.68459740e-02,  5.54294665e-03],
       [-1.17331589e-01, -3.24193884e-02, -4.96908304e-02,  3.45973399e-02,  1.64491901e-02],
       [ 7.18161930e-02,  7.47341374e-02, -3.93377057e-02,  1.66580452e-01,  2.32126683e-02],
       [-4.89212724e-02,  7.18169599e-02,  7.62089878e-02,  1.06925903e-01,  3.60713555e-02],
       [-1.30391091e-01, -5.14898969e-02, -1.70034436e-02, -5.66938288e-02, -7.98453143e-04],
       [-2.79077491e-02,  3.52604434e-02,  5.57652377e-02, -1.53838497e-01,  8.69818463e-02],
       [ 9.58629374e-02, -5.87976956e-02,  8.55007563e-02, -1.82945376e-01,  1.05468623e-01],
       [-9.07151280e-02,  7.08504564e-02,  3.39059620e-02, -4.90628235e-02,  9.46412036e-02],
       [-6.64316187e-02,  2.80540709e-02,  5.82001281e-02, -1.08092657e-01,  8.70524509e-02],
       [ 1.35487307e-01, -8.31097793e-02, -3.54646742e-02,  1.39665668e-01, -6.42586837e-02],
       [ 1.18608378e-01, -6.41670615e-02,  2.87000947e-02, -5.90569641e-02,  1.59114480e-02],
       [-6.57787778e-02,  4.14387415e-02, -5.34203032e-02,  8.32777171e-02, -3.63581372e-02],
       [ 4.54498523e-02, -8.46323376e-02, -5.57200704e-02,  8.25686013e-03, -1.67239048e-02],
       [-8.67504389e-03,  1.80547878e-03, -2.46383788e-02,  9.68595018e-02, -7.15883060e-02],
       [ 1.30002089e-01, -1.04300105e-01, -3.15961966e-02, -5.07500124e-02,  2.77888838e-02],
       [ 1.26204720e-02,  3.73780030e-02, -5.33080797e-03, -5.21024757e-02,  1.29729006e-02],
       [ 5.11390106e-03, -3.00180627e-02,  5.06225296e-02, -1.39117937e-01,  1.03684670e-01],
       [ 5.60997932e-02, -3.20882545e-02,  7.27287053e-02, -7.90506593e-02,  5.74016728e-02],
       [-1.76385401e-03,  4.34140171e-02, -8.28078207e-03, -2.36440435e-02, -1.19272188e-02],
       [ 4.41082873e-02, -2.08151602e-03,  6.36785326e-02,  2.66618251e-03, -2.14624508e-01],
       [-7.29648260e-02, -4.31770655e-02,  9.24246556e-02, -9.51424137e-02, -1.23411167e-01],
       [-1.88196124e-02, -1.16016787e-02,  3.30618029e-02, -1.06134316e-02, -1.33326116e-01],
       [ 8.02758988e-02,  5.22858809e-02, -9.50544613e-02, -4.37679022e-02,  1.29802640e-01],
       [ 5.58677662e-02, -2.32322148e-02, -5.87058424e-02,  1.13876397e-01, -4.08183539e-02],
       [-2.58218394e-02,  5.41227128e-03,  6.47328217e-02, -4.05555985e-02,  9.25396026e-02],
       [ 6.11641649e-02, -6.40013691e-03,  1.66011128e-01,  5.38343647e-03,  4.43368605e-02],
       [ 5.90840053e-03, -3.89444455e-02, -1.17552533e-01, -6.09412538e-03,  1.09025237e-01],
       [ 7.60524782e-02, -8.31269473e-03,  1.53301085e-01,  2.47031084e-02, -2.22904492e-02],
       [-6.71686732e-02,  2.74559606e-02,  1.05710807e-01,  2.91207676e-02, -2.59489509e-02],
       [ 4.08647978e-02, -1.57100383e-02,  1.25536091e-01, -1.30737409e-02, -1.50638155e-01],
       [-2.28959908e-03,  7.45958276e-02, -1.42942223e-01,  1.84072204e-02, -1.53305626e-01],
       [-8.92425494e-02,  4.28477743e-02, -3.51595097e-03,  1.14981251e-01,  3.45920167e-02],
       [ 3.26444512e-02,  1.42633537e-01,  4.05254731e-03, -1.67949848e-01, -1.32191721e-01],
       [-1.31224558e-02,  8.40089335e-02, -6.04454705e-02, -6.83926252e-02, -1.57240376e-01],
       [-2.04688387e-02, -1.84807670e-01, -2.61212378e-02, -1.52540239e-02,  1.62918141e-01],
       [-1.64862323e-02, -1.17198693e-01, -7.75290089e-02,  1.44250429e-01, -8.48007351e-02],
       [-6.11501031e-03,  8.90579788e-02,  1.14171664e-01, -2.51745097e-02,  9.61996865e-02],
       [-8.35280158e-02, -9.22888182e-02,  2.12485363e-01,  2.42603643e-02,  3.39131223e-03],
       [-1.99708562e-02,  5.11549993e-02, -3.50287937e-02,  2.36831812e-02,  1.12654378e-01],
       [-4.64644101e-02, -1.52382659e-01,  1.59730761e-01,  1.62583902e-02, -7.79662427e-02],
       [ 1.16653038e-01,  4.43587286e-03,  1.09263755e-01,  3.28703450e-02, -4.34921235e-02],
       [-7.91040340e-02, -3.80367966e-02,  1.27699941e-02, -8.61359391e-02, -1.82265172e-01],
       [ 5.51298858e-02, -1.50076368e-01, -2.27212244e-01, -1.79863949e-02, -1.12455238e-01],
       [ 1.46249824e-01,  2.12797206e-02,  2.85891723e-02,  1.53405819e-01, -1.57977749e-02],
       [-5.07246943e-03, -1.29636530e-01,  1.04037421e-03, -1.08090530e-01, -7.96243924e-02],
       [ 4.11511176e-02,  1.64529425e-01, -6.51139880e-02,  8.46337209e-02,  1.20810427e-01],
       [ 4.96261624e-02,  1.93298568e-01, -2.76886967e-02,  7.01262019e-02, -4.25918173e-02],
       [-9.99699023e-03, -1.01555821e-01,  5.11441609e-02,  4.74611496e-02,  8.23331953e-02],
       [ 9.73489204e-02,  8.41643743e-02,  1.31330129e-01,  4.68111720e-02,  1.29605729e-02],
       [ 2.45710502e-02,  3.36427148e-03, -4.68177388e-02,  6.39200484e-02,  5.66464097e-02],
       [ 7.77665284e-02,  1.65268826e-01,  1.03709091e-01, -5.30881264e-03, -2.70494565e-02],
       [-1.06438823e-01,  8.57655094e-03,  9.31318745e-02, -3.15080249e-02, -5.04921606e-02],
       [ 8.14627710e-02,  5.11423136e-02,  6.32321967e-02, -1.61089836e-01, -1.09817553e-01],
       [-4.05249221e-02,  8.85885554e-02, -1.16627974e-01, -5.89526860e-02, -6.92776727e-02],
       [-1.25639824e-01, -1.09054150e-02,  2.30669001e-02,  8.56092205e-02, -7.31398638e-03],
       [-1.54566349e-02,  1.37842740e-01, -1.69659556e-02,  3.52957669e-03,  1.21690442e-01],
       [-2.18350855e-02,  8.38156927e-02, -3.13827167e-02,  9.22141146e-02, -3.98259609e-02],
       [ 1.98371604e-02, -5.98211504e-02,  8.32816444e-02, -5.89648644e-03,  8.34627836e-02],
       [ 5.35488981e-02,  1.05967840e-01,  1.36677851e-01,  1.89267186e-02,  6.30968691e-03],
       [ 4.06600686e-03, -1.66337938e-02, -2.50386346e-02,  2.89404933e-02,  8.53444879e-02],
       [-5.46862885e-03,  1.07326601e-01,  9.91419747e-02,  1.49841640e-02, -2.77780367e-02],
       [-6.75724348e-02, -3.96334208e-02,  6.40499917e-02,  1.36641042e-02, -4.22292896e-02],
       [ 3.87025272e-02,  3.93566176e-02,  3.73287765e-03, -6.58862641e-02, -1.15769504e-01],
       [-2.79467425e-02,  6.72059365e-02, -1.38433253e-01, -2.25194368e-02, -8.34499266e-02],
       [-6.62306689e-02, -4.47237573e-02,  2.25435833e-02,  1.03808423e-01,  4.64901848e-03],
       [-2.38254434e-02, -1.97093035e-01,  3.93729470e-02, -8.73981142e-02,  2.91096053e-02],
       [-7.53449290e-03,  9.97859202e-02, -4.58021050e-02,  3.83411188e-02, -6.83188509e-02],
       [-1.24761251e-01, -1.28725106e-01, -1.25008062e-01, -4.12517490e-03, -3.28133837e-02],
       [-2.19805796e-02,  2.96433133e-02,  6.67216398e-02,  4.82911527e-03, -8.96285481e-02],
       [-7.64505015e-02, -2.26466203e-01, -1.07973104e-01, -2.21982735e-02,  2.53864350e-02],
       [ 1.55557617e-01,  1.83455394e-02, -8.21045362e-02, -3.69846050e-02,  3.12740614e-02],
       [-9.52481138e-02, -3.76069770e-02, -7.01512285e-02,  3.33687579e-03,  1.27222478e-01],
       [ 6.31254657e-02, -1.34985128e-01,  1.06849229e-01, -1.17383716e-02,  8.90226405e-02],
       [ 1.69723998e-01,  1.43640271e-02, -1.01915734e-02, -8.90675566e-02, -5.90682999e-03],
       [-5.81617265e-03,  5.35718859e-02,  4.72335106e-02, -6.74985385e-02,  2.94083037e-02],
       [-1.21944405e-01, -1.15990539e-01,  1.61600803e-02, -1.76653566e-02,  1.91568040e-02],
       [-1.86118816e-02,  7.74960737e-02,  3.26052448e-02, -6.75095418e-02,  3.13823710e-02],
       [-5.80795305e-02, -1.64274404e-01,  8.06145459e-03,  3.56134424e-02, -5.68541654e-03],
       [ 1.51342631e-01,  2.65767239e-02, -9.72128728e-03,  3.71997062e-02, -1.37508751e-02],
       [-8.64109904e-02, -1.18051695e-02, -3.51923899e-02,  1.07762192e-01, -6.67523440e-02],
       [ 6.14708252e-02, -1.91885521e-01, -2.66257352e-02,  7.03225370e-02, -3.21406385e-02],
       [ 1.57625875e-01,  4.50331194e-03,  4.68868891e-03, -1.21277551e-03,  8.72484742e-03],
       [ 4.54949158e-02,  5.41155377e-02, -7.43215329e-02, -5.85644030e-03, -5.45875125e-03],
       [ 1.42909805e-02, -4.01849055e-02, -3.30078121e-02,  1.42922671e-02, -6.78089105e-02],
       [ 1.12842493e-02,  9.07758013e-02, -3.89642476e-02, -2.24454389e-02,  3.71850877e-02],
       [-7.97790029e-02, -5.69453062e-03, -1.16836558e-02, -2.67219296e-02,  1.72941239e-02],
       [ 4.61595660e-02,  5.83672655e-04,  6.93655477e-02, -7.68018689e-03,  1.00192497e-01],
       [-4.88291657e-02,  1.05055418e-01,  1.03847401e-01, -1.16810637e-02,  5.41731518e-02],
       [-8.81676764e-02,  1.04649799e-02, -1.36545151e-02, -5.93450320e-02, -4.13501271e-03],
       [-1.88762778e-02,  3.29043448e-02, -1.07459249e-01, -6.95523093e-03, -1.69078995e-02],
       [-1.68205538e-01, -1.21968095e-01,  3.90479627e-02,  2.26988058e-04,  2.06764389e-02],
       [ 9.13321397e-02, -3.25506477e-02,  4.75919589e-02, -8.31106702e-03,  7.32776113e-03],
       [-6.67264917e-02, -4.14543391e-03,  1.83768582e-01,  1.59725015e-02,  1.22801608e-02],
       [ 6.45524932e-03, -1.19417932e-01,  7.79052515e-02,  2.01213778e-02, -2.28409773e-03],
       [ 1.40955268e-01, -2.89332979e-02, -2.42728279e-02, -3.10441989e-02,  1.04028714e-02],
       [-2.59584746e-02,  3.64994111e-02, -1.00933016e-01, -1.13828414e-02,  2.20986564e-02],
       [ 9.06403372e-03, -1.01587275e-02, -8.14870629e-02, -1.08669957e-02,  3.05097790e-02],
       [-2.82441234e-03,  3.37732659e-02, -7.67236550e-02,  3.11371713e-02,  8.42215872e-02],
       [-1.09568741e-04, -3.64559678e-02,  1.01610900e-01,  7.77589605e-04,  7.66263605e-02],
       [ 1.12148763e-02, -2.82113131e-02, -1.32205968e-02, -7.44804628e-02, -3.25158751e-03],
       [ 1.75618150e-01,  5.79005902e-03,  7.13040730e-02,  1.04282731e-02, -9.09731534e-03],
       [-1.30639930e-01, -6.04429996e-02,  1.39768304e-01,  1.66491209e-02, -2.46728062e-02],
       [ 5.47981030e-02, -1.53126220e-01,  1.00548699e-02,  1.68265657e-02, -4.70544790e-02],
       [ 1.88096169e-01, -2.77934278e-03, -1.50450793e-02,  2.73510758e-02,  1.21566839e-02],
       [ 3.71291646e-02, -5.09880080e-03,  1.01436876e-01,  2.40282386e-02, -3.35850604e-02],
       [ 4.01227976e-02,  3.63227529e-02, -1.80100584e-02,  1.82649215e-02, -4.71228683e-02],
       [-5.41769249e-02,  2.52859327e-02, -9.08216078e-03,  2.97251244e-02,  1.55873468e-02],
       [-2.09444311e-02, -7.46927351e-02, -1.63960861e-01, -3.68148243e-02, -1.20626686e-01],
       [ 5.24514755e-02, -1.81597209e-02,  1.84615032e-02,  1.43516411e-01,  1.59957182e-02],
       [ 4.04707888e-02,  6.29445651e-02,  2.45092975e-02,  7.01214956e-02, -1.63460380e-02]])})
2026-01-20 11:00:51,270 - final_problem_set.kxor_instance_n19_k2_m201_ell2_eps0.15_kappa0.75_rho0.2 - INFO - Running key extraction (n=19, m=201, ell=2, phase_qubits=12)
2026-01-20 11:00:51,272 - final_problem_set.kxor_instance_n19_k2_m201_ell2_eps0.15_kappa0.75_rho0.2 - INFO - Built voting matrix V (n=19, ell=2, dtype=complex128) in 0.002s
2026-01-20 11:00:51,272 - final_problem_set.kxor_instance_n19_k2_m201_ell2_eps0.15_kappa0.75_rho0.2 - INFO - Eval: adv=0.2438, hamming=4/19 (0.211), corr=0.579
2026-01-20 11:00:51,272 - final_problem_set.kxor_instance_n19_k2_m201_ell2_eps0.15_kappa0.75_rho0.2 - INFO - Key extraction complete: x_hat=6
2026-01-20 11:00:51,272 - final_problem_set.kxor_instance_n19_k2_m201_ell2_eps0.15_kappa0.75_rho0.2 - INFO - Finished step 'KeyExtractionStep' in 0.002s (success: True, problem=kxor_instance_n19_k2_m201_ell2_eps0.15_kappa0.75_rho0.2)
2026-01-20 11:00:51,272 - final_problem_set.kxor_instance_n19_k2_m201_ell2_eps0.15_kappa0.75_rho0.2 - INFO - SUCCESS: len(z_hat)=19
2026-01-20 11:00:51,272 - final_problem_set.kxor_instance_n19_k2_m201_ell2_eps0.15_kappa0.75_rho0.2 - INFO - Metrics: adv=0.24378109452736318, ham_frac=0.21052631578947367, corr=0.5789473684210527
2026-01-20 11:00:51,272 - final_problem_set.kxor_instance_n19_k2_m201_ell2_eps0.15_kappa0.75_rho0.2 - INFO - z_hat (full): [-1,  1, -1,  1,  1, -1, -1, -1, -1,  1, -1,  1,  1,  1, -1, -1, -1, -1,  1]
