2026-01-20 11:01:13,465 - final_problem_set.kxor_instance_n22_k2_m192_ell2_eps0.15_kappa0.875_rho0.2 - INFO - Starting iteration for /Users/julian/CodingProjects/UniT3/QuarticSpeedupK-XOR/z_Daphne/data/final_problem_set/kxor_instance_n22_k2_m192_ell2_eps0.15_kappa0.875_rho0.2.npz
2026-01-20 11:01:13,465 - final_problem_set.kxor_instance_n22_k2_m192_ell2_eps0.15_kappa0.875_rho0.2 - INFO - Loaded instance (n=22, m=192, k=2)
2026-01-20 11:01:13,466 - final_problem_set.kxor_instance_n22_k2_m192_ell2_eps0.15_kappa0.875_rho0.2 - INFO - Starting step 'ComputeKikuchiStep' (version 0.1) on problem kxor_instance_n22_k2_m192_ell2_eps0.15_kappa0.875_rho0.2 (fields={'ell': 2, 'threshold': 0.0})
2026-01-20 11:01:13,492 - final_problem_set.kxor_instance_n22_k2_m192_ell2_eps0.15_kappa0.875_rho0.2 - INFO - Finished step 'ComputeKikuchiStep' in 0.027s (success: True, problem=kxor_instance_n22_k2_m192_ell2_eps0.15_kappa0.875_rho0.2)
2026-01-20 11:01:13,492 - final_problem_set.kxor_instance_n22_k2_m192_ell2_eps0.15_kappa0.875_rho0.2 - INFO - Starting step 'ClassicalEigenvaluesStep' (version 0.1) on problem kxor_instance_n22_k2_m192_ell2_eps0.15_kappa0.875_rho0.2 (fields={'ell': 2, 'threshold': 0.0, 'kikuchi_matrix': <Dictionary Of Keys sparse matrix of dtype 'int64'
	with 5360 stored elements and shape (231, 231)>, 'num_eigenvalues': 5})
2026-01-20 11:01:13,618 - final_problem_set.kxor_instance_n22_k2_m192_ell2_eps0.15_kappa0.875_rho0.2 - INFO - Finished step 'ClassicalEigenvaluesStep' in 0.125s (success: True, problem=kxor_instance_n22_k2_m192_ell2_eps0.15_kappa0.875_rho0.2)
2026-01-20 11:01:13,618 - final_problem_set.kxor_instance_n22_k2_m192_ell2_eps0.15_kappa0.875_rho0.2 - INFO - Starting step 'KeyExtractionStep' (version 0.1) on problem kxor_instance_n22_k2_m192_ell2_eps0.15_kappa0.875_rho0.2 (fields={'ell': 2, 'threshold': 0.0, 'kikuchi_matrix': <Dictionary Of Keys sparse matrix of dtype 'int64'
	with 5360 stored elements and shape (231, 231)>, 'num_eigenvalues': 5, 'eigenvalues': array([-10.78173196, -10.4485474 , -10.09239739,  10.26347038,  10.67247131]), 'eigenvectors': array([[ 8.32476352e-02,  9.30911445e-02, -1.53897292e-02, -1.07917067e-01,  3.14021270e-02],
       [-1.16784216e-01, -9.39980889e-02, -3.15960947e-02,  6.01132791e-02, -5.24181553e-02],
       [-9.35794127e-02, -5.27549636e-02,  7.51174369e-02,  1.14531515e-02,  2.96201738e-05],
       [-1.90473009e-02,  9.84658353e-03, -9.57129253e-02, -1.95669791e-02,  8.23989038e-03],
       [ 5.21172446e-02,  2.61619212e-02, -1.19756690e-01, -5.03134388e-02,  5.89498471e-02],
       [ 8.99858380e-04,  3.17786278e-03,  1.18956618e-01, -9.71663745e-02,  2.59045231e-02],
       [ 3.92301644e-02,  1.12640639e-01, -4.51674576e-02,  1.73446490e-02, -2.71758516e-02],
       [-7.36649609e-02, -6.46186576e-03, -1.67887877e-01, -9.13658232e-02,  2.64905282e-02],
       [ 6.88231538e-02,  7.71347749e-03,  6.10821116e-02, -2.15271685e-02,  6.33422596e-03],
       [ 3.07742578e-02,  9.64321607e-02, -2.73949236e-02,  4.72889804e-03,  1.24092232e-02],
       [-1.38656204e-03, -1.20938637e-01,  3.30142975e-02, -1.21287277e-01,  3.18796825e-02],
       [-3.51046737e-02, -1.45626289e-02, -7.52184386e-03, -7.04720913e-02,  3.27880480e-02],
       [ 6.17814735e-02,  6.74279889e-02, -5.39159000e-03,  3.22555952e-02,  1.62824420e-03],
       [ 1.07362860e-01, -5.66549679e-02,  2.78524075e-02,  1.98766584e-02, -3.14742372e-02],
       [ 5.60734297e-02, -5.27132914e-02, -4.50648146e-02,  1.02503754e-01, -2.63137058e-02],
       [ 3.54037251e-03, -5.49800093e-02, -4.17867018e-02,  1.04663328e-01, -1.76421611e-02],
       [ 8.07726082e-02,  9.06048942e-02, -1.09431926e-01,  2.00706083e-02, -1.89139012e-02],
       [ 8.39006528e-02,  2.11708813e-02,  8.07660008e-02,  2.84311314e-02,  2.78376344e-03],
       [-1.67219053e-02, -5.28707188e-02,  9.39979756e-02,  3.12582091e-02,  8.36506724e-03],
       [-6.53238471e-02, -1.10761800e-01,  2.19784648e-02, -8.56367409e-02,  2.75953704e-02],
       [-9.80266039e-02,  6.27743340e-03,  7.21774573e-04,  6.01127636e-02, -1.73871043e-03],
       [ 1.79240124e-01, -1.48005920e-02,  1.31975436e-02,  6.37570295e-02,  1.48541097e-01],
       [ 1.26473745e-01, -2.78753494e-02, -7.04665484e-02, -2.20062463e-02,  5.31499520e-02],
       [ 7.07119038e-03, -2.94082504e-02,  9.85247525e-02,  8.77737839e-02, -4.90423391e-02],
       [-1.02794173e-01,  2.42065279e-02,  1.33357489e-01, -7.02481141e-02, -1.39818965e-01],
       [ 1.01672031e-02, -3.02123696e-04, -1.21657230e-01, -5.26077792e-02, -1.38981896e-01],
       [-8.94786991e-02, -9.76060299e-02,  2.48260145e-02,  1.94437824e-02,  6.38352461e-02],
       [ 7.58899603e-02, -6.66340103e-02,  1.50983340e-01,  2.10125205e-02, -8.24407701e-02],
       [-8.09404231e-02,  5.84833927e-02, -4.47589578e-02,  4.96150692e-03, -1.15820721e-02],
       [-9.85588359e-02, -1.38131931e-01, -3.19856370e-03, -1.61680522e-01, -1.95146039e-02],
       [ 5.63448703e-02,  1.82758747e-01,  8.57275750e-03, -4.32366136e-02, -1.23364005e-01],
       [ 3.18217537e-02, -4.25923200e-02, -1.10449305e-02,  1.74408820e-02, -9.39129638e-02],
       [-1.09798422e-01, -3.09632317e-02, -1.04542503e-02, -6.36755611e-03,  3.12260159e-02],
       [-1.21761554e-01,  1.77653986e-01,  1.67445855e-02,  7.45442401e-02,  8.65787519e-02],
       [-4.59786339e-02,  1.43293762e-01,  9.01317578e-02, -4.48312463e-02,  1.15411990e-01],
       [ 2.02971724e-02,  9.14795063e-02,  6.29991047e-02, -7.35057182e-02,  1.03234423e-01],
       [-1.64084730e-01, -3.51866164e-02,  1.04688578e-01, -9.54428543e-02,  5.46587198e-02],
       [-1.09374125e-01,  5.24721708e-02, -6.80806816e-02,  7.50491960e-02,  2.22752865e-02],
       [ 5.98498688e-02,  5.21520657e-02, -7.97685941e-02, -1.10246591e-01,  2.10760016e-02],
       [ 1.36090948e-01,  7.83731282e-02, -4.88437033e-04, -2.29530284e-02, -1.43784098e-01],
       [ 1.21034297e-01, -1.00857758e-01, -2.33275011e-02, -7.24143494e-02,  8.73524710e-02],
       [-1.72974830e-01,  5.60912366e-02,  5.76396847e-02,  5.51809023e-03, -2.09976420e-02],
       [ 1.48889594e-03,  3.03428809e-02, -8.97066535e-02, -6.05597278e-02,  6.99204506e-02],
       [ 1.54161554e-01, -5.07506084e-02, -1.25844037e-01,  1.09036351e-01,  6.69789734e-02],
       [-2.48421718e-02,  8.59256641e-03,  1.23574864e-01,  1.36012888e-01,  9.80824315e-02],
       [ 1.17629876e-01,  9.34434384e-02,  1.83979116e-02, -2.36671813e-02, -5.31740190e-02],
       [-5.76894267e-02,  6.88883203e-02, -1.42130085e-01,  6.70817658e-02,  1.07926815e-01],
       [ 5.72091076e-02, -6.41938472e-02,  3.60287758e-02,  3.58643605e-02,  8.97414730e-03],
       [ 1.20083449e-01,  1.43909157e-01,  6.30993078e-02,  1.39960760e-01, -5.02023120e-02],
       [-8.81937237e-02, -1.95547480e-01, -7.52515722e-02,  1.34164560e-01,  8.63447569e-02],
       [-3.06131810e-02,  5.70193541e-02,  2.55679449e-02,  4.05081051e-02,  8.21688533e-02],
       [ 1.31924241e-01,  2.01541617e-02,  4.18491871e-02, -2.68000644e-02, -3.41419974e-02],
       [ 1.03567649e-01, -1.92419213e-01, -4.88129793e-02, -7.77547681e-02, -1.16193542e-02],
       [ 3.70482117e-02, -1.64758070e-01, -1.30925609e-01, -5.37318548e-02, -1.22142293e-01],
       [-1.43541818e-02, -9.85971766e-02, -8.45729120e-02, -1.59929700e-02, -1.60594666e-01],
       [ 2.06661054e-01,  1.55937719e-02, -6.21078556e-02,  6.49823618e-02, -8.28613318e-02],
       [ 9.04238177e-02, -5.94805206e-02,  6.62977441e-02, -7.95417958e-02,  1.96422166e-02],
       [-6.86929639e-02, -4.50741296e-02,  5.40732242e-02,  8.07891479e-02, -7.58370871e-02],
       [-1.74718140e-01, -6.79660272e-02, -5.34482806e-02,  8.73216931e-02,  9.19224397e-02],
       [-1.05844932e-01,  1.13328945e-01,  3.20529328e-02, -7.46744055e-03, -1.18489266e-01],
       [ 5.41813285e-03,  2.05329053e-02, -5.69703990e-02,  4.03922336e-03,  2.03427330e-02],
       [ 4.74663283e-02, -2.19641816e-02, -5.35426153e-02,  9.82901151e-03,  3.07935190e-02],
       [ 1.42109226e-02, -9.65211655e-03,  3.40326999e-02, -3.62488949e-02,  2.13814595e-03],
       [ 9.28305837e-02,  4.59547480e-02, -8.14278826e-02, -4.67001637e-03, -1.98315396e-02],
       [-8.47390090e-02,  7.23615480e-02, -4.30928313e-02, -1.32699852e-02,  5.10719831e-02],
       [ 6.29544361e-02, -5.96398320e-02,  1.22670374e-02,  5.35221816e-04,  7.65892754e-03],
       [ 7.27051131e-02,  7.49810715e-02, -5.24664369e-02,  1.77093268e-03, -2.03485080e-02],
       [-6.43044945e-02, -1.09569216e-01,  7.10775094e-02, -2.77626216e-02,  2.12362545e-02],
       [-5.00273982e-02,  4.77843075e-02,  2.94570768e-02, -8.31180703e-03,  3.14650523e-02],
       [ 5.01319398e-02, -1.49899418e-03, -8.01799661e-03,  1.31527679e-02, -1.11002986e-03],
       [ 6.36034848e-02, -1.12112326e-01,  3.22860569e-02,  1.70705608e-03,  3.01181403e-03],
       [ 4.25868155e-02, -1.01085919e-01, -2.43162748e-02,  1.72949205e-02, -3.72920947e-02],
       [-2.33989541e-02, -5.04275321e-02,  9.65073716e-03,  2.49830493e-02, -4.30818261e-02],
       [ 9.29240265e-02,  4.67123579e-04, -6.11880868e-02, -9.91012004e-03, -3.90347459e-02],
       [ 7.10115501e-02, -4.66995735e-02,  2.09012685e-02,  1.90669325e-02,  2.27612045e-02],
       [-1.18213431e-02, -2.05181840e-02,  2.97490754e-02,  1.72097950e-02, -1.14928245e-02],
       [-1.02854998e-01, -1.42429819e-02,  5.79748541e-02, -2.69970456e-02, -1.98645931e-03],
       [-7.49684138e-02,  8.56841149e-02,  3.22023564e-03,  1.85415944e-02, -1.59667790e-02],
       [ 6.63399303e-03, -2.50558525e-02,  4.86329493e-02,  6.79722124e-02, -6.92746602e-02],
       [-8.34304073e-03,  3.34666106e-03, -1.35230791e-02,  5.44289546e-02, -7.52263051e-02],
       [ 1.59431609e-02, -2.61018944e-03,  8.98821448e-02, -3.06384443e-02,  2.11433837e-02],
       [ 1.48902808e-02,  2.69874551e-03,  8.49629389e-03,  8.26109586e-02, -5.23056353e-02],
       [-1.22550223e-02, -1.37947240e-02, -5.91646083e-04,  1.52401500e-02, -1.74513076e-02],
       [ 1.31810188e-02,  7.19959531e-03,  8.56918829e-02, -2.66056765e-02, -2.00476905e-02],
       [-2.39128129e-02, -4.48285157e-04, -1.09063803e-01,  6.38772947e-02, -8.24604622e-02],
       [ 6.15596416e-03,  1.79990117e-02, -1.07921205e-02,  6.46638860e-02, -5.46730672e-02],
       [-2.95995088e-03, -1.56262460e-02,  5.09698954e-02, -2.00406210e-02,  1.69303398e-02],
       [-1.72175909e-02, -1.65386662e-02, -2.40805928e-02, -1.91235922e-02,  5.17706296e-02],
       [-1.19774568e-02, -2.84357819e-02, -2.26725742e-02, -8.75162073e-02,  5.18557628e-02],
       [-7.83383530e-03, -6.54865193e-03, -2.70643621e-02, -7.77401211e-02,  3.96582175e-02],
       [ 2.15202144e-02, -2.14628245e-02,  9.30935675e-02, -4.77452967e-02,  1.33875036e-02],
       [-1.04448066e-02, -4.11272117e-04,  9.85152519e-03,  1.22573621e-02,  1.92815212e-02],
       [-4.71092994e-03,  9.71038100e-03, -3.70813582e-02, -3.21936382e-02, -1.13742930e-03],
       [-4.55915960e-03,  2.47849822e-02, -1.05945314e-01,  6.42733436e-02, -7.27257736e-02],
       [ 1.44755073e-02,  2.06550990e-02, -8.21660959e-03, -6.25228201e-02,  3.54665276e-02],
       [-1.48579063e-02,  1.36928624e-02, -2.15941190e-02, -1.46976574e-01, -9.90941216e-02],
       [-5.98157676e-02, -2.79713033e-02,  1.24542018e-01,  1.21605734e-02,  4.85887065e-02],
       [ 7.64873018e-02, -6.48344477e-02,  1.70458001e-02, -8.69164666e-02, -1.17133443e-01],
       [-5.91755921e-02,  4.01775714e-02, -2.74332941e-05, -3.88772442e-02, -1.05484993e-02],
       [-5.16688483e-02, -5.40098904e-02,  1.17573501e-01, -1.37577201e-01,  4.95214727e-02],
       [ 3.44345804e-02,  7.92962952e-02, -1.39085759e-01, -1.82618929e-01, -1.09973291e-01],
       [ 3.98689133e-02, -2.69619951e-02, -2.06017710e-02, -5.09244670e-02, -8.73765281e-02],
       [-4.35756872e-02,  5.08079819e-03,  4.99142081e-02,  3.66194134e-02,  3.64314001e-02],
       [-6.72864581e-02,  8.78924011e-02, -3.66278777e-02,  8.06075474e-02,  1.60391931e-02],
       [-4.09635657e-02,  5.93674049e-02, -9.77505927e-03,  7.03490572e-02,  1.26225146e-01],
       [ 1.30289359e-02,  3.61363096e-02, -3.31541015e-02,  2.83717104e-02,  1.65834142e-01],
       [-6.65956289e-02,  1.98653913e-03,  1.17592225e-01, -7.41860764e-02,  8.00092052e-02],
       [-7.79041465e-02,  5.37134664e-02,  1.05421892e-02,  1.16162239e-01, -7.90062326e-03],
       [ 3.48036304e-03,  2.38424633e-02, -3.83489292e-02, -7.21530421e-02,  7.94926646e-02],
       [ 7.11159483e-02,  5.65909994e-03, -1.23572359e-01, -1.02147169e-01, -9.69871124e-02],
       [ 7.05442030e-02, -6.29847829e-02, -1.58367696e-02,  1.06507067e-02,  1.12441260e-01],
       [ 2.20119683e-03, -6.64950393e-03, -1.21141618e-01,  5.76375853e-02,  7.06165725e-02],
       [-2.91385346e-02,  1.61592110e-02,  2.66323304e-02, -6.43530690e-02, -1.06973409e-01],
       [ 1.48742007e-02, -6.52747638e-03, -1.43630893e-02, -3.13042035e-02, -1.48310923e-02],
       [-2.62603170e-03, -1.27450449e-02, -1.12595732e-01, -1.36555808e-01,  4.06810335e-02],
       [ 9.96960053e-03, -2.98519583e-03,  1.43676300e-01, -1.14374665e-01, -8.02644137e-02],
       [-1.66686395e-02,  5.18699513e-04,  2.30103217e-02, -5.43240597e-02, -1.03138551e-01],
       [-3.08744109e-03,  4.80356505e-03, -5.03863531e-02, -5.65893392e-04,  7.26414120e-03],
       [ 4.98897431e-03, -6.08162943e-05,  4.25933465e-02,  1.10247102e-01,  2.71933503e-02],
       [ 7.82056501e-03,  7.25724666e-03,  3.69652589e-02,  5.12845975e-02,  1.26579527e-01],
       [-7.40347092e-03,  1.18628204e-02,  6.17413068e-02,  1.53172364e-03,  1.28106758e-01],
       [-2.59081465e-02, -8.10929265e-04, -8.36414690e-02, -4.95798712e-02,  1.14223107e-01],
       [ 1.08428613e-02, -1.72588788e-02, -2.40677538e-02,  4.97624577e-02, -3.70882391e-02],
       [ 1.34714219e-02, -6.53957029e-03,  2.07216376e-02, -1.05904162e-01,  5.59082665e-02],
       [-9.06532377e-03, -1.01813252e-02,  1.24571092e-01, -7.62488907e-02, -8.36749933e-02],
       [-1.00722937e-02, -8.13042397e-03,  1.62360532e-03, -1.61134142e-02,  7.38869082e-02],
       [ 6.66917976e-02,  2.88894047e-03,  1.62381737e-01,  2.22283704e-02,  6.53287465e-02],
       [-6.65201646e-02, -4.43522835e-03, -5.57298212e-02,  1.30631592e-02,  2.12695148e-02],
       [-3.34209936e-02, -9.56036150e-02,  2.62562716e-02,  5.67656548e-02, -3.80346405e-03],
       [ 9.31528951e-03,  1.30464796e-01, -3.37297093e-02,  7.83152280e-02,  8.92836677e-02],
       [ 2.76877090e-02,  4.67492142e-03,  1.60146379e-02,  1.07832510e-02,  6.55048282e-02],
       [-6.67978142e-02, -7.23918012e-02,  9.66917083e-03, -1.54227001e-02, -2.25582949e-02],
       [-1.08449754e-01,  6.51932480e-02, -1.97836311e-03, -2.21694852e-02, -3.06175691e-02],
       [-5.36164176e-02,  5.92414353e-02,  5.09434421e-02, -1.31651010e-02, -7.49526769e-02],
       [-8.54796040e-03,  4.46967595e-02,  4.60910154e-02, -1.41190090e-02, -6.76599607e-02],
       [-1.02875619e-01, -1.04354943e-01,  1.38199613e-01,  4.38092867e-02, -3.16295862e-02],
       [-7.40198854e-02, -6.19953043e-03, -7.03510102e-02, -5.31450883e-02, -1.01856599e-02],
       [ 2.23398652e-02,  4.92582441e-02, -8.66022438e-02,  2.64653794e-02, -2.34349254e-02],
       [ 7.99919107e-02,  1.34771041e-01, -2.34985205e-02,  2.91499572e-02,  6.80709984e-02],
       [ 9.24099802e-02, -1.22405669e-02, -3.03844275e-03,  4.89861009e-03, -5.39903232e-02],
       [ 3.87916942e-03, -3.69664293e-02,  2.07419537e-03, -6.62122887e-03, -1.31149433e-03],
       [ 6.72905798e-02,  4.22126848e-02,  1.69610984e-01, -1.56164045e-01, -1.77150921e-02],
       [-6.94651075e-02, -6.78819502e-02, -2.11247012e-01, -5.39561729e-02, -9.42901949e-02],
       [ 2.83839468e-03,  5.44251054e-02, -6.93866955e-03,  8.04095189e-03, -8.60923266e-02],
       [ 6.09812683e-02, -2.00103119e-02,  8.62930390e-02, -1.30835072e-03,  1.85353734e-02],
       [ 2.55963327e-02, -8.90996572e-02, -8.11677521e-02,  8.90601600e-02,  8.10114618e-02],
       [-2.05805469e-03, -1.02590960e-01, -9.12854308e-02, -2.20127033e-02,  8.82156471e-02],
       [-1.07629053e-02, -4.32702979e-02, -8.20290995e-02, -6.23443030e-02,  8.75434300e-02],
       [ 1.33767752e-01, -4.38900922e-02,  1.12167378e-01, -8.82600335e-02,  5.11263526e-02],
       [ 2.61749214e-02, -3.41288811e-02,  2.81343789e-02,  7.12504105e-02,  2.02909502e-02],
       [-4.38002024e-02,  3.48495719e-03, -3.45216068e-02, -1.14225722e-01,  3.40946497e-02],
       [-7.87559317e-02,  2.90702955e-02, -1.80633947e-01, -4.95578422e-02, -1.51424489e-01],
       [-2.40336530e-02,  7.02683505e-02,  1.39719156e-02, -4.38214176e-02,  6.82002135e-02],
       [-6.11413985e-02, -2.54225550e-02, -7.26722561e-02, -3.90944717e-02,  8.90354907e-03],
       [ 6.34458494e-02,  3.77296685e-02,  9.57478667e-02, -3.21558635e-03,  8.30279395e-03],
       [ 7.15864680e-03, -2.87401971e-02, -1.24463542e-02,  5.85818651e-04, -2.76767204e-03],
       [-5.06439192e-02,  2.67137950e-02, -3.83574747e-02,  2.72474981e-03,  7.61890147e-04],
       [-1.52156256e-02,  7.62192556e-02,  4.55436735e-02,  2.19645123e-02,  5.34709337e-03],
       [-1.74856357e-03,  5.76127190e-02,  5.55201220e-02,  1.05104683e-02,  1.59762638e-03],
       [ 1.09444780e-02,  3.36417671e-02,  3.53363396e-02, -2.49174961e-02,  2.99675432e-02],
       [-9.69324344e-02,  4.45861712e-02, -4.47544685e-02, -1.10329881e-02,  1.39120949e-02],
       [-2.43963054e-02,  4.38725492e-02, -4.28956250e-03,  1.43367110e-02, -8.51818891e-03],
       [ 3.36189464e-02,  1.83911561e-03,  2.37962102e-02, -3.14569195e-02,  1.20312741e-02],
       [ 8.02794456e-02, -2.47453948e-02,  7.12040863e-02, -2.40100583e-02, -1.45802625e-02],
       [ 2.57460004e-02, -6.68471596e-02, -1.86424335e-02, -2.38008162e-03,  1.57526712e-02],
       [ 4.63811642e-03,  9.87871304e-02, -2.71521858e-02, -1.69047906e-01,  4.00593213e-02],
       [ 4.12581003e-02,  3.40427657e-02,  1.31152854e-02, -1.22183126e-01,  1.25264851e-02],
       [-4.21826343e-02, -7.93352144e-02, -8.29655726e-03,  3.76771716e-02, -4.40941133e-04],
       [-9.69518718e-02, -1.17274199e-03, -3.96961004e-02,  6.07184466e-02, -6.19422818e-02],
       [-6.18252133e-02,  1.42998938e-02,  3.52164673e-02,  1.64588118e-01,  6.06873392e-03],
       [-6.30107098e-03,  2.82890885e-02,  3.46012702e-02,  1.37701072e-01,  3.64199840e-02],
       [-7.72531207e-02, -1.22608933e-01,  9.28027345e-02,  5.38049587e-02,  3.08213202e-02],
       [-6.78069284e-02, -4.71974933e-02, -9.09300611e-02,  2.29937115e-02, -3.07184165e-02],
       [ 2.21236604e-03,  2.71139389e-02, -7.32750986e-02,  1.56064221e-02,  3.34607240e-02],
       [ 5.10782345e-02,  1.23074003e-01, -1.13367341e-03, -1.32334385e-01,  4.85963116e-02],
       [ 7.32287839e-02,  3.11701912e-02,  2.74883621e-02,  8.76967992e-02,  1.54894808e-02],
       [-2.91981473e-02, -6.42832607e-02, -2.38220946e-02, -3.58925292e-02, -8.17069330e-02],
       [ 3.95604033e-02,  1.04690774e-01, -6.42195109e-04,  7.28850438e-03,  1.88426467e-02],
       [ 1.01825781e-01,  1.30266279e-02,  4.54347391e-02,  1.10290972e-01,  2.95452199e-02],
       [ 5.54420889e-02,  2.69678684e-03, -3.56781521e-02,  4.20146745e-02,  1.18665294e-01],
       [ 1.01214683e-02, -3.45594191e-02, -4.80104435e-02, -1.17117310e-02,  1.38241707e-01],
       [ 4.50634839e-02,  1.53234587e-01, -1.14419960e-01, -5.82841964e-02,  1.10713982e-01],
       [ 7.14006127e-02,  7.67978377e-02,  1.10246710e-01,  5.84267314e-02, -3.55141289e-02],
       [-1.29236437e-03, -4.98779310e-02,  1.02697142e-01, -1.19224849e-01,  6.49210568e-02],
       [-3.64771962e-02, -1.83366695e-01,  1.36599044e-02, -1.01531288e-01, -1.10207116e-01],
       [-8.40180629e-02, -5.82696294e-02, -1.85226632e-02, -1.34558198e-02,  1.08517404e-01],
       [ 4.15205003e-02, -1.59271799e-02, -1.49824714e-03, -6.45882361e-04,  3.12097957e-02],
       [ 2.29246899e-02, -1.06030805e-01, -5.54995889e-02,  5.11125515e-02,  3.78627942e-02],
       [ 2.30509196e-03, -5.56792024e-02, -4.11146097e-02, -3.16401702e-02,  1.31266542e-01],
       [-3.04072954e-03, -3.50877006e-02, -2.39476415e-02, -4.50650512e-02,  1.04862762e-01],
       [ 7.94323336e-02, -2.52144196e-02, -4.55373265e-02, -6.66860869e-02,  5.49209971e-02],
       [ 2.21966967e-02, -5.44451522e-02, -1.53126132e-02,  6.07765189e-02, -3.33463238e-04],
       [-3.15971670e-02, -1.69463764e-02,  6.34394260e-03, -8.13443521e-02,  4.25688125e-02],
       [-4.82221402e-02,  6.27017174e-03, -1.12113967e-02, -2.72382032e-02, -1.12765970e-01],
       [-2.55813584e-02,  6.77611592e-02,  3.11943031e-02, -4.26667531e-02,  9.15503684e-02],
       [-6.68588921e-02,  7.33465808e-02, -2.47843673e-02, -3.05327154e-02, -1.71786840e-02],
       [-4.84535815e-02,  6.91383060e-02,  2.81758405e-02,  7.05672923e-05, -1.54093259e-02],
       [ 1.10677194e-02,  4.85697981e-02,  2.34729095e-02,  2.17270992e-02, -2.44532007e-02],
       [-7.57272511e-02, -3.49977893e-02,  1.73474223e-02,  2.39432292e-02, -2.99472023e-02],
       [-6.45358767e-02,  7.38181589e-03, -5.53078676e-02, -5.24277859e-03,  9.66432184e-03],
       [ 5.00927108e-04,  1.41446176e-02, -2.70823913e-02,  3.35783644e-02, -8.92662298e-03],
       [ 6.00483871e-02,  4.19811487e-02,  1.29251220e-02,  1.12278103e-02,  2.85129254e-02],
       [ 5.37270584e-02, -3.66553316e-02,  1.52650531e-02,  9.67203200e-03, -5.06667537e-03],
       [ 7.58137180e-03,  1.02046349e-01,  4.22940768e-02, -8.38511182e-02, -8.18298509e-02],
       [ 3.02535234e-02,  1.55037787e-02, -3.61685433e-03, -5.23783768e-02, -1.07243766e-01],
       [-1.07607010e-01,  1.25005127e-01, -7.36419799e-02,  1.19914786e-02, -6.22931161e-02],
       [-2.70794099e-02,  8.95397751e-02,  3.71764507e-02, -5.05037502e-02,  4.16887799e-02],
       [ 3.81917022e-02, -1.91674530e-02,  4.28248307e-02,  2.50049845e-02, -5.09298803e-02],
       [ 1.35962573e-01, -1.11140594e-01,  1.71910536e-02,  7.65821358e-02,  1.65136858e-02],
       [ 2.99100071e-02, -1.07329864e-01, -2.75415015e-02, -3.94551126e-02, -6.59469242e-02],
       [ 1.62810795e-02,  1.16065561e-02, -2.23631013e-02,  9.83014901e-02, -1.38409486e-01],
       [-6.78616718e-02,  1.10060983e-01,  3.27115102e-02,  1.11532620e-01, -7.87899561e-02],
       [-1.05927093e-02,  1.01173907e-01,  6.95776457e-02, -7.40621142e-02, -5.40747513e-03],
       [ 3.66152748e-02, -3.02163080e-04,  1.95683746e-02,  1.29786454e-01, -4.06047678e-02],
       [ 8.19118913e-02, -8.96948464e-02, -6.26371672e-02,  2.30214849e-02,  1.29429359e-01],
       [ 1.49999185e-02, -8.85810572e-02, -4.60828273e-02,  6.06628082e-02, -7.75525512e-02],
       [ 2.07944873e-02,  7.19461281e-02, -7.89290781e-03,  1.09746495e-01, -6.54741369e-02],
       [ 1.34695251e-02,  3.91838588e-02,  4.76063394e-02, -5.43900212e-02, -2.28682697e-02],
       [ 4.98797045e-04, -1.94273006e-02,  2.42693383e-02,  1.07090528e-01, -1.00049439e-02],
       [-4.29012245e-03, -8.26473898e-02, -5.66607165e-02, -2.30733732e-02,  1.68558379e-01],
       [-2.24412837e-02, -2.83926860e-02, -1.25817065e-02,  8.43099522e-02, -7.20035292e-02],
       [-1.03565942e-01,  3.11997379e-02, -6.64235374e-02, -2.71635988e-02, -3.71478903e-02],
       [ 9.13704936e-03,  4.07284254e-02, -7.01453974e-02,  4.08895332e-02, -8.63423748e-03],
       [ 1.45421746e-01,  9.49447371e-02, -1.07626031e-01, -6.40472879e-02,  1.05906088e-01],
       [ 1.23382810e-01, -6.63132000e-02, -7.60361663e-04,  7.90135399e-02, -5.49600222e-02],
       [ 3.66379060e-02,  6.31536430e-03,  1.53478256e-02,  1.76244818e-02, -1.89630249e-02],
       [ 1.18901501e-01,  2.27161620e-03,  9.57121941e-02,  5.84971820e-02, -3.74313648e-02],
       [ 4.60249491e-02, -7.58405808e-02, -8.86886284e-03, -3.26018266e-02, -3.48528799e-03],
       [-1.16971008e-02, -3.31714102e-02,  7.78358065e-02, -1.00963938e-01,  5.52642536e-02],
       [-2.94881879e-02,  1.59495683e-03, -1.34648556e-02,  8.64658788e-02, -9.97963700e-03],
       [-9.60270839e-02,  5.22885621e-02, -1.05067268e-02, -2.69114422e-02,  9.00670816e-02]])})
2026-01-20 11:01:13,620 - final_problem_set.kxor_instance_n22_k2_m192_ell2_eps0.15_kappa0.875_rho0.2 - INFO - Running key extraction (n=22, m=192, ell=2, phase_qubits=13)
2026-01-20 11:01:13,623 - final_problem_set.kxor_instance_n22_k2_m192_ell2_eps0.15_kappa0.875_rho0.2 - INFO - Built voting matrix V (n=22, ell=2, dtype=complex128) in 0.003s
2026-01-20 11:01:13,623 - final_problem_set.kxor_instance_n22_k2_m192_ell2_eps0.15_kappa0.875_rho0.2 - INFO - Eval: adv=0.3438, hamming=6/22 (0.273), corr=0.455
2026-01-20 11:01:13,623 - final_problem_set.kxor_instance_n22_k2_m192_ell2_eps0.15_kappa0.875_rho0.2 - INFO - Key extraction complete: x_hat=16
2026-01-20 11:01:13,623 - final_problem_set.kxor_instance_n22_k2_m192_ell2_eps0.15_kappa0.875_rho0.2 - INFO - Finished step 'KeyExtractionStep' in 0.004s (success: True, problem=kxor_instance_n22_k2_m192_ell2_eps0.15_kappa0.875_rho0.2)
2026-01-20 11:01:13,623 - final_problem_set.kxor_instance_n22_k2_m192_ell2_eps0.15_kappa0.875_rho0.2 - INFO - SUCCESS: len(z_hat)=22
2026-01-20 11:01:13,623 - final_problem_set.kxor_instance_n22_k2_m192_ell2_eps0.15_kappa0.875_rho0.2 - INFO - Metrics: adv=0.34375, ham_frac=0.2727272727272727, corr=0.45454545454545453
2026-01-20 11:01:13,624 - final_problem_set.kxor_instance_n22_k2_m192_ell2_eps0.15_kappa0.875_rho0.2 - INFO - z_hat (full): [-1,  1, -1, -1,  1,  1,  1, -1,  1,  1, -1,  1,  1, -1, -1, -1, -1, -1,  1, -1,  1, -1]
