2026-01-20 11:00:30,529 - final_problem_set.kxor_instance_n13_k2_m107_ell2_eps0.3_kappa0.875_rho0.2 - INFO - Starting iteration for /Users/julian/CodingProjects/UniT3/QuarticSpeedupK-XOR/z_Daphne/data/final_problem_set/kxor_instance_n13_k2_m107_ell2_eps0.3_kappa0.875_rho0.2.npz
2026-01-20 11:00:30,529 - final_problem_set.kxor_instance_n13_k2_m107_ell2_eps0.3_kappa0.875_rho0.2 - INFO - Loaded instance (n=13, m=107, k=2)
2026-01-20 11:00:30,530 - final_problem_set.kxor_instance_n13_k2_m107_ell2_eps0.3_kappa0.875_rho0.2 - INFO - Starting step 'ComputeKikuchiStep' (version 0.1) on problem kxor_instance_n13_k2_m107_ell2_eps0.3_kappa0.875_rho0.2 (fields={'ell': 2, 'threshold': 0.0})
2026-01-20 11:00:30,537 - final_problem_set.kxor_instance_n13_k2_m107_ell2_eps0.3_kappa0.875_rho0.2 - INFO - Finished step 'ComputeKikuchiStep' in 0.008s (success: True, problem=kxor_instance_n13_k2_m107_ell2_eps0.3_kappa0.875_rho0.2)
2026-01-20 11:00:30,537 - final_problem_set.kxor_instance_n13_k2_m107_ell2_eps0.3_kappa0.875_rho0.2 - INFO - Starting step 'ClassicalEigenvaluesStep' (version 0.1) on problem kxor_instance_n13_k2_m107_ell2_eps0.3_kappa0.875_rho0.2 (fields={'ell': 2, 'threshold': 0.0, 'kikuchi_matrix': <Dictionary Of Keys sparse matrix of dtype 'int64'
	with 1320 stored elements and shape (78, 78)>, 'num_eigenvalues': 5})
2026-01-20 11:00:30,562 - final_problem_set.kxor_instance_n13_k2_m107_ell2_eps0.3_kappa0.875_rho0.2 - INFO - Finished step 'ClassicalEigenvaluesStep' in 0.025s (success: True, problem=kxor_instance_n13_k2_m107_ell2_eps0.3_kappa0.875_rho0.2)
2026-01-20 11:00:30,562 - final_problem_set.kxor_instance_n13_k2_m107_ell2_eps0.3_kappa0.875_rho0.2 - INFO - Starting step 'KeyExtractionStep' (version 0.1) on problem kxor_instance_n13_k2_m107_ell2_eps0.3_kappa0.875_rho0.2 (fields={'ell': 2, 'threshold': 0.0, 'kikuchi_matrix': <Dictionary Of Keys sparse matrix of dtype 'int64'
	with 1320 stored elements and shape (78, 78)>, 'num_eigenvalues': 5, 'eigenvalues': array([-8.72747449, -8.53041278, -7.35254252,  7.50914273,  7.91862202]), 'eigenvectors': array([[-0.0243158 ,  0.17847337,  0.03441682, -0.06311398,  0.07520554],
       [ 0.01839514, -0.19460988,  0.06175781, -0.00774997, -0.03762169],
       [-0.01269554,  0.14525   , -0.11051684, -0.02776351,  0.04364407],
       [-0.16267925,  0.11961934, -0.04352569, -0.04976234,  0.07113393],
       [-0.08935614, -0.13534878, -0.05169116, -0.03409951,  0.07064353],
       [-0.14838177, -0.07597649, -0.09541139,  0.0885433 , -0.00721223],
       [ 0.08296844, -0.20764299,  0.04539707, -0.05971402,  0.06312013],
       [ 0.01329757, -0.26339961, -0.02083836, -0.01340597,  0.02275709],
       [-0.17380441,  0.10678455, -0.03442731,  0.03732524, -0.04297874],
       [-0.01967763, -0.20683508, -0.0895864 , -0.01620084, -0.01846529],
       [ 0.21514618,  0.02040771,  0.18163094,  0.0212539 ,  0.01288968],
       [ 0.20276989,  0.05220008,  0.0238343 ,  0.01624664, -0.00175371],
       [ 0.03370136,  0.14277164, -0.01395969,  0.09917457, -0.26152762],
       [-0.02738256, -0.17272697,  0.11635845, -0.26358967, -0.11688959],
       [ 0.12780111, -0.14700303, -0.01520795, -0.17365822, -0.18640964],
       [ 0.10486168,  0.14816908, -0.02417191, -0.225369  , -0.0465182 ],
       [ 0.13246296, -0.00186625,  0.10407203,  0.13108814,  0.25570432],
       [-0.02902416,  0.11231716,  0.0462825 , -0.12779166, -0.21322319],
       [ 0.04050751,  0.14467939,  0.11438929, -0.18117665,  0.09640634],
       [ 0.11241834, -0.04174349, -0.10620032,  0.01309708,  0.05021379],
       [ 0.04377711,  0.12562882,  0.12281231,  0.03450768, -0.15633464],
       [-0.16521187,  0.02767918, -0.12430162, -0.20335666,  0.16555204],
       [-0.17553295, -0.01922766,  0.05009905,  0.11891643, -0.09327552],
       [ 0.00598805,  0.10589465, -0.07501778, -0.03004064, -0.16113812],
       [-0.1172909 ,  0.14472383, -0.02674116,  0.01466198, -0.25676812],
       [-0.08929677, -0.11935495,  0.03297988, -0.07616009, -0.13109383],
       [-0.12987335, -0.01960221, -0.06336113, -0.09160055,  0.21931749],
       [ 0.02182749, -0.16400678,  0.01247577,  0.04917012, -0.26137997],
       [-0.0525305 , -0.19397632,  0.02987824, -0.06602019,  0.01899396],
       [-0.10487475,  0.0693647 ,  0.03105494, -0.05359491,  0.12580066],
       [-0.08129826, -0.23418572, -0.00195956,  0.06201268, -0.07685422],
       [ 0.18894232,  0.02677426,  0.0087252 , -0.13262692,  0.08841607],
       [ 0.15776449, -0.00860758,  0.02412915,  0.01476045, -0.01667652],
       [ 0.09177754, -0.09060316,  0.03503728, -0.29780228, -0.09673134],
       [ 0.06431238,  0.07617797, -0.03031442, -0.16890051, -0.00264478],
       [ 0.10981673,  0.04035188, -0.06072491,  0.23953863,  0.11406802],
       [-0.00838032,  0.1276556 , -0.09568809, -0.20081227, -0.09890948],
       [ 0.04182136,  0.18253036, -0.17585876, -0.0828502 ,  0.07169704],
       [ 0.099542  , -0.09675747,  0.0748198 ,  0.11921823,  0.04099274],
       [ 0.0624922 ,  0.17746395, -0.12540453, -0.08842555, -0.10059497],
       [-0.15132902, -0.03539512,  0.06627085, -0.04565972,  0.1321908 ],
       [-0.1232594 ,  0.00243809, -0.02749053,  0.03254949, -0.07949153],
       [-0.04074352,  0.08573287,  0.1526261 , -0.13599052,  0.01166117],
       [ 0.03698246,  0.05121411,  0.15633487,  0.18570792,  0.2081414 ],
       [-0.10926356,  0.10521986, -0.05382998, -0.12765896, -0.14162615],
       [-0.15481106,  0.19339849,  0.04437696, -0.1774832 ,  0.05870038],
       [ 0.09777967, -0.06091772,  0.1392259 , -0.00853204,  0.01855076],
       [-0.09893539,  0.12096993,  0.11359534, -0.01196301, -0.13249024],
       [-0.06091108, -0.03431491, -0.23119966, -0.13355172,  0.17712176],
       [-0.06171589, -0.0403686 , -0.15387726,  0.1371983 , -0.06755465],
       [-0.11020122, -0.03863177,  0.1594874 ,  0.21843343,  0.06955923],
       [-0.06683769, -0.1628687 ,  0.0119251 , -0.12699785,  0.00753203],
       [-0.16158736, -0.19957291,  0.08419503, -0.07561349,  0.01802987],
       [-0.03941388,  0.10082612,  0.09915996,  0.03621408, -0.02011469],
       [-0.11991669, -0.13734436,  0.06784338, -0.08350378, -0.07571799],
       [ 0.12643554,  0.00507853, -0.13264712,  0.0032696 ,  0.06552254],
       [ 0.10977332, -0.002366  , -0.14837685,  0.06639506, -0.05046024],
       [-0.10246626,  0.00154673, -0.13722551,  0.12463578,  0.22241672],
       [-0.17146074,  0.01718174, -0.06710308,  0.1575185 , -0.09771789],
       [ 0.02894875,  0.0011615 ,  0.27150899, -0.03216964, -0.09394541],
       [-0.12636142, -0.00230421,  0.00372418, -0.02759461,  0.12893201],
       [ 0.04093304, -0.02341194, -0.18054256,  0.18953877, -0.15747453],
       [ 0.0447839 , -0.01330198, -0.20622084, -0.09009517,  0.10629598],
       [ 0.02695966, -0.15604412, -0.05192785, -0.15707649,  0.04146273],
       [-0.12459145,  0.05572652,  0.01733085,  0.01901897,  0.03388983],
       [-0.00227594, -0.1294741 , -0.06742046, -0.00321862, -0.1951788 ],
       [ 0.13933038,  0.00886392,  0.10920175, -0.12703856,  0.12847026],
       [ 0.145866  ,  0.02165005,  0.04115862,  0.0999671 , -0.0729447 ],
       [-0.15941806,  0.0734703 ,  0.166567  ,  0.07496682, -0.02152683],
       [-0.08620242, -0.19252122, -0.09157346, -0.07303751,  0.03348538],
       [ 0.2361641 , -0.03060559,  0.06787748,  0.03040845,  0.00198776],
       [ 0.24345784,  0.01293307, -0.11096383, -0.00582985, -0.0326885 ],
       [-0.10803789,  0.08658325,  0.19150628, -0.03508848,  0.07326346],
       [-0.04780676, -0.00098705, -0.28430857,  0.05613086, -0.05249322],
       [-0.05317582, -0.02048089, -0.16539421, -0.07560755,  0.02165408],
       [ 0.16236385, -0.03552051,  0.01694523, -0.13874999,  0.09570124],
       [ 0.184672  ,  0.02767961, -0.16144716,  0.04201135, -0.02288244],
       [-0.04585683,  0.00459007,  0.29337226, -0.01596133,  0.00426609]])})
2026-01-20 11:00:30,563 - final_problem_set.kxor_instance_n13_k2_m107_ell2_eps0.3_kappa0.875_rho0.2 - INFO - Running key extraction (n=13, m=107, ell=2, phase_qubits=11)
2026-01-20 11:00:30,564 - final_problem_set.kxor_instance_n13_k2_m107_ell2_eps0.3_kappa0.875_rho0.2 - INFO - Built voting matrix V (n=13, ell=2, dtype=complex128) in 0.001s
2026-01-20 11:00:30,564 - final_problem_set.kxor_instance_n13_k2_m107_ell2_eps0.3_kappa0.875_rho0.2 - INFO - Eval: adv=0.2336, hamming=5/13 (0.385), corr=0.231
2026-01-20 11:00:30,564 - final_problem_set.kxor_instance_n13_k2_m107_ell2_eps0.3_kappa0.875_rho0.2 - INFO - Key extraction complete: x_hat=1
2026-01-20 11:00:30,564 - final_problem_set.kxor_instance_n13_k2_m107_ell2_eps0.3_kappa0.875_rho0.2 - INFO - Finished step 'KeyExtractionStep' in 0.001s (success: True, problem=kxor_instance_n13_k2_m107_ell2_eps0.3_kappa0.875_rho0.2)
2026-01-20 11:00:30,564 - final_problem_set.kxor_instance_n13_k2_m107_ell2_eps0.3_kappa0.875_rho0.2 - INFO - SUCCESS: len(z_hat)=13
2026-01-20 11:00:30,564 - final_problem_set.kxor_instance_n13_k2_m107_ell2_eps0.3_kappa0.875_rho0.2 - INFO - Metrics: adv=0.2336448598130841, ham_frac=0.38461538461538464, corr=0.23076923076923078
2026-01-20 11:00:30,564 - final_problem_set.kxor_instance_n13_k2_m107_ell2_eps0.3_kappa0.875_rho0.2 - INFO - z_hat (full): [-1,  1,  1,  1,  1,  1, -1,  1, -1, -1,  1, -1,  1]
