2026-01-20 11:00:34,881 - final_problem_set.kxor_instance_n16_k2_m136_ell2_eps0.25_kappa0.875_rho0.0 - INFO - Starting iteration for /Users/julian/CodingProjects/UniT3/QuarticSpeedupK-XOR/z_Daphne/data/final_problem_set/kxor_instance_n16_k2_m136_ell2_eps0.25_kappa0.875_rho0.0.npz
2026-01-20 11:00:34,883 - final_problem_set.kxor_instance_n16_k2_m136_ell2_eps0.25_kappa0.875_rho0.0 - INFO - Loaded instance (n=16, m=136, k=2)
2026-01-20 11:00:34,883 - final_problem_set.kxor_instance_n16_k2_m136_ell2_eps0.25_kappa0.875_rho0.0 - INFO - Starting step 'ComputeKikuchiStep' (version 0.1) on problem kxor_instance_n16_k2_m136_ell2_eps0.25_kappa0.875_rho0.0 (fields={'ell': 2, 'threshold': 0.0})
2026-01-20 11:00:34,895 - final_problem_set.kxor_instance_n16_k2_m136_ell2_eps0.25_kappa0.875_rho0.0 - INFO - Finished step 'ComputeKikuchiStep' in 0.012s (success: True, problem=kxor_instance_n16_k2_m136_ell2_eps0.25_kappa0.875_rho0.0)
2026-01-20 11:00:34,895 - final_problem_set.kxor_instance_n16_k2_m136_ell2_eps0.25_kappa0.875_rho0.0 - INFO - Starting step 'ClassicalEigenvaluesStep' (version 0.1) on problem kxor_instance_n16_k2_m136_ell2_eps0.25_kappa0.875_rho0.0 (fields={'ell': 2, 'threshold': 0.0, 'kikuchi_matrix': <Dictionary Of Keys sparse matrix of dtype 'int64'
	with 2492 stored elements and shape (120, 120)>, 'num_eigenvalues': 5})
2026-01-20 11:00:34,937 - final_problem_set.kxor_instance_n16_k2_m136_ell2_eps0.25_kappa0.875_rho0.0 - INFO - Finished step 'ClassicalEigenvaluesStep' in 0.042s (success: True, problem=kxor_instance_n16_k2_m136_ell2_eps0.25_kappa0.875_rho0.0)
2026-01-20 11:00:34,937 - final_problem_set.kxor_instance_n16_k2_m136_ell2_eps0.25_kappa0.875_rho0.0 - INFO - Starting step 'KeyExtractionStep' (version 0.1) on problem kxor_instance_n16_k2_m136_ell2_eps0.25_kappa0.875_rho0.0 (fields={'ell': 2, 'threshold': 0.0, 'kikuchi_matrix': <Dictionary Of Keys sparse matrix of dtype 'int64'
	with 2492 stored elements and shape (120, 120)>, 'num_eigenvalues': 5, 'eigenvalues': array([-9.93745691, -9.31671927,  9.54487619, 10.30996797, 12.27957613]), 'eigenvectors': array([[-1.27697236e-01, -9.13481027e-02,  1.46944016e-01,  1.34503962e-01, -8.06755257e-02],
       [-7.42245516e-03, -1.50418839e-01, -1.32894254e-01,  6.05462200e-02,  1.16332129e-01],
       [ 4.89272475e-02,  1.63407271e-01,  3.85285518e-02, -7.05969699e-02,  1.18858625e-01],
       [ 5.99768134e-02,  6.79235128e-02, -8.26073489e-02,  1.59415161e-02,  1.29583611e-01],
       [-1.73101161e-01,  1.05395573e-01, -1.16227489e-01, -4.52764651e-02,  1.37993566e-01],
       [ 1.03052530e-01, -1.30151089e-01,  9.01620143e-02, -1.71248692e-01,  9.10642726e-02],
       [-8.71245330e-02, -6.11928579e-02,  3.52818206e-03,  3.01794654e-02,  1.68072820e-01],
       [-8.97294329e-03,  1.39614601e-01,  7.66522257e-02, -8.83470563e-02, -1.81401504e-01],
       [-1.34510096e-01,  1.14343296e-01,  1.16385902e-01,  8.95235304e-02,  1.26014663e-01],
       [-4.17662726e-02, -1.07528870e-01,  1.72681261e-01, -7.59898193e-02,  2.27063352e-03],
       [ 1.73428972e-01,  5.84752698e-02,  2.83935936e-02, -1.89492919e-02, -1.38022293e-01],
       [-2.04050448e-01, -5.79359450e-02,  1.94831563e-02,  1.15059819e-02, -7.07638327e-02],
       [ 1.55251770e-01,  7.34743163e-03,  1.10994653e-01,  3.66007802e-02,  1.09798690e-01],
       [ 6.32149197e-02,  8.68378703e-02,  6.60015938e-02,  1.69458945e-01,  9.64168385e-02],
       [-1.87383731e-01, -1.76156523e-02,  4.35428949e-02, -1.81029239e-01, -9.03489820e-02],
       [ 8.15948159e-03, -1.37666950e-01,  1.30016130e-01,  9.91213789e-02, -4.79327223e-02],
       [ 6.88425395e-02,  2.05070625e-01,  7.72681152e-02,  1.30072680e-01, -4.83153964e-02],
       [ 5.27337325e-02,  8.66763016e-02,  9.31325670e-02,  9.91906984e-02, -5.05633033e-02],
       [-1.37005667e-01,  8.68346029e-02,  1.25410306e-01,  1.26200894e-01, -4.35751126e-02],
       [ 1.14497925e-01, -1.15215790e-01,  1.37706823e-04,  1.04937326e-01, -3.24910738e-02],
       [-6.87565928e-02, -6.61546162e-02,  1.46233701e-01,  1.74138625e-01, -9.46986077e-02],
       [-3.31845037e-02,  1.18421897e-01, -1.78830188e-01, -1.68701989e-01,  8.34236827e-02],
       [-1.15824732e-01,  1.00751788e-01,  3.87016930e-02,  9.97960399e-02, -9.62149512e-02],
       [-5.99488377e-02, -1.32604375e-01, -9.35421627e-02,  1.32175157e-02, -4.81184225e-04],
       [ 1.67515213e-01,  8.88655039e-02, -8.92371348e-02, -8.24804017e-02,  5.08075570e-02],
       [-1.63334899e-01, -7.51034183e-02, -8.78959927e-02, -1.13380761e-01,  3.73673437e-02],
       [ 1.21308791e-01,  2.11675808e-02,  3.61803426e-02,  9.19554585e-02, -7.37433726e-02],
       [ 6.40387227e-02,  8.73269764e-02,  4.68080442e-02,  2.21335038e-02, -7.32535905e-02],
       [-1.58820289e-01, -3.64041881e-02, -1.17882761e-01, -1.46844716e-02,  6.70873401e-02],
       [-7.73427441e-04,  4.57352582e-02, -3.75513245e-02, -5.72977971e-02,  9.39257823e-02],
       [ 1.79218941e-02,  1.95767568e-02, -1.11511390e-01,  7.57868705e-03,  8.41396036e-02],
       [-3.32740492e-02, -7.23764233e-02, -1.40856713e-01, -3.28109603e-02,  9.04856629e-02],
       [ 1.07831289e-02,  2.57802501e-02,  2.74842631e-02, -1.34934253e-01,  8.06306131e-02],
       [-4.49122330e-03, -4.60717592e-02, -1.17561717e-01,  2.23133985e-02,  1.53497034e-01],
       [-8.86824323e-03,  2.02106980e-02,  1.78443136e-01, -6.28527524e-02, -1.31733635e-01],
       [-2.42152611e-02, -3.44598405e-02,  4.31300301e-03,  7.61988513e-02,  1.22985595e-01],
       [ 1.15568526e-02, -4.45806957e-02,  1.29560302e-01, -5.96499784e-02,  5.66296407e-03],
       [-4.74681417e-04,  1.60919818e-01,  9.02329647e-02, -7.58267334e-03, -9.43801713e-02],
       [-1.40940880e-02, -1.74607122e-01,  7.27540912e-02,  1.02254980e-02, -6.36001908e-02],
       [ 1.82617674e-02,  1.21685568e-01,  1.55117481e-02,  3.06611789e-02,  1.05003098e-01],
       [-1.64615500e-02,  6.80828754e-02, -1.75241312e-02,  1.25050077e-01,  7.77581952e-02],
       [-2.42669658e-02, -1.35896417e-01,  1.14361877e-01, -1.51122069e-01, -8.05213587e-02],
       [-2.45164195e-02, -1.43225408e-02,  2.96438904e-03, -1.01590136e-01,  1.12142945e-01],
       [ 7.47803277e-02,  5.58648607e-02, -3.85874962e-02, -1.31378920e-01,  9.75999393e-02],
       [-2.99599026e-02, -3.87843345e-04,  6.13952720e-02, -1.38109067e-01,  4.52911549e-02],
       [ 2.29234189e-02,  4.68095803e-02,  6.41592520e-02, -1.14169562e-01,  1.27060317e-01],
       [ 2.55439951e-03, -5.29779434e-02, -3.66338937e-02,  1.00201665e-01, -1.43619746e-01],
       [ 4.74202562e-02,  1.40599852e-03,  1.51907099e-01, -4.18031265e-02,  1.15341238e-01],
       [ 1.49420225e-02,  7.35263182e-02,  1.14731866e-01, -3.12904982e-02, -1.41583338e-02],
       [-5.65087519e-02, -1.77506012e-01, -1.68456841e-02,  5.49145282e-02, -7.82481849e-02],
       [ 8.71659011e-02,  1.99120497e-01, -1.74297002e-02,  8.44396676e-02, -5.84857040e-02],
       [-8.06876358e-02, -1.27629009e-01,  9.69816476e-02, -4.02107402e-02,  7.65344526e-02],
       [-2.28088485e-02, -1.13278781e-01,  1.06151794e-01,  4.21524955e-02,  9.34535586e-02],
       [ 6.01442639e-02,  1.38992052e-01, -2.22515947e-02, -5.60756328e-02, -9.91819185e-02],
       [-1.60794012e-04,  3.59131970e-02, -8.00811697e-02, -4.84095297e-02,  8.17590355e-02],
       [-2.14886004e-02,  7.18435274e-03,  6.38058677e-02, -1.23114699e-01,  5.63058103e-02],
       [ 6.78231568e-03,  3.26341123e-03, -4.11289690e-02, -2.49470941e-02,  1.22442585e-01],
       [-3.29155357e-03, -1.79322628e-02,  9.92410033e-02, -1.32174783e-03, -1.27561094e-01],
       [-8.14654073e-03,  7.83124121e-03,  3.35535740e-02,  2.22562239e-02,  9.67276086e-02],
       [ 4.62059177e-02,  3.38435062e-02,  1.29842737e-01, -5.87828343e-02, -4.94114925e-03],
       [-6.52758656e-02, -6.81799058e-02,  3.91930846e-02,  2.25928351e-02, -8.92748864e-02],
       [ 4.03805391e-02,  7.37201314e-02,  4.23669132e-02,  3.08338354e-02, -5.44539853e-02],
       [-5.51408877e-03, -5.34140545e-02,  5.94259966e-02, -3.77603348e-03,  1.07713540e-01],
       [-5.47996205e-02, -5.31239468e-02,  1.19488755e-02,  8.19804824e-02,  7.68587622e-02],
       [ 2.30404037e-02,  4.39403383e-02,  7.21757612e-02, -1.09159219e-01, -7.36481303e-02],
       [ 7.05931591e-02, -1.05124408e-01,  4.44048671e-02, -1.37255824e-01,  4.90390487e-02],
       [-5.69681348e-02,  3.43401536e-02, -7.62100639e-02, -8.55300131e-02,  1.24467292e-01],
       [-2.10439930e-03,  5.62886950e-02,  1.35048154e-01,  6.55052771e-02, -1.40395055e-01],
       [-3.22576215e-02,  8.72996248e-02,  3.95489415e-02, -1.52390117e-02,  1.33352145e-01],
       [-1.06042703e-01, -2.31846370e-02,  1.39267756e-01, -4.19149634e-02, -2.34226919e-03],
       [ 2.01903056e-01, -1.31711985e-01,  6.67299872e-02,  5.63008722e-02, -8.88251707e-02],
       [-1.58049301e-01,  1.39523451e-01,  4.51033848e-02,  5.72779148e-02, -5.10088971e-02],
       [ 9.09690225e-02, -1.08113506e-01,  3.05622837e-02, -2.97794508e-02,  9.31749488e-02],
       [ 1.32359254e-01, -2.33561321e-02,  3.00855425e-03,  7.03223210e-02,  1.10185193e-01],
       [-1.16337744e-01,  1.24037535e-01,  6.89163461e-02, -7.19822147e-02, -8.11312858e-02],
       [ 3.08351880e-02, -2.79428307e-02,  1.03970352e-01, -1.91048886e-01,  6.65251322e-02],
       [-9.36180079e-03, -2.26950666e-02, -1.06057027e-01,  2.12555851e-01, -1.21172616e-01],
       [ 3.60148329e-02, -6.45195921e-02,  1.12009757e-01, -1.29282808e-01,  6.35225709e-02],
       [ 3.52681570e-02, -2.08772090e-02,  4.87569570e-02,  1.70016673e-03, -1.41000557e-02],
       [-9.35755820e-02,  1.49776156e-01, -5.38060176e-02,  9.79588725e-02, -4.79479532e-02],
       [ 1.26417956e-01, -1.60895388e-01, -3.93368686e-02,  1.10908489e-01, -3.32357028e-02],
       [-1.06250731e-01,  1.34616514e-01,  8.00239113e-02, -9.83463319e-02,  4.27998545e-02],
       [-4.95778781e-02,  4.70161669e-02,  1.13419547e-01, -5.86759793e-02,  7.26462758e-02],
       [ 8.52997880e-02, -1.20410781e-01, -6.45550647e-02,  4.84741484e-02, -6.69725988e-02],
       [-8.20212984e-03,  4.64237437e-02,  1.37759861e-02, -1.84269257e-02, -2.03157280e-01],
       [-2.53038581e-02,  4.14152589e-02,  1.66310992e-01,  5.13724954e-02,  1.34145358e-01],
       [-3.91713515e-02, -5.33417665e-02,  1.86849724e-01, -7.87395714e-02, -1.38012018e-02],
       [ 8.26935268e-02,  5.12029970e-02, -1.18705885e-02,  2.51966062e-02, -1.31792688e-01],
       [-6.57174467e-02, -4.29871105e-02, -3.72950591e-04,  3.86735723e-02, -6.85556322e-02],
       [ 5.07397169e-02,  1.56402207e-02,  1.47622268e-01,  1.04726925e-02,  1.14128981e-01],
       [ 4.52124906e-02,  5.91863181e-02,  1.19433096e-01,  1.56749620e-01,  1.28345873e-01],
       [-5.21704735e-02, -2.16713217e-02,  5.48878582e-03, -1.62045760e-01, -1.02437643e-01],
       [-3.57521833e-04,  1.96678752e-02, -1.29922292e-01, -9.58574913e-02, -1.56286253e-01],
       [ 1.24697869e-03,  5.96669617e-02, -2.22235701e-01,  1.00681002e-01,  4.10405409e-03],
       [-2.29355772e-03, -1.55576066e-01, -3.24981268e-02, -1.64138190e-03,  1.25440848e-01],
       [-4.11033847e-02,  1.48181256e-01, -3.05541967e-02, -2.23267309e-02,  7.72328390e-02],
       [ 1.11789068e-02, -1.02696528e-01, -1.29603434e-01, -4.30577812e-02, -1.54814100e-01],
       [ 9.82000825e-03, -6.63582469e-02, -6.66486156e-02, -1.93642543e-01, -1.13372849e-01],
       [-2.49061138e-02,  1.18302115e-01, -6.72926213e-02,  2.10932309e-01,  1.03211370e-01],
       [-7.70441009e-02,  1.31331170e-02,  1.09066838e-01, -8.28004153e-02, -1.84199892e-02],
       [ 1.34032937e-01, -1.36792116e-01, -8.95620804e-02, -2.39192307e-02, -1.03259912e-01],
       [-9.53477337e-02,  1.45112668e-01, -5.14035423e-02, -8.44551640e-03, -5.85860675e-02],
       [ 5.80814187e-02, -1.02267840e-01,  1.73197703e-01,  4.14802798e-02,  8.56118989e-02],
       [ 9.21093515e-02, -3.98507849e-02,  1.31249001e-01,  1.35478433e-01,  7.09162683e-02],
       [-6.75730757e-02,  1.18518940e-01, -5.56624214e-02, -1.54276709e-01, -7.11068438e-02],
       [ 5.24035186e-02,  1.18671618e-01, -1.07904693e-01,  4.30975404e-02,  4.35883391e-03],
       [-1.08985683e-01, -1.40272236e-01, -8.56694291e-02,  3.68966313e-02,  4.20620946e-03],
       [ 9.47785665e-02,  8.59937225e-02,  9.18566261e-02, -4.96968417e-02, -1.22347700e-02],
       [-3.63208979e-03,  6.42941031e-02,  9.88816069e-02, -8.11784834e-02, -5.83379512e-03],
       [-1.19377277e-01, -1.05194422e-01, -1.07822892e-01,  4.90112693e-02, -2.48679386e-03],
       [ 2.45256733e-01,  4.24702352e-02, -5.22844983e-03, -2.23746836e-02,  5.18930906e-02],
       [-1.85480523e-01,  9.90447001e-03, -6.17566276e-02, -1.45759505e-03, -7.53616348e-02],
       [-7.80353560e-02, -9.43416486e-02, -4.39752024e-02, -6.88905252e-02, -7.28081758e-02],
       [ 2.16471084e-01,  1.49843839e-03, -1.63054089e-02,  7.34563958e-02,  6.94465206e-02],
       [ 1.58293501e-01, -2.09618045e-02, -7.48352324e-02,  9.05064260e-03, -6.34956193e-02],
       [ 1.09638923e-01,  9.64584345e-02, -4.78368403e-02, -7.75642245e-02, -6.25014228e-02],
       [-1.96383298e-01,  1.47201763e-02, -1.83287607e-02,  8.50516335e-02,  5.25471249e-02],
       [-1.21242405e-01, -5.63207285e-02,  1.19092808e-01,  8.57193215e-02,  6.98568542e-02],
       [ 1.52225788e-01, -5.10790987e-02, -7.33592915e-02, -1.07881678e-01, -7.27997559e-02],
       [ 1.39862069e-01,  7.74638258e-02, -1.82897252e-02, -1.63122209e-01, -4.81983697e-02]])})
2026-01-20 11:00:34,938 - final_problem_set.kxor_instance_n16_k2_m136_ell2_eps0.25_kappa0.875_rho0.0 - INFO - Running key extraction (n=16, m=136, ell=2, phase_qubits=12)
2026-01-20 11:00:34,939 - final_problem_set.kxor_instance_n16_k2_m136_ell2_eps0.25_kappa0.875_rho0.0 - INFO - Built voting matrix V (n=16, ell=2, dtype=complex128) in 0.001s
2026-01-20 11:00:34,940 - final_problem_set.kxor_instance_n16_k2_m136_ell2_eps0.25_kappa0.875_rho0.0 - INFO - Eval: adv=0.3529 (no ground-truth z available)
2026-01-20 11:00:34,940 - final_problem_set.kxor_instance_n16_k2_m136_ell2_eps0.25_kappa0.875_rho0.0 - INFO - Key extraction complete: x_hat=8
2026-01-20 11:00:34,940 - final_problem_set.kxor_instance_n16_k2_m136_ell2_eps0.25_kappa0.875_rho0.0 - INFO - Finished step 'KeyExtractionStep' in 0.002s (success: True, problem=kxor_instance_n16_k2_m136_ell2_eps0.25_kappa0.875_rho0.0)
2026-01-20 11:00:34,940 - final_problem_set.kxor_instance_n16_k2_m136_ell2_eps0.25_kappa0.875_rho0.0 - INFO - SUCCESS: len(z_hat)=16
2026-01-20 11:00:34,940 - final_problem_set.kxor_instance_n16_k2_m136_ell2_eps0.25_kappa0.875_rho0.0 - INFO - Metrics: adv=0.35294117647058826, ham_frac=None, corr=None
2026-01-20 11:00:34,940 - final_problem_set.kxor_instance_n16_k2_m136_ell2_eps0.25_kappa0.875_rho0.0 - INFO - z_hat (full): [ 1, -1,  1,  1,  1,  1,  1,  1, -1,  1, -1, -1, -1,  1,  1, -1]
