2026-01-20 11:01:08,269 - final_problem_set.kxor_instance_n21_k2_m229_ell2_eps0.15_kappa0.75_rho0.8 - INFO - Starting iteration for /Users/julian/CodingProjects/UniT3/QuarticSpeedupK-XOR/z_Daphne/data/final_problem_set/kxor_instance_n21_k2_m229_ell2_eps0.15_kappa0.75_rho0.8.npz
2026-01-20 11:01:08,270 - final_problem_set.kxor_instance_n21_k2_m229_ell2_eps0.15_kappa0.75_rho0.8 - INFO - Loaded instance (n=21, m=229, k=2)
2026-01-20 11:01:08,270 - final_problem_set.kxor_instance_n21_k2_m229_ell2_eps0.15_kappa0.75_rho0.8 - INFO - Starting step 'ComputeKikuchiStep' (version 0.1) on problem kxor_instance_n21_k2_m229_ell2_eps0.15_kappa0.75_rho0.8 (fields={'ell': 2, 'threshold': 0.0})
2026-01-20 11:01:08,299 - final_problem_set.kxor_instance_n21_k2_m229_ell2_eps0.15_kappa0.75_rho0.8 - INFO - Finished step 'ComputeKikuchiStep' in 0.029s (success: True, problem=kxor_instance_n21_k2_m229_ell2_eps0.15_kappa0.75_rho0.8)
2026-01-20 11:01:08,299 - final_problem_set.kxor_instance_n21_k2_m229_ell2_eps0.15_kappa0.75_rho0.8 - INFO - Starting step 'ClassicalEigenvaluesStep' (version 0.1) on problem kxor_instance_n21_k2_m229_ell2_eps0.15_kappa0.75_rho0.8 (fields={'ell': 2, 'threshold': 0.0, 'kikuchi_matrix': <Dictionary Of Keys sparse matrix of dtype 'int64'
	with 5054 stored elements and shape (210, 210)>, 'num_eigenvalues': 5})
2026-01-20 11:01:08,383 - final_problem_set.kxor_instance_n21_k2_m229_ell2_eps0.15_kappa0.75_rho0.8 - INFO - Finished step 'ClassicalEigenvaluesStep' in 0.084s (success: True, problem=kxor_instance_n21_k2_m229_ell2_eps0.15_kappa0.75_rho0.8)
2026-01-20 11:01:08,383 - final_problem_set.kxor_instance_n21_k2_m229_ell2_eps0.15_kappa0.75_rho0.8 - INFO - Starting step 'KeyExtractionStep' (version 0.1) on problem kxor_instance_n21_k2_m229_ell2_eps0.15_kappa0.75_rho0.8 (fields={'ell': 2, 'threshold': 0.0, 'kikuchi_matrix': <Dictionary Of Keys sparse matrix of dtype 'int64'
	with 5054 stored elements and shape (210, 210)>, 'num_eigenvalues': 5, 'eigenvalues': array([12.70235112, 12.77599108, 13.47844863, 14.13560912, 21.4556261 ]), 'eigenvectors': array([[ 0.15069111,  0.07174277, -0.07217498,  0.01045128, -0.05917711],
       [-0.01395371,  0.01020472, -0.05174962,  0.01157615, -0.07079782],
       [ 0.04528436, -0.00477588,  0.12206723, -0.01676662,  0.06005016],
       [ 0.09725511, -0.01443538, -0.03692905, -0.04515429, -0.05838387],
       [-0.0557585 ,  0.03387937,  0.02760618, -0.11430173,  0.02753033],
       [ 0.03479907,  0.12359904, -0.10601606, -0.03300526, -0.05903927],
       [ 0.09342905,  0.06171842, -0.15398412,  0.01668496, -0.07153109],
       [ 0.06121999,  0.05098848, -0.05865384,  0.03616389, -0.05923606],
       [-0.07819383, -0.00345659,  0.13537572,  0.04242304,  0.05832188],
       [-0.03420839, -0.12888351,  0.07801021, -0.05415954,  0.06323552],
       [ 0.02385726, -0.01125009, -0.15349046,  0.03253241, -0.05101719],
       [ 0.01259407,  0.10278591, -0.0469462 , -0.05548274, -0.06949285],
       [-0.03505333, -0.02948947,  0.08188455,  0.01724021,  0.06281274],
       [-0.03922188,  0.02480825,  0.05873346,  0.10533254,  0.02993304],
       [-0.04039411, -0.06338553,  0.14935725, -0.01137524,  0.08788437],
       [-0.00169766, -0.06893758,  0.15444214, -0.01146016,  0.0607042 ],
       [ 0.05765348,  0.08703252, -0.17122796,  0.00829244, -0.08209895],
       [ 0.00588089,  0.03694723, -0.05216774, -0.03387277, -0.07674621],
       [ 0.02826035,  0.06596962, -0.12867498, -0.02549829, -0.05942063],
       [-0.07323752,  0.00081811,  0.13811779, -0.00682757,  0.06541461],
       [ 0.07703819, -0.01062304,  0.11153942,  0.02758577, -0.07003968],
       [-0.03509196,  0.02115554, -0.01234474, -0.04129968,  0.07803626],
       [ 0.15868739, -0.02899362,  0.09013956, -0.03179858, -0.05620693],
       [-0.07386152,  0.04881526, -0.03500993, -0.12173837,  0.02710533],
       [ 0.12167373,  0.12254436,  0.02998147, -0.0222863 , -0.06485549],
       [ 0.20177775,  0.04766168,  0.01658419,  0.03481624, -0.07894091],
       [ 0.12551835,  0.03135184,  0.07214646,  0.04712946, -0.05845775],
       [-0.14745262,  0.0099868 ,  0.00109502,  0.03003639,  0.05957146],
       [-0.12342176, -0.12095205, -0.0715477 , -0.07079171,  0.06820023],
       [ 0.10530493, -0.03246622, -0.05075856,  0.05365796, -0.06251832],
       [ 0.09871502,  0.07992899,  0.10864969, -0.03802553, -0.06891852],
       [-0.12162311, -0.01157498, -0.06510499,  0.00374849,  0.06781476],
       [-0.09643267,  0.03250723,  0.00123237,  0.11246262,  0.03537601],
       [-0.15691977, -0.0362294 , -0.05922397, -0.03040613,  0.08878175],
       [-0.09886939, -0.06966908,  0.02589279, -0.03541271,  0.07950696],
       [ 0.1813252 ,  0.06803213,  0.03118248,  0.0296904 , -0.09176667],
       [ 0.10759515,  0.01444467,  0.12373326, -0.01674374, -0.07634888],
       [ 0.12754154,  0.06325626,  0.00984645, -0.01851135, -0.07149837],
       [-0.1683195 ,  0.02564806, -0.01135721, -0.02364429,  0.07332931],
       [ 0.15208384,  0.08380016, -0.03380505, -0.02954139,  0.06415029],
       [ 0.01040674, -0.0910395 ,  0.1124983 , -0.0305356 , -0.05676781],
       [-0.02150386,  0.06989779, -0.04727724, -0.12186936,  0.02756289],
       [-0.06147533,  0.05345911,  0.05380976, -0.02198193, -0.06507205],
       [-0.0265252 , -0.04586079,  0.05449716,  0.0399074 , -0.08696381],
       [-0.03941976, -0.03575455,  0.11285591,  0.05254524, -0.06247901],
       [ 0.01738702,  0.0734931 , -0.02569178,  0.03159247,  0.05907363],
       [ 0.06868911, -0.04904445, -0.10013638, -0.07300152,  0.06873188],
       [-0.06507953, -0.08856355, -0.02178092,  0.0453508 , -0.05746468],
       [-0.09274997,  0.00319604,  0.13482197, -0.0367775 , -0.06691752],
       [ 0.06359265,  0.06035473, -0.08968104,  0.00465147,  0.06698815],
       [ 0.00575498,  0.07453156, -0.00894003,  0.11259814,  0.03571607],
       [ 0.10282718,  0.0643669 , -0.10029875, -0.02875053,  0.08675246],
       [ 0.12932846,  0.02124994, -0.01055449, -0.0298976 ,  0.07326145],
       [-0.09209561, -0.03653515,  0.07410177,  0.02797654, -0.09182709],
       [-0.09936538, -0.06389162,  0.13559694, -0.01373039, -0.06811318],
       [-0.08236524, -0.0153736 ,  0.03730862, -0.01917252, -0.07102092],
       [ 0.0370223 ,  0.1199181 , -0.0465782 , -0.02479892,  0.07927526],
       [ 0.02997679,  0.11569496, -0.03923782,  0.02856326,  0.06358024],
       [ 0.01024977, -0.07139847,  0.0161296 ,  0.12920736, -0.02778027],
       [ 0.11907574, -0.05176811,  0.04037902,  0.01659042,  0.07161382],
       [ 0.08454376,  0.05818364,  0.0707625 , -0.05104865,  0.08778683],
       [ 0.08009773,  0.04426373, -0.02362617, -0.06247738,  0.06441913],
       [-0.06036128, -0.09845363, -0.06521093, -0.03050281, -0.06507918],
       [-0.12913225,  0.05029161,  0.00645649,  0.09451515, -0.07486052],
       [ 0.09945899,  0.0965974 ,  0.09715921, -0.05063816,  0.05618706],
       [ 0.14040511,  0.0034405 , -0.04125113,  0.03065828,  0.06969609],
       [-0.10665284, -0.0702169 , -0.00230003,  0.00314795, -0.0670514 ],
       [-0.02868768, -0.08417133, -0.03828373, -0.11244358, -0.03508272],
       [-0.16267518, -0.07580955, -0.03098874,  0.04084259, -0.08782071],
       [-0.16089599, -0.02676833, -0.08299742,  0.03363257, -0.06698029],
       [ 0.15557713,  0.04810876,  0.06164964, -0.04013112,  0.09215732],
       [ 0.15012674,  0.07206623, -0.03703584,  0.00611761,  0.07066653],
       [ 0.11882071,  0.02312731,  0.05944218,  0.00881837,  0.06613586],
       [-0.0794176 , -0.11564253, -0.05677361,  0.0300489 , -0.07259582],
       [-0.05914891,  0.08181268, -0.05133033, -0.08698073,  0.02661285],
       [ 0.06054396,  0.02820037,  0.05798054, -0.08122292, -0.06226065],
       [ 0.11162455, -0.06650756,  0.05254613, -0.03759993, -0.07128874],
       [ 0.06461151, -0.0496752 ,  0.0894961 , -0.00498881, -0.05224612],
       [-0.07779567,  0.08609229, -0.02516591,  0.0745315 ,  0.05231167],
       [-0.06193731, -0.0219516 , -0.10484904, -0.00752948,  0.0669863 ],
       [ 0.03943382, -0.1142183 , -0.01492833, -0.00838967, -0.05549871],
       [ 0.03201031, -0.02007279,  0.11861938, -0.08595071, -0.05985423],
       [-0.05380677,  0.0786949 , -0.08183002,  0.05886987,  0.05933267],
       [-0.04389615,  0.06361953, -0.00292269,  0.11276329,  0.02708359],
       [-0.06475713,  0.10022893, -0.10018494,  0.05304933,  0.08442655],
       [-0.01524379,  0.04651703, -0.01458263,  0.0360638 ,  0.06662792],
       [ 0.08570548, -0.0718516 ,  0.07404923, -0.05924533, -0.08934728],
       [ 0.02906164, -0.07780933,  0.12085215, -0.06696855, -0.06059541],
       [ 0.05106567, -0.03942487,  0.03933135, -0.07597715, -0.06403445],
       [-0.08730088,  0.11961193, -0.04285146,  0.04017581,  0.06431477],
       [-0.03805243,  0.00639016, -0.02026455, -0.11091366,  0.03436267],
       [-0.06012479,  0.07167334, -0.01771136, -0.15774055,  0.03241058],
       [-0.03692712,  0.05322655, -0.03623479, -0.11934982,  0.02466596],
       [ 0.05470156, -0.07482321,  0.00471892,  0.09557091, -0.02859509],
       [ 0.03359826, -0.0315296 ,  0.03419601,  0.14657406, -0.02810724],
       [-0.03197725,  0.07786718,  0.01629298, -0.12812708,  0.02501052],
       [-0.02309768,  0.03835643, -0.07302305, -0.10615625,  0.03655619],
       [ 0.03932864, -0.07312347,  0.04013306,  0.124457  , -0.03187354],
       [ 0.03606915, -0.05874042,  0.00523168,  0.00900207, -0.01758963],
       [ 0.0450587 , -0.09013845,  0.0379698 ,  0.18101561, -0.04034246],
       [ 0.01989484, -0.0505316 , -0.00112259,  0.13991472, -0.03195691],
       [-0.05552933,  0.07656397, -0.02333881, -0.18914414,  0.04283933],
       [-0.02488725,  0.0758535 , -0.06296623, -0.12011471,  0.03289489],
       [-0.03634871,  0.05123046, -0.00916643, -0.114717  ,  0.0315763 ],
       [ 0.05268756, -0.08664892,  0.01745113,  0.13972207, -0.02954873],
       [ 0.03954363,  0.12340651, -0.03752735, -0.02346814, -0.07926049],
       [ 0.01563723,  0.0998297 ,  0.04020289,  0.00670365, -0.06407005],
       [-0.02946615, -0.04396934,  0.03796313,  0.07293735,  0.05872232],
       [ 0.0131515 , -0.18551016, -0.02513869, -0.02329544,  0.06745881],
       [-0.02496199,  0.0299899 , -0.0919195 ,  0.00585088, -0.0622603 ],
       [-0.03802473,  0.14360887,  0.05974005, -0.08952788, -0.06778107],
       [ 0.01507926, -0.08636509, -0.01941526,  0.06130279,  0.07381421],
       [-0.02404709,  0.00175391,  0.02634666,  0.13910089,  0.03493713],
       [ 0.03584754, -0.13679407,  0.00421255,  0.04011145,  0.09560218],
       [ 0.05881829, -0.11871658,  0.0643782 ,  0.02191695,  0.06776023],
       [-0.01577661,  0.16047333, -0.03320925, -0.0422567 , -0.09112896],
       [-0.04530198,  0.08098732,  0.05917872, -0.06664642, -0.07101175],
       [-0.02296432,  0.11811729, -0.03619397, -0.06413716, -0.06519799],
       [-0.0269194 , -0.04685096,  0.04337759,  0.03431075,  0.080525  ],
       [ 0.07240318,  0.01482891,  0.02899798,  0.07174137, -0.07829796],
       [-0.08479175,  0.04395508,  0.06724617,  0.03444539,  0.07189374],
       [-0.03732885, -0.12239937, -0.01137184, -0.09833248,  0.08416261],
       [ 0.0191881 , -0.06598546, -0.12205943,  0.06506746, -0.06885714],
       [ 0.00845542,  0.07687122,  0.06320267, -0.04816595, -0.09349757],
       [-0.04417196,  0.02055763, -0.00069107, -0.00043276,  0.09141002],
       [-0.05879738,  0.05959556,  0.04345421,  0.13888809,  0.04363768],
       [-0.03738149, -0.00078989,  0.03284514, -0.04606193,  0.10927926],
       [ 0.01745105, -0.03767593,  0.1019186 , -0.04047617,  0.08317673],
       [ 0.06156177,  0.03991295, -0.0730347 ,  0.04538679, -0.11364116],
       [-0.00249178, -0.01847182,  0.05664415, -0.01338512, -0.08814523],
       [ 0.02691273,  0.03765274, -0.06948921, -0.01483226, -0.08085555],
       [-0.08857695,  0.06977691,  0.07113628, -0.03455562,  0.08915018],
       [-0.05293703,  0.03376682, -0.01293507,  0.00463952,  0.0587392 ],
       [-0.0092128 , -0.08306033, -0.07382855, -0.09151809,  0.06101297],
       [ 0.00172463, -0.04696182, -0.0291681 ,  0.06463023, -0.05218021],
       [-0.0139492 ,  0.04376953,  0.10728743, -0.00463252, -0.06149171],
       [-0.01009048,  0.01740932, -0.07675037, -0.02779063,  0.0668688 ],
       [-0.03509337,  0.04431663, -0.00122203,  0.08723821,  0.03293377],
       [-0.00398328,  0.00360971, -0.07025052, -0.06457966,  0.07916449],
       [ 0.02561609, -0.02466605,  0.00384223, -0.05251728,  0.06164974],
       [ 0.01971881,  0.025676  ,  0.04681372,  0.06574438, -0.08354291],
       [-0.01911312, -0.01530671,  0.10916691,  0.01700127, -0.06392215],
       [ 0.00425726,  0.03224898,  0.01800693,  0.01292974, -0.06601744],
       [-0.05117199,  0.05849345, -0.02522748, -0.05673815,  0.0716267 ],
       [ 0.03695062,  0.05629258, -0.00305974,  0.01498757, -0.07400406],
       [-0.01756844,  0.08598839,  0.09703252,  0.00491781,  0.05080456],
       [-0.00360517, -0.00200972, -0.03298015,  0.10315516,  0.06853017],
       [ 0.03216866, -0.07190222, -0.01462878, -0.06968395, -0.06743431],
       [ 0.03402946, -0.06377045, -0.0337996 , -0.12154085, -0.02859913],
       [ 0.029591  , -0.06507837, -0.03907123, -0.05132257, -0.08045405],
       [-0.0091086 , -0.02126631, -0.08479541, -0.03226541, -0.06229489],
       [-0.04759058,  0.04103473,  0.0694044 ,  0.05544914,  0.08346599],
       [ 0.00242133,  0.07066002, -0.03278437,  0.07923892,  0.07022799],
       [-0.02020752,  0.01887158,  0.06029058,  0.0678976 ,  0.06025874],
       [ 0.07358424, -0.11823746, -0.07288245, -0.04504046, -0.07175372],
       [ 0.02898913, -0.02557787,  0.0584742 , -0.10405298,  0.06586085],
       [ 0.04547435, -0.14689073, -0.11146402, -0.0085527 ,  0.07198808],
       [-0.02097565,  0.08549138,  0.07231012,  0.05246975, -0.07788496],
       [ 0.02689955,  0.00609733, -0.00100819, -0.0940479 , -0.04270197],
       [-0.03879186,  0.1239972 ,  0.05504189,  0.10142294, -0.09314624],
       [-0.06635997,  0.12012244, -0.02631038,  0.08104553, -0.07185455],
       [ 0.0228645 , -0.16191052, -0.02633106, -0.10408813,  0.09693697],
       [ 0.05298991, -0.07775984, -0.11113881, -0.0359554 ,  0.07466874],
       [ 0.02697251, -0.12136041, -0.00246731, -0.03063732,  0.07021296],
       [ 0.02263451,  0.04292171,  0.00887995,  0.089152  , -0.08461998],
       [-0.06089202, -0.01992635, -0.01958405, -0.01381454, -0.071902  ],
       [ 0.02576389,  0.08908687,  0.06325547, -0.02334794,  0.06512956],
       [-0.01091141,  0.07976635,  0.05876564,  0.08985204,  0.03152117],
       [ 0.04138723,  0.08660215,  0.10283286, -0.06175896,  0.07621781],
       [ 0.06135176,  0.03693474,  0.12379726, -0.04893376,  0.05746408],
       [-0.02844994, -0.06423447, -0.13307851,  0.06312795, -0.07903739],
       [-0.06398897, -0.08981391, -0.02431732,  0.01363289, -0.06838585],
       [-0.03566278, -0.04038905, -0.11806148,  0.01355637, -0.06251887],
       [-0.00921532,  0.11911143,  0.10955273, -0.04826095,  0.06255531],
       [ 0.04363574, -0.03019356, -0.09860924,  0.071846  ,  0.07066919],
       [-0.01246634,  0.03058267, -0.0019582 ,  0.14175498,  0.03371503],
       [ 0.07426898, -0.05874487, -0.10856621,  0.06237629,  0.0931286 ],
       [ 0.09339358, -0.0724047 , -0.01262503,  0.04050925,  0.07280189],
       [-0.06043785,  0.094967  ,  0.08218551, -0.06898599, -0.09779158],
       [-0.0775113 ,  0.03018203,  0.14506854, -0.08233009, -0.07248135],
       [-0.05799375,  0.0878583 ,  0.04533817, -0.09431322, -0.07545963],
       [ 0.00888785,  0.01407651, -0.05400634,  0.05314706,  0.08463906],
       [ 0.02311545, -0.06757917, -0.01189544, -0.13590963, -0.03571667],
       [-0.03390693, -0.03932439,  0.04466567, -0.01184859, -0.09188161],
       [-0.07321057,  0.00277289, -0.03644383, -0.00393582, -0.07817022],
       [ 0.01908153,  0.00812586, -0.01627066,  0.01594086,  0.09644498],
       [ 0.04791277,  0.0410301 , -0.09902764,  0.04693539,  0.07290695],
       [ 0.0222915 , -0.00632159,  0.00421901,  0.04893843,  0.06897907],
       [ 0.02117045, -0.08917786, -0.00123353, -0.01019132, -0.07569923],
       [ 0.0237536 , -0.07896163, -0.02801083, -0.16234003, -0.04855766],
       [-0.00452734, -0.04332664, -0.05445656, -0.12073026, -0.03740165],
       [-0.03373395,  0.06508283,  0.0444245 ,  0.17252025,  0.05095524],
       [-0.01113728,  0.05962997, -0.00085378,  0.13340019,  0.03411236],
       [-0.01855084,  0.03962374,  0.03246879,  0.12800102,  0.03232287],
       [ 0.03886425, -0.08270374, -0.03691094, -0.12691686, -0.03539331],
       [-0.10091301,  0.02637715, -0.07372192,  0.03343492, -0.0918887 ],
       [ 0.04556313, -0.02183159,  0.02114098, -0.03390588,  0.12488704],
       [ 0.08405299,  0.03997347, -0.10894439,  0.02713714,  0.09499889],
       [ 0.04676894, -0.03000783,  0.03726642,  0.02899285,  0.0898131 ],
       [ 0.01728009, -0.10072129, -0.03280548,  0.02747089, -0.09943243],
       [ 0.08605189, -0.05900978,  0.10815133, -0.03295972,  0.09486663],
       [ 0.11976604, -0.00182794, -0.01079993,  0.01665985,  0.08044243],
       [ 0.08419685, -0.05580352,  0.10180532,  0.01764035,  0.07427862],
       [-0.02714726, -0.03823151, -0.09306244,  0.02555661, -0.07654559],
       [-0.07779089, -0.00554911,  0.08580846, -0.03354077, -0.10928131],
       [-0.03240155,  0.0613669 , -0.06838206, -0.03287184, -0.09335865],
       [-0.0376328 ,  0.06918053,  0.0688861 , -0.02551177,  0.10416327],
       [-0.05796767,  0.00769334,  0.03693074, -0.05967678, -0.07148698],
       [ 0.01549472,  0.08974496, -0.04674703,  0.02086571,  0.0800622 ],
       [-0.0153954 ,  0.0400716 ,  0.0735271 ,  0.02513112,  0.08040264]])})
2026-01-20 11:01:08,385 - final_problem_set.kxor_instance_n21_k2_m229_ell2_eps0.15_kappa0.75_rho0.8 - INFO - Running key extraction (n=21, m=229, ell=2, phase_qubits=13)
2026-01-20 11:01:08,388 - final_problem_set.kxor_instance_n21_k2_m229_ell2_eps0.15_kappa0.75_rho0.8 - INFO - Built voting matrix V (n=21, ell=2, dtype=complex128) in 0.003s
2026-01-20 11:01:08,388 - final_problem_set.kxor_instance_n21_k2_m229_ell2_eps0.15_kappa0.75_rho0.8 - INFO - Eval: adv=0.8341, hamming=0/21 (0.000), corr=1.000
2026-01-20 11:01:08,388 - final_problem_set.kxor_instance_n21_k2_m229_ell2_eps0.15_kappa0.75_rho0.8 - INFO - Key extraction complete: x_hat=17
2026-01-20 11:01:08,388 - final_problem_set.kxor_instance_n21_k2_m229_ell2_eps0.15_kappa0.75_rho0.8 - INFO - Finished step 'KeyExtractionStep' in 0.003s (success: True, problem=kxor_instance_n21_k2_m229_ell2_eps0.15_kappa0.75_rho0.8)
2026-01-20 11:01:08,388 - final_problem_set.kxor_instance_n21_k2_m229_ell2_eps0.15_kappa0.75_rho0.8 - INFO - SUCCESS: len(z_hat)=21
2026-01-20 11:01:08,388 - final_problem_set.kxor_instance_n21_k2_m229_ell2_eps0.15_kappa0.75_rho0.8 - INFO - Metrics: adv=0.834061135371179, ham_frac=0.0, corr=1.0
2026-01-20 11:01:08,388 - final_problem_set.kxor_instance_n21_k2_m229_ell2_eps0.15_kappa0.75_rho0.8 - INFO - z_hat (full): [-1, -1, -1,  1, -1,  1, -1, -1, -1,  1,  1, -1, -1,  1,  1,  1,  1, -1, -1, -1,  1]
