2026-01-20 11:01:23,060 - final_problem_set.kxor_instance_n23_k2_m204_ell2_eps0.15_kappa0.875_rho0.8 - INFO - Starting iteration for /Users/julian/CodingProjects/UniT3/QuarticSpeedupK-XOR/z_Daphne/data/final_problem_set/kxor_instance_n23_k2_m204_ell2_eps0.15_kappa0.875_rho0.8.npz
2026-01-20 11:01:23,061 - final_problem_set.kxor_instance_n23_k2_m204_ell2_eps0.15_kappa0.875_rho0.8 - INFO - Loaded instance (n=23, m=204, k=2)
2026-01-20 11:01:23,061 - final_problem_set.kxor_instance_n23_k2_m204_ell2_eps0.15_kappa0.875_rho0.8 - INFO - Starting step 'ComputeKikuchiStep' (version 0.1) on problem kxor_instance_n23_k2_m204_ell2_eps0.15_kappa0.875_rho0.8 (fields={'ell': 2, 'threshold': 0.0})
2026-01-20 11:01:23,091 - final_problem_set.kxor_instance_n23_k2_m204_ell2_eps0.15_kappa0.875_rho0.8 - INFO - Finished step 'ComputeKikuchiStep' in 0.030s (success: True, problem=kxor_instance_n23_k2_m204_ell2_eps0.15_kappa0.875_rho0.8)
2026-01-20 11:01:23,091 - final_problem_set.kxor_instance_n23_k2_m204_ell2_eps0.15_kappa0.875_rho0.8 - INFO - Starting step 'ClassicalEigenvaluesStep' (version 0.1) on problem kxor_instance_n23_k2_m204_ell2_eps0.15_kappa0.875_rho0.8 (fields={'ell': 2, 'threshold': 0.0, 'kikuchi_matrix': <Dictionary Of Keys sparse matrix of dtype 'int64'
	with 5796 stored elements and shape (253, 253)>, 'num_eigenvalues': 5})
2026-01-20 11:01:23,209 - final_problem_set.kxor_instance_n23_k2_m204_ell2_eps0.15_kappa0.875_rho0.8 - INFO - Finished step 'ClassicalEigenvaluesStep' in 0.118s (success: True, problem=kxor_instance_n23_k2_m204_ell2_eps0.15_kappa0.875_rho0.8)
2026-01-20 11:01:23,209 - final_problem_set.kxor_instance_n23_k2_m204_ell2_eps0.15_kappa0.875_rho0.8 - INFO - Starting step 'KeyExtractionStep' (version 0.1) on problem kxor_instance_n23_k2_m204_ell2_eps0.15_kappa0.875_rho0.8 (fields={'ell': 2, 'threshold': 0.0, 'kikuchi_matrix': <Dictionary Of Keys sparse matrix of dtype 'int64'
	with 5796 stored elements and shape (253, 253)>, 'num_eigenvalues': 5, 'eigenvalues': array([11.55323276, 12.15065395, 12.57884785, 13.3964657 , 19.20985488]), 'eigenvectors': array([[-0.09855229,  0.10982063, -0.06839974, -0.06863939,  0.06177839],
       [ 0.01812628,  0.06263131, -0.04269499, -0.10033841,  0.05456983],
       [-0.04556452,  0.11194206, -0.03190182,  0.03639351,  0.05109858],
       [-0.16198608,  0.03622334, -0.05506298, -0.01472828,  0.05493566],
       [-0.10003097,  0.10501523, -0.02485743, -0.06670736,  0.07095072],
       [ 0.092253  , -0.0282274 ,  0.07147807,  0.07838465, -0.06204929],
       [-0.08459485,  0.0225016 , -0.04590508, -0.00554298,  0.05231678],
       [-0.05120067,  0.11117291, -0.0545167 , -0.07225116,  0.05868656],
       [-0.03894   ,  0.05103968, -0.11763933, -0.05591788,  0.04632799],
       [ 0.01165477, -0.07142627,  0.09557818,  0.02112432, -0.03323346],
       [ 0.13362019, -0.05439043, -0.01225413,  0.09492914, -0.06199701],
       [-0.03687489,  0.05968494,  0.02335536, -0.04751088,  0.05893582],
       [ 0.08300574, -0.05881174, -0.00104585,  0.09890509, -0.04408337],
       [ 0.07446229, -0.04471695,  0.02539445, -0.08654425, -0.015374  ],
       [-0.0621003 ,  0.08089472, -0.04694385, -0.10050793,  0.05528325],
       [ 0.0635176 ,  0.00368131,  0.05638659, -0.0298609 , -0.0652652 ],
       [ 0.00926547, -0.0998175 ,  0.04984214,  0.01326038, -0.0635857 ],
       [ 0.05208163, -0.07691053,  0.01525152,  0.09648075, -0.06725757],
       [ 0.03021394, -0.08939959,  0.03673602,  0.06818448, -0.0666453 ],
       [-0.11998868,  0.12066273, -0.06930604, -0.0927481 ,  0.07097154],
       [-0.0663346 ,  0.110185  , -0.02527681, -0.07268978,  0.07009372],
       [-0.04126703, -0.08393124, -0.08686737, -0.05407563,  0.02789818],
       [ 0.07389467,  0.02255449, -0.02523794, -0.05294176,  0.06717262],
       [ 0.00100904,  0.08009579, -0.01436327,  0.09812803,  0.05873062],
       [-0.13289637, -0.00915635, -0.03788294,  0.0414289 ,  0.06687243],
       [-0.05479369,  0.06677627,  0.00714196,  0.00548754,  0.09437398],
       [ 0.05852457,  0.02852724,  0.07143752,  0.02625026, -0.09073451],
       [-0.05032943, -0.02221206, -0.03291276,  0.05760841,  0.06894039],
       [-0.00419425,  0.08887477, -0.04523625, -0.01994896,  0.07862421],
       [-0.00053347,  0.02616215, -0.14175183, -0.01749694,  0.06189399],
       [-0.01915108, -0.06912279,  0.11735427, -0.00921049, -0.0439242 ],
       [ 0.11387809, -0.00896968, -0.05553037,  0.04343731, -0.08345395],
       [ 0.01448317,  0.01328524,  0.05097029,  0.01372105,  0.06525861],
       [ 0.07735684, -0.04348094, -0.02490905,  0.08167208, -0.06343137],
       [ 0.06733049, -0.03382038,  0.02005585, -0.12443095, -0.01521382],
       [-0.02399648,  0.05662982, -0.03855619, -0.06216201,  0.0811056 ],
       [ 0.00919768,  0.06347222,  0.04141684, -0.11210179, -0.0833467 ],
       [-0.05564451, -0.06661568,  0.03469029, -0.06050437, -0.08111816],
       [-0.00079789, -0.02622971, -0.00962085,  0.0319191 , -0.08041604],
       [-0.02668647, -0.04419139,  0.01240365,  0.003979  , -0.08016574],
       [-0.07921547,  0.09121028, -0.054368  , -0.02582529,  0.09739092],
       [-0.00982533,  0.08406458,  0.00859689, -0.00235798,  0.1031984 ],
       [-0.01803407, -0.13382956, -0.0951899 , -0.03204764,  0.03198335],
       [ 0.09825505,  0.03562758,  0.0063822 ,  0.05060185,  0.0517054 ],
       [-0.00854414, -0.05128602, -0.00991169, -0.00309185,  0.06317989],
       [ 0.11448362, -0.00136135,  0.04345724, -0.05368823,  0.08149327],
       [-0.08094493,  0.06227751,  0.02239792,  0.0612722 , -0.06414112],
       [ 0.06840994, -0.05411306, -0.00202728,  0.00870264,  0.05447843],
       [ 0.11450384,  0.02738766, -0.01252235, -0.05922795,  0.06179982],
       [ 0.10004453, -0.00683581, -0.10464386, -0.05193371,  0.05291017],
       [-0.0864822 , -0.03785337,  0.0898015 ,  0.020509  , -0.03866216],
       [-0.03839313,  0.0465069 , -0.08114522,  0.0883723 , -0.0705684 ],
       [ 0.12176264, -0.03126457,  0.06799409, -0.02799056,  0.05528417],
       [-0.03045765,  0.00242122, -0.03834138,  0.09152886, -0.04811901],
       [ 0.02910881, -0.02174635,  0.01371788, -0.09044162, -0.01663306],
       [ 0.08446467, -0.0035046 , -0.00297714, -0.07530786,  0.05418028],
       [-0.11480626,  0.09496483,  0.00209861, -0.04250339, -0.06190547],
       [-0.14982356, -0.00354072,  0.00068757, -0.00180824, -0.05991015],
       [-0.1230624 ,  0.02270151, -0.03520765,  0.06714045, -0.06323748],
       [-0.13353118,  0.01068779, -0.01344722,  0.04423509, -0.06089451],
       [ 0.09511703,  0.01940071, -0.01533413, -0.08561039,  0.08560359],
       [ 0.13595301,  0.00190313,  0.03503898, -0.05593196,  0.07257233],
       [ 0.0227906 , -0.11530714, -0.06504317, -0.03968085,  0.02601535],
       [-0.05806201,  0.01467834,  0.00118931,  0.09886516,  0.04680384],
       [ 0.00998184,  0.07622254,  0.04278923,  0.11654407,  0.06515213],
       [-0.01081045, -0.00720407,  0.01590494, -0.0884456 , -0.0646668 ],
       [ 0.00446235,  0.00633573,  0.00153786,  0.10193894,  0.04317508],
       [ 0.03838164,  0.08616944, -0.00448029,  0.08371171,  0.05655829],
       [ 0.03819271,  0.04665133, -0.09463206,  0.06732803,  0.04767235],
       [-0.03777039, -0.0730893 ,  0.07904126, -0.06123607, -0.033403  ],
       [ 0.05193811, -0.03510293, -0.10042867, -0.08185667, -0.06990266],
       [ 0.04558192,  0.03018308,  0.07062397,  0.09305293,  0.04892232],
       [ 0.02164857, -0.05187983, -0.04805544, -0.02464307, -0.04785458],
       [ 0.04081207, -0.02930359,  0.010386  , -0.08714052, -0.00934136],
       [ 0.02941787,  0.05588679,  0.00585369,  0.05678714,  0.05508916],
       [-0.03107991,  0.01497752, -0.00403908, -0.13399096, -0.04802703],
       [-0.06895017, -0.06251907, -0.00516915, -0.11857816, -0.0504481 ],
       [-0.04423344, -0.04108383, -0.04018682, -0.08031418, -0.05735751],
       [-0.05617461, -0.0528893 , -0.02267157, -0.09044092, -0.0555232 ],
       [-0.00686453,  0.10712831, -0.00132352,  0.11261136,  0.07612241],
       [ 0.04556805,  0.09039351,  0.04958635,  0.12046851,  0.0715822 ],
       [ 0.01052595, -0.08247358, -0.06511118,  0.02405002,  0.02812568],
       [-0.15461304, -0.03486057,  0.02691565,  0.06220665,  0.07950822],
       [ 0.1159555 ,  0.08294318,  0.03459773, -0.02620627, -0.06475324],
       [-0.10587033, -0.07194209, -0.00938985,  0.07765156,  0.05288884],
       [-0.09305863,  0.00268392, -0.02723942,  0.03072235,  0.06903757],
       [-0.07182108, -0.02800114, -0.11252258,  0.0206072 ,  0.05325431],
       [ 0.0404526 , -0.0210123 ,  0.09305214, -0.03072267, -0.03771214],
       [ 0.16171581,  0.06225929, -0.05589688, -0.01755451, -0.06363263],
       [-0.05908455, -0.04994566,  0.05717939,  0.04969058,  0.05558311],
       [ 0.1091082 ,  0.02115726, -0.02755095,  0.02284317, -0.04821684],
       [ 0.0612692 , -0.02410644,  0.01384882, -0.0943    , -0.01115363],
       [-0.07682581, -0.02891234, -0.01182107,  0.00313516,  0.05532495],
       [ 0.06860686,  0.0917909 ,  0.01054478, -0.10114037, -0.05419948],
       [ 0.03686835,  0.0174585 ,  0.00907117, -0.07776158, -0.05946226],
       [ 0.08520806,  0.06018374, -0.02819379, -0.0254999 , -0.069998  ],
       [ 0.06096343,  0.03930559, -0.00435651, -0.04308151, -0.06819434],
       [-0.1647024 , -0.01930257, -0.02728994,  0.03970945,  0.07661429],
       [-0.11310726, -0.02665549,  0.0267521 ,  0.05552243,  0.08067225],
       [-0.03455953, -0.11795775, -0.06929311, -0.01257573,  0.02519014],
       [ 0.04218604,  0.06821682, -0.01183569,  0.01743705, -0.10041285],
       [-0.03667957, -0.0485808 ,  0.02856168,  0.06554495,  0.06779451],
       [ 0.01593156,  0.0825766 ,  0.02946614, -0.01268638,  0.09696502],
       [ 0.01282125,  0.01406038, -0.11388862, -0.01371271,  0.07769248],
       [-0.02667757, -0.07270858,  0.09878194, -0.01558802, -0.05415426],
       [ 0.10469514,  0.02484817, -0.14695823,  0.03231372, -0.08894852],
       [ 0.03189418, -0.00853225,  0.11970642,  0.02284965,  0.06990373],
       [ 0.06067419, -0.02041895, -0.08555006,  0.07550483, -0.0660157 ],
       [ 0.08530502, -0.04561478,  0.0075765 , -0.14190843, -0.02079464],
       [ 0.00126874,  0.01756986,  0.03321694, -0.04455337,  0.07701534],
       [-0.00805363,  0.0910075 , -0.03040109, -0.11399285, -0.07793387],
       [-0.0743585 , -0.04091001, -0.04105321, -0.07026058, -0.08293463],
       [-0.0264075 ,  0.00430062, -0.09533448,  0.02199912, -0.08860207],
       [-0.05690519, -0.02144185, -0.07405696, -0.00802493, -0.09547719],
       [-0.06768812,  0.06464466,  0.03690578, -0.01165055,  0.10786546],
       [ 0.01437431,  0.0464029 ,  0.10480066,  0.01038936,  0.10169532],
       [-0.01607528, -0.16516208, -0.08195029, -0.03746103,  0.04218289],
       [ 0.0314616 ,  0.09081567,  0.02355646, -0.03657022, -0.06006566],
       [-0.00732334,  0.0149498 ,  0.04404728,  0.03518051, -0.07812882],
       [-0.00667603,  0.04167813,  0.13549938,  0.03007166, -0.0601747 ],
       [ 0.02101238,  0.01577216, -0.12538511, -0.00241977,  0.04800908],
       [-0.09262881, -0.10126471,  0.05490571, -0.06029656,  0.07956657],
       [-0.02777202,  0.0814193 , -0.05530394,  0.00367089, -0.06979157],
       [-0.06541382, -0.04843889,  0.02653346, -0.09492123,  0.06387531],
       [-0.06826774,  0.02262921, -0.02524894,  0.11678168,  0.01875306],
       [ 0.00367915,  0.04848415,  0.02664234,  0.05918398, -0.06569774],
       [ 0.01313879, -0.13384883, -0.02581269,  0.07467087,  0.06789103],
       [ 0.0709479 , -0.04324025, -0.03254288,  0.04072368,  0.08042669],
       [ 0.01631144, -0.08045495,  0.01333034, -0.04541023,  0.0792621 ],
       [ 0.04429246, -0.06818271, -0.01253214, -0.02204355,  0.08397422],
       [ 0.07169942,  0.04763973,  0.06013373,  0.05198414, -0.10442245],
       [-0.00804801,  0.0556806 , -0.00789877,  0.02291514, -0.08968442],
       [ 0.01209601,  0.14839931,  0.08637088,  0.03962409, -0.02969363],
       [ 0.00216934, -0.01107256, -0.01847516,  0.04259705,  0.06532715],
       [ 0.00375877, -0.03477918, -0.10385625,  0.02999114,  0.05073127],
       [-0.01471579, -0.01469461,  0.08827333, -0.03771632, -0.03627661],
       [ 0.09153409,  0.08657421, -0.07531762, -0.0273623 , -0.06602683],
       [ 0.01504093, -0.06074253,  0.06162062,  0.05689872,  0.05216465],
       [ 0.05717143,  0.03691744, -0.0388355 ,  0.01598604, -0.04976635],
       [ 0.0503892 , -0.0216971 ,  0.01374898, -0.09136344, -0.0111555 ],
       [-0.00746906, -0.04550643, -0.00507643,  0.01419941,  0.05545685],
       [-0.00253448,  0.09717199,  0.00338011, -0.10343761, -0.04970221],
       [-0.04878056,  0.03210371,  0.00518621, -0.09637308, -0.05969358],
       [-0.00668623,  0.06379985, -0.02999518, -0.03453103, -0.05946361],
       [-0.02861012,  0.05248376, -0.01310073, -0.05366571, -0.06471647],
       [-0.05608811, -0.03588439, -0.01722556,  0.05186298,  0.07294626],
       [-0.00164794, -0.04241104,  0.02911228,  0.06110024,  0.06803082],
       [-0.0099852 , -0.11419403, -0.06222171, -0.00664576,  0.02464354],
       [ 0.04273583,  0.03413825, -0.1259153 , -0.02487605,  0.05781109],
       [-0.05023934, -0.08051212,  0.11476891, -0.001067  , -0.04487682],
       [ 0.05566225, -0.01951814, -0.07948347,  0.06114022, -0.08606755],
       [ 0.05447478,  0.01918631,  0.06003452,  0.00020895,  0.06164951],
       [ 0.0259102 , -0.04121986, -0.03565065,  0.0792602 , -0.05656265],
       [ 0.06152062, -0.04392088,  0.02165053, -0.11667135, -0.0180222 ],
       [ 0.03627277,  0.05662067, -0.01680387, -0.06587318,  0.07200227],
       [-0.04424711,  0.04745894,  0.02219065, -0.08489826, -0.07366641],
       [-0.09486371, -0.06500893,  0.01794789, -0.03816592, -0.07049894],
       [-0.06870019, -0.03994166, -0.03104635,  0.04911478, -0.08440433],
       [-0.08980381, -0.05699834, -0.00309398,  0.0196455 , -0.08191983],
       [-0.00575175,  0.09751446, -0.03370453, -0.04043905,  0.09279711],
       [ 0.05512995,  0.0803235 ,  0.02329628, -0.01833749,  0.08734866],
       [ 0.00346224, -0.12143492, -0.09056842, -0.03839044,  0.03472498],
       [-0.03511222, -0.03541674,  0.12387168, -0.0021844 , -0.03009808],
       [ 0.05440861,  0.03481316,  0.05928899,  0.05950928, -0.07358255],
       [ 0.04998271, -0.0151318 , -0.04255969, -0.00516397,  0.05472485],
       [ 0.02381875, -0.00273464,  0.05527638,  0.07244096, -0.0490697 ],
       [ 0.0446359 , -0.02715666,  0.04305136, -0.08898764, -0.01368009],
       [ 0.02234448,  0.0037208 , -0.09789589, -0.04586266,  0.05166096],
       [-0.02990639,  0.05631792,  0.10228924, -0.05372968, -0.05361486],
       [-0.0877192 , -0.02043492,  0.12298351, -0.03055669, -0.06025249],
       [-0.05261591,  0.013147  ,  0.09423393,  0.0403396 , -0.06639031],
       [-0.05925899, -0.00363454,  0.10206456,  0.01770257, -0.05939196],
       [-0.00253593,  0.02290878, -0.15615861, -0.0336134 ,  0.07232092],
       [ 0.05108576,  0.02018479, -0.11449867, -0.01987404,  0.07583605],
       [-0.00033585, -0.09683827, -0.09289655, -0.02876531,  0.0227935 ],
       [-0.02459472,  0.0320453 , -0.05331516, -0.01910441,  0.05371109],
       [-0.04569781, -0.03457363,  0.04247723, -0.01239307, -0.03883984],
       [-0.00202846,  0.04317761, -0.05044801, -0.03460323,  0.03594199],
       [-0.02955595,  0.03061112, -0.03316486,  0.0665975 ,  0.00927873],
       [-0.02959357, -0.0434604 ,  0.08370866,  0.01351644, -0.03708324],
       [ 0.02929346,  0.00359467, -0.08846884,  0.05040404,  0.0382272 ],
       [ 0.06273321,  0.05836477, -0.09539226,  0.03294331,  0.03840007],
       [ 0.0553346 ,  0.04396494, -0.08300803, -0.00632826,  0.04789042],
       [ 0.06332048,  0.05566422, -0.09286538,  0.00681439,  0.04595063],
       [-0.01989976, -0.07580272,  0.12876524, -0.00336525, -0.04949875],
       [-0.05361601, -0.07732268,  0.09974728, -0.01080176, -0.05404761],
       [-0.00784035,  0.0557351 ,  0.08515421,  0.01454655, -0.01859881],
       [ 0.0171123 ,  0.04376346, -0.1392604 ,  0.01325069, -0.06160216],
       [-0.09107162, -0.01592466,  0.10143737, -0.09692069,  0.05577505],
       [-0.08857032,  0.03006223,  0.0084735 ,  0.11773521,  0.01960685],
       [ 0.04969711,  0.0240908 , -0.06492459,  0.07747292, -0.06593299],
       [-0.04192123, -0.11898809,  0.06823686,  0.06638436,  0.06972077],
       [ 0.00783352, -0.00961522,  0.09401618,  0.02348879,  0.08076853],
       [-0.04100594, -0.05048741,  0.13016179, -0.06176835,  0.07717118],
       [-0.01497667, -0.03011467,  0.10179184, -0.03544973,  0.07736547],
       [ 0.13503509,  0.00557839, -0.09041099,  0.06834326, -0.09531469],
       [ 0.06002395,  0.0177228 , -0.14569665,  0.04253875, -0.08826681],
       [ 0.04031855,  0.16599123,  0.05223501,  0.05605291, -0.03579737],
       [ 0.00604529,  0.00555156, -0.08661551,  0.04361173, -0.0463232 ],
       [ 0.046265  , -0.02404251, -0.00679331, -0.09939769, -0.01466672],
       [ 0.04961841, -0.01538254,  0.06699379, -0.02520095,  0.05903347],
       [-0.04779315,  0.08434933, -0.05760952, -0.08222126, -0.0525615 ],
       [-0.09016003,  0.00126357, -0.06900706, -0.05287585, -0.05666816],
       [-0.06861128,  0.03345803, -0.10837926,  0.00369471, -0.06193398],
       [-0.09396613,  0.01874451, -0.09617239, -0.01502288, -0.06543697],
       [ 0.01360565,  0.01009863,  0.08527597,  0.00072718,  0.08258717],
       [ 0.06462535, -0.00432643,  0.1204938 ,  0.01554293,  0.07033107],
       [ 0.01274982, -0.12695515, -0.03684284, -0.02229593,  0.02894867],
       [-0.06803736,  0.03013277,  0.00441064,  0.07192822,  0.01662762],
       [ 0.03223742, -0.01188822, -0.03916385,  0.10324726, -0.05229212],
       [-0.02447856, -0.06546754,  0.0385396 ,  0.01341971,  0.05617217],
       [ 0.02296034,  0.02997672,  0.05224363, -0.02490773,  0.06347599],
       [-0.02288848, -0.00389146,  0.08386051, -0.09901029,  0.06166899],
       [-0.00359812,  0.01154576,  0.05753333, -0.06786554,  0.05717069],
       [ 0.07900774, -0.03466423, -0.04708244,  0.10240013, -0.06873038],
       [ 0.03216547, -0.0276033 , -0.09520014,  0.08676563, -0.07119564],
       [ 0.02727267,  0.10698704,  0.04523933,  0.0565518 , -0.0260531 ],
       [ 0.05209378, -0.03050144,  0.01487815, -0.09648496, -0.01735432],
       [-0.05238751,  0.02460393, -0.01592073,  0.10218982,  0.01141949],
       [-0.04528696,  0.03762557, -0.0178246 ,  0.11945686,  0.01510654],
       [-0.0543566 ,  0.02712587,  0.0004655 ,  0.11653006,  0.0223479 ],
       [-0.05206283,  0.03337516, -0.01069441,  0.11587444,  0.01796063],
       [ 0.09317183, -0.05347616,  0.02399745, -0.14704419, -0.02258977],
       [ 0.07467654, -0.0495472 ,  0.01011577, -0.14208424, -0.02069615],
       [ 0.02444826,  0.01858769,  0.0294126 , -0.04153091, -0.00752016],
       [-0.03965005,  0.09132654,  0.00365993, -0.05301526, -0.06699171],
       [-0.08654581, -0.02217247,  0.00196131, -0.00933582, -0.06671476],
       [-0.0368516 ,  0.00651018, -0.0310647 ,  0.06422127, -0.06478209],
       [-0.05468872, -0.00658632, -0.01153709,  0.04112989, -0.06468734],
       [-0.01820266,  0.03704468, -0.01624638, -0.07386447,  0.07895749],
       [ 0.03705018,  0.02188296,  0.03222315, -0.04944574,  0.07427225],
       [-0.00324882, -0.12219233, -0.07283896, -0.04844974,  0.03038126],
       [ 0.07694268, -0.06045178, -0.00507353,  0.12025616,  0.0593707 ],
       [ 0.06181792, -0.11767658,  0.03800528,  0.08062716,  0.07428597],
       [ 0.06746171, -0.08580064,  0.01277145,  0.08744858,  0.06581031],
       [ 0.01407393,  0.08159155,  0.02189237, -0.10629952, -0.0912316 ],
       [-0.04540159,  0.08444515, -0.02881086, -0.10732133, -0.07611142],
       [-0.00605714,  0.13507731,  0.06706063, -0.00333987, -0.02722246],
       [ 0.1246236 ,  0.00477295,  0.04532373,  0.03604661,  0.07885327],
       [ 0.12283565,  0.02300031,  0.01717693,  0.05006772,  0.07038379],
       [-0.06044524, -0.06201014,  0.01403606, -0.05093361, -0.08795603],
       [-0.10878512, -0.04481658, -0.03726474, -0.06394385, -0.08037648],
       [-0.03097843,  0.12258887,  0.08089671,  0.00624367, -0.03349781],
       [ 0.08869533, -0.01455719,  0.0598477 , -0.02373529,  0.07560289],
       [-0.00437998, -0.01895998, -0.03809157,  0.05443416, -0.09491981],
       [-0.07927002, -0.00611013, -0.10755314,  0.0316006 , -0.09628044],
       [-0.00583322,  0.15378328,  0.06875135,  0.04442441, -0.03462197],
       [-0.03339841, -0.04781794, -0.0075281 ,  0.02340005, -0.10159686],
       [-0.09212415, -0.02595936, -0.06374531,  0.0002986 , -0.08714056],
       [-0.01706997,  0.14140185,  0.07496179,  0.03263924, -0.03464267],
       [-0.01232413,  0.0729016 ,  0.03629813, -0.022895  ,  0.10830085],
       [-0.02737105, -0.16519507, -0.11337332, -0.05335701,  0.04312107],
       [ 0.00759637, -0.16219794, -0.0786233 , -0.04264291,  0.04646559]])})
2026-01-20 11:01:23,211 - final_problem_set.kxor_instance_n23_k2_m204_ell2_eps0.15_kappa0.875_rho0.8 - INFO - Running key extraction (n=23, m=204, ell=2, phase_qubits=13)
2026-01-20 11:01:23,215 - final_problem_set.kxor_instance_n23_k2_m204_ell2_eps0.15_kappa0.875_rho0.8 - INFO - Built voting matrix V (n=23, ell=2, dtype=complex128) in 0.003s
2026-01-20 11:01:23,216 - final_problem_set.kxor_instance_n23_k2_m204_ell2_eps0.15_kappa0.875_rho0.8 - INFO - Eval: adv=0.7843, hamming=0/23 (0.000), corr=1.000
2026-01-20 11:01:23,216 - final_problem_set.kxor_instance_n23_k2_m204_ell2_eps0.15_kappa0.875_rho0.8 - INFO - Key extraction complete: x_hat=20
2026-01-20 11:01:23,216 - final_problem_set.kxor_instance_n23_k2_m204_ell2_eps0.15_kappa0.875_rho0.8 - INFO - Finished step 'KeyExtractionStep' in 0.004s (success: True, problem=kxor_instance_n23_k2_m204_ell2_eps0.15_kappa0.875_rho0.8)
2026-01-20 11:01:23,216 - final_problem_set.kxor_instance_n23_k2_m204_ell2_eps0.15_kappa0.875_rho0.8 - INFO - SUCCESS: len(z_hat)=23
2026-01-20 11:01:23,216 - final_problem_set.kxor_instance_n23_k2_m204_ell2_eps0.15_kappa0.875_rho0.8 - INFO - Metrics: adv=0.7843137254901961, ham_frac=0.0, corr=1.0
2026-01-20 11:01:23,216 - final_problem_set.kxor_instance_n23_k2_m204_ell2_eps0.15_kappa0.875_rho0.8 - INFO - z_hat (full): [-1, -1, -1, -1, -1, -1,  1, -1, -1, -1,  1,  1, -1,  1,  1, -1,  1,  1,  1,  1, -1, -1, -1]
