2026-01-20 11:01:06,572 - final_problem_set.kxor_instance_n21_k2_m196_ell2_eps0.25_kappa0.875_rho0.6 - INFO - Starting iteration for /Users/julian/CodingProjects/UniT3/QuarticSpeedupK-XOR/z_Daphne/data/final_problem_set/kxor_instance_n21_k2_m196_ell2_eps0.25_kappa0.875_rho0.6.npz
2026-01-20 11:01:06,573 - final_problem_set.kxor_instance_n21_k2_m196_ell2_eps0.25_kappa0.875_rho0.6 - INFO - Loaded instance (n=21, m=196, k=2)
2026-01-20 11:01:06,573 - final_problem_set.kxor_instance_n21_k2_m196_ell2_eps0.25_kappa0.875_rho0.6 - INFO - Starting step 'ComputeKikuchiStep' (version 0.1) on problem kxor_instance_n21_k2_m196_ell2_eps0.25_kappa0.875_rho0.6 (fields={'ell': 2, 'threshold': 0.0})
2026-01-20 11:01:06,600 - final_problem_set.kxor_instance_n21_k2_m196_ell2_eps0.25_kappa0.875_rho0.6 - INFO - Finished step 'ComputeKikuchiStep' in 0.027s (success: True, problem=kxor_instance_n21_k2_m196_ell2_eps0.25_kappa0.875_rho0.6)
2026-01-20 11:01:06,600 - final_problem_set.kxor_instance_n21_k2_m196_ell2_eps0.25_kappa0.875_rho0.6 - INFO - Starting step 'ClassicalEigenvaluesStep' (version 0.1) on problem kxor_instance_n21_k2_m196_ell2_eps0.25_kappa0.875_rho0.6 (fields={'ell': 2, 'threshold': 0.0, 'kikuchi_matrix': <Dictionary Of Keys sparse matrix of dtype 'int64'
	with 4902 stored elements and shape (210, 210)>, 'num_eigenvalues': 5})
2026-01-20 11:01:06,691 - final_problem_set.kxor_instance_n21_k2_m196_ell2_eps0.25_kappa0.875_rho0.6 - INFO - Finished step 'ClassicalEigenvaluesStep' in 0.091s (success: True, problem=kxor_instance_n21_k2_m196_ell2_eps0.25_kappa0.875_rho0.6)
2026-01-20 11:01:06,691 - final_problem_set.kxor_instance_n21_k2_m196_ell2_eps0.25_kappa0.875_rho0.6 - INFO - Starting step 'KeyExtractionStep' (version 0.1) on problem kxor_instance_n21_k2_m196_ell2_eps0.25_kappa0.875_rho0.6 (fields={'ell': 2, 'threshold': 0.0, 'kikuchi_matrix': <Dictionary Of Keys sparse matrix of dtype 'int64'
	with 4902 stored elements and shape (210, 210)>, 'num_eigenvalues': 5, 'eigenvalues': array([10.4064224 , 11.06328364, 11.24608057, 13.09609633, 16.02715666]), 'eigenvectors': array([[-3.89596016e-02, -8.65363023e-03, -7.04768532e-02, -9.02044508e-03, -9.49441820e-02],
       [ 1.28308842e-03,  1.15578337e-02,  2.74908295e-02, -9.04371749e-02,  9.35368871e-02],
       [-2.83967110e-02,  4.63587852e-02,  1.63762024e-02, -4.55935507e-02,  9.84436688e-02],
       [ 1.03555009e-02,  7.18430442e-02, -2.14449238e-02, -2.92221032e-02, -6.95069003e-02],
       [ 6.08820468e-02,  6.28997576e-02,  8.55430405e-02, -5.16475584e-02,  8.58690340e-02],
       [-2.32456152e-02,  7.67866819e-02,  6.95486338e-02, -1.10625014e-01,  3.30909374e-02],
       [-7.10929851e-02, -1.36428867e-01, -3.69385243e-02,  8.50556057e-03, -8.15761816e-02],
       [-9.02628102e-02, -1.73708982e-02, -1.17981046e-01, -9.16428938e-02, -1.97274707e-02],
       [-4.94708298e-02,  7.34739113e-02,  2.80236178e-02,  4.31474682e-02, -8.15894437e-02],
       [ 8.00369526e-02, -6.34960044e-02,  7.98756544e-02, -5.06748872e-02,  6.24233467e-02],
       [-9.30692864e-02, -2.50285415e-02, -2.58965913e-02,  2.13940269e-02, -8.60609033e-02],
       [ 5.60200109e-02, -5.71689481e-02,  2.66204817e-02, -1.14180451e-01,  3.22405307e-02],
       [-5.12737218e-02,  6.54748957e-02,  2.33580698e-02, -5.78448501e-02,  7.82441652e-02],
       [-1.24223482e-02,  7.92113907e-03, -1.04080098e-01,  8.72786805e-02, -7.51725005e-02],
       [-6.16318272e-02, -5.22611240e-02, -1.59661572e-02,  5.42095070e-02, -8.25572306e-02],
       [-6.76854465e-02,  7.87246329e-03,  1.01620881e-01,  7.57978628e-02, -2.70679685e-02],
       [ 1.24213045e-01,  9.45827105e-02, -3.05084878e-02, -2.45725185e-02,  4.78224537e-02],
       [ 1.83464568e-02,  7.89256048e-03,  2.54581954e-03, -5.18363492e-02,  7.85124888e-02],
       [-3.80181064e-02, -2.89015939e-02,  6.58009342e-02, -5.49346911e-02, -7.26831758e-02],
       [-7.50221776e-02, -2.10040253e-02, -1.15715795e-01,  4.38435816e-02, -1.06385533e-01],
       [-8.43935391e-02, -5.52731643e-02,  7.28836099e-03,  3.42736205e-02,  1.07839037e-01],
       [-1.35732302e-01, -2.07989926e-03, -1.25087819e-03,  9.46583446e-02,  1.15769149e-01],
       [ 6.50109383e-02,  1.06509244e-01,  4.54606940e-05, -1.22373714e-01, -6.90906634e-02],
       [-1.11177777e-02,  2.58557749e-02,  8.35758247e-02,  7.22386763e-02,  1.06174269e-01],
       [-7.27693195e-02,  8.08761529e-02,  1.08528393e-01, -8.54396499e-02,  6.55074179e-02],
       [ 1.23816637e-03, -1.02210389e-01, -1.38230682e-02, -1.04986573e-01, -8.85243679e-02],
       [-9.01684639e-02, -1.21309819e-02, -1.20165079e-01, -1.30227344e-01, -1.15412189e-02],
       [-2.52802010e-03,  1.29807002e-01,  5.22567790e-02, -6.05131694e-02, -8.64535926e-02],
       [ 6.44581614e-02, -1.26190911e-01,  8.63556931e-02,  2.83323036e-02,  7.95712703e-02],
       [-4.54617164e-02,  2.02073106e-02,  2.34840275e-04, -1.06883905e-01, -1.02877633e-01],
       [ 6.35165565e-02, -1.13966130e-01,  4.69151815e-02, -9.49055745e-02,  5.97520333e-02],
       [-1.52764854e-01,  4.48839234e-02,  7.22196108e-03,  5.23261616e-02,  9.70133728e-02],
       [ 5.47714477e-02,  5.76351395e-02, -1.07484059e-01, -6.06454216e-03, -8.84454228e-02],
       [-7.79179619e-03, -1.83371593e-02,  8.12432525e-04, -6.44131016e-02, -1.15676714e-01],
       [-7.66431887e-02,  3.30099291e-02,  1.33824880e-01,  4.45884306e-02, -4.48828129e-02],
       [ 1.34287817e-01,  9.59217929e-02, -5.35611608e-02,  4.72552136e-02,  6.97965111e-02],
       [-4.22361309e-02, -3.86189902e-02, -1.73569393e-02,  5.95880836e-02,  9.79822677e-02],
       [ 1.60062601e-02,  1.77052551e-03,  9.51748789e-02, -1.46196063e-01, -6.51692713e-02],
       [ 8.71502461e-03,  5.03221884e-02, -1.18370553e-01, -1.09046368e-01, -1.29165694e-01],
       [ 1.32248741e-01,  8.05386806e-03,  4.85905820e-02,  2.89353101e-02, -9.58789878e-02],
       [-1.04732893e-01, -1.26502994e-01, -2.71522769e-02,  4.91979834e-02,  7.49222415e-02],
       [ 4.00703896e-02, -2.52923276e-02, -3.28266381e-02,  4.24559533e-02, -9.90185102e-02],
       [ 6.28331772e-02, -8.12785334e-02, -5.99344406e-02,  1.35721631e-01, -4.33970141e-02],
       [-1.25588992e-02,  9.52860480e-02, -2.10088215e-02,  8.33105695e-03,  8.15250107e-02],
       [ 6.32213959e-02, -4.23934365e-03,  1.12546552e-01,  1.07706830e-01,  2.80066748e-02],
       [-4.38129610e-02, -1.30294143e-01, -8.85341956e-02, -3.04638458e-02,  8.98140332e-02],
       [-1.65390198e-02,  1.09687280e-01, -4.83199923e-02,  4.52212407e-02, -7.28753734e-02],
       [ 9.00555816e-03, -2.50225761e-02, -4.55494054e-02, -6.52496458e-03,  1.08516613e-01],
       [-4.24940257e-02,  7.36916862e-02, -1.37628167e-02,  1.26108876e-01, -3.57631636e-02],
       [ 1.57320414e-01, -3.03035065e-02,  2.88880817e-02,  5.09968566e-02, -8.82417207e-02],
       [-8.56587632e-02, -5.40467044e-02,  6.17483447e-02, -8.44529808e-02,  8.50672856e-02],
       [-2.55589160e-02,  1.56153075e-02, -4.36183547e-02, -4.84437814e-02,  9.23459856e-02],
       [ 6.61794776e-02, -1.32664849e-02, -1.28337407e-01, -7.41547602e-02,  2.68267929e-02],
       [-1.03103560e-01, -9.72044364e-02,  8.39762426e-02,  3.34146294e-02, -7.13970681e-02],
       [ 6.87914915e-02,  3.37549326e-02,  5.80733518e-02,  4.40030439e-02, -8.93314983e-02],
       [-4.56469060e-02, -1.51204987e-02, -1.22814112e-01,  7.35725099e-02,  7.03100478e-02],
       [-4.65673602e-02, -3.89508568e-02,  4.11658462e-02, -2.67357594e-02,  1.06189893e-01],
       [-1.05869929e-01, -7.40667187e-02, -2.69526121e-02,  7.39512863e-02,  6.47366938e-02],
       [ 8.51990389e-02, -7.45085112e-02, -2.16889079e-02, -8.27069883e-03, -1.08398579e-01],
       [ 5.99666171e-02, -8.57243422e-02, -4.93905739e-02,  1.09389086e-01, -4.17577130e-02],
       [-5.17455272e-02,  1.27835485e-01, -3.13553064e-02,  4.57707167e-02,  7.86200935e-02],
       [ 5.38948666e-02,  1.26578143e-02,  1.12931661e-01,  1.20883154e-01,  2.20680472e-02],
       [-5.51888824e-02, -8.33956447e-02, -8.36382789e-02,  6.61360667e-03,  8.10743558e-02],
       [ 9.50075598e-03,  1.03060083e-01, -4.47262566e-02,  1.54656784e-02, -9.27684824e-02],
       [-2.67007826e-02,  2.25345307e-02, -4.81952493e-02,  3.71348590e-02,  9.37497661e-02],
       [-3.57312058e-02,  7.48348118e-02, -3.72941921e-03,  1.19734431e-01, -4.40638772e-02],
       [ 1.84296572e-01, -7.26135111e-02,  4.14637568e-02,  5.59071471e-03, -8.94075260e-02],
       [-9.11242506e-02, -2.17943670e-02,  4.79803649e-02, -3.79533626e-02,  7.97140130e-02],
       [-6.21000909e-02,  5.74558892e-02, -6.16270065e-02, -9.33967648e-03,  1.03392303e-01],
       [ 5.06122716e-02, -7.32798168e-03, -1.38531667e-01, -7.12225088e-02,  3.19593144e-02],
       [-7.35474356e-02, -1.17633509e-01,  8.26826029e-02, -2.31846923e-04, -6.44681803e-02],
       [ 9.52322599e-02,  2.76376788e-04,  6.38726067e-02,  3.02492413e-03, -8.99671343e-02],
       [-6.01281212e-02,  2.06716422e-02, -1.10405956e-01,  9.47677461e-02,  5.99063794e-02],
       [-7.58745570e-02,  3.49218989e-03,  2.92437015e-02,  2.04298561e-02,  1.04417342e-01],
       [-5.04539705e-02, -6.14169358e-02,  2.79045415e-02,  7.72969621e-02,  7.87171707e-02],
       [-7.22630846e-02,  2.08346045e-03,  5.03292931e-02, -4.65654956e-02,  4.11933452e-02],
       [ 3.61885413e-02, -1.17792365e-02,  2.02690947e-02, -1.05143374e-01, -6.71670864e-02],
       [-5.63282512e-02, -6.88527370e-03, -6.97261507e-02, -8.69367133e-02, -9.12177234e-03],
       [ 2.58758106e-02,  1.35038970e-01,  4.60131866e-02, -5.57127678e-02, -5.34001018e-02],
       [ 6.20341779e-03, -1.56507137e-01,  3.48545740e-02,  3.85644099e-02,  5.62782073e-02],
       [ 5.44278736e-03,  8.12151094e-02,  2.87285023e-02, -8.82754718e-02, -6.41373847e-02],
       [ 1.87848318e-02, -1.08910502e-01,  1.44215943e-02, -5.53109193e-02,  3.43410042e-02],
       [-1.31618891e-01, -4.53554799e-02, -1.81315833e-02,  5.68059020e-02,  6.56494447e-02],
       [ 7.45118053e-02,  1.11278663e-01, -4.92798992e-02, -2.58177762e-02, -6.19778242e-02],
       [ 3.12405252e-02,  6.29537324e-02,  2.89137262e-02, -5.79934848e-02, -6.73645329e-02],
       [-3.73610760e-02,  4.32656593e-02,  9.03831442e-02,  2.58892136e-02, -2.46959152e-02],
       [ 7.07227972e-02,  1.57509941e-02, -5.78238214e-02,  5.09620966e-02,  5.03393688e-02],
       [-6.52997557e-02, -1.11832636e-01, -4.24797506e-02,  6.17241229e-02,  6.77906631e-02],
       [ 2.31513983e-02,  3.82650245e-02,  7.38166897e-02, -1.02692409e-01, -3.90500054e-02],
       [ 4.84770852e-02,  1.13058772e-01, -2.84836461e-02, -8.52895706e-02, -7.35963604e-02],
       [ 3.43509735e-02, -9.92305927e-02, -8.23373581e-02,  1.14329344e-01, -4.02243760e-02],
       [ 2.72501856e-02,  1.45198642e-01,  3.42391137e-02,  3.56700433e-02,  7.95880222e-02],
       [ 8.16266515e-02,  7.80270043e-03,  1.21939142e-01,  1.17330760e-01,  1.47957228e-02],
       [ 2.22997991e-02, -6.42237505e-02, -2.54640370e-02,  5.19569714e-04,  8.52629730e-02],
       [-8.42708998e-02,  6.69120302e-02, -1.10824605e-01,  2.48252599e-02, -8.22140258e-02],
       [ 7.67803105e-02,  5.13245802e-02,  3.39971414e-02,  3.18348604e-02,  1.08262732e-01],
       [-7.67377466e-02,  5.90976478e-02, -4.18369345e-02,  1.24214908e-01, -4.33815183e-02],
       [ 1.07160713e-01, -9.75303274e-02, -3.11243561e-02,  1.63494910e-02, -9.13994379e-02],
       [-1.78596243e-02,  3.24080208e-03,  1.10079793e-01, -4.89109989e-02,  7.78244379e-02],
       [ 3.93066186e-02,  8.68511832e-02,  2.73060338e-02, -1.75679926e-02,  1.05071429e-01],
       [ 8.16343418e-02,  5.30573933e-04, -1.13192463e-01, -7.33947602e-02,  3.47796802e-02],
       [-1.29740112e-01, -1.18698302e-01,  3.55785498e-02,  4.52872720e-03, -5.77541773e-02],
       [ 1.46907007e-02, -3.31348885e-02, -9.93502144e-03,  1.28393878e-02, -1.03769538e-01],
       [-5.84122316e-03,  4.12026043e-02, -6.96074560e-02,  1.00208317e-01,  7.41047996e-02],
       [ 2.88828703e-02,  3.58908274e-02,  1.20426242e-01,  1.17185306e-02,  1.09743951e-01],
       [-1.54533266e-02,  1.32394552e-01,  6.02038590e-02, -8.21512065e-02,  3.91340297e-02],
       [ 1.79736914e-02,  2.85754692e-02,  8.39472959e-02,  2.52062419e-02,  1.36599265e-02],
       [-4.08638453e-02,  1.51738550e-02,  1.71555146e-02, -1.01649412e-01,  4.80024982e-02],
       [ 1.97478924e-02, -2.21788318e-02, -7.79874971e-02,  9.48297347e-02, -3.58761182e-02],
       [-1.82687354e-02,  8.68910523e-02,  6.21174620e-02, -1.02489078e-01,  5.11494138e-02],
       [-5.28983990e-03, -4.50543153e-03, -1.34674172e-02,  8.39468771e-02, -1.17212834e-02],
       [ 6.50512137e-02, -8.47238097e-02, -5.85686821e-02,  1.08137556e-01, -3.73575201e-02],
       [-3.69494265e-02,  5.30710655e-02,  6.91124460e-02, -1.03045521e-01,  3.07426348e-02],
       [-3.39695441e-02,  8.99696545e-02,  5.14560197e-02, -1.11361528e-01,  3.78909656e-02],
       [ 1.92874268e-02,  1.96722693e-02, -4.23643154e-02, -6.60473053e-02,  1.22521695e-02],
       [-2.93877770e-02, -9.82526984e-02, -9.63023956e-03,  7.02879077e-02, -2.66397567e-02],
       [ 5.47502165e-02, -7.32239899e-02, -4.37807032e-02,  1.14898706e-01, -4.44412458e-02],
       [-4.23744568e-02,  6.36387056e-02, -2.69419399e-03, -3.32353847e-02,  4.09159511e-02],
       [-4.67427115e-02,  9.40800065e-02,  8.96857674e-02, -1.19120438e-01,  4.45171892e-02],
       [-5.79936059e-02, -7.20912443e-03, -9.45474965e-02, -1.00260485e-01, -1.04617085e-02],
       [-3.53230152e-02, -6.81253765e-03,  6.53454539e-02, -3.84862404e-02, -7.74920089e-02],
       [ 9.75575094e-02,  7.34101651e-03,  6.04494600e-02,  1.55964843e-02,  7.95802576e-02],
       [-5.92142504e-02, -1.07721486e-01,  2.44793412e-02, -6.31574043e-02, -7.99147241e-02],
       [ 8.41926749e-02, -1.60223572e-02,  1.85940983e-02, -8.75513426e-02,  4.09518200e-02],
       [-7.71663927e-02,  1.55532465e-01, -1.67233686e-02,  2.62696450e-02,  7.65052463e-02],
       [-6.44057317e-04, -7.25925388e-02, -6.44541786e-02,  8.53957373e-03, -7.50856579e-02],
       [-3.87562986e-02, -1.30055543e-01,  2.03678052e-02, -2.53525088e-02, -7.81510344e-02],
       [-7.25547039e-02, -1.92708383e-02,  1.07018167e-01,  4.76972146e-02, -2.80852714e-02],
       [ 1.01104831e-01,  1.28818556e-01, -4.83156223e-02,  1.40863784e-02,  4.61039764e-02],
       [ 1.72028541e-03,  1.18144292e-01, -4.64202329e-02,  3.41348473e-02,  9.34196273e-02],
       [ 8.24183440e-03, -6.35836159e-02,  8.57816265e-02, -1.00285372e-01, -5.02708326e-02],
       [-3.60140404e-02, -1.08937465e-01, -4.74478593e-02, -5.28469197e-02, -8.91386383e-02],
       [-9.47097351e-02,  3.03372219e-02, -7.60757695e-02, -1.01918736e-01, -1.87978308e-02],
       [ 8.74099397e-02, -6.25490941e-03,  9.00680079e-02,  8.16583398e-02,  1.41689329e-02],
       [-9.23388381e-02, -5.23631119e-03, -1.07727244e-01, -1.15869434e-01, -1.19397923e-02],
       [ 6.75202212e-02, -2.70368031e-02,  5.76726650e-02,  1.72971827e-02,  1.22673310e-02],
       [ 2.53094307e-02,  3.74917975e-02,  1.13788167e-01,  1.09938930e-01,  2.69177848e-02],
       [-6.29587577e-02,  8.26771251e-04, -1.15032272e-01, -8.48926498e-02, -1.75249380e-02],
       [-8.87928130e-02, -1.91167437e-02, -1.09218550e-01, -1.10339326e-01, -2.13050987e-02],
       [-5.34967760e-02,  1.13372252e-02, -8.37253340e-03, -2.06954584e-02, -1.10313316e-02],
       [ 8.00161830e-02,  1.66528386e-02,  5.64734441e-02,  7.02092414e-02,  1.10518413e-02],
       [ 7.47919946e-02,  8.65267309e-03,  9.82349865e-02,  1.12230030e-01,  2.52697374e-02],
       [-5.70563515e-02, -5.66775346e-03, -4.83822773e-02, -9.61887669e-02, -9.22578409e-03],
       [-9.56139334e-02, -4.75216854e-03, -1.29216639e-01, -1.27573496e-01, -1.25798364e-02],
       [ 5.80240037e-02, -1.50835564e-01,  2.23640970e-03, -1.32994119e-02,  6.23018018e-02],
       [-6.46632070e-02,  9.63918730e-02,  7.47092015e-02, -2.69789843e-02, -7.94600392e-02],
       [ 4.51795599e-02, -8.72062887e-02,  2.77454451e-04, -9.16688188e-02,  3.30278730e-02],
       [-1.03290974e-01, -5.08509713e-02, -8.61977378e-02, -1.55989654e-02,  8.55195343e-02],
       [ 2.11210631e-02,  9.97786910e-02, -6.53636448e-03,  3.42879400e-02, -6.60689683e-02],
       [-3.29392772e-02,  7.29079484e-02,  9.19450486e-02,  1.22044181e-02, -9.03434778e-02],
       [-5.08860332e-02,  2.31290844e-02,  1.08090141e-01,  5.45275108e-02, -2.29959436e-02],
       [ 1.17996679e-01,  2.07724952e-02, -9.08955187e-02, -3.34615684e-04,  5.44934396e-02],
       [-1.24539550e-02, -1.22144497e-01, -1.01363926e-01, -9.27789296e-03,  8.32143632e-02],
       [-1.35318137e-02,  5.61756941e-02,  1.12644656e-01, -7.46339307e-02, -5.20266000e-02],
       [-3.94457069e-02,  1.40945455e-01,  1.77162864e-02, -1.58662641e-02, -9.94545621e-02],
       [ 1.27430815e-01, -1.08640338e-01,  4.88552553e-02,  4.17333579e-03,  8.21227399e-02],
       [-5.02834783e-02,  7.70782686e-02, -2.87730639e-02,  8.56923454e-02, -2.51095408e-02],
       [ 4.16031754e-02,  5.71368053e-02, -5.43732677e-02,  3.48178940e-02, -7.91702606e-02],
       [ 1.55616664e-02, -9.36336625e-02,  9.52391327e-02, -4.88449179e-02,  5.87968997e-02],
       [ 7.53802421e-02, -6.66361436e-02,  3.83618263e-02, -2.72826447e-02,  7.14611212e-02],
       [ 7.11351511e-02, -3.94215163e-02, -7.38157245e-02, -5.55187607e-02,  2.48226786e-02],
       [-1.50284128e-01, -1.64522764e-02,  7.37166448e-03,  1.30524015e-02, -4.99945312e-02],
       [-3.63092902e-02,  1.06956043e-01, -2.59497898e-02,  2.56906031e-02, -6.69868967e-02],
       [ 5.48904874e-02, -7.10567040e-02, -3.46399760e-02,  5.97871993e-02,  5.66841642e-02],
       [ 8.44921733e-02, -1.16943468e-01,  1.06732380e-01, -1.01906300e-02,  7.99734954e-02],
       [ 9.47454025e-02, -8.33690098e-02,  1.75243536e-02, -1.07597371e-01,  4.49075165e-02],
       [-7.46681775e-02,  6.87884479e-02, -3.93895841e-02,  1.63075292e-02,  1.01779714e-01],
       [-2.32442753e-02,  3.41234534e-02, -6.45086813e-02,  2.37668107e-02, -8.86752119e-02],
       [-8.69379390e-02, -3.72957014e-02,  5.08230513e-02, -1.80128370e-02, -1.03836223e-01],
       [-7.55493923e-02,  1.73236822e-02,  1.21255953e-01,  6.16949595e-02, -2.81159042e-02],
       [ 1.42114186e-01,  8.91956343e-02, -6.43031805e-02,  1.53850177e-02,  5.43972088e-02],
       [ 3.07567439e-02, -1.60596844e-02, -5.73790431e-02,  2.03553212e-02,  8.91952810e-02],
       [-3.90730346e-02, -7.42327777e-03,  1.19544461e-01, -1.19633145e-01, -6.47931728e-02],
       [-9.19794188e-02,  1.81771632e-02, -3.97333811e-02, -4.58701980e-02, -1.05519394e-01],
       [ 4.24774409e-03,  5.30525360e-02, -1.07062627e-02,  1.28924278e-01, -4.77998949e-02],
       [ 3.40462698e-02, -6.12828110e-02,  3.01015662e-02, -1.04076416e-01,  2.80576910e-02],
       [ 6.81204123e-02, -5.93500366e-02,  3.27347239e-03, -1.21003701e-01,  4.01023130e-02],
       [ 3.29255707e-02, -1.13143107e-02, -3.54768293e-02, -5.16534886e-02,  9.15767244e-03],
       [-9.22099638e-02,  4.18075122e-03,  1.35779509e-02,  7.25215601e-02, -2.69435319e-02],
       [-4.12502836e-02,  8.44250265e-02,  2.74650694e-03,  1.17945443e-01, -4.04697418e-02],
       [ 5.16464746e-02, -6.13536822e-02, -3.21523776e-02, -4.09917260e-02,  3.71309621e-02],
       [ 8.41619939e-02, -8.82688540e-02,  2.96122329e-02, -1.23389354e-01,  3.82944784e-02],
       [-1.14629158e-01,  6.80241247e-03,  5.68741502e-02, -5.67195931e-02,  7.45767408e-02],
       [-8.79522880e-02,  8.15123291e-02, -3.56145010e-02, -2.56287454e-02,  8.77519025e-02],
       [ 3.36911488e-02, -7.12621167e-05, -1.32209410e-01, -7.31531374e-02,  2.94604362e-02],
       [-4.25044944e-02, -1.34086875e-01,  7.34459454e-02,  1.11912802e-02, -5.93709339e-02],
       [ 1.25190432e-01, -3.63854378e-02,  4.95574617e-02,  2.26833267e-02, -8.47498800e-02],
       [-1.01242568e-01,  5.52235478e-02, -1.08605938e-01,  8.29331398e-02,  6.72179002e-02],
       [-1.47925946e-01,  6.03572977e-02,  6.42371657e-02, -3.05090739e-03,  1.24391916e-01],
       [ 1.14601308e-02,  1.09812375e-03, -5.06205954e-02,  6.09109584e-02, -8.68238908e-02],
       [-5.01211672e-02,  1.65139592e-02,  8.22963752e-02,  7.18119548e-02, -2.78475467e-02],
       [ 9.56631379e-02,  6.78957298e-02, -7.57326629e-03, -3.20749251e-02,  5.46536003e-02],
       [-5.61240220e-02, -5.17072310e-02,  3.69891248e-02, -5.76237656e-02,  8.24128862e-02],
       [ 3.30931980e-02,  2.26992846e-02,  3.17648373e-02, -4.96290352e-02, -6.67556405e-02],
       [ 2.46172732e-02,  4.58793894e-02, -1.24259929e-01,  3.79212867e-02, -8.72723788e-02],
       [-6.85263673e-02,  1.25375767e-02,  1.21457886e-01,  6.83908296e-02, -2.46820503e-02],
       [ 1.21508913e-01,  1.02516711e-01, -6.49301720e-02, -9.84929618e-03,  5.41910178e-02],
       [-2.72804545e-03,  1.92636544e-02, -7.03084431e-02, -2.39743335e-02,  9.64830239e-02],
       [-5.50618102e-03, -2.31056710e-02,  1.05205811e-01, -7.75459681e-02, -6.16445907e-02],
       [-4.17780431e-02, -2.73357857e-02, -3.02654212e-02,  4.93158432e-03, -1.03545754e-01],
       [ 5.38891069e-02,  8.33015237e-03, -7.84972424e-02, -4.09721557e-02,  1.58806464e-02],
       [ 5.56994520e-02, -2.26728431e-02, -1.32906132e-01, -7.01658031e-02,  3.01869488e-02],
       [-4.60612988e-02,  1.49640338e-02,  1.08895963e-01,  1.76844206e-02, -2.31486904e-02],
       [-9.96845141e-02,  2.54986539e-02,  1.16068225e-01,  7.54288588e-02, -4.30510669e-02],
       [-9.92972254e-02, -8.49476345e-02,  7.26015975e-02,  7.12976924e-03, -5.37551148e-02],
       [ 6.85197684e-02,  5.53210116e-02, -8.21065055e-02,  4.86422562e-02,  3.76680216e-02],
       [ 1.66006942e-01,  1.01738013e-01, -2.54359299e-02,  3.59388216e-03,  7.05961112e-02],
       [-1.33269315e-02, -2.15552728e-03, -1.10953966e-01,  8.00928720e-02,  5.87416971e-02],
       [-9.77761086e-03, -2.97299079e-02,  1.69104324e-02,  1.89074220e-03,  1.01485769e-01],
       [-8.08404603e-03,  8.95806584e-03,  6.80416263e-02, -1.08676216e-01, -6.82652644e-02]])})
2026-01-20 11:01:06,693 - final_problem_set.kxor_instance_n21_k2_m196_ell2_eps0.25_kappa0.875_rho0.6 - INFO - Running key extraction (n=21, m=196, ell=2, phase_qubits=13)
2026-01-20 11:01:06,696 - final_problem_set.kxor_instance_n21_k2_m196_ell2_eps0.25_kappa0.875_rho0.6 - INFO - Built voting matrix V (n=21, ell=2, dtype=complex128) in 0.003s
2026-01-20 11:01:06,697 - final_problem_set.kxor_instance_n21_k2_m196_ell2_eps0.25_kappa0.875_rho0.6 - INFO - Eval: adv=0.5510, hamming=1/21 (0.048), corr=0.905
2026-01-20 11:01:06,697 - final_problem_set.kxor_instance_n21_k2_m196_ell2_eps0.25_kappa0.875_rho0.6 - INFO - Key extraction complete: x_hat=20
2026-01-20 11:01:06,697 - final_problem_set.kxor_instance_n21_k2_m196_ell2_eps0.25_kappa0.875_rho0.6 - INFO - Finished step 'KeyExtractionStep' in 0.004s (success: True, problem=kxor_instance_n21_k2_m196_ell2_eps0.25_kappa0.875_rho0.6)
2026-01-20 11:01:06,697 - final_problem_set.kxor_instance_n21_k2_m196_ell2_eps0.25_kappa0.875_rho0.6 - INFO - SUCCESS: len(z_hat)=21
2026-01-20 11:01:06,697 - final_problem_set.kxor_instance_n21_k2_m196_ell2_eps0.25_kappa0.875_rho0.6 - INFO - Metrics: adv=0.5510204081632653, ham_frac=0.047619047619047616, corr=0.9047619047619048
2026-01-20 11:01:06,697 - final_problem_set.kxor_instance_n21_k2_m196_ell2_eps0.25_kappa0.875_rho0.6 - INFO - z_hat (full): [-1, -1,  1,  1, -1,  1,  1, -1, -1, -1,  1, -1,  1,  1, -1, -1, -1,  1,  1, -1, -1]
