2026-01-20 11:00:33,381 - final_problem_set.kxor_instance_n15_k2_m158_ell2_eps0.25_kappa0.75_rho0.2 - INFO - Starting iteration for /Users/julian/CodingProjects/UniT3/QuarticSpeedupK-XOR/z_Daphne/data/final_problem_set/kxor_instance_n15_k2_m158_ell2_eps0.25_kappa0.75_rho0.2.npz
2026-01-20 11:00:33,381 - final_problem_set.kxor_instance_n15_k2_m158_ell2_eps0.25_kappa0.75_rho0.2 - INFO - Loaded instance (n=15, m=158, k=2)
2026-01-20 11:00:33,381 - final_problem_set.kxor_instance_n15_k2_m158_ell2_eps0.25_kappa0.75_rho0.2 - INFO - Starting step 'ComputeKikuchiStep' (version 0.1) on problem kxor_instance_n15_k2_m158_ell2_eps0.25_kappa0.75_rho0.2 (fields={'ell': 2, 'threshold': 0.0})
2026-01-20 11:00:33,395 - final_problem_set.kxor_instance_n15_k2_m158_ell2_eps0.25_kappa0.75_rho0.2 - INFO - Finished step 'ComputeKikuchiStep' in 0.013s (success: True, problem=kxor_instance_n15_k2_m158_ell2_eps0.25_kappa0.75_rho0.2)
2026-01-20 11:00:33,395 - final_problem_set.kxor_instance_n15_k2_m158_ell2_eps0.25_kappa0.75_rho0.2 - INFO - Starting step 'ClassicalEigenvaluesStep' (version 0.1) on problem kxor_instance_n15_k2_m158_ell2_eps0.25_kappa0.75_rho0.2 (fields={'ell': 2, 'threshold': 0.0, 'kikuchi_matrix': <Dictionary Of Keys sparse matrix of dtype 'int64'
	with 2002 stored elements and shape (105, 105)>, 'num_eigenvalues': 5})
2026-01-20 11:00:33,428 - final_problem_set.kxor_instance_n15_k2_m158_ell2_eps0.25_kappa0.75_rho0.2 - INFO - Finished step 'ClassicalEigenvaluesStep' in 0.033s (success: True, problem=kxor_instance_n15_k2_m158_ell2_eps0.25_kappa0.75_rho0.2)
2026-01-20 11:00:33,428 - final_problem_set.kxor_instance_n15_k2_m158_ell2_eps0.25_kappa0.75_rho0.2 - INFO - Starting step 'KeyExtractionStep' (version 0.1) on problem kxor_instance_n15_k2_m158_ell2_eps0.25_kappa0.75_rho0.2 (fields={'ell': 2, 'threshold': 0.0, 'kikuchi_matrix': <Dictionary Of Keys sparse matrix of dtype 'int64'
	with 2002 stored elements and shape (105, 105)>, 'num_eigenvalues': 5, 'eigenvalues': array([-9.67924428, -9.23691807,  8.78204602,  9.25950397,  9.62921903]), 'eigenvectors': array([[ 0.14038664, -0.10243162, -0.00839644, -0.17283959,  0.06432159],
       [-0.00215664,  0.20218557, -0.12770155, -0.15048122,  0.0666175 ],
       [-0.06452008, -0.09889588, -0.08697667, -0.06775968, -0.01191643],
       [ 0.11063951,  0.14825688, -0.09276933,  0.10463766, -0.07401538],
       [-0.15437513,  0.13487103,  0.00839295, -0.01128404, -0.03842327],
       [ 0.05136508,  0.04636221,  0.15351525, -0.02183921,  0.07680043],
       [ 0.17381622, -0.09238418,  0.08958543, -0.09071747,  0.07355184],
       [ 0.17363284, -0.07870531, -0.05227621,  0.05430859, -0.09984742],
       [ 0.18811931,  0.02014937,  0.08119358,  0.10001168, -0.04546843],
       [ 0.07475376, -0.01103437,  0.02524585, -0.12200986,  0.10354441],
       [ 0.04265655,  0.10517891,  0.00462511, -0.05856836,  0.00716648],
       [ 0.18546681, -0.07353165,  0.0821429 ,  0.11807633, -0.02895719],
       [ 0.19376936, -0.09587939, -0.12205929, -0.08544001,  0.00164903],
       [ 0.11005085, -0.12411013, -0.16486496, -0.00613428, -0.04981903],
       [ 0.02731414, -0.16207892, -0.2189246 , -0.06516947,  0.17979123],
       [ 0.02931063,  0.10249437,  0.00434263, -0.21167809,  0.06406338],
       [-0.06081122, -0.14181235, -0.0702543 , -0.05463314, -0.20841435],
       [ 0.14822584, -0.05527852,  0.14939088, -0.09907934, -0.03219636],
       [-0.03535617, -0.05424077,  0.14937763,  0.17436587,  0.15540751],
       [-0.16833655,  0.01788845,  0.09863165,  0.02963465,  0.23346666],
       [-0.14717707,  0.0086437 ,  0.00749079, -0.12291429, -0.1839785 ],
       [-0.1382207 , -0.05789883,  0.12810507,  0.05221704, -0.14230073],
       [-0.0710347 ,  0.00341694, -0.08279671,  0.07576636,  0.22674825],
       [-0.05545377, -0.07864549,  0.10015269, -0.09130486,  0.09924463],
       [-0.1367951 ,  0.00151464,  0.10767483,  0.10084112, -0.13236715],
       [-0.21683825,  0.02543394, -0.08375168, -0.19348954,  0.08762359],
       [-0.09455254,  0.06619802, -0.19263003, -0.1668905 , -0.09001067],
       [-0.02753084,  0.0080343 , -0.07679134, -0.14675882,  0.04649379],
       [ 0.05892165, -0.0019012 ,  0.13406318, -0.02953792, -0.16125846],
       [-0.02533866,  0.21279123, -0.02337333, -0.05649075,  0.02776715],
       [ 0.0370675 , -0.00170359, -0.07451282,  0.13594226,  0.14876228],
       [ 0.05602722, -0.2195944 , -0.12367159,  0.0157987 ,  0.16930438],
       [ 0.07981916, -0.20263985,  0.04370316, -0.06962284, -0.10134732],
       [ 0.07747837, -0.1175569 ,  0.09364877,  0.0503978 , -0.06527202],
       [ 0.05109672, -0.02379342, -0.10620688,  0.01693256,  0.11920783],
       [ 0.01203405, -0.00784308, -0.11715059, -0.08200662,  0.11854054],
       [ 0.07871523, -0.17907977,  0.10301321,  0.07338953, -0.06375204],
       [ 0.07011062, -0.20538094, -0.07732863, -0.13459298,  0.03848035],
       [ 0.01681524, -0.1339494 ,  0.02673553, -0.12158972, -0.10504191],
       [-0.01047669,  0.05125614, -0.09892537,  0.13105323, -0.11216766],
       [-0.05850464, -0.12843797, -0.00362354,  0.0053367 , -0.02967784],
       [-0.0149464 ,  0.03315376,  0.17196659, -0.05864385,  0.10341216],
       [ 0.01664467,  0.1342923 ,  0.10175305, -0.12386703,  0.09833185],
       [ 0.02395217,  0.14121008, -0.11756622,  0.09534782, -0.10397607],
       [ 0.01803484,  0.11548847,  0.0796641 ,  0.11809606, -0.03093488],
       [-0.00166471,  0.03297095,  0.02563031, -0.14993701,  0.12498986],
       [ 0.01346014,  0.02440354, -0.02018009, -0.07157315,  0.01672186],
       [ 0.0139787 ,  0.1258043 ,  0.09415983,  0.12626715, -0.02118363],
       [ 0.02283742,  0.13626425, -0.11364753, -0.08336994, -0.02271796],
       [ 0.0282243 ,  0.07436542, -0.19882447,  0.01955056, -0.07963141],
       [ 0.07934796,  0.18567995, -0.16796688,  0.09248008, -0.00131893],
       [ 0.02723262, -0.02020561, -0.03962051, -0.15325926, -0.05651056],
       [-0.05531171, -0.20044398, -0.05725857, -0.07508435, -0.10506964],
       [-0.03403965, -0.19321505, -0.0808982 ,  0.15744938,  0.11191463],
       [-0.01386163, -0.13132792, -0.05676243,  0.0280472 ,  0.15683326],
       [ 0.00495625, -0.02445401,  0.08367243, -0.13586394, -0.12638532],
       [-0.0128711 , -0.03692446, -0.14820176,  0.04555761, -0.08288598],
       [-0.03052342, -0.17405748, -0.01495532, -0.01892964,  0.12940278],
       [-0.04575578, -0.19338681, -0.02409455,  0.10927262, -0.13922705],
       [-0.06272833, -0.1003051 ,  0.06131291,  0.12241029,  0.01232101],
       [ 0.0260724 ,  0.06986501,  0.18502522, -0.08311178,  0.00778033],
       [ 0.17995743, -0.02177215,  0.15339172, -0.08614514, -0.00138794],
       [ 0.16589151, -0.01028964, -0.11044987,  0.05649341, -0.03546445],
       [ 0.15579482,  0.06932656,  0.00498574,  0.04590399, -0.00845189],
       [ 0.07659612, -0.00795415,  0.08456674, -0.0727195 ,  0.04216273],
       [ 0.03525174,  0.10956189,  0.07282895, -0.03202056, -0.03571863],
       [ 0.18761827, -0.00772293, -0.00211986,  0.04206914,  0.00406797],
       [ 0.18792458, -0.02961523, -0.02739809, -0.00128749, -0.01647431],
       [ 0.14030613, -0.10750553, -0.17489894,  0.0536091 , -0.00413273],
       [-0.02777705, -0.0916018 ,  0.06115292,  0.12470913,  0.05772757],
       [ 0.01654213, -0.06597992,  0.08973942, -0.15948585, -0.05314381],
       [ 0.02804934, -0.03951931, -0.01457529, -0.08786761, -0.11163855],
       [ 0.03418915, -0.00198203, -0.07475622,  0.2270631 ,  0.08532494],
       [ 0.00546405, -0.01817418,  0.19609677,  0.00774824,  0.065559  ],
       [ 0.01181081, -0.07026836, -0.04582571, -0.06742345, -0.11544489],
       [ 0.0258963 , -0.07198935,  0.1054447 , -0.02722763,  0.13160897],
       [-0.02394974, -0.0488179 , -0.0059767 , -0.09284678,  0.02114874],
       [-0.15697157, -0.04438656,  0.05873469, -0.108464  , -0.10148743],
       [-0.17515955, -0.13082927,  0.04441871, -0.00886903, -0.14422076],
       [-0.07073661, -0.02010943, -0.064571  ,  0.1077992 ,  0.12618722],
       [-0.04871005, -0.11645516,  0.16561119, -0.03974368,  0.09233524],
       [-0.14701952, -0.04464462,  0.01311784,  0.02275189, -0.11678449],
       [-0.17891228, -0.02928751,  0.02209164, -0.10832894,  0.14208868],
       [-0.1268923 ,  0.0626087 , -0.07646865, -0.10161041, -0.01690901],
       [-0.1357005 , -0.12022792, -0.02202928,  0.05415243,  0.10299493],
       [-0.01968754, -0.00550278,  0.12355674, -0.16231721, -0.085257  ],
       [-0.05728997, -0.12132777, -0.06822717, -0.0108983 , -0.11793948],
       [-0.11420321, -0.04477838, -0.02328982,  0.03526979,  0.11675015],
       [-0.13887986, -0.03232906, -0.10023465,  0.0711765 , -0.11356592],
       [-0.15698625,  0.0604064 , -0.05301598,  0.1141926 ,  0.02005723],
       [-0.01325868, -0.00309221,  0.05272994, -0.01087494, -0.11329169],
       [-0.02304005, -0.07237983,  0.05780169,  0.04709841, -0.07200108],
       [-0.12503794, -0.11363639, -0.09100723, -0.07258128,  0.06380447],
       [-0.13316506, -0.09747148,  0.0815716 ,  0.10326754, -0.0310855 ],
       [-0.11030058, -0.00821972,  0.03001238,  0.09518662,  0.08588163],
       [-0.00957343, -0.01772177,  0.04147381, -0.02812105,  0.12943753],
       [-0.01826986, -0.00800754,  0.02938039,  0.0267908 , -0.10990551],
       [-0.01435849, -0.00811746, -0.02029694, -0.12802804,  0.13842993],
       [-0.0489798 ,  0.00769883,  0.05015052, -0.18291202, -0.04464379],
       [-0.04738113, -0.09778988,  0.04333079,  0.08005064, -0.06527502],
       [-0.04256521, -0.11092756, -0.08171285, -0.0852306 ,  0.03881875],
       [-0.03233278, -0.05256501, -0.20498861, -0.03070261, -0.03847974],
       [-0.14006979, -0.03537655,  0.10316263,  0.10957704, -0.02811363],
       [-0.11181458,  0.04098832,  0.06287181,  0.07436233,  0.08243036],
       [-0.1551878 ,  0.07123063, -0.1439633 , -0.00553048, -0.10295607]])})
2026-01-20 11:00:33,429 - final_problem_set.kxor_instance_n15_k2_m158_ell2_eps0.25_kappa0.75_rho0.2 - INFO - Running key extraction (n=15, m=158, ell=2, phase_qubits=12)
2026-01-20 11:00:33,430 - final_problem_set.kxor_instance_n15_k2_m158_ell2_eps0.25_kappa0.75_rho0.2 - INFO - Built voting matrix V (n=15, ell=2, dtype=complex128) in 0.001s
2026-01-20 11:00:33,430 - final_problem_set.kxor_instance_n15_k2_m158_ell2_eps0.25_kappa0.75_rho0.2 - INFO - Eval: adv=0.2785, hamming=7/15 (0.467), corr=0.067
2026-01-20 11:00:33,430 - final_problem_set.kxor_instance_n15_k2_m158_ell2_eps0.25_kappa0.75_rho0.2 - INFO - Key extraction complete: x_hat=1
2026-01-20 11:00:33,430 - final_problem_set.kxor_instance_n15_k2_m158_ell2_eps0.25_kappa0.75_rho0.2 - INFO - Finished step 'KeyExtractionStep' in 0.001s (success: True, problem=kxor_instance_n15_k2_m158_ell2_eps0.25_kappa0.75_rho0.2)
2026-01-20 11:00:33,430 - final_problem_set.kxor_instance_n15_k2_m158_ell2_eps0.25_kappa0.75_rho0.2 - INFO - SUCCESS: len(z_hat)=15
2026-01-20 11:00:33,430 - final_problem_set.kxor_instance_n15_k2_m158_ell2_eps0.25_kappa0.75_rho0.2 - INFO - Metrics: adv=0.27848101265822783, ham_frac=0.4666666666666667, corr=0.06666666666666667
2026-01-20 11:00:33,430 - final_problem_set.kxor_instance_n15_k2_m158_ell2_eps0.25_kappa0.75_rho0.2 - INFO - z_hat (full): [-1, -1, -1, -1,  1, -1, -1, -1,  1,  1, -1, -1,  1, -1,  1]
