2026-01-20 11:00:45,217 - final_problem_set.kxor_instance_n18_k2_m203_ell2_eps0.25_kappa0.75_rho0.0 - INFO - Starting iteration for /Users/julian/CodingProjects/UniT3/QuarticSpeedupK-XOR/z_Daphne/data/final_problem_set/kxor_instance_n18_k2_m203_ell2_eps0.25_kappa0.75_rho0.0.npz
2026-01-20 11:00:45,218 - final_problem_set.kxor_instance_n18_k2_m203_ell2_eps0.25_kappa0.75_rho0.0 - INFO - Loaded instance (n=18, m=203, k=2)
2026-01-20 11:00:45,218 - final_problem_set.kxor_instance_n18_k2_m203_ell2_eps0.25_kappa0.75_rho0.0 - INFO - Starting step 'ComputeKikuchiStep' (version 0.1) on problem kxor_instance_n18_k2_m203_ell2_eps0.25_kappa0.75_rho0.0 (fields={'ell': 2, 'threshold': 0.0})
2026-01-20 11:00:45,240 - final_problem_set.kxor_instance_n18_k2_m203_ell2_eps0.25_kappa0.75_rho0.0 - INFO - Finished step 'ComputeKikuchiStep' in 0.022s (success: True, problem=kxor_instance_n18_k2_m203_ell2_eps0.25_kappa0.75_rho0.0)
2026-01-20 11:00:45,240 - final_problem_set.kxor_instance_n18_k2_m203_ell2_eps0.25_kappa0.75_rho0.0 - INFO - Starting step 'ClassicalEigenvaluesStep' (version 0.1) on problem kxor_instance_n18_k2_m203_ell2_eps0.25_kappa0.75_rho0.0 (fields={'ell': 2, 'threshold': 0.0, 'kikuchi_matrix': <Dictionary Of Keys sparse matrix of dtype 'int64'
	with 3520 stored elements and shape (153, 153)>, 'num_eigenvalues': 5})
2026-01-20 11:00:45,313 - final_problem_set.kxor_instance_n18_k2_m203_ell2_eps0.25_kappa0.75_rho0.0 - INFO - Finished step 'ClassicalEigenvaluesStep' in 0.073s (success: True, problem=kxor_instance_n18_k2_m203_ell2_eps0.25_kappa0.75_rho0.0)
2026-01-20 11:00:45,313 - final_problem_set.kxor_instance_n18_k2_m203_ell2_eps0.25_kappa0.75_rho0.0 - INFO - Starting step 'KeyExtractionStep' (version 0.1) on problem kxor_instance_n18_k2_m203_ell2_eps0.25_kappa0.75_rho0.0 (fields={'ell': 2, 'threshold': 0.0, 'kikuchi_matrix': <Dictionary Of Keys sparse matrix of dtype 'int64'
	with 3520 stored elements and shape (153, 153)>, 'num_eigenvalues': 5, 'eigenvalues': array([-12.05594424, -10.63765924,  -9.78397442,  10.32274286,  10.84335112]), 'eigenvectors': array([[-1.10702972e-01,  4.89509045e-02, -3.76816796e-03,  1.01617202e-01,  5.54799330e-03],
       [-8.22506218e-02, -8.82887022e-02, -7.94411071e-02, -2.99977913e-02, -5.29743574e-02],
       [-8.30588168e-02, -1.56261627e-01,  5.18055943e-02, -4.39573367e-02,  1.31207386e-02],
       [ 1.28631976e-01,  7.66411503e-02, -6.89230897e-02, -3.76244966e-02, -2.20462296e-02],
       [ 1.09026778e-01,  1.02273745e-01, -5.82056167e-02,  6.79724553e-02, -6.46332836e-02],
       [-1.00547585e-01,  1.34561656e-01,  1.13227973e-01, -2.84563298e-02, -9.58689141e-02],
       [ 9.92694218e-02, -2.80613849e-02, -2.63082781e-02, -6.55553805e-02,  2.78851425e-02],
       [-1.31564316e-01, -4.46295055e-02,  6.00032690e-02, -1.61062768e-02, -9.97841994e-02],
       [-5.59204288e-02, -1.36288456e-01,  3.41825208e-02,  9.39114036e-02, -2.07840909e-02],
       [-9.28395007e-04, -1.18286060e-02, -1.63322040e-01,  7.89750638e-02, -1.86474923e-02],
       [-5.93185786e-02,  1.30329567e-01, -1.02442265e-01, -8.94702653e-02,  4.34719202e-02],
       [-7.74272471e-02, -1.21196503e-01, -7.40249578e-02, -6.11059726e-02, -5.62543970e-02],
       [ 5.82879951e-02,  6.17367085e-02, -1.30902129e-01, -7.00628181e-02, -2.98730159e-02],
       [-1.11064089e-01,  8.90720985e-02,  5.28480418e-02,  2.52409870e-02,  1.91484086e-02],
       [-1.60550855e-01, -7.71296951e-02,  8.44395456e-02, -6.57985119e-02,  4.77004288e-02],
       [-1.31985039e-01,  5.24378882e-02, -1.21275160e-01,  2.21203438e-02,  5.85802198e-02],
       [ 1.34164048e-01, -8.43041297e-03, -1.45743795e-01,  4.00543488e-02, -5.61427459e-03],
       [ 6.70351945e-02, -1.10586418e-02,  8.29465955e-02,  7.89827168e-03,  1.05324116e-01],
       [ 8.26661805e-02,  2.23024515e-02,  4.37594220e-02,  4.31057301e-02, -1.76903756e-02],
       [-1.09111356e-01,  6.27829262e-02, -3.34885523e-02,  1.82134236e-02,  4.21618361e-02],
       [-1.09994352e-01,  1.05436187e-02, -2.68680062e-02, -9.84240478e-02,  1.49181838e-01],
       [ 5.96227582e-02, -1.18925615e-01, -5.53354460e-02, -4.59104218e-03,  1.58296977e-01],
       [-6.73676956e-02,  6.12806662e-02, -3.09580756e-02,  7.98776654e-02, -6.36697606e-02],
       [ 9.27163481e-02, -7.63148893e-02,  2.12124595e-02, -1.99191662e-02,  1.64330118e-01],
       [ 6.03451613e-02,  3.66260868e-02,  2.97381739e-02, -8.18117323e-02,  3.64133770e-02],
       [-3.61823417e-03,  1.48165730e-02,  9.81529843e-02, -8.58404865e-02,  4.20064128e-02],
       [ 2.42899884e-02, -8.17929660e-02,  5.02697210e-02,  1.21110863e-01, -1.19675393e-01],
       [ 7.71304729e-02,  2.68375401e-02,  1.10638703e-01,  4.26038627e-02,  1.01939627e-01],
       [-7.44920951e-02,  2.76239256e-02,  5.98583468e-02,  4.00532161e-02,  2.31857556e-02],
       [ 5.39471592e-02, -9.36509479e-02,  7.56986383e-03, -2.99179352e-02, -1.44510011e-02],
       [ 1.13606353e-01, -8.23298322e-02,  3.75513727e-02,  9.08234824e-02, -1.13662122e-01],
       [ 5.82204365e-02, -7.69293550e-02,  9.44673158e-02, -2.71308333e-02, -7.23394497e-02],
       [-9.59218304e-02,  9.82515165e-02,  3.61261984e-02, -3.57374018e-02,  2.09005216e-03],
       [ 6.28958011e-02,  1.48947354e-01,  1.04820334e-01, -3.94722896e-03, -9.78776392e-02],
       [-8.73986117e-02, -8.56559673e-02, -1.01073092e-01,  9.25676036e-02, -6.22215579e-02],
       [-7.81347390e-02, -8.72866502e-02, -7.52452083e-02,  1.87590731e-01,  1.24004359e-02],
       [ 8.66273380e-02, -8.94481860e-02, -9.72833077e-03,  1.50206390e-01, -8.33092508e-03],
       [-6.89501543e-02,  1.24645232e-02, -5.95855040e-02, -9.67131450e-02, -7.13924674e-02],
       [ 9.83686836e-02,  7.23537785e-02,  1.13958367e-01,  1.87188871e-01,  2.61676698e-03],
       [ 3.27550611e-02,  9.36553143e-02,  4.26726181e-02,  1.92290511e-02,  1.09403381e-01],
       [-1.36926263e-02, -3.13081053e-03,  7.85779130e-02,  4.40329137e-02,  1.03051968e-01],
       [ 4.09012004e-02, -8.69125391e-02,  6.47832910e-02, -1.77829774e-01, -3.74239486e-02],
       [ 5.05922451e-02,  1.09115627e-01,  1.38765895e-01,  1.32567387e-01, -5.62380174e-02],
       [-5.48895825e-02, -6.35216461e-02,  8.94203173e-03,  2.25130905e-02, -1.69981780e-02],
       [ 8.58466857e-02, -5.06463096e-02,  6.51342989e-02, -1.47657136e-02, -1.15425840e-02],
       [ 1.07797283e-01,  8.83051215e-02,  1.25678904e-01, -1.50407060e-01, -9.69199287e-03],
       [ 6.69229736e-02, -2.06259428e-02,  1.27682706e-01, -4.46466518e-02, -4.73054737e-02],
       [-9.81732759e-02, -6.89012003e-03, -2.52401339e-02, -3.60822842e-02,  7.18261552e-02],
       [-8.93912866e-02, -1.43741127e-01,  1.84572006e-02, -9.93065516e-03, -3.05434311e-02],
       [-7.75163590e-02, -1.33113437e-01,  3.20646671e-02,  4.98551107e-02, -1.66648131e-01],
       [ 1.02734403e-01, -4.93671385e-02, -1.02874889e-01,  9.22337234e-03, -1.47775396e-01],
       [-6.40149505e-02,  1.97116074e-02,  1.38829146e-02, -5.40683907e-02,  5.54822891e-02],
       [ 1.00877855e-01,  1.36539320e-01, -2.49510039e-03,  4.15681517e-02, -1.28176289e-01],
       [ 3.00485299e-02,  1.19103786e-01, -1.06126411e-02,  4.71757285e-02, -4.98175474e-02],
       [-7.09517485e-03, -4.97685016e-03,  1.38897907e-01,  5.91140315e-02, -6.05900751e-02],
       [ 6.37211922e-02, -5.84787450e-02,  9.11708801e-02, -7.56579713e-02,  1.25719272e-01],
       [ 4.20758958e-02,  1.17053656e-01,  7.31097358e-02, -1.86579764e-02, -8.97993964e-02],
       [-5.41844782e-02, -1.12688646e-01,  1.15791310e-01, -1.75210365e-02, -4.86940958e-03],
       [ 8.97850345e-02, -2.17611273e-02, -2.06706511e-02,  4.69348104e-03,  7.11185396e-04],
       [ 1.16316943e-01,  1.68867740e-01, -2.21995671e-02, -4.76863619e-02,  1.36032901e-01],
       [ 9.85207194e-02,  2.24422071e-02,  1.38052981e-01, -5.69438020e-04,  5.05614078e-02],
       [-1.17190805e-01, -7.99496221e-02,  1.06011616e-01,  2.63257540e-02,  5.19391205e-03],
       [ 1.29378874e-01,  1.08805553e-01, -3.56368897e-02,  1.59909032e-01, -5.21655045e-02],
       [-1.06482810e-01,  1.40592254e-01,  1.07764103e-01,  1.28984822e-01, -5.16986303e-02],
       [ 7.09413376e-02, -4.15414912e-02, -1.56573567e-03, -8.30585506e-02,  7.32067084e-03],
       [-1.37513751e-01, -3.40595230e-02,  1.98483335e-02,  1.22311695e-01, -5.73772885e-02],
       [-6.95492207e-02, -1.44017106e-01,  1.44458615e-02,  3.20992814e-02,  3.83936002e-02],
       [ 1.55666991e-03, -1.56098984e-02, -1.58052131e-01,  5.10898353e-02,  3.11727890e-02],
       [-7.24158512e-02,  1.24494207e-01, -9.76833332e-02, -1.43985426e-01,  4.75435879e-02],
       [-7.48131300e-02, -1.13489956e-01, -8.62672322e-02,  7.44089712e-02, -5.01558553e-02],
       [ 7.98852375e-02,  6.80799407e-02, -1.28513865e-01,  9.15001625e-03, -9.16251690e-03],
       [-1.04563876e-01,  9.92464842e-02,  2.13667058e-02, -1.08660530e-03, -8.74053530e-03],
       [-1.55462443e-01, -5.73101527e-02,  3.43374412e-02, -1.39193948e-01,  4.31523828e-02],
       [-9.66803579e-02,  6.25062370e-02, -1.33180134e-01, -4.24170848e-02, -6.92652873e-04],
       [ 1.20403943e-01, -1.67756737e-02, -9.73840391e-02, -1.17441951e-02,  2.49121096e-02],
       [-8.84376515e-02,  7.58076358e-02,  6.49341016e-02,  1.75196008e-01,  8.68500069e-02],
       [ 5.88452595e-02, -1.98498949e-02,  2.30802656e-03, -3.43689016e-02, -1.51749064e-01],
       [-1.24361817e-01, -7.43140744e-02,  1.21029422e-02,  1.88429367e-01,  1.22063611e-01],
       [-3.91114454e-02, -9.97500142e-02,  1.56673767e-02, -9.23961823e-02,  1.54167345e-01],
       [ 1.89279658e-02,  1.28933919e-02, -1.39921609e-01, -6.07390774e-02,  1.48690050e-01],
       [-5.80264638e-02,  8.36845085e-02, -9.25638077e-02, -1.03361409e-01, -1.34581714e-01],
       [-6.54447761e-02, -9.91802294e-02, -5.50203446e-02,  1.89785819e-01, -6.74411636e-04],
       [ 5.27288802e-02,  6.69717915e-02, -8.49080444e-02,  8.48583709e-02,  1.06606696e-02],
       [-9.76654311e-02,  4.42630446e-02,  1.30044824e-02, -1.76692875e-02, -3.80632747e-02],
       [-1.81986925e-01, -1.25607340e-01,  4.01266951e-02, -8.77451555e-02, -7.27282297e-02],
       [-1.05227873e-01,  1.70465080e-02, -1.16920476e-01, -7.62135467e-02, -1.26174238e-01],
       [ 1.01873562e-01,  2.61601286e-02, -6.39908454e-02, -7.81162272e-02,  1.07844207e-01],
       [-3.58789409e-02,  3.95379973e-02,  1.04699302e-02, -1.04561840e-01, -1.60604812e-01],
       [ 1.12626014e-01, -1.80031853e-01, -1.23024086e-01,  1.43817566e-01,  6.66541430e-02],
       [ 5.84264394e-02, -1.32887299e-02, -4.48219925e-02, -1.46695891e-02,  1.44550715e-01],
       [-1.15100123e-03,  1.49526625e-02,  8.53031148e-02,  1.35463015e-02,  1.41438867e-01],
       [ 1.85964097e-02, -7.45370545e-02,  3.74000549e-02, -1.72187258e-01, -1.27639351e-01],
       [ 8.10181631e-02, -3.40443754e-02, -5.99249333e-03,  1.18382923e-01, -3.26126415e-02],
       [-5.12457491e-02,  6.94913168e-02,  7.99987037e-02,  7.94483702e-03, -2.10378703e-02],
       [ 4.05243769e-02, -1.02284206e-01, -5.09543381e-02,  1.82924098e-02, -2.04959658e-02],
       [ 1.12884003e-01, -1.75137661e-01, -1.22768688e-01, -1.40651790e-01, -6.70667823e-02],
       [ 5.69484719e-02, -1.07086601e-01,  1.15425368e-02, -2.72772905e-02, -7.53960415e-02],
       [-5.99918216e-02,  1.26146339e-01,  8.39193934e-02, -6.37990891e-02,  8.88844184e-02],
       [-1.01188551e-01,  5.20039749e-02, -7.06613529e-03, -7.72140739e-02, -1.34495030e-01],
       [-3.58288218e-02, -9.57160191e-03,  1.89727187e-03,  8.33358477e-02, -1.11569926e-01],
       [ 9.62857396e-03, -8.31247825e-03, -5.77979927e-02,  6.93824749e-02, -1.13326444e-01],
       [-2.69590706e-02,  3.16963901e-02, -4.68047490e-02,  2.74373153e-03,  1.37874226e-01],
       [-4.27546417e-02,  1.14384514e-02, -1.28527099e-02, -1.30337984e-01, -6.48819432e-02],
       [ 4.70184844e-02, -8.80086781e-03, -3.53166340e-02, -5.54545588e-02, -6.70442903e-03],
       [-4.01207367e-02,  4.08540593e-02, -9.47792297e-03,  2.01564033e-02,  8.91963575e-03],
       [-1.03868945e-01,  4.99212179e-02, -3.22861001e-03,  2.47626038e-02,  1.34591371e-01],
       [-4.39685446e-02,  3.91973442e-02, -5.39943137e-02,  4.32777594e-02,  8.03668357e-02],
       [ 5.29344865e-02, -3.17660994e-02,  1.18731885e-04,  6.42841224e-02, -3.22158899e-02],
       [ 6.74586927e-02,  1.24671104e-01,  5.09357416e-03, -2.35544851e-02,  1.70790971e-01],
       [-8.56283226e-03,  2.15752488e-02,  1.77815259e-01,  6.15917832e-03,  1.70946775e-01],
       [ 4.82748612e-02, -1.35385857e-01,  9.36039523e-02, -1.70333259e-01, -1.45886026e-01],
       [ 1.11980356e-01,  1.24615058e-01,  1.23172243e-01,  1.35017158e-01, -1.86617311e-02],
       [-7.13832897e-02, -3.39197193e-02,  1.11971846e-01,  1.01393051e-02, -2.73804991e-02],
       [ 8.99664341e-02, -1.13790686e-01, -2.53754617e-02,  2.40683996e-02, -1.22303949e-02],
       [ 1.67064713e-01,  2.07713982e-02, -2.51146590e-02, -1.55494785e-01, -1.01705647e-01],
       [ 1.03240465e-01, -7.69209910e-02,  1.38495727e-01, -2.96488120e-02, -7.56562671e-02],
       [-1.17055973e-01,  5.42261833e-02,  9.55576413e-02, -7.83696737e-02,  7.84879435e-02],
       [-9.56091227e-03, -7.59247132e-03,  6.95346124e-02, -9.22318098e-02,  6.38247376e-02],
       [ 3.60514707e-02, -3.59335143e-02,  5.28253997e-02,  1.10843359e-01, -1.59215138e-01],
       [ 2.48353545e-02,  8.57268976e-02,  2.79838335e-02,  4.54306625e-02,  8.75899217e-02],
       [-2.69746158e-02, -8.63236017e-02,  5.69847210e-02,  4.17207127e-02,  1.88257803e-02],
       [ 5.36374596e-02,  7.49414109e-03,  5.08238652e-04, -1.11033643e-02, -1.56802681e-02],
       [ 6.53537406e-02,  1.42174575e-01, -7.28281243e-03,  8.21262528e-02, -1.18966011e-01],
       [ 5.57905289e-02,  2.61935356e-02,  7.38959574e-02, -1.00515970e-02, -8.58380542e-02],
       [-5.41701348e-02, -7.11012811e-02,  3.23968369e-02, -3.82548679e-02,  1.87428513e-02],
       [-4.97368709e-03,  2.46343607e-02,  1.24104744e-02,  8.08047753e-02, -1.43776830e-01],
       [-1.30208383e-02, -1.23532022e-02,  7.04880669e-02,  6.80280648e-02,  8.43071271e-02],
       [ 2.80001416e-03,  1.36119576e-04, -1.11547034e-01,  5.20878403e-02,  1.76963421e-02],
       [-4.19561622e-03,  2.14050910e-02,  9.61154189e-02, -1.44350310e-02, -1.88153567e-02],
       [-6.84418756e-03,  1.72382170e-02,  2.03867403e-01,  5.97662921e-02, -1.23767696e-01],
       [-1.59838001e-02,  2.59533052e-02,  5.26875441e-02, -2.57209289e-02, -8.35896338e-02],
       [ 6.31354801e-03, -1.49797209e-02, -1.44657568e-01, -5.66811922e-02,  2.85310063e-02],
       [ 4.96283715e-02, -4.48463943e-02,  8.57976075e-02, -2.08416876e-01, -3.31957803e-02],
       [-3.84535221e-02,  7.63973872e-02, -4.83252812e-02, -8.52774542e-02, -1.23579734e-02],
       [ 1.98862769e-02, -6.64859621e-02,  5.20527424e-02,  2.75417117e-02,  4.84798182e-02],
       [ 8.36990332e-02, -1.58410737e-01,  1.21253370e-01,  6.64618731e-02,  9.56575083e-02],
       [ 2.36340597e-02, -7.03272142e-02,  4.98666148e-02,  8.11261363e-02,  1.46281700e-01],
       [-4.24480768e-02,  1.14678979e-01, -7.04869057e-02,  9.73726870e-02, -8.52883338e-02],
       [-5.12491860e-02, -8.65681340e-02,  1.62409556e-02, -7.26626416e-03, -2.14986624e-02],
       [ 7.65302008e-02, -1.11098971e-02,  5.23507158e-02,  1.36890150e-02, -1.12973258e-02],
       [ 9.85164736e-02,  1.32412734e-01,  1.14678401e-01, -1.58623020e-01, -3.44882570e-05],
       [ 6.52219819e-02,  1.63757459e-02,  1.26686532e-01, -2.93190775e-02, -2.62190301e-02],
       [-1.00738649e-01, -6.10782476e-02, -2.21529033e-02, -1.00988305e-02,  5.29781785e-02],
       [-6.41357155e-02,  4.92201380e-02,  7.91742402e-02,  1.52780823e-02,  6.13508597e-03],
       [-8.76950786e-02, -6.18408751e-02,  1.43705451e-01, -7.31110820e-02, -1.28203445e-02],
       [-7.68811969e-02,  2.85932634e-02, -2.89502644e-02,  1.17446095e-02,  2.00799909e-02],
       [ 5.66125949e-02,  7.13560869e-03, -1.11372806e-01, -4.11586992e-03, -1.07397817e-03],
       [ 1.08250071e-01, -1.25890118e-01, -2.15243247e-02,  2.43913290e-02,  4.04980580e-02],
       [ 5.78256753e-02, -9.63305088e-02,  7.68866931e-02, -1.17981640e-02, -7.00411300e-03],
       [-6.55078105e-02,  9.53294191e-02,  4.15190604e-02,  6.37866296e-03,  7.25113263e-03],
       [ 1.16065756e-01, -8.65839343e-02,  1.69052848e-01,  6.95245577e-02,  1.16554542e-01],
       [-1.43643327e-01,  3.98034579e-02,  1.14263046e-01,  6.75935734e-02, -8.76897560e-02],
       [-8.84141911e-02,  9.44046770e-02, -7.52979871e-02,  2.35378222e-02, -2.49464879e-02]])})
2026-01-20 11:00:45,314 - final_problem_set.kxor_instance_n18_k2_m203_ell2_eps0.25_kappa0.75_rho0.0 - INFO - Running key extraction (n=18, m=203, ell=2, phase_qubits=12)
2026-01-20 11:00:45,316 - final_problem_set.kxor_instance_n18_k2_m203_ell2_eps0.25_kappa0.75_rho0.0 - INFO - Built voting matrix V (n=18, ell=2, dtype=complex128) in 0.002s
2026-01-20 11:00:45,316 - final_problem_set.kxor_instance_n18_k2_m203_ell2_eps0.25_kappa0.75_rho0.0 - INFO - Eval: adv=0.1626 (no ground-truth z available)
2026-01-20 11:00:45,316 - final_problem_set.kxor_instance_n18_k2_m203_ell2_eps0.25_kappa0.75_rho0.0 - INFO - Key extraction complete: x_hat=11
2026-01-20 11:00:45,316 - final_problem_set.kxor_instance_n18_k2_m203_ell2_eps0.25_kappa0.75_rho0.0 - INFO - Finished step 'KeyExtractionStep' in 0.002s (success: True, problem=kxor_instance_n18_k2_m203_ell2_eps0.25_kappa0.75_rho0.0)
2026-01-20 11:00:45,316 - final_problem_set.kxor_instance_n18_k2_m203_ell2_eps0.25_kappa0.75_rho0.0 - INFO - SUCCESS: len(z_hat)=18
2026-01-20 11:00:45,316 - final_problem_set.kxor_instance_n18_k2_m203_ell2_eps0.25_kappa0.75_rho0.0 - INFO - Metrics: adv=0.1625615763546798, ham_frac=None, corr=None
2026-01-20 11:00:45,316 - final_problem_set.kxor_instance_n18_k2_m203_ell2_eps0.25_kappa0.75_rho0.0 - INFO - z_hat (full): [-1,  1,  1, -1, -1,  1,  1, -1,  1,  1,  1, -1,  1,  1, -1, -1, -1,  1]
