2026-01-20 11:01:08,009 - final_problem_set.kxor_instance_n21_k2_m229_ell2_eps0.15_kappa0.75_rho0.4 - INFO - Starting iteration for /Users/julian/CodingProjects/UniT3/QuarticSpeedupK-XOR/z_Daphne/data/final_problem_set/kxor_instance_n21_k2_m229_ell2_eps0.15_kappa0.75_rho0.4.npz
2026-01-20 11:01:08,009 - final_problem_set.kxor_instance_n21_k2_m229_ell2_eps0.15_kappa0.75_rho0.4 - INFO - Loaded instance (n=21, m=229, k=2)
2026-01-20 11:01:08,009 - final_problem_set.kxor_instance_n21_k2_m229_ell2_eps0.15_kappa0.75_rho0.4 - INFO - Starting step 'ComputeKikuchiStep' (version 0.1) on problem kxor_instance_n21_k2_m229_ell2_eps0.15_kappa0.75_rho0.4 (fields={'ell': 2, 'threshold': 0.0})
2026-01-20 11:01:08,039 - final_problem_set.kxor_instance_n21_k2_m229_ell2_eps0.15_kappa0.75_rho0.4 - INFO - Finished step 'ComputeKikuchiStep' in 0.029s (success: True, problem=kxor_instance_n21_k2_m229_ell2_eps0.15_kappa0.75_rho0.4)
2026-01-20 11:01:08,039 - final_problem_set.kxor_instance_n21_k2_m229_ell2_eps0.15_kappa0.75_rho0.4 - INFO - Starting step 'ClassicalEigenvaluesStep' (version 0.1) on problem kxor_instance_n21_k2_m229_ell2_eps0.15_kappa0.75_rho0.4 (fields={'ell': 2, 'threshold': 0.0, 'kikuchi_matrix': <Dictionary Of Keys sparse matrix of dtype 'int64'
	with 5510 stored elements and shape (210, 210)>, 'num_eigenvalues': 5})
2026-01-20 11:01:08,130 - final_problem_set.kxor_instance_n21_k2_m229_ell2_eps0.15_kappa0.75_rho0.4 - INFO - Finished step 'ClassicalEigenvaluesStep' in 0.091s (success: True, problem=kxor_instance_n21_k2_m229_ell2_eps0.15_kappa0.75_rho0.4)
2026-01-20 11:01:08,130 - final_problem_set.kxor_instance_n21_k2_m229_ell2_eps0.15_kappa0.75_rho0.4 - INFO - Starting step 'KeyExtractionStep' (version 0.1) on problem kxor_instance_n21_k2_m229_ell2_eps0.15_kappa0.75_rho0.4 (fields={'ell': 2, 'threshold': 0.0, 'kikuchi_matrix': <Dictionary Of Keys sparse matrix of dtype 'int64'
	with 5510 stored elements and shape (210, 210)>, 'num_eigenvalues': 5, 'eigenvalues': array([-11.11487362, -10.95889476,  11.57252596,  12.4693464 ,  14.712516  ]), 'eigenvectors': array([[-5.00869045e-03, -5.01596595e-02, -1.07544989e-01, -7.79770646e-03, -9.16267726e-02],
       [-4.10790851e-02, -1.28332079e-01, -8.40034556e-02, -7.43780394e-02,  1.72862770e-04],
       [ 5.10768426e-02, -1.20097467e-01, -7.04570053e-02,  1.40772195e-02, -7.98904872e-02],
       [-1.12626058e-01, -3.77901426e-02, -1.06714717e-01, -3.44205952e-02, -5.40272213e-02],
       [ 7.86959378e-02, -8.01104692e-02, -1.23277049e-01,  9.26557673e-03, -6.55335654e-02],
       [ 1.02196808e-01,  9.86367147e-02, -1.01321304e-01,  4.60011149e-02, -5.19246125e-02],
       [ 6.14351425e-02,  7.87888699e-02, -9.90228111e-02,  1.21092111e-02, -6.85909590e-02],
       [ 9.90133959e-02,  1.18561532e-01,  4.50379960e-02, -6.51491297e-02,  4.66517952e-03],
       [ 4.78179928e-02, -4.65264083e-02,  6.78704013e-02, -3.40609150e-02,  4.43222282e-02],
       [ 1.22643072e-01,  8.70064474e-02, -8.38639146e-02,  1.93320364e-04, -7.79263867e-02],
       [ 1.05839288e-01,  9.07518450e-02,  3.41550228e-02, -2.20456958e-02,  6.44843537e-02],
       [-1.02560496e-01,  2.51026291e-02, -8.44974383e-02, -2.47146726e-02, -2.75276968e-02],
       [-2.33673048e-02, -4.11556482e-02,  9.29445967e-02, -5.36653045e-02,  1.01992724e-01],
       [-1.16066479e-01, -1.98783640e-02, -1.45993679e-02,  1.17716170e-02, -7.75470961e-02],
       [-8.29841993e-02, -9.36795553e-02,  4.49429150e-02,  3.97858349e-02,  3.68104227e-02],
       [-6.66826923e-02,  7.30149751e-02, -1.66619022e-02, -7.55811078e-02, -2.59259006e-02],
       [ 9.93185112e-02, -6.70482840e-02,  8.00981359e-02, -5.06586391e-02,  3.83400498e-02],
       [-3.57833888e-02, -4.88633810e-02,  9.27951173e-02,  2.72735629e-02,  7.70407508e-02],
       [ 7.10208919e-02,  3.76877264e-02,  7.32105314e-03, -2.01187703e-02,  6.26007728e-02],
       [-1.00453003e-02,  7.85267922e-02, -1.48115910e-03,  4.79711053e-03,  5.97207058e-02],
       [ 1.78887351e-02, -8.61792667e-02, -1.35158418e-01, -1.37884302e-01, -3.18133453e-03],
       [ 3.28838945e-02, -4.38989209e-02,  5.14545186e-02, -1.10920985e-02, -1.31037721e-01],
       [-1.10443317e-02, -1.81070818e-02, -7.04830299e-02, -1.14142863e-01, -1.14016169e-01],
       [ 3.02066197e-02, -2.11798490e-02, -8.41425620e-02, -6.92419556e-03, -1.16452538e-01],
       [-7.92414315e-03,  5.25340198e-02, -7.62590331e-02,  7.55324816e-02, -9.07914928e-02],
       [-2.85606733e-03,  3.31217663e-02, -1.63194299e-02, -7.17801098e-03, -1.24488200e-01],
       [-1.73521054e-02,  5.02895484e-02,  8.18433065e-02, -1.24390903e-01,  2.16928170e-02],
       [ 2.06478317e-02, -1.81046020e-02,  2.47565846e-02, -4.27539631e-02,  7.67472098e-02],
       [-3.29692688e-03,  6.19095201e-02,  2.35864824e-02, -3.83419972e-02, -1.29364335e-01],
       [ 5.44905640e-03,  5.07474355e-02, -9.38706177e-02, -1.21409668e-02,  1.06054045e-01],
       [-3.33819208e-02, -5.94107486e-03, -7.22692492e-02, -5.95819980e-02, -4.75598538e-02],
       [-7.91806076e-03, -1.09838605e-02, -5.46506347e-02, -4.55131686e-02,  1.48879787e-01],
       [-3.91095348e-02, -3.59308678e-02,  1.15391420e-01, -8.88406184e-03, -9.87859735e-02],
       [-2.05553666e-03, -5.61971487e-02,  4.43986245e-03,  1.07123982e-01,  7.45467098e-02],
       [-2.00272314e-02,  2.13988339e-02,  2.76010067e-02, -1.48265962e-01, -3.47390414e-02],
       [ 3.19365019e-02, -1.74833223e-02,  6.61758782e-02, -9.86623695e-02,  6.59322930e-02],
       [-3.61860138e-03, -4.10574640e-02, -1.96136002e-02,  8.96732198e-02,  1.27830243e-01],
       [ 7.11882252e-03,  3.89849198e-02, -1.09339302e-01, -6.73914749e-03,  7.77942311e-02],
       [-2.04411502e-02,  4.02533245e-02, -1.26330875e-01,  3.46418251e-02,  8.43447389e-02],
       [ 7.08697188e-02, -9.38842129e-02, -1.02446755e-01, -1.11482976e-01, -1.84489190e-02],
       [-5.35776854e-02, -9.93170788e-02, -7.95297492e-02, -7.87332806e-02,  2.01579705e-03],
       [ 8.53572648e-02, -4.33306084e-02, -1.17405838e-01, -1.12307000e-01, -2.84276595e-03],
       [ 3.40681655e-02,  1.74195779e-01, -9.73343390e-02, -8.33023576e-02, -1.23687339e-02],
       [ 1.64924994e-02,  1.30497691e-01, -1.17836008e-01, -1.23402691e-01, -7.56059527e-03],
       [ 1.04199516e-02,  1.48772976e-01,  2.70427164e-02,  1.36846028e-02,  2.14769514e-03],
       [ 5.20259242e-02, -1.07376799e-02,  6.61136033e-02,  7.34809207e-02,  7.18122779e-03],
       [ 4.03503867e-02,  1.47444579e-01, -1.11085664e-01, -1.23385051e-01, -6.46216841e-03],
       [ 3.22781350e-02,  1.00890324e-01,  8.22088225e-02,  1.04260768e-01,  1.77359603e-02],
       [-1.01686993e-01, -3.19157150e-02, -3.40106969e-02, -2.98406664e-02,  7.27619985e-04],
       [-4.86011133e-03, -6.92602664e-02,  1.33219081e-01,  1.38780684e-01,  3.06404085e-02],
       [-8.80482298e-02, -7.76421831e-02, -7.73383146e-02, -1.04531724e-01, -1.46763578e-02],
       [-3.16330885e-02, -1.36139675e-01,  4.33561745e-02,  5.22106966e-02, -3.18967110e-03],
       [-6.22516412e-02,  5.47427132e-02, -2.96311762e-02, -3.07737609e-02,  5.98524098e-03],
       [ 8.27681779e-02, -3.35251693e-02,  8.28068749e-02,  6.68701449e-02,  9.48799583e-03],
       [-1.58707430e-02, -5.85369492e-02,  1.15385811e-01,  1.16662723e-01,  2.08393247e-03],
       [ 3.12620669e-02,  7.44240613e-02,  5.65733932e-02,  8.01925618e-02,  1.48652053e-02],
       [-3.37219380e-02,  7.50022869e-02,  4.87522195e-02,  7.64740922e-02,  1.13720478e-02],
       [ 2.72609592e-02, -9.09210355e-02, -3.64366808e-02, -6.36450366e-02, -8.57122503e-02],
       [ 2.40685125e-02,  8.35850268e-03, -5.98708833e-02,  2.13400499e-02, -1.22223097e-01],
       [-8.19156403e-02,  1.40803618e-01, -4.47027658e-02,  7.71268494e-02, -7.62190115e-02],
       [-4.66085297e-02,  9.13200489e-02,  8.95502286e-03,  2.08889407e-02, -1.05734114e-01],
       [-9.25482648e-02,  1.41691230e-01,  7.23130038e-02, -1.06441247e-01,  1.06230062e-02],
       [ 2.22708959e-02, -5.10158433e-04,  8.67455036e-03, -5.25641540e-02,  6.59591733e-02],
       [-8.75969203e-02,  1.48815320e-01,  4.21144059e-02, -3.45394314e-03, -1.06829257e-01],
       [-5.45487696e-02,  9.84692200e-02, -1.12323705e-01, -3.43005055e-02,  9.69701981e-02],
       [-5.11149499e-03, -5.86762413e-02, -5.46929073e-02, -3.88235603e-02, -3.23447966e-02],
       [-1.83358091e-03, -3.54412827e-02, -7.06069711e-02, -6.62032847e-02,  1.21657446e-01],
       [ 5.23430743e-03, -9.96269024e-02,  1.05336560e-01,  1.13039602e-02, -8.37102565e-02],
       [ 5.50913289e-02, -1.26159445e-01, -1.03868376e-02,  6.99906818e-02,  6.24409470e-02],
       [-1.03119409e-02,  5.91545550e-03,  2.43667166e-02, -1.16186328e-01, -3.35601146e-02],
       [ 2.17942314e-02,  9.31983041e-03,  4.41450902e-02, -9.08816440e-02,  5.73000930e-02],
       [ 2.97424506e-02, -5.75625090e-02, -4.00112187e-02,  4.76215472e-02,  1.11836198e-01],
       [-4.17169301e-02,  9.44081043e-02, -1.02619837e-01, -1.96420372e-02,  6.34811201e-02],
       [-4.85357842e-02,  5.64116278e-02, -1.18177949e-01,  1.01888808e-02,  6.84223886e-02],
       [ 6.29807533e-02, -6.20396601e-02, -1.18400785e-01, -6.05299446e-02, -8.38759271e-02],
       [ 9.30455670e-02,  2.98928705e-02, -1.04832128e-01,  4.32014474e-03, -6.63937596e-02],
       [ 4.95367425e-02,  2.73662245e-02, -7.75211745e-02, -6.77702860e-02, -8.92321003e-02],
       [ 8.25970523e-02,  3.69018042e-02,  7.85161874e-02, -7.07377122e-02,  1.23584727e-02],
       [ 3.89176742e-02, -4.60946598e-02,  6.41607002e-02,  1.07512312e-02,  5.62581818e-02],
       [ 1.20822940e-01,  3.90660039e-02, -5.27930620e-02, -8.35396327e-02, -9.33252480e-02],
       [ 8.04326973e-02,  2.20463174e-02, -4.39953841e-03,  5.47363344e-02,  8.99147956e-02],
       [-1.17860638e-01,  5.28322236e-02, -6.05373912e-02, -4.27114217e-02, -2.33965962e-02],
       [ 1.98156259e-03, -1.56113547e-02,  5.79918058e-02,  5.36912586e-02,  1.15331382e-01],
       [-9.19523967e-02, -6.55370058e-04,  2.56126378e-02, -7.80899320e-02, -9.29973729e-02],
       [-7.27097443e-02, -3.28933902e-02,  1.87511543e-02,  8.41969394e-02,  4.42737730e-02],
       [-6.82189959e-02,  6.35341026e-02,  1.39619761e-02, -1.08843576e-01, -2.48207640e-02],
       [ 5.15926319e-02, -5.14752360e-02,  1.13339993e-01, -2.53908903e-02,  6.02272092e-02],
       [-6.30770799e-02, -4.18654984e-02,  5.69531157e-02,  1.33534849e-01,  1.02279787e-01],
       [ 7.36996121e-02,  2.07445374e-02, -2.94179167e-02,  4.54773157e-02,  6.71839323e-02],
       [ 1.16888413e-02,  6.68608296e-02, -4.10169083e-02,  6.58432501e-02,  6.64659071e-02],
       [-1.26088371e-01,  8.65560114e-02, -1.04171772e-01,  7.26450914e-02, -7.29897745e-02],
       [-7.39108961e-02,  5.31280468e-02, -9.43768067e-02,  1.86007113e-02, -1.00482865e-01],
       [-1.18098388e-01,  8.89440512e-02,  5.85963198e-02, -9.24115628e-02,  4.63172150e-04],
       [-4.49266911e-04,  1.24879584e-02,  5.88038347e-02, -4.26883917e-02,  5.59649719e-02],
       [-1.25407420e-01,  1.05872551e-01, -8.00991244e-02, -4.12946052e-03, -1.23233748e-01],
       [-9.57276732e-02,  5.67963710e-02,  9.77432765e-05, -4.36214045e-02,  1.16940220e-01],
       [ 4.45711271e-02, -5.30702368e-02, -7.77329574e-02, -3.79755752e-02, -3.05697180e-02],
       [ 1.43410644e-02, -1.65119874e-02,  6.21758855e-02, -6.72411781e-02,  1.28102420e-01],
       [ 5.98026184e-02, -7.11737547e-02,  1.32625637e-02,  1.28171146e-02, -8.71728357e-02],
       [ 9.22707451e-02, -6.94229407e-02,  5.42089212e-02,  6.69201613e-02,  6.28121032e-02],
       [ 1.16823067e-02, -1.97346282e-02, -1.00221953e-02, -1.10138435e-01, -3.12424715e-02],
       [-1.65185465e-02,  2.79790786e-02,  8.72500094e-02, -8.20362504e-02,  5.40825710e-02],
       [ 4.75847278e-02, -3.57954083e-02,  7.85251969e-02,  4.16830551e-02,  1.08278595e-01],
       [-7.10820207e-02,  6.45878718e-02, -3.22436807e-02, -2.70873754e-02,  8.24066441e-02],
       [-3.76552256e-02,  2.15339656e-02, -3.72264504e-02,  6.31839359e-03,  7.75393258e-02],
       [-6.24207758e-02, -1.00858029e-01, -8.80674793e-02,  9.35688261e-02, -8.73496792e-02],
       [-7.74823975e-02, -1.31045969e-01,  3.52530392e-02, -7.57446371e-02,  4.25407473e-03],
       [-6.92793992e-02,  5.95897331e-02,  5.98112456e-02, -8.24957330e-02,  4.84568886e-02],
       [-1.28685017e-01, -1.13345521e-01, -7.45515527e-02,  8.18580286e-02, -1.05093952e-01],
       [-8.06386618e-02, -7.79138753e-02,  1.30564508e-02, -8.82291258e-02,  7.16227515e-02],
       [ 1.40228821e-01, -4.07912483e-02, -6.10637782e-02, -1.61331296e-02, -2.53579630e-02],
       [ 2.16094057e-02,  5.68274851e-02,  5.91486911e-02, -1.34194386e-01,  8.84709328e-02],
       [ 1.61973565e-01,  3.79173859e-02,  1.33297688e-02,  7.92717468e-02, -8.03078735e-02],
       [ 8.37574203e-02,  1.17436191e-01,  5.30968842e-02,  1.15060904e-02,  6.13193979e-02],
       [ 9.64598913e-02, -8.64178945e-02, -2.13506388e-02, -6.11262897e-02, -4.00852551e-02],
       [-1.07993094e-01,  9.41192111e-02,  6.17512166e-02, -9.36378949e-02,  3.69563761e-02],
       [ 5.24750390e-02,  7.74000912e-02,  7.55642453e-02, -3.86051052e-02,  9.55338570e-02],
       [-8.04546492e-02, -5.78098410e-02, -1.01263806e-02, -6.37222971e-02,  5.11947779e-02],
       [ 9.73885085e-03, -1.40190647e-01, -2.69988895e-02, -4.89114702e-02,  6.67626484e-02],
       [-4.16163647e-02, -9.28003726e-02,  7.11763148e-02, -1.08032043e-01,  3.77855744e-03],
       [-4.15934460e-02,  4.31886001e-02,  3.15031986e-02, -4.97358867e-02,  5.96618944e-02],
       [-8.72249196e-02, -1.07868380e-01, -1.05640767e-02, -5.00611547e-03, -1.25521265e-01],
       [-4.58693396e-02, -6.26650259e-02, -5.74434815e-02, -3.83146058e-02,  9.74658629e-02],
       [ 9.33761012e-02, -1.09166424e-02, -7.56095929e-02, -3.84713358e-02, -4.09034320e-02],
       [ 3.13245428e-03,  2.40365124e-02, -1.18466522e-02, -8.85397395e-02,  1.47554597e-01],
       [ 8.54879569e-02,  3.83696093e-02,  6.89714155e-02,  1.17516281e-02, -8.80662517e-02],
       [ 4.51964796e-02,  8.83144119e-02,  2.05680256e-02,  7.81657528e-02,  6.05433318e-02],
       [ 5.98785780e-02, -5.47442702e-02,  1.24228522e-02, -1.29461470e-01, -3.60216034e-02],
       [-7.19271588e-02,  4.47712499e-02,  7.51526094e-02, -1.05354490e-01,  6.70291054e-02],
       [ 3.81161560e-02,  7.15929346e-02,  1.61960411e-02,  4.80753682e-02,  1.11974432e-01],
       [-5.57090854e-02, -6.01847212e-02, -7.99155948e-02, -2.75708942e-02,  8.20434480e-02],
       [ 1.20810203e-02, -8.35958483e-02, -8.52122367e-02,  8.14573405e-03,  7.85775828e-02],
       [-7.72373292e-02,  3.69807508e-02, -3.33593680e-02,  6.28504428e-02,  9.33779963e-04],
       [-1.12135086e-01, -1.33008307e-01,  8.20322833e-02, -1.17874492e-01,  4.67408360e-03],
       [-6.83925881e-02, -8.67402919e-02, -4.41015171e-02,  1.13562995e-01, -1.73771162e-02],
       [ 1.56315973e-01, -8.90873924e-03,  3.01321557e-02, -2.37480618e-02,  5.57751824e-03],
       [ 1.23711412e-02,  4.50130612e-02, -7.87509113e-02,  1.46661148e-01, -1.15911387e-02],
       [ 1.75427379e-01,  6.82996952e-02,  7.03183754e-02, -9.70965516e-02,  4.51781161e-03],
       [ 6.45313481e-02,  1.07241941e-01, -5.07790762e-02,  5.10859761e-02, -8.54904620e-03],
       [ 8.88094827e-02, -8.85422402e-02,  4.21037860e-02, -1.60279427e-02,  6.35760357e-03],
       [-1.26186104e-01,  5.82571459e-02, -2.02854139e-02,  5.64865875e-02, -2.57050718e-04],
       [ 5.62858623e-02,  1.02054972e-01, -8.12213834e-02,  1.00460690e-01, -2.35377236e-02],
       [-6.98022991e-02, -6.09025774e-02, -3.20223275e-02,  8.61745808e-02, -1.10509421e-02],
       [ 3.51781644e-02, -9.41199226e-02, -3.55660994e-02,  7.33686522e-02, -1.12082027e-02],
       [-6.15619044e-02,  6.97704849e-02,  2.05538264e-02, -3.92817026e-02,  5.94561561e-02],
       [-4.29118257e-02,  3.92152209e-02,  1.94450302e-02,  6.25547095e-02, -5.86390137e-02],
       [ 1.06221200e-02, -3.26663200e-02,  5.19708588e-02,  9.22874780e-03,  2.73501521e-02],
       [ 1.55896919e-02, -1.38426479e-02, -1.44345752e-02,  8.82185141e-02, -6.87064638e-02],
       [ 2.94632777e-02, -5.11005635e-02, -3.54261707e-02, -4.24257997e-02,  5.38345122e-02],
       [ 5.73664713e-02, -3.71742697e-02, -1.84805131e-02, -2.36180922e-02, -3.88070808e-02],
       [-4.21145927e-03, -7.62901648e-03, -2.35603959e-03,  6.24885133e-02,  2.72758859e-02],
       [-9.85560405e-04,  2.57552767e-02, -4.41854333e-02,  8.15645980e-02, -3.36158954e-02],
       [ 2.02166635e-02, -2.31119336e-02, -2.28131269e-02,  8.75946852e-03, -7.69687730e-02],
       [-4.87573886e-02,  3.22041188e-02,  2.63550725e-02,  4.00463761e-02, -3.88947413e-02],
       [-3.07247968e-02,  3.79074236e-03,  4.04432122e-02,  2.11694445e-02, -4.33410859e-02],
       [-1.08180355e-01, -7.97367301e-02, -8.74416286e-02, -1.46644723e-02,  9.73579154e-02],
       [ 1.75896314e-01, -4.30012408e-02, -6.62975460e-02, -4.84824727e-02, -4.68009147e-02],
       [ 4.45109441e-02,  7.39681590e-02, -4.73481910e-02, -4.48307610e-02,  1.36778731e-01],
       [ 1.76754362e-01,  2.31160271e-02,  9.63569750e-02, -9.25030703e-03, -9.01471163e-02],
       [ 1.54407677e-01,  1.55884425e-01,  2.38786597e-04,  8.44764381e-02,  5.44250293e-02],
       [ 7.74411484e-02, -1.19357651e-01,  2.87394144e-02, -1.34743373e-01, -3.31483990e-02],
       [-1.08058801e-01,  1.07784410e-01,  6.16040630e-02, -8.90373825e-02,  6.12475331e-02],
       [ 3.65111882e-02,  4.27482982e-02, -2.76584629e-02,  9.84016713e-02,  1.47395286e-01],
       [-9.78314228e-02, -4.74256642e-02, -9.64009674e-02, -9.79172651e-03,  7.08057068e-02],
       [ 1.74736117e-02, -1.15137469e-01, -1.02552381e-01,  2.84036155e-02,  6.61687156e-02],
       [ 9.83826033e-02, -1.97241838e-02,  3.07160331e-02,  2.67995583e-02,  4.41063684e-02],
       [ 1.06024528e-02,  3.18816887e-02,  1.14197081e-01,  8.59197852e-02, -1.09439434e-01],
       [ 1.23096097e-01,  2.35383832e-02, -1.55779034e-01, -3.07442255e-02,  8.42389130e-02],
       [ 6.80010656e-02,  7.83517218e-02,  2.54651254e-02, -5.66906358e-02, -5.12888826e-02],
       [ 5.48592484e-02, -6.67104413e-02, -6.49421020e-02,  1.11785153e-01,  4.34648058e-02],
       [-8.28762530e-02,  6.38362771e-02, -1.35954641e-02,  1.07562240e-01, -5.64811696e-02],
       [ 3.73494895e-02,  5.08794781e-02,  8.44900481e-02, -2.63965092e-02, -1.01452970e-01],
       [-8.88756435e-02, -5.15997048e-02,  1.12113640e-01,  2.70458758e-02, -5.54580292e-02],
       [-5.12969100e-04, -9.39426810e-02,  1.15775709e-01,  1.37502780e-03, -5.47487982e-02],
       [-2.41226990e-02, -5.41498132e-04,  7.13294410e-02,  3.55516578e-02,  5.09265509e-02],
       [-1.01522367e-01,  5.33040852e-02, -1.79715275e-02, -3.78856454e-02, -3.90123542e-02],
       [-1.09117492e-01,  1.26851210e-02,  2.91325570e-02,  2.96327409e-02,  1.88461999e-02],
       [-2.68769883e-02,  4.20675128e-02, -1.23669528e-02, -5.37907138e-02, -9.74275964e-03],
       [ 5.51357720e-02, -6.98013712e-02,  6.50450923e-02,  2.01691505e-03,  2.24470144e-02],
       [-4.98920003e-02, -1.53185794e-03,  6.57634422e-02,  5.07880793e-02,  3.26992145e-02],
       [ 1.08130888e-01, -2.92362110e-02,  1.09174744e-02,  2.55675576e-02,  2.92160538e-02],
       [ 4.51070656e-02,  3.66065509e-02,  1.39043001e-02,  2.49905634e-02,  2.43926582e-02],
       [-6.57118235e-03, -2.87159921e-02, -1.42260627e-01, -5.74745686e-02,  1.06294928e-01],
       [ 4.41686181e-03, -2.08162116e-02,  1.06860773e-02, -5.95035046e-02, -9.54055110e-02],
       [-2.29178621e-02,  1.29124806e-02, -4.82838727e-02,  1.35021283e-01,  6.39958708e-02],
       [ 1.39034614e-02,  1.61299737e-03, -5.50775358e-02,  1.42371152e-01, -6.23961270e-02],
       [-2.28447209e-02, -4.20917074e-02,  4.49000343e-02, -1.38133936e-02, -1.45402375e-01],
       [ 1.12403396e-02,  3.59256893e-02,  1.24712710e-01,  5.58214910e-02, -7.62276658e-02],
       [ 5.81405977e-03,  2.84315092e-02,  1.31615333e-01,  1.28220476e-02, -7.72843228e-02],
       [-1.14836492e-01, -4.38669590e-02, -2.45284005e-02,  6.73437836e-02,  4.58271739e-02],
       [-6.91698843e-02,  7.52440710e-02,  3.20040521e-02, -1.09340654e-01, -2.38021476e-02],
       [ 5.42439174e-02, -7.16364139e-02, -7.31035282e-03, -9.81468649e-02,  5.98777919e-02],
       [-6.02896254e-02, -2.10695826e-02, -9.79045891e-02,  4.48597487e-02,  9.15110090e-02],
       [ 1.08829476e-01,  1.02025678e-02, -1.47087242e-01, -1.66871127e-02,  6.07530945e-02],
       [ 3.89496318e-02,  7.13136809e-02, -1.23138197e-01,  1.03189215e-02,  4.94697462e-02],
       [-8.42450648e-02,  5.99912821e-02, -1.72464027e-02,  8.98408455e-02,  1.07717479e-02],
       [ 1.04158114e-01, -4.71470018e-02, -5.18272624e-02,  7.21450521e-03, -4.52274589e-02],
       [-6.27877457e-02, -9.61819611e-02, -1.87648296e-03, -1.01964615e-01, -5.56509415e-02],
       [ 7.88609842e-02,  6.50159671e-02,  4.58087533e-02, -4.91479195e-02, -4.63840910e-02],
       [-8.96586619e-03,  8.64217006e-02,  3.39742280e-02, -5.12276030e-02, -3.34186614e-02],
       [ 1.58605551e-02, -2.79927363e-02,  2.44543202e-02,  3.69166792e-02,  2.94838032e-02],
       [-2.26714326e-02,  4.49655196e-02, -2.99878072e-02,  1.42432679e-01,  2.94629870e-02],
       [ 6.03355725e-02, -6.19339016e-02, -5.33430002e-02,  8.46573306e-02,  2.97233886e-02],
       [ 2.89431304e-02, -2.42893169e-02, -5.39828761e-02,  9.04810851e-02,  2.39608871e-02],
       [ 4.35529245e-02, -4.46797896e-02, -7.12067884e-02,  6.48269545e-02, -7.38815777e-02],
       [-6.52374593e-02,  5.23164179e-02,  1.06572637e-02,  8.92389932e-02, -4.50548384e-02],
       [-4.41406964e-02, -2.14374961e-03,  5.56208604e-03,  5.16655444e-02, -4.00437805e-02],
       [ 4.23568650e-02,  3.35162280e-02,  1.10013270e-01, -3.10437488e-02, -8.66256389e-02],
       [-1.56768779e-03,  5.07483776e-02,  1.01822644e-01, -4.93112247e-02, -6.90345590e-02],
       [ 6.08348682e-03, -6.05511714e-02,  1.26233131e-01, -2.38315925e-03, -4.55082857e-02]])})
2026-01-20 11:01:08,132 - final_problem_set.kxor_instance_n21_k2_m229_ell2_eps0.15_kappa0.75_rho0.4 - INFO - Running key extraction (n=21, m=229, ell=2, phase_qubits=13)
2026-01-20 11:01:08,135 - final_problem_set.kxor_instance_n21_k2_m229_ell2_eps0.15_kappa0.75_rho0.4 - INFO - Built voting matrix V (n=21, ell=2, dtype=complex128) in 0.003s
2026-01-20 11:01:08,136 - final_problem_set.kxor_instance_n21_k2_m229_ell2_eps0.15_kappa0.75_rho0.4 - INFO - Eval: adv=0.4672, hamming=2/21 (0.095), corr=0.810
2026-01-20 11:01:08,136 - final_problem_set.kxor_instance_n21_k2_m229_ell2_eps0.15_kappa0.75_rho0.4 - INFO - Key extraction complete: x_hat=13
2026-01-20 11:01:08,136 - final_problem_set.kxor_instance_n21_k2_m229_ell2_eps0.15_kappa0.75_rho0.4 - INFO - Finished step 'KeyExtractionStep' in 0.003s (success: True, problem=kxor_instance_n21_k2_m229_ell2_eps0.15_kappa0.75_rho0.4)
2026-01-20 11:01:08,136 - final_problem_set.kxor_instance_n21_k2_m229_ell2_eps0.15_kappa0.75_rho0.4 - INFO - SUCCESS: len(z_hat)=21
2026-01-20 11:01:08,136 - final_problem_set.kxor_instance_n21_k2_m229_ell2_eps0.15_kappa0.75_rho0.4 - INFO - Metrics: adv=0.4672489082969432, ham_frac=0.09523809523809523, corr=0.8095238095238095
2026-01-20 11:01:08,136 - final_problem_set.kxor_instance_n21_k2_m229_ell2_eps0.15_kappa0.75_rho0.4 - INFO - z_hat (full): [ 1,  1,  1,  1,  1,  1,  1,  1, -1, -1,  1, -1,  1, -1,  1, -1,  1, -1, -1, -1, -1]
