2026-01-20 11:01:02,403 - final_problem_set.kxor_instance_n21_k2_m154_ell2_eps0.2_kappa1.0_rho0.4 - INFO - Starting iteration for /Users/julian/CodingProjects/UniT3/QuarticSpeedupK-XOR/z_Daphne/data/final_problem_set/kxor_instance_n21_k2_m154_ell2_eps0.2_kappa1.0_rho0.4.npz
2026-01-20 11:01:02,404 - final_problem_set.kxor_instance_n21_k2_m154_ell2_eps0.2_kappa1.0_rho0.4 - INFO - Loaded instance (n=21, m=154, k=2)
2026-01-20 11:01:02,404 - final_problem_set.kxor_instance_n21_k2_m154_ell2_eps0.2_kappa1.0_rho0.4 - INFO - Starting step 'ComputeKikuchiStep' (version 0.1) on problem kxor_instance_n21_k2_m154_ell2_eps0.2_kappa1.0_rho0.4 (fields={'ell': 2, 'threshold': 0.0})
2026-01-20 11:01:02,425 - final_problem_set.kxor_instance_n21_k2_m154_ell2_eps0.2_kappa1.0_rho0.4 - INFO - Finished step 'ComputeKikuchiStep' in 0.021s (success: True, problem=kxor_instance_n21_k2_m154_ell2_eps0.2_kappa1.0_rho0.4)
2026-01-20 11:01:02,425 - final_problem_set.kxor_instance_n21_k2_m154_ell2_eps0.2_kappa1.0_rho0.4 - INFO - Starting step 'ClassicalEigenvaluesStep' (version 0.1) on problem kxor_instance_n21_k2_m154_ell2_eps0.2_kappa1.0_rho0.4 (fields={'ell': 2, 'threshold': 0.0, 'kikuchi_matrix': <Dictionary Of Keys sparse matrix of dtype 'int64'
	with 4218 stored elements and shape (210, 210)>, 'num_eigenvalues': 5})
2026-01-20 11:01:02,532 - final_problem_set.kxor_instance_n21_k2_m154_ell2_eps0.2_kappa1.0_rho0.4 - INFO - Finished step 'ClassicalEigenvaluesStep' in 0.107s (success: True, problem=kxor_instance_n21_k2_m154_ell2_eps0.2_kappa1.0_rho0.4)
2026-01-20 11:01:02,532 - final_problem_set.kxor_instance_n21_k2_m154_ell2_eps0.2_kappa1.0_rho0.4 - INFO - Starting step 'KeyExtractionStep' (version 0.1) on problem kxor_instance_n21_k2_m154_ell2_eps0.2_kappa1.0_rho0.4 (fields={'ell': 2, 'threshold': 0.0, 'kikuchi_matrix': <Dictionary Of Keys sparse matrix of dtype 'int64'
	with 4218 stored elements and shape (210, 210)>, 'num_eigenvalues': 5, 'eigenvalues': array([-9.88613457, -9.49847913,  9.74826966, 10.51057126, 11.50096035]), 'eigenvectors': array([[-7.94848815e-02,  1.14206313e-02,  4.12560206e-02,  6.25052803e-02,  2.51470606e-02],
       [ 6.47492827e-02, -2.71142082e-02, -2.64203946e-02, -1.99134805e-02,  9.69422575e-02],
       [-3.47733166e-02,  8.02886555e-02,  9.95498367e-02, -3.97932635e-02, -4.36020312e-02],
       [-5.32917670e-02,  1.22765943e-02,  1.53151143e-03,  1.08739644e-01, -5.12861074e-02],
       [-1.30817522e-02, -7.01607791e-02, -1.74196510e-02, -3.33433979e-02,  9.90661403e-02],
       [ 2.83828611e-02, -2.29446077e-02,  5.45810057e-02, -2.98226838e-03,  7.07388389e-02],
       [ 8.56483228e-02,  6.51895553e-03, -8.03986603e-03, -1.12791164e-01, -8.65616408e-03],
       [-9.38384987e-02,  4.32289375e-02, -7.59541514e-02,  4.05458024e-02,  5.16606175e-02],
       [-9.41731239e-02,  3.07170204e-03, -5.01752394e-02, -2.44574144e-02,  1.23745777e-01],
       [-3.48854752e-02, -4.58396014e-02,  3.20885988e-02, -2.20126337e-02, -1.18426009e-02],
       [-8.57303528e-02,  1.03200959e-02,  4.43147975e-02, -5.80469688e-02, -1.16525407e-01],
       [-4.68171721e-02, -4.27870460e-02,  2.54706821e-02, -7.50154938e-04,  9.13917356e-02],
       [-3.46315053e-03, -5.08424735e-02, -9.74566768e-02,  3.91157825e-02,  8.90322073e-02],
       [ 6.39739001e-02, -5.27781701e-02,  1.71238287e-02, -2.48066237e-02, -9.40587197e-02],
       [-7.36475176e-03, -3.38209560e-02,  8.10704431e-02, -4.66672667e-02, -5.46523602e-02],
       [-1.13790696e-02,  7.45947503e-02, -4.10614391e-02, -1.16923046e-01,  7.31372879e-02],
       [ 7.57811272e-02,  1.73008585e-02, -2.21936210e-02,  1.09954754e-01,  9.98335471e-02],
       [-3.06693446e-02, -4.97245834e-03, -9.71372291e-02, -1.08426326e-01, -1.95377026e-02],
       [-5.49678594e-02,  6.16237861e-02,  2.37319646e-03, -5.04017261e-02,  1.87133944e-02],
       [-1.76547615e-02, -6.02038942e-02,  3.13603334e-02, -6.89627938e-02, -1.03840401e-01],
       [-1.11522346e-01, -3.97446994e-03,  4.84890330e-02,  4.03102595e-02,  2.93593694e-02],
       [ 9.12576043e-02, -8.57076206e-02, -7.01350532e-03, -4.40362543e-02, -8.69142975e-03],
       [ 1.20027424e-01,  3.99438955e-02, -3.52709278e-02,  2.05237218e-02, -2.58775318e-02],
       [-9.50191765e-03,  9.69656683e-02,  8.20348073e-02,  3.68573319e-02,  5.14385422e-02],
       [-4.22426815e-02,  1.41225196e-02,  2.97811347e-02,  2.67008429e-02,  1.69387187e-02],
       [-6.74506339e-02, -3.00647247e-02, -1.48543625e-02, -4.84243494e-02,  4.77832376e-03],
       [ 1.71046019e-01, -4.73410359e-03,  1.21013784e-02,  4.57121472e-02,  7.28340762e-03],
       [ 1.24989342e-01,  4.49281833e-02,  6.95076501e-02,  5.05073481e-02,  4.04234086e-02],
       [ 1.70727550e-02,  6.90237007e-02, -1.31468290e-02, -1.92754385e-02, -6.51999916e-03],
       [ 1.05251609e-01,  2.98739042e-02, -6.44440761e-02, -7.43977344e-02, -2.33292257e-02],
       [ 7.24876177e-02,  9.70767164e-02,  3.69111024e-02,  5.26487177e-02,  2.22582783e-02],
       [ 3.91794725e-03,  8.33874613e-02,  4.61662128e-02,  6.17491411e-02,  2.31682436e-02],
       [-1.35178841e-01,  2.73616722e-02, -7.70064035e-02, -7.12526463e-02, -4.31299373e-02],
       [-2.59035307e-04,  5.89416511e-02, -1.64639202e-02, -5.28194789e-02, -9.86602170e-03],
       [ 3.24066545e-02, -8.88396234e-02,  3.10556016e-02, -1.37936854e-02,  3.32108154e-02],
       [-8.54242313e-02, -5.63247894e-02,  4.80884929e-02,  7.71888227e-02,  1.34801234e-02],
       [ 2.88220393e-02,  1.54859637e-02, -9.27244394e-03, -4.13998443e-02,  3.12414661e-03],
       [ 1.06244549e-01, -4.85593507e-02,  1.14419292e-02, -1.58050706e-02,  6.62269127e-03],
       [ 1.89042929e-03,  9.37070392e-02, -6.84787111e-02, -9.89241548e-02, -3.48668493e-02],
       [-7.31557378e-02,  9.55964257e-02,  9.42694540e-02, -1.72598928e-02, -5.38436389e-02],
       [-1.17108154e-01, -1.18655377e-02, -2.57534701e-02,  1.10272429e-01, -3.49084030e-02],
       [-2.43616543e-02, -9.41538765e-02,  3.32602242e-02, -9.69842126e-02,  1.09613497e-01],
       [ 3.84799697e-02, -2.01173791e-02,  8.87764814e-02, -4.13381179e-02,  6.45819426e-02],
       [ 7.91130316e-02,  1.94405794e-02, -3.23132911e-02, -7.82626567e-02, -1.69052938e-02],
       [-1.20869798e-01,  2.78584696e-02, -8.18837133e-02,  1.29415846e-02,  6.14358149e-02],
       [-9.49581558e-02, -1.24748969e-02,  1.03818052e-04, -7.05803660e-02,  1.03944265e-01],
       [-2.93613849e-02, -6.57884922e-02,  3.93882546e-02,  2.46368172e-04, -3.54984250e-02],
       [-1.48945054e-01, -1.88754223e-02,  2.47235325e-03,  1.94899941e-02, -1.01061611e-01],
       [-5.15913961e-02, -6.74070387e-02,  7.42742240e-02, -4.42703441e-02,  9.42095160e-02],
       [-2.08832271e-02, -7.80250163e-02, -7.56380705e-02, -1.46595271e-02,  9.66050464e-02],
       [ 1.20233797e-01, -4.69223622e-02, -4.15896869e-02,  3.61581457e-02, -1.01185769e-01],
       [ 1.01649793e-02, -5.21663826e-02,  8.88571723e-02, -1.44234202e-02, -6.76154163e-02],
       [-2.70161468e-02,  8.45439347e-02, -1.34679885e-02, -1.13015233e-01,  4.90540882e-02],
       [ 8.92801645e-02,  4.04330800e-02,  2.72671760e-02,  3.79898219e-02,  1.17396140e-01],
       [-4.31509401e-02, -6.39073787e-03, -1.28600797e-01, -7.74995240e-02, -3.19341920e-02],
       [-7.09603591e-02,  4.86002884e-02,  4.04525824e-03, -4.94834977e-02, -9.15107887e-04],
       [-1.00399863e-02, -8.24433043e-02, -3.02156139e-02, -1.27817015e-04, -1.39793980e-01],
       [ 7.30657829e-02, -7.45745120e-02, -4.90104552e-02, -5.39452463e-02,  3.67384888e-02],
       [ 2.38869001e-02,  5.71494418e-02,  1.20980259e-01,  3.29549677e-03, -8.20417422e-02],
       [-2.42519341e-02,  3.06523345e-02,  2.65611401e-02, -1.84898800e-02, -5.34138616e-02],
       [-9.94327448e-02,  5.14035792e-02, -1.94071536e-02,  5.73330967e-02, -1.04263258e-02],
       [ 1.14990522e-01, -1.66385934e-01,  6.20089685e-02, -3.29542074e-02, -2.02045640e-02],
       [ 1.18799173e-01, -9.83304733e-02,  1.35425060e-01, -1.43288959e-02, -6.86095860e-02],
       [ 4.07141548e-02,  2.96958118e-02, -3.49036057e-02,  1.41837738e-02,  1.01492413e-02],
       [ 1.10684271e-01, -1.10880196e-01, -1.19597426e-01,  6.18547304e-02,  6.15814169e-02],
       [ 6.83588883e-02,  2.03376886e-02,  8.16927316e-02, -2.96000284e-02, -6.05693752e-02],
       [ 1.45262149e-02,  5.78621419e-02,  1.18799905e-01, -3.54443734e-02, -3.59573063e-02],
       [-7.70527818e-02,  1.59651146e-01, -1.29301421e-01,  3.76726259e-02,  4.89747038e-02],
       [ 1.44925764e-02,  3.07936400e-02, -6.69795650e-02,  3.82745930e-02,  2.36911148e-02],
       [ 8.14265025e-05, -7.71729416e-02,  6.27611615e-02,  4.21558221e-02, -5.26273664e-02],
       [-1.09155663e-01,  5.97464819e-02,  1.06934600e-01, -6.68167293e-02, -3.18690208e-02],
       [ 3.31140178e-02, -5.52572431e-03,  8.77385508e-03,  7.37861838e-02,  4.88785108e-03],
       [ 6.05728127e-02, -1.37011341e-01,  1.55352589e-03,  2.60640598e-02, -2.13926109e-02],
       [ 2.65947596e-02,  4.80726950e-02, -1.41458822e-01,  6.15948714e-02,  4.55925102e-02],
       [-4.99753894e-03,  9.79682755e-02, -3.62996406e-02,  1.23867825e-01, -2.73241998e-02],
       [-5.36562695e-02,  1.14409922e-02, -6.49797248e-02,  7.66863042e-02, -2.41797499e-02],
       [-1.19233204e-01, -6.00490709e-02,  4.00028187e-02, -5.91641878e-03,  1.62355193e-02],
       [ 1.90376255e-01,  1.97890982e-02,  4.37835135e-02,  6.23563263e-02, -4.90890491e-02],
       [ 1.28965370e-01,  5.45138448e-02, -2.81311950e-02,  1.28989638e-01, -3.51468196e-02],
       [ 3.69230748e-02,  8.18968907e-02, -2.11951557e-02, -2.61011530e-02,  1.59331788e-02],
       [ 1.20737059e-01,  4.84441938e-02,  2.35585033e-02, -1.30986488e-01,  6.95212294e-02],
       [ 5.53838446e-02,  8.50256362e-02, -6.29934632e-02,  1.18644333e-01, -3.61006074e-02],
       [-1.01524391e-02,  7.66479915e-02,  1.58306799e-02,  9.66067129e-02, -4.92075540e-02],
       [-1.39104140e-01,  8.33057819e-03,  5.71132516e-02, -1.30519452e-01,  3.89039874e-02],
       [-5.75765453e-03,  5.04922885e-02, -4.98392781e-02, -6.35670092e-02,  4.69864841e-02],
       [ 3.21334582e-02, -8.90484283e-02,  3.83043866e-03,  7.09178374e-02, -5.50219488e-03],
       [-1.20122183e-01, -8.22719912e-02, -5.41307153e-02,  1.12199973e-01, -6.45882472e-02],
       [ 2.84943151e-02,  1.93561949e-02,  9.95710869e-02, -1.79578804e-02,  2.07613979e-02],
       [ 1.15830500e-01, -3.85735688e-02,  5.55302550e-03,  1.90034588e-02,  3.16032267e-03],
       [ 8.39610735e-03,  9.36345401e-02,  6.14929948e-02, -1.46499505e-01,  6.42792970e-02],
       [-1.10547710e-02, -2.87402812e-02,  1.18381792e-01, -4.64318069e-02,  6.57478037e-02],
       [ 9.77681797e-03, -8.36029842e-02, -4.62912706e-02, -9.32792859e-02, -1.76827350e-02],
       [ 2.86423140e-02,  1.73698584e-01, -1.05051111e-01,  9.29686361e-04,  9.22641043e-02],
       [ 8.27282511e-03,  1.36026137e-01,  1.57170460e-02, -1.00622059e-01,  1.19076754e-01],
       [-9.94496996e-03,  1.84958392e-02,  5.21523031e-02, -1.70303027e-02, -1.90021146e-02],
       [-9.84774993e-03,  1.26563752e-01, -8.58637807e-03,  3.55892299e-02, -1.27049861e-01],
       [-1.12080463e-02,  4.39356153e-02,  1.42636780e-01, -8.64609049e-02,  1.30003112e-01],
       [-1.53643180e-02, -6.24270942e-03, -8.83341008e-02, -2.74803860e-02,  1.10418008e-01],
       [-3.79357018e-02, -1.39960844e-01, -7.80533816e-02,  6.17275645e-02, -1.14852274e-01],
       [-9.44682960e-03,  1.29909184e-03,  1.12581829e-01, -6.60419702e-03, -8.69675914e-02],
       [ 1.17679641e-02,  2.04995496e-02, -1.92429139e-02, -1.49171177e-01,  5.67434972e-02],
       [ 3.31628811e-05, -1.05968342e-01,  6.49900696e-02,  2.69894457e-02,  1.48686183e-01],
       [-1.21938098e-02,  2.85849275e-02, -1.87980665e-01, -8.48296380e-02, -4.30072585e-02],
       [ 3.16470729e-02,  8.93620608e-02, -3.13798813e-03, -5.17479585e-02, -3.17963207e-03],
       [-9.62408533e-03,  7.18333802e-03, -6.42822675e-02,  2.54487934e-02, -1.46134048e-01],
       [ 4.61600749e-02, -3.32110265e-03, -4.65810491e-02, -5.98102221e-02, -1.60512180e-02],
       [-7.73611474e-02,  3.78355398e-02, -2.63413034e-02,  1.53076797e-02,  5.33319349e-02],
       [-6.63678321e-02,  1.31023128e-02,  1.09775923e-01, -4.95560275e-02,  8.81216539e-02],
       [-1.66895986e-02, -1.78003025e-02,  1.13347952e-02, -1.04464816e-02, -1.90626123e-02],
       [-7.75542231e-02,  1.23412104e-02, -8.58918777e-02,  7.49595833e-03, -7.47557316e-02],
       [-3.04671830e-02, -1.30949178e-02,  1.28593178e-01, -2.74059076e-02,  6.68529906e-02],
       [-7.28211423e-03, -2.55706179e-02,  2.41853725e-02,  5.48650898e-04,  7.74229470e-02],
       [ 6.26323962e-02, -4.39680177e-02, -1.53032170e-01,  1.90316519e-02, -8.70513515e-02],
       [-2.50513519e-03, -1.78099408e-02,  2.60329262e-02, -1.75028549e-02, -5.34773142e-02],
       [-4.20658633e-03,  2.47310333e-02,  3.79380251e-02, -7.82075211e-02,  3.63152743e-02],
       [ 5.12694656e-02, -6.39240288e-03,  1.13623525e-01,  3.69155473e-02,  9.40888074e-02],
       [-1.96960415e-02,  2.41027889e-03, -1.01327328e-01, -5.26515731e-02, -2.01730610e-02],
       [-3.37359926e-02,  2.62126087e-02, -1.80623452e-03, -3.49579751e-02, -5.08549027e-03],
       [-1.33245286e-02, -2.46080249e-02, -1.44341942e-01, -1.36239367e-02, -1.08354845e-01],
       [-9.81771729e-02, -3.27482864e-02,  7.35500684e-03, -8.36590360e-02,  3.36537967e-03],
       [-5.05833699e-02, -4.73298546e-02, -3.89757378e-02, -9.52092464e-02, -1.98033583e-02],
       [-8.30041352e-03, -6.34626616e-02,  4.80446939e-03,  3.99675661e-02, -4.62731082e-03],
       [-8.33282112e-02, -4.85103357e-02,  3.37742161e-02,  1.26696626e-01, -3.82925274e-03],
       [-2.64616659e-02, -7.10495652e-02, -5.43244481e-02, -9.25636475e-02, -2.18179778e-02],
       [-1.36323258e-02, -6.67095724e-02, -2.22256288e-02, -8.99876976e-02,  1.09492291e-02],
       [ 1.61736093e-01, -7.34712276e-03,  1.75301510e-02,  1.01674225e-01, -7.07827389e-03],
       [ 2.95501463e-02, -4.95629395e-02, -4.76771536e-04,  8.52555301e-02,  5.07841031e-04],
       [-5.46437856e-02,  6.01287009e-02, -3.22548856e-02, -1.41025578e-02, -2.96855488e-02],
       [ 4.49637040e-02,  5.44859591e-02, -1.15433450e-02, -1.08802650e-01,  1.83166938e-02],
       [-2.02233963e-02, -1.80798947e-02,  2.49945137e-03,  4.23266747e-02, -6.41097101e-03],
       [-9.11482595e-02,  1.76908324e-02, -2.75843111e-02,  1.46204621e-03, -1.46427993e-02],
       [ 1.48502801e-02, -6.19974508e-02,  1.65754299e-02,  1.26051431e-01, -1.56072682e-02],
       [ 1.37678211e-01,  2.36846767e-02, -1.25970780e-01,  9.63194561e-03,  9.57594166e-02],
       [ 5.81186230e-02,  1.22268799e-01,  2.68542089e-02, -1.76308646e-02, -1.02583137e-02],
       [ 1.76729390e-01,  1.56179807e-02,  9.57826704e-02, -5.81937078e-02, -6.27772344e-02],
       [ 9.43259958e-02,  1.34151562e-01, -6.95282946e-02,  3.32484175e-02,  8.16901925e-02],
       [ 4.48926234e-02,  1.34254547e-01, -8.89825724e-02,  3.72334717e-02,  4.37223173e-02],
       [-1.95307099e-01,  1.03434359e-01,  1.02208946e-01, -5.60778454e-02, -9.10333903e-02],
       [-2.57544539e-02,  1.02827051e-01,  5.92677626e-02, -3.58952893e-02, -2.31427599e-02],
       [ 6.03416100e-02, -1.68585938e-01, -7.72428521e-02, -6.19316238e-02,  6.24033941e-02],
       [-1.20587852e-01, -6.61542708e-02, -8.02288787e-02,  8.87335818e-02,  5.64079331e-02],
       [ 6.74176940e-02,  2.08817081e-02, -2.57340248e-02, -8.74537755e-02, -1.39923219e-02],
       [ 1.15545566e-01, -1.04211913e-01, -1.59028603e-02, -3.51354660e-02,  1.08216673e-02],
       [ 1.41091821e-02,  1.48571588e-01,  1.14529983e-01, -9.27542444e-02, -8.60678683e-02],
       [ 2.93352155e-02,  1.01779751e-01,  5.33377834e-02, -1.01457534e-02, -2.96091139e-02],
       [ 1.25421517e-01,  6.40931919e-02,  2.13762278e-02,  1.56029811e-02, -1.32405935e-01],
       [ 4.72988450e-02,  1.12197861e-01,  9.89929569e-02, -7.02183381e-02,  1.44053291e-01],
       [ 2.14741256e-02,  1.04884577e-01, -1.02917708e-01, -9.87157502e-03,  9.53099890e-02],
       [-1.82736265e-01,  1.72773654e-02, -4.01616256e-02,  5.21881192e-02, -1.42307822e-01],
       [-3.52474216e-02,  6.41272121e-02,  1.20525471e-01, -2.46395533e-02, -7.19717144e-02],
       [ 6.95954986e-02, -1.07539819e-01, -3.19879516e-02, -1.45770825e-01,  6.67757859e-02],
       [-7.53202032e-02, -8.20149996e-02,  2.30774863e-02,  4.26063681e-02,  1.32831975e-01],
       [ 3.97965980e-02,  2.90399711e-02, -1.69777378e-01, -9.63215305e-02, -4.37581332e-02],
       [ 1.14616408e-01, -3.99902433e-02,  2.22331797e-03, -6.44613172e-02,  6.05866304e-03],
       [-1.45929310e-02,  1.03581159e-01, -1.78621580e-02,  2.72155597e-03, -1.51368409e-01],
       [ 3.53518092e-02,  1.02673597e-01, -4.24156198e-02,  3.41434207e-02,  2.39261593e-02],
       [ 8.12592196e-03,  5.08914583e-02,  2.75315395e-02, -1.51225955e-02, -3.41845937e-02],
       [-2.35632481e-03,  1.59712969e-02,  3.01230144e-02, -2.05058672e-02, -8.97387991e-03],
       [-6.03673346e-02, -1.00594008e-01, -4.43032976e-02,  2.93452222e-02,  2.76970444e-02],
       [-9.77095734e-03,  1.17691129e-02, -2.94054909e-02,  2.10630801e-02,  8.21312796e-03],
       [ 1.82554066e-02, -2.98055724e-03,  4.71414800e-02,  3.76004427e-02, -2.56783614e-02],
       [-2.17118602e-02, -8.68702383e-02,  2.87415635e-02, -5.15035897e-02, -2.03374585e-02],
       [ 3.30914452e-03,  1.95217308e-02,  1.87497792e-02,  4.69270959e-02,  4.91782937e-03],
       [ 4.32671727e-02,  6.08085145e-02,  6.94138201e-03,  1.56456321e-02, -5.38050187e-03],
       [-9.75263252e-03,  2.55443446e-02, -4.56764579e-02,  4.83518387e-02,  2.45237972e-02],
       [ 7.74140124e-02,  1.24056368e-01, -8.22576272e-02, -1.50489109e-02, -1.51124471e-01],
       [-2.61864402e-03,  1.04242952e-01,  8.53149679e-02, -4.84546674e-02, -8.74614683e-02],
       [-1.59231399e-01,  2.24554855e-02,  2.28095655e-02,  4.35326312e-02,  1.34967126e-01],
       [ 3.53226464e-04,  8.01887583e-02, -9.92086450e-02,  6.35205231e-02,  5.79608578e-02],
       [ 5.42564658e-02, -1.22173641e-01,  3.72705252e-02,  1.41302832e-01, -9.09383398e-02],
       [-1.09278358e-01, -9.69447697e-02, -1.58796856e-02, -1.51695475e-01, -1.33206882e-01],
       [ 4.29460237e-02,  2.42497007e-02,  1.41928391e-01,  1.42855839e-01,  3.68468446e-02],
       [ 1.12390726e-01, -4.70284603e-02, -6.40007807e-03,  7.75834723e-02,  1.40426447e-03],
       [-8.84580953e-04,  1.18239579e-01,  6.93227249e-03,  1.22893700e-01,  1.66912918e-01],
       [-2.37307882e-03,  2.29446700e-02, -1.75584601e-02,  8.57349373e-03,  1.34410429e-01],
       [-1.22036998e-01, -1.00596407e-01, -1.30189968e-01,  2.40135033e-02, -1.04422016e-01],
       [-2.36081915e-02,  1.92008750e-02,  6.64318701e-02, -3.96181398e-02, -9.12806908e-02],
       [ 3.85479631e-02, -1.18458188e-02,  3.69411978e-02, -1.22125500e-01,  6.60031672e-02],
       [-3.97548201e-02, -8.98459289e-02,  8.09392102e-02,  5.18745061e-02,  1.13219502e-01],
       [ 1.18247061e-02,  2.69102337e-02, -1.31975103e-01, -8.49007809e-02, -1.23599531e-02],
       [ 7.30853061e-02,  5.94707541e-02,  2.35315145e-02, -5.37508847e-02,  1.87455632e-02],
       [-8.47870116e-03,  3.24522407e-02, -1.13578006e-01, -1.43296201e-02, -1.30597156e-01],
       [-1.55295479e-02, -1.27602839e-01,  8.15080765e-02, -2.93961742e-02, -1.11198627e-01],
       [ 5.46839530e-03, -4.29620891e-03,  9.46978848e-02, -4.50062713e-02, -3.86288402e-02],
       [ 8.60870703e-03,  2.70439092e-02, -8.61801023e-02, -1.05407702e-01,  8.08432202e-02],
       [-6.24549181e-03, -7.31463809e-02, -5.29185162e-02,  9.21760065e-02,  8.09314711e-02],
       [-4.18562278e-03,  2.18069447e-02, -8.18008247e-02, -1.12578657e-01, -3.10333703e-02],
       [ 1.99909143e-02,  8.41285887e-02, -5.17829051e-03, -5.18796303e-02,  1.46629961e-02],
       [-1.25311571e-03,  6.06139605e-03,  8.91781667e-02, -7.31671592e-02, -1.03748567e-01],
       [-2.51927988e-02, -7.22315489e-02, -1.06305668e-01,  6.45421188e-02,  9.82184732e-02],
       [-2.86016161e-02,  1.57667538e-01, -1.86785290e-02,  1.40177997e-01, -8.27566818e-02],
       [ 1.36402918e-01,  3.52580051e-02, -3.75732520e-02, -8.15259325e-02, -1.05378065e-01],
       [-6.95539530e-02, -5.97381041e-03,  1.58805779e-01,  1.05273421e-01,  2.11528133e-02],
       [-9.70998021e-02,  1.16212261e-01, -3.33650512e-02,  5.84463628e-02, -2.87646856e-02],
       [-2.19929753e-02, -1.42570334e-01,  4.81744854e-02,  4.01767977e-02,  1.16397764e-01],
       [ 1.57503878e-02,  1.98617981e-02,  8.40302491e-02,  6.65231553e-02, -5.86094588e-02],
       [ 2.02292357e-02, -5.39454794e-02,  8.34618256e-02, -1.17967820e-01, -6.72446260e-02],
       [-9.78122541e-03,  1.42467913e-02,  3.34294610e-02,  9.71901890e-02,  2.05601652e-02],
       [ 6.56324812e-03,  6.04079014e-02,  1.19161769e-02,  4.10196883e-02, -6.93293306e-03],
       [-1.25731834e-02, -8.76680163e-04, -1.17824607e-01,  1.07487905e-01,  8.90050974e-02],
       [-5.84552706e-02,  7.56788814e-02,  1.05315870e-02, -9.10678639e-02,  1.13471011e-01],
       [ 1.55307936e-02, -2.71742534e-02, -1.09784043e-01, -5.82945172e-03, -3.58462190e-02],
       [ 1.93240920e-02, -1.09511429e-01, -1.81661832e-02, -3.41448530e-02, -9.03772693e-03],
       [ 2.11704547e-02,  1.96211832e-02, -7.38007593e-03,  1.42130132e-01, -1.12386419e-01],
       [-4.15281797e-02, -3.86741846e-02, -1.01460824e-01, -1.17111379e-01, -4.69201055e-03],
       [-9.38722136e-02,  1.31451319e-03,  3.20306644e-02, -4.83182647e-02,  3.58276445e-02],
       [ 5.87158158e-03, -9.92211048e-02, -1.69092235e-02, -1.45032565e-01, -1.05644324e-01],
       [ 5.69169392e-02, -1.54411037e-02, -4.00794480e-02,  2.64268873e-03, -1.49836723e-02],
       [-8.58361908e-03,  2.46033056e-02,  1.47207142e-01,  1.31792216e-01,  1.10683108e-02],
       [ 2.40789494e-02,  7.99185836e-02, -3.24404394e-02,  5.35367225e-02, -4.50635624e-02]])})
2026-01-20 11:01:02,555 - final_problem_set.kxor_instance_n21_k2_m154_ell2_eps0.2_kappa1.0_rho0.4 - INFO - Running key extraction (n=21, m=154, ell=2, phase_qubits=12)
2026-01-20 11:01:02,559 - final_problem_set.kxor_instance_n21_k2_m154_ell2_eps0.2_kappa1.0_rho0.4 - INFO - Built voting matrix V (n=21, ell=2, dtype=complex128) in 0.004s
2026-01-20 11:01:02,561 - final_problem_set.kxor_instance_n21_k2_m154_ell2_eps0.2_kappa1.0_rho0.4 - INFO - Eval: adv=0.2208, hamming=6/21 (0.286), corr=0.429
2026-01-20 11:01:02,561 - final_problem_set.kxor_instance_n21_k2_m154_ell2_eps0.2_kappa1.0_rho0.4 - INFO - Key extraction complete: x_hat=20
2026-01-20 11:01:02,561 - final_problem_set.kxor_instance_n21_k2_m154_ell2_eps0.2_kappa1.0_rho0.4 - INFO - Finished step 'KeyExtractionStep' in 0.006s (success: True, problem=kxor_instance_n21_k2_m154_ell2_eps0.2_kappa1.0_rho0.4)
2026-01-20 11:01:02,561 - final_problem_set.kxor_instance_n21_k2_m154_ell2_eps0.2_kappa1.0_rho0.4 - INFO - SUCCESS: len(z_hat)=21
2026-01-20 11:01:02,561 - final_problem_set.kxor_instance_n21_k2_m154_ell2_eps0.2_kappa1.0_rho0.4 - INFO - Metrics: adv=0.22077922077922077, ham_frac=0.2857142857142857, corr=0.42857142857142855
2026-01-20 11:01:02,561 - final_problem_set.kxor_instance_n21_k2_m154_ell2_eps0.2_kappa1.0_rho0.4 - INFO - z_hat (full): [ 1,  1,  1, -1, -1,  1,  1, -1,  1,  1, -1, -1,  1,  1, -1, -1,  1,  1, -1,  1, -1]
