2026-01-20 11:00:31,412 - final_problem_set.kxor_instance_n14_k2_m118_ell2_eps0.3_kappa0.875_rho0.0 - INFO - Starting iteration for /Users/julian/CodingProjects/UniT3/QuarticSpeedupK-XOR/z_Daphne/data/final_problem_set/kxor_instance_n14_k2_m118_ell2_eps0.3_kappa0.875_rho0.0.npz
2026-01-20 11:00:31,413 - final_problem_set.kxor_instance_n14_k2_m118_ell2_eps0.3_kappa0.875_rho0.0 - INFO - Loaded instance (n=14, m=118, k=2)
2026-01-20 11:00:31,413 - final_problem_set.kxor_instance_n14_k2_m118_ell2_eps0.3_kappa0.875_rho0.0 - INFO - Starting step 'ComputeKikuchiStep' (version 0.1) on problem kxor_instance_n14_k2_m118_ell2_eps0.3_kappa0.875_rho0.0 (fields={'ell': 2, 'threshold': 0.0})
2026-01-20 11:00:31,422 - final_problem_set.kxor_instance_n14_k2_m118_ell2_eps0.3_kappa0.875_rho0.0 - INFO - Finished step 'ComputeKikuchiStep' in 0.009s (success: True, problem=kxor_instance_n14_k2_m118_ell2_eps0.3_kappa0.875_rho0.0)
2026-01-20 11:00:31,422 - final_problem_set.kxor_instance_n14_k2_m118_ell2_eps0.3_kappa0.875_rho0.0 - INFO - Starting step 'ClassicalEigenvaluesStep' (version 0.1) on problem kxor_instance_n14_k2_m118_ell2_eps0.3_kappa0.875_rho0.0 (fields={'ell': 2, 'threshold': 0.0, 'kikuchi_matrix': <Dictionary Of Keys sparse matrix of dtype 'int64'
	with 1752 stored elements and shape (91, 91)>, 'num_eigenvalues': 5})
2026-01-20 11:00:31,444 - final_problem_set.kxor_instance_n14_k2_m118_ell2_eps0.3_kappa0.875_rho0.0 - INFO - Finished step 'ClassicalEigenvaluesStep' in 0.022s (success: True, problem=kxor_instance_n14_k2_m118_ell2_eps0.3_kappa0.875_rho0.0)
2026-01-20 11:00:31,444 - final_problem_set.kxor_instance_n14_k2_m118_ell2_eps0.3_kappa0.875_rho0.0 - INFO - Starting step 'KeyExtractionStep' (version 0.1) on problem kxor_instance_n14_k2_m118_ell2_eps0.3_kappa0.875_rho0.0 (fields={'ell': 2, 'threshold': 0.0, 'kikuchi_matrix': <Dictionary Of Keys sparse matrix of dtype 'int64'
	with 1752 stored elements and shape (91, 91)>, 'num_eigenvalues': 5, 'eigenvalues': array([-11.81275488,  -9.77570236,  -9.62787556,  -8.35682682,   9.20293533]), 'eigenvectors': array([[-0.10494013, -0.08496493,  0.04339676,  0.1285949 , -0.17198972],
       [-0.13512504,  0.00559995,  0.06239804,  0.17199963,  0.12430368],
       [-0.05394097, -0.08638222, -0.15308746,  0.05161997, -0.02778402],
       [-0.10758158,  0.08049475,  0.05575732,  0.04087415, -0.09500211],
       [ 0.05405872, -0.12289563,  0.07118348, -0.09238387, -0.05649263],
       [-0.06280886,  0.04907965, -0.10210469,  0.18592668, -0.1916037 ],
       [ 0.13111184, -0.07530975, -0.09251974, -0.19328509, -0.09691089],
       [ 0.17018462, -0.01817098, -0.03711423, -0.20069078, -0.06061427],
       [ 0.14517003,  0.01813283, -0.04060402, -0.19246611, -0.09487424],
       [-0.08384771, -0.02921122,  0.13279045,  0.13711351, -0.16268776],
       [-0.04916355,  0.17233296,  0.07460285, -0.02023395, -0.15801059],
       [ 0.08741707,  0.13540445, -0.03607375,  0.02979736,  0.05317396],
       [-0.1283907 ,  0.03415514,  0.12937094,  0.13176617,  0.07457502],
       [-0.13842445, -0.13746965, -0.00151245,  0.01917948,  0.15173817],
       [-0.02579383, -0.0787912 , -0.17394776,  0.01757752, -0.11078967],
       [-0.13110548, -0.0233356 , -0.00324374, -0.1204531 , -0.07398767],
       [ 0.07003409, -0.08536455,  0.11360628, -0.01385958, -0.1227805 ],
       [-0.07347162, -0.0196264 , -0.15207576,  0.12395139, -0.13984952],
       [ 0.15379665,  0.06790536, -0.02157084, -0.01843866, -0.06205062],
       [ 0.15003118,  0.12817427,  0.03784248, -0.01553886, -0.03166227],
       [ 0.14596005,  0.1591158 ,  0.02964258, -0.04551032, -0.10547189],
       [-0.10290431, -0.1580614 ,  0.12052106,  0.07511448, -0.12121628],
       [-0.06026582,  0.1115937 ,  0.03643468, -0.16103778, -0.18839972],
       [ 0.0583923 ,  0.15343322, -0.00247939,  0.08643449,  0.07701032],
       [-0.14117815, -0.10544382,  0.06871658, -0.03281543,  0.07084918],
       [-0.03215055, -0.10390078, -0.21901417, -0.0427987 ,  0.05171174],
       [-0.12296473,  0.07022447, -0.00383293, -0.12893682,  0.08977383],
       [ 0.09335523, -0.16072624,  0.13635644, -0.02884748,  0.07588202],
       [-0.06674109,  0.05572282, -0.16359917,  0.11372662,  0.19866623],
       [ 0.20765213, -0.06804113, -0.03657745, -0.02668894,  0.10149149],
       [ 0.18771799,  0.02004059,  0.04920064,  0.0344634 ,  0.07441436],
       [ 0.1814277 ,  0.06291608,  0.0365659 , -0.00378788,  0.1550355 ],
       [-0.11870727, -0.07604475,  0.13902804,  0.07378565,  0.15844209],
       [-0.04637565,  0.1929132 ,  0.04062093, -0.15984689,  0.20916844],
       [ 0.08918835,  0.17963682,  0.00652971,  0.17205754, -0.10223522],
       [-0.17237737, -0.00086444,  0.08503904, -0.04605592, -0.12510758],
       [-0.03846274, -0.04778772, -0.15778923, -0.10444315, -0.05276405],
       [ 0.02098697,  0.00740068,  0.09099492,  0.06809805, -0.01908612],
       [-0.00972026, -0.0352176 , -0.09430211, -0.03392787, -0.13464246],
       [ 0.07364168,  0.08145833,  0.22923222,  0.05730722, -0.07032974],
       [ 0.02987411,  0.10675965,  0.23913853,  0.06278346, -0.04285565],
       [ 0.02749623,  0.10585383,  0.23465102,  0.0329667 , -0.05589574],
       [-0.04755851, -0.10834449, -0.11780117,  0.0411812 , -0.0810093 ],
       [-0.01942476,  0.01578898, -0.07220662, -0.12795911, -0.08463812],
       [ 0.01008704,  0.04893091,  0.10179741,  0.01200513,  0.04303221],
       [-0.07188479, -0.09649692, -0.19928443, -0.06650692,  0.05407   ],
       [ 0.04224179, -0.11060773,  0.08359283,  0.00439242, -0.05292168],
       [-0.04977108,  0.07675007, -0.11675016,  0.01007344, -0.13672417],
       [ 0.12114863, -0.12149164, -0.02131382,  0.09017186, -0.0614443 ],
       [ 0.14875092, -0.09340715,  0.04174065,  0.18164584, -0.05792866],
       [ 0.13190998, -0.06275176,  0.0243615 ,  0.13998104, -0.06618396],
       [-0.09825072,  0.02713116,  0.10950116, -0.03339628, -0.11055266],
       [-0.01955542,  0.12523625,  0.02179287, -0.09311986, -0.18947692],
       [ 0.0617192 ,  0.0670285 ,  0.01201482,  0.18005999,  0.07932724],
       [-0.11745406,  0.08672052,  0.05204025, -0.12198792,  0.05898498],
       [ 0.01875001, -0.06670152,  0.08090597, -0.01626272, -0.14732828],
       [-0.05585272,  0.16404894, -0.11942307,  0.05464675, -0.08967277],
       [-0.06715581,  0.16293727, -0.14271774,  0.01279188, -0.0638812 ],
       [-0.08273783,  0.15354507, -0.15381147,  0.01921496, -0.08638671],
       [ 0.06775091, -0.10155399,  0.02930836, -0.08648412, -0.14526135],
       [ 0.01014403, -0.08587626,  0.02058193,  0.01133542, -0.14340372],
       [-0.04650971,  0.01828246, -0.0796143 , -0.07744178,  0.07448146],
       [ 0.07809077, -0.16488878,  0.09757099, -0.03926093,  0.0757098 ],
       [ 0.06854504, -0.07925829,  0.16130354, -0.12869104, -0.08642801],
       [ 0.06642936, -0.05830785,  0.18735368, -0.10333421, -0.02810573],
       [ 0.06550256, -0.04610668,  0.18377078, -0.11664264, -0.1342546 ],
       [-0.06664765,  0.01553201, -0.06282986,  0.16387589, -0.14448585],
       [-0.0157851 ,  0.10817853, -0.04322331, -0.03685295, -0.22832462],
       [ 0.04383152,  0.04417265,  0.09984866,  0.0204262 ,  0.05775256],
       [-0.08740183,  0.0701725 , -0.13744151,  0.11263144,  0.10898134],
       [-0.1983348 ,  0.08053776, -0.01229524,  0.00042311, -0.017212  ],
       [-0.19811999,  0.03713581, -0.00406603,  0.02815434, -0.08782427],
       [ 0.12452933,  0.00170281, -0.16954591, -0.09135065, -0.0691381 ],
       [ 0.03580714, -0.20132471, -0.05445772,  0.1178471 , -0.11126523],
       [-0.10661019, -0.13179665,  0.00684327, -0.18501165,  0.0393912 ],
       [ 0.17269533, -0.09345535, -0.12519636,  0.00215755,  0.058125  ],
       [-0.20030638, -0.04399051, -0.09103689, -0.02083371, -0.04104227],
       [ 0.13723125,  0.06712838, -0.12312492, -0.08683818, -0.01572981],
       [ 0.04413393, -0.20452424, -0.03514452,  0.19432987, -0.03019998],
       [-0.08367567, -0.16388183, -0.03029872, -0.19188409, -0.00202756],
       [ 0.19128089, -0.02209815, -0.04762558,  0.0672789 ,  0.01955006],
       [ 0.13055629,  0.09859351, -0.12459615, -0.0967892 , -0.10324831],
       [ 0.06595857, -0.19815262, -0.03310396,  0.19107628, -0.17626551],
       [-0.08181401, -0.17761401, -0.01903425, -0.15340365,  0.0442994 ],
       [ 0.21436708,  0.02532413, -0.06498082,  0.04280476,  0.05572211],
       [-0.04445359,  0.13576314,  0.10377011, -0.07672927, -0.16842964],
       [ 0.06485672,  0.16081261, -0.07267038,  0.07596796,  0.04876662],
       [-0.11288303, -0.04328267,  0.19896668,  0.03028251,  0.07194203],
       [ 0.03181764, -0.0350201 , -0.01028952,  0.19133436,  0.05764307],
       [-0.0354968 ,  0.1863518 ,  0.05963642, -0.12805432,  0.10347294],
       [ 0.08299292,  0.15160624, -0.02714975,  0.18996929, -0.02564156]])})
2026-01-20 11:00:31,445 - final_problem_set.kxor_instance_n14_k2_m118_ell2_eps0.3_kappa0.875_rho0.0 - INFO - Running key extraction (n=14, m=118, ell=2, phase_qubits=11)
2026-01-20 11:00:31,446 - final_problem_set.kxor_instance_n14_k2_m118_ell2_eps0.3_kappa0.875_rho0.0 - INFO - Built voting matrix V (n=14, ell=2, dtype=complex128) in 0.001s
2026-01-20 11:00:31,446 - final_problem_set.kxor_instance_n14_k2_m118_ell2_eps0.3_kappa0.875_rho0.0 - INFO - Eval: adv=0.2373 (no ground-truth z available)
2026-01-20 11:00:31,446 - final_problem_set.kxor_instance_n14_k2_m118_ell2_eps0.3_kappa0.875_rho0.0 - INFO - Key extraction complete: x_hat=11
2026-01-20 11:00:31,446 - final_problem_set.kxor_instance_n14_k2_m118_ell2_eps0.3_kappa0.875_rho0.0 - INFO - Finished step 'KeyExtractionStep' in 0.001s (success: True, problem=kxor_instance_n14_k2_m118_ell2_eps0.3_kappa0.875_rho0.0)
2026-01-20 11:00:31,446 - final_problem_set.kxor_instance_n14_k2_m118_ell2_eps0.3_kappa0.875_rho0.0 - INFO - SUCCESS: len(z_hat)=14
2026-01-20 11:00:31,446 - final_problem_set.kxor_instance_n14_k2_m118_ell2_eps0.3_kappa0.875_rho0.0 - INFO - Metrics: adv=0.23728813559322035, ham_frac=None, corr=None
2026-01-20 11:00:31,446 - final_problem_set.kxor_instance_n14_k2_m118_ell2_eps0.3_kappa0.875_rho0.0 - INFO - z_hat (full): [ 1,  1, -1,  1,  1,  1,  1,  1,  1,  1,  1,  1, -1, -1]
