2026-01-20 11:01:01,817 - final_problem_set.kxor_instance_n21_k2_m148_ell2_eps0.15_kappa1.0_rho0.6 - INFO - Starting iteration for /Users/julian/CodingProjects/UniT3/QuarticSpeedupK-XOR/z_Daphne/data/final_problem_set/kxor_instance_n21_k2_m148_ell2_eps0.15_kappa1.0_rho0.6.npz
2026-01-20 11:01:01,818 - final_problem_set.kxor_instance_n21_k2_m148_ell2_eps0.15_kappa1.0_rho0.6 - INFO - Loaded instance (n=21, m=148, k=2)
2026-01-20 11:01:01,818 - final_problem_set.kxor_instance_n21_k2_m148_ell2_eps0.15_kappa1.0_rho0.6 - INFO - Starting step 'ComputeKikuchiStep' (version 0.1) on problem kxor_instance_n21_k2_m148_ell2_eps0.15_kappa1.0_rho0.6 (fields={'ell': 2, 'threshold': 0.0})
2026-01-20 11:01:01,839 - final_problem_set.kxor_instance_n21_k2_m148_ell2_eps0.15_kappa1.0_rho0.6 - INFO - Finished step 'ComputeKikuchiStep' in 0.021s (success: True, problem=kxor_instance_n21_k2_m148_ell2_eps0.15_kappa1.0_rho0.6)
2026-01-20 11:01:01,839 - final_problem_set.kxor_instance_n21_k2_m148_ell2_eps0.15_kappa1.0_rho0.6 - INFO - Starting step 'ClassicalEigenvaluesStep' (version 0.1) on problem kxor_instance_n21_k2_m148_ell2_eps0.15_kappa1.0_rho0.6 (fields={'ell': 2, 'threshold': 0.0, 'kikuchi_matrix': <Dictionary Of Keys sparse matrix of dtype 'int64'
	with 3990 stored elements and shape (210, 210)>, 'num_eigenvalues': 5})
2026-01-20 11:01:01,924 - final_problem_set.kxor_instance_n21_k2_m148_ell2_eps0.15_kappa1.0_rho0.6 - INFO - Finished step 'ClassicalEigenvaluesStep' in 0.085s (success: True, problem=kxor_instance_n21_k2_m148_ell2_eps0.15_kappa1.0_rho0.6)
2026-01-20 11:01:01,924 - final_problem_set.kxor_instance_n21_k2_m148_ell2_eps0.15_kappa1.0_rho0.6 - INFO - Starting step 'KeyExtractionStep' (version 0.1) on problem kxor_instance_n21_k2_m148_ell2_eps0.15_kappa1.0_rho0.6 (fields={'ell': 2, 'threshold': 0.0, 'kikuchi_matrix': <Dictionary Of Keys sparse matrix of dtype 'int64'
	with 3990 stored elements and shape (210, 210)>, 'num_eigenvalues': 5, 'eigenvalues': array([ 9.21839645,  9.42019843,  9.80638137, 11.25313709, 12.7264894 ]), 'eigenvectors': array([[ 1.11057599e-01, -3.93654688e-02,  1.29704789e-01, -1.08880469e-01, -5.56478053e-02],
       [-2.41342186e-02,  9.31489936e-02, -1.29210034e-02, -4.51643160e-02,  9.19567431e-02],
       [-1.32552635e-01,  1.11403810e-01,  2.64430463e-02, -4.41434164e-02,  8.07119707e-02],
       [-1.47254910e-01,  6.60328280e-02,  7.46725666e-02, -6.99853824e-02,  7.95752279e-02],
       [-1.58284067e-02, -1.26277533e-01, -2.67297934e-02,  6.03147406e-02, -6.23788257e-02],
       [-2.34133390e-02,  8.47173863e-03,  7.58102223e-02, -8.80309593e-02,  6.06475991e-02],
       [ 6.64687271e-02, -1.01658016e-01,  4.83782587e-02,  1.47321594e-02, -8.54518860e-02],
       [-8.87133406e-02, -1.46815570e-02, -4.54206861e-02, -1.80868298e-02,  7.35956254e-02],
       [-1.20110308e-02, -7.63444686e-03, -8.46595767e-02, -1.26733425e-02,  9.84048214e-02],
       [ 3.72743000e-02,  3.59332135e-02,  1.43709317e-02, -4.85374875e-02,  5.62967303e-02],
       [-3.47262510e-02, -1.12829053e-01, -2.01174987e-02, -2.78540821e-02,  6.69216689e-02],
       [ 3.38934328e-02,  3.75171442e-02, -9.93265559e-02,  1.24139350e-01, -9.05026106e-02],
       [ 4.68930641e-02, -1.17955734e-01,  1.17678244e-01, -1.34463073e-01,  5.43499694e-02],
       [-1.07800581e-01,  9.81190413e-02, -7.95515039e-02, -1.28859078e-02,  1.29157135e-01],
       [-5.12161928e-02,  1.65326686e-03, -1.12773036e-01,  1.12724281e-01, -1.86304426e-02],
       [-5.74163765e-02, -5.88362860e-02,  3.48258644e-02, -7.42413791e-02,  1.00939931e-01],
       [-3.46422514e-02,  2.84639750e-03, -1.18213389e-01,  1.36985001e-01, -8.08010580e-02],
       [-1.14586331e-01,  2.47703180e-02,  8.54131310e-02, -7.12805330e-02,  5.20339048e-02],
       [ 3.39234455e-02, -9.43052050e-02,  1.25131038e-01, -9.90705870e-02,  8.92562900e-03],
       [ 3.29120992e-02, -5.73635187e-02, -1.09430265e-01,  1.21777617e-02,  1.07329046e-01],
       [-4.17139643e-02,  2.69164182e-02, -8.74541875e-02, -1.32048466e-01, -1.69620356e-02],
       [-1.92184180e-02,  3.49330440e-02, -2.43111028e-02, -1.40077230e-01, -2.07412808e-02],
       [ 1.71058907e-02,  3.25224163e-02,  2.11930177e-02, -1.33669696e-01, -2.31712281e-02],
       [ 5.19158370e-02,  1.17544783e-02,  7.03443910e-03,  8.17387285e-02,  1.93338010e-02],
       [ 7.13275192e-02, -7.54589239e-03,  9.38742013e-02, -9.80515850e-02, -3.58947070e-02],
       [ 5.95893327e-02, -3.76710117e-02,  1.43139914e-01,  1.32209876e-01,  1.29504162e-02],
       [ 3.00225530e-02,  3.26516728e-02, -1.02556836e-01, -1.19083340e-01, -1.01455911e-02],
       [-7.18456986e-03,  1.39379802e-02, -1.32750817e-01, -1.17507115e-01, -8.34402179e-03],
       [-1.41163339e-02, -2.15993956e-02, -5.26053557e-04, -8.77524569e-02, -2.56690435e-02],
       [ 7.64058688e-02,  2.20270550e-03, -2.62899002e-02, -9.84880782e-02, -2.12278074e-02],
       [-1.00853038e-01, -5.52328265e-03, -7.36033186e-02,  1.63579655e-01,  6.22152520e-02],
       [ 9.99653533e-02, -9.85638328e-03,  1.58120764e-01, -6.10046752e-02, -4.22386473e-02],
       [-4.48962238e-02,  7.11794727e-02, -1.68853157e-01, -1.62759657e-01, -4.06212681e-03],
       [-6.39076273e-02,  5.96848766e-02, -1.69309963e-01,  2.38011008e-02,  3.61278441e-02],
       [ 4.60591491e-02,  7.46113993e-03, -1.93796844e-03, -1.46635191e-01, -2.92826322e-02],
       [-2.63008452e-02,  4.24989169e-02, -1.22149286e-01,  1.21917361e-01,  6.20108965e-02],
       [ 7.23501999e-02,  5.60295407e-03,  5.80918208e-02, -1.13117832e-01, -3.06906510e-02],
       [ 6.88882817e-02, -2.65119437e-02,  1.52191193e-01, -1.26945651e-02, -2.32892230e-02],
       [-2.43088742e-02,  2.72449829e-02, -1.77650303e-01, -1.18398345e-01, -6.35195949e-03],
       [ 2.08937038e-02,  1.27220798e-01,  6.38016558e-02,  4.68111059e-02,  8.11385368e-02],
       [-2.63010418e-02,  5.39637060e-02,  4.69306935e-02,  2.56988200e-02,  6.83673948e-02],
       [-8.71542960e-02, -1.02273959e-01, -2.93067290e-03,  1.34247004e-03, -4.40354988e-02],
       [ 9.94734446e-03,  5.61084011e-02, -2.07735686e-02, -1.99059099e-02,  6.66059827e-02],
       [-8.33088740e-02, -7.36821623e-02, -4.75315940e-02, -5.68775054e-02, -6.20448103e-02],
       [ 4.42506780e-04, -1.10222211e-02,  4.69404057e-02,  5.03484477e-02,  6.69396710e-02],
       [ 1.19462616e-01,  4.64840298e-03,  2.80434081e-02,  6.47472651e-02,  7.63404637e-02],
       [ 8.15774335e-02,  5.96910574e-02, -3.39702277e-03,  2.47831382e-03,  5.06530307e-02],
       [ 1.71575734e-02, -7.62522233e-02,  8.23097629e-03,  3.47635346e-02,  7.03941217e-02],
       [-3.43049618e-02, -4.29642427e-02,  1.14851101e-02,  1.13044310e-02, -1.14897400e-01],
       [ 2.83558655e-02, -2.61460529e-02, -7.05388109e-02, -6.40193822e-02,  6.97113241e-02],
       [ 8.86028907e-02,  5.54945440e-02,  5.01105510e-02,  7.77471138e-02,  8.04250564e-02],
       [-1.69613202e-02, -7.18011075e-02,  5.61045077e-02,  8.09709763e-02, -4.56371247e-02],
       [ 6.20334865e-02,  8.42109512e-03,  2.16486432e-02,  3.66518880e-02,  9.99696166e-02],
       [-1.03555110e-01, -1.00626900e-01,  4.17773874e-02,  4.22651860e-02, -1.03046074e-01],
       [-6.62959643e-02,  6.35907659e-02,  4.03022821e-02,  3.48646095e-03,  7.17817644e-02],
       [-1.49504095e-02, -1.97668900e-02, -4.46644098e-02, -6.39108673e-02,  2.76342433e-02],
       [ 1.40386069e-01, -3.67079049e-02,  1.92153094e-02,  7.73242573e-02,  6.46816041e-02],
       [-1.13858189e-01,  8.08687273e-02,  6.77122233e-02,  2.34590926e-02,  7.12405149e-02],
       [-4.69039039e-02, -1.72978140e-01, -3.83608370e-02, -1.93847358e-03, -5.89282277e-02],
       [-6.85926444e-02,  7.83661850e-02,  2.59856591e-02, -2.45066335e-02,  7.06134467e-02],
       [-3.27730583e-03, -1.01288542e-01, -5.56322581e-02, -6.36046376e-02, -6.26036262e-02],
       [-8.60091387e-02,  1.94900849e-03,  6.47497540e-02,  6.10491017e-02,  7.54036843e-02],
       [ 2.36152747e-02,  3.23598004e-02,  5.15277744e-02,  7.61652073e-02,  8.72498211e-02],
       [ 3.76857661e-02,  1.08847067e-01,  3.30758489e-02,  1.04481265e-02,  6.49198680e-02],
       [-9.17153196e-02, -7.59680491e-02,  4.27562892e-02,  4.78623831e-02,  8.75876302e-02],
       [ 1.15375308e-01, -7.50323367e-02, -6.22018930e-02,  1.15716409e-02, -1.17939118e-01],
       [-6.06318408e-02, -9.75147851e-03,  1.51571973e-02, -7.61086984e-02,  8.16949510e-02],
       [-1.45868943e-02,  9.29009865e-02,  7.24663422e-02,  9.12862848e-02,  9.51948150e-02],
       [ 3.86062182e-02, -9.84675339e-02,  4.42444492e-03,  9.31487918e-02, -4.37874720e-02],
       [-5.43837007e-02,  2.35316172e-02,  5.54440334e-02,  3.25019790e-02,  8.80685817e-02],
       [ 2.34048650e-02, -1.34304232e-01, -2.72792023e-02,  4.20389241e-02, -9.50194557e-02],
       [-1.36303982e-01,  6.86722192e-02,  4.98739945e-02, -1.71348803e-03,  5.77219346e-02],
       [-4.60051924e-02, -1.66904487e-02, -2.78901622e-03, -7.41618176e-02,  2.45229106e-02],
       [ 7.48601905e-02, -1.73229092e-02,  5.16163730e-02,  1.06111121e-01,  8.80541976e-02],
       [-1.78311982e-02, -9.80042952e-02, -3.78235612e-02,  1.16203528e-02, -5.00271246e-02],
       [-1.04605437e-01,  3.66722795e-02,  4.83958793e-02, -4.04155994e-02,  6.93362251e-02],
       [ 4.52387236e-02, -6.46661945e-02, -6.11401143e-02, -5.63829282e-02, -7.34426850e-02],
       [-9.07498987e-02, -2.76247223e-02,  3.58098627e-02,  3.86819309e-02,  5.91002837e-02],
       [-2.95031407e-02, -1.73062187e-02,  4.31830002e-02,  6.45834547e-02,  9.32136318e-02],
       [ 6.01669426e-03,  5.30809462e-02,  4.23140609e-02, -5.79382563e-03,  6.25134221e-02],
       [-7.79679867e-02, -8.59485225e-02,  2.62187708e-02,  2.58216438e-02,  6.29814277e-02],
       [ 1.30551874e-01, -1.00612597e-02, -7.76390858e-02,  2.75079103e-02, -9.88415426e-02],
       [-6.85440177e-02, -4.63752505e-02,  2.98948441e-02, -8.04530808e-02,  6.56088257e-02],
       [-8.27808820e-02,  3.28196865e-02,  4.33140537e-02,  6.99353664e-02,  9.01786336e-02],
       [ 3.54621880e-02, -5.95561438e-02, -3.81325573e-02,  9.92884536e-02, -4.10284876e-02],
       [-1.06042141e-01, -3.18809434e-02,  6.49028009e-02,  2.16192157e-02,  9.95166506e-02],
       [ 5.19476507e-02, -6.29032625e-02, -7.83656092e-02,  6.64289211e-02, -1.04267734e-01],
       [-1.39671017e-01,  3.46597384e-02,  5.79387889e-02, -1.47216602e-02,  5.18694069e-02],
       [-2.38228759e-02, -3.33587062e-02,  7.53528674e-03, -7.33108153e-02,  1.82850138e-02],
       [ 1.71488818e-02, -6.65406423e-02,  3.08701156e-02,  9.41279894e-02,  9.13925739e-02],
       [-4.54343328e-02, -9.83635359e-02, -8.78668359e-03,  4.18126013e-02, -5.14781496e-02],
       [ 9.16944206e-02,  1.27291719e-01,  9.72993487e-03,  1.97796990e-02,  5.11105999e-02],
       [-4.08202059e-02, -4.61220479e-02, -1.52525702e-02, -7.82410575e-03, -5.22336591e-02],
       [-1.08538686e-01, -5.58300261e-02,  1.41967224e-02, -1.77267614e-02, -5.38767753e-02],
       [-7.37540244e-02, -7.40993162e-02, -1.98217275e-03,  1.12214508e-02, -3.46901521e-02],
       [-6.20418886e-02,  1.63857372e-02,  7.71610078e-04, -8.08885563e-04, -5.91917502e-02],
       [ 8.56714340e-02,  1.07514321e-01,  2.17160301e-02, -4.79394556e-02,  8.58743423e-02],
       [-5.43587703e-02, -1.11325056e-02,  1.06883557e-02,  6.48901288e-02, -4.92154720e-02],
       [-1.09890767e-01, -1.27128638e-01,  3.28364523e-03, -1.61479974e-02, -6.16528831e-02],
       [ 2.30182956e-03,  6.16104813e-02, -1.18387146e-02, -5.96084786e-02,  2.50946931e-02],
       [-1.01369923e-01, -7.92662700e-02, -1.74079676e-02,  6.28304783e-03, -8.33823078e-02],
       [ 9.26951867e-02,  1.26187023e-01,  1.01974735e-03, -4.65266303e-02,  6.40773725e-02],
       [ 1.57182309e-02, -1.02556098e-01, -4.62342703e-02,  2.59941254e-02, -5.20213521e-02],
       [-3.52559419e-04,  1.32423684e-02, -7.89804955e-03,  4.98866017e-02, -1.75566998e-02],
       [-1.60150841e-01, -2.44966338e-02,  2.02255264e-02, -3.75997813e-02, -5.73529930e-02],
       [ 1.73860553e-04, -7.40623856e-02,  1.64351534e-02, -2.45080980e-03, -7.94819082e-02],
       [-7.22317099e-02, -3.33369948e-02, -2.12442247e-02, -4.64458025e-03,  6.67102300e-02],
       [ 2.49225385e-02, -1.91489531e-02, -6.40880430e-02,  5.56466597e-03,  8.13913239e-02],
       [ 6.05201037e-02,  3.18116150e-02,  6.87488412e-03, -3.91598072e-02,  5.47015105e-02],
       [-3.03618987e-02, -1.07963550e-01, -2.06356932e-02, -1.25393423e-02,  6.35472453e-02],
       [ 5.98598316e-03,  2.81272720e-02, -5.34018167e-02,  7.97312021e-02, -8.52247221e-02],
       [ 3.06474362e-02, -7.39137271e-02,  3.79666359e-02, -8.61443435e-02,  4.48547763e-02],
       [-4.92413205e-02,  5.31897061e-02, -7.32041223e-02,  3.64589914e-03,  9.11125059e-02],
       [-4.52260287e-02, -1.52647557e-02, -6.11278518e-02,  8.71072434e-02, -2.44319185e-02],
       [-1.52878008e-02, -4.86799185e-02,  1.30002345e-02, -3.86520161e-02,  9.02587849e-02],
       [-7.59977476e-02, -1.44388965e-02, -6.60005470e-02,  1.08547797e-01, -8.52933456e-02],
       [-9.98406241e-02,  1.66613104e-02,  7.24493879e-02, -5.24823204e-02,  5.71749888e-02],
       [ 2.04316496e-02, -6.31056441e-02,  6.89898713e-02, -7.57222760e-02,  1.38667965e-02],
       [ 5.80890969e-02, -5.63487207e-02, -9.34628880e-02,  2.50657568e-02,  7.98286586e-02],
       [ 1.36295270e-02,  9.81448920e-03, -7.47518700e-02, -7.20899429e-02, -6.42234694e-02],
       [-8.80823978e-02, -7.43042606e-03, -5.32897294e-02, -7.39536307e-02, -5.90571341e-02],
       [-8.45945631e-02, -7.97502371e-02,  9.35022074e-04, -2.69340506e-02, -5.52585417e-02],
       [ 1.15754858e-02,  6.90139899e-02, -2.73949195e-02, -5.69212858e-02, -6.58762717e-02],
       [-1.90330539e-02,  5.66251886e-02, -3.51091158e-02,  2.89448986e-02,  9.48150585e-02],
       [-6.13978194e-03,  1.47579890e-02,  7.88183250e-02,  4.28348038e-02, -7.27124642e-02],
       [-8.57655441e-02, -5.04357241e-02, -9.82422882e-02, -1.05701444e-01, -7.75911821e-02],
       [-1.52732363e-02,  8.55843087e-02, -9.36358388e-02, -6.97158502e-02,  4.45280963e-02],
       [-2.42452869e-02, -1.32368443e-02, -1.99964695e-02, -5.74514237e-02, -7.26390248e-02],
       [ 4.46273687e-02,  1.06862347e-01, -8.07845340e-02, -3.48829519e-03,  8.34742685e-02],
       [ 8.95583089e-02, -6.37101729e-02, -2.28398335e-02, -2.59309991e-02, -6.25027305e-02],
       [ 2.89402869e-02,  5.71255992e-03,  5.94697189e-02,  5.05829339e-02, -2.84725897e-02],
       [-1.45832316e-01,  3.12861950e-02, -6.80522262e-02, -1.08577518e-01, -6.08621052e-02],
       [-1.25117138e-02, -5.66408953e-02,  4.39784268e-02,  5.73035924e-02,  5.76956531e-02],
       [ 3.01147478e-02, -7.91432547e-04,  6.89917020e-03,  1.32049987e-02,  5.68878706e-02],
       [-6.67511675e-02, -1.01027340e-01,  7.36146940e-03,  3.32756412e-02,  4.69687820e-02],
       [ 9.81048090e-02,  9.19001339e-02,  1.33971816e-02, -1.07894222e-02, -1.01383612e-01],
       [-4.62791376e-02, -9.49665631e-02, -7.27363856e-02, -5.11690018e-02,  6.22621345e-02],
       [-5.18550617e-02, -4.52734190e-02,  7.32086508e-02,  8.56944103e-02,  7.24539448e-02],
       [ 8.52235347e-03, -1.49443762e-02,  6.61858526e-02,  6.81576029e-02, -4.34266313e-02],
       [-7.96418855e-02, -1.07755569e-01,  3.00110317e-02,  4.68081034e-02,  8.71300688e-02],
       [ 2.88280859e-03,  3.96162158e-02,  2.49960156e-02,  2.98271351e-02, -1.09921574e-01],
       [-1.09033169e-01, -2.54895710e-02,  9.79169911e-03,  1.82352589e-02,  5.28328899e-02],
       [-2.41980351e-02, -4.87634506e-02, -5.52042766e-02, -5.70345439e-02,  2.59262670e-02],
       [ 1.62876319e-02, -9.03718843e-02,  5.39480162e-02,  7.28588541e-02,  5.93964816e-02],
       [ 1.17307370e-01,  1.19040451e-02, -2.59761838e-02,  2.34687905e-02,  6.20671085e-02],
       [-5.78204622e-03, -1.06195656e-01, -1.07868058e-02,  4.06985389e-02,  5.90445240e-02],
       [-3.62648398e-02,  7.72562942e-02,  7.56534917e-02, -2.58624585e-02, -1.19013993e-01],
       [ 2.95156152e-02, -9.00553046e-02, -1.42242549e-01, -4.11712322e-02,  7.08903125e-02],
       [ 9.23588448e-02, -2.71554908e-02,  6.98781164e-02,  1.03159814e-01,  8.36229885e-02],
       [-1.38912929e-02, -2.67120088e-02,  1.37738350e-01,  6.43904571e-02, -4.59526720e-02],
       [ 4.43667426e-02, -6.94967139e-02, -1.74003021e-02,  5.42871502e-02,  8.37611374e-02],
       [-1.23265834e-01,  1.18454287e-02,  1.20277427e-01,  6.72952588e-03, -1.07945444e-01],
       [-7.00549583e-02, -1.43435115e-02,  6.39501605e-03,  2.91485386e-02,  7.54492564e-02],
       [-1.51950899e-02, -4.54408391e-02, -9.35990705e-02, -5.24789975e-02,  3.04007007e-02],
       [ 1.35485039e-01, -7.45753503e-02,  3.18873193e-02,  8.24037876e-02,  5.55949957e-02],
       [ 5.19372550e-02, -6.24980510e-02, -1.23694865e-02,  1.76323603e-03,  5.41091906e-02],
       [-9.16387454e-02, -1.17772128e-02, -5.85948624e-03,  4.51412326e-02, -8.24206601e-02],
       [ 7.62524584e-02, -5.15989777e-02, -1.48414635e-02, -6.71336993e-02,  4.69682460e-02],
       [ 1.02831402e-01,  7.48052104e-02, -6.30179575e-03,  3.59859142e-02,  8.06701033e-02],
       [-4.91775844e-02, -1.89333284e-02, -1.35573231e-03,  6.86050530e-02, -2.56343616e-02],
       [ 8.88004028e-02,  3.48587355e-03,  3.22262619e-04, -5.57704650e-03,  7.42464484e-02],
       [-1.07892281e-01, -4.13683490e-02,  1.10587602e-02,  4.70404145e-02, -6.04567761e-02],
       [-1.31543320e-02,  4.08450306e-02,  4.35297091e-02, -2.10384631e-02,  5.36144835e-02],
       [ 1.01288702e-02, -4.13888314e-02,  5.81056018e-03, -5.51623376e-02,  1.34606628e-02],
       [ 1.17335080e-01, -1.05876672e-02, -4.46943922e-02,  3.25916387e-02,  5.30816085e-02],
       [ 3.87085588e-02,  1.80650481e-01,  2.98519385e-02, -1.92461257e-04, -7.86674509e-02],
       [ 6.35933888e-03, -1.39399097e-01, -6.52912237e-02, -4.58449126e-02,  4.48886901e-02],
       [-5.16136048e-02, -1.17070198e-01,  1.55602212e-02,  7.87155703e-02,  8.93951096e-02],
       [-4.25299217e-02,  4.89674746e-02,  3.43862379e-02,  6.80551641e-02, -3.49582980e-02],
       [-6.12875055e-02, -1.82199894e-01, -1.13345371e-02,  2.82326698e-02,  7.86756381e-02],
       [-4.61666335e-02,  1.47778365e-01,  3.64536304e-02,  3.45584151e-02, -8.97313833e-02],
       [-1.03699738e-01, -9.66550282e-02,  2.17122747e-02,  6.43011474e-03,  5.71078744e-02],
       [ 5.22922028e-03, -8.03568611e-02, -3.18915756e-02, -5.50445403e-02,  1.64872419e-02],
       [ 9.52242271e-03, -1.23869017e-01, -2.15877804e-02,  5.54970499e-02,  5.60864469e-02],
       [-5.63868882e-02,  1.47994557e-01, -3.34309504e-02,  1.23448239e-01, -6.28062198e-02],
       [ 5.71829762e-02, -1.51614763e-02,  5.63493415e-02, -4.88646582e-02, -1.57844951e-01],
       [ 7.91668071e-02, -1.18404508e-02,  8.44811426e-02, -1.49334851e-01,  4.09074561e-02],
       [ 3.36877435e-02,  1.12229066e-01, -5.49614632e-03,  2.80301855e-02, -1.09733309e-01],
       [ 8.99455375e-02, -3.63761561e-02,  5.50960824e-02, -1.27753692e-01,  1.06451518e-01],
       [ 1.32130336e-01,  1.42264805e-02, -9.40674114e-02,  5.26507328e-02, -7.42206157e-02],
       [-2.75629581e-02,  1.03193346e-01, -6.86341687e-02,  1.12024474e-01, -1.46794378e-02],
       [-6.53813128e-02,  1.05632755e-01,  1.30179872e-01, -6.39007260e-02, -1.05621872e-01],
       [-5.18464496e-02, -2.97051819e-02, -1.63369928e-01, -5.31614627e-02,  9.20973105e-02],
       [-8.86300252e-02,  5.45294719e-02, -1.08135132e-01,  8.63783172e-02, -1.51512679e-02],
       [ 8.24303869e-03, -1.20172041e-01, -3.85946561e-02, -7.79628892e-02,  6.54867475e-02],
       [-1.04095815e-01,  1.14708314e-01, -5.84535063e-02,  1.23151308e-01, -5.73527638e-02],
       [-5.30664569e-02, -6.71170006e-02,  7.92798797e-02, -8.76812141e-02,  5.04885905e-02],
       [ 4.36481897e-02, -7.71333002e-02,  8.86787721e-02, -5.89846791e-02,  1.13480580e-03],
       [ 4.26918957e-02, -1.06493021e-01, -1.98271637e-01, -2.08694540e-02,  6.72590950e-02],
       [ 1.17983595e-02, -1.03311271e-01,  1.24070428e-01,  8.16541082e-02, -7.45175617e-02],
       [ 2.80601235e-04, -3.69957884e-02,  2.42527557e-02,  9.77758571e-02,  1.28664775e-01],
       [-7.03216574e-02, -1.04356560e-01,  1.04066958e-01,  3.40412083e-03, -1.48329396e-01],
       [-1.43657467e-01,  4.63782060e-02,  1.89149138e-02,  4.33717428e-02,  9.45345647e-02],
       [-4.66430519e-02, -1.98167703e-02, -9.94161071e-02, -6.11371436e-02,  4.88973416e-02],
       [ 1.46957775e-01, -8.06799633e-02,  8.03319297e-02,  1.30012360e-01,  7.87673664e-02],
       [-3.95134682e-02,  1.12399517e-03,  3.73800871e-03,  1.10011129e-01, -4.63070097e-02],
       [ 7.55949804e-02, -4.43324331e-03,  9.60799211e-02, -1.22635778e-01,  2.51755279e-02],
       [ 1.56822160e-02, -2.88802562e-02, -7.66420731e-02,  9.71452357e-02, -2.63958958e-02],
       [-5.43761731e-02,  6.29938356e-02, -1.32620050e-01,  5.54984682e-02,  4.10015047e-03],
       [-6.85464252e-02,  6.66999081e-03,  1.49436623e-01,  5.01284737e-02, -5.59378750e-02],
       [-6.76646682e-02,  3.44040049e-02,  1.74962232e-02,  6.07637667e-02, -9.80264204e-02],
       [-1.14106166e-01, -3.56593048e-02,  5.59063303e-02, -1.22306722e-02,  6.90189703e-02],
       [-1.18614169e-02, -5.78173984e-02, -1.95111987e-02, -8.09350915e-02,  1.43783218e-02],
       [ 7.49025050e-02, -1.00025998e-01, -4.25396855e-02,  8.49766698e-02,  7.93515169e-02],
       [ 6.24610651e-02, -2.81080066e-02, -1.09770423e-01,  8.74225985e-02, -7.90591649e-02],
       [-1.99701664e-02,  8.85693841e-02, -8.56800106e-02,  8.88751859e-02, -5.11791304e-03],
       [-1.41290555e-01,  4.27122779e-02,  1.80783062e-01, -2.87865324e-02, -9.70576503e-02],
       [-9.19861596e-03, -4.82403888e-02,  5.95060970e-02, -7.44881488e-02,  1.09959997e-02],
       [-3.63958323e-02, -5.71774433e-02, -2.38733042e-03,  5.84501927e-02,  8.32245784e-02],
       [-2.33433576e-02, -4.41885055e-02, -1.40510984e-01, -4.27886978e-02,  2.94852928e-02]])})
2026-01-20 11:01:01,926 - final_problem_set.kxor_instance_n21_k2_m148_ell2_eps0.15_kappa1.0_rho0.6 - INFO - Running key extraction (n=21, m=148, ell=2, phase_qubits=12)
2026-01-20 11:01:01,929 - final_problem_set.kxor_instance_n21_k2_m148_ell2_eps0.15_kappa1.0_rho0.6 - INFO - Built voting matrix V (n=21, ell=2, dtype=complex128) in 0.003s
2026-01-20 11:01:01,930 - final_problem_set.kxor_instance_n21_k2_m148_ell2_eps0.15_kappa1.0_rho0.6 - INFO - Eval: adv=0.5541, hamming=0/21 (0.000), corr=1.000
2026-01-20 11:01:01,930 - final_problem_set.kxor_instance_n21_k2_m148_ell2_eps0.15_kappa1.0_rho0.6 - INFO - Key extraction complete: x_hat=12
2026-01-20 11:01:01,930 - final_problem_set.kxor_instance_n21_k2_m148_ell2_eps0.15_kappa1.0_rho0.6 - INFO - Finished step 'KeyExtractionStep' in 0.004s (success: True, problem=kxor_instance_n21_k2_m148_ell2_eps0.15_kappa1.0_rho0.6)
2026-01-20 11:01:01,930 - final_problem_set.kxor_instance_n21_k2_m148_ell2_eps0.15_kappa1.0_rho0.6 - INFO - SUCCESS: len(z_hat)=21
2026-01-20 11:01:01,930 - final_problem_set.kxor_instance_n21_k2_m148_ell2_eps0.15_kappa1.0_rho0.6 - INFO - Metrics: adv=0.5540540540540541, ham_frac=0.0, corr=1.0
2026-01-20 11:01:01,930 - final_problem_set.kxor_instance_n21_k2_m148_ell2_eps0.15_kappa1.0_rho0.6 - INFO - z_hat (full): [-1,  1, -1, -1, -1,  1, -1,  1, -1, -1, -1, -1,  1, -1, -1,  1, -1,  1, -1, -1, -1]
