2026-01-20 11:00:51,648 - final_problem_set.kxor_instance_n19_k2_m209_ell2_eps0.2_kappa0.75_rho0.0 - INFO - Starting iteration for /Users/julian/CodingProjects/UniT3/QuarticSpeedupK-XOR/z_Daphne/data/final_problem_set/kxor_instance_n19_k2_m209_ell2_eps0.2_kappa0.75_rho0.0.npz
2026-01-20 11:00:51,648 - final_problem_set.kxor_instance_n19_k2_m209_ell2_eps0.2_kappa0.75_rho0.0 - INFO - Loaded instance (n=19, m=209, k=2)
2026-01-20 11:00:51,648 - final_problem_set.kxor_instance_n19_k2_m209_ell2_eps0.2_kappa0.75_rho0.0 - INFO - Starting step 'ComputeKikuchiStep' (version 0.1) on problem kxor_instance_n19_k2_m209_ell2_eps0.2_kappa0.75_rho0.0 (fields={'ell': 2, 'threshold': 0.0})
2026-01-20 11:00:51,672 - final_problem_set.kxor_instance_n19_k2_m209_ell2_eps0.2_kappa0.75_rho0.0 - INFO - Finished step 'ComputeKikuchiStep' in 0.024s (success: True, problem=kxor_instance_n19_k2_m209_ell2_eps0.2_kappa0.75_rho0.0)
2026-01-20 11:00:51,672 - final_problem_set.kxor_instance_n19_k2_m209_ell2_eps0.2_kappa0.75_rho0.0 - INFO - Starting step 'ClassicalEigenvaluesStep' (version 0.1) on problem kxor_instance_n19_k2_m209_ell2_eps0.2_kappa0.75_rho0.0 (fields={'ell': 2, 'threshold': 0.0, 'kikuchi_matrix': <Dictionary Of Keys sparse matrix of dtype 'int64'
	with 4250 stored elements and shape (171, 171)>, 'num_eigenvalues': 5})
2026-01-20 11:00:51,760 - final_problem_set.kxor_instance_n19_k2_m209_ell2_eps0.2_kappa0.75_rho0.0 - INFO - Finished step 'ClassicalEigenvaluesStep' in 0.087s (success: True, problem=kxor_instance_n19_k2_m209_ell2_eps0.2_kappa0.75_rho0.0)
2026-01-20 11:00:51,760 - final_problem_set.kxor_instance_n19_k2_m209_ell2_eps0.2_kappa0.75_rho0.0 - INFO - Starting step 'KeyExtractionStep' (version 0.1) on problem kxor_instance_n19_k2_m209_ell2_eps0.2_kappa0.75_rho0.0 (fields={'ell': 2, 'threshold': 0.0, 'kikuchi_matrix': <Dictionary Of Keys sparse matrix of dtype 'int64'
	with 4250 stored elements and shape (171, 171)>, 'num_eigenvalues': 5, 'eigenvalues': array([-11.487587  ,  10.68849606,  11.07364568,  11.69878993,  12.1111617 ]), 'eigenvectors': array([[-1.02278312e-01, -1.01670316e-02,  1.47875978e-02,  4.08894255e-02,  3.82019652e-02],
       [-2.47902456e-02,  1.68450091e-01,  2.58780742e-02,  1.83838683e-02,  8.61998179e-02],
       [-3.47560463e-02,  2.24976586e-01, -5.14044559e-02, -9.78265197e-02, -6.21593889e-02],
       [-1.16388071e-01,  1.01873778e-01,  8.42852885e-03, -5.24718685e-03,  1.29755103e-02],
       [ 1.81839944e-02,  2.53476057e-02,  3.61043198e-02,  5.90137981e-02,  8.48048541e-02],
       [-1.85655898e-01, -7.07230357e-02,  3.77810672e-02,  1.05179681e-01,  1.34233102e-01],
       [-1.78626915e-02, -6.28858483e-02, -3.19342341e-02, -5.51964440e-02, -1.37137917e-01],
       [-1.57173404e-01,  1.28307181e-01, -2.05141887e-02, -4.01797649e-02, -4.32849426e-02],
       [-1.22664304e-01,  2.21851095e-02, -3.06619086e-02, -1.03707971e-01, -9.91935390e-02],
       [-2.09957479e-01,  2.02031920e-01, -3.05321366e-02, -4.83618081e-02,  1.05595443e-02],
       [ 1.47726302e-01,  7.52161420e-03, -1.25837669e-02, -6.23363669e-02, -9.59519072e-02],
       [-2.91977883e-02, -9.85692915e-02,  5.00151127e-02,  9.65139218e-02,  8.28203454e-02],
       [-4.34662622e-02, -2.77425932e-02,  3.34670603e-02,  1.45506299e-02, -3.97414861e-03],
       [ 9.13379982e-02,  9.69599354e-02,  2.85024248e-02,  1.14074717e-01,  1.45549989e-01],
       [ 7.08987364e-02, -1.71348598e-01,  2.52877016e-02,  1.36398313e-02, -3.77135449e-02],
       [-1.36432616e-01, -1.42622474e-01,  4.41267244e-02,  7.84050559e-02,  6.10412470e-02],
       [ 1.48585744e-01,  9.79098185e-02, -4.26565604e-03,  5.47307938e-02,  8.37827751e-02],
       [-1.61145975e-01, -1.86020367e-01, -1.89942537e-02, -2.50892502e-03, -7.23204105e-02],
       [ 3.24659956e-02, -1.11112735e-01, -9.56845234e-02, -1.85225463e-03, -2.05385937e-02],
       [ 1.15812179e-02, -8.45198022e-02,  4.88321160e-02,  3.85391119e-02,  9.16250644e-02],
       [ 6.55393839e-02, -7.00259502e-02, -3.35448990e-02,  6.65352087e-03,  1.55501643e-02],
       [-1.52349609e-02, -3.82696293e-02, -9.03366311e-02, -1.77418928e-02, -5.28941728e-02],
       [ 6.73682360e-02,  4.07385965e-02, -1.12414782e-01, -1.29168805e-02, -1.19823188e-01],
       [-9.42018489e-03,  2.48937092e-02,  1.37740151e-01, -2.39330660e-03,  8.39611134e-02],
       [ 6.01760679e-02, -8.50146980e-02,  1.67491364e-02,  8.35308117e-03,  6.22122286e-02],
       [ 6.25421867e-02,  4.03111496e-02,  1.10291442e-01,  3.88660717e-02,  5.93216262e-02],
       [ 5.73063888e-02, -5.70525930e-02, -3.06044399e-02,  3.54642624e-02,  3.67286864e-02],
       [-5.34148863e-02,  7.33225559e-03,  8.84377778e-02,  1.42890969e-02,  5.92560419e-02],
       [-6.52911428e-03,  3.31050786e-02, -9.41760212e-02, -3.70176036e-02, -1.00886977e-01],
       [ 1.58570836e-02, -4.18388833e-02, -1.63247022e-02, -2.43870054e-02,  6.19388722e-03],
       [-3.20406773e-02, -8.08720753e-02, -1.64082272e-01, -3.88193013e-02, -7.52085760e-02],
       [-4.34759087e-02,  7.06444633e-02,  5.75170913e-02, -2.43558747e-02, -1.13078868e-02],
       [ 4.33894978e-02,  7.39168210e-02, -5.55061181e-02, -2.89448181e-02, -8.61243005e-02],
       [-4.27115668e-02, -5.35012206e-02, -8.91078675e-02, -1.20286624e-02, -3.69905418e-02],
       [ 8.07775567e-02,  8.16841914e-02,  1.10713213e-01, -2.00523722e-02,  2.15248098e-02],
       [ 9.44000876e-03,  1.09324375e-01, -2.06345196e-02, -4.43786869e-02,  1.31770867e-01],
       [ 2.37422826e-02,  3.20573633e-03, -9.80999176e-02,  2.67279326e-03,  3.97216930e-02],
       [-3.48498553e-04, -5.29297795e-02, -1.01145446e-01,  6.22396540e-02, -2.38644812e-02],
       [ 4.57095885e-02,  2.51420762e-02, -5.20827939e-02,  1.56220505e-01, -6.70743811e-02],
       [ 1.51396563e-02, -6.90127344e-02,  9.95843136e-02, -1.35960875e-01,  1.26048890e-02],
       [ 4.15961168e-02,  1.45042556e-02, -5.38475898e-02, -5.28524182e-02,  6.87340291e-02],
       [ 1.50019317e-02,  7.73032050e-02,  1.20505015e-01, -1.05302916e-01,  4.36902725e-02],
       [ 7.15232864e-02,  1.44074631e-01, -2.62056941e-02,  5.73273031e-02,  8.47293460e-02],
       [-5.32185693e-02, -2.92603029e-02,  5.66906227e-02, -9.95768478e-02,  2.58612753e-02],
       [ 1.29177194e-02, -6.18024952e-02, -4.35082675e-02,  9.35118792e-02, -8.54799939e-02],
       [-9.95770895e-04, -1.34830293e-01, -5.30531600e-02, -5.98110619e-02, -2.33071838e-02],
       [-2.70655330e-02, -1.07049268e-03, -1.63233991e-01,  1.46453832e-01, -1.24962474e-02],
       [-1.75594889e-03, -1.31374600e-01,  7.93934868e-02, -9.30141676e-02, -6.65242971e-02],
       [ 2.24862410e-02, -4.33011909e-02,  1.65432468e-03,  6.32791900e-02, -8.65827887e-02],
       [-4.54627604e-02,  3.76979674e-02, -1.15000911e-01,  1.14312303e-01,  7.88186743e-03],
       [ 1.81462919e-02, -7.96523386e-02,  1.05967852e-01, -8.06754439e-02, -3.61363015e-02],
       [ 3.74807092e-02,  5.72429410e-02,  5.12159653e-02, -1.55627159e-02,  3.83843076e-02],
       [-2.69163379e-03, -7.17030659e-02,  4.13372123e-02,  4.70692007e-02,  1.53605920e-01],
       [ 3.48278003e-02, -4.14472859e-02, -9.89212128e-02,  5.89305805e-02,  1.40996661e-01],
       [ 9.11824109e-04, -9.30719757e-02,  1.02815526e-01, -4.63851570e-04, -1.54774575e-01],
       [ 4.15050844e-02,  9.03887984e-02,  4.89663971e-02, -4.14363981e-02, -4.04608272e-02],
       [ 4.00917256e-02,  8.93440530e-02,  5.96677650e-02, -6.11092927e-02, -1.56707711e-01],
       [ 5.83999328e-02,  2.01755873e-01, -8.54811732e-02, -1.08874200e-01,  6.45922536e-03],
       [-3.00847577e-02, -2.34823465e-02,  1.04149235e-01, -1.48158977e-02, -1.04167833e-01],
       [ 9.55085893e-03, -1.15748728e-01, -4.99194220e-02,  7.79431495e-02,  1.08938400e-01],
       [ 1.49006699e-02, -1.06701995e-01,  1.20542626e-01,  4.30910392e-02,  3.16927216e-02],
       [-3.04699232e-02,  1.94362561e-02, -1.07162509e-01,  3.16234890e-02,  2.12507731e-01],
       [-1.95173858e-02, -1.66456979e-01,  1.16244622e-01,  8.08806524e-02, -4.52368536e-02],
       [ 2.01342536e-02, -1.31571120e-01, -1.63557053e-02,  7.00453784e-02,  7.06366589e-02],
       [-1.35650145e-02,  1.74281736e-02, -9.43787974e-02, -9.40492142e-04,  1.30015860e-01],
       [ 3.46329390e-02, -1.29283059e-01,  2.07387358e-02,  5.64620439e-02, -9.67622271e-02],
       [-9.31986760e-03, -5.74397129e-02, -5.87055848e-02,  9.55760905e-03,  2.18875377e-02],
       [ 1.05155787e-01, -1.34781997e-02, -1.18482684e-01,  3.76525937e-02, -1.02779623e-02],
       [-1.35270046e-02, -1.73997156e-02,  1.40738012e-01, -8.80460324e-03, -1.92833212e-02],
       [ 1.37102943e-01, -1.13439305e-03,  2.35610332e-02, -1.24744380e-02,  1.80518685e-02],
       [ 5.60745090e-02,  6.62164542e-02,  1.22535428e-01, -2.68672193e-02, -1.90528680e-02],
       [ 1.15470582e-01,  1.05923522e-01, -5.21254837e-02, -1.19873846e-02,  3.78469633e-02],
       [-9.14184478e-02, -3.43437310e-03,  1.04470900e-01, -2.64414590e-02, -3.00816397e-03],
       [ 3.72972899e-03, -5.85551240e-02, -9.11030644e-02,  2.46526932e-02, -1.24004766e-02],
       [-1.31741280e-03, -8.62490005e-02,  2.24381156e-02, -5.80435755e-03,  4.61048719e-03],
       [-7.21293338e-02, -3.59356722e-02, -1.81026434e-01,  2.43557748e-02,  3.13238373e-02],
       [-5.42190296e-02, -6.74999670e-02,  8.74298054e-02, -6.30795918e-03, -2.97922524e-02],
       [ 9.74144235e-02, -4.72417520e-02, -3.88011634e-02,  1.99714832e-02, -2.21352519e-02],
       [-1.20340416e-01, -2.96372017e-03, -1.14696079e-01,  2.11141864e-02,  2.41074878e-02],
       [ 8.31580989e-02, -1.58941444e-02,  7.75486867e-02,  3.19335252e-03, -2.46683454e-02],
       [-1.48328894e-02,  4.86202528e-02, -8.56001407e-02,  4.02404001e-02, -1.06265537e-01],
       [ 3.00206403e-03, -1.49943519e-02,  9.96887190e-02, -6.13607974e-02,  7.56635585e-02],
       [-4.81824693e-02, -6.90372689e-02, -2.11339314e-02, -3.50968909e-03,  6.52106871e-02],
       [-1.46228107e-02,  6.93907919e-03,  1.46998533e-01, -3.11571624e-02,  1.20156902e-01],
       [-4.09484023e-02, -7.12986737e-03, -4.56947308e-05,  8.67576085e-02,  6.57456127e-02],
       [ 3.98869979e-02, -3.88396351e-02,  7.27209360e-02, -6.07620293e-02,  9.22946731e-02],
       [-8.46446046e-03,  2.18810637e-02, -7.97973513e-02,  3.32590257e-03, -1.17737823e-01],
       [-1.49932394e-03, -6.59423414e-02, -5.23406847e-02, -5.10587066e-02, -2.14252026e-02],
       [ 2.56521700e-02, -1.99372952e-02, -1.60743093e-01,  5.80954929e-02, -1.04639614e-01],
       [ 1.03398597e-02, -1.11643471e-02,  5.82185685e-02, -1.01326528e-01, -2.04021175e-02],
       [-2.02949133e-02,  3.02880761e-02, -2.10758173e-02, -9.91440422e-03, -8.44022999e-02],
       [ 2.66389561e-02, -8.56430357e-03, -9.97983268e-02,  6.92344213e-02, -5.03220486e-02],
       [-2.77964271e-02,  5.71452765e-02,  7.30587621e-02, -6.17005718e-02, -6.09368484e-05],
       [-1.44566986e-02, -3.21496703e-02, -8.14374935e-02, -1.44913958e-01,  9.34098504e-02],
       [ 1.65645595e-01, -3.85839160e-02, -1.11117588e-01,  1.43873259e-03,  5.78407291e-02],
       [ 1.11154601e-01, -7.70191971e-02, -5.38318652e-03, -6.74575583e-02,  1.56173549e-01],
       [ 1.83756806e-01, -2.65992701e-03,  6.02113021e-02,  1.65447971e-01,  6.22646683e-02],
       [-1.56426977e-01, -4.56213167e-02, -1.10381620e-01, -1.03588745e-01,  9.55807094e-02],
       [ 1.51376070e-02,  4.88729071e-02,  6.84061935e-02,  1.91824659e-02, -1.17867761e-01],
       [ 8.70357852e-03,  8.35266166e-03, -1.52247600e-01, -6.64609215e-02, -6.49342067e-02],
       [-9.42581922e-02,  7.76035082e-02,  4.22552195e-02,  1.46414276e-01, -1.60058865e-01],
       [-8.76866804e-02, -2.43656846e-03, -6.82583419e-02, -1.67349491e-01, -1.46999872e-02],
       [ 1.54966451e-01,  2.98521146e-02,  6.14048535e-02, -1.75571530e-02, -8.15255026e-02],
       [-1.51866206e-01,  5.03629284e-02,  3.73691662e-02,  1.11477544e-01, -7.68040118e-02],
       [ 1.41442063e-01,  9.93185651e-03,  2.97197126e-02, -1.38224065e-01,  1.95118606e-02],
       [ 1.29703998e-02, -1.98767094e-02,  1.17362055e-01,  2.34943609e-02, -6.85332529e-02],
       [-4.31443758e-03,  1.41497562e-02, -4.92740831e-02,  1.30059285e-01, -1.32132203e-01],
       [-2.53051334e-02, -8.68830055e-02, -1.50324620e-02, -1.19170137e-01, -9.44732219e-02],
       [ 1.47587711e-02,  4.03460415e-02,  5.07702714e-02,  1.24098796e-01, -6.27491747e-02],
       [-8.74322605e-03,  2.25337292e-02, -4.96570484e-02, -7.19994617e-02,  1.15206699e-01],
       [-1.20836323e-02,  5.78358843e-02,  1.40857272e-01,  5.95615485e-02,  5.50617150e-02],
       [ 6.79360742e-04, -6.66085439e-02,  3.73581431e-02, -1.90889024e-01,  1.00273234e-01],
       [-1.22736377e-02,  1.02892898e-01,  4.69311956e-03,  1.59925564e-01,  4.74453283e-02],
       [ 8.88627698e-03,  2.62410591e-02, -7.32962306e-02, -3.40569283e-02,  1.00520569e-01],
       [-2.04802904e-03, -7.73168634e-02,  2.07266384e-02, -1.54829433e-01,  4.80212244e-02],
       [ 7.78859231e-03,  7.02072790e-02, -6.59470057e-02,  1.26460261e-01,  1.54617991e-02],
       [ 1.27360637e-01,  9.45821870e-02,  8.09193524e-02,  4.66661311e-03, -9.76271958e-02],
       [ 1.54524942e-01,  1.26817912e-01, -5.67869929e-02, -7.53451208e-02,  3.72081389e-03],
       [-1.15012013e-01,  1.26017335e-02,  9.54430810e-02,  1.63774629e-02, -5.51032285e-02],
       [ 7.60874404e-03, -8.39077026e-02, -7.75483412e-02,  1.88862149e-02,  5.99063566e-02],
       [ 4.31778111e-02, -8.12892069e-02,  6.37302144e-02,  2.37381349e-02,  2.42736782e-02],
       [-6.52648175e-02, -5.66391924e-02, -1.26380055e-01, -4.91134398e-02,  1.28376948e-01],
       [-7.13614875e-02, -7.02877283e-02,  8.33744346e-02,  6.68528279e-02, -2.68463343e-02],
       [ 9.42806869e-02, -6.53271684e-02, -3.92248828e-02,  2.34739002e-02,  2.50279785e-02],
       [-1.11735127e-01, -2.07855336e-02, -9.10109450e-02, -4.00055327e-02,  6.97598504e-02],
       [ 1.26274673e-01, -3.23042486e-02,  5.03623714e-02,  5.65079210e-02, -3.89990716e-02],
       [ 1.39917618e-01,  5.12047019e-02, -6.42154108e-03, -1.40415677e-01, -6.59693366e-02],
       [-1.01432350e-01,  2.18479619e-02,  1.48553862e-02,  5.80242613e-02, -8.95548479e-02],
       [ 3.54000075e-03, -5.44537992e-02,  6.57179205e-03, -4.19100104e-03,  1.39803431e-01],
       [-4.52418733e-03,  4.30069652e-02,  1.28854174e-01,  7.34461278e-02,  1.85624573e-02],
       [-7.76676188e-02,  2.66624660e-02,  9.69249273e-02, -8.56155742e-02,  1.47073337e-01],
       [-4.19851441e-02, -6.42308057e-02,  4.58080457e-03,  1.25330609e-01,  2.99638926e-02],
       [ 9.47776776e-02, -9.02354815e-02, -1.30813170e-02,  1.50607333e-02,  1.30859528e-01],
       [-1.34183675e-01,  1.94514734e-02,  3.72584919e-02, -7.10808803e-02,  6.53673190e-02],
       [ 7.65951464e-02, -5.28015763e-02, -1.25253057e-01,  1.29660546e-01, -4.03318925e-02],
       [-1.29409729e-01, -3.86669293e-02, -1.93509029e-02, -1.07243512e-01, -5.69285100e-02],
       [-1.55199693e-02, -8.23665770e-02,  5.59588607e-02,  1.27231817e-01,  2.96329454e-02],
       [ 1.80445046e-02, -7.17664904e-02, -1.05426025e-02, -9.62220139e-03,  2.22162000e-03],
       [-8.50875647e-02,  5.45852677e-02,  1.14787803e-02,  1.55063619e-01,  1.21804049e-01],
       [-1.11715197e-01, -1.70128104e-01,  3.69564008e-02, -2.42818057e-02, -5.00036139e-02],
       [ 1.27700804e-01, -1.01194161e-01,  6.24761402e-02,  9.13407777e-02,  8.57717164e-03],
       [-1.48870498e-01,  6.28239577e-02, -1.38499566e-02,  8.87081422e-02,  6.90158454e-02],
       [ 1.55934524e-01, -1.68601669e-01,  1.61696202e-02, -4.10679260e-02, -7.00576676e-02],
       [ 3.85560925e-03, -2.30053841e-02, -7.54469940e-02, -4.27871027e-02,  1.00424479e-01],
       [-2.96536662e-02,  1.58526938e-02,  1.22101164e-01,  5.26930722e-02,  3.45012380e-02],
       [ 6.49657591e-02, -5.06540562e-02, -2.59381896e-02, -1.18807188e-01,  9.33995429e-02],
       [ 8.53009724e-02,  1.07398716e-02,  3.02869578e-02,  9.95998666e-02,  2.85564113e-02],
       [-1.08618908e-01, -2.40294061e-02, -6.73982739e-02, -1.80488359e-02,  8.44484246e-02],
       [ 1.09463582e-01, -4.10142153e-02, -2.30482624e-02, -8.13846324e-02,  4.24032470e-02],
       [-1.34387064e-01,  4.36651549e-02, -4.45565230e-02,  1.15452261e-01, -1.36743625e-02],
       [-2.78503147e-03,  2.03059010e-02, -1.31493275e-01, -5.72837583e-02, -3.82164428e-02],
       [ 1.33412709e-03,  3.16047102e-03,  1.89469740e-02,  5.39803697e-02, -1.65077435e-01],
       [-1.15314103e-02,  7.89025178e-02, -6.38708089e-02, -1.19086888e-01,  8.98452946e-03],
       [ 9.43353561e-03,  7.44643240e-02,  2.76247320e-02, -3.45968032e-02, -7.46730932e-02],
       [-8.81562157e-03, -3.81372315e-03,  3.06579928e-02,  6.08524349e-02, -9.26610492e-02],
       [ 1.10457911e-02,  8.45483340e-02,  2.51324088e-02, -9.79705750e-02,  4.93635099e-02],
       [-2.12241764e-02, -1.08854748e-01, -1.73737622e-01, -9.74448977e-02, -4.36593776e-02],
       [-8.31580934e-03,  7.79714992e-02,  5.60831320e-02,  2.13879381e-02,  4.23714487e-03],
       [ 2.41738329e-02,  5.38401747e-02, -8.79706857e-02, -3.56056761e-02, -3.33950506e-02],
       [-4.38127303e-02, -7.59608125e-02, -9.97437256e-02, -4.38972494e-02, -2.14330709e-02],
       [ 2.30372497e-04,  1.24809062e-01,  5.39527451e-02,  4.30451512e-02,  2.97171366e-02],
       [ 4.59412431e-02, -4.48830847e-02,  1.02083140e-02, -1.62778102e-01, -6.56807421e-02],
       [-7.21312034e-02,  2.85793068e-02,  5.34083259e-02,  2.29775862e-02, -1.56585187e-01],
       [ 8.75230007e-02,  2.50943469e-02, -5.52369599e-02,  1.25414787e-01, -5.18615289e-02],
       [-9.81578136e-02, -1.54236492e-02,  1.25237816e-01, -1.48973256e-01, -9.54138302e-03],
       [-4.31288583e-02,  7.09634911e-02, -7.08847334e-02, -8.18808903e-02,  2.70302854e-02],
       [ 6.72201416e-02, -4.92691226e-02,  1.57157902e-02, -9.00257931e-02, -4.15440962e-02],
       [-4.65025402e-02,  1.47319016e-01, -5.75194091e-02,  7.63981239e-02,  4.81581296e-02],
       [-8.43140227e-02, -3.82473036e-03,  5.02292478e-02,  2.71225509e-02, -8.05110213e-02],
       [ 8.76956586e-02,  1.01680041e-01, -2.73801760e-02, -5.92393453e-02,  4.89172409e-02],
       [-1.35473072e-01, -4.77274611e-02,  9.24831060e-02, -1.12402892e-01, -1.59097042e-02]])})
2026-01-20 11:00:51,761 - final_problem_set.kxor_instance_n19_k2_m209_ell2_eps0.2_kappa0.75_rho0.0 - INFO - Running key extraction (n=19, m=209, ell=2, phase_qubits=12)
2026-01-20 11:00:51,763 - final_problem_set.kxor_instance_n19_k2_m209_ell2_eps0.2_kappa0.75_rho0.0 - INFO - Built voting matrix V (n=19, ell=2, dtype=complex128) in 0.002s
2026-01-20 11:00:51,763 - final_problem_set.kxor_instance_n19_k2_m209_ell2_eps0.2_kappa0.75_rho0.0 - INFO - Eval: adv=0.2153 (no ground-truth z available)
2026-01-20 11:00:51,763 - final_problem_set.kxor_instance_n19_k2_m209_ell2_eps0.2_kappa0.75_rho0.0 - INFO - Key extraction complete: x_hat=14
2026-01-20 11:00:51,763 - final_problem_set.kxor_instance_n19_k2_m209_ell2_eps0.2_kappa0.75_rho0.0 - INFO - Finished step 'KeyExtractionStep' in 0.002s (success: True, problem=kxor_instance_n19_k2_m209_ell2_eps0.2_kappa0.75_rho0.0)
2026-01-20 11:00:51,764 - final_problem_set.kxor_instance_n19_k2_m209_ell2_eps0.2_kappa0.75_rho0.0 - INFO - SUCCESS: len(z_hat)=19
2026-01-20 11:00:51,764 - final_problem_set.kxor_instance_n19_k2_m209_ell2_eps0.2_kappa0.75_rho0.0 - INFO - Metrics: adv=0.215311004784689, ham_frac=None, corr=None
2026-01-20 11:00:51,764 - final_problem_set.kxor_instance_n19_k2_m209_ell2_eps0.2_kappa0.75_rho0.0 - INFO - z_hat (full): [-1,  1,  1, -1, -1,  1,  1, -1, -1, -1, -1, -1,  1,  1,  1,  1,  1,  1, -1]
