2026-01-20 11:01:28,439 - final_problem_set.kxor_instance_n24_k2_m191_ell2_eps0.25_kappa1.0_rho0.0 - INFO - Starting iteration for /Users/julian/CodingProjects/UniT3/QuarticSpeedupK-XOR/z_Daphne/data/final_problem_set/kxor_instance_n24_k2_m191_ell2_eps0.25_kappa1.0_rho0.0.npz
2026-01-20 11:01:28,439 - final_problem_set.kxor_instance_n24_k2_m191_ell2_eps0.25_kappa1.0_rho0.0 - INFO - Loaded instance (n=24, m=191, k=2)
2026-01-20 11:01:28,440 - final_problem_set.kxor_instance_n24_k2_m191_ell2_eps0.25_kappa1.0_rho0.0 - INFO - Starting step 'ComputeKikuchiStep' (version 0.1) on problem kxor_instance_n24_k2_m191_ell2_eps0.25_kappa1.0_rho0.0 (fields={'ell': 2, 'threshold': 0.0})
2026-01-20 11:01:28,469 - final_problem_set.kxor_instance_n24_k2_m191_ell2_eps0.25_kappa1.0_rho0.0 - INFO - Finished step 'ComputeKikuchiStep' in 0.030s (success: True, problem=kxor_instance_n24_k2_m191_ell2_eps0.25_kappa1.0_rho0.0)
2026-01-20 11:01:28,469 - final_problem_set.kxor_instance_n24_k2_m191_ell2_eps0.25_kappa1.0_rho0.0 - INFO - Starting step 'ClassicalEigenvaluesStep' (version 0.1) on problem kxor_instance_n24_k2_m191_ell2_eps0.25_kappa1.0_rho0.0 (fields={'ell': 2, 'threshold': 0.0, 'kikuchi_matrix': <Dictionary Of Keys sparse matrix of dtype 'int64'
	with 5984 stored elements and shape (276, 276)>, 'num_eigenvalues': 5})
2026-01-20 11:01:28,596 - final_problem_set.kxor_instance_n24_k2_m191_ell2_eps0.25_kappa1.0_rho0.0 - INFO - Finished step 'ClassicalEigenvaluesStep' in 0.127s (success: True, problem=kxor_instance_n24_k2_m191_ell2_eps0.25_kappa1.0_rho0.0)
2026-01-20 11:01:28,596 - final_problem_set.kxor_instance_n24_k2_m191_ell2_eps0.25_kappa1.0_rho0.0 - INFO - Starting step 'KeyExtractionStep' (version 0.1) on problem kxor_instance_n24_k2_m191_ell2_eps0.25_kappa1.0_rho0.0 (fields={'ell': 2, 'threshold': 0.0, 'kikuchi_matrix': <Dictionary Of Keys sparse matrix of dtype 'int64'
	with 5984 stored elements and shape (276, 276)>, 'num_eigenvalues': 5, 'eigenvalues': array([-11.44503982, -10.78427466, -10.17228573,  10.22006515,  10.77092744]), 'eigenvectors': array([[-1.95870556e-02, -5.66538632e-02, -5.23505628e-03, -7.63874487e-02,  1.11297024e-02],
       [ 9.36159380e-03,  2.01074558e-02, -5.60230109e-04, -1.04693021e-01,  8.56343227e-02],
       [ 7.57792979e-02,  1.14938058e-01, -2.36785280e-02,  6.60022342e-02, -6.78106187e-03],
       [ 1.16895479e-02,  2.56493198e-02,  2.60865164e-02, -5.36755873e-02, -3.69955106e-02],
       [-7.96049315e-02, -1.03150861e-01, -9.84645819e-03, -7.81785631e-03,  8.99148739e-02],
       [ 6.36506425e-02,  9.64115195e-02,  1.51426469e-02, -1.26592796e-01,  8.99029196e-02],
       [ 2.69432064e-02,  6.05455987e-02,  1.85696430e-02,  8.87051304e-02, -4.30591731e-02],
       [ 1.57142914e-02,  3.65995808e-02,  3.33482636e-02, -4.87384307e-02, -5.33442512e-04],
       [-4.36609262e-02, -7.41464066e-02, -2.34399322e-02,  1.04000563e-03,  1.00655662e-01],
       [-2.47730280e-03,  7.78288859e-03, -4.68581542e-02, -4.45575105e-02,  7.19051015e-02],
       [ 1.46862239e-03, -1.24738090e-02,  6.75769585e-03, -2.98091090e-02,  1.47271350e-01],
       [ 4.20606367e-02,  4.06642659e-02,  3.93730147e-02,  3.52206439e-02, -1.89561321e-02],
       [ 9.56013174e-02,  1.10327678e-01,  8.07040420e-03, -7.49142028e-02,  1.62039133e-01],
       [-3.69116439e-03, -3.85850079e-03,  2.34846996e-02,  1.19157062e-01, -1.45565019e-01],
       [ 4.14582525e-02,  5.94448913e-02, -3.45351956e-02, -2.07696989e-03, -3.89531552e-02],
       [-3.41566276e-02, -6.55733197e-02,  8.64699808e-03,  1.25716044e-01, -8.66999638e-02],
       [ 3.77265400e-02,  8.60126539e-02,  2.56199629e-03,  2.94269364e-02,  3.47843769e-02],
       [-4.04064208e-02, -4.02028733e-02,  3.13659927e-04,  5.17772034e-02, -6.98936133e-02],
       [ 6.53275608e-03,  2.27092201e-02, -2.14670771e-02, -1.05597836e-01,  4.97774638e-02],
       [-5.61084288e-02, -4.91450592e-02,  6.11692840e-02, -4.11068285e-02,  9.47935512e-02],
       [ 7.82612059e-02,  7.64593673e-02,  2.73688795e-02,  4.28179532e-02,  1.76519598e-02],
       [ 3.02396272e-02,  6.45756477e-04, -3.52089766e-02, -1.16445218e-03, -2.10028656e-03],
       [ 8.08590620e-02,  9.96492786e-02, -2.83199057e-02,  9.66748526e-02, -1.29995567e-01],
       [-1.76340922e-02, -2.80987598e-02,  7.93024288e-04,  8.46201025e-02, -2.89514019e-02],
       [-9.86749191e-02, -9.86427904e-02,  4.89758663e-02, -3.44476721e-02, -9.07174110e-03],
       [-1.55646932e-02, -2.77755601e-02, -3.79020299e-02,  2.04283207e-02,  1.09469270e-02],
       [ 8.34113038e-02,  8.68237181e-02, -7.98642501e-03,  9.20441806e-03, -4.80743297e-02],
       [-8.28904621e-02, -8.38308007e-02, -9.40277703e-03,  8.91963587e-02, -5.91045386e-02],
       [-3.38604595e-02, -5.51329442e-02, -1.83152304e-02, -5.29468216e-02,  2.53591898e-02],
       [-2.30385687e-02, -4.95923920e-02, -5.45079706e-02,  2.20396037e-02, -5.35796144e-03],
       [ 6.48828368e-02,  7.92975269e-02,  4.74096365e-02,  2.64437101e-02, -3.41969222e-02],
       [ 1.08552886e-05, -1.45636784e-02,  7.54042541e-02,  4.50848858e-02, -4.16558287e-02],
       [-2.29084305e-04,  1.86473735e-02, -1.51462306e-02,  2.45328163e-02, -6.63564950e-02],
       [-5.18487433e-02, -3.03161800e-02, -6.68800604e-02, -1.28002866e-02, -3.87580971e-03],
       [-1.17202285e-01, -8.70126254e-02,  3.00742372e-03,  6.41508310e-02, -5.54291438e-02],
       [ 6.19142306e-03,  2.84001169e-03, -3.58439835e-02, -8.75340089e-02,  5.40605108e-02],
       [-4.84556086e-02, -4.25885772e-02,  5.09926730e-02, -6.23235969e-03,  2.46482154e-02],
       [ 4.33116921e-02,  5.65925235e-02, -2.81520533e-02, -7.55673713e-02,  2.33691703e-02],
       [-4.38652432e-02, -7.46107028e-02,  9.64498658e-03, -2.25880323e-02, -1.64437859e-02],
       [ 4.64950625e-02,  2.89683552e-02, -3.38344124e-03, -3.77531203e-02,  1.62767385e-02],
       [-1.15157133e-02, -2.58615458e-02,  3.28087142e-02,  6.34249940e-02, -2.25145271e-02],
       [ 7.10324640e-02,  2.87175166e-02, -1.13535991e-01,  4.85636283e-02, -2.46892177e-02],
       [-8.91579790e-02, -6.43876193e-02, -1.47311558e-02, -2.12576008e-02, -8.76729528e-03],
       [-3.31028108e-02,  2.14693577e-02,  6.56011466e-02, -1.01424108e-02, -1.00382597e-02],
       [-1.03954493e-01, -7.42429270e-02,  6.21361283e-02, -6.02785616e-02,  6.94243661e-02],
       [ 2.08446866e-02,  2.87719118e-02,  1.56764343e-02, -5.93078637e-02,  1.31119808e-02],
       [ 6.66720522e-03,  9.07901558e-03,  1.75875745e-02,  9.06617183e-02, -6.22961324e-03],
       [-4.05012402e-02, -1.77514519e-02, -3.06791884e-02, -8.34502145e-02, -7.85460659e-02],
       [ 5.08168920e-02,  1.66513794e-02,  3.43973240e-02,  2.09998996e-02, -1.25796547e-01],
       [ 1.19239756e-02,  1.43134477e-02,  1.21991178e-02, -5.03169732e-02,  7.63544480e-02],
       [ 1.29444162e-02,  1.65059304e-02,  2.17424424e-02,  6.87341620e-02, -4.44842916e-02],
       [-1.43256014e-02, -1.28085633e-02, -1.46556838e-02, -7.30886607e-02, -5.60929431e-02],
       [ 4.23968061e-04,  1.44171845e-02, -2.94181310e-02, -3.12156756e-02, -8.11625905e-02],
       [-7.21826341e-03, -1.72706753e-02,  6.09783218e-03, -8.42639735e-02, -1.09765014e-01],
       [ 1.89693201e-02, -6.61088591e-03,  3.57791787e-02, -5.12512521e-02,  1.21725938e-02],
       [ 4.53970337e-02,  1.45989649e-02,  3.35033542e-02, -4.11709270e-02, -1.33709304e-01],
       [ 3.32022677e-03, -6.83708482e-03,  8.82226741e-03,  7.66751125e-03,  1.15455376e-01],
       [ 2.67223188e-02,  1.37202789e-02, -1.45449051e-02,  3.92416950e-02,  4.51285181e-02],
       [-2.16274667e-02, -1.97397850e-02, -6.76442041e-03, -5.67952308e-02,  1.26636649e-01],
       [ 2.86064093e-02,  3.49675841e-02,  8.96718355e-03, -5.34778744e-02, -3.55407338e-03],
       [-1.98548805e-02,  9.07110857e-04, -8.85664285e-03, -8.52644005e-03,  5.03199408e-02],
       [-4.58917719e-04,  1.74115431e-02, -1.68022113e-02,  5.92071981e-02, -1.01199029e-01],
       [-2.15893096e-02, -9.00588787e-03,  3.83715991e-03, -2.46423784e-02, -5.34868314e-02],
       [ 3.54199569e-02,  7.75326674e-03,  3.58813466e-02, -8.02340569e-02,  1.40805674e-02],
       [ 1.23625279e-02, -1.61696258e-02,  8.00298444e-04, -2.25050814e-02,  5.77453583e-04],
       [ 3.97396605e-02,  1.73109836e-02,  1.38411556e-02,  4.20747580e-02,  1.42234758e-01],
       [ 4.74550630e-02,  3.15800804e-02,  7.08159437e-02, -2.04656388e-02, -9.28980658e-03],
       [-1.44944232e-01,  7.21886045e-02,  1.34507668e-02, -2.74235770e-03,  3.07074937e-02],
       [ 1.62646611e-01, -4.65035343e-02, -2.67675108e-04, -6.90433636e-02,  3.82305701e-02],
       [ 8.25324022e-02,  2.32645459e-02,  3.00903278e-02,  6.33342097e-02, -2.24630330e-02],
       [ 7.99316690e-02,  6.25344696e-02,  7.12166231e-02, -2.62593523e-02,  7.06450919e-03],
       [-9.75871262e-02,  1.63972916e-03, -6.95164578e-02, -1.05289485e-03,  1.85749709e-02],
       [ 2.87216361e-02,  7.30148688e-02, -1.44978476e-01, -2.71295212e-02,  2.90431750e-02],
       [-4.12653613e-02, -9.36568168e-02,  6.50720690e-02, -2.57960925e-02,  4.21839820e-02],
       [ 5.84098144e-02, -1.04704138e-01,  1.19107310e-01,  3.09955977e-02,  1.97605711e-03],
       [ 1.48124402e-01, -1.03644624e-01,  4.30094615e-03, -5.41224588e-02,  2.88865301e-02],
       [ 7.97217330e-03, -1.71991826e-02,  4.65405703e-02,  6.94562276e-02, -2.08932684e-02],
       [ 7.86045087e-02, -2.14954895e-02, -1.01896874e-01,  7.86701428e-03, -1.80741674e-02],
       [-1.10666725e-01, -1.00140121e-02,  6.19293069e-02,  5.90441715e-02, -7.06638163e-03],
       [ 1.50860400e-01,  8.98481916e-02, -6.47069817e-02,  7.59134978e-03,  1.30854910e-02],
       [-6.68335966e-02,  6.67633992e-02,  1.13323536e-03,  3.37687411e-02, -1.35058831e-02],
       [ 1.71976878e-02,  7.90854908e-02, -7.72708792e-02, -3.63597729e-02,  9.89440819e-03],
       [-6.47345230e-02,  8.73399070e-02,  1.33937820e-01, -3.19948494e-02,  1.36967801e-02],
       [ 1.27668119e-01, -1.02814349e-01,  4.13732270e-02,  2.97640666e-02,  5.46987759e-03],
       [ 6.79722879e-03, -1.60801125e-01, -7.11487024e-02,  1.17976874e-02,  1.06610155e-02],
       [ 1.34213159e-01, -7.58212369e-02, -7.95492916e-02,  4.23383289e-02, -4.90573382e-02],
       [-4.10880264e-02, -3.06302705e-02, -9.46447109e-02,  5.46899222e-02, -3.59409112e-02],
       [ 3.54610290e-02,  3.44129283e-02,  9.00490025e-02,  1.13303939e-01,  5.23200701e-04],
       [ 1.33383671e-02,  1.93229674e-02,  4.77408393e-02, -5.40796215e-02, -1.15103940e-02],
       [ 1.02142090e-02,  2.74719283e-02,  5.29977484e-02,  7.62400368e-03,  2.40896288e-02],
       [-2.47591210e-02, -3.48963963e-02, -7.38821526e-02,  4.71879275e-02, -4.39827453e-02],
       [ 9.73595617e-03,  7.48684517e-04, -2.55351716e-02,  6.44539203e-02, -1.79490853e-02],
       [-1.26255170e-03, -1.76789385e-02, -4.69793007e-03,  5.93189734e-02, -5.69552652e-02],
       [ 1.76707565e-02,  1.24985456e-02,  6.40350052e-02,  7.13191795e-03,  2.47175814e-03],
       [ 3.94484885e-02,  3.98898732e-02,  8.92467496e-02,  7.66324886e-02, -6.04469079e-02],
       [-5.63114419e-03,  2.42872089e-03,  1.45156379e-02, -1.13726285e-01,  4.02178769e-02],
       [ 3.02846419e-02,  1.43574084e-02,  1.64929632e-02, -1.53548437e-02,  1.24816465e-02],
       [-2.85158879e-02, -1.76626766e-02, -5.28793423e-02, -9.28879529e-02,  3.25764576e-03],
       [ 2.99925941e-02,  4.06758276e-02,  6.73144645e-02, -3.02653251e-03, -2.62314646e-02],
       [-2.04738320e-02, -8.01319839e-03, -3.11024692e-02, -4.07216300e-02,  1.58446671e-02],
       [ 9.95575459e-03,  1.84928376e-02, -2.04879675e-03,  7.27095669e-02,  1.45852035e-02],
       [-3.24424744e-02,  4.06910886e-03, -2.51531036e-03,  5.77540733e-02, -3.48950699e-02],
       [ 3.36892951e-02,  2.40508464e-02,  8.31793764e-02,  6.38123613e-03, -2.46143213e-02],
       [ 1.11262765e-02, -2.72862544e-02, -1.92588327e-03,  3.47311132e-03, -3.25396016e-03],
       [ 4.97477395e-02,  1.99795671e-02,  6.48094012e-02, -1.08952098e-01,  3.14197921e-02],
       [-1.20078090e-01,  5.80148702e-02, -5.17288246e-02, -9.03386072e-02, -7.24287548e-02],
       [-8.76665763e-02, -1.02870359e-02, -7.36914905e-02,  1.53926401e-02,  6.18860736e-02],
       [-6.98620067e-02, -6.21609880e-02, -1.03629155e-01,  4.03192705e-02, -3.76357356e-02],
       [ 1.09173549e-01, -1.21840187e-02,  1.23173337e-01, -1.14911515e-01, -1.44611914e-02],
       [-4.38042923e-02, -4.96306999e-02,  1.35292780e-01, -8.70127500e-02, -3.21146971e-02],
       [ 4.39371060e-02,  8.01137780e-02, -4.90955492e-02, -1.09921089e-01, -1.88884678e-02],
       [-3.63696397e-02,  9.05675201e-02, -1.31449745e-01, -1.76924935e-02,  2.34311893e-02],
       [-1.30654884e-01,  1.26356665e-01, -5.38885101e-02, -1.25152391e-01, -4.59075331e-02],
       [ 1.26290834e-02,  2.67313993e-03, -5.68753624e-02,  1.36789704e-01,  6.42389410e-02],
       [-8.94008486e-02,  5.23480638e-02,  8.53115020e-02,  4.12760065e-02, -1.10775632e-03],
       [ 1.04087458e-01, -1.01766317e-02, -1.64419307e-02,  6.66826796e-02,  7.63019623e-02],
       [-1.28439836e-01, -6.41380420e-02,  3.50835992e-03, -1.52900353e-02,  1.26861924e-02],
       [ 6.18288265e-02, -7.70513247e-02,  1.61450136e-02,  5.08878798e-02,  4.26338827e-02],
       [-3.94914661e-02, -6.08377644e-02,  6.98399308e-02, -4.28838591e-02, -6.91844959e-02],
       [ 8.16257448e-02, -1.32900324e-01, -1.32570423e-01, -9.73465013e-02, -3.80674194e-02],
       [-9.58909115e-02,  1.05289511e-01, -7.65756658e-02, -4.61067454e-02,  2.81391047e-02],
       [ 4.08429127e-03,  1.61442633e-01,  8.02679256e-02,  8.63017899e-03,  1.02559213e-02],
       [-1.41078796e-01,  1.22465836e-01,  4.00434411e-02,  1.20649546e-01,  4.67555293e-02],
       [ 7.12425238e-02,  2.01840908e-02,  6.48297242e-02, -7.44678387e-02,  8.29057352e-02],
       [ 5.60101802e-02,  6.17297431e-02,  1.00998554e-01,  9.31854749e-02, -3.46913153e-02],
       [-1.06412622e-01, -1.01012747e-02, -1.30157067e-01, -1.18439276e-01, -9.30881491e-02],
       [ 4.92543063e-02,  3.72335652e-02, -1.18959747e-01, -4.20581276e-02, -7.23718451e-02],
       [-1.70411807e-02, -8.07983914e-02,  4.98951921e-02, -9.52834712e-02, -1.21263447e-01],
       [ 4.33698777e-02, -7.36750398e-02,  1.37282838e-01, -5.71875126e-02,  4.30774965e-02],
       [ 1.17414936e-01, -7.45281697e-02,  5.94865005e-02, -7.02837019e-02, -1.93701454e-01],
       [-2.16536490e-02,  1.60334046e-03,  4.87799306e-02,  2.45069350e-02,  1.55499164e-01],
       [ 7.33431872e-02, -2.88550585e-02, -6.83599646e-02,  4.70162529e-02,  2.12102002e-02],
       [-1.12319850e-01,  5.27223047e-03,  5.66320695e-03, -6.07711529e-02,  1.58168099e-01],
       [ 1.14177284e-01,  6.56794467e-02,  9.91869451e-03, -5.18018537e-02, -2.06469834e-02],
       [-5.85747449e-02,  5.29463897e-02, -2.35048428e-02,  1.38984685e-03,  9.40188478e-02],
       [ 4.88057939e-02,  5.59335106e-02, -5.26203848e-02,  5.88950455e-02, -9.30968558e-02],
       [-8.29749056e-02,  1.03153386e-01,  1.22508396e-01, -5.93500752e-02, -1.10212982e-01],
       [ 8.95661678e-02, -6.79638917e-02,  7.63151172e-02, -9.68353878e-02,  7.30097359e-03],
       [ 8.70670578e-03, -1.46753870e-01, -7.75420103e-02, -1.13971728e-02,  2.12806936e-02],
       [ 1.31234452e-01, -8.06219417e-02, -2.59139062e-02,  3.55092605e-02,  1.29405611e-01],
       [ 2.06665279e-02,  3.22826202e-02,  5.83308003e-02, -5.12308312e-02,  1.19787318e-02],
       [-5.19201676e-02, -2.95174154e-02, -7.87800955e-02,  3.44083341e-02,  7.52915653e-02],
       [ 1.20152141e-02,  1.99950825e-02, -7.25123599e-02, -1.46613414e-02,  6.22700926e-02],
       [-3.69264098e-03, -3.84258391e-02,  1.95130273e-02,  7.42258219e-03,  9.85173274e-02],
       [ 4.54877365e-02, -2.16255312e-02,  1.04361950e-01,  1.33349313e-02, -1.35338721e-02],
       [ 1.04125793e-01,  2.56826142e-04,  8.07203074e-02, -1.80466257e-02,  1.24441164e-01],
       [-7.99444671e-03, -1.02816473e-03,  3.36030170e-02,  5.18578563e-02, -1.16344726e-01],
       [ 5.32232118e-02,  1.01949561e-02, -1.99831368e-02, -1.09104025e-02, -2.59618542e-02],
       [-4.84674468e-02, -1.86132388e-02, -1.71929093e-02,  7.99837281e-02, -8.43900833e-02],
       [ 5.26648176e-02,  4.75370002e-02,  2.70426242e-02,  3.90548985e-02,  9.02923129e-03],
       [-4.51827513e-02,  5.53013255e-03, -2.78377259e-02,  1.52899178e-02, -5.75523404e-02],
       [ 1.98415079e-02,  3.87097020e-02, -2.77564827e-02, -9.57965761e-02,  7.47045968e-02],
       [-6.44965129e-02,  2.33954024e-02,  5.17990281e-02,  8.07052819e-03,  7.44146053e-02],
       [ 7.75140488e-02, -4.53967990e-03,  7.66349969e-02,  5.12586628e-02,  8.01744745e-04],
       [ 2.95152655e-02, -6.06207326e-02, -2.81315280e-02,  1.62134751e-03, -6.07443141e-03],
       [ 1.10534670e-01, -9.74135920e-03,  1.49322726e-02,  4.59564478e-02, -9.13953117e-02],
       [-4.38995104e-02, -6.45684974e-02, -9.40393281e-02,  2.52195274e-02, -4.91901629e-02],
       [ 8.61103240e-03, -1.08669164e-03, -3.87965311e-02,  4.22860147e-02, -3.02695822e-02],
       [ 2.99131033e-04, -1.11439772e-02,  2.74803370e-03,  7.04400504e-02, -6.54166387e-02],
       [ 3.28584292e-02,  2.95946029e-02,  6.66281986e-02, -7.86882817e-03,  1.34453932e-02],
       [ 8.28627668e-02,  6.42138841e-02,  1.05996940e-01,  7.42105790e-02, -7.84506698e-02],
       [-6.66552388e-03,  8.23149581e-03,  3.41519042e-02, -8.69325316e-02,  7.95732999e-02],
       [ 4.51176277e-02,  2.65844612e-02,  1.36152197e-02, -1.62259478e-02,  1.44622679e-02],
       [-4.17144777e-02, -3.80449068e-02, -5.42758659e-02, -8.39346727e-02,  4.01044370e-02],
       [ 3.42330866e-02,  5.15044544e-02,  7.25929066e-02,  3.70232542e-04, -1.53957715e-02],
       [-3.59409713e-02, -2.54051205e-02, -3.08066042e-02, -3.26541324e-02,  3.40143718e-02],
       [ 1.42091791e-02,  2.73697734e-02, -9.06658962e-06,  5.89126038e-02, -1.28661701e-02],
       [-5.69852908e-02, -3.11632499e-03,  2.16817743e-02,  2.97520702e-02, -5.14881554e-02],
       [ 5.50177728e-02,  5.46439769e-02,  7.82024388e-02, -1.19666223e-02, -1.00513244e-02],
       [ 2.61022016e-02, -2.83643044e-02, -1.77845218e-02, -3.41695856e-03,  4.43863142e-03],
       [ 8.00800258e-02,  4.73291549e-02,  5.57187145e-02, -8.81991701e-02,  5.14945251e-02],
       [-3.04786248e-02, -2.64159485e-02,  7.45145468e-02, -8.95798404e-02, -3.34508790e-02],
       [ 2.80181247e-02,  6.25085824e-02,  5.38033131e-04, -1.25268861e-01, -1.11441497e-02],
       [-3.01750113e-02,  3.09750815e-02, -9.82819027e-02, -3.03870092e-02,  8.37204024e-03],
       [-9.76920135e-02,  2.42097173e-02, -1.17034440e-01, -1.18658566e-01, -2.17127783e-02],
       [ 6.05476560e-03,  1.40853758e-03, -3.46137446e-02,  1.42982043e-01,  4.72366933e-02],
       [-6.76714436e-02,  6.86504676e-03,  3.05936310e-03,  4.87534429e-02,  6.96133552e-03],
       [ 8.89956036e-02,  1.80943637e-02,  5.51407970e-02,  8.00983578e-02,  7.81411104e-02],
       [-1.04405527e-01, -8.03704004e-02, -7.90581667e-02, -2.87218672e-02,  2.11344042e-02],
       [ 3.75094585e-02, -2.29807809e-02,  2.57895356e-02,  3.07564093e-02,  2.07054655e-02],
       [-1.65538462e-02, -4.13201822e-02,  4.12044576e-02, -5.47722650e-02, -7.02436588e-02],
       [ 6.82947186e-02, -6.75606993e-02, -3.80495144e-02, -6.35094179e-02, -7.87818931e-03],
       [-7.37884369e-02,  2.24376280e-02, -1.04676830e-01, -4.18357776e-02,  3.21472372e-02],
       [-1.81004113e-02,  1.12291299e-01,  1.87021543e-02, -2.62579280e-02,  3.30522055e-03],
       [-1.11613943e-01,  3.26305824e-02, -5.66598037e-02,  1.55726479e-01,  5.75856273e-02],
       [ 3.11635232e-03,  4.43324896e-03,  2.83714806e-02, -1.08070691e-01, -5.17748091e-02],
       [ 3.18365547e-02,  9.02348089e-03, -2.63500357e-02, -2.81572199e-02,  2.64581911e-02],
       [ 7.07070648e-02,  4.33388189e-02, -1.28809879e-01, -7.65003483e-02, -7.32689389e-02],
       [ 6.95837013e-03, -1.46972309e-02,  7.45067021e-03,  7.64160258e-02,  8.56863964e-02],
       [ 1.61071881e-02,  3.95616986e-02, -7.18428906e-02,  3.23273984e-02,  4.26488948e-03],
       [-6.93889301e-05, -3.89196171e-02,  9.84234479e-02,  1.29269288e-02,  1.03977077e-01],
       [ 2.05068942e-03,  2.46746519e-02, -1.13763474e-01, -3.93702008e-02,  2.01991315e-03],
       [-2.61579941e-02, -2.39451879e-02,  4.24199190e-02,  2.16653462e-02,  4.80950953e-02],
       [-8.17700534e-03,  1.61530158e-02, -3.13305397e-02, -1.56075115e-03, -6.57234538e-02],
       [-2.36317217e-02, -6.12485216e-02,  7.21285846e-02, -5.17431664e-02, -4.60922805e-02],
       [ 5.39574418e-02,  3.06740751e-02, -8.75462240e-02, -5.09634075e-02,  1.97950778e-02],
       [ 2.03952008e-02,  2.97284807e-02, -2.87008105e-02, -1.02429224e-02,  1.32957019e-02],
       [ 2.86085153e-02,  7.52243085e-02, -1.22826047e-01,  7.07276271e-02,  6.08241964e-02],
       [-2.61052613e-02, -3.71901506e-02, -6.76671469e-03, -5.51616855e-02,  2.55735763e-02],
       [-4.18589836e-02, -1.15716595e-01,  5.62668164e-02, -1.25097024e-01, -5.87532902e-02],
       [ 6.69061382e-03, -3.02395796e-03, -1.29175945e-02,  1.34971536e-01,  7.96458031e-02],
       [-1.49458656e-02, -5.02842287e-02,  4.23503296e-02,  4.86433680e-02,  4.77470819e-03],
       [ 1.57004058e-02,  4.38748490e-02, -4.50446944e-02,  5.96868187e-02,  1.25566668e-01],
       [-1.96095879e-03, -3.50106082e-02,  3.82850393e-02, -2.59118457e-02,  2.78247350e-02],
       [ 2.24207719e-02,  4.21539996e-02, -1.50877506e-02,  4.88912680e-02,  5.42043772e-02],
       [-5.15198563e-03, -7.41287420e-03,  9.74969928e-03, -3.93338858e-02, -1.12547087e-01],
       [ 3.09670565e-02,  6.19712897e-02, -6.73670003e-02, -1.13674676e-01, -4.15846618e-02],
       [-3.81465614e-02, -7.75579610e-02,  3.63062521e-02, -8.21623255e-02,  4.66965712e-02],
       [-2.40421748e-02, -3.23539223e-02,  4.16628246e-02, -1.29363819e-02,  1.17442960e-02],
       [-4.86669247e-02, -7.96779195e-02,  7.89754638e-02,  1.34556721e-01,  7.31125377e-02],
       [ 2.28034594e-02, -1.12672610e-01,  1.33265258e-01, -7.33447786e-02,  1.49277677e-02],
       [-6.09260658e-03,  6.41134627e-03,  1.99469689e-02,  7.20969382e-02, -2.47574935e-02],
       [ 3.44104407e-02, -6.06616397e-02,  3.16421051e-02,  1.16878981e-02, -1.39677631e-02],
       [-5.84473404e-02,  4.30872383e-02, -8.72774772e-02,  5.99790794e-02, -2.13332296e-02],
       [ 7.23938631e-02,  4.46744647e-03,  1.03284137e-01,  1.14563593e-02, -2.37211138e-03],
       [-1.10122627e-02,  5.40100169e-02, -3.63934969e-02,  2.59604428e-02, -2.67413193e-04],
       [ 1.92419842e-02,  1.87143729e-02, -4.41697306e-03, -5.11455264e-02,  3.36300802e-02],
       [-2.14244717e-02,  1.26962452e-01, -2.01756142e-02, -3.75534486e-02,  2.53651499e-04],
       [ 1.87905670e-02, -9.70529605e-02,  1.19010648e-01,  1.21218652e-02,  1.44595586e-03],
       [-1.63680023e-02, -1.12416973e-01, -8.28431666e-05,  1.37613687e-02,  1.19603302e-02],
       [ 3.65729869e-02, -1.10450518e-01,  1.02678787e-01,  4.04852666e-02, -4.99982066e-02],
       [-1.70219568e-02,  6.20071563e-03,  4.57704899e-02,  9.65892566e-02,  1.05308823e-01],
       [ 7.86720576e-02, -5.63333906e-02, -7.36977096e-02,  4.08492932e-02,  1.79719227e-02],
       [-1.56225426e-01,  4.73046152e-02,  5.83033888e-03,  1.69078242e-02,  1.26551131e-01],
       [ 1.72430244e-01,  5.91555563e-02,  5.58544690e-03, -5.18077281e-02,  2.24925989e-02],
       [-4.97467404e-02,  9.45655138e-02, -2.31248664e-02,  2.15248439e-02,  6.22454896e-02],
       [ 4.41732781e-02,  6.65992911e-02, -6.94645305e-02, -8.80628553e-03, -1.35488267e-01],
       [-6.04372497e-02,  1.43267555e-01,  1.12471503e-01, -7.44327680e-02, -4.33845850e-02],
       [ 8.21872216e-02, -1.30360269e-01,  8.49230823e-02, -1.06757459e-01,  4.41474764e-02],
       [-1.81604596e-02, -1.85821736e-01, -7.22637136e-02, -3.55640955e-02, -7.45985521e-03],
       [ 1.27980428e-01, -1.47215232e-01, -2.30996793e-02,  1.25093148e-01,  1.18754666e-01],
       [-2.45962212e-03, -7.43196528e-03,  2.51096869e-02, -5.89743170e-02, -3.12853485e-02],
       [ 6.06277139e-03,  1.37673479e-02, -4.78030392e-02,  1.64102888e-02, -1.30844224e-01],
       [-6.95756868e-03, -6.46682480e-03,  5.29169781e-02,  6.05151854e-02, -9.98093775e-03],
       [ 3.52795057e-03,  3.60193250e-03, -1.78596363e-02, -1.56685786e-02, -7.28553413e-02],
       [ 7.36521669e-03, -9.06003496e-03,  5.34078481e-03, -2.51102606e-02,  1.27820062e-01],
       [-4.62205321e-03,  2.17939125e-02, -9.90978881e-03,  7.08671653e-02,  5.61958167e-02],
       [-9.40223157e-03, -2.38241182e-03,  4.08792128e-02,  1.13364810e-01, -3.78128978e-02],
       [ 3.05270901e-04, -5.84682428e-03,  1.60324219e-03,  2.42571358e-02, -1.84742455e-03],
       [ 6.01927759e-03, -2.32888604e-02,  4.04528416e-02, -9.94402402e-02, -1.24256135e-01],
       [-6.98248608e-02,  1.55929223e-03,  8.84569307e-02, -2.74528160e-02, -4.08523057e-02],
       [ 8.33443085e-02,  3.81381960e-02, -9.36851072e-02,  1.02263278e-02, -6.33472272e-03],
       [-3.10981636e-02,  3.34875960e-02,  1.38159007e-02, -2.10106262e-02, -2.05055375e-02],
       [ 1.69738874e-02,  3.78665251e-02, -5.15906684e-02,  2.07936315e-02,  2.85867059e-02],
       [-3.73078588e-02,  4.20314397e-02,  1.00682433e-01,  4.76041703e-02,  1.98352730e-02],
       [ 7.91144901e-02, -7.10553892e-02, -3.75690707e-02,  2.43057756e-02, -1.44240039e-02],
       [ 3.50548066e-03, -8.18686009e-02, -5.77094688e-02,  4.43750447e-03, -9.17957979e-03],
       [ 8.36078029e-02, -5.17583066e-02, -1.21230052e-01, -5.15570014e-02, -1.32476170e-02],
       [-7.07426448e-02, -5.47305541e-02,  4.05355444e-02,  4.09958410e-02,  1.74261670e-02],
       [ 6.14149544e-02, -2.44395012e-02, -5.30422744e-03,  2.20459205e-02, -7.95347448e-02],
       [-2.11927391e-02, -4.99016102e-02,  6.30036366e-02, -6.19731007e-02,  8.57429350e-02],
       [ 7.50829862e-02, -3.76409081e-02, -1.23688305e-01,  2.18551840e-02,  8.89443793e-02],
       [-1.09400998e-01,  3.62249696e-02, -2.43856901e-02,  9.42346717e-02, -1.21897517e-02],
       [-2.37805913e-02,  7.60998222e-02,  5.76644626e-02,  8.42580210e-03,  1.05926820e-02],
       [-1.09844954e-01,  1.36984799e-02,  6.69487681e-02, -7.99639645e-03, -1.31855325e-01],
       [-8.23424740e-02, -1.84265487e-02,  3.52375985e-03,  3.24423543e-02, -6.54675797e-03],
       [ 1.76385338e-02,  4.73166133e-02, -5.01244190e-02, -2.41210843e-02, -2.64676708e-02],
       [-9.84121955e-02, -5.49492354e-03,  1.49801711e-01, -4.38679165e-02,  1.42531073e-02],
       [ 1.28057042e-01,  3.88697523e-02,  3.57957004e-02, -5.95093209e-04,  1.77689285e-02],
       [ 4.37607155e-02, -5.83593860e-02, -8.81418705e-02,  5.62939625e-03, -2.11503583e-04],
       [ 1.35797624e-01,  5.73677385e-02, -7.03937651e-02,  4.33790455e-02, -1.23813445e-02],
       [-1.79432633e-02, -2.42877089e-02,  2.90059176e-02, -2.45317499e-02,  6.99683682e-02],
       [ 2.44543404e-02, -6.73514331e-02, -2.84326949e-02,  1.25456838e-02,  2.04995480e-02],
       [-3.29072601e-02,  6.45632606e-02, -1.94091744e-02,  4.16739186e-02, -1.43206157e-02],
       [ 6.20386355e-03,  9.05402579e-02,  1.81033449e-02,  1.94482149e-02,  3.19505436e-03],
       [-5.83779211e-02,  8.36001569e-02,  1.30799827e-02, -3.94587559e-02, -8.75819374e-02],
       [-1.57793583e-02, -4.45378356e-02,  6.42925997e-02, -7.26433222e-03, -8.65747513e-02],
       [ 3.69069087e-02,  5.00515984e-02, -4.57875894e-02, -6.50301619e-02,  1.10946649e-03],
       [ 8.87560738e-03,  5.64247932e-03, -3.42810371e-02, -1.47341062e-02,  1.03469376e-02],
       [ 2.19708844e-02,  7.60514021e-02, -7.14474300e-02, -1.59200486e-02,  9.98859637e-02],
       [-5.04800031e-02,  1.19735614e-01,  6.61445130e-02, -4.97398998e-02,  2.48768958e-02],
       [ 1.72341669e-02,  9.40544109e-02,  2.97793806e-02, -2.39349548e-02, -6.64265525e-03],
       [-5.16658743e-02,  1.03251201e-01,  1.30391956e-01,  1.17266128e-01,  9.57667409e-02],
       [-1.06980557e-02, -1.59508425e-01, -4.06001203e-02,  6.63001843e-03,  3.28323836e-03],
       [ 9.51516213e-02, -1.21498389e-01,  2.09139443e-02,  9.39888104e-02, -4.09332814e-02],
       [-1.37580182e-02, -1.53274229e-01, -6.26593071e-02, -6.07987055e-04, -2.53967943e-02]])})
2026-01-20 11:01:28,599 - final_problem_set.kxor_instance_n24_k2_m191_ell2_eps0.25_kappa1.0_rho0.0 - INFO - Running key extraction (n=24, m=191, ell=2, phase_qubits=13)
2026-01-20 11:01:28,603 - final_problem_set.kxor_instance_n24_k2_m191_ell2_eps0.25_kappa1.0_rho0.0 - INFO - Built voting matrix V (n=24, ell=2, dtype=complex128) in 0.004s
2026-01-20 11:01:28,604 - final_problem_set.kxor_instance_n24_k2_m191_ell2_eps0.25_kappa1.0_rho0.0 - INFO - Eval: adv=0.2251 (no ground-truth z available)
2026-01-20 11:01:28,604 - final_problem_set.kxor_instance_n24_k2_m191_ell2_eps0.25_kappa1.0_rho0.0 - INFO - Key extraction complete: x_hat=6
2026-01-20 11:01:28,604 - final_problem_set.kxor_instance_n24_k2_m191_ell2_eps0.25_kappa1.0_rho0.0 - INFO - Finished step 'KeyExtractionStep' in 0.005s (success: True, problem=kxor_instance_n24_k2_m191_ell2_eps0.25_kappa1.0_rho0.0)
2026-01-20 11:01:28,604 - final_problem_set.kxor_instance_n24_k2_m191_ell2_eps0.25_kappa1.0_rho0.0 - INFO - SUCCESS: len(z_hat)=24
2026-01-20 11:01:28,604 - final_problem_set.kxor_instance_n24_k2_m191_ell2_eps0.25_kappa1.0_rho0.0 - INFO - Metrics: adv=0.225130890052356, ham_frac=None, corr=None
2026-01-20 11:01:28,604 - final_problem_set.kxor_instance_n24_k2_m191_ell2_eps0.25_kappa1.0_rho0.0 - INFO - z_hat (full): [-1,  1,  1, -1,  1,  1,  1, -1,  1,  1,  1,  1, -1,  1, -1, -1, -1,  1, -1,  1,  1, -1, -1, -1]
