2026-01-20 11:01:05,226 - final_problem_set.kxor_instance_n21_k2_m188_ell2_eps0.2_kappa0.875_rho0.0 - INFO - Starting iteration for /Users/julian/CodingProjects/UniT3/QuarticSpeedupK-XOR/z_Daphne/data/final_problem_set/kxor_instance_n21_k2_m188_ell2_eps0.2_kappa0.875_rho0.0.npz
2026-01-20 11:01:05,227 - final_problem_set.kxor_instance_n21_k2_m188_ell2_eps0.2_kappa0.875_rho0.0 - INFO - Loaded instance (n=21, m=188, k=2)
2026-01-20 11:01:05,227 - final_problem_set.kxor_instance_n21_k2_m188_ell2_eps0.2_kappa0.875_rho0.0 - INFO - Starting step 'ComputeKikuchiStep' (version 0.1) on problem kxor_instance_n21_k2_m188_ell2_eps0.2_kappa0.875_rho0.0 (fields={'ell': 2, 'threshold': 0.0})
2026-01-20 11:01:05,254 - final_problem_set.kxor_instance_n21_k2_m188_ell2_eps0.2_kappa0.875_rho0.0 - INFO - Finished step 'ComputeKikuchiStep' in 0.027s (success: True, problem=kxor_instance_n21_k2_m188_ell2_eps0.2_kappa0.875_rho0.0)
2026-01-20 11:01:05,254 - final_problem_set.kxor_instance_n21_k2_m188_ell2_eps0.2_kappa0.875_rho0.0 - INFO - Starting step 'ClassicalEigenvaluesStep' (version 0.1) on problem kxor_instance_n21_k2_m188_ell2_eps0.2_kappa0.875_rho0.0 (fields={'ell': 2, 'threshold': 0.0, 'kikuchi_matrix': <Dictionary Of Keys sparse matrix of dtype 'int64'
	with 4674 stored elements and shape (210, 210)>, 'num_eigenvalues': 5})
2026-01-20 11:01:05,359 - final_problem_set.kxor_instance_n21_k2_m188_ell2_eps0.2_kappa0.875_rho0.0 - INFO - Finished step 'ClassicalEigenvaluesStep' in 0.105s (success: True, problem=kxor_instance_n21_k2_m188_ell2_eps0.2_kappa0.875_rho0.0)
2026-01-20 11:01:05,359 - final_problem_set.kxor_instance_n21_k2_m188_ell2_eps0.2_kappa0.875_rho0.0 - INFO - Starting step 'KeyExtractionStep' (version 0.1) on problem kxor_instance_n21_k2_m188_ell2_eps0.2_kappa0.875_rho0.0 (fields={'ell': 2, 'threshold': 0.0, 'kikuchi_matrix': <Dictionary Of Keys sparse matrix of dtype 'int64'
	with 4674 stored elements and shape (210, 210)>, 'num_eigenvalues': 5, 'eigenvalues': array([-10.15495087,   9.85741563,   9.95288643,  11.58996112,  11.78320705]), 'eigenvectors': array([[-2.20879077e-02,  7.26871451e-02,  5.74856931e-02, -3.45137724e-02, -1.22107775e-02],
       [-3.49202807e-02, -3.59605145e-02, -5.55829206e-02, -5.02593664e-02, -8.43022576e-02],
       [-1.73367755e-02, -5.93057978e-02, -5.96483463e-02,  3.56329969e-02,  3.43137645e-03],
       [-5.16279009e-02, -3.05679254e-02,  9.24111968e-02,  7.16498820e-02,  1.12436266e-01],
       [-5.02459419e-02, -6.76018556e-02,  2.04900548e-02,  9.82303387e-02,  8.59107472e-02],
       [-4.58060493e-02, -5.88662840e-02, -1.79205752e-01,  3.77255907e-02, -2.27009327e-02],
       [-1.51195449e-01,  5.94756895e-02, -6.87666785e-02, -8.83503050e-02, -9.38604089e-02],
       [-9.42366817e-02, -2.75386802e-02,  6.74846424e-02, -3.11648719e-02, -3.51355596e-02],
       [-7.03750994e-02, -3.18941712e-02,  7.84849948e-02,  5.99438911e-02,  8.81797879e-02],
       [-9.33760753e-02, -1.93417350e-02, -1.06936437e-01,  4.32110888e-02,  1.98384884e-02],
       [-5.35218331e-02, -9.48441194e-02, -5.53972101e-02,  3.21457588e-02, -5.27968117e-03],
       [ 1.88577972e-02, -1.37819144e-03, -3.21584184e-02, -5.57707858e-02, -8.34431328e-02],
       [ 1.19314564e-02, -9.63080915e-02, -2.21571614e-02,  9.25696470e-02,  7.31299323e-02],
       [-4.41206200e-02, -6.89132263e-02, -5.78901682e-02,  5.52148765e-02,  3.06259789e-02],
       [-5.27205656e-03, -3.89604387e-02, -1.63117540e-01,  1.08364223e-02, -5.34276218e-02],
       [-2.98094482e-02, -6.98366166e-02,  8.12298579e-02,  1.63486126e-02,  2.05441841e-02],
       [-2.07068245e-02, -5.26922691e-02,  1.54363772e-02,  3.68598063e-02,  3.22868486e-02],
       [ 1.90639714e-02,  8.40247990e-02,  5.21851130e-02, -9.35687394e-02, -7.49029663e-02],
       [-1.27557954e-01,  1.23836990e-01,  1.18766391e-01, -7.21824260e-02, -1.30379031e-02],
       [ 4.31498936e-02, -9.10417448e-02, -3.50390048e-02,  5.12421018e-03, -3.97494851e-02],
       [-9.74165914e-03,  1.07882695e-02, -3.09591169e-02, -7.64989325e-02, -1.08411354e-02],
       [ 2.19160817e-03, -6.12891676e-02, -5.64197748e-02,  6.15471973e-03,  4.65790365e-03],
       [-4.28854416e-02, -1.31633704e-02,  3.27176036e-02,  8.97961027e-02,  1.18834770e-02],
       [-8.82596929e-02, -7.07912318e-02, -1.82622705e-02,  9.07649708e-02,  4.73853435e-02],
       [-1.34158381e-02, -5.77466099e-02, -8.31516878e-02, -1.40540002e-02, -1.63131427e-03],
       [-7.83155593e-02,  6.32134672e-02, -1.01262239e-02, -8.21252880e-02, -5.07510126e-02],
       [-1.01889595e-01,  1.50797246e-03,  8.23954318e-03, -2.87700005e-02, -4.42797104e-03],
       [-3.30786858e-02,  8.12977207e-03,  3.77213595e-02,  8.24362973e-02,  1.51186021e-02],
       [-8.00673011e-02, -5.44099570e-02, -5.28492866e-02,  1.07704470e-02,  5.42111947e-04],
       [-5.60411769e-02, -4.43832948e-02, -3.90693668e-02, -4.51260281e-03,  6.14436284e-03],
       [ 3.56808839e-02,  1.81238708e-02, -1.45088054e-02, -6.71555334e-02, -2.74391483e-02],
       [-1.02467670e-02, -7.58608811e-02, -3.92501607e-02,  7.71698014e-02,  2.32880070e-02],
       [-1.15971255e-02, -3.42264753e-02, -2.17228448e-02,  1.89840339e-02,  1.11718413e-02],
       [-6.34001651e-02, -1.78900346e-02, -6.74442863e-02, -2.72774482e-02, -1.87145045e-02],
       [-1.21530033e-02, -1.17489213e-02,  2.08308546e-02,  1.30335184e-02,  8.03977388e-03],
       [ 2.62648794e-02, -1.44730899e-02, -7.31030275e-04,  3.49935257e-02,  1.81486740e-02],
       [-4.58824964e-02,  7.37074571e-02,  4.07070106e-02, -6.54007511e-02, -1.70300293e-02],
       [-8.71783391e-02,  6.77123636e-02,  7.43324060e-02, -1.00431565e-02, -9.51988942e-04],
       [ 1.45973747e-02, -3.50415029e-02, -3.45992485e-02, -2.09421743e-02, -8.13779254e-03],
       [-3.51545491e-03,  5.08329951e-02,  4.76951483e-02,  6.74574457e-02,  4.28292076e-02],
       [ 1.36294724e-02,  3.60615580e-02, -4.62729349e-02, -8.80530672e-02,  1.33474371e-01],
       [ 2.83166429e-02,  4.68043541e-02, -4.59215405e-02, -6.89231391e-02,  1.61961054e-01],
       [ 2.62475714e-02,  8.58366065e-02, -3.76941242e-02,  9.95293322e-02,  1.36928808e-02],
       [ 5.88026498e-02, -4.07736201e-02,  3.98745176e-02,  1.11488092e-01, -1.79948267e-01],
       [ 1.36638390e-02, -6.42557752e-02,  9.72079745e-02,  1.88139150e-02, -2.82420146e-02],
       [ 2.11869857e-02, -2.03181995e-02, -5.27407145e-02, -8.71660796e-02,  1.08229190e-01],
       [ 4.62073474e-02,  1.51433105e-01, -1.66576393e-02,  5.51267425e-02,  5.18254148e-02],
       [-1.39942709e-02, -1.92392109e-02,  5.46954569e-02,  6.53522447e-02,  2.99708054e-02],
       [ 3.54923631e-03, -2.45010468e-02,  8.31949905e-02,  8.68575581e-02, -9.73462181e-02],
       [-2.89241020e-02,  8.24405796e-02, -2.85265567e-02, -2.85618061e-02,  1.73120081e-01],
       [ 1.58711925e-02,  3.37550210e-02, -2.52896113e-02,  1.90524921e-02,  6.17216634e-02],
       [-1.85050311e-02,  3.27971055e-02,  2.79463469e-03,  1.20912144e-01, -3.99925475e-02],
       [ 2.82621918e-02, -5.57589707e-02,  5.72709494e-02, -3.73101673e-02,  4.52699605e-02],
       [ 2.28705041e-02, -5.15739380e-02, -3.13985579e-02, -4.63715894e-02,  7.53011645e-02],
       [-2.36356624e-02, -1.07210563e-01,  1.81999617e-02,  5.48492973e-03, -1.29935029e-01],
       [ 5.20175985e-02, -6.75363089e-02, -3.70780750e-02, -1.27173253e-01, -8.41295171e-02],
       [-1.70377858e-02, -6.70521470e-02,  1.00769723e-01,  9.15557092e-02, -3.09788158e-02],
       [-4.76032161e-03, -2.41401856e-02, -6.50258406e-02, -8.56543979e-02, -5.43652342e-02],
       [-2.47364135e-02,  5.77640050e-03, -7.51474229e-03, -1.01214636e-01, -2.72074824e-02],
       [ 9.55864882e-03,  7.76816507e-02,  1.26073139e-01,  8.87878776e-04,  1.93792883e-02],
       [ 7.95091020e-03, -3.93465907e-03,  4.13319044e-02,  9.94180205e-02,  4.71729498e-02],
       [-4.79161895e-03,  1.37647382e-02, -2.32581741e-02,  2.59517168e-02,  1.46092209e-02],
       [ 2.43255481e-03, -4.74090613e-03, -4.81895193e-02, -6.79037632e-02, -5.14398507e-02],
       [-1.76163085e-02,  3.83588495e-02,  6.37077446e-02, -1.76183483e-02, -3.69140783e-03],
       [ 5.30514308e-04,  8.14010370e-02,  6.78627237e-02, -6.36487413e-03,  7.77696422e-03],
       [ 9.86819374e-03,  3.63690942e-02,  3.43723836e-02,  7.29369224e-02,  3.86583911e-02],
       [-9.58422159e-05,  5.48805382e-02,  3.39579728e-02, -8.61066825e-02, -3.04466940e-02],
       [ 9.17567024e-03,  3.97229861e-02,  3.95254999e-02, -3.19546262e-02, -8.14500267e-03],
       [-1.92362115e-02,  8.57374625e-02,  1.30316486e-01,  3.38592462e-02,  2.98454913e-02],
       [ 3.17847783e-03,  1.82095964e-02, -4.14762312e-02, -1.83910757e-02, -9.97970980e-03],
       [ 1.30292337e-02,  1.68129100e-02, -3.52976909e-03, -3.77919783e-02, -1.51122204e-02],
       [-2.03569917e-02, -5.24990257e-02, -4.89675571e-02,  7.57416308e-02,  2.56895103e-02],
       [ 4.81819667e-03, -1.04453286e-01, -1.08764904e-01,  2.15371669e-02, -5.99499256e-03],
       [-8.65580166e-03,  7.34912007e-02,  5.18835951e-02,  1.77612845e-02,  2.17301989e-02],
       [-8.65923408e-02,  5.62318641e-02, -2.93181140e-02,  6.27797725e-02, -2.24326282e-01],
       [-5.16909360e-03, -8.02085724e-02,  5.85216703e-02, -1.17245300e-01, -1.67821678e-02],
       [-9.47545085e-02, -5.49971553e-02,  3.69767068e-02, -8.75741114e-02,  1.85341276e-01],
       [-1.44854430e-01,  7.29613643e-02, -1.31199976e-01, -3.05723040e-02,  5.96988521e-02],
       [-5.36829143e-02,  8.06698573e-02, -3.67486125e-04,  8.71131946e-02, -1.31577585e-01],
       [-9.38708463e-02, -1.68221105e-01,  2.29625843e-02, -6.77336009e-02, -6.13083119e-02],
       [-9.39650840e-02,  5.64812635e-02, -7.46958574e-02, -8.70774755e-02, -3.61033836e-02],
       [ 7.46015811e-02, -3.22155181e-02, -6.57909351e-02, -9.40590396e-02,  1.33277863e-01],
       [-3.57858360e-02, -3.97765908e-03, -5.02242871e-02,  5.74539838e-03, -1.74119706e-01],
       [-1.63911413e-02, -6.51239880e-03,  2.61180541e-04, -3.21635455e-02, -7.09935325e-02],
       [-1.02581879e-01, -5.06747523e-02,  2.84258312e-02, -1.38431918e-01,  4.87471584e-02],
       [-1.66500688e-02,  8.71407592e-02, -9.93377133e-02,  2.01003088e-02, -1.86923520e-02],
       [ 4.72273305e-02,  1.10223983e-01, -7.47778973e-03,  3.45365475e-02, -7.53939601e-02],
       [-7.88827890e-02,  5.03841335e-02,  2.95736518e-02,  1.41242472e-02,  1.57505698e-01],
       [-7.94126226e-02,  4.94613076e-02,  1.12625673e-01,  1.70647432e-01,  7.71605544e-02],
       [ 2.17190030e-02,  8.85807116e-02, -9.50789712e-02, -9.65758414e-02,  2.66681858e-02],
       [-1.80718674e-02, -5.84585504e-02,  1.37700070e-01, -1.43570985e-01,  1.81525809e-02],
       [-1.25945219e-01, -7.96459852e-02,  2.58322952e-02, -4.29623693e-02,  1.99121805e-01],
       [-1.37447669e-01,  8.80929698e-02, -1.45066697e-01, -1.24024565e-02,  4.84521901e-02],
       [-6.13169269e-02,  9.01255765e-02, -1.16789884e-02,  6.13053672e-02, -1.52237803e-01],
       [-7.63763560e-02, -1.21165362e-01,  1.06692023e-01, -8.33673401e-02, -8.66249100e-02],
       [-1.52442345e-01,  1.00350318e-01, -2.55893790e-02, -1.07562920e-01, -1.07154297e-02],
       [ 6.53998250e-02, -1.18907858e-02, -5.02212415e-02, -6.01798724e-02,  1.37027166e-01],
       [-5.70516780e-02,  5.56170235e-02,  1.98847626e-02, -3.83381238e-02, -1.85702658e-01],
       [-4.07116182e-02,  1.93417171e-02,  4.05979454e-02, -5.34083623e-02, -5.45759660e-02],
       [-1.03592969e-01, -1.50544111e-02,  1.11951677e-01, -1.42632779e-01,  6.78108339e-02],
       [-3.56550109e-03,  1.22600429e-01, -1.23979185e-01,  2.10208169e-02, -4.25377575e-02],
       [ 3.80186019e-02,  1.06006153e-01, -5.06199866e-03,  9.57279792e-03, -5.23117055e-02],
       [-8.28883395e-02, -7.90778312e-03, -4.94492638e-02,  5.41561893e-02,  1.71891082e-01],
       [-1.00688388e-01, -3.92844528e-02, -9.30412982e-03,  1.92155570e-01,  6.82640209e-02],
       [ 2.83728779e-02,  1.20829021e-01, -7.05381861e-02, -1.05495946e-01,  6.10060876e-02],
       [ 4.19772577e-02,  7.01989812e-02, -9.41873725e-02,  1.45444513e-01, -6.15479876e-03],
       [ 1.23645984e-02,  2.75679849e-02,  1.28649680e-02,  4.47880449e-02,  2.13808238e-03],
       [ 1.60163837e-02, -8.19661026e-02,  4.02770490e-02, -1.06185177e-01, -1.28925720e-02],
       [-1.47467808e-03,  7.54411314e-02,  8.92004666e-02, -5.27998769e-03,  1.35733525e-02],
       [-1.07480563e-02,  8.68808763e-02,  1.10451306e-01,  1.21724122e-02,  1.59949825e-02],
       [ 2.09116563e-02,  1.10345602e-01, -5.96718771e-03,  1.25911977e-01, -1.24558591e-03],
       [-1.62229577e-02, -6.47275173e-03,  1.56782819e-01, -1.06123426e-01,  3.03886334e-02],
       [ 2.29508126e-02,  1.28536497e-02,  6.35774459e-02, -3.01948353e-02,  9.14231884e-03],
       [-5.54189408e-02,  1.11738921e-01,  7.32735860e-02,  6.20004325e-02,  1.64488354e-02],
       [ 6.68106067e-03,  2.83699026e-03,  1.83110026e-02, -1.94989831e-02,  2.15757909e-03],
       [ 3.53045834e-02, -4.44410117e-02,  3.52637852e-02, -6.10594251e-02,  6.72027158e-03],
       [-5.76890864e-02, -2.63355059e-02, -1.60277311e-01,  9.07227874e-02, -2.11163085e-02],
       [ 3.27282783e-02, -1.19271642e-01, -1.97462849e-01, -1.04344274e-02, -2.81916106e-02],
       [-2.38930197e-02,  8.06387267e-02,  7.20708128e-02,  4.53256893e-02,  1.22051499e-02],
       [-1.31131095e-01, -8.35884057e-02,  1.35152906e-01,  3.62998010e-02, -8.02693929e-02],
       [ 3.91857932e-04, -1.03379718e-01,  1.30810906e-02, -9.26474831e-02,  1.49853426e-01],
       [-7.31966301e-02,  1.53294174e-01, -5.95274302e-02,  8.10393185e-02,  5.85742306e-02],
       [-1.47568222e-01, -7.22547184e-02,  5.67050037e-02,  1.14962698e-01,  3.65750863e-03],
       [ 8.97637076e-02,  2.07580435e-02,  4.83101716e-02,  9.16706647e-02, -1.38846182e-01],
       [-8.98592784e-02, -4.63811310e-02,  3.18525142e-02,  1.05601543e-02,  1.76353922e-01],
       [ 1.67886345e-02, -1.51429299e-02, -1.97809027e-02,  4.82451653e-02,  5.62874486e-02],
       [-2.27921543e-01,  2.13547570e-02, -7.31060944e-02,  1.49568337e-01, -5.32830604e-02],
       [ 3.04526871e-02, -1.03743191e-01,  1.13085775e-01, -1.62840957e-02,  1.47015791e-02],
       [ 1.21262913e-01, -1.16456477e-01,  9.21294397e-03, -1.96573942e-02,  5.23989347e-02],
       [-2.00221128e-01, -8.66551364e-03, -4.12543626e-03, -2.81136206e-02, -1.66811022e-01],
       [-4.21691782e-02,  5.24161874e-02, -4.60274574e-02, -1.90319086e-01, -9.19568077e-02],
       [-3.54986856e-02, -1.13411023e-01,  8.62722641e-02,  1.07568309e-01, -3.65046649e-02],
       [-4.19877831e-02,  5.57565975e-02, -1.04736476e-01, -2.03944311e-02,  3.53589933e-02],
       [-1.26136388e-01,  4.77841656e-02, -2.94359680e-02,  1.77802220e-02,  2.58042723e-02],
       [-1.84025657e-01, -1.18275431e-02,  8.30012023e-03,  2.62357962e-02,  9.75272862e-03],
       [ 8.09105403e-02, -6.64997787e-02,  9.11717567e-02,  1.94783659e-02, -3.03604765e-02],
       [-7.86088347e-02,  8.57733916e-02, -1.29861975e-01,  1.24652973e-03,  6.51702621e-02],
       [-2.96757898e-02,  3.29569648e-02, -4.32383073e-02,  9.02627679e-03,  2.11696480e-02],
       [-1.89098069e-01, -1.37904658e-02,  5.01640413e-02,  5.92970636e-02, -1.88388382e-02],
       [ 1.03886253e-02, -1.05223942e-02, -1.30918841e-02, -1.86243391e-02,  1.97600863e-02],
       [ 9.32254047e-02,  1.89480298e-02, -5.07528702e-02, -5.81486391e-03,  2.24654067e-02],
       [-1.70339309e-01, -8.36722356e-02,  1.08054768e-01, -7.09864459e-03, -5.12055110e-02],
       [-1.32366022e-01, -2.16228354e-02,  5.76493908e-02, -5.46104735e-02, -2.80166449e-02],
       [-7.67959557e-03, -3.77698463e-02,  3.46376158e-02,  2.93098824e-02, -1.38516595e-02],
       [-2.34943894e-02, -1.12379603e-01,  3.54960429e-02, -5.10634442e-02, -6.94786145e-02],
       [-7.29287278e-02,  2.57126061e-02, -7.44021385e-02, -8.38680391e-02, -2.27019248e-02],
       [ 2.81381836e-02, -7.33640839e-02, -6.39527694e-02, -1.00347844e-01,  1.12159423e-01],
       [-4.13058463e-02,  3.60060388e-02, -2.96866600e-02,  1.43419992e-02, -1.42783259e-01],
       [ 1.12560681e-02,  5.41225910e-03,  2.17617735e-03, -2.50474836e-02, -5.54868923e-02],
       [-9.50422020e-02, -1.00810234e-01,  3.11144109e-03, -1.45316047e-01,  4.50570765e-02],
       [ 2.34366953e-02,  8.99727173e-02, -8.20114261e-02,  2.64643061e-02, -2.51470715e-02],
       [ 5.58225831e-02,  8.17816591e-02, -8.82747074e-03,  2.53833792e-02, -4.16524319e-02],
       [-8.86713515e-02, -1.62171237e-03,  8.59222359e-03,  4.08947699e-03,  1.49318852e-01],
       [-2.07947502e-02,  3.34371271e-02,  8.41432110e-02,  1.47275970e-01,  7.53463616e-02],
       [-2.07198793e-02,  3.91486440e-02, -9.95712948e-02, -9.70049096e-02,  3.12049489e-02],
       [-1.58669936e-01,  8.52630078e-02,  6.69756068e-02, -1.04335983e-02,  4.14515432e-03],
       [ 5.23284190e-02,  1.40187304e-01, -5.52980358e-02,  5.02539283e-02,  6.51504896e-02],
       [-7.69905030e-02, -8.64845860e-02,  1.00409770e-01, -6.68384014e-02, -4.00987564e-02],
       [-1.49594809e-02, -8.43615016e-03,  5.81387731e-02, -2.88578827e-02, -1.88612884e-02],
       [-1.46605827e-01,  1.41880484e-01,  7.01128796e-02,  1.71222628e-02,  3.79305586e-02],
       [ 1.83543592e-02, -1.11652511e-02, -1.89631960e-02, -1.08156714e-02, -7.16715269e-03],
       [ 7.21675768e-02, -2.10049053e-02,  4.74750748e-02, -3.11295210e-02, -3.36431516e-02],
       [-1.18664336e-01,  7.03105634e-02, -9.37068466e-02,  5.69715945e-02,  2.97665062e-02],
       [-7.79967736e-02, -6.95028456e-02, -1.07028630e-01,  2.92722924e-02,  2.72105875e-03],
       [ 7.24547933e-03,  1.24179386e-01,  5.51973867e-02,  1.38300746e-02,  2.08947758e-02],
       [ 9.50799580e-02, -2.52882949e-02,  5.99487628e-02,  7.89737674e-02,  1.77397397e-02],
       [-2.57554508e-02,  1.41354950e-01,  2.35334377e-02, -9.29528463e-02, -1.51643513e-02],
       [-2.96459316e-02,  6.19885287e-02,  2.62990260e-02, -2.81609780e-02,  9.18939234e-04],
       [-1.66121548e-01,  5.27333238e-02,  1.15872458e-01,  4.53603754e-02,  1.99444851e-02],
       [-3.13387895e-02,  9.19676232e-03, -3.29338289e-02, -2.32912695e-02, -4.83769887e-03],
       [ 6.88253477e-02,  2.94140969e-02, -1.62876921e-02, -4.71563963e-02, -3.54769770e-03],
       [-1.10165452e-01, -1.20042411e-01, -1.75590218e-02,  6.64050963e-02, -2.01934906e-03],
       [-1.41829697e-01, -1.32683644e-01, -1.02162553e-01,  6.85002571e-03, -8.78983630e-03],
       [ 1.40566206e-02,  3.54647351e-02,  5.71846211e-02,  2.52031367e-02,  1.16107565e-02],
       [ 2.60415052e-02,  1.81295296e-02, -4.44785432e-02, -2.07182932e-02,  1.58830751e-01],
       [ 2.38834221e-02,  1.76929596e-02, -2.41142694e-02,  2.43943565e-02,  5.19628348e-02],
       [ 5.24912284e-02,  5.43267093e-02,  3.06967316e-03,  1.26161097e-01, -3.35910809e-02],
       [-3.75051370e-03, -8.34687202e-02,  5.12061246e-02, -3.69326733e-02,  3.77300706e-02],
       [-1.85475832e-02, -6.55921340e-02, -1.19945251e-02, -2.71900869e-02,  4.48273137e-02],
       [ 3.91042230e-02, -5.55501725e-02,  3.89337125e-02, -9.68883622e-04, -1.24609291e-01],
       [ 9.80260468e-02, -2.95420150e-02, -1.60105859e-02, -1.34328276e-01, -8.22783263e-02],
       [-2.06206973e-02, -5.28679988e-02,  1.07390496e-01,  9.61605316e-02, -2.99957682e-02],
       [-2.34904089e-02,  3.55425141e-02,  5.14443722e-02, -5.83377925e-02, -5.92170440e-02],
       [-2.80850250e-02,  3.13688415e-02,  1.34426711e-01, -1.04081738e-01,  8.43457537e-02],
       [-1.95892743e-02,  9.61338495e-02, -1.14869277e-01,  1.08266015e-02, -1.60450473e-02],
       [ 2.18856653e-03,  8.52323116e-02, -2.75238661e-03, -8.06170199e-03, -5.18643070e-02],
       [-5.51079450e-03, -2.01461331e-02, -6.24380653e-02,  7.24786039e-02,  1.44483481e-01],
       [-7.79958658e-02, -9.14021264e-02, -5.10501102e-02,  1.60411912e-01,  3.74560388e-02],
       [ 2.21651807e-02,  1.53393611e-01, -1.74395775e-02, -7.18217573e-02,  5.53368522e-02],
       [-5.99891567e-02,  3.46292602e-02,  5.82441357e-02, -1.67720296e-02,  2.71911018e-02],
       [ 1.33596688e-02,  3.20616144e-02, -3.58507049e-02, -4.08490145e-03, -9.27932278e-03],
       [ 3.70363286e-02,  2.83839994e-02,  8.42840628e-03, -2.00883336e-02, -1.92713920e-02],
       [-5.75054831e-02, -2.38956892e-02, -6.17939551e-02,  5.37227755e-02,  5.43925522e-02],
       [ 5.23882192e-03, -5.48090077e-02, -4.85665938e-02,  5.32317925e-02,  1.69336374e-02],
       [-1.76578563e-02,  6.85210766e-02,  7.61268342e-03, -1.28837783e-02,  1.97684040e-02],
       [-2.23697225e-02, -2.05558442e-02,  3.95748405e-02, -2.14104159e-02,  1.07440181e-02],
       [ 1.11961672e-02, -7.57176174e-02,  2.45850755e-02, -7.43815870e-02,  2.20721525e-02],
       [-5.00054276e-02, -6.48611794e-02, -1.17688514e-01,  7.92864102e-02, -8.19471467e-02],
       [-1.84215520e-01, -1.05556461e-01, -1.86014648e-01, -5.68137436e-02, -5.71707327e-02],
       [ 6.23264304e-02,  3.12978786e-02,  1.11921509e-01,  8.34943277e-02, -1.69409101e-03],
       [ 1.80240917e-02,  6.70145426e-02, -4.33913149e-02,  9.72081677e-03, -6.94852871e-03],
       [-3.74834902e-02, -7.31128677e-02,  9.54269255e-02, -5.65839482e-03,  3.14348085e-02],
       [ 1.93715742e-02, -3.52172483e-02,  7.47455740e-02,  3.43022031e-02,  8.92920890e-03],
       [-1.18284878e-02, -1.06119309e-03, -9.27793861e-03, -2.77394260e-02,  3.22176412e-03],
       [-1.56973597e-03, -7.15134760e-02, -2.15154436e-02,  2.49608537e-02,  7.72747311e-02],
       [ 1.00908684e-01, -2.93192370e-02,  4.40474285e-03,  7.82880138e-02,  2.78630279e-02],
       [-4.07618096e-02,  1.13065671e-02, -3.44165739e-02, -4.30162839e-02,  1.92516306e-02],
       [-1.75369048e-01,  9.36158780e-02,  7.65967770e-02, -1.35284207e-01, -3.80338641e-02],
       [ 6.52348352e-02, -1.57501485e-01,  5.36127030e-03,  5.52940338e-02, -4.82124452e-02],
       [-2.07621679e-02, -1.34033138e-01, -1.09202451e-01, -4.26510737e-02, -3.66799579e-02]])})
2026-01-20 11:01:05,361 - final_problem_set.kxor_instance_n21_k2_m188_ell2_eps0.2_kappa0.875_rho0.0 - INFO - Running key extraction (n=21, m=188, ell=2, phase_qubits=12)
2026-01-20 11:01:05,364 - final_problem_set.kxor_instance_n21_k2_m188_ell2_eps0.2_kappa0.875_rho0.0 - INFO - Built voting matrix V (n=21, ell=2, dtype=complex128) in 0.003s
2026-01-20 11:01:05,365 - final_problem_set.kxor_instance_n21_k2_m188_ell2_eps0.2_kappa0.875_rho0.0 - INFO - Eval: adv=0.2553 (no ground-truth z available)
2026-01-20 11:01:05,365 - final_problem_set.kxor_instance_n21_k2_m188_ell2_eps0.2_kappa0.875_rho0.0 - INFO - Key extraction complete: x_hat=5
2026-01-20 11:01:05,365 - final_problem_set.kxor_instance_n21_k2_m188_ell2_eps0.2_kappa0.875_rho0.0 - INFO - Finished step 'KeyExtractionStep' in 0.004s (success: True, problem=kxor_instance_n21_k2_m188_ell2_eps0.2_kappa0.875_rho0.0)
2026-01-20 11:01:05,365 - final_problem_set.kxor_instance_n21_k2_m188_ell2_eps0.2_kappa0.875_rho0.0 - INFO - SUCCESS: len(z_hat)=21
2026-01-20 11:01:05,365 - final_problem_set.kxor_instance_n21_k2_m188_ell2_eps0.2_kappa0.875_rho0.0 - INFO - Metrics: adv=0.2553191489361702, ham_frac=None, corr=None
2026-01-20 11:01:05,365 - final_problem_set.kxor_instance_n21_k2_m188_ell2_eps0.2_kappa0.875_rho0.0 - INFO - z_hat (full): [ 1,  1,  1, -1, -1, -1,  1,  1,  1, -1, -1, -1,  1, -1, -1,  1, -1, -1,  1,  1,  1]
