2026-01-20 11:00:46,571 - final_problem_set.kxor_instance_n18_k4_m203_ell4_eps0.3_kappa1.0_rho1.0 - INFO - Starting iteration for /Users/julian/CodingProjects/UniT3/QuarticSpeedupK-XOR/z_Daphne/data/final_problem_set/kxor_instance_n18_k4_m203_ell4_eps0.3_kappa1.0_rho1.0.npz
2026-01-20 11:00:46,572 - final_problem_set.kxor_instance_n18_k4_m203_ell4_eps0.3_kappa1.0_rho1.0 - INFO - Loaded instance (n=18, m=203, k=4)
2026-01-20 11:00:46,572 - final_problem_set.kxor_instance_n18_k4_m203_ell4_eps0.3_kappa1.0_rho1.0 - INFO - Starting step 'ComputeKikuchiStep' (version 0.1) on problem kxor_instance_n18_k4_m203_ell4_eps0.3_kappa1.0_rho1.0 (fields={'ell': 2, 'threshold': 0.0})
2026-01-20 11:00:46,581 - final_problem_set.kxor_instance_n18_k4_m203_ell4_eps0.3_kappa1.0_rho1.0 - INFO - Finished step 'ComputeKikuchiStep' in 0.009s (success: True, problem=kxor_instance_n18_k4_m203_ell4_eps0.3_kappa1.0_rho1.0)
2026-01-20 11:00:46,581 - final_problem_set.kxor_instance_n18_k4_m203_ell4_eps0.3_kappa1.0_rho1.0 - INFO - Starting step 'ClassicalEigenvaluesStep' (version 0.1) on problem kxor_instance_n18_k4_m203_ell4_eps0.3_kappa1.0_rho1.0 (fields={'ell': 2, 'threshold': 0.0, 'kikuchi_matrix': <Dictionary Of Keys sparse matrix of dtype 'int64'
	with 1164 stored elements and shape (153, 153)>, 'num_eigenvalues': 5})
2026-01-20 11:00:46,610 - final_problem_set.kxor_instance_n18_k4_m203_ell4_eps0.3_kappa1.0_rho1.0 - INFO - Finished step 'ClassicalEigenvaluesStep' in 0.028s (success: True, problem=kxor_instance_n18_k4_m203_ell4_eps0.3_kappa1.0_rho1.0)
2026-01-20 11:00:46,610 - final_problem_set.kxor_instance_n18_k4_m203_ell4_eps0.3_kappa1.0_rho1.0 - INFO - Starting step 'KeyExtractionStep' (version 0.1) on problem kxor_instance_n18_k4_m203_ell4_eps0.3_kappa1.0_rho1.0 (fields={'ell': 2, 'threshold': 0.0, 'kikuchi_matrix': <Dictionary Of Keys sparse matrix of dtype 'int64'
	with 1164 stored elements and shape (153, 153)>, 'num_eigenvalues': 5, 'eigenvalues': array([-5.37569514, -5.17959225, -5.14925841,  5.17805509,  8.49020532]), 'eigenvectors': array([[ 3.16902996e-02, -4.66665493e-02,  1.03646102e-01, -2.45595121e-02, -6.69828150e-02],
       [ 2.82846130e-02,  7.54000083e-02,  1.15861214e-01, -6.12198099e-02,  9.71836259e-02],
       [-4.79453971e-02,  2.86990666e-02,  5.85688122e-02,  5.37461956e-02,  5.21897913e-02],
       [-3.56808519e-02,  4.67748851e-02,  2.03337015e-02,  4.59802404e-03,  4.06419732e-02],
       [ 6.78883565e-02, -6.81545821e-02,  4.63381211e-02, -1.23172894e-02, -6.89963733e-02],
       [-1.36380984e-01,  1.04624335e-01, -1.93856746e-01,  1.28880281e-01, -1.35777815e-01],
       [ 2.52518369e-01, -1.43981491e-01, -8.65475565e-02, -1.48695007e-01, -1.46316437e-01],
       [ 3.11738742e-03, -6.84945590e-02, -3.27703771e-02, -9.73868333e-02, -7.72477389e-02],
       [ 1.67010963e-01,  1.06967418e-01,  2.62820456e-01,  6.40532514e-02,  1.39259303e-01],
       [ 6.09054474e-02,  4.22528326e-02,  9.34151157e-02, -4.00333885e-02,  5.60721571e-02],
       [-7.44751224e-02, -3.97931908e-02, -5.31210525e-03,  9.92445809e-02,  7.77263318e-02],
       [ 2.08723118e-01, -1.03590742e-01, -2.03704218e-02, -2.34464229e-03, -1.25331914e-01],
       [ 1.28842577e-01, -1.38298515e-01,  1.34885960e-01,  9.60923694e-02,  1.11493917e-01],
       [-5.11536062e-03, -5.99798027e-02,  6.41989956e-02, -6.62513426e-04, -5.64205344e-02],
       [ 9.82482727e-02, -3.85712067e-02, -1.10940520e-01, -1.46797841e-01,  1.08081623e-01],
       [ 1.02682377e-01,  4.56508714e-02, -2.17663246e-02,  2.49197981e-02,  5.76857812e-02],
       [ 6.35319193e-02,  2.39886578e-02, -1.61048711e-01, -7.49212115e-02,  1.43459109e-01],
       [ 1.90220773e-01,  1.40749386e-01,  2.63572172e-02,  7.61702816e-02,  1.21920461e-01],
       [-4.25714341e-02, -2.56438691e-02,  6.31870409e-03,  5.20398279e-02,  6.19885219e-02],
       [ 6.33968510e-02,  1.06964590e-01,  1.12901681e-01, -1.26272823e-01,  1.02951291e-01],
       [ 5.52763741e-03,  1.08547172e-01,  3.61734681e-02, -9.89678636e-02, -7.65704216e-02],
       [-5.29420706e-03,  7.85761332e-03, -5.88136083e-03,  2.32021106e-03, -3.07237848e-02],
       [ 5.18723066e-02,  3.39633584e-02,  3.25831666e-02,  1.26833566e-01, -7.61671564e-02],
       [ 1.41414381e-02, -1.34579680e-02,  3.85165191e-02, -4.39551950e-02, -3.96871494e-02],
       [-4.65158846e-02, -1.53998968e-02,  7.08343489e-02, -6.39410273e-02,  6.06791025e-02],
       [-3.64892250e-02,  9.51959715e-02,  5.99684849e-02,  4.59764718e-02,  9.04105614e-02],
       [-1.46130906e-02,  8.56968720e-02, -3.58311974e-02, -7.41969162e-03,  7.37280081e-02],
       [ 5.41747936e-02,  1.41544296e-01, -7.79378630e-02, -1.38976636e-01, -9.94091618e-02],
       [-3.67203956e-02, -1.34957843e-01,  8.12562419e-02,  1.42705682e-01,  6.91706296e-02],
       [ 4.51379473e-02,  4.73992450e-02, -2.71916540e-02,  3.43165522e-02, -4.14232736e-02],
       [-6.42876589e-02,  6.56089367e-02, -1.09799845e-01,  8.36516407e-02,  7.49148107e-02],
       [ 2.03474418e-01,  3.43717189e-03, -1.30729122e-01, -1.91542995e-01,  1.31196790e-01],
       [-2.61860656e-02, -3.59871728e-02, -6.23619705e-02,  9.52641095e-03,  4.58530284e-02],
       [-2.11049504e-02, -1.42366870e-01,  5.02339920e-02, -7.57645619e-02, -6.90717341e-02],
       [ 2.30093076e-02, -2.31868015e-02,  6.18170618e-02, -2.38293636e-02, -6.36285377e-02],
       [ 3.37680737e-03,  9.22762585e-02,  3.93782704e-02, -3.42931314e-02,  6.30337920e-02],
       [-4.97354704e-03, -8.42134085e-02, -2.19812855e-01,  8.04453492e-02,  1.09632376e-01],
       [-8.47157278e-02, -1.63784668e-01,  1.60867117e-01,  1.37576731e-01,  1.01434102e-01],
       [ 2.03807857e-04,  1.10133728e-01, -1.32074182e-01, -7.86386093e-02,  9.01752041e-02],
       [ 1.24874149e-01,  7.21209106e-02, -1.15396317e-02,  1.36102543e-01, -8.30626122e-02],
       [ 1.20971608e-02, -1.00910411e-01,  2.44592211e-02, -8.60236646e-03, -5.74795332e-02],
       [ 5.61550239e-02,  1.27797965e-02,  2.48290801e-02,  9.23514026e-02, -7.14410831e-02],
       [-1.26684651e-02, -9.44304483e-03, -7.47950423e-02,  4.02638029e-02,  3.94281776e-02],
       [-6.81110211e-02, -2.17859891e-02, -2.00584778e-03, -1.01808580e-01, -7.95085710e-02],
       [-4.85701590e-02,  2.96123560e-02, -8.64710895e-02, -5.61301975e-02,  5.20965252e-02],
       [-5.38444928e-02, -1.08453046e-02, -7.75988264e-02,  1.12542294e-01, -8.27450918e-02],
       [ 9.77822561e-03, -2.87507655e-02,  6.42949840e-02,  8.43845416e-02, -6.54974530e-02],
       [ 4.71383591e-02,  3.43987064e-02, -6.17293984e-02,  2.08200778e-02, -5.75535671e-02],
       [-9.93760805e-03,  4.16298001e-03, -3.24814720e-02,  6.73018629e-02, -4.74141182e-02],
       [-5.16362456e-02,  1.32741138e-02,  1.21598450e-01, -4.83796424e-02,  7.34791486e-02],
       [ 1.06982020e-02,  1.19297355e-02,  5.23765972e-02, -1.02337031e-01,  7.42285327e-02],
       [ 1.91196780e-02, -7.92793755e-03,  2.64309844e-02, -4.58978766e-02,  3.17317617e-02],
       [-3.02634645e-02,  9.43701935e-02,  1.51543365e-01,  5.62389409e-02,  7.72108671e-02],
       [-2.12965472e-03, -1.08910220e-01, -4.75807053e-02, -2.87971091e-02, -4.56171223e-02],
       [ 6.47592525e-02, -4.09815031e-02,  2.93391192e-03, -5.62749435e-02, -5.33575601e-02],
       [ 3.13630709e-03, -4.15694710e-02,  1.83479571e-03,  1.78012764e-02, -3.05579870e-02],
       [-9.26979471e-02, -2.11511072e-02,  1.30638267e-01, -8.52363279e-02,  9.89400383e-02],
       [ 2.26748676e-01,  1.02905686e-01, -4.45638595e-02,  1.11475255e-01, -1.21541534e-01],
       [ 1.34777362e-01,  6.84060860e-02, -3.77990395e-02,  5.34870230e-03,  7.77845018e-02],
       [ 6.15994846e-02, -8.10961418e-02, -3.65454946e-02,  8.85474876e-04, -9.26131071e-02],
       [ 7.36570121e-02, -3.29360627e-01,  8.58455873e-02, -2.50115202e-01, -1.43128493e-01],
       [ 1.19628701e-01, -8.18068568e-02,  4.99008548e-02, -3.19491621e-03, -6.97373554e-02],
       [ 1.39020279e-01,  8.67973771e-02, -1.32329994e-01,  2.71732432e-02,  1.18606725e-01],
       [-1.80195229e-01, -6.91333041e-03,  1.17596034e-02, -3.95518532e-02,  7.81160281e-02],
       [-4.07979306e-02, -3.00225505e-02, -3.50609029e-02,  2.82193842e-02,  7.15298200e-02],
       [ 9.34606895e-03,  6.79350564e-02,  2.95931563e-02, -4.99576156e-02,  6.99957376e-02],
       [ 1.61364927e-01,  1.02026324e-01,  3.98233121e-04, -1.65912817e-01, -1.15125231e-01],
       [-2.39082426e-02, -1.33737705e-01,  2.42380581e-03, -9.14089702e-02, -5.39186458e-02],
       [-7.24413522e-03,  1.48045610e-02, -4.32128972e-02,  5.14626121e-02, -3.72449252e-02],
       [ 3.45773927e-02,  2.12330827e-02,  3.41557717e-02,  2.45111838e-02,  8.49201999e-02],
       [-4.06221049e-02,  5.68544609e-03,  1.92451354e-01,  1.88503238e-01, -1.20942644e-01],
       [-8.08486547e-02, -5.77363013e-02,  8.06935900e-04, -3.68000947e-02,  8.16257202e-02],
       [-5.78886935e-03,  5.07584736e-02, -9.28367386e-03, -4.30231575e-02, -7.23201124e-02],
       [-2.09095542e-02,  3.08841476e-02, -7.80836303e-02,  1.44913437e-01, -9.57047727e-02],
       [ 5.60706162e-02,  4.51733934e-02, -1.45004871e-02, -9.32165778e-02, -7.52387809e-02],
       [ 3.76372641e-02, -2.32759738e-02, -4.41793611e-02,  4.75898965e-02, -4.86793058e-02],
       [ 1.75748505e-02,  1.90576055e-02,  1.64088546e-02,  7.12347417e-02, -6.80773992e-02],
       [-2.24818070e-02, -6.16690873e-03,  5.39092460e-02, -5.40055369e-02, -4.48813015e-02],
       [-2.20805708e-02,  2.75782332e-02,  9.71971203e-02, -1.68166790e-01,  9.95578939e-02],
       [ 3.34517946e-03,  3.73992018e-02, -5.12458362e-02, -2.49444946e-02,  3.34526292e-02],
       [-5.26943443e-02,  1.74415301e-02,  3.30445982e-03,  2.85857863e-02,  2.00690822e-02],
       [ 1.43247122e-02, -4.10492915e-02,  5.42573287e-02,  1.85967148e-01, -8.60948979e-02],
       [ 6.61720453e-02,  8.65242266e-02,  6.82567166e-04,  4.46552784e-02,  9.18183644e-02],
       [ 7.00081065e-02, -1.03454687e-01, -2.25742836e-01,  9.77548230e-02, -1.07003082e-01],
       [-2.15434397e-02,  6.81624357e-03, -1.70771964e-01,  6.68255907e-02,  6.68188393e-02],
       [ 1.31330818e-01,  1.60947563e-01, -7.91390710e-02,  1.37572411e-02,  1.24868349e-01],
       [-2.72628734e-02, -2.71164088e-02,  2.42467854e-02,  3.54930824e-02,  3.81668895e-02],
       [ 1.78182580e-01,  5.11675300e-02,  9.86172882e-02, -6.19127020e-03, -1.20328283e-01],
       [-5.30195086e-02,  1.41995666e-01, -4.90453235e-02, -5.70302437e-02, -9.22392121e-02],
       [ 5.28448832e-02, -6.25254840e-02, -3.28535467e-02,  7.10303692e-02,  8.11521139e-02],
       [ 1.21691550e-02, -1.31207494e-01, -2.90683428e-02, -3.42486707e-02,  8.53416747e-02],
       [-1.17328450e-02,  2.06284081e-02, -5.01445227e-02,  3.56520302e-02,  4.14622080e-02],
       [ 5.43790719e-02,  7.28356711e-02, -5.39649533e-04, -1.45272059e-02, -6.20591728e-02],
       [ 6.67936960e-02, -7.08067280e-02, -2.22797949e-02, -5.09486762e-02,  6.34200909e-02],
       [ 1.87367711e-02,  4.07137021e-02,  6.85154527e-02,  5.58377959e-02, -7.98671095e-02],
       [ 6.27980321e-02,  6.84353612e-02,  6.25318285e-03,  1.25863198e-02,  3.99094008e-02],
       [ 2.47741867e-02, -3.72028240e-02, -3.93270234e-02, -3.20103641e-02,  4.69790347e-02],
       [ 1.19738624e-01, -2.91860120e-02, -5.67922933e-02,  1.36664498e-01,  7.62466745e-02],
       [ 1.84450237e-03, -6.48321750e-02, -2.58984265e-02,  1.82167901e-01, -9.37243023e-02],
       [-1.51378038e-01,  1.60218144e-01,  2.49049419e-02,  4.17310689e-02,  1.07773812e-01],
       [-4.68586126e-02,  8.05551969e-02, -3.76870907e-02,  7.24351314e-02,  5.71394322e-02],
       [-1.76515973e-02, -4.76569876e-02,  8.82106380e-02, -3.74631593e-02,  4.75873946e-02],
       [-2.96278635e-02, -1.27354657e-03,  6.78794644e-03,  2.36491621e-02, -1.91477474e-02],
       [-1.47931452e-01, -1.57647641e-02, -2.14941125e-01, -8.21201257e-02,  1.16974630e-01],
       [ 3.50522545e-02,  7.30862390e-02, -7.67686231e-03, -5.63055211e-02, -6.24902949e-02],
       [-7.05739232e-02, -1.65035550e-01,  5.72373777e-02,  8.94518511e-02,  1.24409383e-01],
       [ 6.03594828e-03, -1.27253270e-01, -4.10998490e-02, -6.05193426e-02,  8.25114826e-02],
       [-1.11357475e-01,  7.37234807e-02, -1.07975849e-02, -7.77657596e-03,  9.07939972e-02],
       [ 7.05733857e-03,  1.88139708e-02,  1.03038645e-02, -2.07332651e-02,  4.03904079e-02],
       [ 1.45943363e-01,  7.47644802e-02, -4.53055662e-03, -6.95176849e-02,  6.50396282e-02],
       [ 1.73737157e-02,  2.64711420e-02, -2.32725095e-02,  5.04737569e-02,  4.74328277e-02],
       [ 6.82142363e-02,  1.97844791e-02, -2.73015004e-02,  6.52142155e-02, -5.34024378e-02],
       [ 1.20879841e-01,  5.24588383e-02,  8.16879998e-02,  1.27651247e-01,  1.02203129e-01],
       [-5.05739950e-02, -1.46971234e-01, -1.54742731e-01, -7.47562281e-02, -1.10642973e-01],
       [ 1.61284129e-01, -1.11720881e-02, -9.19954277e-02,  1.77888685e-01,  1.00749594e-01],
       [ 1.56540144e-02,  9.30604922e-03, -3.69088569e-02, -9.10586694e-03,  4.13067844e-02],
       [-2.85562841e-02, -4.73839487e-02,  1.19240494e-01, -9.24782310e-02,  5.11127834e-02],
       [-4.19198248e-02,  5.68200163e-02, -9.37547612e-02,  1.57576668e-01, -8.61520152e-02],
       [-8.28650669e-03, -2.26160410e-02, -3.95669459e-02, -2.82002064e-02, -2.69578364e-02],
       [-9.82930323e-02, -4.39148866e-02,  5.55208203e-02, -9.35002642e-02,  7.30030947e-02],
       [-5.14006620e-02,  1.86372412e-02,  2.14438356e-02, -9.02883395e-02, -9.46767255e-02],
       [-4.82010166e-02, -1.60376203e-02, -8.36298202e-02, -9.80624397e-02,  7.16156772e-02],
       [-1.91755879e-01,  8.63129413e-02, -9.34641401e-02,  3.54366717e-02, -1.15595842e-01],
       [-7.67171688e-03,  7.63571141e-02,  4.38954304e-03,  3.20879799e-02, -6.87704172e-02],
       [-1.63530106e-01,  6.11540022e-02, -3.97767758e-02, -1.13542785e-02, -9.41439537e-02],
       [-2.28151117e-02, -2.02856489e-02,  2.24448397e-02,  2.69467534e-02, -2.47016314e-02],
       [-1.37021485e-01, -6.08394499e-02, -1.71194921e-01, -2.61353578e-02,  1.14464002e-01],
       [-1.78477843e-01,  2.67915382e-01,  6.43223341e-02, -1.01542522e-01, -1.34439040e-01],
       [-4.96163212e-02,  7.68412468e-03, -1.74172246e-02, -8.11885258e-03,  5.13194121e-02],
       [-7.83260785e-02, -7.53478810e-02,  3.93434589e-02, -2.28182456e-02, -4.54127632e-02],
       [-9.42817881e-02, -6.89854562e-02,  4.86849914e-02,  8.64769150e-02, -4.70111702e-02],
       [-2.09248670e-02, -3.16878473e-04, -2.31932869e-02,  8.29048110e-02, -8.44522790e-02],
       [-5.89671180e-02,  1.11778458e-02,  4.07822311e-02, -9.32948579e-02,  4.19488770e-02],
       [-2.87278919e-02, -1.45019483e-02,  2.56055002e-02, -6.06122889e-02, -5.35655883e-02],
       [ 5.14621009e-02, -5.77956366e-02, -9.06787999e-03,  4.07470430e-02,  6.17953283e-02],
       [-1.64802318e-02, -3.26128377e-02,  9.45244371e-03, -3.06526582e-03, -1.71182887e-02],
       [-6.01191896e-03,  2.35652827e-03, -3.87411911e-02, -1.01804074e-02, -5.56379784e-02],
       [-4.63479166e-02,  7.74952183e-02,  5.14953633e-02, -1.02952612e-02, -6.74840447e-02],
       [ 1.58052497e-02, -2.53996875e-02, -1.46504421e-01, -7.90573597e-02,  6.57155484e-02],
       [ 3.49972088e-02,  7.21068471e-02,  2.26783867e-02,  9.46862130e-03, -4.13151824e-02],
       [-1.38064936e-02,  8.45968022e-03, -6.78078160e-02,  1.41757770e-02,  7.12408179e-02],
       [-1.37943790e-02, -1.20524824e-02,  1.12878245e-01,  4.97886301e-02,  1.08872004e-01],
       [-6.60003285e-02, -4.38289785e-02, -5.83035557e-02,  6.36846014e-02,  5.41013468e-02],
       [-1.02677990e-01, -5.74407958e-02,  7.06085190e-02, -1.12916420e-01,  8.25827490e-02],
       [-7.15877909e-02,  1.72877598e-01, -2.62018852e-02, -7.94123171e-02, -8.40718870e-02],
       [-8.13732327e-02,  3.32646043e-02,  1.08728902e-01,  4.95817099e-02, -7.33083205e-02],
       [-3.31730961e-02,  1.66870361e-02, -9.89445567e-02, -2.72305038e-02, -7.08189825e-02],
       [ 4.93918404e-02,  7.63675813e-02, -7.38544707e-02, -5.15509013e-02,  6.12136168e-02],
       [ 1.13087088e-01,  1.10118837e-02,  1.84851632e-02,  1.86637184e-02,  1.03200963e-01],
       [ 2.32148422e-03, -1.31571278e-01,  8.93122628e-02,  1.22146972e-01,  8.13987843e-02],
       [-3.83420359e-02, -6.82363360e-03,  5.67049102e-02,  1.52405456e-02, -6.17126149e-02],
       [ 3.71988041e-02,  2.11105394e-01,  1.57643441e-01, -8.95886284e-02, -1.12941453e-01],
       [-2.81315992e-02,  9.67012693e-02,  1.65253186e-02, -3.38883986e-02, -6.65685917e-02]])})
2026-01-20 11:00:46,611 - final_problem_set.kxor_instance_n18_k4_m203_ell4_eps0.3_kappa1.0_rho1.0 - INFO - Running key extraction (n=18, m=203, ell=2, phase_qubits=12)
2026-01-20 11:00:46,613 - final_problem_set.kxor_instance_n18_k4_m203_ell4_eps0.3_kappa1.0_rho1.0 - INFO - Built voting matrix V (n=18, ell=2, dtype=complex128) in 0.002s
2026-01-20 11:00:46,613 - final_problem_set.kxor_instance_n18_k4_m203_ell4_eps0.3_kappa1.0_rho1.0 - INFO - Eval: adv=1.0000, hamming=0/18 (0.000), corr=1.000
2026-01-20 11:00:46,613 - final_problem_set.kxor_instance_n18_k4_m203_ell4_eps0.3_kappa1.0_rho1.0 - INFO - Key extraction complete: x_hat=0
2026-01-20 11:00:46,613 - final_problem_set.kxor_instance_n18_k4_m203_ell4_eps0.3_kappa1.0_rho1.0 - INFO - Finished step 'KeyExtractionStep' in 0.002s (success: True, problem=kxor_instance_n18_k4_m203_ell4_eps0.3_kappa1.0_rho1.0)
2026-01-20 11:00:46,613 - final_problem_set.kxor_instance_n18_k4_m203_ell4_eps0.3_kappa1.0_rho1.0 - INFO - SUCCESS: len(z_hat)=18
2026-01-20 11:00:46,613 - final_problem_set.kxor_instance_n18_k4_m203_ell4_eps0.3_kappa1.0_rho1.0 - INFO - Metrics: adv=1.0, ham_frac=0.0, corr=1.0
2026-01-20 11:00:46,613 - final_problem_set.kxor_instance_n18_k4_m203_ell4_eps0.3_kappa1.0_rho1.0 - INFO - z_hat (full): [-1, -1,  1,  1,  1, -1, -1, -1, -1,  1,  1,  1, -1,  1, -1,  1,  1,  1]
