2026-01-20 11:01:10,619 - final_problem_set.kxor_instance_n22_k2_m157_ell2_eps0.15_kappa1.0_rho0.4 - INFO - Starting iteration for /Users/julian/CodingProjects/UniT3/QuarticSpeedupK-XOR/z_Daphne/data/final_problem_set/kxor_instance_n22_k2_m157_ell2_eps0.15_kappa1.0_rho0.4.npz
2026-01-20 11:01:10,620 - final_problem_set.kxor_instance_n22_k2_m157_ell2_eps0.15_kappa1.0_rho0.4 - INFO - Loaded instance (n=22, m=157, k=2)
2026-01-20 11:01:10,620 - final_problem_set.kxor_instance_n22_k2_m157_ell2_eps0.15_kappa1.0_rho0.4 - INFO - Starting step 'ComputeKikuchiStep' (version 0.1) on problem kxor_instance_n22_k2_m157_ell2_eps0.15_kappa1.0_rho0.4 (fields={'ell': 2, 'threshold': 0.0})
2026-01-20 11:01:10,642 - final_problem_set.kxor_instance_n22_k2_m157_ell2_eps0.15_kappa1.0_rho0.4 - INFO - Finished step 'ComputeKikuchiStep' in 0.022s (success: True, problem=kxor_instance_n22_k2_m157_ell2_eps0.15_kappa1.0_rho0.4)
2026-01-20 11:01:10,642 - final_problem_set.kxor_instance_n22_k2_m157_ell2_eps0.15_kappa1.0_rho0.4 - INFO - Starting step 'ClassicalEigenvaluesStep' (version 0.1) on problem kxor_instance_n22_k2_m157_ell2_eps0.15_kappa1.0_rho0.4 (fields={'ell': 2, 'threshold': 0.0, 'kikuchi_matrix': <Dictionary Of Keys sparse matrix of dtype 'int64'
	with 4280 stored elements and shape (231, 231)>, 'num_eigenvalues': 5})
2026-01-20 11:01:10,706 - final_problem_set.kxor_instance_n22_k2_m157_ell2_eps0.15_kappa1.0_rho0.4 - INFO - Finished step 'ClassicalEigenvaluesStep' in 0.064s (success: True, problem=kxor_instance_n22_k2_m157_ell2_eps0.15_kappa1.0_rho0.4)
2026-01-20 11:01:10,706 - final_problem_set.kxor_instance_n22_k2_m157_ell2_eps0.15_kappa1.0_rho0.4 - INFO - Starting step 'KeyExtractionStep' (version 0.1) on problem kxor_instance_n22_k2_m157_ell2_eps0.15_kappa1.0_rho0.4 (fields={'ell': 2, 'threshold': 0.0, 'kikuchi_matrix': <Dictionary Of Keys sparse matrix of dtype 'int64'
	with 4280 stored elements and shape (231, 231)>, 'num_eigenvalues': 5, 'eigenvalues': array([-10.45195081,  -9.87635953,  10.2927445 ,  10.63231027,  12.5617809 ]), 'eigenvectors': array([[ 1.28246953e-01, -1.55208106e-02, -1.17763333e-01,  3.04679800e-02, -7.79624471e-02],
       [-4.27544279e-02, -1.77241901e-02,  8.46490068e-02, -6.45352168e-02,  7.37060986e-02],
       [-4.11154262e-02, -1.95320563e-02, -9.04493134e-02,  3.74790870e-03, -9.19677711e-02],
       [-2.18410779e-02,  1.62559440e-02,  6.62445010e-02,  1.42294437e-02,  9.92527967e-02],
       [-4.88376111e-02,  1.21856562e-02, -2.74038579e-02, -5.03675957e-02,  6.73406674e-03],
       [ 9.64776605e-02,  7.42787513e-02, -4.45329377e-02, -7.23562830e-02, -7.90460147e-03],
       [-1.48500055e-01, -6.68545501e-03,  4.69360981e-02, -9.46058180e-02,  1.87939304e-02],
       [ 1.31296113e-01,  3.71814621e-02,  1.00836173e-01,  5.28128776e-02,  4.82105195e-02],
       [ 7.20825052e-02, -5.51008496e-02,  1.67296494e-02, -1.28979498e-01,  1.59282864e-02],
       [-3.34367467e-02, -7.12033314e-02, -4.57568129e-02,  1.72443950e-02,  3.89019851e-02],
       [ 6.72951907e-02, -1.90893879e-03, -8.10972389e-02,  9.04179161e-02, -1.13770105e-01],
       [ 4.36565016e-02, -7.52218456e-02,  1.52079762e-01, -8.31908111e-02,  1.28714471e-01],
       [ 1.91883308e-02,  9.23308832e-03,  1.21029406e-01, -1.18082993e-02,  1.00831601e-01],
       [-5.02261361e-02, -8.55376947e-02, -4.60553255e-02,  4.96937700e-02, -9.72808578e-02],
       [-5.16909988e-02, -4.91802219e-02, -1.97758134e-02, -4.50791905e-02,  3.81136650e-02],
       [ 1.56656275e-01,  3.44563645e-02,  5.79981554e-02, -1.39025137e-02,  6.84068257e-02],
       [-1.27583817e-01, -4.00414092e-02, -4.84272394e-02,  4.60777302e-02, -6.77222137e-02],
       [ 1.80485350e-05,  5.85446097e-02,  1.30172646e-01, -3.74651054e-02,  9.05996818e-02],
       [ 2.97047149e-02,  3.63409054e-02, -1.13029976e-01,  1.16605268e-02, -3.26738779e-02],
       [ 1.16641438e-01,  5.71661096e-02, -5.88900285e-03, -7.38292039e-02, -7.56057033e-02],
       [-6.32849017e-02, -2.84187556e-02,  7.61479093e-02, -1.62396287e-03,  4.99285605e-02],
       [-3.81673928e-02,  2.00754004e-02,  4.89786738e-02, -4.94579918e-02,  8.60436577e-02],
       [-1.80575775e-02,  8.93739109e-03, -3.40932502e-02, -2.78096389e-02, -9.87263519e-02],
       [-5.76314981e-03,  6.46345630e-02,  5.66170790e-03,  5.19650767e-02,  1.18539646e-01],
       [-4.98325354e-02,  8.01065132e-02, -5.78027827e-02, -5.34227359e-02, -3.66120873e-04],
       [ 1.39378754e-01,  5.62250782e-03, -3.49777972e-02, -9.65848567e-02, -3.51775240e-03],
       [-7.02305672e-02,  9.56478032e-02,  6.82243035e-02, -1.24612040e-01,  3.52373811e-02],
       [ 1.04375488e-01, -1.20652671e-01,  9.32731129e-02,  8.57840973e-02,  6.14841777e-02],
       [ 1.11995171e-02, -1.21429417e-01, -1.54728389e-03, -1.45650576e-01,  1.22346766e-02],
       [-8.14473515e-02, -9.46743465e-02, -9.08445257e-02,  3.66612222e-02,  4.14500343e-02],
       [ 5.40357025e-02, -6.68422056e-02, -9.58235481e-03,  6.35730569e-02, -1.34675596e-01],
       [-2.59650804e-03, -1.19436358e-01,  7.42219151e-02, -4.28466682e-02,  1.36649916e-01],
       [ 4.14486140e-02, -1.80651304e-02,  7.23121228e-02,  3.26668374e-02,  1.37388128e-01],
       [-9.10416513e-02, -7.18018917e-02,  1.62465585e-02,  2.24744284e-02, -1.09822740e-01],
       [-6.15974982e-02, -4.19102331e-03, -5.37997073e-02, -4.24118350e-02,  4.53358769e-02],
       [ 1.07343865e-01, -1.49168392e-01,  2.02973579e-02,  3.72023243e-03,  8.56043906e-02],
       [-9.49670322e-02,  1.12702048e-01, -1.07890343e-02,  3.57065806e-02, -7.83071499e-02],
       [ 4.11185080e-02,  1.13288462e-01,  8.46831255e-02, -4.69536584e-03,  1.11334941e-01],
       [ 3.13996049e-02, -1.24832312e-02, -1.27119127e-01,  2.08907790e-03, -4.24791280e-02],
       [ 9.42836668e-02, -7.53970512e-02,  4.93635120e-02, -1.15080094e-01, -9.02445022e-02],
       [-9.09448375e-02,  2.40884581e-02,  4.10466171e-02,  2.15843777e-02,  5.33161684e-02],
       [ 1.14192095e-02,  4.67767919e-04, -6.93235492e-03, -1.78164616e-02,  7.92034812e-02],
       [ 1.06539650e-02, -1.50971748e-02,  3.29519113e-02,  4.52147443e-03, -7.19977866e-02],
       [ 2.26869178e-02, -1.21228083e-02,  4.62164603e-02,  3.42775417e-02,  7.81536850e-03],
       [-5.01181536e-02, -2.80059533e-02,  2.53531158e-02,  6.91063317e-02,  5.55038579e-03],
       [ 4.33638153e-02, -1.13551495e-02, -3.73372578e-02,  9.83438950e-02, -1.64468056e-02],
       [-5.73253546e-02,  1.03562178e-02, -6.53436683e-02, -4.05694148e-02, -6.15235317e-02],
       [-2.54945024e-02,  3.88744943e-02, -6.60749978e-03,  1.13733848e-01, -8.75713581e-03],
       [ 2.39373651e-02,  3.76433873e-02,  7.74204920e-02, -1.52809895e-02, -2.72284088e-02],
       [-3.28593714e-02,  1.55647053e-02, -2.35862747e-02, -7.96912705e-02,  7.96289927e-02],
       [-1.39843175e-02,  3.48848426e-02, -1.20252210e-02,  7.70337041e-02, -8.64588349e-02],
       [-1.29119528e-02, -5.02219589e-04, -1.26043366e-02,  2.69770930e-02, -1.02313851e-01],
       [ 2.45659594e-02,  2.84115698e-02, -3.52492183e-02, -4.01675708e-02,  6.01936224e-02],
       [ 2.28140517e-02,  1.31774339e-02,  5.20945273e-02,  4.27113967e-02, -2.72462386e-02],
       [-6.77319513e-02,  2.12718472e-02,  9.79191217e-03,  3.51804096e-02, -7.12037483e-02],
       [ 4.04443303e-02, -3.48009548e-04, -1.19964440e-02, -4.80740372e-02,  4.79689530e-02],
       [-5.00410917e-03, -3.54236574e-02, -4.59077687e-02,  5.66798499e-02, -9.89816348e-02],
       [-9.58683495e-03, -7.57498144e-03,  9.51586866e-02, -2.19076670e-02,  3.92752892e-02],
       [-2.92645048e-02, -2.97165898e-03, -7.38214145e-02,  5.82291575e-02,  7.29563082e-02],
       [ 3.85581770e-02,  4.37122525e-03, -1.16003131e-02,  6.43373882e-04, -3.67228020e-02],
       [ 4.54943390e-03, -1.13413403e-02, -5.08456588e-02,  5.86253830e-02,  8.76647740e-02],
       [ 2.17699985e-02, -1.96575636e-02, -7.21478828e-02, -4.46373647e-02,  3.18535137e-03],
       [-4.29261122e-02, -2.84956926e-02, -3.24185044e-02, -9.02901743e-02, -7.54774957e-03],
       [ 2.90871588e-02, -1.17601469e-02,  3.18442044e-02, -9.89405922e-02,  3.11430770e-02],
       [-3.98060763e-02,  8.16135641e-03,  7.55843485e-02,  1.05520150e-01,  6.80265219e-02],
       [-1.13625608e-02,  3.56142665e-02, -1.66260180e-02, -1.22474384e-01,  2.24914694e-02],
       [ 2.63425296e-02,  3.85895573e-02, -9.92132108e-02,  3.67028639e-02,  3.20016187e-02],
       [-1.49167900e-02,  6.58359686e-03,  6.43136827e-02,  1.41782557e-02, -1.07389060e-01],
       [-2.87765382e-03,  4.25829378e-02, -2.31997709e-02,  3.57709692e-03,  1.21982412e-01],
       [-1.19385985e-02, -4.81311794e-03, -5.62689463e-03,  5.64914327e-02,  1.06632129e-01],
       [ 2.36259724e-02,  3.45497746e-02,  8.28215307e-02, -7.64929245e-03, -9.71008358e-02],
       [ 1.95330719e-02,  1.27523393e-02, -8.06362670e-02, -2.67593354e-02,  3.71119943e-02],
       [-4.23499075e-02,  1.23705207e-02, -2.35572124e-02,  2.68660591e-02,  8.48266685e-02],
       [ 3.69035441e-02, -3.78584916e-03,  3.89114751e-02,  1.85343280e-02, -7.93351334e-02],
       [-1.02279286e-02, -3.71900310e-02,  2.92486606e-02,  3.79463121e-02,  1.25964701e-01],
       [-8.16036917e-03, -2.38596626e-03, -1.19552101e-01, -2.08721005e-02, -5.88632916e-02],
       [-2.22103928e-02, -2.16007568e-03,  7.97219682e-02, -1.02266603e-01, -6.46135286e-02],
       [ 3.04346078e-02,  7.82610066e-03,  1.70500034e-03,  3.80652647e-02,  4.49072219e-02],
       [ 6.73187946e-03, -3.82654186e-02,  7.46330975e-02,  5.04502439e-02,  4.19379094e-03],
       [-3.26953963e-02,  1.56472588e-02,  3.80379939e-02,  9.73956338e-02,  5.02895869e-03],
       [ 1.46574597e-02, -6.38163273e-02, -1.59868214e-02,  9.37754798e-02, -3.10096172e-02],
       [-2.10796971e-02,  7.65614361e-02, -6.02249595e-02, -1.23138237e-01, -7.56192764e-02],
       [ 7.74046335e-03,  7.56973880e-02,  3.96673678e-02,  1.19291230e-01, -3.42667751e-02],
       [ 2.14151783e-02,  2.32912705e-02,  1.01427385e-01, -2.86017399e-02, -2.72527375e-02],
       [-6.74053264e-03,  3.22762071e-02, -1.26833817e-01, -2.10347711e-03,  1.26862722e-01],
       [ 1.12425859e-03,  4.48981256e-02,  7.55000464e-02, -2.79354000e-02, -1.27854943e-01],
       [-7.26770477e-03,  4.48397523e-03,  4.72579302e-02, -7.62318375e-02, -1.14443280e-01],
       [ 2.70971556e-02,  2.14764808e-02, -1.20807663e-01,  2.14707918e-02,  9.88300880e-02],
       [ 1.31653179e-02, -5.14884797e-03,  1.01037012e-01,  2.53804010e-02, -3.87572251e-02],
       [-2.54337724e-03,  7.39566280e-02,  4.72579948e-02, -3.14549818e-02, -8.06069452e-02],
       [ 7.76947563e-03, -6.30335585e-02, -5.51929664e-02, -6.80596836e-03,  7.03457879e-02],
       [-1.48494652e-02, -3.52087606e-02,  1.33776239e-02, -5.97859542e-02, -1.37109696e-01],
       [-8.62960264e-03,  5.56771413e-03,  1.07601932e-01,  3.60837771e-02,  6.51782294e-02],
       [-2.51870913e-02,  4.32185800e-02, -9.35075175e-02,  1.06816532e-01,  6.32277998e-02],
       [ 1.96946765e-02, -1.81681991e-02,  1.93909054e-02, -4.80300427e-02, -4.79010701e-02],
       [-7.44247704e-02,  6.83263119e-03, -1.09049329e-03, -9.10193868e-04, -1.32481156e-03],
       [ 6.21622283e-02, -7.12351092e-02,  1.33371944e-02,  1.13700431e-02,  3.86213537e-03],
       [-7.20765448e-02,  8.05021054e-02,  2.82752654e-02,  3.32579529e-02, -4.50491882e-03],
       [-2.01382984e-02,  6.86440632e-02,  1.16059113e-02,  3.11759112e-03,  2.81598158e-03],
       [ 3.74875772e-02,  4.40820244e-02,  2.86296006e-02,  1.69469957e-02, -4.89140031e-04],
       [-3.66108983e-02,  4.18233204e-02, -8.43457925e-02, -5.79625938e-02, -6.24042727e-03],
       [-9.43049470e-03,  6.39524320e-02,  9.49099073e-02,  5.78909153e-02,  2.13602355e-02],
       [-1.78371157e-02,  9.22366964e-03,  8.28375102e-02,  6.28134512e-02,  8.31100684e-04],
       [ 4.69043240e-02,  3.51556346e-02, -6.35791269e-02, -4.08624358e-02, -1.00061683e-02],
       [ 3.46479960e-02, -4.25729577e-04,  3.08150139e-02,  1.77086058e-02,  2.62301730e-03],
       [-8.21659100e-02,  1.04175926e-01,  5.70611997e-02,  4.71177239e-02, -1.32110629e-03],
       [ 5.58562436e-02, -7.05478829e-02, -4.52896447e-02, -3.12332785e-02, -1.08854725e-02],
       [-1.47087165e-02, -5.21395191e-02,  7.00512121e-02,  6.33280064e-02,  7.07336793e-04],
       [-1.37826360e-02, -4.13634458e-03, -6.02954197e-03, -2.89703122e-02,  3.53850232e-03],
       [-6.12116965e-02,  4.70609848e-02, -5.93319552e-02, -3.75025644e-02,  2.74091579e-05],
       [ 4.97567184e-02, -1.90220916e-02,  3.51459885e-02,  2.09720129e-02,  3.32051624e-03],
       [-1.40330943e-01, -2.89072460e-02,  1.93092384e-02,  1.60275426e-02,  3.37253233e-03],
       [ 1.68906104e-01,  5.67373232e-02,  1.34228446e-02,  4.97657039e-02, -1.57838676e-03],
       [ 9.94954273e-02, -5.55485573e-02,  4.19449861e-03,  6.28307236e-03,  2.07667894e-03],
       [-3.60769201e-02, -8.93733697e-02, -2.77606949e-03,  2.89467792e-02,  2.12738068e-03],
       [ 7.42185040e-02, -2.33268506e-03, -1.96534576e-02, -9.33942109e-02, -2.07850343e-02],
       [ 5.23176609e-02, -7.96081497e-02,  5.01404701e-02,  1.29160710e-01,  6.66235233e-03],
       [ 3.73196589e-02,  2.11573487e-02,  4.07544412e-02,  1.11711228e-01,  7.33174634e-03],
       [-4.80396772e-02, -9.07290144e-02, -3.45727230e-02, -8.21882200e-02, -2.14950909e-03],
       [-5.28893506e-02, -4.72928909e-02,  1.39738423e-03,  2.57118066e-02,  6.33287138e-03],
       [ 2.19764428e-01,  5.32942448e-02,  2.48581378e-02,  7.30280882e-02,  9.62136621e-03],
       [-1.54972603e-01, -6.59427300e-02, -3.99552208e-02, -7.54146635e-02, -6.50818543e-05],
       [-1.29240081e-02,  7.02164872e-02,  2.91788757e-02,  1.07005819e-01, -8.72351298e-06],
       [ 2.83929584e-02,  3.26479584e-02, -1.75050379e-02, -4.66812035e-02, -1.21805067e-03],
       [ 1.36235111e-01,  8.05706330e-02, -2.74250650e-02, -6.88572760e-02, -1.84031878e-03],
       [-9.99773405e-02, -4.93263989e-02,  1.17230305e-02,  4.02823695e-02,  1.74627985e-03],
       [-1.50085142e-01,  1.10581802e-01, -5.27370769e-02,  4.43465525e-02, -2.46950044e-02],
       [-3.18292031e-02,  1.24811190e-01, -1.33520389e-02,  5.77724484e-02, -2.26725728e-03],
       [ 7.67007764e-02,  1.12852426e-01,  2.63827684e-02,  2.78335111e-02, -1.58205835e-02],
       [-6.74785416e-02,  6.20054353e-02,  3.47422841e-02, -1.51146214e-01,  3.12580806e-02],
       [-6.08703781e-03,  1.25362592e-01, -6.15034656e-02,  1.56502451e-01, -2.31905343e-02],
       [-4.36066050e-02,  7.48021373e-03, -4.89295608e-02,  1.27405882e-01, -3.71361226e-02],
       [ 9.16506970e-02,  8.84398171e-02,  1.69517607e-02, -1.05609830e-01,  2.59590867e-02],
       [ 6.72603110e-02,  1.72034424e-02,  8.84229487e-03,  4.98118307e-02, -9.81446147e-03],
       [-1.43070107e-01,  1.23586524e-01, -2.17241136e-02,  8.77263744e-02, -2.17494508e-02],
       [ 1.20166069e-01, -8.90366336e-02,  1.86207778e-02, -8.23010777e-02,  1.62341615e-02],
       [-3.49564768e-02, -1.11761868e-01, -6.61863275e-02,  1.40356461e-01, -3.45864438e-02],
       [-3.05114317e-02, -2.27401585e-03,  6.25566254e-02, -6.30843560e-02,  1.44381106e-02],
       [-1.01592004e-01,  4.51780924e-02, -1.55376317e-02, -3.85123063e-02,  3.18044327e-02],
       [ 1.06997024e-01, -1.02495477e-02, -2.90945907e-02,  4.58907766e-02, -1.30575186e-02],
       [ 4.17380304e-02, -1.53341993e-01, -1.92067877e-02,  6.58652388e-02, -1.73283346e-02],
       [-9.66148404e-02, -1.39687596e-01,  3.54061961e-02, -4.99755712e-02, -2.49353752e-02],
       [ 8.83050476e-02, -7.16367552e-02,  6.49379977e-02,  7.02590782e-02,  9.10976974e-02],
       [ 2.24065751e-02, -1.73394223e-01, -1.19311052e-01, -9.64415092e-02, -1.00716183e-01],
       [ 6.09098238e-02, -1.06994453e-02, -9.60899299e-02, -1.13390232e-01, -6.91509736e-02],
       [-1.07712452e-01, -1.23077848e-01,  3.80949747e-02,  6.57073827e-02,  7.44359932e-02],
       [-8.05315551e-02, -3.43668466e-02,  1.12289499e-02, -9.20752470e-03, -3.20773984e-02],
       [ 1.73874050e-01, -1.26738910e-01, -6.15682531e-02, -8.77059307e-02, -6.38206257e-02],
       [-1.51069335e-01,  8.82984476e-02,  5.58199688e-02,  4.90797834e-02,  6.52045363e-02],
       [ 5.12232011e-02,  1.28458632e-01, -9.82365278e-02, -9.76272865e-02, -6.70895523e-02],
       [ 2.31759361e-02,  2.19793626e-02,  8.32107833e-02,  3.81136214e-02,  2.65526492e-02],
       [ 1.26329891e-01, -3.40381166e-02,  1.46453969e-02,  1.15515598e-01,  4.84014009e-02],
       [-1.03791298e-01, -7.01479856e-03, -3.87234751e-02, -4.14675306e-02, -2.79747766e-02],
       [-6.02963297e-02, -5.00028096e-02,  3.10132610e-02,  2.31185725e-02, -7.24536414e-03],
       [ 2.43363873e-02, -6.56857243e-02, -1.12816588e-04, -1.57293559e-01,  7.28266905e-03],
       [-1.72092140e-02, -9.98125529e-02,  3.97474016e-03,  1.98890403e-01, -1.85243792e-02],
       [ 2.51973470e-02, -2.63754724e-02,  9.37337183e-03,  1.58414214e-01, -2.84352402e-02],
       [-6.70443623e-02, -2.37483409e-02, -6.72982532e-03, -1.16073442e-01,  9.16187941e-03],
       [-3.88182816e-02,  2.21663149e-02,  1.26292358e-02,  5.06377483e-02, -4.48750696e-03],
       [ 3.34130835e-02, -1.82969701e-01,  1.66808618e-02,  1.13587649e-01, -2.08282577e-02],
       [-5.10813728e-02,  1.69618379e-01, -1.56415234e-02, -1.08365622e-01,  1.23518215e-02],
       [ 3.97175134e-02,  5.88286464e-02,  1.93718826e-04,  1.65937701e-01, -1.08767980e-02],
       [ 1.70256708e-02, -1.60568400e-02,  3.10126873e-02, -8.03620834e-02,  6.31316819e-03],
       [ 5.66442478e-02, -1.25234050e-01, -5.00826921e-02, -5.78439174e-02,  2.81430554e-02],
       [-4.67519504e-02,  4.82631919e-02, -5.48543427e-03,  5.69958782e-02, -9.80249043e-03],
       [-4.46606324e-02, -4.90465080e-02, -1.23740082e-01,  3.74924788e-02,  2.79863490e-02],
       [-3.26614563e-02, -1.15289685e-02,  1.56948017e-01, -2.65396570e-02, -6.17164862e-02],
       [-1.27915272e-02, -2.28336721e-02,  1.21795828e-01, -4.89887396e-02, -4.23786662e-02],
       [ 8.86733332e-03,  3.66476554e-02, -9.98660818e-02,  2.56337997e-02,  2.46496711e-02],
       [ 2.31910709e-02,  4.87691365e-02,  5.31252934e-02, -3.18264343e-03, -8.09889486e-03],
       [-1.20017831e-01, -1.57656488e-01,  8.17020591e-02, -2.61462152e-02, -2.56881238e-02],
       [ 9.41041616e-02,  1.42255623e-01, -8.46162698e-02,  3.23067101e-03,  2.90745356e-02],
       [ 1.66399777e-02, -1.74870718e-03,  1.11865483e-01, -4.48842744e-02, -3.60079533e-02],
       [-1.48527486e-02, -2.98469258e-02, -1.29841034e-02,  2.42951293e-02,  2.30016300e-02],
       [-7.78852864e-02, -1.18375575e-01, -7.33785609e-02,  3.19401039e-02,  1.65175219e-02],
       [ 3.29546347e-02,  5.32800346e-02,  5.34663718e-02, -2.85469354e-02, -1.82297487e-02],
       [ 7.97104739e-03, -6.57669764e-02, -7.67108679e-02, -1.14325287e-01,  1.47225812e-01],
       [ 1.61423838e-02, -1.55315977e-03, -5.65467321e-02, -2.60810096e-02,  1.36616821e-01],
       [-4.14147139e-02, -4.20732144e-02,  1.13109208e-01,  5.59577811e-02, -9.75156533e-02],
       [-4.05756638e-02, -4.07204465e-03, -9.03335908e-02, -4.73433050e-02,  2.92009679e-02],
       [ 7.92736747e-02, -7.18523915e-02, -5.43897970e-02, -3.24856349e-02,  9.15188099e-02],
       [-8.69445876e-02,  7.05527409e-02,  8.41069310e-02,  9.33866705e-02, -9.91743510e-02],
       [ 1.55356310e-02,  5.81240756e-02, -3.87288819e-03, -6.00591427e-02,  1.33416200e-01],
       [ 1.84677478e-02,  9.93252562e-04, -1.33672188e-01,  3.19235010e-02, -7.10757485e-02],
       [ 6.78437266e-02, -3.77182401e-02,  1.54017931e-01, -8.54799207e-02, -9.76088983e-02],
       [-5.01179450e-02,  7.27941135e-03, -1.31645666e-02,  6.51688960e-03,  5.36938645e-02],
       [ 1.17454974e-02, -3.01481572e-02, -5.69440359e-03,  5.12064177e-03, -1.55474106e-01],
       [-3.53878884e-02, -6.50106884e-04, -9.27786420e-02, -5.03763870e-02,  1.13673804e-01],
       [-2.10424129e-02,  3.64788517e-02,  1.11559739e-01,  6.81671410e-02, -5.13677652e-02],
       [ 1.47814619e-02, -2.01048792e-01,  2.88565474e-02,  3.16665184e-02, -1.22845798e-01],
       [-3.27946061e-02,  1.82663774e-01, -3.56675850e-02, -6.67407824e-02,  8.83737623e-02],
       [ 2.28719807e-02,  3.95230376e-02, -6.19881105e-02,  5.01281127e-02, -1.58032594e-01],
       [ 8.98562476e-03, -2.19786533e-02,  1.91604018e-01, -2.48860095e-02,  7.89916312e-02],
       [ 2.58066046e-02, -1.23220731e-01, -1.35909473e-01,  1.18721628e-01,  1.14500822e-01],
       [-2.05703177e-02,  5.27969343e-02, -1.35231270e-02, -2.14251345e-02, -5.00210865e-02],
       [-1.20236917e-02, -2.57074337e-02, -8.01510984e-02,  5.23849803e-03,  1.24455923e-01],
       [-1.67129048e-02, -1.27991691e-02,  9.22852983e-02,  3.46334411e-02, -4.85047608e-02],
       [ 5.01974421e-02, -2.48522519e-03,  1.21152055e-02, -3.33121953e-02, -1.06645085e-01],
       [-4.80625036e-02,  5.89157695e-05, -2.77000715e-02, -2.30951348e-02,  1.04889718e-01],
       [-2.55532856e-03,  2.14459954e-02, -5.46608480e-02, -3.43525565e-02, -1.37578204e-01],
       [ 9.01452665e-03,  7.45118705e-03,  1.59598817e-01,  2.01697280e-02,  7.04048784e-02],
       [ 2.91905625e-02,  7.11896318e-03, -9.38618053e-02,  1.32049321e-01,  8.22200143e-02],
       [-1.70859740e-02, -2.74168285e-03, -1.28466885e-02, -3.54793384e-02, -4.57389222e-02],
       [ 2.37332523e-02,  4.24911536e-02, -8.00821257e-02, -3.49902898e-02,  2.56703953e-02],
       [-1.28569509e-01, -1.39853189e-01, -7.20296961e-02, -1.63476770e-02,  8.61063159e-02],
       [ 1.18502256e-01,  1.24489028e-01,  6.22894643e-02,  4.15233578e-02, -6.20964344e-02],
       [ 1.56838242e-02, -1.56137595e-02, -3.38036335e-02, -2.41819017e-02,  1.23520394e-01],
       [-1.13054788e-02, -2.73954552e-02, -9.19912141e-02,  9.98890643e-03, -6.03764364e-02],
       [-6.50609300e-02, -1.01696594e-01,  1.17515568e-01, -7.14272833e-02, -6.88713793e-02],
       [ 3.57649716e-02,  5.48209215e-02, -1.86255941e-02,  1.57453331e-02,  3.82551800e-02],
       [-8.06667647e-02, -4.35602122e-02,  5.88931335e-02,  2.79246958e-02, -2.43666301e-02],
       [ 7.93244757e-02,  3.67969721e-02, -7.43385996e-02, -4.73587053e-02,  3.10608204e-02],
       [-3.32928515e-03, -3.30315585e-02,  6.62529148e-02,  4.51013715e-02, -4.91211660e-02],
       [-1.01293106e-02, -1.11089111e-02,  2.11894869e-02, -2.21039250e-02,  2.75010218e-02],
       [-5.90779696e-02, -3.90825462e-02, -8.91051284e-02,  6.53913958e-03,  2.74976051e-02],
       [ 4.21958982e-02,  2.95112192e-02,  3.07732871e-02,  6.73813935e-03, -1.60771866e-02],
       [-1.69983094e-01,  1.20887795e-01, -4.64705421e-02, -3.87723418e-02,  7.97181388e-02],
       [ 6.97675689e-02,  1.45989296e-01, -1.21836475e-02, -8.23836962e-03, -9.38182602e-02],
       [ 4.31561095e-02,  1.11588968e-02,  9.31713810e-02,  8.50462523e-03,  4.82079191e-02],
       [ 1.42874336e-01, -5.38048348e-02, -6.89833779e-02,  7.76196247e-02,  6.00387467e-02],
       [-1.16718438e-01, -4.71299027e-03, -5.78578513e-03, -2.13849221e-02, -3.57875871e-02],
       [-3.51560574e-02, -1.41471016e-01,  2.80823310e-03, -4.76739568e-02,  1.04222137e-01],
       [-3.52119026e-02, -1.63669033e-02, -8.75074463e-02,  1.41190185e-02, -4.57364933e-02],
       [-1.16393226e-01,  2.30069688e-02,  7.33209662e-02, -4.28147453e-02, -5.92394007e-02],
       [ 1.40556713e-01, -4.58007008e-03, -5.35979039e-03,  1.79679597e-04,  4.47556475e-02],
       [ 6.87144518e-03,  2.00029132e-02,  1.46208684e-01, -3.67602587e-03,  4.91016129e-02],
       [ 2.72395632e-02,  1.06391124e-01, -7.26445218e-02,  1.33144100e-01,  1.03706959e-01],
       [-1.21173032e-02, -4.79461857e-02, -3.72112480e-02, -2.55809517e-02, -5.76506269e-02],
       [ 1.56223543e-02,  1.70101390e-02, -4.99442696e-02, -7.67515921e-02, -5.58587054e-02],
       [-2.04421640e-02, -1.74327730e-02,  7.22046351e-02,  7.75397286e-03,  2.87458259e-02],
       [-9.36039545e-02, -1.95965688e-02, -4.05121286e-02,  6.50305049e-02,  3.48590107e-02]])})
2026-01-20 11:01:10,708 - final_problem_set.kxor_instance_n22_k2_m157_ell2_eps0.15_kappa1.0_rho0.4 - INFO - Running key extraction (n=22, m=157, ell=2, phase_qubits=12)
2026-01-20 11:01:10,711 - final_problem_set.kxor_instance_n22_k2_m157_ell2_eps0.15_kappa1.0_rho0.4 - INFO - Built voting matrix V (n=22, ell=2, dtype=complex128) in 0.003s
2026-01-20 11:01:10,712 - final_problem_set.kxor_instance_n22_k2_m157_ell2_eps0.15_kappa1.0_rho0.4 - INFO - Eval: adv=0.5032, hamming=2/22 (0.091), corr=0.818
2026-01-20 11:01:10,712 - final_problem_set.kxor_instance_n22_k2_m157_ell2_eps0.15_kappa1.0_rho0.4 - INFO - Key extraction complete: x_hat=12
2026-01-20 11:01:10,712 - final_problem_set.kxor_instance_n22_k2_m157_ell2_eps0.15_kappa1.0_rho0.4 - INFO - Finished step 'KeyExtractionStep' in 0.004s (success: True, problem=kxor_instance_n22_k2_m157_ell2_eps0.15_kappa1.0_rho0.4)
2026-01-20 11:01:10,712 - final_problem_set.kxor_instance_n22_k2_m157_ell2_eps0.15_kappa1.0_rho0.4 - INFO - SUCCESS: len(z_hat)=22
2026-01-20 11:01:10,712 - final_problem_set.kxor_instance_n22_k2_m157_ell2_eps0.15_kappa1.0_rho0.4 - INFO - Metrics: adv=0.5031847133757962, ham_frac=0.09090909090909091, corr=0.8181818181818182
2026-01-20 11:01:10,712 - final_problem_set.kxor_instance_n22_k2_m157_ell2_eps0.15_kappa1.0_rho0.4 - INFO - z_hat (full): [-1, -1,  1, -1,  1, -1, -1,  1,  1,  1,  1, -1,  1,  1, -1,  1,  1, -1,  1, -1, -1,  1]
