2026-01-20 11:00:31,989 - final_problem_set.kxor_instance_n14_k2_m93_ell2_eps0.25_kappa1.0_rho0.6 - INFO - Starting iteration for /Users/julian/CodingProjects/UniT3/QuarticSpeedupK-XOR/z_Daphne/data/final_problem_set/kxor_instance_n14_k2_m93_ell2_eps0.25_kappa1.0_rho0.6.npz
2026-01-20 11:00:31,990 - final_problem_set.kxor_instance_n14_k2_m93_ell2_eps0.25_kappa1.0_rho0.6 - INFO - Loaded instance (n=14, m=93, k=2)
2026-01-20 11:00:31,990 - final_problem_set.kxor_instance_n14_k2_m93_ell2_eps0.25_kappa1.0_rho0.6 - INFO - Starting step 'ComputeKikuchiStep' (version 0.1) on problem kxor_instance_n14_k2_m93_ell2_eps0.25_kappa1.0_rho0.6 (fields={'ell': 2, 'threshold': 0.0})
2026-01-20 11:00:31,997 - final_problem_set.kxor_instance_n14_k2_m93_ell2_eps0.25_kappa1.0_rho0.6 - INFO - Finished step 'ComputeKikuchiStep' in 0.007s (success: True, problem=kxor_instance_n14_k2_m93_ell2_eps0.25_kappa1.0_rho0.6)
2026-01-20 11:00:31,997 - final_problem_set.kxor_instance_n14_k2_m93_ell2_eps0.25_kappa1.0_rho0.6 - INFO - Starting step 'ClassicalEigenvaluesStep' (version 0.1) on problem kxor_instance_n14_k2_m93_ell2_eps0.25_kappa1.0_rho0.6 (fields={'ell': 2, 'threshold': 0.0, 'kikuchi_matrix': <Dictionary Of Keys sparse matrix of dtype 'int64'
	with 1392 stored elements and shape (91, 91)>, 'num_eigenvalues': 5})
2026-01-20 11:00:32,015 - final_problem_set.kxor_instance_n14_k2_m93_ell2_eps0.25_kappa1.0_rho0.6 - INFO - Finished step 'ClassicalEigenvaluesStep' in 0.018s (success: True, problem=kxor_instance_n14_k2_m93_ell2_eps0.25_kappa1.0_rho0.6)
2026-01-20 11:00:32,015 - final_problem_set.kxor_instance_n14_k2_m93_ell2_eps0.25_kappa1.0_rho0.6 - INFO - Starting step 'KeyExtractionStep' (version 0.1) on problem kxor_instance_n14_k2_m93_ell2_eps0.25_kappa1.0_rho0.6 (fields={'ell': 2, 'threshold': 0.0, 'kikuchi_matrix': <Dictionary Of Keys sparse matrix of dtype 'int64'
	with 1392 stored elements and shape (91, 91)>, 'num_eigenvalues': 5, 'eigenvalues': array([-8.75984288, -8.58361114, -7.799903  ,  8.99125681, 11.52888706]), 'eigenvectors': array([[ 0.13057697,  0.01811282, -0.07673465,  0.19598255,  0.02567152],
       [ 0.04435327, -0.10370221,  0.02686005, -0.10604243,  0.14967525],
       [-0.09849587, -0.13296242,  0.12825676, -0.1385397 , -0.06466061],
       [-0.18833262, -0.04977723,  0.13139756,  0.14975019, -0.14425665],
       [-0.09507155,  0.05691781,  0.0009142 , -0.04942264, -0.10771386],
       [ 0.01452712,  0.16655032, -0.06612843,  0.01702675, -0.08604032],
       [-0.17114748, -0.11254497,  0.14547209,  0.1709788 , -0.13750268],
       [-0.06619699, -0.16544335,  0.09793051, -0.00550495,  0.15216341],
       [-0.11217393,  0.04177032,  0.05195221, -0.09170336,  0.11657307],
       [-0.14696045,  0.02997395,  0.04674477,  0.00040492,  0.14537112],
       [-0.09649001,  0.15710102, -0.01525596,  0.06552422,  0.12943471],
       [-0.07799693, -0.09036934,  0.09413187, -0.06513276,  0.13026179],
       [-0.16425851,  0.09260606,  0.01180611, -0.11265017,  0.09693224],
       [-0.0110557 ,  0.1070474 ,  0.04227961, -0.23001469, -0.02181086],
       [ 0.13277477,  0.10115894, -0.07500857,  0.0623118 , -0.00422472],
       [ 0.14743217, -0.02090836, -0.10777662,  0.18347813,  0.02235283],
       [ 0.06336706, -0.08399165, -0.04599781,  0.11254673, -0.00237114],
       [-0.0608246 , -0.16415422, -0.0124855 ,  0.11425829,  0.01024413],
       [ 0.15743119,  0.03491077, -0.08578593,  0.1746876 ,  0.02583724],
       [ 0.09999078,  0.13956306,  0.01850186, -0.19316981,  0.00245556],
       [ 0.09833825, -0.08214919, -0.10380789, -0.18382038, -0.0203415 ],
       [ 0.10251251, -0.08724401, -0.10786974, -0.1842414 ,  0.00270435],
       [ 0.04147826, -0.1669293 , -0.05260169, -0.12840544,  0.00596003],
       [ 0.10294959,  0.06189269, -0.05963849, -0.19308002, -0.0182888 ],
       [ 0.11964203, -0.15551892, -0.12244149, -0.14385197, -0.02056815],
       [ 0.07388079, -0.06753797,  0.13923019,  0.16395689,  0.08107086],
       [ 0.02898866, -0.12964925, -0.01470709, -0.12178644,  0.13988782],
       [-0.03396927, -0.03766861, -0.09256706,  0.07163175,  0.12303006],
       [-0.08855177,  0.02584748, -0.16649066, -0.01707426,  0.10949005],
       [ 0.06428075, -0.11315743,  0.05862076, -0.14699829,  0.13829292],
       [ 0.09315921, -0.05890097,  0.14519556, -0.02417577, -0.18964546],
       [-0.01171763, -0.06329315, -0.05331917,  0.0765951 , -0.13393923],
       [-0.03360579, -0.09340086, -0.08224956, -0.0266965 , -0.15945537],
       [-0.05592944, -0.02551656, -0.14820429, -0.09091736, -0.12474359],
       [ 0.05553799, -0.07928616,  0.10699265,  0.0473713 , -0.14139634],
       [-0.0528533 , -0.06895923, -0.11881537,  0.10898552, -0.11314121],
       [-0.11297061, -0.11019131,  0.04739401, -0.11950693, -0.07740117],
       [-0.10617864, -0.00521962, -0.03587145, -0.10034992, -0.03312145],
       [-0.05063667,  0.09899265, -0.16168465, -0.08616811, -0.04012354],
       [-0.0736951 , -0.12456966,  0.11955477, -0.10310923, -0.07508959],
       [ 0.01312247, -0.12221014,  0.19674986,  0.15985392,  0.05615662],
       [-0.09852787, -0.02897222, -0.0675143 ,  0.12049567,  0.05155805],
       [-0.1597631 , -0.05317663, -0.02190997,  0.17461001,  0.06728106],
       [-0.1276844 ,  0.05625601, -0.16500958,  0.14824387,  0.04914971],
       [-0.02278253, -0.08108678,  0.11083418,  0.13844049,  0.05618367],
       [-0.18187343, -0.00644253, -0.10305673,  0.07766633,  0.05220168],
       [-0.09275233,  0.08503961,  0.05012565, -0.03378583, -0.10210522],
       [ 0.06027946,  0.19710651, -0.04084092,  0.04411599, -0.09976447],
       [-0.21195344, -0.06750464,  0.13376611,  0.18499323, -0.13170433],
       [-0.10845889, -0.17445282,  0.04868998, -0.02468368,  0.14220712],
       [-0.10852852,  0.07679132,  0.06985924, -0.10126994,  0.11589309],
       [-0.14816909,  0.08936932,  0.11029999, -0.02175504,  0.136124  ],
       [-0.06090873,  0.18946397,  0.00330112,  0.04761548,  0.10381782],
       [-0.1041661 , -0.07328953,  0.07008248, -0.07862544,  0.12390453],
       [-0.15292217,  0.14929953,  0.07288511, -0.12110092,  0.09761099],
       [ 0.08884512,  0.04887932,  0.11759467, -0.05519746, -0.06737487],
       [-0.12078516,  0.05361446, -0.00925755, -0.01794052, -0.10298697],
       [-0.11733891, -0.01469269, -0.1348588 ,  0.09930977,  0.09018161],
       [-0.03619753,  0.0776286 ,  0.10189735,  0.05195941,  0.10033379],
       [-0.02419513,  0.08250903,  0.09927326,  0.09976166,  0.08970693],
       [ 0.01972775,  0.08105574,  0.1273078 ,  0.10168375,  0.06723596],
       [-0.08135775,  0.01205111, -0.03088154,  0.07461077,  0.10663743],
       [-0.01213098,  0.08642044,  0.12289563,  0.01813384,  0.07362298],
       [-0.00769613,  0.18004973, -0.10399507,  0.03712267, -0.08204772],
       [-0.07806061,  0.0955687 , -0.19657472,  0.05725814,  0.12463094],
       [ 0.07326885,  0.09871608,  0.09133933, -0.01484728,  0.09425926],
       [ 0.11615074,  0.14145279,  0.07403277,  0.03458321,  0.08818016],
       [ 0.1198358 ,  0.02386277,  0.20532176,  0.05473983,  0.0713779 ],
       [-0.03143869,  0.11492789, -0.14643539, -0.00066087,  0.09565671],
       [ 0.1469308 ,  0.09830421,  0.1442123 , -0.0244373 ,  0.06823818],
       [-0.05371351, -0.18545139,  0.14303267, -0.04960214,  0.14442961],
       [-0.13081816,  0.04310028,  0.02459368, -0.12179772,  0.11032898],
       [-0.18101855,  0.02351567,  0.03034772, -0.04306676,  0.13590842],
       [-0.12895779,  0.16665935, -0.05944109,  0.02412399,  0.12133579],
       [-0.07690308, -0.10107049,  0.11263001, -0.10089688,  0.12297294],
       [-0.20448389,  0.09477175, -0.02488301, -0.13096447,  0.09042441],
       [-0.10958082, -0.07368881, -0.02177348, -0.00724669, -0.13238491],
       [-0.16362987, -0.11792172, -0.04376796, -0.10527057, -0.14848961],
       [-0.14034603,  0.02838227, -0.18554533, -0.13685641, -0.11657716],
       [-0.00305678, -0.13333909,  0.16122735, -0.04735208, -0.16320312],
       [-0.19656811, -0.05663776, -0.1087624 ,  0.03944811, -0.11138902],
       [-0.07414132,  0.13322141,  0.14349247, -0.02275699, -0.14860631],
       [-0.00690405,  0.11281166,  0.07500262, -0.0831867 , -0.13151978],
       [-0.0983614 ,  0.00423727,  0.01437837,  0.04300261, -0.11189669],
       [-0.06259241,  0.15329908,  0.13902745,  0.11187314, -0.09412723],
       [ 0.00923289,  0.21952411,  0.21643723, -0.12357297, -0.09589305],
       [-0.12715379, -0.02536663, -0.02872289, -0.0541538 , -0.15508238],
       [-0.05363016,  0.16727756,  0.15135405,  0.02985543, -0.13792289],
       [-0.09587376,  0.08639078, -0.06451601, -0.09272996, -0.10769035],
       [ 0.03498246,  0.16433983,  0.19954174, -0.02884071, -0.11082771],
       [-0.14503069,  0.02533365, -0.06730004,  0.08860556, -0.1107241 ]])})
2026-01-20 11:00:32,016 - final_problem_set.kxor_instance_n14_k2_m93_ell2_eps0.25_kappa1.0_rho0.6 - INFO - Running key extraction (n=14, m=93, ell=2, phase_qubits=11)
2026-01-20 11:00:32,017 - final_problem_set.kxor_instance_n14_k2_m93_ell2_eps0.25_kappa1.0_rho0.6 - INFO - Built voting matrix V (n=14, ell=2, dtype=complex128) in 0.001s
2026-01-20 11:00:32,017 - final_problem_set.kxor_instance_n14_k2_m93_ell2_eps0.25_kappa1.0_rho0.6 - INFO - Eval: adv=0.6989, hamming=0/14 (0.000), corr=1.000
2026-01-20 11:00:32,017 - final_problem_set.kxor_instance_n14_k2_m93_ell2_eps0.25_kappa1.0_rho0.6 - INFO - Key extraction complete: x_hat=2
2026-01-20 11:00:32,017 - final_problem_set.kxor_instance_n14_k2_m93_ell2_eps0.25_kappa1.0_rho0.6 - INFO - Finished step 'KeyExtractionStep' in 0.001s (success: True, problem=kxor_instance_n14_k2_m93_ell2_eps0.25_kappa1.0_rho0.6)
2026-01-20 11:00:32,017 - final_problem_set.kxor_instance_n14_k2_m93_ell2_eps0.25_kappa1.0_rho0.6 - INFO - SUCCESS: len(z_hat)=14
2026-01-20 11:00:32,017 - final_problem_set.kxor_instance_n14_k2_m93_ell2_eps0.25_kappa1.0_rho0.6 - INFO - Metrics: adv=0.6989247311827957, ham_frac=0.0, corr=1.0
2026-01-20 11:00:32,017 - final_problem_set.kxor_instance_n14_k2_m93_ell2_eps0.25_kappa1.0_rho0.6 - INFO - z_hat (full): [ 1, -1, -1,  1,  1,  1,  1,  1, -1, -1, -1, -1, -1, -1]
