2026-01-20 11:01:13,766 - final_problem_set.kxor_instance_n22_k2_m192_ell2_eps0.15_kappa0.875_rho0.6 - INFO - Starting iteration for /Users/julian/CodingProjects/UniT3/QuarticSpeedupK-XOR/z_Daphne/data/final_problem_set/kxor_instance_n22_k2_m192_ell2_eps0.15_kappa0.875_rho0.6.npz
2026-01-20 11:01:13,766 - final_problem_set.kxor_instance_n22_k2_m192_ell2_eps0.15_kappa0.875_rho0.6 - INFO - Loaded instance (n=22, m=192, k=2)
2026-01-20 11:01:13,766 - final_problem_set.kxor_instance_n22_k2_m192_ell2_eps0.15_kappa0.875_rho0.6 - INFO - Starting step 'ComputeKikuchiStep' (version 0.1) on problem kxor_instance_n22_k2_m192_ell2_eps0.15_kappa0.875_rho0.6 (fields={'ell': 2, 'threshold': 0.0})
2026-01-20 11:01:13,793 - final_problem_set.kxor_instance_n22_k2_m192_ell2_eps0.15_kappa0.875_rho0.6 - INFO - Finished step 'ComputeKikuchiStep' in 0.027s (success: True, problem=kxor_instance_n22_k2_m192_ell2_eps0.15_kappa0.875_rho0.6)
2026-01-20 11:01:13,794 - final_problem_set.kxor_instance_n22_k2_m192_ell2_eps0.15_kappa0.875_rho0.6 - INFO - Starting step 'ClassicalEigenvaluesStep' (version 0.1) on problem kxor_instance_n22_k2_m192_ell2_eps0.15_kappa0.875_rho0.6 (fields={'ell': 2, 'threshold': 0.0, 'kikuchi_matrix': <Dictionary Of Keys sparse matrix of dtype 'int64'
	with 5240 stored elements and shape (231, 231)>, 'num_eigenvalues': 5})
2026-01-20 11:01:13,881 - final_problem_set.kxor_instance_n22_k2_m192_ell2_eps0.15_kappa0.875_rho0.6 - INFO - Finished step 'ClassicalEigenvaluesStep' in 0.088s (success: True, problem=kxor_instance_n22_k2_m192_ell2_eps0.15_kappa0.875_rho0.6)
2026-01-20 11:01:13,882 - final_problem_set.kxor_instance_n22_k2_m192_ell2_eps0.15_kappa0.875_rho0.6 - INFO - Starting step 'KeyExtractionStep' (version 0.1) on problem kxor_instance_n22_k2_m192_ell2_eps0.15_kappa0.875_rho0.6 (fields={'ell': 2, 'threshold': 0.0, 'kikuchi_matrix': <Dictionary Of Keys sparse matrix of dtype 'int64'
	with 5240 stored elements and shape (231, 231)>, 'num_eigenvalues': 5, 'eigenvalues': array([-10.5854179 ,  11.19478628,  11.65444323,  12.58840822,  15.70637802]), 'eigenvectors': array([[ 7.17120739e-03, -4.50518156e-03,  1.21344923e-01, -7.63625340e-02, -8.22469460e-02],
       [-9.38682673e-04, -1.56279003e-01,  3.54982834e-03,  2.98823966e-02, -6.38416881e-02],
       [ 2.61379125e-02,  7.66821580e-02,  4.29373557e-02,  7.30913053e-02,  1.12810730e-01],
       [-4.95682353e-02,  2.69333840e-02, -1.35481891e-02,  7.79828062e-02,  1.17562912e-01],
       [-6.30966000e-02,  1.08976668e-02,  1.19134550e-01,  6.23482944e-02,  4.95613841e-02],
       [-1.67824272e-02,  2.59815630e-03, -7.07245756e-02, -4.64969435e-03,  1.46450052e-01],
       [-9.05991463e-02, -7.34470781e-02,  1.66221531e-02, -6.47312885e-02,  1.04349531e-01],
       [-9.69474641e-02,  1.31246795e-01,  1.37569307e-01, -2.41499011e-02,  6.72781403e-02],
       [-5.78375552e-02,  8.30364393e-02,  7.02103125e-03,  9.06664452e-02, -7.17671387e-02],
       [-5.92807049e-02, -2.55049325e-02, -7.74096332e-02, -6.11231686e-02, -4.67711276e-02],
       [-7.21219224e-03,  2.58454129e-02,  4.40032438e-02, -1.79026883e-01, -3.33502969e-02],
       [-1.02355998e-01, -9.73480389e-02,  1.01374396e-01, -1.33378830e-02, -8.03375811e-02],
       [-1.04314141e-02,  7.36980331e-03,  1.09195837e-03, -1.20526398e-01,  6.54827321e-02],
       [-7.42928560e-02,  3.64808177e-02, -1.12417523e-01, -9.29453989e-02, -3.03098868e-02],
       [-2.95064548e-02,  1.22766640e-02, -6.68577359e-03,  6.04784149e-02, -1.35180384e-01],
       [-2.81524070e-02,  1.56197692e-02,  7.32414370e-02, -2.30690089e-02, -1.03028395e-01],
       [ 1.05408823e-01, -3.29627770e-02,  9.74590234e-02, -9.56912843e-02,  8.45402572e-02],
       [-7.32749862e-02, -5.09309432e-02, -9.39607859e-02,  1.10646957e-03,  9.95888052e-02],
       [-9.03227785e-02,  9.08631382e-02, -4.02288498e-02, -5.09560552e-02,  9.16375715e-02],
       [-8.15807227e-02, -7.16976785e-02,  9.33262351e-03,  5.40280766e-02, -1.12599974e-01],
       [ 3.25512939e-02,  1.17559434e-01, -6.11607650e-02, -7.25339781e-04, -8.99646862e-02],
       [ 8.18473527e-04,  9.21992396e-02, -5.55415573e-02,  2.45662201e-02,  4.19370934e-02],
       [-2.98724311e-03, -3.15920124e-02,  6.82519278e-02, -9.92040700e-02, -6.23874620e-02],
       [-6.49297919e-03, -1.16300530e-03,  9.44958916e-02, -1.01569924e-01, -6.33936574e-02],
       [-6.96218666e-03,  2.52162589e-03, -2.78751047e-02, -6.47932477e-02, -3.32249269e-02],
       [-2.70866505e-04,  1.64902766e-02,  1.43717552e-01, -8.49561619e-02, -7.77285361e-02],
       [-6.83011028e-04,  7.52522587e-02,  8.32411075e-02, -3.22094285e-02, -6.90228957e-02],
       [ 9.84989993e-03, -7.53704942e-02, -2.29867361e-02, -3.13977022e-02, -4.45097581e-02],
       [-9.90665319e-03, -7.03412316e-02, -6.58621830e-02, -5.04553325e-03,  4.70850617e-02],
       [-2.03939808e-03,  5.65989651e-03,  1.14774003e-02,  5.37684058e-02,  2.65922699e-02],
       [-8.20801188e-03, -1.19023047e-02, -2.60519017e-02,  9.49415884e-02,  9.11983926e-03],
       [ 8.05701300e-03,  4.63962818e-02, -8.64158944e-02,  4.50338495e-02,  3.79397890e-02],
       [-1.96366840e-03,  1.05246466e-02,  4.14221282e-02,  2.71036491e-02, -3.78137375e-02],
       [-4.48621508e-03, -2.16287823e-02,  4.82752262e-02,  5.69494670e-02,  1.07746617e-02],
       [ 1.89330230e-03, -3.82447306e-02, -1.16477850e-01,  5.40964489e-02,  8.97298146e-02],
       [-4.31864695e-03, -2.22935387e-02, -1.06347783e-01,  7.03228641e-02,  5.53486797e-02],
       [ 3.88643181e-03,  3.64879746e-02,  9.85623612e-03,  1.00498380e-03, -5.25730902e-02],
       [-9.09973179e-03,  3.35933474e-02,  9.36855344e-02, -4.66913942e-02, -4.70014572e-02],
       [-3.18888315e-03, -4.85089015e-02,  1.01005263e-01, -2.85019477e-02, -5.72858766e-02],
       [-4.53051938e-03,  3.42340683e-02, -1.08485824e-01,  4.45524254e-02,  7.43527806e-02],
       [ 4.06487676e-03, -9.44140936e-02, -3.28710536e-02,  5.62048695e-02,  5.85983381e-02],
       [-2.30873816e-02, -1.57374028e-01, -1.05717856e-02, -9.93455507e-03, -5.69188015e-02],
       [ 1.48795697e-02, -1.51789284e-01,  6.46196149e-03, -1.92326800e-02, -6.65923782e-02],
       [ 2.81509091e-02, -5.81574899e-02, -5.50315980e-02, -2.00928657e-02, -2.81223515e-02],
       [ 1.94025625e-02, -1.77707164e-01,  3.62582428e-02,  2.85787505e-02, -8.47690422e-02],
       [ 3.90858611e-03, -8.39084236e-02, -1.08570989e-02,  5.61513646e-02, -6.25188834e-02],
       [-1.12892991e-02, -9.50727861e-02, -5.35042719e-02,  1.80709784e-02, -2.87098313e-02],
       [ 1.33762631e-02,  2.93602475e-02,  1.37053579e-03, -5.41677846e-02,  3.96164538e-02],
       [-7.35815884e-03,  3.73180412e-02,  3.17110351e-02,  2.03605766e-02,  2.08274577e-02],
       [ 2.96929013e-02,  3.25781404e-02, -2.28076336e-02,  7.83053177e-02,  1.74691610e-02],
       [ 3.20919924e-02,  1.03529046e-01, -3.92162725e-02, -1.58254879e-03,  3.63867390e-02],
       [ 1.77406516e-03, -4.85304111e-02, -4.15819650e-03,  5.89781079e-02, -3.05929910e-02],
       [-2.54622304e-02,  1.28712887e-02,  4.91744273e-02,  4.16284047e-02,  1.24908970e-02],
       [-2.34823001e-02,  1.55254106e-01,  6.05820684e-03, -6.57261991e-02,  8.82147610e-02],
       [ 4.84510522e-03,  1.14003186e-01, -3.67721915e-02, -8.73573182e-03,  6.07151299e-02],
       [-2.53322017e-02, -6.30816377e-02, -4.67245464e-02,  5.85133851e-02, -4.48760751e-02],
       [ 3.28582009e-02, -7.54568528e-02,  4.13855991e-02,  1.32579387e-02, -5.09377413e-02],
       [-1.40976483e-02, -1.25821497e-01,  1.45306680e-02,  3.17980666e-02, -4.44106868e-02],
       [ 2.02046018e-02,  1.49444768e-01, -4.26015203e-03, -4.07339406e-02,  5.64616082e-02],
       [ 2.43362410e-02,  3.94513480e-02,  3.45985923e-02, -1.75043920e-02,  5.50613556e-02],
       [-8.22773235e-03,  6.28342014e-02,  3.16463088e-02,  1.33179852e-01,  1.01133903e-01],
       [-4.45985649e-04,  1.16347979e-02,  1.09394676e-01,  7.24875319e-02,  4.23088744e-02],
       [ 1.01723323e-02,  6.02919069e-02,  4.24247762e-03,  9.63665086e-02,  1.30684089e-01],
       [-2.56142007e-02, -4.10455527e-02,  6.34159652e-02,  1.51269158e-02,  9.63172026e-02],
       [-3.19277911e-02,  1.16230723e-01,  1.19106602e-01,  1.23081168e-02,  5.17871811e-02],
       [-8.81046757e-03,  5.05084999e-02, -3.40003274e-02,  2.28370531e-02, -7.67925847e-02],
       [-3.03437093e-02, -1.60530162e-02, -6.91029121e-02, -6.06582289e-02, -3.35932454e-02],
       [ 2.95829111e-02,  1.79176309e-02,  3.37989184e-02, -1.48011156e-01, -1.92482883e-02],
       [ 1.92339297e-03, -1.34513433e-01,  5.92163042e-02, -7.40011295e-02, -7.90270215e-02],
       [-7.26725714e-03,  2.62902797e-02,  3.04813587e-02, -6.07349709e-02,  6.12897147e-02],
       [-6.05609403e-02,  4.28020391e-02, -9.12706142e-02, -7.27299438e-02, -1.23582649e-02],
       [-3.44490088e-02, -3.08962236e-02, -6.66407546e-02, -4.31937630e-02, -1.24694777e-01],
       [-1.78777681e-03, -2.06722473e-02,  1.90293622e-02, -8.71167609e-02, -9.24255789e-02],
       [ 1.05502849e-02, -1.08091662e-02,  1.20664037e-01, -2.62876846e-02,  7.77791697e-02],
       [ 6.00096022e-03, -1.04537985e-02, -3.67160560e-02,  6.60587262e-02,  9.02935617e-02],
       [-4.99661856e-02,  1.32724447e-01, -5.62900779e-04,  1.91977100e-02,  9.00427633e-02],
       [-9.88312134e-03, -1.03126463e-01, -3.53384050e-02, -3.29009933e-02, -1.00884863e-01],
       [ 4.04019840e-02,  9.21113213e-02, -1.08694697e-01, -7.17869976e-02, -9.83340749e-02],
       [ 6.30765307e-02,  8.85942061e-03,  1.04692385e-01,  8.77242244e-02,  5.05057561e-02],
       [ 1.15175242e-02, -7.53468214e-03, -5.76309108e-02,  1.00158674e-01,  1.31537495e-01],
       [ 8.64306362e-02, -9.10376463e-02,  1.31767671e-02,  1.95299648e-02,  1.10853412e-01],
       [ 7.33346279e-02,  1.16609317e-01,  1.15660534e-01,  2.39169693e-02,  6.07990074e-02],
       [ 5.41853357e-02,  8.57256718e-02,  6.10543657e-03,  2.90031948e-02, -6.87515325e-02],
       [ 4.10026376e-02, -1.77676439e-02, -6.30034536e-02, -6.33664948e-02, -3.55347313e-02],
       [ 2.55507305e-03,  1.90689117e-02,  3.49737911e-02, -1.53576081e-01, -1.69974167e-02],
       [ 7.16533173e-02, -8.24588323e-02,  8.05667024e-02, -5.64163329e-02, -6.43582900e-02],
       [ 6.91652918e-04, -5.55505966e-04,  1.43099878e-03, -5.79724594e-02,  7.09241881e-02],
       [ 7.58673771e-02,  3.49956933e-02, -9.59993753e-02, -7.70364767e-02, -1.18537806e-02],
       [ 3.27004324e-02,  2.81840878e-02, -3.85596600e-03, -4.57785571e-02, -1.27544410e-01],
       [ 2.37452703e-02,  2.35116735e-02,  7.06352852e-02, -1.01384231e-01, -1.03555470e-01],
       [-9.45636024e-02, -4.06715378e-02,  8.81076371e-02, -2.66675903e-02,  8.05602232e-02],
       [ 5.23274454e-02, -4.94598206e-02, -7.75650897e-02,  6.50993131e-02,  8.77859488e-02],
       [ 1.23869669e-01,  7.92106687e-02, -3.42849808e-02,  1.46313063e-02,  8.11350175e-02],
       [ 4.98421084e-02, -5.95130083e-02,  1.05881409e-02, -3.54356703e-02, -1.05678906e-01],
       [-4.93633131e-02,  1.15087860e-01, -5.18221460e-02, -5.46340468e-02, -8.36280690e-02],
       [ 1.02897734e-03, -4.42267382e-03,  1.17872249e-01,  8.01895583e-02,  6.76441634e-02],
       [ 1.33175442e-01, -3.31713245e-02,  1.11470869e-01,  3.42690141e-02,  4.63407640e-02],
       [ 1.47767899e-01,  3.55859674e-02,  7.80910756e-02,  1.75844910e-02,  2.23853315e-02],
       [ 6.30588636e-02,  2.79190282e-02, -6.07235624e-02, -3.55885821e-03, -3.20223459e-02],
       [ 9.59464138e-02, -4.78825697e-03, -5.41386335e-02, -3.62586357e-02, -1.50655102e-02],
       [-3.03950533e-02,  1.25628712e-02, -2.33942534e-03, -6.59875705e-02, -1.10446484e-02],
       [ 9.29509322e-02, -3.02373264e-02, -3.02595252e-02, -4.07644781e-02, -3.17992270e-02],
       [ 1.64755952e-02,  3.78784883e-03,  5.58434292e-02, -1.16718354e-02,  2.79185112e-02],
       [ 1.27998169e-01,  1.27369762e-02, -3.66072427e-02, -3.19830905e-02, -6.35548730e-03],
       [ 7.34041508e-02,  1.00018312e-02, -1.38202169e-01, -5.25919889e-02, -6.17201325e-02],
       [ 2.50556843e-02,  1.26863760e-02, -7.38802442e-02, -6.54707169e-02, -4.62940585e-02],
       [-9.51667762e-02, -9.49144007e-03,  8.86873922e-02,  9.61475557e-03,  3.17030727e-02],
       [ 4.92690737e-02, -2.39248571e-02,  4.82407059e-02,  5.19392012e-02,  4.48731504e-02],
       [ 1.26679063e-01,  4.56011803e-02,  7.49895312e-02,  2.87046802e-02,  4.71100426e-02],
       [ 8.19628291e-02, -2.68298892e-02, -1.09404470e-01, -4.16654173e-02, -5.32209021e-02],
       [-7.54584685e-02,  3.40368534e-02, -8.97599239e-02, -4.45176647e-02, -3.41530738e-02],
       [ 4.54428118e-02, -1.27020067e-01, -2.85540719e-02, -6.17136839e-02,  1.20858168e-01],
       [ 3.88435054e-02,  1.34856746e-01,  1.26023847e-01, -1.59828764e-02,  7.97418442e-02],
       [ 8.08194122e-03,  1.15505400e-01,  3.00288985e-02,  8.92842400e-02, -6.98482021e-02],
       [ 3.24117207e-02, -1.28103293e-02, -6.39402519e-02, -7.74267825e-02, -6.61143815e-02],
       [-2.00451000e-02,  3.25481619e-02,  3.96068749e-02, -1.99847690e-01, -2.63623512e-02],
       [ 5.33002116e-03, -8.77462290e-02,  1.24943112e-01, -1.93001649e-02, -7.83082546e-02],
       [-4.19497935e-04, -1.26759088e-02, -2.93588232e-02, -1.28555774e-01,  7.35860363e-02],
       [ 4.31784497e-02,  5.16688980e-02, -1.23137058e-01, -1.09744664e-01, -2.64472584e-02],
       [ 3.75211934e-02,  6.68057582e-02,  5.48094428e-02,  5.19813097e-02, -1.53473233e-01],
       [ 4.05829014e-03,  5.35598476e-02,  1.18666794e-01, -3.47444878e-02, -1.15232419e-01],
       [-2.58281177e-03, -6.35173387e-02,  7.57631283e-02, -9.23625032e-02,  8.61825994e-02],
       [-4.52909265e-04, -7.95974801e-02, -1.19989348e-01,  8.66642735e-03,  9.38180926e-02],
       [ 4.83125173e-02,  8.16847887e-02, -8.14837552e-02, -4.74436783e-02,  9.84157426e-02],
       [ 1.44148517e-02, -5.08454015e-02,  6.12836028e-02,  4.95878969e-02, -1.27964969e-01],
       [-2.54182837e-02,  1.82174889e-01, -3.32144073e-02, -1.27563475e-02, -1.13838414e-01],
       [ 1.04538842e-01,  5.59148222e-02,  1.33566766e-01, -5.11232264e-02,  6.14175783e-02],
       [ 7.92644490e-02,  9.35084065e-02, -7.39958798e-04,  8.47413123e-02, -4.93625030e-02],
       [ 5.96538331e-02, -9.49177536e-05, -6.74906215e-02, -4.09178230e-02, -3.46215914e-02],
       [ 2.88236058e-02,  7.52342900e-02,  2.49165888e-02, -1.29861101e-01, -3.54597378e-02],
       [ 1.72898588e-01, -1.24639863e-02,  6.80139111e-02,  2.39342933e-02, -7.12177335e-02],
       [ 2.86504442e-02, -1.84182349e-02,  5.33176311e-03, -1.04945232e-01,  4.39654327e-02],
       [ 1.50783834e-01,  5.22421178e-02, -9.69371556e-02, -6.95068418e-02, -2.18250966e-02],
       [ 4.25934510e-02,  1.14490305e-01, -2.93756950e-02,  9.61025637e-02, -1.07417416e-01],
       [ 1.83831209e-02,  9.73245032e-02,  3.69978073e-02,  2.19758324e-02, -8.36416957e-02],
       [-1.49332434e-01, -6.63870764e-02,  8.11208730e-02, -9.20316053e-02,  5.93509641e-02],
       [ 1.09043930e-01, -1.17627804e-01, -6.01745204e-02, -3.38204192e-02,  7.90251480e-02],
       [ 1.44093827e-01, -3.37630790e-03, -2.00221895e-02, -9.27288132e-02,  9.26474276e-02],
       [ 8.55441532e-02,  3.39136253e-02, -1.62686116e-02,  9.10720781e-02, -9.53455483e-02],
       [-6.69492918e-02,  1.43128675e-01, -5.85805287e-02,  2.25861838e-02, -6.85082835e-02],
       [ 9.50521121e-02, -2.09542427e-02, -7.11169728e-02,  4.59180767e-02, -3.49548926e-02],
       [ 4.98048896e-02, -2.87537884e-02, -5.67926638e-02, -1.80087014e-02, -1.90503202e-02],
       [ 4.11744532e-02, -2.57873296e-02, -1.03547716e-02, -7.50604476e-02, -1.83136634e-02],
       [ 1.42159288e-01, -8.75676338e-02, -2.71256904e-02, -1.33660958e-03, -3.63632769e-02],
       [ 1.17155632e-02,  4.72841042e-02,  6.04433561e-02, -5.56841263e-02,  2.96512803e-02],
       [ 1.10632117e-01,  7.57457113e-03, -4.67626655e-02, -3.67122620e-02, -8.48790427e-03],
       [ 2.05654191e-02, -1.15246642e-01, -1.46573083e-01,  3.71819512e-02, -6.29444362e-02],
       [ 3.03318594e-02, -8.38114419e-02, -7.78912658e-02,  1.91145237e-03, -5.78033012e-02],
       [-1.47822559e-01,  4.38874070e-02,  1.00949012e-01, -4.13156551e-02,  3.46263764e-02],
       [ 1.17612235e-01,  5.42105730e-02,  5.05170665e-02, -4.52280551e-03,  4.82132707e-02],
       [ 1.56270097e-01,  1.16567114e-01,  7.78357990e-02, -2.69064287e-02,  4.44690159e-02],
       [ 8.75055031e-02, -1.15996830e-01, -1.14737562e-01,  3.16076695e-02, -5.13870364e-02],
       [-4.69198912e-02, -2.43363342e-02, -1.16552517e-01,  1.04292946e-02, -4.77330052e-02],
       [ 5.92140251e-02, -9.83286151e-03,  3.84229416e-02,  1.22019020e-02,  2.61978170e-02],
       [-8.70373769e-03, -4.22382039e-02, -1.48439102e-02,  7.21887786e-02,  2.09923935e-02],
       [ 9.70841883e-02, -1.94484487e-02, -4.90356048e-02, -4.07735051e-02,  3.94580170e-02],
       [ 9.91727257e-03,  2.87024647e-02,  4.59434297e-03,  7.53043441e-02, -2.49230075e-02],
       [ 1.06256914e-01, -3.05182051e-02,  5.79709779e-02,  4.01188264e-02,  1.40066614e-02],
       [ 4.91100706e-02, -1.02574263e-01, -1.87543167e-03, -1.02173661e-01,  6.22569374e-02],
       [ 1.19366068e-02, -9.14086682e-02, -4.06023826e-02, -5.23680336e-02,  5.74870533e-02],
       [-8.43208650e-02,  6.19565303e-02, -4.09440346e-02,  8.41781060e-02, -3.55335399e-02],
       [ 4.53061204e-02,  8.13609894e-02,  4.10912904e-02,  4.84042484e-02, -4.14446871e-02],
       [ 9.33706743e-02,  3.54657335e-02,  1.62103901e-02,  7.23013932e-02, -4.40547067e-02],
       [ 5.60651538e-02, -5.49271020e-02, -3.07785134e-03, -1.01846510e-01,  6.26968673e-02],
       [-4.38927797e-02, -9.73405091e-02,  1.81567677e-02, -4.70991930e-02,  4.07231994e-02],
       [ 2.87856381e-02, -1.02628995e-02, -1.64049257e-03,  4.76598982e-02,  8.22627562e-03],
       [ 1.10254814e-01,  3.19449912e-02,  1.37432839e-02,  4.05630571e-02,  2.76949649e-02],
       [ 6.89750131e-03, -8.72776175e-03, -3.74677462e-02, -7.42294275e-04, -2.25470371e-02],
       [ 7.53265425e-02, -9.32369091e-03,  3.24367889e-02,  2.50365577e-02,  3.95452870e-03],
       [ 1.04240865e-02,  1.22253299e-02,  8.91018058e-02,  5.31601978e-02,  5.15397060e-02],
       [ 1.82187339e-02,  6.18668659e-03,  4.17914511e-02,  6.10366448e-02,  3.77602828e-02],
       [-1.08708912e-01, -6.29636753e-04, -6.99214890e-02, -1.44016430e-02, -2.85795855e-02],
       [ 7.75423440e-02,  1.95757345e-03, -2.68330369e-02, -4.50306286e-02, -3.45577342e-02],
       [ 9.92547215e-02, -3.60114545e-02, -4.47418609e-02, -2.89945120e-02, -3.71564205e-02],
       [ 5.09020717e-02,  4.06511125e-02,  7.10744043e-02,  3.93555346e-02,  4.97652828e-02],
       [-2.62699605e-02, -7.70179140e-03,  6.12610159e-02,  4.22040063e-02,  2.64729711e-02],
       [-1.36155581e-02,  1.72061069e-02, -3.21289841e-02,  1.00760795e-01,  1.43702086e-02],
       [-2.24069331e-03,  2.05977935e-02,  1.20619718e-02, -5.00767600e-02, -2.21293522e-02],
       [ 4.25536600e-02, -9.48108530e-03,  1.37111507e-02,  2.48276203e-02,  1.05125721e-03],
       [ 4.50446688e-02, -5.11861632e-02, -3.54732844e-02,  1.77507004e-01,  4.00264106e-02],
       [-3.59994389e-03, -3.17712934e-02, -4.02639383e-02,  1.49077837e-01,  2.27916621e-02],
       [ 2.45829653e-02,  3.85687676e-02, -1.08757881e-02, -7.85292342e-02, -2.60905093e-02],
       [-2.91671720e-02,  2.18381471e-02,  2.27704548e-02, -1.13180632e-01, -1.78157116e-02],
       [ 2.09392774e-02, -1.20506640e-02,  3.25401517e-02, -1.12099190e-01, -2.35786637e-02],
       [-4.29053643e-03,  7.82345184e-04, -3.76109373e-02,  1.48952411e-01,  3.68017921e-02],
       [-2.99832811e-02, -5.97420825e-02, -8.38023192e-03,  1.15828515e-01,  2.40322863e-02],
       [ 1.77351881e-02, -2.38702962e-02,  3.85673217e-02,  5.68619587e-02, -3.82674350e-02],
       [ 1.57473913e-01,  1.82383524e-03,  4.08902343e-02,  5.70869303e-02,  1.44759383e-02],
       [ 7.49672194e-02,  6.77219960e-02, -9.81611662e-02, -1.50016615e-02,  8.81667463e-02],
       [ 4.77496505e-02,  5.10895882e-02, -9.45588103e-02,  2.60612607e-02,  5.64635853e-02],
       [-1.41668537e-01, -1.87873895e-02,  3.83456405e-03,  4.48667200e-02, -5.39454557e-02],
       [ 8.59040998e-02, -2.17635618e-02,  8.49590122e-02, -1.01389531e-02, -4.62283950e-02],
       [ 1.80318708e-01, -8.81380147e-02,  7.65595727e-02,  1.05355235e-02, -4.91106901e-02],
       [ 1.09457815e-01,  1.08268423e-01, -9.05810232e-02, -1.00784233e-02,  7.14371126e-02],
       [-9.12866216e-02, -2.40865986e-02, -2.63059255e-02,  8.69308501e-03,  5.64779363e-02],
       [ 1.04150969e-02,  1.87270147e-02, -5.14879666e-02, -3.03431115e-02, -1.34275286e-02],
       [ 5.63544001e-03,  5.67681484e-03, -3.69681858e-03,  1.30215765e-01, -5.72404269e-02],
       [ 2.92625912e-03,  1.64544509e-02,  2.86393581e-02,  8.23249986e-02, -5.34115713e-02],
       [-1.08120218e-02, -9.75883857e-03,  3.06401951e-02, -8.27045846e-02,  2.93089309e-02],
       [ 1.19222783e-02, -3.02376913e-02, -3.87513073e-02, -7.26188844e-02,  4.37625100e-02],
       [ 3.56705368e-02,  1.79498032e-02, -1.20342060e-02, -8.51506271e-02,  3.99114765e-02],
       [ 1.37464238e-02, -2.21339753e-02, -5.55600870e-04,  1.24768787e-01, -5.65109470e-02],
       [-2.33206885e-03,  4.99714373e-02, -2.65746047e-02,  6.85207885e-02, -4.39224707e-02],
       [ 1.02681620e-02, -6.13654892e-02,  1.26551541e-01,  9.03920718e-02,  3.20296559e-02],
       [ 4.57789362e-02, -3.73941724e-02,  7.88924715e-02,  7.97765586e-02,  1.98271737e-02],
       [-1.84535163e-01,  3.22786337e-02, -7.34754951e-02, -4.55505169e-02, -1.36302384e-02],
       [ 1.35833943e-01,  2.99177205e-02, -6.39996273e-02, -6.56346253e-02, -1.56180581e-02],
       [ 1.40828485e-01,  1.90533697e-02, -7.70913679e-02, -6.27652610e-02, -1.48822581e-02],
       [ 1.24093341e-01, -3.03189132e-02,  1.00681073e-01,  7.94248323e-02,  2.14787183e-02],
       [-3.10663599e-02, -3.05564946e-02,  7.25611686e-02,  5.99548783e-02,  1.37038807e-02],
       [ 2.08408954e-02, -6.40970881e-02, -6.37927888e-02, -9.32963614e-03,  1.10852153e-01],
       [-9.30457372e-02,  5.79115164e-02, -1.01169930e-01,  1.08144632e-01, -7.49534600e-02],
       [ 7.45973823e-02,  9.71367001e-02,  8.80948885e-02,  2.89304562e-02, -1.02898541e-01],
       [ 4.17049164e-02, -6.03580005e-02,  3.30604487e-02,  7.93149397e-02, -9.51709459e-02],
       [ 5.43922569e-02,  2.92238432e-02,  4.90239232e-03, -9.55813142e-02,  1.20032589e-01],
       [ 2.97116736e-03, -1.55920653e-01,  7.32218449e-02, -2.08695655e-02,  9.27829089e-02],
       [-1.22230255e-02,  6.35716028e-02, -3.65852700e-02,  5.72577311e-02, -7.67271421e-02],
       [ 1.16595025e-02,  6.46199409e-02,  9.41921652e-02, -1.91501151e-02, -6.86552049e-02],
       [ 3.77050880e-02, -4.54207027e-02,  8.51840412e-02,  1.91556848e-02, -8.44560442e-02],
       [ 1.40980865e-02,  2.15660200e-02, -7.18990810e-02, -1.37441454e-02,  1.03235319e-01],
       [-1.70629498e-02, -1.22619010e-01,  1.18590656e-02,  2.39480752e-02,  7.12337694e-02],
       [-7.70089076e-02, -5.90723162e-02,  1.09656788e-02, -4.79765774e-02,  5.27916824e-02],
       [-1.73309039e-01,  5.94942497e-03,  4.49604056e-02, -7.71318814e-02,  5.35509653e-02],
       [-1.01519456e-01,  8.97748147e-03, -8.76048474e-02,  1.07628358e-01, -7.23269430e-02],
       [ 7.67570646e-02,  8.18623633e-02, -8.19487117e-02,  4.58943953e-02, -5.06638493e-02],
       [ 1.32415096e-01,  1.00009634e-02, -8.57773273e-02, -2.57816813e-02,  6.68979509e-02],
       [ 5.32888041e-02,  1.79234599e-02,  7.64130181e-02,  2.25657207e-02, -7.98514853e-02],
       [-7.44733310e-02,  1.15020255e-01,  1.14367196e-02, -7.86789559e-03, -6.00367114e-02],
       [ 1.18507409e-01, -1.01265728e-01,  3.57602225e-02,  6.77411721e-02, -7.71162582e-02],
       [-4.47206908e-02,  4.81488726e-02, -2.29600295e-02,  3.30427385e-02, -7.94746642e-02],
       [-6.03745324e-02, -8.38686511e-02,  6.13958909e-02, -2.94269641e-02,  9.14971183e-02]])})
2026-01-20 11:01:13,884 - final_problem_set.kxor_instance_n22_k2_m192_ell2_eps0.15_kappa0.875_rho0.6 - INFO - Running key extraction (n=22, m=192, ell=2, phase_qubits=13)
2026-01-20 11:01:13,887 - final_problem_set.kxor_instance_n22_k2_m192_ell2_eps0.15_kappa0.875_rho0.6 - INFO - Built voting matrix V (n=22, ell=2, dtype=complex128) in 0.003s
2026-01-20 11:01:13,887 - final_problem_set.kxor_instance_n22_k2_m192_ell2_eps0.15_kappa0.875_rho0.6 - INFO - Eval: adv=0.5521, hamming=1/22 (0.045), corr=0.909
2026-01-20 11:01:13,888 - final_problem_set.kxor_instance_n22_k2_m192_ell2_eps0.15_kappa0.875_rho0.6 - INFO - Key extraction complete: x_hat=6
2026-01-20 11:01:13,888 - final_problem_set.kxor_instance_n22_k2_m192_ell2_eps0.15_kappa0.875_rho0.6 - INFO - Finished step 'KeyExtractionStep' in 0.004s (success: True, problem=kxor_instance_n22_k2_m192_ell2_eps0.15_kappa0.875_rho0.6)
2026-01-20 11:01:13,888 - final_problem_set.kxor_instance_n22_k2_m192_ell2_eps0.15_kappa0.875_rho0.6 - INFO - SUCCESS: len(z_hat)=22
2026-01-20 11:01:13,888 - final_problem_set.kxor_instance_n22_k2_m192_ell2_eps0.15_kappa0.875_rho0.6 - INFO - Metrics: adv=0.5520833333333334, ham_frac=0.045454545454545456, corr=0.9090909090909091
2026-01-20 11:01:13,888 - final_problem_set.kxor_instance_n22_k2_m192_ell2_eps0.15_kappa0.875_rho0.6 - INFO - z_hat (full): [-1,  1,  1, -1, -1, -1, -1, -1, -1,  1,  1,  1,  1, -1,  1,  1,  1, -1, -1, -1,  1,  1]
