2026-01-20 11:01:32,412 - final_problem_set.kxor_instance_n24_k2_m225_ell2_eps0.2_kappa0.875_rho1.0 - INFO - Starting iteration for /Users/julian/CodingProjects/UniT3/QuarticSpeedupK-XOR/z_Daphne/data/final_problem_set/kxor_instance_n24_k2_m225_ell2_eps0.2_kappa0.875_rho1.0.npz
2026-01-20 11:01:32,412 - final_problem_set.kxor_instance_n24_k2_m225_ell2_eps0.2_kappa0.875_rho1.0 - INFO - Loaded instance (n=24, m=225, k=2)
2026-01-20 11:01:32,412 - final_problem_set.kxor_instance_n24_k2_m225_ell2_eps0.2_kappa0.875_rho1.0 - INFO - Starting step 'ComputeKikuchiStep' (version 0.1) on problem kxor_instance_n24_k2_m225_ell2_eps0.2_kappa0.875_rho1.0 (fields={'ell': 2, 'threshold': 0.0})
2026-01-20 11:01:32,447 - final_problem_set.kxor_instance_n24_k2_m225_ell2_eps0.2_kappa0.875_rho1.0 - INFO - Finished step 'ComputeKikuchiStep' in 0.035s (success: True, problem=kxor_instance_n24_k2_m225_ell2_eps0.2_kappa0.875_rho1.0)
2026-01-20 11:01:32,447 - final_problem_set.kxor_instance_n24_k2_m225_ell2_eps0.2_kappa0.875_rho1.0 - INFO - Starting step 'ClassicalEigenvaluesStep' (version 0.1) on problem kxor_instance_n24_k2_m225_ell2_eps0.2_kappa0.875_rho1.0 (fields={'ell': 2, 'threshold': 0.0, 'kikuchi_matrix': <Dictionary Of Keys sparse matrix of dtype 'int64'
	with 7040 stored elements and shape (276, 276)>, 'num_eigenvalues': 5})
2026-01-20 11:01:32,608 - final_problem_set.kxor_instance_n24_k2_m225_ell2_eps0.2_kappa0.875_rho1.0 - INFO - Finished step 'ClassicalEigenvaluesStep' in 0.161s (success: True, problem=kxor_instance_n24_k2_m225_ell2_eps0.2_kappa0.875_rho1.0)
2026-01-20 11:01:32,608 - final_problem_set.kxor_instance_n24_k2_m225_ell2_eps0.2_kappa0.875_rho1.0 - INFO - Starting step 'KeyExtractionStep' (version 0.1) on problem kxor_instance_n24_k2_m225_ell2_eps0.2_kappa0.875_rho1.0 (fields={'ell': 2, 'threshold': 0.0, 'kikuchi_matrix': <Dictionary Of Keys sparse matrix of dtype 'int64'
	with 7040 stored elements and shape (276, 276)>, 'num_eigenvalues': 5, 'eigenvalues': array([14.33165466, 14.51329813, 15.54968662, 15.62239289, 26.03994683]), 'eigenvectors': array([[-5.17934695e-02, -5.60813806e-02,  9.07466496e-02, -4.79106382e-02, -4.99824053e-02],
       [ 2.76876569e-02,  2.81955238e-02, -7.81186430e-02,  7.11473425e-02,  5.33671513e-02],
       [-5.12738472e-02,  1.72051525e-02, -1.05167406e-01,  8.00742503e-02,  4.26667766e-02],
       [ 1.70874512e-02, -4.52356365e-02,  1.14567034e-01, -8.55560065e-02, -4.51553572e-02],
       [-5.96266866e-02,  2.01541431e-02, -2.81092819e-02,  9.70269474e-02,  3.37901092e-02],
       [ 1.48344975e-02, -4.29789521e-02,  1.19013791e-01, -1.27673071e-02, -4.13922349e-02],
       [ 1.86666468e-02,  1.59450617e-03,  6.60820432e-02, -1.19258834e-01, -4.47189223e-02],
       [-1.37391079e-02,  7.10519978e-02, -4.73737245e-02,  4.80234288e-02,  4.59975573e-02],
       [-2.71705017e-02,  7.63127759e-02, -1.09290458e-01,  8.49018984e-02,  4.89319783e-02],
       [-1.64205542e-02, -7.16435038e-03,  6.84610466e-02, -7.43681192e-02, -4.91412249e-02],
       [-6.59347571e-02,  7.32260858e-03, -7.91833282e-02,  1.26406790e-02,  3.61847986e-02],
       [-1.41442780e-02,  2.28249991e-02, -1.21188744e-01,  3.92827012e-02,  5.09281685e-02],
       [-2.06526760e-02, -1.46135707e-02,  1.08720591e-01, -9.70784115e-02, -4.32324537e-02],
       [ 8.61979838e-03, -6.33294048e-02,  1.02615603e-01, -8.52705811e-02, -4.98984823e-02],
       [-7.68284957e-03,  7.77882275e-02, -1.12088870e-01,  4.44603205e-02,  3.90355273e-02],
       [-1.84748282e-03, -2.08176753e-02,  1.14147791e-01, -3.87397920e-02, -4.85665998e-02],
       [ 6.79699961e-03,  5.72989140e-02, -1.03634245e-01,  9.46049498e-02,  5.99692403e-02],
       [ 3.91349523e-03,  9.97654371e-02, -6.99133417e-02,  1.00999944e-01,  3.75696033e-02],
       [-3.19751488e-02, -5.45447059e-02,  8.86300769e-02, -9.85896369e-02, -5.61540111e-02],
       [ 2.71894267e-02, -6.56572903e-02,  2.68133430e-02, -1.00962162e-01, -4.25263701e-02],
       [ 6.42637796e-02,  4.43527435e-03, -8.63446036e-02,  8.98271409e-02,  3.79994541e-02],
       [-1.02172495e-02,  1.94984080e-03, -1.26761495e-01,  6.57830358e-02,  3.42954253e-02],
       [-2.84594563e-02, -1.23413592e-02, -6.54967243e-02,  9.77748375e-02,  3.71019094e-02],
       [ 1.23384320e-01, -6.30085774e-03,  6.01017262e-02, -7.97002227e-02,  7.11590613e-02],
       [-4.35165491e-03, -1.91534213e-02, -1.79323132e-02, -3.66459675e-02,  6.74780088e-02],
       [-5.36327048e-02, -2.71391090e-02,  2.19929262e-02,  3.24779081e-02, -6.78326135e-02],
       [-2.66226337e-02, -1.29365796e-03,  7.44696482e-02,  2.46313106e-02,  5.01510145e-02],
       [-4.74515250e-02, -2.25754258e-02,  3.31590727e-02,  1.18223853e-01, -5.65114876e-02],
       [-5.53452041e-02,  4.82479960e-02, -5.49994804e-02, -1.32103468e-02, -6.64254532e-02],
       [ 5.58823390e-02,  5.79735610e-02,  7.80454452e-02, -8.38112475e-02,  6.12935598e-02],
       [ 4.71060319e-02,  7.64907026e-02,  5.63284812e-03, -5.29800918e-02,  7.25608639e-02],
       [-1.00459416e-01,  3.22464035e-02, -6.10713737e-02,  6.02825342e-02, -6.62386184e-02],
       [-3.26446205e-02, -2.43117431e-02,  7.12094471e-03, -1.09999772e-01,  5.23769452e-02],
       [ 6.45198461e-02, -1.29558176e-02, -4.25084471e-03, -1.13446039e-01,  6.93183464e-02],
       [-1.12096196e-01,  2.26268741e-02,  1.97231057e-02,  3.04881514e-03, -6.43000409e-02],
       [-8.83900523e-02, -5.95109902e-02, -2.22345130e-02,  6.07130331e-02, -7.86154656e-02],
       [ 5.58906818e-02,  9.22022811e-02, -3.80968788e-02, -7.23968637e-02,  5.77052440e-02],
       [-8.11932289e-02,  1.15342347e-02,  2.06146694e-03,  1.05598535e-01, -6.53508545e-02],
       [ 1.11541724e-01,  2.67081729e-02,  4.98971464e-02, -7.28338333e-02,  8.14207116e-02],
       [ 8.78833025e-02,  1.40420920e-01,  2.29378506e-02,  2.20523012e-02,  6.00761133e-02],
       [-1.35776546e-01, -2.72458947e-02, -5.60124646e-02,  5.44887007e-02, -7.58426319e-02],
       [-3.09347297e-02, -5.31506145e-02, -9.79321775e-02,  2.93930289e-03, -5.82842550e-02],
       [ 1.69902170e-01, -3.19060909e-02, -5.60848786e-03,  6.99062083e-03,  5.57616671e-02],
       [ 5.49447365e-02, -3.37174928e-02, -9.00293792e-02, -2.25252264e-02,  5.56626972e-02],
       [ 2.89957112e-02, -6.33542210e-02,  2.98888787e-02,  1.99145799e-02,  5.91491326e-02],
       [ 4.20944430e-02,  6.32829247e-02, -6.34654634e-03,  1.33366898e-02, -7.21495821e-02],
       [ 2.11470632e-02, -1.16198313e-02,  1.36528023e-03, -8.03041553e-03,  7.22368891e-02],
       [ 5.58946158e-02,  3.33246675e-02, -9.88094667e-02, -4.58129274e-02, -5.32208661e-02],
       [ 2.60827612e-02, -1.18119276e-02, -1.49668475e-02, -1.17319603e-01,  6.48393762e-02],
       [ 1.79014633e-02, -8.53670655e-02,  7.57390174e-02,  3.78395093e-02,  6.55013786e-02],
       [-2.72916413e-02, -2.36410556e-02, -1.06727855e-01,  6.60202959e-02, -6.51756768e-02],
       [-1.05878057e-02, -3.74048212e-02, -3.25756453e-02,  2.89828592e-02, -7.72390124e-02],
       [ 7.17708200e-02, -7.55214506e-02,  8.99957207e-02, -3.96539282e-02,  7.04156396e-02],
       [ 6.23625664e-02,  5.42826486e-02, -2.34061258e-02,  8.90138647e-02, -5.21062406e-02],
       [-3.16575764e-02,  5.79421355e-02, -2.10938215e-02,  9.58473698e-02, -7.41757877e-02],
       [ 8.61687321e-02, -6.54513486e-02,  3.36946018e-03,  2.25908076e-02,  6.87496270e-02],
       [ 4.46895319e-02,  1.10942347e-02,  4.87591991e-02, -3.14446905e-02,  7.84056660e-02],
       [-3.41508319e-02, -6.95263103e-02,  2.04779846e-02,  6.38091550e-02, -6.64366248e-02],
       [ 5.23234574e-02, -5.36092053e-02,  2.17897638e-02, -8.89987677e-02,  6.99470985e-02],
       [-7.45468290e-02,  2.32684717e-02, -8.46626947e-02,  4.60299332e-02, -8.67696203e-02],
       [-6.05302314e-02, -1.11419767e-01, -4.81654141e-02, -4.80843411e-02, -6.41455245e-02],
       [ 1.02783416e-01, -2.01761686e-02,  8.93426397e-02, -2.76945701e-02,  8.04279639e-02],
       [ 1.80106003e-03,  2.10356419e-02,  1.25754829e-01,  1.91960776e-02,  6.14654377e-02],
       [-1.53853895e-01,  6.80434016e-02, -1.40205667e-02, -2.79106650e-02, -5.94773926e-02],
       [-2.76361747e-02,  7.22099439e-02,  7.53585107e-02,  3.36418533e-03, -5.91928516e-02],
       [ 1.05802929e-03,  1.04723718e-01, -5.43132484e-02, -4.48589397e-02, -6.22575873e-02],
       [-9.17986931e-02, -2.03023205e-02, -6.37613234e-02,  2.60731965e-02,  6.28923478e-02],
       [ 1.17943157e-01,  2.96399194e-02, -3.06246362e-02, -5.91102099e-02, -4.31460466e-02],
       [-7.16504362e-02, -1.63875421e-02, -6.73626592e-02, -6.06529173e-02,  5.30412237e-02],
       [-8.27300764e-02, -7.96700057e-02,  2.12708616e-03,  6.29633327e-02,  5.71997023e-02],
       [ 8.59335854e-02, -1.20861007e-02, -3.21018939e-02,  2.72601586e-02, -6.15583883e-02],
       [ 1.22769409e-01, -2.30903877e-02,  4.90097253e-02, -1.48457597e-02, -7.16823052e-02],
       [-4.59036870e-02, -7.54517393e-02,  8.73842919e-03,  1.79776283e-04,  6.20773102e-02],
       [ 1.29654588e-01,  5.29445436e-02,  2.64581762e-02,  5.10162148e-02, -4.58333698e-02],
       [ 8.79249177e-02,  5.92445923e-02,  5.06836476e-02,  4.43000044e-02, -6.49840749e-02],
       [-2.92058780e-02, -6.48764175e-02, -6.00002291e-02,  4.96509105e-02,  5.96583585e-02],
       [-9.62713966e-02, -1.82294649e-03, -3.54224472e-02,  1.37162606e-02,  7.32980598e-02],
       [ 6.83885556e-02, -4.46231120e-02,  7.30857036e-02,  1.84054849e-02, -5.38238035e-02],
       [-6.93726103e-02, -6.25944229e-02, -5.17549748e-02, -4.55558159e-02,  6.52393168e-02],
       [ 7.54146204e-02,  3.34318660e-02,  1.36120069e-02, -5.59539285e-03, -7.64418222e-02],
       [ 5.21987289e-02, -8.57386170e-02,  2.15488675e-02, -7.32280152e-02, -5.59809779e-02],
       [-3.98973271e-02, -2.90138166e-02, -2.98605975e-03,  1.63151208e-02,  7.15723736e-02],
       [-9.17283991e-02,  1.10483627e-02,  4.86686808e-02,  4.47990822e-02,  5.44385794e-02],
       [-4.45966211e-02,  7.39445281e-02,  4.59454502e-02, -5.64646820e-02, -5.55118098e-02],
       [ 6.02626220e-02,  6.13006756e-02,  1.08070619e-01, -2.42403690e-02, -4.77011550e-02],
       [ 9.90019434e-02,  9.74404527e-02,  1.52219430e-02, -6.87585786e-02, -5.39679348e-02],
       [-9.84070002e-02, -4.45887121e-03,  3.31239824e-02,  7.22385049e-02,  4.95083598e-02],
       [ 3.31925147e-02, -2.15912122e-02,  8.60026804e-02,  6.99991069e-02, -6.10124831e-02],
       [ 3.72550171e-02,  4.59513732e-02, -1.52384060e-03, -7.23824186e-02, -6.19425738e-02],
       [-3.17564789e-02,  5.27925932e-02,  2.85759054e-02, -2.47645824e-02,  6.23890329e-02],
       [-5.81313589e-02,  6.93830686e-02, -5.21160620e-02,  1.68697636e-02,  7.22187614e-02],
       [-8.34405222e-03,  4.05974658e-02, -6.97395065e-03, -4.15862230e-03, -7.14975493e-02],
       [-9.86205092e-02, -2.49395692e-02, -3.24220332e-02, -5.43533456e-02,  4.88876980e-02],
       [-3.81725669e-02, -1.88979640e-02, -6.66555780e-02, -5.11371009e-02,  7.41341296e-02],
       [-2.16862714e-02,  2.74041751e-02,  6.78044501e-02, -5.57659737e-02, -6.36818120e-02],
       [ 3.17701947e-02, -5.23655496e-02,  4.28493360e-02, -1.66886927e-02, -7.88212210e-02],
       [-2.47593678e-02,  8.47780895e-02, -8.25433864e-02, -1.99510480e-02,  5.80400000e-02],
       [ 1.21029661e-02,  1.63368200e-02,  5.52231625e-02,  4.24264683e-02, -6.61299563e-02],
       [-7.45122651e-03,  2.31139549e-02, -1.89089641e-02,  9.56889097e-03,  8.75355730e-02],
       [-1.49912717e-03,  1.20315375e-01, -2.17649631e-02,  7.42942182e-02,  5.61402065e-02],
       [-2.49452208e-02, -2.03651459e-02,  6.74748013e-03, -2.15748538e-02, -7.65587332e-02],
       [ 5.56777633e-02, -5.43365859e-02, -5.40437036e-02, -5.70245435e-02, -6.19455731e-02],
       [ 1.00471548e-01, -3.87943138e-02, -5.30900322e-02,  6.20710100e-02,  5.96141444e-02],
       [-2.28440243e-02, -3.42915257e-02, -1.20821978e-01,  2.66405015e-02,  5.13014974e-02],
       [-5.09720166e-02, -6.12444998e-02, -1.50088046e-02,  7.07541899e-02,  5.53279901e-02],
       [-8.10194679e-02, -4.00106683e-03,  1.67784227e-02, -6.84568800e-03,  4.23914410e-02],
       [-7.87752866e-02, -4.60371823e-02,  7.20369425e-02,  8.70671744e-02,  4.20496236e-02],
       [ 7.74778679e-02, -1.44193493e-02, -9.20486823e-02, -2.51046926e-02, -4.27515492e-02],
       [ 1.06796816e-01, -2.29865170e-02, -5.29615661e-02, -6.04888307e-02, -5.01310427e-02],
       [-5.60846789e-02, -4.00116792e-02,  8.39668082e-02,  4.73674079e-02,  4.55282041e-02],
       [ 1.23785211e-01,  3.43200046e-02, -4.03590022e-02,  4.07941898e-03, -3.63630778e-02],
       [ 9.67499662e-02,  3.49259731e-02, -4.77432970e-02, -1.52777035e-02, -5.14871212e-02],
       [-4.46440209e-02, -3.62965038e-02,  3.24459548e-02,  8.05641730e-02,  4.42571022e-02],
       [-9.51494877e-02,  1.14520180e-02,  6.69487429e-02,  6.48544718e-02,  5.40345220e-02],
       [ 7.82243618e-02, -4.66754234e-02, -1.37362281e-02, -2.83051595e-02, -4.29368220e-02],
       [-7.15129032e-02, -2.93215082e-02,  4.45396058e-02,  1.75408802e-02,  4.59983700e-02],
       [ 8.68605161e-02,  1.09924196e-02, -9.65188994e-02, -6.49881228e-02, -5.99055141e-02],
       [ 5.14794496e-02, -6.08143863e-02, -4.97066342e-02, -8.58096560e-02, -3.85541570e-02],
       [-5.62329014e-02, -1.04329799e-02,  9.83197132e-02,  7.15477564e-02,  5.60801021e-02],
       [-8.11019043e-02,  1.36315452e-02,  9.90478112e-02,  6.97745267e-02,  3.93045286e-02],
       [-1.39161245e-02,  4.35950570e-02, -3.71480862e-02, -8.27642799e-02, -4.12718272e-02],
       [ 6.99642750e-02,  4.10878475e-02,  2.38646348e-02, -5.86010725e-02, -3.81158793e-02],
       [ 8.21918589e-02,  5.29994433e-02, -5.15447480e-02, -8.08750581e-02, -3.74834921e-02],
       [ 3.22471482e-02,  4.43259833e-02,  1.32875956e-02,  2.70848708e-02, -5.60937387e-02],
       [-2.12651378e-02,  4.45573546e-02,  9.82671506e-03, -1.03122739e-01,  5.20074349e-02],
       [-4.28557167e-02,  5.81823958e-02, -5.91239484e-02, -8.37434688e-02,  6.05872533e-02],
       [-1.07989479e-02,  3.51964005e-02,  8.54813389e-03,  9.60743247e-02, -5.95154716e-02],
       [-7.71529047e-02, -2.05012219e-02, -3.69681585e-02, -1.05881369e-01,  4.07431710e-02],
       [-2.14218048e-02, -1.41405559e-02, -6.33652237e-02, -1.29392350e-01,  5.76537013e-02],
       [-2.48605814e-02,  2.39945490e-02,  8.09235378e-02,  4.21824218e-02, -5.81461697e-02],
       [ 1.84706443e-02, -3.83318126e-02,  4.80855883e-02,  8.72026909e-02, -6.15236715e-02],
       [-1.69616711e-02,  7.03857988e-02, -8.07210471e-02, -8.98771075e-02,  4.78651649e-02],
       [ 4.56294949e-03,  1.32307331e-02,  5.93412167e-02,  1.22233647e-01, -5.49797050e-02],
       [-1.55434874e-03,  1.65260164e-02, -3.41821252e-02, -1.06406445e-01,  6.82783549e-02],
       [ 1.64296885e-03,  1.13542163e-01, -3.67205016e-02, -1.48694437e-02,  5.08955543e-02],
       [-3.09171250e-02, -1.99441664e-02,  2.32906258e-02,  9.67903048e-02, -6.90837069e-02],
       [ 4.30911568e-02, -4.52629461e-02, -3.27646628e-02,  3.94423186e-02, -5.24979030e-02],
       [ 7.99302186e-02, -2.97387462e-02, -5.26907080e-02, -2.63956587e-02,  4.75450429e-02],
       [-1.62231076e-02, -2.77292031e-02, -1.10835237e-01, -4.20135218e-02,  4.29649908e-02],
       [-4.56019159e-02, -5.68352477e-02, -2.96183290e-02, -1.51271913e-02,  4.98136280e-02],
       [-3.12831627e-02, -1.59681466e-02,  9.79962559e-02,  1.74808992e-02,  6.03556207e-02],
       [-5.17067772e-02, -9.97192005e-03,  2.56548024e-02,  6.16568141e-02,  6.58510122e-02],
       [-6.45441389e-03,  9.67067388e-02, -7.25584393e-02, -4.32124233e-02, -6.02528101e-02],
       [-1.01179673e-01, -8.05079806e-02,  2.24368563e-02, -2.02826965e-02,  4.82912744e-02],
       [-3.53266165e-02, -9.71058433e-02,  1.84318842e-02, -9.04366844e-05,  6.85814786e-02],
       [-2.34194699e-02,  9.82308709e-02, -1.91868278e-03, -1.02658551e-01, -6.27081301e-02],
       [ 2.60966403e-02,  3.13137608e-02, -3.90699370e-02, -6.13193337e-02, -6.68093039e-02],
       [-2.52790090e-02,  2.34342150e-02, -1.95287933e-02,  2.20175393e-02,  5.70955343e-02],
       [ 1.17968782e-02,  9.21193258e-02, -1.83083255e-02, -2.02915472e-03, -6.48039959e-02],
       [-7.70836926e-03, -6.49823119e-02,  6.83638545e-02,  6.10679460e-02,  7.43670520e-02],
       [-1.15816180e-03,  6.05094210e-02,  3.79718771e-02,  1.14797594e-01,  5.46385229e-02],
       [-2.26027061e-02,  6.00601439e-02, -7.33331570e-02, -6.91478778e-02, -6.93527814e-02],
       [ 4.17132353e-02,  1.14336084e-02, -1.01435282e-01, -8.10603090e-02, -5.19966917e-02],
       [ 8.30326578e-02, -8.37217721e-02,  1.10998622e-02,  8.70494017e-02,  5.06557298e-02],
       [-2.14953950e-02, -8.12797779e-02, -6.04137018e-02,  5.64611119e-02,  4.71472691e-02],
       [-4.57547081e-02, -1.06087352e-01,  3.70313045e-02,  9.59153596e-02,  4.94330914e-02],
       [ 4.96752026e-02, -1.09417359e-01, -6.17284644e-02,  4.68556166e-02, -7.01621581e-02],
       [ 1.34343104e-02, -1.37340848e-03,  1.02333668e-01, -5.04855163e-02,  6.04359282e-02],
       [ 8.56987785e-02,  4.80964573e-04, -3.92916930e-02,  8.61091274e-02, -4.47359704e-02],
       [ 2.41151293e-02, -1.85229251e-02, -4.65396689e-02,  9.73669383e-02, -6.36262513e-02],
       [ 3.12528675e-02,  3.93415204e-03,  3.06857664e-02,  1.63080575e-03,  6.31085925e-02],
       [-1.78332349e-02,  7.77719890e-02,  7.11433935e-02, -4.55876894e-02,  6.68983721e-02],
       [ 1.97778203e-02, -1.19034752e-01, -8.03479864e-03,  7.00410319e-02, -5.65510998e-02],
       [-2.95967088e-03,  1.85883019e-02,  4.92297561e-02, -1.00775742e-01,  6.38629756e-02],
       [-2.09201326e-03, -5.79054277e-02, -1.05280501e-01,  5.98489597e-02, -7.44228166e-02],
       [-6.48858609e-03, -1.35435940e-01, -5.60281954e-02, -2.29398558e-02, -5.12668020e-02],
       [ 3.07336653e-02,  5.43720917e-02,  1.06673400e-01, -4.40589628e-02,  6.93789290e-02],
       [-3.92386753e-02,  6.85749429e-02,  1.26534193e-01,  1.71359243e-04,  5.24012758e-02],
       [-1.00163089e-01,  8.22261947e-03, -3.90365226e-02, -1.06275690e-02, -5.47316023e-02],
       [ 1.78991170e-02,  8.04523140e-03,  4.18839249e-02,  1.55474957e-02, -5.14813233e-02],
       [ 4.30836815e-02,  3.35595553e-02, -6.88975426e-02, -2.39722030e-02, -5.35674177e-02],
       [-5.95171414e-03,  7.96829293e-03,  3.93375521e-02, -1.54693896e-02,  7.66295402e-02],
       [ 1.18225396e-01, -4.46703854e-03,  1.44440271e-02,  7.05372258e-02, -5.25583469e-02],
       [ 5.10084674e-02, -2.87399098e-02,  3.47764205e-02,  6.75861779e-02, -7.49151597e-02],
       [ 1.26412418e-02,  1.54615466e-02, -5.44586813e-02,  5.03891451e-02,  7.38471130e-02],
       [-4.41178126e-02,  9.97676010e-02, -1.00144047e-02, -2.83899597e-03,  7.81565609e-02],
       [ 3.77892907e-02, -1.29191790e-01,  6.47265027e-02,  3.51010221e-02, -6.15677752e-02],
       [-2.74374314e-02,  3.08765630e-02, -3.47508064e-02, -6.84325759e-02,  7.52573239e-02],
       [ 2.41528155e-02, -7.93449831e-02, -1.55035013e-02,  1.21433879e-02, -8.79026532e-02],
       [ 9.76017112e-03, -1.65621060e-01,  2.23180377e-03, -6.55724013e-02, -5.96734045e-02],
       [ 1.34107872e-02,  7.58951513e-02,  2.54613766e-02,  2.08441826e-03,  8.21929650e-02],
       [-6.44359396e-02,  9.01955703e-02,  7.76034014e-02,  3.98281658e-02,  6.15200312e-02],
       [-9.76838961e-02,  1.36304275e-04,  3.20986969e-02, -5.34073538e-02, -6.40768467e-02],
       [ 3.37325479e-02,  5.46010995e-03,  1.11347690e-01, -1.85299755e-02, -5.51018802e-02],
       [ 7.15859239e-02,  3.09015303e-02, -4.03767879e-03, -6.84353481e-02, -6.28936591e-02],
       [-6.94684943e-02, -7.46184498e-02,  2.93411851e-02, -8.08233375e-02,  5.18228403e-02],
       [ 1.63834228e-02, -7.92205843e-02,  2.47637024e-02, -7.48417526e-02,  6.81067707e-02],
       [-7.65562980e-02,  9.20556441e-02, -8.10750577e-03, -3.35803407e-02, -6.74406803e-02],
       [-2.63137691e-02,  1.75268216e-02, -5.06707329e-02,  1.54436265e-02, -7.19397952e-02],
       [ 1.60327281e-02,  3.70114806e-02, -1.40411365e-02, -4.14490791e-02,  5.69866983e-02],
       [-3.59382861e-02,  7.56599981e-02, -2.42125068e-02,  6.93983488e-02, -6.44985547e-02],
       [ 5.23052765e-02, -5.25466882e-02,  8.40734114e-02, -2.77363703e-02,  7.98205834e-02],
       [ 4.41139305e-02,  7.92131150e-02,  4.85527400e-02,  5.59046708e-02,  5.95675075e-02],
       [-8.06885910e-02,  4.69798925e-02, -8.81243847e-02,  1.14414266e-02, -7.47123934e-02],
       [ 6.78775141e-03,  1.24519861e-03, -1.30514878e-01, -2.77476912e-02, -6.04087244e-02],
       [ 1.30388856e-01, -8.14793121e-02,  1.60934019e-02,  3.41936322e-02,  5.47104157e-02],
       [ 1.52085168e-02, -8.75209931e-02, -6.60497291e-02,  7.32076571e-03,  5.48849828e-02],
       [-1.19209033e-02, -1.05374093e-01,  4.68131389e-02,  4.68408618e-02,  5.37240886e-02],
       [ 9.54744099e-02,  5.40073918e-02,  2.03463017e-02,  1.09855954e-01, -5.00690680e-02],
       [-5.36196431e-02, -6.46845610e-02, -3.41437630e-02, -3.34328458e-02,  5.00590637e-02],
       [-1.07689037e-01, -1.11237000e-02, -5.30887285e-03, -7.83437509e-02,  5.72414770e-02],
       [ 8.49616346e-02, -3.10163782e-02,  4.56799140e-02,  8.54849474e-02, -4.48254079e-02],
       [-7.73105551e-02, -5.17639818e-02, -1.82139073e-02, -1.03735356e-01,  4.77480154e-02],
       [ 9.38834956e-02,  3.74098932e-02, -1.26735271e-02,  8.94695830e-02, -5.91219702e-02],
       [ 6.55248166e-02, -6.06008975e-02,  2.30688511e-04,  1.01031429e-02, -4.43739974e-02],
       [-6.58005618e-02, -3.63767992e-02,  2.38951511e-02, -7.95351114e-02,  5.97653461e-02],
       [-1.06393440e-01,  3.58579275e-04,  6.05453297e-02, -3.17291409e-02,  4.52783081e-02],
       [-1.17651868e-02,  6.72085096e-02,  2.03758690e-02,  2.26953247e-02, -4.40967820e-02],
       [ 7.59293934e-02,  6.22240070e-02,  7.89660618e-02,  3.88756215e-02, -4.01294922e-02],
       [ 9.21173360e-02,  7.62644901e-02, -4.75202834e-03,  1.05524404e-02, -4.01676237e-02],
       [ 3.22304171e-02, -6.63305063e-02, -5.63922259e-02, -1.56402315e-02,  6.64930539e-02],
       [-1.91676967e-02,  3.63913615e-03, -2.02369334e-02, -7.05007128e-02,  7.54814467e-02],
       [ 1.79340041e-02, -5.60952383e-02,  7.14138003e-02,  8.49755454e-02, -5.93907335e-02],
       [-3.28571391e-03, -5.65205501e-02, -3.88375806e-02, -1.19725266e-01,  6.71272902e-02],
       [-5.05367883e-03,  3.29760374e-02, -5.53526776e-03,  9.90078989e-02, -8.99422932e-02],
       [-6.31437236e-03, -1.02331724e-01,  1.18979306e-02, -1.10165104e-02, -6.28735984e-02],
       [ 3.68360452e-02, -2.63983357e-02,  1.40470865e-02, -7.11355136e-02,  7.90632902e-02],
       [-4.98567972e-02,  1.64051118e-02,  7.44104370e-02, -1.81614725e-02,  6.43008198e-02],
       [-1.13734987e-01,  7.81217673e-02,  4.01544359e-02,  6.98068862e-03, -6.18721610e-02],
       [ 1.67745387e-02,  6.66872855e-02,  1.13566657e-01,  2.72277478e-02, -5.29500358e-02],
       [ 4.64534166e-02,  9.72726841e-02,  2.85317059e-03, -1.14912127e-02, -5.71238701e-02],
       [-4.69347483e-02,  9.78441264e-03,  3.92735645e-02, -4.99121256e-02, -7.53828737e-02],
       [ 3.32949752e-02,  4.33778264e-02, -8.69014679e-02,  6.15741340e-03,  5.90294439e-02],
       [-4.97154963e-02,  6.32647767e-02,  5.18159430e-02,  1.33235125e-02, -6.24201309e-02],
       [ 6.96032293e-02, -4.24429342e-02, -1.65954375e-02,  4.24723025e-02,  7.82197883e-02],
       [ 4.79140703e-02,  7.57226500e-02, -2.03603318e-02,  9.06698949e-02,  5.34369206e-02],
       [-9.48446135e-02,  3.84339869e-02,  4.35298288e-03, -5.28774585e-02, -7.25398616e-02],
       [-7.58711517e-03, -3.91842885e-03, -5.28728102e-02, -8.01349599e-02, -5.91335175e-02],
       [ 1.33488658e-01, -7.30842863e-02, -4.31645760e-02,  7.41341522e-02,  5.23745982e-02],
       [ 2.18974030e-02, -6.72017131e-02, -1.12781830e-01,  4.56106086e-02,  4.88271800e-02],
       [-1.33532399e-04, -9.62872344e-02, -1.29999505e-02,  8.69896387e-02,  5.19862854e-02],
       [-1.27228619e-02,  1.12435393e-01, -5.40650250e-02, -3.67874894e-02,  6.25753756e-02],
       [-4.99234001e-03, -3.51006242e-03,  1.76069353e-02,  6.53717341e-02, -7.18116767e-02],
       [ 1.46741037e-02,  4.95037874e-02,  3.38762499e-02, -1.50863070e-02,  8.86326541e-02],
       [ 1.43347867e-02,  1.49654027e-01,  9.31478796e-03,  6.67875837e-02,  6.09161687e-02],
       [-5.05052760e-02, -4.83365322e-02, -4.25710343e-02, -8.63518010e-04, -8.32240692e-02],
       [ 3.92437348e-02, -7.13346900e-02, -9.17895794e-02, -3.88873024e-02, -6.25006297e-02],
       [ 1.28889303e-01, -2.15707407e-02, -1.91137917e-02,  5.15680252e-02,  6.48070964e-02],
       [-1.26810026e-02, -2.34102888e-02, -1.02778331e-01,  1.83607575e-02,  5.60867309e-02],
       [-4.26688669e-02, -5.09304740e-02,  1.55759838e-02,  6.30592506e-02,  5.96138164e-02],
       [ 9.60237455e-06,  5.23611185e-02, -6.64545128e-02, -7.87708531e-02,  5.61031265e-02],
       [-5.93929177e-03, -1.01550720e-01,  4.06966238e-02,  4.94596740e-02, -6.99785997e-02],
       [-7.86651517e-03, -1.55463332e-01,  3.49969759e-02, -2.44398115e-02, -4.82179285e-02],
       [ 3.98699431e-02,  1.05394481e-01, -2.93298604e-02, -3.83154867e-02,  7.01691177e-02],
       [-3.82546824e-02,  1.10321777e-01,  2.98051237e-02,  4.46881113e-03,  5.35386377e-02],
       [-9.75657675e-02, -2.60929873e-02,  6.45585857e-02, -1.33503847e-02, -5.15989742e-02],
       [ 1.22705179e-02, -2.21535654e-02,  1.29539298e-01,  9.99201753e-03, -4.68950692e-02],
       [ 4.05462381e-02, -1.83296273e-03,  3.37837491e-02, -2.63898598e-02, -5.05326131e-02],
       [ 2.91845688e-02, -2.92255703e-02,  5.38040653e-03, -8.39526616e-02,  7.99608128e-02],
       [ 2.63993498e-02,  9.72275654e-02, -9.44563331e-03,  1.14018864e-02,  5.91660379e-02],
       [-5.88268609e-02,  2.46256924e-02, -1.50796141e-02,  6.59977283e-02, -7.47863389e-02],
       [ 2.73632569e-02, -1.58425860e-02, -7.19117175e-02,  1.58334033e-02, -6.12272402e-02],
       [ 1.26526539e-01, -7.45240365e-02, -3.68913172e-02, -4.32733491e-03,  5.82973446e-02],
       [-1.04939026e-03, -6.31743304e-02, -1.06506129e-01, -2.51273938e-02,  5.03806675e-02],
       [-2.83823807e-02, -1.01430053e-01, -2.67356694e-03,  1.06553761e-02,  5.73395059e-02],
       [-3.41372569e-02, -1.45814216e-01, -3.18598265e-02, -6.83339127e-02, -6.77117483e-02],
       [ 8.30850842e-02,  1.65176109e-02,  8.01095790e-02, -1.10157954e-02,  9.21548577e-02],
       [-2.41099036e-02,  5.36255807e-02,  1.26647720e-01,  3.70167125e-02,  6.91805016e-02],
       [-1.50340612e-01,  5.03894636e-02,  3.21318055e-04, -4.73655506e-02, -6.68951419e-02],
       [-4.52410334e-03,  5.24929701e-02,  1.02821393e-01, -1.27419981e-02, -6.75555518e-02],
       [ 2.97710571e-02,  8.23026687e-02, -3.84441633e-02, -6.37716927e-02, -6.62548350e-02],
       [ 5.84880960e-02,  1.36289631e-01,  3.79260201e-02,  7.35756218e-02,  6.32151237e-02],
       [-1.06926243e-02,  1.24153924e-01,  7.10037894e-02,  8.30881990e-02,  4.77221122e-02],
       [-1.01245675e-01, -5.47441314e-02,  7.49765094e-03, -8.62150603e-02, -4.65958556e-02],
       [-3.89756544e-03, -5.47925375e-02,  7.86191513e-02, -6.50601557e-02, -4.61340353e-02],
       [ 1.82865046e-02, -3.54518619e-02, -1.87622342e-02, -1.05292177e-01, -4.85244335e-02],
       [-4.66263281e-03, -4.97033976e-02, -1.26440496e-01, -4.61595034e-02, -6.48063522e-02],
       [ 1.66378976e-01, -4.65725511e-02,  8.13522744e-03,  5.47339258e-02,  6.29479596e-02],
       [ 3.29131178e-02, -4.70618225e-02, -8.66624860e-02,  2.28000068e-02,  6.27096051e-02],
       [ 1.31303070e-03, -8.19700634e-02,  5.10005580e-02,  7.56904064e-02,  6.64659094e-02],
       [ 7.47800395e-02, -6.58674435e-03,  5.72230094e-02,  7.71349838e-02,  5.11208694e-02],
       [-3.40870833e-02, -7.65400657e-03, -2.03989756e-02,  4.75627217e-02,  4.81845849e-02],
       [-5.25271263e-02, -2.81683289e-02,  7.56279945e-02,  7.87584962e-02,  4.71317338e-02],
       [-7.30712266e-02,  6.73496283e-02,  8.87467698e-02, -4.51904846e-02, -4.28862490e-02],
       [-5.69314512e-02,  9.02436683e-02,  2.83732672e-03, -8.06306785e-02, -4.51136077e-02],
       [ 3.84724887e-02,  9.57924756e-02,  7.12577965e-02, -6.12906726e-02, -4.46268260e-02]])})
2026-01-20 11:01:32,611 - final_problem_set.kxor_instance_n24_k2_m225_ell2_eps0.2_kappa0.875_rho1.0 - INFO - Running key extraction (n=24, m=225, ell=2, phase_qubits=13)
2026-01-20 11:01:32,615 - final_problem_set.kxor_instance_n24_k2_m225_ell2_eps0.2_kappa0.875_rho1.0 - INFO - Built voting matrix V (n=24, ell=2, dtype=complex128) in 0.004s
2026-01-20 11:01:32,616 - final_problem_set.kxor_instance_n24_k2_m225_ell2_eps0.2_kappa0.875_rho1.0 - INFO - Eval: adv=1.0000, hamming=0/24 (0.000), corr=1.000
2026-01-20 11:01:32,616 - final_problem_set.kxor_instance_n24_k2_m225_ell2_eps0.2_kappa0.875_rho1.0 - INFO - Key extraction complete: x_hat=17
2026-01-20 11:01:32,616 - final_problem_set.kxor_instance_n24_k2_m225_ell2_eps0.2_kappa0.875_rho1.0 - INFO - Finished step 'KeyExtractionStep' in 0.005s (success: True, problem=kxor_instance_n24_k2_m225_ell2_eps0.2_kappa0.875_rho1.0)
2026-01-20 11:01:32,616 - final_problem_set.kxor_instance_n24_k2_m225_ell2_eps0.2_kappa0.875_rho1.0 - INFO - SUCCESS: len(z_hat)=24
2026-01-20 11:01:32,616 - final_problem_set.kxor_instance_n24_k2_m225_ell2_eps0.2_kappa0.875_rho1.0 - INFO - Metrics: adv=1.0, ham_frac=0.0, corr=1.0
2026-01-20 11:01:32,616 - final_problem_set.kxor_instance_n24_k2_m225_ell2_eps0.2_kappa0.875_rho1.0 - INFO - z_hat (full): [-1, -1,  1,  1, -1,  1, -1, -1,  1,  1, -1,  1,  1, -1, -1,  1, -1,  1,  1, -1, -1,  1,  1,  1]
