2026-01-20 11:01:41,187 - final_problem_set.kxor_instance_n25_k2_m227_ell2_eps0.15_kappa0.875_rho1.0 - INFO - Starting iteration for /Users/julian/CodingProjects/UniT3/QuarticSpeedupK-XOR/z_Daphne/data/final_problem_set/kxor_instance_n25_k2_m227_ell2_eps0.15_kappa0.875_rho1.0.npz
2026-01-20 11:01:41,189 - final_problem_set.kxor_instance_n25_k2_m227_ell2_eps0.15_kappa0.875_rho1.0 - INFO - Loaded instance (n=25, m=227, k=2)
2026-01-20 11:01:41,189 - final_problem_set.kxor_instance_n25_k2_m227_ell2_eps0.15_kappa0.875_rho1.0 - INFO - Starting step 'ComputeKikuchiStep' (version 0.1) on problem kxor_instance_n25_k2_m227_ell2_eps0.15_kappa0.875_rho1.0 (fields={'ell': 2, 'threshold': 0.0})
2026-01-20 11:01:41,225 - final_problem_set.kxor_instance_n25_k2_m227_ell2_eps0.15_kappa0.875_rho1.0 - INFO - Finished step 'ComputeKikuchiStep' in 0.037s (success: True, problem=kxor_instance_n25_k2_m227_ell2_eps0.15_kappa0.875_rho1.0)
2026-01-20 11:01:41,226 - final_problem_set.kxor_instance_n25_k2_m227_ell2_eps0.15_kappa0.875_rho1.0 - INFO - Starting step 'ClassicalEigenvaluesStep' (version 0.1) on problem kxor_instance_n25_k2_m227_ell2_eps0.15_kappa0.875_rho1.0 (fields={'ell': 2, 'threshold': 0.0, 'kikuchi_matrix': <Dictionary Of Keys sparse matrix of dtype 'int64'
	with 7360 stored elements and shape (300, 300)>, 'num_eigenvalues': 5})
2026-01-20 11:01:41,401 - final_problem_set.kxor_instance_n25_k2_m227_ell2_eps0.15_kappa0.875_rho1.0 - INFO - Finished step 'ClassicalEigenvaluesStep' in 0.175s (success: True, problem=kxor_instance_n25_k2_m227_ell2_eps0.15_kappa0.875_rho1.0)
2026-01-20 11:01:41,401 - final_problem_set.kxor_instance_n25_k2_m227_ell2_eps0.15_kappa0.875_rho1.0 - INFO - Starting step 'KeyExtractionStep' (version 0.1) on problem kxor_instance_n25_k2_m227_ell2_eps0.15_kappa0.875_rho1.0 (fields={'ell': 2, 'threshold': 0.0, 'kikuchi_matrix': <Dictionary Of Keys sparse matrix of dtype 'int64'
	with 7360 stored elements and shape (300, 300)>, 'num_eigenvalues': 5, 'eigenvalues': array([13.97624494, 14.70962528, 15.178869  , 15.80286346, 25.18293067]), 'eigenvectors': array([[ 6.34381234e-02,  2.38377247e-02, -8.31312147e-02, -1.54762979e-02,  6.90166108e-02],
       [ 1.13469529e-01, -5.22101906e-03,  2.82402209e-02,  3.48512311e-02,  7.27756606e-02],
       [-1.51675481e-02, -1.62290010e-02,  6.32214355e-03,  2.72329858e-02, -5.67208938e-02],
       [-6.09185968e-02,  4.71357312e-02,  6.70424671e-04, -7.10638599e-02, -8.73881974e-02],
       [-6.46649997e-02,  8.24763391e-03,  6.85359370e-02, -1.41987558e-02,  5.27361461e-02],
       [ 1.12039011e-02,  3.88099276e-03, -2.01096469e-03,  2.07311966e-02,  6.27718754e-02],
       [ 1.00156920e-01,  5.08234477e-02,  2.36022934e-03, -8.21138616e-02, -6.04447394e-02],
       [ 8.80212131e-02,  5.63322290e-02, -6.49621216e-03,  4.73579539e-02,  7.17440417e-02],
       [-8.58808610e-03, -5.77424125e-02,  6.40473231e-02, -2.83282923e-02, -5.41985674e-02],
       [-4.17368449e-02,  1.79591620e-02, -3.66097192e-02,  1.70643912e-02, -7.50012966e-02],
       [ 1.24054702e-02, -6.22400618e-02,  8.90444734e-02, -3.12677650e-02, -5.30775953e-02],
       [ 6.23568826e-02, -7.50249487e-02, -6.75143141e-02,  3.92594349e-02,  5.57262220e-02],
       [-3.91372775e-02, -5.17809080e-02, -7.45117771e-03, -1.25538743e-01, -5.82161545e-02],
       [-8.30584958e-02,  2.27491605e-02, -7.05105396e-02, -3.49671982e-02, -6.02334488e-02],
       [ 7.42598378e-02,  5.09525949e-02, -6.68233533e-02,  6.06188398e-02,  5.10620934e-02],
       [-5.20872638e-02,  2.99641662e-02, -1.72073399e-02, -1.06896372e-01, -5.83627449e-02],
       [ 5.67756234e-02, -4.96104204e-02, -2.62632065e-02,  3.63416895e-02,  6.96137708e-02],
       [-6.13441867e-03, -2.03548557e-02, -3.78149813e-02, -3.29850799e-03,  8.05683109e-02],
       [-1.03698973e-01,  3.46481112e-02,  1.14756481e-02, -2.83574980e-02, -7.35294311e-02],
       [ 1.73575217e-03, -8.28301479e-02, -2.06277400e-02,  1.10761931e-01,  4.36946444e-02],
       [ 5.37235985e-02, -1.36926040e-02, -9.23045119e-02,  3.07151387e-02,  7.29995576e-02],
       [ 8.04007287e-02, -5.05031605e-02, -4.30242771e-02,  1.14085433e-02,  7.33823393e-02],
       [ 5.03682994e-02,  9.20763372e-02,  8.23650575e-02,  4.60468218e-02,  4.54514540e-02],
       [-1.63601919e-03,  3.54909242e-02, -2.35458976e-02,  1.16367524e-01,  5.59487464e-02],
       [-7.59804557e-02, -2.65831175e-02,  2.17590407e-02,  7.44165581e-02, -6.69346658e-02],
       [-7.48565249e-03,  3.66603955e-02, -4.12142580e-02, -1.02557306e-01,  5.07137605e-02],
       [ 1.79749045e-02, -5.22978530e-03, -5.98955802e-02, -6.62900543e-02,  8.10333725e-02],
       [ 7.92248256e-02, -3.09511492e-02, -2.77565225e-02,  9.25125507e-02, -4.81168792e-02],
       [ 1.38538683e-02, -2.98236083e-02,  4.02628470e-02,  6.98197121e-02, -5.71138997e-02],
       [-1.20114730e-01, -1.98746852e-02, -4.31902101e-02, -1.07813423e-02,  5.59486147e-02],
       [-4.32044956e-02, -7.48040795e-02,  4.85568393e-02,  5.66200193e-02, -6.14484294e-02],
       [-1.23516467e-02,  7.53505084e-02, -8.99380831e-02, -4.76461468e-02,  4.95687999e-02],
       [ 5.55954133e-03,  1.49444692e-02, -1.46250758e-02, -1.15504212e-01,  6.27220376e-02],
       [-3.13494359e-02,  7.74641120e-02, -1.10235949e-01, -4.20614299e-02,  4.79522978e-02],
       [-3.54677564e-02,  4.61212323e-02,  9.54425140e-02,  4.26441799e-02, -5.10807899e-02],
       [ 1.47572567e-02,  8.17023002e-02, -3.51021423e-02,  3.92809286e-02,  5.93733623e-02],
       [ 6.26335197e-02,  6.79208415e-03,  2.75593462e-02, -6.11913314e-02,  6.02800182e-02],
       [-4.90011674e-02, -6.91953908e-02,  9.14691010e-02,  1.37147744e-02, -4.74925520e-02],
       [ 2.87166828e-02, -3.68874597e-03, -2.46668049e-02,  1.79812015e-02,  5.94427754e-02],
       [-2.21189509e-02,  1.56025699e-02,  6.92656059e-02,  7.18543480e-02, -6.32127340e-02],
       [ 3.28850422e-02, -1.62725124e-02,  7.71299025e-02,  1.10908934e-01, -6.77812542e-02],
       [ 7.51962896e-02, -8.59087192e-04, -6.35959399e-02, -9.22118589e-02,  7.21600362e-02],
       [ 1.63917549e-02,  6.22404505e-02,  5.51763913e-02, -4.55298230e-02, -4.50501424e-02],
       [-1.60059791e-02, -1.79389860e-02,  1.16014775e-01,  7.21183441e-02, -6.16137665e-02],
       [-4.36112690e-02,  1.53593368e-02,  8.52508369e-02,  9.65310321e-02, -6.64111298e-02],
       [-2.69267225e-02, -1.06679401e-01, -4.55389940e-02,  2.33625157e-02, -4.19981630e-02],
       [ 2.65870694e-02, -6.30853076e-02,  6.41646353e-02, -3.37162383e-02, -5.60162719e-02],
       [ 2.96448658e-02,  1.85607932e-02,  4.32759465e-02, -7.85551584e-02,  5.82829188e-02],
       [ 8.60925525e-02, -4.77463450e-02,  8.41485160e-02, -7.33104528e-03,  9.10303774e-02],
       [ 5.29694858e-02, -1.13388082e-02, -1.19314142e-01,  6.37275521e-02, -5.42346081e-02],
       [-2.89219167e-02, -5.80287803e-03, -5.50772522e-02,  3.51795925e-02, -6.53252790e-02],
       [-9.00423226e-02, -4.98193219e-02,  5.48194799e-02,  3.30393288e-02,  6.30945264e-02],
       [-9.60849466e-02, -5.68500774e-02, -5.34909732e-02,  1.54313276e-02, -6.94677223e-02],
       [ 2.84269765e-02,  7.09077398e-02, -1.89598621e-02, -1.93412003e-02,  6.12659869e-02],
       [ 5.48174696e-02, -1.49279359e-02,  9.63677181e-02, -7.90235300e-02,  7.11046863e-02],
       [ 3.46053719e-03,  7.66203023e-02, -4.86112818e-02, -1.40203544e-02,  5.93328762e-02],
       [-8.22313122e-02,  7.88131043e-02,  2.04009215e-02,  7.92131769e-03, -5.85809444e-02],
       [ 5.38201523e-02,  5.93441488e-02,  5.86771494e-02,  8.48895518e-02,  6.19573849e-02],
       [ 1.01157372e-01, -2.15762432e-02,  1.25817175e-01, -1.71059385e-02,  6.19034601e-02],
       [-1.02476164e-01, -6.27262125e-02,  2.62241505e-02, -2.16246819e-02, -5.77271153e-02],
       [ 6.80085382e-02, -3.06117670e-02,  7.20696164e-02,  6.26817813e-02,  6.14902570e-02],
       [-6.90668380e-02,  4.42075918e-02, -3.32255682e-02,  2.46669022e-02, -6.74604774e-02],
       [-1.42281112e-02,  1.37371789e-02, -3.33054871e-02,  7.14989719e-02, -7.82039453e-02],
       [ 1.29035041e-01, -3.23658508e-02,  5.52182425e-02, -3.91198706e-02,  7.63356491e-02],
       [-1.89918916e-02,  9.36524915e-02, -2.16337252e-02, -8.61673380e-02, -5.03068472e-02],
       [-7.78885550e-02,  8.33419904e-03,  2.77982881e-02,  3.63008417e-02, -7.65340535e-02],
       [-1.15878373e-01,  5.68966972e-02, -2.58413664e-02,  6.18374102e-02, -8.13778992e-02],
       [-5.32165741e-02, -9.31611404e-02, -1.14766869e-01, -8.93267620e-03, -4.33736858e-02],
       [-1.58976107e-02, -4.42105535e-02, -2.86471155e-02, -8.23091963e-02, -6.34429661e-02],
       [ 2.72238392e-02,  9.16364444e-03, -2.47310084e-02,  7.51974687e-02, -7.05854461e-02],
       [-8.31373970e-02,  2.18241358e-02,  6.24029000e-02, -7.99688485e-02,  3.91794475e-02],
       [-3.91080497e-02,  2.31352033e-02,  1.54138032e-02, -7.21478978e-02,  4.99616351e-02],
       [ 1.32383567e-01,  2.14302014e-02, -1.44569951e-02,  1.96411205e-02, -4.90534841e-02],
       [ 5.08483769e-03,  6.23174555e-02,  1.46439853e-02, -6.20861252e-02,  5.39571955e-02],
       [ 3.90709932e-02, -7.06687048e-02,  3.91693630e-02,  5.80889590e-02, -4.68057797e-02],
       [ 2.58612417e-02, -9.21372750e-03, -4.36575901e-02,  1.11869108e-01, -5.48350849e-02],
       [ 5.10451787e-02, -6.68549300e-02,  5.54299005e-02,  4.75280697e-02, -4.26638172e-02],
       [ 6.36362039e-03, -4.81792901e-02, -4.27508608e-02, -5.44505793e-02,  4.85719378e-02],
       [ 1.94854311e-02, -6.98162617e-02, -2.54311354e-02, -2.25506066e-02, -5.21137229e-02],
       [-2.24895524e-02, -2.18250016e-03, -8.07310427e-02,  6.43807046e-02, -5.21815330e-02],
       [ 2.17343776e-02,  6.47501947e-02, -4.38855759e-02, -2.60616366e-02,  4.53426835e-02],
       [ 7.47651291e-03,  6.73536162e-03, -3.51820584e-02, -3.28534877e-03, -5.20337243e-02],
       [-1.37120549e-02, -1.74446141e-02, -1.20986732e-03, -7.60100037e-02,  5.59313964e-02],
       [-6.20205735e-02,  1.01825313e-02, -6.14938488e-03, -1.10579394e-01,  5.98824997e-02],
       [-2.85432339e-02,  5.28335647e-03, -1.14229064e-02,  9.59630356e-02, -6.37427232e-02],
       [-3.86843132e-02, -5.79517592e-02, -4.97874303e-03,  3.05224951e-02,  3.94808845e-02],
       [-1.85775323e-02,  1.40128118e-02, -5.39625554e-02, -8.48493010e-02,  5.91477747e-02],
       [ 3.00277657e-03, -1.71843880e-02, -1.28697523e-02, -9.91446002e-02,  5.85537660e-02],
       [ 3.08406294e-03,  9.14254964e-02,  7.78975541e-02, -2.71426777e-02,  3.67154293e-02],
       [-5.36827894e-02,  5.38870217e-02, -4.26002314e-03,  1.81579054e-02,  4.96156908e-02],
       [-1.17984492e-01, -1.35248475e-02,  1.11141831e-01, -5.47929693e-02,  6.09353403e-02],
       [-3.43919680e-02, -2.80501583e-02,  3.67498321e-02, -1.81899794e-02,  7.86295523e-02],
       [ 1.65365389e-01,  8.70196859e-02, -2.99321299e-02, -5.78519347e-02, -7.01520913e-02],
       [ 4.40178301e-02,  3.23350279e-02,  3.36512084e-02,  8.05558268e-03,  8.41206154e-02],
       [ 3.60876110e-02, -4.81665218e-02,  5.34301447e-02, -1.28379197e-03, -7.36050555e-02],
       [ 9.85227616e-03,  5.84782440e-02, -8.58542362e-02,  7.02767143e-02, -8.59851301e-02],
       [ 6.29152269e-02, -5.73820902e-02,  8.89044586e-02, -6.15743914e-03, -7.19029321e-02],
       [ 3.85989708e-02, -1.27733180e-01, -5.34722128e-02,  1.14739639e-02,  6.99447701e-02],
       [-5.27825148e-03, -4.14276734e-02, -4.41152006e-02, -1.26906763e-01, -7.44208148e-02],
       [-6.04988558e-02,  6.15334523e-02, -1.28658044e-01, -3.50935372e-03, -7.52663956e-02],
       [ 6.08995583e-02,  4.19453399e-02, -5.89257245e-02,  4.96123602e-02,  6.98107805e-02],
       [-2.20538755e-02,  6.97199608e-02, -5.99170220e-02, -9.87753655e-02, -7.32300887e-02],
       [ 1.17676351e-02, -9.16137034e-02,  8.75972444e-03, -5.02639191e-03,  8.09786115e-02],
       [-7.59543338e-02, -7.09287314e-02,  3.32947105e-03, -6.30439019e-02,  1.00779872e-01],
       [-7.41062597e-02,  8.58686936e-02, -3.08850003e-02,  1.69850092e-02, -9.23050615e-02],
       [-2.93172706e-02, -1.28367387e-01, -1.50031710e-03,  1.15518070e-01,  5.46606810e-02],
       [ 4.10011798e-03, -5.09865851e-02, -6.77095797e-02, -1.30386757e-02,  8.59419124e-02],
       [ 4.09054744e-02, -1.07047388e-01, -9.06605486e-03, -3.93471287e-02,  9.16654321e-02],
       [ 2.75747794e-02,  9.30975845e-02,  1.32909330e-01,  2.87206959e-02,  5.71337499e-02],
       [-4.66384681e-02,  2.01865757e-02,  2.43942664e-03,  1.15130113e-01,  7.07152054e-02],
       [ 9.51979934e-02, -1.40970604e-02, -7.36309485e-02,  5.60895527e-02, -4.35410698e-02],
       [-1.53880941e-01, -1.92817418e-02,  6.49402137e-02, -9.31083695e-03,  3.91545369e-02],
       [ 7.10821454e-02, -5.49724989e-02, -8.57041633e-02,  5.07846829e-02, -5.05177474e-02],
       [-8.58847983e-02,  5.10128612e-02,  2.17340878e-02, -3.94655744e-02,  3.83067039e-02],
       [-9.27715394e-02,  3.44895788e-03,  1.02137690e-01, -8.71923920e-02,  4.70000961e-02],
       [-1.07049046e-01,  6.13950669e-02,  2.83660680e-03, -3.99243102e-02,  4.00034965e-02],
       [ 5.69694285e-02,  4.64452311e-02, -2.37658547e-02,  4.01542018e-02, -4.23766971e-02],
       [-8.20841137e-02,  5.45377230e-02,  8.41594034e-02,  2.68996315e-02,  4.49956235e-02],
       [-4.72120836e-02, -3.40633667e-03,  1.17398330e-01, -4.19273659e-02,  4.16690555e-02],
       [ 4.12321477e-02, -5.12049790e-02, -1.56364746e-02,  1.57024127e-02, -3.93621486e-02],
       [-7.28355787e-02, -9.89984745e-03,  9.41343667e-02,  1.09642705e-02,  4.47363673e-02],
       [ 8.54529408e-02,  1.87072286e-02, -6.75424295e-02,  5.66670855e-02, -4.82854745e-02],
       [ 1.29138815e-01, -3.75185301e-03, -6.81184182e-02,  8.54400310e-02, -5.12522222e-02],
       [-6.06381228e-02, -8.28332131e-03,  8.29177812e-02, -6.50804504e-02,  5.10422947e-02],
       [ 8.19502814e-02,  5.43132472e-02, -4.45094272e-02, -3.18225596e-02, -3.42487331e-02],
       [ 9.51344512e-02, -6.22852534e-03, -2.66060256e-02,  6.43836356e-02, -5.11424098e-02],
       [ 8.03138664e-02,  2.45842828e-02, -6.50370323e-02,  8.40636307e-02, -5.45520896e-02],
       [ 3.74185898e-02, -6.69657441e-02, -9.78703300e-02,  1.49495171e-02, -2.94814000e-02],
       [ 1.06764446e-01, -4.01078087e-02, -5.68952217e-02, -2.28165649e-02, -4.25588202e-02],
       [-1.34988276e-01, -3.17371738e-02,  1.85731265e-02,  1.90864571e-02,  5.07876522e-02],
       [-2.40738111e-03, -6.50389140e-02, -2.35497392e-02,  2.43020558e-02, -6.51269185e-02],
       [-4.88619313e-02,  6.88693406e-02, -3.90561421e-02, -2.22043803e-02,  5.24375653e-02],
       [-3.61918633e-02, -4.39654552e-03,  6.29967484e-02, -8.45522204e-02,  6.58114363e-02],
       [-6.72581732e-02,  7.27497305e-02, -6.27214322e-02, -1.83367672e-02,  5.07627287e-02],
       [-3.17683021e-03,  6.50802384e-02,  4.00052785e-02,  1.56729753e-02, -5.33086642e-02],
       [-2.49588479e-02,  6.46000801e-02,  3.15973639e-02,  6.95894613e-02,  5.74435649e-02],
       [ 1.96212686e-02, -1.23722836e-02,  9.49654292e-02, -2.48700568e-02,  5.80520301e-02],
       [-1.74138693e-02, -5.36815797e-02,  4.02699102e-02, -1.15682676e-02, -4.63974425e-02],
       [-9.17825084e-03, -1.71280477e-02,  4.00278305e-02,  4.51169086e-02,  5.33799088e-02],
       [ 1.97245862e-02,  3.27888913e-02, -6.49104397e-03,  3.38721315e-02, -6.24944983e-02],
       [ 7.51397386e-02,  3.28596651e-03, -2.10103863e-04,  6.95677711e-02, -6.69761129e-02],
       [ 2.47018431e-02, -2.21666302e-02,  2.20120030e-02, -4.81789757e-02,  7.08913171e-02],
       [ 4.36493879e-02,  7.27493032e-02,  1.88855488e-03, -6.76112279e-02, -4.32699695e-02],
       [ 2.51265517e-02, -7.45347868e-04,  4.58649150e-02,  3.68857218e-02, -6.11448036e-02],
       [ 1.41183276e-03,  3.44821058e-02,  6.79807358e-03,  5.71917750e-02, -6.59096930e-02],
       [-1.78383089e-03, -8.41445807e-02, -8.42754237e-02, -2.33575082e-03, -3.80608462e-02],
       [ 6.13060072e-02, -4.66295969e-02, -4.74288362e-04, -6.21906835e-02, -5.41016871e-02],
       [-1.07566745e-01,  4.26948861e-03,  2.01463865e-02,  3.83337208e-02,  5.83268455e-02],
       [ 1.31094890e-01, -1.64337169e-02,  3.71048322e-02, -2.81417879e-02, -4.73450939e-02],
       [ 1.33828055e-01,  5.15796494e-02, -4.90419742e-02,  8.35243620e-03, -5.58660006e-02],
       [ 1.28192577e-01, -2.25362638e-02,  5.30413148e-02, -2.70017433e-02, -4.27884977e-02],
       [-7.76027370e-02, -8.98813082e-02, -3.45023363e-02,  3.30799103e-02,  4.55513081e-02],
       [ 1.01646847e-01, -1.01985549e-02, -2.57966890e-02, -1.00900337e-01, -4.77147608e-02],
       [ 8.06321429e-02,  5.78744735e-02, -8.41892837e-02, -3.44830896e-02, -5.21095731e-02],
       [-6.55309812e-02,  1.35088114e-02, -3.95755760e-02,  5.58707226e-02,  4.46501458e-02],
       [ 9.24544292e-02,  5.59718229e-02, -3.44722997e-02, -8.52551220e-02, -4.76707722e-02],
       [-1.10094440e-01, -6.98516314e-02,  4.32938774e-03,  2.80579471e-02,  5.20304423e-02],
       [-1.77775340e-01, -5.60251152e-02, -8.81028661e-04,  2.40243916e-03,  6.00800459e-02],
       [ 9.99918915e-02,  7.71063139e-02, -1.76644444e-02, -2.79504561e-02, -6.40429070e-02],
       [-9.15780213e-02, -8.62764488e-02, -2.42789773e-03,  8.66816882e-02,  3.52674483e-02],
       [-1.35445001e-01, -5.16513658e-02, -4.86532101e-02,  2.64324617e-02,  5.85469247e-02],
       [-1.23240105e-01, -9.13143062e-02, -1.05794092e-02,  1.14641984e-02,  6.38116515e-02],
       [-6.64194917e-02,  4.82636318e-02,  8.09747049e-02,  3.86970232e-02,  3.66551989e-02],
       [-1.26184706e-01, -6.01249554e-04, -8.10865327e-04,  9.28016245e-02,  4.50300644e-02],
       [ 2.99625066e-04,  9.86700694e-02, -4.07855537e-02, -7.65149331e-03,  5.17843535e-02],
       [ 2.19975750e-02,  4.43432606e-02,  5.63770969e-02, -6.05715528e-02,  6.56001046e-02],
       [-1.95091096e-02,  1.02729901e-01, -6.55979089e-02, -3.15516181e-03,  5.06160820e-02],
       [-6.07516171e-02,  2.65432738e-02,  4.95812862e-02, -2.36250828e-03, -5.84368511e-02],
       [ 2.99037351e-02,  9.70122500e-02,  2.77484853e-02,  8.44160575e-02,  5.66550029e-02],
       [ 7.93393340e-02,  3.43191305e-02,  9.76144412e-02, -6.65986723e-03,  6.18036204e-02],
       [-7.31737712e-02, -1.01619737e-01,  5.07649343e-02, -2.83102404e-02, -5.32717608e-02],
       [ 4.19964246e-02,  1.95618694e-02,  3.90948387e-02,  6.55491436e-02,  5.71204968e-02],
       [-3.73483915e-02, -1.33419992e-02, -1.16447659e-03,  1.18647599e-02, -6.19610926e-02],
       [ 1.93252239e-02, -5.32922108e-02,  4.21412908e-03,  5.95887466e-02, -7.70483640e-02],
       [ 8.97237158e-02,  3.18123496e-02,  1.59147410e-02, -2.29544855e-02,  7.07305917e-02],
       [ 1.02876671e-03,  4.54592440e-02,  5.04429881e-03, -8.65507033e-02, -4.61862128e-02],
       [-3.97663648e-02, -5.32642603e-02,  6.05581422e-02,  2.12071873e-02, -6.99651345e-02],
       [-6.60187288e-02, -1.46922538e-02,  1.30739927e-02,  3.80360222e-02, -7.05170283e-02],
       [-3.50894377e-02, -1.15644226e-01, -8.81140066e-02, -1.25460271e-02, -4.02576794e-02],
       [ 9.80344049e-03, -7.93138645e-02,  3.81449757e-03, -7.67289160e-02, -5.42473119e-02],
       [ 3.49020744e-02, -5.83804931e-02,  1.32153115e-02,  5.84527301e-02, -5.73602523e-02],
       [ 5.12525875e-02, -9.14484145e-02,  9.18295005e-02,  5.45220356e-03, -4.00889130e-02],
       [ 6.54652735e-04, -6.28637456e-03, -9.05216503e-02, -8.33882757e-04,  4.65419105e-02],
       [ 1.86948599e-02, -9.10593434e-02,  2.66725326e-02, -6.24275862e-02, -4.62806798e-02],
       [-1.58539350e-02, -4.37508572e-02, -2.24374229e-02,  8.89972363e-03, -5.05120986e-02],
       [ 1.49550097e-02,  9.35799187e-02, -8.57798071e-02,  1.88364944e-02,  4.23686990e-02],
       [ 1.16962531e-02, -3.30985480e-02,  2.04086081e-02, -5.34856363e-02, -4.95916782e-02],
       [-1.91137887e-02,  2.83780123e-02, -5.84181903e-02, -1.43144114e-02,  5.38814357e-02],
       [-6.50342511e-02,  5.80068050e-02, -6.59279294e-02, -4.44849701e-02,  5.73604131e-02],
       [-1.47382367e-02, -4.44635140e-02,  5.06469300e-02,  2.13238168e-02, -5.67786425e-02],
       [-3.95808536e-02, -2.60246139e-02, -4.63879997e-02,  6.64206273e-02,  3.75704330e-02],
       [-2.25540951e-02,  5.44901623e-02, -9.82736269e-02, -1.74286001e-02,  5.23398829e-02],
       [-5.36939983e-03,  3.16382012e-02, -7.27837771e-02, -3.36841194e-02,  5.64388016e-02],
       [ 2.07433429e-04,  1.14315464e-01,  3.74449898e-02,  7.03176781e-03,  3.55524387e-02],
       [-4.75641330e-02,  7.52983844e-02, -4.81069316e-02,  5.70026793e-02,  4.33735876e-02],
       [ 5.49275471e-02, -6.45363682e-02,  4.09224041e-02,  5.34704261e-02, -5.58735489e-02],
       [ 2.44059838e-02, -9.00052782e-02, -1.39416218e-02, -5.27836000e-02,  5.90062742e-02],
       [ 5.97700228e-03, -5.20105242e-02, -6.81801770e-02, -4.19904529e-02, -6.37043396e-02],
       [-3.81491134e-02,  2.81899890e-02, -1.22127388e-01,  5.52756983e-02, -5.86100006e-02],
       [ 3.93086863e-02,  5.14112017e-02, -2.00387863e-02, -1.92776757e-02,  5.52585269e-02],
       [-8.03719984e-03,  4.16269997e-02, -8.29722955e-02, -1.88548042e-02, -6.31310018e-02],
       [-6.00164696e-04, -4.87887442e-02,  3.57561002e-02, -6.82248420e-02,  6.24149398e-02],
       [-6.03434156e-02, -2.35677688e-02,  3.59553922e-02, -1.19489065e-01,  7.25169367e-02],
       [-4.62510271e-02,  4.18775818e-02, -5.68380768e-02,  8.80873440e-02, -7.16830005e-02],
       [-3.16429104e-02, -9.61948325e-02,  2.45216416e-02,  4.84577423e-02,  4.80865833e-02],
       [-5.91557111e-03, -1.73651610e-02, -1.78298411e-02, -7.95424707e-02,  6.71544244e-02],
       [ 2.12234498e-02, -5.90728359e-02,  2.77651992e-02, -1.04631996e-01,  7.13654945e-02],
       [ 1.35691839e-02,  8.29834802e-02,  1.10328409e-01, -1.79249923e-02,  4.13688133e-02],
       [-4.75980372e-02,  3.30609688e-02,  3.27422792e-02,  3.57145520e-02,  6.03324910e-02],
       [-1.55444844e-02, -7.59914894e-04, -1.10631386e-01,  1.01209251e-03,  4.54091300e-02],
       [ 3.50144833e-02, -9.43612697e-02,  4.73266479e-02, -6.28923288e-02, -4.47229169e-02],
       [ 4.23898999e-03, -4.95680989e-02,  2.56480662e-03,  6.49907673e-03, -4.97238227e-02],
       [-2.01135823e-03,  8.55810598e-02, -9.18032716e-02,  1.90915246e-02,  3.83568575e-02],
       [ 2.90023149e-02, -3.98584159e-02,  4.47188094e-02, -5.54571516e-02, -4.85258122e-02],
       [-3.40727105e-02,  3.31379515e-02, -7.53933108e-02, -1.02351456e-02,  4.86888882e-02],
       [-8.42847623e-02,  6.47467941e-02, -9.23771145e-02, -3.94853577e-02,  5.60012471e-02],
       [ 5.17430314e-03, -5.23479487e-02,  8.26245699e-02,  2.09728453e-02, -5.98589285e-02],
       [-5.08607533e-02, -1.88752599e-02, -6.39481708e-02,  6.65408733e-02,  3.65192988e-02],
       [-4.21157604e-02,  5.95097428e-02, -1.21012496e-01, -1.36123970e-02,  5.11934195e-02],
       [-2.64326459e-02,  3.77840006e-02, -1.08403750e-01, -3.34947687e-02,  5.92079552e-02],
       [-1.59367655e-02,  1.16185400e-01,  2.03354089e-02,  9.20192315e-03,  3.46915040e-02],
       [-6.89118970e-02,  8.82133588e-02, -7.39644139e-02,  6.42661686e-02,  4.49886734e-02],
       [ 3.02393652e-02, -1.55450688e-02, -3.24691756e-02,  8.29128205e-02,  5.14713371e-02],
       [ 6.81711389e-02, -8.68082493e-02,  2.37339824e-02, -6.26975985e-04,  5.20137136e-02],
       [-5.17300030e-02,  6.98527739e-03,  8.06073331e-02, -2.59449846e-02, -4.12000385e-02],
       [ 4.14072913e-02, -9.05068153e-02, -2.19308107e-02,  6.47015027e-02,  5.09436559e-02],
       [-3.72018725e-02,  1.08346348e-01,  6.13993487e-02,  7.54234029e-03, -5.49614674e-02],
       [ 1.09089278e-02,  8.88528376e-02,  7.04702449e-02,  3.85422187e-02, -5.96864465e-02],
       [ 7.24385151e-02, -1.01326597e-01, -5.21221771e-02, -1.39656896e-02,  5.84138825e-02],
       [ 1.21455032e-03,  1.05289239e-01,  4.13436269e-02, -6.92772001e-02, -3.55828006e-02],
       [-2.87741303e-02,  7.67492205e-02,  1.03993395e-01,  9.96469014e-03, -5.41147589e-02],
       [-5.36556808e-02,  1.12702442e-01,  7.57202342e-02,  2.76050646e-02, -5.81201191e-02],
       [-3.56156953e-02, -2.92258986e-02, -4.02773889e-02, -1.51609450e-02, -3.73531088e-02],
       [ 5.74708156e-03,  2.71543346e-02,  5.65570848e-02, -7.50493128e-02, -4.83850948e-02],
       [-3.77668230e-02, -3.26051301e-02, -8.63991309e-02, -7.40513327e-02, -5.13238763e-02],
       [ 3.78237400e-02,  8.25512274e-02, -3.19247714e-02,  8.70842869e-02,  4.37901958e-02],
       [-1.52940979e-02, -2.54088216e-02, -4.18334373e-02, -1.29346695e-01, -4.91630726e-02],
       [ 1.15884660e-02,  2.05699510e-02,  1.36833147e-02,  8.26825211e-02,  5.89969948e-02],
       [-4.80462357e-02,  5.60246040e-02,  9.64121560e-03,  5.76249763e-02,  6.94954095e-02],
       [-5.51440166e-02, -3.73676625e-02, -2.97943021e-02, -8.68971620e-02, -6.73832243e-02],
       [-1.53247642e-02, -3.28889424e-02,  2.48031775e-03,  1.21398087e-01,  3.72210764e-02],
       [ 7.06841588e-03,  5.38154112e-02, -4.07245584e-02,  8.15150480e-02,  6.30049674e-02],
       [ 3.32128005e-02,  2.25744365e-02,  1.64836387e-06,  7.02844185e-02,  6.79522158e-02],
       [ 1.43214892e-02,  1.02300255e-01,  8.25107445e-02,  6.13331080e-02,  3.52961711e-02],
       [-2.64173480e-02,  7.28848222e-02,  6.45638794e-03,  1.31998870e-01,  4.64273673e-02],
       [ 7.76176429e-02,  3.66891100e-02,  1.42720721e-02,  2.33501537e-02,  4.83083528e-02],
       [-4.87452453e-02,  3.98841309e-02, -9.82625255e-02, -5.64598405e-02, -5.10686398e-02],
       [ 4.82188577e-02, -5.05094564e-02,  7.00697520e-02, -1.15656435e-02,  5.53669929e-02],
       [ 4.39886828e-03, -3.05102857e-02,  7.66568520e-02, -4.90178111e-02,  6.46999158e-02],
       [-9.51385228e-02,  4.43428176e-02, -9.31432551e-02,  2.14721686e-02, -6.24505784e-02],
       [ 8.47919453e-03, -8.98942988e-02,  4.98489698e-02,  7.62908833e-02,  4.12715217e-02],
       [ 5.37646901e-02, -2.61629446e-02,  2.57840578e-02, -2.12141144e-02,  6.34844486e-02],
       [ 7.63883022e-02, -5.96783852e-02,  6.92132320e-02, -3.75015647e-02,  6.32651061e-02],
       [ 4.09069268e-02,  6.54928160e-02,  1.18155797e-01,  1.15997638e-02,  3.62151490e-02],
       [ 5.36330005e-03,  1.99542848e-02,  6.41918547e-02,  7.43333997e-02,  5.24881300e-02],
       [ 5.25647882e-02,  2.85282123e-02, -2.56068889e-02,  8.29849651e-02,  4.68755334e-02],
       [-4.57858016e-02, -2.30144276e-02,  5.63217695e-02, -1.97525730e-02, -4.80370205e-02],
       [-5.83165183e-03, -5.56827498e-02,  7.63507375e-02,  9.39344389e-03, -5.90706368e-02],
       [ 8.45807112e-02,  4.01559622e-02, -5.46779125e-02,  1.62669084e-02,  5.44898486e-02],
       [-1.02737216e-02,  2.59328740e-02,  4.75536677e-02, -8.59520104e-02, -3.53509139e-02],
       [-4.26378722e-02, -4.85606076e-02,  9.79549382e-02, -1.69757620e-02, -4.95062132e-02],
       [-7.45820083e-02, -2.73363957e-02,  8.41157035e-02, -2.58725219e-03, -5.81529589e-02],
       [-3.75178360e-02, -9.27062556e-02, -3.00588970e-02, -2.53286288e-02, -3.12768324e-02],
       [-6.57225775e-03, -6.85556526e-02,  5.17262847e-02, -7.99594812e-02, -4.13703201e-02],
       [ 2.39386340e-02, -6.51204365e-02,  2.53895994e-02,  6.20055311e-02,  5.87442071e-02],
       [-3.37328831e-02, -4.50241824e-02,  2.32090299e-02,  3.28653795e-02,  6.89957594e-02],
       [-6.10680614e-02,  5.51870519e-02, -4.01092820e-02, -5.90366274e-02, -6.24711914e-02],
       [-7.89373311e-03, -8.34159111e-02,  9.56353133e-03,  1.09933682e-01,  3.72049006e-02],
       [ 1.85549365e-02, -3.31738813e-02, -2.51252762e-02,  5.51966842e-02,  5.85336278e-02],
       [ 4.75709514e-02, -7.71433005e-02,  1.41937718e-02,  4.55983299e-02,  6.71025560e-02],
       [ 2.62296135e-02,  6.18353997e-02,  9.93560606e-02,  5.88888818e-02,  3.82436854e-02],
       [-1.66558251e-02,  1.22918594e-02,  1.59836906e-02,  1.19578802e-01,  4.69174438e-02],
       [ 4.00424568e-02,  5.40198853e-02,  2.36096914e-02,  6.17095467e-02, -6.85409704e-02],
       [ 5.78913504e-02, -7.01593630e-02, -3.68549356e-03, -3.07887923e-02,  6.70438950e-02],
       [ 1.56219130e-02,  9.86315407e-02,  1.50107933e-02, -7.39325755e-02, -4.14090800e-02],
       [-1.03394561e-02,  4.57957293e-02,  6.86624890e-02,  2.69074625e-02, -6.25475728e-02],
       [-3.64689842e-02,  8.48062467e-02,  3.24155083e-02,  4.80630182e-02, -6.71552106e-02],
       [-2.24558341e-02, -6.26750426e-02, -8.04367862e-02, -8.45931171e-03, -4.21717948e-02],
       [ 2.85001270e-02, -5.16966869e-03,  1.71291208e-02, -7.48934152e-02, -5.60272305e-02],
       [ 3.31243223e-03, -4.53484068e-02, -1.11872264e-02, -8.08860294e-02,  7.83838293e-02],
       [ 6.75021955e-02,  1.03940882e-01,  2.40290295e-02, -6.14448974e-02, -5.22166084e-02],
       [ 4.84477942e-02,  2.00668524e-02,  8.51936408e-02,  7.07177993e-02, -7.19106263e-02],
       [ 2.38166803e-02,  6.38860227e-02,  4.32180562e-02,  9.81529862e-02, -7.76478226e-02],
       [ 1.37180000e-02, -9.69690589e-02, -8.70385096e-02,  1.78792178e-02, -4.88378539e-02],
       [ 8.18215451e-02, -3.40219932e-02,  2.34832964e-02, -4.98547883e-02, -6.13687670e-02],
       [ 1.09657168e-02, -1.14785325e-01, -7.41603209e-03,  8.37555596e-02,  5.07002218e-02],
       [ 5.71470804e-02, -3.61544935e-02, -6.46964007e-02, -4.04117883e-02,  7.11355416e-02],
       [ 9.23066379e-02, -8.16933668e-02, -1.98206892e-02, -6.51818535e-02,  7.62963569e-02],
       [ 5.93538524e-02,  8.20473906e-02,  1.01659826e-01,  4.02447085e-03,  4.80094028e-02],
       [ 7.13247292e-03,  1.79642273e-02, -5.60919269e-03,  7.80897772e-02,  6.37765430e-02],
       [ 2.46474271e-02,  9.02245946e-02,  6.04760998e-02, -7.80167227e-02, -4.69031255e-02],
       [ 9.61551007e-03,  1.13620200e-01,  2.64105299e-02, -6.96205541e-02, -4.68245929e-02],
       [ 1.89635831e-03, -6.80735017e-03, -5.37084367e-02, -6.46913865e-02, -2.96280245e-02],
       [ 3.81935243e-02,  3.91627907e-02,  1.64848331e-02, -1.12357032e-01, -3.53121436e-02],
       [-3.26542491e-02,  5.24803042e-02,  9.48787767e-02,  5.56151791e-02, -7.06742566e-02],
       [-2.28903055e-02, -9.02333768e-02, -4.69638233e-02, -3.51453270e-03, -4.50397214e-02],
       [ 3.40034628e-02, -3.27749102e-02,  6.28422270e-02, -6.82024163e-02, -5.50362097e-02],
       [-4.39694219e-02, -7.12405460e-02, -8.14436271e-02,  8.23871479e-03, -4.84770487e-02],
       [ 1.52625591e-02, -4.21545434e-03,  3.47628945e-02, -6.23733731e-02, -6.39080429e-02],
       [ 6.57478219e-03, -8.96668995e-02, -6.29368977e-02, -5.66334906e-02, -3.40842738e-02]])})
2026-01-20 11:01:41,403 - final_problem_set.kxor_instance_n25_k2_m227_ell2_eps0.15_kappa0.875_rho1.0 - INFO - Running key extraction (n=25, m=227, ell=2, phase_qubits=13)
2026-01-20 11:01:41,407 - final_problem_set.kxor_instance_n25_k2_m227_ell2_eps0.15_kappa0.875_rho1.0 - INFO - Built voting matrix V (n=25, ell=2, dtype=complex128) in 0.004s
2026-01-20 11:01:41,408 - final_problem_set.kxor_instance_n25_k2_m227_ell2_eps0.15_kappa0.875_rho1.0 - INFO - Eval: adv=1.0000, hamming=0/25 (0.000), corr=1.000
2026-01-20 11:01:41,408 - final_problem_set.kxor_instance_n25_k2_m227_ell2_eps0.15_kappa0.875_rho1.0 - INFO - Key extraction complete: x_hat=4
2026-01-20 11:01:41,408 - final_problem_set.kxor_instance_n25_k2_m227_ell2_eps0.15_kappa0.875_rho1.0 - INFO - Finished step 'KeyExtractionStep' in 0.005s (success: True, problem=kxor_instance_n25_k2_m227_ell2_eps0.15_kappa0.875_rho1.0)
2026-01-20 11:01:41,408 - final_problem_set.kxor_instance_n25_k2_m227_ell2_eps0.15_kappa0.875_rho1.0 - INFO - SUCCESS: len(z_hat)=25
2026-01-20 11:01:41,408 - final_problem_set.kxor_instance_n25_k2_m227_ell2_eps0.15_kappa0.875_rho1.0 - INFO - Metrics: adv=1.0, ham_frac=0.0, corr=1.0
2026-01-20 11:01:41,408 - final_problem_set.kxor_instance_n25_k2_m227_ell2_eps0.15_kappa0.875_rho1.0 - INFO - z_hat (full): [-1,  1,  1, -1, -1,  1,  1, -1,  1, -1, -1, -1,  1, -1, -1,  1, -1,  1,  1, -1,  1,  1,  1,  1,  1]
