2026-01-20 11:01:06,825 - final_problem_set.kxor_instance_n21_k2_m196_ell2_eps0.25_kappa0.875_rho1.0 - INFO - Starting iteration for /Users/julian/CodingProjects/UniT3/QuarticSpeedupK-XOR/z_Daphne/data/final_problem_set/kxor_instance_n21_k2_m196_ell2_eps0.25_kappa0.875_rho1.0.npz
2026-01-20 11:01:06,825 - final_problem_set.kxor_instance_n21_k2_m196_ell2_eps0.25_kappa0.875_rho1.0 - INFO - Loaded instance (n=21, m=196, k=2)
2026-01-20 11:01:06,825 - final_problem_set.kxor_instance_n21_k2_m196_ell2_eps0.25_kappa0.875_rho1.0 - INFO - Starting step 'ComputeKikuchiStep' (version 0.1) on problem kxor_instance_n21_k2_m196_ell2_eps0.25_kappa0.875_rho1.0 (fields={'ell': 2, 'threshold': 0.0})
2026-01-20 11:01:06,852 - final_problem_set.kxor_instance_n21_k2_m196_ell2_eps0.25_kappa0.875_rho1.0 - INFO - Finished step 'ComputeKikuchiStep' in 0.026s (success: True, problem=kxor_instance_n21_k2_m196_ell2_eps0.25_kappa0.875_rho1.0)
2026-01-20 11:01:06,852 - final_problem_set.kxor_instance_n21_k2_m196_ell2_eps0.25_kappa0.875_rho1.0 - INFO - Starting step 'ClassicalEigenvaluesStep' (version 0.1) on problem kxor_instance_n21_k2_m196_ell2_eps0.25_kappa0.875_rho1.0 (fields={'ell': 2, 'threshold': 0.0, 'kikuchi_matrix': <Dictionary Of Keys sparse matrix of dtype 'int64'
	with 4712 stored elements and shape (210, 210)>, 'num_eigenvalues': 5})
2026-01-20 11:01:06,931 - final_problem_set.kxor_instance_n21_k2_m196_ell2_eps0.25_kappa0.875_rho1.0 - INFO - Finished step 'ClassicalEigenvaluesStep' in 0.079s (success: True, problem=kxor_instance_n21_k2_m196_ell2_eps0.25_kappa0.875_rho1.0)
2026-01-20 11:01:06,931 - final_problem_set.kxor_instance_n21_k2_m196_ell2_eps0.25_kappa0.875_rho1.0 - INFO - Starting step 'KeyExtractionStep' (version 0.1) on problem kxor_instance_n21_k2_m196_ell2_eps0.25_kappa0.875_rho1.0 (fields={'ell': 2, 'threshold': 0.0, 'kikuchi_matrix': <Dictionary Of Keys sparse matrix of dtype 'int64'
	with 4712 stored elements and shape (210, 210)>, 'num_eigenvalues': 5, 'eigenvalues': array([12.91630334, 13.27025923, 13.87613274, 14.53115827, 23.27174166]), 'eigenvectors': array([[ 2.13324792e-02,  3.60740693e-02,  6.34776912e-02,  2.23528864e-03,  7.37657563e-02],
       [ 3.00189008e-02, -2.92661413e-02, -7.01708307e-02, -1.36568934e-02, -7.41054442e-02],
       [-8.69269092e-02,  5.21830438e-02,  6.09683816e-02, -2.75153721e-02,  5.51725376e-02],
       [-1.37324810e-02,  4.22723674e-02,  1.17043190e-01,  2.15995687e-02,  7.61621351e-02],
       [ 2.59077987e-02,  9.76054838e-02,  1.38182630e-02,  6.18152777e-02,  6.56295011e-02],
       [ 5.48023800e-02,  6.65312934e-03, -3.44256997e-02,  2.39147957e-02, -6.55373323e-02],
       [ 5.82404755e-02,  4.57561680e-02,  1.17977252e-01,  2.02125987e-02,  6.92617270e-02],
       [ 2.65011518e-02,  5.32273802e-02, -1.12775980e-01, -8.05453968e-02, -5.85427512e-02],
       [-7.44191892e-02,  7.84521303e-03, -1.40473962e-01, -3.40618463e-02, -4.33239937e-02],
       [ 5.35653123e-02, -5.22501661e-02,  8.81607209e-02,  2.32444889e-02,  7.12625962e-02],
       [ 2.09372827e-02,  2.92965438e-02, -1.28077735e-01, -2.09418691e-02, -7.55813175e-02],
       [ 5.96177398e-03, -7.30299194e-02, -1.02547499e-01, -7.69709965e-02, -5.74628693e-02],
       [-4.65747133e-02, -5.82858327e-02, -3.88097266e-02, -1.66568296e-02, -6.79270075e-02],
       [ 2.58183604e-02,  4.03623343e-03, -4.44407827e-03, -1.26071390e-01, -3.10901211e-02],
       [ 3.77667605e-02,  1.70574081e-02, -1.15635763e-01, -2.86327995e-02, -7.15775192e-02],
       [-1.55102352e-02, -1.20628775e-01,  2.13275112e-02,  4.78064371e-02,  5.59398862e-02],
       [ 1.01623721e-02,  3.46589323e-03, -9.12878149e-02, -7.99618428e-03, -7.85331449e-02],
       [ 7.79700525e-02, -7.79402020e-03, -4.95698149e-02,  8.12419073e-02,  4.30714612e-02],
       [-5.38166614e-02,  3.51457605e-02,  6.19236630e-02,  1.01089862e-01,  4.88126279e-02],
       [-8.42008546e-02, -9.98141168e-03, -8.23191680e-02, -3.30931222e-02, -7.81908828e-02],
       [ 1.61828935e-02, -4.86727629e-02,  6.38698442e-02,  7.79724544e-02, -8.77217017e-02],
       [-8.87714606e-02,  7.09461830e-02, -3.53169481e-02, -1.01204612e-01,  6.47763220e-02],
       [ 2.30138624e-03,  7.02556820e-02, -1.01922754e-02, -7.99305804e-02,  9.75949357e-02],
       [ 4.07086443e-02,  1.27561813e-01, -1.08903537e-01, -5.99590877e-03,  7.72610883e-02],
       [ 4.55161188e-02, -3.31974327e-04,  8.78867055e-02,  1.11270683e-01, -7.64168042e-02],
       [ 9.80856021e-02,  7.59242275e-02,  8.90134146e-03, -7.43199277e-02,  8.94374713e-02],
       [ 2.25392733e-02,  5.77329121e-02, -2.33166544e-02, -2.62797702e-02, -7.76154736e-02],
       [-1.22920954e-01, -1.99528374e-03, -1.09439395e-01,  1.63894594e-02, -6.17531426e-02],
       [ 9.09410331e-02, -5.74300008e-02, -3.63107127e-02, -7.19234021e-02,  9.11009073e-02],
       [ 5.77542954e-03,  2.51483431e-02, -3.82856733e-03,  8.19738623e-02, -9.80481058e-02],
       [-4.85986097e-03, -1.22926681e-01, -2.34176851e-02, -3.15839761e-02, -8.01907555e-02],
       [-6.80660769e-02, -7.81467649e-02,  8.38656559e-02,  6.55658267e-02, -7.94739169e-02],
       [ 3.34855189e-02, -5.11632925e-03,  5.27388536e-02, -1.37097688e-01, -4.47197603e-02],
       [ 3.39719517e-02,  7.09079351e-03,  3.42701772e-03,  6.36337457e-02, -9.33504112e-02],
       [-7.26970547e-03, -1.45394054e-01, -9.38982214e-02, -1.62768516e-02,  7.13430038e-02],
       [-8.59387453e-03, -8.14005547e-03,  5.40904132e-02,  1.03593253e-01, -9.95208120e-02],
       [ 9.64563890e-02, -5.41685672e-03, -1.42625676e-01,  5.00598386e-02,  4.99950272e-02],
       [-7.10451586e-02,  6.51898411e-02, -1.71275789e-02,  7.79025274e-02,  6.89287149e-02],
       [-1.14498288e-01, -2.61083871e-02,  5.60077348e-02,  6.48221296e-02, -9.28506944e-02],
       [ 1.20800930e-01, -6.04614367e-02,  2.81681512e-02,  8.26464070e-02, -6.06738752e-02],
       [ 6.11749912e-02, -5.73704415e-02,  5.17009419e-04,  5.62114868e-02, -9.14020907e-02],
       [ 7.11191582e-03, -1.09819336e-01,  9.56195600e-02, -6.50584140e-03, -7.17022573e-02],
       [-8.90721686e-02, -2.53479414e-03, -7.41221937e-02, -8.86254348e-02,  7.14934431e-02],
       [-3.25895656e-02, -6.25715955e-02, -1.59596050e-02,  5.25227681e-02, -8.39039024e-02],
       [-7.03832041e-02, -5.84609092e-02,  2.84983096e-02,  3.69458807e-02,  7.17990407e-02],
       [ 7.25085114e-02, -4.13092558e-03,  1.07174716e-01, -3.37445553e-03,  5.73275054e-02],
       [-2.63533826e-02,  5.72705067e-02,  2.56062491e-02,  4.93166949e-02, -8.57891063e-02],
       [-6.86465707e-02, -2.84926300e-02,  1.38718154e-02, -5.67862487e-02,  9.10088954e-02],
       [-4.10011758e-02,  9.45235812e-02,  2.75938763e-02,  4.00665894e-02,  6.93500391e-02],
       [ 1.56064137e-02,  7.43013148e-02, -8.19777785e-02, -5.24522787e-02,  8.00876918e-02],
       [-5.60427944e-02,  7.22158759e-04, -4.44364994e-02,  1.32944225e-01,  4.10540770e-02],
       [-1.01742394e-01, -1.48701037e-02,  7.25867476e-03, -4.68831949e-02,  9.31437841e-02],
       [ 4.67249384e-02,  1.27723241e-01,  7.19731673e-02, -8.29520923e-04, -6.14889341e-02],
       [-5.76295786e-02,  2.61900624e-03, -4.00154869e-02, -7.65549196e-02,  9.32506932e-02],
       [-6.49285613e-02,  4.84139439e-03,  1.39267518e-01, -5.34178121e-02, -5.08338011e-02],
       [ 9.81611153e-02, -4.69001853e-02,  7.06842796e-03, -7.94863622e-02, -5.92986426e-02],
       [ 4.60855484e-02,  1.80878925e-02, -4.46468822e-02, -4.27864831e-02,  8.65721802e-02],
       [-1.24996369e-01,  8.00317263e-02,  9.53064417e-03, -8.71930002e-02,  6.72482758e-02],
       [-7.58019314e-02,  1.23737700e-01, -6.97542518e-02, -3.35868016e-02,  5.79737931e-02],
       [ 1.24044022e-01, -2.54260837e-02,  4.51658082e-02,  9.81124272e-02, -5.25663965e-02],
       [-5.11968760e-02,  8.96342476e-02,  2.45724947e-02, -9.07757524e-02,  6.73383695e-02],
       [ 1.15162807e-01,  1.70874077e-02, -2.88694660e-02,  7.99510735e-03, -5.31254904e-02],
       [-5.48305730e-03, -1.95136577e-02, -8.71614626e-02,  3.34305848e-02, -4.33758149e-02],
       [-5.76328826e-02, -1.32533863e-02, -9.42642313e-03, -8.86238148e-02,  6.88568173e-02],
       [ 1.30267553e-01, -1.71458555e-02, -1.94584902e-02,  8.92587940e-02, -6.77402614e-02],
       [ 8.84594213e-02, -9.68573406e-02, -2.63993316e-02,  5.62222356e-03, -5.19200785e-02],
       [ 5.35639232e-02, -7.66388702e-02,  4.42685874e-02,  7.18574648e-02, -5.55678245e-02],
       [ 7.96073786e-02, -1.67660392e-02,  3.07685862e-02, -8.00599577e-02, -3.12125855e-02],
       [ 1.40518173e-01, -2.60255354e-02, -1.29204067e-02,  7.57700912e-02, -6.43180594e-02],
       [-9.59959925e-02, -7.81244170e-02, -5.28539975e-02, -3.41333151e-02,  4.96966384e-02],
       [ 1.24317603e-01, -4.03305437e-02,  1.83123271e-02,  1.04013370e-01, -6.89608035e-02],
       [ 3.05232413e-03,  1.48897371e-02, -9.98027465e-02,  1.53203970e-02,  3.88338485e-02],
       [-1.37014909e-01,  6.60294208e-02, -1.68914061e-03,  3.12264246e-02,  4.75611281e-02],
       [ 4.19590706e-02, -5.19880615e-02,  2.65291230e-02,  8.42309061e-02, -6.98895262e-02],
       [ 6.17333402e-03,  1.39796959e-01, -5.89773449e-02,  1.53953501e-02,  8.03252864e-02],
       [ 8.64346613e-02, -6.61256005e-03,  3.54069892e-02,  9.43716930e-02, -8.00929021e-02],
       [ 5.54208654e-02,  8.68149391e-02,  7.57837152e-02, -5.09009096e-02,  9.31381347e-02],
       [ 5.61117876e-02,  5.09943265e-02, -7.28259868e-02, -4.60936953e-02, -7.37795541e-02],
       [-9.02005513e-02, -3.57644540e-03, -1.45810364e-01, -2.71173247e-03, -5.84753336e-02],
       [ 5.44218496e-02, -5.70226778e-02,  3.20804535e-02, -5.40170626e-02,  1.02436431e-01],
       [ 5.65943690e-02,  1.70940144e-02, -7.66878315e-02,  5.68025625e-02, -1.01211060e-01],
       [ 3.62969835e-02, -1.33800119e-01, -8.19385919e-02, -5.38672984e-02, -8.20333625e-02],
       [-3.36965767e-02, -8.94218588e-02,  3.14108455e-02,  4.59970922e-02, -8.31780759e-02],
       [ 5.42501417e-02, -9.31150082e-03,  2.41709194e-02, -1.52921886e-01, -4.58786871e-02],
       [ 8.18587465e-02, -6.08028993e-04, -6.61918790e-02,  4.00330747e-02, -9.66417864e-02],
       [-4.35286946e-02, -1.45172120e-01, -4.37875925e-02,  4.07386296e-03,  7.46644924e-02],
       [ 4.32661208e-02, -1.80938469e-02, -2.02109364e-02,  7.83648285e-02, -1.03790084e-01],
       [ 8.48679592e-02,  1.16152098e-03, -1.21002015e-01,  6.52084225e-02,  5.74598057e-02],
       [-9.71942728e-02,  6.58690604e-02,  2.76243373e-02,  9.49070519e-02,  6.52641722e-02],
       [-7.27989244e-02, -3.51242420e-02, -9.88797411e-03,  3.94712700e-02, -9.71976473e-02],
       [ 3.38272344e-02, -6.48620540e-02,  1.09447013e-01,  2.83522892e-02, -6.39516206e-02],
       [ 8.21912681e-02,  1.34090962e-01, -3.95324574e-02,  1.33427978e-02,  7.38640445e-02],
       [ 1.21979289e-02, -1.55784166e-02,  2.00254016e-02, -7.99546577e-02, -6.35766754e-02],
       [-1.03682652e-01, -5.18661786e-02, -5.67722132e-02, -3.67993588e-02, -5.10842903e-02],
       [ 8.84136695e-02,  3.25570260e-02, -8.31595120e-02,  1.74968862e-02,  8.17808354e-02],
       [ 7.11629387e-04, -6.87342648e-02,  5.07917887e-02, -1.39826136e-02, -8.80055884e-02],
       [-6.61845285e-03, -1.42370256e-01,  1.71459577e-02, -7.59055630e-02, -6.02836585e-02],
       [-5.61657800e-02, -1.25064331e-01,  1.05939545e-01, -9.00455802e-03, -6.47962907e-02],
       [ 2.30975772e-02, -2.52599722e-02,  5.14274737e-02, -1.28762238e-01, -3.25265298e-02],
       [ 2.63540914e-02, -7.94543841e-02,  5.55655982e-02, -2.44434641e-02, -8.33937609e-02],
       [-2.18630919e-03, -5.77039261e-02, -1.10615395e-01,  4.34181353e-02,  5.91817253e-02],
       [-1.09375599e-02, -9.43682693e-02,  9.60099637e-02, -1.05062257e-04, -8.28825501e-02],
       [ 7.95767192e-02,  3.00563738e-02, -1.32342458e-01,  7.06140384e-02,  4.06706621e-02],
       [-4.79349414e-02,  9.13275929e-02, -3.83713277e-02,  1.01100313e-01,  5.19846524e-02],
       [-9.36140833e-02, -9.72353300e-02,  9.17529987e-02, -2.29365257e-02, -7.61733019e-02],
       [-1.02261803e-04, -1.98056643e-02,  1.79147488e-02,  9.76034679e-02, -7.96300431e-02],
       [-8.99128048e-02, -8.24821103e-02, -1.32523137e-03, -1.12454844e-03,  6.26988529e-02],
       [ 4.40180465e-02, -2.91255823e-02,  7.38842176e-02, -3.25630629e-02,  5.14003469e-02],
       [ 8.35681802e-03,  8.72179666e-02,  5.40090652e-02,  8.60287498e-02, -7.48663743e-02],
       [-9.24636052e-02, -6.56173874e-02, -2.37618378e-02, -9.56742949e-02,  8.00131706e-02],
       [-6.90301574e-02,  6.02142003e-02, -1.24979082e-03,  2.22363701e-03,  6.64390311e-02],
       [-1.41016250e-02,  2.39616217e-02, -9.00727205e-02, -7.69080031e-02,  6.56189017e-02],
       [-6.76597682e-02, -1.54787973e-02, -5.39866554e-02,  9.93342007e-02,  3.66798476e-02],
       [-1.10019269e-01, -4.86371434e-02, -2.79969801e-02, -7.95436563e-02,  7.63471149e-02],
       [ 6.09071385e-02,  1.35065777e-01,  8.53252458e-02,  2.85950615e-02, -5.37967858e-02],
       [-8.28857925e-02, -4.08603578e-02, -7.00383875e-02, -1.13229409e-01,  8.10775617e-02],
       [-3.65075465e-02,  2.76897174e-02,  1.40979546e-01, -2.30175096e-02, -4.48566657e-02],
       [ 1.21923644e-01, -1.86959323e-02,  3.27151076e-02, -4.41472323e-02, -5.65478245e-02],
       [ 1.28581965e-02, -2.57121714e-02, -7.89919424e-02, -8.94746922e-02,  8.21093934e-02],
       [-2.31562014e-02,  4.03197895e-02, -8.91344753e-02, -4.53992294e-02, -7.30117956e-02],
       [-1.31480164e-01, -7.75842332e-03, -1.40859774e-01, -3.01948811e-03, -5.30580928e-02],
       [ 1.36926501e-01, -3.64612613e-02,  4.30454867e-02, -4.37771957e-02,  8.69844609e-02],
       [-4.80289505e-02,  3.44939636e-03, -8.97426552e-02,  5.23309277e-02, -9.35760619e-02],
       [-4.01473633e-02, -1.15891457e-01, -8.04867228e-02, -4.70837487e-02, -6.99952787e-02],
       [-1.08688625e-01, -8.96339522e-02,  1.35610120e-02,  4.34621394e-02, -7.63355753e-02],
       [ 4.00952032e-03, -1.10133319e-02,  1.36518769e-02, -1.41829887e-01, -4.22738796e-02],
       [-1.96365718e-02, -1.10257136e-02, -7.84009143e-02,  3.72726681e-02, -8.90537034e-02],
       [ 3.60243748e-02, -1.25227538e-01, -2.57355666e-02,  4.25550035e-03,  6.85970937e-02],
       [-6.45589832e-02, -2.86449796e-02, -3.85091003e-02,  7.27943234e-02, -9.55369778e-02],
       [ 1.34377282e-01,  7.91134813e-03, -9.95768945e-02,  6.14689193e-02,  5.23446729e-02],
       [-2.54446093e-02,  7.34337945e-02,  4.31678135e-02,  9.22701333e-02,  6.52647892e-02],
       [-1.59046594e-01, -4.13429065e-02, -2.66139373e-02,  3.55574385e-02, -8.77658264e-02],
       [ 5.02158875e-02, -5.31718834e-02,  1.15355602e-01,  4.58505960e-02,  4.21029142e-02],
       [-1.12278825e-02,  1.29068276e-01, -4.92010387e-02, -4.50360929e-02, -6.85554414e-02],
       [-6.15766318e-02, -1.14734720e-01,  8.36794720e-02,  4.48050097e-02,  7.31615196e-02],
       [-3.51071540e-02,  5.78041956e-03,  7.14406650e-02,  9.06456973e-02,  5.52764921e-02],
       [ 4.02257912e-03, -2.35912756e-02,  2.68436398e-03,  3.43085107e-02,  6.07148780e-02],
       [-3.76445883e-02, -2.93932099e-02, -7.47906178e-03,  1.26510767e-01,  2.95137926e-02],
       [-7.48732602e-02, -9.76392104e-02,  7.42941320e-02,  5.04889196e-02,  6.92548560e-02],
       [ 3.98771360e-02,  1.53449196e-01,  8.08546275e-03, -5.49552683e-02, -4.90849817e-02],
       [-5.41050610e-02, -9.48604717e-02,  4.70309167e-02,  3.39951710e-02,  7.55637349e-02],
       [-4.95951063e-02,  5.39407696e-02,  6.78498005e-02, -8.92919851e-02, -4.10839286e-02],
       [ 7.57924185e-02,  1.83604016e-02, -3.63629193e-02, -1.10240689e-01, -4.68829885e-02],
       [ 3.55633552e-02, -8.20099252e-02,  3.87163651e-02,  5.68333958e-02,  7.53542655e-02],
       [-1.30030649e-01,  6.18180068e-02, -1.19711494e-01, -4.24432884e-03, -5.44340248e-02],
       [ 8.40533289e-02, -4.73990919e-02,  1.53640763e-01,  2.32658908e-03,  5.79108572e-02],
       [ 6.41766731e-02,  3.43128607e-02,  1.17838315e-01,  4.91385586e-02,  4.39491531e-02],
       [ 1.21841120e-01,  2.03768695e-02,  7.69633252e-02, -1.13838582e-03,  5.20725866e-02],
       [ 2.06893674e-02, -1.29207854e-02,  3.08333521e-02,  1.00073981e-01,  2.61644991e-02],
       [ 6.60026031e-02, -4.34638336e-02,  1.54500229e-01,  8.13343049e-03,  5.98203097e-02],
       [-5.81660501e-02,  1.11280054e-01, -5.59177173e-02, -2.63221264e-02, -4.31044633e-02],
       [ 1.01700932e-01, -3.46902103e-02,  1.36369437e-01, -1.34150957e-02,  6.54301671e-02],
       [-1.12826004e-01,  1.97194781e-02,  8.26806302e-03, -5.66887422e-02, -3.33461793e-02],
       [-2.10916472e-02, -1.22751280e-02, -9.13306691e-02, -7.85064850e-02, -4.07649295e-02],
       [ 1.45733569e-01, -1.93990919e-02,  1.13110463e-01,  1.06491065e-02,  5.54395799e-02],
       [-4.04776302e-02,  1.40528110e-01, -4.31898585e-02,  4.96013481e-02, -9.41745156e-02],
       [-4.33937830e-02, -2.01724633e-02, -5.24258919e-02, -5.40755883e-02, -7.74973982e-02],
       [-1.03352835e-01,  1.66437193e-02,  5.09181418e-02,  4.12204187e-02, -7.78360627e-02],
       [ 8.79383591e-03,  4.33962601e-02,  3.35433144e-02, -1.44209490e-01, -4.27473665e-02],
       [-1.24856342e-02,  1.17725500e-01, -3.53684926e-02,  3.41741132e-02, -9.00361477e-02],
       [ 2.19256880e-02, -1.97627955e-01, -5.39932625e-02,  6.76886033e-03,  6.26183292e-02],
       [-5.75168150e-02,  1.12181285e-01,  1.05558392e-02,  6.99766715e-02, -9.66453521e-02],
       [ 1.14783769e-01, -5.36358501e-02, -1.18922029e-01,  6.15646659e-02,  4.83421779e-02],
       [-3.25729175e-02, -2.03778708e-02,  1.07287348e-02,  9.55433565e-02,  6.69899003e-02],
       [-1.53615980e-01,  8.50881595e-02,  1.63924024e-02,  3.34570153e-02, -8.97735801e-02],
       [-4.28162657e-02,  5.29419897e-02,  9.47832344e-02,  5.32396947e-02,  8.30087810e-02],
       [ 2.84090908e-02,  1.08262550e-02, -2.00917500e-02, -5.34562298e-02,  9.04350143e-02],
       [-5.72739918e-02, -3.18278604e-02, -1.73283337e-02,  1.52812285e-01,  4.59649313e-02],
       [-8.92142987e-02, -9.15976014e-02,  8.16986259e-02, -4.09895280e-02,  9.54937015e-02],
       [ 4.34496943e-02,  1.94795548e-01,  3.14167476e-02, -5.11038197e-03, -6.76924369e-02],
       [-5.16188370e-02, -8.23930504e-02,  3.64311695e-02, -8.01722950e-02,  1.03655080e-01],
       [-8.04597701e-02,  5.09218004e-02,  1.13074066e-01, -6.46622729e-02, -5.75167363e-02],
       [ 1.02219471e-01, -8.17174998e-03, -3.65816572e-02, -9.50572510e-02, -6.56774644e-02],
       [ 6.51044499e-02, -5.70315786e-02,  2.46793389e-02, -4.07701829e-02,  9.71626327e-02],
       [ 2.49624230e-02,  1.11827278e-01,  2.24085740e-03,  3.85216838e-02,  6.28127963e-02],
       [-3.03610261e-02,  2.02054134e-02, -9.27943169e-03,  1.31000640e-01,  3.02377397e-02],
       [-5.39682401e-02,  5.94863859e-02,  7.44715276e-02,  5.62838026e-02,  7.30667546e-02],
       [ 2.83141454e-02,  6.16868517e-02,  9.84909378e-03, -6.80929907e-02, -5.62470965e-02],
       [-3.22083300e-02,  8.37111773e-02,  4.98102758e-02,  3.90380028e-02,  8.51601288e-02],
       [-6.53573391e-02, -3.26651408e-02,  7.02147967e-02, -9.46798824e-02, -4.25292747e-02],
       [ 6.24252032e-02, -7.96198071e-02, -3.77528313e-02, -1.14845779e-01, -4.84875840e-02],
       [ 5.24186379e-02,  8.28656636e-02,  3.69817318e-02,  5.90062816e-02,  7.29646400e-02],
       [-1.36605975e-02,  1.65824189e-02, -5.26831569e-02,  1.21475876e-01,  3.72017929e-02],
       [ 1.20945016e-03,  2.51293629e-02, -2.61653569e-02, -3.76990845e-02,  8.52607727e-02],
       [-1.58626047e-02,  9.81007085e-02,  9.48102833e-02, -5.86028262e-04, -6.09216686e-02],
       [ 3.95938330e-02,  3.99023892e-02, -6.79978540e-02, -6.45777441e-02,  8.48031650e-02],
       [-9.23512138e-02, -9.34296243e-03,  1.26594229e-01, -4.95554904e-02, -4.21584555e-02],
       [ 3.77162131e-02, -7.47528052e-02,  2.92133379e-02, -7.76377271e-02, -5.87773170e-02],
       [ 1.21560889e-01,  4.95475630e-02, -6.78445573e-02, -3.51969171e-02,  7.87313324e-02],
       [-6.50402225e-02, -2.32972897e-02, -2.07457549e-02,  1.48790527e-01,  4.31251601e-02],
       [ 3.46168766e-02,  5.51965090e-02,  4.09504454e-02, -1.07672548e-01, -2.81192184e-02],
       [-5.41493429e-02, -1.73296050e-02, -4.37164243e-02,  1.49292587e-01,  4.72257148e-02],
       [-1.35876703e-02,  9.82654900e-03,  5.68895642e-02, -9.64282135e-02, -2.11151722e-02],
       [ 4.88915712e-02, -5.43237275e-03,  1.68149246e-02, -1.24464469e-01, -2.57244303e-02],
       [ 8.03505577e-04, -9.77639256e-03, -4.05638692e-02,  1.51466801e-01,  4.35110234e-02],
       [ 5.90969758e-02,  1.73068500e-01,  3.41536430e-02, -1.29832966e-02, -6.46631456e-02],
       [-7.86640192e-02, -5.97698292e-02,  2.67488857e-02, -6.10764353e-02,  9.86362916e-02],
       [-5.99406405e-02,  3.82944844e-02,  1.11061518e-01, -6.87879175e-02, -5.44587446e-02],
       [ 1.12202139e-01, -1.65476393e-02, -2.90571071e-02, -9.57339010e-02, -6.22837050e-02],
       [ 3.43780448e-02, -3.85794142e-02,  1.69007095e-02, -2.57806263e-02,  9.24755096e-02],
       [ 3.52265752e-02,  1.78416965e-01,  7.12702875e-02,  7.53020906e-03, -6.95321020e-02],
       [ 4.56564750e-02, -8.10236358e-02, -1.09674442e-01,  5.68437652e-02,  3.52477819e-02],
       [-7.46773593e-02, -7.83757941e-02, -3.26474567e-02,  9.17011413e-02,  4.77446285e-02],
       [-3.62412916e-02,  1.52288290e-01,  6.88503278e-02, -1.28135224e-02, -6.48952348e-02],
       [-8.89028738e-02,  3.31431705e-02,  1.49449735e-01, -5.55844994e-02, -5.83881440e-02],
       [ 1.07349767e-01, -2.94695037e-02, -2.01679541e-03, -8.82457292e-02, -7.33460561e-02],
       [ 8.21286719e-02, -2.53505621e-02, -3.12196675e-02, -6.18807729e-02,  9.91061860e-02],
       [ 1.90892510e-02,  5.61412710e-03, -7.10337948e-02,  9.33929435e-02,  3.42336035e-02],
       [-1.25727609e-01,  1.82236778e-02,  1.28597952e-01, -6.65674886e-02, -4.88580955e-02],
       [ 1.68831013e-02, -3.82879575e-02,  9.56923174e-04, -1.04425657e-01, -6.77863463e-02]])})
2026-01-20 11:01:06,933 - final_problem_set.kxor_instance_n21_k2_m196_ell2_eps0.25_kappa0.875_rho1.0 - INFO - Running key extraction (n=21, m=196, ell=2, phase_qubits=13)
2026-01-20 11:01:06,935 - final_problem_set.kxor_instance_n21_k2_m196_ell2_eps0.25_kappa0.875_rho1.0 - INFO - Built voting matrix V (n=21, ell=2, dtype=complex128) in 0.003s
2026-01-20 11:01:06,936 - final_problem_set.kxor_instance_n21_k2_m196_ell2_eps0.25_kappa0.875_rho1.0 - INFO - Eval: adv=1.0000, hamming=0/21 (0.000), corr=1.000
2026-01-20 11:01:06,936 - final_problem_set.kxor_instance_n21_k2_m196_ell2_eps0.25_kappa0.875_rho1.0 - INFO - Key extraction complete: x_hat=17
2026-01-20 11:01:06,936 - final_problem_set.kxor_instance_n21_k2_m196_ell2_eps0.25_kappa0.875_rho1.0 - INFO - Finished step 'KeyExtractionStep' in 0.003s (success: True, problem=kxor_instance_n21_k2_m196_ell2_eps0.25_kappa0.875_rho1.0)
2026-01-20 11:01:06,936 - final_problem_set.kxor_instance_n21_k2_m196_ell2_eps0.25_kappa0.875_rho1.0 - INFO - SUCCESS: len(z_hat)=21
2026-01-20 11:01:06,936 - final_problem_set.kxor_instance_n21_k2_m196_ell2_eps0.25_kappa0.875_rho1.0 - INFO - Metrics: adv=1.0, ham_frac=0.0, corr=1.0
2026-01-20 11:01:06,936 - final_problem_set.kxor_instance_n21_k2_m196_ell2_eps0.25_kappa0.875_rho1.0 - INFO - z_hat (full): [-1, -1,  1, -1, -1, -1,  1, -1,  1,  1, -1,  1,  1,  1,  1,  1, -1,  1, -1, -1,  1]
