2026-01-20 11:01:02,020 - final_problem_set.kxor_instance_n21_k2_m148_ell2_eps0.15_kappa1.0_rho1.0 - INFO - Starting iteration for /Users/julian/CodingProjects/UniT3/QuarticSpeedupK-XOR/z_Daphne/data/final_problem_set/kxor_instance_n21_k2_m148_ell2_eps0.15_kappa1.0_rho1.0.npz
2026-01-20 11:01:02,021 - final_problem_set.kxor_instance_n21_k2_m148_ell2_eps0.15_kappa1.0_rho1.0 - INFO - Loaded instance (n=21, m=148, k=2)
2026-01-20 11:01:02,021 - final_problem_set.kxor_instance_n21_k2_m148_ell2_eps0.15_kappa1.0_rho1.0 - INFO - Starting step 'ComputeKikuchiStep' (version 0.1) on problem kxor_instance_n21_k2_m148_ell2_eps0.15_kappa1.0_rho1.0 (fields={'ell': 2, 'threshold': 0.0})
2026-01-20 11:01:02,042 - final_problem_set.kxor_instance_n21_k2_m148_ell2_eps0.15_kappa1.0_rho1.0 - INFO - Finished step 'ComputeKikuchiStep' in 0.021s (success: True, problem=kxor_instance_n21_k2_m148_ell2_eps0.15_kappa1.0_rho1.0)
2026-01-20 11:01:02,042 - final_problem_set.kxor_instance_n21_k2_m148_ell2_eps0.15_kappa1.0_rho1.0 - INFO - Starting step 'ClassicalEigenvaluesStep' (version 0.1) on problem kxor_instance_n21_k2_m148_ell2_eps0.15_kappa1.0_rho1.0 (fields={'ell': 2, 'threshold': 0.0, 'kikuchi_matrix': <Dictionary Of Keys sparse matrix of dtype 'int64'
	with 3990 stored elements and shape (210, 210)>, 'num_eigenvalues': 5})
2026-01-20 11:01:02,123 - final_problem_set.kxor_instance_n21_k2_m148_ell2_eps0.15_kappa1.0_rho1.0 - INFO - Finished step 'ClassicalEigenvaluesStep' in 0.081s (success: True, problem=kxor_instance_n21_k2_m148_ell2_eps0.15_kappa1.0_rho1.0)
2026-01-20 11:01:02,123 - final_problem_set.kxor_instance_n21_k2_m148_ell2_eps0.15_kappa1.0_rho1.0 - INFO - Starting step 'KeyExtractionStep' (version 0.1) on problem kxor_instance_n21_k2_m148_ell2_eps0.15_kappa1.0_rho1.0 (fields={'ell': 2, 'threshold': 0.0, 'kikuchi_matrix': <Dictionary Of Keys sparse matrix of dtype 'int64'
	with 3990 stored elements and shape (210, 210)>, 'num_eigenvalues': 5, 'eigenvalues': array([11.23032987, 11.3733854 , 11.60740843, 12.03283978, 19.52689072]), 'eigenvectors': array([[-6.28644465e-03, -3.85839954e-03, -1.44395882e-01,  6.45763779e-02,  6.14682211e-02],
       [-9.72721896e-02, -4.17712732e-02,  2.00903106e-02, -1.35698740e-01, -7.44580814e-02],
       [-3.48421892e-02,  6.27194071e-02,  9.31414924e-02,  4.99813068e-03, -6.37452685e-02],
       [ 1.26303520e-01,  5.71289059e-02, -7.74429336e-02,  2.12251087e-02,  6.17610635e-02],
       [ 2.10006936e-03,  2.46282223e-02,  9.94561930e-02, -1.66235399e-01, -7.61245941e-02],
       [-6.10603755e-02,  1.23497621e-01, -8.21156184e-02,  5.62633419e-02,  4.63183571e-02],
       [ 9.12113058e-02, -1.87275600e-02,  5.52971906e-02, -1.03901477e-01, -8.87664821e-02],
       [-1.21085231e-02, -8.08593307e-02, -3.38208801e-02,  1.62387370e-02,  7.20245549e-02],
       [ 3.81360574e-02, -5.85513913e-02, -3.60171537e-02,  1.27887645e-01,  7.34953858e-02],
       [-2.59838186e-02,  3.54040977e-02,  1.51716152e-01, -6.61841337e-02, -7.30952788e-02],
       [-4.59991260e-02, -3.50011604e-02,  6.32874599e-02, -6.35810151e-02, -8.45830727e-02],
       [ 1.04830078e-04, -7.23809524e-03,  2.26094621e-02,  8.99217922e-02,  9.77995538e-02],
       [ 6.91313196e-02,  9.44677431e-02,  1.89887692e-02,  1.32672805e-02,  6.23667787e-02],
       [ 6.09476330e-02,  5.54448436e-02, -3.08850278e-02,  1.30358701e-01,  6.26609005e-02],
       [ 3.00389237e-02,  1.96194188e-02, -2.36801387e-02, -6.72259314e-02, -9.13565090e-02],
       [ 8.51610236e-03,  4.32921989e-02,  1.40786330e-02, -1.52443664e-01, -8.71387265e-02],
       [-1.09849536e-01,  7.48388108e-02, -3.64539315e-02,  2.83784695e-02,  5.75427969e-02],
       [ 3.14717962e-02,  1.55537240e-02, -2.22470485e-02, -1.46462841e-01, -6.18375763e-02],
       [ 8.84875047e-03, -1.56467253e-02, -9.17108775e-02,  9.53328361e-02,  8.46261216e-02],
       [ 5.26724731e-04, -2.78740949e-02,  5.43255111e-02, -1.36071552e-01, -7.28416136e-02],
       [-5.46043846e-02, -2.30406817e-02,  7.71175370e-02, -2.42521069e-02, -6.23007540e-02],
       [-6.70524070e-03,  4.55450342e-02,  1.06020903e-01,  6.90202683e-02, -4.69841128e-02],
       [ 8.11815027e-02,  3.99243450e-02, -1.08502694e-01, -5.52552115e-02,  4.92187036e-02],
       [ 2.38155227e-02,  3.09386976e-02,  1.42688533e-01, -4.44428447e-02, -6.35648260e-02],
       [-5.62149402e-02,  9.21330906e-02, -1.00439765e-01, -4.39637738e-03,  3.79132061e-02],
       [ 8.35580411e-02, -2.95723778e-03,  1.05309572e-01,  2.14186157e-02, -6.64351027e-02],
       [-2.55497834e-02, -6.06529185e-02, -7.07055237e-02, -6.14454439e-02,  5.28360349e-02],
       [ 1.24371561e-02, -6.44114214e-02, -1.00576334e-01,  1.99790858e-02,  6.68451395e-02],
       [ 2.50852688e-03,  3.23238692e-02,  1.72801144e-01,  2.81966799e-02, -5.86975593e-02],
       [-5.66359042e-03, -1.32344758e-02,  1.05796430e-01,  4.63100788e-02, -6.28070541e-02],
       [-2.85261325e-02, -1.75885245e-02, -6.09470503e-02, -4.53251664e-02,  7.96286354e-02],
       [ 3.52275557e-02,  6.91313838e-02, -3.40736802e-02, -6.20154245e-02,  4.97998385e-02],
       [ 3.72571952e-02,  4.28777686e-02, -8.77598734e-02,  3.91034108e-02,  5.72336097e-02],
       [ 5.05066042e-02,  2.65969860e-02,  5.44129149e-02,  5.49998143e-02, -7.43183277e-02],
       [ 3.75629691e-02,  5.56739229e-02,  8.92004976e-02, -2.20211749e-02, -7.84185898e-02],
       [-1.02222816e-01,  5.25768344e-02, -7.32291320e-02, -4.60285943e-02,  4.57565989e-02],
       [ 4.80299842e-02,  2.37846197e-02,  3.70503889e-02, -5.37221463e-02, -5.60483052e-02],
       [-2.06154757e-02, -2.78158640e-02, -1.56605311e-01, -2.83824561e-02,  7.46104903e-02],
       [ 2.37672137e-02, -1.76272320e-02,  1.12897293e-01, -3.13872407e-02, -6.55350656e-02],
       [ 1.03075870e-01, -3.39584994e-02, -1.69862055e-02, -5.22946542e-02,  6.31848901e-02],
       [-1.60710354e-01, -6.88047001e-02,  4.58459290e-03,  2.41608499e-02, -5.55697978e-02],
       [ 9.20651424e-02,  8.86529644e-03, -9.70754853e-03,  1.29926724e-01,  8.46777227e-02],
       [ 1.22911152e-02, -1.58362848e-01,  3.33940200e-02, -3.36043461e-02, -5.13553749e-02],
       [ 5.97590519e-03,  6.32109431e-02,  5.58348403e-02,  3.83039569e-02,  8.86181730e-02],
       [-6.71493560e-02,  4.67927566e-02, -5.19522121e-02,  3.69502752e-02, -7.05662334e-02],
       [-1.20122287e-01,  2.62790787e-02, -4.99479872e-02, -7.62672104e-02, -7.41348317e-02],
       [ 1.16375064e-01, -6.52737197e-03, -7.51075421e-02,  1.83095957e-02,  8.04764100e-02],
       [ 1.16008583e-01,  5.96405025e-02,  3.35639474e-02,  3.33972840e-03,  7.61999666e-02],
       [-9.45094160e-02, -3.42429045e-02, -1.22735936e-01, -1.63919638e-02, -8.69789321e-02],
       [-1.07077301e-01, -1.03756096e-01, -8.02259531e-02,  2.96192313e-02, -5.42010116e-02],
       [-1.20424443e-01, -8.23582040e-02, -3.96515691e-02, -8.92213864e-02, -6.20265024e-02],
       [ 7.03363193e-02,  2.31974855e-02,  1.34252806e-01, -3.36790393e-04,  8.87572604e-02],
       [ 8.80857951e-02, -2.07708465e-03,  9.41156553e-02,  8.81091282e-02,  8.63307731e-02],
       [ 4.70143934e-02, -1.02279960e-01, -3.13467799e-02,  1.36547472e-02, -5.65414326e-02],
       [ 3.28240572e-02,  1.27326193e-02,  9.33690180e-02,  1.03852651e-01,  6.11785310e-02],
       [-1.11613815e-01, -2.46730681e-02, -9.79770950e-03, -3.81263524e-02, -9.23355979e-02],
       [ 7.47534848e-02,  5.85086674e-02,  3.18355886e-02,  8.53757116e-02,  7.31654288e-02],
       [-8.93631340e-02,  3.06766077e-03,  4.58084284e-02,  9.65358252e-02, -4.19366821e-02],
       [ 1.45219206e-02, -9.83167380e-02, -8.73084754e-02, -3.27769770e-02,  6.58947046e-02],
       [ 3.87062882e-02, -6.25037082e-02,  7.44420038e-02,  5.32040559e-02, -3.91891915e-02],
       [-5.12920238e-02, -5.71536904e-02, -4.42694291e-02, -1.07313932e-01,  6.58282263e-02],
       [-5.63617339e-03,  9.56685045e-02,  2.35369804e-02,  1.15047479e-01, -4.76181484e-02],
       [-5.46399690e-02,  1.16984536e-01,  3.58672849e-02,  5.64298833e-02, -6.15382798e-02],
       [ 2.89829064e-02, -8.07103123e-02, -1.06312262e-01, -9.34214792e-02,  5.44785552e-02],
       [ 4.85335510e-02, -4.45511979e-02, -4.77591479e-02, -1.29235590e-01,  6.26698346e-02],
       [-2.23468372e-02,  7.46861636e-02, -3.79351835e-03,  1.22521018e-01, -6.60619189e-02],
       [-6.16556849e-02, -2.44663380e-02, -1.00057982e-02,  1.14436279e-01, -4.51110245e-02],
       [-6.88935186e-02,  8.60353294e-03,  3.43414225e-02,  2.63893652e-02, -5.30374228e-02],
       [ 9.48580941e-04, -7.62495209e-02,  5.19669364e-03, -1.22758224e-01,  6.12283023e-02],
       [ 1.48582532e-02, -1.21296900e-01, -1.34012370e-02, -7.20338307e-02,  7.28742954e-02],
       [ 6.94933185e-02, -1.23986276e-02,  3.06351092e-02,  9.83184786e-02, -4.17577149e-02],
       [-9.62518821e-03, -7.22844910e-02,  1.27446429e-02, -1.34338359e-02,  5.24228849e-02],
       [-2.03521341e-02,  8.04146934e-02,  7.09391107e-02,  1.02686840e-01, -6.28973331e-02],
       [ 1.53106393e-02, -4.00978943e-02, -4.11344476e-02, -4.52269854e-02,  5.72723057e-02],
       [-1.13566705e-01, -2.85937236e-02,  6.93344498e-02,  2.58026835e-03, -6.35653391e-02],
       [ 1.90132462e-02,  1.27677494e-01, -6.39238550e-02, -3.42124605e-02,  3.73918782e-02],
       [-5.35863636e-02, -6.19317725e-02,  2.17058743e-02,  7.16120126e-02, -6.04537918e-02],
       [ 8.52032023e-02, -1.54460120e-02, -1.01696048e-02, -1.10643568e-01,  5.21755109e-02],
       [ 1.43799001e-01, -1.29576923e-03, -1.56790739e-02, -3.33066531e-02,  6.06404293e-02],
       [-1.10081266e-01, -2.04124918e-02,  9.40413636e-02,  6.84701508e-02, -5.38086988e-02],
       [-1.21091340e-01, -6.24827675e-02,  2.69395266e-02,  8.58990753e-02, -5.55569619e-02],
       [ 1.27139664e-01,  5.08524411e-02,  3.50799909e-02, -1.02959346e-01,  7.01218076e-02],
       [ 1.04159390e-01,  8.73927223e-02,  2.03928414e-02, -8.20406967e-02,  4.05738612e-02],
       [ 1.23659930e-01,  7.59889059e-02, -1.66180998e-02, -6.49379221e-03,  4.76026502e-02],
       [-9.78468770e-02, -3.85525472e-02, -3.52952001e-02,  1.06911603e-01, -6.55168379e-02],
       [-1.24348835e-01, -1.83761164e-02, -1.05291627e-02,  4.00068219e-02, -7.15543512e-02],
       [-4.54809554e-03,  8.90385875e-02, -1.58908461e-02, -7.75015819e-02,  4.11871346e-02],
       [-6.83323110e-02, -2.78846197e-02, -2.91598348e-02, -8.14058825e-03, -5.15035426e-02],
       [ 1.17659508e-01,  4.10857127e-02, -4.86018715e-02, -7.20672300e-02,  6.13147181e-02],
       [-1.04263812e-01, -7.06543743e-02,  3.01750164e-02,  1.95148703e-02, -5.95294451e-02],
       [ 8.30974511e-02, -1.16973415e-01,  9.24227742e-02, -5.23619914e-02, -5.28064869e-02],
       [-1.07701923e-01, -2.27125533e-02, -3.97939741e-02,  6.14776398e-02,  8.40513625e-02],
       [ 3.46796731e-02,  1.21351967e-01,  2.42591742e-02,  1.45641641e-02, -7.39557768e-02],
       [-1.87691783e-02,  9.85643316e-02,  2.58290289e-02, -1.04926496e-01, -7.69800400e-02],
       [ 2.31477822e-03, -7.32582944e-02, -1.46187457e-01,  3.86261071e-02,  7.52260949e-02],
       [ 1.81918132e-02, -6.27728528e-03, -4.47157594e-02,  2.70053034e-02,  8.03875315e-02],
       [ 2.88137103e-02,  5.86363433e-02, -3.92207356e-02, -5.26206110e-02, -1.00722186e-01],
       [-5.28346630e-02, -6.92257380e-02, -2.95461272e-02,  1.04350795e-02, -6.50118406e-02],
       [-4.78102414e-02, -3.20332346e-02,  2.37055662e-02, -1.15504523e-01, -6.62429666e-02],
       [-5.93455679e-02, -6.81892851e-02,  3.79092285e-02,  3.07519412e-02,  9.33237451e-02],
       [-3.38678075e-02, -9.02975841e-02,  3.76886909e-05,  1.22039323e-01,  8.97488782e-02],
       [ 1.32219384e-01, -4.90113731e-02,  3.00018048e-02, -5.43422613e-03, -5.87014249e-02],
       [-4.73238015e-02, -4.56088259e-02,  3.31847937e-02,  1.29162709e-01,  6.41040279e-02],
       [ 1.89524609e-02,  5.89262016e-02,  8.29031682e-02, -6.28839242e-02, -8.67968509e-02],
       [-1.93897799e-02, -5.12539702e-03, -4.47402213e-02,  1.13609032e-01,  7.58153573e-02],
       [ 1.14305863e-01, -1.36453085e-01,  5.21840310e-02,  1.57535387e-03, -4.91925449e-02],
       [-7.27272569e-02,  6.12019637e-02, -4.02818662e-02, -4.49984254e-02,  4.41594519e-02],
       [-5.16413733e-02,  8.86282907e-02, -4.80496284e-02,  2.65776671e-02,  5.11164299e-02],
       [ 5.71448626e-02, -1.00911139e-01,  1.27724066e-01,  1.57931369e-02, -4.97203683e-02],
       [ 5.17810831e-02, -1.52092407e-01,  6.19075399e-02,  2.53943099e-02, -5.22813961e-02],
       [-8.92580536e-02,  1.47575112e-01, -1.24472240e-02, -1.93741820e-02,  5.97768854e-02],
       [-1.52971546e-02,  1.32171417e-01, -6.38861120e-03, -3.25591382e-02,  3.50682709e-02],
       [-2.37790813e-02,  1.29792410e-01, -3.82102078e-02,  3.32784705e-02,  3.95805370e-02],
       [ 1.00563426e-01, -1.27835690e-01,  1.07964158e-02,  2.78013064e-02, -5.53759441e-02],
       [ 9.86112212e-02, -1.23604258e-01,  3.12587566e-02, -3.27337969e-02, -6.01862648e-02],
       [-9.66463804e-02,  1.12919267e-01, -3.40778343e-02, -2.24877399e-02,  3.18495563e-02],
       [ 8.50760142e-02, -9.90910929e-02,  2.77228213e-03, -5.32825774e-02, -4.27993064e-02],
       [-7.51716447e-02,  1.27347377e-01, -7.93703365e-02, -6.28446171e-03,  5.16475135e-02],
       [ 7.42808723e-02, -1.43768288e-01,  5.97535455e-02, -3.58277628e-02, -4.98967085e-02],
       [ 9.18550142e-02,  6.96149259e-02, -2.22982371e-02,  8.85383857e-02, -6.81923142e-02],
       [ 6.46793352e-02,  6.20901528e-02, -2.82806438e-02, -2.98271805e-02, -8.72688767e-02],
       [-8.35856101e-02, -3.85352245e-02, -1.12120630e-01, -4.77619229e-02,  8.60143411e-02],
       [-6.87785911e-02,  4.40486428e-02,  9.84006022e-03, -7.19605934e-02,  8.87587635e-02],
       [ 1.12449820e-01, -5.95717348e-03, -9.86475101e-02,  5.45251629e-02, -9.31839892e-02],
       [ 9.50951234e-03, -1.09374071e-01, -7.60082406e-02,  8.29593455e-02, -6.43128157e-02],
       [ 1.88833944e-02, -7.73438439e-02, -2.36246343e-02, -5.76235679e-02, -7.44494120e-02],
       [-1.30731686e-01, -7.44657228e-03,  9.23115505e-02, -6.61012149e-02,  8.61157514e-02],
       [-1.24423494e-01, -3.55198134e-02,  6.55737564e-02,  2.45185742e-02,  9.23067027e-02],
       [ 1.61754473e-01, -7.45123772e-02, -7.12969754e-03,  5.66390073e-02, -5.33968492e-02],
       [-1.06819244e-01, -8.19978145e-03,  7.59837909e-02,  6.66289734e-02,  6.52694941e-02],
       [ 1.06141802e-01,  1.11086179e-02,  2.43325155e-02,  3.41152326e-02, -8.94135850e-02],
       [-9.35088555e-02,  3.85534738e-02,  7.84979150e-03,  3.63450114e-02,  7.94741113e-02],
       [ 9.06913893e-03, -1.22942059e-01,  2.49739318e-02, -3.99458064e-02,  6.30216079e-02],
       [ 7.52917153e-03,  1.03885878e-01,  6.53633400e-02,  9.04051569e-02, -6.31958165e-02],
       [-7.47393451e-03,  6.28064823e-02, -1.56459970e-02,  1.26122323e-01, -7.08838781e-02],
       [-2.65746551e-02, -9.33627702e-02,  7.97921778e-02, -1.12472558e-01,  7.29509834e-02],
       [ 3.37239570e-02,  1.99253143e-02,  5.57751160e-02, -9.95190631e-02,  4.70288040e-02],
       [ 3.73253608e-02, -1.68300824e-02,  2.27845547e-02, -1.10625462e-02,  6.01013722e-02],
       [ 4.58449655e-02,  9.41545912e-02, -7.46428583e-02,  1.14742100e-01, -6.75323515e-02],
       [ 3.55005850e-02,  1.29868852e-01, -5.79821476e-02,  5.35427948e-02, -7.41841572e-02],
       [-1.09973337e-01,  5.36881186e-03,  1.29892390e-02, -9.51272779e-02,  4.71608363e-02],
       [ 5.04315444e-02,  8.86212919e-02, -7.42372285e-02, -4.60670795e-03, -5.81239901e-02],
       [-2.65705621e-02, -1.13079138e-01, -1.31583148e-02, -1.06612777e-01,  7.74137693e-02],
       [ 2.86834267e-02,  5.93336453e-02, -1.86335079e-02,  3.00913696e-02, -6.96251983e-02],
       [-4.65076632e-02,  1.00523157e-01,  8.38823311e-02, -5.86401627e-03, -7.26682279e-02],
       [-7.22596593e-02,  4.57387714e-02, -1.56465466e-02,  1.06157419e-02, -8.19770062e-02],
       [ 2.90023718e-02, -8.44913169e-02,  9.64931096e-02,  8.20838815e-03,  8.57191269e-02],
       [ 8.76079590e-02,  4.01994485e-02,  7.37598988e-02, -3.65287793e-02,  6.01299172e-02],
       [ 7.81793243e-02,  3.33141389e-03,  2.27569004e-02,  8.19041148e-02,  6.15119840e-02],
       [-1.36889281e-03,  8.81891196e-02, -9.23178133e-02,  6.74815667e-03, -7.99922213e-02],
       [-1.92981637e-02,  1.21591801e-01, -6.88048695e-02, -7.92802954e-02, -8.45292455e-02],
       [-9.16791558e-02,  2.34259585e-02,  1.48328812e-02, -1.92616547e-02,  5.60673172e-02],
       [ 1.27677668e-02,  8.10123842e-02, -8.72265929e-02, -1.12547347e-01, -6.63224747e-02],
       [ 3.37528256e-02, -9.10019817e-02, -1.27472135e-02,  2.20067832e-02,  8.18991372e-02],
       [-2.32294427e-02,  4.50311154e-02, -1.97508455e-02, -8.98585961e-02, -7.98445354e-02],
       [ 4.27012588e-02, -2.03623340e-02, -9.98239771e-02, -6.89677683e-02,  7.43477144e-02],
       [-1.00311969e-02,  6.82393378e-02,  4.26772946e-02,  7.47343865e-02, -9.47414885e-02],
       [-6.96921958e-02, -5.48213199e-02,  2.30361858e-02,  8.68350292e-02, -5.96376539e-02],
       [-7.52755061e-02, -2.07233272e-02,  8.51384905e-02, -3.33675086e-02, -6.78764564e-02],
       [-2.15499335e-02, -7.57237590e-02, -3.77321160e-02, -8.50232033e-02,  8.77241654e-02],
       [-1.94211490e-03, -1.13528538e-01, -7.67292178e-02,  5.63938812e-03,  9.33404945e-02],
       [ 9.32226043e-02, -3.60261404e-02,  5.94550467e-02,  6.03451442e-02, -4.99932708e-02],
       [-2.68801339e-02, -6.34950808e-02, -2.41655712e-02,  5.10569243e-02,  6.77905355e-02],
       [-8.92398323e-03,  6.63492425e-02,  1.41492984e-01,  4.65020848e-02, -8.09994625e-02],
       [ 7.62715162e-03, -1.68728554e-02, -9.77502196e-02,  1.94824287e-02,  7.23152187e-02],
       [-2.58966317e-02, -1.50088364e-02, -7.87459718e-02,  9.01547540e-02, -8.82897657e-02],
       [-6.94238129e-02, -9.69284374e-02, -5.41868768e-02,  9.10330378e-02, -5.51400233e-02],
       [-9.12901791e-02, -8.60718198e-02, -9.53326408e-03, -2.39617453e-02, -7.08259940e-02],
       [-1.64175974e-03,  2.54680400e-03,  7.62170253e-02, -9.78987572e-02,  8.23883217e-02],
       [ 1.60228144e-02, -2.21364639e-02,  5.08747579e-02, -1.54082072e-02,  8.87629841e-02],
       [ 8.84046443e-02, -8.11785770e-02, -1.76173511e-03,  7.18355098e-02, -5.12052738e-02],
       [-1.51703575e-02,  2.45921554e-03,  7.20816137e-02,  3.98742824e-02,  6.92532623e-02],
       [-2.85708858e-02, -5.83133790e-03,  3.25804889e-02,  6.77605348e-02, -8.44811780e-02],
       [ 2.19746622e-02,  5.47472075e-02, -1.41278706e-03,  4.84601638e-03,  8.25826044e-02],
       [ 5.69741383e-02,  9.27397761e-02,  1.21213524e-01, -9.54567604e-02,  6.27598949e-02],
       [ 5.81497755e-02,  5.82387218e-02,  7.98022995e-02,  4.13408499e-02,  7.41410414e-02],
       [ 4.48220383e-02,  3.19532205e-02, -1.74155474e-01,  9.09045574e-02, -9.06272259e-02],
       [ 3.12006085e-02,  6.85045953e-02, -1.58915380e-01, -4.49851735e-03, -9.99561382e-02],
       [-1.27202310e-01,  7.09422692e-02,  5.17805783e-02, -7.40591252e-02,  5.84242373e-02],
       [ 5.02291713e-02,  3.00849523e-02, -1.42789959e-01, -6.01100837e-02, -7.17091366e-02],
       [-1.28499659e-02, -3.66265099e-02,  5.55471973e-02, -6.01949219e-02,  9.75175746e-02],
       [ 2.16189202e-02, -1.77839998e-02, -9.28712142e-02, -2.26935533e-02, -9.42277984e-02],
       [ 9.16692900e-02,  1.16704305e-01,  5.99500491e-02, -9.26727106e-03,  5.01925723e-02],
       [-3.69286825e-02, -7.86984584e-02, -1.14990174e-01,  9.74984282e-02, -5.89113750e-02],
       [-5.41582688e-02, -6.78817763e-02, -1.18321501e-01,  4.57462771e-02, -6.97701894e-02],
       [-4.08892261e-02,  1.10722929e-01,  4.26911558e-02, -7.97249639e-02,  4.00406376e-02],
       [-1.82530633e-02, -6.16385052e-02, -1.05341862e-01, -3.22724549e-03, -4.98698274e-02],
       [ 6.44670420e-02,  8.43222331e-02,  4.47847125e-02, -8.87305935e-02,  6.78240121e-02],
       [-4.47322202e-02, -9.70096170e-02, -5.67718859e-02,  2.80735785e-02, -5.51813328e-02],
       [-3.36197693e-02, -4.49263621e-02, -7.70559946e-02, -2.63819553e-02, -6.95094606e-02],
       [-5.42119331e-02, -2.60839454e-02, -6.70563777e-02, -1.10990912e-01, -7.96292988e-02],
       [-5.22873110e-02,  1.00804846e-01,  9.85975566e-03,  3.60432632e-03,  4.72834701e-02],
       [-1.49254073e-02, -3.33600917e-02, -7.30554536e-02, -1.18116166e-01, -5.61762182e-02],
       [ 6.74290813e-02,  4.86847298e-02, -1.54079444e-02,  5.57646086e-02,  7.70267902e-02],
       [-4.46374698e-02, -7.11156829e-02, -1.23647688e-02, -9.08047548e-02, -6.21130340e-02],
       [-5.88128451e-02, -7.58957522e-02,  1.49800134e-01, -1.32554002e-02,  9.30996175e-02],
       [ 1.32778418e-01, -5.72828279e-02, -4.88017997e-02,  7.72424321e-02, -5.41771812e-02],
       [-6.57702196e-02, -3.65626586e-02,  1.34740473e-01,  4.38755417e-02,  6.71582318e-02],
       [ 4.28518505e-02,  4.67004841e-02, -5.36451714e-02,  7.22895082e-02, -9.00840551e-02],
       [-4.81241989e-02,  4.14004931e-03,  8.89322349e-02,  5.58727377e-03,  8.79783207e-02],
       [ 1.50053978e-01, -4.51299314e-02, -4.34870065e-02,  2.56615752e-02, -6.47506962e-02],
       [-5.63967475e-02, -5.87998055e-02,  1.16869384e-01,  1.12360263e-01,  6.93583437e-02],
       [ 2.39956728e-02,  8.16380506e-02, -2.15026162e-02, -2.28244132e-02, -9.65100116e-02],
       [-2.77616082e-02, -1.97374598e-02,  5.08543641e-02,  8.97735295e-02,  8.55829452e-02],
       [ 1.20941430e-01, -4.54335331e-02, -5.02177931e-02, -1.57902976e-02, -4.59565307e-02],
       [-1.31033211e-01,  6.21828267e-02, -2.07400647e-02, -6.60710751e-02,  6.16586051e-02],
       [ 1.05576301e-01, -7.85411431e-02, -5.07632560e-03,  1.29939859e-02, -5.03121362e-02],
       [ 4.78793419e-02,  4.39631327e-02, -5.23978153e-02, -7.51526498e-02, -7.56708611e-02],
       [-4.18182210e-02,  9.86554906e-04,  6.30739998e-02,  1.01611915e-01,  5.95614305e-02],
       [ 1.41734870e-02, -8.13064503e-03,  3.34335707e-02, -4.16636362e-02, -9.08040210e-02]])})
2026-01-20 11:01:02,125 - final_problem_set.kxor_instance_n21_k2_m148_ell2_eps0.15_kappa1.0_rho1.0 - INFO - Running key extraction (n=21, m=148, ell=2, phase_qubits=12)
2026-01-20 11:01:02,128 - final_problem_set.kxor_instance_n21_k2_m148_ell2_eps0.15_kappa1.0_rho1.0 - INFO - Built voting matrix V (n=21, ell=2, dtype=complex128) in 0.003s
2026-01-20 11:01:02,128 - final_problem_set.kxor_instance_n21_k2_m148_ell2_eps0.15_kappa1.0_rho1.0 - INFO - Eval: adv=1.0000, hamming=0/21 (0.000), corr=1.000
2026-01-20 11:01:02,128 - final_problem_set.kxor_instance_n21_k2_m148_ell2_eps0.15_kappa1.0_rho1.0 - INFO - Key extraction complete: x_hat=12
2026-01-20 11:01:02,128 - final_problem_set.kxor_instance_n21_k2_m148_ell2_eps0.15_kappa1.0_rho1.0 - INFO - Finished step 'KeyExtractionStep' in 0.004s (success: True, problem=kxor_instance_n21_k2_m148_ell2_eps0.15_kappa1.0_rho1.0)
2026-01-20 11:01:02,128 - final_problem_set.kxor_instance_n21_k2_m148_ell2_eps0.15_kappa1.0_rho1.0 - INFO - SUCCESS: len(z_hat)=21
2026-01-20 11:01:02,128 - final_problem_set.kxor_instance_n21_k2_m148_ell2_eps0.15_kappa1.0_rho1.0 - INFO - Metrics: adv=1.0, ham_frac=0.0, corr=1.0
2026-01-20 11:01:02,129 - final_problem_set.kxor_instance_n21_k2_m148_ell2_eps0.15_kappa1.0_rho1.0 - INFO - z_hat (full): [ 1,  1, -1, -1,  1, -1,  1, -1,  1,  1, -1, -1,  1,  1,  1, -1, -1,  1, -1,  1, -1]
