2026-01-20 11:01:00,425 - final_problem_set.kxor_instance_n20_k2_m234_ell2_eps0.25_kappa0.75_rho0.6 - INFO - Starting iteration for /Users/julian/CodingProjects/UniT3/QuarticSpeedupK-XOR/z_Daphne/data/final_problem_set/kxor_instance_n20_k2_m234_ell2_eps0.25_kappa0.75_rho0.6.npz
2026-01-20 11:01:00,427 - final_problem_set.kxor_instance_n20_k2_m234_ell2_eps0.25_kappa0.75_rho0.6 - INFO - Loaded instance (n=20, m=234, k=2)
2026-01-20 11:01:00,427 - final_problem_set.kxor_instance_n20_k2_m234_ell2_eps0.25_kappa0.75_rho0.6 - INFO - Starting step 'ComputeKikuchiStep' (version 0.1) on problem kxor_instance_n20_k2_m234_ell2_eps0.25_kappa0.75_rho0.6 (fields={'ell': 2, 'threshold': 0.0})
2026-01-20 11:01:00,458 - final_problem_set.kxor_instance_n20_k2_m234_ell2_eps0.25_kappa0.75_rho0.6 - INFO - Finished step 'ComputeKikuchiStep' in 0.031s (success: True, problem=kxor_instance_n20_k2_m234_ell2_eps0.25_kappa0.75_rho0.6)
2026-01-20 11:01:00,458 - final_problem_set.kxor_instance_n20_k2_m234_ell2_eps0.25_kappa0.75_rho0.6 - INFO - Starting step 'ClassicalEigenvaluesStep' (version 0.1) on problem kxor_instance_n20_k2_m234_ell2_eps0.25_kappa0.75_rho0.6 (fields={'ell': 2, 'threshold': 0.0, 'kikuchi_matrix': <Dictionary Of Keys sparse matrix of dtype 'int64'
	with 4752 stored elements and shape (190, 190)>, 'num_eigenvalues': 5})
2026-01-20 11:01:00,551 - final_problem_set.kxor_instance_n20_k2_m234_ell2_eps0.25_kappa0.75_rho0.6 - INFO - Finished step 'ClassicalEigenvaluesStep' in 0.093s (success: True, problem=kxor_instance_n20_k2_m234_ell2_eps0.25_kappa0.75_rho0.6)
2026-01-20 11:01:00,551 - final_problem_set.kxor_instance_n20_k2_m234_ell2_eps0.25_kappa0.75_rho0.6 - INFO - Starting step 'KeyExtractionStep' (version 0.1) on problem kxor_instance_n20_k2_m234_ell2_eps0.25_kappa0.75_rho0.6 (fields={'ell': 2, 'threshold': 0.0, 'kikuchi_matrix': <Dictionary Of Keys sparse matrix of dtype 'int64'
	with 4752 stored elements and shape (190, 190)>, 'num_eigenvalues': 5, 'eigenvalues': array([11.56260192, 11.96756289, 12.50710299, 12.79933554, 17.43692108]), 'eigenvectors': array([[ 8.13874938e-02,  5.37499165e-02,  2.67397288e-03, -8.33398803e-02,  5.89238441e-02],
       [ 1.15910069e-01, -8.37920630e-02, -6.09983117e-02, -5.86867057e-02,  7.05502885e-02],
       [ 6.74431298e-03,  1.56474035e-03, -1.25119159e-01,  8.14885868e-02,  6.37665710e-04],
       [ 3.28754970e-04, -7.42345317e-02, -5.58454804e-02,  1.38510660e-02,  6.49400652e-02],
       [ 1.52737170e-01, -1.17460224e-01, -2.69444765e-02, -2.24179042e-02,  7.24620835e-02],
       [ 1.84784853e-01, -4.25032869e-02,  6.69954405e-03, -3.27473164e-02,  7.43841683e-02],
       [ 1.01420902e-01, -1.37699808e-01,  1.40076175e-02, -8.23912743e-02,  5.51058643e-02],
       [ 8.29026455e-02,  6.32654179e-02,  4.47889424e-02,  3.77369827e-02,  4.88230308e-02],
       [ 2.60582982e-02, -3.38197653e-02, -3.80046742e-02, -1.37537342e-01,  4.90597455e-02],
       [-4.17951532e-02,  6.82805296e-02, -9.02104409e-02, -5.26981098e-02, -4.00677583e-02],
       [-9.09552066e-02,  9.18128747e-04,  4.77109923e-02, -6.86212800e-03, -6.99946038e-02],
       [ 1.79963320e-01, -1.88587488e-02, -8.38957475e-03, -2.20941783e-02,  6.40104160e-02],
       [ 8.74540375e-02, -5.85001552e-02, -4.90243233e-03, -6.23001562e-02,  6.88767001e-02],
       [ 1.45059783e-01, -5.15701478e-02, -1.75488793e-02, -6.67463055e-02,  8.26691474e-02],
       [-4.23870691e-03,  5.74358006e-02,  7.69490043e-02,  6.96576561e-02, -5.81854432e-02],
       [-1.63618244e-01,  6.64349173e-02,  2.81877733e-02,  7.92280916e-02, -7.40399733e-02],
       [ 1.06406471e-01, -1.01656692e-01, -4.01071935e-02,  4.71594862e-03,  6.78284175e-02],
       [ 1.26167679e-01, -4.87665402e-02,  2.09123484e-02, -7.25822730e-02,  7.39403887e-02],
       [-1.09791539e-01, -4.11827012e-02,  7.92494901e-02,  6.65509433e-02, -4.06933000e-02],
       [ 2.96688040e-02, -1.01504481e-01,  1.35330108e-02,  5.73086790e-02, -7.71602940e-02],
       [-7.07804599e-03, -1.56495156e-02,  1.16710793e-01, -7.73456493e-02, -4.89274136e-03],
       [ 1.20652144e-01, -8.82191660e-02,  1.33212256e-02, -1.41501321e-02, -6.17201852e-02],
       [-7.80762741e-04, -8.09348055e-02, -2.18938866e-02,  2.49262791e-02, -9.98535982e-02],
       [-1.58867953e-02, -1.43558889e-01, -4.90750029e-02,  4.22578415e-02, -7.99506294e-02],
       [ 1.92967914e-02, -1.07143164e-02, -5.99126672e-02,  9.17510335e-02, -6.88875407e-02],
       [ 2.87708704e-02, -1.36815665e-01, -5.06155503e-02, -2.70456160e-02, -3.73099205e-02],
       [ 5.81005998e-02, -7.50137551e-02, -1.26550824e-03,  1.11285218e-01, -4.30912807e-02],
       [-5.35830146e-02,  2.45417187e-02,  9.76399372e-02,  4.50859092e-02,  3.91836362e-02],
       [-5.78439509e-02,  1.53772032e-01, -3.41521057e-03, -1.01345855e-03,  6.37019478e-02],
       [-3.66444510e-02, -1.41909625e-01, -2.52340155e-02,  2.95786278e-02, -6.84374589e-02],
       [ 4.65495246e-02, -1.02508035e-01, -3.69029671e-02,  6.36463632e-02, -7.17458683e-02],
       [ 3.53646749e-02, -1.61973530e-01, -3.30100960e-02,  6.80787628e-02, -8.40475219e-02],
       [-9.19718354e-02,  7.10063843e-02, -3.07139535e-02, -5.30757348e-02,  5.27804097e-02],
       [ 5.01735071e-03,  1.45989371e-01,  2.58991336e-02, -9.57426281e-02,  8.87017057e-02],
       [ 3.83909016e-02, -7.41496826e-02, -5.28173363e-04, -2.64801152e-03, -8.15269430e-02],
       [ 2.95827890e-02, -1.31278766e-01, -6.15379554e-02,  7.46904202e-02, -7.49550750e-02],
       [ 2.42151996e-02,  1.18129562e-01, -4.45100940e-02, -5.44130067e-02,  3.64220093e-02],
       [-2.54644913e-02, -1.03923337e-02,  1.60048436e-01, -1.10977313e-01,  7.43260644e-03],
       [ 1.21364169e-01,  4.54280701e-02,  7.52738788e-02, -5.75420068e-02, -7.29957914e-02],
       [-2.88148216e-02,  1.18169315e-01,  6.92535028e-02, -3.48499684e-02, -1.06710697e-01],
       [-7.43290064e-02,  1.65543346e-02,  2.81056444e-02, -2.41664008e-02, -1.19982640e-01],
       [ 5.44804148e-03,  1.46072858e-01, -4.82697625e-04,  5.76329666e-02, -7.59989101e-02],
       [ 1.67482194e-02, -1.08737259e-01, -3.75722274e-02, -8.50981059e-02, -6.52601179e-02],
       [ 7.46995150e-02,  1.28935414e-02,  5.51577292e-02,  1.34024713e-01, -6.19369206e-02],
       [-4.87760300e-02, -5.88816784e-02,  1.01264424e-01,  9.86159403e-02,  5.25892326e-02],
       [-4.13859677e-02,  3.55640661e-02, -8.20108905e-02,  5.68480642e-02,  9.07186725e-02],
       [-8.91488772e-02, -1.47171391e-02,  4.39077945e-02, -2.83191754e-02, -9.48703904e-02],
       [ 4.57907233e-02,  4.92128537e-02,  3.39229603e-02,  3.38870566e-02, -1.05575517e-01],
       [ 1.02691275e-02,  1.81486903e-02,  5.60601556e-02,  1.74456835e-02, -1.16693179e-01],
       [-1.12746294e-01, -3.60953239e-02, -1.04189512e-01, -4.24977098e-02,  6.99333742e-02],
       [ 3.81321349e-02, -4.72545740e-02, -6.99559463e-02, -4.59602207e-02,  1.10531174e-01],
       [ 1.23149299e-02,  9.74702229e-02,  7.97727096e-02, -6.10797048e-02, -9.46864861e-02],
       [ 1.80659131e-02,  2.68463772e-02, -3.30531728e-05,  4.08119784e-02, -1.14830879e-01],
       [ 5.34934530e-02,  7.78980703e-02, -1.24010967e-01, -5.06008655e-02,  5.87687095e-02],
       [-4.40426533e-02, -1.14317080e-02,  1.15184886e-01, -6.91270991e-02,  5.42913811e-03],
       [-1.84134390e-02, -1.26374365e-02,  1.79621350e-01, -1.12604398e-01,  7.69912295e-03],
       [-1.70237316e-02,  3.45735232e-03,  1.81098201e-01, -1.20953950e-01, -4.32821176e-04],
       [-1.42393093e-02,  1.98072315e-02,  1.17453017e-01, -7.46916441e-02, -3.11598471e-03],
       [-1.00348269e-02, -3.46889167e-03,  8.91429392e-02, -6.46539060e-02, -7.11024352e-04],
       [-6.68463011e-03,  2.44007428e-03,  1.00670492e-01, -5.22494725e-02, -4.69553197e-03],
       [ 9.87844942e-03,  1.99791269e-03, -6.51076740e-02,  5.38162399e-02, -1.64237378e-03],
       [ 2.86964014e-02, -9.05601583e-03, -1.26401177e-01,  7.94046310e-02, -3.07778323e-03],
       [ 2.62606326e-03,  4.55460863e-03,  1.60114877e-01, -1.05067277e-01,  3.68135955e-03],
       [-1.96422276e-02,  2.72258944e-03,  1.50658311e-01, -9.47335085e-02, -3.61183565e-03],
       [-2.76842493e-02, -9.00540283e-03,  1.96784356e-01, -1.29478476e-01, -5.00221998e-03],
       [ 3.31793749e-02,  5.01570051e-03, -1.02103334e-01,  7.38764629e-02, -1.59969814e-03],
       [ 2.98337491e-02, -7.19648024e-03, -1.86977259e-01,  1.17058425e-01,  5.82300268e-03],
       [-3.09302640e-02, -1.42423610e-02,  1.49433123e-01, -9.34526670e-02,  8.72761414e-03],
       [-1.68984016e-02, -7.36620964e-05,  1.60623821e-01, -1.08226658e-01, -8.37028339e-03],
       [-6.53144359e-05, -1.22708447e-02, -8.15378212e-02,  6.04610623e-02, -3.69063198e-04],
       [ 1.02193344e-01,  8.02149735e-02,  4.77026729e-02, -9.67743985e-02, -7.75310403e-02],
       [ 8.34691369e-02,  6.63381687e-03,  1.89663297e-02, -9.87057121e-02, -8.87798314e-02],
       [ 1.16543527e-01,  1.29611348e-01, -3.84265683e-04, -1.30025084e-02, -6.58942325e-02],
       [ 8.19063972e-02, -8.64719397e-02, -2.73017374e-02, -1.00547131e-01, -4.43116529e-02],
       [ 1.26996353e-01,  9.06051787e-03,  3.81604331e-02,  5.29054272e-02, -4.74816584e-02],
       [-8.03609313e-02, -3.44527391e-02,  7.25643330e-02,  9.09649453e-02,  3.33042770e-02],
       [-1.12548025e-01,  2.78079015e-02, -4.67733365e-02,  8.52369210e-02,  5.67298499e-02],
       [ 4.56631430e-02, -2.02033211e-02,  3.74003886e-02, -9.61496762e-02, -7.82896557e-02],
       [ 1.35065822e-01,  3.04769574e-02,  1.89855597e-02, -4.00832391e-02, -6.98881104e-02],
       [ 1.48769403e-01,  8.17815374e-03,  3.81647879e-02, -7.12058739e-02, -8.55871158e-02],
       [-1.54768329e-01, -2.27051765e-02, -7.02955021e-02,  1.26706143e-02,  5.05948582e-02],
       [-1.04936419e-01, -3.41331915e-02, -4.82645339e-02,  4.73627533e-02,  8.24881895e-02],
       [ 1.09607698e-01,  6.51766388e-02,  5.29216727e-02, -9.96346135e-02, -6.70992536e-02],
       [ 1.49709968e-01,  1.67542676e-02, -3.32796584e-03, -4.84423358e-02, -8.54689217e-02],
       [-3.71311606e-02,  6.54859877e-02, -9.71862451e-02,  8.06876602e-03,  4.83559846e-02],
       [-1.21610745e-01,  5.85701041e-02, -3.11150197e-02, -8.18937963e-02, -1.11720646e-01],
       [-2.29067758e-02,  1.83706085e-01, -3.30877711e-02,  2.31781485e-02, -7.63356610e-02],
       [-1.62852873e-02, -8.93753477e-02, -7.29306055e-02, -1.23956396e-01, -6.62848788e-02],
       [ 6.51393574e-02,  4.68188078e-02,  3.62159950e-02,  1.22287391e-01, -7.68416430e-02],
       [-2.64814599e-02, -6.77759302e-02,  1.26524179e-01,  1.20399696e-01,  4.44359816e-02],
       [-7.05958584e-04, -4.07926820e-03, -4.03908279e-02,  1.09737953e-01,  9.30367751e-02],
       [-1.40338884e-01,  2.12043256e-02, -3.05452377e-03, -8.04937797e-02, -9.76983652e-02],
       [ 6.28743054e-03,  8.40285618e-02, -1.61577823e-02, -1.50972892e-02, -1.01633885e-01],
       [-4.08033541e-02,  7.17673219e-02, -3.21632885e-03, -4.53615671e-02, -1.26112839e-01],
       [-1.06664424e-01, -7.81667038e-02, -9.20302943e-02, -1.16840705e-02,  8.59400713e-02],
       [ 9.16718923e-02, -1.00111024e-01, -1.36973481e-02,  1.56965718e-02,  1.14496332e-01],
       [-2.88947110e-02,  1.42264754e-01,  3.84684136e-02, -1.16034909e-01, -9.64219004e-02],
       [-2.88305541e-02,  6.78094403e-02, -5.41823768e-02, -1.51889945e-02, -1.11882635e-01],
       [ 7.88299373e-02,  5.89359471e-02, -1.04710221e-01, -2.53193557e-02,  6.48167462e-02],
       [-5.31610601e-02,  1.03871149e-01, -6.88448127e-02,  3.62536978e-02, -8.01494021e-02],
       [-2.44944891e-02, -1.29013953e-01, -8.66009515e-02, -9.64335925e-02, -5.47512679e-02],
       [ 3.96910251e-02, -2.94463021e-02,  1.38868645e-03,  1.30125347e-01, -7.74726374e-02],
       [-1.53177057e-02, -3.44289726e-02,  1.37503111e-01,  1.11622686e-01,  4.52198812e-02],
       [ 1.79649334e-02,  7.48907296e-02, -1.65869643e-03,  8.19042454e-02,  8.26481200e-02],
       [-1.69429587e-01, -6.40889688e-02, -4.42771778e-02, -6.11994287e-02, -9.45902708e-02],
       [-2.50945712e-02, -8.85472458e-03, -5.52234798e-02,  7.66045932e-04, -9.91246640e-02],
       [-8.25461716e-02, -5.14893479e-02, -5.66423710e-02, -2.29766563e-02, -1.24911505e-01],
       [-7.96944326e-02,  4.58109192e-03, -5.70562375e-02, -1.97997075e-02,  9.61666893e-02],
       [ 1.30863504e-01,  1.83058116e-02,  4.04076449e-02, -4.27997591e-03,  1.13864679e-01],
       [-5.91410522e-02,  5.00638254e-02,  1.54918153e-04, -1.03261725e-01, -9.95242446e-02],
       [-7.79983842e-02, -4.23760611e-02, -1.12276627e-01,  5.53173216e-03, -1.19401627e-01],
       [ 8.07641099e-02,  1.04673434e-01, -7.29213410e-02, -3.81967217e-02,  5.40327978e-02],
       [ 9.57842239e-03, -2.48349147e-02, -8.75180371e-02, -3.34107285e-02, -5.26668758e-02],
       [ 5.30433620e-02,  5.80308404e-02, -3.31002503e-03,  1.17246081e-01, -4.68428954e-02],
       [-3.38317928e-02, -6.70885301e-02,  9.99516310e-02,  5.05558780e-02,  3.38409462e-02],
       [-3.37051837e-02, -5.40511618e-02,  1.13103107e-02,  5.87061939e-03,  6.70033734e-02],
       [-8.74537038e-02,  7.99448382e-02, -5.04183746e-02,  2.62508016e-02, -7.86379189e-02],
       [ 2.84704172e-02,  1.08530042e-01, -4.95586589e-02,  5.90752668e-02, -6.84670476e-02],
       [ 5.44224333e-03,  1.31666997e-01, -6.30479031e-02,  7.33120344e-02, -9.80578317e-02],
       [-8.56131352e-02, -8.67339502e-02, -2.64104381e-02, -5.81497574e-02,  5.38161970e-02],
       [ 3.05802759e-02, -1.35315868e-01,  3.93116673e-02, -7.85592760e-02,  7.99288538e-02],
       [ 1.08547013e-02,  1.57749244e-01, -1.41977411e-02, -2.58987623e-04, -6.97706945e-02],
       [ 2.66329664e-03,  1.03994641e-01, -8.01791412e-02,  7.02304848e-02, -7.68653547e-02],
       [ 4.74867142e-02,  8.91980053e-03, -4.18926267e-02, -6.43577654e-02,  4.41092304e-02],
       [ 6.42869210e-02, -9.61520771e-02, -3.47925039e-02,  2.74276129e-02, -4.27401247e-02],
       [-2.67736413e-02,  1.99664077e-02,  8.03960833e-02,  7.93708545e-02,  2.25049509e-02],
       [-2.70510864e-02,  1.16404303e-01,  3.70726670e-02,  8.74641261e-02,  4.02076051e-02],
       [-3.66683884e-02, -1.25390718e-01, -6.13948398e-02, -8.99558943e-02, -4.82915956e-02],
       [ 2.66992086e-02, -1.01195687e-01, -7.39030240e-02, -5.96919364e-02, -5.32909150e-02],
       [ 1.62313524e-02, -1.51806763e-01, -8.27921484e-02, -9.16546795e-02, -6.21560620e-02],
       [-8.14746638e-02,  8.36477257e-02,  7.45507666e-03,  3.96469051e-02,  4.62765526e-02],
       [ 1.91511037e-02,  1.36391891e-01,  8.02938553e-02,  7.33103978e-02,  6.67181390e-02],
       [ 1.02054241e-02, -7.87984169e-02, -4.97489954e-02, -1.25867618e-01, -5.77109834e-02],
       [ 1.39642263e-02, -1.23393529e-01, -9.37722715e-02, -6.47430508e-02, -5.51821683e-02],
       [ 1.67000945e-02,  1.15626912e-01, -1.00560542e-02,  1.61938250e-02,  3.11646427e-02],
       [-8.05277166e-02, -1.89912011e-02,  7.05847960e-02, -3.32841151e-03,  3.75645741e-02],
       [-9.28852975e-02,  5.08745125e-02, -3.80045041e-02, -7.01668398e-02,  5.60875498e-02],
       [ 1.05988081e-02, -4.40662076e-02,  1.66508109e-02,  1.10509589e-01, -6.66269748e-02],
       [ 8.58281748e-02, -3.62500949e-03,  9.99853528e-03,  1.26122941e-01, -5.92634095e-02],
       [ 9.09405799e-02, -2.42569372e-02,  2.21106687e-02,  1.58101863e-01, -7.19165258e-02],
       [-1.03760122e-01, -6.53658558e-03, -5.33249206e-02, -9.57285913e-02,  4.02849008e-02],
       [-5.71385074e-02,  1.09380883e-02, -3.38014771e-02, -1.77483914e-01,  7.23229072e-02],
       [ 9.32610630e-02,  4.66933502e-02,  5.00092210e-02,  8.61773369e-02, -7.39717090e-02],
       [ 8.00079104e-02, -2.02672230e-02, -6.88980265e-03,  1.44338033e-01, -6.24439207e-02],
       [ 1.72548313e-03,  5.78808203e-02, -5.80121097e-02, -8.43431036e-02,  3.22682548e-02],
       [ 5.15272077e-02,  3.71467925e-03, -8.40588593e-02, -1.06660993e-01, -3.85144535e-02],
       [ 2.51754628e-03, -2.36471275e-02,  1.10851024e-01,  1.02408871e-01,  4.11621751e-02],
       [-5.88742475e-02, -4.21215780e-02,  1.25645749e-01,  7.86037087e-02,  4.68718569e-02],
       [-5.54180976e-02, -4.07128359e-02,  1.53304970e-01,  1.13959114e-01,  5.82291021e-02],
       [ 9.36928147e-02,  2.91478502e-02, -5.22150151e-02, -5.17954053e-02, -3.81235208e-02],
       [ 1.72852421e-02,  5.36499316e-02, -1.44360397e-01, -9.71451271e-02, -6.23972083e-02],
       [-3.70386959e-02, -5.60261401e-02,  1.01479692e-01,  1.15812015e-01,  3.93460674e-02],
       [-4.72265307e-02, -3.77011758e-02,  1.38674181e-01,  8.70315826e-02,  4.56667656e-02],
       [ 2.92565507e-03, -2.74552311e-02, -2.52632351e-02, -3.36871017e-02, -3.13346977e-02],
       [ 5.13529068e-02,  9.74935380e-02, -2.22686043e-02,  9.04875590e-02,  8.12566671e-02],
       [-5.87115502e-02,  4.35303260e-02, -7.65205203e-03,  3.11329944e-02,  7.47272785e-02],
       [-4.46075148e-02,  8.99399286e-02, -2.58256904e-02,  6.08612012e-02,  9.28490814e-02],
       [ 1.25096440e-01, -3.42700010e-02,  7.80869203e-02, -9.56501634e-03, -6.23688202e-02],
       [ 1.65751270e-03, -5.75090724e-02,  3.31678735e-02, -3.78605407e-02, -8.60686945e-02],
       [-3.14400361e-02,  2.14818354e-03, -4.64367218e-02,  1.04066745e-01,  7.44931548e-02],
       [-4.35150943e-02,  7.01665971e-02,  1.56028248e-02,  3.66559166e-02,  8.33109910e-02],
       [-1.78947985e-02, -9.54337479e-02,  7.57170114e-02,  8.41094227e-03, -4.12046609e-02],
       [-6.42057573e-02, -3.56706284e-02, -3.24966605e-02, -9.69741666e-03, -9.94676705e-02],
       [-1.12993517e-01, -7.75761654e-02, -1.84875257e-02, -3.33513748e-02, -1.06733289e-01],
       [-4.09164970e-02,  2.60251292e-02, -7.28814664e-02, -9.01711463e-03,  8.40999575e-02],
       [ 1.51714874e-01,  4.68446559e-02,  1.04843544e-02,  6.14857009e-03,  9.99270300e-02],
       [-9.61265646e-02,  2.09147290e-02,  2.24942248e-02, -1.13314956e-01, -9.77565742e-02],
       [-9.51016264e-02, -5.85778171e-02, -6.10632086e-02, -4.40458197e-03, -9.50948702e-02],
       [ 8.34719437e-02,  1.03375978e-01, -7.36224798e-02, -2.84731064e-02,  4.75979105e-02],
       [ 5.79190931e-02, -1.13469751e-02, -4.60550360e-02,  4.52528231e-02, -1.32511936e-01],
       [-1.26322909e-01, -2.02413591e-02, -5.04851532e-02, -4.79388776e-02,  6.76724841e-02],
       [ 2.66717050e-04, -1.66989387e-02,  1.99224374e-02, -5.74912520e-02,  1.01942797e-01],
       [ 4.22000013e-02,  7.07418256e-02,  6.25388995e-03, -3.85427916e-02, -8.86254298e-02],
       [ 4.85590538e-02, -1.97545578e-03, -8.48288697e-02,  5.49334235e-02, -1.06453418e-01],
       [ 3.21376540e-02,  8.19749636e-02, -6.96072829e-02, -5.55486112e-02,  5.38720555e-02],
       [-1.40244441e-01, -1.81483995e-03, -7.84181897e-02, -4.95600436e-02,  8.41978530e-02],
       [ 4.97168007e-02,  1.95416027e-02,  7.69634649e-03, -5.39708440e-02,  1.26204428e-01],
       [ 1.39015241e-02,  5.93914134e-02,  2.29992044e-02, -7.55562412e-02, -1.12216164e-01],
       [ 1.29885015e-02, -3.69699983e-02, -7.76238341e-02,  4.28903269e-02, -1.17305319e-01],
       [ 6.29846728e-02,  1.30771853e-01, -1.00218979e-01, -6.14925952e-02,  6.68025460e-02],
       [ 1.02330867e-01,  2.33770321e-02,  9.24181343e-02,  7.35466879e-02, -8.74077976e-02],
       [-1.12647783e-01, -5.28096498e-02, -8.23130575e-02,  4.52862692e-03,  6.73538862e-02],
       [-1.26435286e-01, -7.22285837e-03, -3.88377567e-02, -5.31404035e-02,  7.43357777e-02],
       [ 1.20930287e-02, -5.38731398e-02,  8.77217126e-02,  4.20627397e-02, -3.94554493e-02],
       [ 4.04754778e-02, -9.47113489e-02, -4.07468580e-02,  5.09377280e-02,  1.13444083e-01],
       [ 3.82493027e-02,  1.15427492e-02,  6.16252407e-02, -6.94781269e-02,  1.11369278e-01],
       [-7.50134910e-02, -1.00217457e-01,  9.62260083e-02,  6.92084696e-02, -5.49150058e-02],
       [ 1.95481852e-02,  6.42707421e-02, -2.82321711e-02, -4.95240304e-02, -1.09879297e-01],
       [ 4.55798970e-02,  5.20576595e-02, -1.03230646e-01, -4.32788186e-03,  5.75621416e-02],
       [ 5.61122525e-02,  1.09094012e-01, -5.49770635e-02, -6.62985699e-02,  5.90298969e-02]])})
2026-01-20 11:01:00,554 - final_problem_set.kxor_instance_n20_k2_m234_ell2_eps0.25_kappa0.75_rho0.6 - INFO - Running key extraction (n=20, m=234, ell=2, phase_qubits=13)
2026-01-20 11:01:00,557 - final_problem_set.kxor_instance_n20_k2_m234_ell2_eps0.25_kappa0.75_rho0.6 - INFO - Built voting matrix V (n=20, ell=2, dtype=complex128) in 0.003s
2026-01-20 11:01:00,558 - final_problem_set.kxor_instance_n20_k2_m234_ell2_eps0.25_kappa0.75_rho0.6 - INFO - Eval: adv=0.5214, hamming=1/20 (0.050), corr=0.900
2026-01-20 11:01:00,558 - final_problem_set.kxor_instance_n20_k2_m234_ell2_eps0.25_kappa0.75_rho0.6 - INFO - Key extraction complete: x_hat=14
2026-01-20 11:01:00,558 - final_problem_set.kxor_instance_n20_k2_m234_ell2_eps0.25_kappa0.75_rho0.6 - INFO - Finished step 'KeyExtractionStep' in 0.004s (success: True, problem=kxor_instance_n20_k2_m234_ell2_eps0.25_kappa0.75_rho0.6)
2026-01-20 11:01:00,558 - final_problem_set.kxor_instance_n20_k2_m234_ell2_eps0.25_kappa0.75_rho0.6 - INFO - SUCCESS: len(z_hat)=20
2026-01-20 11:01:00,558 - final_problem_set.kxor_instance_n20_k2_m234_ell2_eps0.25_kappa0.75_rho0.6 - INFO - Metrics: adv=0.5213675213675214, ham_frac=0.05, corr=0.9
2026-01-20 11:01:00,558 - final_problem_set.kxor_instance_n20_k2_m234_ell2_eps0.25_kappa0.75_rho0.6 - INFO - z_hat (full): [-1,  1,  1, -1,  1,  1,  1,  1,  1,  1, -1, -1,  1,  1,  1, -1, -1,  1,  1, -1]
