2026-01-20 11:01:08,522 - final_problem_set.kxor_instance_n21_k2_m239_ell2_eps0.2_kappa0.75_rho0.0 - INFO - Starting iteration for /Users/julian/CodingProjects/UniT3/QuarticSpeedupK-XOR/z_Daphne/data/final_problem_set/kxor_instance_n21_k2_m239_ell2_eps0.2_kappa0.75_rho0.0.npz
2026-01-20 11:01:08,523 - final_problem_set.kxor_instance_n21_k2_m239_ell2_eps0.2_kappa0.75_rho0.0 - INFO - Loaded instance (n=21, m=239, k=2)
2026-01-20 11:01:08,523 - final_problem_set.kxor_instance_n21_k2_m239_ell2_eps0.2_kappa0.75_rho0.0 - INFO - Starting step 'ComputeKikuchiStep' (version 0.1) on problem kxor_instance_n21_k2_m239_ell2_eps0.2_kappa0.75_rho0.0 (fields={'ell': 2, 'threshold': 0.0})
2026-01-20 11:01:08,554 - final_problem_set.kxor_instance_n21_k2_m239_ell2_eps0.2_kappa0.75_rho0.0 - INFO - Finished step 'ComputeKikuchiStep' in 0.031s (success: True, problem=kxor_instance_n21_k2_m239_ell2_eps0.2_kappa0.75_rho0.0)
2026-01-20 11:01:08,554 - final_problem_set.kxor_instance_n21_k2_m239_ell2_eps0.2_kappa0.75_rho0.0 - INFO - Starting step 'ClassicalEigenvaluesStep' (version 0.1) on problem kxor_instance_n21_k2_m239_ell2_eps0.2_kappa0.75_rho0.0 (fields={'ell': 2, 'threshold': 0.0, 'kikuchi_matrix': <Dictionary Of Keys sparse matrix of dtype 'int64'
	with 5358 stored elements and shape (210, 210)>, 'num_eigenvalues': 5})
2026-01-20 11:01:08,705 - final_problem_set.kxor_instance_n21_k2_m239_ell2_eps0.2_kappa0.75_rho0.0 - INFO - Finished step 'ClassicalEigenvaluesStep' in 0.151s (success: True, problem=kxor_instance_n21_k2_m239_ell2_eps0.2_kappa0.75_rho0.0)
2026-01-20 11:01:08,705 - final_problem_set.kxor_instance_n21_k2_m239_ell2_eps0.2_kappa0.75_rho0.0 - INFO - Starting step 'KeyExtractionStep' (version 0.1) on problem kxor_instance_n21_k2_m239_ell2_eps0.2_kappa0.75_rho0.0 (fields={'ell': 2, 'threshold': 0.0, 'kikuchi_matrix': <Dictionary Of Keys sparse matrix of dtype 'int64'
	with 5358 stored elements and shape (210, 210)>, 'num_eigenvalues': 5, 'eigenvalues': array([-12.87476425, -12.2116587 , -11.59537177, -10.9599173 ,  10.6761821 ]), 'eigenvectors': array([[-4.93103662e-02, -5.10474473e-02,  7.69351164e-02, -2.44879617e-02,  3.89788277e-02],
       [ 6.85574584e-03, -4.64378283e-02,  7.02028841e-02,  2.57918353e-03, -1.02733546e-02],
       [ 4.71007747e-02,  3.58702212e-02,  1.78023686e-02, -1.31464834e-01,  1.69387560e-02],
       [-2.91970833e-02, -7.22447499e-02, -7.13749722e-02,  1.73090254e-02,  2.85794839e-02],
       [ 6.32112473e-02,  7.34098044e-02,  5.23260989e-03, -7.43860991e-03, -4.29977297e-02],
       [ 9.55692373e-02,  8.08270882e-02, -9.53455850e-02, -8.00894286e-02,  1.72648483e-02],
       [-9.43372962e-02, -1.06459753e-01,  9.27991944e-02,  7.40222132e-02, -1.87651511e-03],
       [-8.90791597e-02, -6.45827047e-02,  3.50194968e-02,  2.86453475e-02,  5.25458262e-03],
       [ 5.93781741e-02,  5.44499705e-04, -1.15624379e-01, -8.81128097e-03,  1.29046017e-02],
       [-3.81146360e-02, -5.93286282e-02,  7.31559321e-02, -2.18497225e-02,  1.08688160e-02],
       [ 7.22502558e-03,  5.47434661e-02,  4.07820105e-02,  1.00469116e-01,  5.48509204e-02],
       [ 8.58746230e-02,  1.19125163e-01, -7.82715174e-02, -3.60755529e-02, -2.46341760e-02],
       [-8.93138239e-02, -2.93839010e-02, -2.14328632e-02,  1.22671103e-01, -3.02175205e-02],
       [ 5.63389767e-02,  1.55150859e-02, -4.78616342e-02, -5.88340137e-02,  7.43776171e-03],
       [ 6.37215384e-02,  9.23821754e-02, -6.76211713e-02, -2.61614552e-02,  4.52460646e-02],
       [-1.76695062e-02, -6.27525466e-02, -1.75908557e-02, -9.32907274e-02, -2.54222415e-02],
       [-3.08322403e-02, -1.02625448e-01,  1.12756796e-02,  2.02349201e-02,  1.48989809e-02],
       [-2.14624326e-02,  2.35643472e-03, -6.36992589e-02,  5.59477185e-02,  4.83925858e-03],
       [ 4.91256654e-02,  4.72488260e-03,  8.69810375e-02, -3.79723194e-03,  1.93119551e-04],
       [ 4.18951690e-02, -5.17041532e-02, -1.05647645e-02, -8.36863334e-03, -2.49150265e-02],
       [-1.21058589e-02,  4.63615513e-02, -4.98438171e-02, -3.21906167e-02,  1.27510369e-03],
       [-3.54404081e-02,  1.49145059e-02, -1.67894302e-02,  5.83145294e-02, -4.86360493e-02],
       [ 3.90248630e-02,  4.43547343e-02,  4.41481324e-02,  1.58741044e-02,  3.54394169e-02],
       [-7.62708752e-02, -4.79196918e-03,  1.22307542e-02, -8.96655064e-02, -7.94768301e-02],
       [-5.53868858e-02,  3.57812725e-02,  5.79358063e-02, -5.02658854e-02,  8.53783570e-02],
       [ 7.19330253e-02, -3.01654251e-02, -7.90272986e-02,  6.72458543e-02,  6.13683392e-02],
       [ 8.51912266e-02, -5.29704152e-02, -3.48711617e-02,  1.11484279e-01,  7.05540777e-02],
       [-2.22386955e-02,  6.13862773e-02,  5.18004446e-02, -4.77937586e-02,  6.92991850e-02],
       [ 3.46828521e-02,  9.49354808e-03, -7.66894842e-02,  6.89237534e-02,  6.93046000e-02],
       [-2.74730440e-02, -6.11575873e-02, -1.38152484e-02, -8.08581766e-02,  3.64432165e-02],
       [-6.90693425e-02,  6.52047146e-03,  7.05854189e-02, -8.06975256e-02, -3.41984511e-02],
       [ 7.00559403e-02, -8.12995950e-02,  1.79066693e-02,  2.09528935e-02, -8.27547045e-02],
       [-5.06422796e-02,  4.89235749e-02,  4.41468156e-02, -2.36221048e-02,  1.36944819e-02],
       [-6.26128358e-02, -6.51459602e-04,  7.52630015e-02, -7.23211248e-02,  4.12701145e-02],
       [ 1.85940009e-02,  3.95747994e-02,  2.05492932e-02,  7.90337075e-02, -7.47366163e-03],
       [ 5.73092691e-02,  8.67747900e-02, -4.67058832e-02,  2.07098360e-02, -7.41866073e-02],
       [ 1.39696299e-02, -1.27087120e-02,  6.09309785e-02, -2.87282313e-02,  7.84911551e-02],
       [-3.96746416e-02,  4.87645972e-02, -8.11926651e-02, -5.69337787e-02,  1.04095222e-01],
       [-1.57810844e-02,  9.71395888e-02, -1.73739678e-02, -4.37875290e-02, -4.93496166e-02],
       [ 4.08490526e-03, -2.12895426e-02,  2.05088121e-02,  4.92410745e-02,  4.65784393e-02],
       [ 2.57876904e-03,  2.18057765e-02, -7.79995325e-03,  6.83214331e-03,  1.95170883e-02],
       [-2.00017654e-02, -4.65764013e-02,  4.96413122e-02, -3.81614603e-04,  2.39029398e-02],
       [ 1.18583404e-02, -8.00896959e-02,  9.37792948e-02,  6.27885010e-02, -5.60743555e-02],
       [-1.76218686e-02,  9.12318774e-02, -1.12842661e-01, -6.22247303e-02, -3.94084017e-03],
       [ 2.81542532e-02,  5.11357004e-02, -8.10661499e-02, -2.39000421e-02, -2.49042967e-02],
       [ 3.88458481e-03, -4.11491166e-02,  6.33181498e-02,  4.75217607e-02,  1.33494508e-02],
       [-1.47006131e-02,  5.59745984e-02, -7.41668124e-02, -1.62469979e-02, -2.30079594e-02],
       [-1.84373491e-03, -1.20081250e-02,  6.72026653e-03, -5.01530422e-02,  1.41887464e-02],
       [ 2.35014084e-02, -8.43814781e-02,  1.12969663e-01,  4.81360834e-02, -2.55017002e-02],
       [ 2.31583892e-02,  2.45989576e-02, -3.30842262e-02, -6.99457468e-02, -2.80415767e-02],
       [-1.28974637e-02, -2.30741257e-02,  5.20662959e-02,  3.75544966e-02, -3.93343929e-02],
       [-1.13546253e-03, -8.09866054e-02,  1.13725782e-01,  2.99058593e-02,  2.41822248e-02],
       [-4.98623230e-03,  2.23171741e-02, -1.22876249e-02,  3.17453400e-02, -1.40621958e-02],
       [-1.20472590e-02,  4.20367900e-02, -6.62044481e-02,  1.00995033e-02,  3.83676459e-03],
       [ 5.29741849e-03, -7.97113633e-03,  1.77585313e-02, -1.63209824e-02, -6.10127015e-03],
       [-1.90465639e-02,  2.48275403e-03, -2.15985580e-02,  4.75742529e-03, -3.43721407e-02],
       [-1.30356845e-02,  9.36723809e-03,  4.88438034e-03,  2.80208391e-02,  2.13009826e-02],
       [-2.66271025e-02, -3.64354942e-02, -4.87758113e-02,  4.11710360e-02, -5.30798999e-02],
       [ 6.00331982e-02,  1.33494831e-02,  5.69639657e-02, -8.83406377e-02,  4.46268234e-02],
       [ 6.43020291e-02, -1.81931181e-02,  4.41014064e-02, -1.65671529e-01,  2.43299198e-02],
       [-7.16577695e-02,  1.11966464e-02, -6.01789681e-02,  2.00163137e-01, -4.98201385e-03],
       [-9.12987617e-02,  3.12339365e-02, -7.71808898e-02,  1.32300670e-01,  3.05794269e-03],
       [ 3.87969253e-02, -5.47136978e-02,  3.26567514e-03, -6.63522109e-02, -5.40779878e-02],
       [-4.94786479e-02, -1.02371404e-02,  3.25766017e-04,  9.43826136e-02, -7.67054101e-03],
       [ 2.54770957e-02,  3.80997884e-02,  4.03421962e-02,  8.30100759e-03, -8.25545742e-02],
       [ 7.83062801e-02, -2.37949180e-05,  6.42226370e-02, -1.95130988e-01,  6.13848861e-02],
       [-4.44335317e-02,  2.11559096e-02, -5.69277369e-02,  1.05730969e-01,  8.61953326e-02],
       [ 3.69141117e-02, -2.46595622e-02,  2.02740643e-02, -8.07104785e-02,  3.19639477e-02],
       [ 8.73498935e-02,  8.48283897e-03,  3.30039024e-02, -1.73251505e-01, -8.08514314e-02],
       [-2.46153567e-02, -2.24642877e-02, -4.15608484e-02, -5.76646721e-03,  3.63162746e-02],
       [-4.57304067e-02, -4.53188377e-02, -3.75831630e-02,  1.25649896e-01,  6.63346045e-03],
       [-4.22958955e-03,  5.82824941e-03, -3.52321929e-02,  8.15314734e-03, -1.98361012e-02],
       [ 2.15426732e-02, -1.92978419e-02,  6.55924348e-02,  1.98916849e-02,  1.22899418e-02],
       [ 1.68384654e-02, -6.54246441e-02,  2.44755394e-02,  5.85916045e-03,  1.08066113e-02],
       [-4.14043922e-02, -6.42734024e-02, -8.90277363e-02,  1.95829590e-02, -8.37825308e-02],
       [-7.31761521e-02, -9.26985355e-02, -1.09798358e-01,  1.89404488e-02,  1.01853192e-01],
       [ 8.80607017e-02,  1.14980289e-01,  1.32799259e-01, -2.65615269e-02,  3.35405376e-02],
       [ 7.43009298e-02,  8.16658896e-02,  1.25556181e-01, -1.82471635e-02,  7.89818599e-02],
       [-5.32488379e-02, -2.02802432e-02, -3.48817875e-02, -1.48333524e-02,  6.43655616e-02],
       [ 3.98354656e-02,  6.17780531e-02,  5.32338175e-02,  1.44629988e-02,  8.15191616e-02],
       [-4.54282892e-03, -2.37515790e-02, -2.89451316e-02, -1.84227492e-02,  4.84293636e-02],
       [-7.68390146e-02, -1.17997415e-01, -1.39607086e-01,  1.42905481e-02, -1.38629949e-02],
       [ 5.29077183e-02,  6.70622427e-02,  9.62515237e-02, -4.46160674e-02, -4.73945406e-02],
       [-4.73462423e-02, -3.39692464e-02, -5.69160762e-02,  2.41725037e-02,  2.88177745e-02],
       [-5.37025884e-02, -9.02054626e-02, -1.12594759e-01,  1.17682548e-02,  3.45464953e-02],
       [ 9.04228245e-03,  2.08196794e-02,  2.90685494e-02,  2.01726000e-02, -2.46677384e-03],
       [ 2.46214993e-02,  6.22966177e-02,  7.53669534e-02, -1.98234565e-02, -4.70384153e-02],
       [ 4.73502787e-03, -7.81038063e-04,  2.43841341e-02, -2.21958926e-02,  6.75994224e-02],
       [-2.46232644e-02, -1.14083569e-02, -4.67246097e-02,  1.47241050e-02,  8.52736252e-02],
       [-2.88969032e-02,  1.06451634e-02, -2.91030915e-02, -5.24084180e-03, -4.71400947e-02],
       [ 1.22359811e-01,  1.04690235e-02,  1.15306197e-02,  3.69855188e-02, -1.21064202e-01],
       [-1.53063834e-01, -3.13951192e-02, -1.60399187e-02, -4.22942147e-02, -5.89935135e-02],
       [-1.02114008e-01, -9.21415672e-03, -4.74500176e-02, -5.67318782e-02, -1.49783681e-01],
       [ 7.36176317e-02, -4.98245491e-02, -4.17796758e-02,  7.79347615e-02, -1.48555809e-01],
       [-7.53635705e-02, -3.18072518e-02,  2.76118552e-02, -7.82404380e-02, -1.41944772e-01],
       [ 1.47014276e-02,  6.30236888e-02,  3.66841106e-02,  6.76739974e-02, -1.42734756e-01],
       [ 1.50987094e-01,  5.86572503e-02,  2.97042888e-02,  6.74356812e-02,  7.65170967e-02],
       [-8.83172446e-02,  1.50770035e-02, -7.55944183e-02,  2.70996608e-02,  1.49212824e-01],
       [ 5.86144105e-02, -1.64280249e-02, -1.19918603e-04,  1.44562654e-03, -6.44781457e-03],
       [ 1.02111361e-01,  3.99719500e-02,  1.51738268e-02,  4.99858313e-02, -1.24536939e-01],
       [-2.39480531e-02, -3.95887452e-02, -3.23739712e-02, -7.97635789e-02,  2.81295174e-02],
       [-6.49054607e-02, -9.18358636e-02, -3.27533586e-02,  1.95196216e-02,  6.57648761e-02],
       [-2.17183058e-02,  1.54915645e-03, -7.68614785e-02,  4.38959531e-02, -9.76584764e-02],
       [ 3.45920387e-02, -2.13241711e-02,  9.37205061e-02,  1.91860645e-02, -1.21777579e-01],
       [ 3.40512011e-02, -7.96695794e-02,  2.11022676e-02,  5.35529743e-02,  7.30756460e-02],
       [-1.65709147e-01,  6.24796148e-02,  1.14701505e-01,  7.72136238e-02,  5.45821846e-02],
       [-1.56421180e-01,  8.88751228e-02,  2.60295391e-02, -3.67701913e-02,  7.09791723e-02],
       [ 5.84737409e-02, -1.29466019e-01, -1.03445740e-01,  2.67901080e-02,  1.50485846e-01],
       [-7.75445886e-02, -1.02806100e-02,  1.12616320e-01, -2.98678844e-02,  8.03598956e-02],
       [ 6.01116266e-02,  1.08003607e-01,  4.38756068e-02,  1.34503972e-01,  1.50145115e-01],
       [ 1.65897453e-01, -9.26844368e-03, -9.17065531e-02, -3.32848528e-02, -1.06982183e-01],
       [-1.19109415e-01,  1.19866218e-01, -5.08594581e-02,  7.79040294e-02, -1.91037125e-01],
       [ 1.06528632e-01, -1.00705789e-01, -7.77921195e-02, -5.95880337e-02, -3.16111623e-02],
       [ 1.32120472e-01, -3.06924431e-03, -9.87228966e-02, -2.82234449e-02,  1.53997074e-01],
       [-4.60143547e-02, -7.28022153e-02, -5.08000245e-02, -1.40269816e-01, -6.22650062e-02],
       [-1.12796401e-01, -1.42988894e-01,  4.02496131e-02,  8.55277775e-02, -5.72506349e-02],
       [-1.54929181e-02,  8.81055382e-03, -1.24684738e-01,  5.05342477e-02,  8.38452542e-02],
       [ 7.75396000e-02, -7.98935407e-02,  1.55329044e-01,  7.85368229e-02,  6.41736315e-02],
       [ 2.60087155e-02, -1.67585409e-01,  2.87403934e-02,  6.51171123e-02, -5.62474800e-02],
       [ 1.85667729e-01, -7.61844588e-02, -2.73037268e-02,  4.70319097e-02,  5.72481330e-02],
       [-7.41120556e-02,  1.38925933e-01,  1.32829304e-01, -3.85138454e-02,  4.14932452e-02],
       [ 9.01841626e-02,  2.56000693e-02, -1.33628331e-01,  4.96289179e-02,  6.37353086e-02],
       [-6.75430009e-02, -1.34086044e-01, -5.51765046e-02, -1.66855142e-01,  9.29734862e-02],
       [-2.00048593e-01, -1.92926326e-02,  1.09893142e-01,  2.46442430e-02, -2.17043695e-02],
       [ 1.46361458e-01, -1.21015260e-01,  6.67242668e-02, -1.04707568e-01, -4.29697851e-02],
       [-9.19950068e-02,  8.16551037e-02,  6.20997957e-02,  4.81776504e-02,  2.29556416e-02],
       [-1.61991133e-01, -1.87538203e-02,  1.19580679e-01,  2.13614623e-02,  6.19675449e-02],
       [ 5.73388228e-02,  8.99952687e-02,  5.45151565e-02,  1.69871389e-01, -2.22722767e-02],
       [ 1.13665222e-01,  1.77788310e-01, -3.06798590e-02, -7.99268763e-02,  1.10471705e-02],
       [ 4.69691600e-02, -2.26669316e-02,  1.27809238e-01, -8.32155887e-02,  1.61980043e-02],
       [-7.24755481e-02,  7.25337488e-02, -1.97289103e-01, -8.84202975e-02,  2.14425062e-02],
       [-4.68859520e-02,  1.99075872e-01, -2.06058735e-02, -6.72612735e-02, -3.84966382e-02],
       [-7.18472419e-02,  1.29619320e-01,  7.68700798e-02, -9.31202958e-02,  8.63245987e-02],
       [ 1.12802304e-01, -1.23862227e-02, -7.75591009e-02,  1.13592089e-01,  5.12375556e-02],
       [-3.26908271e-02, -1.11368775e-01, -5.21827155e-02, -1.07228276e-01,  1.01726372e-01],
       [-1.89042767e-01,  2.90346007e-02,  8.61475145e-03, -7.61744286e-02, -8.02505075e-02],
       [ 1.12540274e-01, -1.06325862e-01,  8.45059018e-02, -2.79117668e-02, -1.26787252e-01],
       [-7.53992244e-02,  7.30837566e-02,  2.37442861e-02,  3.46269027e-03,  4.49474023e-04],
       [-1.44184116e-01,  2.10227634e-02,  2.96565354e-02, -6.02424037e-02,  1.01904143e-01],
       [ 4.69194405e-02,  6.24052767e-02,  5.48378013e-02,  1.33080178e-01, -5.04555870e-02],
       [ 1.19349045e-01,  1.19960324e-01,  2.15010634e-02, -3.99838750e-02, -5.68130705e-02],
       [ 2.58300914e-02, -1.10870668e-02,  1.11697844e-01, -6.44074854e-02,  7.93692776e-02],
       [-4.33366425e-02,  4.98501676e-02, -1.47302872e-01, -5.71303753e-02,  7.70263556e-02],
       [-1.72001680e-02,  1.42151280e-01, -1.81110404e-02, -6.98146318e-02, -7.65473190e-02],
       [-4.01969865e-02,  3.89729356e-02,  9.79539044e-02, -4.28596298e-02,  9.17723636e-02],
       [ 3.48990541e-02,  5.70739826e-02,  3.88274235e-03,  9.06246793e-02,  9.30800420e-02],
       [ 8.37632351e-02, -1.06283940e-01, -1.28010771e-01,  5.30345316e-02, -3.35223261e-02],
       [-6.82579168e-02,  1.68700087e-01,  1.27066412e-02, -2.12619396e-02, -7.57959413e-02],
       [ 3.94785193e-02, -8.62229475e-02, -6.08926488e-02,  1.27217519e-02,  4.99143457e-02],
       [ 7.82556052e-02, -8.34227114e-02, -1.31291925e-01,  4.66388484e-02,  8.89319150e-02],
       [-2.80629121e-02, -3.17704854e-02, -1.40151990e-02, -9.12285101e-02, -2.48711434e-02],
       [-7.38814636e-02, -4.67611338e-02,  8.10595504e-02,  1.04864010e-02, -4.74305978e-02],
       [-1.69787285e-02,  1.95784893e-02, -6.30094498e-02,  2.22624835e-02,  8.00807895e-02],
       [ 3.29131693e-02, -7.17204948e-02,  8.36644879e-02,  7.99260654e-02,  1.24377349e-01],
       [ 3.21216318e-03, -1.12518530e-01,  1.84282123e-02,  5.19764336e-02, -8.55096887e-02],
       [-2.02353552e-02, -6.22030892e-02, -2.78734104e-02, -1.11047842e-01,  1.01163317e-01],
       [-8.54218384e-02, -4.82709603e-02,  1.21023861e-01, -8.02314267e-02, -8.09616271e-02],
       [ 9.26760686e-02, -4.53846578e-02, -3.35602626e-03, -2.11056305e-02, -1.36354532e-01],
       [-6.08896733e-02,  2.64102791e-02,  7.00472246e-02, -4.89939307e-03,  4.20692122e-03],
       [-6.69487206e-02, -3.80530867e-02,  1.07745576e-01, -7.08129503e-02,  1.01626771e-01],
       [ 1.92589282e-02,  5.28614072e-02,  1.29041382e-02,  1.13788863e-01, -4.63370382e-02],
       [ 4.85011469e-02,  1.06799717e-01, -5.69274734e-02,  2.57304873e-02, -6.42220269e-02],
       [ 2.42645561e-02, -6.18066060e-03,  6.02094643e-02, -3.83977471e-02,  7.77115159e-02],
       [-5.35963269e-02,  3.38771949e-02, -8.54919789e-02, -4.50725762e-02,  9.47928730e-02],
       [-3.41050091e-02,  8.94794301e-02, -1.44601925e-04, -3.22948240e-02, -7.71464514e-02],
       [ 3.05291573e-02,  1.24402185e-01,  7.20742703e-02,  1.72762979e-01, -3.84034550e-02],
       [-4.77125945e-02, -7.36032296e-02, -6.75680256e-02, -3.90566890e-02, -1.02453433e-01],
       [ 2.65781787e-02,  5.52720400e-02,  2.91516463e-02,  5.73278712e-02,  3.79436502e-02],
       [ 3.65387889e-02,  1.07969819e-01,  4.51287363e-02,  1.56115515e-01,  6.38875895e-02],
       [ 3.87740656e-03, -1.74200184e-02, -4.55505389e-03, -3.26332157e-02, -1.56566473e-02],
       [-3.41218536e-03, -4.70384627e-02, -3.75163092e-02, -9.68519687e-02, -1.08950157e-01],
       [-8.70119695e-03, -1.47047993e-03, -1.94805543e-02,  2.70618314e-02,  1.17715648e-01],
       [ 1.66313703e-02,  2.44478834e-02,  2.42798479e-02, -2.79140714e-02,  1.76225146e-01],
       [ 2.57964348e-02,  2.28341138e-02,  9.21331126e-03,  2.87456184e-03, -8.93946294e-02],
       [-1.59157554e-01,  8.40689467e-02, -8.19400825e-02,  9.55890019e-02,  2.25375530e-02],
       [ 1.18064681e-01, -5.90643904e-02, -6.49729331e-02, -3.72944346e-02, -4.63422733e-02],
       [ 1.57834343e-01,  6.11751306e-02, -9.90757731e-02,  2.88584382e-02, -2.94207436e-02],
       [-3.25094728e-02, -8.72259597e-02, -6.32435837e-02, -1.71544060e-01, -8.34874231e-04],
       [-9.90903187e-02, -1.81312053e-01,  1.93180183e-02,  4.20914219e-02,  3.17082974e-02],
       [-3.27361115e-02,  1.78792901e-02, -1.39478114e-01,  8.33550450e-02, -4.77024515e-02],
       [ 8.79437638e-02, -6.18300623e-02,  1.92484755e-01,  6.83876054e-02, -8.96285414e-02],
       [ 5.78617101e-02, -1.74903249e-01,  2.42325787e-02,  5.84307228e-02,  5.34962170e-02],
       [-5.90252403e-02,  7.99852260e-02, -1.16041878e-02,  4.20743641e-02, -6.87774180e-02],
       [-1.37353922e-01,  6.67201670e-02, -4.88153087e-02,  8.83841507e-02, -9.31826144e-02],
       [ 5.12021894e-02,  2.91257221e-02,  7.19658382e-02,  5.69408823e-02,  8.44194463e-03],
       [ 1.11603765e-01,  7.42289303e-02,  7.30438653e-02, -1.42813258e-01,  5.33265940e-02],
       [ 7.10468227e-03,  5.09459583e-03,  6.66521427e-02, -2.56481612e-02, -8.65139853e-02],
       [-2.50044936e-02,  3.95044469e-02, -1.02639314e-01, -6.57942686e-02, -1.63210879e-01],
       [-7.93313447e-03,  1.22535421e-01, -1.48723582e-02, -7.39334045e-02,  9.78341836e-02],
       [ 9.45826263e-02, -4.74968348e-02, -6.79360321e-02, -3.63732061e-02,  4.28534550e-02],
       [-3.40500207e-02, -2.36662189e-02, -2.27584626e-02, -6.30101316e-02, -2.76382980e-02],
       [-6.44594762e-02, -4.34696605e-02,  1.42274967e-02,  6.05563337e-02, -1.16461974e-02],
       [-1.97174531e-02,  1.46197833e-02, -5.23413602e-02,  3.26053468e-02,  2.23362327e-02],
       [ 2.21525634e-02, -3.49547602e-02,  8.09180344e-02,  4.44812496e-02, -8.35753653e-03],
       [ 1.15440664e-02, -8.42943047e-02,  4.32511384e-03,  3.57421388e-02,  6.99799192e-03],
       [-3.36301720e-02, -7.59169913e-02, -3.93289469e-02, -1.51721097e-01, -1.14937488e-02],
       [-7.72440501e-02, -1.45185752e-01,  2.55758631e-02,  3.05468954e-02, -8.38486386e-02],
       [-3.08197255e-02,  1.19274104e-02, -1.09987583e-01,  7.01916285e-02,  9.70100890e-02],
       [ 8.09973160e-02, -4.52268146e-02,  1.42325032e-01,  5.48319366e-02,  1.31343440e-01],
       [ 4.77756082e-02, -1.38069288e-01,  1.09304053e-02,  4.52300484e-02, -8.39541226e-02],
       [ 1.10541993e-02,  4.77171180e-02,  2.19486399e-02,  8.37467198e-02,  2.28856679e-02],
       [ 8.33640636e-03, -3.80694963e-03,  2.92533720e-02, -2.29557076e-02, -3.23477396e-02],
       [-2.16501101e-02,  2.46104778e-04, -3.70156847e-02,  4.46604365e-03, -6.05787866e-02],
       [-2.30585559e-02,  6.71806884e-03, -2.22953509e-02, -2.12023783e-02,  2.43969494e-02],
       [ 2.14392953e-02, -1.40367894e-02,  6.92470227e-02, -6.04425253e-02, -1.74787823e-02],
       [-5.58986800e-02, -1.42371420e-02, -1.03893962e-01,  2.01480526e-02, -2.54270632e-02],
       [-5.64200894e-02,  2.80447322e-02, -1.36207199e-02,  1.89281397e-02,  4.79448058e-02],
       [-4.50263282e-03, -1.43225596e-03, -1.46431891e-02,  5.46640871e-03,  6.48520343e-02],
       [-1.68081759e-03, -3.89069019e-04, -2.04456059e-02, -3.32862828e-05, -7.66743548e-02],
       [ 1.38461425e-03, -3.84864010e-02,  2.65940501e-02,  5.19615602e-02, -6.38591759e-02]])})
2026-01-20 11:01:08,707 - final_problem_set.kxor_instance_n21_k2_m239_ell2_eps0.2_kappa0.75_rho0.0 - INFO - Running key extraction (n=21, m=239, ell=2, phase_qubits=13)
2026-01-20 11:01:08,709 - final_problem_set.kxor_instance_n21_k2_m239_ell2_eps0.2_kappa0.75_rho0.0 - INFO - Built voting matrix V (n=21, ell=2, dtype=complex128) in 0.003s
2026-01-20 11:01:08,710 - final_problem_set.kxor_instance_n21_k2_m239_ell2_eps0.2_kappa0.75_rho0.0 - INFO - Eval: adv=0.1799 (no ground-truth z available)
2026-01-20 11:01:08,710 - final_problem_set.kxor_instance_n21_k2_m239_ell2_eps0.2_kappa0.75_rho0.0 - INFO - Key extraction complete: x_hat=5
2026-01-20 11:01:08,710 - final_problem_set.kxor_instance_n21_k2_m239_ell2_eps0.2_kappa0.75_rho0.0 - INFO - Finished step 'KeyExtractionStep' in 0.004s (success: True, problem=kxor_instance_n21_k2_m239_ell2_eps0.2_kappa0.75_rho0.0)
2026-01-20 11:01:08,710 - final_problem_set.kxor_instance_n21_k2_m239_ell2_eps0.2_kappa0.75_rho0.0 - INFO - SUCCESS: len(z_hat)=21
2026-01-20 11:01:08,710 - final_problem_set.kxor_instance_n21_k2_m239_ell2_eps0.2_kappa0.75_rho0.0 - INFO - Metrics: adv=0.1799163179916318, ham_frac=None, corr=None
2026-01-20 11:01:08,710 - final_problem_set.kxor_instance_n21_k2_m239_ell2_eps0.2_kappa0.75_rho0.0 - INFO - z_hat (full): [ 1,  1, -1, -1,  1, -1,  1,  1,  1,  1,  1,  1, -1, -1,  1,  1, -1, -1,  1,  1, -1]
