2026-01-20 11:00:46,050 - final_problem_set.kxor_instance_n18_k2_m249_ell2_eps0.15_kappa0.625_rho0.6 - INFO - Starting iteration for /Users/julian/CodingProjects/UniT3/QuarticSpeedupK-XOR/z_Daphne/data/final_problem_set/kxor_instance_n18_k2_m249_ell2_eps0.15_kappa0.625_rho0.6.npz
2026-01-20 11:00:46,050 - final_problem_set.kxor_instance_n18_k2_m249_ell2_eps0.15_kappa0.625_rho0.6 - INFO - Loaded instance (n=18, m=249, k=2)
2026-01-20 11:00:46,050 - final_problem_set.kxor_instance_n18_k2_m249_ell2_eps0.15_kappa0.625_rho0.6 - INFO - Starting step 'ComputeKikuchiStep' (version 0.1) on problem kxor_instance_n18_k2_m249_ell2_eps0.15_kappa0.625_rho0.6 (fields={'ell': 2, 'threshold': 0.0})
2026-01-20 11:00:46,077 - final_problem_set.kxor_instance_n18_k2_m249_ell2_eps0.15_kappa0.625_rho0.6 - INFO - Finished step 'ComputeKikuchiStep' in 0.027s (success: True, problem=kxor_instance_n18_k2_m249_ell2_eps0.15_kappa0.625_rho0.6)
2026-01-20 11:00:46,077 - final_problem_set.kxor_instance_n18_k2_m249_ell2_eps0.15_kappa0.625_rho0.6 - INFO - Starting step 'ClassicalEigenvaluesStep' (version 0.1) on problem kxor_instance_n18_k2_m249_ell2_eps0.15_kappa0.625_rho0.6 (fields={'ell': 2, 'threshold': 0.0, 'kikuchi_matrix': <Dictionary Of Keys sparse matrix of dtype 'int64'
	with 4096 stored elements and shape (153, 153)>, 'num_eigenvalues': 5})
2026-01-20 11:00:46,153 - final_problem_set.kxor_instance_n18_k2_m249_ell2_eps0.15_kappa0.625_rho0.6 - INFO - Finished step 'ClassicalEigenvaluesStep' in 0.075s (success: True, problem=kxor_instance_n18_k2_m249_ell2_eps0.15_kappa0.625_rho0.6)
2026-01-20 11:00:46,153 - final_problem_set.kxor_instance_n18_k2_m249_ell2_eps0.15_kappa0.625_rho0.6 - INFO - Starting step 'KeyExtractionStep' (version 0.1) on problem kxor_instance_n18_k2_m249_ell2_eps0.15_kappa0.625_rho0.6 (fields={'ell': 2, 'threshold': 0.0, 'kikuchi_matrix': <Dictionary Of Keys sparse matrix of dtype 'int64'
	with 4096 stored elements and shape (153, 153)>, 'num_eigenvalues': 5, 'eigenvalues': array([-10.26134763,  11.17068935,  11.91990946,  12.56823079,  16.56598206]), 'eigenvectors': array([[ 0.04532493, -0.08243715,  0.00532545, -0.0708729 , -0.13062865],
       [ 0.02990999, -0.02780084, -0.02301004,  0.08574373, -0.09351045],
       [-0.08477772,  0.03043431, -0.06520426, -0.03704719, -0.12880504],
       [ 0.12235351, -0.07494835, -0.03895568,  0.0012937 ,  0.11208833],
       [-0.01859269, -0.00285745,  0.07761453,  0.02584318,  0.1105826 ],
       [-0.05834296, -0.05658306, -0.08131001,  0.03813654,  0.0814327 ],
       [-0.03283039, -0.20808791,  0.01907049, -0.06950184, -0.03615311],
       [ 0.04048729,  0.11104591, -0.05001038, -0.0943062 ,  0.10458113],
       [ 0.09196635, -0.12296531, -0.01646053, -0.02760468, -0.11949483],
       [-0.13424937, -0.03568713,  0.08108802, -0.18151108, -0.0399232 ],
       [ 0.0315894 ,  0.06461235, -0.08250286, -0.10279501, -0.11655336],
       [-0.06493381, -0.03747859, -0.21883739, -0.04238543, -0.04293837],
       [-0.10107419, -0.09903651, -0.10200427,  0.03917679, -0.09942861],
       [-0.01275784,  0.08018765,  0.02223603, -0.06715575, -0.15190438],
       [-0.03606067, -0.048013  ,  0.0493104 ,  0.16734312,  0.06130358],
       [-0.06635333,  0.07822443,  0.02978072,  0.07318   ,  0.13468179],
       [-0.06588196, -0.00289824,  0.09752876,  0.05524323,  0.11078845],
       [-0.06271126, -0.04096069,  0.03358645,  0.10112627, -0.08584506],
       [-0.01826401,  0.00178589,  0.02701543,  0.00265796, -0.12532217],
       [-0.04916968, -0.04625407, -0.11526049, -0.02653197,  0.1000196 ],
       [ 0.00172731,  0.02558139,  0.00332356, -0.0017147 ,  0.13087348],
       [-0.00518612, -0.03545713, -0.16344302,  0.02141575,  0.09436171],
       [ 0.05516508, -0.19197954,  0.03645625, -0.06146984, -0.03560309],
       [-0.02266643,  0.09098451, -0.10646225, -0.10450579,  0.07793781],
       [-0.04243573, -0.13642552,  0.05998515,  0.00475646, -0.11236089],
       [ 0.00459739, -0.04023938,  0.10722261, -0.15908284, -0.03832065],
       [ 0.00161669,  0.03954875, -0.00148553, -0.06464011, -0.11499915],
       [ 0.08742845, -0.06408094, -0.20286119, -0.0361544 , -0.06405291],
       [-0.01564315, -0.10732962, -0.04059812,  0.06123432, -0.09368679],
       [ 0.08824204,  0.03706091,  0.11051375, -0.01230293, -0.1167063 ],
       [ 0.08590196, -0.02832503,  0.01650395,  0.14356993,  0.06216384],
       [ 0.08672311,  0.09657481, -0.06764198,  0.03074321,  0.12597143],
       [ 0.02517285,  0.01928627,  0.02608485,  0.02240598,  0.10079265],
       [ 0.10510607,  0.02431072, -0.01522692,  0.13280177, -0.08410287],
       [-0.08544095, -0.04648744, -0.04045225, -0.12076979,  0.06955142],
       [ 0.0384557 , -0.01742554,  0.02588169, -0.10043789,  0.07126063],
       [ 0.09076851, -0.03911824, -0.0794435 , -0.06887944,  0.05885714],
       [ 0.00961899, -0.14192828,  0.02612395, -0.0067882 , -0.03268451],
       [-0.08839108,  0.04497543, -0.04671272, -0.1384896 ,  0.05161766],
       [-0.12966812, -0.06844546,  0.01890899,  0.11065223, -0.07428765],
       [ 0.14035945, -0.03346699,  0.07818198, -0.0676898 , -0.04166033],
       [-0.04605117,  0.06669029, -0.03097114,  0.07741292, -0.09117511],
       [ 0.05688884, -0.01429784, -0.14515768,  0.03637193, -0.04076261],
       [ 0.10353681, -0.03754223, -0.0420156 ,  0.12918174, -0.06353392],
       [ 0.03362645,  0.05114393,  0.04278565,  0.1085958 , -0.08220032],
       [ 0.00150091, -0.03589067,  0.02562637,  0.0378443 ,  0.05504929],
       [ 0.03673364,  0.05299634, -0.01986004, -0.13299552,  0.10972969],
       [ 0.10622985, -0.01648748,  0.04970408, -0.1007254 ,  0.08280513],
       [ 0.08272755, -0.130896  , -0.04769341, -0.05533636,  0.09792029],
       [-0.0149048 , -0.07172357,  0.06364705, -0.03562977,  0.10422589],
       [-0.02620083, -0.09636193, -0.08720803, -0.00141784,  0.07423556],
       [-0.06857187, -0.18165459,  0.02592591, -0.05871295, -0.04699649],
       [ 0.06646045,  0.03788942, -0.05864295, -0.14698562,  0.08757709],
       [ 0.06858245, -0.04976393,  0.00097476,  0.03822959, -0.11404033],
       [-0.02828468, -0.00496575,  0.09095781, -0.17277123, -0.05383142],
       [ 0.00682286,  0.14205779, -0.06369719, -0.03252887, -0.11225563],
       [-0.12756319, -0.00425899, -0.2084819 , -0.01434548, -0.04717473],
       [ 0.00859079, -0.02600201, -0.1049569 ,  0.11607677, -0.1126832 ],
       [-0.14100212,  0.14106109,  0.03598709,  0.02014332, -0.11779288],
       [-0.12518107, -0.08878388,  0.0414578 ,  0.14586497,  0.06730855],
       [-0.13183143, -0.01072084,  0.00734516, -0.00978413,  0.12877125],
       [-0.0574221 , -0.0752441 ,  0.08056983, -0.01023304,  0.10503152],
       [ 0.05731956,  0.11008377,  0.0157631 ,  0.05563806, -0.09853724],
       [ 0.09503227,  0.10073784,  0.12191391,  0.01296656, -0.06220937],
       [ 0.02667287,  0.13088735, -0.0660739 ,  0.03708624,  0.04275586],
       [-0.15236724, -0.00909373,  0.09686747,  0.11993992, -0.06409624],
       [-0.11400442,  0.00383864, -0.0801721 , -0.05360387,  0.09473516],
       [ 0.08896927, -0.01665939, -0.12906115,  0.12875088,  0.0442271 ],
       [-0.03307997, -0.18272287, -0.0264156 ,  0.00232454,  0.10555574],
       [ 0.09280346, -0.03666586,  0.15429695, -0.00780693,  0.05550563],
       [ 0.04620205, -0.02166682,  0.01164433, -0.12010611,  0.09634917],
       [ 0.14223116, -0.1501382 , -0.11299077, -0.04048402,  0.0952868 ],
       [ 0.05791925,  0.08649414,  0.00735991, -0.1016801 , -0.05325058],
       [ 0.10141868,  0.05761219,  0.08804775,  0.03400483, -0.10873143],
       [ 0.11599879,  0.10078212,  0.00366386,  0.02955358, -0.08819995],
       [-0.01992461,  0.06526007,  0.04911989,  0.00415393, -0.06094658],
       [-0.03545415,  0.16159289, -0.01108144,  0.04937692,  0.04055001],
       [ 0.0152605 , -0.03709416,  0.02992288,  0.10295059, -0.07017772],
       [ 0.04965942,  0.05171663,  0.02076462, -0.02696869,  0.09613537],
       [-0.03472952,  0.03317223, -0.0594727 ,  0.13255022,  0.0423966 ],
       [ 0.00734321, -0.08876736,  0.07367452,  0.02294836,  0.09549778],
       [-0.04644615,  0.00738554,  0.17077651,  0.01229576,  0.03721907],
       [-0.02304696,  0.03412181,  0.08452769, -0.06866218,  0.07849187],
       [-0.04185886, -0.09389911, -0.00134607, -0.01701698,  0.10183184],
       [-0.04575276,  0.04810595, -0.04294392, -0.1043631 , -0.05450617],
       [-0.05180562, -0.0144864 , -0.03861016,  0.00648308, -0.12270281],
       [-0.02941283,  0.05147488, -0.09607791,  0.00937866, -0.10125155],
       [-0.06490337,  0.09296789, -0.05825398,  0.04108489,  0.0301595 ],
       [ 0.06105648, -0.00266376,  0.10455537,  0.06204082, -0.0504922 ],
       [ 0.08473844,  0.00186132, -0.11408882, -0.00611108,  0.07569484],
       [-0.06763431,  0.00483337, -0.08564381,  0.09423458,  0.025606  ],
       [ 0.01886839, -0.10792967, -0.0596786 ,  0.03314521,  0.06842072],
       [-0.12649687, -0.02592844,  0.09149536,  0.01946885,  0.03745897],
       [-0.02706112, -0.00824355, -0.03289334, -0.04712182,  0.06628329],
       [-0.10816249, -0.10174399, -0.12596943,  0.00509348,  0.07088406],
       [-0.11151708,  0.06900275,  0.03215949, -0.09651421, -0.04363382],
       [-0.13749944,  0.04430477,  0.10991732, -0.014444  , -0.07766992],
       [-0.05429342,  0.09337003,  0.04923597, -0.01668653, -0.08008716],
       [ 0.07900866,  0.13189027, -0.03741509,  0.01266771,  0.02606735],
       [ 0.06102312, -0.18305194,  0.03076056, -0.04774686, -0.03102681],
       [-0.07802751, -0.05335998,  0.03107543, -0.05597427, -0.01151453],
       [ 0.0227073 , -0.15423172,  0.00581567, -0.08396086, -0.04882221],
       [-0.02052917, -0.09770654, -0.05977917, -0.03437578, -0.01617881],
       [-0.05492374, -0.17636817, -0.00628054, -0.02884377, -0.03200997],
       [-0.02364579, -0.15279972,  0.06262166, -0.06286262, -0.05319456],
       [ 0.01518779,  0.07255887, -0.00591426,  0.06115876,  0.02255269],
       [-0.01293844,  0.20403356, -0.03108698,  0.0691253 ,  0.03761229],
       [-0.06784147,  0.16475873, -0.00266327,  0.05837973,  0.03963979],
       [-0.10771142,  0.11257204, -0.07784184, -0.11401311,  0.06971351],
       [ 0.10910438,  0.05618026, -0.10531379,  0.05881117,  0.03688193],
       [-0.02363827,  0.00161512, -0.04147529, -0.08168127,  0.08569533],
       [ 0.1082623 ,  0.04973789,  0.1115051 , -0.04535862,  0.04278035],
       [ 0.08151431,  0.07460402, -0.01075179, -0.12494604,  0.05718897],
       [ 0.0946006 ,  0.00647433, -0.12371895, -0.12228275,  0.07958004],
       [ 0.10578127, -0.01011339,  0.02229502, -0.03080401, -0.05522924],
       [ 0.12891549, -0.09373721,  0.08618422,  0.12037449, -0.08121651],
       [ 0.08091332, -0.03767021,  0.02158009,  0.09405775, -0.07077298],
       [ 0.09907433, -0.05054962,  0.08750185, -0.13820802, -0.03914779],
       [-0.00741171, -0.01094087, -0.02810721, -0.03562049, -0.12898528],
       [ 0.11172735, -0.04952252, -0.18033136, -0.01715913, -0.04697865],
       [ 0.05789444, -0.12385672, -0.04847251,  0.07800771, -0.08497063],
       [ 0.13107237, -0.01421428,  0.07398378,  0.01859071, -0.11079196],
       [ 0.11237992,  0.00230623,  0.02291125,  0.12355179,  0.06787962],
       [ 0.17086866,  0.13569309, -0.03436224, -0.01152028,  0.11704667],
       [ 0.08930452,  0.07353987,  0.05081635, -0.00962433,  0.11888107],
       [ 0.00870553, -0.02383628,  0.06414267, -0.16079597, -0.03475771],
       [-0.13215587, -0.03068403, -0.0482683 , -0.08950477, -0.0197619 ],
       [-0.00950378, -0.07775563,  0.03696115, -0.09920906, -0.03867431],
       [-0.18867271, -0.02052643,  0.10209594, -0.15278765, -0.03924224],
       [-0.13325237, -0.00280819, -0.02875004,  0.11226431,  0.01746097],
       [-0.15299991,  0.04464699, -0.09533906,  0.17751824,  0.03881076],
       [-0.10762472,  0.02497432, -0.05795231,  0.14922755,  0.04052062],
       [ 0.03088628,  0.00049755, -0.18740977, -0.04011433, -0.04108766],
       [ 0.00655462, -0.00480242, -0.09077023,  0.03158828, -0.08549005],
       [ 0.04433547,  0.15811834,  0.00634736, -0.04314567, -0.10658669],
       [ 0.03968883, -0.07671059,  0.04582254,  0.14678858,  0.05242075],
       [ 0.05560451, -0.04830364,  0.03294394,  0.06863099,  0.11638062],
       [ 0.02520912, -0.09968739,  0.08384371,  0.04848358,  0.09048502],
       [-0.11432762, -0.04160397, -0.16322237,  0.0060212 , -0.03469256],
       [-0.05955424,  0.03217809, -0.18176217, -0.02740667, -0.06315996],
       [-0.01441608, -0.002504  ,  0.10013711,  0.06260594,  0.02495898],
       [-0.06522859,  0.04065435,  0.20823251,  0.03364436,  0.05023143],
       [-0.11557992,  0.01766283,  0.18200703,  0.02007326,  0.04011284],
       [-0.14838229,  0.00102644, -0.02415622,  0.07335914, -0.09144929],
       [-0.1069716 ,  0.01173505,  0.07210815,  0.07079182,  0.06039423],
       [-0.12123663,  0.10434539,  0.06029084, -0.07249786,  0.09550867],
       [-0.05620849,  0.03722592,  0.1005613 , -0.05686995,  0.07945825],
       [-0.01238765, -0.08132414,  0.01076536,  0.13532089,  0.0608269 ],
       [-0.06944336, -0.04759976, -0.07833979,  0.01020888,  0.12444602],
       [-0.11133999, -0.10176156,  0.01055677,  0.00674456,  0.10149544],
       [-0.00118445,  0.02845382, -0.02778341, -0.1793507 , -0.08003055],
       [-0.11605106,  0.04914918, -0.05011188, -0.12033447, -0.05064166],
       [-0.16142084, -0.0086359 , -0.04928725, -0.02494144, -0.10769492]])})
2026-01-20 11:00:46,154 - final_problem_set.kxor_instance_n18_k2_m249_ell2_eps0.15_kappa0.625_rho0.6 - INFO - Running key extraction (n=18, m=249, ell=2, phase_qubits=13)
2026-01-20 11:00:46,155 - final_problem_set.kxor_instance_n18_k2_m249_ell2_eps0.15_kappa0.625_rho0.6 - INFO - Built voting matrix V (n=18, ell=2, dtype=complex128) in 0.002s
2026-01-20 11:00:46,156 - final_problem_set.kxor_instance_n18_k2_m249_ell2_eps0.15_kappa0.625_rho0.6 - INFO - Eval: adv=0.6064, hamming=0/18 (0.000), corr=1.000
2026-01-20 11:00:46,156 - final_problem_set.kxor_instance_n18_k2_m249_ell2_eps0.15_kappa0.625_rho0.6 - INFO - Key extraction complete: x_hat=0
2026-01-20 11:00:46,156 - final_problem_set.kxor_instance_n18_k2_m249_ell2_eps0.15_kappa0.625_rho0.6 - INFO - Finished step 'KeyExtractionStep' in 0.002s (success: True, problem=kxor_instance_n18_k2_m249_ell2_eps0.15_kappa0.625_rho0.6)
2026-01-20 11:00:46,156 - final_problem_set.kxor_instance_n18_k2_m249_ell2_eps0.15_kappa0.625_rho0.6 - INFO - SUCCESS: len(z_hat)=18
2026-01-20 11:00:46,156 - final_problem_set.kxor_instance_n18_k2_m249_ell2_eps0.15_kappa0.625_rho0.6 - INFO - Metrics: adv=0.606425702811245, ham_frac=0.0, corr=1.0
2026-01-20 11:00:46,156 - final_problem_set.kxor_instance_n18_k2_m249_ell2_eps0.15_kappa0.625_rho0.6 - INFO - z_hat (full): [ 1,  1,  1,  1, -1, -1, -1,  1, -1,  1,  1,  1,  1,  1,  1, -1, -1, -1]
