2026-01-20 11:01:27,365 - final_problem_set.kxor_instance_n24_k2_m176_ell2_eps0.15_kappa1.0_rho1.0 - INFO - Starting iteration for /Users/julian/CodingProjects/UniT3/QuarticSpeedupK-XOR/z_Daphne/data/final_problem_set/kxor_instance_n24_k2_m176_ell2_eps0.15_kappa1.0_rho1.0.npz
2026-01-20 11:01:27,365 - final_problem_set.kxor_instance_n24_k2_m176_ell2_eps0.15_kappa1.0_rho1.0 - INFO - Loaded instance (n=24, m=176, k=2)
2026-01-20 11:01:27,365 - final_problem_set.kxor_instance_n24_k2_m176_ell2_eps0.15_kappa1.0_rho1.0 - INFO - Starting step 'ComputeKikuchiStep' (version 0.1) on problem kxor_instance_n24_k2_m176_ell2_eps0.15_kappa1.0_rho1.0 (fields={'ell': 2, 'threshold': 0.0})
2026-01-20 11:01:27,393 - final_problem_set.kxor_instance_n24_k2_m176_ell2_eps0.15_kappa1.0_rho1.0 - INFO - Finished step 'ComputeKikuchiStep' in 0.027s (success: True, problem=kxor_instance_n24_k2_m176_ell2_eps0.15_kappa1.0_rho1.0)
2026-01-20 11:01:27,393 - final_problem_set.kxor_instance_n24_k2_m176_ell2_eps0.15_kappa1.0_rho1.0 - INFO - Starting step 'ClassicalEigenvaluesStep' (version 0.1) on problem kxor_instance_n24_k2_m176_ell2_eps0.15_kappa1.0_rho1.0 (fields={'ell': 2, 'threshold': 0.0, 'kikuchi_matrix': <Dictionary Of Keys sparse matrix of dtype 'int64'
	with 5852 stored elements and shape (276, 276)>, 'num_eigenvalues': 5})
2026-01-20 11:01:27,499 - final_problem_set.kxor_instance_n24_k2_m176_ell2_eps0.15_kappa1.0_rho1.0 - INFO - Finished step 'ClassicalEigenvaluesStep' in 0.107s (success: True, problem=kxor_instance_n24_k2_m176_ell2_eps0.15_kappa1.0_rho1.0)
2026-01-20 11:01:27,500 - final_problem_set.kxor_instance_n24_k2_m176_ell2_eps0.15_kappa1.0_rho1.0 - INFO - Starting step 'KeyExtractionStep' (version 0.1) on problem kxor_instance_n24_k2_m176_ell2_eps0.15_kappa1.0_rho1.0 (fields={'ell': 2, 'threshold': 0.0, 'kikuchi_matrix': <Dictionary Of Keys sparse matrix of dtype 'int64'
	with 5852 stored elements and shape (276, 276)>, 'num_eigenvalues': 5, 'eigenvalues': array([12.43114767, 12.76263665, 13.63202579, 13.86626923, 21.67828626]), 'eigenvectors': array([[-4.72696964e-02,  4.95503125e-02, -1.13303681e-01, -2.56764511e-02,  5.35356664e-02],
       [ 5.73992928e-03, -5.25149407e-02,  4.23732094e-03,  1.21875332e-02,  6.00037169e-02],
       [ 1.54233099e-02, -8.43226850e-02,  4.04469396e-02, -5.12311864e-03, -7.32050628e-02],
       [-1.91635649e-02,  1.12447161e-01, -5.77968753e-02,  2.82589095e-02,  6.11119347e-02],
       [ 2.41299128e-03,  1.70398554e-02,  1.08009880e-02,  4.67915475e-02,  7.18895630e-02],
       [-7.21449429e-02,  1.83287490e-02, -1.76232641e-02, -6.58854443e-02,  4.79842154e-02],
       [ 4.51651082e-02,  9.18559310e-02,  7.91333130e-02, -1.25455327e-04, -7.01622921e-02],
       [-8.94185980e-02,  1.80452760e-02, -3.57978904e-02,  8.07769621e-02,  6.15703672e-02],
       [-3.99273090e-02,  4.57467726e-02, -7.87733207e-02, -2.82321254e-02,  7.12354973e-02],
       [-2.03358575e-02,  4.04263279e-02,  4.69176308e-02,  1.20664341e-02,  6.70931072e-02],
       [ 4.88597495e-02, -3.20625427e-02, -1.05757251e-01, -4.01642046e-02,  5.86593224e-02],
       [-2.64867919e-02,  1.75774312e-02, -1.06922760e-01,  9.43844768e-02,  5.57964056e-02],
       [ 7.93564074e-02, -5.68281246e-04,  5.36715062e-02, -4.93778169e-02, -6.71001717e-02],
       [-4.52258743e-02, -5.12311947e-04, -9.20511603e-02, -4.38709518e-02,  4.99875785e-02],
       [ 3.26715360e-02, -2.47475080e-03,  4.59435870e-02, -1.03980885e-01, -3.84359955e-02],
       [ 8.99400986e-02, -1.65850882e-02,  9.98381321e-02, -7.02656094e-02, -7.64443642e-02],
       [ 4.96361913e-02,  2.87474848e-02,  1.11862179e-03,  7.05365270e-02,  6.15711613e-02],
       [ 3.89085712e-02,  6.21348510e-02, -4.46263051e-02, -1.84547055e-03,  6.99595719e-02],
       [-7.71238402e-02, -5.45303807e-02, -5.94266387e-02,  2.14024731e-02,  7.46418507e-02],
       [-5.52529759e-02, -2.46731066e-02,  8.65431931e-02, -6.92289952e-02, -5.15353326e-02],
       [-1.96291031e-02,  5.57097566e-02,  9.35579223e-02, -2.75052653e-02, -5.55882596e-02],
       [ 3.20384456e-02,  5.44549890e-02, -7.27059823e-03, -6.95131669e-02, -7.13682855e-02],
       [-1.17930887e-01,  3.25518718e-02,  4.68539669e-03,  1.47565096e-02,  6.74179118e-02],
       [ 1.04705988e-02, -1.48151046e-02, -2.32393349e-02, -6.04718536e-02,  5.47514554e-02],
       [ 1.21945060e-02, -1.20178476e-01,  6.91075384e-02,  8.16864407e-02, -6.64588200e-02],
       [-1.32881821e-02,  1.18891934e-01, -7.25681662e-02, -4.28137822e-02,  5.07541858e-02],
       [ 3.64496616e-03,  5.00552084e-02, -1.96650192e-02, -4.13866004e-02,  6.09550255e-02],
       [-4.90295397e-02,  3.35831490e-02, -2.59103997e-02, -9.46992242e-02,  3.69299740e-02],
       [ 3.36297336e-02,  4.05107456e-02,  9.20028600e-02,  7.64827959e-02, -5.84413561e-02],
       [-8.74881520e-02,  5.27626883e-02, -6.28131576e-02, -1.69734160e-04,  5.70922193e-02],
       [-2.83656765e-02,  6.34703165e-02, -8.34992075e-02, -8.82948233e-02,  5.43856548e-02],
       [-1.42579802e-02,  6.67928136e-02,  1.23342167e-02, -6.66793238e-02,  5.69176879e-02],
       [ 3.83880938e-02,  2.19671467e-03, -9.81098220e-02, -8.47185469e-02,  4.52531388e-02],
       [-1.75349425e-02,  3.84616179e-02, -1.03333476e-01,  1.62460902e-02,  4.45073795e-02],
       [ 7.42633594e-02, -3.90769503e-02,  8.11196761e-02,  3.76004992e-02, -6.19558322e-02],
       [-3.56665897e-02,  2.46308879e-02, -9.26069728e-02, -8.43761778e-02,  4.11447607e-02],
       [ 3.05967702e-02, -2.56838111e-02,  6.45286129e-02, -4.88227272e-02, -3.62284198e-02],
       [ 7.17762430e-02, -5.37464147e-02,  1.16327464e-01,  2.81877326e-02, -6.46178036e-02],
       [ 4.57383425e-02,  5.59157435e-02, -2.45703974e-02, -1.19144514e-02,  5.27213926e-02],
       [ 2.64298840e-02,  7.49241130e-02, -5.78444556e-02, -6.83359373e-02,  5.38637013e-02],
       [-6.37124729e-02, -5.67248223e-03, -8.10770302e-02, -6.70373637e-02,  6.35794856e-02],
       [-5.53236822e-02, -5.33421028e-02,  1.06851587e-01, -2.22287598e-03, -4.79885180e-02],
       [-1.78195197e-02,  2.11478612e-02,  1.11503457e-01,  3.90518745e-02, -5.01692604e-02],
       [ 2.55895687e-02,  1.10094978e-02,  2.35202129e-02,  2.28034820e-02, -6.10613306e-02],
       [-9.69777996e-02,  6.15627849e-02, -2.34149804e-02, -6.43544876e-02,  5.74525955e-02],
       [-6.68983150e-02,  5.73618652e-03, -8.47080895e-02,  4.39717620e-02, -7.24815612e-02],
       [ 5.00302658e-02,  4.01117747e-02,  4.27313561e-02, -1.15587798e-02,  6.16115414e-02],
       [ 6.50390472e-02, -5.59985619e-02,  1.05604191e-01, -2.42228655e-03,  5.96682995e-02],
       [-1.36257443e-02, -2.83050645e-02,  4.87483955e-02, -8.13255440e-02,  3.98648615e-02],
       [-2.75484436e-02,  1.41418263e-01, -3.53586229e-02,  3.64219258e-02, -5.88687063e-02],
       [-2.63853169e-02, -6.03131645e-02,  6.93876046e-02,  4.44766517e-02,  6.22578666e-02],
       [ 4.05436113e-02, -3.88599025e-02,  4.32303168e-02, -6.92190857e-02,  6.59941556e-02],
       [ 4.50773473e-02, -3.41319528e-02,  1.23670687e-01, -2.76320454e-02,  5.50509589e-02],
       [ 9.59651038e-02, -8.30373680e-02, -1.98975672e-03, -6.72627528e-02,  5.02363777e-02],
       [ 3.02201040e-02, -4.86204538e-02, -9.85293501e-03,  5.74627306e-02,  5.35388526e-02],
       [ 7.18243835e-03,  8.71778844e-02, -6.23472299e-02, -8.15293061e-03, -6.74442444e-02],
       [ 8.63075997e-03, -5.98235984e-02, -6.44861873e-03, -7.59642736e-02,  5.05817112e-02],
       [-3.71541959e-03,  4.45089987e-02, -1.48225108e-02, -8.18248054e-02, -3.93008768e-02],
       [ 1.12880712e-02,  7.89529350e-02, -3.03254990e-02, -2.38461726e-02, -7.80137447e-02],
       [ 9.12663212e-02, -3.88533473e-02,  8.23844043e-02,  2.30574512e-02,  5.16827057e-02],
       [ 1.06409335e-01, -2.25947272e-02,  6.75769162e-02, -4.80553895e-02,  6.42166560e-02],
       [ 4.90797295e-03, -1.32288685e-01,  6.07340673e-02, -2.50997634e-02,  6.80199343e-02],
       [-9.89071841e-02,  3.24180621e-02,  2.00460740e-03, -3.64251070e-02, -4.89102582e-02],
       [-8.12263916e-02,  1.23169815e-01, -2.08989701e-03,  7.03507813e-03, -5.50815162e-02],
       [-3.70224070e-02,  1.13357823e-01, -9.93453922e-02, -1.74307147e-02, -5.88856143e-02],
       [-3.05661560e-02, -4.23689056e-02,  9.73377766e-02, -2.33519242e-02,  5.73623946e-02],
       [-2.97753879e-02, -1.82331123e-01, -4.91928146e-03,  1.85816952e-02, -6.81287334e-02],
       [-5.74209209e-02, -7.26742073e-02, -9.32235632e-02,  1.10935725e-02, -7.41776766e-02],
       [ 3.33057630e-02, -5.20609506e-02, -3.55101690e-02,  1.07138159e-01, -4.87593906e-02],
       [ 1.45830495e-02, -3.77070522e-02,  3.97676415e-03, -6.45056520e-02,  8.07210115e-02],
       [ 5.34337049e-02, -7.78505544e-02, -3.54295235e-02, -4.07520460e-02, -7.07144891e-02],
       [-1.82094528e-02, -1.03556182e-01, -1.88151662e-03,  8.41200326e-02, -7.34407311e-02],
       [-3.32169866e-02, -8.89029989e-02, -1.21322706e-01,  4.28810844e-02, -6.82674415e-02],
       [-9.96470716e-02, -1.04549609e-02,  4.01828994e-02,  9.10233095e-02, -6.19856340e-02],
       [-1.99294620e-02, -8.07195815e-02,  5.30603040e-02, -5.96151288e-02, -6.55815752e-02],
       [-3.15108237e-02,  6.10551808e-02,  2.23860575e-02, -2.79593067e-03,  7.66961057e-02],
       [ 1.41771343e-02, -4.31646995e-02,  4.49238683e-02,  9.31287390e-02, -5.74621187e-02],
       [-7.52671694e-03,  5.01990786e-02, -9.20612222e-03,  9.46193818e-02,  4.90617836e-02],
       [-4.33866314e-02,  1.08768318e-01, -1.98556731e-02,  1.52172237e-02,  9.63923048e-02],
       [-9.78210541e-02, -7.81747029e-02, -6.95806929e-02, -2.31104202e-02, -6.37110078e-02],
       [-9.04147916e-02, -1.15946015e-01, -3.26543305e-02,  5.78991171e-02, -7.11699969e-02],
       [ 2.61930246e-02, -5.71398265e-03, -3.13719475e-02,  5.19534351e-02, -9.36374250e-02],
       [ 1.09221530e-01,  7.74441367e-02, -3.89473752e-02,  3.91329810e-02,  5.99438179e-02],
       [ 7.92308276e-02, -1.29244565e-02, -3.90299172e-02, -1.83605926e-02,  6.88674133e-02],
       [ 2.73277242e-02,  4.38900897e-03,  9.91732069e-02,  1.29194823e-02,  8.14409343e-02],
       [ 6.25426562e-02, -8.66462591e-02, -8.33478088e-02,  3.89226721e-02, -7.05408818e-02],
       [ 4.00925476e-02,  1.07298188e-01,  4.87880814e-02,  1.82323274e-02,  6.27106849e-02],
       [-3.36910937e-02,  8.49760155e-02,  1.27086330e-02, -7.92857699e-02,  4.49175929e-02],
       [-4.49327693e-03, -1.63745501e-02,  2.84918075e-02,  2.77579661e-02, -6.79726654e-02],
       [-5.66585163e-02,  1.21299358e-01,  4.96056210e-03,  6.38341849e-02,  6.37273352e-02],
       [ 9.50306532e-03,  1.28527506e-01, -2.51847779e-02, -4.41498998e-02,  6.13796993e-02],
       [ 2.05661685e-02,  1.18221807e-01,  7.51229509e-02, -1.09711901e-02,  5.82654945e-02],
       [ 8.66136377e-02,  5.32774921e-02, -6.24401822e-02, -6.08066715e-02,  5.65367387e-02],
       [ 9.15898583e-03,  8.99967492e-02, -5.81797668e-02,  6.52760176e-02,  5.01773921e-02],
       [ 3.77251902e-02, -1.09902101e-01,  9.23134525e-03, -2.74082451e-02, -6.94841653e-02],
       [-1.54327493e-02,  8.07109840e-02, -6.31746124e-02, -6.55218348e-02,  5.22519826e-02],
       [ 1.10018407e-02, -6.95979261e-02,  2.35498393e-02, -9.42617277e-02, -4.02946342e-02],
       [ 3.71708293e-02, -1.33721974e-01,  4.36216356e-02, -4.03346847e-02, -7.39455081e-02],
       [ 8.41762957e-02,  1.17695710e-01,  3.95097627e-02,  4.39864876e-02,  5.76500719e-02],
       [ 6.93735746e-02,  1.40398818e-01,  1.64015735e-04, -2.23320323e-02,  6.03985937e-02],
       [-3.14000691e-02,  6.12336927e-02, -1.07127188e-02, -9.30800304e-03,  7.88614747e-02],
       [-8.65158172e-02, -9.70560657e-02,  5.04128819e-02, -4.86169105e-02, -4.97982770e-02],
       [-5.88702128e-02, -2.96570228e-02,  5.91781785e-02, -8.31134534e-03, -5.78316925e-02],
       [-1.51731510e-02, -5.43072494e-02, -5.16117206e-02, -4.13746048e-02, -6.83123368e-02],
       [-5.88937893e-02,  1.16055807e-01,  4.30343460e-02, -7.41398815e-03,  5.95033064e-02],
       [-2.28133480e-02,  1.36335103e-02,  7.14184190e-02, -7.97865569e-02,  4.83495376e-02],
       [-2.55445298e-02,  8.92641721e-02, -4.76817402e-02,  1.54149193e-02, -6.64596726e-02],
       [-3.45638949e-02,  1.20162744e-02,  7.54898289e-02,  7.03839517e-02,  6.32839152e-02],
       [ 3.01767840e-02,  3.19767592e-02,  5.17007520e-02, -3.99429589e-02,  6.73485280e-02],
       [ 3.83493889e-02,  2.68633564e-02,  1.48457895e-01, -5.25401730e-03,  6.08503330e-02],
       [ 1.16378757e-01, -4.11407445e-02,  3.63955688e-03, -5.59349108e-02,  6.04184762e-02],
       [ 3.21833975e-02,  1.42219746e-02, -4.56375209e-03,  8.87124325e-02,  5.90786747e-02],
       [ 1.63820888e-02,  9.92434037e-03, -7.99326765e-02, -4.27060307e-02, -7.49249516e-02],
       [ 1.92597048e-03, -5.48117258e-03, -2.22964631e-03, -6.20293440e-02,  5.68517051e-02],
       [-6.87767480e-04, -2.41700527e-03, -1.35359401e-02, -1.01866874e-01, -4.00861191e-02],
       [ 1.98712246e-02, -1.39846490e-02, -4.51337627e-02, -6.46846462e-02, -8.68765456e-02],
       [ 9.70891286e-02,  1.91201433e-02,  9.81038411e-02,  5.20134704e-02,  5.69608471e-02],
       [ 9.49171544e-02,  4.44416684e-02,  7.14411057e-02, -1.92570012e-02,  6.41430335e-02],
       [-3.60769993e-03, -6.37503163e-02,  7.82334404e-02,  2.51933475e-03,  7.74780329e-02],
       [-1.24557792e-01, -2.30867135e-02, -3.88111864e-03, -7.08119472e-02, -5.91408865e-02],
       [-8.80350244e-02,  6.98934396e-02, -7.71210833e-03, -2.06570176e-02, -6.19298402e-02],
       [-3.29908898e-02,  5.32902513e-02, -1.19842620e-01, -4.58846566e-02, -6.51912201e-02],
       [-4.94265508e-02,  2.49638828e-02,  1.33589463e-01, -4.95009805e-05,  6.83973310e-02],
       [ 4.71847957e-02,  4.64422051e-02, -1.25930007e-02,  9.71840719e-02, -4.37608498e-02],
       [-9.71956497e-02,  1.43883924e-02,  3.30232733e-02, -4.27797773e-02,  4.70900791e-02],
       [-4.14934467e-02,  2.63945384e-02,  1.32595624e-02, -1.13077370e-01,  4.36465741e-02],
       [-3.02939581e-02,  2.23360502e-02,  7.52352098e-02, -8.77748946e-02,  4.11955667e-02],
       [ 1.67094560e-02, -1.97896498e-02, -1.55311798e-02, -1.15645787e-01,  3.94348052e-02],
       [-3.79316333e-02,  1.74700354e-02, -2.31196236e-02, -2.00331463e-02,  4.00062891e-02],
       [ 8.59127912e-02, -4.53390511e-04, -2.41689974e-02,  7.56274849e-02, -4.99129726e-02],
       [-4.64977534e-02,  1.96384812e-03, -1.50997422e-02, -1.00736913e-01,  3.41195298e-02],
       [ 4.38057059e-02, -6.01014421e-03,  2.96173199e-04, -1.41596988e-02, -3.04569981e-02],
       [ 1.00232256e-01, -1.77561588e-02, -3.51240756e-04,  7.47949023e-02, -5.82434864e-02],
       [ 1.36386782e-02,  2.10153932e-02,  5.35756226e-02, -4.83511842e-02,  4.22427922e-02],
       [ 4.12822832e-03,  4.03401920e-02,  3.41687949e-02, -1.08704762e-01,  4.70512341e-02],
       [-8.77183195e-02, -4.01397870e-02,  2.92110188e-02, -1.12614941e-01,  5.56224895e-02],
       [-2.39866240e-02, -2.33406613e-02,  1.90839147e-02,  3.32220333e-02, -3.98670560e-02],
       [ 4.27833342e-03,  3.98794808e-02,  1.57042221e-02,  7.19997814e-02, -4.17902925e-02],
       [ 4.57235840e-02,  3.44245896e-02, -6.74772840e-02,  6.46719026e-02, -4.88181176e-02],
       [-8.64423690e-02,  1.80485279e-02,  5.26496488e-02, -8.55122019e-02,  4.18355051e-02],
       [ 8.15599233e-02,  9.51112670e-02,  2.01550639e-03, -3.12136270e-02, -6.79555448e-02],
       [ 1.09142380e-02,  6.15751802e-02,  2.90855394e-02,  7.98928375e-02, -6.53470704e-02],
       [-6.82787946e-03,  7.09402396e-02, -8.58982285e-02,  5.02793446e-02, -6.70114788e-02],
       [-6.54648262e-02,  1.08966074e-01,  6.17685727e-02,  8.07685383e-02, -5.40928189e-02],
       [ 5.11024887e-03,  6.33653466e-02,  6.89295768e-02, -4.57216934e-02, -5.30282984e-02],
       [-5.63199936e-02, -1.10122568e-01, -1.18136381e-02, -8.51725054e-03,  6.77223767e-02],
       [ 2.91793669e-02,  7.45122178e-02,  6.38178972e-02,  8.41509757e-02, -5.05289120e-02],
       [-2.53460519e-02, -6.78367873e-02, -3.37333088e-02,  7.96537183e-02,  4.30455782e-02],
       [-6.46418631e-02, -1.11296912e-01, -5.74096264e-02,  5.09915502e-03,  7.81090611e-02],
       [-7.48461706e-02,  7.44997943e-02, -3.64762147e-02, -1.35842343e-02, -6.17267947e-02],
       [-6.33439851e-02,  5.28917803e-02,  2.22560692e-03,  6.51514893e-02, -7.02837720e-02],
       [ 5.35474380e-02,  1.75069143e-01,  1.60043486e-02,  4.41893769e-02, -7.43116061e-02],
       [ 8.32758453e-02, -6.41367560e-02, -6.74484810e-02,  3.11076838e-02,  5.80133377e-02],
       [ 3.84715628e-02, -1.37037965e-01, -6.00322280e-02, -1.65838070e-02,  5.46088652e-02],
       [-6.78284044e-03, -1.52909303e-01,  4.34208704e-02,  4.95152992e-03,  6.53717668e-02],
       [ 9.22794428e-02,  8.11942006e-02, -4.61606416e-02,  4.55326459e-02, -6.79327376e-02],
       [-7.77249958e-02,  4.05643729e-02, -1.87568050e-03,  6.78748690e-03,  6.89875805e-02],
       [-5.57788249e-02,  3.55601981e-02,  1.13667471e-01,  4.35315138e-02,  6.35888661e-02],
       [ 1.70693804e-02, -3.81800227e-02, -4.31567391e-02, -1.16274974e-02,  5.85072450e-02],
       [-4.60616863e-02,  1.48609060e-02, -4.19534727e-02,  1.07544201e-01,  5.08914831e-02],
       [ 1.08605726e-01,  4.40108343e-03, -1.93881556e-02, -7.95237343e-02, -6.44326832e-02],
       [-8.35224398e-02, -3.51504567e-03, -4.41221233e-02, -2.08690306e-02,  5.32923025e-02],
       [ 4.69942853e-02, -3.04494193e-03,  1.00348755e-02, -1.15274381e-01, -3.65198087e-02],
       [ 1.26920689e-01, -1.61448077e-02,  1.66580733e-02, -1.04436110e-01, -7.43636273e-02],
       [ 1.48054539e-02,  2.43625362e-02,  6.51027480e-02,  9.70990460e-02,  5.85067131e-02],
       [-3.07447404e-03,  5.15217663e-02,  2.38009828e-02,  2.68467287e-02,  6.26291759e-02],
       [-1.14229959e-01, -5.82964996e-02,  1.87507237e-02,  5.46972303e-02,  7.23862173e-02],
       [-3.23739053e-02, -2.51837933e-02,  3.56917557e-02, -1.05050598e-01, -5.55458178e-02],
       [ 1.00611577e-02,  6.37244941e-02,  3.84754631e-02, -5.93187989e-02, -5.81484954e-02],
       [ 5.99598924e-02,  4.99017881e-02, -7.07359331e-02, -8.86844793e-02, -6.23700839e-02],
       [-1.30457632e-01,  2.62982055e-02,  6.85994708e-02,  4.16913325e-02,  5.99031098e-02],
       [ 1.33698838e-02,  5.51009078e-02,  8.86436343e-02, -7.59222644e-02,  6.73426879e-02],
       [ 6.92030538e-02, -1.54544817e-02, -6.12686017e-02, -1.02255273e-01,  5.48214387e-02],
       [-7.37454451e-05,  4.05705218e-02, -7.61473481e-02,  2.83179924e-02,  5.80264522e-02],
       [ 5.04091581e-02, -2.14314254e-02,  1.33658665e-02,  3.40247052e-02, -6.87731906e-02],
       [-3.11357270e-02,  1.70562294e-02, -7.05900416e-02, -1.15648858e-01,  5.51535134e-02],
       [ 2.15118544e-02, -2.02529716e-02,  3.32982010e-02, -6.54546211e-02, -4.45722902e-02],
       [ 5.82733009e-02, -4.35989969e-02,  5.74614044e-02,  2.46913606e-02, -7.99668780e-02],
       [ 8.21022105e-02,  4.73775324e-02,  3.90084832e-02, -8.57161205e-03,  6.28061196e-02],
       [ 5.90105059e-02,  7.09188778e-02,  2.95313060e-04, -8.00744181e-02,  6.44865156e-02],
       [-5.45541092e-02, -3.98675114e-02, -1.48188922e-02, -8.51905561e-02,  8.34195306e-02],
       [-9.10237246e-02, -4.91507113e-02,  6.77934348e-02, -9.95555305e-03, -5.86564060e-02],
       [-4.29362934e-02,  3.89324866e-02,  6.07954601e-02,  3.69652530e-02, -5.64755371e-02],
       [ 4.42161464e-04,  3.47166154e-02, -5.30943533e-02,  2.23181838e-02, -7.28815128e-02],
       [-7.54658637e-02,  4.33747918e-02,  4.37509153e-02, -6.44846565e-02,  6.35334732e-02],
       [ 9.17749871e-02, -1.98683719e-02,  3.43895607e-02, -8.25405098e-02,  5.69237646e-02],
       [ 1.12017377e-02,  3.21330403e-02,  2.60788594e-02,  5.72164988e-02,  5.57087580e-02],
       [ 3.14384173e-02, -1.32457459e-02, -1.00228094e-01, -3.59696514e-03, -6.45847272e-02],
       [-1.47588982e-02,  1.18520645e-02,  2.65171916e-02, -8.38042529e-02,  5.30255849e-02],
       [ 1.20165896e-02, -1.78656697e-02, -4.26828893e-02, -8.55024070e-02, -4.15411699e-02],
       [ 4.53113341e-02, -4.17531692e-02, -8.60898100e-02, -2.09413869e-02, -8.15751144e-02],
       [ 7.28476955e-02,  3.51044721e-02,  1.17109356e-01,  2.29364986e-02,  5.25448561e-02],
       [ 6.94099198e-02,  6.17500167e-02,  9.99201725e-02, -4.74301591e-02,  6.03626393e-02],
       [-2.40940693e-02, -3.39438746e-02,  1.11262551e-01, -3.32703831e-02,  7.19014145e-02],
       [-9.77050308e-02, -4.09570932e-02, -3.32052731e-02, -4.01851541e-02, -5.53408444e-02],
       [-6.47762472e-02,  4.57698272e-02, -3.89571160e-02,  1.14194107e-02, -5.81508349e-02],
       [-1.19805180e-02,  2.98108762e-02, -1.44303804e-01, -1.48155314e-02, -6.12523146e-02],
       [-5.45977790e-02,  3.98317615e-02,  1.37584673e-01, -2.68934969e-02,  5.80589534e-02],
       [ 6.51538570e-02, -2.53523162e-02, -9.84405258e-02,  8.53802603e-03,  4.90485801e-02],
       [-3.94503895e-02,  5.65156575e-02,  5.72989495e-02,  5.06996978e-02, -6.26432179e-02],
       [ 3.36216887e-02, -3.44420294e-02, -7.89428956e-02, -9.46833792e-02,  4.17885779e-02],
       [-3.31690377e-02,  3.01138200e-02,  5.39637595e-02, -4.26365888e-02, -3.74944572e-02],
       [-4.54031393e-02,  4.79573854e-02,  1.05219458e-01,  4.25098734e-02, -7.24074835e-02],
       [ 1.39595449e-01, -2.58788892e-02, -5.66334551e-03, -2.38456566e-02,  5.27129154e-02],
       [ 1.22695772e-01, -5.17379273e-03, -3.59071179e-02, -8.20220293e-02,  5.37636672e-02],
       [ 5.24730029e-02, -9.94091251e-02, -5.61959688e-02, -8.16665969e-02,  6.37668711e-02],
       [-1.22090107e-01,  1.46059768e-02,  8.08800070e-02,  5.81480679e-03, -4.49842600e-02],
       [-9.40966675e-02,  8.21747725e-02,  7.96799859e-02,  4.46989733e-02, -4.61747528e-02],
       [-8.53956969e-02,  1.00561776e-01, -1.78562551e-04,  3.68679028e-02, -6.07743938e-02],
       [ 8.67173352e-03, -2.63682621e-02, -1.54111850e-03, -7.96205020e-02,  5.83649933e-02],
       [ 3.55184097e-02, -3.01678019e-03,  5.63281506e-02, -8.62220012e-02, -5.45241440e-02],
       [-1.96025433e-02,  1.76602246e-03, -9.75352474e-02,  5.71177280e-04,  4.54996664e-02],
       [ 1.21699583e-02, -1.90902917e-03,  4.38928664e-02, -1.06470130e-01, -3.13654318e-02],
       [ 3.92484481e-02, -1.28558225e-02,  9.49854875e-02, -1.08586953e-01, -6.16324264e-02],
       [ 5.74684581e-02,  2.07043050e-02, -8.76305446e-03,  8.71145828e-02,  4.62731657e-02],
       [ 6.07354508e-02,  5.19815094e-02, -5.09194351e-02,  4.69232649e-02,  5.75033514e-02],
       [-3.75236956e-02, -5.37551595e-02, -7.01090382e-02,  7.78831661e-02,  6.71841625e-02],
       [-6.17982361e-02, -1.97805566e-02,  7.88575130e-02, -8.81019406e-02, -4.23016006e-02],
       [-3.57584135e-02,  4.21828583e-02,  8.50180916e-02, -6.04010564e-02, -4.53107934e-02],
       [-3.46715496e-03,  4.45210187e-02,  7.07832654e-03, -1.06010322e-01, -5.81170116e-02],
       [-6.68586947e-02,  2.60971120e-02, -7.81333482e-03,  6.08482196e-02,  5.61647107e-02],
       [ 7.10446160e-02,  1.88962775e-02,  5.97537114e-02,  5.80815827e-02, -5.78503871e-02],
       [-5.12173686e-02, -1.12935376e-02, -1.74320501e-02,  1.18560432e-01,  4.48191589e-02],
       [-1.14728080e-01, -8.17055176e-03, -3.50005643e-02,  6.68810580e-02,  8.07151557e-02],
       [-3.63140871e-02, -4.55909701e-03, -5.35367856e-02, -6.01086003e-02, -5.93862827e-02],
       [-2.14582008e-02, -3.93106538e-02, -1.67639381e-02,  1.18927236e-02, -7.35969359e-02],
       [ 9.97433853e-02,  8.74853062e-02, -6.51067497e-03, -1.23478162e-02, -7.86166023e-02],
       [ 5.11675073e-02,  9.63143297e-03, -5.16503520e-02,  7.80163252e-02,  6.00477899e-02],
       [ 1.08487670e-02, -7.68951266e-02, -4.69205074e-02,  2.35628688e-02,  5.78283262e-02],
       [-5.10107466e-02, -8.56377486e-02,  7.47626413e-02,  6.56977745e-02,  7.39571159e-02],
       [ 1.21242998e-01, -5.83656341e-03, -6.16022705e-02, -7.74488049e-03, -6.48233142e-02],
       [ 2.96539241e-02,  7.97915727e-03,  5.22245845e-02, -3.34875979e-02, -3.42355784e-02],
       [ 6.92522759e-02,  4.58720788e-03,  9.31322143e-02,  5.14371533e-02, -6.11703805e-02],
       [ 4.11865216e-02,  3.87776042e-03, -1.00702202e-02, -2.97094729e-02,  4.92187493e-02],
       [ 2.26350016e-02,  2.33363541e-02, -4.07903611e-02, -8.53369963e-02,  5.06065289e-02],
       [-5.96921972e-02, -5.89327682e-02, -5.74211160e-02, -8.64933960e-02,  5.86901966e-02],
       [-5.08246976e-02, -8.20837992e-03,  8.92769203e-02,  1.40851956e-02, -4.52342835e-02],
       [-1.60756221e-02,  6.19921789e-02,  9.16035232e-02,  5.52017295e-02, -4.71389887e-02],
       [ 2.49848696e-02,  6.28633847e-02,  5.23590119e-03,  4.40973190e-02, -5.66527948e-02],
       [-9.29555499e-02,  6.99825738e-03, -6.73924863e-03, -8.31045843e-02,  5.39698888e-02],
       [-4.84665877e-02, -4.98886127e-04, -4.09301390e-02,  1.30080642e-01,  4.57298880e-02],
       [-3.02354312e-02, -1.04043459e-02, -1.43106655e-02, -1.10833014e-01, -3.69492689e-02],
       [-2.70830652e-02, -3.18447047e-02,  1.56411207e-02, -7.77942377e-02, -4.31392408e-02],
       [ 5.06337095e-02,  5.26133606e-02,  2.41008462e-02, -1.08417985e-01, -4.98875971e-02],
       [ 3.20400035e-02,  7.44238099e-03, -3.81639750e-02,  9.83882493e-02,  3.16637622e-02],
       [ 1.44090582e-02, -4.69556217e-02, -4.99252392e-02,  8.71282657e-02,  3.68806871e-02],
       [-1.51630799e-02, -3.44623474e-02,  1.16859659e-02,  1.11608038e-01,  3.92253112e-02],
       [ 6.95639209e-02, -1.25357814e-02, -1.90045738e-02, -8.81506999e-02, -4.19110463e-02],
       [-4.28110210e-02, -2.60465239e-02, -2.95292418e-02, -8.08946969e-02, -6.89399407e-02],
       [-2.59921601e-02, -6.86287225e-02,  2.57378832e-02, -4.47680279e-03, -8.51870678e-02],
       [ 1.16218247e-01,  8.08126307e-02,  4.09239945e-02, -3.31429050e-02, -9.09568525e-02],
       [ 5.92083018e-02,  2.40076883e-02, -8.65076621e-02,  9.03386318e-02,  6.34772765e-02],
       [ 8.82959651e-03, -8.27263724e-02, -1.02074760e-01,  4.51066658e-02,  7.23298164e-02],
       [-5.14742849e-02, -6.91059071e-02,  3.67964227e-02,  8.20570518e-02,  7.93974801e-02],
       [ 1.44925939e-01, -2.86192955e-02, -3.50252724e-02, -2.16078229e-02, -7.55626493e-02],
       [ 1.24469397e-01,  5.31300361e-02,  5.29412877e-02,  1.24114497e-02,  5.60774996e-02],
       [ 5.32433366e-02, -4.98366332e-02,  6.25438574e-02,  3.90080938e-02,  7.23394714e-02],
       [-1.25174252e-01, -2.79873292e-02,  2.90250805e-03, -7.34620245e-02, -4.60448399e-02],
       [-1.15529150e-01,  4.97977621e-02,  8.83652705e-04, -4.10493354e-02, -5.32112337e-02],
       [-7.19106507e-02,  3.50955346e-02, -9.54334388e-02, -6.90048651e-02, -5.67674190e-02],
       [ 5.46033320e-03,  3.64534622e-02,  1.05550763e-01,  3.01357807e-02,  5.92712029e-02],
       [ 3.63342596e-02, -1.90737258e-02,  2.04456023e-02, -5.47536256e-02,  8.18027295e-02],
       [-1.49544166e-01, -6.17147379e-02,  4.15543733e-02, -2.99848633e-02, -5.74071119e-02],
       [-9.93428502e-02,  2.65391806e-02,  3.68073315e-02,  1.87148003e-02, -5.57700807e-02],
       [-6.56143215e-02,  1.39556647e-02, -6.88915210e-02, -9.10325016e-05, -6.52659706e-02],
       [-1.23604714e-02,  6.72002174e-02,  7.62409552e-02, -4.90986768e-02,  6.77060587e-02],
       [-6.77359992e-02,  4.12021130e-02,  5.91017419e-02, -5.71704537e-02, -6.80497033e-02],
       [-2.04804452e-02,  1.33251806e-01,  5.49365148e-02,  2.76666762e-03, -6.46013110e-02],
       [ 3.87588462e-02,  1.39510909e-01, -7.10181689e-02, -2.79593377e-02, -7.53266968e-02],
       [-1.28888435e-01, -4.38798209e-02,  6.83615222e-02, -2.98903342e-02,  7.29108643e-02],
       [ 1.03359602e-01, -3.56692714e-02, -7.62426563e-02,  4.65928281e-02,  4.57219661e-02],
       [ 9.54104962e-02, -3.42552580e-02,  1.74509027e-03,  8.89104010e-02,  5.89021631e-02],
       [-2.05669096e-02, -3.56975220e-02, -3.45118021e-04, -4.46902013e-02, -5.64612625e-02],
       [ 4.99920007e-02, -1.16975330e-01,  1.55838518e-03,  3.55974721e-02,  5.68320986e-02],
       [ 2.04358540e-02,  5.35240691e-02, -2.31653575e-03,  7.08366487e-03, -5.93449044e-02],
       [ 7.11042606e-02,  3.78318683e-02, -1.14296334e-01, -1.90126326e-02, -6.32431661e-02]])})
2026-01-20 11:01:27,502 - final_problem_set.kxor_instance_n24_k2_m176_ell2_eps0.15_kappa1.0_rho1.0 - INFO - Running key extraction (n=24, m=176, ell=2, phase_qubits=13)
2026-01-20 11:01:27,506 - final_problem_set.kxor_instance_n24_k2_m176_ell2_eps0.15_kappa1.0_rho1.0 - INFO - Built voting matrix V (n=24, ell=2, dtype=complex128) in 0.004s
2026-01-20 11:01:27,507 - final_problem_set.kxor_instance_n24_k2_m176_ell2_eps0.15_kappa1.0_rho1.0 - INFO - Eval: adv=1.0000, hamming=0/24 (0.000), corr=1.000
2026-01-20 11:01:27,507 - final_problem_set.kxor_instance_n24_k2_m176_ell2_eps0.15_kappa1.0_rho1.0 - INFO - Key extraction complete: x_hat=16
2026-01-20 11:01:27,507 - final_problem_set.kxor_instance_n24_k2_m176_ell2_eps0.15_kappa1.0_rho1.0 - INFO - Finished step 'KeyExtractionStep' in 0.005s (success: True, problem=kxor_instance_n24_k2_m176_ell2_eps0.15_kappa1.0_rho1.0)
2026-01-20 11:01:27,507 - final_problem_set.kxor_instance_n24_k2_m176_ell2_eps0.15_kappa1.0_rho1.0 - INFO - SUCCESS: len(z_hat)=24
2026-01-20 11:01:27,507 - final_problem_set.kxor_instance_n24_k2_m176_ell2_eps0.15_kappa1.0_rho1.0 - INFO - Metrics: adv=1.0, ham_frac=0.0, corr=1.0
2026-01-20 11:01:27,507 - final_problem_set.kxor_instance_n24_k2_m176_ell2_eps0.15_kappa1.0_rho1.0 - INFO - z_hat (full): [-1, -1, -1,  1, -1, -1, -1,  1, -1, -1, -1, -1, -1,  1, -1,  1,  1, -1, -1, -1,  1,  1,  1, -1]
