2026-01-20 11:00:53,330 - final_problem_set.kxor_instance_n20_k2_m138_ell2_eps0.15_kappa1.0_rho0.2 - INFO - Starting iteration for /Users/julian/CodingProjects/UniT3/QuarticSpeedupK-XOR/z_Daphne/data/final_problem_set/kxor_instance_n20_k2_m138_ell2_eps0.15_kappa1.0_rho0.2.npz
2026-01-20 11:00:53,330 - final_problem_set.kxor_instance_n20_k2_m138_ell2_eps0.15_kappa1.0_rho0.2 - INFO - Loaded instance (n=20, m=138, k=2)
2026-01-20 11:00:53,330 - final_problem_set.kxor_instance_n20_k2_m138_ell2_eps0.15_kappa1.0_rho0.2 - INFO - Starting step 'ComputeKikuchiStep' (version 0.1) on problem kxor_instance_n20_k2_m138_ell2_eps0.15_kappa1.0_rho0.2 (fields={'ell': 2, 'threshold': 0.0})
2026-01-20 11:00:53,347 - final_problem_set.kxor_instance_n20_k2_m138_ell2_eps0.15_kappa1.0_rho0.2 - INFO - Finished step 'ComputeKikuchiStep' in 0.017s (success: True, problem=kxor_instance_n20_k2_m138_ell2_eps0.15_kappa1.0_rho0.2)
2026-01-20 11:00:53,347 - final_problem_set.kxor_instance_n20_k2_m138_ell2_eps0.15_kappa1.0_rho0.2 - INFO - Starting step 'ClassicalEigenvaluesStep' (version 0.1) on problem kxor_instance_n20_k2_m138_ell2_eps0.15_kappa1.0_rho0.2 (fields={'ell': 2, 'threshold': 0.0, 'kikuchi_matrix': <Dictionary Of Keys sparse matrix of dtype 'int64'
	with 3456 stored elements and shape (190, 190)>, 'num_eigenvalues': 5})
2026-01-20 11:00:53,411 - final_problem_set.kxor_instance_n20_k2_m138_ell2_eps0.15_kappa1.0_rho0.2 - INFO - Finished step 'ClassicalEigenvaluesStep' in 0.063s (success: True, problem=kxor_instance_n20_k2_m138_ell2_eps0.15_kappa1.0_rho0.2)
2026-01-20 11:00:53,411 - final_problem_set.kxor_instance_n20_k2_m138_ell2_eps0.15_kappa1.0_rho0.2 - INFO - Starting step 'KeyExtractionStep' (version 0.1) on problem kxor_instance_n20_k2_m138_ell2_eps0.15_kappa1.0_rho0.2 (fields={'ell': 2, 'threshold': 0.0, 'kikuchi_matrix': <Dictionary Of Keys sparse matrix of dtype 'int64'
	with 3456 stored elements and shape (190, 190)>, 'num_eigenvalues': 5, 'eigenvalues': array([-10.65141389,  -9.66516024,  -8.83846198,   9.48718474,   9.88543086]), 'eigenvectors': array([[-9.54443227e-02,  7.10302003e-02,  1.35245590e-01, -2.93521904e-03, -1.16992956e-01],
       [ 5.54145105e-02, -1.06252374e-01, -7.65235801e-02,  3.16246768e-02, -8.32623135e-02],
       [ 4.08777113e-02, -2.19589563e-02,  6.30303653e-02, -3.84997335e-02, -5.97990232e-02],
       [-7.37317974e-02,  5.09355568e-02,  1.24078762e-02, -6.97737463e-02, -3.92183653e-02],
       [ 7.38866310e-02, -8.05450545e-02, -5.85650171e-02,  9.04045715e-02, -1.13804082e-01],
       [ 7.78985516e-02,  4.88728994e-02,  1.90926005e-02, -1.65960419e-02,  6.13973050e-02],
       [ 4.15656273e-02, -1.91730460e-02, -6.75988183e-03,  1.76557346e-03,  2.51159226e-02],
       [ 8.75015767e-03,  1.16963109e-01,  5.51669805e-02,  5.81079292e-02,  5.91861463e-02],
       [ 6.46773103e-02,  6.37117875e-02, -7.76130449e-02,  1.15611611e-01, -1.65232254e-03],
       [-7.50547602e-02,  8.65831398e-02,  1.16844858e-01,  7.36063122e-02,  3.77227884e-02],
       [-7.86027571e-02,  6.57634474e-02,  1.13467339e-01, -1.64655285e-02,  1.03213216e-01],
       [ 6.79368267e-02, -1.17799421e-01, -4.17663565e-02,  3.57716756e-02,  1.57553339e-01],
       [ 1.26105373e-02,  5.43162029e-02, -5.09798779e-02, -4.35493183e-03,  1.57738387e-01],
       [ 5.06889480e-02, -3.48344991e-02, -1.09486570e-01, -3.64512417e-02, -3.77268157e-02],
       [ 3.63039087e-03,  1.33272463e-02, -5.57004005e-02,  7.33091889e-03,  1.12161760e-01],
       [ 5.88070470e-02, -1.46920795e-01, -7.87122782e-02, -1.72304089e-02,  1.06549717e-01],
       [ 4.27428272e-02,  9.14791086e-02, -6.39990470e-03, -1.04850835e-01,  1.29763642e-02],
       [-6.47887390e-02, -2.42752624e-02,  7.93798236e-02,  4.49615354e-02,  1.38166733e-01],
       [ 6.77877128e-02, -7.45549489e-02,  2.35099634e-03, -1.01217743e-01, -2.40723753e-02],
       [ 8.21601059e-02, -6.59029717e-02, -3.18094256e-02,  2.51653509e-02, -7.03411683e-02],
       [ 8.82208956e-02, -6.76539256e-03,  1.51096543e-01, -3.91523565e-02, -5.09132585e-02],
       [-1.32421327e-01,  3.22259003e-03, -4.06816928e-02, -7.23979054e-02, -3.02596967e-02],
       [ 1.44611455e-01, -1.79736405e-02, -2.45541569e-02,  8.61346908e-02, -1.13114572e-01],
       [ 9.92240619e-02,  1.10860314e-01,  7.03165947e-02, -7.42176942e-03,  7.20450677e-02],
       [ 1.07104272e-01,  1.56539912e-02,  1.82629223e-02,  3.72888720e-03,  9.38825863e-03],
       [-3.00633315e-04,  1.38471002e-01,  5.29690525e-02,  6.09064979e-02,  5.55763808e-02],
       [ 5.24796590e-02,  1.28492078e-01, -6.81259493e-02,  1.24443895e-01,  1.21169203e-02],
       [-1.30542798e-01,  3.67532562e-03,  1.45753367e-01,  7.85331008e-02,  3.50262265e-02],
       [-1.44340575e-01, -1.88850828e-02,  1.29869147e-01, -1.75837424e-02,  1.00447385e-01],
       [ 1.76576762e-01, -1.03564472e-01,  3.82114694e-02,  4.42556474e-02,  1.23325606e-01],
       [ 2.69611952e-02,  9.28226376e-02, -1.30897496e-01,  4.92941352e-03,  1.17422038e-01],
       [ 7.57369788e-02,  1.52823218e-02, -1.57359160e-01, -4.03740384e-02, -3.84741405e-02],
       [ 4.86332547e-03,  2.66320666e-02, -1.04401496e-01,  1.64748878e-02,  1.17380439e-01],
       [ 7.32563593e-02, -7.56818778e-02, -2.48372557e-02, -2.29926698e-02,  1.58970347e-01],
       [ 3.86963379e-02,  1.38888391e-01,  3.04898832e-02, -1.19095370e-01,  4.53889536e-02],
       [-9.79774679e-02, -8.36629791e-02,  1.08942714e-01,  6.15752338e-02,  1.25391279e-01],
       [ 1.24223201e-01, -4.07204691e-02,  7.72279211e-02, -1.09774496e-01, -1.67121897e-02],
       [-3.52208981e-02,  2.54943335e-02, -8.75833931e-02, -1.21369525e-02, -3.81249387e-02],
       [ 7.45614794e-02, -5.34587070e-02,  3.21923826e-02, -4.66413073e-02, -3.39700039e-02],
       [-8.58260744e-02,  9.72165692e-02, -5.83073004e-03,  1.16271486e-01, -8.63815872e-02],
       [-6.48936200e-02, -3.45330365e-02, -6.51083019e-02, -3.42524960e-02,  5.27722016e-02],
       [-5.00981840e-02,  2.84850469e-02, -2.24877596e-02, -6.73113660e-03,  2.33607990e-02],
       [-1.31248846e-02, -7.76789069e-02, -3.59277107e-02,  2.64982128e-02,  4.42866594e-02],
       [-5.65298498e-02, -5.02541405e-02,  2.47280992e-02,  8.99315057e-02,  5.37557433e-03],
       [ 9.98113054e-02, -1.03894666e-01, -7.18781811e-02,  4.98457747e-02,  3.39163005e-02],
       [ 1.05123937e-01, -7.99690526e-02, -5.67480195e-02, -5.27115455e-02,  7.51693418e-02],
       [-7.35958248e-02,  1.14356940e-01, -1.90475516e-02, -1.73491392e-02,  7.53183870e-02],
       [-2.70701540e-02, -3.20182851e-02,  5.88506406e-02, -4.98491632e-02,  1.05727767e-01],
       [-6.49137857e-02,  5.43900368e-02,  8.52256538e-02, -1.75679223e-02, -3.04829902e-02],
       [-7.10853639e-03, -1.23691991e-02,  5.72954091e-02, -2.26744506e-02,  6.11082074e-02],
       [-4.29683548e-02,  8.90720415e-02,  4.65325462e-03, -4.96839733e-02,  7.75567600e-02],
       [-3.86942003e-02, -7.00635128e-02, -3.70356176e-02, -9.19388440e-02,  1.54448701e-02],
       [ 7.92018416e-02,  2.60092366e-03, -5.03740055e-02,  6.53118490e-04,  1.11303353e-01],
       [-5.14333784e-02,  5.85058960e-02, -4.39769088e-02, -7.15425693e-02, -2.04627523e-02],
       [ 4.14872302e-02,  1.68125526e-03,  1.13278680e-01, -5.69513203e-02, -2.60636948e-03],
       [-4.68565387e-02,  8.19113416e-03, -1.41169257e-01,  4.03143439e-02, -9.37637308e-02],
       [-3.66795399e-02, -3.49712912e-02, -1.09774875e-01,  1.69229642e-02,  5.02586819e-02],
       [-2.07723485e-02, -8.18855051e-03, -6.87359585e-02, -1.32492114e-03,  1.33886129e-02],
       [-5.56348397e-03, -4.88004259e-02, -1.06328681e-03,  4.04569884e-02,  1.43145602e-02],
       [-5.42149227e-02, -3.44011663e-02, -6.16763235e-02,  7.73205289e-02, -1.41330161e-02],
       [ 8.54649301e-02, -2.01184182e-02,  1.39749527e-01,  6.96782460e-02,  1.42353610e-02],
       [ 9.66028271e-02,  3.98144917e-04,  1.58870873e-01,  2.53655694e-02,  3.53328063e-02],
       [-3.52468993e-02,  9.06526484e-03, -1.41495952e-01,  5.73593356e-02,  4.55684285e-02],
       [-2.49716577e-02, -2.29778211e-02, -4.60643129e-03,  5.17677400e-02,  7.07533428e-02],
       [-6.35613394e-02,  3.95021480e-03, -6.17021520e-02, -3.69591877e-02, -9.10955539e-03],
       [-1.31360898e-02, -5.55283105e-03,  2.14960314e-02,  4.96560853e-02,  5.19155755e-02],
       [-4.39002580e-02,  4.24686871e-02, -1.09594523e-01,  3.16964602e-02,  6.54833564e-02],
       [-2.84700865e-02, -4.78420147e-02, -6.21267451e-02, -5.76807144e-02,  2.31114655e-02],
       [ 6.65706469e-02,  2.88828129e-02,  9.63034388e-02,  8.80740548e-02,  7.54082490e-02],
       [-2.16096013e-02,  4.87471657e-03, -9.30380735e-02, -8.09062766e-02,  1.57154506e-03],
       [ 1.48853884e-01, -3.01115166e-02,  1.10658496e-01, -1.25223469e-02, -7.86688467e-02],
       [ 6.49136300e-02,  6.56789221e-02,  9.45590401e-02,  4.04911238e-02,  3.91488643e-02],
       [ 6.29849851e-02,  1.16066692e-02,  7.78285431e-02,  7.29787377e-03,  7.50682694e-03],
       [-1.90775166e-03,  9.69330322e-02,  3.47166333e-02,  6.61640999e-02,  6.19434272e-03],
       [ 6.31783427e-02,  8.27786124e-02, -1.65561476e-03,  6.57422464e-02, -1.62436114e-02],
       [-1.21844116e-01,  2.24380050e-02, -2.25940765e-02,  5.81391395e-02, -1.96624541e-03],
       [-1.15035563e-01, -1.77488259e-03, -5.08542830e-02,  7.31325135e-02,  3.06884136e-02],
       [ 9.85015687e-02, -5.25063420e-02,  1.06660683e-01,  1.21626567e-01,  4.62398231e-02],
       [ 3.22184330e-02,  5.50348567e-02, -3.24349676e-02,  1.00369521e-01,  3.28392316e-02],
       [ 9.52153925e-02, -7.89831888e-04, -4.04989935e-02, -6.17991163e-02, -3.60981273e-03],
       [ 1.19811412e-02,  1.54520707e-02, -6.00398703e-02,  9.20707062e-02,  4.03602029e-02],
       [ 7.96191307e-02, -7.54940787e-02,  5.39662272e-02,  8.20868503e-02,  4.92831272e-02],
       [ 4.53390899e-02,  9.86913753e-02,  6.23666375e-02, -3.40610302e-02,  2.66788113e-02],
       [-7.24976696e-02, -5.07082256e-02, -6.74072323e-03,  1.15036880e-01,  3.61044465e-02],
       [ 7.33696812e-02, -2.40943531e-02,  8.82431906e-02, -5.90140576e-02,  5.62734010e-03],
       [-9.49863990e-02, -9.82642815e-02, -9.59747810e-02, -6.49724026e-02,  6.61566270e-02],
       [-6.21695289e-02, -2.41777139e-03, -4.45748180e-02,  2.01594754e-03,  1.85882357e-02],
       [-1.11096757e-02, -1.50764216e-01, -3.96468652e-02, -1.86952498e-03,  8.02834617e-02],
       [-1.03703435e-01, -1.22181439e-01,  3.90276606e-02,  9.30746888e-02,  4.32579631e-02],
       [ 1.41366287e-01, -4.95382919e-02, -3.94883492e-02,  2.56389647e-02,  7.55342166e-02],
       [ 1.75058482e-01, -2.19864617e-02, -2.99180882e-02, -1.41114032e-01,  1.26676838e-01],
       [-1.27338729e-01,  1.16132319e-01, -9.43156374e-02, -9.99722677e-02,  1.49817409e-01],
       [-2.36195005e-02, -8.75186330e-02,  9.36750673e-02, -1.45726106e-01,  1.49962006e-01],
       [-8.79028361e-02,  8.51245747e-03,  9.19054348e-02,  2.80149674e-02, -8.11711772e-02],
       [-1.64692713e-02, -2.42308485e-02,  9.19425386e-02, -1.15156462e-01,  1.39996674e-01],
       [-7.58026898e-02,  1.13420075e-01, -2.11470274e-02, -1.41398896e-01,  1.31267738e-01],
       [-5.08653527e-02, -1.40810325e-01, -2.97773965e-02, -1.21422421e-01,  1.08785244e-03],
       [ 1.52471605e-01,  8.07629298e-02, -5.04362876e-02, -8.66894717e-02,  1.70063699e-01],
       [-8.50754197e-02,  5.64184878e-02, -1.03007063e-01, -6.86885806e-02, -5.27487835e-02],
       [-5.27749980e-02, -5.91505991e-02, -7.62234223e-02, -6.33252471e-03, -2.40723858e-02],
       [ 1.39911438e-02, -3.87342342e-02,  3.98936236e-03, -3.00334136e-02, -4.39642242e-02],
       [-3.42450826e-02, -7.21564683e-02,  7.41049968e-04, -6.86626536e-02,  1.59273711e-04],
       [ 1.10210536e-01,  1.11634817e-01,  5.00469184e-02, -4.63965608e-02, -3.25882273e-02],
       [ 1.12226776e-01,  1.23462851e-01,  7.77591466e-02,  3.37316894e-02, -9.38408315e-02],
       [-1.05370121e-01, -6.69136390e-02, -1.53196967e-01,  5.44712562e-03, -8.54759403e-02],
       [-1.53334177e-02, -4.99372470e-02,  4.26925990e-02,  2.54032200e-02, -1.07971933e-01],
       [-7.06755411e-02, -8.01113210e-02,  1.02470014e-02,  1.46470184e-02,  3.10112931e-02],
       [-1.03191232e-02, -2.72867190e-02,  3.75207016e-02,  1.80931105e-02, -5.82651636e-02],
       [-6.66771295e-02, -3.42537267e-02, -7.71279061e-02,  3.79371678e-02, -9.43567394e-02],
       [-1.84104734e-02, -6.64184665e-02, -3.05234983e-02,  8.28751312e-02, -2.22064472e-02],
       [ 6.28582424e-02,  8.77396952e-02,  3.00760553e-02, -2.45014322e-03, -7.39374648e-02],
       [-5.87785643e-02, -4.78876800e-02, -9.46668876e-02,  5.65200636e-02,  7.94384185e-03],
       [-2.98253949e-03, -6.65392318e-02, -2.18976443e-02, -1.36762963e-02, -2.17773401e-02],
       [-6.01060445e-02, -6.12213910e-02, -1.81823532e-03, -2.63404293e-02, -1.83473501e-02],
       [ 9.50700626e-02, -1.28584392e-03,  1.25885267e-02, -1.31125995e-02, -1.55821918e-02],
       [ 7.86267744e-02,  1.48398988e-02,  4.30432240e-02,  3.99480286e-03, -1.09567243e-02],
       [-5.43647053e-02,  1.32100670e-02, -7.25629162e-02, -2.05214493e-02, -5.36189951e-02],
       [-1.58332685e-02, -3.82527728e-02,  2.80791714e-02, -3.37624139e-03, -3.10419184e-02],
       [-6.45612375e-02, -1.03721280e-02,  2.91172767e-02,  4.79652482e-03,  1.60717419e-02],
       [-7.42126384e-03, -8.52008788e-03,  4.53154649e-02, -7.78100452e-03, -5.17890172e-02],
       [-5.44498378e-02,  4.47362009e-02, -3.43692596e-02,  4.44554449e-03, -3.81725730e-02],
       [-2.56078656e-02, -6.58416540e-02, -2.79822586e-02,  2.70481978e-02,  3.17669135e-03],
       [ 6.86463158e-02,  5.32633188e-02,  1.46170718e-02, -2.38491969e-02, -5.21683867e-02],
       [-4.98495880e-02,  6.29990986e-03, -7.35119296e-02,  2.77200409e-02,  1.84055121e-02],
       [ 1.62589575e-02, -3.08881103e-02, -1.03812863e-02, -6.68603120e-02,  2.11169742e-02],
       [ 4.17716275e-03,  1.64427527e-01,  5.71563281e-02, -7.42606147e-02, -1.03522132e-02],
       [ 3.42595441e-04,  1.54890253e-01,  6.90975593e-02, -4.78147363e-02, -5.89616747e-02],
       [-2.11371761e-02, -1.36084832e-01, -7.02047745e-02, -6.87411373e-02, -3.59666091e-02],
       [ 8.95913150e-03, -1.67751240e-02, -8.32580951e-03, -8.00337068e-02, -6.86527162e-02],
       [ 7.65760988e-04, -1.04181309e-01, -3.98542993e-02,  4.78131531e-02,  1.37076846e-02],
       [ 4.15143429e-03, -1.10516735e-02, -1.26470581e-02, -6.20236542e-02, -4.37076220e-02],
       [-1.35051416e-02, -8.83496724e-02, -3.44132397e-02, -5.57805262e-02, -5.82392725e-02],
       [ 1.14226684e-02, -7.11650281e-03,  4.28777066e-03,  4.71586530e-02, -2.72755307e-02],
       [-1.51163710e-02,  7.15666689e-02,  5.48033733e-02, -9.14131287e-02, -4.49472487e-02],
       [-8.16194723e-03, -9.16897815e-02, -2.23525700e-02,  6.80066736e-02, -1.02164580e-02],
       [ 6.40635230e-02,  1.38631283e-01, -8.22617259e-02, -6.18348378e-02,  1.31209809e-02],
       [ 8.09336943e-02,  1.44691439e-01, -9.21675924e-02, -1.33533441e-01, -1.90025985e-02],
       [-1.22829082e-01, -7.38713517e-02, -1.23633755e-02, -1.40827516e-01,  2.14692867e-02],
       [-8.55943257e-04, -4.13238776e-02,  5.53717981e-02, -1.77214498e-01, -2.13510311e-02],
       [-3.62583045e-02, -8.94997991e-02,  7.89113173e-02,  5.98850339e-02, -1.68704659e-02],
       [ 3.71623813e-03, -2.10592993e-02,  4.37334970e-02, -1.27498073e-01,  2.05475199e-02],
       [-5.23972998e-02, -6.12690657e-02,  2.57723234e-02, -1.47363707e-01, -9.69547182e-03],
       [-1.33813731e-02, -5.90878852e-02,  6.77832525e-03, -1.35104270e-02, -2.19384548e-02],
       [ 3.59475766e-02,  8.91375815e-02, -6.27050708e-02, -1.54511770e-01,  3.38799322e-02],
       [-6.85320846e-02, -5.75625655e-02, -1.74630960e-02,  2.81889801e-02, -2.81488063e-02],
       [-1.44826587e-01,  7.93559375e-03,  1.51322585e-01, -7.99055268e-02, -5.40238104e-02],
       [ 1.75020044e-01, -1.48512534e-01,  5.33696254e-03, -1.25722668e-01, -4.75718239e-02],
       [ 9.15901914e-03,  9.71340799e-02, -9.30687692e-02, -1.12033435e-01, -4.16897484e-02],
       [ 7.66362434e-02,  2.89167056e-03, -1.65758632e-01,  7.39146494e-02,  7.46606651e-03],
       [ 6.42538467e-03,  2.82909646e-02, -1.08529232e-01, -1.00809681e-01, -3.81789619e-02],
       [ 7.73622019e-02, -1.11354836e-01, -4.86431458e-02, -8.79119183e-02, -4.69753902e-02],
       [ 6.82764391e-02,  1.57096938e-01, -8.19488964e-03,  3.48841754e-02, -2.61649882e-02],
       [-1.15796331e-01, -8.57437009e-02,  1.40471384e-01, -1.41316138e-01, -3.97194962e-02],
       [ 1.22084208e-01, -7.04264999e-02,  5.70037193e-02,  6.94242816e-02, -9.12225637e-03],
       [ 1.54046344e-01, -9.38767463e-02,  4.54079133e-02, -3.42256341e-03, -1.27855499e-01],
       [ 1.37857462e-02,  9.00083871e-02, -9.63467223e-02,  3.55999715e-02, -1.27348044e-01],
       [ 1.06064201e-01,  1.99020213e-02, -1.99333516e-01,  3.28219491e-02,  4.56379243e-02],
       [ 7.20610416e-03,  2.57271483e-02, -1.12948117e-01,  1.42921951e-02, -1.27532395e-01],
       [ 9.01846032e-02, -9.64258418e-02, -4.04867305e-02,  4.74209831e-02, -1.08444004e-01],
       [ 4.40585423e-02,  1.54028300e-01,  3.45176841e-02,  1.17653575e-01, -6.06303170e-03],
       [-9.28337273e-02, -9.44519006e-02,  9.65611675e-02, -3.71284913e-02, -1.94419017e-01],
       [ 1.35928473e-01, -4.10874059e-02,  7.63375968e-02,  1.12332159e-01,  4.01236315e-02],
       [-5.07323518e-02, -4.94766405e-02,  4.68996043e-02, -3.75830944e-02, -1.50581237e-01],
       [-1.23177530e-01,  7.42383603e-02,  6.43312064e-02,  6.27405854e-02,  4.50024996e-02],
       [-2.53924293e-02, -2.13545101e-03,  7.60125850e-02, -2.80076433e-02, -9.18698774e-02],
       [-9.08213372e-02,  1.71794886e-01, -5.12056850e-02, -5.00281324e-03, -1.54495872e-01],
       [-6.52431028e-02, -1.23872270e-01, -8.66309479e-02,  1.33988296e-01, -5.18513434e-02],
       [ 1.21317166e-01,  3.02985183e-02,  6.11312935e-03, -8.97235966e-02, -1.31464116e-01],
       [-7.91993593e-02,  7.68678267e-02, -1.11779258e-01,  1.24089676e-01, -3.48289494e-03],
       [-6.57111381e-03, -6.85128548e-02,  8.76827001e-02,  6.08213841e-02,  6.85823033e-02],
       [ 5.56547205e-03, -1.33122262e-02,  2.05668695e-02, -7.87702107e-03, -1.56313325e-01],
       [-2.19996474e-02, -3.45031629e-02,  6.79281664e-02,  3.74888028e-02, -1.58020063e-01],
       [-2.34918139e-03, -3.81059646e-02,  3.98105873e-02,  1.66374888e-01, -3.93629733e-02],
       [ 9.90030609e-03,  5.44130803e-02, -6.09760178e-02, -6.94543546e-02, -1.80731532e-01],
       [-3.20413172e-02, -4.15568763e-02,  3.28563745e-02,  1.51822439e-01,  2.71007417e-02],
       [ 3.30952303e-03, -2.00004656e-02,  5.37050697e-02,  4.50726657e-02,  2.84223141e-02],
       [-5.92033570e-02,  6.51923113e-02,  9.08178431e-02,  3.98787540e-02,  5.85342635e-02],
       [-3.33446070e-02, -1.03163346e-01,  2.35712251e-02, -4.80161340e-02,  2.59506243e-02],
       [ 7.37942606e-02,  7.00186692e-02, -1.42912204e-01,  8.22682042e-02,  4.92728976e-02],
       [-8.42200105e-02,  3.22103208e-02,  3.20876399e-03, -6.26124569e-02,  6.69764476e-03],
       [-1.21494589e-02,  6.04346689e-04,  7.12864223e-02,  1.20447852e-02, -1.15506891e-01],
       [ 9.81256816e-06, -1.73877336e-02,  2.73531941e-02,  1.20822140e-01, -4.04633396e-02],
       [-2.58773884e-03,  1.36918374e-02, -5.82983230e-02, -5.46179459e-02, -1.13278683e-01],
       [-1.64033036e-02, -1.38170083e-02,  4.94412343e-02,  1.09197362e-01,  1.04151921e-03],
       [-4.07075137e-02, -7.34893391e-02, -3.75281902e-02,  1.30673776e-01, -2.45754945e-03],
       [ 8.21168823e-02, -6.55306053e-03, -5.64835167e-02, -3.54017872e-02, -1.92982479e-01],
       [-6.34425799e-02,  9.16039812e-02, -7.31022133e-02,  1.21985038e-01,  3.90077273e-02],
       [ 2.68070216e-02,  1.03089824e-01,  9.73328739e-03,  1.45963900e-01, -7.35275027e-02],
       [-4.79590259e-02, -8.20364267e-02, -7.06072354e-02, -7.14089256e-03,  3.20610068e-02],
       [ 1.07347997e-01,  3.29687508e-02,  3.06729317e-02,  1.33847557e-01, -1.82750141e-02]])})
2026-01-20 11:00:53,412 - final_problem_set.kxor_instance_n20_k2_m138_ell2_eps0.15_kappa1.0_rho0.2 - INFO - Running key extraction (n=20, m=138, ell=2, phase_qubits=12)
2026-01-20 11:00:53,414 - final_problem_set.kxor_instance_n20_k2_m138_ell2_eps0.15_kappa1.0_rho0.2 - INFO - Built voting matrix V (n=20, ell=2, dtype=complex128) in 0.002s
2026-01-20 11:00:53,415 - final_problem_set.kxor_instance_n20_k2_m138_ell2_eps0.15_kappa1.0_rho0.2 - INFO - Eval: adv=0.2899, hamming=2/20 (0.100), corr=0.800
2026-01-20 11:00:53,415 - final_problem_set.kxor_instance_n20_k2_m138_ell2_eps0.15_kappa1.0_rho0.2 - INFO - Key extraction complete: x_hat=18
2026-01-20 11:00:53,415 - final_problem_set.kxor_instance_n20_k2_m138_ell2_eps0.15_kappa1.0_rho0.2 - INFO - Finished step 'KeyExtractionStep' in 0.003s (success: True, problem=kxor_instance_n20_k2_m138_ell2_eps0.15_kappa1.0_rho0.2)
2026-01-20 11:00:53,415 - final_problem_set.kxor_instance_n20_k2_m138_ell2_eps0.15_kappa1.0_rho0.2 - INFO - SUCCESS: len(z_hat)=20
2026-01-20 11:00:53,415 - final_problem_set.kxor_instance_n20_k2_m138_ell2_eps0.15_kappa1.0_rho0.2 - INFO - Metrics: adv=0.2898550724637681, ham_frac=0.1, corr=0.8
2026-01-20 11:00:53,415 - final_problem_set.kxor_instance_n20_k2_m138_ell2_eps0.15_kappa1.0_rho0.2 - INFO - z_hat (full): [-1, -1, -1, -1, -1, -1,  1,  1,  1,  1,  1,  1,  1,  1, -1,  1,  1,  1,  1, -1]
