2026-01-20 11:01:10,379 - final_problem_set.kxor_instance_n22_k2_m157_ell2_eps0.15_kappa1.0_rho0.0 - INFO - Starting iteration for /Users/julian/CodingProjects/UniT3/QuarticSpeedupK-XOR/z_Daphne/data/final_problem_set/kxor_instance_n22_k2_m157_ell2_eps0.15_kappa1.0_rho0.0.npz
2026-01-20 11:01:10,380 - final_problem_set.kxor_instance_n22_k2_m157_ell2_eps0.15_kappa1.0_rho0.0 - INFO - Loaded instance (n=22, m=157, k=2)
2026-01-20 11:01:10,380 - final_problem_set.kxor_instance_n22_k2_m157_ell2_eps0.15_kappa1.0_rho0.0 - INFO - Starting step 'ComputeKikuchiStep' (version 0.1) on problem kxor_instance_n22_k2_m157_ell2_eps0.15_kappa1.0_rho0.0 (fields={'ell': 2, 'threshold': 0.0})
2026-01-20 11:01:10,402 - final_problem_set.kxor_instance_n22_k2_m157_ell2_eps0.15_kappa1.0_rho0.0 - INFO - Finished step 'ComputeKikuchiStep' in 0.022s (success: True, problem=kxor_instance_n22_k2_m157_ell2_eps0.15_kappa1.0_rho0.0)
2026-01-20 11:01:10,403 - final_problem_set.kxor_instance_n22_k2_m157_ell2_eps0.15_kappa1.0_rho0.0 - INFO - Starting step 'ClassicalEigenvaluesStep' (version 0.1) on problem kxor_instance_n22_k2_m157_ell2_eps0.15_kappa1.0_rho0.0 (fields={'ell': 2, 'threshold': 0.0, 'kikuchi_matrix': <Dictionary Of Keys sparse matrix of dtype 'int64'
	with 4520 stored elements and shape (231, 231)>, 'num_eigenvalues': 5})
2026-01-20 11:01:10,487 - final_problem_set.kxor_instance_n22_k2_m157_ell2_eps0.15_kappa1.0_rho0.0 - INFO - Finished step 'ClassicalEigenvaluesStep' in 0.085s (success: True, problem=kxor_instance_n22_k2_m157_ell2_eps0.15_kappa1.0_rho0.0)
2026-01-20 11:01:10,487 - final_problem_set.kxor_instance_n22_k2_m157_ell2_eps0.15_kappa1.0_rho0.0 - INFO - Starting step 'KeyExtractionStep' (version 0.1) on problem kxor_instance_n22_k2_m157_ell2_eps0.15_kappa1.0_rho0.0 (fields={'ell': 2, 'threshold': 0.0, 'kikuchi_matrix': <Dictionary Of Keys sparse matrix of dtype 'int64'
	with 4520 stored elements and shape (231, 231)>, 'num_eigenvalues': 5, 'eigenvalues': array([-10.35526214,  -9.54971969,   9.5014648 ,   9.76767652,  10.17378159]), 'eigenvectors': array([[ 1.23238077e-01,  7.82172997e-02,  4.09003442e-03,  2.58254731e-02, -2.13723918e-02],
       [ 9.98365727e-02,  3.43396752e-02,  5.51806414e-02, -6.97085719e-03,  7.41204182e-02],
       [-1.29136170e-01,  9.56920972e-03, -6.76399605e-02, -4.73332731e-02, -1.30270115e-02],
       [-2.64175268e-02, -6.68376575e-02, -4.99791860e-02,  5.52891041e-03, -5.41699986e-02],
       [ 7.30065619e-02, -9.71831387e-02, -1.47398814e-01, -5.84762805e-02, -8.28275432e-02],
       [-1.13802408e-01,  4.68064322e-02, -1.23630407e-01, -5.62267489e-02, -6.32896902e-02],
       [-5.88006355e-02,  2.67296383e-02, -1.50271141e-01, -5.54117883e-02, -1.16218318e-01],
       [-3.61036870e-02,  1.06815798e-01, -5.25552014e-02, -1.23027080e-02, -2.51315550e-02],
       [ 7.66959079e-02, -4.74664794e-02, -3.89681849e-02, -3.56597165e-02, -1.78230093e-03],
       [-1.31665448e-01, -3.94607329e-02,  5.59341011e-02, -9.32977953e-03,  6.02336711e-02],
       [-4.06329434e-02, -4.72362628e-02, -3.79974902e-02,  5.33619801e-03, -2.66004805e-02],
       [ 9.10589719e-02, -2.13856145e-04, -2.37707404e-02, -3.20002866e-02,  1.48951412e-02],
       [-7.77684083e-02, -1.10554985e-01,  7.51244192e-02,  5.07632892e-02,  3.38253647e-02],
       [-8.96177509e-02, -1.49869779e-01,  1.19149407e-02,  2.44124601e-02,  1.55337305e-02],
       [-6.75465654e-02, -1.00190055e-01, -1.07892577e-01, -2.02104086e-02, -7.20212125e-02],
       [ 1.99413885e-01,  1.02741613e-01, -1.08482894e-01, -3.72570724e-02, -5.33022997e-02],
       [-7.99702935e-02, -2.76393239e-02,  1.21377870e-01,  6.35457145e-02,  6.08298263e-02],
       [ 8.05892190e-02,  4.75067339e-02,  2.02841414e-01,  6.26078576e-02,  9.24721997e-02],
       [ 6.59023380e-02,  9.98893459e-02,  1.98968147e-02,  4.75588678e-02, -2.07073575e-02],
       [ 5.01693832e-02, -1.02095946e-01,  2.36586210e-04, -2.88216330e-02,  4.17436291e-03],
       [-6.98333923e-02,  1.63165098e-02,  3.20086374e-02, -7.85345968e-03,  3.05991460e-02],
       [-1.19108128e-01, -2.31420961e-02,  4.53085595e-02,  3.95808794e-02, -2.00536136e-02],
       [ 1.66742985e-01, -3.92150336e-02, -5.90402857e-02, -1.18423449e-02,  2.04231698e-02],
       [ 4.75576839e-02,  6.02570563e-02, -3.40036891e-02, -2.98878150e-02,  7.80271069e-03],
       [-6.17466300e-02,  1.04562535e-01, -1.22011164e-01, -5.54929867e-02,  6.43053602e-02],
       [ 8.34929029e-02, -5.47077534e-02, -1.01809002e-01, -6.14129747e-02,  3.70761289e-02],
       [ 4.06700524e-02, -4.31775545e-02, -1.29045423e-01, -6.65293998e-02,  5.26416334e-02],
       [ 4.19795251e-02, -1.13593673e-01, -4.84050842e-03, -2.33705400e-02,  2.24115052e-02],
       [-9.38264793e-02,  5.93975327e-02, -3.72669820e-02, -1.14370913e-02,  1.09850640e-02],
       [ 1.97863260e-01,  2.90304416e-02,  4.06346219e-02,  2.52910745e-02, -7.29996444e-03],
       [ 5.13021103e-02,  5.34857911e-02,  2.63007524e-03, -3.14868977e-02,  1.66215010e-02],
       [-6.79911265e-02,  1.40755861e-02, -2.07564002e-03, -1.04763506e-03,  3.70471779e-03],
       [ 5.10116088e-02,  8.41993567e-02,  7.51050290e-02,  2.36795329e-02, -2.86820621e-02],
       [ 1.01103148e-01,  1.71091069e-01,  5.94205438e-02,  2.00296980e-02, -1.10207864e-02],
       [ 5.47713950e-02,  1.05831466e-01, -8.25011760e-02, -5.31092901e-02,  2.77194063e-02],
       [-1.71266910e-01, -7.31354469e-02, -6.97437739e-02, -4.39652648e-02,  3.77962974e-02],
       [ 5.49544254e-02,  9.75997478e-03,  1.17955892e-01,  3.34567862e-02, -4.51119884e-02],
       [-8.09166696e-02, -3.87578233e-02,  1.63046949e-01,  1.06476962e-01, -5.74625064e-02],
       [-6.99707043e-02, -9.66790567e-02,  3.37361803e-02,  2.21256550e-03, -1.04415745e-02],
       [-8.09778011e-02,  1.10262365e-01, -2.78196799e-02, -1.75590199e-03,  5.58825142e-03],
       [ 5.31431384e-02, -2.42286374e-02, -8.95426365e-03,  1.88965052e-02, -1.38371140e-02],
       [ 8.10608277e-02, -3.09866553e-02,  2.55379900e-02, -5.83323451e-02, -5.32876059e-02],
       [ 4.08035212e-02,  4.77486669e-02,  1.23021727e-02,  6.42858774e-02, -7.84593068e-02],
       [-5.24610919e-02,  7.20428428e-02,  4.08905418e-02,  5.61943094e-02, -1.60821648e-01],
       [ 7.10948426e-02, -5.89133778e-02,  5.91363641e-02,  9.73887178e-03, -1.37068028e-01],
       [ 1.81552261e-02, -4.47526460e-02,  4.41171648e-02,  6.61191586e-02, -1.38655913e-01],
       [ 3.26448720e-02, -7.02781534e-02, -5.26144368e-02,  2.82650890e-02, -6.54496134e-02],
       [-4.23665469e-02,  4.97671960e-02,  2.26768132e-02, -4.98331281e-02, -2.90869703e-02],
       [ 6.43192840e-02, -1.78444114e-02, -2.07807703e-02, -5.04051990e-02,  5.54543731e-02],
       [ 3.43859905e-02,  2.24819757e-02, -4.51389351e-02,  2.88089727e-02, -4.44996757e-02],
       [-8.08335115e-02,  2.50818101e-02, -1.92397111e-02, -3.93553448e-02, -9.93554980e-03],
       [ 5.20605291e-02,  3.87098216e-02, -3.49556500e-02,  8.22078602e-03,  7.31871243e-02],
       [ 5.03386799e-02,  4.55364894e-02, -7.55178927e-02, -3.74804545e-03,  3.03639720e-02],
       [ 6.04644685e-02,  4.51578846e-02,  3.77019923e-02,  8.71404474e-02, -1.35312593e-01],
       [-9.57345994e-02,  9.14477406e-03,  1.38800222e-02,  1.78611538e-02, -9.60659537e-02],
       [ 6.06420895e-02, -6.47014721e-03, -5.79741042e-02,  2.04392491e-03,  1.21086076e-01],
       [-6.42030622e-02, -2.05609887e-03, -7.66441132e-02, -3.90098493e-02,  2.15061857e-01],
       [-3.97135057e-02, -3.99824775e-02, -3.05566939e-02,  5.92947920e-02,  9.75982272e-03],
       [-1.39660866e-02,  6.70566538e-02,  4.29809493e-02, -5.53007657e-02,  1.57099154e-04],
       [ 1.41680170e-02, -3.93182559e-02,  5.79611419e-02, -2.97266483e-02,  3.14833980e-02],
       [-3.72968693e-02, -3.75293367e-02, -2.30476071e-02,  5.63785206e-02,  4.96648407e-02],
       [ 5.98004062e-02, -1.41335615e-01,  1.54577193e-02,  1.80946127e-01, -1.44037092e-02],
       [-9.13050818e-02,  1.18271586e-01,  8.34385583e-03,  1.27709979e-01, -2.42765438e-02],
       [-2.85115021e-02,  7.13287540e-02, -6.42488476e-03,  1.67169623e-01, -1.71679921e-03],
       [-1.68647394e-02,  1.15674873e-01,  7.13643254e-02,  6.48064519e-02,  2.10199577e-02],
       [ 5.20281113e-02, -9.08431736e-02,  2.00879534e-02,  2.09967559e-02, -3.04070192e-02],
       [-1.17455604e-01,  6.70547070e-02,  2.77558565e-02, -4.10243514e-02, -2.66280977e-02],
       [-4.03996406e-02, -1.89849426e-02,  5.43259198e-02,  3.46703203e-02,  2.38764766e-02],
       [ 7.52998477e-02, -5.63997877e-02,  4.27286321e-02,  2.80945915e-02, -2.43324946e-02],
       [-9.76827888e-02, -2.49312963e-02, -1.59078539e-02, -1.03589155e-01,  3.09942878e-02],
       [-1.43470776e-01, -7.78436916e-02,  6.12456472e-02, -6.21724154e-02,  2.82288170e-02],
       [-1.04294003e-01, -4.59965419e-02, -3.00266866e-02,  1.25262616e-01,  1.85246373e-02],
       [ 1.84105939e-01, -7.08816547e-02,  2.10734725e-02,  9.28010724e-02, -8.43664040e-03],
       [-7.26667411e-02,  3.39558099e-02, -1.19902316e-02, -1.11173047e-01,  3.42119132e-02],
       [ 1.27490459e-01, -4.78674839e-02, -2.18851670e-02, -1.88749148e-01,  5.20470496e-02],
       [ 7.18669036e-02,  5.25154676e-02, -2.27152508e-02, -4.70949297e-02,  6.10053456e-02],
       [ 3.00109105e-03, -1.08426629e-01, -1.38798522e-02,  1.40408161e-02, -2.14762122e-02],
       [-5.00223326e-02,  6.24588874e-02, -5.01997521e-02, -1.93097903e-02, -3.46061470e-02],
       [ 2.72914098e-02, -2.79124589e-02, -4.12327998e-02, -4.58592095e-02,  1.49900513e-01],
       [-4.86190412e-02,  1.03431885e-03, -4.73283956e-02, -1.46957970e-02,  1.13789012e-01],
       [-2.08156600e-02,  4.77843888e-03, -5.05877488e-02, -5.57325376e-02,  1.61728846e-01],
       [-1.30861472e-02,  3.61599530e-02,  4.63303709e-02, -2.29121598e-02,  5.15435115e-02],
       [ 2.39013461e-02, -2.71164864e-03, -2.16871198e-02,  4.07821572e-02,  2.89311454e-02],
       [-3.99648875e-02, -6.25254155e-02,  1.69862717e-02,  4.01812109e-02, -5.56931190e-02],
       [-1.82021600e-02, -4.33912456e-02,  4.32110651e-02, -4.16098306e-02,  5.56976609e-02],
       [ 3.03948186e-02,  1.51022134e-02,  1.69080993e-02,  4.02682311e-02, -6.99035819e-04],
       [-3.08799957e-02, -6.27768870e-02,  3.91489691e-02, -1.01112948e-02, -7.43770570e-02],
       [-4.09126641e-02, -1.05803487e-01,  7.93324775e-02,  6.40067971e-03, -3.15754495e-02],
       [-3.45786698e-02, -8.30588276e-02, -2.71926469e-02, -6.12080990e-02,  1.05590061e-01],
       [ 8.24087037e-02,  1.03549367e-01, -8.79006616e-03, -1.77366505e-02,  1.01645800e-01],
       [-2.84124003e-02, -2.65800812e-02,  5.70374994e-02, -5.30443353e-03, -1.17653473e-01],
       [ 3.12947447e-02,  4.60647132e-02,  7.18618085e-02,  3.26071204e-02, -2.02698832e-01],
       [ 2.11773176e-02,  5.06060387e-02,  3.51640432e-02, -5.47466481e-02, -8.97254956e-03],
       [ 1.31800768e-02, -3.46721776e-02, -4.36760816e-02,  3.89557232e-02,  7.42870405e-03],
       [-3.13371598e-02, -1.23748524e-02, -5.49684350e-02,  4.38232369e-02, -4.94688143e-02],
       [ 3.14048880e-02, -8.20265002e-02, -4.06001707e-02,  1.28819286e-01,  1.01127678e-01],
       [ 1.32028368e-02, -3.95752011e-02, -4.18734585e-02,  7.21351719e-02,  1.32896062e-01],
       [ 5.68755982e-03, -6.03615408e-02,  1.21298300e-01,  9.81939696e-03,  8.07107989e-02],
       [-2.30861428e-02,  6.11165554e-02,  8.02823018e-03,  1.26062169e-01, -8.46998417e-05],
       [ 7.63427981e-02, -1.21289826e-01,  6.11776566e-02,  3.64163483e-02, -9.56659600e-02],
       [ 2.83494697e-02, -3.34957345e-02,  1.02698338e-01, -2.07872605e-02,  1.01627444e-01],
       [-3.50457562e-02,  7.89174841e-02,  7.01126985e-02,  1.02668882e-01, -3.61165205e-02],
       [ 4.93751318e-02, -4.54343135e-02,  1.39018778e-02, -9.54837771e-02, -2.20236703e-02],
       [ 7.59283490e-02, -3.09106095e-02,  1.35099203e-01, -2.64432099e-02,  3.64517653e-03],
       [ 4.84045484e-02, -3.53100903e-02, -4.90598497e-02,  1.43314614e-02,  1.26274982e-01],
       [-1.00697640e-01,  1.55772003e-01,  3.05214578e-02,  1.06014893e-01,  1.00100530e-01],
       [ 3.88724470e-02, -7.68805521e-02,  3.07097626e-02, -1.30999344e-01, -5.82054504e-02],
       [-5.09245243e-02,  7.10695680e-02,  3.49616555e-02, -1.68631319e-01, -1.46618020e-01],
       [-4.17032874e-02,  1.74549591e-02,  1.06969749e-02, -1.38404341e-01,  6.49456406e-02],
       [-8.84321252e-03,  5.22733729e-02, -6.01934551e-02,  9.69713148e-02, -3.87049332e-03],
       [ 2.48602029e-02, -5.06653361e-02, -1.15176698e-01,  3.60604940e-02, -8.08219245e-02],
       [-1.31703251e-02,  5.36087410e-02, -8.37874527e-02,  1.24058445e-01,  1.36816150e-01],
       [-1.73759233e-02,  8.73096767e-02,  1.04196606e-01,  3.53989804e-02,  7.47945059e-02],
       [ 4.50063052e-02, -6.95685653e-02,  1.25434660e-02,  6.70603066e-02, -2.62450140e-02],
       [-1.16554994e-01,  9.74753175e-02,  7.03188523e-02,  3.45207828e-03, -8.58929084e-02],
       [-3.63395434e-02,  9.40297994e-03,  8.55441829e-02, -3.09041403e-03,  7.83849997e-02],
       [ 4.39023707e-02, -5.13846100e-02,  7.08329108e-02,  6.56408983e-02, -4.05900541e-02],
       [-5.69352237e-02,  1.03741117e-02,  2.70026938e-02, -1.18542355e-01, -2.68674490e-02],
       [-9.21879822e-02, -1.42733097e-02,  1.34015733e-01, -4.62346385e-02, -4.20964436e-03],
       [-6.08764263e-02, -5.80040026e-03, -8.42665555e-02,  6.26685241e-02,  1.31348844e-01],
       [ 1.17885330e-01, -1.05017388e-01,  6.25103885e-03,  8.68329669e-02,  6.76638410e-02],
       [-4.18343346e-02,  4.11067744e-02,  4.66348361e-02, -1.26345871e-01, -4.73511056e-02],
       [ 8.48812297e-02, -5.70773320e-02,  6.40449648e-02, -1.71106879e-01, -1.09181327e-01],
       [ 5.23584001e-02,  1.55194787e-02,  1.54120562e-03, -1.06223494e-01,  6.55368783e-02],
       [ 2.12843815e-02, -7.35255169e-02, -4.09754520e-02,  5.04389699e-02, -3.00548406e-02],
       [-2.65553714e-02,  5.73137807e-02, -9.38017084e-02,  1.14796034e-02, -7.69811151e-02],
       [-7.56948585e-03,  3.97987066e-02,  1.32540632e-01,  1.25158936e-02,  1.05298406e-01],
       [ 1.30587720e-02, -4.77468438e-02, -9.86431474e-03,  1.13903287e-01,  2.32191113e-03],
       [-2.55519855e-02,  5.92100474e-02,  6.06613002e-02,  4.80035604e-02, -8.05733251e-02],
       [-1.25498173e-02,  5.41205912e-03,  1.10968344e-01, -2.62392320e-02,  1.03867631e-01],
       [ 2.04679269e-02, -3.82864000e-02,  6.87012919e-02,  1.05212814e-01, -2.39161839e-02],
       [-1.59559801e-02,  2.47601356e-02,  3.15437735e-02, -9.35316901e-02, -3.33318810e-02],
       [-3.07607886e-02,  5.49750269e-03,  1.71609506e-01, -3.24497784e-02, -9.11154477e-03],
       [-2.84101113e-02, -3.01011683e-03, -7.40437006e-02, -4.43766826e-03,  1.47035495e-01],
       [ 2.12524805e-02, -7.83459036e-02,  1.00810871e-02,  7.90236292e-02,  1.01330182e-01],
       [-1.53519523e-02,  3.15662325e-02,  6.48958389e-02, -1.18307323e-01, -7.81837848e-02],
       [ 2.89393725e-02, -4.11431027e-02,  8.70321589e-02, -1.39625989e-01, -1.78047971e-01],
       [ 2.06909075e-02, -3.73596745e-03,  2.61415314e-02, -1.41794702e-01,  5.53339906e-02],
       [ 1.61794451e-03, -4.28547254e-02, -7.60048709e-02,  9.23979010e-02, -1.14891833e-02],
       [ 1.43158665e-03,  2.72149535e-02, -1.34817877e-01,  4.24473525e-02, -7.02130555e-02],
       [ 1.19661720e-02, -7.01653100e-02,  3.34270792e-02,  4.53581245e-02,  1.06445287e-02],
       [-4.36559576e-02,  1.25142052e-01, -5.02122844e-02,  1.73782373e-02, -4.95442682e-02],
       [-1.63186347e-02,  3.76964724e-02,  3.07391023e-02, -1.15107987e-02,  2.58383266e-02],
       [ 1.28141309e-02, -6.46437875e-02,  1.14507289e-02,  3.25544171e-02, -9.97871127e-03],
       [-3.33719141e-02,  5.61589488e-02, -5.97627645e-02, -2.90353805e-02, -3.96308383e-02],
       [-5.62812183e-02,  4.88960307e-02, -3.50413089e-03, -4.78829307e-03, -2.64183461e-02],
       [-3.51733861e-02,  4.43873087e-02,  9.78040609e-02, -1.31975767e-02,  8.66422114e-02],
       [ 6.49343831e-02, -1.61029321e-01,  9.79002489e-02,  2.49761151e-02,  6.34641239e-02],
       [-1.75304831e-02,  6.63384247e-02, -1.05069654e-01, -4.70807341e-02, -6.84161478e-02],
       [ 3.59669519e-02, -8.77971379e-02, -1.72247596e-01, -4.56925383e-02, -1.23522035e-01],
       [ 2.80135832e-02, -2.68006106e-02, -1.23569661e-03, -4.64235164e-02,  5.92402303e-03],
       [-3.39206735e-03, -4.64495746e-02, -2.87440100e-03,  3.28671677e-02,  2.69656570e-03],
       [-1.83584683e-02,  3.66036237e-02, -3.07856983e-02,  1.37253068e-02, -2.07555066e-02],
       [ 5.14485001e-02, -7.83441141e-02,  2.39083849e-02, -2.81291310e-02, -1.60857222e-02],
       [ 3.14937425e-02, -6.43366165e-03,  2.48516520e-02,  2.90553963e-02,  8.39474901e-03],
       [-4.90210826e-02,  5.84415324e-02,  3.07148301e-02,  1.41110393e-02, -2.05155946e-02],
       [ 5.28246658e-02, -1.82648236e-02, -1.27097873e-02, -6.64014846e-02,  2.01852217e-02],
       [ 6.98036711e-02, -9.45185602e-04,  2.79183637e-02, -3.65587505e-02,  1.18485384e-02],
       [ 6.71980527e-02,  3.60128377e-03, -2.78579172e-02,  8.43051986e-02,  2.56463809e-02],
       [-1.05168857e-01,  1.00302430e-01,  1.36031323e-02,  6.47428738e-02, -9.97324579e-03],
       [ 4.82613705e-02, -5.66420937e-02, -1.26956030e-02, -6.46764191e-02,  2.39280254e-02],
       [-4.92736477e-02,  5.05313999e-02, -1.70489803e-02, -1.14555841e-01,  4.11006571e-02],
       [-4.29245673e-02, -7.56923060e-03, -2.41744890e-02, -2.11369003e-02,  4.23551869e-02],
       [ 1.57228255e-03,  6.21588408e-02,  3.19499262e-03,  4.40297624e-03, -2.52114848e-02],
       [ 2.43576676e-02, -4.91530186e-02, -2.11620037e-02, -2.00564941e-02, -1.90314708e-02],
       [-5.34753042e-02, -3.72839824e-02, -4.65451371e-02,  3.13303126e-02, -4.49504896e-02],
       [ 1.14070940e-01, -4.18775376e-02, -1.67897029e-02, -3.53893482e-02, -1.09136418e-03],
       [-9.06461107e-02, -6.48249215e-02, -4.50904595e-02,  3.28426706e-03,  3.69090916e-02],
       [-9.31283861e-02, -1.00086861e-01, -9.93139722e-02, -1.13686329e-02,  1.32222809e-02],
       [-1.09024011e-01, -8.48547024e-02,  5.20951750e-02,  5.57855461e-02, -8.35875320e-02],
       [ 1.73793391e-01, -7.38469042e-03,  1.90908394e-02,  1.13668149e-02, -7.87259946e-02],
       [-9.45574494e-02,  1.62913736e-02, -7.03542945e-02,  2.67856251e-04,  6.92014306e-02],
       [ 8.90926712e-02, -7.05484408e-04, -8.98022639e-02, -4.25555324e-02,  1.16115297e-01],
       [ 7.30602351e-02,  7.54098923e-02, -3.48644509e-02,  4.40681793e-02, -7.06618254e-03],
       [ 1.21947083e-02, -1.18042732e-01,  4.77714200e-02, -2.80718335e-02, -3.18605631e-03],
       [-4.21168434e-02,  5.95328463e-02,  5.80352685e-02, -3.04638447e-02,  3.24446123e-02],
       [ 3.49010886e-02,  1.19552461e-02,  1.14540462e-02,  2.05469086e-02, -2.73810017e-03],
       [-2.61348255e-02, -5.51248593e-02, -5.16642636e-02, -7.68288460e-03, -4.47058154e-02],
       [-3.37596327e-02, -7.37747180e-02, -1.09384498e-02,  6.41386762e-03, -2.87157156e-02],
       [-1.73497739e-02, -3.37590461e-02,  8.08025004e-02, -5.21109218e-02,  1.00592634e-01],
       [ 4.66015011e-02,  5.66626658e-02,  7.10563801e-02, -1.12647608e-02,  5.40255108e-02],
       [-3.53142497e-02, -2.78880517e-02, -8.36510557e-02, -2.13005650e-02, -7.76339879e-02],
       [ 4.66451656e-02,  4.38950399e-02, -1.46044986e-01,  3.35330587e-02, -1.14521415e-01],
       [ 2.21980318e-02,  4.29815868e-02, -7.27292121e-03, -3.04699203e-02,  2.47505261e-03],
       [ 1.79523737e-02, -3.53702707e-02, -5.85227417e-05,  2.59700480e-02, -2.86740322e-03],
       [-1.35680654e-02,  4.42670298e-03, -2.28318664e-02,  9.75220139e-03, -1.45087347e-02],
       [ 5.14416311e-02,  1.92613701e-02, -4.37079636e-02, -5.02023099e-02,  2.28831903e-02],
       [ 8.94161155e-02,  5.45770470e-02, -2.00265332e-02, -2.73253196e-02,  9.86011564e-03],
       [ 5.45887470e-02,  3.50764205e-02,  4.45937352e-02,  8.18752910e-02, -1.56446961e-02],
       [-1.33958451e-01,  3.00701188e-02,  5.06274011e-02,  6.03308589e-02, -2.34263543e-02],
       [ 3.17204377e-02, -1.40343015e-02, -6.63076510e-02, -8.65464447e-02,  3.52064037e-02],
       [-7.39699721e-02,  1.91984649e-02, -1.05981640e-01, -1.26004022e-01,  5.47553784e-02],
       [-4.14739863e-02, -2.97845944e-02, -2.04272804e-02, -9.30015398e-03,  1.80882379e-02],
       [-2.59766933e-02,  7.23029170e-02,  1.58602701e-02, -1.86120920e-03, -9.42559637e-03],
       [ 3.83557359e-02, -3.09407164e-02, -4.92795277e-03, -1.74326210e-02, -3.21002226e-03],
       [-3.62206931e-02, -1.35012122e-01, -7.37341353e-02,  2.49545215e-02, -7.00560757e-03],
       [-3.13793868e-02, -1.01608853e-01,  4.78956841e-02, -6.12538868e-02, -5.80375089e-02],
       [ 7.21344266e-02,  1.02988677e-01, -1.52858030e-02, -1.07128983e-01, -3.35844196e-02],
       [-3.67216807e-02, -3.37998179e-02, -1.81917434e-02,  1.14706444e-01,  7.15064642e-04],
       [ 3.77366115e-02,  5.41705118e-02, -2.30860683e-02,  1.45016808e-01,  2.24639438e-02],
       [ 3.21898749e-02,  6.68786711e-02,  5.83790988e-03,  5.63992925e-02, -4.31480476e-02],
       [ 4.55877102e-02, -5.93328262e-02,  2.34437274e-02, -3.72847258e-02,  1.22277147e-02],
       [-1.85639106e-02,  3.61468435e-03,  5.53357291e-02, -4.20390434e-03,  3.58667750e-02],
       [-3.86238306e-02, -1.13941857e-01,  1.24195165e-01, -1.70361665e-02, -6.42454024e-03],
       [ 1.02640931e-01,  1.73238738e-01,  8.72146443e-02, -4.85276662e-02, -9.23241386e-03],
       [-6.48553853e-02, -7.25816402e-02, -1.30557490e-01,  5.04718396e-02, -1.04757964e-02],
       [ 4.76734312e-02,  9.63142310e-02, -1.96626812e-01,  4.49727809e-02, -8.86539340e-03],
       [ 3.91935981e-02,  9.00958229e-02, -9.37745395e-03,  2.88632715e-02, -1.60413099e-02],
       [ 5.68304893e-02, -6.10584054e-02,  2.07332964e-02, -2.54545160e-02,  3.09426976e-03],
       [-2.25486145e-02,  1.22812504e-02,  1.34700081e-02, -7.64502322e-03,  2.10855826e-02],
       [ 8.85984394e-02,  1.26667778e-01, -7.68409661e-03,  3.18565092e-02,  9.69691373e-02],
       [-4.62215772e-02, -5.62462762e-02,  8.31831723e-02, -7.55617547e-02, -1.01388190e-01],
       [ 6.11381543e-02,  9.42398532e-02,  9.70602437e-02, -5.22864986e-02, -1.79336318e-01],
       [ 3.03934633e-02,  6.44735487e-02,  3.87876922e-02, -1.09643925e-01,  2.20647425e-02],
       [ 5.18152449e-02, -4.60684661e-02, -7.34350791e-02,  6.96887114e-02,  1.24294710e-02],
       [-2.62196056e-02, -2.16761706e-04, -9.78028709e-02,  5.00271780e-02, -7.44137791e-02],
       [ 1.05370645e-01,  6.24223180e-03, -8.84985186e-03, -1.10119084e-01, -5.64145943e-02],
       [-1.13851703e-01, -3.14998883e-02, -2.74668955e-02, -1.29137767e-01, -1.05059418e-01],
       [-9.41072542e-02, -1.17619534e-01, -8.80310014e-04, -9.55469188e-02,  4.34449357e-02],
       [-6.71374801e-02,  1.63999216e-01, -3.51381474e-02,  5.52305667e-02, -1.67154590e-02],
       [ 2.44339564e-02, -6.93957489e-02, -8.91938297e-02,  1.09517904e-02, -6.04584679e-02],
       [ 5.04152346e-02, -7.45650101e-03, -5.85206145e-02,  1.90199362e-01,  6.65970718e-02],
       [ 3.94662360e-02,  4.50883202e-02,  3.97116850e-03,  1.07112189e-01, -7.23466941e-02],
       [ 2.88526374e-02, -6.78278753e-02,  4.46152322e-02, -6.20999155e-02,  2.48408659e-02],
       [-2.77527102e-02,  2.35493957e-02,  9.44626622e-02, -9.21272962e-03,  6.68744844e-02],
       [-5.74204238e-02, -7.46942347e-02, -3.84274941e-05,  1.51732999e-01, -1.15187133e-01],
       [-4.58557863e-02,  8.81634810e-02,  7.69639167e-02, -9.91052699e-02,  3.57628378e-02],
       [ 3.23116589e-02, -3.00076038e-02,  1.57087097e-01, -2.98525979e-02,  1.15364311e-01],
       [-2.50489199e-02,  3.23213964e-02, -9.61838748e-03, -1.18067366e-03,  1.50252130e-02],
       [ 2.60562484e-02,  5.58367548e-03,  6.78647418e-03,  2.58902322e-02,  2.02913622e-03],
       [ 1.24591412e-02, -4.93728572e-02,  1.76098661e-03, -2.09196005e-02, -3.89468818e-03]])})
2026-01-20 11:01:10,489 - final_problem_set.kxor_instance_n22_k2_m157_ell2_eps0.15_kappa1.0_rho0.0 - INFO - Running key extraction (n=22, m=157, ell=2, phase_qubits=12)
2026-01-20 11:01:10,492 - final_problem_set.kxor_instance_n22_k2_m157_ell2_eps0.15_kappa1.0_rho0.0 - INFO - Built voting matrix V (n=22, ell=2, dtype=complex128) in 0.003s
2026-01-20 11:01:10,493 - final_problem_set.kxor_instance_n22_k2_m157_ell2_eps0.15_kappa1.0_rho0.0 - INFO - Eval: adv=0.2611 (no ground-truth z available)
2026-01-20 11:01:10,493 - final_problem_set.kxor_instance_n22_k2_m157_ell2_eps0.15_kappa1.0_rho0.0 - INFO - Key extraction complete: x_hat=18
2026-01-20 11:01:10,493 - final_problem_set.kxor_instance_n22_k2_m157_ell2_eps0.15_kappa1.0_rho0.0 - INFO - Finished step 'KeyExtractionStep' in 0.004s (success: True, problem=kxor_instance_n22_k2_m157_ell2_eps0.15_kappa1.0_rho0.0)
2026-01-20 11:01:10,493 - final_problem_set.kxor_instance_n22_k2_m157_ell2_eps0.15_kappa1.0_rho0.0 - INFO - SUCCESS: len(z_hat)=22
2026-01-20 11:01:10,493 - final_problem_set.kxor_instance_n22_k2_m157_ell2_eps0.15_kappa1.0_rho0.0 - INFO - Metrics: adv=0.2611464968152866, ham_frac=None, corr=None
2026-01-20 11:01:10,493 - final_problem_set.kxor_instance_n22_k2_m157_ell2_eps0.15_kappa1.0_rho0.0 - INFO - z_hat (full): [-1,  1, -1,  1,  1,  1,  1,  1,  1,  1, -1,  1, -1, -1, -1,  1,  1, -1, -1,  1, -1, -1]
