2026-01-20 11:00:47,605 - final_problem_set.kxor_instance_n19_k2_m135_ell2_eps0.2_kappa1.0_rho0.6 - INFO - Starting iteration for /Users/julian/CodingProjects/UniT3/QuarticSpeedupK-XOR/z_Daphne/data/final_problem_set/kxor_instance_n19_k2_m135_ell2_eps0.2_kappa1.0_rho0.6.npz
2026-01-20 11:00:47,605 - final_problem_set.kxor_instance_n19_k2_m135_ell2_eps0.2_kappa1.0_rho0.6 - INFO - Loaded instance (n=19, m=135, k=2)
2026-01-20 11:00:47,605 - final_problem_set.kxor_instance_n19_k2_m135_ell2_eps0.2_kappa1.0_rho0.6 - INFO - Starting step 'ComputeKikuchiStep' (version 0.1) on problem kxor_instance_n19_k2_m135_ell2_eps0.2_kappa1.0_rho0.6 (fields={'ell': 2, 'threshold': 0.0})
2026-01-20 11:00:47,621 - final_problem_set.kxor_instance_n19_k2_m135_ell2_eps0.2_kappa1.0_rho0.6 - INFO - Finished step 'ComputeKikuchiStep' in 0.015s (success: True, problem=kxor_instance_n19_k2_m135_ell2_eps0.2_kappa1.0_rho0.6)
2026-01-20 11:00:47,621 - final_problem_set.kxor_instance_n19_k2_m135_ell2_eps0.2_kappa1.0_rho0.6 - INFO - Starting step 'ClassicalEigenvaluesStep' (version 0.1) on problem kxor_instance_n19_k2_m135_ell2_eps0.2_kappa1.0_rho0.6 (fields={'ell': 2, 'threshold': 0.0, 'kikuchi_matrix': <Dictionary Of Keys sparse matrix of dtype 'int64'
	with 3196 stored elements and shape (171, 171)>, 'num_eigenvalues': 5})
2026-01-20 11:00:47,674 - final_problem_set.kxor_instance_n19_k2_m135_ell2_eps0.2_kappa1.0_rho0.6 - INFO - Finished step 'ClassicalEigenvaluesStep' in 0.053s (success: True, problem=kxor_instance_n19_k2_m135_ell2_eps0.2_kappa1.0_rho0.6)
2026-01-20 11:00:47,674 - final_problem_set.kxor_instance_n19_k2_m135_ell2_eps0.2_kappa1.0_rho0.6 - INFO - Starting step 'KeyExtractionStep' (version 0.1) on problem kxor_instance_n19_k2_m135_ell2_eps0.2_kappa1.0_rho0.6 (fields={'ell': 2, 'threshold': 0.0, 'kikuchi_matrix': <Dictionary Of Keys sparse matrix of dtype 'int64'
	with 3196 stored elements and shape (171, 171)>, 'num_eigenvalues': 5, 'eigenvalues': array([-8.99254794,  9.63748894,  9.64766755, 10.88184542, 13.81062679]), 'eigenvectors': array([[ 1.94410279e-02, -2.85668336e-02, -6.78087493e-03, -1.07561225e-01, -6.40435574e-02],
       [-3.63319936e-02,  6.83316066e-02, -7.77361996e-02,  3.24117800e-02, -1.17613684e-01],
       [-6.48996542e-03, -5.17318217e-02, -2.04665895e-01, -5.64581997e-02,  1.91858347e-02],
       [-3.98754748e-02,  1.10256272e-01, -1.00688138e-01,  1.11185875e-01, -8.84775480e-02],
       [-2.85418073e-02, -1.75644256e-02,  6.67380227e-02, -3.76222790e-02,  1.33643976e-01],
       [-2.91353523e-02, -9.70814783e-02, -4.61943620e-02,  1.07227658e-02,  1.18088208e-01],
       [ 8.53638572e-02,  2.76087984e-02,  2.08075438e-02,  1.06951451e-01, -9.76795320e-02],
       [-6.33511616e-02, -6.95011623e-02,  5.85572451e-02,  1.37655162e-01, -5.83297036e-02],
       [ 5.48069086e-02, -6.46200118e-03, -3.24720205e-02, -4.56819463e-02,  1.14353055e-01],
       [ 3.33948925e-02, -1.47011696e-01,  1.24876702e-04, -5.67440593e-02,  1.14783990e-01],
       [ 4.78113388e-02,  2.17978726e-02,  8.62572464e-02, -8.20608459e-02, -9.40744821e-02],
       [ 4.27628908e-02, -8.15999997e-02, -2.58464736e-03,  1.50885439e-01,  3.16099286e-02],
       [ 6.62155704e-02,  8.01780567e-02,  1.73833351e-02,  7.10012780e-02, -1.16580585e-01],
       [ 1.31794948e-03, -4.85843237e-02, -1.11679044e-01, -7.77544054e-03,  1.46120001e-01],
       [ 2.18810646e-02,  2.18132342e-01,  1.30450111e-02, -1.41609856e-02,  2.96739233e-02],
       [-4.06094208e-02,  2.23985938e-03,  1.38409140e-01, -3.82164980e-02, -1.01027579e-01],
       [-5.55448416e-02,  7.40021020e-02,  7.08190363e-02,  7.93906552e-02, -1.09510125e-01],
       [-5.86846076e-02, -2.54928508e-02,  7.45312780e-03, -1.35725706e-01,  1.01955569e-01],
       [-9.33140798e-02, -5.24197461e-02, -3.78245016e-02, -1.14582902e-01, -3.89941791e-02],
       [-3.42098895e-03, -8.75718942e-03, -5.71616872e-02,  4.01238284e-03,  1.38994249e-02],
       [-1.08416739e-01, -2.39734343e-02, -3.47768246e-02, -7.45933584e-02, -3.87293417e-02],
       [-8.45356888e-02,  7.06919921e-02,  4.97264241e-02,  1.27584304e-01,  4.30748101e-02],
       [-7.19612605e-02,  4.44090048e-02,  2.29836021e-02,  1.23242127e-01,  3.67407373e-02],
       [ 1.72270344e-01, -6.10945581e-02, -1.63469132e-02, -7.71074462e-02, -4.51834681e-02],
       [-1.20517066e-01, -6.54165898e-02,  9.69636880e-03, -1.91178697e-02, -2.58878181e-02],
       [ 1.06832968e-01,  6.50575948e-02,  2.55084161e-02,  9.54956538e-02,  3.87496359e-02],
       [ 6.93157876e-02,  2.42689431e-02,  3.34119668e-02,  1.24182448e-01,  4.84874618e-02],
       [ 1.04782518e-01, -3.27008394e-02, -9.47821063e-03, -8.60847199e-02, -2.10081982e-02],
       [ 1.03132412e-01, -1.07008813e-02,  1.56725910e-02,  5.61137764e-02,  3.44752654e-03],
       [ 1.22711712e-01, -4.82400329e-02, -2.42920288e-02, -1.18427923e-01, -4.75813416e-02],
       [ 5.68795161e-03,  7.13595915e-02,  1.70902975e-02,  1.41303333e-01,  4.66891815e-02],
       [ 6.90810609e-02,  7.62651834e-02,  1.36729427e-02,  9.16617088e-03,  7.94959738e-03],
       [-8.93858560e-02, -4.40554903e-02, -8.76754712e-03, -9.86344953e-02, -3.09490009e-02],
       [-1.32811827e-01, -5.02130204e-02, -2.08798629e-03, -1.03768118e-01, -4.95022425e-02],
       [-1.11254369e-01,  7.30773977e-02,  3.15191181e-02,  7.20608053e-02,  5.58046869e-02],
       [-3.91182908e-03, -5.30460650e-02, -1.53090846e-01, -4.66611666e-02,  3.86828133e-02],
       [ 1.37279244e-01,  6.45068453e-02, -1.60179948e-01,  5.25317603e-02, -7.83435058e-02],
       [ 6.77161073e-02,  3.16999139e-02,  1.64020772e-01,  3.28822515e-02,  1.05315610e-01],
       [ 2.92549016e-02, -4.14148428e-02,  8.30600912e-02,  7.10636578e-02,  1.10525871e-01],
       [-9.66468472e-02, -1.56337034e-02, -7.56322882e-02,  4.27926837e-02, -9.35568069e-02],
       [ 7.85205312e-02, -8.69824781e-02, -9.67739054e-03,  9.41240602e-02, -5.69051518e-02],
       [-5.90610195e-02,  3.90378938e-02,  8.55648449e-02,  1.90015546e-02,  1.04062798e-01],
       [-5.48898374e-02, -8.50572394e-02,  1.18277822e-01,  1.50975818e-02,  1.06369205e-01],
       [-4.62069779e-02, -1.33586293e-02,  1.01150654e-03, -1.05083177e-01, -7.30772258e-02],
       [-1.01484417e-01, -5.91564753e-02,  3.30258409e-02,  1.46815299e-01,  2.47442182e-02],
       [-8.59642008e-02,  3.33972915e-02, -1.21087854e-01, -2.05343972e-04, -1.21387474e-01],
       [-3.23961739e-03,  1.54658023e-02,  5.90083665e-02,  7.13275979e-02,  1.35755189e-01],
       [-8.98746285e-02,  2.05973287e-01,  3.58991320e-02, -5.26466104e-05,  2.43465401e-02],
       [ 6.80608514e-02, -3.42329012e-02,  1.94756096e-02, -8.99159292e-02, -1.04029025e-01],
       [ 9.03800321e-02,  3.12186683e-02, -5.77250785e-02,  1.52237052e-02, -1.18765666e-01],
       [ 9.84703885e-02,  1.91637300e-02,  1.11209102e-01, -6.57639413e-02,  9.80914836e-02],
       [-1.94188013e-02, -5.10726064e-02, -1.18279276e-01, -5.41296968e-02,  2.55025034e-02],
       [-9.05291458e-03,  2.92542253e-02,  1.57074677e-01,  4.61360886e-02, -3.83693377e-02],
       [-1.01961001e-02,  5.80427871e-02,  1.99194297e-01,  3.78836714e-02, -2.69611796e-02],
       [ 4.78840469e-02, -3.59472638e-02, -1.60406391e-01, -5.44896691e-02,  2.18534567e-02],
       [-3.71901920e-02, -3.12583233e-03, -8.73311348e-02, -3.36126126e-02,  1.10219386e-02],
       [ 1.49567658e-02,  2.77985874e-02,  1.55293216e-01,  4.50959386e-02, -2.39960604e-02],
       [-3.26311117e-04,  7.10209396e-02,  1.89299848e-01,  5.40384900e-02, -2.95325524e-02],
       [ 1.68571228e-02, -2.56929609e-02, -1.13986618e-01, -1.83792386e-02,  1.82496982e-02],
       [-5.94975033e-03,  2.81128038e-02,  4.60780219e-02, -2.02029950e-02, -6.07860746e-03],
       [ 3.64771834e-02, -4.98874097e-02, -1.90007106e-01, -5.23072601e-02,  2.68553178e-02],
       [ 6.77375481e-03,  4.74734933e-02,  2.22148920e-01,  4.58332263e-02, -2.86219497e-02],
       [-1.77490045e-02, -4.29169803e-02,  3.32975981e-02,  1.14235706e-02, -6.25471585e-03],
       [-2.96771703e-02, -3.15737069e-02, -1.61344685e-01, -3.60925827e-02,  1.61869083e-02],
       [-3.71655236e-02, -4.13382091e-02, -1.82503797e-01, -4.74440270e-02,  1.81971925e-02],
       [-1.09700755e-02,  3.62180788e-02,  1.68606702e-01,  6.38515877e-02, -2.46955258e-02],
       [ 1.00733030e-01, -3.10057228e-02,  1.53656697e-01, -5.30851429e-02,  8.30294415e-02],
       [ 6.86173356e-02, -1.05434367e-01,  1.07413302e-01, -2.19146587e-02,  1.02137516e-01],
       [-1.36867511e-01,  3.71645928e-02, -8.62284360e-02,  9.78225194e-02, -7.27563086e-02],
       [ 1.10301767e-01, -3.91710473e-02, -2.67844925e-02,  1.13278863e-01, -4.11079121e-02],
       [-1.40177110e-01, -1.99816016e-02,  7.42307138e-02, -4.62156543e-02,  7.41890079e-02],
       [-1.12187827e-01, -1.19349458e-01,  1.22424296e-01, -6.87205293e-02,  8.46102393e-02],
       [-9.08559281e-02,  3.07689586e-02, -2.03432871e-02, -4.11723798e-02, -6.97296380e-02],
       [-1.20696646e-01, -7.50350582e-02,  4.39397602e-02,  9.92795267e-02,  3.04806552e-02],
       [-1.01793189e-01,  7.77221951e-02, -1.13619218e-01,  7.94297915e-02, -8.42763387e-02],
       [ 2.42249607e-02, -6.62079384e-02,  8.13370142e-02, -3.69714558e-02,  1.23700713e-01],
       [-1.11282914e-01,  1.45311232e-01,  4.65630852e-02, -2.32217709e-02,  2.45057666e-02],
       [ 6.25031999e-02,  2.86202925e-02, -6.21411159e-03, -4.35461854e-03, -9.67622389e-02],
       [ 1.40510861e-01,  8.75550400e-02, -8.19274692e-02,  9.77727677e-02, -9.25594468e-02],
       [ 1.54740919e-01, -3.74040111e-02,  1.18656979e-01, -1.21604254e-01,  7.14891223e-02],
       [ 3.68056592e-02, -9.42570116e-03, -7.72779225e-02, -8.80574585e-02, -1.19723998e-01],
       [-1.19090242e-01,  6.30609312e-02,  7.97932160e-02, -5.07653188e-02,  1.05882246e-01],
       [ 9.16261157e-02,  1.09138826e-01,  1.36285935e-03, -9.45661646e-02,  5.36331457e-02],
       [-4.83068255e-02, -6.98173046e-02, -5.67059867e-02, -1.39945390e-02, -8.66086366e-02],
       [-2.41983642e-02,  3.70331044e-02, -1.05358491e-01, -1.80800335e-02, -1.08612068e-01],
       [-7.72110073e-02,  3.80753887e-02, -9.15683575e-03,  1.05542568e-01,  6.55491378e-02],
       [-9.85893163e-02,  4.62353230e-02, -3.35999033e-02, -1.48704428e-01, -2.25648356e-02],
       [-8.78362732e-02,  1.57220691e-02,  8.17829554e-02,  5.46443729e-03,  1.00225468e-01],
       [-5.08902504e-03, -6.32257821e-02, -3.52228380e-02, -6.39796173e-02, -1.11962177e-01],
       [-4.86960966e-02, -1.99367467e-01, -1.78213940e-02,  2.30311622e-03, -1.66527132e-02],
       [ 8.85513265e-02,  7.70468168e-02, -3.39158047e-02,  9.16632595e-02,  1.01810067e-01],
       [ 6.99851771e-02,  2.06114706e-02,  3.29167894e-02, -1.24669914e-02,  1.03908632e-01],
       [ 7.99930441e-02, -6.79009511e-02, -1.12126880e-01,  7.56764449e-02, -1.09903456e-01],
       [-3.65304666e-02, -1.01243565e-02, -1.17882371e-02, -1.65289002e-02,  1.08216404e-01],
       [ 2.78725645e-02,  7.91225681e-02, -5.36182157e-02, -7.48273897e-02,  5.86692467e-02],
       [-2.36032699e-02, -1.55182493e-02,  1.12089108e-02, -5.39603903e-02, -1.06834166e-01],
       [-2.60711985e-02,  1.14403936e-01, -1.26860639e-02, -5.48002695e-02, -1.06450754e-01],
       [-1.45739898e-02, -3.99125012e-03, -6.11312138e-02,  1.42949339e-01,  7.68111256e-02],
       [-4.29969040e-02,  5.48714275e-02, -1.00725422e-02, -1.42853671e-01, -1.21330432e-02],
       [-3.54009827e-02, -5.14997358e-02, -5.33985649e-03,  4.37449125e-02,  1.04843628e-01],
       [-4.08660304e-03,  7.65601034e-03,  6.99785497e-02, -1.03997948e-01, -1.12448864e-01],
       [-5.53636525e-02, -2.09378019e-01, -1.51324300e-02, -8.01616150e-03, -2.56982262e-02],
       [ 2.87084250e-02,  1.38865440e-02, -1.09246438e-01,  1.08064651e-01,  8.60659031e-02],
       [ 3.09352196e-02, -4.58640141e-02, -5.97263395e-02,  2.54569009e-02,  1.03556844e-01],
       [ 5.61173297e-02,  4.93436200e-03, -1.56847177e-02,  3.62175023e-02, -1.17565357e-01],
       [-5.11635218e-02, -7.33046611e-02,  3.09863163e-02,  9.85265960e-02, -3.92481293e-02],
       [ 8.08684089e-02,  5.15959101e-02, -2.77165662e-03, -4.28153342e-02,  7.76042178e-02],
       [ 1.04709143e-01, -5.83002863e-02,  2.82827850e-02, -7.53821351e-02,  1.07878900e-01],
       [ 3.09553137e-02, -4.11173158e-02,  5.15933978e-02, -4.69052868e-02, -7.93038412e-02],
       [ 1.45401886e-01, -4.03856058e-02,  7.38074881e-03,  1.08541711e-01,  2.56521533e-02],
       [ 4.94232011e-02,  9.17881973e-04, -1.48697953e-02,  9.47688309e-02, -1.16572046e-01],
       [-2.17071114e-02,  3.73332543e-02, -4.20351168e-02, -2.85809310e-02,  1.05072426e-01],
       [ 1.77245214e-01,  1.81091886e-01,  1.60280427e-02, -9.75142518e-03,  1.90198856e-02],
       [-3.66707746e-02, -4.96054146e-02,  8.46171611e-02, -9.34651328e-03, -8.03551423e-02],
       [-9.60372253e-02, -4.33899529e-03,  3.14380667e-02,  7.99970878e-02, -8.83486707e-02],
       [-1.84673698e-01,  3.17832614e-02,  2.12576377e-02, -1.11616760e-01,  7.79290984e-02],
       [-5.83238083e-02,  9.63050171e-02, -3.85689708e-02, -7.84646079e-02,  4.33899652e-02],
       [-6.88492909e-02,  5.28191718e-02, -2.77546105e-02, -1.10309673e-01,  5.71688049e-02],
       [-3.16487066e-02, -7.59874163e-02,  5.58791073e-02,  1.52197611e-02, -3.95956580e-02],
       [-9.36013609e-02,  5.74141924e-03, -1.17071654e-02,  3.98900825e-02,  1.46568193e-02],
       [-3.83727188e-02, -7.67939666e-02,  3.18250155e-02,  1.05379489e-01, -4.62708789e-02],
       [ 1.26437467e-03,  1.01382229e-01, -6.63959490e-02, -8.45412640e-02,  5.12278674e-02],
       [-1.31976722e-01,  9.26284821e-02, -2.99354970e-03, -5.79226990e-03,  8.80312893e-03],
       [ 2.98378134e-02, -1.08383102e-01,  1.07505949e-01,  4.57166090e-02, -5.36378790e-02],
       [ 7.32339448e-02, -7.74171049e-02,  5.72159087e-02,  1.09752409e-01, -4.86394351e-02],
       [ 1.08280741e-01,  7.59886553e-02, -2.18180418e-02, -1.12121622e-01,  4.02302711e-02],
       [ 6.11205362e-03,  3.92462389e-02, -2.68480294e-02,  5.24193110e-04, -1.17740719e-01],
       [ 4.33248083e-02,  3.91615180e-02, -3.39513631e-02,  7.11323757e-02,  5.66489389e-02],
       [ 9.38028173e-02,  3.68960876e-02, -1.58860319e-02, -1.15063211e-01, -2.03596834e-02],
       [ 4.83330674e-02,  2.29253130e-02,  1.65609264e-04, -1.14601800e-02,  9.08235483e-02],
       [ 1.54703610e-02, -5.98845916e-02,  3.93766088e-02, -3.22616706e-02, -9.52371342e-02],
       [ 6.87821739e-02, -1.80034987e-01, -1.20438488e-02,  1.84743148e-03, -1.55205285e-02],
       [-8.62351477e-02,  5.89906607e-02, -7.25804924e-02,  4.98804908e-02,  7.66151588e-02],
       [-5.74578178e-02,  3.21891301e-02, -4.78892380e-02, -2.42006126e-02,  9.61430175e-02],
       [-6.33836120e-02, -5.62601643e-02, -1.49453722e-02,  6.08981225e-02, -8.52530325e-02],
       [ 5.78644824e-02, -4.07917477e-02, -3.86273665e-02,  1.10564236e-01,  8.21433232e-02],
       [ 6.90418062e-02,  7.95820879e-02, -1.78347073e-02, -1.51462600e-01, -2.38665273e-02],
       [ 5.76880029e-02, -9.89452093e-02,  3.38657201e-02, -1.74316353e-02,  1.05383258e-01],
       [ 2.11124195e-02,  6.85946329e-02,  2.70993606e-02, -4.26333887e-02, -1.21311708e-01],
       [ 2.13318952e-02, -1.89693164e-01, -2.99741753e-02,  4.34012925e-03, -3.32783770e-02],
       [-9.49352675e-02, -2.51379038e-02, -8.18957414e-02,  7.01298718e-02,  9.47389117e-02],
       [-4.91068737e-02, -1.12902024e-01, -2.08823713e-02, -3.85448138e-02,  1.16343613e-01],
       [-3.24662374e-02,  4.60384385e-02, -5.27813924e-02,  9.22675922e-02, -1.02938711e-01],
       [ 6.60589893e-02, -3.36374602e-02,  7.53922588e-03,  9.05752494e-02,  7.47135947e-03],
       [ 3.67500130e-02, -2.73705324e-03,  5.20863035e-02, -9.99235694e-02, -7.68565835e-02],
       [-5.95004206e-03,  3.40786858e-02, -7.55473571e-02,  1.23384455e-01,  6.96602352e-02],
       [ 9.83600159e-02,  1.37447261e-01, -4.03383424e-04,  1.25173877e-02,  1.28153138e-02],
       [-2.42024317e-02, -3.14030509e-02,  7.92785247e-02, -1.05087753e-01, -5.45311325e-02],
       [-6.54085820e-02, -1.21044050e-02,  8.95369589e-02, -8.29034669e-02, -7.87698907e-02],
       [-1.00673189e-01,  4.34869528e-02, -3.80463172e-02,  3.91832249e-02,  8.08452192e-02],
       [ 1.08366386e-01, -6.10448959e-02,  1.19205262e-02,  1.43066902e-01,  2.34397239e-02],
       [ 1.24426852e-02,  5.06986952e-02, -1.15400974e-02, -1.49576122e-01, -1.14874499e-02],
       [ 8.61086981e-02, -4.43695690e-02, -5.21039533e-03, -2.68597580e-02, -3.86776798e-03],
       [-8.55499788e-02, -3.85815071e-02, -6.25521074e-03,  1.25363996e-01,  1.30647387e-02],
       [-1.27896222e-01, -5.51965451e-02, -6.11798600e-03,  1.34428461e-01,  2.33702603e-02],
       [-1.34226715e-01,  4.06113171e-02, -1.28736524e-02, -1.13981019e-01, -3.05112867e-02],
       [-7.16990707e-03, -2.71343891e-03, -4.86201847e-02,  2.89280149e-02,  1.12076780e-01],
       [ 1.17279905e-01,  2.01910859e-01,  1.65358085e-02, -5.08912370e-03,  2.51155688e-02],
       [-4.51186644e-02, -2.46757903e-02,  1.10112465e-01, -6.26742055e-02, -1.01941394e-01],
       [-6.55293227e-02,  3.67161336e-02,  3.50064529e-02,  4.56266854e-02, -9.98724727e-02],
       [-1.10989327e-01,  3.78730389e-03,  4.49698100e-02, -1.12876067e-01,  1.10873293e-01],
       [ 1.45645697e-02, -2.33035121e-01, -3.65078511e-03, -9.03822220e-03, -2.26973572e-02],
       [ 2.07866206e-02,  6.10679839e-02, -1.48181840e-01,  1.02262819e-01,  8.94195027e-02],
       [-8.83601389e-03,  6.28028871e-03, -1.07752130e-01,  1.29877938e-02,  1.08961886e-01],
       [-2.00501525e-02, -5.14157491e-02,  2.75714560e-02,  5.20843516e-02, -1.26125347e-01],
       [-1.25005937e-01,  1.71230974e-01,  5.28653608e-03,  2.77587762e-04,  1.47828551e-02],
       [-1.13031803e-01,  2.02605869e-01,  6.13889826e-04, -4.93195758e-03,  2.21138746e-02],
       [-7.74540937e-02, -1.85030301e-01, -1.63482035e-02,  2.69188262e-03, -1.77061849e-02],
       [ 7.61462071e-02, -3.14412648e-02,  1.55922293e-01, -4.87265376e-02, -9.60110143e-02],
       [ 1.25095888e-01,  6.67825641e-02, -8.59012944e-02, -4.03301591e-03,  9.89173164e-02],
       [ 1.07243117e-01,  5.07416596e-03, -8.78473001e-03, -1.04911483e-01,  9.49970824e-02]])})
2026-01-20 11:00:47,675 - final_problem_set.kxor_instance_n19_k2_m135_ell2_eps0.2_kappa1.0_rho0.6 - INFO - Running key extraction (n=19, m=135, ell=2, phase_qubits=12)
2026-01-20 11:00:47,677 - final_problem_set.kxor_instance_n19_k2_m135_ell2_eps0.2_kappa1.0_rho0.6 - INFO - Built voting matrix V (n=19, ell=2, dtype=complex128) in 0.002s
2026-01-20 11:00:47,678 - final_problem_set.kxor_instance_n19_k2_m135_ell2_eps0.2_kappa1.0_rho0.6 - INFO - Eval: adv=0.6148, hamming=0/19 (0.000), corr=1.000
2026-01-20 11:00:47,678 - final_problem_set.kxor_instance_n19_k2_m135_ell2_eps0.2_kappa1.0_rho0.6 - INFO - Key extraction complete: x_hat=0
2026-01-20 11:00:47,678 - final_problem_set.kxor_instance_n19_k2_m135_ell2_eps0.2_kappa1.0_rho0.6 - INFO - Finished step 'KeyExtractionStep' in 0.002s (success: True, problem=kxor_instance_n19_k2_m135_ell2_eps0.2_kappa1.0_rho0.6)
2026-01-20 11:00:47,678 - final_problem_set.kxor_instance_n19_k2_m135_ell2_eps0.2_kappa1.0_rho0.6 - INFO - SUCCESS: len(z_hat)=19
2026-01-20 11:00:47,678 - final_problem_set.kxor_instance_n19_k2_m135_ell2_eps0.2_kappa1.0_rho0.6 - INFO - Metrics: adv=0.6148148148148148, ham_frac=0.0, corr=1.0
2026-01-20 11:00:47,678 - final_problem_set.kxor_instance_n19_k2_m135_ell2_eps0.2_kappa1.0_rho0.6 - INFO - z_hat (full): [-1, -1, -1,  1, -1,  1,  1, -1, -1,  1,  1, -1,  1, -1,  1,  1, -1, -1,  1]
