2026-01-20 11:00:46,668 - final_problem_set.kxor_instance_n18_k4_m249_ell4_eps0.3_kappa0.875_rho0.2 - INFO - Starting iteration for /Users/julian/CodingProjects/UniT3/QuarticSpeedupK-XOR/z_Daphne/data/final_problem_set/kxor_instance_n18_k4_m249_ell4_eps0.3_kappa0.875_rho0.2.npz
2026-01-20 11:00:46,669 - final_problem_set.kxor_instance_n18_k4_m249_ell4_eps0.3_kappa0.875_rho0.2 - INFO - Loaded instance (n=18, m=249, k=4)
2026-01-20 11:00:46,669 - final_problem_set.kxor_instance_n18_k4_m249_ell4_eps0.3_kappa0.875_rho0.2 - INFO - Starting step 'ComputeKikuchiStep' (version 0.1) on problem kxor_instance_n18_k4_m249_ell4_eps0.3_kappa0.875_rho0.2 (fields={'ell': 2, 'threshold': 0.0})
2026-01-20 11:00:46,680 - final_problem_set.kxor_instance_n18_k4_m249_ell4_eps0.3_kappa0.875_rho0.2 - INFO - Finished step 'ComputeKikuchiStep' in 0.011s (success: True, problem=kxor_instance_n18_k4_m249_ell4_eps0.3_kappa0.875_rho0.2)
2026-01-20 11:00:46,680 - final_problem_set.kxor_instance_n18_k4_m249_ell4_eps0.3_kappa0.875_rho0.2 - INFO - Starting step 'ClassicalEigenvaluesStep' (version 0.1) on problem kxor_instance_n18_k4_m249_ell4_eps0.3_kappa0.875_rho0.2 (fields={'ell': 2, 'threshold': 0.0, 'kikuchi_matrix': <Dictionary Of Keys sparse matrix of dtype 'int64'
	with 1446 stored elements and shape (153, 153)>, 'num_eigenvalues': 5})
2026-01-20 11:00:46,718 - final_problem_set.kxor_instance_n18_k4_m249_ell4_eps0.3_kappa0.875_rho0.2 - INFO - Finished step 'ClassicalEigenvaluesStep' in 0.038s (success: True, problem=kxor_instance_n18_k4_m249_ell4_eps0.3_kappa0.875_rho0.2)
2026-01-20 11:00:46,718 - final_problem_set.kxor_instance_n18_k4_m249_ell4_eps0.3_kappa0.875_rho0.2 - INFO - Starting step 'KeyExtractionStep' (version 0.1) on problem kxor_instance_n18_k4_m249_ell4_eps0.3_kappa0.875_rho0.2 (fields={'ell': 2, 'threshold': 0.0, 'kikuchi_matrix': <Dictionary Of Keys sparse matrix of dtype 'int64'
	with 1446 stored elements and shape (153, 153)>, 'num_eigenvalues': 5, 'eigenvalues': array([-6.20376671, -6.09593065, -5.80790232,  5.87574273,  6.00791335]), 'eigenvectors': array([[-1.23316288e-01,  2.71750407e-02,  6.55916501e-02,  1.34879604e-01, -1.43775015e-01],
       [ 1.84366928e-01,  7.78614262e-02,  1.53539781e-01,  1.24689096e-01, -5.70408794e-02],
       [-2.13160727e-02,  1.47874277e-01, -4.16784548e-02,  5.93917230e-02,  1.23868602e-01],
       [ 1.98024094e-02, -4.54460270e-02, -1.72971215e-02, -4.76445842e-02, -3.22023193e-02],
       [ 7.26884209e-02, -4.36034064e-02, -3.54164488e-02, -8.40411933e-02,  5.70016993e-02],
       [ 4.55745562e-02,  6.25969130e-02,  1.48378039e-01,  6.53886067e-03,  8.48513919e-02],
       [ 3.92827648e-03,  3.54136432e-02, -3.01471035e-02, -2.62966938e-02, -2.85771319e-02],
       [-2.24638512e-02,  5.69534480e-02, -7.99353030e-02,  8.44432924e-02, -1.72439662e-02],
       [-6.51840287e-03, -1.28642395e-01, -1.40009418e-01, -2.33702508e-04, -1.25155545e-01],
       [ 2.60308113e-02, -3.26854539e-02, -1.65219385e-02, -1.75892000e-02, -6.38217447e-02],
       [ 9.37467285e-02, -1.61069031e-01, -5.02783747e-02, -5.79195822e-02, -1.17842751e-02],
       [ 1.61630403e-02,  8.74885647e-02, -1.61022645e-01, -2.42123609e-02, -1.50244663e-01],
       [ 5.50117762e-02, -5.39017743e-02, -9.67134233e-02, -7.86459426e-02, -6.27413045e-02],
       [-7.20487181e-02, -5.75793869e-02, -1.78242674e-02,  8.87643954e-02, -6.17070271e-02],
       [ 1.95762377e-01,  3.19776683e-02,  2.00507673e-02,  2.32956206e-02, -5.01309324e-02],
       [-3.08475481e-02,  1.56488069e-02,  5.72896713e-02, -7.52916597e-03, -5.29661621e-02],
       [ 1.44677415e-01, -1.80620781e-02, -2.49537812e-02,  9.01255465e-02,  8.92113626e-02],
       [-3.56503396e-02,  3.02829529e-01,  2.36951985e-02, -6.77006856e-02, -2.46622485e-01],
       [ 9.51954509e-03,  1.83151014e-02,  2.14295712e-02, -5.56193353e-02,  1.18762359e-02],
       [-6.35946307e-02, -1.33078431e-01, -7.16905835e-03,  1.72687116e-02,  3.68793588e-02],
       [-1.49970597e-01, -9.86321397e-02, -9.90447966e-02, -5.21117699e-02,  1.83936314e-01],
       [ 7.06675397e-02,  1.29362993e-01,  7.50830196e-02, -1.10499570e-01, -2.64037968e-02],
       [-1.26034721e-01, -1.18488717e-02,  5.14154959e-02, -7.55582265e-03, -1.00644744e-01],
       [ 4.66187173e-02,  3.36847822e-02,  1.37997324e-01, -3.54560000e-02, -7.97422566e-02],
       [-3.23946966e-02,  7.74639087e-02, -1.42336259e-01, -1.90487800e-01, -5.30900560e-02],
       [-5.53847011e-02,  2.46059672e-02, -1.02165523e-01,  8.07230342e-02,  4.86470898e-02],
       [ 1.37996465e-01,  1.21436476e-01,  1.01778536e-02, -5.33279169e-02, -1.09074839e-01],
       [ 7.63718213e-02, -5.45641386e-02, -2.75312338e-03, -2.06468473e-02, -5.08307257e-03],
       [-2.90638616e-02,  1.77515084e-02, -2.00992228e-03, -7.48607071e-02,  2.93315670e-02],
       [ 7.06628681e-02, -4.94084541e-02, -1.95761015e-02, -1.10847518e-02,  9.00758959e-03],
       [ 3.66688342e-02,  1.87599569e-02,  4.79930818e-02,  4.91203836e-04, -3.09972204e-02],
       [-2.87901532e-02, -5.15984421e-02,  1.89483248e-01,  1.27431663e-01, -4.86100384e-02],
       [-2.67374909e-02, -7.94710136e-03, -5.92394926e-03,  1.06236099e-01,  3.15676057e-03],
       [-2.15127100e-01,  6.36447112e-02, -3.30619902e-02, -8.77885495e-02,  1.29260570e-01],
       [ 7.35878328e-02, -2.04118328e-02, -1.12275477e-02,  3.78341800e-03, -9.16257855e-02],
       [ 6.39252236e-02, -5.04787924e-02,  7.44855330e-02,  1.96992883e-01,  3.10188014e-02],
       [-3.74326614e-02, -8.68324103e-02, -1.39468671e-02, -3.38152832e-02, -1.73287739e-02],
       [ 6.13839169e-03,  1.96268592e-01, -9.57308811e-02,  4.67467713e-03, -6.26549494e-02],
       [ 3.73549942e-03, -5.88096187e-02,  2.01537023e-02,  7.22458682e-02, -9.04289836e-03],
       [-1.41899329e-02, -2.78109930e-02, -5.71180348e-02,  9.02217459e-02, -8.69878790e-02],
       [ 4.39845463e-02, -2.23750073e-02, -1.17485848e-01,  5.08974007e-02, -5.96915939e-02],
       [-4.22809259e-02, -5.05886957e-03,  2.17636546e-01, -6.27828033e-04,  1.41279383e-01],
       [-2.12152609e-02, -5.25989890e-02,  7.24421001e-02, -3.14817798e-02,  8.64247987e-03],
       [-1.14150169e-02,  2.32106643e-02,  1.92761358e-02, -3.46326566e-02, -1.05055483e-01],
       [ 3.69782198e-02,  5.99964563e-02, -1.00641466e-01, -2.89118898e-02, -1.13810537e-01],
       [-1.78602645e-02,  5.22186445e-02, -1.47681991e-02, -2.73042805e-01,  2.41991669e-02],
       [-1.94207513e-02,  1.08694046e-01, -6.08833954e-02, -3.34161722e-02,  2.56440509e-02],
       [-9.55902366e-03, -6.29163863e-02, -1.72347128e-01,  1.57955732e-01,  1.50706583e-01],
       [-3.17234546e-03,  5.55516225e-02, -4.22191307e-02,  3.14809245e-02,  6.87850218e-03],
       [-7.50100096e-02, -4.70057228e-02, -4.17505318e-02,  1.26698057e-02, -2.55773696e-02],
       [-2.58299186e-02,  9.91105318e-02, -5.03661129e-02,  7.71815731e-03, -2.77314208e-02],
       [ 7.40687242e-02, -1.12338842e-01,  9.63548733e-03,  5.51238326e-02,  2.37222808e-02],
       [-3.17231603e-02,  3.94030016e-02, -3.16576368e-02,  1.24697602e-01,  3.46431646e-02],
       [-2.98077010e-02, -8.66767110e-03,  1.67705982e-02, -4.24358017e-02,  4.15750092e-02],
       [ 6.99795964e-02,  7.13362346e-02,  3.05362582e-02, -4.59764195e-02, -1.87756137e-02],
       [-4.55066249e-02, -4.00433388e-02,  1.45933416e-02,  5.05391724e-02,  3.33461841e-02],
       [ 7.68318624e-02, -8.87314275e-02,  2.58093586e-03,  2.08248862e-02, -1.02177548e-02],
       [-7.66538297e-02,  7.91350498e-03,  5.83766165e-02,  7.18924043e-02, -9.60725934e-03],
       [ 2.32254767e-02, -7.37400785e-02,  5.95796620e-02, -1.25027304e-01, -5.76961296e-03],
       [ 8.42308355e-02,  7.92666017e-02, -2.86262740e-02,  4.01900424e-04,  6.21324785e-02],
       [-6.64497602e-02,  1.61817304e-02,  2.24173982e-03,  4.29460524e-02,  3.96553122e-02],
       [ 1.02023546e-01,  9.11652499e-02, -6.06048862e-02, -6.63059028e-02,  4.29119259e-02],
       [-5.90470050e-02,  1.66700686e-02, -8.38627947e-03,  4.22308386e-02, -1.45647582e-02],
       [-5.97689352e-02, -9.00538852e-02, -2.50577523e-02, -3.68408050e-02,  8.01856876e-04],
       [-5.43479791e-02, -1.40099593e-01, -7.52807131e-02, -3.43331616e-02, -1.87611617e-01],
       [ 1.45146659e-01,  1.75628195e-02, -7.11700072e-02, -4.58593457e-02, -2.58060960e-02],
       [-1.62717789e-02, -9.39604768e-03,  1.64488069e-02,  6.54987678e-02, -5.00813090e-02],
       [-6.05919603e-03,  5.68036164e-03, -1.56368987e-02,  1.78349994e-02, -9.29660267e-03],
       [-3.48809261e-02, -5.27206524e-04, -5.33783677e-02, -2.11643621e-02, -1.33275225e-01],
       [ 2.69766559e-03, -2.44352122e-02, -1.83989944e-05,  4.36920483e-02, -1.96698802e-03],
       [ 6.36276597e-02, -9.64522806e-02, -1.87855092e-01,  3.47095584e-01,  5.17437280e-02],
       [ 1.29308107e-02, -4.36590384e-02,  4.39184129e-02, -7.14156422e-02, -6.29369028e-03],
       [-1.88661199e-02, -4.94657291e-02,  1.18606588e-01, -4.28023258e-02,  1.10226654e-01],
       [ 2.73698878e-02, -3.81571123e-02, -3.29554435e-02, -2.30927033e-02,  4.58290906e-02],
       [ 1.96341818e-02,  6.74676528e-02, -3.23786146e-02, -2.80756951e-02,  4.98590054e-02],
       [-5.39509577e-04,  7.81787160e-02,  4.59663311e-02,  1.03927464e-01, -2.65073745e-02],
       [-7.40394549e-02, -2.11428659e-02, -6.81486362e-03, -2.24092564e-01, -6.10234789e-02],
       [ 4.72103278e-03,  1.85957293e-02, -4.79216574e-02, -1.00291541e-02,  1.24043338e-02],
       [ 7.24979536e-02,  1.20313771e-01,  5.98715790e-02, -3.07268393e-02,  9.07971064e-02],
       [-3.92934163e-02,  1.87024652e-02,  5.13432605e-03,  2.14752415e-03, -1.75688609e-02],
       [ 4.54840042e-02,  3.22302166e-02, -2.07088052e-02,  4.62872310e-02,  3.84698387e-03],
       [ 1.14154747e-02,  4.97364310e-02,  4.03206101e-02,  4.81376451e-02, -4.06971281e-02],
       [ 7.54144283e-02, -1.20140159e-01,  5.52261200e-02, -8.80751899e-03,  5.53921151e-02],
       [-2.29432358e-02, -1.40124360e-02, -2.40242383e-02, -2.60472121e-02,  6.28802634e-02],
       [ 1.47370151e-02, -1.13636528e-01, -1.06784203e-01, -1.07628727e-01, -1.13431700e-02],
       [ 5.43763333e-02, -4.52832050e-02,  6.59350615e-02,  4.72885560e-02, -7.65826805e-02],
       [-3.63668283e-02,  3.44159882e-02,  8.41042979e-03,  1.14538772e-01, -1.46113436e-02],
       [-2.27259021e-02,  9.79163450e-02,  1.97775682e-02,  3.68744779e-02,  1.10164237e-02],
       [-1.37613242e-01,  1.74914928e-01,  6.97067009e-02, -1.20115348e-01,  5.58588112e-02],
       [ 9.05211866e-02, -6.46321634e-02, -1.64272861e-01,  6.99852499e-02, -1.69552394e-01],
       [-1.48555203e-01, -3.00256106e-02, -4.97604003e-02,  8.52969940e-02, -7.19010040e-02],
       [-4.37671715e-03, -3.82646507e-02,  1.73461826e-01,  1.27797713e-02,  4.30615677e-02],
       [-4.57466044e-02, -9.82465907e-03, -5.94892040e-02,  5.07694539e-02, -1.34041046e-01],
       [-2.38683917e-02,  1.76131940e-02, -1.10675850e-02,  9.95821383e-04,  1.82096836e-03],
       [-6.19657654e-02, -2.89326791e-02, -1.20065959e-01, -1.01550414e-02, -1.35057895e-01],
       [ 3.86067267e-02, -2.02703373e-02, -9.59047990e-03, -5.42146173e-02, -2.27098104e-02],
       [ 1.58575660e-02,  3.44827113e-02, -7.62858942e-02,  3.44376567e-02, -9.96555844e-02],
       [ 1.97069339e-01, -4.62731181e-02, -3.31732127e-02,  4.74073324e-02,  1.01779218e-01],
       [ 2.24840965e-01,  1.45388950e-01,  5.48523831e-02,  8.40249672e-02,  1.35887132e-01],
       [ 3.64106886e-02, -1.51008210e-01,  2.10876412e-01, -8.49460440e-02,  1.65626108e-01],
       [ 4.54823612e-02,  1.51053749e-01, -1.49790893e-01,  3.24996803e-02,  1.61431999e-02],
       [-4.97664682e-02,  3.40256402e-03,  1.14919652e-03, -5.08113376e-02,  6.32338459e-02],
       [ 2.00675900e-02,  2.85254815e-02, -7.08213471e-02, -9.43971397e-03,  8.51121384e-02],
       [ 4.12451743e-02, -6.63203128e-03, -4.46391351e-02, -3.59115015e-02,  8.72116879e-02],
       [-8.16211857e-02, -4.72572143e-02, -4.35357640e-02, -3.77844713e-03, -1.72433966e-02],
       [-7.89076726e-02,  1.12242383e-01,  5.89739664e-02,  1.37932714e-01,  1.72179939e-02],
       [ 1.23368260e-01,  1.03321923e-01,  4.92682599e-03,  3.34646977e-01,  4.33129248e-02],
       [ 5.20730445e-03,  1.93212724e-02, -3.91378592e-02, -1.40436239e-02, -3.19649412e-02],
       [-2.67314232e-01, -9.97391112e-02,  4.99536514e-02,  1.10797852e-01,  1.45965306e-01],
       [ 3.08103835e-02,  4.25757905e-02, -1.57853225e-02, -6.57463399e-02,  1.29741249e-01],
       [-6.20015140e-02, -5.08184627e-02, -1.03922577e-02, -7.32345586e-02,  9.66463968e-03],
       [-1.75235587e-01,  2.05930565e-01,  1.72589833e-01, -1.88452959e-02,  1.42862417e-01],
       [-1.08599998e-02, -2.95130429e-02,  1.97248932e-02, -5.72653153e-03,  4.64252210e-02],
       [-1.03231935e-01,  6.78300643e-02, -2.85625638e-02,  3.50883361e-02, -9.25711364e-03],
       [-2.57530330e-02,  5.18771004e-02,  1.31724369e-02, -1.09827277e-02, -6.31318252e-02],
       [-9.53536557e-02,  1.55532369e-01, -1.09222702e-01, -2.15087509e-02,  9.69071981e-02],
       [ 1.06793612e-02, -1.50151531e-01,  3.46756860e-01,  5.99081797e-02, -3.27584237e-01],
       [-1.19599966e-01,  7.53680989e-02, -1.07664148e-03,  7.96806278e-02, -5.93342203e-03],
       [ 1.43954402e-02,  2.10976147e-03, -5.38106111e-02,  1.38087781e-02, -3.51188401e-02],
       [-2.13299837e-02, -7.34927022e-03, -5.15725988e-02,  3.44680948e-02, -1.19423501e-02],
       [-1.06945217e-01,  3.20469602e-02,  2.49786065e-02,  4.29412583e-02, -1.16623043e-02],
       [ 9.85984342e-02, -1.24886071e-02,  9.21691964e-03, -1.19930470e-01, -4.45104596e-02],
       [ 1.02066118e-01,  4.14567067e-03,  2.44375763e-02,  1.06808912e-01, -9.35430459e-02],
       [-1.26255925e-01, -8.62992740e-02, -4.00854550e-03,  7.28187897e-02,  1.74137792e-02],
       [ 1.64457892e-02, -2.68284673e-03, -2.93850961e-02, -6.07995255e-03, -1.51776522e-02],
       [-1.09000522e-01, -3.78610293e-02,  1.79247331e-02, -6.89707943e-03,  1.53943348e-02],
       [-2.73105624e-03, -1.94797513e-02, -4.76210672e-02, -3.51769765e-02,  1.98433848e-02],
       [ 5.33418767e-02,  3.79039345e-02,  5.67423957e-02, -9.28552705e-02,  9.87206252e-02],
       [-1.76858784e-02,  6.81058226e-02,  2.42078988e-03,  2.09036583e-02,  4.49981133e-02],
       [-9.17141442e-02, -4.03414891e-02,  7.54938665e-02,  5.51707946e-02,  2.61407646e-02],
       [-3.85912001e-02, -6.78671570e-02, -4.02702301e-02, -9.54922045e-03, -8.94388530e-02],
       [-8.69878414e-02, -5.61685906e-02, -1.23679651e-02, -1.22774823e-02,  3.50740674e-02],
       [-1.23920861e-02, -2.84194543e-02,  7.74321242e-02,  1.01986706e-01, -1.11995491e-01],
       [-8.47132511e-02, -5.91495129e-02,  3.22327480e-02,  4.23255908e-02, -7.71493967e-02],
       [ 1.49060219e-02,  2.77567603e-02,  1.04645267e-02,  4.79148547e-02, -4.58317421e-03],
       [ 4.05327105e-02, -4.40183662e-02,  5.67664495e-02,  2.17282329e-02, -6.69757045e-02],
       [-1.86022840e-02,  6.25673578e-02,  1.50162234e-02,  1.09200190e-02,  6.14072304e-02],
       [-2.66712998e-02, -1.62955676e-02,  8.58053099e-02, -5.66914654e-02,  6.36338780e-02],
       [-3.37501740e-01, -1.16061181e-01, -3.38013256e-02,  3.02863935e-02, -5.96629457e-02],
       [-9.26754802e-02,  1.36570184e-01, -1.45777325e-01,  3.39709802e-02, -1.23773765e-01],
       [ 9.03934218e-03,  1.84898732e-01,  1.69630149e-01, -7.73633560e-02, -1.95139890e-01],
       [-1.75082635e-02,  8.38322823e-02, -1.50078293e-01, -2.03618383e-02, -4.03957396e-02],
       [ 1.48073934e-01, -1.07368809e-01,  6.42794528e-02,  5.85119026e-03,  1.09402201e-02],
       [ 2.76137726e-02,  8.23642575e-03,  2.25883142e-02, -9.27598750e-02, -5.15007772e-02],
       [-6.81727766e-02, -1.63669549e-02,  5.23450799e-02,  5.39890590e-03, -8.22334977e-02],
       [ 1.33769298e-02,  7.00690294e-02, -1.72541003e-02,  5.20902362e-02, -2.09550658e-02],
       [-6.27717643e-04,  6.65354325e-02, -1.62850475e-02,  3.23157088e-02, -3.29822245e-02],
       [ 2.75529483e-03, -8.30176981e-03,  4.62519662e-02,  2.55866782e-02, -7.49846849e-02],
       [-4.68652495e-02, -1.08842925e-01,  8.33622361e-02, -1.75397654e-02, -1.28559018e-01],
       [ 1.04400246e-01, -1.41702389e-01, -1.55590697e-01,  1.21388822e-02,  1.21587583e-01],
       [-2.08978623e-02,  6.33264322e-02,  1.03234969e-02,  2.10961020e-02,  4.06372600e-02],
       [ 6.72158560e-02, -3.20349843e-02,  1.32264388e-01, -4.66487784e-02, -3.09914161e-02],
       [ 8.85681703e-02, -2.20705049e-01, -9.97100628e-02, -2.11858301e-01, -3.67693240e-02]])})
2026-01-20 11:00:46,719 - final_problem_set.kxor_instance_n18_k4_m249_ell4_eps0.3_kappa0.875_rho0.2 - INFO - Running key extraction (n=18, m=249, ell=2, phase_qubits=13)
2026-01-20 11:00:46,721 - final_problem_set.kxor_instance_n18_k4_m249_ell4_eps0.3_kappa0.875_rho0.2 - INFO - Built voting matrix V (n=18, ell=2, dtype=complex128) in 0.002s
2026-01-20 11:00:46,721 - final_problem_set.kxor_instance_n18_k4_m249_ell4_eps0.3_kappa0.875_rho0.2 - INFO - Eval: adv=0.1165, hamming=8/18 (0.444), corr=0.111
2026-01-20 11:00:46,721 - final_problem_set.kxor_instance_n18_k4_m249_ell4_eps0.3_kappa0.875_rho0.2 - INFO - Key extraction complete: x_hat=9
2026-01-20 11:00:46,721 - final_problem_set.kxor_instance_n18_k4_m249_ell4_eps0.3_kappa0.875_rho0.2 - INFO - Finished step 'KeyExtractionStep' in 0.002s (success: True, problem=kxor_instance_n18_k4_m249_ell4_eps0.3_kappa0.875_rho0.2)
2026-01-20 11:00:46,721 - final_problem_set.kxor_instance_n18_k4_m249_ell4_eps0.3_kappa0.875_rho0.2 - INFO - SUCCESS: len(z_hat)=18
2026-01-20 11:00:46,721 - final_problem_set.kxor_instance_n18_k4_m249_ell4_eps0.3_kappa0.875_rho0.2 - INFO - Metrics: adv=0.11646586345381527, ham_frac=0.4444444444444444, corr=0.1111111111111111
2026-01-20 11:00:46,721 - final_problem_set.kxor_instance_n18_k4_m249_ell4_eps0.3_kappa0.875_rho0.2 - INFO - z_hat (full): [-1, -1, -1,  1, -1,  1, -1,  1,  1, -1, -1, -1, -1, -1, -1, -1, -1,  1]
