2026-01-21 13:09:40,873 - final_problem_set.kxor_instance_n16_k2_m136_ell2_eps0.25_kappa0.875_rho1.0 - INFO - Starting iterate_quantum for /Users/julian/CodingProjects/UniT3/QuarticSpeedupK-XOR/z_Daphne/data/final_problem_set/kxor_instance_n16_k2_m136_ell2_eps0.25_kappa0.875_rho1.0.npz
2026-01-21 13:09:40,875 - final_problem_set.kxor_instance_n16_k2_m136_ell2_eps0.25_kappa0.875_rho1.0 - INFO - Loaded instance (n=16, m=136, k=2)
2026-01-21 13:09:40,875 - final_problem_set.kxor_instance_n16_k2_m136_ell2_eps0.25_kappa0.875_rho1.0 - INFO - Starting step 'ComputeKikuchiStep' (version 0.1) on problem kxor_instance_n16_k2_m136_ell2_eps0.25_kappa0.875_rho1.0 (fields={'ell': 2, 'threshold': 0.0})
2026-01-21 13:09:40,888 - final_problem_set.kxor_instance_n16_k2_m136_ell2_eps0.25_kappa0.875_rho1.0 - INFO - Finished step 'ComputeKikuchiStep' in 0.013s (success: True, problem=kxor_instance_n16_k2_m136_ell2_eps0.25_kappa0.875_rho1.0)
2026-01-21 13:09:40,888 - final_problem_set.kxor_instance_n16_k2_m136_ell2_eps0.25_kappa0.875_rho1.0 - INFO - Starting step 'ClassicalEigenvaluesStep' (version 0.1) on problem kxor_instance_n16_k2_m136_ell2_eps0.25_kappa0.875_rho1.0 (fields={'ell': 2, 'threshold': 0.0, 'kikuchi_matrix': <Dictionary Of Keys sparse matrix of dtype 'int64'
	with 2184 stored elements and shape (120, 120)>, 'num_eigenvalues': 5})
2026-01-21 13:09:40,920 - final_problem_set.kxor_instance_n16_k2_m136_ell2_eps0.25_kappa0.875_rho1.0 - INFO - Finished step 'ClassicalEigenvaluesStep' in 0.031s (success: True, problem=kxor_instance_n16_k2_m136_ell2_eps0.25_kappa0.875_rho1.0)
2026-01-21 13:09:40,920 - final_problem_set.kxor_instance_n16_k2_m136_ell2_eps0.25_kappa0.875_rho1.0 - INFO - Starting step 'KeyExtractionStep' (version 0.1) on problem kxor_instance_n16_k2_m136_ell2_eps0.25_kappa0.875_rho1.0 (fields={'ell': 2, 'threshold': 0.0, 'kikuchi_matrix': <Dictionary Of Keys sparse matrix of dtype 'int64'
	with 2184 stored elements and shape (120, 120)>, 'num_eigenvalues': 5, 'eigenvalues': array([ 9.45428847,  9.68899642, 10.90520295, 11.47509104, 18.68682996]), 'eigenvectors': array([[-8.99852079e-02, -2.74310508e-02, -1.01139445e-01, -1.26428901e-01,  6.41428076e-02],
       [-2.13919936e-02, -8.12916926e-02, -1.80381241e-01, -6.34719969e-02,  5.14784496e-02],
       [-8.60486803e-02, -6.46675471e-02, -1.17216658e-01, -1.24745336e-01,  4.98775987e-02],
       [ 8.76224818e-03, -1.10333435e-01, -1.30147610e-01, -9.69357051e-02,  6.95636961e-02],
       [-8.08002701e-02, -1.49499923e-01, -1.01914205e-01, -1.08074273e-01,  5.77226435e-02],
       [-1.30600895e-01, -8.56769540e-04, -1.39089450e-01,  1.24469881e-03,  4.46433495e-02],
       [-1.86596563e-02, -1.25365259e-01, -1.35370816e-01, -1.17368981e-01,  7.06513206e-02],
       [-6.95476315e-03,  4.48113136e-02,  1.42508432e-01,  1.19453637e-01, -5.01118021e-02],
       [-7.38134263e-02, -6.89463633e-02, -1.65997641e-01, -1.24309887e-01,  6.41621365e-02],
       [-7.06379837e-02, -1.26141682e-01, -1.73323786e-01, -8.51802859e-02,  6.26575617e-02],
       [-1.10618048e-01, -1.10306548e-01, -1.35469922e-01, -9.04353777e-02,  7.44857166e-02],
       [ 5.45630989e-02,  1.60353135e-01,  1.26117738e-01,  1.85559236e-02, -5.72068309e-02],
       [ 8.12954118e-02,  1.31927223e-01,  9.26836152e-02,  1.15577079e-01, -6.62760939e-02],
       [-3.55348210e-02, -8.73556316e-02, -1.23099376e-01, -1.27567033e-01,  6.95271026e-02],
       [ 1.05458365e-02,  6.72768599e-02,  1.29003175e-01, -1.30360670e-02, -4.57093892e-02],
       [ 2.02185509e-02,  1.11217315e-01, -7.39058512e-02, -1.12082386e-02,  9.73333565e-02],
       [-1.07549613e-01,  1.09303023e-01,  4.54090861e-02, -1.28648779e-01,  8.27757964e-02],
       [ 5.97296688e-02,  1.16057492e-01,  1.18106975e-01, -2.57419282e-02,  1.01342475e-01],
       [-9.91657977e-02, -1.52359807e-02,  1.29436526e-01, -7.06947968e-02,  9.32198467e-02],
       [-1.54334534e-01,  1.69713204e-01, -1.63692414e-02,  8.48617070e-02,  6.80233496e-02],
       [ 2.31736797e-02,  1.01545672e-01,  1.19233446e-01, -5.14529931e-02,  1.04502741e-01],
       [-7.02527340e-02, -1.55201364e-01,  2.99769182e-03,  1.16383738e-01, -8.49229891e-02],
       [-6.44245654e-02,  1.92272748e-01,  5.06923690e-02, -8.61207177e-02,  1.06913632e-01],
       [-6.84232244e-02,  7.55321914e-02,  3.19171127e-02, -1.45042709e-02,  1.16438657e-01],
       [-1.02888022e-01,  1.30810523e-01,  1.38639878e-01, -9.42166049e-03,  1.08014297e-01],
       [ 4.24839813e-02,  1.33674360e-02, -7.76667422e-02, -7.86800766e-02, -9.31365073e-02],
       [ 7.29697513e-02, -6.89362646e-02, -1.62138976e-01,  5.65002850e-02, -9.63297204e-02],
       [-5.09806442e-03,  1.47067243e-01,  1.34066523e-01, -6.96110582e-02,  1.01708657e-01],
       [-2.36455444e-02, -8.81673801e-02, -1.04374941e-02, -1.09465556e-01, -7.49853696e-02],
       [-2.14915324e-02,  1.97180924e-02, -1.17303355e-01, -5.89769762e-02,  7.90624478e-02],
       [ 1.52173749e-01,  2.13652017e-03, -1.02417815e-01,  4.11698124e-02,  9.50737308e-02],
       [ 2.13409125e-03, -1.22722790e-01, -7.96766209e-02, -3.75765196e-03,  9.63307573e-02],
       [-7.55503024e-02,  9.34766603e-02, -1.30611054e-01,  1.05704235e-01,  6.04871906e-02],
       [ 1.26060833e-01, -1.38689926e-02, -1.09646153e-01,  2.32145288e-02,  9.76336697e-02],
       [-1.40551926e-01, -6.16895875e-02,  1.61041909e-01,  4.47963596e-02, -7.70523451e-02],
       [ 5.20679978e-02,  6.61922252e-02, -1.70439038e-01, -1.53333446e-03,  9.88522389e-02],
       [ 5.36440045e-02, -4.37596697e-02, -1.79857809e-01,  5.29863689e-02,  9.60875606e-02],
       [ 1.55059539e-02,  9.80976452e-03, -1.09940469e-01,  6.87730963e-02,  1.11097185e-01],
       [-4.52422330e-02,  9.41800503e-02,  1.01384726e-01, -1.07118613e-01, -7.70090974e-02],
       [-3.43723948e-02,  4.09828776e-02,  5.78429957e-02, -1.32306947e-02, -1.00314738e-01],
       [ 1.15726400e-01,  3.51413881e-02, -9.99957454e-02,  4.63038528e-03,  1.05763255e-01],
       [-8.10719556e-02, -4.99797612e-03,  1.15352153e-01, -1.21809372e-01, -6.09029674e-02],
       [ 1.73840207e-02,  2.58254300e-02,  2.86779689e-02, -9.92525185e-02,  9.90418587e-02],
       [-1.18441693e-01, -7.89515205e-02,  3.97225324e-02, -1.20198942e-01,  8.31951958e-02],
       [-1.90879303e-01,  1.15854103e-01, -6.91144669e-02,  3.15249765e-02,  6.57326057e-02],
       [-2.15766702e-02,  6.81849975e-03,  2.64744610e-02, -1.27732448e-01,  1.01993529e-01],
       [-2.70354001e-02, -7.24382874e-02,  5.79441659e-02,  1.49718307e-01, -7.47903862e-02],
       [-1.01585804e-01,  8.57278170e-02, -3.60557293e-02, -1.41691601e-01,  9.45281542e-02],
       [-1.12561001e-01, -2.39265636e-02, -6.34968483e-02, -8.55600729e-02,  1.02571269e-01],
       [-1.38141351e-01,  3.21239277e-02,  3.04901559e-02, -8.06301072e-02,  9.73879425e-02],
       [ 7.90515645e-02,  8.58517500e-02,  6.72245986e-03, -9.41470707e-03, -8.37890423e-02],
       [ 1.00905940e-01,  1.33251970e-02, -6.23714823e-02,  1.13729833e-01, -8.65318266e-02],
       [-4.56336014e-02,  4.96868249e-02,  3.36417771e-02, -1.28458274e-01,  9.10304269e-02],
       [ 1.50888658e-02, -1.97773301e-02,  5.05951240e-02, -4.91278330e-02, -6.68797482e-02],
       [ 4.20493844e-02, -1.29904951e-01,  1.07998539e-01, -1.88848639e-02,  1.01102023e-01],
       [-6.69108137e-02,  1.25060754e-01, -3.58105393e-02,  1.40134851e-01,  7.90998053e-02],
       [ 1.97848871e-01, -1.79172369e-02,  9.19958316e-02,  1.31556926e-02,  1.11726833e-01],
       [-2.10142415e-01, -7.01979223e-02,  3.13371587e-02,  7.47237677e-02, -9.20786756e-02],
       [ 1.06368947e-01,  8.08559934e-02,  1.70847982e-02, -2.24999887e-02,  1.16976589e-01],
       [ 1.24975312e-01, -6.35661744e-02, -5.60682614e-03,  6.00523080e-02,  1.24177791e-01],
       [ 6.48166225e-02,  1.15741497e-02,  1.11647587e-01,  5.99226200e-02,  1.17180942e-01],
       [-8.74651348e-02,  1.11686553e-01, -4.37686788e-02, -1.26937227e-01, -8.99391856e-02],
       [-7.85472748e-02,  4.17363156e-02, -1.42348363e-01, -1.43021398e-04, -1.04690169e-01],
       [ 1.64194471e-01,  3.39097886e-02,  1.09966732e-01, -1.01381598e-02,  1.10805577e-01],
       [-1.19706049e-01, -4.97049052e-03,  1.62865389e-02, -1.48078142e-01, -7.17325954e-02],
       [-1.92391549e-01,  1.76323487e-02, -1.66691594e-02,  9.29545150e-02,  7.36293415e-02],
       [ 5.60187105e-03, -1.51362208e-01,  1.08732763e-01, -4.40457184e-02,  1.03283263e-01],
       [-6.50878553e-02,  4.87901640e-02,  5.65860950e-03,  1.22924925e-01, -9.26459055e-02],
       [-9.67267069e-02, -7.21436369e-02,  4.73064579e-02, -8.59433511e-02,  1.17225543e-01],
       [-7.73819486e-02, -1.82014593e-01,  2.14801153e-02, -4.54262530e-03,  1.04867093e-01],
       [-1.25784124e-01, -1.31746846e-01,  1.27791634e-01,  3.64088771e-04,  1.06538438e-01],
       [ 5.23477864e-02,  2.03820981e-01, -5.79652479e-02, -7.73457615e-02, -8.26428184e-02],
       [ 8.88138014e-02,  1.58539003e-01, -1.50785802e-01,  4.79373203e-02, -9.44870182e-02],
       [-2.16287782e-02, -1.02269304e-01,  1.25482328e-01, -6.09829127e-02,  1.01485035e-01],
       [-5.46656413e-03,  9.41448382e-02, -4.82275597e-03, -1.13728736e-01, -7.29491629e-02],
       [-9.83048539e-02,  1.15498034e-01, -3.96693688e-02,  1.28338911e-01,  8.13008015e-02],
       [ 4.03099442e-02, -1.57382822e-01,  1.07812844e-01, -4.40964902e-02, -6.63694278e-02],
       [-1.56189268e-01,  1.65231470e-01, -8.82165486e-02,  1.01319315e-01,  7.55523185e-02],
       [-1.47862578e-01,  8.38686913e-02, -9.29416648e-02,  1.34029806e-01,  7.26289041e-02],
       [-1.82414290e-01,  1.23425155e-01, -3.42298620e-02,  1.46499999e-01,  7.56220971e-02],
       [ 1.06444742e-01, -2.04730382e-02,  4.12472337e-02, -1.51490401e-01, -5.80618625e-02],
       [ 1.74635025e-01, -8.68114162e-02, -4.01130796e-03, -1.11974195e-01, -7.60460671e-02],
       [-1.22732458e-01,  1.52821803e-01, -2.64461630e-02,  1.10061815e-01,  8.09664830e-02],
       [ 4.45226510e-02, -6.89053240e-02,  5.95578913e-02, -1.42840394e-01, -4.56423649e-02],
       [-1.82776588e-01, -5.68727009e-02,  3.45009269e-02,  9.91200582e-02, -9.39178297e-02],
       [ 6.40747065e-02,  6.19124221e-02,  1.43384563e-02, -5.22982541e-02,  1.19577104e-01],
       [ 6.95721478e-02, -7.66379703e-02, -8.86180951e-03,  2.91523118e-02,  1.16508978e-01],
       [ 2.30446464e-02, -9.68922885e-03,  1.12292943e-01,  3.53094934e-02,  1.20671791e-01],
       [-6.12583529e-02,  1.31365057e-01, -4.22381596e-02, -1.13995673e-01, -9.24434438e-02],
       [-4.11903530e-02,  6.19225196e-02, -1.43838269e-01,  2.57616910e-02, -1.07004671e-01],
       [ 1.29687594e-01,  1.51734615e-02,  1.11000944e-01, -3.67670899e-02,  1.13988990e-01],
       [-1.23188692e-01,  8.73416676e-03,  1.58545589e-02, -1.51652598e-01, -8.14296787e-02],
       [-1.09248843e-01, -1.39601869e-01,  9.33802571e-02,  1.24435607e-01, -9.47382354e-02],
       [-1.11137834e-01, -3.24164245e-02,  1.09381864e-01,  6.28580388e-02, -9.51431791e-02],
       [-8.62472816e-02, -9.71781093e-02,  2.52686773e-02,  6.80954033e-02, -1.08512829e-01],
       [ 1.08852242e-01, -4.14155918e-02, -5.51697888e-02,  2.37789102e-02,  8.46191465e-02],
       [ 9.91883893e-02,  3.41170558e-02,  1.92148878e-02, -1.12959819e-01,  9.63661371e-02],
       [-1.57131561e-01, -9.91822227e-02,  2.03829027e-02,  1.13915710e-01, -9.23639062e-02],
       [ 1.35972307e-01,  5.95418863e-02, -9.02122555e-02,  6.15811614e-02,  6.68106799e-02],
       [-3.18020687e-02,  2.30888107e-02, -8.72390510e-02, -6.94374413e-03,  1.20227264e-01],
       [-8.41087153e-02,  9.57393431e-02,  2.93116309e-02, -3.23458431e-03,  1.24830864e-01],
       [ 1.73598578e-02,  6.42967246e-02,  2.10819489e-02, -9.40352832e-02, -1.05938285e-01],
       [ 5.31719825e-02, -2.84182709e-02, -7.40751298e-02,  5.98348208e-02, -1.11422538e-01],
       [ 3.08753369e-02,  1.19633176e-01,  3.32468653e-02, -7.45840387e-02,  1.17490669e-01],
       [-5.35038145e-02, -6.48748433e-02,  7.51799824e-02, -1.27973780e-01, -8.41509629e-02],
       [-7.58109359e-02, -5.17091670e-02,  5.39225057e-03,  7.55313566e-02,  1.21394131e-01],
       [ 5.40269587e-03,  1.61096459e-01,  3.15620349e-02, -1.38138745e-01, -9.18277099e-02],
       [ 4.73603907e-02,  9.75300652e-02, -5.04592569e-02, -1.45752943e-02, -1.09370425e-01],
       [ 3.42601425e-02, -2.10555054e-02,  1.03593072e-02,  4.94062577e-03,  1.15747085e-01],
       [-5.39554365e-02,  3.02535585e-02,  7.26599193e-02, -1.56270797e-01, -7.29073550e-02],
       [ 4.73296009e-02,  1.17369989e-01, -5.64123229e-02, -1.51086174e-01, -9.53213773e-02],
       [ 9.55827726e-02,  3.76325122e-02, -1.65485116e-01, -2.16493490e-02, -1.10391715e-01],
       [-1.29096953e-02,  4.64587903e-02,  1.31639467e-01,  1.03676215e-02,  1.17931424e-01],
       [-2.52417756e-02, -6.71522420e-03,  1.10682362e-02, -1.68835562e-01, -7.57955119e-02],
       [-2.89054258e-02, -1.41242793e-01,  8.36163535e-02,  9.70723357e-02,  8.64046109e-02],
       [-4.32213187e-02,  9.96846998e-02, -6.75569396e-02, -1.02901478e-01, -1.01076489e-01],
       [ 4.35666718e-02, -6.60045295e-02, -2.43815780e-02,  1.66830350e-01,  5.73026013e-02],
       [-1.14363461e-02,  1.22534500e-02, -1.60859428e-01,  4.43728674e-02, -1.05104353e-01],
       [ 3.10324134e-02, -2.84293871e-02,  2.65265386e-02,  1.33505219e-01,  7.62086082e-02],
       [-8.23313051e-02, -2.37461920e-02,  8.89385452e-03, -1.25749168e-01, -7.36422383e-02]])})
2026-01-21 13:09:40,921 - final_problem_set.kxor_instance_n16_k2_m136_ell2_eps0.25_kappa0.875_rho1.0 - INFO - Running key extraction (n=16, m=136, ell=2, phase_qubits=12)
2026-01-21 13:09:40,922 - final_problem_set.kxor_instance_n16_k2_m136_ell2_eps0.25_kappa0.875_rho1.0 - INFO - Built voting matrix V (n=16, ell=2, dtype=complex128) in 0.001s
2026-01-21 13:09:57,792 - final_problem_set.kxor_instance_n16_k2_m136_ell2_eps0.25_kappa0.875_rho1.0 - INFO - Eval: adv=0.6029, hamming=2/16 (0.125), corr=0.750
2026-01-21 13:09:57,792 - final_problem_set.kxor_instance_n16_k2_m136_ell2_eps0.25_kappa0.875_rho1.0 - INFO - Key extraction complete: x_hat=3
2026-01-21 13:09:57,839 - final_problem_set.kxor_instance_n16_k2_m136_ell2_eps0.25_kappa0.875_rho1.0 - INFO - Finished step 'KeyExtractionStep' in 16.918s (success: True, problem=kxor_instance_n16_k2_m136_ell2_eps0.25_kappa0.875_rho1.0)
2026-01-21 13:09:57,839 - final_problem_set.kxor_instance_n16_k2_m136_ell2_eps0.25_kappa0.875_rho1.0 - INFO - SUCCESS: len(z_hat)=16
2026-01-21 13:09:57,839 - final_problem_set.kxor_instance_n16_k2_m136_ell2_eps0.25_kappa0.875_rho1.0 - INFO - Metrics: adv=0.6029411764705882, ham_frac=0.125, corr=0.75
2026-01-21 13:09:57,839 - final_problem_set.kxor_instance_n16_k2_m136_ell2_eps0.25_kappa0.875_rho1.0 - INFO - z_hat (full): [ 1,  1, -1,  1,  1,  1,  1,  1,  1,  1,  1,  1, -1, -1,  1, -1]
