2026-01-21 13:06:43,044 - final_problem_set.kxor_instance_n16_k2_m116_ell2_eps0.3_kappa1.0_rho0.6 - INFO - Starting iterate_quantum for /Users/julian/CodingProjects/UniT3/QuarticSpeedupK-XOR/z_Daphne/data/final_problem_set/kxor_instance_n16_k2_m116_ell2_eps0.3_kappa1.0_rho0.6.npz
2026-01-21 13:06:43,045 - final_problem_set.kxor_instance_n16_k2_m116_ell2_eps0.3_kappa1.0_rho0.6 - INFO - Loaded instance (n=16, m=116, k=2)
2026-01-21 13:06:43,045 - final_problem_set.kxor_instance_n16_k2_m116_ell2_eps0.3_kappa1.0_rho0.6 - INFO - Starting step 'ComputeKikuchiStep' (version 0.1) on problem kxor_instance_n16_k2_m116_ell2_eps0.3_kappa1.0_rho0.6 (fields={'ell': 2, 'threshold': 0.0})
2026-01-21 13:06:43,056 - final_problem_set.kxor_instance_n16_k2_m116_ell2_eps0.3_kappa1.0_rho0.6 - INFO - Finished step 'ComputeKikuchiStep' in 0.011s (success: True, problem=kxor_instance_n16_k2_m116_ell2_eps0.3_kappa1.0_rho0.6)
2026-01-21 13:06:43,056 - final_problem_set.kxor_instance_n16_k2_m116_ell2_eps0.3_kappa1.0_rho0.6 - INFO - Starting step 'ClassicalEigenvaluesStep' (version 0.1) on problem kxor_instance_n16_k2_m116_ell2_eps0.3_kappa1.0_rho0.6 (fields={'ell': 2, 'threshold': 0.0, 'kikuchi_matrix': <Dictionary Of Keys sparse matrix of dtype 'int64'
	with 2212 stored elements and shape (120, 120)>, 'num_eigenvalues': 5})
2026-01-21 13:06:43,097 - final_problem_set.kxor_instance_n16_k2_m116_ell2_eps0.3_kappa1.0_rho0.6 - INFO - Finished step 'ClassicalEigenvaluesStep' in 0.041s (success: True, problem=kxor_instance_n16_k2_m116_ell2_eps0.3_kappa1.0_rho0.6)
2026-01-21 13:06:43,097 - final_problem_set.kxor_instance_n16_k2_m116_ell2_eps0.3_kappa1.0_rho0.6 - INFO - Starting step 'KeyExtractionStep' (version 0.1) on problem kxor_instance_n16_k2_m116_ell2_eps0.3_kappa1.0_rho0.6 (fields={'ell': 2, 'threshold': 0.0, 'kikuchi_matrix': <Dictionary Of Keys sparse matrix of dtype 'int64'
	with 2212 stored elements and shape (120, 120)>, 'num_eigenvalues': 5, 'eigenvalues': array([-8.51455907,  8.4728616 ,  9.38403173, 10.29898421, 12.60096528]), 'eigenvectors': array([[-1.83732109e-01, -1.49686119e-01,  5.60491995e-02,  3.95828389e-02,  6.53547931e-02],
       [-1.77174519e-01,  6.09915269e-02,  1.56479888e-02,  1.24432046e-02, -1.24566073e-01],
       [ 1.17656218e-01, -8.17959663e-03,  1.87740953e-02,  1.07253071e-01,  1.20936898e-01],
       [ 1.60752655e-01, -8.16968887e-02,  5.83185148e-02,  1.38758931e-01, -7.87780021e-02],
       [ 2.41241743e-01, -9.84317459e-02,  5.12682655e-02, -1.48655596e-01, -1.23193770e-01],
       [ 1.55798293e-01, -2.47159287e-02,  7.79098683e-02,  1.41093436e-02, -1.51835299e-01],
       [-4.85777661e-03,  6.67995948e-02, -1.33853563e-01, -4.18046387e-02, -1.23345856e-01],
       [-1.02204866e-02,  7.12523854e-02, -6.66482760e-04,  1.85308952e-01,  2.68140695e-02],
       [-5.60141536e-02,  4.71910202e-02,  1.25366996e-01,  1.30562174e-02, -1.17073119e-01],
       [ 2.06947382e-01,  8.55867409e-02, -1.55801657e-01,  5.39148956e-02,  8.49793776e-02],
       [-1.42417893e-01, -4.19363211e-02, -5.85171142e-02, -8.72505081e-02, -9.26464358e-02],
       [-3.63385446e-02, -1.34730990e-01, -1.34853052e-01, -8.08980754e-03, -5.43676354e-02],
       [-4.62105131e-02, -7.07360167e-02, -1.14387354e-01,  1.54653495e-01,  8.84939758e-02],
       [ 2.11495836e-02,  9.83706471e-02, -1.61147319e-01,  1.93792216e-02,  1.09285251e-01],
       [ 5.65388115e-02,  1.03783249e-01, -1.33877435e-01,  7.80433617e-02,  1.28812185e-01],
       [ 7.58597332e-02, -1.41353440e-01,  6.78327179e-02, -1.48550241e-02,  4.76979036e-02],
       [-8.95489970e-02,  1.40232578e-01, -8.18060667e-02, -1.97114179e-02, -4.68614197e-02],
       [-1.51804707e-01, -3.06710584e-02,  1.96495423e-02, -7.06904731e-02,  2.77597021e-02],
       [-2.52743056e-02, -1.55169574e-01,  9.90853317e-02,  6.01688737e-02,  8.23001873e-02],
       [-5.38901752e-02, -1.54418069e-01,  7.06536449e-02, -3.34079253e-02,  6.26392067e-02],
       [-1.24789617e-01, -1.03748376e-01,  7.83022680e-02,  1.20951026e-04,  3.62611976e-02],
       [-6.35065870e-03,  4.57706322e-02, -3.31842061e-02, -7.70540239e-02, -2.53268802e-02],
       [ 1.18378997e-01, -1.62563711e-01,  3.92085510e-02, -3.09472781e-02,  5.78576011e-02],
       [-6.12429502e-02,  1.01949499e-01, -3.13250820e-02, -3.20674772e-03, -5.01964830e-02],
       [ 7.17162211e-02, -9.48759135e-02,  7.32425088e-02,  2.17427932e-02,  3.97949146e-02],
       [ 3.19224051e-02,  6.65609909e-04,  7.10484291e-02,  4.44145506e-04,  2.06298998e-02],
       [ 1.16299439e-01,  1.36588102e-01, -3.80790056e-02, -3.28953146e-02, -4.17807998e-02],
       [ 1.58194198e-02,  1.28753503e-01, -3.66956440e-02,  1.46103695e-02, -6.73613638e-02],
       [-1.18253531e-01,  1.50621687e-01, -5.10856963e-02, -9.88787906e-03, -8.71949640e-02],
       [-1.58911372e-01, -7.83810099e-02,  9.31142527e-02, -3.18389215e-02,  1.16517063e-01],
       [-1.55255036e-01, -5.78285225e-02, -2.52889575e-03,  1.78300075e-01, -4.44748968e-02],
       [-1.10418446e-01,  2.89694917e-02, -5.30014591e-02,  1.62336044e-02, -1.45158210e-01],
       [-1.14334911e-01,  5.77773048e-02, -3.83835607e-02,  1.53625090e-01, -1.17215133e-01],
       [-8.65524938e-02,  4.89336086e-02, -1.60195899e-01,  6.86026843e-02, -8.22710534e-02],
       [ 2.29359596e-02, -1.24961807e-02,  2.65790280e-02,  1.39149154e-01,  6.76738171e-02],
       [ 1.17545018e-01,  1.16526800e-01,  1.96477747e-02,  1.29673335e-01, -9.97425343e-02],
       [-1.19663182e-01, -6.01097073e-02, -8.72297858e-02, -6.79746783e-02,  1.20265168e-01],
       [ 1.39575022e-01,  8.94851516e-03, -1.25685646e-01,  1.75443408e-02, -1.03437669e-01],
       [ 2.15720304e-02, -1.32482230e-01, -1.53161141e-01,  4.88773891e-02, -4.94339970e-02],
       [ 1.01872138e-01, -1.97140394e-01, -4.15505722e-02,  3.69164513e-02,  1.04937760e-01],
       [-1.66340667e-02, -3.25674305e-02, -4.43638509e-02, -1.12314779e-01,  1.13491722e-01],
       [-1.09207160e-01, -4.43984705e-02, -2.23894376e-02, -9.01516463e-02,  1.52102983e-01],
       [ 1.47159613e-01,  8.36260060e-02,  9.19395919e-03, -1.49657459e-01,  7.40986416e-02],
       [ 1.22765557e-01,  1.45449951e-03,  9.21378329e-02,  1.23248325e-01,  1.32529504e-01],
       [ 6.67520755e-02, -1.23075157e-02,  6.32073043e-02, -3.51178640e-02,  1.38159038e-01],
       [ 3.36173328e-02, -8.65046628e-02,  1.78551713e-01,  1.07614484e-02,  8.62120954e-02],
       [ 2.62419012e-02, -1.18531570e-02, -3.13050477e-02, -1.79394400e-01, -3.40145072e-02],
       [-6.25118809e-02, -8.96052514e-02, -7.75171819e-04, -3.91008342e-02,  1.34424672e-01],
       [ 1.44996913e-01, -3.38120714e-02,  5.08893404e-02, -4.42481207e-02, -1.11263518e-01],
       [-7.92508391e-02, -1.15361393e-02,  1.48571019e-01,  8.27455013e-02,  9.83774344e-02],
       [-4.63117627e-02,  1.06181752e-01,  1.46106012e-01, -2.53137525e-03,  3.84041021e-02],
       [-4.73983886e-02,  1.27219245e-01,  7.54277145e-03, -1.16591606e-01, -8.64725868e-02],
       [ 7.42633532e-04, -4.84825947e-02,  3.06482334e-02,  2.79274268e-03, -1.41329278e-01],
       [ 5.22915830e-02, -3.08190382e-02, -1.62311164e-02, -5.82550464e-02, -1.57804939e-01],
       [ 1.62021170e-01, -1.46280289e-01,  1.65103504e-02,  1.57742327e-01, -9.79061531e-02],
       [ 1.75708589e-01, -4.20249363e-02, -1.22819209e-03,  1.93080777e-01, -3.88111489e-02],
       [ 4.02678442e-02, -8.68418511e-02, -5.76590319e-02,  1.41562826e-01, -4.55374635e-02],
       [-1.08641205e-04,  7.54396881e-02, -1.84183485e-02,  1.62900721e-02,  4.69543108e-02],
       [-7.11750356e-02, -4.75589048e-04,  2.13369845e-02,  1.68870408e-01, -3.62673849e-02],
       [ 1.75338694e-01, -9.73123443e-03, -4.52140729e-02, -1.13579153e-01,  4.54525492e-02],
       [-1.67265678e-01, -1.09029620e-01, -2.67758383e-02,  1.09242093e-01, -5.76170025e-02],
       [-1.96846480e-03, -1.26087831e-01, -5.23489187e-02,  6.11424975e-02, -2.85647849e-02],
       [-5.89667771e-02, -3.80702373e-02, -5.55626979e-02, -8.09659960e-02,  6.09788336e-02],
       [ 8.20980720e-03,  2.47069083e-02, -2.69979857e-02, -1.63229821e-01,  4.37593162e-02],
       [ 7.01586357e-02,  5.13359999e-02, -3.10486013e-02, -1.77508085e-01,  5.92689540e-02],
       [ 9.56443965e-02, -8.56564739e-02, -4.56448689e-03,  1.51686728e-02, -1.77469870e-01],
       [ 1.38328053e-01,  7.09511655e-02, -1.81005844e-01, -2.79534908e-02, -1.10013368e-01],
       [ 5.59828960e-03,  5.04805747e-02,  1.84807554e-02,  2.13674445e-01,  2.42533362e-02],
       [-1.36822447e-01,  5.69877343e-03,  7.72098769e-02,  1.57859896e-02, -1.54672467e-01],
       [ 1.06688581e-01,  1.29111058e-01, -1.12906542e-01,  6.45748443e-02,  1.05230611e-01],
       [-1.10564768e-01, -4.91361147e-02, -1.11590940e-01, -1.02130435e-01, -1.00942742e-01],
       [-2.23905780e-02, -1.34401302e-01, -1.63577644e-01,  7.99576660e-04, -4.53816969e-02],
       [-1.36429728e-01, -7.74906239e-02, -5.63957929e-02,  1.59049805e-01,  9.18568749e-02],
       [-1.68133562e-02,  1.62093340e-01, -1.06056133e-01,  2.02572977e-02,  1.38007685e-01],
       [ 1.26538623e-01,  1.54777534e-01, -6.23848740e-02,  8.69162063e-02,  1.49370424e-01],
       [ 7.13777865e-02,  1.79141796e-02, -1.54632948e-01,  8.14657815e-02, -9.54332387e-02],
       [ 2.16121238e-02,  6.64639824e-02, -3.51249521e-03,  1.55415278e-01,  7.77491654e-02],
       [-8.60634955e-02,  9.87647311e-02,  6.09850638e-02,  1.46531002e-01, -1.08123260e-01],
       [ 1.08229082e-01, -1.07720970e-02, -1.10524712e-01, -4.78647176e-02,  1.03214905e-01],
       [-6.86331505e-02, -6.07358292e-02, -8.94792962e-02,  1.11964831e-02, -1.06620570e-01],
       [-4.50212663e-02, -1.79175587e-01, -1.54804683e-01,  5.24160304e-02, -5.76323106e-02],
       [-8.09357660e-02, -1.49041785e-01, -8.05218770e-02,  3.98734794e-02,  1.14949886e-01],
       [-1.40222977e-03,  1.67007735e-02, -9.05511149e-02, -1.20200836e-01,  1.20887554e-01],
       [ 7.86650102e-02,  2.66302674e-02, -6.69601419e-02, -8.36474683e-02,  1.44467102e-01],
       [-4.84204585e-03, -6.24355715e-02,  6.51896961e-02,  1.26786515e-01,  4.23273182e-02],
       [ 1.46936082e-02,  5.90022768e-02, -1.04781757e-01,  7.10290806e-02, -8.91000764e-02],
       [ 1.23107812e-01, -3.11005195e-02,  5.45241628e-02, -1.53831916e-02,  1.02223720e-01],
       [-5.85475701e-02,  3.56614574e-02, -1.50823345e-01, -1.65691562e-02, -6.77680389e-02],
       [-1.84948508e-02, -7.34629965e-02, -1.17610268e-01,  2.13220830e-02, -2.77368454e-02],
       [ 3.53230955e-02, -1.67900262e-01,  8.15825410e-02,  5.88940940e-02,  7.94182637e-02],
       [ 1.93660261e-02,  1.38757184e-04,  9.78269418e-02, -7.16507902e-02,  1.22359900e-01],
       [-2.22282263e-02, -3.82839501e-02,  1.39773870e-01, -2.23946761e-02,  1.13017168e-01],
       [ 1.14999947e-03,  3.06325908e-02, -3.57158374e-02,  1.33108084e-01,  6.65611340e-02],
       [-7.03464299e-03, -1.29626549e-01,  3.34008133e-02, -1.41495809e-01, -3.04535132e-02],
       [-2.37318860e-02,  4.67448325e-03,  3.06897644e-02,  1.37971367e-01,  2.57937157e-02],
       [ 1.34292378e-02,  1.45583493e-02,  5.12104073e-02,  6.25197121e-02,  1.30851791e-02],
       [-4.78517484e-03, -3.63709240e-02,  1.28501860e-04, -1.43863388e-01, -1.84639119e-02],
       [ 1.12795578e-02, -1.28185790e-01,  4.47775896e-02, -1.57255743e-01, -5.39210183e-02],
       [ 5.91623815e-03, -1.06753321e-01,  7.64482508e-03, -1.95297831e-01, -4.26629745e-02],
       [-1.21868422e-01, -6.76553716e-02, -1.66635085e-01, -5.69155228e-02,  9.59074727e-02],
       [ 8.82598491e-02,  1.45166014e-03, -4.00969559e-02,  1.90291226e-02, -1.06133181e-01],
       [ 1.13967573e-02, -1.19801840e-01, -1.14437985e-01,  5.82450188e-02, -6.39305630e-02],
       [ 4.27569147e-03, -1.52200713e-01, -1.10247357e-01,  3.28698030e-02,  8.77079372e-02],
       [-1.91070019e-02, -5.80217924e-02, -1.42458815e-01, -1.05197470e-01,  9.98504322e-02],
       [-1.99758391e-02, -5.40988113e-02, -1.29036003e-01, -7.69415519e-02,  1.19374935e-01],
       [-1.44614315e-01,  7.87656035e-02, -5.33164447e-03,  4.52567591e-02,  8.37707253e-02],
       [-3.07543346e-02,  1.23062580e-01,  8.39957800e-02, -3.62999606e-03,  4.65034494e-02],
       [-1.08211173e-01,  1.82989781e-02,  1.19022103e-01, -6.88021088e-02, -6.34973496e-02],
       [ 1.12963518e-02, -4.94600961e-02,  1.73444611e-01,  1.83720643e-02, -8.00684563e-02],
       [ 1.42824030e-01, -7.69551135e-02,  1.63834654e-01, -1.59082416e-02, -9.36976450e-02],
       [ 5.09279688e-02, -8.51642511e-02, -1.13130559e-01,  5.16578406e-04, -2.86076727e-02],
       [ 7.93547092e-02, -7.21702809e-02,  2.91479108e-02,  1.13068331e-01,  7.69213128e-02],
       [ 2.73494472e-03,  1.08347164e-01,  2.21933735e-02,  7.05638474e-03,  1.09062406e-01],
       [-7.48838067e-02,  9.70564197e-02,  5.83183880e-02,  5.79991949e-02,  1.20390265e-01],
       [ 8.89423158e-03,  2.63220271e-02,  8.80253645e-02,  3.66837765e-02,  4.53407769e-02],
       [-1.48882111e-03,  1.79353530e-01,  1.21963703e-01, -3.68123728e-02,  5.86782727e-02],
       [-1.54453584e-02,  1.81089227e-01,  1.46528928e-01, -1.48627898e-02,  6.40275160e-02],
       [-2.72406571e-02,  6.04784929e-02,  1.59636612e-01, -6.34064369e-02, -9.73703833e-02],
       [-6.73392080e-03,  7.42486812e-02,  1.13326837e-01, -1.05762452e-01, -9.42599239e-02],
       [ 1.33899211e-02, -9.95151817e-02,  1.69782450e-01,  4.16282005e-02, -1.21595898e-01]])})
2026-01-21 13:06:43,099 - final_problem_set.kxor_instance_n16_k2_m116_ell2_eps0.3_kappa1.0_rho0.6 - INFO - Running key extraction (n=16, m=116, ell=2, phase_qubits=11)
2026-01-21 13:06:43,100 - final_problem_set.kxor_instance_n16_k2_m116_ell2_eps0.3_kappa1.0_rho0.6 - INFO - Built voting matrix V (n=16, ell=2, dtype=complex128) in 0.001s
2026-01-21 13:06:45,663 - final_problem_set.kxor_instance_n16_k2_m116_ell2_eps0.3_kappa1.0_rho0.6 - INFO - Eval: adv=0.2069, hamming=8/16 (0.500), corr=0.000
2026-01-21 13:06:45,663 - final_problem_set.kxor_instance_n16_k2_m116_ell2_eps0.3_kappa1.0_rho0.6 - INFO - Key extraction complete: x_hat=8
2026-01-21 13:06:45,690 - final_problem_set.kxor_instance_n16_k2_m116_ell2_eps0.3_kappa1.0_rho0.6 - INFO - Finished step 'KeyExtractionStep' in 2.592s (success: True, problem=kxor_instance_n16_k2_m116_ell2_eps0.3_kappa1.0_rho0.6)
2026-01-21 13:06:45,691 - final_problem_set.kxor_instance_n16_k2_m116_ell2_eps0.3_kappa1.0_rho0.6 - INFO - SUCCESS: len(z_hat)=16
2026-01-21 13:06:45,691 - final_problem_set.kxor_instance_n16_k2_m116_ell2_eps0.3_kappa1.0_rho0.6 - INFO - Metrics: adv=0.20689655172413793, ham_frac=0.5, corr=0.0
2026-01-21 13:06:45,691 - final_problem_set.kxor_instance_n16_k2_m116_ell2_eps0.3_kappa1.0_rho0.6 - INFO - z_hat (full): [-1, -1,  1,  1,  1, -1,  1,  1,  1,  1,  1, -1, -1,  1, -1,  1]
