2026-01-21 13:00:34,391 - final_problem_set.kxor_instance_n15_k2_m130_ell2_eps0.3_kappa0.875_rho0.6 - INFO - Starting iterate_quantum for /Users/julian/CodingProjects/UniT3/QuarticSpeedupK-XOR/z_Daphne/data/final_problem_set/kxor_instance_n15_k2_m130_ell2_eps0.3_kappa0.875_rho0.6.npz
2026-01-21 13:00:34,392 - final_problem_set.kxor_instance_n15_k2_m130_ell2_eps0.3_kappa0.875_rho0.6 - INFO - Loaded instance (n=15, m=130, k=2)
2026-01-21 13:00:34,393 - final_problem_set.kxor_instance_n15_k2_m130_ell2_eps0.3_kappa0.875_rho0.6 - INFO - Starting step 'ComputeKikuchiStep' (version 0.1) on problem kxor_instance_n15_k2_m130_ell2_eps0.3_kappa0.875_rho0.6 (fields={'ell': 2, 'threshold': 0.0})
2026-01-21 13:00:34,404 - final_problem_set.kxor_instance_n15_k2_m130_ell2_eps0.3_kappa0.875_rho0.6 - INFO - Finished step 'ComputeKikuchiStep' in 0.012s (success: True, problem=kxor_instance_n15_k2_m130_ell2_eps0.3_kappa0.875_rho0.6)
2026-01-21 13:00:34,404 - final_problem_set.kxor_instance_n15_k2_m130_ell2_eps0.3_kappa0.875_rho0.6 - INFO - Starting step 'ClassicalEigenvaluesStep' (version 0.1) on problem kxor_instance_n15_k2_m130_ell2_eps0.3_kappa0.875_rho0.6 (fields={'ell': 2, 'threshold': 0.0, 'kikuchi_matrix': <Dictionary Of Keys sparse matrix of dtype 'int64'
	with 1820 stored elements and shape (105, 105)>, 'num_eigenvalues': 5})
2026-01-21 13:00:34,436 - final_problem_set.kxor_instance_n15_k2_m130_ell2_eps0.3_kappa0.875_rho0.6 - INFO - Finished step 'ClassicalEigenvaluesStep' in 0.031s (success: True, problem=kxor_instance_n15_k2_m130_ell2_eps0.3_kappa0.875_rho0.6)
2026-01-21 13:00:34,436 - final_problem_set.kxor_instance_n15_k2_m130_ell2_eps0.3_kappa0.875_rho0.6 - INFO - Starting step 'KeyExtractionStep' (version 0.1) on problem kxor_instance_n15_k2_m130_ell2_eps0.3_kappa0.875_rho0.6 (fields={'ell': 2, 'threshold': 0.0, 'kikuchi_matrix': <Dictionary Of Keys sparse matrix of dtype 'int64'
	with 1820 stored elements and shape (105, 105)>, 'num_eigenvalues': 5, 'eigenvalues': array([-8.7320858 , -8.23434723,  8.51708018,  8.98160957, 10.73873139]), 'eigenvectors': array([[-1.59150950e-02,  1.79645309e-01, -6.91875019e-03,  5.51349596e-02, -5.22493904e-02],
       [ 8.79738144e-03,  6.80217192e-03,  1.14965880e-02,  2.93447053e-02, -8.06232682e-02],
       [-3.12487823e-02, -4.20067548e-02,  4.87729697e-02,  6.99839330e-02, -6.96848213e-02],
       [ 1.16170783e-02,  1.64834846e-01,  2.19722260e-02,  6.52634022e-02, -1.41134016e-02],
       [-3.74453297e-02, -4.45115624e-02, -1.88518539e-02, -8.05964065e-02,  1.27293881e-01],
       [-8.43077332e-03,  8.37082290e-02, -4.45987321e-02, -7.96253604e-02,  7.54737352e-02],
       [ 2.80050419e-02,  1.93032445e-01,  1.21387236e-02,  4.44760059e-02,  8.07766131e-03],
       [ 2.12663138e-02, -1.65722460e-01, -5.81666913e-02, -4.49789507e-02,  6.62198631e-02],
       [-2.05324642e-02, -7.66284137e-03,  8.29420185e-02,  5.77867690e-02, -9.33883671e-02],
       [ 1.96304359e-02,  2.16518990e-01, -1.07134544e-02, -6.83672707e-02,  5.55974254e-02],
       [ 5.12856621e-02,  1.25520486e-01,  5.98119365e-02, -4.11577536e-02, -3.89478375e-04],
       [ 2.91006594e-02,  2.08758495e-03,  7.39678521e-02,  1.15908388e-01, -1.02517830e-01],
       [-5.87468656e-02, -2.22562426e-01,  5.85686310e-02,  4.91952619e-02, -3.07141412e-02],
       [ 1.21621723e-02, -2.64447194e-03, -6.78010682e-02, -7.80527233e-02,  6.89409179e-02],
       [-2.62536500e-02,  8.34617644e-02, -1.33111109e-01, -2.83880846e-03, -8.60649215e-02],
       [ 8.72181986e-02, -7.64945627e-02, -1.69081937e-01,  1.71344495e-02, -1.04230149e-01],
       [-2.34608072e-01, -1.44843593e-01, -1.94844422e-02,  1.41785784e-01, -3.29900137e-02],
       [ 1.60815575e-01, -8.85283848e-02,  2.22179513e-01, -3.39402185e-02,  1.30042193e-01],
       [-7.49395041e-02,  8.15752848e-03,  1.81796482e-01, -3.87901537e-02,  1.14920542e-01],
       [-1.99520438e-01, -1.00098489e-01,  2.54234631e-02,  1.10229099e-01,  5.91438428e-03],
       [ 1.53655544e-01,  2.09100706e-01,  8.12986261e-02,  5.32630115e-02,  1.37996375e-01],
       [ 4.97943835e-02, -1.23816661e-02, -1.24799387e-01, -1.81285614e-02, -1.62830909e-01],
       [-2.19251399e-01, -1.33709625e-01,  1.25738864e-01, -5.16450128e-02,  6.84806562e-02],
       [-1.90484592e-01, -1.68987157e-02,  8.52850035e-02, -1.04267293e-01, -2.83776223e-02],
       [-1.21305543e-02,  9.50487395e-02, -1.88613553e-01,  7.64911613e-02, -1.43696032e-01],
       [ 2.29190357e-01,  1.21976789e-01,  5.13336719e-02,  7.29700852e-02, -6.60180671e-02],
       [-5.58884161e-02,  9.39294200e-02,  5.59576192e-02, -1.03512215e-01,  1.14386907e-01],
       [ 2.57756785e-03, -4.12062877e-02, -1.04785795e-01, -9.55011368e-02, -1.24456335e-01],
       [ 1.12151504e-02,  1.20628009e-01, -3.76571511e-03,  1.23732943e-01, -4.71146568e-02],
       [-2.13711466e-02, -6.84473096e-02,  1.08306141e-01,  9.62965686e-02,  1.13979804e-01],
       [ 5.51360228e-03,  5.10273631e-02,  8.53071249e-02,  6.80183746e-02,  1.13608211e-01],
       [ 3.22628719e-02,  1.19085815e-01,  2.89135949e-02,  1.03322728e-01,  3.87818638e-03],
       [-4.45077901e-03, -1.09116595e-01, -2.33318700e-02,  1.38099918e-01,  1.12704155e-01],
       [-1.32191816e-02, -2.32449981e-02, -1.73134418e-02, -1.07863091e-01, -1.06280335e-01],
       [ 1.87739316e-02,  1.41525065e-01,  9.39695546e-02,  1.15805952e-02,  8.57090793e-02],
       [ 8.91861495e-03,  9.41058473e-02,  1.11969264e-01, -1.10000210e-01, -1.12474361e-02],
       [ 1.24175109e-02,  1.12470560e-02, -7.14946595e-02, -5.78495526e-02, -1.63425756e-01],
       [-1.11859174e-02, -1.50934681e-01,  9.81128950e-02,  4.12711996e-02, -7.03991925e-02],
       [ 1.67297915e-02,  1.54940193e-02, -2.93251906e-02, -1.22572039e-02,  7.74653769e-02],
       [ 8.66255038e-02, -6.20627346e-02,  2.16070150e-02,  1.74722961e-01, -5.31036542e-02],
       [-2.00819126e-02,  4.77329666e-02,  1.23482915e-01,  8.44912920e-02,  1.67479056e-01],
       [ 6.98104076e-02, -8.26328134e-02,  9.50954701e-02,  4.76803313e-02,  1.55352561e-01],
       [ 8.54681387e-02, -9.86070391e-02,  6.74460714e-02,  1.52791105e-01,  1.38301587e-02],
       [-1.20584995e-01,  5.17814059e-02, -5.56588253e-02,  1.37996864e-01,  1.46340849e-01],
       [ 6.01396877e-03,  7.14311450e-03,  1.80897063e-02, -1.01055627e-01, -1.48148483e-01],
       [ 1.30903990e-01, -1.17082399e-01,  7.57230200e-02, -1.82908913e-02,  8.52414302e-02],
       [ 1.45522136e-02, -5.17131253e-02,  1.66800986e-01, -1.32243549e-01, -9.13170406e-04],
       [-1.38219013e-02, -3.56464730e-02, -3.68573469e-02, -1.36896010e-02, -1.85647596e-01],
       [-5.80230560e-02,  9.82275322e-02,  1.48647684e-01,  7.53295800e-02, -1.05038789e-01],
       [ 1.07220655e-02, -3.39432850e-02, -7.74697126e-02, -4.74876087e-02,  1.26607950e-01],
       [ 5.32525375e-02, -1.18491505e-01,  7.95236744e-03, -2.11958039e-01,  8.42813571e-02],
       [-8.82084248e-02,  4.81210382e-02, -1.26034502e-02, -1.96124227e-01,  6.19947976e-02],
       [-1.99001544e-01,  1.50643863e-02, -1.08598633e-02,  3.90071812e-03,  1.25063987e-02],
       [ 1.65601645e-01,  8.65134384e-02, -6.72929790e-02, -1.18767340e-01,  5.85896862e-02],
       [-5.63760091e-03, -5.54661789e-02,  4.49952790e-02,  1.61644328e-01, -6.06248375e-02],
       [-1.82923727e-01,  1.20117950e-03, -1.09143407e-02, -1.08505446e-01,  2.72903819e-02],
       [-1.37060346e-01,  3.20161368e-02,  5.29036732e-02, -2.33356739e-02, -1.83145196e-03],
       [ 2.12747939e-03,  1.15964949e-01,  2.39250185e-02,  2.18568776e-01, -4.20629241e-02],
       [ 2.10800569e-01, -6.54317303e-03,  1.91816023e-02,  6.33550281e-02, -1.24107993e-02],
       [ 1.98110463e-02,  1.21880083e-01, -2.40207935e-03, -1.11133070e-01,  2.79763623e-02],
       [ 5.88363630e-02, -8.73241853e-02, -1.28329657e-01, -5.12947013e-02, -1.82624533e-01],
       [ 9.40217343e-02, -1.66818915e-01, -7.79292507e-02, -1.84728400e-01, -1.71003128e-02],
       [-1.35398734e-01,  1.02103566e-01,  5.97283861e-02, -1.54739687e-01, -1.53365722e-01],
       [ 2.27090756e-02,  2.10126041e-02, -1.40775727e-02,  1.29001972e-01,  1.68635672e-01],
       [ 8.95459733e-02, -1.72677916e-01, -1.08676995e-01,  2.75035926e-02, -1.04590529e-01],
       [ 2.72895684e-02, -9.73981964e-02, -1.79529239e-01,  1.84666156e-01,  2.51736107e-02],
       [-3.06952137e-02, -6.33783811e-02,  7.27638793e-02,  1.33323303e-02,  2.20797464e-01],
       [-1.02273075e-01,  1.88792506e-01, -1.64716215e-01, -9.71388998e-02,  1.12968998e-01],
       [-2.85273570e-02, -4.22716875e-02,  8.37853746e-02,  5.93547903e-02, -1.22160856e-01],
       [-8.17950181e-02,  7.34551973e-02, -6.04033969e-02, -1.61361592e-01, -1.01974787e-02],
       [ 4.04307589e-02, -6.46545006e-03,  5.66287416e-02, -1.12010710e-01, -1.43488292e-01],
       [ 8.34512232e-03, -4.17413307e-02, -2.55525733e-02,  8.30812411e-02,  1.61777408e-01],
       [-4.93032817e-02,  5.31296482e-02, -1.24128294e-01,  4.32116574e-02, -1.36894334e-01],
       [-1.14682655e-01,  9.96149300e-02, -1.60980647e-01,  1.53270636e-01,  2.31874157e-02],
       [ 6.19740271e-03,  5.24544914e-02,  4.69286817e-02, -2.35396558e-02,  2.08556974e-01],
       [ 1.08789244e-01, -9.09442831e-02, -1.57120124e-01, -9.41028896e-02,  9.49782039e-02],
       [-7.05657600e-03,  5.47111544e-02,  8.11904693e-02,  7.31818221e-02, -1.35383775e-01],
       [ 1.64896379e-01,  7.51066349e-02, -6.91304049e-02, -1.14861271e-01, -7.19607536e-03],
       [ 1.96350038e-03, -5.99540289e-02,  5.99230708e-02,  1.48163649e-01,  1.65375007e-02],
       [-1.85727000e-01,  4.32962123e-02, -5.46979952e-02, -8.51133115e-02, -1.56337574e-02],
       [-1.47149851e-01,  7.44347074e-02,  8.53546412e-04,  7.37997292e-03,  2.59696836e-03],
       [ 2.47634489e-02,  1.26772755e-01,  6.54310201e-02,  1.78201912e-01,  2.72562840e-02],
       [ 2.03295020e-01, -5.72611071e-02, -1.58408336e-02,  3.70590690e-02,  1.38483230e-02],
       [ 1.01280857e-02,  1.26234732e-01, -3.44044277e-03, -7.51109217e-02, -2.35319224e-02],
       [-1.75154345e-02,  6.76557389e-02, -1.52355901e-01,  1.41418231e-01,  1.17855562e-01],
       [ 1.59192964e-01,  1.03887529e-01,  2.86148964e-03, -2.18302301e-02, -8.91227007e-02],
       [ 2.18751888e-01,  2.36102271e-02, -1.16389093e-01,  9.34309479e-02, -1.28005467e-02],
       [ 9.20618894e-03, -9.26641023e-02, -1.35963989e-01,  9.73158931e-02,  1.65947111e-01],
       [-2.09347124e-01, -9.63103342e-02, -1.57926431e-01, -5.01996798e-02,  6.36822701e-02],
       [ 2.04931593e-02, -1.17464469e-01,  1.85451047e-01, -1.38783351e-02, -1.00645796e-01],
       [ 5.08373996e-03, -7.13103294e-02,  1.92321722e-02,  7.06499055e-03,  1.12775282e-01],
       [-1.23147683e-02, -1.80348120e-02,  1.57617506e-01, -1.22831870e-01,  1.45150590e-02],
       [-1.18235342e-02, -1.42374356e-02,  1.05730874e-01, -6.20759887e-02, -1.91123806e-01],
       [-2.27571417e-03,  6.35315886e-02,  1.96607439e-01,  6.19947135e-02, -8.76569936e-02],
       [-2.43760029e-02, -2.37160818e-02, -1.52730645e-01, -1.80477708e-02,  9.41006952e-02],
       [-2.03667882e-01,  9.17071690e-02, -1.02413715e-01,  8.28138830e-02,  5.08835494e-03],
       [ 3.64013748e-02,  1.40173691e-01,  6.53964303e-02, -6.52384043e-02,  1.11880719e-01],
       [ 2.27028137e-01, -4.79834348e-02, -7.66309451e-02, -8.26269296e-02,  6.25022738e-02],
       [ 8.80898337e-04,  1.47337333e-01,  2.48652683e-02,  7.09560642e-02, -7.77696075e-02],
       [ 2.66267468e-02,  9.58781782e-02,  2.14770506e-01, -1.77182453e-01, -9.05199963e-03],
       [ 1.52237756e-01, -7.74288656e-02,  6.07546352e-02, -5.46299198e-02, -1.39990746e-04],
       [ 7.87735757e-03,  9.09298626e-02, -1.29982267e-01,  9.66258960e-02, -5.98496517e-04],
       [-4.97592143e-02, -1.43040697e-01,  1.92773268e-01,  1.13282865e-01, -8.55480751e-02],
       [ 3.04895434e-03,  1.37082823e-02, -1.28837291e-01, -9.28428518e-02,  1.28290504e-01],
       [ 2.94491596e-02, -1.63680292e-01, -1.13165367e-01, -6.37787207e-02,  4.66396040e-02]])})
2026-01-21 13:00:34,437 - final_problem_set.kxor_instance_n15_k2_m130_ell2_eps0.3_kappa0.875_rho0.6 - INFO - Running key extraction (n=15, m=130, ell=2, phase_qubits=11)
2026-01-21 13:00:34,438 - final_problem_set.kxor_instance_n15_k2_m130_ell2_eps0.3_kappa0.875_rho0.6 - INFO - Built voting matrix V (n=15, ell=2, dtype=complex128) in 0.001s
2026-01-21 13:00:37,060 - final_problem_set.kxor_instance_n15_k2_m130_ell2_eps0.3_kappa0.875_rho0.6 - INFO - Eval: adv=0.1846, hamming=6/15 (0.400), corr=0.200
2026-01-21 13:00:37,060 - final_problem_set.kxor_instance_n15_k2_m130_ell2_eps0.3_kappa0.875_rho0.6 - INFO - Key extraction complete: x_hat=5
2026-01-21 13:00:37,096 - final_problem_set.kxor_instance_n15_k2_m130_ell2_eps0.3_kappa0.875_rho0.6 - INFO - Finished step 'KeyExtractionStep' in 2.659s (success: True, problem=kxor_instance_n15_k2_m130_ell2_eps0.3_kappa0.875_rho0.6)
2026-01-21 13:00:37,096 - final_problem_set.kxor_instance_n15_k2_m130_ell2_eps0.3_kappa0.875_rho0.6 - INFO - SUCCESS: len(z_hat)=15
2026-01-21 13:00:37,096 - final_problem_set.kxor_instance_n15_k2_m130_ell2_eps0.3_kappa0.875_rho0.6 - INFO - Metrics: adv=0.18461538461538463, ham_frac=0.4, corr=0.2
2026-01-21 13:00:37,096 - final_problem_set.kxor_instance_n15_k2_m130_ell2_eps0.3_kappa0.875_rho0.6 - INFO - z_hat (full): [ 1, -1, -1, -1,  1,  1,  1,  1,  1, -1,  1, -1,  1,  1,  1]
