2026-01-21 13:06:45,692 - final_problem_set.kxor_instance_n16_k2_m116_ell2_eps0.3_kappa1.0_rho0.8 - INFO - Starting iterate_quantum for /Users/julian/CodingProjects/UniT3/QuarticSpeedupK-XOR/z_Daphne/data/final_problem_set/kxor_instance_n16_k2_m116_ell2_eps0.3_kappa1.0_rho0.8.npz
2026-01-21 13:06:45,694 - final_problem_set.kxor_instance_n16_k2_m116_ell2_eps0.3_kappa1.0_rho0.8 - INFO - Loaded instance (n=16, m=116, k=2)
2026-01-21 13:06:45,695 - final_problem_set.kxor_instance_n16_k2_m116_ell2_eps0.3_kappa1.0_rho0.8 - INFO - Starting step 'ComputeKikuchiStep' (version 0.1) on problem kxor_instance_n16_k2_m116_ell2_eps0.3_kappa1.0_rho0.8 (fields={'ell': 2, 'threshold': 0.0})
2026-01-21 13:06:45,705 - final_problem_set.kxor_instance_n16_k2_m116_ell2_eps0.3_kappa1.0_rho0.8 - INFO - Finished step 'ComputeKikuchiStep' in 0.011s (success: True, problem=kxor_instance_n16_k2_m116_ell2_eps0.3_kappa1.0_rho0.8)
2026-01-21 13:06:45,705 - final_problem_set.kxor_instance_n16_k2_m116_ell2_eps0.3_kappa1.0_rho0.8 - INFO - Starting step 'ClassicalEigenvaluesStep' (version 0.1) on problem kxor_instance_n16_k2_m116_ell2_eps0.3_kappa1.0_rho0.8 (fields={'ell': 2, 'threshold': 0.0, 'kikuchi_matrix': <Dictionary Of Keys sparse matrix of dtype 'int64'
	with 2296 stored elements and shape (120, 120)>, 'num_eigenvalues': 5})
2026-01-21 13:06:45,738 - final_problem_set.kxor_instance_n16_k2_m116_ell2_eps0.3_kappa1.0_rho0.8 - INFO - Finished step 'ClassicalEigenvaluesStep' in 0.033s (success: True, problem=kxor_instance_n16_k2_m116_ell2_eps0.3_kappa1.0_rho0.8)
2026-01-21 13:06:45,738 - final_problem_set.kxor_instance_n16_k2_m116_ell2_eps0.3_kappa1.0_rho0.8 - INFO - Starting step 'KeyExtractionStep' (version 0.1) on problem kxor_instance_n16_k2_m116_ell2_eps0.3_kappa1.0_rho0.8 (fields={'ell': 2, 'threshold': 0.0, 'kikuchi_matrix': <Dictionary Of Keys sparse matrix of dtype 'int64'
	with 2296 stored elements and shape (120, 120)>, 'num_eigenvalues': 5, 'eigenvalues': array([ 9.16346991,  9.72366277, 10.98262247, 11.32407169, 16.61084498]), 'eigenvectors': array([[-6.25912861e-02, -1.05693713e-01,  4.05961328e-02, -2.38723354e-02,  1.24665472e-01],
       [-7.29946207e-02, -1.44110675e-01,  1.26708944e-02,  6.41773721e-02,  8.71679888e-02],
       [-1.20289590e-01, -1.45954287e-01,  2.21725799e-02, -3.01812420e-02,  1.17326137e-01],
       [ 2.01148669e-01,  7.03310947e-02, -2.50702510e-02, -2.80593349e-03, -1.03821885e-01],
       [-9.46133523e-02, -9.95449165e-02,  4.11464029e-02, -9.51346350e-02,  1.34021264e-01],
       [ 1.52741641e-01,  1.32760262e-01,  2.39713987e-02,  1.18733368e-01, -9.00571091e-02],
       [ 1.33934980e-01,  2.95460739e-02, -8.55366792e-02,  6.03713447e-02, -1.19772240e-01],
       [ 4.95126341e-03, -9.38349995e-02,  1.06063166e-01, -1.13905293e-01,  6.81139381e-02],
       [ 6.92387844e-02, -7.18785934e-02,  5.28468946e-02,  1.53302622e-01, -4.75275374e-02],
       [-3.31200924e-02,  2.02649238e-02,  1.93367717e-01, -3.31989055e-02,  4.39219404e-02],
       [-6.99128686e-02,  1.55511678e-01,  9.71288081e-02,  8.36739520e-02, -9.19930110e-02],
       [-4.30363192e-02,  7.53550752e-02, -2.59463954e-02,  1.11747820e-01,  8.52274005e-02],
       [ 5.30973549e-02, -1.02169037e-01,  6.78291861e-02, -8.26011259e-02,  9.58473739e-02],
       [ 5.34135755e-04, -2.69064999e-02, -7.64028290e-02, -9.19032864e-02,  9.75316247e-02],
       [-6.41781095e-02, -1.84288409e-01,  1.09249774e-02,  1.52685711e-02,  1.05105857e-01],
       [-1.47568979e-02,  7.41265506e-02, -5.71479510e-03, -1.60180319e-01, -1.01780212e-01],
       [ 2.80509182e-03,  2.32943079e-02, -1.12858117e-02, -8.27209359e-02, -1.43616948e-01],
       [-1.25507932e-01,  4.28562351e-02,  1.45763065e-02,  1.05489199e-01,  1.26001215e-01],
       [-5.72244631e-02, -7.01753934e-02, -3.17797854e-02, -2.17146222e-02, -1.64290558e-01],
       [-1.12105374e-01, -4.45278563e-02, -5.25664677e-02, -5.99942117e-02,  1.25993741e-01],
       [-5.46655591e-03,  1.13616270e-01,  7.67170253e-02,  3.89893574e-02,  1.32780998e-01],
       [-1.03092587e-01,  2.90608829e-02, -1.37548686e-01,  7.51482832e-02, -9.52515379e-02],
       [-5.10856720e-02,  1.57281095e-01, -7.55110532e-02, -1.56309777e-01,  6.70301376e-02],
       [-2.60377502e-02, -8.00388042e-02, -2.20889665e-01,  1.45022811e-03, -4.62182593e-02],
       [ 1.76076321e-01, -5.27211589e-02, -1.24958415e-01, -1.10226352e-02,  1.02959677e-01],
       [-5.61939026e-02, -1.75738824e-01,  3.93282141e-02, -1.87028974e-01, -7.81652702e-02],
       [-1.90031562e-01, -2.51104153e-03, -7.43660801e-02,  5.38240523e-03, -1.15993423e-01],
       [-1.03703172e-01, -9.32957223e-02,  9.74200348e-02,  2.09132229e-02, -1.08446121e-01],
       [-4.88104696e-02,  9.10626976e-02, -8.91871085e-05, -1.26491333e-01, -1.27269610e-01],
       [ 4.17473723e-02,  1.06526793e-01,  8.28656262e-03, -1.43327186e-01, -9.68359408e-02],
       [-1.09265130e-01, -5.48347714e-02, -6.57730995e-03,  1.45283998e-01,  8.62488637e-02],
       [ 9.53402651e-03,  6.71232844e-02, -3.33680741e-03, -1.31374722e-01, -1.28222801e-01],
       [-1.17829882e-01, -1.08783566e-01, -5.51745214e-02,  3.69559069e-02,  8.83369024e-02],
       [-3.87980306e-02, -1.51180949e-02,  3.75215345e-02,  1.09699863e-01,  9.32853092e-02],
       [-4.87614397e-02,  8.29207304e-02, -8.63178433e-02, -1.04143571e-02, -6.87567540e-02],
       [-6.28508125e-02,  6.38351621e-02, -6.79589878e-02, -6.00498578e-02,  5.41011266e-02],
       [-9.16592750e-03, -1.74792181e-02, -1.58835428e-01, -4.07496159e-02, -3.92424371e-02],
       [ 8.43299394e-02, -9.23658986e-02, -9.73194312e-02,  5.43784984e-02,  7.34258466e-02],
       [-1.80241862e-02, -6.51161153e-02,  3.43247548e-02, -1.64785535e-01, -5.45024535e-02],
       [-1.14912180e-01,  8.22933273e-02, -4.47974339e-02, -7.99566343e-02, -9.15046090e-02],
       [-4.73716539e-02,  7.61757364e-03,  9.09725762e-02, -5.89600203e-02, -8.55252986e-02],
       [ 2.03581687e-03,  1.35544852e-01,  1.14069141e-02, -1.59065360e-01, -8.62647275e-02],
       [-1.86378575e-01, -7.19432318e-03, -5.07607161e-03,  9.06555802e-02,  1.19552026e-01],
       [ 3.85205745e-02,  1.21909238e-03, -6.90964162e-03, -8.85977106e-03, -1.57273520e-01],
       [-1.54100183e-01, -7.98849675e-02, -6.19815639e-02, -6.13114480e-02,  1.07295384e-01],
       [-7.65142699e-02,  5.50302836e-02,  5.64154884e-02,  2.83118554e-02,  1.26497161e-01],
       [-4.86181883e-02,  5.84498899e-02, -1.11335734e-01,  7.72214503e-02, -8.24575606e-02],
       [-8.18929484e-02,  1.23223918e-01, -8.18454666e-02, -1.51546636e-01,  6.35154745e-02],
       [ 1.68902190e-03, -5.66297235e-02, -2.17196692e-01, -1.47853671e-03, -5.26711445e-02],
       [ 1.18359569e-01, -8.69107514e-02, -1.32540103e-01, -1.76811392e-02,  9.84709231e-02],
       [-9.08019115e-03, -1.40108337e-01,  4.98978651e-02, -1.71745300e-01, -7.74617302e-02],
       [-1.35322482e-01,  5.09103848e-02, -6.22842243e-02,  1.34354291e-02, -1.24729495e-01],
       [-4.75002218e-02, -4.98267687e-02,  1.19426598e-01,  2.58124224e-02, -1.14497001e-01],
       [ 2.13109282e-02,  1.34579339e-01,  1.59724387e-02, -1.09613473e-01, -1.21125490e-01],
       [-1.71811381e-01,  7.07770390e-02,  1.29515571e-02,  4.67360762e-02,  1.38845882e-01],
       [ 2.16514978e-01,  2.31082595e-02,  5.27410543e-02,  2.65625084e-02, -9.52604832e-02],
       [ 1.73064633e-01, -1.02735882e-01, -5.63328735e-02, -5.35049681e-02, -1.11039039e-01],
       [-4.13896936e-02, -1.43027407e-02,  1.12186929e-01, -4.69368208e-02,  8.09179717e-02],
       [ 1.24073918e-01, -1.35627333e-01,  7.17691227e-02,  1.17288043e-01, -5.65098936e-02],
       [-5.40379189e-02,  7.95058053e-02,  1.98221292e-01,  1.36214211e-02,  4.58289205e-02],
       [-1.34471960e-02,  4.37428277e-02,  1.39957441e-01, -1.64829229e-02, -1.06290890e-01],
       [-4.92980951e-02,  1.44087986e-01, -3.92736252e-02,  1.61429170e-01,  6.63528618e-02],
       [ 1.24363541e-02,  1.28396848e-02,  6.07320523e-02,  1.77519755e-02,  1.11080984e-01],
       [-3.63575963e-02,  8.05439296e-02, -9.20882818e-02, -4.75995664e-04,  9.22533464e-02],
       [-1.16253986e-01, -6.45099757e-02, -1.20756613e-02,  1.23402802e-01,  1.07622693e-01],
       [-1.32682956e-01, -3.13287223e-02, -5.28988053e-02, -1.25497763e-01,  1.20978042e-01],
       [-3.74204400e-02,  1.46322055e-01,  7.92084553e-02, -3.01167824e-02,  1.43583973e-01],
       [-7.86495919e-02,  2.12492403e-02, -1.34178859e-01,  1.28832358e-01, -9.01841875e-02],
       [-6.26700275e-02,  1.63859175e-01, -7.85816826e-02, -1.95004028e-01,  5.82074778e-02],
       [-1.69474752e-02, -9.47130743e-02, -2.36845516e-01,  2.37413019e-02, -4.91288813e-02],
       [ 1.77421111e-01, -4.81770158e-02, -1.36412170e-01, -6.48677310e-02,  1.11349971e-01],
       [-4.12713116e-02, -2.11439762e-01,  4.68824522e-02, -1.69612325e-01, -8.99258613e-02],
       [-1.80799956e-01, -1.98906489e-02, -7.65453080e-02,  7.31332877e-02, -1.25391252e-01],
       [-9.08372029e-02, -1.17092108e-01,  1.06435513e-01,  7.83222102e-02, -1.15042114e-01],
       [-2.46135090e-02,  8.07858933e-02,  4.47287736e-03, -6.80042916e-02, -1.41827053e-01],
       [ 1.39041532e-01, -1.91608280e-02,  6.15112240e-03,  8.07834644e-02, -1.00894225e-01],
       [-2.10382766e-02, -7.34513564e-02,  6.03311854e-02, -1.42219729e-01,  6.88181058e-02],
       [ 7.03319946e-02, -7.80411695e-02,  6.42012884e-02,  1.42378747e-01, -3.98581761e-02],
       [-3.58684737e-02,  3.48334363e-02,  1.43119697e-01, -5.08775964e-02,  4.30047791e-02],
       [-2.41877585e-02,  8.55694028e-02,  1.24710064e-01,  8.27637660e-02, -7.61270520e-02],
       [-7.54646106e-02,  1.10752545e-01, -9.01732499e-02,  8.13264953e-02,  7.70803575e-02],
       [ 2.01493737e-02, -6.22872023e-02,  4.57120452e-03, -1.17473010e-01,  9.66670807e-02],
       [-2.87974683e-02,  1.65609727e-02, -1.10490236e-01, -9.34199717e-02,  8.03406502e-02],
       [-1.00733611e-01, -1.19273272e-01, -6.31995150e-02, -1.64967644e-02,  9.79249661e-02],
       [ 3.33984290e-02,  1.49370599e-02,  1.28469548e-01, -8.67748148e-02,  7.43418378e-02],
       [ 6.17580060e-02, -1.49166865e-01,  5.03721677e-02,  1.47650513e-01, -5.01916081e-02],
       [-3.17556787e-03,  8.20132709e-02,  1.95902944e-01, -1.02126963e-02,  3.83611406e-02],
       [-1.20658554e-01, -1.16678654e-02,  7.95163673e-02,  4.01484622e-02, -1.01823826e-01],
       [ 1.40424232e-02,  1.92118177e-01, -9.93357280e-03,  1.40065476e-01,  7.15628211e-02],
       [ 1.04520575e-01,  5.91516283e-02,  9.57098230e-02, -3.78343659e-02,  1.04037500e-01],
       [ 4.51571929e-02,  1.56079777e-01, -5.28595083e-02, -5.14977139e-02,  1.04569024e-01],
       [-2.73965385e-02, -1.32802684e-02,  4.94803827e-02,  8.12683373e-02,  1.26731234e-01],
       [-5.44477707e-03,  6.33963185e-02,  2.04771309e-03, -1.42993776e-01,  3.40296905e-02],
       [-1.58105403e-02, -3.00204468e-02, -1.35410178e-01,  3.22786212e-02, -2.59242456e-02],
       [ 1.50845367e-01, -7.69726668e-02,  8.21937433e-03, -1.01877316e-01,  6.48592892e-02],
       [-7.54984851e-02, -9.22375041e-02, -5.14707295e-02, -4.98325035e-02, -5.94582658e-02],
       [-1.18897327e-01,  3.79092601e-02, -1.10257238e-01,  9.54735219e-02, -6.38242061e-02],
       [-8.46917149e-02, -1.79795447e-02, -2.66708955e-02,  9.62197069e-02, -6.20686254e-02],
       [-7.60130567e-02,  1.07023640e-01, -1.02522118e-01,  3.64892547e-02, -8.34551395e-02],
       [-9.05756911e-03,  8.04307533e-02,  4.97284296e-02, -7.15239441e-02,  2.14247586e-02],
       [-6.03370287e-03, -6.11926103e-02,  8.21882291e-02,  1.15103964e-01, -3.91428831e-02],
       [-3.53909661e-02,  1.48352196e-01, -6.98286923e-02, -2.50453662e-02,  3.94502797e-02],
       [ 1.52676927e-02,  1.04318356e-01, -3.45145692e-02, -1.55978854e-01,  4.89712615e-02],
       [-2.26579678e-02,  1.14566246e-01, -7.40001492e-02, -1.25556223e-01,  3.86999853e-02],
       [-5.31057868e-02,  7.35632192e-02, -8.34759019e-02, -1.10242996e-01,  6.55981940e-02],
       [ 9.57689101e-02,  2.46647561e-02,  9.69441112e-02, -3.37834671e-02,  4.34965339e-02],
       [-2.94648963e-02, -1.04881393e-01, -1.11907013e-01, -5.30886688e-02, -3.01176423e-02],
       [-4.49109122e-02, -5.26573641e-02, -1.66893437e-01,  2.06254261e-02, -3.52984324e-02],
       [-5.19697481e-02, -1.04800939e-01, -1.13295505e-01,  3.80050037e-02, -4.46858731e-02],
       [-1.72883091e-02, -2.39926141e-02, -1.93748113e-01, -2.20969216e-02, -4.80606753e-02],
       [ 1.06053319e-01,  8.90570231e-02, -1.19322452e-01,  9.55579574e-02,  6.27756271e-02],
       [ 2.13605239e-01, -6.03804694e-02, -5.44875158e-02, -6.10577263e-02,  7.93102342e-02],
       [ 1.34774044e-01, -3.45094715e-04, -1.49524478e-01, -5.19273144e-02,  7.16951358e-02],
       [ 1.31138713e-01, -1.17955479e-01, -1.25378570e-01,  1.74306817e-02,  8.74139660e-02],
       [-1.33223213e-01, -1.34543609e-01, -2.27328517e-03, -1.14218373e-01, -7.27257699e-02],
       [-5.98600532e-02, -1.51244197e-01,  8.90726846e-02, -8.49121899e-02, -6.01292405e-02],
       [-3.39264612e-02, -9.01308688e-02,  4.86179485e-02, -1.77079319e-01, -6.93348674e-02],
       [-1.56631462e-01, -5.25109057e-02,  3.51579015e-02,  6.77753522e-02, -8.33969094e-02],
       [-1.45001851e-01,  9.00118390e-02, -4.40732182e-02, -2.87963804e-02, -1.01543981e-01],
       [-8.41206687e-02,  1.22672018e-02,  1.16299641e-01, -1.71985424e-02, -1.02588836e-01]])})
2026-01-21 13:06:45,739 - final_problem_set.kxor_instance_n16_k2_m116_ell2_eps0.3_kappa1.0_rho0.8 - INFO - Running key extraction (n=16, m=116, ell=2, phase_qubits=11)
2026-01-21 13:06:45,741 - final_problem_set.kxor_instance_n16_k2_m116_ell2_eps0.3_kappa1.0_rho0.8 - INFO - Built voting matrix V (n=16, ell=2, dtype=complex128) in 0.001s
2026-01-21 13:06:48,249 - final_problem_set.kxor_instance_n16_k2_m116_ell2_eps0.3_kappa1.0_rho0.8 - INFO - Eval: adv=0.7931, hamming=0/16 (0.000), corr=1.000
2026-01-21 13:06:48,249 - final_problem_set.kxor_instance_n16_k2_m116_ell2_eps0.3_kappa1.0_rho0.8 - INFO - Key extraction complete: x_hat=5
2026-01-21 13:06:48,275 - final_problem_set.kxor_instance_n16_k2_m116_ell2_eps0.3_kappa1.0_rho0.8 - INFO - Finished step 'KeyExtractionStep' in 2.536s (success: True, problem=kxor_instance_n16_k2_m116_ell2_eps0.3_kappa1.0_rho0.8)
2026-01-21 13:06:48,275 - final_problem_set.kxor_instance_n16_k2_m116_ell2_eps0.3_kappa1.0_rho0.8 - INFO - SUCCESS: len(z_hat)=16
2026-01-21 13:06:48,275 - final_problem_set.kxor_instance_n16_k2_m116_ell2_eps0.3_kappa1.0_rho0.8 - INFO - Metrics: adv=0.7931034482758621, ham_frac=0.0, corr=1.0
2026-01-21 13:06:48,275 - final_problem_set.kxor_instance_n16_k2_m116_ell2_eps0.3_kappa1.0_rho0.8 - INFO - z_hat (full): [-1,  1,  1,  1, -1,  1, -1, -1,  1, -1,  1, -1,  1,  1,  1,  1]
