2026-01-21 12:46:50,326 - final_problem_set.kxor_instance_n13_k2_m107_ell2_eps0.3_kappa0.875_rho0.4 - INFO - Starting iterate_quantum for /Users/julian/CodingProjects/UniT3/QuarticSpeedupK-XOR/z_Daphne/data/final_problem_set/kxor_instance_n13_k2_m107_ell2_eps0.3_kappa0.875_rho0.4.npz
2026-01-21 12:46:50,327 - final_problem_set.kxor_instance_n13_k2_m107_ell2_eps0.3_kappa0.875_rho0.4 - INFO - Loaded instance (n=13, m=107, k=2)
2026-01-21 12:46:50,328 - final_problem_set.kxor_instance_n13_k2_m107_ell2_eps0.3_kappa0.875_rho0.4 - INFO - Starting step 'ComputeKikuchiStep' (version 0.1) on problem kxor_instance_n13_k2_m107_ell2_eps0.3_kappa0.875_rho0.4 (fields={'ell': 2, 'threshold': 0.0})
2026-01-21 12:46:50,335 - final_problem_set.kxor_instance_n13_k2_m107_ell2_eps0.3_kappa0.875_rho0.4 - INFO - Finished step 'ComputeKikuchiStep' in 0.008s (success: True, problem=kxor_instance_n13_k2_m107_ell2_eps0.3_kappa0.875_rho0.4)
2026-01-21 12:46:50,335 - final_problem_set.kxor_instance_n13_k2_m107_ell2_eps0.3_kappa0.875_rho0.4 - INFO - Starting step 'ClassicalEigenvaluesStep' (version 0.1) on problem kxor_instance_n13_k2_m107_ell2_eps0.3_kappa0.875_rho0.4 (fields={'ell': 2, 'threshold': 0.0, 'kikuchi_matrix': <Dictionary Of Keys sparse matrix of dtype 'int64'
	with 1210 stored elements and shape (78, 78)>, 'num_eigenvalues': 5})
2026-01-21 12:46:50,354 - final_problem_set.kxor_instance_n13_k2_m107_ell2_eps0.3_kappa0.875_rho0.4 - INFO - Finished step 'ClassicalEigenvaluesStep' in 0.019s (success: True, problem=kxor_instance_n13_k2_m107_ell2_eps0.3_kappa0.875_rho0.4)
2026-01-21 12:46:50,354 - final_problem_set.kxor_instance_n13_k2_m107_ell2_eps0.3_kappa0.875_rho0.4 - INFO - Starting step 'KeyExtractionStep' (version 0.1) on problem kxor_instance_n13_k2_m107_ell2_eps0.3_kappa0.875_rho0.4 (fields={'ell': 2, 'threshold': 0.0, 'kikuchi_matrix': <Dictionary Of Keys sparse matrix of dtype 'int64'
	with 1210 stored elements and shape (78, 78)>, 'num_eigenvalues': 5, 'eigenvalues': array([-8.67253059, -7.58889882,  7.3100727 ,  7.60432938,  8.06419248]), 'eigenvectors': array([[-0.11609515,  0.22270772, -0.1641277 ,  0.0807612 , -0.14193018],
       [ 0.16057774,  0.07748153,  0.14602208, -0.05417876,  0.1276916 ],
       [-0.1148134 ,  0.11137332,  0.13324842,  0.00592779,  0.07694882],
       [-0.19157976,  0.0074837 ,  0.11254814, -0.11525438,  0.14434887],
       [ 0.06746275, -0.00447758, -0.08404121, -0.07921604, -0.05360688],
       [-0.14361582, -0.01602906, -0.07776084,  0.02641705, -0.01747963],
       [ 0.04341837,  0.19448258,  0.0386834 ,  0.09444737, -0.01381233],
       [ 0.15243219, -0.11955275,  0.1404036 , -0.03998134,  0.17753409],
       [-0.17013779,  0.12605125, -0.02429365, -0.06424608,  0.07923713],
       [-0.12017986, -0.10425451, -0.13875265,  0.06655619, -0.13755762],
       [ 0.2160002 , -0.01560867, -0.18351042,  0.04832811, -0.13855513],
       [ 0.10820974,  0.1931777 , -0.02447119, -0.09972994,  0.03518025],
       [ 0.16749218, -0.13328504,  0.07137562, -0.08765496, -0.1946649 ],
       [-0.04053554,  0.06691585, -0.05327801, -0.16230949, -0.1369486 ],
       [-0.13501738,  0.22795326,  0.10942915,  0.05691291, -0.16671892],
       [ 0.06318594, -0.1110086 , -0.06908962,  0.21555402,  0.07322635],
       [-0.06701263,  0.12747865,  0.22419118, -0.10101514,  0.10332605],
       [ 0.03692347,  0.0625705 ,  0.00947437, -0.26806661,  0.06979252],
       [ 0.04956984, -0.17376579,  0.21304881, -0.11799326, -0.24897249],
       [-0.10540491,  0.18888197,  0.24644962,  0.03257972, -0.06649251],
       [-0.14242347,  0.09195994, -0.0669903 , -0.0474548 ,  0.23803058],
       [ 0.1144235 , -0.15728926, -0.04091563,  0.03656829,  0.21196329],
       [ 0.09275947, -0.02079722,  0.12750121,  0.18389045, -0.01802058],
       [ 0.07784793, -0.06219357,  0.07322031,  0.1434184 ,  0.09415766],
       [ 0.1875507 ,  0.13384053, -0.04917301, -0.02294231,  0.16198447],
       [-0.09251596, -0.07260032,  0.01284821, -0.190642  , -0.06132525],
       [ 0.16537667,  0.10774747, -0.20509085,  0.08558404, -0.08858203],
       [-0.00754096, -0.17934112, -0.01855788,  0.22553286, -0.07053385],
       [-0.17274484, -0.00396421, -0.07464575,  0.11664633,  0.18532317],
       [ 0.14359295, -0.013092  , -0.18071979, -0.01384036,  0.07102983],
       [ 0.06908234,  0.15816003, -0.0039344 ,  0.00173305, -0.29031439],
       [-0.1547606 , -0.08207747, -0.02788666, -0.06254414, -0.19754828],
       [-0.05759182, -0.19710752, -0.12133693, -0.13579028,  0.06922999],
       [-0.10931249,  0.08462996,  0.03945107,  0.06334897,  0.14070836],
       [ 0.04873446, -0.04653524, -0.03915081, -0.15898006, -0.0424371 ],
       [-0.06965705,  0.03769282, -0.16244598,  0.0450182 , -0.06477216],
       [ 0.01377942,  0.04548341, -0.01503099,  0.1226487 , -0.0594458 ],
       [ 0.03888845, -0.03672997,  0.04591506,  0.17602517,  0.13737282],
       [-0.0547827 ,  0.06969778, -0.10779409,  0.055898  ,  0.071149  ],
       [-0.07418044,  0.04252695, -0.10288649, -0.10174083, -0.2005742 ],
       [ 0.07326209, -0.05177062, -0.13614272, -0.14518815, -0.15683197],
       [ 0.05501003,  0.02203285, -0.05439155, -0.05835799,  0.05696586],
       [ 0.07348763,  0.02842383,  0.06374031, -0.11219726, -0.06175982],
       [-0.13039862, -0.04226997, -0.16725037,  0.06881968, -0.04658944],
       [ 0.01078685,  0.22496495, -0.02121629,  0.19070159, -0.01776004],
       [ 0.13587313, -0.0864621 , -0.12684907, -0.02099669,  0.1579282 ],
       [-0.23793228,  0.09875998, -0.18278972, -0.06494026,  0.04546943],
       [-0.14862085, -0.16151613,  0.05166497,  0.10630727, -0.15375856],
       [ 0.23737081,  0.03344115,  0.04131233,  0.05772452, -0.17021816],
       [ 0.08723192,  0.21342718, -0.08876475, -0.126981  ,  0.00445704],
       [ 0.07173404,  0.04570784,  0.09011108, -0.01460031,  0.02314031],
       [-0.00943195, -0.10233274,  0.00754658, -0.06039168,  0.00686439],
       [-0.06176487,  0.02313011,  0.03384127, -0.17575687, -0.02603928],
       [ 0.10016685, -0.05431278,  0.09544431, -0.06395379, -0.01583159],
       [ 0.05874853,  0.04627535, -0.01298103,  0.13378575,  0.04258882],
       [-0.13390013, -0.02977042, -0.00951416,  0.14528481,  0.03047147],
       [-0.05965377, -0.14407138,  0.07843003,  0.01664587, -0.00999097],
       [ 0.00083746,  0.13105265, -0.0374886 , -0.0040966 , -0.02523799],
       [ 0.06281327, -0.06035692, -0.21729627,  0.07998115, -0.09484417],
       [-0.18885067,  0.0523375 , -0.04941288,  0.05136175, -0.0431767 ],
       [-0.15521665, -0.15498945,  0.18061096, -0.06008417,  0.02203098],
       [ 0.12692755,  0.01416532,  0.20085156, -0.0792904 ,  0.03439149],
       [ 0.05381025,  0.09696623, -0.01467518,  0.03752344,  0.00396913],
       [-0.01756185, -0.11098352, -0.03279927,  0.25112717, -0.04654248],
       [ 0.05038999,  0.13537054, -0.04767918,  0.11399138, -0.01713153],
       [ 0.00636728,  0.13939017,  0.00175766, -0.20161691, -0.01836165],
       [-0.0174449 , -0.16066782, -0.00553601, -0.21643911,  0.02444382],
       [ 0.01305416, -0.09187887, -0.00855774,  0.05362067,  0.00480835],
       [ 0.12462972, -0.09669951, -0.22881532, -0.02169008,  0.05159054],
       [ 0.14817535,  0.03413157,  0.06752962,  0.01351498, -0.21370556],
       [-0.1166102 ,  0.05835855,  0.05431649, -0.06099367, -0.19399328],
       [-0.07853321, -0.05716928, -0.16630604, -0.15748526,  0.04698201],
       [-0.11168589, -0.01448483,  0.17405393,  0.06655209, -0.06576267],
       [ 0.15635569, -0.05640403,  0.21071854,  0.04376044, -0.09917087],
       [ 0.11486655,  0.11237681, -0.0814812 , -0.08868423,  0.00740535],
       [ 0.13645152,  0.11757485,  0.01056964, -0.04811175,  0.18027373],
       [ 0.05767377,  0.2333064 ,  0.1279957 ,  0.17816849, -0.00719514],
       [-0.07039461, -0.13199529,  0.13249448,  0.14888119, -0.01580149]])})
2026-01-21 12:46:50,355 - final_problem_set.kxor_instance_n13_k2_m107_ell2_eps0.3_kappa0.875_rho0.4 - INFO - Running key extraction (n=13, m=107, ell=2, phase_qubits=11)
2026-01-21 12:46:50,356 - final_problem_set.kxor_instance_n13_k2_m107_ell2_eps0.3_kappa0.875_rho0.4 - INFO - Built voting matrix V (n=13, ell=2, dtype=complex128) in 0.001s
2026-01-21 12:46:53,006 - final_problem_set.kxor_instance_n13_k2_m107_ell2_eps0.3_kappa0.875_rho0.4 - INFO - Eval: adv=0.0280, hamming=5/13 (0.385), corr=0.231
2026-01-21 12:46:53,006 - final_problem_set.kxor_instance_n13_k2_m107_ell2_eps0.3_kappa0.875_rho0.4 - INFO - Key extraction complete: x_hat=11
2026-01-21 12:46:53,035 - final_problem_set.kxor_instance_n13_k2_m107_ell2_eps0.3_kappa0.875_rho0.4 - INFO - Finished step 'KeyExtractionStep' in 2.680s (success: True, problem=kxor_instance_n13_k2_m107_ell2_eps0.3_kappa0.875_rho0.4)
2026-01-21 12:46:53,035 - final_problem_set.kxor_instance_n13_k2_m107_ell2_eps0.3_kappa0.875_rho0.4 - INFO - SUCCESS: len(z_hat)=13
2026-01-21 12:46:53,035 - final_problem_set.kxor_instance_n13_k2_m107_ell2_eps0.3_kappa0.875_rho0.4 - INFO - Metrics: adv=0.028037383177570093, ham_frac=0.38461538461538464, corr=0.23076923076923078
2026-01-21 12:46:53,035 - final_problem_set.kxor_instance_n13_k2_m107_ell2_eps0.3_kappa0.875_rho0.4 - INFO - z_hat (full): [-1,  1, -1, -1,  1, -1, -1,  1,  1, -1, -1,  1, -1]
