2026-01-21 12:56:53,733 - final_problem_set.kxor_instance_n14_k2_m114_ell2_eps0.25_kappa0.875_rho0.6 - INFO - Starting iterate_quantum for /Users/julian/CodingProjects/UniT3/QuarticSpeedupK-XOR/z_Daphne/data/final_problem_set/kxor_instance_n14_k2_m114_ell2_eps0.25_kappa0.875_rho0.6.npz
2026-01-21 12:56:53,735 - final_problem_set.kxor_instance_n14_k2_m114_ell2_eps0.25_kappa0.875_rho0.6 - INFO - Loaded instance (n=14, m=114, k=2)
2026-01-21 12:56:53,735 - final_problem_set.kxor_instance_n14_k2_m114_ell2_eps0.25_kappa0.875_rho0.6 - INFO - Starting step 'ComputeKikuchiStep' (version 0.1) on problem kxor_instance_n14_k2_m114_ell2_eps0.25_kappa0.875_rho0.6 (fields={'ell': 2, 'threshold': 0.0})
2026-01-21 12:56:53,743 - final_problem_set.kxor_instance_n14_k2_m114_ell2_eps0.25_kappa0.875_rho0.6 - INFO - Finished step 'ComputeKikuchiStep' in 0.009s (success: True, problem=kxor_instance_n14_k2_m114_ell2_eps0.25_kappa0.875_rho0.6)
2026-01-21 12:56:53,744 - final_problem_set.kxor_instance_n14_k2_m114_ell2_eps0.25_kappa0.875_rho0.6 - INFO - Starting step 'ClassicalEigenvaluesStep' (version 0.1) on problem kxor_instance_n14_k2_m114_ell2_eps0.25_kappa0.875_rho0.6 (fields={'ell': 2, 'threshold': 0.0, 'kikuchi_matrix': <Dictionary Of Keys sparse matrix of dtype 'int64'
	with 1584 stored elements and shape (91, 91)>, 'num_eigenvalues': 5})
2026-01-21 12:56:53,767 - final_problem_set.kxor_instance_n14_k2_m114_ell2_eps0.25_kappa0.875_rho0.6 - INFO - Finished step 'ClassicalEigenvaluesStep' in 0.023s (success: True, problem=kxor_instance_n14_k2_m114_ell2_eps0.25_kappa0.875_rho0.6)
2026-01-21 12:56:53,767 - final_problem_set.kxor_instance_n14_k2_m114_ell2_eps0.25_kappa0.875_rho0.6 - INFO - Starting step 'KeyExtractionStep' (version 0.1) on problem kxor_instance_n14_k2_m114_ell2_eps0.25_kappa0.875_rho0.6 (fields={'ell': 2, 'threshold': 0.0, 'kikuchi_matrix': <Dictionary Of Keys sparse matrix of dtype 'int64'
	with 1584 stored elements and shape (91, 91)>, 'num_eigenvalues': 5, 'eigenvalues': array([-7.58553881,  8.14547811,  9.21135638,  9.67443541, 13.58690884]), 'eigenvectors': array([[ 1.78691080e-02, -5.06884708e-02,  1.88297530e-01, -1.21515266e-01,  1.07892539e-01],
       [-9.31509773e-02,  1.49737911e-01, -7.18926100e-02, -1.48037503e-01, -9.10841590e-02],
       [ 1.79355312e-02, -4.04474233e-02, -3.48068527e-02, -8.30130968e-03, -1.68593260e-01],
       [-2.04595261e-02,  4.85101886e-03,  4.11951223e-02,  1.10209713e-01,  1.70743921e-01],
       [-2.72928168e-02, -4.03827838e-02,  5.27879869e-02,  3.07695300e-02,  1.66390245e-01],
       [-9.35068976e-02, -1.67896576e-01, -1.10384747e-01,  1.12304094e-01, -9.45306145e-02],
       [ 3.81578305e-02,  1.58310629e-01,  1.72222294e-02,  2.00376951e-01, -5.88894663e-02],
       [-4.83571930e-02, -7.45456703e-03,  6.74660464e-02,  6.83586015e-02, -1.57479999e-01],
       [-3.78491593e-02, -1.49192406e-02, -1.98816531e-01, -1.04377238e-01,  8.43306411e-02],
       [-4.85550103e-02, -5.10607322e-02,  6.60725874e-02,  8.86519062e-02,  1.36265300e-01],
       [ 9.24723271e-02, -9.81297987e-02, -1.49807742e-01,  5.82596168e-02,  1.32773580e-01],
       [ 2.90898720e-02, -1.69194183e-01,  1.13230322e-01, -8.40015169e-02, -1.25085098e-01],
       [-6.46632812e-02, -7.78100329e-03,  7.98733161e-02,  7.01345580e-02,  1.38981659e-01],
       [ 9.98898163e-02, -1.12419503e-01,  1.52752883e-01, -1.22399267e-02,  6.05219639e-02],
       [-3.18040121e-02, -9.08115873e-03,  1.68378967e-01, -1.26001747e-01,  8.89413485e-02],
       [ 1.65047407e-02,  2.54167589e-02, -1.80932069e-01,  9.54887231e-02, -9.51577812e-02],
       [ 3.26176317e-03,  5.63011711e-02, -1.75739485e-01,  1.21891687e-01, -8.98533535e-02],
       [ 9.86986418e-02,  7.01035011e-02,  1.22102874e-01, -1.08062660e-01,  4.93311825e-02],
       [-4.97384480e-02, -9.82631917e-02,  1.80846111e-02, -1.16593752e-01,  3.24544566e-02],
       [ 1.20469406e-01, -1.01755748e-02,  7.49633315e-02, -1.24437907e-01,  7.58674911e-02],
       [ 4.90863521e-02,  1.29648837e-02,  5.14480505e-02,  1.06673881e-01, -4.65913451e-02],
       [ 5.62986075e-02,  4.30602272e-02, -1.49992590e-01,  6.69997904e-02, -7.73502827e-02],
       [-3.77786604e-02,  9.92364382e-02, -3.48758841e-02,  9.11083608e-02, -9.86683827e-02],
       [-3.98074097e-02,  1.06257386e-01,  5.37253144e-02, -6.72570621e-02,  9.11087901e-02],
       [ 1.00579870e-01,  4.52953237e-02, -1.94293889e-01,  8.45795610e-02, -8.75044215e-02],
       [ 2.76822165e-02,  1.13861297e-01, -7.49345542e-02, -1.23844282e-01, -9.45505118e-02],
       [-1.06745478e-01, -1.39235520e-01,  7.01880705e-02,  1.82071878e-01,  9.14615969e-02],
       [-3.19195459e-02, -1.56990670e-01,  8.31994216e-02,  1.34919162e-01,  8.98443716e-02],
       [-1.49398358e-01, -2.87616357e-02, -1.29633219e-01, -3.01798888e-03, -6.83989804e-02],
       [ 2.19202909e-01,  1.62892943e-01, -1.52106430e-02,  8.34989152e-02, -4.42412798e-02],
       [-1.43149152e-01,  1.43537319e-01,  3.05572734e-03, -6.73077086e-02, -1.02860015e-01],
       [-8.30312924e-02, -8.46391803e-02, -1.00721720e-01, -4.52524577e-03,  5.22842243e-02],
       [-1.28855036e-01, -1.34303623e-01,  7.25085559e-02,  1.42806451e-01,  7.59730982e-02],
       [ 2.20301858e-01, -1.97482107e-01, -6.62423865e-02,  1.45781170e-01,  8.43625901e-02],
       [ 9.41893876e-02, -1.36193382e-03,  3.76317999e-02, -1.59125558e-01, -8.21619108e-02],
       [-1.46935740e-01, -1.15767068e-01,  8.86110095e-02,  1.35381977e-01,  7.75940550e-02],
       [ 2.84273555e-02,  7.51061253e-02,  4.30584008e-02,  6.87844090e-02,  1.67951229e-01],
       [ 8.91470961e-03,  2.70245617e-02,  5.27439101e-02, -6.08647754e-03,  1.64821414e-01],
       [ 4.45331891e-02, -1.95120901e-01, -1.07602337e-01,  1.26423620e-01, -8.92903765e-02],
       [-5.50171026e-02,  1.42401697e-01,  1.82645344e-02,  2.06535000e-01, -6.76186652e-02],
       [ 2.54658512e-02, -5.38921385e-02,  5.85742702e-02,  8.52357573e-02, -1.36954924e-01],
       [ 2.76174395e-02,  1.72660396e-03, -1.85532234e-01, -1.09656663e-01,  6.81538864e-02],
       [ 3.57688968e-02,  5.59263240e-03,  7.48989323e-02,  6.64083392e-02,  1.54565390e-01],
       [-8.02384640e-02, -5.55351810e-02, -1.56710864e-01,  3.16783498e-02,  1.52215464e-01],
       [-2.48037556e-02, -2.06939423e-01,  1.01463711e-01, -5.60826299e-02, -1.24377408e-01],
       [ 6.20431969e-02,  4.55911966e-02,  7.89008874e-02,  3.59599500e-02,  1.38751916e-01],
       [-8.46569626e-04,  7.17493643e-03, -5.84084550e-02, -9.12680959e-02, -1.67877954e-01],
       [-1.15135001e-01,  2.16693525e-01,  1.33759701e-01, -8.58272432e-02,  1.12024467e-01],
       [ 6.54283000e-02, -1.66200938e-01, -7.81522094e-03, -1.81381192e-01,  8.47853846e-02],
       [-1.04450075e-01,  1.99268659e-02, -5.89440557e-02, -1.90982362e-02,  1.39332775e-01],
       [-7.75005814e-02,  1.15626282e-02,  1.98914051e-01,  7.82682297e-02, -8.56151371e-02],
       [-1.00780578e-01,  3.04884231e-02, -6.77192479e-02, -1.36741886e-01, -1.33046129e-01],
       [ 9.68001987e-02,  9.70943644e-02,  1.50125875e-01, -1.06802703e-01, -1.33507516e-01],
       [ 4.14943498e-02,  1.90250947e-01, -1.05382101e-01,  1.28046945e-01,  1.23864442e-01],
       [-1.34429130e-01, -2.00313495e-02, -8.92032721e-02, -1.21050243e-01, -1.39706993e-01],
       [ 1.60564708e-02,  1.61551947e-01,  1.15295318e-01, -1.16531256e-01,  9.37814890e-02],
       [-1.43247655e-02, -1.77801069e-01, -7.27119413e-03, -2.05241277e-01,  6.71337089e-02],
       [-7.26002165e-02, -6.05384195e-03, -5.07114174e-02, -8.00127153e-02,  1.55877540e-01],
       [-6.43236909e-02,  1.52457998e-02,  1.83756703e-01,  1.04578512e-01, -7.24740895e-02],
       [-7.21838004e-02,  6.04639064e-02, -7.66636017e-02, -7.53963437e-02, -1.36406925e-01],
       [-1.31754207e-02,  1.11578857e-01,  1.31231618e-01, -4.42756906e-02, -1.35366453e-01],
       [-2.68784398e-02,  1.79202306e-01, -1.02260100e-01,  8.10803638e-02,  1.41662501e-01],
       [-6.14396993e-02,  2.35843196e-02, -9.68026733e-02, -5.31991756e-02, -1.38638598e-01],
       [ 1.48920579e-01,  3.88766825e-02,  5.43883174e-03,  1.26634138e-01, -3.24197056e-02],
       [-1.95378878e-01, -1.70984301e-01, -2.93999055e-02,  1.51177517e-01, -8.75454017e-02],
       [-1.27741238e-01,  7.48402755e-02, -7.67933342e-02, -1.15897724e-01,  4.59856158e-02],
       [-1.87218338e-01,  1.34444686e-01,  1.24692996e-01, -6.27762357e-02,  9.15080685e-02],
       [ 1.47260280e-01,  1.08950410e-01, -2.24821161e-02, -9.38290969e-02,  9.97368070e-02],
       [ 2.79405328e-02, -2.18225744e-01, -1.39514784e-02,  6.45864770e-02, -7.51389849e-02],
       [-1.53374142e-01,  1.42379290e-01,  1.16550880e-01, -7.79061999e-02,  8.01054346e-02],
       [ 2.00103539e-01,  9.23524230e-02,  2.61229800e-02,  1.60061238e-01, -4.63678488e-02],
       [ 1.67625328e-01, -3.28317929e-02, -4.85125886e-02, -9.35757207e-02,  2.37709285e-02],
       [ 2.03708068e-01, -1.45701357e-01,  2.54847777e-04, -1.44662544e-01,  5.77206316e-02],
       [-1.61814073e-01, -1.16284093e-01, -3.24135175e-02, -1.49532820e-01,  4.81828408e-02],
       [-2.73673460e-02,  3.04518894e-02,  6.46940074e-02,  1.36056133e-01, -5.89917295e-02],
       [ 2.18283449e-01, -1.46473522e-01,  7.16456458e-03, -1.62485035e-01,  5.78535091e-02],
       [-6.12092564e-02,  6.68332445e-03, -1.51720758e-01, -1.00497000e-01,  5.50714643e-02],
       [-1.13982675e-01, -2.59440318e-02, -2.06753275e-02, -8.06750316e-03,  1.13429350e-01],
       [ 2.76019081e-01, -5.14310094e-02, -1.51700898e-01, -2.90277333e-02,  1.06092644e-01],
       [ 8.93478053e-02, -1.40127846e-01,  1.28358819e-01,  1.32216928e-02, -9.98653553e-02],
       [-1.35892560e-01,  1.17678236e-02, -1.19861813e-02, -2.79878525e-02,  1.18869231e-01],
       [-9.90864981e-03,  3.91268701e-02,  1.46646296e-01,  5.83394514e-02, -7.70554908e-02],
       [ 1.13049361e-01,  2.69363849e-02,  1.73652498e-01,  6.51753270e-02, -5.55111142e-02],
       [ 8.92430385e-02,  3.85800763e-02, -1.62836023e-01, -5.93395648e-02,  5.16222578e-02],
       [-3.31376696e-02,  5.44334593e-03,  1.47927071e-01,  7.42443654e-02, -7.93552985e-02],
       [ 1.70216581e-01,  1.14826492e-01,  8.74924300e-02, -8.39357303e-02, -1.06305510e-01],
       [ 1.19921067e-01,  1.07996584e-01, -5.78539285e-02,  1.00024649e-01,  1.01898701e-01],
       [-1.09386912e-01,  3.56442236e-02, -1.14740657e-01, -1.14001271e-01, -1.26880852e-01],
       [-6.16803599e-02,  6.45169320e-02, -1.90933621e-01,  7.83498049e-02,  9.52581920e-02],
       [ 1.82353999e-01,  7.18176512e-02,  8.68116762e-02, -7.16935751e-02, -1.13303982e-01],
       [ 8.79386422e-02,  1.74586624e-01, -6.20307496e-02,  1.08325080e-01,  1.18230650e-01]])})
2026-01-21 12:56:53,768 - final_problem_set.kxor_instance_n14_k2_m114_ell2_eps0.25_kappa0.875_rho0.6 - INFO - Running key extraction (n=14, m=114, ell=2, phase_qubits=11)
2026-01-21 12:56:53,769 - final_problem_set.kxor_instance_n14_k2_m114_ell2_eps0.25_kappa0.875_rho0.6 - INFO - Built voting matrix V (n=14, ell=2, dtype=complex128) in 0.001s
2026-01-21 12:56:56,267 - final_problem_set.kxor_instance_n14_k2_m114_ell2_eps0.25_kappa0.875_rho0.6 - INFO - Eval: adv=-0.2632, hamming=6/14 (0.429), corr=0.143
2026-01-21 12:56:56,267 - final_problem_set.kxor_instance_n14_k2_m114_ell2_eps0.25_kappa0.875_rho0.6 - INFO - Key extraction complete: x_hat=8
2026-01-21 12:56:56,294 - final_problem_set.kxor_instance_n14_k2_m114_ell2_eps0.25_kappa0.875_rho0.6 - INFO - Finished step 'KeyExtractionStep' in 2.526s (success: True, problem=kxor_instance_n14_k2_m114_ell2_eps0.25_kappa0.875_rho0.6)
2026-01-21 12:56:56,295 - final_problem_set.kxor_instance_n14_k2_m114_ell2_eps0.25_kappa0.875_rho0.6 - INFO - SUCCESS: len(z_hat)=14
2026-01-21 12:56:56,295 - final_problem_set.kxor_instance_n14_k2_m114_ell2_eps0.25_kappa0.875_rho0.6 - INFO - Metrics: adv=-0.2631578947368421, ham_frac=0.42857142857142855, corr=0.14285714285714285
2026-01-21 12:56:56,295 - final_problem_set.kxor_instance_n14_k2_m114_ell2_eps0.25_kappa0.875_rho0.6 - INFO - z_hat (full): [ 1, -1,  1, -1,  1,  1,  1, -1,  1, -1, -1, -1, -1,  1]
