2026-01-21 12:40:15,796 - final_problem_set.kxor_instance_n12_k2_m78_ell2_eps0.3_kappa1.0_rho0.0 - INFO - Starting iterate_quantum for /Users/julian/CodingProjects/UniT3/QuarticSpeedupK-XOR/z_Daphne/data/final_problem_set/kxor_instance_n12_k2_m78_ell2_eps0.3_kappa1.0_rho0.0.npz
2026-01-21 12:40:15,799 - final_problem_set.kxor_instance_n12_k2_m78_ell2_eps0.3_kappa1.0_rho0.0 - INFO - Loaded instance (n=12, m=78, k=2)
2026-01-21 12:40:15,799 - final_problem_set.kxor_instance_n12_k2_m78_ell2_eps0.3_kappa1.0_rho0.0 - INFO - Starting step 'ComputeKikuchiStep' (version 0.1) on problem kxor_instance_n12_k2_m78_ell2_eps0.3_kappa1.0_rho0.0 (fields={'ell': 2, 'threshold': 0.0})
2026-01-21 12:40:15,805 - final_problem_set.kxor_instance_n12_k2_m78_ell2_eps0.3_kappa1.0_rho0.0 - INFO - Finished step 'ComputeKikuchiStep' in 0.006s (success: True, problem=kxor_instance_n12_k2_m78_ell2_eps0.3_kappa1.0_rho0.0)
2026-01-21 12:40:15,805 - final_problem_set.kxor_instance_n12_k2_m78_ell2_eps0.3_kappa1.0_rho0.0 - INFO - Starting step 'ClassicalEigenvaluesStep' (version 0.1) on problem kxor_instance_n12_k2_m78_ell2_eps0.3_kappa1.0_rho0.0 (fields={'ell': 2, 'threshold': 0.0, 'kikuchi_matrix': <Dictionary Of Keys sparse matrix of dtype 'int64'
	with 840 stored elements and shape (66, 66)>, 'num_eigenvalues': 5})
2026-01-21 12:40:15,821 - final_problem_set.kxor_instance_n12_k2_m78_ell2_eps0.3_kappa1.0_rho0.0 - INFO - Finished step 'ClassicalEigenvaluesStep' in 0.016s (success: True, problem=kxor_instance_n12_k2_m78_ell2_eps0.3_kappa1.0_rho0.0)
2026-01-21 12:40:15,822 - final_problem_set.kxor_instance_n12_k2_m78_ell2_eps0.3_kappa1.0_rho0.0 - INFO - Starting step 'KeyExtractionStep' (version 0.1) on problem kxor_instance_n12_k2_m78_ell2_eps0.3_kappa1.0_rho0.0 (fields={'ell': 2, 'threshold': 0.0, 'kikuchi_matrix': <Dictionary Of Keys sparse matrix of dtype 'int64'
	with 840 stored elements and shape (66, 66)>, 'num_eigenvalues': 5, 'eigenvalues': array([-9.57545628, -8.4489303 , -6.44172878,  6.44074408,  7.29442009]), 'eigenvectors': array([[-1.90812268e-01,  3.21786227e-02, -1.45275802e-02, -2.97906460e-01, -3.03146194e-02],
       [-3.40640047e-02, -2.13486250e-01, -4.72646060e-02,  6.41188125e-02, -1.32985821e-03],
       [ 2.22941977e-01,  1.25312534e-01, -2.34359421e-02, -1.55149623e-01, -1.20736044e-03],
       [ 1.25643520e-01, -9.50067100e-02,  1.56672235e-01,  2.10319551e-01,  3.29880234e-02],
       [-1.72798161e-01, -7.06737721e-02,  1.90796926e-01,  1.44795649e-01, -2.98487358e-02],
       [-9.73129737e-02, -1.65171539e-01,  9.15713422e-02, -2.48364783e-01, -4.84120563e-02],
       [ 1.59313025e-01, -1.00961889e-01, -1.67973255e-01,  1.70966966e-01, -3.78962882e-02],
       [ 4.28617475e-03, -1.95691398e-01, -1.46089264e-01, -2.87127748e-01, -1.07246201e-02],
       [ 2.22788258e-01,  2.01671986e-02, -2.33905584e-02, -3.70394688e-02,  3.93945838e-03],
       [ 1.29801136e-01, -1.13885379e-01,  1.82059722e-01, -1.25206057e-01,  5.33978100e-02],
       [ 2.14089190e-01,  6.74425674e-02,  1.56974555e-01, -1.80265036e-01, -5.10771903e-02],
       [ 6.30608957e-02,  1.81327496e-01,  8.64766071e-02, -7.63588408e-02, -1.15517283e-01],
       [-2.05347390e-01, -1.20452822e-02, -9.63103217e-03,  7.31858734e-03,  8.92598377e-02],
       [-1.12937949e-01,  1.50055791e-01, -8.48362338e-02,  1.60230341e-01, -2.30412368e-01],
       [ 1.58829666e-01, -1.32320699e-02, -1.28561440e-01, -5.11805473e-02, -1.76264114e-01],
       [ 1.31452899e-01,  1.19794788e-01, -6.82370169e-02, -1.58532156e-01,  2.11295543e-01],
       [-1.27989827e-01,  1.53659148e-01,  1.59819706e-01, -4.84619110e-02, -1.99912872e-01],
       [ 1.76382082e-02,  1.62840678e-01,  1.60484468e-01, -9.14576789e-02,  2.23706533e-01],
       [-1.86405542e-01,  8.86188673e-02,  2.41237269e-02,  1.31277646e-01,  4.76127400e-02],
       [-9.96882691e-02,  1.41983533e-01, -8.66681125e-02,  1.55892783e-01,  2.09946282e-01],
       [-1.61991006e-01,  2.61405320e-02, -9.62068136e-02, -2.33278558e-01,  1.21703414e-01],
       [-2.59026722e-02, -2.26283512e-01,  2.04512582e-02, -7.39491446e-02, -5.96378972e-02],
       [-5.09899782e-02, -9.05849557e-02, -1.70414176e-01,  4.18225201e-02,  8.34356980e-02],
       [ 3.55485306e-02,  1.95297757e-01, -9.38959727e-02,  6.35651761e-02,  7.00022482e-02],
       [ 1.70594708e-03,  1.09027842e-01, -8.22353266e-02, -6.37184449e-02, -8.14182787e-02],
       [-5.47621327e-02, -9.15066962e-02,  2.37692562e-02,  1.01589643e-01,  9.51601167e-02],
       [-1.92296684e-02,  3.84363747e-02, -2.78697853e-02, -8.11090150e-02, -8.83054761e-02],
       [-6.52996989e-02, -2.30527298e-01, -3.79720709e-02, -5.34269700e-02, -2.93227359e-02],
       [-5.68160494e-02, -6.96588515e-02, -1.89189964e-01, -6.93493779e-02, -6.92800400e-02],
       [-5.11095026e-02, -1.86089112e-01, -9.73166703e-02, -2.77952693e-03, -5.72447886e-02],
       [ 1.66792440e-01, -7.26685070e-02,  1.96337782e-01,  4.10283626e-02, -1.02050307e-01],
       [-1.68879370e-01, -1.20923261e-01,  2.45218280e-01, -7.30490713e-02, -9.37527269e-02],
       [-8.51729462e-02, -1.89391454e-01,  1.63636619e-01, -3.03988789e-02,  9.78997346e-02],
       [ 1.44246722e-01, -7.23677044e-02, -1.42348943e-01, -4.70319665e-02, -5.18555532e-02],
       [ 3.56099437e-02, -1.83765485e-01, -1.05243118e-01,  1.63523948e-04,  7.54099003e-02],
       [ 2.29235237e-01,  7.86072654e-02, -5.22751346e-02,  7.87430243e-02,  1.91694698e-02],
       [ 1.66549397e-01, -9.53176198e-02,  2.33520572e-01,  1.31282131e-01,  8.98609095e-02],
       [ 1.90071665e-01,  9.52675283e-02,  1.14102201e-01, -1.21392160e-01,  7.20813563e-02],
       [-1.31578812e-01,  7.90394324e-02, -4.12943096e-02, -4.75142012e-03,  1.81446058e-01],
       [-9.38433931e-02, -3.86215835e-02, -8.55341030e-02,  1.55424642e-01, -1.67803356e-01],
       [ 8.45660426e-02, -1.37106259e-01, -5.57547039e-02, -3.52859961e-03,  1.72969912e-01],
       [-1.51376962e-02, -9.32393456e-02, -1.73148080e-01,  1.11692047e-01, -1.74412217e-01],
       [ 1.19887999e-01, -1.31252620e-01,  1.18164215e-01, -8.95697865e-02, -3.75050884e-02],
       [ 5.34116765e-02, -1.11756710e-01,  5.15334271e-02, -7.53438027e-02, -1.81530476e-01],
       [ 1.03293053e-01, -7.46689914e-02,  1.60140895e-01,  1.79695765e-01, -8.50152364e-02],
       [ 7.32118095e-02,  1.43815051e-01, -1.80336427e-01, -1.27386400e-02, -1.65879793e-01],
       [-1.07527315e-01,  7.00707132e-02,  1.60895000e-01,  7.55918020e-02,  1.06913943e-01],
       [-6.34655004e-03,  1.63753641e-01,  4.36947255e-02, -4.88698772e-02, -2.01241291e-01],
       [-1.74604300e-01, -3.62775272e-02,  1.97598961e-01, -1.01005332e-01, -4.90061958e-02],
       [-1.48601377e-01,  9.83204583e-02, -4.91579616e-02, -1.03884734e-01, -1.02934900e-01],
       [-1.80528919e-01, -6.68507881e-02,  6.56534714e-02,  7.02439620e-02, -1.28484112e-01],
       [-8.23253469e-02, -4.55139958e-02,  9.21776281e-02,  8.14201609e-03, -2.09222491e-01],
       [-2.56163014e-02,  8.36640407e-02, -2.10579584e-02, -1.65386346e-01,  2.34542068e-01],
       [-1.28208700e-01, -1.69983064e-01,  1.18765583e-01,  9.25654020e-02,  7.17309134e-02],
       [-9.07828860e-02, -2.07885826e-02, -1.18992641e-01,  9.45184687e-02,  2.30899456e-01],
       [-9.13125928e-02, -1.34774817e-01,  1.87493437e-02, -2.20180164e-01,  8.58961470e-02],
       [-1.20210482e-02, -9.78429782e-02, -7.48546597e-02, -5.31695513e-02, -1.53505216e-01],
       [ 1.29195466e-01, -1.30152031e-01, -1.64509865e-01, -8.45819531e-02, -2.10547781e-02],
       [ 7.63303541e-02, -1.19775273e-01, -3.38454762e-02, -1.43950671e-01, -1.04613603e-01],
       [ 1.33722740e-01, -8.56134881e-02, -7.39185318e-02,  9.09392396e-02, -1.41914373e-01],
       [-2.85957312e-03, -2.03809669e-01, -1.51154861e-01,  1.14416999e-01,  5.27831045e-02],
       [-1.47985487e-02, -8.94851713e-02, -1.78693247e-01,  1.57494406e-01,  2.16789883e-01],
       [ 1.76093801e-02, -1.52041027e-01, -1.20566316e-01, -1.96116657e-01,  1.04962024e-01],
       [ 1.44059606e-01, -1.60414064e-01,  1.39983239e-01,  1.19816579e-01,  2.76437363e-02],
       [ 1.87390885e-01,  1.36410546e-02,  9.34516731e-02,  1.51004022e-02,  4.96219551e-02],
       [ 9.92900935e-02, -9.12681832e-02,  1.73421113e-01, -2.46807215e-02,  1.79191841e-01]])})
2026-01-21 12:40:15,823 - final_problem_set.kxor_instance_n12_k2_m78_ell2_eps0.3_kappa1.0_rho0.0 - INFO - Running key extraction (n=12, m=78, ell=2, phase_qubits=10)
2026-01-21 12:40:15,824 - final_problem_set.kxor_instance_n12_k2_m78_ell2_eps0.3_kappa1.0_rho0.0 - INFO - Built voting matrix V (n=12, ell=2, dtype=complex128) in 0.001s
2026-01-21 12:40:17,185 - final_problem_set.kxor_instance_n12_k2_m78_ell2_eps0.3_kappa1.0_rho0.0 - INFO - Eval: adv=0.2308 (no ground-truth z available)
2026-01-21 12:40:17,185 - final_problem_set.kxor_instance_n12_k2_m78_ell2_eps0.3_kappa1.0_rho0.0 - INFO - Key extraction complete: x_hat=6
2026-01-21 12:40:17,201 - final_problem_set.kxor_instance_n12_k2_m78_ell2_eps0.3_kappa1.0_rho0.0 - INFO - Finished step 'KeyExtractionStep' in 1.378s (success: True, problem=kxor_instance_n12_k2_m78_ell2_eps0.3_kappa1.0_rho0.0)
2026-01-21 12:40:17,201 - final_problem_set.kxor_instance_n12_k2_m78_ell2_eps0.3_kappa1.0_rho0.0 - INFO - SUCCESS: len(z_hat)=12
2026-01-21 12:40:17,201 - final_problem_set.kxor_instance_n12_k2_m78_ell2_eps0.3_kappa1.0_rho0.0 - INFO - Metrics: adv=0.23076923076923078, ham_frac=None, corr=None
2026-01-21 12:40:17,201 - final_problem_set.kxor_instance_n12_k2_m78_ell2_eps0.3_kappa1.0_rho0.0 - INFO - z_hat (full): [-1,  1, -1,  1, -1, -1,  1, -1,  1,  1,  1,  1]
