2026-01-21 12:57:12,146 - final_problem_set.kxor_instance_n14_k2_m118_ell2_eps0.3_kappa0.875_rho0.8 - INFO - Starting iterate_quantum for /Users/julian/CodingProjects/UniT3/QuarticSpeedupK-XOR/z_Daphne/data/final_problem_set/kxor_instance_n14_k2_m118_ell2_eps0.3_kappa0.875_rho0.8.npz
2026-01-21 12:57:12,148 - final_problem_set.kxor_instance_n14_k2_m118_ell2_eps0.3_kappa0.875_rho0.8 - INFO - Loaded instance (n=14, m=118, k=2)
2026-01-21 12:57:12,148 - final_problem_set.kxor_instance_n14_k2_m118_ell2_eps0.3_kappa0.875_rho0.8 - INFO - Starting step 'ComputeKikuchiStep' (version 0.1) on problem kxor_instance_n14_k2_m118_ell2_eps0.3_kappa0.875_rho0.8 (fields={'ell': 2, 'threshold': 0.0})
2026-01-21 12:57:12,158 - final_problem_set.kxor_instance_n14_k2_m118_ell2_eps0.3_kappa0.875_rho0.8 - INFO - Finished step 'ComputeKikuchiStep' in 0.010s (success: True, problem=kxor_instance_n14_k2_m118_ell2_eps0.3_kappa0.875_rho0.8)
2026-01-21 12:57:12,158 - final_problem_set.kxor_instance_n14_k2_m118_ell2_eps0.3_kappa0.875_rho0.8 - INFO - Starting step 'ClassicalEigenvaluesStep' (version 0.1) on problem kxor_instance_n14_k2_m118_ell2_eps0.3_kappa0.875_rho0.8 (fields={'ell': 2, 'threshold': 0.0, 'kikuchi_matrix': <Dictionary Of Keys sparse matrix of dtype 'int64'
	with 1656 stored elements and shape (91, 91)>, 'num_eigenvalues': 5})
2026-01-21 12:57:12,179 - final_problem_set.kxor_instance_n14_k2_m118_ell2_eps0.3_kappa0.875_rho0.8 - INFO - Finished step 'ClassicalEigenvaluesStep' in 0.021s (success: True, problem=kxor_instance_n14_k2_m118_ell2_eps0.3_kappa0.875_rho0.8)
2026-01-21 12:57:12,179 - final_problem_set.kxor_instance_n14_k2_m118_ell2_eps0.3_kappa0.875_rho0.8 - INFO - Starting step 'KeyExtractionStep' (version 0.1) on problem kxor_instance_n14_k2_m118_ell2_eps0.3_kappa0.875_rho0.8 (fields={'ell': 2, 'threshold': 0.0, 'kikuchi_matrix': <Dictionary Of Keys sparse matrix of dtype 'int64'
	with 1656 stored elements and shape (91, 91)>, 'num_eigenvalues': 5, 'eigenvalues': array([-7.97984198,  8.90542832,  9.20192379, 10.15974078, 14.85177163]), 'eigenvectors': array([[-0.17110299,  0.08788233, -0.15940577,  0.19751579, -0.06275325],
       [-0.01764339, -0.00604334,  0.02627254, -0.07996106, -0.13319654],
       [ 0.08608246, -0.07603587, -0.08682366,  0.03850747, -0.1648267 ],
       [-0.10873232,  0.06964326, -0.04747266, -0.07069707,  0.1203467 ],
       [ 0.13247698,  0.22733371, -0.03890201, -0.15069712,  0.04819308],
       [ 0.14266148,  0.00742607,  0.19323446,  0.08336599, -0.1222088 ],
       [-0.10112563, -0.028834  ,  0.07929608, -0.06391212, -0.1434931 ],
       [-0.11527169, -0.16930088, -0.13131873, -0.12830789,  0.07999133],
       [ 0.17549216, -0.07399061, -0.10305326,  0.06120628,  0.14602501],
       [ 0.0478578 , -0.07458048,  0.00027286, -0.05812179,  0.15176198],
       [ 0.08979211, -0.06410143, -0.02615439,  0.05439981,  0.1449441 ],
       [ 0.20893745, -0.00045305, -0.15772404, -0.03824766, -0.12599938],
       [ 0.0119085 , -0.02338929, -0.01019654, -0.10205418,  0.14317525],
       [ 0.01689894,  0.07572154, -0.16137368,  0.11370269, -0.07161292],
       [-0.21293087,  0.05558915, -0.15283564,  0.14959489, -0.05517842],
       [ 0.06645113, -0.04586028,  0.11101949, -0.1514705 ,  0.05040528],
       [-0.24208114,  0.06140681,  0.03677212, -0.11649032,  0.01765171],
       [-0.18369289,  0.06656465, -0.07475026,  0.18028454, -0.05842579],
       [ 0.10987276,  0.06747657, -0.14298619,  0.13499635, -0.0791048 ],
       [ 0.06494495, -0.08313132,  0.04772453, -0.12340427,  0.03270326],
       [-0.19495849, -0.13223059,  0.13384412, -0.13674279,  0.08017749],
       [-0.0976868 , -0.089234  ,  0.16400009, -0.18558323,  0.05794807],
       [-0.16442088, -0.1127396 ,  0.16327657, -0.14349928,  0.07032504],
       [-0.15689092,  0.06896886, -0.17184759,  0.12123106, -0.05177381],
       [-0.04498603, -0.07567315,  0.14762625, -0.18437884,  0.0536605 ],
       [-0.02719869, -0.0853145 , -0.09374465, -0.0934255 , -0.10884262],
       [ 0.02609969,  0.10836459, -0.0169088 ,  0.05564437,  0.11400147],
       [-0.05845623,  0.21437966, -0.03692089, -0.08640357,  0.05163026],
       [-0.05836184, -0.03507599,  0.16329184, -0.05049406, -0.11959094],
       [ 0.02318173, -0.06574711,  0.03332031, -0.18409645, -0.11368046],
       [ 0.02357997, -0.14388765, -0.10593668, -0.0381119 ,  0.08201127],
       [-0.06594332, -0.01845237, -0.05177534,  0.18381506,  0.11645452],
       [-0.02594421, -0.031683  ,  0.03503634,  0.09260505,  0.12615946],
       [-0.03941164, -0.0104376 ,  0.01264857,  0.17803432,  0.11585271],
       [-0.05323051, -0.02893583, -0.16314871, -0.13971266, -0.097285  ],
       [-0.00508203,  0.0096686 ,  0.02121878,  0.04302715,  0.12129593],
       [-0.13365666,  0.12081347,  0.05074189, -0.02972228,  0.10231066],
       [ 0.16776012,  0.19737293, -0.01785537, -0.11591671,  0.04399857],
       [ 0.15030635, -0.07966761,  0.0667334 ,  0.04871691, -0.1218014 ],
       [-0.12144548, -0.11280134, -0.06051037, -0.08374488, -0.11920892],
       [-0.12193544, -0.10218982, -0.04771373, -0.10056539,  0.08386729],
       [ 0.20757867,  0.03129131,  0.04349035,  0.08193878,  0.12298287],
       [ 0.04785412,  0.02858865,  0.12168985, -0.01179695,  0.12808779],
       [ 0.10877057,  0.04096871,  0.102934  ,  0.07690173,  0.12026873],
       [ 0.23465628, -0.0709535 , -0.22024299, -0.06046588, -0.0996509 ],
       [ 0.00421084,  0.05877575,  0.09900225, -0.0500306 ,  0.12188202],
       [-0.08192227, -0.17371912,  0.03263632,  0.11125203, -0.03715804],
       [-0.06660817,  0.06424706, -0.13718186, -0.07535963,  0.09380967],
       [ 0.05405847,  0.11355902, -0.04986945,  0.03295952,  0.10760461],
       [ 0.01635741,  0.08502405,  0.1119504 ,  0.11954126, -0.07184312],
       [-0.06642218, -0.04599285,  0.06989482, -0.02852745, -0.11071777],
       [-0.03695844, -0.04322346, -0.00328865,  0.06444138, -0.13127671],
       [-0.0621123 , -0.05206067,  0.01399525, -0.02575921, -0.10887379],
       [-0.04410707,  0.09481641,  0.13483433,  0.02222893,  0.10711825],
       [-0.02581235, -0.07711454,  0.00839269,  0.10047269, -0.12441964],
       [ 0.11584229,  0.17303123, -0.0584656 , -0.1205968 ,  0.03801109],
       [-0.14717235,  0.2348145 , -0.05258393, -0.10122845,  0.05498501],
       [-0.10966293, -0.07389847,  0.05587491,  0.11356977, -0.0280712 ],
       [ 0.17516473, -0.20802899,  0.07600127,  0.0956592 , -0.06349459],
       [ 0.04710578, -0.21710038,  0.02504404,  0.15592109, -0.05475998],
       [ 0.09366867, -0.2112902 ,  0.03486559,  0.09916486, -0.06423356],
       [ 0.19214448,  0.19881192,  0.0257946 , -0.09412852,  0.04872013],
       [ 0.03445628, -0.2024399 ,  0.03113048,  0.14231499, -0.04144733],
       [-0.08576547, -0.04628279,  0.19038162, -0.02681656, -0.11457754],
       [-0.06163485, -0.11500332, -0.16432689, -0.11318894,  0.06149457],
       [ 0.12832118, -0.02615227, -0.21044669,  0.02398423,  0.11625987],
       [ 0.01816012, -0.02996546, -0.13528553, -0.0695713 ,  0.12306761],
       [ 0.06456535, -0.02216347, -0.1520682 ,  0.01791635,  0.11683313],
       [ 0.07565254, -0.02845263, -0.01620871, -0.01291389, -0.1266346 ],
       [-0.00629049,  0.0062995 , -0.13052805, -0.10021015,  0.11618256],
       [ 0.05720424, -0.14081708, -0.1454294 , -0.0555347 ,  0.08883864],
       [-0.16353239,  0.00124478, -0.10143234,  0.18001133,  0.12550713],
       [-0.05261619, -0.00951822, -0.01064332,  0.07827852,  0.13839035],
       [-0.0911744 ,  0.00976883, -0.03108951,  0.17318999,  0.12319281],
       [-0.09225339, -0.05501725, -0.13905984, -0.13828124, -0.11000542],
       [-0.0005216 ,  0.04099881, -0.02568976,  0.03056302,  0.14789296],
       [-0.05890376,  0.1821297 ,  0.13701893,  0.0631826 , -0.07916128],
       [-0.02476325,  0.17815866,  0.09640167,  0.11439884, -0.07980043],
       [-0.07424497,  0.19804638,  0.11273275,  0.06061188, -0.08901254],
       [-0.02592321, -0.14877563,  0.02041081, -0.05601765,  0.08597217],
       [-0.01588839,  0.14108955,  0.09003275,  0.12847939, -0.07304691],
       [ 0.04288108,  0.12821704,  0.0355111 , -0.08851141, -0.1563717 ],
       [ 0.15802267,  0.08634169,  0.05098968, -0.17157123, -0.12714351],
       [ 0.14501692, -0.03012964,  0.1245602 ,  0.1383173 ,  0.11382086],
       [ 0.04618667,  0.05658056,  0.04023054, -0.02282433, -0.13536862],
       [ 0.03357699,  0.09898515, -0.03995849, -0.07016814, -0.13857106],
       [ 0.04071016, -0.03353524,  0.19926178,  0.05227986,  0.11799892],
       [-0.006556  ,  0.0558758 , -0.04806026,  0.08099577, -0.13708939],
       [ 0.10641688, -0.01589762,  0.17764866,  0.13198622,  0.10998692],
       [-0.00195116,  0.05606887, -0.03007844, -0.02090834, -0.14925515],
       [ 0.00487782,  0.00256507,  0.17274968,  0.00975547,  0.11367304]])})
2026-01-21 12:57:12,180 - final_problem_set.kxor_instance_n14_k2_m118_ell2_eps0.3_kappa0.875_rho0.8 - INFO - Running key extraction (n=14, m=118, ell=2, phase_qubits=11)
2026-01-21 12:57:12,180 - final_problem_set.kxor_instance_n14_k2_m118_ell2_eps0.3_kappa0.875_rho0.8 - INFO - Built voting matrix V (n=14, ell=2, dtype=complex128) in 0.001s
2026-01-21 12:57:14,614 - final_problem_set.kxor_instance_n14_k2_m118_ell2_eps0.3_kappa0.875_rho0.8 - INFO - Eval: adv=-0.0169, hamming=4/14 (0.286), corr=0.429
2026-01-21 12:57:14,614 - final_problem_set.kxor_instance_n14_k2_m118_ell2_eps0.3_kappa0.875_rho0.8 - INFO - Key extraction complete: x_hat=13
2026-01-21 12:57:14,640 - final_problem_set.kxor_instance_n14_k2_m118_ell2_eps0.3_kappa0.875_rho0.8 - INFO - Finished step 'KeyExtractionStep' in 2.461s (success: True, problem=kxor_instance_n14_k2_m118_ell2_eps0.3_kappa0.875_rho0.8)
2026-01-21 12:57:14,640 - final_problem_set.kxor_instance_n14_k2_m118_ell2_eps0.3_kappa0.875_rho0.8 - INFO - SUCCESS: len(z_hat)=14
2026-01-21 12:57:14,640 - final_problem_set.kxor_instance_n14_k2_m118_ell2_eps0.3_kappa0.875_rho0.8 - INFO - Metrics: adv=-0.01694915254237288, ham_frac=0.2857142857142857, corr=0.42857142857142855
2026-01-21 12:57:14,641 - final_problem_set.kxor_instance_n14_k2_m118_ell2_eps0.3_kappa0.875_rho0.8 - INFO - z_hat (full): [-1,  1,  1,  1, -1, -1,  1,  1, -1,  1,  1, -1,  1,  1]
