2026-01-21 12:47:01,225 - final_problem_set.kxor_instance_n13_k2_m130_ell2_eps0.25_kappa0.75_rho0.0 - INFO - Starting iterate_quantum for /Users/julian/CodingProjects/UniT3/QuarticSpeedupK-XOR/z_Daphne/data/final_problem_set/kxor_instance_n13_k2_m130_ell2_eps0.25_kappa0.75_rho0.0.npz
2026-01-21 12:47:01,227 - final_problem_set.kxor_instance_n13_k2_m130_ell2_eps0.25_kappa0.75_rho0.0 - INFO - Loaded instance (n=13, m=130, k=2)
2026-01-21 12:47:01,228 - final_problem_set.kxor_instance_n13_k2_m130_ell2_eps0.25_kappa0.75_rho0.0 - INFO - Starting step 'ComputeKikuchiStep' (version 0.1) on problem kxor_instance_n13_k2_m130_ell2_eps0.25_kappa0.75_rho0.0 (fields={'ell': 2, 'threshold': 0.0})
2026-01-21 12:47:01,237 - final_problem_set.kxor_instance_n13_k2_m130_ell2_eps0.25_kappa0.75_rho0.0 - INFO - Finished step 'ComputeKikuchiStep' in 0.009s (success: True, problem=kxor_instance_n13_k2_m130_ell2_eps0.25_kappa0.75_rho0.0)
2026-01-21 12:47:01,237 - final_problem_set.kxor_instance_n13_k2_m130_ell2_eps0.25_kappa0.75_rho0.0 - INFO - Starting step 'ClassicalEigenvaluesStep' (version 0.1) on problem kxor_instance_n13_k2_m130_ell2_eps0.25_kappa0.75_rho0.0 (fields={'ell': 2, 'threshold': 0.0, 'kikuchi_matrix': <Dictionary Of Keys sparse matrix of dtype 'int64'
	with 1364 stored elements and shape (78, 78)>, 'num_eigenvalues': 5})
2026-01-21 12:47:01,263 - final_problem_set.kxor_instance_n13_k2_m130_ell2_eps0.25_kappa0.75_rho0.0 - INFO - Finished step 'ClassicalEigenvaluesStep' in 0.025s (success: True, problem=kxor_instance_n13_k2_m130_ell2_eps0.25_kappa0.75_rho0.0)
2026-01-21 12:47:01,263 - final_problem_set.kxor_instance_n13_k2_m130_ell2_eps0.25_kappa0.75_rho0.0 - INFO - Starting step 'KeyExtractionStep' (version 0.1) on problem kxor_instance_n13_k2_m130_ell2_eps0.25_kappa0.75_rho0.0 (fields={'ell': 2, 'threshold': 0.0, 'kikuchi_matrix': <Dictionary Of Keys sparse matrix of dtype 'int64'
	with 1364 stored elements and shape (78, 78)>, 'num_eigenvalues': 5, 'eigenvalues': array([-8.27138964, -7.57066489,  8.00434014,  9.14369779,  9.68779528]), 'eigenvectors': array([[ 2.54808923e-02, -2.06406874e-01, -9.50877389e-02, -2.68353657e-02, -2.15841272e-01],
       [ 8.80916914e-02, -1.82810929e-01, -1.18032325e-01, -1.77764513e-02,  2.11609411e-01],
       [ 3.76638217e-02,  1.23534595e-01,  1.01817488e-02,  1.21284172e-01, -2.19695199e-01],
       [ 3.58362562e-02, -8.83036199e-02, -1.89253570e-01,  6.73767884e-02, -1.86656526e-01],
       [-1.12288177e-02,  2.21090743e-01, -6.97603459e-02, -2.22955419e-01,  1.33858936e-02],
       [-2.60814303e-02,  1.71936254e-01,  3.10823775e-02, -7.22905539e-02,  1.99293964e-01],
       [-3.81112457e-03, -2.65429944e-03,  2.35300590e-02, -1.61982701e-01, -1.29044702e-01],
       [-6.87090090e-02,  8.72640929e-02, -2.01349280e-01,  1.70488894e-01,  4.94369357e-04],
       [-5.69958932e-03, -5.22797714e-02,  2.21080468e-01,  1.58284502e-01,  3.42688830e-03],
       [-9.66827816e-02,  1.75713907e-01, -2.76064674e-03,  2.88074996e-02, -1.90765131e-01],
       [ 1.28957355e-02, -2.01775006e-01,  1.26367929e-01, -1.25854459e-01, -7.01987299e-02],
       [ 2.28441181e-02,  2.37143426e-02,  1.86528860e-01,  9.73112392e-02, -1.31363649e-01],
       [ 2.01620519e-01,  5.09248086e-02, -1.38321679e-02, -6.96005620e-02, -1.58275502e-01],
       [-5.79234914e-02,  9.34031970e-02,  9.90862124e-02,  2.25944500e-02,  1.89757110e-01],
       [ 1.75825866e-01, -5.98694057e-02,  1.59730757e-01,  3.49740587e-02,  1.31482607e-01],
       [-1.59841949e-01, -6.77898023e-03, -4.52787513e-03,  1.38610009e-01, -5.74625868e-02],
       [-1.49763466e-01, -2.42309947e-02, -1.13924539e-01, -4.83923964e-02, -1.71877097e-01],
       [ 1.53880080e-02, -1.56173039e-01,  1.07014973e-02,  1.31120509e-01,  7.84551237e-02],
       [-1.50727058e-01, -1.70852559e-01,  1.51041249e-01, -1.00484050e-01,  3.71913455e-02],
       [ 5.18144905e-02, -1.86658514e-01, -9.48546774e-02, -9.24309901e-02,  5.04942727e-02],
       [-2.04580458e-01, -1.46767077e-01,  6.32495185e-02,  5.39542079e-02,  1.36203749e-01],
       [ 1.62313769e-01, -2.58436697e-02, -3.10745008e-02,  1.31451326e-01,  9.08497756e-02],
       [ 2.34723640e-02,  2.27760081e-02, -6.58222392e-02, -2.82145892e-02,  7.44187468e-02],
       [-1.61541599e-01,  6.78743918e-02,  1.09156428e-01,  2.76546360e-02, -2.19867987e-01],
       [ 1.05955870e-01, -5.78870120e-02, -8.14289300e-02, -4.21526354e-04, -1.86656868e-01],
       [-2.63051712e-01, -3.28122381e-02, -9.10017444e-02, -1.80483916e-01,  5.44101330e-02],
       [-1.85486893e-01, -3.18441687e-02, -5.15130971e-02,  7.44529821e-03,  1.89165289e-01],
       [-3.34590422e-04, -1.73351789e-01,  4.57639952e-02, -1.49461658e-01, -9.32661917e-02],
       [-1.02139104e-01, -1.46121520e-01, -1.32871449e-01,  1.42077204e-01, -4.86214640e-02],
       [ 7.93279641e-02, -1.76131504e-01,  1.76304045e-01,  1.28668284e-01, -8.72210314e-04],
       [-1.55775980e-01, -1.29748367e-01,  1.05565979e-01, -4.32915097e-02, -2.33163971e-01],
       [ 1.97926208e-01,  5.79400032e-03,  1.23390661e-01, -1.18299885e-01, -6.56081468e-02],
       [-6.51985903e-02,  5.94493080e-03,  1.73410160e-01,  4.12182364e-02, -9.14952283e-02],
       [-8.65550511e-02,  4.59350027e-02,  2.03123879e-01, -8.31344910e-02,  1.84636054e-01],
       [ 6.83166814e-02, -1.09827649e-01,  6.08345894e-02,  2.36429899e-01, -1.27869911e-02],
       [ 7.49796297e-02, -7.87599295e-02, -4.83534453e-02,  8.83126721e-02, -2.03542949e-01],
       [ 6.99273139e-03,  6.61773805e-02, -2.46260028e-02,  1.65550920e-01,  1.56523354e-01],
       [ 1.22660116e-01,  2.61067154e-02,  2.10252976e-01, -1.81763851e-01, -5.09452765e-03],
       [-3.52894663e-03,  9.05255862e-02, -2.18994779e-01, -1.65648675e-01, -7.72996592e-05],
       [ 1.73185293e-01, -1.27366222e-02,  1.58059280e-02, -4.05207758e-02,  1.90636211e-01],
       [-6.71272249e-02,  1.02514431e-01, -1.29715156e-01,  1.34218545e-01,  8.17107274e-02],
       [-3.21802722e-02, -3.22588221e-02, -1.77036821e-01, -1.09187092e-01,  1.31406638e-01],
       [-1.91741067e-01,  8.30751511e-02, -6.02158138e-03,  2.08407625e-01, -3.46392867e-02],
       [-1.73642027e-01,  6.73426952e-02, -1.84030401e-01,  3.80802649e-02, -1.56439039e-01],
       [ 2.38865285e-03, -8.35955238e-02,  7.87016874e-02,  1.52561920e-01,  1.19866743e-01],
       [-1.01737720e-01, -1.15335831e-02,  1.50374432e-01, -1.38356390e-01, -5.44458566e-03],
       [ 4.71389972e-02, -8.39535154e-02, -9.51190951e-02, -1.57097229e-01,  4.32828342e-02],
       [-1.24951064e-01,  3.62537101e-02,  1.47951706e-01, -1.11756998e-02,  1.47169095e-01],
       [ 1.06406997e-01, -5.77715419e-02,  2.22931965e-02,  1.21266186e-01,  1.02469762e-01],
       [-6.57942784e-02,  2.67480009e-02, -2.74440577e-02, -9.32068856e-02,  1.22456426e-01],
       [ 1.29711654e-01,  6.62455047e-03, -3.22880008e-02, -2.27608975e-01,  4.65936420e-02],
       [ 1.09865422e-02,  1.76326598e-01,  5.91423363e-02,  3.58264907e-02, -4.53715602e-02],
       [ 1.37772290e-01,  1.56823230e-01, -4.49854781e-02,  8.58050623e-02,  1.14001711e-02],
       [-9.93985621e-02,  2.23006441e-01,  3.98778990e-02,  4.98473498e-02,  9.79214220e-03],
       [ 2.22279255e-01,  1.35528009e-01,  3.40490243e-02,  1.65309348e-01, -2.20257383e-02],
       [-2.03202751e-01,  4.19648578e-02,  1.02245722e-01,  3.03600277e-02, -1.15207050e-02],
       [-4.42696886e-02, -2.55280166e-02,  2.11111223e-02,  9.24482918e-02, -2.64561317e-02],
       [ 4.85795375e-03,  1.36364783e-01, -3.67143603e-03, -1.63890428e-01, -1.28615733e-01],
       [ 9.14799803e-02,  1.19300279e-01, -1.67671481e-01,  1.56855027e-01, -4.57780455e-03],
       [-7.38353353e-02,  1.67234002e-01,  1.72794375e-01,  1.55835357e-01, -2.19653792e-02],
       [ 1.77570539e-01,  1.15200760e-01, -4.23035108e-02,  8.21834504e-03, -1.64746058e-01],
       [-2.04547547e-01,  2.39445650e-02,  8.90217887e-02, -1.22661563e-01, -8.88635796e-02],
       [-3.94716744e-02, -1.66004721e-02,  1.20736627e-01,  7.28917789e-02, -9.43159158e-02],
       [-4.69877392e-03,  9.36291482e-02,  8.39664253e-02, -9.83358148e-03,  4.08232125e-02],
       [-4.78662510e-03, -1.13571889e-02, -1.16159365e-01, -2.48158833e-02,  2.31521192e-02],
       [-1.91884678e-02,  1.89932118e-01, -2.38694955e-02,  1.48280474e-01,  1.17674050e-01],
       [ 1.67438089e-02, -1.74805683e-01, -2.52999699e-02,  8.52092336e-02,  3.66809169e-02],
       [ 8.87994706e-03, -6.39197811e-03, -1.16516399e-01,  4.82258955e-02,  5.81130899e-02],
       [-8.64962058e-02,  9.09405613e-02,  2.71616067e-03, -6.98387806e-02, -5.83072070e-03],
       [ 8.88251299e-02,  2.09081429e-01,  1.78726438e-01, -1.37028911e-01,  2.36584647e-02],
       [-1.96102296e-01, -1.53180972e-01,  4.80109029e-02, -9.49120966e-03,  1.92497500e-02],
       [ 1.21098468e-02, -1.68846287e-02,  6.70356764e-02, -1.11145146e-01,  3.15391965e-02],
       [-1.34419477e-01,  1.59919384e-01, -1.65405563e-01, -1.18949959e-01,  4.50745532e-02],
       [ 6.38646237e-02, -1.97138508e-01, -1.39589133e-01, -2.46430724e-02, -5.59244787e-03],
       [-2.04663277e-03,  2.04685710e-02, -7.97632701e-02, -5.66284356e-02,  1.18754322e-02],
       [-2.04547197e-01, -9.12573216e-02, -9.41486832e-02,  1.08202485e-01,  7.51983127e-02],
       [ 5.77508909e-02,  2.47419748e-02, -1.27096413e-01, -4.33288365e-02,  8.74412363e-02],
       [-4.64127574e-02,  3.65523911e-02, -1.72783949e-01,  4.33120820e-02,  4.64169491e-02]])})
2026-01-21 12:47:01,264 - final_problem_set.kxor_instance_n13_k2_m130_ell2_eps0.25_kappa0.75_rho0.0 - INFO - Running key extraction (n=13, m=130, ell=2, phase_qubits=11)
2026-01-21 12:47:01,265 - final_problem_set.kxor_instance_n13_k2_m130_ell2_eps0.25_kappa0.75_rho0.0 - INFO - Built voting matrix V (n=13, ell=2, dtype=complex128) in 0.001s
2026-01-21 12:47:03,756 - final_problem_set.kxor_instance_n13_k2_m130_ell2_eps0.25_kappa0.75_rho0.0 - INFO - Eval: adv=-0.1231 (no ground-truth z available)
2026-01-21 12:47:03,756 - final_problem_set.kxor_instance_n13_k2_m130_ell2_eps0.25_kappa0.75_rho0.0 - INFO - Key extraction complete: x_hat=5
2026-01-21 12:47:03,784 - final_problem_set.kxor_instance_n13_k2_m130_ell2_eps0.25_kappa0.75_rho0.0 - INFO - Finished step 'KeyExtractionStep' in 2.520s (success: True, problem=kxor_instance_n13_k2_m130_ell2_eps0.25_kappa0.75_rho0.0)
2026-01-21 12:47:03,784 - final_problem_set.kxor_instance_n13_k2_m130_ell2_eps0.25_kappa0.75_rho0.0 - INFO - SUCCESS: len(z_hat)=13
2026-01-21 12:47:03,784 - final_problem_set.kxor_instance_n13_k2_m130_ell2_eps0.25_kappa0.75_rho0.0 - INFO - Metrics: adv=-0.12307692307692308, ham_frac=None, corr=None
2026-01-21 12:47:03,784 - final_problem_set.kxor_instance_n13_k2_m130_ell2_eps0.25_kappa0.75_rho0.0 - INFO - z_hat (full): [ 1, -1,  1, -1,  1,  1,  1,  1,  1,  1,  1, -1, -1]
