2026-01-21 13:24:05,528 - final_problem_set.kxor_instance_n16_k2_m173_ell2_eps0.25_kappa0.75_rho1.0 - INFO - Starting iterate_quantum for /Users/julian/CodingProjects/UniT3/QuarticSpeedupK-XOR/z_Daphne/data/final_problem_set/kxor_instance_n16_k2_m173_ell2_eps0.25_kappa0.75_rho1.0.npz
2026-01-21 13:24:05,530 - final_problem_set.kxor_instance_n16_k2_m173_ell2_eps0.25_kappa0.75_rho1.0 - INFO - Loaded instance (n=16, m=173, k=2)
2026-01-21 13:24:05,530 - final_problem_set.kxor_instance_n16_k2_m173_ell2_eps0.25_kappa0.75_rho1.0 - INFO - Starting step 'ComputeKikuchiStep' (version 0.1) on problem kxor_instance_n16_k2_m173_ell2_eps0.25_kappa0.75_rho1.0 (fields={'ell': 2, 'threshold': 0.0})
2026-01-21 13:24:05,546 - final_problem_set.kxor_instance_n16_k2_m173_ell2_eps0.25_kappa0.75_rho1.0 - INFO - Finished step 'ComputeKikuchiStep' in 0.016s (success: True, problem=kxor_instance_n16_k2_m173_ell2_eps0.25_kappa0.75_rho1.0)
2026-01-21 13:24:05,546 - final_problem_set.kxor_instance_n16_k2_m173_ell2_eps0.25_kappa0.75_rho1.0 - INFO - Starting step 'ClassicalEigenvaluesStep' (version 0.1) on problem kxor_instance_n16_k2_m173_ell2_eps0.25_kappa0.75_rho1.0 (fields={'ell': 2, 'threshold': 0.0, 'kikuchi_matrix': <Dictionary Of Keys sparse matrix of dtype 'int64'
	with 2660 stored elements and shape (120, 120)>, 'num_eigenvalues': 5})
2026-01-21 13:24:05,583 - final_problem_set.kxor_instance_n16_k2_m173_ell2_eps0.25_kappa0.75_rho1.0 - INFO - Finished step 'ClassicalEigenvaluesStep' in 0.037s (success: True, problem=kxor_instance_n16_k2_m173_ell2_eps0.25_kappa0.75_rho1.0)
2026-01-21 13:24:05,583 - final_problem_set.kxor_instance_n16_k2_m173_ell2_eps0.25_kappa0.75_rho1.0 - INFO - Starting step 'KeyExtractionStep' (version 0.1) on problem kxor_instance_n16_k2_m173_ell2_eps0.25_kappa0.75_rho1.0 (fields={'ell': 2, 'threshold': 0.0, 'kikuchi_matrix': <Dictionary Of Keys sparse matrix of dtype 'int64'
	with 2660 stored elements and shape (120, 120)>, 'num_eigenvalues': 5, 'eigenvalues': array([10.96661336, 11.38549819, 11.97137303, 12.22969341, 22.48449067]), 'eigenvectors': array([[ 3.73816159e-02, -5.28636775e-02, -3.40171919e-02,  3.68184724e-02,  1.23207968e-01],
       [-9.59003480e-02,  4.79126295e-02,  1.18787769e-01,  2.56569158e-02, -1.04193081e-01],
       [ 5.24008423e-02,  1.10607728e-01, -3.51671139e-02, -5.64494533e-02, -1.02062320e-01],
       [-1.21043265e-01,  2.84684262e-02, -7.58061375e-02,  1.67980938e-02,  1.04597357e-01],
       [-4.26582114e-02,  1.05040645e-01,  1.25805515e-01, -5.02652936e-02,  9.56187064e-02],
       [ 5.22946267e-02, -1.18871808e-01, -1.01635239e-01,  5.24189128e-02,  1.08974160e-01],
       [ 1.16446875e-01,  1.20992309e-01, -9.19025386e-02,  9.26904259e-02,  9.46075528e-02],
       [ 3.79754422e-03, -5.68786313e-02, -4.39326445e-02, -7.26319955e-02,  1.04327809e-01],
       [ 8.28409730e-02,  1.25184341e-01,  3.73035439e-03, -3.13076584e-02, -1.09541421e-01],
       [ 6.07584514e-02, -4.74862570e-03,  4.99444449e-02,  3.52184000e-02,  1.09565162e-01],
       [ 4.68018074e-02,  6.43211435e-02,  1.94307400e-01,  7.78525255e-03, -8.90754685e-02],
       [ 4.93214244e-02, -8.52650609e-02,  2.97714132e-02,  2.26645846e-01,  7.29669063e-02],
       [-1.16059662e-01,  1.57432222e-01, -6.85782179e-02,  8.87552965e-02, -8.95287844e-02],
       [ 1.64007306e-01, -1.00796589e-02, -3.83432621e-02, -3.99253937e-02,  1.03186502e-01],
       [ 2.28283342e-02,  1.61808260e-02, -3.96757629e-03,  7.59990965e-02,  1.10816672e-01],
       [-7.53086389e-02,  3.76798778e-03,  8.69701445e-02,  4.69133115e-02, -1.10075052e-01],
       [ 8.10384147e-02,  7.40720993e-02, -7.40997216e-02, -4.26758665e-02, -1.07177059e-01],
       [-1.54838598e-01,  7.54140766e-02, -4.24080102e-02, -5.31735254e-04,  1.09891757e-01],
       [-6.40163510e-02,  1.39958971e-01,  1.53847857e-01, -6.46447773e-02,  9.23626664e-02],
       [ 2.71534459e-02, -7.75672071e-02, -6.64584472e-02,  3.60003917e-02,  1.15179249e-01],
       [ 1.00557781e-01,  1.67908584e-01, -6.41320185e-02,  8.24398715e-02,  9.93479491e-02],
       [-2.22658137e-02, -1.53057991e-02, -8.78690936e-03, -9.54474101e-02,  1.09600265e-01],
       [ 1.15937253e-01,  8.52130587e-02, -3.64878949e-02, -1.40776650e-02, -1.15142900e-01],
       [ 3.69664404e-02,  4.24363395e-02,  9.33283847e-02,  1.84337985e-02,  1.15066695e-01],
       [ 7.26919936e-02,  2.96422691e-02,  1.74430962e-01,  2.43996598e-02, -9.40502551e-02],
       [ 3.51000553e-02, -6.06097362e-02,  5.80355317e-02,  2.29350716e-01,  7.69268389e-02],
       [-1.01539247e-01,  1.29990562e-01, -1.03697561e-01,  1.08951038e-01, -9.39059079e-02],
       [ 1.48293679e-01,  3.34768725e-02, -3.60467281e-03, -6.03019665e-02,  1.08384185e-01],
       [-3.86695940e-03,  6.56731839e-02,  3.70557944e-02,  6.13377009e-02,  1.16458390e-01],
       [-1.32644560e-02, -7.32593725e-02, -1.75555039e-02, -1.51376837e-02,  9.90125740e-02],
       [ 6.99122202e-02, -5.96420760e-02,  1.12758381e-01,  5.22602085e-02, -9.32559219e-02],
       [ 5.81624296e-03, -1.27688350e-01, -6.68671776e-02,  1.08538568e-01, -8.53284409e-02],
       [-8.24540442e-02,  6.79429342e-02,  1.37855820e-01,  2.15838394e-02, -9.75400583e-02],
       [-1.33375780e-01, -1.36151325e-01,  1.21716195e-01, -2.37129361e-02, -8.43948815e-02],
       [-3.84729641e-02,  1.23993096e-02,  8.54377509e-02,  1.28881584e-01, -9.23740451e-02],
       [-3.51080678e-02, -7.29132293e-02, -5.28658899e-02, -4.07148342e-02,  9.81230095e-02],
       [-9.00346305e-02, -3.22346397e-02,  6.20822520e-03,  3.73279378e-02, -9.81078091e-02],
       [-1.26231792e-02, -2.75657159e-02, -2.07566432e-01, -6.15932806e-02,  7.95505031e-02],
       [-7.85156176e-02,  5.99374953e-02,  1.08766893e-02, -1.70247825e-01, -7.16176396e-02],
       [ 1.28749141e-01, -1.07839936e-01,  2.04208590e-02, -1.32658475e-01,  8.00305958e-02],
       [-1.75011664e-01, -2.58145495e-02,  7.95475040e-02,  9.99965511e-02, -9.19933276e-02],
       [-5.77991100e-02, -5.10127814e-02,  5.39953399e-02,  2.82239036e-03, -9.92240746e-02],
       [ 1.93886916e-01,  8.82323048e-04, -2.02850989e-02, -2.37622219e-02, -9.13769164e-02],
       [ 1.08470921e-01, -6.23623877e-02, -1.65768069e-01,  3.09346538e-02, -7.66193410e-02],
       [ 5.36473321e-02,  1.24671835e-01, -4.53634988e-03, -5.36806295e-02, -9.56177589e-02],
       [-1.83173413e-02, -8.96859141e-02,  2.62517838e-03, -9.95601839e-02, -8.90994985e-02],
       [ 1.03150096e-01,  8.53506382e-02, -5.36886789e-02,  5.97664756e-02, -9.80422156e-02],
       [-1.66062212e-01, -1.31913211e-01,  8.55603390e-02,  3.49986861e-02,  9.49963596e-02],
       [ 4.57254556e-02,  3.02552107e-02, -1.30106034e-01, -4.00154277e-02, -9.54725331e-02],
       [-1.17118950e-01, -7.37324224e-02, -9.45432969e-02,  4.79743751e-04,  7.86222026e-02],
       [ 1.73236823e-02,  8.49888789e-02, -8.14481535e-02, -1.98782143e-01, -6.35821253e-02],
       [ 2.05662632e-02, -1.54933673e-01,  1.26882176e-01, -6.74838121e-02,  7.79316261e-02],
       [-4.75132608e-02,  3.29513220e-02, -4.98045800e-02,  2.38933566e-02, -9.02045366e-02],
       [ 7.91462920e-02,  1.29223725e-02, -8.70190557e-02, -7.42106885e-02, -9.66047582e-02],
       [-1.57260859e-01,  1.64725484e-01,  9.18319494e-02, -6.50839718e-02,  7.86581538e-02],
       [-1.16972752e-01,  2.35699383e-03, -9.84758019e-02,  1.72593396e-02,  9.79385420e-02],
       [-3.40660388e-02,  1.93222222e-01, -9.01971462e-02,  5.86974810e-02,  8.43340626e-02],
       [-1.48004386e-01,  4.98230532e-02, -4.90627736e-02, -9.19856190e-02,  9.28797915e-02],
       [ 2.33774264e-01,  4.52709663e-03,  1.41287632e-02, -2.52991347e-04, -9.73255300e-02],
       [-1.08704814e-01,  1.00088461e-01,  3.18714945e-02,  2.66495307e-03,  9.78954054e-02],
       [ 1.66937448e-01, -2.90155874e-02,  1.77047637e-01,  3.02151247e-02, -7.95189828e-02],
       [-7.61509183e-02, -4.71813970e-03,  1.83079832e-02,  1.99837575e-01,  7.09041258e-02],
       [ 3.43872402e-02,  5.88926871e-02, -5.43301669e-02,  1.13776825e-01, -8.65639525e-02],
       [-9.63429436e-03,  1.01790615e-01, -5.06324749e-02, -7.18032670e-02,  9.94490429e-02],
       [-1.44870759e-01,  1.20969179e-01, -1.62236653e-02,  3.89707929e-02,  9.84939538e-02],
       [-4.57405531e-02,  7.56670059e-02,  8.99865634e-02, -4.54129796e-02,  8.96666832e-02],
       [ 1.70602101e-02,  2.14200173e-01,  6.45004337e-02, -4.95354627e-04,  7.19247212e-02],
       [-7.12959515e-02,  1.05261348e-01,  1.13093626e-01, -1.26593999e-01,  7.84012128e-02],
       [ 1.35343820e-01, -6.61893848e-02, -1.51505476e-01,  5.64230228e-02, -8.25801783e-02],
       [-3.41276062e-02,  1.48258791e-01,  1.88278639e-01, -5.24910348e-02,  8.13748291e-02],
       [ 1.10889695e-01, -8.85676922e-02,  1.93735608e-02,  8.03526459e-02, -7.35221149e-02],
       [-1.69301943e-02,  4.39633677e-02,  1.40118945e-01,  1.24903252e-01,  6.01920452e-02],
       [-2.06336796e-02, -1.06898169e-02, -1.68090217e-01,  1.24148894e-01, -6.72756036e-02],
       [ 4.05400686e-02,  1.35279178e-01,  1.14318488e-01, -1.02425709e-01,  7.76111538e-02],
       [-6.11525843e-02,  1.65281450e-01,  1.55240799e-01, -2.60556860e-02,  8.29792194e-02],
       [ 1.02205770e-01,  9.04601189e-02, -1.09758286e-01,  8.70586650e-02,  8.87018539e-02],
       [-2.28512465e-03, -7.60385485e-02, -6.90815452e-02, -6.48964646e-02,  9.76933957e-02],
       [ 8.20027660e-02,  1.40040085e-01,  3.38587226e-02, -3.07319909e-02, -1.02536745e-01],
       [ 5.74994757e-02, -3.40891934e-02,  1.74694484e-02,  3.92329963e-02,  1.10938928e-01],
       [ 4.79075876e-02,  7.86875467e-02,  2.02142842e-01,  5.70005378e-03, -8.29012798e-02],
       [ 4.23103633e-02, -9.41790567e-02,  8.91570945e-03,  2.10724427e-01,  6.86391580e-02],
       [-1.02320498e-01,  1.64798310e-01, -3.94329387e-02,  8.02976178e-02, -8.40244408e-02],
       [ 1.45023287e-01, -3.26062160e-02, -6.34079301e-02, -3.48972309e-02,  9.66485037e-02],
       [ 1.46874084e-02, -1.07074069e-02, -3.47502789e-02,  7.17998061e-02,  1.03756726e-01],
       [ 7.14637935e-02,  1.44185674e-01, -7.43547350e-02, -1.52685697e-02,  9.10338278e-02],
       [ 5.20637504e-03, -9.25803030e-02,  3.93190261e-02, -8.00137841e-02, -9.61024719e-02],
       [ 1.09230735e-01,  1.75901721e-01,  4.60211907e-03,  7.40822738e-02,  8.86736349e-02],
       [-1.05279399e-02, -9.47737637e-02,  1.75611583e-01, -3.19488315e-02, -7.26034008e-02],
       [ 7.37845847e-02,  4.62004642e-02,  2.99331398e-03,  2.06279714e-01,  5.94238077e-02],
       [-1.61720212e-01, -2.56261322e-02, -2.96320310e-02,  3.46568789e-02, -7.90191343e-02],
       [ 1.84370506e-01,  1.59895580e-01, -6.02436710e-02,  1.29685311e-02,  8.31507210e-02],
       [ 7.87569999e-02,  1.95338618e-01, -3.81259942e-02,  1.06472702e-01,  8.91154095e-02],
       [ 1.19197966e-01,  8.42398218e-02, -1.55564043e-02,  8.30731103e-02, -9.71250839e-02],
       [ 5.71198675e-03,  2.17426195e-02,  6.07863927e-02, -7.89594677e-02,  9.76058517e-02],
       [ 7.84993007e-02,  3.31618537e-02,  1.54323717e-01,  9.59907502e-02, -7.97489045e-02],
       [ 1.41145331e-02, -6.53737488e-02,  4.16888221e-02,  1.37692489e-01,  7.18024314e-02],
       [-6.04105770e-02,  1.16654725e-01, -7.24597045e-02,  1.63894162e-01, -7.91067994e-02],
       [ 9.65113397e-02,  1.65116255e-02, -1.76905905e-02, -1.38247264e-01,  9.16261592e-02],
       [-2.75223950e-02,  4.03941268e-02,  1.48906957e-02, -4.57211308e-02,  9.88135934e-02],
       [ 7.33018666e-02,  3.63224257e-02, -1.03934592e-01, -1.55879316e-02, -1.02437221e-01],
       [-1.45315620e-01, -8.29285018e-02, -1.33176629e-01, -2.14275141e-02,  8.40800575e-02],
       [ 3.49584941e-02,  9.63264556e-02, -6.42582553e-02, -1.99456919e-01, -6.85346136e-02],
       [ 4.83724483e-03, -1.70922539e-01,  1.08514146e-01, -9.54469499e-02,  8.34109435e-02],
       [-3.25297078e-02,  4.57398873e-02, -2.16462541e-02,  5.94032966e-02, -1.04559059e-01],
       [ 1.10424870e-01,  1.75684515e-02, -5.59209344e-02, -5.25752796e-02, -1.03674663e-01],
       [ 4.60875926e-02, -5.95127842e-03,  1.01370973e-01,  2.00828574e-02, -9.11297741e-02],
       [ 4.76211983e-02, -2.99800920e-02,  9.62132799e-02,  2.00656466e-01,  6.85651329e-02],
       [-1.08920500e-01,  8.28216893e-02, -1.47278333e-01,  9.03513876e-02, -8.33850599e-02],
       [ 1.52602491e-01,  6.31776511e-02,  6.39210686e-02, -4.87206133e-02,  9.65584157e-02],
       [ 2.47468973e-02,  9.34121740e-02,  1.07136847e-01,  5.60044991e-02,  1.03025327e-01],
       [ 2.31880189e-02,  6.51516325e-02,  7.39757903e-02, -1.55683266e-01, -6.13305389e-02],
       [ 1.79234542e-02, -1.24059446e-01, -6.11011052e-02, -1.15479278e-01,  7.39837194e-02],
       [-3.63156614e-02, -2.64266522e-06,  1.48375852e-01,  7.18957163e-02, -7.89878068e-02],
       [ 8.11979271e-02, -2.57955920e-02,  1.49471523e-01, -1.51924297e-02, -9.16109450e-02],
       [-9.43373083e-02,  1.29642957e-01, -1.08952847e-01, -9.98248817e-02, -6.11987640e-02],
       [ 1.27586016e-01, -3.37944360e-02,  4.49209355e-02,  1.56715295e-01,  7.05149001e-02],
       [ 2.46723408e-02, -1.71799858e-02,  6.56636824e-02,  2.25655079e-01,  6.88083930e-02],
       [-1.76364051e-01,  8.11222313e-02, -7.41997411e-02,  1.37607122e-01, -7.82956968e-02],
       [-9.32403197e-02,  7.42851963e-02, -1.25805416e-01,  6.84046982e-02, -9.14753495e-02],
       [ 1.22510742e-01,  8.22053030e-02,  1.90436899e-02, -1.56927732e-02,  9.77459087e-02]])})
2026-01-21 13:24:05,585 - final_problem_set.kxor_instance_n16_k2_m173_ell2_eps0.25_kappa0.75_rho1.0 - INFO - Running key extraction (n=16, m=173, ell=2, phase_qubits=12)
2026-01-21 13:24:05,586 - final_problem_set.kxor_instance_n16_k2_m173_ell2_eps0.25_kappa0.75_rho1.0 - INFO - Built voting matrix V (n=16, ell=2, dtype=complex128) in 0.001s
2026-01-21 13:24:21,324 - final_problem_set.kxor_instance_n16_k2_m173_ell2_eps0.25_kappa0.75_rho1.0 - INFO - Eval: adv=0.7572, hamming=1/16 (0.062), corr=0.875
2026-01-21 13:24:21,324 - final_problem_set.kxor_instance_n16_k2_m173_ell2_eps0.25_kappa0.75_rho1.0 - INFO - Key extraction complete: x_hat=4
2026-01-21 13:24:21,369 - final_problem_set.kxor_instance_n16_k2_m173_ell2_eps0.25_kappa0.75_rho1.0 - INFO - Finished step 'KeyExtractionStep' in 15.784s (success: True, problem=kxor_instance_n16_k2_m173_ell2_eps0.25_kappa0.75_rho1.0)
2026-01-21 13:24:21,369 - final_problem_set.kxor_instance_n16_k2_m173_ell2_eps0.25_kappa0.75_rho1.0 - INFO - SUCCESS: len(z_hat)=16
2026-01-21 13:24:21,369 - final_problem_set.kxor_instance_n16_k2_m173_ell2_eps0.25_kappa0.75_rho1.0 - INFO - Metrics: adv=0.7572254335260116, ham_frac=0.0625, corr=0.875
2026-01-21 13:24:21,369 - final_problem_set.kxor_instance_n16_k2_m173_ell2_eps0.25_kappa0.75_rho1.0 - INFO - z_hat (full): [ 1,  1,  1, -1,  1,  1,  1,  1,  1, -1,  1, -1,  1, -1,  1,  1]
