2026-01-21 13:21:50,913 - final_problem_set.kxor_instance_n16_k2_m173_ell2_eps0.25_kappa0.75_rho0.6 - INFO - Starting iterate_quantum for /Users/julian/CodingProjects/UniT3/QuarticSpeedupK-XOR/z_Daphne/data/final_problem_set/kxor_instance_n16_k2_m173_ell2_eps0.25_kappa0.75_rho0.6.npz
2026-01-21 13:21:50,916 - final_problem_set.kxor_instance_n16_k2_m173_ell2_eps0.25_kappa0.75_rho0.6 - INFO - Loaded instance (n=16, m=173, k=2)
2026-01-21 13:21:50,916 - final_problem_set.kxor_instance_n16_k2_m173_ell2_eps0.25_kappa0.75_rho0.6 - INFO - Starting step 'ComputeKikuchiStep' (version 0.1) on problem kxor_instance_n16_k2_m173_ell2_eps0.25_kappa0.75_rho0.6 (fields={'ell': 2, 'threshold': 0.0})
2026-01-21 13:21:50,944 - final_problem_set.kxor_instance_n16_k2_m173_ell2_eps0.25_kappa0.75_rho0.6 - INFO - Finished step 'ComputeKikuchiStep' in 0.027s (success: True, problem=kxor_instance_n16_k2_m173_ell2_eps0.25_kappa0.75_rho0.6)
2026-01-21 13:21:50,944 - final_problem_set.kxor_instance_n16_k2_m173_ell2_eps0.25_kappa0.75_rho0.6 - INFO - Starting step 'ClassicalEigenvaluesStep' (version 0.1) on problem kxor_instance_n16_k2_m173_ell2_eps0.25_kappa0.75_rho0.6 (fields={'ell': 2, 'threshold': 0.0, 'kikuchi_matrix': <Dictionary Of Keys sparse matrix of dtype 'int64'
	with 2744 stored elements and shape (120, 120)>, 'num_eigenvalues': 5})
2026-01-21 13:21:51,039 - final_problem_set.kxor_instance_n16_k2_m173_ell2_eps0.25_kappa0.75_rho0.6 - INFO - Finished step 'ClassicalEigenvaluesStep' in 0.095s (success: True, problem=kxor_instance_n16_k2_m173_ell2_eps0.25_kappa0.75_rho0.6)
2026-01-21 13:21:51,039 - final_problem_set.kxor_instance_n16_k2_m173_ell2_eps0.25_kappa0.75_rho0.6 - INFO - Starting step 'KeyExtractionStep' (version 0.1) on problem kxor_instance_n16_k2_m173_ell2_eps0.25_kappa0.75_rho0.6 (fields={'ell': 2, 'threshold': 0.0, 'kikuchi_matrix': <Dictionary Of Keys sparse matrix of dtype 'int64'
	with 2744 stored elements and shape (120, 120)>, 'num_eigenvalues': 5, 'eigenvalues': array([-9.79337153,  9.09013979, 10.11273346, 11.14435843, 13.60006951]), 'eigenvectors': array([[ 0.09983723, -0.02043668, -0.17960939, -0.0558895 ,  0.10069107],
       [ 0.09439119, -0.15658445,  0.09492718,  0.02776789,  0.10967481],
       [-0.07628039, -0.14172655,  0.02446166, -0.12854442,  0.05376755],
       [-0.05987305, -0.04861931,  0.01232781,  0.05827925, -0.11934272],
       [ 0.1640886 , -0.09512915, -0.07375434,  0.1627286 , -0.02393077],
       [-0.08053486, -0.06208309, -0.09062111,  0.08538706,  0.11072963],
       [-0.05601562,  0.0436314 , -0.16038973, -0.03697163,  0.09057928],
       [ 0.08903198,  0.12888728,  0.14303009, -0.06940667, -0.1325524 ],
       [-0.10226983, -0.12452104, -0.14522836, -0.00565982,  0.14994245],
       [-0.04775112,  0.09218134,  0.10981237, -0.08734838, -0.07982497],
       [-0.14149965,  0.12701485, -0.00436375,  0.07002682, -0.07900752],
       [ 0.12473287,  0.17091064,  0.12293233, -0.00958035, -0.12333359],
       [-0.08866294, -0.02240251,  0.03601631, -0.00136624, -0.12916879],
       [-0.02217833,  0.02979511,  0.11241888, -0.04463188, -0.13548938],
       [ 0.13038539, -0.04128417, -0.14005161, -0.08407256,  0.05971923],
       [-0.08197487,  0.01627709, -0.09167918,  0.01867416, -0.10539345],
       [ 0.11532378,  0.10325655, -0.0268125 ,  0.13391042, -0.04566809],
       [ 0.12691063,  0.11003276,  0.00494659, -0.07531912,  0.0877171 ],
       [-0.0551728 ,  0.05680953,  0.08517973, -0.14532373,  0.00852402],
       [ 0.13272831, -0.08434815,  0.10174787, -0.04663924, -0.12822779],
       [ 0.08144481, -0.10489716,  0.13370813,  0.06951571, -0.08165815],
       [-0.03620004,  0.04144065, -0.12501902,  0.00724604,  0.13144302],
       [ 0.02816647, -0.04770958,  0.12421772,  0.06901752, -0.14167205],
       [ 0.0442801 ,  0.01047053, -0.09591663,  0.05233098,  0.077884  ],
       [ 0.02042056, -0.04986996, -0.00969173, -0.12099527,  0.09266703],
       [-0.05108101, -0.02012904, -0.10452576, -0.04625417,  0.11771892],
       [ 0.01480443,  0.13100713, -0.02078067, -0.03585038,  0.10536677],
       [ 0.003005  ,  0.11094012, -0.09699162, -0.01452632,  0.12517814],
       [-0.130773  , -0.0086838 ,  0.11884574,  0.09627598, -0.05669527],
       [ 0.12168717,  0.09930321, -0.04452205,  0.06938923, -0.04602659],
       [ 0.09548644,  0.05396337,  0.18655588, -0.00153282,  0.0651252 ],
       [-0.1393075 ,  0.0814302 , -0.01000858, -0.11040873,  0.01985615],
       [ 0.11269694,  0.05540401, -0.18299536, -0.07988581, -0.06230758],
       [ 0.10564945, -0.04657121, -0.0914208 ,  0.00148827, -0.09399485],
       [-0.10529369, -0.08372825,  0.21749153,  0.07951556,  0.0834086 ],
       [ 0.08746096,  0.08227671, -0.22565716, -0.04092382, -0.10262024],
       [ 0.07255608, -0.05438889,  0.1098361 ,  0.07769202,  0.05747273],
       [ 0.1549973 , -0.07170366,  0.12512518, -0.01587052,  0.05613864],
       [-0.12238545, -0.11494464,  0.17413183,  0.04050787,  0.08539512],
       [ 0.11639097,  0.01432404,  0.17435027,  0.02317097,  0.05572985],
       [ 0.01705989, -0.01917177,  0.21979226,  0.06529659,  0.08386346],
       [-0.12710838,  0.06296137, -0.01565695,  0.05500058, -0.06906132],
       [-0.05225976, -0.05792846,  0.03310639, -0.10733326,  0.04422214],
       [ 0.21473932,  0.06430854,  0.01494547, -0.06158384, -0.0005616 ],
       [-0.06854464,  0.13832944, -0.04199845,  0.07599746, -0.0723948 ],
       [-0.01493487,  0.06077697, -0.00281205,  0.13829327, -0.054213  ],
       [ 0.08031062, -0.19539357,  0.04392922, -0.11663828,  0.08857683],
       [-0.14798608,  0.17098152, -0.04396282,  0.1699235 , -0.06809277],
       [-0.01048824, -0.13329699,  0.01405254, -0.05713602,  0.05127469],
       [-0.12723044, -0.07352209,  0.02188895, -0.10039447,  0.03307038],
       [ 0.16299003, -0.15126948,  0.03702439, -0.13297878,  0.05708988],
       [-0.11883317, -0.07875315,  0.04971464, -0.10586966,  0.05651456],
       [-0.01005299, -0.12559197,  0.05383266, -0.13306522,  0.08740227],
       [ 0.09570809,  0.05201108, -0.00904814,  0.09503759, -0.02393156],
       [ 0.15403297, -0.04212473, -0.01757987,  0.11913768, -0.00495002],
       [-0.0386577 ,  0.11861164,  0.09146226,  0.02623287,  0.083915  ],
       [-0.02786408,  0.13964731,  0.00481123, -0.05781527,  0.07486463],
       [ 0.10251936, -0.13369781, -0.11567129, -0.01560895, -0.11912366],
       [-0.10683231,  0.13893276,  0.10711502, -0.0561013 ,  0.11283672],
       [-0.01638363, -0.06952552, -0.05113128, -0.04840302, -0.07710486],
       [-0.14258   , -0.01341222, -0.08001557,  0.07008802, -0.06337445],
       [ 0.12559411, -0.06002853, -0.09050349,  0.03671997, -0.11594603],
       [-0.12021102, -0.14412517, -0.11237966,  0.02953931, -0.06990422],
       [ 0.00151318, -0.16289205, -0.11363119,  0.01178099, -0.09723337],
       [ 0.05610124,  0.05432281, -0.03647427, -0.1112808 ,  0.0681735 ],
       [ 0.16301687,  0.0834094 ,  0.04182022, -0.13309975,  0.03228713],
       [ 0.13862285,  0.04136746,  0.07353805, -0.13299381,  0.00686638],
       [-0.11283715, -0.09787102, -0.05870827,  0.17607075, -0.04219993],
       [ 0.06290711,  0.12253841,  0.07077387, -0.21981961,  0.03325436],
       [ 0.07566586, -0.04610582, -0.03481822,  0.100085  , -0.02504142],
       [ 0.09925211, -0.08662065, -0.01776112,  0.10469741, -0.00896838],
       [-0.09999983, -0.0910925 , -0.05517387,  0.17622329, -0.03045313],
       [ 0.07298041, -0.05397279, -0.0261133 ,  0.13517505, -0.01501925],
       [-0.01080145, -0.08909745, -0.05589355,  0.19251681, -0.02756153],
       [-0.16334593,  0.05685433,  0.06394815, -0.0851006 ,  0.00512299],
       [-0.0320458 , -0.14028246,  0.0747083 , -0.05328085, -0.10137527],
       [ 0.11602978,  0.00987324,  0.03107643,  0.17183125,  0.10682369],
       [-0.12326666, -0.01068394, -0.02958453, -0.12161836, -0.1290865 ],
       [-0.00982608,  0.00418902, -0.01304523,  0.14270234,  0.0696303 ],
       [-0.13598994, -0.08012416,  0.08589197,  0.0040647 ,  0.08204291],
       [ 0.12483968, -0.07810383,  0.01868097,  0.12421617,  0.12516472],
       [-0.11396839,  0.09141536,  0.07757278,  0.07460975,  0.07891961],
       [ 0.01101247,  0.09261743,  0.04614424,  0.15180866,  0.10734597],
       [ 0.06628186,  0.01996032,  0.10570701,  0.03752366, -0.07165552],
       [ 0.05123508,  0.13131394, -0.11373299,  0.03490657,  0.12722953],
       [-0.09315524, -0.13335176,  0.10639798,  0.04326211, -0.12345996],
       [ 0.02127945,  0.0558462 , -0.08345934,  0.05634568,  0.07285035],
       [-0.05707416, -0.00640787,  0.00504203, -0.07520866,  0.06784177],
       [ 0.08412748,  0.04905383, -0.10310852, -0.02685617,  0.12161472],
       [-0.06752377,  0.17822016, -0.0130686 , -0.02192615,  0.09612788],
       [ 0.01006912,  0.17247548, -0.08101706,  0.0052995 ,  0.10896951],
       [ 0.03783909, -0.03419191,  0.10981772,  0.08605166, -0.05315384],
       [ 0.08472975, -0.04346831,  0.00572756,  0.10733313,  0.16828949],
       [ 0.03007312,  0.02869855,  0.03082144, -0.1589431 , -0.08424489],
       [ 0.05709735,  0.11733609, -0.07894767,  0.03218377, -0.09500734],
       [-0.10663188,  0.12772435,  0.00625582, -0.09880817, -0.13798726],
       [ 0.05019557, -0.09970322, -0.08838024, -0.06802849, -0.10657455],
       [ 0.00530767, -0.07454154, -0.03540433, -0.15389027, -0.13761671],
       [-0.12349619, -0.05195181, -0.14857429, -0.06326937,  0.09444608],
       [-0.05141198, -0.04917797, -0.03959561,  0.13810164,  0.11988194],
       [-0.06025007, -0.10751592,  0.08147408, -0.08854897,  0.09942831],
       [ 0.05794099, -0.14507938, -0.00690532,  0.02520933,  0.18032544],
       [-0.04297572,  0.11077501,  0.09426797,  0.00797437,  0.12196327],
       [ 0.00683413,  0.08042401,  0.03578516,  0.07140138,  0.16457319],
       [ 0.1088404 ,  0.03214064,  0.1365664 ,  0.12069409, -0.08504667],
       [-0.01564846,  0.10660366, -0.03327225, -0.01898314, -0.07348604],
       [ 0.03348114,  0.08319394,  0.03563495, -0.1087047 , -0.08464351],
       [-0.03684474, -0.06546489, -0.02764422, -0.09134823, -0.07630033],
       [ 0.02512557, -0.04365152,  0.01101441, -0.16364829, -0.09513756],
       [ 0.00122149, -0.04842502, -0.1200069 , -0.00784778,  0.06256658],
       [ 0.06788539,  0.12839868, -0.06038766,  0.06355043, -0.08829611],
       [-0.03014999, -0.00036206, -0.11423441,  0.06109134, -0.08400193],
       [ 0.0212657 ,  0.05386979, -0.09700004,  0.04537622, -0.10197148],
       [ 0.12709903, -0.04382929, -0.02538119, -0.10598995,  0.05077265],
       [ 0.05781329, -0.03072331, -0.06910618, -0.01885791, -0.10610408],
       [-0.02252488,  0.0229912 , -0.01862663, -0.07367037, -0.14152729],
       [-0.11432704, -0.05932125, -0.1167893 , -0.08627284,  0.07445786],
       [ 0.0020664 , -0.15972725, -0.09588316, -0.04627915, -0.1010648 ],
       [ 0.13519983,  0.01674836, -0.05815528, -0.06956334,  0.06369332],
       [-0.03148826,  0.02616792, -0.12568748, -0.07888732,  0.10257659]])})
2026-01-21 13:21:51,042 - final_problem_set.kxor_instance_n16_k2_m173_ell2_eps0.25_kappa0.75_rho0.6 - INFO - Running key extraction (n=16, m=173, ell=2, phase_qubits=12)
2026-01-21 13:21:51,044 - final_problem_set.kxor_instance_n16_k2_m173_ell2_eps0.25_kappa0.75_rho0.6 - INFO - Built voting matrix V (n=16, ell=2, dtype=complex128) in 0.002s
2026-01-21 13:22:19,380 - final_problem_set.kxor_instance_n16_k2_m173_ell2_eps0.25_kappa0.75_rho0.6 - INFO - Eval: adv=0.4220, hamming=1/16 (0.062), corr=0.875
2026-01-21 13:22:19,380 - final_problem_set.kxor_instance_n16_k2_m173_ell2_eps0.25_kappa0.75_rho0.6 - INFO - Key extraction complete: x_hat=15
2026-01-21 13:22:19,448 - final_problem_set.kxor_instance_n16_k2_m173_ell2_eps0.25_kappa0.75_rho0.6 - INFO - Finished step 'KeyExtractionStep' in 28.407s (success: True, problem=kxor_instance_n16_k2_m173_ell2_eps0.25_kappa0.75_rho0.6)
2026-01-21 13:22:19,449 - final_problem_set.kxor_instance_n16_k2_m173_ell2_eps0.25_kappa0.75_rho0.6 - INFO - SUCCESS: len(z_hat)=16
2026-01-21 13:22:19,449 - final_problem_set.kxor_instance_n16_k2_m173_ell2_eps0.25_kappa0.75_rho0.6 - INFO - Metrics: adv=0.42196531791907516, ham_frac=0.0625, corr=0.875
2026-01-21 13:22:19,449 - final_problem_set.kxor_instance_n16_k2_m173_ell2_eps0.25_kappa0.75_rho0.6 - INFO - z_hat (full): [-1,  1,  1,  1, -1,  1,  1,  1, -1,  1, -1, -1, -1, -1, -1,  1]
