2026-01-21 12:57:57,697 - final_problem_set.kxor_instance_n14_k2_m97_ell2_eps0.3_kappa1.0_rho0.8 - INFO - Starting iterate_quantum for /Users/julian/CodingProjects/UniT3/QuarticSpeedupK-XOR/z_Daphne/data/final_problem_set/kxor_instance_n14_k2_m97_ell2_eps0.3_kappa1.0_rho0.8.npz
2026-01-21 12:57:57,699 - final_problem_set.kxor_instance_n14_k2_m97_ell2_eps0.3_kappa1.0_rho0.8 - INFO - Loaded instance (n=14, m=97, k=2)
2026-01-21 12:57:57,699 - final_problem_set.kxor_instance_n14_k2_m97_ell2_eps0.3_kappa1.0_rho0.8 - INFO - Starting step 'ComputeKikuchiStep' (version 0.1) on problem kxor_instance_n14_k2_m97_ell2_eps0.3_kappa1.0_rho0.8 (fields={'ell': 2, 'threshold': 0.0})
2026-01-21 12:57:57,707 - final_problem_set.kxor_instance_n14_k2_m97_ell2_eps0.3_kappa1.0_rho0.8 - INFO - Finished step 'ComputeKikuchiStep' in 0.008s (success: True, problem=kxor_instance_n14_k2_m97_ell2_eps0.3_kappa1.0_rho0.8)
2026-01-21 12:57:57,707 - final_problem_set.kxor_instance_n14_k2_m97_ell2_eps0.3_kappa1.0_rho0.8 - INFO - Starting step 'ClassicalEigenvaluesStep' (version 0.1) on problem kxor_instance_n14_k2_m97_ell2_eps0.3_kappa1.0_rho0.8 (fields={'ell': 2, 'threshold': 0.0, 'kikuchi_matrix': <Dictionary Of Keys sparse matrix of dtype 'int64'
	with 1440 stored elements and shape (91, 91)>, 'num_eigenvalues': 5})
2026-01-21 12:57:57,728 - final_problem_set.kxor_instance_n14_k2_m97_ell2_eps0.3_kappa1.0_rho0.8 - INFO - Finished step 'ClassicalEigenvaluesStep' in 0.021s (success: True, problem=kxor_instance_n14_k2_m97_ell2_eps0.3_kappa1.0_rho0.8)
2026-01-21 12:57:57,728 - final_problem_set.kxor_instance_n14_k2_m97_ell2_eps0.3_kappa1.0_rho0.8 - INFO - Starting step 'KeyExtractionStep' (version 0.1) on problem kxor_instance_n14_k2_m97_ell2_eps0.3_kappa1.0_rho0.8 (fields={'ell': 2, 'threshold': 0.0, 'kikuchi_matrix': <Dictionary Of Keys sparse matrix of dtype 'int64'
	with 1440 stored elements and shape (91, 91)>, 'num_eigenvalues': 5, 'eigenvalues': array([ 7.14938297,  7.90559329,  8.45363883,  9.60769913, 13.66884569]), 'eigenvectors': array([[ 0.11381481,  0.11601267,  0.13910401, -0.04544232, -0.10286598],
       [-0.05796783, -0.13652699, -0.17248132,  0.0020543 ,  0.07618532],
       [-0.05388252,  0.06251626, -0.18039372, -0.04466904,  0.05546123],
       [ 0.17616112,  0.07372557,  0.08358283,  0.05975862, -0.06969455],
       [-0.11635842,  0.0044921 , -0.12686151,  0.11021733,  0.06569431],
       [ 0.01397231, -0.03737736, -0.18691982,  0.10200544,  0.07376992],
       [ 0.10538754, -0.12053929,  0.13190499, -0.09183161, -0.08941269],
       [ 0.15320889,  0.08603283,  0.13016952, -0.09581786, -0.11437189],
       [ 0.0064196 , -0.02146556, -0.1215665 , -0.02043594,  0.10073093],
       [-0.06500946, -0.01148088, -0.16320431,  0.09006246,  0.08043722],
       [ 0.11792555,  0.02674166,  0.23434706, -0.11186498, -0.1135255 ],
       [-0.11740048, -0.04975384, -0.09773697,  0.12610218,  0.07088493],
       [-0.10727338, -0.0115211 , -0.21212725,  0.0609816 ,  0.10319822],
       [-0.04206527,  0.21890795,  0.02651224,  0.1002136 , -0.10120932],
       [ 0.0155716 , -0.08054935,  0.10786793,  0.16147975, -0.08635171],
       [-0.13573784, -0.07213962,  0.08342021, -0.16257697,  0.07443971],
       [ 0.10479071,  0.04440101, -0.05867235, -0.08404501, -0.10975507],
       [-0.18470459,  0.14045807,  0.0110951 , -0.05733323, -0.12616795],
       [-0.0366797 ,  0.13844442,  0.15442464, -0.00754375,  0.12389554],
       [-0.03312196, -0.12685447,  0.19662916, -0.02776313,  0.1323097 ],
       [-0.12751044,  0.03203129, -0.13088556,  0.12970842, -0.10505051],
       [-0.05242103,  0.04738018, -0.06152843, -0.00329188, -0.1148663 ],
       [ 0.0207703 , -0.07935443,  0.09283127, -0.02340119,  0.14540413],
       [ 0.07710678,  0.11700086, -0.12033042, -0.09648219, -0.10129713],
       [-0.0206101 ,  0.0443331 , -0.07511035,  0.07926005, -0.14243369],
       [ 0.01837864,  0.02854652, -0.14046042, -0.1318464 ,  0.06235729],
       [ 0.06790837,  0.11267525,  0.00944292,  0.14443161, -0.06382458],
       [-0.06751756, -0.11277097, -0.06399225,  0.02649899,  0.09218929],
       [ 0.13583439, -0.17696125, -0.11774911, -0.00585874,  0.09431101],
       [-0.00822484, -0.02566933,  0.01776044,  0.05320161, -0.12022056],
       [-0.01118345,  0.214354  ,  0.00239917,  0.07478369, -0.11772844],
       [ 0.12318969, -0.10042986, -0.01189343, -0.13356095,  0.08901723],
       [ 0.08897746, -0.14151544, -0.08495872, -0.04949623,  0.10989646],
       [-0.05158369,  0.17920012,  0.08805594,  0.0743826 , -0.12363237],
       [-0.05169512, -0.1971532 , -0.00927411,  0.0394439 ,  0.09655751],
       [ 0.07399107, -0.16052371, -0.10937514, -0.13100075,  0.13406381],
       [ 0.06874032, -0.0425578 ,  0.04747635,  0.14003931, -0.04683325],
       [-0.08748148,  0.11685648, -0.12409023, -0.03753643,  0.06998475],
       [ 0.08426866,  0.09763852, -0.19678254, -0.06801503,  0.07658972],
       [ 0.04411131, -0.18352181,  0.09691417,  0.09457513, -0.06946982],
       [ 0.06289162, -0.12249849,  0.09092604,  0.15608482, -0.11013541],
       [ 0.04720239,  0.10320742, -0.08802991, -0.14926659,  0.06384866],
       [ 0.02450029,  0.138675  , -0.15446433, -0.11141734,  0.08007191],
       [ 0.01472516, -0.15241055,  0.17550343,  0.14257774, -0.08994409],
       [-0.09090244,  0.07809691, -0.09341078, -0.02977191,  0.08288465],
       [ 0.00089842,  0.15127702, -0.17570146, -0.16446404,  0.08256089],
       [ 0.20326528,  0.0241819 , -0.03505663,  0.0491031 , -0.0759517 ],
       [ 0.01298514,  0.09462797,  0.01710906,  0.08260962, -0.09544014],
       [-0.18098335,  0.08497377,  0.10059027, -0.12397631,  0.08178669],
       [-0.19090799, -0.05951944,  0.11314524, -0.16149715,  0.08601861],
       [ 0.04064145,  0.01511252, -0.07558954,  0.16555544, -0.06322031],
       [ 0.10462904,  0.02654462, -0.04209946,  0.1275236 , -0.08621642],
       [-0.17428613, -0.0445159 ,  0.06966776, -0.17404798,  0.10848338],
       [ 0.20136522,  0.08017993, -0.08481326,  0.04456025, -0.0790267 ],
       [ 0.14749123,  0.03063949, -0.04999196,  0.18861645, -0.08952799],
       [ 0.04845468,  0.01064622, -0.05500338,  0.14382119,  0.08148257],
       [ 0.07094513, -0.16173981, -0.02706733, -0.11065851, -0.08122774],
       [ 0.111556  ,  0.00548421, -0.06894243, -0.12769776, -0.10431644],
       [ 0.00961498,  0.04169242,  0.05314504,  0.01046718,  0.09795449],
       [-0.04393104,  0.06104439, -0.01194847,  0.14597622,  0.09613946],
       [ 0.08543523, -0.04912452,  0.01604128, -0.14237237, -0.10757439],
       [-0.08550343, -0.01038081,  0.03566563,  0.15568933,  0.06915428],
       [-0.10634697,  0.09117626, -0.01884925,  0.10733078,  0.12500457],
       [-0.15667205, -0.16348162,  0.02460633, -0.11825393, -0.10932227],
       [-0.1814002 ,  0.10384214, -0.02518789, -0.12407818, -0.13904865],
       [ 0.23420792, -0.01875983, -0.00586196, -0.01869363,  0.10261241],
       [ 0.18957861, -0.00414183, -0.07135616,  0.11380647,  0.10096169],
       [-0.21376582,  0.02263014,  0.09684617, -0.12387811, -0.12709874],
       [ 0.07282305, -0.0640271 ,  0.00214447,  0.1659198 ,  0.08677405],
       [ 0.20249636,  0.00186773, -0.10252582,  0.0710647 ,  0.12988113],
       [-0.05420632,  0.18000833,  0.16951852,  0.04111491,  0.12014586],
       [-0.07728979, -0.16438647, -0.11824702,  0.06498023, -0.09748691],
       [-0.02429899, -0.20484545, -0.04932729, -0.06684571, -0.09956106],
       [-0.00188239,  0.24497638,  0.07091384,  0.0578576 ,  0.12631413],
       [ 0.0592881 , -0.1128435 , -0.09408028, -0.12861742, -0.0871554 ],
       [ 0.02434619, -0.26868006, -0.06590147, -0.01282431, -0.12457946],
       [-0.11283147,  0.00230427, -0.17544027,  0.10626701, -0.1186202 ],
       [-0.03026833,  0.00956214, -0.09840498, -0.06110108, -0.12641547],
       [-0.01088511, -0.0324789 ,  0.1407346 ,  0.04282979,  0.1605994 ],
       [ 0.09001756,  0.0971966 , -0.15467694, -0.15156922, -0.10675324],
       [ 0.02390787, -0.01020891, -0.12367012,  0.02228685, -0.1603858 ],
       [ 0.18956943,  0.05197974,  0.06572481, -0.07510794,  0.1138152 ],
       [-0.19075258, -0.04957422, -0.10246538,  0.11487589, -0.14263696],
       [ 0.03432984, -0.03091625,  0.1258796 ,  0.02262283,  0.10261961],
       [ 0.16150571,  0.06166936,  0.07004001, -0.14650873,  0.1220481 ],
       [-0.07881885, -0.05534156,  0.0132826 , -0.07447452, -0.13158377],
       [-0.02505736, -0.0197037 ,  0.06117609,  0.17006236,  0.10010119],
       [ 0.07436181,  0.08400447, -0.01782123,  0.01330979,  0.12898426],
       [ 0.06426432,  0.04319337, -0.06747343, -0.16725901, -0.11362582],
       [-0.044245  , -0.08747057,  0.01546066,  0.0109805 , -0.16865856],
       [-0.08583548, -0.00743258,  0.07225849,  0.13098254,  0.13188409]])})
2026-01-21 12:57:57,729 - final_problem_set.kxor_instance_n14_k2_m97_ell2_eps0.3_kappa1.0_rho0.8 - INFO - Running key extraction (n=14, m=97, ell=2, phase_qubits=11)
2026-01-21 12:57:57,729 - final_problem_set.kxor_instance_n14_k2_m97_ell2_eps0.3_kappa1.0_rho0.8 - INFO - Built voting matrix V (n=14, ell=2, dtype=complex128) in 0.001s
2026-01-21 12:58:00,161 - final_problem_set.kxor_instance_n14_k2_m97_ell2_eps0.3_kappa1.0_rho0.8 - INFO - Eval: adv=0.8351, hamming=0/14 (0.000), corr=1.000
2026-01-21 12:58:00,161 - final_problem_set.kxor_instance_n14_k2_m97_ell2_eps0.3_kappa1.0_rho0.8 - INFO - Key extraction complete: x_hat=11
2026-01-21 12:58:00,188 - final_problem_set.kxor_instance_n14_k2_m97_ell2_eps0.3_kappa1.0_rho0.8 - INFO - Finished step 'KeyExtractionStep' in 2.459s (success: True, problem=kxor_instance_n14_k2_m97_ell2_eps0.3_kappa1.0_rho0.8)
2026-01-21 12:58:00,188 - final_problem_set.kxor_instance_n14_k2_m97_ell2_eps0.3_kappa1.0_rho0.8 - INFO - SUCCESS: len(z_hat)=14
2026-01-21 12:58:00,188 - final_problem_set.kxor_instance_n14_k2_m97_ell2_eps0.3_kappa1.0_rho0.8 - INFO - Metrics: adv=0.8350515463917526, ham_frac=0.0, corr=1.0
2026-01-21 12:58:00,188 - final_problem_set.kxor_instance_n14_k2_m97_ell2_eps0.3_kappa1.0_rho0.8 - INFO - z_hat (full): [-1,  1, -1, -1,  1, -1, -1,  1,  1, -1, -1,  1, -1, -1]
