2026-01-21 13:21:20,304 - final_problem_set.kxor_instance_n16_k2_m173_ell2_eps0.25_kappa0.75_rho0.4 - INFO - Starting iterate_quantum for /Users/julian/CodingProjects/UniT3/QuarticSpeedupK-XOR/z_Daphne/data/final_problem_set/kxor_instance_n16_k2_m173_ell2_eps0.25_kappa0.75_rho0.4.npz
2026-01-21 13:21:20,307 - final_problem_set.kxor_instance_n16_k2_m173_ell2_eps0.25_kappa0.75_rho0.4 - INFO - Loaded instance (n=16, m=173, k=2)
2026-01-21 13:21:20,307 - final_problem_set.kxor_instance_n16_k2_m173_ell2_eps0.25_kappa0.75_rho0.4 - INFO - Starting step 'ComputeKikuchiStep' (version 0.1) on problem kxor_instance_n16_k2_m173_ell2_eps0.25_kappa0.75_rho0.4 (fields={'ell': 2, 'threshold': 0.0})
2026-01-21 13:21:20,333 - final_problem_set.kxor_instance_n16_k2_m173_ell2_eps0.25_kappa0.75_rho0.4 - INFO - Finished step 'ComputeKikuchiStep' in 0.025s (success: True, problem=kxor_instance_n16_k2_m173_ell2_eps0.25_kappa0.75_rho0.4)
2026-01-21 13:21:20,333 - final_problem_set.kxor_instance_n16_k2_m173_ell2_eps0.25_kappa0.75_rho0.4 - INFO - Starting step 'ClassicalEigenvaluesStep' (version 0.1) on problem kxor_instance_n16_k2_m173_ell2_eps0.25_kappa0.75_rho0.4 (fields={'ell': 2, 'threshold': 0.0, 'kikuchi_matrix': <Dictionary Of Keys sparse matrix of dtype 'int64'
	with 2520 stored elements and shape (120, 120)>, 'num_eigenvalues': 5})
2026-01-21 13:21:20,398 - final_problem_set.kxor_instance_n16_k2_m173_ell2_eps0.25_kappa0.75_rho0.4 - INFO - Finished step 'ClassicalEigenvaluesStep' in 0.065s (success: True, problem=kxor_instance_n16_k2_m173_ell2_eps0.25_kappa0.75_rho0.4)
2026-01-21 13:21:20,398 - final_problem_set.kxor_instance_n16_k2_m173_ell2_eps0.25_kappa0.75_rho0.4 - INFO - Starting step 'KeyExtractionStep' (version 0.1) on problem kxor_instance_n16_k2_m173_ell2_eps0.25_kappa0.75_rho0.4 (fields={'ell': 2, 'threshold': 0.0, 'kikuchi_matrix': <Dictionary Of Keys sparse matrix of dtype 'int64'
	with 2520 stored elements and shape (120, 120)>, 'num_eigenvalues': 5, 'eigenvalues': array([-9.9235709 , -9.1952124 , -9.05024649,  9.33728851,  9.59785993]), 'eigenvectors': array([[-2.56156227e-02, -3.06376786e-02, -8.58975411e-02, -4.52611127e-02,  4.64116683e-02],
       [-6.81179938e-02,  2.51363147e-04, -4.40550893e-03, -7.24494518e-02,  1.30175262e-01],
       [-5.78094077e-02, -9.01048301e-02, -1.90198730e-02, -6.35576853e-02,  1.28267847e-01],
       [ 3.44295780e-02, -9.69114583e-02,  1.12017911e-01,  5.95474069e-02, -2.41890958e-02],
       [-2.11672536e-02, -4.57124614e-02, -1.40857839e-01,  4.88731049e-02, -7.22460355e-02],
       [-8.18483439e-02, -8.53809112e-02, -2.81141108e-02, -8.16594986e-02,  5.43897739e-02],
       [ 1.26908728e-01,  7.41676126e-02,  2.07826681e-01,  6.06506720e-02,  1.17625558e-02],
       [ 3.01103099e-02, -1.24768696e-01, -6.29671250e-02,  1.17562230e-01,  1.16089106e-02],
       [ 8.48512460e-02,  2.98239972e-02, -1.06189408e-01, -8.80200701e-02,  9.52053489e-02],
       [-6.60860236e-02, -7.60112087e-02, -1.51269256e-01,  1.58982375e-02, -1.24501960e-01],
       [-8.19188297e-02, -4.56263046e-02, -9.84591742e-02, -9.08318009e-02,  2.89209273e-02],
       [-1.14494911e-01, -4.31913897e-02, -1.52467041e-01,  5.66207785e-02,  9.11223980e-02],
       [ 4.36602076e-02, -6.21800495e-02,  7.92294428e-02, -9.45958546e-02, -5.56922304e-02],
       [ 1.53887851e-01, -2.66728991e-02,  2.42612676e-02, -7.24223070e-02,  1.06767042e-01],
       [-9.61823962e-02, -5.04087689e-02, -1.57527558e-01,  6.99580181e-02, -3.78851694e-02],
       [-4.10749950e-02,  1.76722776e-02,  1.28101975e-02,  2.22298315e-03,  1.94322202e-01],
       [-4.19456637e-02, -7.08696135e-02,  2.15490145e-02, -1.11830810e-03,  1.40664837e-01],
       [ 6.72820076e-03, -7.22853034e-02,  5.05663062e-02,  2.93670069e-02, -1.23047317e-01],
       [-1.62549883e-02, -9.88957474e-03, -8.00822895e-02,  1.52295896e-02, -1.75967970e-01],
       [-4.16355649e-02, -3.58748116e-02,  2.42467887e-02, -5.63536604e-02,  1.42442670e-01],
       [ 4.53256900e-02,  1.45226543e-02,  3.66552703e-02,  1.13819395e-01,  2.48431744e-02],
       [ 1.30152975e-02, -7.48512900e-02, -2.33631100e-02,  1.91160878e-01,  4.21772657e-02],
       [ 3.51621744e-02,  1.48049105e-02, -8.82882963e-02, -7.36945937e-02,  1.18259889e-01],
       [-3.34281601e-02, -2.37651140e-02, -3.20128573e-02, -4.84308672e-02, -1.58880112e-01],
       [-2.81814076e-02, -1.14638156e-02, -1.70598090e-02, -1.25627381e-01,  2.31471766e-02],
       [-4.23606844e-02, -4.82778604e-03, -3.39799015e-02,  1.36038045e-01,  1.16321957e-01],
       [ 1.72203539e-02, -4.81762459e-02,  3.50921976e-02, -1.83121092e-01, -3.63972692e-02],
       [ 5.78065706e-02, -2.52846075e-02, -4.01563173e-02, -2.08395641e-02,  1.51819554e-01],
       [-6.89365315e-02, -1.51651994e-03, -5.21260346e-02,  7.39668025e-02, -7.84821339e-02],
       [-7.72086511e-02, -5.36495617e-02,  6.54389747e-02,  1.91296207e-02,  1.53191823e-01],
       [ 6.42924904e-03, -1.16368791e-01,  1.55428269e-02,  4.04411881e-02, -2.07703004e-01],
       [-2.40823859e-02,  2.35671130e-02, -1.96363700e-02,  2.05386466e-02, -1.57754653e-01],
       [-4.55761791e-02, -8.79039127e-03,  4.73491101e-02, -6.86400116e-02,  2.25882792e-01],
       [ 1.19925478e-01, -5.51368586e-02, -4.78235107e-02,  1.30497005e-01,  7.92640989e-02],
       [-1.54116731e-02, -9.08819073e-02, -1.92584759e-02,  1.99434776e-01,  2.32740836e-02],
       [ 3.16386716e-02,  2.89214096e-03, -7.94594467e-02, -6.44680048e-02,  7.53945964e-02],
       [-1.06089644e-01,  1.02588505e-02,  4.15506245e-02, -5.83961029e-02, -1.22756362e-01],
       [-9.58251959e-02,  2.69556232e-02,  3.93431306e-02, -1.27935927e-01, -1.82258549e-02],
       [-1.07172523e-01,  7.55851271e-02,  6.34540940e-02,  1.59047249e-01,  6.14210000e-02],
       [ 4.49637165e-02, -7.60030590e-02,  9.35218127e-03, -2.10674690e-01, -1.18856067e-02],
       [ 7.43777906e-02, -6.58870590e-02, -6.54316883e-02, -1.06566032e-02,  1.26356839e-01],
       [-8.52980384e-02,  5.85205131e-02,  5.66624646e-02,  7.57139362e-02, -1.03925849e-01],
       [ 3.21599234e-02, -6.32400638e-02,  4.13608837e-02,  3.38981261e-02, -1.66785359e-01],
       [-4.56597145e-02, -8.52145538e-02, -6.27575772e-02,  1.13257563e-02, -1.86021335e-01],
       [-6.30694998e-02, -1.02506378e-01,  4.64168771e-02, -4.44347735e-02,  1.64043911e-01],
       [ 1.19178814e-01,  1.51728797e-01, -3.56870000e-02,  8.31493671e-02,  3.46885939e-02],
       [ 2.27090667e-02, -9.52667666e-02, -4.44921056e-02,  1.42875447e-01,  5.95579263e-02],
       [ 5.78306605e-02,  3.89447525e-02, -1.13262079e-01, -3.47745305e-02,  5.61191331e-02],
       [-9.94208306e-02, -1.52480761e-01,  5.08519835e-02, -5.21704001e-02, -1.04576643e-01],
       [-1.09318159e-01, -1.25635386e-01,  5.09674552e-02, -8.45403991e-02, -1.98854788e-02],
       [-1.46599532e-01, -1.41779099e-01,  5.76721533e-02,  1.26597361e-01,  4.28530031e-02],
       [ 5.69925831e-02, -1.09388415e-02, -1.08942933e-03, -1.58965578e-01,  2.18949662e-02],
       [ 1.12243245e-01,  5.51510304e-02, -9.12150588e-02,  6.11397889e-03,  8.43614090e-02],
       [-1.18118650e-01, -1.27093689e-01,  3.63784009e-02,  4.54886894e-02, -6.18224570e-02],
       [-9.09826704e-03, -8.40699568e-02,  2.59760893e-02, -4.26986694e-02,  1.64709726e-01],
       [ 8.46691210e-04, -8.98071202e-02, -2.20430597e-03,  1.00921841e-01, -1.32938277e-01],
       [-4.88270298e-03,  2.13598416e-01, -9.12680755e-02, -1.22371245e-01, -2.82766440e-02],
       [ 1.87968644e-02,  3.68953568e-02,  3.38611745e-02, -2.20701653e-01, -4.19579998e-02],
       [ 5.88662986e-03,  7.23429730e-02,  4.54362860e-02,  1.13781974e-01, -1.55370414e-01],
       [ 6.11856647e-02, -1.65784995e-01,  1.46432174e-01,  3.00724699e-02,  2.18103800e-01],
       [ 3.44766002e-02, -1.52773416e-01,  9.51083570e-02,  1.45963333e-01, -2.33465791e-02],
       [-1.96968446e-03, -2.23013866e-01,  8.81460795e-02, -1.38345511e-01, -1.40930932e-01],
       [-1.90078146e-02,  7.50435483e-02, -6.73757601e-02,  1.98976140e-01,  6.73321415e-02],
       [ 4.62172020e-04,  1.56977139e-01, -4.26456911e-02,  5.10618169e-02, -1.43351078e-01],
       [ 5.04537649e-03, -2.06759459e-01,  7.82759483e-02, -9.72132685e-02,  5.74886084e-02],
       [-2.36305874e-02, -1.46746920e-02, -1.52754437e-02,  5.51288425e-02, -1.48819286e-01],
       [ 3.46112583e-02,  1.12694244e-02,  1.63726877e-01, -8.99514120e-02, -8.29249021e-02],
       [-8.67083282e-03, -9.96107099e-02, -5.15850911e-02, -1.36143109e-01, -2.72729704e-03],
       [ 3.11117850e-02, -6.62524916e-03, -6.79658402e-02,  5.10168104e-02, -5.74797702e-02],
       [-6.73275730e-02, -6.65254764e-02, -2.21142014e-01,  2.39332278e-02,  8.34683283e-02],
       [-6.14082187e-02, -1.46845125e-02, -1.38137756e-01,  8.79428982e-02,  1.41292101e-02],
       [-3.03030846e-02, -1.27589598e-04, -1.37841380e-01, -9.59470500e-02, -3.44527650e-02],
       [ 3.18687883e-02, -6.14511158e-02,  1.13870373e-01,  1.30738056e-01,  3.38976561e-02],
       [ 6.92844814e-02, -6.54066167e-02,  4.09055697e-02,  2.69711448e-02, -1.02611863e-01],
       [-1.90940330e-02, -1.00297503e-02, -1.37587107e-01, -8.02451234e-02,  1.16424209e-01],
       [ 8.86491629e-02,  6.51586686e-02, -6.57245094e-02,  1.02911756e-01,  3.75283525e-02],
       [-7.38490711e-03, -9.49262031e-02, -3.65013067e-02,  1.70090835e-01,  6.41506840e-02],
       [ 2.89287868e-02,  1.21442479e-02, -8.83799599e-02, -7.60529665e-02,  1.00808065e-01],
       [-1.22079503e-01, -1.17886343e-01,  3.34954602e-02, -2.06508813e-02, -1.72270523e-01],
       [-1.01796468e-01, -7.06179180e-02,  4.04491461e-02, -1.17986494e-01,  2.82785271e-03],
       [-1.13862226e-01, -5.11361766e-02,  7.49447241e-02,  1.36383240e-01,  9.37354282e-02],
       [ 4.51984821e-02, -2.62695390e-02,  6.83242672e-03, -1.88361838e-01, -3.98909364e-02],
       [ 6.71521374e-02,  3.19819968e-03, -8.20693536e-02, -5.21590954e-02,  1.23446350e-01],
       [-8.83122931e-02, -5.14713684e-02,  5.85980492e-02,  9.56195096e-02, -6.74492133e-02],
       [-2.72549706e-02,  2.34543104e-01,  9.18648724e-02,  4.92645369e-02,  3.13846897e-02],
       [-1.06063113e-01, -4.98464564e-03,  2.45723072e-01,  2.10791315e-02,  4.44973535e-02],
       [ 1.93619926e-01,  8.66429118e-02,  1.27765432e-01, -8.19846590e-02, -7.32081556e-02],
       [ 1.94295113e-01,  3.19976939e-02,  6.67433339e-02, -3.02829453e-02,  5.13420102e-03],
       [ 2.08121126e-01, -3.86304641e-02,  6.58196258e-02,  3.41692524e-02,  5.70544362e-02],
       [-7.56549119e-02,  1.27869099e-01, -9.87457171e-02, -3.20603339e-02, -1.96353645e-02],
       [-1.78243043e-01,  1.04809370e-01,  1.01095390e-01,  7.86912837e-02,  5.86065143e-02],
       [ 1.91999039e-01, -2.73456679e-02,  9.55201113e-02, -4.82359524e-02, -1.54488817e-02],
       [ 2.45089009e-02,  5.72719780e-02, -6.70212027e-03,  4.73926434e-02,  9.62158481e-03],
       [ 4.96786660e-02, -1.92039374e-01, -7.49968063e-02, -8.18939486e-02, -9.33931312e-03],
       [ 1.97362990e-02, -1.62958060e-01, -5.63655586e-02, -1.05920784e-02, -8.59613405e-03],
       [-1.88038121e-02, -2.32817100e-01, -9.57900606e-02, -1.87266725e-03,  2.00219958e-02],
       [-1.78675958e-02,  6.32882579e-02,  3.28106451e-02,  1.60789692e-02, -2.47082183e-02],
       [ 2.62032788e-02,  1.36065801e-01,  2.94316342e-02,  1.19097180e-01,  4.28065141e-02],
       [-7.47943872e-03, -2.21710075e-01, -1.08455228e-01, -9.69951062e-02, -4.09348142e-02],
       [ 1.30354381e-01,  5.34524288e-02, -2.20058137e-01,  4.54396817e-03, -9.80327835e-03],
       [ 6.96565335e-02,  2.09947522e-02, -1.70577329e-01, -2.49014989e-02, -2.32885292e-02],
       [ 7.34501803e-02,  6.76760225e-03, -2.40662575e-01,  6.19954695e-02, -2.26612820e-02],
       [-4.80225385e-02,  3.26016770e-02,  7.70033244e-02, -7.64013794e-02,  2.97056349e-02],
       [-3.10454199e-02,  4.53366174e-03,  1.51564838e-01, -3.86065031e-02,  4.62218884e-02],
       [ 9.80064436e-02, -6.60041261e-03, -2.25565808e-01,  6.58267881e-02, -6.73648375e-02],
       [-1.42208445e-01, -6.68745000e-02, -3.80589773e-02,  5.70160946e-02,  3.24518582e-02],
       [-2.11259724e-01, -4.49106735e-02, -8.82488498e-02, -7.33058175e-02,  9.74215381e-03],
       [ 6.11672353e-02, -1.07184517e-01,  7.37316300e-02,  9.17012019e-02, -1.90556587e-02],
       [ 2.14645323e-01, -3.50313548e-02, -8.43869296e-02, -3.35429085e-02, -8.30902091e-02],
       [-1.91968855e-01, -5.17709840e-02, -1.18085470e-01, -1.10140015e-02,  1.12636263e-01],
       [-1.67913622e-01,  6.73533149e-03, -3.04999710e-02,  7.29991764e-03, -4.48455954e-02],
       [ 5.48053470e-02, -9.08029347e-02,  5.27989379e-02, -1.55670723e-02,  3.14313193e-02],
       [ 1.44074405e-01, -4.79296954e-02, -7.41096556e-02, -7.10145752e-02, -3.01248960e-02],
       [-1.96973385e-01,  3.31921687e-03, -5.96813774e-02,  7.13176474e-02, -3.62350571e-03],
       [ 1.14705274e-01, -1.75145477e-01,  9.95696582e-02, -6.58509683e-03,  1.65460393e-02],
       [ 1.73104263e-01, -1.34766004e-01, -1.12757983e-01,  1.05309553e-01,  1.95809272e-02],
       [-1.88727166e-01,  6.90458843e-02, -4.54060392e-02, -8.31749411e-02, -6.11145365e-02],
       [-6.85435753e-02,  9.92105714e-02, -1.36114664e-02, -1.41981382e-01,  7.04089917e-03],
       [ 9.67002004e-02, -1.46156852e-01,  9.93615225e-02,  1.19643133e-01,  1.59757167e-02],
       [ 1.97781366e-01, -1.40137987e-01, -9.51471464e-02,  5.90602797e-02, -6.69877391e-02]])})
2026-01-21 13:21:20,400 - final_problem_set.kxor_instance_n16_k2_m173_ell2_eps0.25_kappa0.75_rho0.4 - INFO - Running key extraction (n=16, m=173, ell=2, phase_qubits=12)
2026-01-21 13:21:20,401 - final_problem_set.kxor_instance_n16_k2_m173_ell2_eps0.25_kappa0.75_rho0.4 - INFO - Built voting matrix V (n=16, ell=2, dtype=complex128) in 0.002s
2026-01-21 13:21:50,820 - final_problem_set.kxor_instance_n16_k2_m173_ell2_eps0.25_kappa0.75_rho0.4 - INFO - Eval: adv=-0.0405, hamming=7/16 (0.438), corr=0.125
2026-01-21 13:21:50,821 - final_problem_set.kxor_instance_n16_k2_m173_ell2_eps0.25_kappa0.75_rho0.4 - INFO - Key extraction complete: x_hat=5
2026-01-21 13:21:50,908 - final_problem_set.kxor_instance_n16_k2_m173_ell2_eps0.25_kappa0.75_rho0.4 - INFO - Finished step 'KeyExtractionStep' in 24.348s (success: True, problem=kxor_instance_n16_k2_m173_ell2_eps0.25_kappa0.75_rho0.4)
2026-01-21 13:21:50,908 - final_problem_set.kxor_instance_n16_k2_m173_ell2_eps0.25_kappa0.75_rho0.4 - INFO - SUCCESS: len(z_hat)=16
2026-01-21 13:21:50,908 - final_problem_set.kxor_instance_n16_k2_m173_ell2_eps0.25_kappa0.75_rho0.4 - INFO - Metrics: adv=-0.04046242774566474, ham_frac=0.4375, corr=0.125
2026-01-21 13:21:50,908 - final_problem_set.kxor_instance_n16_k2_m173_ell2_eps0.25_kappa0.75_rho0.4 - INFO - z_hat (full): [-1,  1, -1,  1, -1,  1, -1, -1,  1,  1,  1,  1,  1,  1, -1,  1]
