2026-01-21 13:12:28,170 - final_problem_set.kxor_instance_n16_k2_m166_ell2_eps0.2_kappa0.75_rho0.6 - INFO - Starting iterate_quantum for /Users/julian/CodingProjects/UniT3/QuarticSpeedupK-XOR/z_Daphne/data/final_problem_set/kxor_instance_n16_k2_m166_ell2_eps0.2_kappa0.75_rho0.6.npz
2026-01-21 13:12:28,172 - final_problem_set.kxor_instance_n16_k2_m166_ell2_eps0.2_kappa0.75_rho0.6 - INFO - Loaded instance (n=16, m=166, k=2)
2026-01-21 13:12:28,172 - final_problem_set.kxor_instance_n16_k2_m166_ell2_eps0.2_kappa0.75_rho0.6 - INFO - Starting step 'ComputeKikuchiStep' (version 0.1) on problem kxor_instance_n16_k2_m166_ell2_eps0.2_kappa0.75_rho0.6 (fields={'ell': 2, 'threshold': 0.0})
2026-01-21 13:12:28,187 - final_problem_set.kxor_instance_n16_k2_m166_ell2_eps0.2_kappa0.75_rho0.6 - INFO - Finished step 'ComputeKikuchiStep' in 0.015s (success: True, problem=kxor_instance_n16_k2_m166_ell2_eps0.2_kappa0.75_rho0.6)
2026-01-21 13:12:28,187 - final_problem_set.kxor_instance_n16_k2_m166_ell2_eps0.2_kappa0.75_rho0.6 - INFO - Starting step 'ClassicalEigenvaluesStep' (version 0.1) on problem kxor_instance_n16_k2_m166_ell2_eps0.2_kappa0.75_rho0.6 (fields={'ell': 2, 'threshold': 0.0, 'kikuchi_matrix': <Dictionary Of Keys sparse matrix of dtype 'int64'
	with 2660 stored elements and shape (120, 120)>, 'num_eigenvalues': 5})
2026-01-21 13:12:28,230 - final_problem_set.kxor_instance_n16_k2_m166_ell2_eps0.2_kappa0.75_rho0.6 - INFO - Finished step 'ClassicalEigenvaluesStep' in 0.043s (success: True, problem=kxor_instance_n16_k2_m166_ell2_eps0.2_kappa0.75_rho0.6)
2026-01-21 13:12:28,230 - final_problem_set.kxor_instance_n16_k2_m166_ell2_eps0.2_kappa0.75_rho0.6 - INFO - Starting step 'KeyExtractionStep' (version 0.1) on problem kxor_instance_n16_k2_m166_ell2_eps0.2_kappa0.75_rho0.6 (fields={'ell': 2, 'threshold': 0.0, 'kikuchi_matrix': <Dictionary Of Keys sparse matrix of dtype 'int64'
	with 2660 stored elements and shape (120, 120)>, 'num_eigenvalues': 5, 'eigenvalues': array([-9.50597182,  9.66624322, 10.96625641, 11.57394819, 15.13974914]), 'eigenvectors': array([[-7.47973444e-02, -4.70944112e-02, -1.59460772e-02, -1.83611052e-01,  5.48130490e-02],
       [-1.51481645e-02, -1.38990053e-01,  2.70552132e-02, -2.67948398e-02,  1.20142379e-01],
       [-2.39587231e-02,  7.14974870e-02, -8.58004375e-02,  2.56744888e-02, -1.45231155e-01],
       [-1.64949583e-01, -1.07204958e-01, -9.36588285e-02, -1.52744956e-01, -5.33084708e-02],
       [-9.65549275e-02, -7.71523138e-02, -6.95345190e-02,  1.38659965e-01,  6.69481364e-02],
       [-8.39574687e-02, -4.13525534e-02, -1.30360047e-02,  1.02994706e-01,  1.34512829e-01],
       [ 5.39249024e-02, -8.05589673e-02,  1.18340661e-01, -2.75518963e-02, -1.20133562e-01],
       [ 1.16126921e-01, -3.27661915e-02, -8.30817593e-04, -4.64316079e-02,  1.58840074e-01],
       [ 4.15959538e-02, -7.98993915e-02, -6.21611265e-02, -6.93204975e-04, -1.51810515e-01],
       [ 6.94032624e-04,  1.06277412e-02, -1.65367798e-01,  9.57498458e-02, -1.09555583e-01],
       [ 1.39558048e-01, -4.84016837e-02,  4.82085411e-02, -1.18160729e-02,  1.50455024e-01],
       [ 8.12237854e-02, -1.20790338e-01, -4.59107827e-02, -3.82832426e-02, -1.46310405e-01],
       [ 6.91382579e-02,  1.83504179e-01, -1.54265440e-01, -8.85767865e-02, -6.63553002e-02],
       [-7.22838593e-02,  4.11497645e-02,  8.61232600e-02, -2.73475023e-02, -1.11272837e-01],
       [ 1.06156776e-01, -8.98175827e-02, -1.75062495e-01,  1.87572866e-02, -7.90730317e-02],
       [ 6.16238057e-02, -6.85417875e-02, -3.22711961e-02, -1.46713708e-01,  3.95682993e-02],
       [ 6.56572790e-03,  4.89075422e-02,  2.71644935e-02,  1.88392187e-01, -4.79198423e-02],
       [ 2.22812899e-01, -3.10519013e-02, -2.46586473e-02,  1.46261810e-02, -3.31690230e-02],
       [ 1.57829861e-01, -7.12601707e-02, -5.04024954e-02, -3.04588703e-02,  3.20833048e-02],
       [ 1.38121288e-01, -5.88289418e-02, -6.59574242e-02, -1.29137384e-01,  6.53318110e-02],
       [-8.93210994e-02, -1.25080253e-02,  7.17831014e-02,  1.15772638e-01, -4.09463246e-02],
       [-1.62264032e-01, -3.18867339e-02, -4.80209237e-02, -1.83202039e-01,  4.67700287e-02],
       [-2.08037596e-02, -1.92733479e-02,  3.69075500e-02,  2.03746661e-01, -5.98267932e-02],
       [-2.20558861e-02,  1.25975475e-02, -1.15344437e-02,  1.60602589e-01, -3.26782943e-02],
       [-1.43799271e-01, -5.27557705e-02, -3.89034291e-02, -1.94287432e-01,  5.14758745e-02],
       [-6.94186215e-02, -5.69720013e-02,  4.42843013e-02,  1.87588774e-01, -6.82976153e-02],
       [-3.32102431e-02,  1.29058055e-01, -4.42964483e-02,  5.17580256e-02, -3.07014676e-02],
       [ 1.26420558e-01,  3.80029004e-02,  6.77095929e-02,  1.18264954e-01, -4.14088853e-02],
       [-2.05334431e-01, -2.71369711e-02, -4.45365950e-02,  1.17618379e-01, -3.18808511e-02],
       [ 2.67236723e-02,  1.54790810e-01, -4.05839194e-04,  5.99567529e-02, -1.10579748e-01],
       [ 1.47065008e-02, -4.25534673e-02, -5.89506675e-02, -1.06231502e-01, -5.39492109e-02],
       [ 8.68656048e-03, -1.23820817e-01, -8.14822588e-02,  9.16465662e-02,  5.82512795e-02],
       [ 7.81435110e-03, -1.23482271e-01, -6.42407272e-02,  3.54412045e-02,  1.01530136e-01],
       [ 1.59187037e-02,  2.50073759e-02,  1.42111623e-01,  1.07216076e-02, -9.10018188e-02],
       [-8.74263227e-03, -1.16889894e-01, -5.54491836e-02, -6.92849212e-02,  1.07358053e-01],
       [-3.37017417e-02,  4.66505872e-02,  1.58889438e-02,  4.49569664e-02, -1.19330292e-01],
       [ 1.41842348e-02,  7.82767849e-02, -8.22836186e-02,  1.01071673e-01, -8.77723616e-02],
       [-3.96527360e-02, -1.68880552e-01, -2.91760503e-02, -6.31233970e-02,  1.31158146e-01],
       [-4.98745433e-02,  4.85952555e-03,  2.61425269e-02,  1.69922190e-02, -1.27978698e-01],
       [-5.25641474e-02,  1.84924490e-01, -9.94051061e-02, -4.96801007e-02, -5.48183771e-02],
       [-6.15632627e-03,  9.14084468e-02,  9.67776216e-02,  1.08398334e-02, -7.71319156e-02],
       [ 2.33432036e-02, -6.07301665e-03, -1.28254729e-01,  4.72092353e-02, -8.06706123e-02],
       [ 5.58634430e-02,  9.03956403e-02,  9.56871369e-02,  1.37302294e-01,  6.50020359e-02],
       [ 5.77487232e-02,  1.06166521e-01,  7.84140771e-02, -1.20535110e-01, -7.35975641e-02],
       [ 4.55362137e-02,  7.21345512e-02,  3.99693347e-02, -5.58480287e-02, -1.26889383e-01],
       [-2.95511325e-02,  4.92384256e-02, -1.41651115e-01, -1.05372921e-02,  1.12798070e-01],
       [-6.40990936e-02,  5.69908691e-02,  3.16672924e-02,  8.48567491e-02, -1.33250026e-01],
       [ 2.78949403e-03,  4.73264959e-02,  2.94737373e-02, -5.05214998e-02,  1.44128885e-01],
       [-2.33739527e-02, -2.64850566e-02,  1.38623064e-01, -1.24460815e-01,  1.02394388e-01],
       [-4.97454713e-02,  8.36988924e-02, -1.43508733e-02,  6.29405335e-02, -1.43360838e-01],
       [-2.10512419e-03,  8.73282505e-02,  1.59834666e-02, -1.30560714e-02,  1.39720344e-01],
       [ 9.64048160e-03, -1.95413208e-01,  1.44007406e-01,  7.07377522e-02,  6.63737392e-02],
       [ 2.83053718e-02, -6.71662717e-02, -1.05458320e-01, -1.11950238e-02,  1.04306815e-01],
       [-7.28663845e-02,  7.34811781e-02,  1.74769978e-01, -4.83950499e-02,  8.60013286e-02],
       [ 1.65253236e-01, -2.80412217e-02,  3.21572808e-04, -9.97227931e-02, -2.56657455e-02],
       [ 1.39067284e-01, -8.62779025e-02, -5.27084654e-02, -1.54047226e-01, -4.66090453e-02],
       [-2.01351398e-03,  8.64208810e-02,  1.18422897e-02,  1.02730996e-01,  4.11583486e-02],
       [-1.54331751e-01, -1.00777560e-01, -5.33165001e-02, -1.24477486e-01, -7.12919853e-02],
       [-5.80555280e-02,  1.17818875e-01,  8.52991120e-02,  1.51208384e-01,  5.43349671e-02],
       [-4.79745127e-03,  8.08776824e-02,  1.12133077e-01,  7.42336656e-02,  5.12492296e-02],
       [-1.42252292e-01, -1.06123867e-01, -8.38450267e-02, -1.52597715e-01, -7.42797035e-02],
       [-1.42812335e-01,  1.20485615e-01,  7.54708683e-02,  1.55311318e-01,  5.10564541e-02],
       [-1.03314856e-01,  1.16882581e-02,  6.93487556e-02,  8.65825788e-02,  2.89634798e-02],
       [ 8.42781343e-02,  6.36662927e-02, -7.39136102e-04,  1.16229798e-01,  4.73772905e-02],
       [-1.29578179e-01,  8.24854834e-02,  7.81262713e-02,  7.27371686e-02,  3.30351863e-02],
       [ 1.13319946e-01, -7.51967515e-02, -1.05616918e-01,  1.62299338e-01,  5.51831524e-02],
       [-4.65281560e-02,  3.15287955e-02,  9.90056994e-02, -9.42712807e-02, -4.08847870e-02],
       [-1.40341878e-01, -7.71950933e-02, -8.89303738e-02,  1.05505830e-01,  6.16713076e-02],
       [-7.86681244e-02,  3.49377264e-02,  8.65571861e-02, -1.41637134e-01, -7.51345705e-02],
       [ 2.48255168e-02,  6.12455067e-02, -1.61186039e-04, -5.10932680e-02, -6.68671721e-02],
       [-1.52871023e-01, -8.06445239e-02, -8.21836294e-02,  1.25840977e-01,  6.38694723e-02],
       [-1.57858247e-01,  1.14905929e-02,  8.18333081e-02, -1.53030805e-01, -6.84698130e-02],
       [-1.42320824e-01,  8.00666738e-02, -1.16300484e-02, -8.17280950e-02, -3.17633289e-02],
       [ 8.73373276e-02,  4.96912306e-02,  8.33873743e-02, -9.12475080e-02, -3.68815786e-02],
       [-1.08359951e-01, -2.11683549e-02, -2.61329909e-02, -7.16763890e-02, -4.57689833e-02],
       [-3.10968838e-02, -3.81207982e-02,  1.62280748e-01, -7.09570348e-02, -8.37231541e-02],
       [-1.17501206e-01, -3.62503358e-02, -9.97812414e-02,  3.90116468e-02,  1.21724201e-01],
       [-8.07687145e-02, -5.11630988e-02,  5.82186113e-02, -8.41988517e-02, -1.29520877e-01],
       [ 2.57725929e-02,  2.04174001e-02, -7.46884572e-02,  2.54907873e-02, -1.24673451e-01],
       [-1.30315442e-01, -5.29102277e-02, -6.69801579e-02,  7.07561451e-02,  1.31426119e-01],
       [-1.54388470e-01, -8.24791663e-02,  5.94598712e-02, -1.11539608e-01, -1.20862068e-01],
       [-1.30491635e-01,  1.44313347e-01, -9.39679852e-02, -1.06518514e-01, -6.30558350e-02],
       [ 7.18149053e-02,  3.47823078e-02,  1.29337287e-01, -7.14512839e-02, -7.69855948e-02],
       [-7.63902340e-02, -8.75906173e-02, -1.08840551e-01, -4.34358777e-02, -9.09905558e-02],
       [ 2.53604817e-02, -7.62083966e-02,  1.63501197e-01,  1.88851226e-02, -9.17864656e-02],
       [ 2.52616412e-02,  1.50096462e-01, -1.49391688e-01,  5.96857194e-03,  9.95558904e-02],
       [-3.17678027e-03,  8.35436922e-02, -2.93937784e-02, -6.50862180e-02,  9.23639949e-02],
       [ 2.81659679e-02, -7.04482190e-02,  1.47950768e-01, -6.38188216e-04, -1.02120525e-01],
       [ 5.70716608e-02,  1.66771520e-01, -1.42280299e-01,  2.66611605e-02,  9.30365058e-02],
       [ 5.26347955e-02, -8.92158769e-02,  1.96070988e-02,  7.63499961e-02,  6.72655737e-02],
       [-1.10763925e-02,  3.39849045e-02, -1.50054894e-01,  2.08044820e-02,  5.94986177e-02],
       [-5.63502216e-04,  1.53642231e-01,  2.15047385e-02, -5.62059611e-03,  7.10939852e-02],
       [ 6.14567557e-02, -8.80846465e-02,  5.65663282e-02,  6.49594049e-02, -1.36604612e-01],
       [-1.92361187e-02,  5.02053748e-04, -6.87871493e-02,  1.31464732e-01, -1.03663151e-01],
       [ 1.56894254e-01, -4.43283665e-02, -7.02988421e-02, -8.75727786e-02,  1.50090373e-01],
       [ 1.42273430e-01, -1.21133569e-01,  6.11337812e-02,  2.97392496e-02, -1.30348367e-01],
       [ 1.20103907e-01,  1.88810200e-01, -1.05110712e-01, -5.89493145e-02, -7.86387785e-02],
       [-1.19560707e-01,  2.73107589e-02,  1.27375702e-01,  1.78002634e-02, -8.29101546e-02],
       [ 1.23016262e-01, -9.01347970e-02, -1.10804143e-01,  4.64594744e-02, -7.68929865e-02],
       [ 1.91883698e-02,  7.68596000e-02,  1.25817909e-01, -1.15313014e-01,  1.08813949e-01],
       [ 3.92446460e-02, -7.35978868e-02,  8.71456723e-03,  3.77047657e-02, -1.49836959e-01],
       [ 1.32924949e-03,  2.24196453e-01, -1.19963467e-02,  1.12228102e-02,  1.35464832e-01],
       [-2.38811010e-02, -1.39213453e-01,  1.55204226e-01,  9.32979062e-02,  9.20127617e-02],
       [-5.69738515e-02,  4.79498903e-02, -1.26059693e-01,  1.01101219e-02,  1.05350517e-01],
       [ 1.06715382e-01,  1.44652647e-01,  1.49571899e-01, -2.90729342e-02,  7.87610156e-02],
       [-4.55574786e-03,  1.80959014e-02, -1.10147476e-01,  1.22323127e-01, -1.10324072e-01],
       [ 3.84377736e-02,  1.03938841e-01,  1.07870689e-01, -8.61358085e-02,  1.08009822e-01],
       [ 4.24171796e-02, -1.38596471e-01,  1.43876836e-01,  2.58922496e-02,  5.29625177e-02],
       [-6.63433195e-03, -2.11323485e-02, -9.09799505e-03, -7.04997370e-02,  9.20205913e-02],
       [-2.69157009e-02,  6.34002749e-02,  1.55947996e-01, -6.94908366e-02,  5.26016623e-02],
       [ 1.18152228e-01, -1.15408935e-01,  1.71531971e-02, -1.64909300e-03, -1.41231729e-01],
       [ 7.38061439e-02,  1.91896243e-01, -1.29931971e-01, -7.83656913e-02, -7.00893414e-02],
       [-1.24943334e-01,  4.23117939e-02,  1.15658677e-01,  1.50224190e-03, -9.19072610e-02],
       [ 1.48596442e-01, -9.44061033e-02, -1.41574178e-01,  3.31586551e-02, -7.80911398e-02],
       [-2.14712267e-03, -1.02713030e-01,  1.38551094e-01,  1.14427698e-01,  8.77580832e-02],
       [-9.34579558e-02,  5.47436752e-02, -1.11445666e-01,  3.13749722e-02,  8.77844828e-02],
       [ 1.91537317e-01,  1.53558606e-01,  1.32853728e-01, -8.25742292e-03,  7.32286345e-02],
       [-8.35365145e-02, -1.28196391e-01,  3.36043845e-02,  6.52533132e-02,  5.36059018e-02],
       [ 1.72234074e-01, -5.41357332e-02,  1.22696876e-01,  3.70207755e-02,  3.99445894e-02],
       [-5.90994444e-02,  5.26413249e-02,  3.21488218e-02, -3.54152479e-03,  5.63306149e-02]])})
2026-01-21 13:12:28,232 - final_problem_set.kxor_instance_n16_k2_m166_ell2_eps0.2_kappa0.75_rho0.6 - INFO - Running key extraction (n=16, m=166, ell=2, phase_qubits=12)
2026-01-21 13:12:28,233 - final_problem_set.kxor_instance_n16_k2_m166_ell2_eps0.2_kappa0.75_rho0.6 - INFO - Built voting matrix V (n=16, ell=2, dtype=complex128) in 0.001s
2026-01-21 13:12:44,625 - final_problem_set.kxor_instance_n16_k2_m166_ell2_eps0.2_kappa0.75_rho0.6 - INFO - Eval: adv=-0.0241, hamming=8/16 (0.500), corr=0.000
2026-01-21 13:12:44,626 - final_problem_set.kxor_instance_n16_k2_m166_ell2_eps0.2_kappa0.75_rho0.6 - INFO - Key extraction complete: x_hat=9
2026-01-21 13:12:44,671 - final_problem_set.kxor_instance_n16_k2_m166_ell2_eps0.2_kappa0.75_rho0.6 - INFO - Finished step 'KeyExtractionStep' in 16.439s (success: True, problem=kxor_instance_n16_k2_m166_ell2_eps0.2_kappa0.75_rho0.6)
2026-01-21 13:12:44,671 - final_problem_set.kxor_instance_n16_k2_m166_ell2_eps0.2_kappa0.75_rho0.6 - INFO - SUCCESS: len(z_hat)=16
2026-01-21 13:12:44,672 - final_problem_set.kxor_instance_n16_k2_m166_ell2_eps0.2_kappa0.75_rho0.6 - INFO - Metrics: adv=-0.024096385542168676, ham_frac=0.5, corr=0.0
2026-01-21 13:12:44,672 - final_problem_set.kxor_instance_n16_k2_m166_ell2_eps0.2_kappa0.75_rho0.6 - INFO - z_hat (full): [ 1, -1,  1,  1,  1, -1,  1, -1,  1,  1, -1,  1, -1,  1,  1,  1]
