2026-01-21 12:40:08,286 - final_problem_set.kxor_instance_n12_k2_m75_ell2_eps0.25_kappa1.0_rho0.2 - INFO - Starting iterate_quantum for /Users/julian/CodingProjects/UniT3/QuarticSpeedupK-XOR/z_Daphne/data/final_problem_set/kxor_instance_n12_k2_m75_ell2_eps0.25_kappa1.0_rho0.2.npz
2026-01-21 12:40:08,290 - final_problem_set.kxor_instance_n12_k2_m75_ell2_eps0.25_kappa1.0_rho0.2 - INFO - Loaded instance (n=12, m=75, k=2)
2026-01-21 12:40:08,290 - final_problem_set.kxor_instance_n12_k2_m75_ell2_eps0.25_kappa1.0_rho0.2 - INFO - Starting step 'ComputeKikuchiStep' (version 0.1) on problem kxor_instance_n12_k2_m75_ell2_eps0.25_kappa1.0_rho0.2 (fields={'ell': 2, 'threshold': 0.0})
2026-01-21 12:40:08,300 - final_problem_set.kxor_instance_n12_k2_m75_ell2_eps0.25_kappa1.0_rho0.2 - INFO - Finished step 'ComputeKikuchiStep' in 0.010s (success: True, problem=kxor_instance_n12_k2_m75_ell2_eps0.25_kappa1.0_rho0.2)
2026-01-21 12:40:08,300 - final_problem_set.kxor_instance_n12_k2_m75_ell2_eps0.25_kappa1.0_rho0.2 - INFO - Starting step 'ClassicalEigenvaluesStep' (version 0.1) on problem kxor_instance_n12_k2_m75_ell2_eps0.25_kappa1.0_rho0.2 (fields={'ell': 2, 'threshold': 0.0, 'kikuchi_matrix': <Dictionary Of Keys sparse matrix of dtype 'int64'
	with 980 stored elements and shape (66, 66)>, 'num_eigenvalues': 5})
2026-01-21 12:40:08,332 - final_problem_set.kxor_instance_n12_k2_m75_ell2_eps0.25_kappa1.0_rho0.2 - INFO - Finished step 'ClassicalEigenvaluesStep' in 0.032s (success: True, problem=kxor_instance_n12_k2_m75_ell2_eps0.25_kappa1.0_rho0.2)
2026-01-21 12:40:08,332 - final_problem_set.kxor_instance_n12_k2_m75_ell2_eps0.25_kappa1.0_rho0.2 - INFO - Starting step 'KeyExtractionStep' (version 0.1) on problem kxor_instance_n12_k2_m75_ell2_eps0.25_kappa1.0_rho0.2 (fields={'ell': 2, 'threshold': 0.0, 'kikuchi_matrix': <Dictionary Of Keys sparse matrix of dtype 'int64'
	with 980 stored elements and shape (66, 66)>, 'num_eigenvalues': 5, 'eigenvalues': array([-8.56557724, -7.11464927,  7.00312303,  7.14566126,  7.28361103]), 'eigenvectors': array([[ 9.32567087e-02,  2.41775289e-01,  1.53480880e-01, -1.48571220e-01, -5.38053652e-02],
       [ 5.98236805e-02,  1.06272074e-01,  1.92832772e-01,  8.14054978e-02,  1.12158096e-01],
       [-4.61388382e-02, -1.39088090e-01, -1.98512799e-01, -1.41939363e-01, -1.40746330e-01],
       [-5.79286236e-02, -1.97577271e-01,  1.08280968e-01,  2.70201070e-02, -1.23571860e-01],
       [-6.80837280e-03, -2.43409743e-02,  1.27284659e-01, -1.48274398e-01,  1.89413378e-01],
       [ 4.83950232e-02,  9.92938944e-02,  1.15117930e-01,  2.76533091e-01, -1.06143179e-01],
       [ 1.03738641e-01,  1.26281293e-01,  8.82697512e-02,  7.16656220e-03,  1.57632837e-01],
       [ 9.64117851e-02,  1.66445722e-01, -2.01703231e-01, -9.95377937e-02,  5.43025477e-02],
       [ 2.59565116e-02,  6.69363842e-02,  1.26865487e-01, -1.91632699e-01, -1.24031531e-01],
       [-9.69995937e-02, -1.45898630e-01,  3.14823886e-01,  3.83890602e-02, -6.19717776e-03],
       [-1.05587051e-01, -1.94440734e-01, -2.14788825e-02, -9.53198163e-02,  2.93508074e-01],
       [-1.65959632e-01,  3.54792242e-02,  2.27072358e-01, -9.80174774e-02,  2.47222831e-02],
       [ 1.71248533e-01,  1.13934222e-01, -2.43184432e-01,  2.76654573e-02, -5.93062019e-02],
       [ 2.21407251e-01,  2.29267394e-03,  2.41708069e-02,  6.38526617e-02, -5.50632719e-02],
       [ 5.01848567e-02,  1.84288733e-01,  8.12885775e-02, -8.51205044e-02,  1.29246659e-01],
       [-1.18031909e-01,  1.07758740e-01,  1.42938249e-01,  5.67774335e-02, -1.27257986e-01],
       [-1.39740950e-01,  1.61137820e-01,  9.21944863e-02, -5.13181790e-02,  7.24590302e-02],
       [-1.64652961e-01,  1.27692859e-01, -1.73023703e-01,  1.22746353e-01,  1.14233971e-01],
       [-1.94988182e-01, -1.87274400e-01, -1.26918933e-02, -8.97014050e-02, -6.06564770e-02],
       [ 1.79655188e-01, -1.61204383e-01,  2.32327970e-01, -1.63329861e-01, -7.68085994e-02],
       [ 1.75643117e-01, -1.77257444e-01,  3.03019503e-02, -1.38831821e-02,  2.11484873e-01],
       [ 1.44612927e-01,  9.43541802e-02, -4.76943174e-02, -1.47392968e-01, -1.41296832e-01],
       [ 1.56299387e-01,  2.66739954e-02,  7.87158439e-02,  8.16160303e-04, -9.94520017e-02],
       [ 3.03907044e-02,  8.29427751e-02,  9.02546322e-02, -1.27736563e-01,  1.35306844e-01],
       [-7.13081313e-02,  5.39260800e-02,  4.86490683e-03,  2.85292773e-01, -4.82720777e-03],
       [-1.02338844e-01,  6.38189296e-02, -6.65688542e-03,  2.90215303e-02,  1.31515146e-01],
       [-1.01771222e-01,  4.09031121e-02, -1.39254959e-01, -1.88106433e-01, -9.39276894e-02],
       [-7.40778003e-02, -8.65621713e-02,  2.19332571e-01, -1.40531167e-01, -4.68157290e-02],
       [ 1.03231427e-01, -4.46219906e-02,  2.22440837e-01,  1.38403946e-01,  1.38061808e-01],
       [ 1.19284603e-01, -3.88509841e-02, -6.14698152e-02, -1.20398622e-01,  1.63572784e-01],
       [-1.56702331e-01, -1.32307848e-01, -6.09721793e-02,  4.41577844e-02,  9.60229634e-02],
       [-1.69725472e-02, -7.38565692e-02, -4.72701179e-02,  1.07354027e-01, -7.07389321e-02],
       [ 1.26888642e-01,  2.63572098e-02,  1.13217060e-02, -2.12288417e-01, -1.43608116e-02],
       [ 1.41933661e-01,  3.15462819e-02,  3.71114289e-02, -3.92058668e-02, -9.63137333e-02],
       [ 1.67793223e-01,  6.44434685e-02,  1.60434783e-01,  2.63649360e-01,  1.43666643e-01],
       [ 9.53799787e-02,  1.16944273e-01, -2.18298786e-01,  8.01667806e-02,  1.83758228e-02],
       [-1.41329260e-01, -3.73911097e-02, -1.87943019e-01, -1.86131138e-01, -1.62534212e-01],
       [-1.50292795e-01, -7.60050615e-02,  7.58168910e-02,  1.14998253e-01, -9.69143830e-02],
       [-3.29430813e-02, -1.51724815e-01, -1.38101760e-02,  1.47623056e-02, -2.07723356e-02],
       [ 1.05828759e-01, -4.95177897e-02,  5.74662649e-02, -6.21237975e-02, -6.12968477e-02],
       [ 1.87271944e-01, -7.59665181e-02, -1.80521097e-03, -7.83515619e-03, -2.36751579e-02],
       [ 1.66377088e-01, -2.36353816e-02, -1.00174596e-01, -2.39702869e-02,  1.26164505e-01],
       [ 1.14901172e-01,  1.62420891e-01,  3.67089537e-03,  5.62877132e-02, -1.84681419e-02],
       [-2.15214926e-01,  7.44155656e-02,  7.50426603e-02,  1.04217792e-02, -1.46114365e-01],
       [-2.04236999e-01,  5.78922707e-02, -1.78890067e-02, -1.58458755e-04,  4.31824603e-03],
       [ 2.54787252e-02,  7.92360630e-02,  2.77357514e-02,  1.42418273e-02,  2.29985730e-02],
       [ 2.69653193e-02,  1.45824131e-01,  1.56527713e-02, -1.83562869e-02,  1.57456756e-02],
       [ 1.67848509e-02,  1.71923725e-01, -1.43626604e-01,  7.81598511e-02, -1.48663737e-01],
       [ 9.05382928e-03,  2.42311738e-02,  4.84073579e-02, -3.43231426e-02,  7.40538959e-02],
       [-5.87413135e-02, -8.52369462e-02,  9.22135517e-02, -1.54890097e-01,  1.94472382e-01],
       [-5.69214739e-02, -1.44639140e-01, -7.14443986e-03, -3.88964301e-02,  1.77575286e-02],
       [-9.49271882e-02,  1.34445481e-01, -5.69404440e-02,  6.04157901e-02,  6.42243529e-02],
       [-8.69774953e-02,  1.07571204e-01, -3.53045474e-02, -2.64413240e-01,  6.54403251e-02],
       [-5.54464744e-02, -8.88350471e-02,  1.34501208e-01, -3.15947643e-02, -1.36786253e-01],
       [ 9.30868825e-02, -9.96714020e-02,  6.32549003e-02,  2.96442235e-01, -1.01817352e-01],
       [ 1.46726839e-01, -1.91980140e-01, -4.67011332e-02, -4.06957223e-03,  9.00461429e-02],
       [-1.00176991e-01,  1.30232595e-01, -1.60024041e-02, -2.07515088e-02, -1.55243543e-01],
       [-1.30880668e-01, -1.02306852e-01,  8.50121946e-02, -4.79609066e-02,  2.04398101e-02],
       [ 1.12471246e-01, -1.62383296e-01, -1.93406766e-03,  1.07709899e-02,  1.72262759e-01],
       [ 1.10443483e-01, -1.75290662e-01,  2.59106602e-03, -1.34649835e-02,  2.90335992e-03],
       [-1.33014626e-01, -1.26706085e-01, -1.64644655e-01,  1.90010976e-01,  1.82153078e-01],
       [ 1.86148045e-01, -2.10969240e-01, -2.40932966e-01, -1.45489590e-01,  5.19425009e-02],
       [ 1.41421838e-01, -1.64641864e-01, -3.73995419e-03,  3.79681655e-02, -2.62355582e-01],
       [ 1.10369705e-01,  1.24214813e-01,  1.68667811e-01, -2.24610632e-01, -1.58994304e-01],
       [ 1.80136233e-01,  1.28921316e-01,  3.73092042e-02, -3.51472203e-04,  1.31812553e-01],
       [-1.46452348e-01,  1.79752302e-01,  6.62904021e-03, -9.09653187e-02,  3.18488502e-01]])})
2026-01-21 12:40:08,337 - final_problem_set.kxor_instance_n12_k2_m75_ell2_eps0.25_kappa1.0_rho0.2 - INFO - Running key extraction (n=12, m=75, ell=2, phase_qubits=10)
2026-01-21 12:40:08,339 - final_problem_set.kxor_instance_n12_k2_m75_ell2_eps0.25_kappa1.0_rho0.2 - INFO - Built voting matrix V (n=12, ell=2, dtype=complex128) in 0.001s
2026-01-21 12:40:10,227 - final_problem_set.kxor_instance_n12_k2_m75_ell2_eps0.25_kappa1.0_rho0.2 - INFO - Eval: adv=0.2533, hamming=4/12 (0.333), corr=0.333
2026-01-21 12:40:10,228 - final_problem_set.kxor_instance_n12_k2_m75_ell2_eps0.25_kappa1.0_rho0.2 - INFO - Key extraction complete: x_hat=11
2026-01-21 12:40:10,252 - final_problem_set.kxor_instance_n12_k2_m75_ell2_eps0.25_kappa1.0_rho0.2 - INFO - Finished step 'KeyExtractionStep' in 1.915s (success: True, problem=kxor_instance_n12_k2_m75_ell2_eps0.25_kappa1.0_rho0.2)
2026-01-21 12:40:10,252 - final_problem_set.kxor_instance_n12_k2_m75_ell2_eps0.25_kappa1.0_rho0.2 - INFO - SUCCESS: len(z_hat)=12
2026-01-21 12:40:10,252 - final_problem_set.kxor_instance_n12_k2_m75_ell2_eps0.25_kappa1.0_rho0.2 - INFO - Metrics: adv=0.25333333333333335, ham_frac=0.3333333333333333, corr=0.3333333333333333
2026-01-21 12:40:10,253 - final_problem_set.kxor_instance_n12_k2_m75_ell2_eps0.25_kappa1.0_rho0.2 - INFO - z_hat (full): [-1, -1,  1, -1, -1,  1, -1,  1,  1, -1, -1,  1]
