2026-01-21 12:57:07,044 - final_problem_set.kxor_instance_n14_k2_m118_ell2_eps0.3_kappa0.875_rho0.4 - INFO - Starting iterate_quantum for /Users/julian/CodingProjects/UniT3/QuarticSpeedupK-XOR/z_Daphne/data/final_problem_set/kxor_instance_n14_k2_m118_ell2_eps0.3_kappa0.875_rho0.4.npz
2026-01-21 12:57:07,045 - final_problem_set.kxor_instance_n14_k2_m118_ell2_eps0.3_kappa0.875_rho0.4 - INFO - Loaded instance (n=14, m=118, k=2)
2026-01-21 12:57:07,045 - final_problem_set.kxor_instance_n14_k2_m118_ell2_eps0.3_kappa0.875_rho0.4 - INFO - Starting step 'ComputeKikuchiStep' (version 0.1) on problem kxor_instance_n14_k2_m118_ell2_eps0.3_kappa0.875_rho0.4 (fields={'ell': 2, 'threshold': 0.0})
2026-01-21 12:57:07,055 - final_problem_set.kxor_instance_n14_k2_m118_ell2_eps0.3_kappa0.875_rho0.4 - INFO - Finished step 'ComputeKikuchiStep' in 0.009s (success: True, problem=kxor_instance_n14_k2_m118_ell2_eps0.3_kappa0.875_rho0.4)
2026-01-21 12:57:07,055 - final_problem_set.kxor_instance_n14_k2_m118_ell2_eps0.3_kappa0.875_rho0.4 - INFO - Starting step 'ClassicalEigenvaluesStep' (version 0.1) on problem kxor_instance_n14_k2_m118_ell2_eps0.3_kappa0.875_rho0.4 (fields={'ell': 2, 'threshold': 0.0, 'kikuchi_matrix': <Dictionary Of Keys sparse matrix of dtype 'int64'
	with 1680 stored elements and shape (91, 91)>, 'num_eigenvalues': 5})
2026-01-21 12:57:07,080 - final_problem_set.kxor_instance_n14_k2_m118_ell2_eps0.3_kappa0.875_rho0.4 - INFO - Finished step 'ClassicalEigenvaluesStep' in 0.025s (success: True, problem=kxor_instance_n14_k2_m118_ell2_eps0.3_kappa0.875_rho0.4)
2026-01-21 12:57:07,080 - final_problem_set.kxor_instance_n14_k2_m118_ell2_eps0.3_kappa0.875_rho0.4 - INFO - Starting step 'KeyExtractionStep' (version 0.1) on problem kxor_instance_n14_k2_m118_ell2_eps0.3_kappa0.875_rho0.4 (fields={'ell': 2, 'threshold': 0.0, 'kikuchi_matrix': <Dictionary Of Keys sparse matrix of dtype 'int64'
	with 1680 stored elements and shape (91, 91)>, 'num_eigenvalues': 5, 'eigenvalues': array([-9.58457512, -8.5157488 ,  8.33111615, 10.26959291, 11.17947652]), 'eigenvectors': array([[-9.54392349e-02, -4.26628463e-02,  6.25566578e-02, -9.28731683e-02, -9.99317817e-02],
       [ 1.20794133e-01, -1.21550963e-01,  1.71625376e-02,  2.22926074e-02, -1.12485324e-01],
       [ 6.40747367e-02, -1.15944843e-01,  1.59663928e-01,  8.32603551e-02, -6.59403535e-02],
       [ 1.17619748e-01, -7.85267436e-02,  2.53961242e-02, -1.44146690e-01,  2.33398110e-02],
       [-1.17543594e-01,  2.42021887e-02,  1.81011000e-01, -3.17566007e-02, -4.28088552e-02],
       [-1.57609311e-02, -1.54463672e-03,  4.46231282e-02, -3.16955259e-02, -1.59242506e-01],
       [-1.27246107e-01,  9.82698069e-02, -1.39174884e-01, -1.76300258e-02,  1.54797643e-01],
       [-2.40948559e-03,  1.20399722e-01,  1.18933034e-01, -1.57900798e-02, -1.78562755e-01],
       [-9.57188064e-02,  9.48711253e-02, -4.09623266e-02,  1.36443763e-01,  7.48798646e-02],
       [-6.97665840e-02,  1.36719367e-01,  9.15764000e-02, -6.58597587e-02, -1.64035508e-01],
       [-1.30843909e-01,  2.80973061e-02, -1.32450457e-03, -4.97201849e-02, -1.45838503e-01],
       [ 4.69511851e-02, -2.11509999e-02, -5.84616744e-02, -9.93717676e-02,  7.19829177e-02],
       [-5.16876075e-02,  7.16077972e-02, -9.90078377e-03,  1.93733870e-02,  1.57896853e-01],
       [-1.01026108e-01, -2.09082010e-01,  4.95160519e-02,  4.57006795e-02,  9.15067888e-02],
       [-1.26211914e-01, -7.06800107e-04, -1.70536300e-01, -3.86566004e-02,  8.19137069e-02],
       [-9.92358178e-02, -1.90650762e-01,  8.31116668e-04,  1.09170423e-01, -2.92602994e-02],
       [ 6.45886118e-02,  2.11965250e-01, -1.66373506e-01,  4.81183596e-02,  4.55985495e-02],
       [-6.25304325e-03,  1.04834122e-01,  7.75441148e-02,  1.29340114e-01,  1.19160756e-01],
       [ 8.03487860e-02,  2.39954760e-01,  5.48299742e-02, -7.29864101e-02, -1.36668364e-01],
       [ 5.03158301e-02, -8.72678297e-02,  5.09086754e-03,  1.08532684e-01,  1.28976834e-01],
       [ 9.90692757e-02,  1.43826662e-01, -5.62365897e-02, -1.51394582e-01, -4.44819483e-02],
       [ 1.21334738e-01,  4.72312886e-02,  3.93470310e-02,  1.34538495e-01,  1.11490492e-01],
       [ 5.33383736e-02,  1.99943297e-01,  1.33929573e-01,  1.44496397e-01,  1.22763090e-01],
       [-1.99739681e-02, -3.31678893e-02,  5.25275382e-02,  5.12094597e-02, -9.02131779e-02],
       [ 6.52259114e-02, -2.75834062e-03, -1.07433828e-01, -1.08414394e-01, -1.23146528e-01],
       [ 1.72124289e-01, -1.66777413e-01, -8.24877851e-02, -1.25118551e-01,  6.73460701e-02],
       [ 2.14020882e-01,  6.33723450e-02, -4.08585615e-02,  1.43023871e-01, -5.48693727e-03],
       [-1.75020251e-01, -1.37481548e-01, -1.40962970e-01,  1.27985261e-02,  5.85533398e-02],
       [ 7.99167350e-03, -7.77499774e-02,  1.33095816e-01, -5.65235169e-02,  1.25835951e-01],
       [-1.97121814e-01, -7.48172936e-02, -5.12113649e-02,  1.31585357e-01, -1.66584627e-01],
       [-2.71761063e-02,  2.27575533e-01,  7.59160268e-02, -6.41161628e-02,  1.32726143e-01],
       [-1.81403071e-01,  1.68927323e-02, -4.89156853e-02, -1.17912894e-01, -7.75618566e-02],
       [-1.50054037e-01,  1.28923529e-01,  8.76901172e-02, -2.05076784e-02,  1.25970176e-01],
       [-1.84489541e-01, -1.45635869e-01,  1.39481014e-01, -2.45263260e-02,  1.03610130e-01],
       [ 4.06109193e-02,  3.14758404e-02, -7.88036042e-03,  1.28751071e-01, -6.23690621e-02],
       [-1.03248861e-01,  7.58238423e-02, -1.57367097e-01,  5.65653322e-02, -1.27382072e-01],
       [ 1.29727320e-01, -1.21411617e-01, -8.70437738e-02,  7.85533310e-02,  9.48069721e-03],
       [-1.04760197e-01,  7.18976223e-02, -1.14952752e-01, -1.22535109e-03,  1.93942265e-02],
       [-1.48153522e-02,  5.00045465e-03, -1.42306718e-01, -1.50178742e-01,  1.03022028e-01],
       [-1.99599283e-01,  1.49021232e-01,  1.24390286e-01,  1.39224832e-01, -6.41607861e-02],
       [-9.02789118e-03,  7.84395752e-02, -1.54312834e-01, -1.33389516e-01,  8.11103179e-02],
       [-1.25018938e-01,  1.32419306e-01,  1.50583751e-01, -1.74467195e-02, -6.61297523e-02],
       [-6.53906377e-02,  1.16554011e-01, -1.67831386e-01, -1.08402777e-01,  8.85025405e-02],
       [-1.56126851e-01,  8.18620317e-02, -9.66777929e-02, -1.09513352e-01,  8.15388305e-02],
       [ 4.55649092e-02,  2.04788111e-03,  7.53626031e-03,  1.00213563e-01, -2.29123747e-02],
       [-2.87480843e-02,  4.30032991e-02,  9.07464791e-02,  1.33431966e-01, -9.40849961e-02],
       [-1.25038766e-01, -1.12989810e-01,  5.75472051e-03,  3.79914153e-02, -1.57395246e-03],
       [-3.07738774e-03, -6.96577434e-02, -6.83956565e-02,  2.17741085e-01, -1.52940846e-02],
       [-2.07211967e-01, -1.09112144e-01,  1.07962603e-01, -1.92489180e-01, -9.84805423e-03],
       [-7.57097505e-02,  1.69757124e-01, -6.82821618e-02,  1.97251539e-01,  6.71991869e-03],
       [-2.36236980e-01, -2.48786516e-02, -2.99201186e-02, -5.33671182e-02,  2.95001003e-02],
       [-1.37937857e-01,  8.01788944e-02, -6.51840631e-02,  1.78569141e-01, -3.27600654e-02],
       [-1.54754487e-01, -1.32833382e-01, -7.72649310e-02,  1.68605751e-01, -1.53695181e-02],
       [ 6.48262936e-02,  5.40596536e-02,  7.23383828e-02, -8.39466364e-02, -1.50310865e-02],
       [-5.50353825e-02,  6.20706265e-02,  3.97603250e-02, -1.72913042e-01, -5.01263605e-04],
       [-8.41469047e-03,  4.42190236e-02, -2.12155527e-01,  4.84787974e-02,  9.42134258e-02],
       [ 1.37101116e-01,  1.53252206e-01,  2.30275155e-01, -3.94116511e-02, -5.46223549e-02],
       [ 5.63599323e-02, -1.13859774e-01, -2.31069734e-01,  3.91568983e-02,  5.82903815e-02],
       [ 1.30259928e-01,  6.93766505e-02,  1.07664051e-01, -4.10377611e-02, -3.20687584e-02],
       [ 1.23066244e-01, -2.58475719e-02, -2.22659477e-01,  5.16633514e-02,  7.32105605e-02],
       [ 1.00497879e-01,  1.58480479e-01, -1.55688735e-01,  4.63867840e-02,  7.38759821e-02],
       [-3.82556791e-02, -5.73526119e-02,  1.00562750e-01,  1.45582396e-02, -2.99440922e-02],
       [ 6.30624441e-02, -2.75239488e-02,  1.76620609e-01, -3.26840244e-02, -6.82266367e-02],
       [-1.09554487e-02,  7.34498232e-02, -3.53658300e-02,  6.84633825e-02, -1.85654387e-01],
       [ 4.08583916e-03, -2.96574824e-02,  9.49848191e-02, -9.49849765e-03,  1.86139733e-01],
       [ 1.23427477e-02,  4.85421809e-02, -5.29524878e-02, -2.08462185e-01, -9.45241420e-02],
       [ 1.29993420e-02, -3.16420532e-04,  1.15954684e-01,  5.38374290e-02,  1.67799263e-01],
       [ 6.78794882e-03,  1.05122348e-01,  1.90808787e-01,  3.38768552e-02,  1.35218589e-01],
       [ 6.29350054e-03, -2.91151788e-02, -9.10798167e-03,  1.75293737e-01, -1.02391736e-01],
       [ 6.83248548e-03,  1.12023757e-02, -1.90413474e-01,  2.28530045e-03, -1.50521264e-01],
       [ 4.13180532e-02, -2.33969479e-01,  4.14357823e-02,  7.53546712e-02, -1.80459849e-01],
       [ 1.67345860e-01,  2.07151500e-02, -8.50426527e-02,  1.56937682e-01,  1.19952520e-01],
       [ 1.58288522e-01, -1.09557372e-01,  3.37363900e-02,  1.44300573e-02, -1.78558555e-01],
       [ 1.65024891e-01,  1.91184706e-01, -6.68552387e-02,  2.84273743e-02, -1.49429696e-01],
       [-4.22698696e-02, -3.20492648e-02, -1.67753148e-03, -1.69743278e-01,  7.08508673e-02],
       [ 1.28546657e-01, -5.78558331e-02,  5.33962690e-02, -5.95310324e-02,  1.50999185e-01],
       [ 1.03003740e-02, -1.70844821e-01,  2.21539534e-02, -1.73884230e-01, -8.70647919e-02],
       [ 3.34831222e-03, -1.27580986e-01,  2.91852260e-02,  3.70286678e-02,  1.98668428e-01],
       [ 7.36602113e-02, -1.40366750e-01,  1.14518180e-01,  1.52538919e-02,  1.44249174e-01],
       [-1.19906509e-02,  4.01334358e-02,  2.12475542e-02,  1.68841764e-01, -9.75886658e-02],
       [ 2.41949196e-02, -3.48768376e-02, -1.01804422e-01,  2.04892200e-02, -1.52147340e-01],
       [ 1.23983865e-01, -1.11272686e-01, -1.00825329e-02, -1.79972097e-01, -7.13709927e-02],
       [ 1.60979784e-01,  8.08076527e-02, -3.42719500e-02, -1.59507076e-01, -6.34137541e-02],
       [-6.27680509e-02, -1.11991326e-02, -7.24098554e-02,  1.25883359e-02,  7.13706030e-02],
       [ 1.12125054e-01, -7.41506426e-02,  2.28727922e-02,  1.52161823e-01,  6.99761081e-02],
       [ 1.75481432e-01, -2.55462893e-02,  1.21048217e-01,  5.98797830e-02,  1.27100276e-01],
       [-4.46685932e-02,  1.67459505e-04,  2.84808095e-02,  1.29956822e-01, -1.02015580e-01],
       [ 4.55294874e-02, -4.66266148e-02, -1.21936531e-01, -3.02135649e-02, -1.44652007e-01],
       [-4.47803110e-02, -5.35317280e-02, -1.94810593e-02,  1.28556555e-01, -8.00975604e-02],
       [ 7.68186354e-02, -5.38017431e-02, -1.67821835e-01, -1.24406494e-02, -1.10751681e-01],
       [-2.16411060e-02, -9.81627124e-03,  5.06263635e-04, -1.37024039e-01,  7.36269499e-02]])})
2026-01-21 12:57:07,081 - final_problem_set.kxor_instance_n14_k2_m118_ell2_eps0.3_kappa0.875_rho0.4 - INFO - Running key extraction (n=14, m=118, ell=2, phase_qubits=11)
2026-01-21 12:57:07,082 - final_problem_set.kxor_instance_n14_k2_m118_ell2_eps0.3_kappa0.875_rho0.4 - INFO - Built voting matrix V (n=14, ell=2, dtype=complex128) in 0.001s
2026-01-21 12:57:09,503 - final_problem_set.kxor_instance_n14_k2_m118_ell2_eps0.3_kappa0.875_rho0.4 - INFO - Eval: adv=0.0678, hamming=3/14 (0.214), corr=0.571
2026-01-21 12:57:09,504 - final_problem_set.kxor_instance_n14_k2_m118_ell2_eps0.3_kappa0.875_rho0.4 - INFO - Key extraction complete: x_hat=7
2026-01-21 12:57:09,531 - final_problem_set.kxor_instance_n14_k2_m118_ell2_eps0.3_kappa0.875_rho0.4 - INFO - Finished step 'KeyExtractionStep' in 2.450s (success: True, problem=kxor_instance_n14_k2_m118_ell2_eps0.3_kappa0.875_rho0.4)
2026-01-21 12:57:09,531 - final_problem_set.kxor_instance_n14_k2_m118_ell2_eps0.3_kappa0.875_rho0.4 - INFO - SUCCESS: len(z_hat)=14
2026-01-21 12:57:09,531 - final_problem_set.kxor_instance_n14_k2_m118_ell2_eps0.3_kappa0.875_rho0.4 - INFO - Metrics: adv=0.06779661016949153, ham_frac=0.21428571428571427, corr=0.5714285714285714
2026-01-21 12:57:09,531 - final_problem_set.kxor_instance_n14_k2_m118_ell2_eps0.3_kappa0.875_rho0.4 - INFO - z_hat (full): [ 1, -1, -1, -1, -1, -1, -1,  1,  1,  1,  1, -1,  1,  1]
